[2020-08-10T13:13:10.893+0300][1730.435s][info ][gc] GC(57436) Pause Young (Allocation Failure) 115M->115M(117M) 13.437ms
[2020-08-10T13:13:10.907+0300][1730.449s][info ][gc] GC(57437) Pause Young (Allocation Failure) 115M->115M(117M) 13.569ms
[2020-08-10T13:13:10.921+0300][1730.463s][info ][gc] GC(57438) Pause Young (Allocation Failure) 116M->116M(117M) 13.785ms
[2020-08-10T13:13:11.204+0300][1730.747s][debug][gc] GC(57439) Expanding ParOldGen from 118784K by 10752K to 129536K
[2020-08-10T13:13:11.205+0300][1730.747s][info ][gc] GC(57439) Pause Full (Ergonomics) 116M->115M(128M) 283.425ms
[2020-08-10T13:13:11.218+0300][1730.760s][info ][gc] GC(57440) Pause Young (Allocation Failure) 116M->116M(128M) 12.914ms
[2020-08-10T13:13:11.233+0300][1730.775s][info ][gc] GC(57441) Pause Young (Allocation Failure) 116M->116M(128M) 14.618ms
[2020-08-10T13:13:11.248+0300][1730.790s][info ][gc] GC(57442) Pause Young (Allocation Failure) 117M->117M(128M) 14.487ms
[2020-08-10T13:13:11.286+0300][1730.828s][info ][gc] GC(57443) Pause Young (Allocation Failure) 117M->117M(128M) 37.108ms
[2020-08-10T13:13:11.311+0300][1730.853s][info ][gc] GC(57444) Pause Young (Allocation Failure) 118M->118M(128M) 24.931ms
[2020-08-10T13:13:11.326+0300][1730.868s][info ][gc] GC(57445) Pause Young (Allocation Failure) 118M->118M(128M) 14.300ms
[2020-08-10T13:13:11.340+0300][1730.882s][info ][gc] GC(57446) Pause Young (Allocation Failure) 119M->119M(128M) 14.295ms
[2020-08-10T13:13:11.355+0300][1730.897s][info ][gc] GC(57447) Pause Young (Allocation Failure) 119M->119M(128M) 14.395ms
[2020-08-10T13:13:11.389+0300][1730.931s][info ][gc] GC(57448) Pause Young (Allocation Failure) 120M->120M(128M) 33.373ms
[2020-08-10T13:13:11.404+0300][1730.946s][info ][gc] GC(57449) Pause Young (Allocation Failure) 120M->120M(128M) 15.076ms
[2020-08-10T13:13:11.419+0300][1730.961s][info ][gc] GC(57450) Pause Young (Allocation Failure) 121M->121M(128M) 14.565ms
[2020-08-10T13:13:11.434+0300][1730.976s][info ][gc] GC(57451) Pause Young (Allocation Failure) 121M->121M(128M) 14.482ms
[2020-08-10T13:13:11.470+0300][1731.012s][info ][gc] GC(57452) Pause Young (Allocation Failure) 121M->121M(128M) 34.953ms
[2020-08-10T13:13:11.485+0300][1731.027s][info ][gc] GC(57453) Pause Young (Allocation Failure) 122M->122M(128M) 15.040ms
[2020-08-10T13:13:11.500+0300][1731.042s][info ][gc] GC(57454) Pause Young (Allocation Failure) 122M->122M(128M) 14.500ms
[2020-08-10T13:13:11.532+0300][1731.075s][info ][gc] GC(57455) Pause Young (Allocation Failure) 123M->123M(128M) 31.887ms
[2020-08-10T13:13:11.547+0300][1731.089s][info ][gc] GC(57456) Pause Young (Allocation Failure) 123M->123M(128M) 14.440ms
[2020-08-10T13:13:11.562+0300][1731.104s][info ][gc] GC(57457) Pause Young (Allocation Failure) 124M->124M(128M) 14.524ms
[2020-08-10T13:13:11.579+0300][1731.122s][info ][gc] GC(57458) Pause Young (Allocation Failure) 124M->124M(128M) 17.128ms
[2020-08-10T13:13:11.594+0300][1731.137s][info ][gc] GC(57459) Pause Young (Allocation Failure) 125M->125M(128M) 14.653ms
[2020-08-10T13:13:11.610+0300][1731.152s][info ][gc] GC(57460) Pause Young (Allocation Failure) 125M->125M(128M) 14.897ms
[2020-08-10T13:13:11.624+0300][1731.167s][info ][gc] GC(57461) Pause Young (Allocation Failure) 126M->126M(128M) 14.628ms
[2020-08-10T13:13:11.647+0300][1731.189s][info ][gc] GC(57462) Pause Young (Allocation Failure) 126M->126M(128M) 22.340ms
[2020-08-10T13:13:12.136+0300][1731.679s][debug][gc] GC(57463) Expanding ParOldGen from 129536K by 10752K to 140288K
[2020-08-10T13:13:12.137+0300][1731.679s][info ][gc] GC(57463) Pause Full (Ergonomics) 126M->126M(138M) 489.503ms
[2020-08-10T13:13:12.150+0300][1731.692s][info ][gc] GC(57464) Pause Young (Allocation Failure) 126M->126M(138M) 13.324ms
[2020-08-10T13:13:12.165+0300][1731.708s][info ][gc] GC(57465) Pause Young (Allocation Failure) 127M->127M(138M) 14.777ms
[2020-08-10T13:13:12.181+0300][1731.723s][info ][gc] GC(57466) Pause Young (Allocation Failure) 127M->127M(138M) 14.884ms
[2020-08-10T13:13:12.196+0300][1731.738s][info ][gc] GC(57467) Pause Young (Allocation Failure) 128M->128M(138M) 14.937ms
[2020-08-10T13:13:12.211+0300][1731.754s][info ][gc] GC(57468) Pause Young (Allocation Failure) 128M->128M(138M) 15.002ms
[2020-08-10T13:13:12.227+0300][1731.769s][info ][gc] GC(57469) Pause Young (Allocation Failure) 129M->129M(138M) 14.956ms
[2020-08-10T13:13:12.242+0300][1731.785s][info ][gc] GC(57470) Pause Young (Allocation Failure) 129M->129M(138M) 14.999ms
[2020-08-10T13:13:12.258+0300][1731.800s][info ][gc] GC(57471) Pause Young (Allocation Failure) 130M->130M(138M) 15.112ms
[2020-08-10T13:13:12.273+0300][1731.815s][info ][gc] GC(57472) Pause Young (Allocation Failure) 130M->130M(138M) 14.923ms
[2020-08-10T13:13:12.288+0300][1731.831s][info ][gc] GC(57473) Pause Young (Allocation Failure) 130M->130M(138M) 14.919ms
[2020-08-10T13:13:12.304+0300][1731.846s][info ][gc] GC(57474) Pause Young (Allocation Failure) 131M->131M(138M) 15.117ms
[2020-08-10T13:13:12.319+0300][1731.862s][info ][gc] GC(57475) Pause Young (Allocation Failure) 131M->131M(138M) 15.129ms
[2020-08-10T13:13:12.335+0300][1731.877s][info ][gc] GC(57476) Pause Young (Allocation Failure) 132M->132M(138M) 15.190ms
[2020-08-10T13:13:12.351+0300][1731.893s][info ][gc] GC(57477) Pause Young (Allocation Failure) 132M->132M(138M) 15.313ms
[2020-08-10T13:13:12.366+0300][1731.908s][info ][gc] GC(57478) Pause Young (Allocation Failure) 133M->133M(138M) 15.148ms
[2020-08-10T13:13:12.382+0300][1731.924s][info ][gc] GC(57479) Pause Young (Allocation Failure) 133M->133M(138M) 15.688ms
[2020-08-10T13:13:12.398+0300][1731.940s][info ][gc] GC(57480) Pause Young (Allocation Failure) 134M->134M(138M) 15.399ms
[2020-08-10T13:13:12.413+0300][1731.956s][info ][gc] GC(57481) Pause Young (Allocation Failure) 134M->134M(138M) 15.080ms
[2020-08-10T13:13:12.429+0300][1731.971s][info ][gc] GC(57482) Pause Young (Allocation Failure) 135M->135M(138M) 15.211ms
[2020-08-10T13:13:12.444+0300][1731.987s][info ][gc] GC(57483) Pause Young (Allocation Failure) 135M->135M(138M) 15.324ms
[2020-08-10T13:13:12.445+0300][1731.987s][debug][gc] Expanding ParOldGen from 140288K by 19968K to 160256K
[2020-08-10T13:13:12.467+0300][1732.010s][info ][gc] GC(57484) Pause Young (Allocation Failure) 155M->154M(158M) 14.689ms
[2020-08-10T13:13:12.504+0300][1732.046s][info ][gc] GC(57485) Pause Young (Allocation Failure) 155M->155M(158M) 36.373ms
[2020-08-10T13:13:12.518+0300][1732.060s][info ][gc] GC(57486) Pause Young (Allocation Failure) 155M->155M(158M) 13.229ms
[2020-08-10T13:13:12.531+0300][1732.074s][info ][gc] GC(57487) Pause Young (Allocation Failure) 156M->156M(158M) 13.079ms
[2020-08-10T13:13:12.545+0300][1732.087s][info ][gc] GC(57488) Pause Young (Allocation Failure) 156M->156M(158M) 13.247ms
[2020-08-10T13:13:12.585+0300][1732.127s][debug][gc] GC(57489) Shrinking ParOldGen from 160256K by 125952K to 34304K
[2020-08-10T13:13:12.585+0300][1732.127s][info ][gc] GC(57489) Pause Full (Ergonomics) 156M->22M(35M) 39.743ms
[2020-08-10T13:13:12.598+0300][1732.140s][info ][gc] GC(57490) Pause Young (Allocation Failure) 23M->23M(35M) 12.593ms
[2020-08-10T13:13:12.611+0300][1732.153s][info ][gc] GC(57491) Pause Young (Allocation Failure) 23M->23M(35M) 12.853ms
[2020-08-10T13:13:12.624+0300][1732.167s][info ][gc] GC(57492) Pause Young (Allocation Failure) 24M->24M(35M) 13.010ms
[2020-08-10T13:13:12.637+0300][1732.180s][info ][gc] GC(57493) Pause Young (Allocation Failure) 24M->24M(35M) 12.774ms
[2020-08-10T13:13:12.650+0300][1732.193s][info ][gc] GC(57494) Pause Young (Allocation Failure) 25M->25M(35M) 12.734ms
[2020-08-10T13:13:12.663+0300][1732.206s][info ][gc] GC(57495) Pause Young (Allocation Failure) 25M->25M(35M) 12.763ms
[2020-08-10T13:13:12.677+0300][1732.219s][info ][gc] GC(57496) Pause Young (Allocation Failure) 26M->26M(35M) 12.860ms
[2020-08-10T13:13:12.690+0300][1732.232s][info ][gc] GC(57497) Pause Young (Allocation Failure) 26M->26M(35M) 12.812ms
[2020-08-10T13:13:12.703+0300][1732.245s][info ][gc] GC(57498) Pause Young (Allocation Failure) 27M->27M(35M) 12.735ms
[2020-08-10T13:13:12.716+0300][1732.258s][info ][gc] GC(57499) Pause Young (Allocation Failure) 27M->27M(35M) 12.903ms
[2020-08-10T13:13:12.730+0300][1732.272s][info ][gc] GC(57500) Pause Young (Allocation Failure) 28M->28M(35M) 12.914ms
[2020-08-10T13:13:12.743+0300][1732.285s][info ][gc] GC(57501) Pause Young (Allocation Failure) 28M->28M(35M) 12.910ms
[2020-08-10T13:13:12.756+0300][1732.299s][info ][gc] GC(57502) Pause Young (Allocation Failure) 28M->28M(35M) 12.961ms
[2020-08-10T13:13:12.770+0300][1732.312s][info ][gc] GC(57503) Pause Young (Allocation Failure) 29M->29M(35M) 12.674ms
[2020-08-10T13:13:12.784+0300][1732.326s][info ][gc] GC(57504) Pause Young (Allocation Failure) 29M->29M(35M) 13.788ms
[2020-08-10T13:13:12.797+0300][1732.340s][info ][gc] GC(57505) Pause Young (Allocation Failure) 30M->30M(35M) 13.182ms
[2020-08-10T13:13:12.811+0300][1732.353s][info ][gc] GC(57506) Pause Young (Allocation Failure) 31M->31M(35M) 13.064ms
[2020-08-10T13:13:12.824+0300][1732.367s][info ][gc] GC(57507) Pause Young (Allocation Failure) 32M->32M(35M) 13.058ms
[2020-08-10T13:13:12.838+0300][1732.380s][info ][gc] GC(57508) Pause Young (Allocation Failure) 33M->33M(35M) 13.256ms
[2020-08-10T13:13:12.852+0300][1732.394s][info ][gc] GC(57509) Pause Young (Allocation Failure) 34M->34M(36M) 13.326ms
[2020-08-10T13:13:12.909+0300][1732.452s][debug][gc] GC(57510) Expanding ParOldGen from 34304K by 11264K to 45568K
[2020-08-10T13:13:12.910+0300][1732.452s][info ][gc] GC(57510) Pause Full (Ergonomics) 34M->33M(47M) 57.648ms
[2020-08-10T13:13:12.926+0300][1732.468s][info ][gc] GC(57511) Pause Young (Allocation Failure) 34M->34M(47M) 16.133ms
[2020-08-10T13:13:12.940+0300][1732.482s][info ][gc] GC(57512) Pause Young (Allocation Failure) 35M->35M(47M) 13.422ms
[2020-08-10T13:13:12.954+0300][1732.496s][info ][gc] GC(57513) Pause Young (Allocation Failure) 36M->36M(47M) 13.397ms
[2020-08-10T13:13:12.968+0300][1732.510s][info ][gc] GC(57514) Pause Young (Allocation Failure) 37M->37M(47M) 13.463ms
[2020-08-10T13:13:12.982+0300][1732.524s][info ][gc] GC(57515) Pause Young (Allocation Failure) 38M->38M(47M) 13.414ms
[2020-08-10T13:13:12.996+0300][1732.538s][info ][gc] GC(57516) Pause Young (Allocation Failure) 39M->39M(47M) 13.458ms
[2020-08-10T13:13:13.010+0300][1732.552s][info ][gc] GC(57517) Pause Young (Allocation Failure) 40M->40M(47M) 13.370ms
[2020-08-10T13:13:13.024+0300][1732.566s][info ][gc] GC(57518) Pause Young (Allocation Failure) 41M->41M(47M) 13.488ms
[2020-08-10T13:13:13.037+0300][1732.580s][info ][gc] GC(57519) Pause Young (Allocation Failure) 42M->42M(47M) 13.358ms
[2020-08-10T13:13:13.051+0300][1732.594s][info ][gc] GC(57520) Pause Young (Allocation Failure) 43M->43M(47M) 13.345ms
[2020-08-10T13:13:13.065+0300][1732.607s][info ][gc] GC(57521) Pause Young (Allocation Failure) 44M->44M(47M) 13.341ms
[2020-08-10T13:13:13.079+0300][1732.621s][info ][gc] GC(57522) Pause Young (Allocation Failure) 45M->44M(47M) 13.350ms
[2020-08-10T13:13:13.166+0300][1732.708s][debug][gc] GC(57523) Expanding ParOldGen from 45568K by 11776K to 57344K
[2020-08-10T13:13:13.166+0300][1732.709s][info ][gc] GC(57523) Pause Full (Ergonomics) 44M->44M(58M) 87.179ms
[2020-08-10T13:13:13.186+0300][1732.728s][info ][gc] GC(57524) Pause Young (Allocation Failure) 45M->45M(58M) 18.983ms
[2020-08-10T13:13:13.200+0300][1732.742s][info ][gc] GC(57525) Pause Young (Allocation Failure) 46M->46M(58M) 13.596ms
[2020-08-10T13:13:13.214+0300][1732.756s][info ][gc] GC(57526) Pause Young (Allocation Failure) 47M->47M(58M) 13.410ms
[2020-08-10T13:13:13.235+0300][1732.777s][info ][gc] GC(57527) Pause Young (Allocation Failure) 48M->48M(58M) 20.601ms
[2020-08-10T13:13:13.248+0300][1732.791s][info ][gc] GC(57528) Pause Young (Allocation Failure) 49M->49M(58M) 13.357ms
[2020-08-10T13:13:13.262+0300][1732.804s][info ][gc] GC(57529) Pause Young (Allocation Failure) 50M->50M(58M) 13.273ms
[2020-08-10T13:13:13.276+0300][1732.818s][info ][gc] GC(57530) Pause Young (Allocation Failure) 51M->51M(58M) 13.471ms
[2020-08-10T13:13:13.290+0300][1732.832s][info ][gc] GC(57531) Pause Young (Allocation Failure) 52M->52M(58M) 13.342ms
[2020-08-10T13:13:13.304+0300][1732.846s][info ][gc] GC(57532) Pause Young (Allocation Failure) 53M->53M(58M) 13.484ms
[2020-08-10T13:13:13.318+0300][1732.860s][info ][gc] GC(57533) Pause Young (Allocation Failure) 54M->54M(58M) 13.432ms
[2020-08-10T13:13:13.331+0300][1732.874s][info ][gc] GC(57534) Pause Young (Allocation Failure) 55M->55M(58M) 13.441ms
[2020-08-10T13:13:13.345+0300][1732.887s][info ][gc] GC(57535) Pause Young (Allocation Failure) 56M->56M(58M) 13.325ms
[2020-08-10T13:13:13.461+0300][1733.004s][debug][gc] GC(57536) Expanding ParOldGen from 57344K by 11264K to 68608K
[2020-08-10T13:13:13.462+0300][1733.004s][info ][gc] GC(57536) Pause Full (Ergonomics) 56M->56M(69M) 116.400ms
[2020-08-10T13:13:13.484+0300][1733.027s][info ][gc] GC(57537) Pause Young (Allocation Failure) 57M->56M(69M) 22.169ms
[2020-08-10T13:13:13.498+0300][1733.041s][info ][gc] GC(57538) Pause Young (Allocation Failure) 57M->57M(69M) 13.665ms
[2020-08-10T13:13:13.512+0300][1733.055s][info ][gc] GC(57539) Pause Young (Allocation Failure) 58M->58M(69M) 13.497ms
[2020-08-10T13:13:13.526+0300][1733.069s][info ][gc] GC(57540) Pause Young (Allocation Failure) 59M->59M(69M) 13.554ms
[2020-08-10T13:13:13.540+0300][1733.083s][info ][gc] GC(57541) Pause Young (Allocation Failure) 60M->60M(69M) 13.505ms
[2020-08-10T13:13:13.554+0300][1733.096s][info ][gc] GC(57542) Pause Young (Allocation Failure) 61M->61M(69M) 13.345ms
[2020-08-10T13:13:13.568+0300][1733.110s][info ][gc] GC(57543) Pause Young (Allocation Failure) 62M->62M(69M) 13.522ms
[2020-08-10T13:13:13.582+0300][1733.125s][info ][gc] GC(57544) Pause Young (Allocation Failure) 63M->63M(69M) 13.679ms
[2020-08-10T13:13:13.596+0300][1733.139s][info ][gc] GC(57545) Pause Young (Allocation Failure) 64M->64M(69M) 13.763ms
[2020-08-10T13:13:13.611+0300][1733.153s][info ][gc] GC(57546) Pause Young (Allocation Failure) 65M->65M(69M) 13.651ms
[2020-08-10T13:13:13.625+0300][1733.167s][info ][gc] GC(57547) Pause Young (Allocation Failure) 66M->66M(69M) 13.706ms
[2020-08-10T13:13:13.639+0300][1733.182s][info ][gc] GC(57548) Pause Young (Allocation Failure) 67M->67M(69M) 13.697ms
[2020-08-10T13:13:13.790+0300][1733.333s][debug][gc] GC(57549) Expanding ParOldGen from 68608K by 11264K to 79872K
[2020-08-10T13:13:13.791+0300][1733.333s][info ][gc] GC(57549) Pause Full (Ergonomics) 67M->67M(80M) 151.190ms
[2020-08-10T13:13:13.818+0300][1733.360s][info ][gc] GC(57550) Pause Young (Allocation Failure) 68M->68M(80M) 26.872ms
[2020-08-10T13:13:13.832+0300][1733.375s][info ][gc] GC(57551) Pause Young (Allocation Failure) 69M->68M(80M) 13.789ms
[2020-08-10T13:13:13.847+0300][1733.389s][info ][gc] GC(57552) Pause Young (Allocation Failure) 69M->69M(80M) 13.625ms
[2020-08-10T13:13:13.861+0300][1733.404s][info ][gc] GC(57553) Pause Young (Allocation Failure) 70M->70M(80M) 13.788ms
[2020-08-10T13:13:13.875+0300][1733.418s][info ][gc] GC(57554) Pause Young (Allocation Failure) 71M->71M(80M) 13.710ms
[2020-08-10T13:13:13.890+0300][1733.432s][info ][gc] GC(57555) Pause Young (Allocation Failure) 72M->72M(80M) 13.677ms
[2020-08-10T13:13:13.904+0300][1733.446s][info ][gc] GC(57556) Pause Young (Allocation Failure) 73M->73M(80M) 13.866ms
[2020-08-10T13:13:13.918+0300][1733.461s][info ][gc] GC(57557) Pause Young (Allocation Failure) 74M->74M(79M) 13.766ms
[2020-08-10T13:13:13.932+0300][1733.475s][info ][gc] GC(57558) Pause Young (Allocation Failure) 75M->75M(80M) 13.574ms
[2020-08-10T13:13:13.947+0300][1733.489s][info ][gc] GC(57559) Pause Young (Allocation Failure) 76M->76M(80M) 13.711ms
[2020-08-10T13:13:13.961+0300][1733.503s][info ][gc] GC(57560) Pause Young (Allocation Failure) 77M->77M(80M) 13.706ms
[2020-08-10T13:13:13.975+0300][1733.518s][info ][gc] GC(57561) Pause Young (Allocation Failure) 78M->78M(80M) 13.804ms
[2020-08-10T13:13:14.160+0300][1733.703s][debug][gc] GC(57562) Expanding ParOldGen from 79872K by 11776K to 91648K
[2020-08-10T13:13:14.160+0300][1733.703s][info ][gc] GC(57562) Pause Full (Ergonomics) 78M->78M(92M) 184.971ms
[2020-08-10T13:13:14.191+0300][1733.733s][info ][gc] GC(57563) Pause Young (Allocation Failure) 79M->79M(92M) 30.065ms
[2020-08-10T13:13:14.206+0300][1733.748s][info ][gc] GC(57564) Pause Young (Allocation Failure) 80M->80M(92M) 13.916ms
[2020-08-10T13:13:14.220+0300][1733.763s][info ][gc] GC(57565) Pause Young (Allocation Failure) 81M->81M(92M) 13.838ms
[2020-08-10T13:13:14.235+0300][1733.777s][info ][gc] GC(57566) Pause Young (Allocation Failure) 82M->81M(92M) 13.890ms
[2020-08-10T13:13:14.249+0300][1733.791s][info ][gc] GC(57567) Pause Young (Allocation Failure) 82M->82M(92M) 13.730ms
[2020-08-10T13:13:14.264+0300][1733.806s][info ][gc] GC(57568) Pause Young (Allocation Failure) 83M->83M(92M) 13.936ms
[2020-08-10T13:13:14.278+0300][1733.821s][info ][gc] GC(57569) Pause Young (Allocation Failure) 84M->84M(92M) 14.056ms
[2020-08-10T13:13:14.294+0300][1733.837s][info ][gc] GC(57570) Pause Young (Allocation Failure) 85M->85M(92M) 15.387ms
[2020-08-10T13:13:14.309+0300][1733.852s][info ][gc] GC(57571) Pause Young (Allocation Failure) 86M->86M(92M) 14.523ms
[2020-08-10T13:13:14.324+0300][1733.867s][info ][gc] GC(57572) Pause Young (Allocation Failure) 87M->87M(92M) 14.304ms
[2020-08-10T13:13:14.339+0300][1733.882s][info ][gc] GC(57573) Pause Young (Allocation Failure) 88M->88M(92M) 14.322ms
[2020-08-10T13:13:14.354+0300][1733.897s][info ][gc] GC(57574) Pause Young (Allocation Failure) 89M->89M(92M) 14.450ms
[2020-08-10T13:13:14.582+0300][1734.124s][debug][gc] GC(57575) Expanding ParOldGen from 91648K by 11776K to 103424K
[2020-08-10T13:13:14.582+0300][1734.124s][info ][gc] GC(57575) Pause Full (Ergonomics) 89M->89M(103M) 227.221ms
[2020-08-10T13:13:14.595+0300][1734.138s][info ][gc] GC(57576) Pause Young (Allocation Failure) 90M->90M(103M) 13.061ms
[2020-08-10T13:13:14.610+0300][1734.152s][info ][gc] GC(57577) Pause Young (Allocation Failure) 91M->91M(103M) 14.166ms
[2020-08-10T13:13:14.624+0300][1734.167s][info ][gc] GC(57578) Pause Young (Allocation Failure) 92M->92M(103M) 14.176ms
[2020-08-10T13:13:14.639+0300][1734.181s][info ][gc] GC(57579) Pause Young (Allocation Failure) 93M->93M(103M) 14.285ms
[2020-08-10T13:13:14.654+0300][1734.196s][info ][gc] GC(57580) Pause Young (Allocation Failure) 94M->94M(103M) 14.589ms
[2020-08-10T13:13:14.669+0300][1734.212s][info ][gc] GC(57581) Pause Young (Allocation Failure) 95M->95M(103M) 14.893ms
[2020-08-10T13:13:14.685+0300][1734.227s][info ][gc] GC(57582) Pause Young (Allocation Failure) 96M->96M(103M) 14.842ms
[2020-08-10T13:13:14.700+0300][1734.242s][info ][gc] GC(57583) Pause Young (Allocation Failure) 97M->97M(103M) 14.779ms
[2020-08-10T13:13:14.715+0300][1734.258s][info ][gc] GC(57584) Pause Young (Allocation Failure) 98M->98M(103M) 14.875ms
[2020-08-10T13:13:14.731+0300][1734.273s][info ][gc] GC(57585) Pause Young (Allocation Failure) 99M->98M(103M) 14.860ms
[2020-08-10T13:13:14.746+0300][1734.289s][info ][gc] GC(57586) Pause Young (Allocation Failure) 99M->99M(103M) 15.121ms
[2020-08-10T13:13:14.762+0300][1734.305s][info ][gc] GC(57587) Pause Young (Allocation Failure) 100M->100M(103M) 15.226ms
[2020-08-10T13:13:15.007+0300][1734.550s][debug][gc] GC(57588) Expanding ParOldGen from 103424K by 11264K to 114688K
[2020-08-10T13:13:15.007+0300][1734.550s][info ][gc] GC(57588) Pause Full (Ergonomics) 100M->100M(114M) 244.751ms
[2020-08-10T13:13:15.021+0300][1734.563s][info ][gc] GC(57589) Pause Young (Allocation Failure) 101M->101M(114M) 13.101ms
[2020-08-10T13:13:15.037+0300][1734.579s][info ][gc] GC(57590) Pause Young (Allocation Failure) 102M->102M(114M) 15.358ms
[2020-08-10T13:13:15.053+0300][1734.595s][info ][gc] GC(57591) Pause Young (Allocation Failure) 103M->103M(114M) 15.494ms
[2020-08-10T13:13:15.069+0300][1734.611s][info ][gc] GC(57592) Pause Young (Allocation Failure) 104M->104M(114M) 15.581ms
[2020-08-10T13:13:15.085+0300][1734.627s][info ][gc] GC(57593) Pause Young (Allocation Failure) 105M->105M(114M) 15.416ms
[2020-08-10T13:13:15.101+0300][1734.643s][info ][gc] GC(57594) Pause Young (Allocation Failure) 106M->106M(114M) 15.729ms
[2020-08-10T13:13:15.117+0300][1734.660s][info ][gc] GC(57595) Pause Young (Allocation Failure) 107M->107M(114M) 15.875ms
[2020-08-10T13:13:15.134+0300][1734.676s][info ][gc] GC(57596) Pause Young (Allocation Failure) 108M->108M(113M) 16.066ms
[2020-08-10T13:13:15.149+0300][1734.692s][info ][gc] GC(57597) Pause Young (Allocation Failure) 109M->109M(114M) 14.694ms
[2020-08-10T13:13:15.166+0300][1734.708s][info ][gc] GC(57598) Pause Young (Allocation Failure) 110M->110M(114M) 16.055ms
[2020-08-10T13:13:15.182+0300][1734.725s][info ][gc] GC(57599) Pause Young (Allocation Failure) 111M->111M(114M) 16.139ms
[2020-08-10T13:13:15.199+0300][1734.742s][info ][gc] GC(57600) Pause Young (Allocation Failure) 112M->112M(114M) 16.359ms
[2020-08-10T13:13:15.488+0300][1735.030s][debug][gc] GC(57601) Expanding ParOldGen from 114688K by 11264K to 125952K
[2020-08-10T13:13:15.488+0300][1735.030s][info ][gc] GC(57601) Pause Full (Ergonomics) 112M->112M(125M) 288.316ms
[2020-08-10T13:13:15.518+0300][1735.061s][info ][gc] GC(57602) Pause Young (Allocation Failure) 113M->112M(125M) 30.255ms
[2020-08-10T13:13:15.536+0300][1735.079s][info ][gc] GC(57603) Pause Young (Allocation Failure) 113M->113M(125M) 17.191ms
[2020-08-10T13:13:15.554+0300][1735.096s][info ][gc] GC(57604) Pause Young (Allocation Failure) 114M->114M(125M) 17.290ms
[2020-08-10T13:13:15.572+0300][1735.114s][info ][gc] GC(57605) Pause Young (Allocation Failure) 115M->115M(125M) 17.050ms
[2020-08-10T13:13:15.589+0300][1735.132s][info ][gc] GC(57606) Pause Young (Allocation Failure) 116M->116M(125M) 17.364ms
[2020-08-10T13:13:15.625+0300][1735.168s][info ][gc] GC(57607) Pause Young (Allocation Failure) 117M->117M(125M) 35.484ms
[2020-08-10T13:13:15.643+0300][1735.186s][info ][gc] GC(57608) Pause Young (Allocation Failure) 118M->118M(125M) 17.646ms
[2020-08-10T13:13:15.662+0300][1735.204s][info ][gc] GC(57609) Pause Young (Allocation Failure) 119M->119M(125M) 18.107ms
[2020-08-10T13:13:15.680+0300][1735.223s][info ][gc] GC(57610) Pause Young (Allocation Failure) 120M->120M(125M) 17.647ms
[2020-08-10T13:13:15.698+0300][1735.241s][info ][gc] GC(57611) Pause Young (Allocation Failure) 121M->121M(125M) 17.550ms
[2020-08-10T13:13:15.744+0300][1735.286s][info ][gc] GC(57612) Pause Young (Allocation Failure) 122M->122M(125M) 45.011ms
[2020-08-10T13:13:15.775+0300][1735.318s][info ][gc] GC(57613) Pause Young (Allocation Failure) 123M->123M(125M) 31.497ms
[2020-08-10T13:13:16.099+0300][1735.641s][debug][gc] GC(57614) Expanding ParOldGen from 125952K by 11776K to 137728K
[2020-08-10T13:13:16.099+0300][1735.641s][info ][gc] GC(57614) Pause Full (Ergonomics) 123M->123M(137M) 322.979ms
[2020-08-10T13:13:16.131+0300][1735.674s][info ][gc] GC(57615) Pause Young (Allocation Failure) 124M->124M(137M) 32.027ms
[2020-08-10T13:13:16.149+0300][1735.692s][info ][gc] GC(57616) Pause Young (Allocation Failure) 125M->125M(137M) 17.693ms
[2020-08-10T13:13:16.168+0300][1735.710s][info ][gc] GC(57617) Pause Young (Allocation Failure) 126M->126M(137M) 18.015ms
[2020-08-10T13:13:16.187+0300][1735.729s][info ][gc] GC(57618) Pause Young (Allocation Failure) 127M->127M(137M) 18.157ms
[2020-08-10T13:13:16.205+0300][1735.748s][info ][gc] GC(57619) Pause Young (Allocation Failure) 128M->128M(137M) 18.271ms
[2020-08-10T13:13:16.224+0300][1735.767s][info ][gc] GC(57620) Pause Young (Allocation Failure) 129M->129M(137M) 18.274ms
[2020-08-10T13:13:16.243+0300][1735.785s][info ][gc] GC(57621) Pause Young (Allocation Failure) 130M->130M(137M) 18.431ms
[2020-08-10T13:13:16.262+0300][1735.804s][info ][gc] GC(57622) Pause Young (Allocation Failure) 131M->130M(137M) 18.456ms
[2020-08-10T13:13:16.281+0300][1735.823s][info ][gc] GC(57623) Pause Young (Allocation Failure) 131M->131M(137M) 18.220ms
[2020-08-10T13:13:16.299+0300][1735.842s][info ][gc] GC(57624) Pause Young (Allocation Failure) 132M->132M(137M) 18.273ms
[2020-08-10T13:13:16.320+0300][1735.862s][info ][gc] GC(57625) Pause Young (Allocation Failure) 133M->133M(137M) 19.964ms
[2020-08-10T13:13:16.339+0300][1735.881s][info ][gc] GC(57626) Pause Young (Allocation Failure) 134M->134M(137M) 18.560ms
[2020-08-10T13:13:16.691+0300][1736.234s][debug][gc] GC(57627) Expanding ParOldGen from 137728K by 11264K to 148992K
[2020-08-10T13:13:16.691+0300][1736.234s][info ][gc] GC(57627) Pause Full (Ergonomics) 134M->134M(148M) 352.280ms
[2020-08-10T13:13:16.725+0300][1736.268s][info ][gc] GC(57628) Pause Young (Allocation Failure) 135M->135M(148M) 33.814ms
[2020-08-10T13:13:16.726+0300][1736.268s][debug][gc] Expanding ParOldGen from 148992K by 19968K to 168960K
[2020-08-10T13:13:16.750+0300][1736.292s][info ][gc] GC(57629) Pause Young (Allocation Failure) 155M->155M(167M) 15.849ms
[2020-08-10T13:13:16.764+0300][1736.307s][info ][gc] GC(57630) Pause Young (Allocation Failure) 156M->156M(167M) 14.599ms
[2020-08-10T13:13:16.779+0300][1736.322s][info ][gc] GC(57631) Pause Young (Allocation Failure) 157M->157M(167M) 14.558ms
[2020-08-10T13:13:16.794+0300][1736.336s][info ][gc] GC(57632) Pause Young (Allocation Failure) 158M->158M(167M) 13.853ms
[2020-08-10T13:13:16.808+0300][1736.351s][info ][gc] GC(57633) Pause Young (Allocation Failure) 159M->159M(167M) 13.912ms
[2020-08-10T13:13:16.822+0300][1736.365s][info ][gc] GC(57634) Pause Young (Allocation Failure) 160M->160M(167M) 13.809ms
[2020-08-10T13:13:16.837+0300][1736.379s][info ][gc] GC(57635) Pause Young (Allocation Failure) 161M->161M(167M) 13.854ms
[2020-08-10T13:13:16.851+0300][1736.393s][info ][gc] GC(57636) Pause Young (Allocation Failure) 162M->162M(167M) 13.749ms
[2020-08-10T13:13:16.865+0300][1736.408s][info ][gc] GC(57637) Pause Young (Allocation Failure) 163M->163M(167M) 13.872ms
[2020-08-10T13:13:16.879+0300][1736.422s][info ][gc] GC(57638) Pause Young (Allocation Failure) 164M->164M(167M) 13.801ms
[2020-08-10T13:13:16.894+0300][1736.436s][info ][gc] GC(57639) Pause Young (Allocation Failure) 165M->165M(167M) 13.884ms
[2020-08-10T13:13:17.018+0300][1736.560s][debug][gc] GC(57640) Shrinking ParOldGen from 168960K by 124928K to 44032K
[2020-08-10T13:13:17.018+0300][1736.560s][info ][gc] GC(57640) Pause Full (Ergonomics) 165M->31M(45M) 124.210ms
[2020-08-10T13:13:17.034+0300][1736.576s][info ][gc] GC(57641) Pause Young (Allocation Failure) 32M->32M(45M) 15.045ms
[2020-08-10T13:13:17.057+0300][1736.600s][info ][gc] GC(57642) Pause Young (Allocation Failure) 33M->33M(45M) 22.792ms
[2020-08-10T13:13:17.075+0300][1736.618s][info ][gc] GC(57643) Pause Young (Allocation Failure) 34M->34M(45M) 17.601ms
[2020-08-10T13:13:17.090+0300][1736.632s][info ][gc] GC(57644) Pause Young (Allocation Failure) 35M->35M(45M) 13.542ms
[2020-08-10T13:13:17.103+0300][1736.646s][info ][gc] GC(57645) Pause Young (Allocation Failure) 36M->36M(45M) 13.402ms
[2020-08-10T13:13:17.118+0300][1736.660s][info ][gc] GC(57646) Pause Young (Allocation Failure) 37M->37M(45M) 13.431ms
[2020-08-10T13:13:17.132+0300][1736.674s][info ][gc] GC(57647) Pause Young (Allocation Failure) 38M->38M(45M) 13.525ms
[2020-08-10T13:13:17.146+0300][1736.688s][info ][gc] GC(57648) Pause Young (Allocation Failure) 39M->39M(45M) 13.586ms
[2020-08-10T13:13:17.160+0300][1736.702s][info ][gc] GC(57649) Pause Young (Allocation Failure) 40M->40M(45M) 13.421ms
[2020-08-10T13:13:17.174+0300][1736.716s][info ][gc] GC(57650) Pause Young (Allocation Failure) 41M->40M(45M) 13.513ms
[2020-08-10T13:13:17.188+0300][1736.730s][info ][gc] GC(57651) Pause Young (Allocation Failure) 41M->41M(45M) 13.512ms
[2020-08-10T13:13:17.202+0300][1736.744s][info ][gc] GC(57652) Pause Young (Allocation Failure) 42M->42M(45M) 13.502ms
[2020-08-10T13:13:17.286+0300][1736.829s][debug][gc] GC(57653) Expanding ParOldGen from 44032K by 11264K to 55296K
[2020-08-10T13:13:17.286+0300][1736.829s][info ][gc] GC(57653) Pause Full (Ergonomics) 42M->42M(56M) 84.485ms
[2020-08-10T13:13:17.305+0300][1736.848s][info ][gc] GC(57654) Pause Young (Allocation Failure) 43M->43M(56M) 18.566ms
[2020-08-10T13:13:17.319+0300][1736.862s][info ][gc] GC(57655) Pause Young (Allocation Failure) 44M->44M(56M) 13.505ms
[2020-08-10T13:13:17.333+0300][1736.876s][info ][gc] GC(57656) Pause Young (Allocation Failure) 45M->45M(56M) 13.526ms
[2020-08-10T13:13:17.347+0300][1736.889s][info ][gc] GC(57657) Pause Young (Allocation Failure) 46M->46M(56M) 13.298ms
[2020-08-10T13:13:17.361+0300][1736.903s][info ][gc] GC(57658) Pause Young (Allocation Failure) 47M->47M(56M) 13.309ms
[2020-08-10T13:13:17.374+0300][1736.917s][info ][gc] GC(57659) Pause Young (Allocation Failure) 48M->48M(56M) 13.268ms
[2020-08-10T13:13:17.388+0300][1736.931s][info ][gc] GC(57660) Pause Young (Allocation Failure) 49M->49M(56M) 13.561ms
[2020-08-10T13:13:17.402+0300][1736.945s][info ][gc] GC(57661) Pause Young (Allocation Failure) 50M->50M(56M) 13.477ms
[2020-08-10T13:13:17.416+0300][1736.959s][info ][gc] GC(57662) Pause Young (Allocation Failure) 51M->51M(56M) 13.572ms
[2020-08-10T13:13:17.430+0300][1736.973s][info ][gc] GC(57663) Pause Young (Allocation Failure) 52M->52M(56M) 13.371ms
[2020-08-10T13:13:17.444+0300][1736.987s][info ][gc] GC(57664) Pause Young (Allocation Failure) 53M->53M(56M) 13.415ms
[2020-08-10T13:13:17.458+0300][1737.001s][info ][gc] GC(57665) Pause Young (Allocation Failure) 54M->54M(56M) 13.735ms
[2020-08-10T13:13:17.577+0300][1737.120s][debug][gc] GC(57666) Expanding ParOldGen from 55296K by 11264K to 66560K
[2020-08-10T13:13:17.577+0300][1737.120s][info ][gc] GC(57666) Pause Full (Ergonomics) 54M->54M(67M) 118.632ms
[2020-08-10T13:13:17.600+0300][1737.143s][info ][gc] GC(57667) Pause Young (Allocation Failure) 55M->55M(67M) 22.595ms
[2020-08-10T13:13:17.614+0300][1737.157s][info ][gc] GC(57668) Pause Young (Allocation Failure) 56M->55M(67M) 13.821ms
[2020-08-10T13:13:17.629+0300][1737.171s][info ][gc] GC(57669) Pause Young (Allocation Failure) 56M->56M(67M) 13.762ms
[2020-08-10T13:13:17.643+0300][1737.185s][info ][gc] GC(57670) Pause Young (Allocation Failure) 57M->57M(67M) 13.691ms
[2020-08-10T13:13:17.657+0300][1737.200s][info ][gc] GC(57671) Pause Young (Allocation Failure) 58M->58M(67M) 13.842ms
[2020-08-10T13:13:17.671+0300][1737.214s][info ][gc] GC(57672) Pause Young (Allocation Failure) 59M->59M(67M) 13.726ms
[2020-08-10T13:13:17.685+0300][1737.228s][info ][gc] GC(57673) Pause Young (Allocation Failure) 60M->60M(67M) 13.664ms
[2020-08-10T13:13:17.700+0300][1737.242s][info ][gc] GC(57674) Pause Young (Allocation Failure) 61M->61M(67M) 13.615ms
[2020-08-10T13:13:17.714+0300][1737.257s][info ][gc] GC(57675) Pause Young (Allocation Failure) 62M->62M(67M) 13.703ms
[2020-08-10T13:13:17.728+0300][1737.271s][info ][gc] GC(57676) Pause Young (Allocation Failure) 63M->63M(67M) 13.594ms
[2020-08-10T13:13:17.742+0300][1737.285s][info ][gc] GC(57677) Pause Young (Allocation Failure) 64M->64M(67M) 13.619ms
[2020-08-10T13:13:17.757+0300][1737.299s][info ][gc] GC(57678) Pause Young (Allocation Failure) 65M->65M(67M) 13.433ms
[2020-08-10T13:13:17.895+0300][1737.438s][debug][gc] GC(57679) Expanding ParOldGen from 66560K by 11776K to 78336K
[2020-08-10T13:13:17.895+0300][1737.438s][info ][gc] GC(57679) Pause Full (Ergonomics) 65M->65M(78M) 138.251ms
[2020-08-10T13:13:17.923+0300][1737.465s][info ][gc] GC(57680) Pause Young (Allocation Failure) 66M->66M(78M) 27.374ms
[2020-08-10T13:13:17.937+0300][1737.479s][info ][gc] GC(57681) Pause Young (Allocation Failure) 67M->67M(78M) 13.451ms
[2020-08-10T13:13:17.951+0300][1737.493s][info ][gc] GC(57682) Pause Young (Allocation Failure) 68M->68M(78M) 13.650ms
[2020-08-10T13:13:17.965+0300][1737.508s][info ][gc] GC(57683) Pause Young (Allocation Failure) 69M->69M(78M) 13.958ms
[2020-08-10T13:13:17.980+0300][1737.522s][info ][gc] GC(57684) Pause Young (Allocation Failure) 70M->70M(78M) 13.759ms
[2020-08-10T13:13:17.994+0300][1737.537s][info ][gc] GC(57685) Pause Young (Allocation Failure) 71M->71M(78M) 13.776ms
[2020-08-10T13:13:18.008+0300][1737.551s][info ][gc] GC(57686) Pause Young (Allocation Failure) 72M->72M(78M) 13.719ms
[2020-08-10T13:13:18.023+0300][1737.565s][info ][gc] GC(57687) Pause Young (Allocation Failure) 73M->72M(78M) 13.777ms
[2020-08-10T13:13:18.037+0300][1737.579s][info ][gc] GC(57688) Pause Young (Allocation Failure) 73M->73M(78M) 13.719ms
[2020-08-10T13:13:18.051+0300][1737.593s][info ][gc] GC(57689) Pause Young (Allocation Failure) 74M->74M(78M) 13.688ms
[2020-08-10T13:13:18.065+0300][1737.608s][info ][gc] GC(57690) Pause Young (Allocation Failure) 75M->75M(78M) 13.858ms
[2020-08-10T13:13:18.080+0300][1737.622s][info ][gc] GC(57691) Pause Young (Allocation Failure) 76M->76M(78M) 13.849ms
[2020-08-10T13:13:18.261+0300][1737.804s][debug][gc] GC(57692) Expanding ParOldGen from 78336K by 11264K to 89600K
[2020-08-10T13:13:18.262+0300][1737.804s][info ][gc] GC(57692) Pause Full (Ergonomics) 76M->76M(89M) 181.613ms
[2020-08-10T13:13:18.292+0300][1737.834s][info ][gc] GC(57693) Pause Young (Allocation Failure) 77M->77M(89M) 29.676ms
[2020-08-10T13:13:18.306+0300][1737.849s][info ][gc] GC(57694) Pause Young (Allocation Failure) 78M->78M(89M) 13.825ms
[2020-08-10T13:13:18.331+0300][1737.873s][info ][gc] GC(57695) Pause Young (Allocation Failure) 79M->79M(89M) 24.112ms
[2020-08-10T13:13:18.345+0300][1737.888s][info ][gc] GC(57696) Pause Young (Allocation Failure) 80M->80M(89M) 14.003ms
[2020-08-10T13:13:18.360+0300][1737.902s][info ][gc] GC(57697) Pause Young (Allocation Failure) 81M->81M(89M) 13.843ms
[2020-08-10T13:13:18.374+0300][1737.916s][info ][gc] GC(57698) Pause Young (Allocation Failure) 82M->82M(89M) 13.740ms
[2020-08-10T13:13:18.388+0300][1737.931s][info ][gc] GC(57699) Pause Young (Allocation Failure) 83M->83M(89M) 13.863ms
[2020-08-10T13:13:18.403+0300][1737.945s][info ][gc] GC(57700) Pause Young (Allocation Failure) 84M->84M(89M) 14.018ms
[2020-08-10T13:13:18.417+0300][1737.960s][info ][gc] GC(57701) Pause Young (Allocation Failure) 85M->85M(89M) 14.086ms
[2020-08-10T13:13:18.432+0300][1737.975s][info ][gc] GC(57702) Pause Young (Allocation Failure) 86M->86M(90M) 14.217ms
[2020-08-10T13:13:18.447+0300][1737.989s][info ][gc] GC(57703) Pause Young (Allocation Failure) 87M->87M(90M) 14.147ms
[2020-08-10T13:13:18.462+0300][1738.004s][info ][gc] GC(57704) Pause Young (Allocation Failure) 88M->88M(90M) 14.516ms
[2020-08-10T13:13:18.691+0300][1738.234s][debug][gc] GC(57705) Expanding ParOldGen from 89600K by 11776K to 101376K
[2020-08-10T13:13:18.691+0300][1738.234s][info ][gc] GC(57705) Pause Full (Ergonomics) 88M->87M(101M) 229.562ms
[2020-08-10T13:13:18.724+0300][1738.267s][info ][gc] GC(57706) Pause Young (Allocation Failure) 88M->88M(101M) 31.873ms
[2020-08-10T13:13:18.739+0300][1738.281s][info ][gc] GC(57707) Pause Young (Allocation Failure) 89M->89M(101M) 14.423ms
[2020-08-10T13:13:18.754+0300][1738.297s][info ][gc] GC(57708) Pause Young (Allocation Failure) 90M->90M(101M) 14.714ms
[2020-08-10T13:13:18.769+0300][1738.312s][info ][gc] GC(57709) Pause Young (Allocation Failure) 91M->91M(100M) 14.565ms
[2020-08-10T13:13:18.784+0300][1738.326s][info ][gc] GC(57710) Pause Young (Allocation Failure) 92M->92M(101M) 13.767ms
[2020-08-10T13:13:18.798+0300][1738.340s][info ][gc] GC(57711) Pause Young (Allocation Failure) 92M->92M(101M) 13.349ms
[2020-08-10T13:13:18.811+0300][1738.354s][info ][gc] GC(57712) Pause Young (Allocation Failure) 93M->93M(101M) 13.399ms
[2020-08-10T13:13:18.825+0300][1738.368s][info ][gc] GC(57713) Pause Young (Allocation Failure) 93M->93M(101M) 13.492ms
[2020-08-10T13:13:18.839+0300][1738.382s][info ][gc] GC(57714) Pause Young (Allocation Failure) 94M->93M(101M) 13.423ms
[2020-08-10T13:13:18.853+0300][1738.395s][info ][gc] GC(57715) Pause Young (Allocation Failure) 94M->94M(101M) 13.352ms
[2020-08-10T13:13:18.867+0300][1738.409s][info ][gc] GC(57716) Pause Young (Allocation Failure) 94M->94M(101M) 13.386ms
[2020-08-10T13:13:18.880+0300][1738.423s][info ][gc] GC(57717) Pause Young (Allocation Failure) 95M->95M(101M) 13.440ms
[2020-08-10T13:13:18.894+0300][1738.437s][info ][gc] GC(57718) Pause Young (Allocation Failure) 95M->95M(101M) 13.291ms
[2020-08-10T13:13:18.908+0300][1738.451s][info ][gc] GC(57719) Pause Young (Allocation Failure) 96M->96M(101M) 13.418ms
[2020-08-10T13:13:18.922+0300][1738.464s][info ][gc] GC(57720) Pause Young (Allocation Failure) 96M->96M(101M) 13.268ms
[2020-08-10T13:13:18.935+0300][1738.478s][info ][gc] GC(57721) Pause Young (Allocation Failure) 97M->97M(101M) 13.432ms
[2020-08-10T13:13:18.949+0300][1738.492s][info ][gc] GC(57722) Pause Young (Allocation Failure) 97M->97M(101M) 13.413ms
[2020-08-10T13:13:18.963+0300][1738.506s][info ][gc] GC(57723) Pause Young (Allocation Failure) 98M->98M(101M) 13.404ms
[2020-08-10T13:13:18.977+0300][1738.520s][info ][gc] GC(57724) Pause Young (Allocation Failure) 98M->98M(101M) 13.409ms
[2020-08-10T13:13:19.218+0300][1738.761s][debug][gc] GC(57725) Expanding ParOldGen from 101376K by 10752K to 112128K
[2020-08-10T13:13:19.218+0300][1738.761s][info ][gc] GC(57725) Pause Full (Ergonomics) 98M->98M(111M) 241.259ms
[2020-08-10T13:13:19.232+0300][1738.774s][info ][gc] GC(57726) Pause Young (Allocation Failure) 98M->98M(111M) 12.922ms
[2020-08-10T13:13:19.246+0300][1738.788s][info ][gc] GC(57727) Pause Young (Allocation Failure) 99M->99M(110M) 13.348ms
[2020-08-10T13:13:19.259+0300][1738.802s][info ][gc] GC(57728) Pause Young (Allocation Failure) 99M->99M(111M) 13.160ms
[2020-08-10T13:13:19.273+0300][1738.815s][info ][gc] GC(57729) Pause Young (Allocation Failure) 100M->100M(111M) 13.156ms
[2020-08-10T13:13:19.286+0300][1738.829s][info ][gc] GC(57730) Pause Young (Allocation Failure) 100M->100M(111M) 13.163ms
[2020-08-10T13:13:19.300+0300][1738.843s][info ][gc] GC(57731) Pause Young (Allocation Failure) 101M->101M(111M) 13.049ms
[2020-08-10T13:13:19.314+0300][1738.856s][info ][gc] GC(57732) Pause Young (Allocation Failure) 101M->101M(111M) 13.139ms
[2020-08-10T13:13:19.327+0300][1738.870s][info ][gc] GC(57733) Pause Young (Allocation Failure) 102M->102M(111M) 13.239ms
[2020-08-10T13:13:19.341+0300][1738.884s][info ][gc] GC(57734) Pause Young (Allocation Failure) 102M->102M(111M) 13.153ms
[2020-08-10T13:13:19.355+0300][1738.897s][info ][gc] GC(57735) Pause Young (Allocation Failure) 103M->103M(111M) 13.175ms
[2020-08-10T13:13:19.368+0300][1738.911s][info ][gc] GC(57736) Pause Young (Allocation Failure) 103M->103M(111M) 13.144ms
[2020-08-10T13:13:19.382+0300][1738.924s][info ][gc] GC(57737) Pause Young (Allocation Failure) 103M->103M(111M) 13.174ms
[2020-08-10T13:13:19.395+0300][1738.938s][info ][gc] GC(57738) Pause Young (Allocation Failure) 104M->104M(111M) 13.187ms
[2020-08-10T13:13:19.409+0300][1738.951s][info ][gc] GC(57739) Pause Young (Allocation Failure) 104M->104M(111M) 13.041ms
[2020-08-10T13:13:19.422+0300][1738.965s][info ][gc] GC(57740) Pause Young (Allocation Failure) 105M->105M(111M) 13.010ms
[2020-08-10T13:13:19.436+0300][1738.978s][info ][gc] GC(57741) Pause Young (Allocation Failure) 105M->105M(111M) 13.191ms
[2020-08-10T13:13:19.449+0300][1738.992s][info ][gc] GC(57742) Pause Young (Allocation Failure) 106M->106M(111M) 13.062ms
[2020-08-10T13:13:19.463+0300][1739.005s][info ][gc] GC(57743) Pause Young (Allocation Failure) 106M->106M(111M) 13.011ms
[2020-08-10T13:13:19.476+0300][1739.019s][info ][gc] GC(57744) Pause Young (Allocation Failure) 107M->107M(111M) 13.230ms
[2020-08-10T13:13:19.490+0300][1739.032s][info ][gc] GC(57745) Pause Young (Allocation Failure) 107M->107M(111M) 12.975ms
[2020-08-10T13:13:19.503+0300][1739.046s][info ][gc] GC(57746) Pause Young (Allocation Failure) 108M->108M(111M) 13.050ms
[2020-08-10T13:13:19.516+0300][1739.059s][info ][gc] GC(57747) Pause Young (Allocation Failure) 108M->108M(111M) 12.989ms
[2020-08-10T13:13:19.530+0300][1739.072s][info ][gc] GC(57748) Pause Young (Allocation Failure) 109M->109M(111M) 12.972ms
[2020-08-10T13:13:19.543+0300][1739.086s][info ][gc] GC(57749) Pause Young (Allocation Failure) 109M->109M(111M) 12.987ms
[2020-08-10T13:13:19.860+0300][1739.401s][debug][gc] GC(57750) Expanding ParOldGen from 112128K by 10752K to 122880K
[2020-08-10T13:13:19.860+0300][1739.401s][info ][gc] GC(57750) Pause Full (Ergonomics) 109M->109M(121M) 315.615ms
[2020-08-10T13:13:19.873+0300][1739.415s][info ][gc] GC(57751) Pause Young (Allocation Failure) 109M->109M(121M) 13.013ms
[2020-08-10T13:13:19.887+0300][1739.428s][info ][gc] GC(57752) Pause Young (Allocation Failure) 110M->110M(121M) 13.220ms
[2020-08-10T13:13:19.900+0300][1739.442s][info ][gc] GC(57753) Pause Young (Allocation Failure) 110M->110M(121M) 13.275ms
[2020-08-10T13:13:19.914+0300][1739.456s][info ][gc] GC(57754) Pause Young (Allocation Failure) 111M->111M(121M) 13.485ms
[2020-08-10T13:13:19.928+0300][1739.470s][info ][gc] GC(57755) Pause Young (Allocation Failure) 111M->111M(121M) 13.469ms
[2020-08-10T13:13:19.942+0300][1739.483s][info ][gc] GC(57756) Pause Young (Allocation Failure) 112M->112M(121M) 13.112ms
[2020-08-10T13:13:19.956+0300][1739.497s][info ][gc] GC(57757) Pause Young (Allocation Failure) 112M->112M(121M) 13.641ms
[2020-08-10T13:13:19.970+0300][1739.511s][info ][gc] GC(57758) Pause Young (Allocation Failure) 113M->113M(121M) 13.597ms
[2020-08-10T13:13:19.984+0300][1739.526s][info ][gc] GC(57759) Pause Young (Allocation Failure) 113M->113M(121M) 13.870ms
[2020-08-10T13:13:19.998+0300][1739.540s][info ][gc] GC(57760) Pause Young (Allocation Failure) 113M->113M(121M) 13.559ms
[2020-08-10T13:13:20.012+0300][1739.554s][info ][gc] GC(57761) Pause Young (Allocation Failure) 114M->114M(121M) 13.576ms
[2020-08-10T13:13:20.026+0300][1739.568s][info ][gc] GC(57762) Pause Young (Allocation Failure) 114M->114M(121M) 13.632ms
[2020-08-10T13:13:20.040+0300][1739.582s][info ][gc] GC(57763) Pause Young (Allocation Failure) 115M->115M(121M) 13.597ms
[2020-08-10T13:13:20.054+0300][1739.596s][info ][gc] GC(57764) Pause Young (Allocation Failure) 115M->115M(121M) 13.602ms
[2020-08-10T13:13:20.068+0300][1739.610s][info ][gc] GC(57765) Pause Young (Allocation Failure) 116M->116M(121M) 13.740ms
[2020-08-10T13:13:20.083+0300][1739.624s][info ][gc] GC(57766) Pause Young (Allocation Failure) 116M->116M(121M) 13.736ms
[2020-08-10T13:13:20.097+0300][1739.638s][info ][gc] GC(57767) Pause Young (Allocation Failure) 117M->117M(121M) 13.775ms
[2020-08-10T13:13:20.116+0300][1739.658s][info ][gc] GC(57768) Pause Young (Allocation Failure) 117M->117M(121M) 19.060ms
[2020-08-10T13:13:20.130+0300][1739.672s][info ][gc] GC(57769) Pause Young (Allocation Failure) 118M->118M(121M) 13.747ms
[2020-08-10T13:13:20.144+0300][1739.686s][info ][gc] GC(57770) Pause Young (Allocation Failure) 118M->118M(121M) 13.831ms
[2020-08-10T13:13:20.159+0300][1739.700s][info ][gc] GC(57771) Pause Young (Allocation Failure) 119M->118M(121M) 13.710ms
[2020-08-10T13:13:20.173+0300][1739.715s][info ][gc] GC(57772) Pause Young (Allocation Failure) 119M->119M(121M) 13.906ms
[2020-08-10T13:13:20.187+0300][1739.729s][info ][gc] GC(57773) Pause Young (Allocation Failure) 119M->119M(121M) 13.958ms
[2020-08-10T13:13:20.202+0300][1739.744s][info ][gc] GC(57774) Pause Young (Allocation Failure) 120M->120M(121M) 14.310ms
[2020-08-10T13:13:20.513+0300][1740.055s][debug][gc] GC(57775) Expanding ParOldGen from 122880K by 10752K to 133632K
[2020-08-10T13:13:20.513+0300][1740.055s][info ][gc] GC(57775) Pause Full (Ergonomics) 120M->120M(132M) 311.381ms
[2020-08-10T13:13:20.545+0300][1740.086s][info ][gc] GC(57776) Pause Young (Allocation Failure) 120M->120M(132M) 30.704ms
[2020-08-10T13:13:20.582+0300][1740.124s][info ][gc] GC(57777) Pause Young (Allocation Failure) 121M->121M(132M) 37.435ms
[2020-08-10T13:13:20.598+0300][1740.140s][info ][gc] GC(57778) Pause Young (Allocation Failure) 121M->121M(132M) 15.372ms
[2020-08-10T13:13:20.614+0300][1740.155s][info ][gc] GC(57779) Pause Young (Allocation Failure) 122M->122M(132M) 15.119ms
[2020-08-10T13:13:20.650+0300][1740.192s][info ][gc] GC(57780) Pause Young (Allocation Failure) 122M->122M(132M) 36.071ms
[2020-08-10T13:13:20.666+0300][1740.207s][info ][gc] GC(57781) Pause Young (Allocation Failure) 122M->122M(132M) 15.106ms
[2020-08-10T13:13:20.681+0300][1740.223s][info ][gc] GC(57782) Pause Young (Allocation Failure) 123M->123M(132M) 15.022ms
[2020-08-10T13:13:20.696+0300][1740.238s][info ][gc] GC(57783) Pause Young (Allocation Failure) 123M->123M(132M) 14.930ms
[2020-08-10T13:13:20.730+0300][1740.272s][info ][gc] GC(57784) Pause Young (Allocation Failure) 124M->124M(132M) 33.543ms
[2020-08-10T13:13:20.746+0300][1740.288s][info ][gc] GC(57785) Pause Young (Allocation Failure) 124M->124M(132M) 15.021ms
[2020-08-10T13:13:20.762+0300][1740.303s][info ][gc] GC(57786) Pause Young (Allocation Failure) 125M->125M(132M) 15.089ms
[2020-08-10T13:13:20.777+0300][1740.319s][info ][gc] GC(57787) Pause Young (Allocation Failure) 125M->125M(132M) 14.914ms
[2020-08-10T13:13:20.792+0300][1740.334s][info ][gc] GC(57788) Pause Young (Allocation Failure) 126M->126M(132M) 14.968ms
[2020-08-10T13:13:20.808+0300][1740.349s][info ][gc] GC(57789) Pause Young (Allocation Failure) 126M->126M(132M) 15.009ms
[2020-08-10T13:13:20.823+0300][1740.365s][info ][gc] GC(57790) Pause Young (Allocation Failure) 127M->127M(132M) 14.838ms
[2020-08-10T13:13:20.861+0300][1740.403s][info ][gc] GC(57791) Pause Young (Allocation Failure) 127M->127M(132M) 37.786ms
[2020-08-10T13:13:20.877+0300][1740.419s][info ][gc] GC(57792) Pause Young (Allocation Failure) 128M->127M(132M) 15.530ms
[2020-08-10T13:13:20.900+0300][1740.442s][info ][gc] GC(57793) Pause Young (Allocation Failure) 128M->128M(132M) 22.654ms
[2020-08-10T13:13:20.916+0300][1740.458s][info ][gc] GC(57794) Pause Young (Allocation Failure) 128M->128M(132M) 15.784ms
[2020-08-10T13:13:20.932+0300][1740.473s][info ][gc] GC(57795) Pause Young (Allocation Failure) 129M->129M(132M) 15.203ms
[2020-08-10T13:13:20.953+0300][1740.495s][info ][gc] GC(57796) Pause Young (Allocation Failure) 129M->129M(132M) 21.330ms
[2020-08-10T13:13:20.975+0300][1740.516s][info ][gc] GC(57797) Pause Young (Allocation Failure) 130M->130M(132M) 20.954ms
[2020-08-10T13:13:20.990+0300][1740.532s][info ][gc] GC(57798) Pause Young (Allocation Failure) 130M->130M(132M) 15.247ms
[2020-08-10T13:13:21.325+0300][1740.866s][debug][gc] GC(57799) Expanding ParOldGen from 133632K by 10752K to 144384K
[2020-08-10T13:13:21.325+0300][1740.866s][info ][gc] GC(57799) Pause Full (Ergonomics) 130M->130M(142M) 334.477ms
[2020-08-10T13:13:21.339+0300][1740.881s][info ][gc] GC(57800) Pause Young (Allocation Failure) 130M->130M(142M) 14.324ms
[2020-08-10T13:13:21.355+0300][1740.897s][info ][gc] GC(57801) Pause Young (Allocation Failure) 131M->131M(142M) 14.864ms
[2020-08-10T13:13:21.370+0300][1740.912s][info ][gc] GC(57802) Pause Young (Allocation Failure) 131M->131M(142M) 15.151ms
[2020-08-10T13:13:21.386+0300][1740.928s][info ][gc] GC(57803) Pause Young (Allocation Failure) 132M->132M(142M) 15.304ms
[2020-08-10T13:13:21.402+0300][1740.943s][info ][gc] GC(57804) Pause Young (Allocation Failure) 132M->132M(142M) 15.249ms
[2020-08-10T13:13:21.417+0300][1740.959s][info ][gc] GC(57805) Pause Young (Allocation Failure) 133M->133M(142M) 14.908ms
[2020-08-10T13:13:21.432+0300][1740.974s][info ][gc] GC(57806) Pause Young (Allocation Failure) 133M->133M(142M) 15.068ms
[2020-08-10T13:13:21.448+0300][1740.990s][info ][gc] GC(57807) Pause Young (Allocation Failure) 134M->134M(142M) 15.406ms
[2020-08-10T13:13:21.464+0300][1741.006s][info ][gc] GC(57808) Pause Young (Allocation Failure) 134M->134M(142M) 15.263ms
[2020-08-10T13:13:21.479+0300][1741.021s][info ][gc] GC(57809) Pause Young (Allocation Failure) 135M->135M(142M) 15.234ms
[2020-08-10T13:13:21.495+0300][1741.037s][info ][gc] GC(57810) Pause Young (Allocation Failure) 135M->135M(142M) 15.498ms
[2020-08-10T13:13:21.495+0300][1741.037s][debug][gc] Expanding ParOldGen from 144384K by 19968K to 164352K
[2020-08-10T13:13:21.518+0300][1741.060s][info ][gc] GC(57811) Pause Young (Allocation Failure) 155M->154M(162M) 14.842ms
[2020-08-10T13:13:21.545+0300][1741.086s][info ][gc] GC(57812) Pause Young (Allocation Failure) 155M->155M(162M) 25.656ms
[2020-08-10T13:13:21.590+0300][1741.131s][info ][gc] GC(57813) Pause Young (Allocation Failure) 155M->155M(162M) 44.790ms
[2020-08-10T13:13:21.618+0300][1741.160s][info ][gc] GC(57814) Pause Young (Allocation Failure) 156M->156M(162M) 27.812ms
[2020-08-10T13:13:21.643+0300][1741.185s][info ][gc] GC(57815) Pause Young (Allocation Failure) 156M->156M(162M) 25.356ms
[2020-08-10T13:13:21.669+0300][1741.211s][info ][gc] GC(57816) Pause Young (Allocation Failure) 157M->157M(162M) 25.163ms
[2020-08-10T13:13:21.694+0300][1741.236s][info ][gc] GC(57817) Pause Young (Allocation Failure) 157M->157M(162M) 25.111ms
[2020-08-10T13:13:21.720+0300][1741.262s][info ][gc] GC(57818) Pause Young (Allocation Failure) 158M->158M(162M) 25.101ms
[2020-08-10T13:13:21.768+0300][1741.310s][info ][gc] GC(57819) Pause Young (Allocation Failure) 158M->158M(162M) 48.102ms
[2020-08-10T13:13:21.797+0300][1741.339s][info ][gc] GC(57820) Pause Young (Allocation Failure) 158M->158M(162M) 28.394ms
[2020-08-10T13:13:21.827+0300][1741.369s][info ][gc] GC(57821) Pause Young (Allocation Failure) 159M->159M(162M) 29.604ms
[2020-08-10T13:13:21.853+0300][1741.395s][info ][gc] GC(57822) Pause Young (Allocation Failure) 159M->159M(162M) 25.784ms
[2020-08-10T13:13:21.909+0300][1741.451s][info ][gc] GC(57823) Pause Young (Allocation Failure) 160M->160M(162M) 55.611ms
[2020-08-10T13:13:21.935+0300][1741.477s][info ][gc] GC(57824) Pause Young (Allocation Failure) 160M->160M(162M) 25.563ms
[2020-08-10T13:13:22.025+0300][1741.566s][debug][gc] GC(57825) Shrinking ParOldGen from 164352K by 125952K to 38400K
[2020-08-10T13:13:22.025+0300][1741.567s][info ][gc] GC(57825) Pause Full (Ergonomics) 160M->26M(39M) 89.139ms
[2020-08-10T13:13:22.038+0300][1741.580s][info ][gc] GC(57826) Pause Young (Allocation Failure) 27M->27M(39M) 12.754ms
[2020-08-10T13:13:22.059+0300][1741.601s][info ][gc] GC(57827) Pause Young (Allocation Failure) 27M->27M(39M) 20.412ms
[2020-08-10T13:13:22.081+0300][1741.623s][info ][gc] GC(57828) Pause Young (Allocation Failure) 28M->28M(39M) 21.874ms
[2020-08-10T13:13:22.095+0300][1741.636s][info ][gc] GC(57829) Pause Young (Allocation Failure) 28M->28M(39M) 12.918ms
[2020-08-10T13:13:22.108+0300][1741.650s][info ][gc] GC(57830) Pause Young (Allocation Failure) 29M->29M(39M) 12.942ms
[2020-08-10T13:13:22.121+0300][1741.663s][info ][gc] GC(57831) Pause Young (Allocation Failure) 29M->29M(39M) 12.853ms
[2020-08-10T13:13:22.135+0300][1741.677s][info ][gc] GC(57832) Pause Young (Allocation Failure) 30M->30M(39M) 12.982ms
[2020-08-10T13:13:22.148+0300][1741.690s][info ][gc] GC(57833) Pause Young (Allocation Failure) 30M->30M(39M) 12.953ms
[2020-08-10T13:13:22.167+0300][1741.708s][info ][gc] GC(57834) Pause Young (Allocation Failure) 31M->31M(39M) 12.961ms
[2020-08-10T13:13:22.180+0300][1741.722s][info ][gc] GC(57835) Pause Young (Allocation Failure) 31M->31M(39M) 13.033ms
[2020-08-10T13:13:22.193+0300][1741.735s][info ][gc] GC(57836) Pause Young (Allocation Failure) 32M->31M(39M) 12.872ms
[2020-08-10T13:13:22.207+0300][1741.749s][info ][gc] GC(57837) Pause Young (Allocation Failure) 32M->32M(39M) 12.934ms
[2020-08-10T13:13:22.220+0300][1741.762s][info ][gc] GC(57838) Pause Young (Allocation Failure) 32M->32M(39M) 12.990ms
[2020-08-10T13:13:22.234+0300][1741.776s][info ][gc] GC(57839) Pause Young (Allocation Failure) 33M->33M(39M) 12.821ms
[2020-08-10T13:13:22.247+0300][1741.789s][info ][gc] GC(57840) Pause Young (Allocation Failure) 33M->33M(39M) 12.955ms
[2020-08-10T13:13:22.260+0300][1741.802s][info ][gc] GC(57841) Pause Young (Allocation Failure) 34M->34M(39M) 12.730ms
[2020-08-10T13:13:22.274+0300][1741.815s][info ][gc] GC(57842) Pause Young (Allocation Failure) 34M->34M(39M) 13.020ms
[2020-08-10T13:13:22.287+0300][1741.829s][info ][gc] GC(57843) Pause Young (Allocation Failure) 35M->35M(39M) 13.070ms
[2020-08-10T13:13:22.301+0300][1741.842s][info ][gc] GC(57844) Pause Young (Allocation Failure) 35M->35M(39M) 12.913ms
[2020-08-10T13:13:22.314+0300][1741.856s][info ][gc] GC(57845) Pause Young (Allocation Failure) 36M->36M(39M) 13.041ms
[2020-08-10T13:13:22.328+0300][1741.869s][info ][gc] GC(57846) Pause Young (Allocation Failure) 37M->37M(39M) 13.002ms
[2020-08-10T13:13:22.341+0300][1741.883s][info ][gc] GC(57847) Pause Young (Allocation Failure) 38M->38M(39M) 13.363ms
[2020-08-10T13:13:22.441+0300][1741.983s][debug][gc] GC(57848) Expanding ParOldGen from 38400K by 11264K to 49664K
[2020-08-10T13:13:22.441+0300][1741.983s][info ][gc] GC(57848) Pause Full (Ergonomics) 38M->38M(50M) 99.492ms
[2020-08-10T13:13:22.458+0300][1742.000s][info ][gc] GC(57849) Pause Young (Allocation Failure) 39M->39M(51M) 17.230ms
[2020-08-10T13:13:22.472+0300][1742.014s][info ][gc] GC(57850) Pause Young (Allocation Failure) 40M->40M(51M) 13.377ms
[2020-08-10T13:13:22.486+0300][1742.028s][info ][gc] GC(57851) Pause Young (Allocation Failure) 41M->41M(51M) 13.217ms
[2020-08-10T13:13:22.499+0300][1742.041s][info ][gc] GC(57852) Pause Young (Allocation Failure) 42M->41M(51M) 13.205ms
[2020-08-10T13:13:22.513+0300][1742.055s][info ][gc] GC(57853) Pause Young (Allocation Failure) 42M->42M(51M) 13.319ms
[2020-08-10T13:13:22.527+0300][1742.069s][info ][gc] GC(57854) Pause Young (Allocation Failure) 43M->43M(51M) 13.309ms
[2020-08-10T13:13:22.541+0300][1742.083s][info ][gc] GC(57855) Pause Young (Allocation Failure) 44M->44M(51M) 13.426ms
[2020-08-10T13:13:22.555+0300][1742.096s][info ][gc] GC(57856) Pause Young (Allocation Failure) 45M->45M(51M) 13.282ms
[2020-08-10T13:13:22.568+0300][1742.110s][info ][gc] GC(57857) Pause Young (Allocation Failure) 46M->46M(51M) 13.391ms
[2020-08-10T13:13:22.590+0300][1742.132s][info ][gc] GC(57858) Pause Young (Allocation Failure) 47M->47M(51M) 20.752ms
[2020-08-10T13:13:22.604+0300][1742.146s][info ][gc] GC(57859) Pause Young (Allocation Failure) 48M->48M(51M) 13.642ms
[2020-08-10T13:13:22.703+0300][1742.244s][debug][gc] GC(57860) Expanding ParOldGen from 49664K by 11776K to 61440K
[2020-08-10T13:13:22.703+0300][1742.244s][info ][gc] GC(57860) Pause Full (Ergonomics) 48M->48M(62M) 98.461ms
[2020-08-10T13:13:22.716+0300][1742.258s][info ][gc] GC(57861) Pause Young (Allocation Failure) 49M->49M(62M) 12.867ms
[2020-08-10T13:13:22.730+0300][1742.272s][info ][gc] GC(57862) Pause Young (Allocation Failure) 50M->50M(62M) 13.322ms
[2020-08-10T13:13:22.743+0300][1742.285s][info ][gc] GC(57863) Pause Young (Allocation Failure) 51M->51M(62M) 13.183ms
[2020-08-10T13:13:22.757+0300][1742.299s][info ][gc] GC(57864) Pause Young (Allocation Failure) 52M->52M(62M) 13.303ms
[2020-08-10T13:13:22.771+0300][1742.313s][info ][gc] GC(57865) Pause Young (Allocation Failure) 53M->53M(62M) 13.189ms
[2020-08-10T13:13:22.784+0300][1742.326s][info ][gc] GC(57866) Pause Young (Allocation Failure) 54M->53M(62M) 13.257ms
[2020-08-10T13:13:22.798+0300][1742.340s][info ][gc] GC(57867) Pause Young (Allocation Failure) 54M->54M(62M) 13.275ms
[2020-08-10T13:13:22.812+0300][1742.353s][info ][gc] GC(57868) Pause Young (Allocation Failure) 55M->55M(62M) 13.243ms
[2020-08-10T13:13:22.825+0300][1742.367s][info ][gc] GC(57869) Pause Young (Allocation Failure) 56M->56M(62M) 13.467ms
[2020-08-10T13:13:22.839+0300][1742.381s][info ][gc] GC(57870) Pause Young (Allocation Failure) 57M->57M(62M) 13.503ms
[2020-08-10T13:13:22.853+0300][1742.395s][info ][gc] GC(57871) Pause Young (Allocation Failure) 58M->58M(62M) 13.486ms
[2020-08-10T13:13:22.868+0300][1742.409s][info ][gc] GC(57872) Pause Young (Allocation Failure) 59M->59M(62M) 13.571ms
[2020-08-10T13:13:22.882+0300][1742.423s][info ][gc] GC(57873) Pause Young (Allocation Failure) 60M->60M(62M) 13.526ms
[2020-08-10T13:13:23.027+0300][1742.569s][debug][gc] GC(57874) Expanding ParOldGen from 61440K by 11776K to 73216K
[2020-08-10T13:13:23.028+0300][1742.569s][info ][gc] GC(57874) Pause Full (Ergonomics) 60M->60M(74M) 145.691ms
[2020-08-10T13:13:23.052+0300][1742.594s][info ][gc] GC(57875) Pause Young (Allocation Failure) 61M->61M(74M) 23.904ms
[2020-08-10T13:13:23.066+0300][1742.608s][info ][gc] GC(57876) Pause Young (Allocation Failure) 62M->62M(74M) 13.509ms
[2020-08-10T13:13:23.080+0300][1742.621s][info ][gc] GC(57877) Pause Young (Allocation Failure) 63M->63M(74M) 13.355ms
[2020-08-10T13:13:23.093+0300][1742.635s][info ][gc] GC(57878) Pause Young (Allocation Failure) 64M->64M(74M) 13.452ms
[2020-08-10T13:13:23.107+0300][1742.649s][info ][gc] GC(57879) Pause Young (Allocation Failure) 65M->64M(74M) 13.678ms
[2020-08-10T13:13:23.122+0300][1742.664s][info ][gc] GC(57880) Pause Young (Allocation Failure) 65M->65M(74M) 13.667ms
[2020-08-10T13:13:23.136+0300][1742.678s][info ][gc] GC(57881) Pause Young (Allocation Failure) 66M->66M(74M) 13.753ms
[2020-08-10T13:13:23.150+0300][1742.692s][info ][gc] GC(57882) Pause Young (Allocation Failure) 67M->67M(74M) 13.725ms
[2020-08-10T13:13:23.165+0300][1742.706s][info ][gc] GC(57883) Pause Young (Allocation Failure) 68M->68M(74M) 13.759ms
[2020-08-10T13:13:23.179+0300][1742.721s][info ][gc] GC(57884) Pause Young (Allocation Failure) 69M->69M(74M) 13.716ms
[2020-08-10T13:13:23.193+0300][1742.735s][info ][gc] GC(57885) Pause Young (Allocation Failure) 70M->70M(74M) 13.673ms
[2020-08-10T13:13:23.207+0300][1742.749s][info ][gc] GC(57886) Pause Young (Allocation Failure) 71M->71M(74M) 13.583ms
[2020-08-10T13:13:23.372+0300][1742.914s][debug][gc] GC(57887) Expanding ParOldGen from 73216K by 11264K to 84480K
[2020-08-10T13:13:23.372+0300][1742.914s][info ][gc] GC(57887) Pause Full (Ergonomics) 71M->71M(85M) 164.697ms
[2020-08-10T13:13:23.386+0300][1742.927s][info ][gc] GC(57888) Pause Young (Allocation Failure) 72M->72M(85M) 13.127ms
[2020-08-10T13:13:23.400+0300][1742.941s][info ][gc] GC(57889) Pause Young (Allocation Failure) 73M->73M(85M) 13.582ms
[2020-08-10T13:13:23.414+0300][1742.955s][info ][gc] GC(57890) Pause Young (Allocation Failure) 74M->74M(85M) 13.551ms
[2020-08-10T13:13:23.428+0300][1742.969s][info ][gc] GC(57891) Pause Young (Allocation Failure) 75M->75M(85M) 13.588ms
[2020-08-10T13:13:23.442+0300][1742.984s][info ][gc] GC(57892) Pause Young (Allocation Failure) 76M->76M(85M) 13.616ms
[2020-08-10T13:13:23.456+0300][1742.998s][info ][gc] GC(57893) Pause Young (Allocation Failure) 77M->77M(85M) 13.530ms
[2020-08-10T13:13:23.470+0300][1743.012s][info ][gc] GC(57894) Pause Young (Allocation Failure) 78M->78M(85M) 13.705ms
[2020-08-10T13:13:23.484+0300][1743.026s][info ][gc] GC(57895) Pause Young (Allocation Failure) 79M->78M(85M) 13.644ms
[2020-08-10T13:13:23.498+0300][1743.040s][info ][gc] GC(57896) Pause Young (Allocation Failure) 79M->79M(85M) 13.588ms
[2020-08-10T13:13:23.513+0300][1743.054s][info ][gc] GC(57897) Pause Young (Allocation Failure) 80M->80M(85M) 13.662ms
[2020-08-10T13:13:23.527+0300][1743.069s][info ][gc] GC(57898) Pause Young (Allocation Failure) 81M->81M(85M) 13.671ms
[2020-08-10T13:13:23.541+0300][1743.083s][info ][gc] GC(57899) Pause Young (Allocation Failure) 82M->82M(85M) 13.556ms
[2020-08-10T13:13:23.764+0300][1743.306s][debug][gc] GC(57900) Expanding ParOldGen from 84480K by 11264K to 95744K
[2020-08-10T13:13:23.765+0300][1743.306s][info ][gc] GC(57900) Pause Full (Ergonomics) 82M->82M(96M) 223.542ms
[2020-08-10T13:13:23.798+0300][1743.340s][info ][gc] GC(57901) Pause Young (Allocation Failure) 83M->83M(96M) 33.136ms
[2020-08-10T13:13:23.813+0300][1743.355s][info ][gc] GC(57902) Pause Young (Allocation Failure) 84M->84M(96M) 14.144ms
[2020-08-10T13:13:23.828+0300][1743.370s][info ][gc] GC(57903) Pause Young (Allocation Failure) 85M->85M(96M) 14.050ms
[2020-08-10T13:13:23.842+0300][1743.384s][info ][gc] GC(57904) Pause Young (Allocation Failure) 86M->86M(96M) 14.243ms
[2020-08-10T13:13:23.857+0300][1743.399s][info ][gc] GC(57905) Pause Young (Allocation Failure) 87M->87M(96M) 14.124ms
[2020-08-10T13:13:23.872+0300][1743.414s][info ][gc] GC(57906) Pause Young (Allocation Failure) 88M->88M(96M) 14.103ms
[2020-08-10T13:13:23.886+0300][1743.428s][info ][gc] GC(57907) Pause Young (Allocation Failure) 89M->89M(96M) 14.329ms
[2020-08-10T13:13:23.901+0300][1743.443s][info ][gc] GC(57908) Pause Young (Allocation Failure) 90M->90M(96M) 14.498ms
[2020-08-10T13:13:23.917+0300][1743.459s][info ][gc] GC(57909) Pause Young (Allocation Failure) 91M->91M(96M) 14.584ms
[2020-08-10T13:13:23.932+0300][1743.474s][info ][gc] GC(57910) Pause Young (Allocation Failure) 92M->92M(96M) 14.791ms
[2020-08-10T13:13:23.947+0300][1743.489s][info ][gc] GC(57911) Pause Young (Allocation Failure) 93M->93M(96M) 14.555ms
[2020-08-10T13:13:23.962+0300][1743.504s][info ][gc] GC(57912) Pause Young (Allocation Failure) 94M->94M(96M) 14.929ms
[2020-08-10T13:13:24.183+0300][1743.725s][debug][gc] GC(57913) Expanding ParOldGen from 95744K by 11776K to 107520K
[2020-08-10T13:13:24.184+0300][1743.726s][info ][gc] GC(57913) Pause Full (Ergonomics) 94M->93M(107M) 221.026ms
[2020-08-10T13:13:24.217+0300][1743.759s][info ][gc] GC(57914) Pause Young (Allocation Failure) 94M->94M(107M) 33.322ms
[2020-08-10T13:13:24.233+0300][1743.775s][info ][gc] GC(57915) Pause Young (Allocation Failure) 95M->95M(107M) 15.039ms
[2020-08-10T13:13:24.249+0300][1743.790s][info ][gc] GC(57916) Pause Young (Allocation Failure) 96M->96M(107M) 14.915ms
[2020-08-10T13:13:24.264+0300][1743.806s][info ][gc] GC(57917) Pause Young (Allocation Failure) 97M->97M(107M) 15.085ms
[2020-08-10T13:13:24.280+0300][1743.822s][info ][gc] GC(57918) Pause Young (Allocation Failure) 98M->98M(107M) 15.546ms
[2020-08-10T13:13:24.297+0300][1743.839s][info ][gc] GC(57919) Pause Young (Allocation Failure) 99M->99M(107M) 15.726ms
[2020-08-10T13:13:24.313+0300][1743.855s][info ][gc] GC(57920) Pause Young (Allocation Failure) 100M->100M(106M) 15.838ms
[2020-08-10T13:13:24.328+0300][1743.870s][info ][gc] GC(57921) Pause Young (Allocation Failure) 101M->101M(107M) 14.294ms
[2020-08-10T13:13:24.344+0300][1743.886s][info ][gc] GC(57922) Pause Young (Allocation Failure) 102M->102M(107M) 15.452ms
[2020-08-10T13:13:24.360+0300][1743.902s][info ][gc] GC(57923) Pause Young (Allocation Failure) 103M->103M(107M) 15.897ms
[2020-08-10T13:13:24.377+0300][1743.919s][info ][gc] GC(57924) Pause Young (Allocation Failure) 104M->104M(107M) 16.176ms
[2020-08-10T13:13:24.393+0300][1743.935s][info ][gc] GC(57925) Pause Young (Allocation Failure) 105M->105M(107M) 16.015ms
[2020-08-10T13:13:24.735+0300][1744.277s][debug][gc] GC(57926) Expanding ParOldGen from 107520K by 11264K to 118784K
[2020-08-10T13:13:24.735+0300][1744.277s][info ][gc] GC(57926) Pause Full (Ergonomics) 105M->105M(118M) 341.402ms
[2020-08-10T13:13:24.773+0300][1744.315s][info ][gc] GC(57927) Pause Young (Allocation Failure) 106M->106M(118M) 37.077ms
[2020-08-10T13:13:24.790+0300][1744.332s][info ][gc] GC(57928) Pause Young (Allocation Failure) 107M->107M(118M) 16.873ms
[2020-08-10T13:13:24.807+0300][1744.349s][info ][gc] GC(57929) Pause Young (Allocation Failure) 108M->108M(118M) 16.744ms
[2020-08-10T13:13:24.824+0300][1744.366s][info ][gc] GC(57930) Pause Young (Allocation Failure) 109M->108M(118M) 16.556ms
[2020-08-10T13:13:24.842+0300][1744.384s][info ][gc] GC(57931) Pause Young (Allocation Failure) 109M->109M(118M) 16.972ms
[2020-08-10T13:13:24.860+0300][1744.401s][info ][gc] GC(57932) Pause Young (Allocation Failure) 110M->110M(118M) 17.094ms
[2020-08-10T13:13:24.877+0300][1744.419s][info ][gc] GC(57933) Pause Young (Allocation Failure) 111M->111M(118M) 17.306ms
[2020-08-10T13:13:24.895+0300][1744.437s][info ][gc] GC(57934) Pause Young (Allocation Failure) 112M->112M(118M) 16.817ms
[2020-08-10T13:13:24.913+0300][1744.455s][info ][gc] GC(57935) Pause Young (Allocation Failure) 113M->113M(118M) 17.521ms
[2020-08-10T13:13:24.930+0300][1744.472s][info ][gc] GC(57936) Pause Young (Allocation Failure) 114M->114M(118M) 17.009ms
[2020-08-10T13:13:24.948+0300][1744.490s][info ][gc] GC(57937) Pause Young (Allocation Failure) 115M->115M(118M) 17.208ms
[2020-08-10T13:13:24.966+0300][1744.508s][info ][gc] GC(57938) Pause Young (Allocation Failure) 116M->116M(118M) 17.576ms
[2020-08-10T13:13:25.273+0300][1744.815s][debug][gc] GC(57939) Expanding ParOldGen from 118784K by 11264K to 130048K
[2020-08-10T13:13:25.273+0300][1744.815s][info ][gc] GC(57939) Pause Full (Ergonomics) 116M->116M(129M) 306.940ms
[2020-08-10T13:13:25.307+0300][1744.849s][info ][gc] GC(57940) Pause Young (Allocation Failure) 117M->117M(129M) 33.189ms
[2020-08-10T13:13:25.325+0300][1744.867s][info ][gc] GC(57941) Pause Young (Allocation Failure) 118M->118M(129M) 17.804ms
[2020-08-10T13:13:25.344+0300][1744.886s][info ][gc] GC(57942) Pause Young (Allocation Failure) 119M->119M(129M) 18.156ms
[2020-08-10T13:13:25.363+0300][1744.905s][info ][gc] GC(57943) Pause Young (Allocation Failure) 120M->120M(129M) 18.382ms
[2020-08-10T13:13:25.381+0300][1744.923s][info ][gc] GC(57944) Pause Young (Allocation Failure) 121M->121M(129M) 17.696ms
[2020-08-10T13:13:25.400+0300][1744.942s][info ][gc] GC(57945) Pause Young (Allocation Failure) 122M->122M(129M) 18.223ms
[2020-08-10T13:13:25.419+0300][1744.961s][info ][gc] GC(57946) Pause Young (Allocation Failure) 123M->123M(129M) 18.550ms
[2020-08-10T13:13:25.437+0300][1744.979s][info ][gc] GC(57947) Pause Young (Allocation Failure) 124M->124M(129M) 18.020ms
[2020-08-10T13:13:25.457+0300][1744.999s][info ][gc] GC(57948) Pause Young (Allocation Failure) 125M->125M(129M) 18.705ms
[2020-08-10T13:13:25.476+0300][1745.018s][info ][gc] GC(57949) Pause Young (Allocation Failure) 126M->125M(129M) 18.747ms
[2020-08-10T13:13:25.495+0300][1745.037s][info ][gc] GC(57950) Pause Young (Allocation Failure) 126M->126M(129M) 18.258ms
[2020-08-10T13:13:25.831+0300][1745.373s][debug][gc] GC(57951) Expanding ParOldGen from 130048K by 11264K to 141312K
[2020-08-10T13:13:25.831+0300][1745.373s][info ][gc] GC(57951) Pause Full (Ergonomics) 126M->126M(140M) 335.910ms
[2020-08-10T13:13:25.846+0300][1745.388s][info ][gc] GC(57952) Pause Young (Allocation Failure) 127M->127M(140M) 15.221ms
[2020-08-10T13:13:25.865+0300][1745.407s][info ][gc] GC(57953) Pause Young (Allocation Failure) 128M->128M(140M) 18.346ms
[2020-08-10T13:13:25.885+0300][1745.427s][info ][gc] GC(57954) Pause Young (Allocation Failure) 129M->129M(140M) 19.251ms
[2020-08-10T13:13:25.904+0300][1745.446s][info ][gc] GC(57955) Pause Young (Allocation Failure) 130M->130M(140M) 18.525ms
[2020-08-10T13:13:25.924+0300][1745.466s][info ][gc] GC(57956) Pause Young (Allocation Failure) 131M->131M(140M) 18.846ms
[2020-08-10T13:13:25.943+0300][1745.485s][info ][gc] GC(57957) Pause Young (Allocation Failure) 132M->132M(140M) 19.217ms
[2020-08-10T13:13:25.963+0300][1745.505s][info ][gc] GC(57958) Pause Young (Allocation Failure) 133M->133M(140M) 18.982ms
[2020-08-10T13:13:25.983+0300][1745.525s][info ][gc] GC(57959) Pause Young (Allocation Failure) 134M->134M(140M) 19.042ms
[2020-08-10T13:13:26.002+0300][1745.544s][info ][gc] GC(57960) Pause Young (Allocation Failure) 135M->135M(140M) 19.041ms
[2020-08-10T13:13:26.002+0300][1745.544s][debug][gc] Expanding ParOldGen from 141312K by 19968K to 161280K
[2020-08-10T13:13:26.069+0300][1745.611s][info ][gc] GC(57961) Pause Young (Allocation Failure) 155M->155M(160M) 58.817ms
[2020-08-10T13:13:26.100+0300][1745.642s][info ][gc] GC(57962) Pause Young (Allocation Failure) 156M->156M(160M) 30.707ms
[2020-08-10T13:13:26.128+0300][1745.670s][info ][gc] GC(57963) Pause Young (Allocation Failure) 157M->157M(160M) 26.852ms
[2020-08-10T13:13:26.155+0300][1745.697s][info ][gc] GC(57964) Pause Young (Allocation Failure) 158M->158M(160M) 26.801ms
[2020-08-10T13:13:26.208+0300][1745.750s][debug][gc] GC(57965) Shrinking ParOldGen from 161280K by 124416K to 36864K
[2020-08-10T13:13:26.208+0300][1745.750s][info ][gc] GC(57965) Pause Full (Ergonomics) 158M->24M(38M) 52.667ms
[2020-08-10T13:13:26.221+0300][1745.763s][info ][gc] GC(57966) Pause Young (Allocation Failure) 25M->25M(38M) 13.309ms
[2020-08-10T13:13:26.236+0300][1745.778s][info ][gc] GC(57967) Pause Young (Allocation Failure) 26M->26M(38M) 13.733ms
[2020-08-10T13:13:26.250+0300][1745.792s][info ][gc] GC(57968) Pause Young (Allocation Failure) 27M->27M(38M) 13.699ms
[2020-08-10T13:13:26.264+0300][1745.806s][info ][gc] GC(57969) Pause Young (Allocation Failure) 28M->28M(38M) 13.899ms
[2020-08-10T13:13:26.278+0300][1745.820s][info ][gc] GC(57970) Pause Young (Allocation Failure) 29M->29M(38M) 13.827ms
[2020-08-10T13:13:26.292+0300][1745.834s][info ][gc] GC(57971) Pause Young (Allocation Failure) 30M->30M(38M) 13.669ms
[2020-08-10T13:13:26.307+0300][1745.849s][info ][gc] GC(57972) Pause Young (Allocation Failure) 31M->31M(38M) 13.810ms
[2020-08-10T13:13:26.321+0300][1745.863s][info ][gc] GC(57973) Pause Young (Allocation Failure) 32M->32M(38M) 13.691ms
[2020-08-10T13:13:26.335+0300][1745.877s][info ][gc] GC(57974) Pause Young (Allocation Failure) 33M->33M(38M) 13.702ms
[2020-08-10T13:13:26.349+0300][1745.891s][info ][gc] GC(57975) Pause Young (Allocation Failure) 34M->34M(38M) 13.714ms
[2020-08-10T13:13:26.364+0300][1745.906s][info ][gc] GC(57976) Pause Young (Allocation Failure) 35M->35M(38M) 13.770ms
[2020-08-10T13:13:26.378+0300][1745.920s][info ][gc] GC(57977) Pause Young (Allocation Failure) 36M->36M(38M) 13.934ms
[2020-08-10T13:13:26.440+0300][1745.982s][debug][gc] GC(57978) Expanding ParOldGen from 36864K by 11264K to 48128K
[2020-08-10T13:13:26.441+0300][1745.983s][info ][gc] GC(57978) Pause Full (Ergonomics) 36M->35M(49M) 62.508ms
[2020-08-10T13:13:26.455+0300][1745.997s][info ][gc] GC(57979) Pause Young (Allocation Failure) 36M->36M(49M) 13.494ms
[2020-08-10T13:13:26.469+0300][1746.011s][info ][gc] GC(57980) Pause Young (Allocation Failure) 37M->37M(49M) 14.036ms
[2020-08-10T13:13:26.484+0300][1746.026s][info ][gc] GC(57981) Pause Young (Allocation Failure) 38M->38M(49M) 13.840ms
[2020-08-10T13:13:26.498+0300][1746.040s][info ][gc] GC(57982) Pause Young (Allocation Failure) 39M->39M(49M) 13.698ms
[2020-08-10T13:13:26.512+0300][1746.054s][info ][gc] GC(57983) Pause Young (Allocation Failure) 40M->40M(49M) 13.663ms
[2020-08-10T13:13:26.526+0300][1746.068s][info ][gc] GC(57984) Pause Young (Allocation Failure) 41M->41M(49M) 13.774ms
[2020-08-10T13:13:26.541+0300][1746.083s][info ][gc] GC(57985) Pause Young (Allocation Failure) 42M->42M(49M) 13.864ms
[2020-08-10T13:13:26.555+0300][1746.097s][info ][gc] GC(57986) Pause Young (Allocation Failure) 43M->43M(49M) 13.718ms
[2020-08-10T13:13:26.569+0300][1746.111s][info ][gc] GC(57987) Pause Young (Allocation Failure) 44M->44M(49M) 13.638ms
[2020-08-10T13:13:26.591+0300][1746.133s][info ][gc] GC(57988) Pause Young (Allocation Failure) 45M->45M(48M) 22.196ms
[2020-08-10T13:13:26.605+0300][1746.147s][info ][gc] GC(57989) Pause Young (Allocation Failure) 45M->45M(49M) 13.537ms
[2020-08-10T13:13:26.619+0300][1746.161s][info ][gc] GC(57990) Pause Young (Allocation Failure) 46M->46M(49M) 13.388ms
[2020-08-10T13:13:26.712+0300][1746.254s][debug][gc] GC(57991) Expanding ParOldGen from 48128K by 10752K to 58880K
[2020-08-10T13:13:26.712+0300][1746.254s][info ][gc] GC(57991) Pause Full (Ergonomics) 46M->46M(59M) 92.532ms
[2020-08-10T13:13:26.726+0300][1746.268s][info ][gc] GC(57992) Pause Young (Allocation Failure) 46M->46M(59M) 13.719ms
[2020-08-10T13:13:26.740+0300][1746.282s][info ][gc] GC(57993) Pause Young (Allocation Failure) 47M->47M(59M) 13.522ms
[2020-08-10T13:13:26.753+0300][1746.295s][info ][gc] GC(57994) Pause Young (Allocation Failure) 47M->47M(59M) 13.425ms
[2020-08-10T13:13:26.767+0300][1746.309s][info ][gc] GC(57995) Pause Young (Allocation Failure) 48M->48M(59M) 13.499ms
[2020-08-10T13:13:26.781+0300][1746.323s][info ][gc] GC(57996) Pause Young (Allocation Failure) 48M->48M(59M) 13.275ms
[2020-08-10T13:13:26.795+0300][1746.337s][info ][gc] GC(57997) Pause Young (Allocation Failure) 49M->48M(59M) 13.389ms
[2020-08-10T13:13:26.809+0300][1746.351s][info ][gc] GC(57998) Pause Young (Allocation Failure) 49M->49M(59M) 13.419ms
[2020-08-10T13:13:26.823+0300][1746.365s][info ][gc] GC(57999) Pause Young (Allocation Failure) 49M->49M(59M) 13.450ms
[2020-08-10T13:13:26.837+0300][1746.379s][info ][gc] GC(58000) Pause Young (Allocation Failure) 50M->50M(59M) 13.500ms
[2020-08-10T13:13:26.851+0300][1746.393s][info ][gc] GC(58001) Pause Young (Allocation Failure) 50M->50M(59M) 13.482ms
[2020-08-10T13:13:26.865+0300][1746.407s][info ][gc] GC(58002) Pause Young (Allocation Failure) 51M->51M(59M) 13.536ms
[2020-08-10T13:13:26.879+0300][1746.421s][info ][gc] GC(58003) Pause Young (Allocation Failure) 51M->51M(59M) 13.511ms
[2020-08-10T13:13:26.893+0300][1746.435s][info ][gc] GC(58004) Pause Young (Allocation Failure) 52M->52M(59M) 13.510ms
[2020-08-10T13:13:26.907+0300][1746.449s][info ][gc] GC(58005) Pause Young (Allocation Failure) 52M->52M(59M) 13.509ms
[2020-08-10T13:13:26.921+0300][1746.463s][info ][gc] GC(58006) Pause Young (Allocation Failure) 53M->53M(58M) 13.676ms
[2020-08-10T13:13:26.935+0300][1746.477s][info ][gc] GC(58007) Pause Young (Allocation Failure) 53M->53M(59M) 13.328ms
[2020-08-10T13:13:26.950+0300][1746.492s][info ][gc] GC(58008) Pause Young (Allocation Failure) 54M->53M(59M) 14.576ms
[2020-08-10T13:13:26.963+0300][1746.505s][info ][gc] GC(58009) Pause Young (Allocation Failure) 54M->54M(59M) 13.383ms
[2020-08-10T13:13:26.977+0300][1746.519s][info ][gc] GC(58010) Pause Young (Allocation Failure) 54M->54M(59M) 13.304ms
[2020-08-10T13:13:26.990+0300][1746.533s][info ][gc] GC(58011) Pause Young (Allocation Failure) 55M->55M(59M) 13.252ms
[2020-08-10T13:13:27.004+0300][1746.546s][info ][gc] GC(58012) Pause Young (Allocation Failure) 55M->55M(59M) 13.282ms
[2020-08-10T13:13:27.018+0300][1746.560s][info ][gc] GC(58013) Pause Young (Allocation Failure) 56M->56M(59M) 13.358ms
[2020-08-10T13:13:27.031+0300][1746.573s][info ][gc] GC(58014) Pause Young (Allocation Failure) 56M->56M(59M) 13.271ms
[2020-08-10T13:13:27.045+0300][1746.587s][info ][gc] GC(58015) Pause Young (Allocation Failure) 57M->57M(59M) 13.242ms
[2020-08-10T13:13:27.059+0300][1746.601s][info ][gc] GC(58016) Pause Young (Allocation Failure) 57M->57M(59M) 13.283ms
[2020-08-10T13:13:27.184+0300][1746.726s][debug][gc] GC(58017) Expanding ParOldGen from 58880K by 11264K to 70144K
[2020-08-10T13:13:27.184+0300][1746.726s][info ][gc] GC(58017) Pause Full (Ergonomics) 57M->57M(70M) 125.077ms
[2020-08-10T13:13:27.198+0300][1746.740s][info ][gc] GC(58018) Pause Young (Allocation Failure) 57M->57M(70M) 13.324ms
[2020-08-10T13:13:27.211+0300][1746.754s][info ][gc] GC(58019) Pause Young (Allocation Failure) 58M->58M(70M) 13.334ms
[2020-08-10T13:13:27.225+0300][1746.767s][info ][gc] GC(58020) Pause Young (Allocation Failure) 58M->58M(70M) 13.304ms
[2020-08-10T13:13:27.239+0300][1746.781s][info ][gc] GC(58021) Pause Young (Allocation Failure) 59M->59M(70M) 13.315ms
[2020-08-10T13:13:27.252+0300][1746.795s][info ][gc] GC(58022) Pause Young (Allocation Failure) 59M->59M(70M) 13.366ms
[2020-08-10T13:13:27.266+0300][1746.808s][info ][gc] GC(58023) Pause Young (Allocation Failure) 60M->60M(70M) 13.258ms
[2020-08-10T13:13:27.280+0300][1746.822s][info ][gc] GC(58024) Pause Young (Allocation Failure) 60M->60M(70M) 13.511ms
[2020-08-10T13:13:27.294+0300][1746.836s][info ][gc] GC(58025) Pause Young (Allocation Failure) 61M->61M(70M) 13.456ms
[2020-08-10T13:13:27.308+0300][1746.850s][info ][gc] GC(58026) Pause Young (Allocation Failure) 61M->61M(70M) 13.419ms
[2020-08-10T13:13:27.322+0300][1746.864s][info ][gc] GC(58027) Pause Young (Allocation Failure) 62M->62M(70M) 13.456ms
[2020-08-10T13:13:27.336+0300][1746.878s][info ][gc] GC(58028) Pause Young (Allocation Failure) 62M->62M(70M) 13.518ms
[2020-08-10T13:13:27.350+0300][1746.892s][info ][gc] GC(58029) Pause Young (Allocation Failure) 62M->62M(70M) 13.499ms
[2020-08-10T13:13:27.363+0300][1746.906s][info ][gc] GC(58030) Pause Young (Allocation Failure) 63M->63M(70M) 13.439ms
[2020-08-10T13:13:27.377+0300][1746.919s][info ][gc] GC(58031) Pause Young (Allocation Failure) 63M->63M(70M) 13.431ms
[2020-08-10T13:13:27.391+0300][1746.933s][info ][gc] GC(58032) Pause Young (Allocation Failure) 64M->64M(70M) 13.541ms
[2020-08-10T13:13:27.405+0300][1746.947s][info ][gc] GC(58033) Pause Young (Allocation Failure) 64M->64M(70M) 13.329ms
[2020-08-10T13:13:27.424+0300][1746.966s][info ][gc] GC(58034) Pause Young (Allocation Failure) 65M->65M(70M) 17.826ms
[2020-08-10T13:13:27.437+0300][1746.979s][info ][gc] GC(58035) Pause Young (Allocation Failure) 65M->65M(70M) 13.375ms
[2020-08-10T13:13:27.451+0300][1746.993s][info ][gc] GC(58036) Pause Young (Allocation Failure) 66M->66M(70M) 13.435ms
[2020-08-10T13:13:27.465+0300][1747.007s][info ][gc] GC(58037) Pause Young (Allocation Failure) 66M->66M(70M) 13.314ms
[2020-08-10T13:13:27.478+0300][1747.020s][info ][gc] GC(58038) Pause Young (Allocation Failure) 67M->67M(70M) 13.333ms
[2020-08-10T13:13:27.492+0300][1747.034s][info ][gc] GC(58039) Pause Young (Allocation Failure) 67M->67M(70M) 13.338ms
[2020-08-10T13:13:27.506+0300][1747.048s][info ][gc] GC(58040) Pause Young (Allocation Failure) 68M->67M(70M) 13.339ms
[2020-08-10T13:13:27.520+0300][1747.062s][info ][gc] GC(58041) Pause Young (Allocation Failure) 68M->68M(70M) 13.543ms
[2020-08-10T13:13:27.534+0300][1747.076s][info ][gc] GC(58042) Pause Young (Allocation Failure) 68M->68M(70M) 13.814ms
[2020-08-10T13:13:27.733+0300][1747.275s][debug][gc] GC(58043) Expanding ParOldGen from 70144K by 10752K to 80896K
[2020-08-10T13:13:27.733+0300][1747.275s][info ][gc] GC(58043) Pause Full (Ergonomics) 68M->68M(80M) 198.464ms
[2020-08-10T13:13:27.761+0300][1747.303s][info ][gc] GC(58044) Pause Young (Allocation Failure) 69M->69M(80M) 27.386ms
[2020-08-10T13:13:27.775+0300][1747.317s][info ][gc] GC(58045) Pause Young (Allocation Failure) 69M->69M(80M) 13.818ms
[2020-08-10T13:13:27.789+0300][1747.331s][info ][gc] GC(58046) Pause Young (Allocation Failure) 70M->70M(80M) 13.762ms
[2020-08-10T13:13:27.803+0300][1747.345s][info ][gc] GC(58047) Pause Young (Allocation Failure) 70M->70M(80M) 13.771ms
[2020-08-10T13:13:27.817+0300][1747.359s][info ][gc] GC(58048) Pause Young (Allocation Failure) 71M->70M(80M) 13.758ms
[2020-08-10T13:13:27.832+0300][1747.374s][info ][gc] GC(58049) Pause Young (Allocation Failure) 71M->71M(80M) 13.951ms
[2020-08-10T13:13:27.846+0300][1747.389s][info ][gc] GC(58050) Pause Young (Allocation Failure) 72M->72M(80M) 14.051ms
[2020-08-10T13:13:27.861+0300][1747.403s][info ][gc] GC(58051) Pause Young (Allocation Failure) 73M->73M(81M) 14.091ms
[2020-08-10T13:13:27.876+0300][1747.418s][info ][gc] GC(58052) Pause Young (Allocation Failure) 74M->74M(81M) 14.105ms
[2020-08-10T13:13:27.890+0300][1747.432s][info ][gc] GC(58053) Pause Young (Allocation Failure) 75M->75M(81M) 14.006ms
[2020-08-10T13:13:27.905+0300][1747.447s][info ][gc] GC(58054) Pause Young (Allocation Failure) 76M->76M(81M) 14.328ms
[2020-08-10T13:13:27.920+0300][1747.462s][info ][gc] GC(58055) Pause Young (Allocation Failure) 77M->77M(81M) 14.246ms
[2020-08-10T13:13:27.935+0300][1747.477s][info ][gc] GC(58056) Pause Young (Allocation Failure) 78M->78M(81M) 14.218ms
[2020-08-10T13:13:27.949+0300][1747.492s][info ][gc] GC(58057) Pause Young (Allocation Failure) 79M->78M(81M) 14.287ms
[2020-08-10T13:13:28.145+0300][1747.687s][debug][gc] GC(58058) Expanding ParOldGen from 80896K by 11776K to 92672K
[2020-08-10T13:13:28.145+0300][1747.687s][info ][gc] GC(58058) Pause Full (Ergonomics) 78M->78M(93M) 195.376ms
[2020-08-10T13:13:28.159+0300][1747.701s][info ][gc] GC(58059) Pause Young (Allocation Failure) 79M->79M(93M) 13.671ms
[2020-08-10T13:13:28.174+0300][1747.716s][info ][gc] GC(58060) Pause Young (Allocation Failure) 80M->80M(93M) 13.982ms
[2020-08-10T13:13:28.188+0300][1747.730s][info ][gc] GC(58061) Pause Young (Allocation Failure) 81M->81M(93M) 13.868ms
[2020-08-10T13:13:28.203+0300][1747.745s][info ][gc] GC(58062) Pause Young (Allocation Failure) 82M->82M(93M) 14.049ms
[2020-08-10T13:13:28.217+0300][1747.759s][info ][gc] GC(58063) Pause Young (Allocation Failure) 83M->83M(93M) 14.120ms
[2020-08-10T13:13:28.232+0300][1747.774s][info ][gc] GC(58064) Pause Young (Allocation Failure) 84M->84M(93M) 14.181ms
[2020-08-10T13:13:28.247+0300][1747.789s][info ][gc] GC(58065) Pause Young (Allocation Failure) 85M->85M(93M) 14.284ms
[2020-08-10T13:13:28.262+0300][1747.804s][info ][gc] GC(58066) Pause Young (Allocation Failure) 86M->86M(93M) 14.488ms
[2020-08-10T13:13:28.277+0300][1747.819s][info ][gc] GC(58067) Pause Young (Allocation Failure) 87M->87M(93M) 14.454ms
[2020-08-10T13:13:28.292+0300][1747.835s][info ][gc] GC(58068) Pause Young (Allocation Failure) 88M->88M(93M) 14.548ms
[2020-08-10T13:13:28.308+0300][1747.850s][info ][gc] GC(58069) Pause Young (Allocation Failure) 89M->89M(93M) 14.581ms
[2020-08-10T13:13:28.323+0300][1747.865s][info ][gc] GC(58070) Pause Young (Allocation Failure) 90M->89M(93M) 14.570ms
[2020-08-10T13:13:28.338+0300][1747.880s][info ][gc] GC(58071) Pause Young (Allocation Failure) 90M->90M(93M) 14.742ms
[2020-08-10T13:13:28.552+0300][1748.094s][debug][gc] GC(58072) Expanding ParOldGen from 92672K by 11776K to 104448K
[2020-08-10T13:13:28.553+0300][1748.095s][info ][gc] GC(58072) Pause Full (Ergonomics) 90M->90M(104M) 214.280ms
[2020-08-10T13:13:28.587+0300][1748.129s][info ][gc] GC(58073) Pause Young (Allocation Failure) 91M->91M(104M) 33.608ms
[2020-08-10T13:13:28.603+0300][1748.145s][info ][gc] GC(58074) Pause Young (Allocation Failure) 92M->92M(104M) 15.230ms
[2020-08-10T13:13:28.618+0300][1748.160s][info ][gc] GC(58075) Pause Young (Allocation Failure) 93M->93M(104M) 15.129ms
[2020-08-10T13:13:28.634+0300][1748.176s][info ][gc] GC(58076) Pause Young (Allocation Failure) 94M->94M(104M) 15.203ms
[2020-08-10T13:13:28.650+0300][1748.192s][info ][gc] GC(58077) Pause Young (Allocation Failure) 95M->95M(104M) 15.135ms
[2020-08-10T13:13:28.666+0300][1748.208s][info ][gc] GC(58078) Pause Young (Allocation Failure) 96M->96M(104M) 15.605ms
[2020-08-10T13:13:28.682+0300][1748.224s][info ][gc] GC(58079) Pause Young (Allocation Failure) 97M->97M(104M) 15.604ms
[2020-08-10T13:13:28.698+0300][1748.240s][info ][gc] GC(58080) Pause Young (Allocation Failure) 98M->98M(104M) 15.733ms
[2020-08-10T13:13:28.714+0300][1748.257s][info ][gc] GC(58081) Pause Young (Allocation Failure) 99M->99M(104M) 15.972ms
[2020-08-10T13:13:28.731+0300][1748.273s][info ][gc] GC(58082) Pause Young (Allocation Failure) 100M->100M(104M) 16.060ms
[2020-08-10T13:13:28.748+0300][1748.290s][info ][gc] GC(58083) Pause Young (Allocation Failure) 101M->101M(104M) 16.215ms
[2020-08-10T13:13:28.764+0300][1748.306s][info ][gc] GC(58084) Pause Young (Allocation Failure) 102M->102M(104M) 15.832ms
[2020-08-10T13:13:29.029+0300][1748.571s][debug][gc] GC(58085) Expanding ParOldGen from 104448K by 11776K to 116224K
[2020-08-10T13:13:29.029+0300][1748.571s][info ][gc] GC(58085) Pause Full (Ergonomics) 102M->101M(116M) 264.743ms
[2020-08-10T13:13:29.043+0300][1748.585s][info ][gc] GC(58086) Pause Young (Allocation Failure) 102M->102M(116M) 13.524ms
[2020-08-10T13:13:29.082+0300][1748.624s][info ][gc] GC(58087) Pause Young (Allocation Failure) 103M->103M(116M) 38.309ms
[2020-08-10T13:13:29.119+0300][1748.661s][info ][gc] GC(58088) Pause Young (Allocation Failure) 104M->104M(116M) 36.228ms
[2020-08-10T13:13:29.136+0300][1748.678s][info ][gc] GC(58089) Pause Young (Allocation Failure) 105M->105M(116M) 16.210ms
[2020-08-10T13:13:29.152+0300][1748.695s][info ][gc] GC(58090) Pause Young (Allocation Failure) 106M->106M(116M) 16.296ms
[2020-08-10T13:13:29.170+0300][1748.712s][info ][gc] GC(58091) Pause Young (Allocation Failure) 107M->107M(116M) 16.572ms
[2020-08-10T13:13:29.187+0300][1748.729s][info ][gc] GC(58092) Pause Young (Allocation Failure) 108M->108M(116M) 16.586ms
[2020-08-10T13:13:29.204+0300][1748.746s][info ][gc] GC(58093) Pause Young (Allocation Failure) 109M->109M(116M) 16.360ms
[2020-08-10T13:13:29.221+0300][1748.763s][info ][gc] GC(58094) Pause Young (Allocation Failure) 110M->110M(116M) 16.485ms
[2020-08-10T13:13:29.238+0300][1748.780s][info ][gc] GC(58095) Pause Young (Allocation Failure) 111M->111M(116M) 16.754ms
[2020-08-10T13:13:29.255+0300][1748.798s][info ][gc] GC(58096) Pause Young (Allocation Failure) 112M->112M(116M) 16.825ms
[2020-08-10T13:13:29.273+0300][1748.815s][info ][gc] GC(58097) Pause Young (Allocation Failure) 113M->113M(116M) 16.672ms
[2020-08-10T13:13:29.572+0300][1749.114s][debug][gc] GC(58098) Expanding ParOldGen from 116224K by 11264K to 127488K
[2020-08-10T13:13:29.572+0300][1749.114s][info ][gc] GC(58098) Pause Full (Ergonomics) 113M->113M(127M) 299.092ms
[2020-08-10T13:13:29.587+0300][1749.129s][info ][gc] GC(58099) Pause Young (Allocation Failure) 114M->114M(127M) 14.654ms
[2020-08-10T13:13:29.605+0300][1749.147s][info ][gc] GC(58100) Pause Young (Allocation Failure) 115M->115M(127M) 17.438ms
[2020-08-10T13:13:29.623+0300][1749.165s][info ][gc] GC(58101) Pause Young (Allocation Failure) 116M->116M(127M) 17.568ms
[2020-08-10T13:13:29.642+0300][1749.184s][info ][gc] GC(58102) Pause Young (Allocation Failure) 117M->117M(127M) 17.855ms
[2020-08-10T13:13:29.660+0300][1749.202s][info ][gc] GC(58103) Pause Young (Allocation Failure) 118M->118M(127M) 17.892ms
[2020-08-10T13:13:29.678+0300][1749.221s][info ][gc] GC(58104) Pause Young (Allocation Failure) 119M->118M(127M) 17.765ms
[2020-08-10T13:13:29.697+0300][1749.239s][info ][gc] GC(58105) Pause Young (Allocation Failure) 119M->119M(127M) 17.996ms
[2020-08-10T13:13:29.715+0300][1749.258s][info ][gc] GC(58106) Pause Young (Allocation Failure) 120M->120M(127M) 17.895ms
[2020-08-10T13:13:29.734+0300][1749.276s][info ][gc] GC(58107) Pause Young (Allocation Failure) 121M->121M(127M) 17.772ms
[2020-08-10T13:13:29.752+0300][1749.295s][info ][gc] GC(58108) Pause Young (Allocation Failure) 122M->122M(127M) 18.238ms
[2020-08-10T13:13:29.771+0300][1749.313s][info ][gc] GC(58109) Pause Young (Allocation Failure) 123M->123M(127M) 17.945ms
[2020-08-10T13:13:29.789+0300][1749.331s][info ][gc] GC(58110) Pause Young (Allocation Failure) 124M->124M(127M) 17.661ms
[2020-08-10T13:13:30.118+0300][1749.661s][debug][gc] GC(58111) Expanding ParOldGen from 127488K by 11264K to 138752K
[2020-08-10T13:13:30.119+0300][1749.661s][info ][gc] GC(58111) Pause Full (Ergonomics) 124M->124M(138M) 329.192ms
[2020-08-10T13:13:30.152+0300][1749.695s][info ][gc] GC(58112) Pause Young (Allocation Failure) 125M->125M(138M) 33.253ms
[2020-08-10T13:13:30.171+0300][1749.714s][info ][gc] GC(58113) Pause Young (Allocation Failure) 126M->126M(138M) 18.532ms
[2020-08-10T13:13:30.191+0300][1749.733s][info ][gc] GC(58114) Pause Young (Allocation Failure) 127M->127M(138M) 18.552ms
[2020-08-10T13:13:30.210+0300][1749.752s][info ][gc] GC(58115) Pause Young (Allocation Failure) 128M->128M(138M) 18.807ms
[2020-08-10T13:13:30.230+0300][1749.772s][info ][gc] GC(58116) Pause Young (Allocation Failure) 129M->129M(138M) 19.396ms
[2020-08-10T13:13:30.249+0300][1749.791s][info ][gc] GC(58117) Pause Young (Allocation Failure) 130M->130M(138M) 18.676ms
[2020-08-10T13:13:30.268+0300][1749.811s][info ][gc] GC(58118) Pause Young (Allocation Failure) 131M->131M(138M) 18.820ms
[2020-08-10T13:13:30.288+0300][1749.830s][info ][gc] GC(58119) Pause Young (Allocation Failure) 132M->132M(138M) 18.721ms
[2020-08-10T13:13:30.307+0300][1749.849s][info ][gc] GC(58120) Pause Young (Allocation Failure) 133M->133M(138M) 18.995ms
[2020-08-10T13:13:30.326+0300][1749.868s][info ][gc] GC(58121) Pause Young (Allocation Failure) 134M->134M(138M) 18.902ms
[2020-08-10T13:13:30.380+0300][1749.922s][info ][gc] GC(58122) Pause Young (Allocation Failure) 135M->135M(138M) 53.506ms
[2020-08-10T13:13:30.381+0300][1749.923s][debug][gc] Expanding ParOldGen from 138752K by 19968K to 158720K
[2020-08-10T13:13:30.432+0300][1749.974s][info ][gc] GC(58123) Pause Young (Allocation Failure) 155M->155M(157M) 43.141ms
[2020-08-10T13:13:30.458+0300][1750.000s][debug][gc] GC(58124) Shrinking ParOldGen from 158720K by 125440K to 33280K
[2020-08-10T13:13:30.458+0300][1750.001s][info ][gc] GC(58124) Pause Full (Ergonomics) 155M->21M(35M) 26.169ms
[2020-08-10T13:13:30.472+0300][1750.014s][info ][gc] GC(58125) Pause Young (Allocation Failure) 22M->22M(35M) 13.227ms
[2020-08-10T13:13:30.486+0300][1750.029s][info ][gc] GC(58126) Pause Young (Allocation Failure) 23M->23M(35M) 13.837ms
[2020-08-10T13:13:30.501+0300][1750.043s][info ][gc] GC(58127) Pause Young (Allocation Failure) 24M->24M(35M) 14.014ms
[2020-08-10T13:13:30.515+0300][1750.058s][info ][gc] GC(58128) Pause Young (Allocation Failure) 25M->25M(35M) 13.988ms
[2020-08-10T13:13:30.530+0300][1750.072s][info ][gc] GC(58129) Pause Young (Allocation Failure) 26M->26M(35M) 13.809ms
[2020-08-10T13:13:30.544+0300][1750.086s][info ][gc] GC(58130) Pause Young (Allocation Failure) 27M->27M(35M) 13.751ms
[2020-08-10T13:13:30.558+0300][1750.100s][info ][gc] GC(58131) Pause Young (Allocation Failure) 28M->28M(35M) 13.635ms
[2020-08-10T13:13:30.577+0300][1750.120s][info ][gc] GC(58132) Pause Young (Allocation Failure) 29M->28M(35M) 18.820ms
[2020-08-10T13:13:30.591+0300][1750.134s][info ][gc] GC(58133) Pause Young (Allocation Failure) 29M->29M(35M) 13.740ms
[2020-08-10T13:13:30.606+0300][1750.148s][info ][gc] GC(58134) Pause Young (Allocation Failure) 30M->30M(35M) 13.853ms
[2020-08-10T13:13:30.620+0300][1750.162s][info ][gc] GC(58135) Pause Young (Allocation Failure) 31M->31M(35M) 13.786ms
[2020-08-10T13:13:30.634+0300][1750.176s][info ][gc] GC(58136) Pause Young (Allocation Failure) 32M->32M(35M) 13.791ms
[2020-08-10T13:13:30.694+0300][1750.237s][debug][gc] GC(58137) Expanding ParOldGen from 33280K by 11264K to 44544K
[2020-08-10T13:13:30.695+0300][1750.237s][info ][gc] GC(58137) Pause Full (Ergonomics) 32M->32M(46M) 60.264ms
[2020-08-10T13:13:30.711+0300][1750.254s][info ][gc] GC(58138) Pause Young (Allocation Failure) 33M->33M(46M) 16.433ms
[2020-08-10T13:13:30.726+0300][1750.268s][info ][gc] GC(58139) Pause Young (Allocation Failure) 34M->34M(46M) 14.074ms
[2020-08-10T13:13:30.740+0300][1750.283s][info ][gc] GC(58140) Pause Young (Allocation Failure) 35M->35M(45M) 13.834ms
[2020-08-10T13:13:30.759+0300][1750.301s][info ][gc] GC(58141) Pause Young (Allocation Failure) 36M->36M(45M) 18.029ms
[2020-08-10T13:13:30.773+0300][1750.315s][info ][gc] GC(58142) Pause Young (Allocation Failure) 37M->37M(45M) 13.659ms
[2020-08-10T13:13:30.787+0300][1750.329s][info ][gc] GC(58143) Pause Young (Allocation Failure) 38M->38M(46M) 13.545ms
[2020-08-10T13:13:30.801+0300][1750.343s][info ][gc] GC(58144) Pause Young (Allocation Failure) 39M->39M(46M) 13.765ms
[2020-08-10T13:13:30.815+0300][1750.357s][info ][gc] GC(58145) Pause Young (Allocation Failure) 40M->40M(46M) 13.773ms
[2020-08-10T13:13:30.829+0300][1750.372s][info ][gc] GC(58146) Pause Young (Allocation Failure) 41M->41M(46M) 13.856ms
[2020-08-10T13:13:30.843+0300][1750.386s][info ][gc] GC(58147) Pause Young (Allocation Failure) 42M->42M(46M) 13.738ms
[2020-08-10T13:13:30.858+0300][1750.400s][info ][gc] GC(58148) Pause Young (Allocation Failure) 43M->43M(46M) 13.801ms
[2020-08-10T13:13:30.872+0300][1750.414s][info ][gc] GC(58149) Pause Young (Allocation Failure) 44M->44M(46M) 14.077ms
[2020-08-10T13:13:30.957+0300][1750.500s][debug][gc] GC(58150) Expanding ParOldGen from 44544K by 11264K to 55808K
[2020-08-10T13:13:30.958+0300][1750.500s][info ][gc] GC(58150) Pause Full (Ergonomics) 44M->43M(57M) 85.161ms
[2020-08-10T13:13:30.979+0300][1750.521s][info ][gc] GC(58151) Pause Young (Allocation Failure) 44M->44M(57M) 20.508ms
[2020-08-10T13:13:30.993+0300][1750.535s][info ][gc] GC(58152) Pause Young (Allocation Failure) 45M->45M(57M) 14.114ms
[2020-08-10T13:13:31.007+0300][1750.550s][info ][gc] GC(58153) Pause Young (Allocation Failure) 46M->46M(57M) 13.812ms
[2020-08-10T13:13:31.022+0300][1750.564s][info ][gc] GC(58154) Pause Young (Allocation Failure) 47M->47M(57M) 13.911ms
[2020-08-10T13:13:31.036+0300][1750.579s][info ][gc] GC(58155) Pause Young (Allocation Failure) 48M->48M(57M) 13.786ms
[2020-08-10T13:13:31.051+0300][1750.593s][info ][gc] GC(58156) Pause Young (Allocation Failure) 49M->49M(57M) 13.946ms
[2020-08-10T13:13:31.065+0300][1750.607s][info ][gc] GC(58157) Pause Young (Allocation Failure) 50M->50M(57M) 13.741ms
[2020-08-10T13:13:31.079+0300][1750.622s][info ][gc] GC(58158) Pause Young (Allocation Failure) 51M->51M(57M) 13.848ms
[2020-08-10T13:13:31.094+0300][1750.636s][info ][gc] GC(58159) Pause Young (Allocation Failure) 52M->52M(57M) 14.083ms
[2020-08-10T13:13:31.109+0300][1750.651s][info ][gc] GC(58160) Pause Young (Allocation Failure) 53M->53M(57M) 14.153ms
[2020-08-10T13:13:31.123+0300][1750.666s][info ][gc] GC(58161) Pause Young (Allocation Failure) 54M->54M(57M) 14.076ms
[2020-08-10T13:13:31.241+0300][1750.784s][debug][gc] GC(58162) Expanding ParOldGen from 55808K by 11264K to 67072K
[2020-08-10T13:13:31.242+0300][1750.784s][info ][gc] GC(58162) Pause Full (Ergonomics) 54M->54M(68M) 117.968ms
[2020-08-10T13:13:31.256+0300][1750.798s][info ][gc] GC(58163) Pause Young (Allocation Failure) 55M->55M(68M) 13.776ms
[2020-08-10T13:13:31.271+0300][1750.813s][info ][gc] GC(58164) Pause Young (Allocation Failure) 56M->56M(68M) 13.961ms
[2020-08-10T13:13:31.285+0300][1750.827s][info ][gc] GC(58165) Pause Young (Allocation Failure) 57M->57M(68M) 14.030ms
[2020-08-10T13:13:31.300+0300][1750.842s][info ][gc] GC(58166) Pause Young (Allocation Failure) 58M->58M(68M) 14.049ms
[2020-08-10T13:13:31.314+0300][1750.857s][info ][gc] GC(58167) Pause Young (Allocation Failure) 59M->59M(68M) 14.004ms
[2020-08-10T13:13:31.329+0300][1750.871s][info ][gc] GC(58168) Pause Young (Allocation Failure) 60M->60M(68M) 14.044ms
[2020-08-10T13:13:31.344+0300][1750.886s][info ][gc] GC(58169) Pause Young (Allocation Failure) 61M->60M(68M) 13.921ms
[2020-08-10T13:13:31.358+0300][1750.900s][info ][gc] GC(58170) Pause Young (Allocation Failure) 61M->61M(68M) 14.032ms
[2020-08-10T13:13:31.372+0300][1750.915s][info ][gc] GC(58171) Pause Young (Allocation Failure) 62M->62M(68M) 13.771ms
[2020-08-10T13:13:31.387+0300][1750.929s][info ][gc] GC(58172) Pause Young (Allocation Failure) 63M->63M(68M) 13.939ms
[2020-08-10T13:13:31.401+0300][1750.944s][info ][gc] GC(58173) Pause Young (Allocation Failure) 64M->64M(68M) 14.034ms
[2020-08-10T13:13:31.416+0300][1750.958s][info ][gc] GC(58174) Pause Young (Allocation Failure) 65M->65M(68M) 14.079ms
[2020-08-10T13:13:31.570+0300][1751.112s][debug][gc] GC(58175) Expanding ParOldGen from 67072K by 11264K to 78336K
[2020-08-10T13:13:31.570+0300][1751.112s][info ][gc] GC(58175) Pause Full (Ergonomics) 65M->65M(79M) 153.728ms
[2020-08-10T13:13:31.597+0300][1751.140s][info ][gc] GC(58176) Pause Young (Allocation Failure) 66M->66M(79M) 27.015ms
[2020-08-10T13:13:31.612+0300][1751.154s][info ][gc] GC(58177) Pause Young (Allocation Failure) 67M->67M(79M) 14.128ms
[2020-08-10T13:13:31.627+0300][1751.169s][info ][gc] GC(58178) Pause Young (Allocation Failure) 68M->68M(79M) 14.138ms
[2020-08-10T13:13:31.641+0300][1751.183s][info ][gc] GC(58179) Pause Young (Allocation Failure) 69M->69M(79M) 14.028ms
[2020-08-10T13:13:31.656+0300][1751.198s][info ][gc] GC(58180) Pause Young (Allocation Failure) 70M->70M(78M) 14.216ms
[2020-08-10T13:13:31.671+0300][1751.213s][info ][gc] GC(58181) Pause Young (Allocation Failure) 71M->71M(78M) 14.419ms
[2020-08-10T13:13:31.685+0300][1751.228s][info ][gc] GC(58182) Pause Young (Allocation Failure) 72M->72M(78M) 14.300ms
[2020-08-10T13:13:31.700+0300][1751.242s][info ][gc] GC(58183) Pause Young (Allocation Failure) 73M->73M(79M) 14.108ms
[2020-08-10T13:13:31.715+0300][1751.257s][info ][gc] GC(58184) Pause Young (Allocation Failure) 74M->74M(79M) 14.317ms
[2020-08-10T13:13:31.730+0300][1751.272s][info ][gc] GC(58185) Pause Young (Allocation Failure) 75M->75M(79M) 14.277ms
[2020-08-10T13:13:31.745+0300][1751.287s][info ][gc] GC(58186) Pause Young (Allocation Failure) 76M->76M(79M) 14.312ms
[2020-08-10T13:13:31.760+0300][1751.302s][info ][gc] GC(58187) Pause Young (Allocation Failure) 77M->77M(79M) 14.323ms
[2020-08-10T13:13:31.938+0300][1751.480s][debug][gc] GC(58188) Expanding ParOldGen from 78336K by 11776K to 90112K
[2020-08-10T13:13:31.938+0300][1751.481s][info ][gc] GC(58188) Pause Full (Ergonomics) 77M->76M(90M) 178.155ms
[2020-08-10T13:13:31.970+0300][1751.512s][info ][gc] GC(58189) Pause Young (Allocation Failure) 77M->77M(90M) 30.659ms
[2020-08-10T13:13:31.984+0300][1751.527s][info ][gc] GC(58190) Pause Young (Allocation Failure) 78M->78M(90M) 14.316ms
[2020-08-10T13:13:31.999+0300][1751.542s][info ][gc] GC(58191) Pause Young (Allocation Failure) 79M->79M(90M) 14.339ms
[2020-08-10T13:13:32.014+0300][1751.557s][info ][gc] GC(58192) Pause Young (Allocation Failure) 80M->80M(90M) 14.441ms
[2020-08-10T13:13:32.030+0300][1751.572s][info ][gc] GC(58193) Pause Young (Allocation Failure) 81M->81M(90M) 14.714ms
[2020-08-10T13:13:32.045+0300][1751.587s][info ][gc] GC(58194) Pause Young (Allocation Failure) 82M->82M(90M) 14.442ms
[2020-08-10T13:13:32.060+0300][1751.602s][info ][gc] GC(58195) Pause Young (Allocation Failure) 83M->83M(90M) 14.407ms
[2020-08-10T13:13:32.075+0300][1751.617s][info ][gc] GC(58196) Pause Young (Allocation Failure) 84M->84M(90M) 14.519ms
[2020-08-10T13:13:32.090+0300][1751.632s][info ][gc] GC(58197) Pause Young (Allocation Failure) 85M->85M(90M) 14.669ms
[2020-08-10T13:13:32.106+0300][1751.648s][info ][gc] GC(58198) Pause Young (Allocation Failure) 86M->86M(90M) 14.912ms
[2020-08-10T13:13:32.121+0300][1751.663s][info ][gc] GC(58199) Pause Young (Allocation Failure) 87M->87M(90M) 14.753ms
[2020-08-10T13:13:32.137+0300][1751.679s][info ][gc] GC(58200) Pause Young (Allocation Failure) 88M->88M(90M) 14.913ms
[2020-08-10T13:13:32.353+0300][1751.895s][debug][gc] GC(58201) Expanding ParOldGen from 90112K by 11264K to 101376K
[2020-08-10T13:13:32.353+0300][1751.895s][info ][gc] GC(58201) Pause Full (Ergonomics) 88M->88M(101M) 216.159ms
[2020-08-10T13:13:32.387+0300][1751.929s][info ][gc] GC(58202) Pause Young (Allocation Failure) 89M->89M(101M) 33.043ms
[2020-08-10T13:13:32.402+0300][1751.945s][info ][gc] GC(58203) Pause Young (Allocation Failure) 90M->90M(101M) 15.327ms
[2020-08-10T13:13:32.418+0300][1751.961s][info ][gc] GC(58204) Pause Young (Allocation Failure) 91M->91M(101M) 15.198ms
[2020-08-10T13:13:32.434+0300][1751.976s][info ][gc] GC(58205) Pause Young (Allocation Failure) 92M->91M(101M) 15.304ms
[2020-08-10T13:13:32.450+0300][1751.992s][info ][gc] GC(58206) Pause Young (Allocation Failure) 92M->92M(101M) 15.288ms
[2020-08-10T13:13:32.466+0300][1752.008s][info ][gc] GC(58207) Pause Young (Allocation Failure) 93M->93M(101M) 15.472ms
[2020-08-10T13:13:32.482+0300][1752.025s][info ][gc] GC(58208) Pause Young (Allocation Failure) 94M->94M(101M) 15.494ms
[2020-08-10T13:13:32.498+0300][1752.041s][info ][gc] GC(58209) Pause Young (Allocation Failure) 95M->95M(101M) 15.558ms
[2020-08-10T13:13:32.515+0300][1752.057s][info ][gc] GC(58210) Pause Young (Allocation Failure) 96M->96M(101M) 15.797ms
[2020-08-10T13:13:32.531+0300][1752.074s][info ][gc] GC(58211) Pause Young (Allocation Failure) 97M->97M(101M) 15.789ms
[2020-08-10T13:13:32.548+0300][1752.090s][info ][gc] GC(58212) Pause Young (Allocation Failure) 98M->98M(101M) 16.002ms
[2020-08-10T13:13:32.564+0300][1752.107s][info ][gc] GC(58213) Pause Young (Allocation Failure) 99M->99M(101M) 16.071ms
[2020-08-10T13:13:32.808+0300][1752.350s][debug][gc] GC(58214) Expanding ParOldGen from 101376K by 11264K to 112640K
[2020-08-10T13:13:32.808+0300][1752.350s][info ][gc] GC(58214) Pause Full (Ergonomics) 99M->99M(112M) 243.332ms
[2020-08-10T13:13:32.845+0300][1752.388s][info ][gc] GC(58215) Pause Young (Allocation Failure) 100M->100M(112M) 36.709ms
[2020-08-10T13:13:32.862+0300][1752.405s][info ][gc] GC(58216) Pause Young (Allocation Failure) 101M->101M(112M) 16.256ms
[2020-08-10T13:13:32.879+0300][1752.421s][info ][gc] GC(58217) Pause Young (Allocation Failure) 102M->102M(112M) 16.101ms
[2020-08-10T13:13:32.896+0300][1752.438s][info ][gc] GC(58218) Pause Young (Allocation Failure) 103M->103M(112M) 16.222ms
[2020-08-10T13:13:32.913+0300][1752.455s][info ][gc] GC(58219) Pause Young (Allocation Failure) 104M->104M(112M) 16.510ms
[2020-08-10T13:13:32.930+0300][1752.472s][info ][gc] GC(58220) Pause Young (Allocation Failure) 105M->105M(112M) 16.441ms
[2020-08-10T13:13:32.947+0300][1752.489s][info ][gc] GC(58221) Pause Young (Allocation Failure) 106M->106M(112M) 16.485ms
[2020-08-10T13:13:32.964+0300][1752.506s][info ][gc] GC(58222) Pause Young (Allocation Failure) 107M->107M(112M) 16.549ms
[2020-08-10T13:13:32.982+0300][1752.524s][info ][gc] GC(58223) Pause Young (Allocation Failure) 108M->108M(112M) 17.013ms
[2020-08-10T13:13:32.999+0300][1752.542s][info ][gc] GC(58224) Pause Young (Allocation Failure) 109M->108M(112M) 16.887ms
[2020-08-10T13:13:33.017+0300][1752.559s][info ][gc] GC(58225) Pause Young (Allocation Failure) 109M->109M(112M) 16.862ms
[2020-08-10T13:13:33.034+0300][1752.576s][info ][gc] GC(58226) Pause Young (Allocation Failure) 110M->110M(112M) 16.666ms
[2020-08-10T13:13:33.298+0300][1752.840s][debug][gc] GC(58227) Expanding ParOldGen from 112640K by 11264K to 123904K
[2020-08-10T13:13:33.298+0300][1752.840s][info ][gc] GC(58227) Pause Full (Ergonomics) 110M->110M(123M) 263.718ms
[2020-08-10T13:13:33.338+0300][1752.880s][info ][gc] GC(58228) Pause Young (Allocation Failure) 111M->111M(123M) 39.732ms
[2020-08-10T13:13:33.356+0300][1752.898s][info ][gc] GC(58229) Pause Young (Allocation Failure) 112M->112M(123M) 17.191ms
[2020-08-10T13:13:33.374+0300][1752.916s][info ][gc] GC(58230) Pause Young (Allocation Failure) 113M->113M(123M) 17.138ms
[2020-08-10T13:13:33.391+0300][1752.934s][info ][gc] GC(58231) Pause Young (Allocation Failure) 114M->114M(123M) 17.129ms
[2020-08-10T13:13:33.409+0300][1752.951s][info ][gc] GC(58232) Pause Young (Allocation Failure) 115M->115M(123M) 17.284ms
[2020-08-10T13:13:33.427+0300][1752.969s][info ][gc] GC(58233) Pause Young (Allocation Failure) 116M->116M(123M) 17.507ms
[2020-08-10T13:13:33.445+0300][1752.987s][info ][gc] GC(58234) Pause Young (Allocation Failure) 117M->117M(123M) 17.556ms
[2020-08-10T13:13:33.463+0300][1753.005s][info ][gc] GC(58235) Pause Young (Allocation Failure) 118M->118M(123M) 17.431ms
[2020-08-10T13:13:33.481+0300][1753.024s][info ][gc] GC(58236) Pause Young (Allocation Failure) 119M->119M(123M) 17.649ms
[2020-08-10T13:13:33.499+0300][1753.042s][info ][gc] GC(58237) Pause Young (Allocation Failure) 120M->120M(123M) 17.691ms
[2020-08-10T13:13:33.517+0300][1753.060s][info ][gc] GC(58238) Pause Young (Allocation Failure) 121M->121M(123M) 17.822ms
[2020-08-10T13:13:33.882+0300][1753.425s][debug][gc] GC(58239) Expanding ParOldGen from 123904K by 11264K to 135168K
[2020-08-10T13:13:33.882+0300][1753.425s][info ][gc] GC(58239) Pause Full (Ergonomics) 121M->121M(134M) 364.864ms
[2020-08-10T13:13:33.916+0300][1753.458s][info ][gc] GC(58240) Pause Young (Allocation Failure) 122M->122M(134M) 32.557ms
[2020-08-10T13:13:33.934+0300][1753.476s][info ][gc] GC(58241) Pause Young (Allocation Failure) 123M->123M(134M) 17.989ms
[2020-08-10T13:13:33.953+0300][1753.495s][info ][gc] GC(58242) Pause Young (Allocation Failure) 124M->123M(134M) 18.429ms
[2020-08-10T13:13:33.972+0300][1753.514s][info ][gc] GC(58243) Pause Young (Allocation Failure) 124M->124M(134M) 18.436ms
[2020-08-10T13:13:33.990+0300][1753.533s][info ][gc] GC(58244) Pause Young (Allocation Failure) 125M->125M(134M) 18.210ms
[2020-08-10T13:13:34.009+0300][1753.551s][info ][gc] GC(58245) Pause Young (Allocation Failure) 126M->126M(134M) 18.383ms
[2020-08-10T13:13:34.028+0300][1753.570s][info ][gc] GC(58246) Pause Young (Allocation Failure) 127M->127M(134M) 18.367ms
[2020-08-10T13:13:34.047+0300][1753.589s][info ][gc] GC(58247) Pause Young (Allocation Failure) 128M->128M(134M) 18.453ms
[2020-08-10T13:13:34.065+0300][1753.608s][info ][gc] GC(58248) Pause Young (Allocation Failure) 129M->129M(134M) 18.358ms
[2020-08-10T13:13:34.084+0300][1753.627s][info ][gc] GC(58249) Pause Young (Allocation Failure) 130M->130M(134M) 18.540ms
[2020-08-10T13:13:34.104+0300][1753.646s][info ][gc] GC(58250) Pause Young (Allocation Failure) 131M->131M(134M) 18.728ms
[2020-08-10T13:13:34.123+0300][1753.665s][info ][gc] GC(58251) Pause Young (Allocation Failure) 132M->132M(134M) 18.792ms
[2020-08-10T13:13:34.479+0300][1754.021s][debug][gc] GC(58252) Expanding ParOldGen from 135168K by 11264K to 146432K
[2020-08-10T13:13:34.479+0300][1754.021s][info ][gc] GC(58252) Pause Full (Ergonomics) 132M->132M(145M) 356.257ms
[2020-08-10T13:13:34.513+0300][1754.056s][info ][gc] GC(58253) Pause Young (Allocation Failure) 133M->133M(145M) 33.611ms
[2020-08-10T13:13:34.532+0300][1754.075s][info ][gc] GC(58254) Pause Young (Allocation Failure) 134M->134M(145M) 18.656ms
[2020-08-10T13:13:34.551+0300][1754.094s][info ][gc] GC(58255) Pause Young (Allocation Failure) 135M->135M(145M) 18.586ms
[2020-08-10T13:13:34.551+0300][1754.094s][debug][gc] Expanding ParOldGen from 146432K by 19968K to 166400K
[2020-08-10T13:13:34.576+0300][1754.119s][info ][gc] GC(58256) Pause Young (Allocation Failure) 155M->155M(165M) 16.975ms
[2020-08-10T13:13:34.591+0300][1754.133s][info ][gc] GC(58257) Pause Young (Allocation Failure) 156M->156M(165M) 14.156ms
[2020-08-10T13:13:34.605+0300][1754.147s][info ][gc] GC(58258) Pause Young (Allocation Failure) 157M->157M(165M) 13.697ms
[2020-08-10T13:13:34.619+0300][1754.161s][info ][gc] GC(58259) Pause Young (Allocation Failure) 158M->158M(165M) 13.722ms
[2020-08-10T13:13:34.633+0300][1754.176s][info ][gc] GC(58260) Pause Young (Allocation Failure) 159M->159M(165M) 14.144ms
[2020-08-10T13:13:34.648+0300][1754.190s][info ][gc] GC(58261) Pause Young (Allocation Failure) 160M->160M(165M) 13.966ms
[2020-08-10T13:13:34.662+0300][1754.205s][info ][gc] GC(58262) Pause Young (Allocation Failure) 161M->160M(165M) 13.679ms
[2020-08-10T13:13:34.676+0300][1754.219s][info ][gc] GC(58263) Pause Young (Allocation Failure) 161M->161M(165M) 13.764ms
[2020-08-10T13:13:34.690+0300][1754.233s][info ][gc] GC(58264) Pause Young (Allocation Failure) 162M->162M(165M) 13.628ms
[2020-08-10T13:13:34.747+0300][1754.290s][debug][gc] GC(58265) Shrinking ParOldGen from 166400K by 124928K to 41472K
[2020-08-10T13:13:34.747+0300][1754.290s][info ][gc] GC(58265) Pause Full (Ergonomics) 162M->29M(43M) 56.841ms
[2020-08-10T13:13:34.760+0300][1754.303s][info ][gc] GC(58266) Pause Young (Allocation Failure) 30M->30M(43M) 12.757ms
[2020-08-10T13:13:34.774+0300][1754.316s][info ][gc] GC(58267) Pause Young (Allocation Failure) 31M->31M(43M) 13.318ms
[2020-08-10T13:13:34.788+0300][1754.330s][info ][gc] GC(58268) Pause Young (Allocation Failure) 32M->32M(43M) 13.329ms
[2020-08-10T13:13:34.801+0300][1754.344s][info ][gc] GC(58269) Pause Young (Allocation Failure) 33M->33M(43M) 13.359ms
[2020-08-10T13:13:34.815+0300][1754.358s][info ][gc] GC(58270) Pause Young (Allocation Failure) 34M->33M(43M) 13.384ms
[2020-08-10T13:13:34.829+0300][1754.371s][info ][gc] GC(58271) Pause Young (Allocation Failure) 34M->34M(43M) 13.141ms
[2020-08-10T13:13:34.843+0300][1754.385s][info ][gc] GC(58272) Pause Young (Allocation Failure) 35M->35M(43M) 13.492ms
[2020-08-10T13:13:34.857+0300][1754.399s][info ][gc] GC(58273) Pause Young (Allocation Failure) 36M->36M(43M) 13.497ms
[2020-08-10T13:13:34.871+0300][1754.413s][info ][gc] GC(58274) Pause Young (Allocation Failure) 37M->37M(42M) 13.596ms
[2020-08-10T13:13:34.885+0300][1754.427s][info ][gc] GC(58275) Pause Young (Allocation Failure) 38M->38M(42M) 13.480ms
[2020-08-10T13:13:34.899+0300][1754.441s][info ][gc] GC(58276) Pause Young (Allocation Failure) 39M->39M(42M) 13.502ms
[2020-08-10T13:13:34.913+0300][1754.455s][info ][gc] GC(58277) Pause Young (Allocation Failure) 40M->40M(43M) 13.261ms
[2020-08-10T13:13:34.981+0300][1754.523s][debug][gc] GC(58278) Expanding ParOldGen from 41472K by 11264K to 52736K
[2020-08-10T13:13:34.981+0300][1754.524s][info ][gc] GC(58278) Pause Full (Ergonomics) 40M->40M(54M) 68.211ms
[2020-08-10T13:13:34.999+0300][1754.542s][info ][gc] GC(58279) Pause Young (Allocation Failure) 41M->41M(54M) 17.958ms
[2020-08-10T13:13:35.014+0300][1754.556s][info ][gc] GC(58280) Pause Young (Allocation Failure) 42M->42M(54M) 13.555ms
[2020-08-10T13:13:35.027+0300][1754.570s][info ][gc] GC(58281) Pause Young (Allocation Failure) 43M->43M(54M) 13.322ms
[2020-08-10T13:13:35.041+0300][1754.584s][info ][gc] GC(58282) Pause Young (Allocation Failure) 44M->44M(54M) 13.341ms
[2020-08-10T13:13:35.055+0300][1754.597s][info ][gc] GC(58283) Pause Young (Allocation Failure) 45M->45M(54M) 13.328ms
[2020-08-10T13:13:35.069+0300][1754.611s][info ][gc] GC(58284) Pause Young (Allocation Failure) 46M->46M(54M) 13.553ms
[2020-08-10T13:13:35.082+0300][1754.625s][info ][gc] GC(58285) Pause Young (Allocation Failure) 47M->47M(54M) 13.271ms
[2020-08-10T13:13:35.096+0300][1754.639s][info ][gc] GC(58286) Pause Young (Allocation Failure) 48M->48M(54M) 13.371ms
[2020-08-10T13:13:35.110+0300][1754.653s][info ][gc] GC(58287) Pause Young (Allocation Failure) 49M->49M(54M) 13.546ms
[2020-08-10T13:13:35.124+0300][1754.667s][info ][gc] GC(58288) Pause Young (Allocation Failure) 50M->50M(54M) 13.436ms
[2020-08-10T13:13:35.138+0300][1754.681s][info ][gc] GC(58289) Pause Young (Allocation Failure) 51M->50M(54M) 13.508ms
[2020-08-10T13:13:35.152+0300][1754.695s][info ][gc] GC(58290) Pause Young (Allocation Failure) 51M->51M(54M) 13.607ms
[2020-08-10T13:13:35.256+0300][1754.799s][debug][gc] GC(58291) Expanding ParOldGen from 52736K by 11776K to 64512K
[2020-08-10T13:13:35.256+0300][1754.799s][info ][gc] GC(58291) Pause Full (Ergonomics) 51M->51M(65M) 103.607ms
[2020-08-10T13:13:35.278+0300][1754.820s][info ][gc] GC(58292) Pause Young (Allocation Failure) 52M->52M(65M) 20.800ms
[2020-08-10T13:13:35.292+0300][1754.834s][info ][gc] GC(58293) Pause Young (Allocation Failure) 53M->53M(65M) 13.612ms
[2020-08-10T13:13:35.306+0300][1754.848s][info ][gc] GC(58294) Pause Young (Allocation Failure) 54M->54M(65M) 13.675ms
[2020-08-10T13:13:35.320+0300][1754.863s][info ][gc] GC(58295) Pause Young (Allocation Failure) 55M->55M(65M) 13.679ms
[2020-08-10T13:13:35.334+0300][1754.877s][info ][gc] GC(58296) Pause Young (Allocation Failure) 56M->56M(65M) 13.742ms
[2020-08-10T13:13:35.349+0300][1754.891s][info ][gc] GC(58297) Pause Young (Allocation Failure) 57M->57M(65M) 13.689ms
[2020-08-10T13:13:35.363+0300][1754.905s][info ][gc] GC(58298) Pause Young (Allocation Failure) 58M->58M(65M) 13.639ms
[2020-08-10T13:13:35.377+0300][1754.919s][info ][gc] GC(58299) Pause Young (Allocation Failure) 59M->59M(65M) 13.579ms
[2020-08-10T13:13:35.391+0300][1754.933s][info ][gc] GC(58300) Pause Young (Allocation Failure) 60M->60M(65M) 13.666ms
[2020-08-10T13:13:35.405+0300][1754.948s][info ][gc] GC(58301) Pause Young (Allocation Failure) 61M->61M(65M) 13.783ms
[2020-08-10T13:13:35.419+0300][1754.962s][info ][gc] GC(58302) Pause Young (Allocation Failure) 62M->62M(65M) 13.687ms
[2020-08-10T13:13:35.433+0300][1754.976s][info ][gc] GC(58303) Pause Young (Allocation Failure) 63M->63M(65M) 13.631ms
[2020-08-10T13:13:35.569+0300][1755.111s][debug][gc] GC(58304) Expanding ParOldGen from 64512K by 11264K to 75776K
[2020-08-10T13:13:35.569+0300][1755.111s][info ][gc] GC(58304) Pause Full (Ergonomics) 63M->63M(76M) 134.985ms
[2020-08-10T13:13:35.594+0300][1755.137s][info ][gc] GC(58305) Pause Young (Allocation Failure) 64M->64M(76M) 25.033ms
[2020-08-10T13:13:35.608+0300][1755.151s][info ][gc] GC(58306) Pause Young (Allocation Failure) 65M->64M(76M) 13.729ms
[2020-08-10T13:13:35.622+0300][1755.165s][info ][gc] GC(58307) Pause Young (Allocation Failure) 65M->65M(76M) 13.439ms
[2020-08-10T13:13:35.636+0300][1755.178s][info ][gc] GC(58308) Pause Young (Allocation Failure) 66M->66M(76M) 13.499ms
[2020-08-10T13:13:35.650+0300][1755.193s][info ][gc] GC(58309) Pause Young (Allocation Failure) 67M->67M(76M) 13.817ms
[2020-08-10T13:13:35.664+0300][1755.207s][info ][gc] GC(58310) Pause Young (Allocation Failure) 68M->68M(76M) 13.697ms
[2020-08-10T13:13:35.679+0300][1755.221s][info ][gc] GC(58311) Pause Young (Allocation Failure) 69M->69M(76M) 13.720ms
[2020-08-10T13:13:35.693+0300][1755.235s][info ][gc] GC(58312) Pause Young (Allocation Failure) 70M->70M(76M) 13.691ms
[2020-08-10T13:13:35.707+0300][1755.250s][info ][gc] GC(58313) Pause Young (Allocation Failure) 71M->71M(76M) 13.831ms
[2020-08-10T13:13:35.721+0300][1755.264s][info ][gc] GC(58314) Pause Young (Allocation Failure) 72M->72M(76M) 13.663ms
[2020-08-10T13:13:35.736+0300][1755.278s][info ][gc] GC(58315) Pause Young (Allocation Failure) 73M->73M(76M) 13.891ms
[2020-08-10T13:13:35.750+0300][1755.293s][info ][gc] GC(58316) Pause Young (Allocation Failure) 74M->74M(76M) 13.845ms
[2020-08-10T13:13:35.918+0300][1755.461s][debug][gc] GC(58317) Expanding ParOldGen from 75776K by 11776K to 87552K
[2020-08-10T13:13:35.919+0300][1755.461s][info ][gc] GC(58317) Pause Full (Ergonomics) 74M->74M(87M) 168.103ms
[2020-08-10T13:13:35.948+0300][1755.491s][info ][gc] GC(58318) Pause Young (Allocation Failure) 75M->75M(87M) 29.189ms
[2020-08-10T13:13:35.962+0300][1755.505s][info ][gc] GC(58319) Pause Young (Allocation Failure) 76M->76M(87M) 13.695ms
[2020-08-10T13:13:35.977+0300][1755.519s][info ][gc] GC(58320) Pause Young (Allocation Failure) 77M->77M(87M) 13.857ms
[2020-08-10T13:13:35.991+0300][1755.534s][info ][gc] GC(58321) Pause Young (Allocation Failure) 78M->78M(87M) 13.737ms
[2020-08-10T13:13:36.005+0300][1755.548s][info ][gc] GC(58322) Pause Young (Allocation Failure) 79M->79M(87M) 13.654ms
[2020-08-10T13:13:36.020+0300][1755.562s][info ][gc] GC(58323) Pause Young (Allocation Failure) 80M->80M(87M) 13.744ms
[2020-08-10T13:13:36.034+0300][1755.577s][info ][gc] GC(58324) Pause Young (Allocation Failure) 81M->81M(87M) 13.945ms
[2020-08-10T13:13:36.049+0300][1755.591s][info ][gc] GC(58325) Pause Young (Allocation Failure) 82M->81M(87M) 13.789ms
[2020-08-10T13:13:36.063+0300][1755.606s][info ][gc] GC(58326) Pause Young (Allocation Failure) 82M->82M(87M) 13.959ms
[2020-08-10T13:13:36.078+0300][1755.620s][info ][gc] GC(58327) Pause Young (Allocation Failure) 83M->83M(87M) 13.842ms
[2020-08-10T13:13:36.092+0300][1755.635s][info ][gc] GC(58328) Pause Young (Allocation Failure) 84M->84M(87M) 14.005ms
[2020-08-10T13:13:36.106+0300][1755.649s][info ][gc] GC(58329) Pause Young (Allocation Failure) 85M->85M(87M) 13.912ms
[2020-08-10T13:13:36.307+0300][1755.849s][debug][gc] GC(58330) Expanding ParOldGen from 87552K by 11264K to 98816K
[2020-08-10T13:13:36.307+0300][1755.849s][info ][gc] GC(58330) Pause Full (Ergonomics) 85M->85M(98M) 200.252ms
[2020-08-10T13:13:36.339+0300][1755.881s][info ][gc] GC(58331) Pause Young (Allocation Failure) 86M->86M(98M) 31.318ms
[2020-08-10T13:13:36.353+0300][1755.896s][info ][gc] GC(58332) Pause Young (Allocation Failure) 87M->87M(98M) 14.274ms
[2020-08-10T13:13:36.368+0300][1755.911s][info ][gc] GC(58333) Pause Young (Allocation Failure) 88M->88M(98M) 14.474ms
[2020-08-10T13:13:36.384+0300][1755.926s][info ][gc] GC(58334) Pause Young (Allocation Failure) 89M->89M(98M) 14.692ms
[2020-08-10T13:13:36.399+0300][1755.941s][info ][gc] GC(58335) Pause Young (Allocation Failure) 90M->90M(98M) 14.599ms
[2020-08-10T13:13:36.414+0300][1755.956s][info ][gc] GC(58336) Pause Young (Allocation Failure) 91M->91M(98M) 14.551ms
[2020-08-10T13:13:36.429+0300][1755.972s][info ][gc] GC(58337) Pause Young (Allocation Failure) 92M->92M(98M) 14.655ms
[2020-08-10T13:13:36.444+0300][1755.987s][info ][gc] GC(58338) Pause Young (Allocation Failure) 93M->93M(98M) 14.832ms
[2020-08-10T13:13:36.459+0300][1756.002s][info ][gc] GC(58339) Pause Young (Allocation Failure) 94M->94M(98M) 14.739ms
[2020-08-10T13:13:36.473+0300][1756.016s][info ][gc] GC(58340) Pause Young (Allocation Failure) 94M->94M(98M) 13.451ms
[2020-08-10T13:13:36.487+0300][1756.029s][info ][gc] GC(58341) Pause Young (Allocation Failure) 95M->95M(98M) 13.488ms
[2020-08-10T13:13:36.501+0300][1756.043s][info ][gc] GC(58342) Pause Young (Allocation Failure) 95M->95M(98M) 13.473ms
[2020-08-10T13:13:36.518+0300][1756.061s][info ][gc] GC(58343) Pause Young (Allocation Failure) 96M->96M(98M) 17.173ms
[2020-08-10T13:13:36.799+0300][1756.342s][debug][gc] GC(58344) Expanding ParOldGen from 98816K by 11264K to 110080K
[2020-08-10T13:13:36.799+0300][1756.342s][info ][gc] GC(58344) Pause Full (Ergonomics) 96M->95M(109M) 280.543ms
[2020-08-10T13:13:36.813+0300][1756.355s][info ][gc] GC(58345) Pause Young (Allocation Failure) 96M->96M(109M) 12.998ms
[2020-08-10T13:13:36.826+0300][1756.369s][info ][gc] GC(58346) Pause Young (Allocation Failure) 96M->96M(109M) 13.175ms
[2020-08-10T13:13:36.840+0300][1756.383s][info ][gc] GC(58347) Pause Young (Allocation Failure) 97M->97M(109M) 13.185ms
[2020-08-10T13:13:36.854+0300][1756.396s][info ][gc] GC(58348) Pause Young (Allocation Failure) 97M->97M(109M) 13.161ms
[2020-08-10T13:13:36.867+0300][1756.410s][info ][gc] GC(58349) Pause Young (Allocation Failure) 98M->98M(109M) 13.167ms
[2020-08-10T13:13:36.881+0300][1756.423s][info ][gc] GC(58350) Pause Young (Allocation Failure) 98M->98M(109M) 12.915ms
[2020-08-10T13:13:36.894+0300][1756.437s][info ][gc] GC(58351) Pause Young (Allocation Failure) 99M->99M(109M) 13.051ms
[2020-08-10T13:13:36.908+0300][1756.451s][info ][gc] GC(58352) Pause Young (Allocation Failure) 99M->99M(109M) 13.232ms
[2020-08-10T13:13:36.927+0300][1756.469s][info ][gc] GC(58353) Pause Young (Allocation Failure) 100M->100M(109M) 17.946ms
[2020-08-10T13:13:36.940+0300][1756.483s][info ][gc] GC(58354) Pause Young (Allocation Failure) 100M->100M(109M) 13.187ms
[2020-08-10T13:13:36.954+0300][1756.497s][info ][gc] GC(58355) Pause Young (Allocation Failure) 101M->100M(109M) 13.173ms
[2020-08-10T13:13:36.968+0300][1756.510s][info ][gc] GC(58356) Pause Young (Allocation Failure) 101M->101M(109M) 13.090ms
[2020-08-10T13:13:36.981+0300][1756.524s][info ][gc] GC(58357) Pause Young (Allocation Failure) 101M->101M(108M) 13.302ms
[2020-08-10T13:13:36.995+0300][1756.537s][info ][gc] GC(58358) Pause Young (Allocation Failure) 102M->102M(109M) 13.222ms
[2020-08-10T13:13:37.008+0300][1756.551s][info ][gc] GC(58359) Pause Young (Allocation Failure) 102M->102M(109M) 13.198ms
[2020-08-10T13:13:37.022+0300][1756.564s][info ][gc] GC(58360) Pause Young (Allocation Failure) 103M->103M(109M) 13.002ms
[2020-08-10T13:13:37.035+0300][1756.578s][info ][gc] GC(58361) Pause Young (Allocation Failure) 103M->103M(109M) 12.926ms
[2020-08-10T13:13:37.048+0300][1756.591s][info ][gc] GC(58362) Pause Young (Allocation Failure) 104M->104M(109M) 12.982ms
[2020-08-10T13:13:37.062+0300][1756.604s][info ][gc] GC(58363) Pause Young (Allocation Failure) 104M->104M(109M) 13.051ms
[2020-08-10T13:13:37.075+0300][1756.618s][info ][gc] GC(58364) Pause Young (Allocation Failure) 105M->105M(109M) 13.039ms
[2020-08-10T13:13:37.089+0300][1756.631s][info ][gc] GC(58365) Pause Young (Allocation Failure) 105M->105M(109M) 13.178ms
[2020-08-10T13:13:37.102+0300][1756.645s][info ][gc] GC(58366) Pause Young (Allocation Failure) 106M->105M(109M) 13.179ms
[2020-08-10T13:13:37.116+0300][1756.658s][info ][gc] GC(58367) Pause Young (Allocation Failure) 106M->106M(109M) 13.113ms
[2020-08-10T13:13:37.129+0300][1756.672s][info ][gc] GC(58368) Pause Young (Allocation Failure) 106M->106M(109M) 13.179ms
[2020-08-10T13:13:37.143+0300][1756.685s][info ][gc] GC(58369) Pause Young (Allocation Failure) 107M->107M(109M) 12.987ms
[2020-08-10T13:13:37.468+0300][1757.009s][debug][gc] GC(58370) Expanding ParOldGen from 110080K by 10752K to 120832K
[2020-08-10T13:13:37.468+0300][1757.009s][info ][gc] GC(58370) Pause Full (Ergonomics) 107M->107M(119M) 323.915ms
[2020-08-10T13:13:37.481+0300][1757.023s][info ][gc] GC(58371) Pause Young (Allocation Failure) 107M->107M(119M) 13.112ms
[2020-08-10T13:13:37.495+0300][1757.037s][info ][gc] GC(58372) Pause Young (Allocation Failure) 108M->108M(119M) 13.193ms
[2020-08-10T13:13:37.509+0300][1757.050s][info ][gc] GC(58373) Pause Young (Allocation Failure) 108M->108M(119M) 13.189ms
[2020-08-10T13:13:37.522+0300][1757.064s][info ][gc] GC(58374) Pause Young (Allocation Failure) 109M->109M(119M) 13.286ms
[2020-08-10T13:13:37.536+0300][1757.078s][info ][gc] GC(58375) Pause Young (Allocation Failure) 109M->109M(119M) 13.380ms
[2020-08-10T13:13:37.550+0300][1757.091s][info ][gc] GC(58376) Pause Young (Allocation Failure) 110M->109M(119M) 13.124ms
[2020-08-10T13:13:37.563+0300][1757.105s][info ][gc] GC(58377) Pause Young (Allocation Failure) 110M->110M(119M) 13.372ms
[2020-08-10T13:13:37.582+0300][1757.124s][info ][gc] GC(58378) Pause Young (Allocation Failure) 110M->110M(119M) 18.649ms
[2020-08-10T13:13:37.596+0300][1757.138s][info ][gc] GC(58379) Pause Young (Allocation Failure) 111M->111M(119M) 13.204ms
[2020-08-10T13:13:37.610+0300][1757.152s][info ][gc] GC(58380) Pause Young (Allocation Failure) 111M->111M(119M) 13.205ms
[2020-08-10T13:13:37.624+0300][1757.166s][info ][gc] GC(58381) Pause Young (Allocation Failure) 112M->112M(119M) 13.559ms
[2020-08-10T13:13:37.638+0300][1757.180s][info ][gc] GC(58382) Pause Young (Allocation Failure) 112M->112M(119M) 13.493ms
[2020-08-10T13:13:37.652+0300][1757.194s][info ][gc] GC(58383) Pause Young (Allocation Failure) 113M->113M(119M) 13.533ms
[2020-08-10T13:13:37.666+0300][1757.208s][info ][gc] GC(58384) Pause Young (Allocation Failure) 113M->113M(119M) 13.605ms
[2020-08-10T13:13:37.680+0300][1757.221s][info ][gc] GC(58385) Pause Young (Allocation Failure) 114M->114M(119M) 13.383ms
[2020-08-10T13:13:37.694+0300][1757.235s][info ][gc] GC(58386) Pause Young (Allocation Failure) 114M->114M(119M) 13.727ms
[2020-08-10T13:13:37.708+0300][1757.249s][info ][gc] GC(58387) Pause Young (Allocation Failure) 115M->114M(119M) 13.605ms
[2020-08-10T13:13:37.722+0300][1757.263s][info ][gc] GC(58388) Pause Young (Allocation Failure) 115M->115M(119M) 13.871ms
[2020-08-10T13:13:37.736+0300][1757.277s][info ][gc] GC(58389) Pause Young (Allocation Failure) 115M->115M(119M) 13.436ms
[2020-08-10T13:13:37.750+0300][1757.291s][info ][gc] GC(58390) Pause Young (Allocation Failure) 116M->116M(119M) 13.744ms
[2020-08-10T13:13:37.764+0300][1757.305s][info ][gc] GC(58391) Pause Young (Allocation Failure) 116M->116M(119M) 13.690ms
[2020-08-10T13:13:37.778+0300][1757.319s][info ][gc] GC(58392) Pause Young (Allocation Failure) 117M->117M(119M) 13.681ms
[2020-08-10T13:13:37.792+0300][1757.333s][info ][gc] GC(58393) Pause Young (Allocation Failure) 117M->117M(119M) 13.645ms
[2020-08-10T13:13:37.806+0300][1757.347s][info ][gc] GC(58394) Pause Young (Allocation Failure) 118M->118M(119M) 13.679ms
[2020-08-10T13:13:38.094+0300][1757.635s][debug][gc] GC(58395) Expanding ParOldGen from 120832K by 10752K to 131584K
[2020-08-10T13:13:38.094+0300][1757.636s][info ][gc] GC(58395) Pause Full (Ergonomics) 118M->117M(130M) 288.268ms
[2020-08-10T13:13:38.108+0300][1757.649s][info ][gc] GC(58396) Pause Young (Allocation Failure) 118M->118M(130M) 13.057ms
[2020-08-10T13:13:38.122+0300][1757.664s][info ][gc] GC(58397) Pause Young (Allocation Failure) 118M->118M(130M) 14.302ms
[2020-08-10T13:13:38.147+0300][1757.689s][info ][gc] GC(58398) Pause Young (Allocation Failure) 119M->119M(130M) 24.288ms
[2020-08-10T13:13:38.162+0300][1757.704s][info ][gc] GC(58399) Pause Young (Allocation Failure) 119M->119M(130M) 14.786ms
[2020-08-10T13:13:38.177+0300][1757.719s][info ][gc] GC(58400) Pause Young (Allocation Failure) 120M->120M(130M) 14.433ms
[2020-08-10T13:13:38.192+0300][1757.734s][info ][gc] GC(58401) Pause Young (Allocation Failure) 120M->120M(130M) 14.585ms
[2020-08-10T13:13:38.229+0300][1757.770s][info ][gc] GC(58402) Pause Young (Allocation Failure) 121M->121M(130M) 36.378ms
[2020-08-10T13:13:38.244+0300][1757.785s][info ][gc] GC(58403) Pause Young (Allocation Failure) 121M->121M(130M) 14.407ms
[2020-08-10T13:13:38.259+0300][1757.800s][info ][gc] GC(58404) Pause Young (Allocation Failure) 122M->122M(130M) 14.539ms
[2020-08-10T13:13:38.274+0300][1757.815s][info ][gc] GC(58405) Pause Young (Allocation Failure) 122M->122M(130M) 14.710ms
[2020-08-10T13:13:38.295+0300][1757.837s][info ][gc] GC(58406) Pause Young (Allocation Failure) 123M->122M(130M) 20.773ms
[2020-08-10T13:13:38.330+0300][1757.871s][info ][gc] GC(58407) Pause Young (Allocation Failure) 123M->123M(130M) 34.278ms
[2020-08-10T13:13:38.345+0300][1757.886s][info ][gc] GC(58408) Pause Young (Allocation Failure) 123M->123M(130M) 14.817ms
[2020-08-10T13:13:38.360+0300][1757.902s][info ][gc] GC(58409) Pause Young (Allocation Failure) 124M->124M(130M) 14.671ms
[2020-08-10T13:13:38.397+0300][1757.938s][info ][gc] GC(58410) Pause Young (Allocation Failure) 124M->124M(130M) 36.392ms
[2020-08-10T13:13:38.419+0300][1757.960s][info ][gc] GC(58411) Pause Young (Allocation Failure) 125M->125M(130M) 21.917ms
[2020-08-10T13:13:38.434+0300][1757.976s][info ][gc] GC(58412) Pause Young (Allocation Failure) 125M->125M(130M) 14.678ms
[2020-08-10T13:13:38.449+0300][1757.991s][info ][gc] GC(58413) Pause Young (Allocation Failure) 126M->126M(130M) 14.933ms
[2020-08-10T13:13:38.465+0300][1758.006s][info ][gc] GC(58414) Pause Young (Allocation Failure) 126M->126M(130M) 15.038ms
[2020-08-10T13:13:38.480+0300][1758.021s][info ][gc] GC(58415) Pause Young (Allocation Failure) 127M->127M(130M) 14.727ms
[2020-08-10T13:13:38.496+0300][1758.037s][info ][gc] GC(58416) Pause Young (Allocation Failure) 127M->127M(130M) 15.402ms
[2020-08-10T13:13:38.533+0300][1758.074s][info ][gc] GC(58417) Pause Young (Allocation Failure) 128M->128M(130M) 36.750ms
[2020-08-10T13:13:38.548+0300][1758.090s][info ][gc] GC(58418) Pause Young (Allocation Failure) 128M->128M(130M) 14.925ms
[2020-08-10T13:13:38.572+0300][1758.114s][info ][gc] GC(58419) Pause Young (Allocation Failure) 128M->128M(130M) 23.766ms
[2020-08-10T13:13:39.087+0300][1758.629s][debug][gc] GC(58420) Expanding ParOldGen from 131584K by 10752K to 142336K
[2020-08-10T13:13:39.087+0300][1758.629s][info ][gc] GC(58420) Pause Full (Ergonomics) 128M->128M(140M) 515.080ms
[2020-08-10T13:13:39.120+0300][1758.662s][info ][gc] GC(58421) Pause Young (Allocation Failure) 129M->129M(140M) 32.483ms
[2020-08-10T13:13:39.136+0300][1758.678s][info ][gc] GC(58422) Pause Young (Allocation Failure) 129M->129M(140M) 15.706ms
[2020-08-10T13:13:39.152+0300][1758.694s][info ][gc] GC(58423) Pause Young (Allocation Failure) 130M->130M(140M) 15.609ms
[2020-08-10T13:13:39.168+0300][1758.710s][info ][gc] GC(58424) Pause Young (Allocation Failure) 130M->130M(140M) 15.556ms
[2020-08-10T13:13:39.184+0300][1758.726s][info ][gc] GC(58425) Pause Young (Allocation Failure) 131M->130M(140M) 15.532ms
[2020-08-10T13:13:39.200+0300][1758.742s][info ][gc] GC(58426) Pause Young (Allocation Failure) 131M->131M(140M) 15.477ms
[2020-08-10T13:13:39.216+0300][1758.758s][info ][gc] GC(58427) Pause Young (Allocation Failure) 131M->131M(140M) 15.430ms
[2020-08-10T13:13:39.232+0300][1758.774s][info ][gc] GC(58428) Pause Young (Allocation Failure) 132M->132M(140M) 15.621ms
[2020-08-10T13:13:39.248+0300][1758.790s][info ][gc] GC(58429) Pause Young (Allocation Failure) 132M->132M(140M) 15.609ms
[2020-08-10T13:13:39.264+0300][1758.806s][info ][gc] GC(58430) Pause Young (Allocation Failure) 133M->133M(140M) 15.660ms
[2020-08-10T13:13:39.280+0300][1758.822s][info ][gc] GC(58431) Pause Young (Allocation Failure) 133M->133M(140M) 15.621ms
[2020-08-10T13:13:39.297+0300][1758.838s][info ][gc] GC(58432) Pause Young (Allocation Failure) 134M->134M(140M) 15.690ms
[2020-08-10T13:13:39.313+0300][1758.854s][info ][gc] GC(58433) Pause Young (Allocation Failure) 134M->134M(140M) 15.735ms
[2020-08-10T13:13:39.329+0300][1758.871s][info ][gc] GC(58434) Pause Young (Allocation Failure) 135M->135M(140M) 15.707ms
[2020-08-10T13:13:39.345+0300][1758.887s][info ][gc] GC(58435) Pause Young (Allocation Failure) 135M->135M(140M) 15.532ms
[2020-08-10T13:13:39.345+0300][1758.887s][debug][gc] Expanding ParOldGen from 142336K by 19968K to 162304K
[2020-08-10T13:13:39.368+0300][1758.910s][info ][gc] GC(58436) Pause Young (Allocation Failure) 155M->154M(160M) 14.811ms
[2020-08-10T13:13:39.388+0300][1758.930s][info ][gc] GC(58437) Pause Young (Allocation Failure) 155M->155M(160M) 19.255ms
[2020-08-10T13:13:39.408+0300][1758.950s][info ][gc] GC(58438) Pause Young (Allocation Failure) 155M->155M(160M) 19.741ms
[2020-08-10T13:13:39.422+0300][1758.964s][info ][gc] GC(58439) Pause Young (Allocation Failure) 156M->156M(160M) 13.443ms
[2020-08-10T13:13:39.442+0300][1758.984s][info ][gc] GC(58440) Pause Young (Allocation Failure) 156M->156M(160M) 19.891ms
[2020-08-10T13:13:39.456+0300][1758.998s][info ][gc] GC(58441) Pause Young (Allocation Failure) 157M->157M(160M) 13.288ms
[2020-08-10T13:13:39.473+0300][1759.015s][info ][gc] GC(58442) Pause Young (Allocation Failure) 157M->157M(160M) 16.967ms
[2020-08-10T13:13:39.487+0300][1759.029s][info ][gc] GC(58443) Pause Young (Allocation Failure) 158M->158M(160M) 13.492ms
[2020-08-10T13:13:39.501+0300][1759.042s][info ][gc] GC(58444) Pause Young (Allocation Failure) 158M->158M(160M) 13.331ms
[2020-08-10T13:13:39.551+0300][1759.093s][debug][gc] GC(58445) Shrinking ParOldGen from 162304K by 125952K to 36352K
[2020-08-10T13:13:39.551+0300][1759.093s][info ][gc] GC(58445) Pause Full (Ergonomics) 158M->24M(37M) 50.395ms
[2020-08-10T13:13:39.564+0300][1759.106s][info ][gc] GC(58446) Pause Young (Allocation Failure) 25M->25M(37M) 12.629ms
[2020-08-10T13:13:39.578+0300][1759.119s][info ][gc] GC(58447) Pause Young (Allocation Failure) 25M->25M(37M) 13.129ms
[2020-08-10T13:13:39.591+0300][1759.133s][info ][gc] GC(58448) Pause Young (Allocation Failure) 26M->26M(37M) 12.869ms
[2020-08-10T13:13:39.604+0300][1759.146s][info ][gc] GC(58449) Pause Young (Allocation Failure) 26M->26M(37M) 12.804ms
[2020-08-10T13:13:39.617+0300][1759.159s][info ][gc] GC(58450) Pause Young (Allocation Failure) 27M->27M(37M) 12.774ms
[2020-08-10T13:13:39.630+0300][1759.172s][info ][gc] GC(58451) Pause Young (Allocation Failure) 27M->27M(37M) 12.844ms
[2020-08-10T13:13:39.644+0300][1759.185s][info ][gc] GC(58452) Pause Young (Allocation Failure) 27M->27M(37M) 12.902ms
[2020-08-10T13:13:39.657+0300][1759.199s][info ][gc] GC(58453) Pause Young (Allocation Failure) 28M->28M(37M) 13.226ms
[2020-08-10T13:13:39.671+0300][1759.213s][info ][gc] GC(58454) Pause Young (Allocation Failure) 29M->29M(37M) 13.091ms
[2020-08-10T13:13:39.685+0300][1759.227s][info ][gc] GC(58455) Pause Young (Allocation Failure) 30M->30M(37M) 13.375ms
[2020-08-10T13:13:39.699+0300][1759.241s][info ][gc] GC(58456) Pause Young (Allocation Failure) 31M->31M(38M) 13.680ms
[2020-08-10T13:13:39.713+0300][1759.255s][info ][gc] GC(58457) Pause Young (Allocation Failure) 32M->32M(38M) 13.292ms
[2020-08-10T13:13:39.727+0300][1759.269s][info ][gc] GC(58458) Pause Young (Allocation Failure) 33M->33M(38M) 13.380ms
[2020-08-10T13:13:39.741+0300][1759.282s][info ][gc] GC(58459) Pause Young (Allocation Failure) 34M->34M(38M) 13.285ms
[2020-08-10T13:13:39.754+0300][1759.296s][info ][gc] GC(58460) Pause Young (Allocation Failure) 35M->35M(38M) 13.415ms
[2020-08-10T13:13:39.813+0300][1759.354s][debug][gc] GC(58461) Expanding ParOldGen from 36352K by 11264K to 47616K
[2020-08-10T13:13:39.813+0300][1759.355s][info ][gc] GC(58461) Pause Full (Ergonomics) 35M->35M(49M) 58.300ms
[2020-08-10T13:13:39.826+0300][1759.368s][info ][gc] GC(58462) Pause Young (Allocation Failure) 36M->36M(49M) 12.964ms
[2020-08-10T13:13:39.840+0300][1759.382s][info ][gc] GC(58463) Pause Young (Allocation Failure) 37M->37M(49M) 13.485ms
[2020-08-10T13:13:39.854+0300][1759.396s][info ][gc] GC(58464) Pause Young (Allocation Failure) 38M->38M(49M) 13.262ms
[2020-08-10T13:13:39.868+0300][1759.409s][info ][gc] GC(58465) Pause Young (Allocation Failure) 39M->38M(49M) 13.260ms
[2020-08-10T13:13:39.881+0300][1759.423s][info ][gc] GC(58466) Pause Young (Allocation Failure) 39M->39M(49M) 13.384ms
[2020-08-10T13:13:39.895+0300][1759.437s][info ][gc] GC(58467) Pause Young (Allocation Failure) 40M->40M(49M) 13.441ms
[2020-08-10T13:13:39.909+0300][1759.451s][info ][gc] GC(58468) Pause Young (Allocation Failure) 41M->41M(49M) 13.425ms
[2020-08-10T13:13:39.923+0300][1759.465s][info ][gc] GC(58469) Pause Young (Allocation Failure) 42M->42M(49M) 13.477ms
[2020-08-10T13:13:39.937+0300][1759.479s][info ][gc] GC(58470) Pause Young (Allocation Failure) 43M->43M(49M) 13.519ms
[2020-08-10T13:13:39.951+0300][1759.493s][info ][gc] GC(58471) Pause Young (Allocation Failure) 44M->44M(49M) 13.457ms
[2020-08-10T13:13:39.965+0300][1759.507s][info ][gc] GC(58472) Pause Young (Allocation Failure) 45M->45M(49M) 13.516ms
[2020-08-10T13:13:39.979+0300][1759.521s][info ][gc] GC(58473) Pause Young (Allocation Failure) 46M->46M(49M) 13.477ms
[2020-08-10T13:13:40.067+0300][1759.609s][debug][gc] GC(58474) Expanding ParOldGen from 47616K by 11776K to 59392K
[2020-08-10T13:13:40.067+0300][1759.609s][info ][gc] GC(58474) Pause Full (Ergonomics) 46M->46M(60M) 87.411ms
[2020-08-10T13:13:40.080+0300][1759.622s][info ][gc] GC(58475) Pause Young (Allocation Failure) 47M->47M(60M) 12.784ms
[2020-08-10T13:13:40.094+0300][1759.636s][info ][gc] GC(58476) Pause Young (Allocation Failure) 48M->48M(60M) 13.371ms
[2020-08-10T13:13:40.108+0300][1759.650s][info ][gc] GC(58477) Pause Young (Allocation Failure) 49M->49M(60M) 13.414ms
[2020-08-10T13:13:40.122+0300][1759.664s][info ][gc] GC(58478) Pause Young (Allocation Failure) 50M->50M(60M) 13.472ms
[2020-08-10T13:13:40.136+0300][1759.678s][info ][gc] GC(58479) Pause Young (Allocation Failure) 51M->51M(60M) 13.247ms
[2020-08-10T13:13:40.150+0300][1759.691s][info ][gc] GC(58480) Pause Young (Allocation Failure) 52M->51M(60M) 13.305ms
[2020-08-10T13:13:40.164+0300][1759.705s][info ][gc] GC(58481) Pause Young (Allocation Failure) 52M->52M(60M) 13.376ms
[2020-08-10T13:13:40.178+0300][1759.719s][info ][gc] GC(58482) Pause Young (Allocation Failure) 53M->53M(60M) 13.461ms
[2020-08-10T13:13:40.192+0300][1759.733s][info ][gc] GC(58483) Pause Young (Allocation Failure) 54M->54M(60M) 13.456ms
[2020-08-10T13:13:40.206+0300][1759.747s][info ][gc] GC(58484) Pause Young (Allocation Failure) 55M->55M(60M) 13.343ms
[2020-08-10T13:13:40.220+0300][1759.761s][info ][gc] GC(58485) Pause Young (Allocation Failure) 56M->56M(60M) 13.506ms
[2020-08-10T13:13:40.234+0300][1759.775s][info ][gc] GC(58486) Pause Young (Allocation Failure) 57M->57M(60M) 13.519ms
[2020-08-10T13:13:40.248+0300][1759.790s][info ][gc] GC(58487) Pause Young (Allocation Failure) 58M->58M(60M) 13.517ms
[2020-08-10T13:13:40.369+0300][1759.911s][debug][gc] GC(58488) Expanding ParOldGen from 59392K by 11776K to 71168K
[2020-08-10T13:13:40.370+0300][1759.911s][info ][gc] GC(58488) Pause Full (Ergonomics) 58M->58M(72M) 121.473ms
[2020-08-10T13:13:40.394+0300][1759.935s][info ][gc] GC(58489) Pause Young (Allocation Failure) 59M->59M(72M) 23.500ms
[2020-08-10T13:13:40.408+0300][1759.950s][info ][gc] GC(58490) Pause Young (Allocation Failure) 60M->60M(72M) 13.547ms
[2020-08-10T13:13:40.422+0300][1759.964s][info ][gc] GC(58491) Pause Young (Allocation Failure) 61M->61M(72M) 13.735ms
[2020-08-10T13:13:40.436+0300][1759.978s][info ][gc] GC(58492) Pause Young (Allocation Failure) 62M->62M(72M) 13.632ms
[2020-08-10T13:13:40.450+0300][1759.992s][info ][gc] GC(58493) Pause Young (Allocation Failure) 63M->63M(72M) 13.482ms
[2020-08-10T13:13:40.464+0300][1760.006s][info ][gc] GC(58494) Pause Young (Allocation Failure) 64M->64M(72M) 13.537ms
[2020-08-10T13:13:40.478+0300][1760.020s][info ][gc] GC(58495) Pause Young (Allocation Failure) 65M->65M(72M) 13.539ms
[2020-08-10T13:13:40.492+0300][1760.034s][info ][gc] GC(58496) Pause Young (Allocation Failure) 66M->66M(72M) 13.655ms
[2020-08-10T13:13:40.506+0300][1760.048s][info ][gc] GC(58497) Pause Young (Allocation Failure) 67M->66M(72M) 13.463ms
[2020-08-10T13:13:40.520+0300][1760.062s][info ][gc] GC(58498) Pause Young (Allocation Failure) 67M->67M(72M) 13.636ms
[2020-08-10T13:13:40.534+0300][1760.076s][info ][gc] GC(58499) Pause Young (Allocation Failure) 68M->68M(72M) 13.674ms
[2020-08-10T13:13:40.549+0300][1760.090s][info ][gc] GC(58500) Pause Young (Allocation Failure) 69M->69M(72M) 13.756ms
[2020-08-10T13:13:40.733+0300][1760.275s][debug][gc] GC(58501) Expanding ParOldGen from 71168K by 11264K to 82432K
[2020-08-10T13:13:40.733+0300][1760.275s][info ][gc] GC(58501) Pause Full (Ergonomics) 69M->69M(83M) 184.123ms
[2020-08-10T13:13:40.771+0300][1760.313s][info ][gc] GC(58502) Pause Young (Allocation Failure) 70M->70M(83M) 37.643ms
[2020-08-10T13:13:40.785+0300][1760.327s][info ][gc] GC(58503) Pause Young (Allocation Failure) 71M->71M(83M) 13.762ms
[2020-08-10T13:13:40.800+0300][1760.342s][info ][gc] GC(58504) Pause Young (Allocation Failure) 72M->72M(83M) 13.780ms
[2020-08-10T13:13:40.814+0300][1760.356s][info ][gc] GC(58505) Pause Young (Allocation Failure) 73M->73M(83M) 13.906ms
[2020-08-10T13:13:40.829+0300][1760.370s][info ][gc] GC(58506) Pause Young (Allocation Failure) 74M->74M(83M) 13.756ms
[2020-08-10T13:13:40.843+0300][1760.384s][info ][gc] GC(58507) Pause Young (Allocation Failure) 75M->75M(83M) 13.689ms
[2020-08-10T13:13:40.857+0300][1760.399s][info ][gc] GC(58508) Pause Young (Allocation Failure) 76M->76M(83M) 13.731ms
[2020-08-10T13:13:40.872+0300][1760.413s][info ][gc] GC(58509) Pause Young (Allocation Failure) 77M->77M(83M) 13.883ms
[2020-08-10T13:13:40.886+0300][1760.428s][info ][gc] GC(58510) Pause Young (Allocation Failure) 78M->78M(83M) 13.912ms
[2020-08-10T13:13:40.901+0300][1760.442s][info ][gc] GC(58511) Pause Young (Allocation Failure) 79M->79M(83M) 13.886ms
[2020-08-10T13:13:40.915+0300][1760.457s][info ][gc] GC(58512) Pause Young (Allocation Failure) 80M->80M(83M) 13.810ms
[2020-08-10T13:13:40.929+0300][1760.471s][info ][gc] GC(58513) Pause Young (Allocation Failure) 81M->81M(83M) 13.849ms
[2020-08-10T13:13:41.111+0300][1760.653s][debug][gc] GC(58514) Expanding ParOldGen from 82432K by 11264K to 93696K
[2020-08-10T13:13:41.111+0300][1760.653s][info ][gc] GC(58514) Pause Full (Ergonomics) 81M->80M(94M) 181.646ms
[2020-08-10T13:13:41.144+0300][1760.685s][info ][gc] GC(58515) Pause Young (Allocation Failure) 81M->81M(94M) 31.845ms
[2020-08-10T13:13:41.158+0300][1760.700s][info ][gc] GC(58516) Pause Young (Allocation Failure) 82M->82M(94M) 13.982ms
[2020-08-10T13:13:41.173+0300][1760.715s][info ][gc] GC(58517) Pause Young (Allocation Failure) 83M->83M(94M) 14.032ms
[2020-08-10T13:13:41.188+0300][1760.730s][info ][gc] GC(58518) Pause Young (Allocation Failure) 84M->84M(93M) 14.339ms
[2020-08-10T13:13:41.202+0300][1760.744s][info ][gc] GC(58519) Pause Young (Allocation Failure) 85M->85M(93M) 14.072ms
[2020-08-10T13:13:41.217+0300][1760.759s][info ][gc] GC(58520) Pause Young (Allocation Failure) 86M->86M(93M) 14.266ms
[2020-08-10T13:13:41.232+0300][1760.774s][info ][gc] GC(58521) Pause Young (Allocation Failure) 87M->87M(94M) 14.528ms
[2020-08-10T13:13:41.247+0300][1760.789s][info ][gc] GC(58522) Pause Young (Allocation Failure) 88M->88M(94M) 14.403ms
[2020-08-10T13:13:41.262+0300][1760.804s][info ][gc] GC(58523) Pause Young (Allocation Failure) 89M->89M(94M) 14.712ms
[2020-08-10T13:13:41.277+0300][1760.819s][info ][gc] GC(58524) Pause Young (Allocation Failure) 90M->90M(94M) 14.507ms
[2020-08-10T13:13:41.293+0300][1760.834s][info ][gc] GC(58525) Pause Young (Allocation Failure) 91M->91M(94M) 14.590ms
[2020-08-10T13:13:41.519+0300][1761.061s][debug][gc] GC(58526) Expanding ParOldGen from 93696K by 11264K to 104960K
[2020-08-10T13:13:41.519+0300][1761.061s][info ][gc] GC(58526) Pause Full (Ergonomics) 91M->91M(105M) 226.622ms
[2020-08-10T13:13:41.533+0300][1761.075s][info ][gc] GC(58527) Pause Young (Allocation Failure) 92M->92M(105M) 13.213ms
[2020-08-10T13:13:41.548+0300][1761.090s][info ][gc] GC(58528) Pause Young (Allocation Failure) 93M->93M(105M) 14.399ms
[2020-08-10T13:13:41.563+0300][1761.105s][info ][gc] GC(58529) Pause Young (Allocation Failure) 94M->94M(105M) 14.576ms
[2020-08-10T13:13:41.578+0300][1761.120s][info ][gc] GC(58530) Pause Young (Allocation Failure) 95M->95M(105M) 14.589ms
[2020-08-10T13:13:41.594+0300][1761.135s][info ][gc] GC(58531) Pause Young (Allocation Failure) 96M->96M(105M) 15.054ms
[2020-08-10T13:13:41.609+0300][1761.151s][info ][gc] GC(58532) Pause Young (Allocation Failure) 97M->97M(105M) 15.137ms
[2020-08-10T13:13:41.625+0300][1761.167s][info ][gc] GC(58533) Pause Young (Allocation Failure) 98M->98M(105M) 14.944ms
[2020-08-10T13:13:41.640+0300][1761.182s][info ][gc] GC(58534) Pause Young (Allocation Failure) 99M->98M(105M) 15.004ms
[2020-08-10T13:13:41.656+0300][1761.198s][info ][gc] GC(58535) Pause Young (Allocation Failure) 99M->99M(105M) 15.164ms
[2020-08-10T13:13:41.672+0300][1761.213s][info ][gc] GC(58536) Pause Young (Allocation Failure) 100M->100M(105M) 15.087ms
[2020-08-10T13:13:41.687+0300][1761.229s][info ][gc] GC(58537) Pause Young (Allocation Failure) 101M->101M(105M) 15.283ms
[2020-08-10T13:13:41.703+0300][1761.245s][info ][gc] GC(58538) Pause Young (Allocation Failure) 102M->102M(105M) 15.216ms
[2020-08-10T13:13:41.955+0300][1761.497s][debug][gc] GC(58539) Expanding ParOldGen from 104960K by 11264K to 116224K
[2020-08-10T13:13:41.955+0300][1761.497s][info ][gc] GC(58539) Pause Full (Ergonomics) 102M->102M(116M) 251.502ms
[2020-08-10T13:13:41.991+0300][1761.533s][info ][gc] GC(58540) Pause Young (Allocation Failure) 103M->103M(116M) 35.443ms
[2020-08-10T13:13:42.007+0300][1761.549s][info ][gc] GC(58541) Pause Young (Allocation Failure) 104M->104M(116M) 16.007ms
[2020-08-10T13:13:42.024+0300][1761.566s][info ][gc] GC(58542) Pause Young (Allocation Failure) 105M->105M(116M) 15.902ms
[2020-08-10T13:13:42.040+0300][1761.582s][info ][gc] GC(58543) Pause Young (Allocation Failure) 106M->106M(116M) 16.014ms
[2020-08-10T13:13:42.057+0300][1761.599s][info ][gc] GC(58544) Pause Young (Allocation Failure) 107M->107M(116M) 16.290ms
[2020-08-10T13:13:42.074+0300][1761.616s][info ][gc] GC(58545) Pause Young (Allocation Failure) 108M->108M(116M) 16.311ms
[2020-08-10T13:13:42.091+0300][1761.633s][info ][gc] GC(58546) Pause Young (Allocation Failure) 109M->109M(116M) 16.213ms
[2020-08-10T13:13:42.108+0300][1761.650s][info ][gc] GC(58547) Pause Young (Allocation Failure) 110M->110M(116M) 16.270ms
[2020-08-10T13:13:42.125+0300][1761.667s][info ][gc] GC(58548) Pause Young (Allocation Failure) 111M->111M(116M) 16.440ms
[2020-08-10T13:13:42.142+0300][1761.684s][info ][gc] GC(58549) Pause Young (Allocation Failure) 112M->112M(116M) 16.801ms
[2020-08-10T13:13:42.159+0300][1761.701s][info ][gc] GC(58550) Pause Young (Allocation Failure) 113M->113M(116M) 16.733ms
[2020-08-10T13:13:42.176+0300][1761.718s][info ][gc] GC(58551) Pause Young (Allocation Failure) 114M->114M(116M) 16.348ms
[2020-08-10T13:13:42.450+0300][1761.992s][debug][gc] GC(58552) Expanding ParOldGen from 116224K by 11776K to 128000K
[2020-08-10T13:13:42.450+0300][1761.992s][info ][gc] GC(58552) Pause Full (Ergonomics) 114M->113M(127M) 274.095ms
[2020-08-10T13:13:42.481+0300][1762.023s][info ][gc] GC(58553) Pause Young (Allocation Failure) 114M->114M(127M) 30.436ms
[2020-08-10T13:13:42.499+0300][1762.040s][info ][gc] GC(58554) Pause Young (Allocation Failure) 115M->115M(127M) 17.069ms
[2020-08-10T13:13:42.516+0300][1762.058s][info ][gc] GC(58555) Pause Young (Allocation Failure) 116M->116M(127M) 17.157ms
[2020-08-10T13:13:42.534+0300][1762.076s][info ][gc] GC(58556) Pause Young (Allocation Failure) 117M->117M(127M) 17.023ms
[2020-08-10T13:13:42.551+0300][1762.093s][info ][gc] GC(58557) Pause Young (Allocation Failure) 118M->118M(127M) 16.936ms
[2020-08-10T13:13:42.569+0300][1762.111s][info ][gc] GC(58558) Pause Young (Allocation Failure) 119M->119M(127M) 17.382ms
[2020-08-10T13:13:42.587+0300][1762.128s][info ][gc] GC(58559) Pause Young (Allocation Failure) 120M->120M(127M) 17.242ms
[2020-08-10T13:13:42.605+0300][1762.146s][info ][gc] GC(58560) Pause Young (Allocation Failure) 121M->121M(127M) 17.573ms
[2020-08-10T13:13:42.623+0300][1762.164s][info ][gc] GC(58561) Pause Young (Allocation Failure) 122M->122M(127M) 17.628ms
[2020-08-10T13:13:42.641+0300][1762.182s][info ][gc] GC(58562) Pause Young (Allocation Failure) 123M->123M(127M) 17.698ms
[2020-08-10T13:13:42.659+0300][1762.201s][info ][gc] GC(58563) Pause Young (Allocation Failure) 124M->124M(127M) 17.593ms
[2020-08-10T13:13:42.677+0300][1762.219s][info ][gc] GC(58564) Pause Young (Allocation Failure) 125M->125M(127M) 17.823ms
[2020-08-10T13:13:43.049+0300][1762.590s][debug][gc] GC(58565) Expanding ParOldGen from 128000K by 11264K to 139264K
[2020-08-10T13:13:43.049+0300][1762.591s][info ][gc] GC(58565) Pause Full (Ergonomics) 125M->125M(138M) 371.535ms
[2020-08-10T13:13:43.081+0300][1762.623s][info ][gc] GC(58566) Pause Young (Allocation Failure) 126M->126M(138M) 32.290ms
[2020-08-10T13:13:43.100+0300][1762.641s][info ][gc] GC(58567) Pause Young (Allocation Failure) 127M->127M(138M) 17.600ms
[2020-08-10T13:13:43.118+0300][1762.660s][info ][gc] GC(58568) Pause Young (Allocation Failure) 128M->128M(138M) 18.273ms
[2020-08-10T13:13:43.138+0300][1762.680s][info ][gc] GC(58569) Pause Young (Allocation Failure) 129M->129M(138M) 18.872ms
[2020-08-10T13:13:43.156+0300][1762.698s][info ][gc] GC(58570) Pause Young (Allocation Failure) 130M->130M(138M) 17.830ms
[2020-08-10T13:13:43.175+0300][1762.717s][info ][gc] GC(58571) Pause Young (Allocation Failure) 131M->130M(138M) 18.461ms
[2020-08-10T13:13:43.194+0300][1762.736s][info ][gc] GC(58572) Pause Young (Allocation Failure) 131M->131M(138M) 18.528ms
[2020-08-10T13:13:43.213+0300][1762.755s][info ][gc] GC(58573) Pause Young (Allocation Failure) 132M->132M(138M) 18.015ms
[2020-08-10T13:13:43.231+0300][1762.773s][info ][gc] GC(58574) Pause Young (Allocation Failure) 133M->133M(138M) 17.942ms
[2020-08-10T13:13:43.250+0300][1762.792s][info ][gc] GC(58575) Pause Young (Allocation Failure) 134M->134M(138M) 18.534ms
[2020-08-10T13:13:43.251+0300][1762.792s][debug][gc] Expanding ParOldGen from 139264K by 19968K to 159232K
[2020-08-10T13:13:43.276+0300][1762.818s][info ][gc] GC(58576) Pause Young (Allocation Failure) 154M->154M(158M) 18.017ms
[2020-08-10T13:13:43.294+0300][1762.836s][info ][gc] GC(58577) Pause Young (Allocation Failure) 155M->155M(158M) 17.241ms
[2020-08-10T13:13:43.324+0300][1762.866s][debug][gc] GC(58578) Shrinking ParOldGen from 159232K by 124928K to 34304K
[2020-08-10T13:13:43.324+0300][1762.866s][info ][gc] GC(58578) Pause Full (Ergonomics) 155M->22M(36M) 29.913ms
[2020-08-10T13:13:43.337+0300][1762.879s][info ][gc] GC(58579) Pause Young (Allocation Failure) 23M->23M(36M) 12.705ms
[2020-08-10T13:13:43.351+0300][1762.893s][info ][gc] GC(58580) Pause Young (Allocation Failure) 24M->23M(36M) 13.226ms
[2020-08-10T13:13:43.369+0300][1762.911s][info ][gc] GC(58581) Pause Young (Allocation Failure) 24M->24M(36M) 17.472ms
[2020-08-10T13:13:43.382+0300][1762.924s][info ][gc] GC(58582) Pause Young (Allocation Failure) 25M->25M(36M) 13.332ms
[2020-08-10T13:13:43.396+0300][1762.938s][info ][gc] GC(58583) Pause Young (Allocation Failure) 26M->26M(36M) 13.368ms
[2020-08-10T13:13:43.410+0300][1762.952s][info ][gc] GC(58584) Pause Young (Allocation Failure) 27M->27M(36M) 13.292ms
[2020-08-10T13:13:43.424+0300][1762.966s][info ][gc] GC(58585) Pause Young (Allocation Failure) 28M->28M(36M) 13.386ms
[2020-08-10T13:13:43.438+0300][1762.980s][info ][gc] GC(58586) Pause Young (Allocation Failure) 29M->29M(36M) 13.400ms
[2020-08-10T13:13:43.451+0300][1762.993s][info ][gc] GC(58587) Pause Young (Allocation Failure) 30M->30M(36M) 13.226ms
[2020-08-10T13:13:43.466+0300][1763.007s][info ][gc] GC(58588) Pause Young (Allocation Failure) 31M->31M(36M) 13.548ms
[2020-08-10T13:13:43.480+0300][1763.022s][info ][gc] GC(58589) Pause Young (Allocation Failure) 32M->32M(36M) 13.486ms
[2020-08-10T13:13:43.494+0300][1763.035s][info ][gc] GC(58590) Pause Young (Allocation Failure) 33M->33M(36M) 13.341ms
[2020-08-10T13:13:43.548+0300][1763.090s][debug][gc] GC(58591) Expanding ParOldGen from 34304K by 11264K to 45568K
[2020-08-10T13:13:43.549+0300][1763.091s][info ][gc] GC(58591) Pause Full (Ergonomics) 33M->33M(47M) 55.003ms
[2020-08-10T13:13:43.562+0300][1763.104s][info ][gc] GC(58592) Pause Young (Allocation Failure) 34M->34M(47M) 12.939ms
[2020-08-10T13:13:43.576+0300][1763.118s][info ][gc] GC(58593) Pause Young (Allocation Failure) 35M->35M(47M) 13.288ms
[2020-08-10T13:13:43.590+0300][1763.131s][info ][gc] GC(58594) Pause Young (Allocation Failure) 36M->36M(47M) 13.426ms
[2020-08-10T13:13:43.604+0300][1763.146s][info ][gc] GC(58595) Pause Young (Allocation Failure) 37M->37M(46M) 13.644ms
[2020-08-10T13:13:43.618+0300][1763.160s][info ][gc] GC(58596) Pause Young (Allocation Failure) 38M->38M(46M) 13.580ms
[2020-08-10T13:13:43.632+0300][1763.174s][info ][gc] GC(58597) Pause Young (Allocation Failure) 39M->39M(46M) 13.420ms
[2020-08-10T13:13:43.646+0300][1763.188s][info ][gc] GC(58598) Pause Young (Allocation Failure) 40M->40M(46M) 13.459ms
[2020-08-10T13:13:43.660+0300][1763.202s][info ][gc] GC(58599) Pause Young (Allocation Failure) 41M->40M(46M) 13.335ms
[2020-08-10T13:13:43.673+0300][1763.215s][info ][gc] GC(58600) Pause Young (Allocation Failure) 41M->41M(46M) 13.204ms
[2020-08-10T13:13:43.687+0300][1763.229s][info ][gc] GC(58601) Pause Young (Allocation Failure) 42M->42M(46M) 13.261ms
[2020-08-10T13:13:43.701+0300][1763.243s][info ][gc] GC(58602) Pause Young (Allocation Failure) 43M->43M(46M) 13.311ms
[2020-08-10T13:13:43.714+0300][1763.256s][info ][gc] GC(58603) Pause Young (Allocation Failure) 44M->44M(46M) 13.309ms
[2020-08-10T13:13:43.800+0300][1763.342s][debug][gc] GC(58604) Expanding ParOldGen from 45568K by 11264K to 56832K
[2020-08-10T13:13:43.800+0300][1763.342s][info ][gc] GC(58604) Pause Full (Ergonomics) 44M->44M(57M) 85.848ms
[2020-08-10T13:13:43.820+0300][1763.362s][info ][gc] GC(58605) Pause Young (Allocation Failure) 45M->45M(57M) 18.988ms
[2020-08-10T13:13:43.834+0300][1763.376s][info ][gc] GC(58606) Pause Young (Allocation Failure) 46M->46M(57M) 13.637ms
[2020-08-10T13:13:43.848+0300][1763.390s][info ][gc] GC(58607) Pause Young (Allocation Failure) 47M->47M(57M) 13.454ms
[2020-08-10T13:13:43.862+0300][1763.404s][info ][gc] GC(58608) Pause Young (Allocation Failure) 48M->48M(57M) 13.423ms
[2020-08-10T13:13:43.876+0300][1763.417s][info ][gc] GC(58609) Pause Young (Allocation Failure) 49M->49M(57M) 13.357ms
[2020-08-10T13:13:43.890+0300][1763.431s][info ][gc] GC(58610) Pause Young (Allocation Failure) 50M->50M(57M) 13.605ms
[2020-08-10T13:13:43.903+0300][1763.445s][info ][gc] GC(58611) Pause Young (Allocation Failure) 51M->51M(57M) 13.377ms
[2020-08-10T13:13:43.917+0300][1763.459s][info ][gc] GC(58612) Pause Young (Allocation Failure) 52M->52M(57M) 13.347ms
[2020-08-10T13:13:43.931+0300][1763.473s][info ][gc] GC(58613) Pause Young (Allocation Failure) 53M->53M(57M) 13.431ms
[2020-08-10T13:13:43.945+0300][1763.487s][info ][gc] GC(58614) Pause Young (Allocation Failure) 54M->54M(57M) 13.429ms
[2020-08-10T13:13:43.958+0300][1763.500s][info ][gc] GC(58615) Pause Young (Allocation Failure) 55M->55M(57M) 13.426ms
[2020-08-10T13:13:43.972+0300][1763.514s][info ][gc] GC(58616) Pause Young (Allocation Failure) 56M->56M(57M) 13.387ms
[2020-08-10T13:13:44.089+0300][1763.631s][debug][gc] GC(58617) Expanding ParOldGen from 56832K by 11776K to 68608K
[2020-08-10T13:13:44.089+0300][1763.631s][info ][gc] GC(58617) Pause Full (Ergonomics) 56M->55M(69M) 116.455ms
[2020-08-10T13:13:44.111+0300][1763.653s][info ][gc] GC(58618) Pause Young (Allocation Failure) 56M->56M(69M) 22.222ms
[2020-08-10T13:13:44.125+0300][1763.667s][info ][gc] GC(58619) Pause Young (Allocation Failure) 57M->57M(69M) 13.409ms
[2020-08-10T13:13:44.150+0300][1763.692s][info ][gc] GC(58620) Pause Young (Allocation Failure) 58M->58M(69M) 24.673ms
[2020-08-10T13:13:44.164+0300][1763.706s][info ][gc] GC(58621) Pause Young (Allocation Failure) 59M->59M(69M) 13.522ms
[2020-08-10T13:13:44.178+0300][1763.720s][info ][gc] GC(58622) Pause Young (Allocation Failure) 60M->60M(69M) 13.546ms
[2020-08-10T13:13:44.192+0300][1763.734s][info ][gc] GC(58623) Pause Young (Allocation Failure) 61M->61M(69M) 13.586ms
[2020-08-10T13:13:44.206+0300][1763.748s][info ][gc] GC(58624) Pause Young (Allocation Failure) 62M->62M(69M) 13.420ms
[2020-08-10T13:13:44.220+0300][1763.762s][info ][gc] GC(58625) Pause Young (Allocation Failure) 63M->63M(69M) 13.433ms
[2020-08-10T13:13:44.234+0300][1763.776s][info ][gc] GC(58626) Pause Young (Allocation Failure) 64M->64M(69M) 13.473ms
[2020-08-10T13:13:44.248+0300][1763.790s][info ][gc] GC(58627) Pause Young (Allocation Failure) 65M->65M(69M) 13.493ms
[2020-08-10T13:13:44.262+0300][1763.804s][info ][gc] GC(58628) Pause Young (Allocation Failure) 66M->66M(69M) 13.753ms
[2020-08-10T13:13:44.276+0300][1763.818s][info ][gc] GC(58629) Pause Young (Allocation Failure) 67M->67M(69M) 13.711ms
[2020-08-10T13:13:44.414+0300][1763.956s][debug][gc] GC(58630) Expanding ParOldGen from 68608K by 11264K to 79872K
[2020-08-10T13:13:44.414+0300][1763.956s][info ][gc] GC(58630) Pause Full (Ergonomics) 67M->67M(80M) 137.978ms
[2020-08-10T13:13:44.442+0300][1763.984s][info ][gc] GC(58631) Pause Young (Allocation Failure) 68M->68M(80M) 27.674ms
[2020-08-10T13:13:44.457+0300][1763.999s][info ][gc] GC(58632) Pause Young (Allocation Failure) 69M->69M(80M) 13.897ms
[2020-08-10T13:13:44.471+0300][1764.013s][info ][gc] GC(58633) Pause Young (Allocation Failure) 70M->70M(80M) 13.718ms
[2020-08-10T13:13:44.485+0300][1764.027s][info ][gc] GC(58634) Pause Young (Allocation Failure) 71M->71M(80M) 13.738ms
[2020-08-10T13:13:44.500+0300][1764.042s][info ][gc] GC(58635) Pause Young (Allocation Failure) 72M->71M(80M) 13.770ms
[2020-08-10T13:13:44.514+0300][1764.056s][info ][gc] GC(58636) Pause Young (Allocation Failure) 72M->72M(80M) 13.837ms
[2020-08-10T13:13:44.529+0300][1764.071s][info ][gc] GC(58637) Pause Young (Allocation Failure) 73M->73M(80M) 13.841ms
[2020-08-10T13:13:44.543+0300][1764.085s][info ][gc] GC(58638) Pause Young (Allocation Failure) 74M->74M(80M) 13.678ms
[2020-08-10T13:13:44.557+0300][1764.099s][info ][gc] GC(58639) Pause Young (Allocation Failure) 75M->75M(80M) 13.910ms
[2020-08-10T13:13:44.572+0300][1764.114s][info ][gc] GC(58640) Pause Young (Allocation Failure) 76M->76M(80M) 13.825ms
[2020-08-10T13:13:44.587+0300][1764.128s][info ][gc] GC(58641) Pause Young (Allocation Failure) 77M->77M(80M) 13.889ms
[2020-08-10T13:13:44.601+0300][1764.143s][info ][gc] GC(58642) Pause Young (Allocation Failure) 78M->78M(80M) 13.742ms
[2020-08-10T13:13:44.773+0300][1764.315s][debug][gc] GC(58643) Expanding ParOldGen from 79872K by 11264K to 91136K
[2020-08-10T13:13:44.773+0300][1764.315s][info ][gc] GC(58643) Pause Full (Ergonomics) 78M->78M(91M) 172.087ms
[2020-08-10T13:13:44.805+0300][1764.347s][info ][gc] GC(58644) Pause Young (Allocation Failure) 79M->79M(91M) 31.678ms
[2020-08-10T13:13:44.820+0300][1764.362s][info ][gc] GC(58645) Pause Young (Allocation Failure) 80M->80M(91M) 13.816ms
[2020-08-10T13:13:44.834+0300][1764.376s][info ][gc] GC(58646) Pause Young (Allocation Failure) 81M->81M(91M) 14.051ms
[2020-08-10T13:13:44.849+0300][1764.391s][info ][gc] GC(58647) Pause Young (Allocation Failure) 82M->82M(91M) 13.798ms
[2020-08-10T13:13:44.863+0300][1764.405s][info ][gc] GC(58648) Pause Young (Allocation Failure) 83M->83M(91M) 13.978ms
[2020-08-10T13:13:44.878+0300][1764.420s][info ][gc] GC(58649) Pause Young (Allocation Failure) 84M->84M(91M) 13.942ms
[2020-08-10T13:13:44.893+0300][1764.434s][info ][gc] GC(58650) Pause Young (Allocation Failure) 85M->85M(91M) 14.130ms
[2020-08-10T13:13:44.907+0300][1764.449s][info ][gc] GC(58651) Pause Young (Allocation Failure) 86M->86M(91M) 14.275ms
[2020-08-10T13:13:44.922+0300][1764.464s][info ][gc] GC(58652) Pause Young (Allocation Failure) 87M->87M(91M) 14.226ms
[2020-08-10T13:13:44.937+0300][1764.479s][info ][gc] GC(58653) Pause Young (Allocation Failure) 88M->88M(91M) 14.253ms
[2020-08-10T13:13:44.952+0300][1764.494s][info ][gc] GC(58654) Pause Young (Allocation Failure) 89M->88M(91M) 14.576ms
[2020-08-10T13:13:45.154+0300][1764.696s][debug][gc] GC(58655) Expanding ParOldGen from 91136K by 11264K to 102400K
[2020-08-10T13:13:45.154+0300][1764.696s][info ][gc] GC(58655) Pause Full (Ergonomics) 88M->88M(102M) 202.470ms
[2020-08-10T13:13:45.184+0300][1764.726s][info ][gc] GC(58656) Pause Young (Allocation Failure) 89M->89M(102M) 29.367ms
[2020-08-10T13:13:45.215+0300][1764.757s][info ][gc] GC(58657) Pause Young (Allocation Failure) 90M->90M(102M) 30.467ms
[2020-08-10T13:13:45.231+0300][1764.773s][info ][gc] GC(58658) Pause Young (Allocation Failure) 91M->91M(102M) 14.820ms
[2020-08-10T13:13:45.246+0300][1764.788s][info ][gc] GC(58659) Pause Young (Allocation Failure) 92M->92M(102M) 14.740ms
[2020-08-10T13:13:45.261+0300][1764.803s][info ][gc] GC(58660) Pause Young (Allocation Failure) 93M->93M(102M) 14.270ms
[2020-08-10T13:13:45.276+0300][1764.818s][info ][gc] GC(58661) Pause Young (Allocation Failure) 94M->94M(102M) 14.708ms
[2020-08-10T13:13:45.291+0300][1764.833s][info ][gc] GC(58662) Pause Young (Allocation Failure) 95M->95M(102M) 14.886ms
[2020-08-10T13:13:45.307+0300][1764.849s][info ][gc] GC(58663) Pause Young (Allocation Failure) 96M->96M(102M) 14.974ms
[2020-08-10T13:13:45.323+0300][1764.865s][info ][gc] GC(58664) Pause Young (Allocation Failure) 97M->97M(101M) 15.196ms
[2020-08-10T13:13:45.337+0300][1764.879s][info ][gc] GC(58665) Pause Young (Allocation Failure) 97M->97M(102M) 13.716ms
[2020-08-10T13:13:45.350+0300][1764.892s][info ][gc] GC(58666) Pause Young (Allocation Failure) 98M->98M(102M) 13.018ms
[2020-08-10T13:13:45.364+0300][1764.906s][info ][gc] GC(58667) Pause Young (Allocation Failure) 98M->98M(102M) 13.000ms
[2020-08-10T13:13:45.377+0300][1764.919s][info ][gc] GC(58668) Pause Young (Allocation Failure) 99M->99M(102M) 12.950ms
[2020-08-10T13:13:45.390+0300][1764.932s][info ][gc] GC(58669) Pause Young (Allocation Failure) 99M->99M(102M) 13.001ms
[2020-08-10T13:13:45.624+0300][1765.166s][debug][gc] GC(58670) Expanding ParOldGen from 102400K by 11264K to 113664K
[2020-08-10T13:13:45.624+0300][1765.166s][info ][gc] GC(58670) Pause Full (Ergonomics) 99M->99M(113M) 233.792ms
[2020-08-10T13:13:45.637+0300][1765.179s][info ][gc] GC(58671) Pause Young (Allocation Failure) 100M->100M(113M) 12.813ms
[2020-08-10T13:13:45.650+0300][1765.192s][info ][gc] GC(58672) Pause Young (Allocation Failure) 100M->100M(113M) 12.947ms
[2020-08-10T13:13:45.664+0300][1765.206s][info ][gc] GC(58673) Pause Young (Allocation Failure) 101M->100M(113M) 13.161ms
[2020-08-10T13:13:45.678+0300][1765.220s][info ][gc] GC(58674) Pause Young (Allocation Failure) 101M->101M(113M) 13.193ms
[2020-08-10T13:13:45.691+0300][1765.233s][info ][gc] GC(58675) Pause Young (Allocation Failure) 101M->101M(113M) 13.244ms
[2020-08-10T13:13:45.705+0300][1765.247s][info ][gc] GC(58676) Pause Young (Allocation Failure) 102M->102M(113M) 13.175ms
[2020-08-10T13:13:45.719+0300][1765.261s][info ][gc] GC(58677) Pause Young (Allocation Failure) 102M->102M(113M) 13.221ms
[2020-08-10T13:13:45.732+0300][1765.274s][info ][gc] GC(58678) Pause Young (Allocation Failure) 103M->103M(113M) 13.259ms
[2020-08-10T13:13:45.746+0300][1765.288s][info ][gc] GC(58679) Pause Young (Allocation Failure) 103M->103M(113M) 13.179ms
[2020-08-10T13:13:45.760+0300][1765.302s][info ][gc] GC(58680) Pause Young (Allocation Failure) 104M->104M(113M) 13.128ms
[2020-08-10T13:13:45.773+0300][1765.315s][info ][gc] GC(58681) Pause Young (Allocation Failure) 104M->104M(113M) 13.109ms
[2020-08-10T13:13:45.791+0300][1765.332s][info ][gc] GC(58682) Pause Young (Allocation Failure) 105M->105M(112M) 16.823ms
[2020-08-10T13:13:45.804+0300][1765.346s][info ][gc] GC(58683) Pause Young (Allocation Failure) 105M->105M(112M) 13.185ms
[2020-08-10T13:13:45.818+0300][1765.360s][info ][gc] GC(58684) Pause Young (Allocation Failure) 105M->105M(112M) 13.301ms
[2020-08-10T13:13:45.831+0300][1765.373s][info ][gc] GC(58685) Pause Young (Allocation Failure) 106M->106M(112M) 13.062ms
[2020-08-10T13:13:45.845+0300][1765.387s][info ][gc] GC(58686) Pause Young (Allocation Failure) 106M->106M(112M) 13.005ms
[2020-08-10T13:13:45.858+0300][1765.400s][info ][gc] GC(58687) Pause Young (Allocation Failure) 107M->107M(112M) 13.029ms
[2020-08-10T13:13:45.872+0300][1765.414s][info ][gc] GC(58688) Pause Young (Allocation Failure) 107M->107M(112M) 13.112ms
[2020-08-10T13:13:45.885+0300][1765.427s][info ][gc] GC(58689) Pause Young (Allocation Failure) 108M->108M(112M) 13.179ms
[2020-08-10T13:13:45.899+0300][1765.441s][info ][gc] GC(58690) Pause Young (Allocation Failure) 108M->108M(112M) 13.175ms
[2020-08-10T13:13:45.913+0300][1765.455s][info ][gc] GC(58691) Pause Young (Allocation Failure) 109M->109M(112M) 13.199ms
[2020-08-10T13:13:45.926+0300][1765.468s][info ][gc] GC(58692) Pause Young (Allocation Failure) 109M->109M(112M) 13.105ms
[2020-08-10T13:13:45.940+0300][1765.482s][info ][gc] GC(58693) Pause Young (Allocation Failure) 110M->110M(112M) 13.190ms
[2020-08-10T13:13:45.953+0300][1765.495s][info ][gc] GC(58694) Pause Young (Allocation Failure) 110M->110M(112M) 13.195ms
[2020-08-10T13:13:45.967+0300][1765.509s][info ][gc] GC(58695) Pause Young (Allocation Failure) 111M->110M(112M) 13.274ms
[2020-08-10T13:13:46.251+0300][1765.793s][debug][gc] GC(58696) Expanding ParOldGen from 113664K by 10752K to 124416K
[2020-08-10T13:13:46.251+0300][1765.793s][info ][gc] GC(58696) Pause Full (Ergonomics) 110M->110M(123M) 283.943ms
[2020-08-10T13:13:46.265+0300][1765.807s][info ][gc] GC(58697) Pause Young (Allocation Failure) 111M->111M(123M) 13.000ms
[2020-08-10T13:13:46.279+0300][1765.821s][info ][gc] GC(58698) Pause Young (Allocation Failure) 111M->111M(123M) 13.403ms
[2020-08-10T13:13:46.292+0300][1765.834s][info ][gc] GC(58699) Pause Young (Allocation Failure) 112M->112M(123M) 13.177ms
[2020-08-10T13:13:46.306+0300][1765.848s][info ][gc] GC(58700) Pause Young (Allocation Failure) 112M->112M(123M) 13.442ms
[2020-08-10T13:13:46.320+0300][1765.862s][info ][gc] GC(58701) Pause Young (Allocation Failure) 113M->113M(123M) 13.352ms
[2020-08-10T13:13:46.334+0300][1765.876s][info ][gc] GC(58702) Pause Young (Allocation Failure) 113M->113M(123M) 13.559ms
[2020-08-10T13:13:46.348+0300][1765.890s][info ][gc] GC(58703) Pause Young (Allocation Failure) 114M->114M(123M) 13.574ms
[2020-08-10T13:13:46.362+0300][1765.904s][info ][gc] GC(58704) Pause Young (Allocation Failure) 114M->114M(123M) 13.531ms
[2020-08-10T13:13:46.376+0300][1765.918s][info ][gc] GC(58705) Pause Young (Allocation Failure) 114M->114M(123M) 13.708ms
[2020-08-10T13:13:46.390+0300][1765.932s][info ][gc] GC(58706) Pause Young (Allocation Failure) 115M->115M(123M) 13.689ms
[2020-08-10T13:13:46.405+0300][1765.947s][info ][gc] GC(58707) Pause Young (Allocation Failure) 115M->115M(123M) 13.751ms
[2020-08-10T13:13:46.419+0300][1765.961s][info ][gc] GC(58708) Pause Young (Allocation Failure) 116M->116M(123M) 13.977ms
[2020-08-10T13:13:46.433+0300][1765.975s][info ][gc] GC(58709) Pause Young (Allocation Failure) 116M->116M(123M) 13.849ms
[2020-08-10T13:13:46.448+0300][1765.990s][info ][gc] GC(58710) Pause Young (Allocation Failure) 117M->117M(123M) 13.920ms
[2020-08-10T13:13:46.462+0300][1766.004s][info ][gc] GC(58711) Pause Young (Allocation Failure) 117M->117M(123M) 13.851ms
[2020-08-10T13:13:46.477+0300][1766.019s][info ][gc] GC(58712) Pause Young (Allocation Failure) 118M->118M(123M) 13.908ms
[2020-08-10T13:13:46.491+0300][1766.033s][info ][gc] GC(58713) Pause Young (Allocation Failure) 118M->118M(123M) 13.958ms
[2020-08-10T13:13:46.505+0300][1766.047s][info ][gc] GC(58714) Pause Young (Allocation Failure) 119M->119M(123M) 13.947ms
[2020-08-10T13:13:46.520+0300][1766.062s][info ][gc] GC(58715) Pause Young (Allocation Failure) 119M->119M(123M) 13.678ms
[2020-08-10T13:13:46.534+0300][1766.076s][info ][gc] GC(58716) Pause Young (Allocation Failure) 119M->119M(123M) 13.724ms
[2020-08-10T13:13:46.548+0300][1766.090s][info ][gc] GC(58717) Pause Young (Allocation Failure) 120M->120M(123M) 13.833ms
[2020-08-10T13:13:46.562+0300][1766.104s][info ][gc] GC(58718) Pause Young (Allocation Failure) 120M->120M(123M) 14.023ms
[2020-08-10T13:13:46.577+0300][1766.119s][info ][gc] GC(58719) Pause Young (Allocation Failure) 121M->121M(123M) 14.147ms
[2020-08-10T13:13:46.591+0300][1766.134s][info ][gc] GC(58720) Pause Young (Allocation Failure) 121M->121M(123M) 14.255ms
[2020-08-10T13:13:46.878+0300][1766.421s][debug][gc] GC(58721) Expanding ParOldGen from 124416K by 10752K to 135168K
[2020-08-10T13:13:46.879+0300][1766.421s][info ][gc] GC(58721) Pause Full (Ergonomics) 121M->121M(133M) 286.937ms
[2020-08-10T13:13:46.910+0300][1766.452s][info ][gc] GC(58722) Pause Young (Allocation Failure) 122M->122M(133M) 30.727ms
[2020-08-10T13:13:46.949+0300][1766.491s][info ][gc] GC(58723) Pause Young (Allocation Failure) 122M->122M(133M) 38.542ms
[2020-08-10T13:13:46.964+0300][1766.506s][info ][gc] GC(58724) Pause Young (Allocation Failure) 123M->123M(133M) 14.957ms
[2020-08-10T13:13:46.979+0300][1766.521s][info ][gc] GC(58725) Pause Young (Allocation Failure) 123M->123M(133M) 14.923ms
[2020-08-10T13:13:46.994+0300][1766.537s][info ][gc] GC(58726) Pause Young (Allocation Failure) 123M->123M(133M) 14.714ms
[2020-08-10T13:13:47.010+0300][1766.552s][info ][gc] GC(58727) Pause Young (Allocation Failure) 124M->124M(133M) 14.820ms
[2020-08-10T13:13:47.049+0300][1766.591s][info ][gc] GC(58728) Pause Young (Allocation Failure) 124M->124M(133M) 39.222ms
[2020-08-10T13:13:47.064+0300][1766.606s][info ][gc] GC(58729) Pause Young (Allocation Failure) 125M->125M(133M) 14.761ms
[2020-08-10T13:13:47.080+0300][1766.622s][info ][gc] GC(58730) Pause Young (Allocation Failure) 125M->125M(133M) 15.051ms
[2020-08-10T13:13:47.115+0300][1766.658s][info ][gc] GC(58731) Pause Young (Allocation Failure) 126M->126M(133M) 35.255ms
[2020-08-10T13:13:47.150+0300][1766.693s][info ][gc] GC(58732) Pause Young (Allocation Failure) 126M->126M(133M) 34.616ms
[2020-08-10T13:13:47.166+0300][1766.708s][info ][gc] GC(58733) Pause Young (Allocation Failure) 127M->127M(133M) 15.256ms
[2020-08-10T13:13:47.181+0300][1766.724s][info ][gc] GC(58734) Pause Young (Allocation Failure) 127M->127M(133M) 15.150ms
[2020-08-10T13:13:47.197+0300][1766.739s][info ][gc] GC(58735) Pause Young (Allocation Failure) 128M->128M(133M) 14.917ms
[2020-08-10T13:13:47.212+0300][1766.754s][info ][gc] GC(58736) Pause Young (Allocation Failure) 128M->128M(133M) 15.057ms
[2020-08-10T13:13:47.228+0300][1766.770s][info ][gc] GC(58737) Pause Young (Allocation Failure) 129M->128M(133M) 15.243ms
[2020-08-10T13:13:47.265+0300][1766.807s][info ][gc] GC(58738) Pause Young (Allocation Failure) 129M->129M(133M) 36.580ms
[2020-08-10T13:13:47.281+0300][1766.823s][info ][gc] GC(58739) Pause Young (Allocation Failure) 129M->129M(133M) 15.822ms
[2020-08-10T13:13:47.319+0300][1766.861s][info ][gc] GC(58740) Pause Young (Allocation Failure) 130M->130M(133M) 37.973ms
[2020-08-10T13:13:47.335+0300][1766.877s][info ][gc] GC(58741) Pause Young (Allocation Failure) 130M->130M(133M) 15.578ms
[2020-08-10T13:13:47.351+0300][1766.893s][info ][gc] GC(58742) Pause Young (Allocation Failure) 131M->131M(133M) 15.467ms
[2020-08-10T13:13:47.373+0300][1766.915s][info ][gc] GC(58743) Pause Young (Allocation Failure) 131M->131M(133M) 21.670ms
[2020-08-10T13:13:47.414+0300][1766.956s][info ][gc] GC(58744) Pause Young (Allocation Failure) 132M->132M(133M) 40.491ms
[2020-08-10T13:13:47.765+0300][1767.307s][debug][gc] GC(58745) Expanding ParOldGen from 135168K by 10752K to 145920K
[2020-08-10T13:13:47.765+0300][1767.307s][info ][gc] GC(58745) Pause Full (Ergonomics) 132M->131M(144M) 350.522ms
[2020-08-10T13:13:47.783+0300][1767.325s][info ][gc] GC(58746) Pause Young (Allocation Failure) 132M->132M(144M) 17.517ms
[2020-08-10T13:13:47.798+0300][1767.341s][info ][gc] GC(58747) Pause Young (Allocation Failure) 132M->132M(144M) 15.343ms
[2020-08-10T13:13:47.815+0300][1767.357s][info ][gc] GC(58748) Pause Young (Allocation Failure) 133M->133M(144M) 15.865ms
[2020-08-10T13:13:47.831+0300][1767.373s][info ][gc] GC(58749) Pause Young (Allocation Failure) 133M->133M(144M) 15.399ms
[2020-08-10T13:13:47.847+0300][1767.389s][info ][gc] GC(58750) Pause Young (Allocation Failure) 134M->134M(144M) 15.536ms
[2020-08-10T13:13:47.863+0300][1767.405s][info ][gc] GC(58751) Pause Young (Allocation Failure) 134M->134M(144M) 15.891ms
[2020-08-10T13:13:47.878+0300][1767.421s][info ][gc] GC(58752) Pause Young (Allocation Failure) 135M->135M(144M) 15.151ms
[2020-08-10T13:13:47.894+0300][1767.436s][info ][gc] GC(58753) Pause Young (Allocation Failure) 135M->135M(144M) 15.274ms
[2020-08-10T13:13:47.894+0300][1767.436s][debug][gc] Expanding ParOldGen from 145920K by 19968K to 165888K
[2020-08-10T13:13:47.917+0300][1767.459s][info ][gc] GC(58754) Pause Young (Allocation Failure) 155M->154M(163M) 14.363ms
[2020-08-10T13:13:47.943+0300][1767.485s][info ][gc] GC(58755) Pause Young (Allocation Failure) 155M->155M(163M) 25.304ms
[2020-08-10T13:13:47.969+0300][1767.511s][info ][gc] GC(58756) Pause Young (Allocation Failure) 155M->155M(163M) 25.350ms
[2020-08-10T13:13:47.994+0300][1767.536s][info ][gc] GC(58757) Pause Young (Allocation Failure) 156M->156M(163M) 25.193ms
[2020-08-10T13:13:48.020+0300][1767.562s][info ][gc] GC(58758) Pause Young (Allocation Failure) 156M->156M(163M) 25.462ms
[2020-08-10T13:13:48.046+0300][1767.588s][info ][gc] GC(58759) Pause Young (Allocation Failure) 157M->157M(163M) 25.201ms
[2020-08-10T13:13:48.071+0300][1767.613s][info ][gc] GC(58760) Pause Young (Allocation Failure) 157M->157M(163M) 25.197ms
[2020-08-10T13:13:48.097+0300][1767.639s][info ][gc] GC(58761) Pause Young (Allocation Failure) 158M->158M(163M) 25.559ms
[2020-08-10T13:13:48.122+0300][1767.665s][info ][gc] GC(58762) Pause Young (Allocation Failure) 158M->158M(163M) 25.141ms
[2020-08-10T13:13:48.148+0300][1767.690s][info ][gc] GC(58763) Pause Young (Allocation Failure) 159M->158M(163M) 25.138ms
[2020-08-10T13:13:48.174+0300][1767.716s][info ][gc] GC(58764) Pause Young (Allocation Failure) 159M->159M(163M) 25.261ms
[2020-08-10T13:13:48.199+0300][1767.741s][info ][gc] GC(58765) Pause Young (Allocation Failure) 159M->159M(163M) 25.121ms
[2020-08-10T13:13:48.224+0300][1767.767s][info ][gc] GC(58766) Pause Young (Allocation Failure) 160M->160M(163M) 25.086ms
[2020-08-10T13:13:48.250+0300][1767.792s][info ][gc] GC(58767) Pause Young (Allocation Failure) 160M->160M(163M) 25.418ms
[2020-08-10T13:13:48.276+0300][1767.818s][info ][gc] GC(58768) Pause Young (Allocation Failure) 161M->161M(163M) 25.336ms
[2020-08-10T13:13:48.302+0300][1767.844s][info ][gc] GC(58769) Pause Young (Allocation Failure) 161M->161M(163M) 25.324ms
[2020-08-10T13:13:48.328+0300][1767.870s][info ][gc] GC(58770) Pause Young (Allocation Failure) 162M->162M(163M) 25.267ms
[2020-08-10T13:13:48.410+0300][1767.952s][debug][gc] GC(58771) Shrinking ParOldGen from 165888K by 125952K to 39936K
[2020-08-10T13:13:48.410+0300][1767.952s][info ][gc] GC(58771) Pause Full (Ergonomics) 162M->28M(40M) 82.073ms
[2020-08-10T13:13:48.423+0300][1767.965s][info ][gc] GC(58772) Pause Young (Allocation Failure) 28M->28M(40M) 12.658ms
[2020-08-10T13:13:48.436+0300][1767.978s][info ][gc] GC(58773) Pause Young (Allocation Failure) 29M->29M(40M) 12.764ms
[2020-08-10T13:13:48.449+0300][1767.991s][info ][gc] GC(58774) Pause Young (Allocation Failure) 29M->29M(40M) 12.726ms
[2020-08-10T13:13:48.462+0300][1768.005s][info ][gc] GC(58775) Pause Young (Allocation Failure) 30M->30M(40M) 12.908ms
[2020-08-10T13:13:48.476+0300][1768.018s][info ][gc] GC(58776) Pause Young (Allocation Failure) 30M->30M(40M) 12.953ms
[2020-08-10T13:13:48.489+0300][1768.031s][info ][gc] GC(58777) Pause Young (Allocation Failure) 31M->31M(40M) 12.784ms
[2020-08-10T13:13:48.502+0300][1768.044s][info ][gc] GC(58778) Pause Young (Allocation Failure) 31M->31M(40M) 12.618ms
[2020-08-10T13:13:48.515+0300][1768.057s][info ][gc] GC(58779) Pause Young (Allocation Failure) 32M->32M(40M) 12.892ms
[2020-08-10T13:13:48.529+0300][1768.071s][info ][gc] GC(58780) Pause Young (Allocation Failure) 32M->32M(40M) 12.905ms
[2020-08-10T13:13:48.543+0300][1768.085s][info ][gc] GC(58781) Pause Young (Allocation Failure) 32M->32M(40M) 13.994ms
[2020-08-10T13:13:48.557+0300][1768.099s][info ][gc] GC(58782) Pause Young (Allocation Failure) 33M->33M(40M) 13.073ms
[2020-08-10T13:13:48.570+0300][1768.112s][info ][gc] GC(58783) Pause Young (Allocation Failure) 33M->33M(40M) 12.748ms
[2020-08-10T13:13:48.583+0300][1768.125s][info ][gc] GC(58784) Pause Young (Allocation Failure) 34M->34M(40M) 12.734ms
[2020-08-10T13:13:48.596+0300][1768.138s][info ][gc] GC(58785) Pause Young (Allocation Failure) 34M->34M(40M) 12.777ms
[2020-08-10T13:13:48.609+0300][1768.151s][info ][gc] GC(58786) Pause Young (Allocation Failure) 35M->35M(40M) 12.907ms
[2020-08-10T13:13:48.623+0300][1768.165s][info ][gc] GC(58787) Pause Young (Allocation Failure) 35M->35M(40M) 12.881ms
[2020-08-10T13:13:48.636+0300][1768.178s][info ][gc] GC(58788) Pause Young (Allocation Failure) 36M->36M(40M) 12.790ms
[2020-08-10T13:13:48.649+0300][1768.191s][info ][gc] GC(58789) Pause Young (Allocation Failure) 36M->36M(40M) 12.709ms
[2020-08-10T13:13:48.662+0300][1768.204s][info ][gc] GC(58790) Pause Young (Allocation Failure) 37M->37M(40M) 12.784ms
[2020-08-10T13:13:48.675+0300][1768.217s][info ][gc] GC(58791) Pause Young (Allocation Failure) 37M->37M(40M) 12.775ms
[2020-08-10T13:13:48.688+0300][1768.231s][info ][gc] GC(58792) Pause Young (Allocation Failure) 38M->38M(40M) 13.077ms
[2020-08-10T13:13:48.702+0300][1768.244s][info ][gc] GC(58793) Pause Young (Allocation Failure) 39M->39M(41M) 13.112ms
[2020-08-10T13:13:48.772+0300][1768.314s][debug][gc] GC(58794) Expanding ParOldGen from 39936K by 10752K to 50688K
[2020-08-10T13:13:48.772+0300][1768.315s][info ][gc] GC(58794) Pause Full (Ergonomics) 39M->39M(51M) 70.144ms
[2020-08-10T13:13:48.791+0300][1768.333s][info ][gc] GC(58795) Pause Young (Allocation Failure) 40M->40M(51M) 17.662ms
[2020-08-10T13:13:48.805+0300][1768.347s][info ][gc] GC(58796) Pause Young (Allocation Failure) 41M->41M(52M) 13.529ms
[2020-08-10T13:13:48.819+0300][1768.361s][info ][gc] GC(58797) Pause Young (Allocation Failure) 42M->41M(52M) 13.543ms
[2020-08-10T13:13:48.833+0300][1768.375s][info ][gc] GC(58798) Pause Young (Allocation Failure) 42M->42M(52M) 13.538ms
[2020-08-10T13:13:48.847+0300][1768.389s][info ][gc] GC(58799) Pause Young (Allocation Failure) 43M->43M(52M) 13.593ms
[2020-08-10T13:13:48.861+0300][1768.403s][info ][gc] GC(58800) Pause Young (Allocation Failure) 44M->44M(52M) 13.381ms
[2020-08-10T13:13:48.875+0300][1768.417s][info ][gc] GC(58801) Pause Young (Allocation Failure) 45M->45M(52M) 13.303ms
[2020-08-10T13:13:48.889+0300][1768.431s][info ][gc] GC(58802) Pause Young (Allocation Failure) 46M->46M(52M) 13.750ms
[2020-08-10T13:13:48.903+0300][1768.445s][info ][gc] GC(58803) Pause Young (Allocation Failure) 47M->47M(52M) 13.563ms
[2020-08-10T13:13:48.917+0300][1768.459s][info ][gc] GC(58804) Pause Young (Allocation Failure) 48M->48M(52M) 13.438ms
[2020-08-10T13:13:48.931+0300][1768.473s][info ][gc] GC(58805) Pause Young (Allocation Failure) 49M->49M(52M) 13.613ms
[2020-08-10T13:13:49.030+0300][1768.572s][debug][gc] GC(58806) Expanding ParOldGen from 50688K by 11776K to 62464K
[2020-08-10T13:13:49.030+0300][1768.572s][info ][gc] GC(58806) Pause Full (Ergonomics) 49M->49M(63M) 98.834ms
[2020-08-10T13:13:49.043+0300][1768.586s][info ][gc] GC(58807) Pause Young (Allocation Failure) 50M->50M(63M) 13.034ms
[2020-08-10T13:13:49.058+0300][1768.600s][info ][gc] GC(58808) Pause Young (Allocation Failure) 51M->51M(63M) 13.543ms
[2020-08-10T13:13:49.071+0300][1768.614s][info ][gc] GC(58809) Pause Young (Allocation Failure) 52M->52M(63M) 13.358ms
[2020-08-10T13:13:49.085+0300][1768.627s][info ][gc] GC(58810) Pause Young (Allocation Failure) 53M->53M(63M) 13.141ms
[2020-08-10T13:13:49.099+0300][1768.641s][info ][gc] GC(58811) Pause Young (Allocation Failure) 54M->54M(63M) 13.499ms
[2020-08-10T13:13:49.113+0300][1768.655s][info ][gc] GC(58812) Pause Young (Allocation Failure) 55M->55M(63M) 13.494ms
[2020-08-10T13:13:49.127+0300][1768.669s][info ][gc] GC(58813) Pause Young (Allocation Failure) 56M->56M(63M) 13.509ms
[2020-08-10T13:13:49.141+0300][1768.683s][info ][gc] GC(58814) Pause Young (Allocation Failure) 57M->56M(63M) 13.326ms
[2020-08-10T13:13:49.154+0300][1768.697s][info ][gc] GC(58815) Pause Young (Allocation Failure) 57M->57M(63M) 13.370ms
[2020-08-10T13:13:49.168+0300][1768.710s][info ][gc] GC(58816) Pause Young (Allocation Failure) 58M->58M(63M) 13.327ms
[2020-08-10T13:13:49.182+0300][1768.724s][info ][gc] GC(58817) Pause Young (Allocation Failure) 59M->59M(63M) 13.295ms
[2020-08-10T13:13:49.196+0300][1768.738s][info ][gc] GC(58818) Pause Young (Allocation Failure) 60M->60M(63M) 13.468ms
[2020-08-10T13:13:49.210+0300][1768.752s][info ][gc] GC(58819) Pause Young (Allocation Failure) 61M->61M(63M) 13.460ms
[2020-08-10T13:13:49.337+0300][1768.879s][debug][gc] GC(58820) Expanding ParOldGen from 62464K by 11264K to 73728K
[2020-08-10T13:13:49.337+0300][1768.879s][info ][gc] GC(58820) Pause Full (Ergonomics) 61M->61M(74M) 126.867ms
[2020-08-10T13:13:49.364+0300][1768.907s][info ][gc] GC(58821) Pause Young (Allocation Failure) 62M->62M(74M) 27.062ms
[2020-08-10T13:13:49.378+0300][1768.921s][info ][gc] GC(58822) Pause Young (Allocation Failure) 63M->63M(74M) 13.655ms
[2020-08-10T13:13:49.393+0300][1768.935s][info ][gc] GC(58823) Pause Young (Allocation Failure) 64M->64M(74M) 13.702ms
[2020-08-10T13:13:49.407+0300][1768.949s][info ][gc] GC(58824) Pause Young (Allocation Failure) 65M->65M(74M) 13.578ms
[2020-08-10T13:13:49.421+0300][1768.963s][info ][gc] GC(58825) Pause Young (Allocation Failure) 66M->66M(74M) 13.603ms
[2020-08-10T13:13:49.435+0300][1768.977s][info ][gc] GC(58826) Pause Young (Allocation Failure) 67M->67M(74M) 13.724ms
[2020-08-10T13:13:49.449+0300][1768.991s][info ][gc] GC(58827) Pause Young (Allocation Failure) 68M->67M(74M) 13.725ms
[2020-08-10T13:13:49.463+0300][1769.006s][info ][gc] GC(58828) Pause Young (Allocation Failure) 68M->68M(74M) 13.671ms
[2020-08-10T13:13:49.477+0300][1769.020s][info ][gc] GC(58829) Pause Young (Allocation Failure) 69M->69M(74M) 13.565ms
[2020-08-10T13:13:49.492+0300][1769.034s][info ][gc] GC(58830) Pause Young (Allocation Failure) 70M->70M(74M) 13.758ms
[2020-08-10T13:13:49.506+0300][1769.048s][info ][gc] GC(58831) Pause Young (Allocation Failure) 71M->71M(74M) 13.725ms
[2020-08-10T13:13:49.520+0300][1769.062s][info ][gc] GC(58832) Pause Young (Allocation Failure) 72M->72M(74M) 13.556ms
[2020-08-10T13:13:49.677+0300][1769.219s][debug][gc] GC(58833) Expanding ParOldGen from 73728K by 11264K to 84992K
[2020-08-10T13:13:49.677+0300][1769.219s][info ][gc] GC(58833) Pause Full (Ergonomics) 72M->72M(85M) 156.471ms
[2020-08-10T13:13:49.707+0300][1769.250s][info ][gc] GC(58834) Pause Young (Allocation Failure) 73M->73M(85M) 30.220ms
[2020-08-10T13:13:49.722+0300][1769.264s][info ][gc] GC(58835) Pause Young (Allocation Failure) 74M->74M(85M) 13.927ms
[2020-08-10T13:13:49.736+0300][1769.279s][info ][gc] GC(58836) Pause Young (Allocation Failure) 75M->75M(85M) 13.796ms
[2020-08-10T13:13:49.751+0300][1769.293s][info ][gc] GC(58837) Pause Young (Allocation Failure) 76M->76M(85M) 13.897ms
[2020-08-10T13:13:49.765+0300][1769.307s][info ][gc] GC(58838) Pause Young (Allocation Failure) 77M->77M(85M) 13.724ms
[2020-08-10T13:13:49.782+0300][1769.324s][info ][gc] GC(58839) Pause Young (Allocation Failure) 78M->78M(85M) 16.655ms
[2020-08-10T13:13:49.796+0300][1769.338s][info ][gc] GC(58840) Pause Young (Allocation Failure) 79M->79M(85M) 13.552ms
[2020-08-10T13:13:49.810+0300][1769.352s][info ][gc] GC(58841) Pause Young (Allocation Failure) 80M->80M(85M) 13.671ms
[2020-08-10T13:13:49.824+0300][1769.366s][info ][gc] GC(58842) Pause Young (Allocation Failure) 81M->81M(85M) 13.657ms
[2020-08-10T13:13:49.838+0300][1769.381s][info ][gc] GC(58843) Pause Young (Allocation Failure) 82M->81M(85M) 13.814ms
[2020-08-10T13:13:49.853+0300][1769.395s][info ][gc] GC(58844) Pause Young (Allocation Failure) 82M->82M(85M) 13.665ms
[2020-08-10T13:13:50.038+0300][1769.580s][debug][gc] GC(58845) Expanding ParOldGen from 84992K by 11264K to 96256K
[2020-08-10T13:13:50.038+0300][1769.580s][info ][gc] GC(58845) Pause Full (Ergonomics) 82M->82M(96M) 185.392ms
[2020-08-10T13:13:50.052+0300][1769.594s][info ][gc] GC(58846) Pause Young (Allocation Failure) 83M->83M(96M) 13.165ms
[2020-08-10T13:13:50.066+0300][1769.608s][info ][gc] GC(58847) Pause Young (Allocation Failure) 84M->84M(96M) 13.680ms
[2020-08-10T13:13:50.080+0300][1769.623s][info ][gc] GC(58848) Pause Young (Allocation Failure) 85M->85M(96M) 13.876ms
[2020-08-10T13:13:50.095+0300][1769.637s][info ][gc] GC(58849) Pause Young (Allocation Failure) 86M->86M(96M) 14.223ms
[2020-08-10T13:13:50.110+0300][1769.652s][info ][gc] GC(58850) Pause Young (Allocation Failure) 87M->87M(96M) 13.974ms
[2020-08-10T13:13:50.124+0300][1769.667s][info ][gc] GC(58851) Pause Young (Allocation Failure) 88M->88M(96M) 14.227ms
[2020-08-10T13:13:50.139+0300][1769.681s][info ][gc] GC(58852) Pause Young (Allocation Failure) 89M->89M(96M) 14.145ms
[2020-08-10T13:13:50.154+0300][1769.696s][info ][gc] GC(58853) Pause Young (Allocation Failure) 90M->90M(96M) 14.228ms
[2020-08-10T13:13:50.169+0300][1769.711s][info ][gc] GC(58854) Pause Young (Allocation Failure) 91M->91M(96M) 14.325ms
[2020-08-10T13:13:50.183+0300][1769.726s][info ][gc] GC(58855) Pause Young (Allocation Failure) 92M->92M(96M) 14.364ms
[2020-08-10T13:13:50.199+0300][1769.741s][info ][gc] GC(58856) Pause Young (Allocation Failure) 93M->93M(96M) 14.753ms
[2020-08-10T13:13:50.214+0300][1769.756s][info ][gc] GC(58857) Pause Young (Allocation Failure) 94M->94M(96M) 14.568ms
[2020-08-10T13:13:50.430+0300][1769.972s][debug][gc] GC(58858) Expanding ParOldGen from 96256K by 11264K to 107520K
[2020-08-10T13:13:50.430+0300][1769.972s][info ][gc] GC(58858) Pause Full (Ergonomics) 94M->94M(107M) 215.882ms
[2020-08-10T13:13:50.464+0300][1770.006s][info ][gc] GC(58859) Pause Young (Allocation Failure) 95M->95M(107M) 33.610ms
[2020-08-10T13:13:50.480+0300][1770.022s][info ][gc] GC(58860) Pause Young (Allocation Failure) 96M->96M(107M) 15.251ms
[2020-08-10T13:13:50.495+0300][1770.038s][info ][gc] GC(58861) Pause Young (Allocation Failure) 97M->96M(106M) 15.263ms
[2020-08-10T13:13:50.510+0300][1770.052s][info ][gc] GC(58862) Pause Young (Allocation Failure) 97M->97M(107M) 13.985ms
[2020-08-10T13:13:50.526+0300][1770.068s][info ][gc] GC(58863) Pause Young (Allocation Failure) 98M->98M(107M) 15.369ms
[2020-08-10T13:13:50.542+0300][1770.084s][info ][gc] GC(58864) Pause Young (Allocation Failure) 99M->99M(107M) 15.543ms
[2020-08-10T13:13:50.558+0300][1770.100s][info ][gc] GC(58865) Pause Young (Allocation Failure) 100M->100M(107M) 15.635ms
[2020-08-10T13:13:50.575+0300][1770.117s][info ][gc] GC(58866) Pause Young (Allocation Failure) 101M->101M(107M) 16.104ms
[2020-08-10T13:13:50.591+0300][1770.133s][info ][gc] GC(58867) Pause Young (Allocation Failure) 102M->102M(107M) 15.948ms
[2020-08-10T13:13:50.608+0300][1770.150s][info ][gc] GC(58868) Pause Young (Allocation Failure) 103M->103M(107M) 15.836ms
[2020-08-10T13:13:50.624+0300][1770.166s][info ][gc] GC(58869) Pause Young (Allocation Failure) 104M->104M(107M) 15.797ms
[2020-08-10T13:13:50.640+0300][1770.182s][info ][gc] GC(58870) Pause Young (Allocation Failure) 105M->105M(107M) 15.677ms
[2020-08-10T13:13:50.899+0300][1770.442s][debug][gc] GC(58871) Expanding ParOldGen from 107520K by 11776K to 119296K
[2020-08-10T13:13:50.899+0300][1770.442s][info ][gc] GC(58871) Pause Full (Ergonomics) 105M->105M(119M) 259.121ms
[2020-08-10T13:13:50.936+0300][1770.478s][info ][gc] GC(58872) Pause Young (Allocation Failure) 106M->106M(119M) 36.084ms
[2020-08-10T13:13:50.953+0300][1770.495s][info ][gc] GC(58873) Pause Young (Allocation Failure) 107M->107M(119M) 16.034ms
[2020-08-10T13:13:50.970+0300][1770.512s][info ][gc] GC(58874) Pause Young (Allocation Failure) 108M->108M(119M) 16.401ms
[2020-08-10T13:13:50.987+0300][1770.529s][info ][gc] GC(58875) Pause Young (Allocation Failure) 109M->109M(119M) 16.307ms
[2020-08-10T13:13:51.004+0300][1770.546s][info ][gc] GC(58876) Pause Young (Allocation Failure) 110M->110M(119M) 16.466ms
[2020-08-10T13:13:51.021+0300][1770.563s][info ][gc] GC(58877) Pause Young (Allocation Failure) 111M->111M(119M) 16.520ms
[2020-08-10T13:13:51.038+0300][1770.580s][info ][gc] GC(58878) Pause Young (Allocation Failure) 112M->112M(119M) 16.649ms
[2020-08-10T13:13:51.055+0300][1770.597s][info ][gc] GC(58879) Pause Young (Allocation Failure) 113M->113M(119M) 16.549ms
[2020-08-10T13:13:51.072+0300][1770.614s][info ][gc] GC(58880) Pause Young (Allocation Failure) 114M->113M(119M) 16.566ms
[2020-08-10T13:13:51.089+0300][1770.632s][info ][gc] GC(58881) Pause Young (Allocation Failure) 114M->114M(119M) 16.731ms
[2020-08-10T13:13:51.106+0300][1770.649s][info ][gc] GC(58882) Pause Young (Allocation Failure) 115M->115M(119M) 16.708ms
[2020-08-10T13:13:51.124+0300][1770.666s][info ][gc] GC(58883) Pause Young (Allocation Failure) 116M->116M(119M) 16.828ms
[2020-08-10T13:13:51.410+0300][1770.952s][debug][gc] GC(58884) Expanding ParOldGen from 119296K by 11264K to 130560K
[2020-08-10T13:13:51.410+0300][1770.953s][info ][gc] GC(58884) Pause Full (Ergonomics) 116M->116M(130M) 285.966ms
[2020-08-10T13:13:51.442+0300][1770.984s][info ][gc] GC(58885) Pause Young (Allocation Failure) 117M->117M(130M) 31.089ms
[2020-08-10T13:13:51.460+0300][1771.002s][info ][gc] GC(58886) Pause Young (Allocation Failure) 118M->118M(130M) 17.393ms
[2020-08-10T13:13:51.477+0300][1771.020s][info ][gc] GC(58887) Pause Young (Allocation Failure) 119M->119M(130M) 16.964ms
[2020-08-10T13:13:51.495+0300][1771.038s][info ][gc] GC(58888) Pause Young (Allocation Failure) 120M->120M(130M) 17.570ms
[2020-08-10T13:13:51.513+0300][1771.055s][info ][gc] GC(58889) Pause Young (Allocation Failure) 121M->121M(130M) 17.356ms
[2020-08-10T13:13:51.531+0300][1771.073s][info ][gc] GC(58890) Pause Young (Allocation Failure) 122M->122M(130M) 17.494ms
[2020-08-10T13:13:51.549+0300][1771.091s][info ][gc] GC(58891) Pause Young (Allocation Failure) 123M->123M(130M) 17.461ms
[2020-08-10T13:13:51.567+0300][1771.109s][info ][gc] GC(58892) Pause Young (Allocation Failure) 124M->124M(130M) 17.553ms
[2020-08-10T13:13:51.617+0300][1771.159s][info ][gc] GC(58893) Pause Young (Allocation Failure) 125M->125M(130M) 49.352ms
[2020-08-10T13:13:51.641+0300][1771.183s][info ][gc] GC(58894) Pause Young (Allocation Failure) 126M->126M(130M) 23.294ms
[2020-08-10T13:13:51.686+0300][1771.228s][info ][gc] GC(58895) Pause Young (Allocation Failure) 127M->127M(130M) 44.589ms
[2020-08-10T13:13:51.704+0300][1771.247s][info ][gc] GC(58896) Pause Young (Allocation Failure) 128M->128M(130M) 18.238ms
[2020-08-10T13:13:52.038+0300][1771.580s][debug][gc] GC(58897) Expanding ParOldGen from 130560K by 11264K to 141824K
[2020-08-10T13:13:52.038+0300][1771.580s][info ][gc] GC(58897) Pause Full (Ergonomics) 128M->127M(141M) 333.574ms
[2020-08-10T13:13:52.072+0300][1771.615s][info ][gc] GC(58898) Pause Young (Allocation Failure) 128M->128M(141M) 33.676ms
[2020-08-10T13:13:52.091+0300][1771.634s][info ][gc] GC(58899) Pause Young (Allocation Failure) 129M->129M(141M) 18.411ms
[2020-08-10T13:13:52.110+0300][1771.652s][info ][gc] GC(58900) Pause Young (Allocation Failure) 130M->130M(141M) 18.413ms
[2020-08-10T13:13:52.129+0300][1771.671s][info ][gc] GC(58901) Pause Young (Allocation Failure) 131M->131M(141M) 18.440ms
[2020-08-10T13:13:52.148+0300][1771.690s][info ][gc] GC(58902) Pause Young (Allocation Failure) 132M->132M(141M) 18.303ms
[2020-08-10T13:13:52.167+0300][1771.709s][info ][gc] GC(58903) Pause Young (Allocation Failure) 133M->133M(141M) 18.582ms
[2020-08-10T13:13:52.185+0300][1771.728s][info ][gc] GC(58904) Pause Young (Allocation Failure) 134M->134M(141M) 17.928ms
[2020-08-10T13:13:52.205+0300][1771.747s][info ][gc] GC(58905) Pause Young (Allocation Failure) 135M->135M(141M) 18.718ms
[2020-08-10T13:13:52.205+0300][1771.747s][debug][gc] Expanding ParOldGen from 141824K by 19968K to 161792K
[2020-08-10T13:13:52.229+0300][1771.771s][info ][gc] GC(58906) Pause Young (Allocation Failure) 155M->155M(160M) 16.222ms
[2020-08-10T13:13:52.243+0300][1771.785s][info ][gc] GC(58907) Pause Young (Allocation Failure) 156M->156M(160M) 13.625ms
[2020-08-10T13:13:52.258+0300][1771.800s][info ][gc] GC(58908) Pause Young (Allocation Failure) 157M->157M(160M) 14.267ms
[2020-08-10T13:13:52.272+0300][1771.815s][info ][gc] GC(58909) Pause Young (Allocation Failure) 158M->158M(160M) 14.403ms
[2020-08-10T13:13:52.314+0300][1771.856s][debug][gc] GC(58910) Shrinking ParOldGen from 161792K by 124928K to 36864K
[2020-08-10T13:13:52.314+0300][1771.856s][info ][gc] GC(58910) Pause Full (Ergonomics) 158M->24M(38M) 41.247ms
[2020-08-10T13:13:52.327+0300][1771.869s][info ][gc] GC(58911) Pause Young (Allocation Failure) 25M->25M(38M) 12.815ms
[2020-08-10T13:13:52.341+0300][1771.883s][info ][gc] GC(58912) Pause Young (Allocation Failure) 26M->26M(38M) 13.307ms
[2020-08-10T13:13:52.355+0300][1771.897s][info ][gc] GC(58913) Pause Young (Allocation Failure) 27M->27M(38M) 13.570ms
[2020-08-10T13:13:52.369+0300][1771.911s][info ][gc] GC(58914) Pause Young (Allocation Failure) 28M->28M(38M) 13.454ms
[2020-08-10T13:13:52.383+0300][1771.925s][info ][gc] GC(58915) Pause Young (Allocation Failure) 29M->29M(38M) 13.516ms
[2020-08-10T13:13:52.397+0300][1771.939s][info ][gc] GC(58916) Pause Young (Allocation Failure) 30M->30M(38M) 13.531ms
[2020-08-10T13:13:52.411+0300][1771.953s][info ][gc] GC(58917) Pause Young (Allocation Failure) 31M->31M(38M) 13.541ms
[2020-08-10T13:13:52.425+0300][1771.967s][info ][gc] GC(58918) Pause Young (Allocation Failure) 32M->32M(38M) 13.683ms
[2020-08-10T13:13:52.439+0300][1771.981s][info ][gc] GC(58919) Pause Young (Allocation Failure) 33M->33M(38M) 13.572ms
[2020-08-10T13:13:52.453+0300][1771.995s][info ][gc] GC(58920) Pause Young (Allocation Failure) 34M->34M(37M) 13.406ms
[2020-08-10T13:13:52.466+0300][1772.009s][info ][gc] GC(58921) Pause Young (Allocation Failure) 35M->35M(38M) 13.174ms
[2020-08-10T13:13:52.480+0300][1772.023s][info ][gc] GC(58922) Pause Young (Allocation Failure) 36M->36M(38M) 13.531ms
[2020-08-10T13:13:52.542+0300][1772.084s][debug][gc] GC(58923) Expanding ParOldGen from 36864K by 11264K to 48128K
[2020-08-10T13:13:52.542+0300][1772.085s][info ][gc] GC(58923) Pause Full (Ergonomics) 36M->36M(49M) 61.530ms
[2020-08-10T13:13:52.559+0300][1772.102s][info ][gc] GC(58924) Pause Young (Allocation Failure) 37M->37M(49M) 16.862ms
[2020-08-10T13:13:52.574+0300][1772.116s][info ][gc] GC(58925) Pause Young (Allocation Failure) 38M->38M(49M) 13.625ms
[2020-08-10T13:13:52.588+0300][1772.130s][info ][gc] GC(58926) Pause Young (Allocation Failure) 39M->38M(49M) 13.544ms
[2020-08-10T13:13:52.602+0300][1772.144s][info ][gc] GC(58927) Pause Young (Allocation Failure) 39M->39M(49M) 13.600ms
[2020-08-10T13:13:52.616+0300][1772.159s][info ][gc] GC(58928) Pause Young (Allocation Failure) 40M->40M(49M) 13.553ms
[2020-08-10T13:13:52.630+0300][1772.173s][info ][gc] GC(58929) Pause Young (Allocation Failure) 41M->41M(49M) 13.497ms
[2020-08-10T13:13:52.644+0300][1772.187s][info ][gc] GC(58930) Pause Young (Allocation Failure) 42M->42M(49M) 13.566ms
[2020-08-10T13:13:52.658+0300][1772.201s][info ][gc] GC(58931) Pause Young (Allocation Failure) 43M->43M(49M) 13.557ms
[2020-08-10T13:13:52.673+0300][1772.215s][info ][gc] GC(58932) Pause Young (Allocation Failure) 44M->44M(49M) 13.614ms
[2020-08-10T13:13:52.687+0300][1772.229s][info ][gc] GC(58933) Pause Young (Allocation Failure) 45M->45M(49M) 13.550ms
[2020-08-10T13:13:52.701+0300][1772.243s][info ][gc] GC(58934) Pause Young (Allocation Failure) 46M->46M(49M) 13.554ms
[2020-08-10T13:13:52.714+0300][1772.257s][info ][gc] GC(58935) Pause Young (Allocation Failure) 47M->47M(49M) 13.386ms
[2020-08-10T13:13:52.807+0300][1772.350s][debug][gc] GC(58936) Expanding ParOldGen from 48128K by 11776K to 59904K
[2020-08-10T13:13:52.808+0300][1772.350s][info ][gc] GC(58936) Pause Full (Ergonomics) 47M->47M(61M) 92.902ms
[2020-08-10T13:13:52.828+0300][1772.370s][info ][gc] GC(58937) Pause Young (Allocation Failure) 48M->48M(61M) 19.616ms
[2020-08-10T13:13:52.842+0300][1772.384s][info ][gc] GC(58938) Pause Young (Allocation Failure) 49M->49M(61M) 13.535ms
[2020-08-10T13:13:52.856+0300][1772.398s][info ][gc] GC(58939) Pause Young (Allocation Failure) 50M->50M(61M) 13.545ms
[2020-08-10T13:13:52.870+0300][1772.412s][info ][gc] GC(58940) Pause Young (Allocation Failure) 51M->51M(61M) 13.621ms
[2020-08-10T13:13:52.884+0300][1772.426s][info ][gc] GC(58941) Pause Young (Allocation Failure) 52M->52M(61M) 13.695ms
[2020-08-10T13:13:52.898+0300][1772.440s][info ][gc] GC(58942) Pause Young (Allocation Failure) 53M->53M(61M) 13.514ms
[2020-08-10T13:13:52.912+0300][1772.454s][info ][gc] GC(58943) Pause Young (Allocation Failure) 54M->54M(61M) 13.484ms
[2020-08-10T13:13:52.926+0300][1772.468s][info ][gc] GC(58944) Pause Young (Allocation Failure) 55M->55M(61M) 13.461ms
[2020-08-10T13:13:52.940+0300][1772.482s][info ][gc] GC(58945) Pause Young (Allocation Failure) 56M->55M(61M) 13.573ms
[2020-08-10T13:13:52.954+0300][1772.496s][info ][gc] GC(58946) Pause Young (Allocation Failure) 56M->56M(61M) 13.391ms
[2020-08-10T13:13:52.968+0300][1772.510s][info ][gc] GC(58947) Pause Young (Allocation Failure) 57M->57M(61M) 13.507ms
[2020-08-10T13:13:52.982+0300][1772.524s][info ][gc] GC(58948) Pause Young (Allocation Failure) 58M->58M(61M) 13.653ms
[2020-08-10T13:13:53.116+0300][1772.658s][debug][gc] GC(58949) Expanding ParOldGen from 59904K by 11264K to 71168K
[2020-08-10T13:13:53.116+0300][1772.658s][info ][gc] GC(58949) Pause Full (Ergonomics) 58M->58M(72M) 134.247ms
[2020-08-10T13:13:53.140+0300][1772.682s][info ][gc] GC(58950) Pause Young (Allocation Failure) 59M->59M(72M) 23.500ms
[2020-08-10T13:13:53.154+0300][1772.697s][info ][gc] GC(58951) Pause Young (Allocation Failure) 60M->60M(72M) 13.751ms
[2020-08-10T13:13:53.168+0300][1772.711s][info ][gc] GC(58952) Pause Young (Allocation Failure) 61M->61M(72M) 13.450ms
[2020-08-10T13:13:53.182+0300][1772.725s][info ][gc] GC(58953) Pause Young (Allocation Failure) 62M->62M(72M) 13.532ms
[2020-08-10T13:13:53.196+0300][1772.739s][info ][gc] GC(58954) Pause Young (Allocation Failure) 63M->63M(72M) 13.461ms
[2020-08-10T13:13:53.210+0300][1772.753s][info ][gc] GC(58955) Pause Young (Allocation Failure) 64M->64M(72M) 13.708ms
[2020-08-10T13:13:53.224+0300][1772.767s][info ][gc] GC(58956) Pause Young (Allocation Failure) 65M->65M(72M) 13.404ms
[2020-08-10T13:13:53.238+0300][1772.781s][info ][gc] GC(58957) Pause Young (Allocation Failure) 66M->66M(72M) 13.636ms
[2020-08-10T13:13:53.253+0300][1772.795s][info ][gc] GC(58958) Pause Young (Allocation Failure) 67M->67M(71M) 13.824ms
[2020-08-10T13:13:53.267+0300][1772.809s][info ][gc] GC(58959) Pause Young (Allocation Failure) 68M->68M(71M) 13.581ms
[2020-08-10T13:13:53.281+0300][1772.823s][info ][gc] GC(58960) Pause Young (Allocation Failure) 69M->69M(71M) 13.667ms
[2020-08-10T13:13:53.295+0300][1772.838s][info ][gc] GC(58961) Pause Young (Allocation Failure) 70M->70M(71M) 13.503ms
[2020-08-10T13:13:53.449+0300][1772.991s][debug][gc] GC(58962) Expanding ParOldGen from 71168K by 11264K to 82432K
[2020-08-10T13:13:53.449+0300][1772.991s][info ][gc] GC(58962) Pause Full (Ergonomics) 70M->69M(82M) 153.506ms
[2020-08-10T13:13:53.478+0300][1773.021s][info ][gc] GC(58963) Pause Young (Allocation Failure) 70M->70M(82M) 29.176ms
[2020-08-10T13:13:53.493+0300][1773.035s][info ][gc] GC(58964) Pause Young (Allocation Failure) 71M->71M(82M) 13.811ms
[2020-08-10T13:13:53.507+0300][1773.049s][info ][gc] GC(58965) Pause Young (Allocation Failure) 72M->72M(82M) 13.410ms
[2020-08-10T13:13:53.521+0300][1773.063s][info ][gc] GC(58966) Pause Young (Allocation Failure) 73M->73M(82M) 13.864ms
[2020-08-10T13:13:53.535+0300][1773.077s][info ][gc] GC(58967) Pause Young (Allocation Failure) 74M->74M(82M) 13.620ms
[2020-08-10T13:13:53.550+0300][1773.092s][info ][gc] GC(58968) Pause Young (Allocation Failure) 75M->75M(82M) 13.877ms
[2020-08-10T13:13:53.564+0300][1773.106s][info ][gc] GC(58969) Pause Young (Allocation Failure) 76M->76M(82M) 13.703ms
[2020-08-10T13:13:53.589+0300][1773.132s][info ][gc] GC(58970) Pause Young (Allocation Failure) 77M->77M(82M) 24.729ms
[2020-08-10T13:13:53.603+0300][1773.146s][info ][gc] GC(58971) Pause Young (Allocation Failure) 78M->78M(82M) 13.759ms
[2020-08-10T13:13:53.618+0300][1773.160s][info ][gc] GC(58972) Pause Young (Allocation Failure) 79M->79M(82M) 13.792ms
[2020-08-10T13:13:53.632+0300][1773.174s][info ][gc] GC(58973) Pause Young (Allocation Failure) 80M->80M(82M) 13.669ms
[2020-08-10T13:13:53.819+0300][1773.362s][debug][gc] GC(58974) Expanding ParOldGen from 82432K by 11264K to 93696K
[2020-08-10T13:13:53.819+0300][1773.362s][info ][gc] GC(58974) Pause Full (Ergonomics) 80M->80M(93M) 187.477ms
[2020-08-10T13:13:53.833+0300][1773.375s][info ][gc] GC(58975) Pause Young (Allocation Failure) 81M->81M(93M) 12.918ms
[2020-08-10T13:13:53.847+0300][1773.389s][info ][gc] GC(58976) Pause Young (Allocation Failure) 82M->82M(93M) 13.640ms
[2020-08-10T13:13:53.861+0300][1773.403s][info ][gc] GC(58977) Pause Young (Allocation Failure) 83M->83M(93M) 13.648ms
[2020-08-10T13:13:53.875+0300][1773.417s][info ][gc] GC(58978) Pause Young (Allocation Failure) 84M->84M(93M) 13.521ms
[2020-08-10T13:13:53.889+0300][1773.432s][info ][gc] GC(58979) Pause Young (Allocation Failure) 85M->85M(93M) 13.882ms
[2020-08-10T13:13:53.904+0300][1773.446s][info ][gc] GC(58980) Pause Young (Allocation Failure) 86M->86M(93M) 13.946ms
[2020-08-10T13:13:53.918+0300][1773.460s][info ][gc] GC(58981) Pause Young (Allocation Failure) 86M->86M(93M) 13.417ms
[2020-08-10T13:13:53.931+0300][1773.474s][info ][gc] GC(58982) Pause Young (Allocation Failure) 86M->86M(93M) 13.002ms
[2020-08-10T13:13:53.945+0300][1773.487s][info ][gc] GC(58983) Pause Young (Allocation Failure) 87M->87M(93M) 13.162ms
[2020-08-10T13:13:53.958+0300][1773.501s][info ][gc] GC(58984) Pause Young (Allocation Failure) 87M->87M(93M) 13.001ms
[2020-08-10T13:13:53.972+0300][1773.514s][info ][gc] GC(58985) Pause Young (Allocation Failure) 88M->88M(93M) 13.040ms
[2020-08-10T13:13:53.985+0300][1773.528s][info ][gc] GC(58986) Pause Young (Allocation Failure) 88M->88M(93M) 12.996ms
[2020-08-10T13:13:53.999+0300][1773.541s][info ][gc] GC(58987) Pause Young (Allocation Failure) 89M->89M(93M) 12.963ms
[2020-08-10T13:13:54.012+0300][1773.554s][info ][gc] GC(58988) Pause Young (Allocation Failure) 89M->89M(93M) 13.015ms
[2020-08-10T13:13:54.025+0300][1773.568s][info ][gc] GC(58989) Pause Young (Allocation Failure) 90M->90M(93M) 13.090ms
[2020-08-10T13:13:54.039+0300][1773.581s][info ][gc] GC(58990) Pause Young (Allocation Failure) 90M->90M(93M) 12.928ms
[2020-08-10T13:13:54.052+0300][1773.595s][info ][gc] GC(58991) Pause Young (Allocation Failure) 91M->91M(93M) 13.171ms
[2020-08-10T13:13:54.263+0300][1773.806s][debug][gc] GC(58992) Expanding ParOldGen from 93696K by 11264K to 104960K
[2020-08-10T13:13:54.264+0300][1773.806s][info ][gc] GC(58992) Pause Full (Ergonomics) 91M->91M(104M) 210.909ms
[2020-08-10T13:13:54.277+0300][1773.819s][info ][gc] GC(58993) Pause Young (Allocation Failure) 91M->91M(104M) 12.972ms
[2020-08-10T13:13:54.291+0300][1773.833s][info ][gc] GC(58994) Pause Young (Allocation Failure) 91M->91M(104M) 13.143ms
[2020-08-10T13:13:54.304+0300][1773.847s][info ][gc] GC(58995) Pause Young (Allocation Failure) 92M->92M(104M) 13.221ms
[2020-08-10T13:13:54.318+0300][1773.860s][info ][gc] GC(58996) Pause Young (Allocation Failure) 92M->92M(104M) 13.176ms
[2020-08-10T13:13:54.332+0300][1773.874s][info ][gc] GC(58997) Pause Young (Allocation Failure) 93M->93M(104M) 13.214ms
[2020-08-10T13:13:54.346+0300][1773.888s][info ][gc] GC(58998) Pause Young (Allocation Failure) 93M->93M(103M) 13.386ms
[2020-08-10T13:13:54.359+0300][1773.902s][info ][gc] GC(58999) Pause Young (Allocation Failure) 94M->94M(104M) 13.129ms
[2020-08-10T13:13:54.373+0300][1773.915s][info ][gc] GC(59000) Pause Young (Allocation Failure) 94M->94M(104M) 13.134ms
[2020-08-10T13:13:54.386+0300][1773.929s][info ][gc] GC(59001) Pause Young (Allocation Failure) 95M->95M(104M) 13.103ms
[2020-08-10T13:13:54.400+0300][1773.942s][info ][gc] GC(59002) Pause Young (Allocation Failure) 95M->95M(104M) 12.989ms
[2020-08-10T13:13:54.413+0300][1773.956s][info ][gc] GC(59003) Pause Young (Allocation Failure) 96M->96M(104M) 13.196ms
[2020-08-10T13:13:54.427+0300][1773.969s][info ][gc] GC(59004) Pause Young (Allocation Failure) 96M->96M(104M) 12.929ms
[2020-08-10T13:13:54.440+0300][1773.982s][info ][gc] GC(59005) Pause Young (Allocation Failure) 97M->97M(104M) 12.942ms
[2020-08-10T13:13:54.453+0300][1773.996s][info ][gc] GC(59006) Pause Young (Allocation Failure) 97M->97M(104M) 12.990ms
[2020-08-10T13:13:54.466+0300][1774.009s][info ][gc] GC(59007) Pause Young (Allocation Failure) 97M->97M(104M) 13.004ms
[2020-08-10T13:13:54.480+0300][1774.022s][info ][gc] GC(59008) Pause Young (Allocation Failure) 98M->98M(104M) 13.122ms
[2020-08-10T13:13:54.494+0300][1774.036s][info ][gc] GC(59009) Pause Young (Allocation Failure) 98M->98M(104M) 13.177ms
[2020-08-10T13:13:54.507+0300][1774.049s][info ][gc] GC(59010) Pause Young (Allocation Failure) 99M->99M(104M) 13.085ms
[2020-08-10T13:13:54.521+0300][1774.063s][info ][gc] GC(59011) Pause Young (Allocation Failure) 99M->99M(104M) 13.176ms
[2020-08-10T13:13:54.534+0300][1774.076s][info ][gc] GC(59012) Pause Young (Allocation Failure) 100M->100M(104M) 12.930ms
[2020-08-10T13:13:54.553+0300][1774.095s][info ][gc] GC(59013) Pause Young (Allocation Failure) 100M->100M(104M) 18.481ms
[2020-08-10T13:13:54.566+0300][1774.109s][info ][gc] GC(59014) Pause Young (Allocation Failure) 101M->101M(104M) 13.257ms
[2020-08-10T13:13:54.581+0300][1774.123s][info ][gc] GC(59015) Pause Young (Allocation Failure) 101M->101M(104M) 13.998ms
[2020-08-10T13:13:54.594+0300][1774.137s][info ][gc] GC(59016) Pause Young (Allocation Failure) 102M->102M(104M) 13.207ms
[2020-08-10T13:13:54.608+0300][1774.150s][info ][gc] GC(59017) Pause Young (Allocation Failure) 102M->102M(104M) 13.204ms
[2020-08-10T13:13:54.850+0300][1774.391s][debug][gc] GC(59018) Expanding ParOldGen from 104960K by 10752K to 115712K
[2020-08-10T13:13:54.850+0300][1774.392s][info ][gc] GC(59018) Pause Full (Ergonomics) 102M->102M(114M) 240.894ms
[2020-08-10T13:13:54.864+0300][1774.405s][info ][gc] GC(59019) Pause Young (Allocation Failure) 102M->102M(114M) 12.972ms
[2020-08-10T13:13:54.877+0300][1774.419s][info ][gc] GC(59020) Pause Young (Allocation Failure) 103M->103M(114M) 13.217ms
[2020-08-10T13:13:54.891+0300][1774.432s][info ][gc] GC(59021) Pause Young (Allocation Failure) 103M->103M(114M) 13.157ms
[2020-08-10T13:13:54.904+0300][1774.446s][info ][gc] GC(59022) Pause Young (Allocation Failure) 104M->104M(114M) 13.039ms
[2020-08-10T13:13:54.918+0300][1774.459s][info ][gc] GC(59023) Pause Young (Allocation Failure) 104M->104M(114M) 12.993ms
[2020-08-10T13:13:54.931+0300][1774.473s][info ][gc] GC(59024) Pause Young (Allocation Failure) 105M->105M(114M) 13.188ms
[2020-08-10T13:13:54.945+0300][1774.486s][info ][gc] GC(59025) Pause Young (Allocation Failure) 105M->105M(114M) 13.194ms
[2020-08-10T13:13:54.958+0300][1774.500s][info ][gc] GC(59026) Pause Young (Allocation Failure) 106M->106M(114M) 13.161ms
[2020-08-10T13:13:54.972+0300][1774.514s][info ][gc] GC(59027) Pause Young (Allocation Failure) 106M->106M(114M) 13.236ms
[2020-08-10T13:13:54.986+0300][1774.527s][info ][gc] GC(59028) Pause Young (Allocation Failure) 106M->106M(114M) 13.210ms
[2020-08-10T13:13:55.000+0300][1774.541s][info ][gc] GC(59029) Pause Young (Allocation Failure) 107M->107M(114M) 13.169ms
[2020-08-10T13:13:55.013+0300][1774.555s][info ][gc] GC(59030) Pause Young (Allocation Failure) 107M->107M(114M) 13.203ms
[2020-08-10T13:13:55.027+0300][1774.568s][info ][gc] GC(59031) Pause Young (Allocation Failure) 108M->108M(114M) 13.241ms
[2020-08-10T13:13:55.041+0300][1774.582s][info ][gc] GC(59032) Pause Young (Allocation Failure) 108M->108M(114M) 13.256ms
[2020-08-10T13:13:55.054+0300][1774.596s][info ][gc] GC(59033) Pause Young (Allocation Failure) 109M->109M(114M) 13.055ms
[2020-08-10T13:13:55.068+0300][1774.609s][info ][gc] GC(59034) Pause Young (Allocation Failure) 109M->109M(114M) 13.172ms
[2020-08-10T13:13:55.081+0300][1774.623s][info ][gc] GC(59035) Pause Young (Allocation Failure) 110M->110M(114M) 13.231ms
[2020-08-10T13:13:55.095+0300][1774.637s][info ][gc] GC(59036) Pause Young (Allocation Failure) 110M->110M(114M) 13.094ms
[2020-08-10T13:13:55.108+0300][1774.650s][info ][gc] GC(59037) Pause Young (Allocation Failure) 111M->111M(114M) 13.011ms
[2020-08-10T13:13:55.122+0300][1774.663s][info ][gc] GC(59038) Pause Young (Allocation Failure) 111M->111M(114M) 13.200ms
[2020-08-10T13:13:55.136+0300][1774.677s][info ][gc] GC(59039) Pause Young (Allocation Failure) 112M->111M(114M) 13.352ms
[2020-08-10T13:13:55.150+0300][1774.691s][info ][gc] GC(59040) Pause Young (Allocation Failure) 112M->112M(114M) 13.704ms
[2020-08-10T13:13:55.164+0300][1774.705s][info ][gc] GC(59041) Pause Young (Allocation Failure) 112M->112M(114M) 13.914ms
[2020-08-10T13:13:55.178+0300][1774.719s][info ][gc] GC(59042) Pause Young (Allocation Failure) 113M->113M(114M) 13.399ms
[2020-08-10T13:13:55.445+0300][1774.987s][debug][gc] GC(59043) Expanding ParOldGen from 115712K by 10752K to 126464K
[2020-08-10T13:13:55.445+0300][1774.987s][info ][gc] GC(59043) Pause Full (Ergonomics) 113M->113M(125M) 267.603ms
[2020-08-10T13:13:55.481+0300][1775.022s][info ][gc] GC(59044) Pause Young (Allocation Failure) 113M->113M(125M) 34.943ms
[2020-08-10T13:13:55.495+0300][1775.037s][info ][gc] GC(59045) Pause Young (Allocation Failure) 114M->114M(125M) 13.984ms
[2020-08-10T13:13:55.510+0300][1775.051s][info ][gc] GC(59046) Pause Young (Allocation Failure) 114M->114M(125M) 14.175ms
[2020-08-10T13:13:55.524+0300][1775.066s][info ][gc] GC(59047) Pause Young (Allocation Failure) 115M->115M(125M) 14.346ms
[2020-08-10T13:13:55.539+0300][1775.080s][info ][gc] GC(59048) Pause Young (Allocation Failure) 115M->115M(125M) 14.179ms
[2020-08-10T13:13:55.572+0300][1775.113s][info ][gc] GC(59049) Pause Young (Allocation Failure) 116M->115M(125M) 32.374ms
[2020-08-10T13:13:55.595+0300][1775.137s][info ][gc] GC(59050) Pause Young (Allocation Failure) 116M->116M(125M) 23.420ms
[2020-08-10T13:13:55.611+0300][1775.153s][info ][gc] GC(59051) Pause Young (Allocation Failure) 116M->116M(125M) 15.439ms
[2020-08-10T13:13:55.626+0300][1775.168s][info ][gc] GC(59052) Pause Young (Allocation Failure) 117M->117M(125M) 14.528ms
[2020-08-10T13:13:55.641+0300][1775.183s][info ][gc] GC(59053) Pause Young (Allocation Failure) 117M->117M(125M) 14.559ms
[2020-08-10T13:13:55.656+0300][1775.198s][info ][gc] GC(59054) Pause Young (Allocation Failure) 118M->118M(125M) 14.399ms
[2020-08-10T13:13:55.690+0300][1775.232s][info ][gc] GC(59055) Pause Young (Allocation Failure) 118M->118M(125M) 33.761ms
[2020-08-10T13:13:55.705+0300][1775.247s][info ][gc] GC(59056) Pause Young (Allocation Failure) 119M->119M(125M) 14.834ms
[2020-08-10T13:13:55.720+0300][1775.262s][info ][gc] GC(59057) Pause Young (Allocation Failure) 119M->119M(125M) 14.408ms
[2020-08-10T13:13:55.735+0300][1775.277s][info ][gc] GC(59058) Pause Young (Allocation Failure) 120M->120M(125M) 14.659ms
[2020-08-10T13:13:55.750+0300][1775.292s][info ][gc] GC(59059) Pause Young (Allocation Failure) 120M->120M(125M) 14.548ms
[2020-08-10T13:13:55.765+0300][1775.307s][info ][gc] GC(59060) Pause Young (Allocation Failure) 121M->121M(125M) 14.517ms
[2020-08-10T13:13:55.780+0300][1775.322s][info ][gc] GC(59061) Pause Young (Allocation Failure) 121M->121M(125M) 14.783ms
[2020-08-10T13:13:55.796+0300][1775.338s][info ][gc] GC(59062) Pause Young (Allocation Failure) 122M->122M(125M) 15.440ms
[2020-08-10T13:13:55.811+0300][1775.353s][info ][gc] GC(59063) Pause Young (Allocation Failure) 122M->122M(125M) 14.790ms
[2020-08-10T13:13:55.827+0300][1775.368s][info ][gc] GC(59064) Pause Young (Allocation Failure) 123M->122M(125M) 14.845ms
[2020-08-10T13:13:55.842+0300][1775.384s][info ][gc] GC(59065) Pause Young (Allocation Failure) 123M->123M(125M) 14.936ms
[2020-08-10T13:13:55.879+0300][1775.421s][info ][gc] GC(59066) Pause Young (Allocation Failure) 123M->123M(125M) 36.773ms
[2020-08-10T13:13:56.318+0300][1775.859s][debug][gc] GC(59067) Expanding ParOldGen from 126464K by 10752K to 137216K
[2020-08-10T13:13:56.318+0300][1775.860s][info ][gc] GC(59067) Pause Full (Ergonomics) 123M->123M(135M) 438.537ms
[2020-08-10T13:13:56.352+0300][1775.894s][info ][gc] GC(59068) Pause Young (Allocation Failure) 124M->124M(135M) 33.777ms
[2020-08-10T13:13:56.368+0300][1775.909s][info ][gc] GC(59069) Pause Young (Allocation Failure) 124M->124M(135M) 15.097ms
[2020-08-10T13:13:56.383+0300][1775.924s][info ][gc] GC(59070) Pause Young (Allocation Failure) 125M->124M(135M) 14.921ms
[2020-08-10T13:13:56.398+0300][1775.940s][info ][gc] GC(59071) Pause Young (Allocation Failure) 125M->125M(135M) 14.863ms
[2020-08-10T13:13:56.413+0300][1775.955s][info ][gc] GC(59072) Pause Young (Allocation Failure) 125M->125M(135M) 15.129ms
[2020-08-10T13:13:56.429+0300][1775.970s][info ][gc] GC(59073) Pause Young (Allocation Failure) 126M->126M(135M) 15.115ms
[2020-08-10T13:13:56.445+0300][1775.986s][info ][gc] GC(59074) Pause Young (Allocation Failure) 126M->126M(135M) 15.298ms
[2020-08-10T13:13:56.460+0300][1776.002s][info ][gc] GC(59075) Pause Young (Allocation Failure) 127M->127M(135M) 15.142ms
[2020-08-10T13:13:56.476+0300][1776.017s][info ][gc] GC(59076) Pause Young (Allocation Failure) 127M->127M(135M) 15.224ms
[2020-08-10T13:13:56.492+0300][1776.033s][info ][gc] GC(59077) Pause Young (Allocation Failure) 128M->128M(135M) 15.442ms
[2020-08-10T13:13:56.508+0300][1776.049s][info ][gc] GC(59078) Pause Young (Allocation Failure) 128M->128M(135M) 15.655ms
[2020-08-10T13:13:56.524+0300][1776.066s][info ][gc] GC(59079) Pause Young (Allocation Failure) 129M->129M(135M) 15.666ms
[2020-08-10T13:13:56.540+0300][1776.081s][info ][gc] GC(59080) Pause Young (Allocation Failure) 129M->129M(135M) 15.420ms
[2020-08-10T13:13:56.556+0300][1776.097s][info ][gc] GC(59081) Pause Young (Allocation Failure) 130M->130M(135M) 15.290ms
[2020-08-10T13:13:56.573+0300][1776.114s][info ][gc] GC(59082) Pause Young (Allocation Failure) 130M->130M(135M) 16.570ms
[2020-08-10T13:13:56.588+0300][1776.130s][info ][gc] GC(59083) Pause Young (Allocation Failure) 131M->130M(135M) 15.104ms
[2020-08-10T13:13:56.604+0300][1776.145s][info ][gc] GC(59084) Pause Young (Allocation Failure) 131M->131M(135M) 15.153ms
[2020-08-10T13:13:56.619+0300][1776.161s][info ][gc] GC(59085) Pause Young (Allocation Failure) 131M->131M(135M) 15.332ms
[2020-08-10T13:13:56.655+0300][1776.197s][info ][gc] GC(59086) Pause Young (Allocation Failure) 132M->132M(135M) 35.691ms
[2020-08-10T13:13:56.671+0300][1776.213s][info ][gc] GC(59087) Pause Young (Allocation Failure) 132M->132M(135M) 15.382ms
[2020-08-10T13:13:56.687+0300][1776.229s][info ][gc] GC(59088) Pause Young (Allocation Failure) 133M->133M(135M) 15.696ms
[2020-08-10T13:13:56.703+0300][1776.245s][info ][gc] GC(59089) Pause Young (Allocation Failure) 133M->133M(135M) 15.831ms
[2020-08-10T13:13:56.719+0300][1776.261s][info ][gc] GC(59090) Pause Young (Allocation Failure) 134M->134M(135M) 15.640ms
[2020-08-10T13:13:57.211+0300][1776.753s][debug][gc] GC(59091) Expanding ParOldGen from 137216K by 10752K to 147968K
[2020-08-10T13:13:57.212+0300][1776.753s][info ][gc] GC(59091) Pause Full (Ergonomics) 134M->133M(146M) 492.054ms
[2020-08-10T13:13:57.230+0300][1776.772s][info ][gc] GC(59092) Pause Young (Allocation Failure) 134M->134M(146M) 18.420ms
[2020-08-10T13:13:57.247+0300][1776.788s][info ][gc] GC(59093) Pause Young (Allocation Failure) 134M->134M(146M) 15.574ms
[2020-08-10T13:13:57.262+0300][1776.804s][info ][gc] GC(59094) Pause Young (Allocation Failure) 135M->135M(146M) 15.147ms
[2020-08-10T13:13:57.262+0300][1776.804s][debug][gc] Expanding ParOldGen from 147968K by 19968K to 167936K
[2020-08-10T13:13:57.311+0300][1776.852s][info ][gc] GC(59095) Pause Young (Allocation Failure) 154M->154M(165M) 38.970ms
[2020-08-10T13:13:57.325+0300][1776.867s][info ][gc] GC(59096) Pause Young (Allocation Failure) 155M->155M(165M) 13.884ms
[2020-08-10T13:13:57.338+0300][1776.880s][info ][gc] GC(59097) Pause Young (Allocation Failure) 155M->155M(165M) 12.875ms
[2020-08-10T13:13:57.352+0300][1776.893s][info ][gc] GC(59098) Pause Young (Allocation Failure) 156M->156M(165M) 12.942ms
[2020-08-10T13:13:57.368+0300][1776.909s][info ][gc] GC(59099) Pause Young (Allocation Failure) 156M->156M(165M) 15.386ms
[2020-08-10T13:13:57.381+0300][1776.923s][info ][gc] GC(59100) Pause Young (Allocation Failure) 157M->157M(165M) 13.111ms
[2020-08-10T13:13:57.395+0300][1776.936s][info ][gc] GC(59101) Pause Young (Allocation Failure) 157M->157M(165M) 13.177ms
[2020-08-10T13:13:57.408+0300][1776.950s][info ][gc] GC(59102) Pause Young (Allocation Failure) 158M->157M(165M) 13.143ms
[2020-08-10T13:13:57.422+0300][1776.964s][info ][gc] GC(59103) Pause Young (Allocation Failure) 158M->158M(165M) 12.986ms
[2020-08-10T13:13:57.435+0300][1776.977s][info ][gc] GC(59104) Pause Young (Allocation Failure) 158M->158M(165M) 12.897ms
[2020-08-10T13:13:57.448+0300][1776.990s][info ][gc] GC(59105) Pause Young (Allocation Failure) 159M->159M(165M) 12.892ms
[2020-08-10T13:13:57.461+0300][1777.003s][info ][gc] GC(59106) Pause Young (Allocation Failure) 159M->159M(165M) 12.927ms
[2020-08-10T13:13:57.475+0300][1777.016s][info ][gc] GC(59107) Pause Young (Allocation Failure) 160M->160M(165M) 12.870ms
[2020-08-10T13:13:57.489+0300][1777.030s][info ][gc] GC(59108) Pause Young (Allocation Failure) 160M->160M(165M) 13.594ms
[2020-08-10T13:13:57.502+0300][1777.043s][info ][gc] GC(59109) Pause Young (Allocation Failure) 161M->161M(165M) 12.951ms
[2020-08-10T13:13:57.516+0300][1777.057s][info ][gc] GC(59110) Pause Young (Allocation Failure) 161M->161M(165M) 13.703ms
[2020-08-10T13:13:57.529+0300][1777.071s][info ][gc] GC(59111) Pause Young (Allocation Failure) 162M->162M(165M) 12.940ms
[2020-08-10T13:13:57.542+0300][1777.084s][info ][gc] GC(59112) Pause Young (Allocation Failure) 162M->162M(165M) 12.916ms
[2020-08-10T13:13:57.556+0300][1777.097s][info ][gc] GC(59113) Pause Young (Allocation Failure) 163M->163M(165M) 13.102ms
[2020-08-10T13:13:57.569+0300][1777.111s][info ][gc] GC(59114) Pause Young (Allocation Failure) 164M->164M(166M) 13.211ms
[2020-08-10T13:13:57.633+0300][1777.175s][debug][gc] GC(59115) Shrinking ParOldGen from 167936K by 125440K to 42496K
[2020-08-10T13:13:57.634+0300][1777.175s][info ][gc] GC(59115) Pause Full (Ergonomics) 164M->30M(43M) 64.078ms
[2020-08-10T13:13:57.647+0300][1777.189s][info ][gc] GC(59116) Pause Young (Allocation Failure) 31M->31M(43M) 12.982ms
[2020-08-10T13:13:57.661+0300][1777.203s][info ][gc] GC(59117) Pause Young (Allocation Failure) 32M->32M(43M) 13.262ms
[2020-08-10T13:13:57.675+0300][1777.216s][info ][gc] GC(59118) Pause Young (Allocation Failure) 32M->32M(43M) 13.071ms
[2020-08-10T13:13:57.688+0300][1777.229s][info ][gc] GC(59119) Pause Young (Allocation Failure) 33M->32M(42M) 12.842ms
[2020-08-10T13:13:57.701+0300][1777.243s][info ][gc] GC(59120) Pause Young (Allocation Failure) 33M->33M(43M) 13.025ms
[2020-08-10T13:13:57.715+0300][1777.256s][info ][gc] GC(59121) Pause Young (Allocation Failure) 33M->33M(43M) 12.902ms
[2020-08-10T13:13:57.728+0300][1777.270s][info ][gc] GC(59122) Pause Young (Allocation Failure) 34M->34M(43M) 13.011ms
[2020-08-10T13:13:57.742+0300][1777.283s][info ][gc] GC(59123) Pause Young (Allocation Failure) 34M->34M(43M) 12.988ms
[2020-08-10T13:13:57.755+0300][1777.297s][info ][gc] GC(59124) Pause Young (Allocation Failure) 35M->35M(43M) 12.938ms
[2020-08-10T13:13:57.768+0300][1777.310s][info ][gc] GC(59125) Pause Young (Allocation Failure) 35M->35M(43M) 12.912ms
[2020-08-10T13:13:57.782+0300][1777.323s][info ][gc] GC(59126) Pause Young (Allocation Failure) 36M->36M(43M) 13.037ms
[2020-08-10T13:13:57.795+0300][1777.337s][info ][gc] GC(59127) Pause Young (Allocation Failure) 36M->36M(43M) 12.919ms
[2020-08-10T13:13:57.809+0300][1777.350s][info ][gc] GC(59128) Pause Young (Allocation Failure) 37M->37M(43M) 12.983ms
[2020-08-10T13:13:57.822+0300][1777.363s][info ][gc] GC(59129) Pause Young (Allocation Failure) 37M->37M(43M) 12.833ms
[2020-08-10T13:13:57.835+0300][1777.377s][info ][gc] GC(59130) Pause Young (Allocation Failure) 38M->38M(43M) 12.794ms
[2020-08-10T13:13:57.848+0300][1777.390s][info ][gc] GC(59131) Pause Young (Allocation Failure) 38M->38M(43M) 12.837ms
[2020-08-10T13:13:57.861+0300][1777.403s][info ][gc] GC(59132) Pause Young (Allocation Failure) 38M->38M(43M) 12.813ms
[2020-08-10T13:13:57.874+0300][1777.416s][info ][gc] GC(59133) Pause Young (Allocation Failure) 39M->39M(43M) 12.940ms
[2020-08-10T13:13:57.888+0300][1777.429s][info ][gc] GC(59134) Pause Young (Allocation Failure) 39M->39M(43M) 12.831ms
[2020-08-10T13:13:57.901+0300][1777.442s][info ][gc] GC(59135) Pause Young (Allocation Failure) 40M->40M(43M) 12.915ms
[2020-08-10T13:13:57.914+0300][1777.456s][info ][gc] GC(59136) Pause Young (Allocation Failure) 40M->40M(43M) 13.003ms
[2020-08-10T13:13:57.928+0300][1777.469s][info ][gc] GC(59137) Pause Young (Allocation Failure) 41M->41M(43M) 12.911ms
[2020-08-10T13:13:57.941+0300][1777.482s][info ][gc] GC(59138) Pause Young (Allocation Failure) 41M->41M(43M) 12.846ms
[2020-08-10T13:13:58.014+0300][1777.556s][debug][gc] GC(59139) Expanding ParOldGen from 42496K by 10752K to 53248K
[2020-08-10T13:13:58.014+0300][1777.556s][info ][gc] GC(59139) Pause Full (Ergonomics) 41M->41M(53M) 73.355ms
[2020-08-10T13:13:58.033+0300][1777.574s][info ][gc] GC(59140) Pause Young (Allocation Failure) 42M->41M(53M) 18.141ms
[2020-08-10T13:13:58.046+0300][1777.588s][info ][gc] GC(59141) Pause Young (Allocation Failure) 42M->42M(53M) 13.190ms
[2020-08-10T13:13:58.060+0300][1777.602s][info ][gc] GC(59142) Pause Young (Allocation Failure) 42M->42M(53M) 13.129ms
[2020-08-10T13:13:58.073+0300][1777.615s][info ][gc] GC(59143) Pause Young (Allocation Failure) 43M->43M(53M) 13.030ms
[2020-08-10T13:13:58.087+0300][1777.629s][info ][gc] GC(59144) Pause Young (Allocation Failure) 43M->43M(53M) 13.075ms
[2020-08-10T13:13:58.100+0300][1777.642s][info ][gc] GC(59145) Pause Young (Allocation Failure) 44M->44M(53M) 13.086ms
[2020-08-10T13:13:58.114+0300][1777.656s][info ][gc] GC(59146) Pause Young (Allocation Failure) 44M->44M(53M) 13.092ms
[2020-08-10T13:13:58.127+0300][1777.669s][info ][gc] GC(59147) Pause Young (Allocation Failure) 45M->45M(53M) 13.035ms
[2020-08-10T13:13:58.141+0300][1777.683s][info ][gc] GC(59148) Pause Young (Allocation Failure) 45M->45M(53M) 12.955ms
[2020-08-10T13:13:58.154+0300][1777.696s][info ][gc] GC(59149) Pause Young (Allocation Failure) 46M->46M(53M) 13.087ms
[2020-08-10T13:13:58.168+0300][1777.709s][info ][gc] GC(59150) Pause Young (Allocation Failure) 46M->46M(53M) 13.090ms
[2020-08-10T13:13:58.181+0300][1777.723s][info ][gc] GC(59151) Pause Young (Allocation Failure) 47M->47M(53M) 13.074ms
[2020-08-10T13:13:58.195+0300][1777.737s][info ][gc] GC(59152) Pause Young (Allocation Failure) 47M->47M(53M) 13.212ms
[2020-08-10T13:13:58.209+0300][1777.750s][info ][gc] GC(59153) Pause Young (Allocation Failure) 47M->47M(53M) 13.130ms
[2020-08-10T13:13:58.222+0300][1777.764s][info ][gc] GC(59154) Pause Young (Allocation Failure) 48M->48M(53M) 12.991ms
[2020-08-10T13:13:58.235+0300][1777.777s][info ][gc] GC(59155) Pause Young (Allocation Failure) 48M->48M(53M) 12.928ms
[2020-08-10T13:13:58.249+0300][1777.790s][info ][gc] GC(59156) Pause Young (Allocation Failure) 49M->49M(53M) 12.927ms
[2020-08-10T13:13:58.262+0300][1777.804s][info ][gc] GC(59157) Pause Young (Allocation Failure) 49M->49M(53M) 13.053ms
[2020-08-10T13:13:58.276+0300][1777.817s][info ][gc] GC(59158) Pause Young (Allocation Failure) 50M->50M(53M) 13.126ms
[2020-08-10T13:13:58.289+0300][1777.831s][info ][gc] GC(59159) Pause Young (Allocation Failure) 50M->50M(53M) 12.979ms
[2020-08-10T13:13:58.303+0300][1777.845s][info ][gc] GC(59160) Pause Young (Allocation Failure) 51M->51M(53M) 13.274ms
[2020-08-10T13:13:58.316+0300][1777.858s][info ][gc] GC(59161) Pause Young (Allocation Failure) 51M->51M(53M) 12.900ms
[2020-08-10T13:13:58.325+0300][1777.866s][debug][gc] GC(59162) Expanding ParOldGen from 53248K by 512K to 53760K
[2020-08-10T13:13:58.330+0300][1777.871s][info ][gc] GC(59162) Pause Young (Allocation Failure) 52M->52M(54M) 13.169ms
[2020-08-10T13:13:58.436+0300][1777.978s][debug][gc] GC(59163) Expanding ParOldGen from 53760K by 10752K to 64512K
[2020-08-10T13:13:58.436+0300][1777.978s][info ][gc] GC(59163) Pause Full (Ergonomics) 52M->52M(65M) 106.186ms
[2020-08-10T13:13:58.450+0300][1777.991s][info ][gc] GC(59164) Pause Young (Allocation Failure) 53M->53M(65M) 12.971ms
[2020-08-10T13:13:58.464+0300][1778.005s][info ][gc] GC(59165) Pause Young (Allocation Failure) 54M->54M(64M) 13.503ms
[2020-08-10T13:13:58.477+0300][1778.019s][info ][gc] GC(59166) Pause Young (Allocation Failure) 54M->54M(65M) 13.217ms
[2020-08-10T13:13:58.491+0300][1778.032s][info ][gc] GC(59167) Pause Young (Allocation Failure) 55M->55M(65M) 12.890ms
[2020-08-10T13:13:58.504+0300][1778.046s][info ][gc] GC(59168) Pause Young (Allocation Failure) 55M->55M(64M) 13.077ms
[2020-08-10T13:13:58.535+0300][1778.077s][info ][gc] GC(59169) Pause Young (Allocation Failure) 56M->56M(64M) 30.676ms
[2020-08-10T13:13:58.557+0300][1778.099s][info ][gc] GC(59170) Pause Young (Allocation Failure) 56M->56M(64M) 21.625ms
[2020-08-10T13:13:58.570+0300][1778.112s][info ][gc] GC(59171) Pause Young (Allocation Failure) 57M->56M(64M) 12.979ms
[2020-08-10T13:13:58.587+0300][1778.129s][info ][gc] GC(59172) Pause Young (Allocation Failure) 57M->57M(64M) 16.129ms
[2020-08-10T13:13:58.600+0300][1778.142s][info ][gc] GC(59173) Pause Young (Allocation Failure) 57M->57M(64M) 12.999ms
[2020-08-10T13:13:58.614+0300][1778.155s][info ][gc] GC(59174) Pause Young (Allocation Failure) 58M->58M(64M) 12.876ms
[2020-08-10T13:13:58.627+0300][1778.169s][info ][gc] GC(59175) Pause Young (Allocation Failure) 58M->58M(64M) 12.963ms
[2020-08-10T13:13:58.640+0300][1778.182s][info ][gc] GC(59176) Pause Young (Allocation Failure) 59M->59M(64M) 13.022ms
[2020-08-10T13:13:58.654+0300][1778.196s][info ][gc] GC(59177) Pause Young (Allocation Failure) 59M->59M(64M) 13.043ms
[2020-08-10T13:13:58.667+0300][1778.209s][info ][gc] GC(59178) Pause Young (Allocation Failure) 60M->60M(64M) 12.998ms
[2020-08-10T13:13:58.681+0300][1778.222s][info ][gc] GC(59179) Pause Young (Allocation Failure) 60M->60M(64M) 12.979ms
[2020-08-10T13:13:58.694+0300][1778.236s][info ][gc] GC(59180) Pause Young (Allocation Failure) 61M->61M(64M) 12.887ms
[2020-08-10T13:13:58.707+0300][1778.249s][info ][gc] GC(59181) Pause Young (Allocation Failure) 61M->61M(64M) 13.009ms
[2020-08-10T13:13:58.721+0300][1778.262s][info ][gc] GC(59182) Pause Young (Allocation Failure) 62M->62M(64M) 13.006ms
[2020-08-10T13:13:58.734+0300][1778.276s][info ][gc] GC(59183) Pause Young (Allocation Failure) 62M->62M(64M) 13.039ms
[2020-08-10T13:13:58.748+0300][1778.289s][info ][gc] GC(59184) Pause Young (Allocation Failure) 63M->62M(64M) 12.951ms
[2020-08-10T13:13:58.884+0300][1778.426s][debug][gc] GC(59185) Expanding ParOldGen from 64512K by 10752K to 75264K
[2020-08-10T13:13:58.884+0300][1778.426s][info ][gc] GC(59185) Pause Full (Ergonomics) 62M->62M(75M) 136.682ms
[2020-08-10T13:13:58.909+0300][1778.450s][info ][gc] GC(59186) Pause Young (Allocation Failure) 63M->63M(75M) 24.079ms
[2020-08-10T13:13:58.923+0300][1778.464s][info ][gc] GC(59187) Pause Young (Allocation Failure) 63M->63M(75M) 13.729ms
[2020-08-10T13:13:58.936+0300][1778.478s][info ][gc] GC(59188) Pause Young (Allocation Failure) 64M->64M(75M) 12.868ms
[2020-08-10T13:13:58.949+0300][1778.491s][info ][gc] GC(59189) Pause Young (Allocation Failure) 64M->64M(75M) 12.895ms
[2020-08-10T13:13:58.963+0300][1778.504s][info ][gc] GC(59190) Pause Young (Allocation Failure) 65M->65M(75M) 13.020ms
[2020-08-10T13:13:58.976+0300][1778.518s][info ][gc] GC(59191) Pause Young (Allocation Failure) 65M->65M(75M) 13.048ms
[2020-08-10T13:13:58.990+0300][1778.531s][info ][gc] GC(59192) Pause Young (Allocation Failure) 66M->65M(75M) 12.966ms
[2020-08-10T13:13:59.003+0300][1778.545s][info ][gc] GC(59193) Pause Young (Allocation Failure) 66M->66M(75M) 13.027ms
[2020-08-10T13:13:59.017+0300][1778.558s][info ][gc] GC(59194) Pause Young (Allocation Failure) 66M->66M(75M) 13.034ms
[2020-08-10T13:13:59.030+0300][1778.572s][info ][gc] GC(59195) Pause Young (Allocation Failure) 67M->67M(75M) 13.025ms
[2020-08-10T13:13:59.044+0300][1778.585s][info ][gc] GC(59196) Pause Young (Allocation Failure) 67M->67M(75M) 13.092ms
[2020-08-10T13:13:59.057+0300][1778.599s][info ][gc] GC(59197) Pause Young (Allocation Failure) 68M->68M(75M) 13.068ms
[2020-08-10T13:13:59.071+0300][1778.612s][info ][gc] GC(59198) Pause Young (Allocation Failure) 68M->68M(75M) 13.137ms
[2020-08-10T13:13:59.084+0300][1778.626s][info ][gc] GC(59199) Pause Young (Allocation Failure) 69M->69M(75M) 13.093ms
[2020-08-10T13:13:59.098+0300][1778.640s][info ][gc] GC(59200) Pause Young (Allocation Failure) 69M->69M(75M) 13.124ms
[2020-08-10T13:13:59.111+0300][1778.653s][info ][gc] GC(59201) Pause Young (Allocation Failure) 70M->70M(75M) 13.020ms
[2020-08-10T13:13:59.125+0300][1778.667s][info ][gc] GC(59202) Pause Young (Allocation Failure) 70M->70M(75M) 13.077ms
[2020-08-10T13:13:59.138+0300][1778.680s][info ][gc] GC(59203) Pause Young (Allocation Failure) 71M->71M(75M) 12.960ms
[2020-08-10T13:13:59.152+0300][1778.694s][info ][gc] GC(59204) Pause Young (Allocation Failure) 71M->71M(75M) 12.881ms
[2020-08-10T13:13:59.165+0300][1778.707s][info ][gc] GC(59205) Pause Young (Allocation Failure) 71M->71M(75M) 13.022ms
[2020-08-10T13:13:59.179+0300][1778.720s][info ][gc] GC(59206) Pause Young (Allocation Failure) 72M->72M(75M) 13.106ms
[2020-08-10T13:13:59.192+0300][1778.734s][info ][gc] GC(59207) Pause Young (Allocation Failure) 72M->72M(75M) 13.061ms
[2020-08-10T13:13:59.206+0300][1778.747s][info ][gc] GC(59208) Pause Young (Allocation Failure) 73M->73M(75M) 12.897ms
[2020-08-10T13:13:59.219+0300][1778.761s][info ][gc] GC(59209) Pause Young (Allocation Failure) 73M->73M(75M) 13.034ms
[2020-08-10T13:13:59.385+0300][1778.927s][debug][gc] GC(59210) Expanding ParOldGen from 75264K by 10752K to 86016K
[2020-08-10T13:13:59.385+0300][1778.927s][info ][gc] GC(59210) Pause Full (Ergonomics) 73M->73M(85M) 166.033ms
[2020-08-10T13:13:59.412+0300][1778.954s][info ][gc] GC(59211) Pause Young (Allocation Failure) 74M->74M(85M) 27.178ms
[2020-08-10T13:13:59.426+0300][1778.968s][info ][gc] GC(59212) Pause Young (Allocation Failure) 74M->74M(85M) 13.185ms
[2020-08-10T13:13:59.439+0300][1778.981s][info ][gc] GC(59213) Pause Young (Allocation Failure) 74M->74M(85M) 13.111ms
[2020-08-10T13:13:59.453+0300][1778.995s][info ][gc] GC(59214) Pause Young (Allocation Failure) 75M->75M(85M) 13.540ms
[2020-08-10T13:13:59.467+0300][1779.009s][info ][gc] GC(59215) Pause Young (Allocation Failure) 75M->75M(85M) 13.391ms
[2020-08-10T13:13:59.481+0300][1779.022s][info ][gc] GC(59216) Pause Young (Allocation Failure) 76M->76M(85M) 13.153ms
[2020-08-10T13:13:59.494+0300][1779.036s][info ][gc] GC(59217) Pause Young (Allocation Failure) 77M->77M(85M) 13.378ms
[2020-08-10T13:13:59.508+0300][1779.050s][info ][gc] GC(59218) Pause Young (Allocation Failure) 78M->78M(86M) 13.374ms
[2020-08-10T13:13:59.523+0300][1779.064s][info ][gc] GC(59219) Pause Young (Allocation Failure) 79M->79M(86M) 13.712ms
[2020-08-10T13:13:59.537+0300][1779.079s][info ][gc] GC(59220) Pause Young (Allocation Failure) 80M->79M(86M) 13.599ms
[2020-08-10T13:13:59.551+0300][1779.093s][info ][gc] GC(59221) Pause Young (Allocation Failure) 80M->80M(86M) 13.881ms
[2020-08-10T13:13:59.566+0300][1779.107s][info ][gc] GC(59222) Pause Young (Allocation Failure) 81M->81M(86M) 13.632ms
[2020-08-10T13:13:59.580+0300][1779.122s][info ][gc] GC(59223) Pause Young (Allocation Failure) 82M->82M(86M) 13.865ms
[2020-08-10T13:13:59.595+0300][1779.136s][info ][gc] GC(59224) Pause Young (Allocation Failure) 83M->83M(86M) 13.840ms
[2020-08-10T13:13:59.609+0300][1779.151s][info ][gc] GC(59225) Pause Young (Allocation Failure) 84M->84M(86M) 13.964ms
[2020-08-10T13:13:59.802+0300][1779.344s][debug][gc] GC(59226) Expanding ParOldGen from 86016K by 11776K to 97792K
[2020-08-10T13:13:59.803+0300][1779.344s][info ][gc] GC(59226) Pause Full (Ergonomics) 84M->84M(98M) 193.403ms
[2020-08-10T13:13:59.834+0300][1779.376s][info ][gc] GC(59227) Pause Young (Allocation Failure) 85M->85M(98M) 30.835ms
[2020-08-10T13:13:59.848+0300][1779.390s][info ][gc] GC(59228) Pause Young (Allocation Failure) 86M->86M(98M) 13.812ms
[2020-08-10T13:13:59.863+0300][1779.404s][info ][gc] GC(59229) Pause Young (Allocation Failure) 87M->87M(98M) 13.903ms
[2020-08-10T13:13:59.877+0300][1779.419s][info ][gc] GC(59230) Pause Young (Allocation Failure) 88M->88M(98M) 14.172ms
[2020-08-10T13:13:59.892+0300][1779.434s][info ][gc] GC(59231) Pause Young (Allocation Failure) 89M->89M(98M) 14.568ms
[2020-08-10T13:13:59.907+0300][1779.449s][info ][gc] GC(59232) Pause Young (Allocation Failure) 90M->90M(98M) 14.545ms
[2020-08-10T13:13:59.922+0300][1779.464s][info ][gc] GC(59233) Pause Young (Allocation Failure) 91M->90M(98M) 14.743ms
[2020-08-10T13:13:59.937+0300][1779.479s][info ][gc] GC(59234) Pause Young (Allocation Failure) 91M->91M(98M) 14.544ms
[2020-08-10T13:13:59.972+0300][1779.514s][info ][gc] GC(59235) Pause Young (Allocation Failure) 92M->92M(98M) 34.430ms
[2020-08-10T13:13:59.988+0300][1779.530s][info ][gc] GC(59236) Pause Young (Allocation Failure) 93M->93M(98M) 15.169ms
[2020-08-10T13:14:00.004+0300][1779.545s][info ][gc] GC(59237) Pause Young (Allocation Failure) 94M->94M(98M) 15.328ms
[2020-08-10T13:14:00.019+0300][1779.561s][info ][gc] GC(59238) Pause Young (Allocation Failure) 95M->95M(98M) 15.132ms
[2020-08-10T13:14:00.290+0300][1779.832s][debug][gc] GC(59239) Expanding ParOldGen from 97792K by 11264K to 109056K
[2020-08-10T13:14:00.290+0300][1779.832s][info ][gc] GC(59239) Pause Full (Ergonomics) 95M->95M(109M) 270.688ms
[2020-08-10T13:14:00.324+0300][1779.866s][info ][gc] GC(59240) Pause Young (Allocation Failure) 96M->96M(109M) 33.709ms
[2020-08-10T13:14:00.340+0300][1779.882s][info ][gc] GC(59241) Pause Young (Allocation Failure) 97M->97M(109M) 15.522ms
[2020-08-10T13:14:00.356+0300][1779.898s][info ][gc] GC(59242) Pause Young (Allocation Failure) 98M->98M(109M) 15.196ms
[2020-08-10T13:14:00.372+0300][1779.914s][info ][gc] GC(59243) Pause Young (Allocation Failure) 99M->99M(109M) 15.430ms
[2020-08-10T13:14:00.388+0300][1779.930s][info ][gc] GC(59244) Pause Young (Allocation Failure) 100M->100M(109M) 15.496ms
[2020-08-10T13:14:00.404+0300][1779.946s][info ][gc] GC(59245) Pause Young (Allocation Failure) 101M->101M(109M) 15.604ms
[2020-08-10T13:14:00.420+0300][1779.962s][info ][gc] GC(59246) Pause Young (Allocation Failure) 102M->102M(109M) 15.466ms
[2020-08-10T13:14:00.436+0300][1779.978s][info ][gc] GC(59247) Pause Young (Allocation Failure) 103M->103M(109M) 15.490ms
[2020-08-10T13:14:00.452+0300][1779.994s][info ][gc] GC(59248) Pause Young (Allocation Failure) 104M->104M(109M) 15.512ms
[2020-08-10T13:14:00.469+0300][1780.010s][info ][gc] GC(59249) Pause Young (Allocation Failure) 105M->104M(109M) 15.743ms
[2020-08-10T13:14:00.485+0300][1780.027s][info ][gc] GC(59250) Pause Young (Allocation Failure) 105M->105M(109M) 16.033ms
[2020-08-10T13:14:00.502+0300][1780.043s][info ][gc] GC(59251) Pause Young (Allocation Failure) 106M->106M(109M) 15.805ms
[2020-08-10T13:14:00.766+0300][1780.308s][debug][gc] GC(59252) Expanding ParOldGen from 109056K by 11264K to 120320K
[2020-08-10T13:14:00.766+0300][1780.308s][info ][gc] GC(59252) Pause Full (Ergonomics) 106M->106M(120M) 264.665ms
[2020-08-10T13:14:00.803+0300][1780.345s][info ][gc] GC(59253) Pause Young (Allocation Failure) 107M->107M(120M) 36.277ms
[2020-08-10T13:14:00.820+0300][1780.362s][info ][gc] GC(59254) Pause Young (Allocation Failure) 108M->108M(120M) 16.180ms
[2020-08-10T13:14:00.836+0300][1780.378s][info ][gc] GC(59255) Pause Young (Allocation Failure) 109M->109M(120M) 16.242ms
[2020-08-10T13:14:00.855+0300][1780.397s][info ][gc] GC(59256) Pause Young (Allocation Failure) 110M->110M(120M) 18.291ms
[2020-08-10T13:14:00.872+0300][1780.414s][info ][gc] GC(59257) Pause Young (Allocation Failure) 111M->111M(120M) 16.443ms
[2020-08-10T13:14:00.889+0300][1780.431s][info ][gc] GC(59258) Pause Young (Allocation Failure) 112M->112M(120M) 16.663ms
[2020-08-10T13:14:00.906+0300][1780.448s][info ][gc] GC(59259) Pause Young (Allocation Failure) 113M->113M(120M) 16.509ms
[2020-08-10T13:14:00.923+0300][1780.465s][info ][gc] GC(59260) Pause Young (Allocation Failure) 114M->114M(120M) 16.347ms
[2020-08-10T13:14:00.941+0300][1780.482s][info ][gc] GC(59261) Pause Young (Allocation Failure) 115M->115M(120M) 16.814ms
[2020-08-10T13:14:00.958+0300][1780.500s][info ][gc] GC(59262) Pause Young (Allocation Failure) 116M->116M(120M) 16.817ms
[2020-08-10T13:14:00.976+0300][1780.517s][info ][gc] GC(59263) Pause Young (Allocation Failure) 117M->117M(120M) 16.925ms
[2020-08-10T13:14:00.993+0300][1780.535s][info ][gc] GC(59264) Pause Young (Allocation Failure) 118M->118M(120M) 16.840ms
[2020-08-10T13:14:01.279+0300][1780.821s][debug][gc] GC(59265) Expanding ParOldGen from 120320K by 11776K to 132096K
[2020-08-10T13:14:01.279+0300][1780.821s][info ][gc] GC(59265) Pause Full (Ergonomics) 118M->117M(131M) 285.950ms
[2020-08-10T13:14:01.311+0300][1780.853s][info ][gc] GC(59266) Pause Young (Allocation Failure) 118M->118M(131M) 31.149ms
[2020-08-10T13:14:01.328+0300][1780.870s][info ][gc] GC(59267) Pause Young (Allocation Failure) 119M->119M(131M) 16.957ms
[2020-08-10T13:14:01.346+0300][1780.887s][info ][gc] GC(59268) Pause Young (Allocation Failure) 120M->120M(131M) 17.062ms
[2020-08-10T13:14:01.363+0300][1780.905s][info ][gc] GC(59269) Pause Young (Allocation Failure) 121M->121M(131M) 17.118ms
[2020-08-10T13:14:01.381+0300][1780.923s][info ][gc] GC(59270) Pause Young (Allocation Failure) 122M->122M(131M) 17.619ms
[2020-08-10T13:14:01.399+0300][1780.941s][info ][gc] GC(59271) Pause Young (Allocation Failure) 123M->123M(131M) 17.031ms
[2020-08-10T13:14:01.416+0300][1780.958s][info ][gc] GC(59272) Pause Young (Allocation Failure) 124M->124M(131M) 17.287ms
[2020-08-10T13:14:01.434+0300][1780.976s][info ][gc] GC(59273) Pause Young (Allocation Failure) 125M->125M(131M) 17.198ms
[2020-08-10T13:14:01.452+0300][1780.994s][info ][gc] GC(59274) Pause Young (Allocation Failure) 126M->126M(131M) 17.445ms
[2020-08-10T13:14:01.470+0300][1781.012s][info ][gc] GC(59275) Pause Young (Allocation Failure) 127M->127M(131M) 18.090ms
[2020-08-10T13:14:01.489+0300][1781.030s][info ][gc] GC(59276) Pause Young (Allocation Failure) 128M->128M(131M) 17.842ms
[2020-08-10T13:14:01.540+0300][1781.082s][info ][gc] GC(59277) Pause Young (Allocation Failure) 129M->129M(131M) 51.127ms
[2020-08-10T13:14:01.928+0300][1781.470s][debug][gc] GC(59278) Expanding ParOldGen from 132096K by 11264K to 143360K
[2020-08-10T13:14:01.928+0300][1781.470s][info ][gc] GC(59278) Pause Full (Ergonomics) 129M->128M(142M) 387.750ms
[2020-08-10T13:14:01.944+0300][1781.486s][info ][gc] GC(59279) Pause Young (Allocation Failure) 129M->129M(142M) 15.879ms
[2020-08-10T13:14:01.963+0300][1781.505s][info ][gc] GC(59280) Pause Young (Allocation Failure) 130M->130M(142M) 18.266ms
[2020-08-10T13:14:01.982+0300][1781.524s][info ][gc] GC(59281) Pause Young (Allocation Failure) 131M->131M(142M) 18.165ms
[2020-08-10T13:14:02.000+0300][1781.542s][info ][gc] GC(59282) Pause Young (Allocation Failure) 132M->132M(142M) 18.376ms
[2020-08-10T13:14:02.020+0300][1781.562s][info ][gc] GC(59283) Pause Young (Allocation Failure) 133M->133M(142M) 19.040ms
[2020-08-10T13:14:02.039+0300][1781.581s][info ][gc] GC(59284) Pause Young (Allocation Failure) 134M->134M(142M) 18.643ms
[2020-08-10T13:14:02.058+0300][1781.600s][info ][gc] GC(59285) Pause Young (Allocation Failure) 135M->135M(142M) 18.565ms
[2020-08-10T13:14:02.058+0300][1781.600s][debug][gc] Expanding ParOldGen from 143360K by 19968K to 163328K
[2020-08-10T13:14:02.083+0300][1781.625s][info ][gc] GC(59286) Pause Young (Allocation Failure) 155M->154M(162M) 16.626ms
[2020-08-10T13:14:02.097+0300][1781.639s][info ][gc] GC(59287) Pause Young (Allocation Failure) 155M->155M(162M) 13.549ms
[2020-08-10T13:14:02.112+0300][1781.653s][info ][gc] GC(59288) Pause Young (Allocation Failure) 156M->156M(162M) 13.982ms
[2020-08-10T13:14:02.126+0300][1781.668s][info ][gc] GC(59289) Pause Young (Allocation Failure) 157M->157M(162M) 14.066ms
[2020-08-10T13:14:02.141+0300][1781.682s][info ][gc] GC(59290) Pause Young (Allocation Failure) 158M->158M(162M) 13.840ms
[2020-08-10T13:14:02.155+0300][1781.697s][info ][gc] GC(59291) Pause Young (Allocation Failure) 159M->159M(162M) 13.872ms
[2020-08-10T13:14:02.200+0300][1781.742s][debug][gc] GC(59292) Shrinking ParOldGen from 163328K by 125440K to 37888K
[2020-08-10T13:14:02.200+0300][1781.742s][info ][gc] GC(59292) Pause Full (Ergonomics) 159M->25M(39M) 45.072ms
[2020-08-10T13:14:02.214+0300][1781.755s][info ][gc] GC(59293) Pause Young (Allocation Failure) 26M->26M(39M) 13.198ms
[2020-08-10T13:14:02.228+0300][1781.770s][info ][gc] GC(59294) Pause Young (Allocation Failure) 27M->27M(39M) 13.724ms
[2020-08-10T13:14:02.242+0300][1781.784s][info ][gc] GC(59295) Pause Young (Allocation Failure) 28M->28M(39M) 13.794ms
[2020-08-10T13:14:02.256+0300][1781.798s][info ][gc] GC(59296) Pause Young (Allocation Failure) 29M->29M(39M) 13.873ms
[2020-08-10T13:14:02.271+0300][1781.812s][info ][gc] GC(59297) Pause Young (Allocation Failure) 30M->30M(39M) 13.917ms
[2020-08-10T13:14:02.285+0300][1781.827s][info ][gc] GC(59298) Pause Young (Allocation Failure) 31M->31M(39M) 13.966ms
[2020-08-10T13:14:02.300+0300][1781.842s][info ][gc] GC(59299) Pause Young (Allocation Failure) 32M->32M(39M) 13.946ms
[2020-08-10T13:14:02.314+0300][1781.856s][info ][gc] GC(59300) Pause Young (Allocation Failure) 33M->33M(39M) 14.024ms
[2020-08-10T13:14:02.329+0300][1781.871s][info ][gc] GC(59301) Pause Young (Allocation Failure) 34M->34M(39M) 13.950ms
[2020-08-10T13:14:02.343+0300][1781.885s][info ][gc] GC(59302) Pause Young (Allocation Failure) 35M->35M(39M) 13.975ms
[2020-08-10T13:14:02.358+0300][1781.900s][info ][gc] GC(59303) Pause Young (Allocation Failure) 36M->36M(39M) 14.043ms
[2020-08-10T13:14:02.373+0300][1781.914s][info ][gc] GC(59304) Pause Young (Allocation Failure) 37M->37M(39M) 13.936ms
[2020-08-10T13:14:02.439+0300][1781.981s][debug][gc] GC(59305) Expanding ParOldGen from 37888K by 11264K to 49152K
[2020-08-10T13:14:02.439+0300][1781.981s][info ][gc] GC(59305) Pause Full (Ergonomics) 37M->37M(50M) 66.309ms
[2020-08-10T13:14:02.457+0300][1781.999s][info ][gc] GC(59306) Pause Young (Allocation Failure) 38M->37M(50M) 17.564ms
[2020-08-10T13:14:02.472+0300][1782.013s][info ][gc] GC(59307) Pause Young (Allocation Failure) 38M->38M(50M) 13.954ms
[2020-08-10T13:14:02.486+0300][1782.028s][info ][gc] GC(59308) Pause Young (Allocation Failure) 39M->39M(50M) 13.776ms
[2020-08-10T13:14:02.500+0300][1782.042s][info ][gc] GC(59309) Pause Young (Allocation Failure) 40M->40M(50M) 14.035ms
[2020-08-10T13:14:02.515+0300][1782.057s][info ][gc] GC(59310) Pause Young (Allocation Failure) 41M->41M(50M) 14.016ms
[2020-08-10T13:14:02.530+0300][1782.071s][info ][gc] GC(59311) Pause Young (Allocation Failure) 42M->42M(50M) 14.045ms
[2020-08-10T13:14:02.544+0300][1782.086s][info ][gc] GC(59312) Pause Young (Allocation Failure) 43M->43M(50M) 14.044ms
[2020-08-10T13:14:02.559+0300][1782.100s][info ][gc] GC(59313) Pause Young (Allocation Failure) 44M->44M(50M) 13.888ms
[2020-08-10T13:14:02.573+0300][1782.115s][info ][gc] GC(59314) Pause Young (Allocation Failure) 45M->45M(50M) 13.930ms
[2020-08-10T13:14:02.587+0300][1782.129s][info ][gc] GC(59315) Pause Young (Allocation Failure) 46M->46M(50M) 13.833ms
[2020-08-10T13:14:02.601+0300][1782.143s][info ][gc] GC(59316) Pause Young (Allocation Failure) 47M->47M(50M) 13.810ms
[2020-08-10T13:14:02.616+0300][1782.158s][info ][gc] GC(59317) Pause Young (Allocation Failure) 48M->48M(50M) 13.898ms
[2020-08-10T13:14:02.714+0300][1782.256s][debug][gc] GC(59318) Expanding ParOldGen from 49152K by 11776K to 60928K
[2020-08-10T13:14:02.714+0300][1782.256s][info ][gc] GC(59318) Pause Full (Ergonomics) 48M->48M(62M) 98.074ms
[2020-08-10T13:14:02.735+0300][1782.277s][info ][gc] GC(59319) Pause Young (Allocation Failure) 49M->49M(62M) 20.471ms
[2020-08-10T13:14:02.750+0300][1782.291s][info ][gc] GC(59320) Pause Young (Allocation Failure) 50M->50M(62M) 14.175ms
[2020-08-10T13:14:02.764+0300][1782.306s][info ][gc] GC(59321) Pause Young (Allocation Failure) 51M->51M(62M) 13.822ms
[2020-08-10T13:14:02.778+0300][1782.320s][info ][gc] GC(59322) Pause Young (Allocation Failure) 52M->52M(62M) 14.031ms
[2020-08-10T13:14:02.793+0300][1782.335s][info ][gc] GC(59323) Pause Young (Allocation Failure) 53M->53M(62M) 14.247ms
[2020-08-10T13:14:02.808+0300][1782.350s][info ][gc] GC(59324) Pause Young (Allocation Failure) 54M->54M(61M) 14.105ms
[2020-08-10T13:14:02.822+0300][1782.364s][info ][gc] GC(59325) Pause Young (Allocation Failure) 55M->54M(61M) 13.930ms
[2020-08-10T13:14:02.837+0300][1782.378s][info ][gc] GC(59326) Pause Young (Allocation Failure) 55M->55M(61M) 13.895ms
[2020-08-10T13:14:02.851+0300][1782.392s][info ][gc] GC(59327) Pause Young (Allocation Failure) 56M->56M(62M) 13.642ms
[2020-08-10T13:14:02.865+0300][1782.407s][info ][gc] GC(59328) Pause Young (Allocation Failure) 57M->57M(62M) 13.967ms
[2020-08-10T13:14:02.879+0300][1782.421s][info ][gc] GC(59329) Pause Young (Allocation Failure) 58M->58M(62M) 13.929ms
[2020-08-10T13:14:02.893+0300][1782.435s][info ][gc] GC(59330) Pause Young (Allocation Failure) 59M->59M(62M) 13.892ms
[2020-08-10T13:14:03.024+0300][1782.566s][debug][gc] GC(59331) Expanding ParOldGen from 60928K by 11264K to 72192K
[2020-08-10T13:14:03.025+0300][1782.566s][info ][gc] GC(59331) Pause Full (Ergonomics) 59M->59M(73M) 130.937ms
[2020-08-10T13:14:03.050+0300][1782.591s][info ][gc] GC(59332) Pause Young (Allocation Failure) 60M->60M(73M) 24.440ms
[2020-08-10T13:14:03.064+0300][1782.606s][info ][gc] GC(59333) Pause Young (Allocation Failure) 61M->61M(73M) 13.970ms
[2020-08-10T13:14:03.078+0300][1782.620s][info ][gc] GC(59334) Pause Young (Allocation Failure) 62M->62M(73M) 13.848ms
[2020-08-10T13:14:03.093+0300][1782.635s][info ][gc] GC(59335) Pause Young (Allocation Failure) 63M->63M(73M) 14.035ms
[2020-08-10T13:14:03.107+0300][1782.649s][info ][gc] GC(59336) Pause Young (Allocation Failure) 64M->64M(73M) 14.071ms
[2020-08-10T13:14:03.122+0300][1782.664s][info ][gc] GC(59337) Pause Young (Allocation Failure) 65M->65M(73M) 14.049ms
[2020-08-10T13:14:03.137+0300][1782.678s][info ][gc] GC(59338) Pause Young (Allocation Failure) 66M->66M(73M) 13.951ms
[2020-08-10T13:14:03.171+0300][1782.713s][info ][gc] GC(59339) Pause Young (Allocation Failure) 67M->67M(73M) 33.919ms
[2020-08-10T13:14:03.185+0300][1782.727s][info ][gc] GC(59340) Pause Young (Allocation Failure) 68M->68M(73M) 14.031ms
[2020-08-10T13:14:03.200+0300][1782.742s][info ][gc] GC(59341) Pause Young (Allocation Failure) 69M->69M(73M) 13.906ms
[2020-08-10T13:14:03.214+0300][1782.756s][info ][gc] GC(59342) Pause Young (Allocation Failure) 70M->70M(73M) 14.286ms
[2020-08-10T13:14:03.229+0300][1782.771s][info ][gc] GC(59343) Pause Young (Allocation Failure) 71M->71M(73M) 14.072ms
[2020-08-10T13:14:03.403+0300][1782.944s][debug][gc] GC(59344) Expanding ParOldGen from 72192K by 11776K to 83968K
[2020-08-10T13:14:03.403+0300][1782.945s][info ][gc] GC(59344) Pause Full (Ergonomics) 71M->70M(84M) 173.644ms
[2020-08-10T13:14:03.436+0300][1782.977s][info ][gc] GC(59345) Pause Young (Allocation Failure) 71M->71M(84M) 32.265ms
[2020-08-10T13:14:03.450+0300][1782.992s][info ][gc] GC(59346) Pause Young (Allocation Failure) 72M->72M(84M) 14.068ms
[2020-08-10T13:14:03.465+0300][1783.006s][info ][gc] GC(59347) Pause Young (Allocation Failure) 73M->73M(84M) 14.070ms
[2020-08-10T13:14:03.479+0300][1783.021s][info ][gc] GC(59348) Pause Young (Allocation Failure) 74M->74M(84M) 14.128ms
[2020-08-10T13:14:03.494+0300][1783.036s][info ][gc] GC(59349) Pause Young (Allocation Failure) 75M->75M(84M) 14.274ms
[2020-08-10T13:14:03.509+0300][1783.051s][info ][gc] GC(59350) Pause Young (Allocation Failure) 76M->76M(84M) 14.292ms
[2020-08-10T13:14:03.524+0300][1783.066s][info ][gc] GC(59351) Pause Young (Allocation Failure) 77M->77M(84M) 14.407ms
[2020-08-10T13:14:03.538+0300][1783.080s][info ][gc] GC(59352) Pause Young (Allocation Failure) 78M->78M(84M) 14.302ms
[2020-08-10T13:14:03.553+0300][1783.095s][info ][gc] GC(59353) Pause Young (Allocation Failure) 79M->79M(84M) 14.378ms
[2020-08-10T13:14:03.568+0300][1783.110s][info ][gc] GC(59354) Pause Young (Allocation Failure) 80M->80M(84M) 14.231ms
[2020-08-10T13:14:03.604+0300][1783.146s][info ][gc] GC(59355) Pause Young (Allocation Failure) 81M->81M(84M) 34.898ms
[2020-08-10T13:14:03.635+0300][1783.177s][info ][gc] GC(59356) Pause Young (Allocation Failure) 82M->82M(84M) 30.518ms
[2020-08-10T13:14:03.836+0300][1783.378s][debug][gc] GC(59357) Expanding ParOldGen from 83968K by 11264K to 95232K
[2020-08-10T13:14:03.836+0300][1783.378s][info ][gc] GC(59357) Pause Full (Ergonomics) 82M->82M(95M) 201.431ms
[2020-08-10T13:14:03.871+0300][1783.413s][info ][gc] GC(59358) Pause Young (Allocation Failure) 83M->83M(95M) 34.159ms
[2020-08-10T13:14:03.886+0300][1783.428s][info ][gc] GC(59359) Pause Young (Allocation Failure) 84M->84M(95M) 14.289ms
[2020-08-10T13:14:03.901+0300][1783.443s][info ][gc] GC(59360) Pause Young (Allocation Failure) 85M->85M(95M) 14.619ms
[2020-08-10T13:14:03.916+0300][1783.458s][info ][gc] GC(59361) Pause Young (Allocation Failure) 86M->85M(95M) 14.725ms
[2020-08-10T13:14:03.932+0300][1783.474s][info ][gc] GC(59362) Pause Young (Allocation Failure) 86M->86M(95M) 14.955ms
[2020-08-10T13:14:03.947+0300][1783.489s][info ][gc] GC(59363) Pause Young (Allocation Failure) 87M->87M(95M) 14.856ms
[2020-08-10T13:14:03.963+0300][1783.505s][info ][gc] GC(59364) Pause Young (Allocation Failure) 88M->88M(95M) 15.147ms
[2020-08-10T13:14:03.979+0300][1783.521s][info ][gc] GC(59365) Pause Young (Allocation Failure) 89M->89M(95M) 15.147ms
[2020-08-10T13:14:03.994+0300][1783.536s][info ][gc] GC(59366) Pause Young (Allocation Failure) 90M->90M(95M) 15.130ms
[2020-08-10T13:14:04.010+0300][1783.552s][info ][gc] GC(59367) Pause Young (Allocation Failure) 91M->91M(95M) 15.104ms
[2020-08-10T13:14:04.025+0300][1783.567s][info ][gc] GC(59368) Pause Young (Allocation Failure) 92M->92M(95M) 15.060ms
[2020-08-10T13:14:04.041+0300][1783.583s][info ][gc] GC(59369) Pause Young (Allocation Failure) 93M->93M(95M) 15.107ms
[2020-08-10T13:14:04.262+0300][1783.804s][debug][gc] GC(59370) Expanding ParOldGen from 95232K by 11264K to 106496K
[2020-08-10T13:14:04.262+0300][1783.804s][info ][gc] GC(59370) Pause Full (Ergonomics) 93M->93M(106M) 220.778ms
[2020-08-10T13:14:04.298+0300][1783.840s][info ][gc] GC(59371) Pause Young (Allocation Failure) 94M->94M(106M) 35.171ms
[2020-08-10T13:14:04.314+0300][1783.856s][info ][gc] GC(59372) Pause Young (Allocation Failure) 95M->95M(106M) 15.543ms
[2020-08-10T13:14:04.330+0300][1783.872s][info ][gc] GC(59373) Pause Young (Allocation Failure) 96M->96M(106M) 15.657ms
[2020-08-10T13:14:04.346+0300][1783.888s][info ][gc] GC(59374) Pause Young (Allocation Failure) 97M->97M(106M) 15.774ms
[2020-08-10T13:14:04.363+0300][1783.905s][info ][gc] GC(59375) Pause Young (Allocation Failure) 98M->98M(106M) 15.976ms
[2020-08-10T13:14:04.379+0300][1783.921s][info ][gc] GC(59376) Pause Young (Allocation Failure) 99M->99M(106M) 16.052ms
[2020-08-10T13:14:04.396+0300][1783.938s][info ][gc] GC(59377) Pause Young (Allocation Failure) 100M->100M(106M) 16.045ms
[2020-08-10T13:14:04.413+0300][1783.955s][info ][gc] GC(59378) Pause Young (Allocation Failure) 101M->101M(106M) 16.033ms
[2020-08-10T13:14:04.429+0300][1783.971s][info ][gc] GC(59379) Pause Young (Allocation Failure) 102M->102M(106M) 16.391ms
[2020-08-10T13:14:04.446+0300][1783.988s][info ][gc] GC(59380) Pause Young (Allocation Failure) 103M->103M(106M) 16.403ms
[2020-08-10T13:14:04.463+0300][1784.005s][info ][gc] GC(59381) Pause Young (Allocation Failure) 104M->103M(106M) 16.500ms
[2020-08-10T13:14:04.481+0300][1784.023s][info ][gc] GC(59382) Pause Young (Allocation Failure) 104M->104M(106M) 16.522ms
[2020-08-10T13:14:04.740+0300][1784.282s][debug][gc] GC(59383) Expanding ParOldGen from 106496K by 11264K to 117760K
[2020-08-10T13:14:04.741+0300][1784.283s][info ][gc] GC(59383) Pause Full (Ergonomics) 104M->104M(117M) 259.793ms
[2020-08-10T13:14:04.783+0300][1784.325s][info ][gc] GC(59384) Pause Young (Allocation Failure) 105M->105M(117M) 41.622ms
[2020-08-10T13:14:04.800+0300][1784.342s][info ][gc] GC(59385) Pause Young (Allocation Failure) 106M->106M(117M) 16.646ms
[2020-08-10T13:14:04.817+0300][1784.359s][info ][gc] GC(59386) Pause Young (Allocation Failure) 107M->107M(117M) 16.309ms
[2020-08-10T13:14:04.834+0300][1784.376s][info ][gc] GC(59387) Pause Young (Allocation Failure) 108M->108M(117M) 16.724ms
[2020-08-10T13:14:04.852+0300][1784.394s][info ][gc] GC(59388) Pause Young (Allocation Failure) 109M->109M(117M) 17.018ms
[2020-08-10T13:14:04.869+0300][1784.411s][info ][gc] GC(59389) Pause Young (Allocation Failure) 110M->110M(117M) 16.948ms
[2020-08-10T13:14:04.887+0300][1784.429s][info ][gc] GC(59390) Pause Young (Allocation Failure) 111M->111M(117M) 17.172ms
[2020-08-10T13:14:04.905+0300][1784.447s][info ][gc] GC(59391) Pause Young (Allocation Failure) 112M->112M(117M) 17.161ms
[2020-08-10T13:14:04.922+0300][1784.464s][info ][gc] GC(59392) Pause Young (Allocation Failure) 113M->113M(117M) 17.205ms
[2020-08-10T13:14:04.940+0300][1784.482s][info ][gc] GC(59393) Pause Young (Allocation Failure) 114M->114M(117M) 17.422ms
[2020-08-10T13:14:04.958+0300][1784.500s][info ][gc] GC(59394) Pause Young (Allocation Failure) 115M->115M(117M) 17.409ms
[2020-08-10T13:14:05.254+0300][1784.796s][debug][gc] GC(59395) Expanding ParOldGen from 117760K by 11264K to 129024K
[2020-08-10T13:14:05.254+0300][1784.796s][info ][gc] GC(59395) Pause Full (Ergonomics) 115M->115M(128M) 295.319ms
[2020-08-10T13:14:05.292+0300][1784.834s][info ][gc] GC(59396) Pause Young (Allocation Failure) 116M->116M(128M) 37.767ms
[2020-08-10T13:14:05.311+0300][1784.853s][info ][gc] GC(59397) Pause Young (Allocation Failure) 117M->117M(128M) 17.911ms
[2020-08-10T13:14:05.329+0300][1784.871s][info ][gc] GC(59398) Pause Young (Allocation Failure) 118M->117M(128M) 18.136ms
[2020-08-10T13:14:05.348+0300][1784.890s][info ][gc] GC(59399) Pause Young (Allocation Failure) 118M->118M(128M) 18.235ms
[2020-08-10T13:14:05.367+0300][1784.909s][info ][gc] GC(59400) Pause Young (Allocation Failure) 119M->119M(128M) 18.062ms
[2020-08-10T13:14:05.385+0300][1784.927s][info ][gc] GC(59401) Pause Young (Allocation Failure) 120M->120M(128M) 17.843ms
[2020-08-10T13:14:05.404+0300][1784.946s][info ][gc] GC(59402) Pause Young (Allocation Failure) 121M->121M(128M) 18.245ms
[2020-08-10T13:14:05.424+0300][1784.966s][info ][gc] GC(59403) Pause Young (Allocation Failure) 122M->122M(128M) 18.985ms
[2020-08-10T13:14:05.443+0300][1784.985s][info ][gc] GC(59404) Pause Young (Allocation Failure) 123M->123M(128M) 18.541ms
[2020-08-10T13:14:05.462+0300][1785.004s][info ][gc] GC(59405) Pause Young (Allocation Failure) 124M->124M(128M) 18.674ms
[2020-08-10T13:14:05.481+0300][1785.023s][info ][gc] GC(59406) Pause Young (Allocation Failure) 125M->125M(128M) 18.455ms
[2020-08-10T13:14:05.500+0300][1785.042s][info ][gc] GC(59407) Pause Young (Allocation Failure) 126M->126M(128M) 18.650ms
[2020-08-10T13:14:05.944+0300][1785.486s][debug][gc] GC(59408) Expanding ParOldGen from 129024K by 11264K to 140288K
[2020-08-10T13:14:05.944+0300][1785.486s][info ][gc] GC(59408) Pause Full (Ergonomics) 126M->126M(139M) 444.330ms
[2020-08-10T13:14:05.978+0300][1785.521s][info ][gc] GC(59409) Pause Young (Allocation Failure) 127M->127M(139M) 33.680ms
[2020-08-10T13:14:05.998+0300][1785.540s][info ][gc] GC(59410) Pause Young (Allocation Failure) 128M->128M(139M) 18.843ms
[2020-08-10T13:14:06.017+0300][1785.560s][info ][gc] GC(59411) Pause Young (Allocation Failure) 129M->129M(139M) 18.984ms
[2020-08-10T13:14:06.067+0300][1785.609s][info ][gc] GC(59412) Pause Young (Allocation Failure) 130M->130M(139M) 49.224ms
[2020-08-10T13:14:06.090+0300][1785.632s][info ][gc] GC(59413) Pause Young (Allocation Failure) 131M->131M(139M) 22.411ms
[2020-08-10T13:14:06.110+0300][1785.652s][info ][gc] GC(59414) Pause Young (Allocation Failure) 132M->132M(139M) 19.051ms
[2020-08-10T13:14:06.130+0300][1785.672s][info ][gc] GC(59415) Pause Young (Allocation Failure) 133M->133M(139M) 19.213ms
[2020-08-10T13:14:06.160+0300][1785.702s][info ][gc] GC(59416) Pause Young (Allocation Failure) 134M->134M(139M) 30.405ms
[2020-08-10T13:14:06.207+0300][1785.749s][info ][gc] GC(59417) Pause Young (Allocation Failure) 135M->134M(139M) 45.985ms
[2020-08-10T13:14:06.207+0300][1785.749s][debug][gc] Expanding ParOldGen from 140288K by 19968K to 160256K
[2020-08-10T13:14:06.274+0300][1785.816s][info ][gc] GC(59418) Pause Young (Allocation Failure) 155M->155M(159M) 58.652ms
[2020-08-10T13:14:06.304+0300][1785.846s][info ][gc] GC(59419) Pause Young (Allocation Failure) 156M->155M(159M) 29.604ms
[2020-08-10T13:14:06.332+0300][1785.874s][info ][gc] GC(59420) Pause Young (Allocation Failure) 156M->156M(159M) 27.181ms
[2020-08-10T13:14:06.385+0300][1785.927s][debug][gc] GC(59421) Shrinking ParOldGen from 160256K by 124928K to 35328K
[2020-08-10T13:14:06.385+0300][1785.927s][info ][gc] GC(59421) Pause Full (Ergonomics) 156M->23M(37M) 52.805ms
[2020-08-10T13:14:06.407+0300][1785.949s][info ][gc] GC(59422) Pause Young (Allocation Failure) 24M->24M(37M) 21.476ms
[2020-08-10T13:14:06.425+0300][1785.967s][info ][gc] GC(59423) Pause Young (Allocation Failure) 25M->25M(37M) 17.472ms
[2020-08-10T13:14:06.439+0300][1785.981s][info ][gc] GC(59424) Pause Young (Allocation Failure) 26M->26M(37M) 13.959ms
[2020-08-10T13:14:06.454+0300][1785.996s][info ][gc] GC(59425) Pause Young (Allocation Failure) 27M->27M(37M) 13.979ms
[2020-08-10T13:14:06.468+0300][1786.010s][info ][gc] GC(59426) Pause Young (Allocation Failure) 28M->27M(37M) 13.843ms
[2020-08-10T13:14:06.483+0300][1786.025s][info ][gc] GC(59427) Pause Young (Allocation Failure) 28M->28M(37M) 14.167ms
[2020-08-10T13:14:06.498+0300][1786.040s][info ][gc] GC(59428) Pause Young (Allocation Failure) 29M->29M(37M) 14.019ms
[2020-08-10T13:14:06.512+0300][1786.054s][info ][gc] GC(59429) Pause Young (Allocation Failure) 30M->30M(37M) 14.030ms
[2020-08-10T13:14:06.527+0300][1786.069s][info ][gc] GC(59430) Pause Young (Allocation Failure) 31M->31M(37M) 14.128ms
[2020-08-10T13:14:06.542+0300][1786.084s][info ][gc] GC(59431) Pause Young (Allocation Failure) 32M->32M(37M) 13.972ms
[2020-08-10T13:14:06.556+0300][1786.098s][info ][gc] GC(59432) Pause Young (Allocation Failure) 33M->33M(37M) 14.028ms
[2020-08-10T13:14:06.571+0300][1786.113s][info ][gc] GC(59433) Pause Young (Allocation Failure) 34M->34M(37M) 13.714ms
[2020-08-10T13:14:06.629+0300][1786.171s][debug][gc] GC(59434) Expanding ParOldGen from 35328K by 11264K to 46592K
[2020-08-10T13:14:06.629+0300][1786.171s][info ][gc] GC(59434) Pause Full (Ergonomics) 34M->34M(48M) 58.336ms
[2020-08-10T13:14:06.647+0300][1786.189s][info ][gc] GC(59435) Pause Young (Allocation Failure) 35M->35M(48M) 16.892ms
[2020-08-10T13:14:06.661+0300][1786.203s][info ][gc] GC(59436) Pause Young (Allocation Failure) 36M->36M(48M) 13.893ms
[2020-08-10T13:14:06.675+0300][1786.217s][info ][gc] GC(59437) Pause Young (Allocation Failure) 37M->37M(48M) 13.644ms
[2020-08-10T13:14:06.689+0300][1786.231s][info ][gc] GC(59438) Pause Young (Allocation Failure) 38M->38M(48M) 13.814ms
[2020-08-10T13:14:06.703+0300][1786.245s][info ][gc] GC(59439) Pause Young (Allocation Failure) 39M->39M(47M) 13.972ms
[2020-08-10T13:14:06.718+0300][1786.260s][info ][gc] GC(59440) Pause Young (Allocation Failure) 40M->40M(47M) 13.707ms
[2020-08-10T13:14:06.732+0300][1786.274s][info ][gc] GC(59441) Pause Young (Allocation Failure) 41M->41M(47M) 13.866ms
[2020-08-10T13:14:06.746+0300][1786.288s][info ][gc] GC(59442) Pause Young (Allocation Failure) 42M->42M(47M) 13.942ms
[2020-08-10T13:14:06.761+0300][1786.303s][info ][gc] GC(59443) Pause Young (Allocation Failure) 43M->43M(47M) 14.012ms
[2020-08-10T13:14:06.775+0300][1786.317s][info ][gc] GC(59444) Pause Young (Allocation Failure) 44M->44M(47M) 13.860ms
[2020-08-10T13:14:06.790+0300][1786.332s][info ][gc] GC(59445) Pause Young (Allocation Failure) 45M->44M(47M) 13.959ms
[2020-08-10T13:14:06.804+0300][1786.347s][info ][gc] GC(59446) Pause Young (Allocation Failure) 45M->45M(47M) 14.087ms
[2020-08-10T13:14:06.895+0300][1786.437s][debug][gc] GC(59447) Expanding ParOldGen from 46592K by 11264K to 57856K
[2020-08-10T13:14:06.895+0300][1786.437s][info ][gc] GC(59447) Pause Full (Ergonomics) 45M->45M(58M) 89.980ms
[2020-08-10T13:14:06.915+0300][1786.457s][info ][gc] GC(59448) Pause Young (Allocation Failure) 46M->46M(58M) 19.930ms
[2020-08-10T13:14:06.930+0300][1786.472s][info ][gc] GC(59449) Pause Young (Allocation Failure) 47M->47M(58M) 14.179ms
[2020-08-10T13:14:06.944+0300][1786.486s][info ][gc] GC(59450) Pause Young (Allocation Failure) 48M->48M(58M) 14.045ms
[2020-08-10T13:14:06.959+0300][1786.501s][info ][gc] GC(59451) Pause Young (Allocation Failure) 49M->49M(58M) 13.807ms
[2020-08-10T13:14:06.973+0300][1786.515s][info ][gc] GC(59452) Pause Young (Allocation Failure) 50M->50M(58M) 14.003ms
[2020-08-10T13:14:06.987+0300][1786.530s][info ][gc] GC(59453) Pause Young (Allocation Failure) 51M->51M(58M) 14.017ms
[2020-08-10T13:14:07.002+0300][1786.544s][info ][gc] GC(59454) Pause Young (Allocation Failure) 52M->52M(58M) 13.781ms
[2020-08-10T13:14:07.016+0300][1786.558s][info ][gc] GC(59455) Pause Young (Allocation Failure) 53M->53M(58M) 14.160ms
[2020-08-10T13:14:07.031+0300][1786.573s][info ][gc] GC(59456) Pause Young (Allocation Failure) 54M->54M(58M) 14.068ms
[2020-08-10T13:14:07.045+0300][1786.587s][info ][gc] GC(59457) Pause Young (Allocation Failure) 55M->55M(58M) 13.981ms
[2020-08-10T13:14:07.060+0300][1786.602s][info ][gc] GC(59458) Pause Young (Allocation Failure) 56M->56M(58M) 13.996ms
[2020-08-10T13:14:07.074+0300][1786.616s][info ][gc] GC(59459) Pause Young (Allocation Failure) 57M->57M(58M) 13.914ms
[2020-08-10T13:14:07.199+0300][1786.741s][debug][gc] GC(59460) Expanding ParOldGen from 57856K by 11264K to 69120K
[2020-08-10T13:14:07.199+0300][1786.741s][info ][gc] GC(59460) Pause Full (Ergonomics) 57M->57M(69M) 124.545ms
[2020-08-10T13:14:07.225+0300][1786.767s][info ][gc] GC(59461) Pause Young (Allocation Failure) 58M->58M(69M) 25.461ms
[2020-08-10T13:14:07.239+0300][1786.781s][info ][gc] GC(59462) Pause Young (Allocation Failure) 59M->58M(69M) 13.951ms
[2020-08-10T13:14:07.253+0300][1786.796s][info ][gc] GC(59463) Pause Young (Allocation Failure) 59M->59M(69M) 14.062ms
[2020-08-10T13:14:07.268+0300][1786.810s][info ][gc] GC(59464) Pause Young (Allocation Failure) 60M->60M(69M) 13.907ms
[2020-08-10T13:14:07.282+0300][1786.824s][info ][gc] GC(59465) Pause Young (Allocation Failure) 61M->61M(69M) 13.914ms
[2020-08-10T13:14:07.297+0300][1786.839s][info ][gc] GC(59466) Pause Young (Allocation Failure) 62M->62M(69M) 14.115ms
[2020-08-10T13:14:07.312+0300][1786.854s][info ][gc] GC(59467) Pause Young (Allocation Failure) 63M->63M(69M) 14.116ms
[2020-08-10T13:14:07.326+0300][1786.868s][info ][gc] GC(59468) Pause Young (Allocation Failure) 64M->64M(69M) 14.132ms
[2020-08-10T13:14:07.341+0300][1786.883s][info ][gc] GC(59469) Pause Young (Allocation Failure) 65M->65M(69M) 13.909ms
[2020-08-10T13:14:07.355+0300][1786.898s][info ][gc] GC(59470) Pause Young (Allocation Failure) 66M->66M(69M) 14.045ms
[2020-08-10T13:14:07.370+0300][1786.912s][info ][gc] GC(59471) Pause Young (Allocation Failure) 67M->67M(69M) 14.106ms
[2020-08-10T13:14:07.518+0300][1787.060s][debug][gc] GC(59472) Expanding ParOldGen from 69120K by 11264K to 80384K
[2020-08-10T13:14:07.518+0300][1787.060s][info ][gc] GC(59472) Pause Full (Ergonomics) 67M->67M(80M) 147.687ms
[2020-08-10T13:14:07.532+0300][1787.074s][info ][gc] GC(59473) Pause Young (Allocation Failure) 68M->68M(80M) 13.362ms
[2020-08-10T13:14:07.546+0300][1787.088s][info ][gc] GC(59474) Pause Young (Allocation Failure) 69M->69M(80M) 13.875ms
[2020-08-10T13:14:07.560+0300][1787.102s][info ][gc] GC(59475) Pause Young (Allocation Failure) 70M->70M(80M) 13.831ms
[2020-08-10T13:14:07.574+0300][1787.117s][info ][gc] GC(59476) Pause Young (Allocation Failure) 71M->71M(80M) 13.915ms
[2020-08-10T13:14:07.589+0300][1787.131s][info ][gc] GC(59477) Pause Young (Allocation Failure) 72M->72M(80M) 13.966ms
[2020-08-10T13:14:07.603+0300][1787.146s][info ][gc] GC(59478) Pause Young (Allocation Failure) 73M->73M(80M) 14.163ms
[2020-08-10T13:14:07.618+0300][1787.160s][info ][gc] GC(59479) Pause Young (Allocation Failure) 74M->74M(80M) 14.119ms
[2020-08-10T13:14:07.633+0300][1787.175s][info ][gc] GC(59480) Pause Young (Allocation Failure) 75M->75M(80M) 14.025ms
[2020-08-10T13:14:07.647+0300][1787.190s][info ][gc] GC(59481) Pause Young (Allocation Failure) 76M->76M(80M) 14.023ms
[2020-08-10T13:14:07.662+0300][1787.204s][info ][gc] GC(59482) Pause Young (Allocation Failure) 77M->76M(80M) 14.100ms
[2020-08-10T13:14:07.677+0300][1787.219s][info ][gc] GC(59483) Pause Young (Allocation Failure) 77M->77M(80M) 14.117ms
[2020-08-10T13:14:07.692+0300][1787.234s][info ][gc] GC(59484) Pause Young (Allocation Failure) 78M->78M(80M) 14.143ms
[2020-08-10T13:14:07.879+0300][1787.422s][debug][gc] GC(59485) Expanding ParOldGen from 80384K by 11264K to 91648K
[2020-08-10T13:14:07.880+0300][1787.422s][info ][gc] GC(59485) Pause Full (Ergonomics) 78M->78M(91M) 187.770ms
[2020-08-10T13:14:07.911+0300][1787.453s][info ][gc] GC(59486) Pause Young (Allocation Failure) 79M->79M(91M) 31.133ms
[2020-08-10T13:14:07.926+0300][1787.468s][info ][gc] GC(59487) Pause Young (Allocation Failure) 80M->80M(91M) 14.475ms
[2020-08-10T13:14:07.941+0300][1787.483s][info ][gc] GC(59488) Pause Young (Allocation Failure) 81M->81M(91M) 14.413ms
[2020-08-10T13:14:07.956+0300][1787.498s][info ][gc] GC(59489) Pause Young (Allocation Failure) 82M->82M(91M) 14.427ms
[2020-08-10T13:14:07.971+0300][1787.513s][info ][gc] GC(59490) Pause Young (Allocation Failure) 83M->83M(91M) 14.568ms
[2020-08-10T13:14:07.987+0300][1787.529s][info ][gc] GC(59491) Pause Young (Allocation Failure) 84M->84M(91M) 14.702ms
[2020-08-10T13:14:08.002+0300][1787.544s][info ][gc] GC(59492) Pause Young (Allocation Failure) 85M->85M(91M) 14.744ms
[2020-08-10T13:14:08.017+0300][1787.559s][info ][gc] GC(59493) Pause Young (Allocation Failure) 86M->86M(91M) 14.672ms
[2020-08-10T13:14:08.032+0300][1787.574s][info ][gc] GC(59494) Pause Young (Allocation Failure) 87M->87M(91M) 14.664ms
[2020-08-10T13:14:08.048+0300][1787.590s][info ][gc] GC(59495) Pause Young (Allocation Failure) 88M->88M(91M) 14.779ms
[2020-08-10T13:14:08.063+0300][1787.605s][info ][gc] GC(59496) Pause Young (Allocation Failure) 89M->89M(91M) 14.809ms
[2020-08-10T13:14:08.078+0300][1787.620s][info ][gc] GC(59497) Pause Young (Allocation Failure) 90M->90M(91M) 15.183ms
[2020-08-10T13:14:08.293+0300][1787.835s][debug][gc] GC(59498) Expanding ParOldGen from 91648K by 11264K to 102912K
[2020-08-10T13:14:08.293+0300][1787.835s][info ][gc] GC(59498) Pause Full (Ergonomics) 90M->90M(102M) 214.421ms
[2020-08-10T13:14:08.328+0300][1787.870s][info ][gc] GC(59499) Pause Young (Allocation Failure) 91M->90M(102M) 34.286ms
[2020-08-10T13:14:08.344+0300][1787.886s][info ][gc] GC(59500) Pause Young (Allocation Failure) 91M->91M(102M) 15.498ms
[2020-08-10T13:14:08.359+0300][1787.901s][info ][gc] GC(59501) Pause Young (Allocation Failure) 92M->92M(102M) 14.187ms
[2020-08-10T13:14:08.373+0300][1787.915s][info ][gc] GC(59502) Pause Young (Allocation Failure) 92M->92M(102M) 13.869ms
[2020-08-10T13:14:08.387+0300][1787.929s][info ][gc] GC(59503) Pause Young (Allocation Failure) 93M->93M(102M) 13.922ms
[2020-08-10T13:14:08.402+0300][1787.944s][info ][gc] GC(59504) Pause Young (Allocation Failure) 93M->93M(102M) 13.956ms
[2020-08-10T13:14:08.416+0300][1787.958s][info ][gc] GC(59505) Pause Young (Allocation Failure) 94M->94M(102M) 13.950ms
[2020-08-10T13:14:08.431+0300][1787.973s][info ][gc] GC(59506) Pause Young (Allocation Failure) 94M->94M(102M) 13.887ms
[2020-08-10T13:14:08.445+0300][1787.987s][info ][gc] GC(59507) Pause Young (Allocation Failure) 95M->95M(102M) 13.971ms
[2020-08-10T13:14:08.460+0300][1788.002s][info ][gc] GC(59508) Pause Young (Allocation Failure) 95M->95M(102M) 14.026ms
[2020-08-10T13:14:08.474+0300][1788.016s][info ][gc] GC(59509) Pause Young (Allocation Failure) 96M->96M(102M) 13.936ms
[2020-08-10T13:14:08.489+0300][1788.031s][info ][gc] GC(59510) Pause Young (Allocation Failure) 96M->96M(102M) 13.913ms
[2020-08-10T13:14:08.503+0300][1788.045s][info ][gc] GC(59511) Pause Young (Allocation Failure) 96M->96M(102M) 14.049ms
[2020-08-10T13:14:08.518+0300][1788.060s][info ][gc] GC(59512) Pause Young (Allocation Failure) 97M->97M(102M) 13.982ms
[2020-08-10T13:14:08.532+0300][1788.074s][info ][gc] GC(59513) Pause Young (Allocation Failure) 97M->97M(102M) 13.913ms
[2020-08-10T13:14:08.546+0300][1788.089s][info ][gc] GC(59514) Pause Young (Allocation Failure) 98M->98M(102M) 13.984ms
[2020-08-10T13:14:08.561+0300][1788.103s][info ][gc] GC(59515) Pause Young (Allocation Failure) 98M->98M(102M) 13.922ms
[2020-08-10T13:14:08.575+0300][1788.117s][info ][gc] GC(59516) Pause Young (Allocation Failure) 99M->99M(102M) 13.740ms
[2020-08-10T13:14:08.589+0300][1788.132s][info ][gc] GC(59517) Pause Young (Allocation Failure) 99M->99M(101M) 13.971ms
[2020-08-10T13:14:08.604+0300][1788.146s][info ][gc] GC(59518) Pause Young (Allocation Failure) 100M->100M(102M) 13.831ms
[2020-08-10T13:14:08.844+0300][1788.386s][debug][gc] GC(59519) Expanding ParOldGen from 102912K by 10752K to 113664K
[2020-08-10T13:14:08.844+0300][1788.386s][info ][gc] GC(59519) Pause Full (Ergonomics) 100M->99M(112M) 240.082ms
[2020-08-10T13:14:08.858+0300][1788.400s][info ][gc] GC(59520) Pause Young (Allocation Failure) 100M->100M(112M) 13.492ms
[2020-08-10T13:14:08.872+0300][1788.414s][info ][gc] GC(59521) Pause Young (Allocation Failure) 100M->100M(112M) 13.730ms
[2020-08-10T13:14:08.886+0300][1788.428s][info ][gc] GC(59522) Pause Young (Allocation Failure) 101M->101M(112M) 13.657ms
[2020-08-10T13:14:08.900+0300][1788.443s][info ][gc] GC(59523) Pause Young (Allocation Failure) 101M->101M(112M) 13.675ms
[2020-08-10T13:14:08.915+0300][1788.457s][info ][gc] GC(59524) Pause Young (Allocation Failure) 102M->102M(112M) 13.630ms
[2020-08-10T13:14:08.929+0300][1788.471s][info ][gc] GC(59525) Pause Young (Allocation Failure) 102M->102M(112M) 13.695ms
[2020-08-10T13:14:08.943+0300][1788.485s][info ][gc] GC(59526) Pause Young (Allocation Failure) 103M->103M(112M) 13.672ms
[2020-08-10T13:14:08.957+0300][1788.499s][info ][gc] GC(59527) Pause Young (Allocation Failure) 103M->103M(112M) 13.700ms
[2020-08-10T13:14:08.971+0300][1788.513s][info ][gc] GC(59528) Pause Young (Allocation Failure) 104M->104M(112M) 13.644ms
[2020-08-10T13:14:08.985+0300][1788.527s][info ][gc] GC(59529) Pause Young (Allocation Failure) 104M->104M(112M) 13.672ms
[2020-08-10T13:14:08.999+0300][1788.542s][info ][gc] GC(59530) Pause Young (Allocation Failure) 105M->105M(112M) 13.613ms
[2020-08-10T13:14:09.014+0300][1788.556s][info ][gc] GC(59531) Pause Young (Allocation Failure) 105M->105M(112M) 13.739ms
[2020-08-10T13:14:09.028+0300][1788.570s][info ][gc] GC(59532) Pause Young (Allocation Failure) 106M->105M(112M) 13.727ms
[2020-08-10T13:14:09.042+0300][1788.584s][info ][gc] GC(59533) Pause Young (Allocation Failure) 106M->106M(112M) 13.687ms
[2020-08-10T13:14:09.056+0300][1788.598s][info ][gc] GC(59534) Pause Young (Allocation Failure) 106M->106M(112M) 13.572ms
[2020-08-10T13:14:09.070+0300][1788.612s][info ][gc] GC(59535) Pause Young (Allocation Failure) 107M->107M(112M) 13.555ms
[2020-08-10T13:14:09.084+0300][1788.626s][info ][gc] GC(59536) Pause Young (Allocation Failure) 107M->107M(112M) 13.552ms
[2020-08-10T13:14:09.098+0300][1788.640s][info ][gc] GC(59537) Pause Young (Allocation Failure) 108M->108M(112M) 13.712ms
[2020-08-10T13:14:09.112+0300][1788.654s][info ][gc] GC(59538) Pause Young (Allocation Failure) 108M->108M(112M) 13.460ms
[2020-08-10T13:14:09.143+0300][1788.686s][info ][gc] GC(59539) Pause Young (Allocation Failure) 109M->109M(112M) 31.004ms
[2020-08-10T13:14:09.159+0300][1788.701s][info ][gc] GC(59540) Pause Young (Allocation Failure) 109M->109M(112M) 15.620ms
[2020-08-10T13:14:09.174+0300][1788.716s][info ][gc] GC(59541) Pause Young (Allocation Failure) 110M->110M(112M) 14.273ms
[2020-08-10T13:14:09.188+0300][1788.731s][info ][gc] GC(59542) Pause Young (Allocation Failure) 110M->110M(112M) 13.990ms
[2020-08-10T13:14:09.203+0300][1788.745s][info ][gc] GC(59543) Pause Young (Allocation Failure) 111M->111M(112M) 14.227ms
[2020-08-10T13:14:09.510+0300][1789.052s][debug][gc] GC(59544) Expanding ParOldGen from 113664K by 10752K to 124416K
[2020-08-10T13:14:09.510+0300][1789.052s][info ][gc] GC(59544) Pause Full (Ergonomics) 111M->110M(123M) 307.013ms
[2020-08-10T13:14:09.523+0300][1789.066s][info ][gc] GC(59545) Pause Young (Allocation Failure) 111M->111M(123M) 13.158ms
[2020-08-10T13:14:09.544+0300][1789.086s][info ][gc] GC(59546) Pause Young (Allocation Failure) 111M->111M(123M) 19.852ms
[2020-08-10T13:14:09.558+0300][1789.100s][info ][gc] GC(59547) Pause Young (Allocation Failure) 112M->112M(123M) 13.968ms
[2020-08-10T13:14:09.573+0300][1789.115s][info ][gc] GC(59548) Pause Young (Allocation Failure) 112M->112M(123M) 13.894ms
[2020-08-10T13:14:09.593+0300][1789.135s][info ][gc] GC(59549) Pause Young (Allocation Failure) 113M->113M(123M) 19.866ms
[2020-08-10T13:14:09.607+0300][1789.149s][info ][gc] GC(59550) Pause Young (Allocation Failure) 113M->113M(123M) 13.830ms
[2020-08-10T13:14:09.622+0300][1789.164s][info ][gc] GC(59551) Pause Young (Allocation Failure) 114M->114M(123M) 14.282ms
[2020-08-10T13:14:09.636+0300][1789.179s][info ][gc] GC(59552) Pause Young (Allocation Failure) 114M->114M(123M) 14.162ms
[2020-08-10T13:14:09.651+0300][1789.193s][info ][gc] GC(59553) Pause Young (Allocation Failure) 115M->115M(123M) 14.301ms
[2020-08-10T13:14:09.666+0300][1789.208s][info ][gc] GC(59554) Pause Young (Allocation Failure) 115M->115M(123M) 14.075ms
[2020-08-10T13:14:09.680+0300][1789.223s][info ][gc] GC(59555) Pause Young (Allocation Failure) 115M->115M(123M) 14.252ms
[2020-08-10T13:14:09.695+0300][1789.237s][info ][gc] GC(59556) Pause Young (Allocation Failure) 116M->116M(123M) 14.268ms
[2020-08-10T13:14:09.710+0300][1789.252s][info ][gc] GC(59557) Pause Young (Allocation Failure) 116M->116M(123M) 14.393ms
[2020-08-10T13:14:09.725+0300][1789.267s][info ][gc] GC(59558) Pause Young (Allocation Failure) 117M->117M(123M) 14.185ms
[2020-08-10T13:14:09.739+0300][1789.281s][info ][gc] GC(59559) Pause Young (Allocation Failure) 117M->117M(123M) 14.182ms
[2020-08-10T13:14:09.754+0300][1789.296s][info ][gc] GC(59560) Pause Young (Allocation Failure) 118M->118M(123M) 14.237ms
[2020-08-10T13:14:09.775+0300][1789.317s][info ][gc] GC(59561) Pause Young (Allocation Failure) 118M->118M(123M) 20.391ms
[2020-08-10T13:14:09.790+0300][1789.332s][info ][gc] GC(59562) Pause Young (Allocation Failure) 119M->119M(123M) 14.483ms
[2020-08-10T13:14:09.804+0300][1789.347s][info ][gc] GC(59563) Pause Young (Allocation Failure) 119M->119M(123M) 14.386ms
[2020-08-10T13:14:09.819+0300][1789.362s][info ][gc] GC(59564) Pause Young (Allocation Failure) 120M->120M(123M) 14.577ms
[2020-08-10T13:14:09.834+0300][1789.377s][info ][gc] GC(59565) Pause Young (Allocation Failure) 120M->120M(123M) 14.586ms
[2020-08-10T13:14:09.850+0300][1789.392s][info ][gc] GC(59566) Pause Young (Allocation Failure) 121M->121M(123M) 14.750ms
[2020-08-10T13:14:09.865+0300][1789.407s][info ][gc] GC(59567) Pause Young (Allocation Failure) 121M->121M(123M) 14.686ms
[2020-08-10T13:14:09.880+0300][1789.422s][info ][gc] GC(59568) Pause Young (Allocation Failure) 121M->121M(123M) 14.722ms
[2020-08-10T13:14:10.215+0300][1789.757s][debug][gc] GC(59569) Expanding ParOldGen from 124416K by 10752K to 135168K
[2020-08-10T13:14:10.215+0300][1789.758s][info ][gc] GC(59569) Pause Full (Ergonomics) 121M->121M(133M) 335.099ms
[2020-08-10T13:14:10.248+0300][1789.790s][info ][gc] GC(59570) Pause Young (Allocation Failure) 122M->122M(133M) 32.129ms
[2020-08-10T13:14:10.264+0300][1789.806s][info ][gc] GC(59571) Pause Young (Allocation Failure) 122M->122M(133M) 15.567ms
[2020-08-10T13:14:10.280+0300][1789.822s][info ][gc] GC(59572) Pause Young (Allocation Failure) 123M->123M(133M) 15.531ms
[2020-08-10T13:14:10.296+0300][1789.838s][info ][gc] GC(59573) Pause Young (Allocation Failure) 123M->123M(133M) 15.612ms
[2020-08-10T13:14:10.312+0300][1789.854s][info ][gc] GC(59574) Pause Young (Allocation Failure) 124M->124M(133M) 15.553ms
[2020-08-10T13:14:10.328+0300][1789.870s][info ][gc] GC(59575) Pause Young (Allocation Failure) 124M->124M(133M) 15.252ms
[2020-08-10T13:14:10.344+0300][1789.886s][info ][gc] GC(59576) Pause Young (Allocation Failure) 125M->125M(133M) 15.584ms
[2020-08-10T13:14:10.360+0300][1789.902s][info ][gc] GC(59577) Pause Young (Allocation Failure) 125M->125M(133M) 15.652ms
[2020-08-10T13:14:10.376+0300][1789.918s][info ][gc] GC(59578) Pause Young (Allocation Failure) 125M->125M(133M) 15.557ms
[2020-08-10T13:14:10.392+0300][1789.934s][info ][gc] GC(59579) Pause Young (Allocation Failure) 126M->126M(133M) 15.842ms
[2020-08-10T13:14:10.408+0300][1789.950s][info ][gc] GC(59580) Pause Young (Allocation Failure) 126M->126M(133M) 15.682ms
[2020-08-10T13:14:10.424+0300][1789.966s][info ][gc] GC(59581) Pause Young (Allocation Failure) 127M->127M(133M) 15.336ms
[2020-08-10T13:14:10.440+0300][1789.982s][info ][gc] GC(59582) Pause Young (Allocation Failure) 127M->127M(133M) 15.700ms
[2020-08-10T13:14:10.456+0300][1789.998s][info ][gc] GC(59583) Pause Young (Allocation Failure) 128M->128M(133M) 15.565ms
[2020-08-10T13:14:10.493+0300][1790.036s][info ][gc] GC(59584) Pause Young (Allocation Failure) 128M->128M(133M) 37.109ms
[2020-08-10T13:14:10.510+0300][1790.052s][info ][gc] GC(59585) Pause Young (Allocation Failure) 129M->129M(133M) 15.931ms
[2020-08-10T13:14:10.526+0300][1790.068s][info ][gc] GC(59586) Pause Young (Allocation Failure) 129M->129M(133M) 15.978ms
[2020-08-10T13:14:10.542+0300][1790.085s][info ][gc] GC(59587) Pause Young (Allocation Failure) 130M->130M(133M) 15.781ms
[2020-08-10T13:14:10.558+0300][1790.101s][info ][gc] GC(59588) Pause Young (Allocation Failure) 130M->130M(133M) 15.759ms
[2020-08-10T13:14:10.575+0300][1790.117s][info ][gc] GC(59589) Pause Young (Allocation Failure) 131M->130M(133M) 15.693ms
[2020-08-10T13:14:10.591+0300][1790.133s][info ][gc] GC(59590) Pause Young (Allocation Failure) 131M->131M(133M) 15.614ms
[2020-08-10T13:14:10.607+0300][1790.149s][info ][gc] GC(59591) Pause Young (Allocation Failure) 131M->131M(133M) 15.851ms
[2020-08-10T13:14:10.623+0300][1790.165s][info ][gc] GC(59592) Pause Young (Allocation Failure) 132M->132M(133M) 15.808ms
[2020-08-10T13:14:10.974+0300][1790.516s][debug][gc] GC(59593) Expanding ParOldGen from 135168K by 10752K to 145920K
[2020-08-10T13:14:10.974+0300][1790.516s][info ][gc] GC(59593) Pause Full (Ergonomics) 132M->132M(144M) 350.930ms
[2020-08-10T13:14:11.011+0300][1790.553s][info ][gc] GC(59594) Pause Young (Allocation Failure) 132M->132M(144M) 36.766ms
[2020-08-10T13:14:11.027+0300][1790.570s][info ][gc] GC(59595) Pause Young (Allocation Failure) 133M->133M(144M) 15.867ms
[2020-08-10T13:14:11.044+0300][1790.586s][info ][gc] GC(59596) Pause Young (Allocation Failure) 133M->133M(144M) 15.831ms
[2020-08-10T13:14:11.060+0300][1790.603s][info ][gc] GC(59597) Pause Young (Allocation Failure) 134M->133M(144M) 16.373ms
[2020-08-10T13:14:11.077+0300][1790.619s][info ][gc] GC(59598) Pause Young (Allocation Failure) 134M->134M(144M) 15.877ms
[2020-08-10T13:14:11.093+0300][1790.635s][info ][gc] GC(59599) Pause Young (Allocation Failure) 134M->134M(144M) 16.063ms
[2020-08-10T13:14:11.110+0300][1790.652s][info ][gc] GC(59600) Pause Young (Allocation Failure) 135M->135M(144M) 16.305ms
[2020-08-10T13:14:11.110+0300][1790.652s][debug][gc] Expanding ParOldGen from 145920K by 19968K to 165888K
[2020-08-10T13:14:11.135+0300][1790.677s][info ][gc] GC(59601) Pause Young (Allocation Failure) 154M->154M(163M) 15.952ms
[2020-08-10T13:14:11.166+0300][1790.708s][info ][gc] GC(59602) Pause Young (Allocation Failure) 155M->155M(163M) 30.528ms
[2020-08-10T13:14:11.180+0300][1790.722s][info ][gc] GC(59603) Pause Young (Allocation Failure) 155M->155M(163M) 13.831ms
[2020-08-10T13:14:11.201+0300][1790.743s][info ][gc] GC(59604) Pause Young (Allocation Failure) 156M->156M(163M) 20.908ms
[2020-08-10T13:14:11.215+0300][1790.758s][info ][gc] GC(59605) Pause Young (Allocation Failure) 156M->156M(163M) 13.895ms
[2020-08-10T13:14:11.230+0300][1790.772s][info ][gc] GC(59606) Pause Young (Allocation Failure) 157M->157M(163M) 14.092ms
[2020-08-10T13:14:11.244+0300][1790.787s][info ][gc] GC(59607) Pause Young (Allocation Failure) 157M->157M(163M) 14.011ms
[2020-08-10T13:14:11.259+0300][1790.801s][info ][gc] GC(59608) Pause Young (Allocation Failure) 158M->157M(163M) 13.724ms
[2020-08-10T13:14:11.273+0300][1790.815s][info ][gc] GC(59609) Pause Young (Allocation Failure) 158M->158M(163M) 13.757ms
[2020-08-10T13:14:11.287+0300][1790.829s][info ][gc] GC(59610) Pause Young (Allocation Failure) 158M->158M(163M) 13.799ms
[2020-08-10T13:14:11.301+0300][1790.843s][info ][gc] GC(59611) Pause Young (Allocation Failure) 159M->159M(163M) 13.805ms
[2020-08-10T13:14:11.315+0300][1790.857s][info ][gc] GC(59612) Pause Young (Allocation Failure) 159M->159M(163M) 13.762ms
[2020-08-10T13:14:11.329+0300][1790.871s][info ][gc] GC(59613) Pause Young (Allocation Failure) 160M->160M(163M) 13.683ms
[2020-08-10T13:14:11.343+0300][1790.885s][info ][gc] GC(59614) Pause Young (Allocation Failure) 160M->160M(163M) 13.942ms
[2020-08-10T13:14:11.357+0300][1790.900s][info ][gc] GC(59615) Pause Young (Allocation Failure) 161M->161M(163M) 13.963ms
[2020-08-10T13:14:11.372+0300][1790.914s][info ][gc] GC(59616) Pause Young (Allocation Failure) 161M->161M(163M) 13.804ms
[2020-08-10T13:14:11.386+0300][1790.928s][info ][gc] GC(59617) Pause Young (Allocation Failure) 162M->162M(163M) 13.772ms
[2020-08-10T13:14:11.442+0300][1790.984s][debug][gc] GC(59618) Shrinking ParOldGen from 165888K by 125952K to 39936K
[2020-08-10T13:14:11.442+0300][1790.984s][info ][gc] GC(59618) Pause Full (Ergonomics) 162M->28M(40M) 55.852ms
[2020-08-10T13:14:11.455+0300][1790.997s][info ][gc] GC(59619) Pause Young (Allocation Failure) 28M->28M(40M) 13.024ms
[2020-08-10T13:14:11.472+0300][1791.014s][info ][gc] GC(59620) Pause Young (Allocation Failure) 29M->29M(40M) 16.130ms
[2020-08-10T13:14:11.485+0300][1791.027s][info ][gc] GC(59621) Pause Young (Allocation Failure) 29M->29M(40M) 13.260ms
[2020-08-10T13:14:11.499+0300][1791.041s][info ][gc] GC(59622) Pause Young (Allocation Failure) 30M->30M(40M) 13.506ms
[2020-08-10T13:14:11.513+0300][1791.055s][info ][gc] GC(59623) Pause Young (Allocation Failure) 30M->30M(40M) 13.516ms
[2020-08-10T13:14:11.527+0300][1791.069s][info ][gc] GC(59624) Pause Young (Allocation Failure) 31M->31M(40M) 13.589ms
[2020-08-10T13:14:11.541+0300][1791.083s][info ][gc] GC(59625) Pause Young (Allocation Failure) 31M->31M(40M) 13.442ms
[2020-08-10T13:14:11.555+0300][1791.097s][info ][gc] GC(59626) Pause Young (Allocation Failure) 32M->32M(40M) 13.463ms
[2020-08-10T13:14:11.569+0300][1791.111s][info ][gc] GC(59627) Pause Young (Allocation Failure) 32M->32M(40M) 13.246ms
[2020-08-10T13:14:11.584+0300][1791.126s][info ][gc] GC(59628) Pause Young (Allocation Failure) 33M->33M(40M) 14.780ms
[2020-08-10T13:14:11.598+0300][1791.141s][info ][gc] GC(59629) Pause Young (Allocation Failure) 34M->33M(40M) 13.750ms
[2020-08-10T13:14:11.613+0300][1791.155s][info ][gc] GC(59630) Pause Young (Allocation Failure) 34M->34M(41M) 13.705ms
[2020-08-10T13:14:11.627+0300][1791.170s][info ][gc] GC(59631) Pause Young (Allocation Failure) 35M->35M(41M) 13.992ms
[2020-08-10T13:14:11.642+0300][1791.184s][info ][gc] GC(59632) Pause Young (Allocation Failure) 36M->36M(41M) 13.973ms
[2020-08-10T13:14:11.657+0300][1791.199s][info ][gc] GC(59633) Pause Young (Allocation Failure) 37M->37M(41M) 13.995ms
[2020-08-10T13:14:11.671+0300][1791.213s][info ][gc] GC(59634) Pause Young (Allocation Failure) 38M->38M(41M) 13.779ms
[2020-08-10T13:14:11.685+0300][1791.227s][info ][gc] GC(59635) Pause Young (Allocation Failure) 39M->39M(41M) 13.787ms
[2020-08-10T13:14:11.755+0300][1791.297s][debug][gc] GC(59636) Expanding ParOldGen from 39936K by 11776K to 51712K
[2020-08-10T13:14:11.755+0300][1791.298s][info ][gc] GC(59636) Pause Full (Ergonomics) 39M->39M(53M) 70.178ms
[2020-08-10T13:14:11.774+0300][1791.316s][info ][gc] GC(59637) Pause Young (Allocation Failure) 40M->40M(53M) 18.151ms
[2020-08-10T13:14:11.788+0300][1791.330s][info ][gc] GC(59638) Pause Young (Allocation Failure) 41M->41M(53M) 13.794ms
[2020-08-10T13:14:11.803+0300][1791.345s][info ][gc] GC(59639) Pause Young (Allocation Failure) 42M->42M(53M) 14.011ms
[2020-08-10T13:14:11.817+0300][1791.359s][info ][gc] GC(59640) Pause Young (Allocation Failure) 43M->43M(53M) 13.928ms
[2020-08-10T13:14:11.832+0300][1791.374s][info ][gc] GC(59641) Pause Young (Allocation Failure) 44M->44M(53M) 14.036ms
[2020-08-10T13:14:11.846+0300][1791.389s][info ][gc] GC(59642) Pause Young (Allocation Failure) 45M->44M(53M) 14.057ms
[2020-08-10T13:14:11.861+0300][1791.403s][info ][gc] GC(59643) Pause Young (Allocation Failure) 45M->45M(53M) 13.827ms
[2020-08-10T13:14:11.875+0300][1791.418s][info ][gc] GC(59644) Pause Young (Allocation Failure) 46M->46M(53M) 14.016ms
[2020-08-10T13:14:11.890+0300][1791.432s][info ][gc] GC(59645) Pause Young (Allocation Failure) 47M->47M(53M) 13.667ms
[2020-08-10T13:14:11.904+0300][1791.446s][info ][gc] GC(59646) Pause Young (Allocation Failure) 48M->48M(53M) 13.913ms
[2020-08-10T13:14:11.918+0300][1791.461s][info ][gc] GC(59647) Pause Young (Allocation Failure) 49M->49M(53M) 13.771ms
[2020-08-10T13:14:11.933+0300][1791.475s][info ][gc] GC(59648) Pause Young (Allocation Failure) 50M->50M(53M) 13.879ms
[2020-08-10T13:14:12.038+0300][1791.581s][debug][gc] GC(59649) Expanding ParOldGen from 51712K by 11264K to 62976K
[2020-08-10T13:14:12.038+0300][1791.581s][info ][gc] GC(59649) Pause Full (Ergonomics) 50M->50M(64M) 105.667ms
[2020-08-10T13:14:12.060+0300][1791.602s][info ][gc] GC(59650) Pause Young (Allocation Failure) 51M->51M(64M) 21.107ms
[2020-08-10T13:14:12.075+0300][1791.617s][info ][gc] GC(59651) Pause Young (Allocation Failure) 52M->52M(64M) 14.261ms
[2020-08-10T13:14:12.090+0300][1791.632s][info ][gc] GC(59652) Pause Young (Allocation Failure) 53M->53M(64M) 14.102ms
[2020-08-10T13:14:12.105+0300][1791.647s][info ][gc] GC(59653) Pause Young (Allocation Failure) 54M->54M(64M) 14.167ms
[2020-08-10T13:14:12.119+0300][1791.662s][info ][gc] GC(59654) Pause Young (Allocation Failure) 55M->55M(64M) 14.104ms
[2020-08-10T13:14:12.135+0300][1791.676s][info ][gc] GC(59655) Pause Young (Allocation Failure) 56M->56M(64M) 14.083ms
[2020-08-10T13:14:12.149+0300][1791.691s][info ][gc] GC(59656) Pause Young (Allocation Failure) 57M->57M(64M) 13.817ms
[2020-08-10T13:14:12.164+0300][1791.705s][info ][gc] GC(59657) Pause Young (Allocation Failure) 58M->57M(64M) 14.068ms
[2020-08-10T13:14:12.179+0300][1791.720s][info ][gc] GC(59658) Pause Young (Allocation Failure) 58M->58M(64M) 14.266ms
[2020-08-10T13:14:12.193+0300][1791.735s][info ][gc] GC(59659) Pause Young (Allocation Failure) 59M->59M(64M) 14.174ms
[2020-08-10T13:14:12.208+0300][1791.750s][info ][gc] GC(59660) Pause Young (Allocation Failure) 60M->60M(64M) 14.168ms
[2020-08-10T13:14:12.223+0300][1791.764s][info ][gc] GC(59661) Pause Young (Allocation Failure) 61M->61M(64M) 14.126ms
[2020-08-10T13:14:12.368+0300][1791.909s][debug][gc] GC(59662) Expanding ParOldGen from 62976K by 11264K to 74240K
[2020-08-10T13:14:12.368+0300][1791.909s][info ][gc] GC(59662) Pause Full (Ergonomics) 61M->61M(75M) 144.871ms
[2020-08-10T13:14:12.394+0300][1791.935s][info ][gc] GC(59663) Pause Young (Allocation Failure) 62M->62M(75M) 25.242ms
[2020-08-10T13:14:12.408+0300][1791.949s][info ][gc] GC(59664) Pause Young (Allocation Failure) 63M->63M(75M) 14.091ms
[2020-08-10T13:14:12.423+0300][1791.964s][info ][gc] GC(59665) Pause Young (Allocation Failure) 64M->64M(75M) 14.137ms
[2020-08-10T13:14:12.438+0300][1791.979s][info ][gc] GC(59666) Pause Young (Allocation Failure) 65M->65M(75M) 14.240ms
[2020-08-10T13:14:12.452+0300][1791.994s][info ][gc] GC(59667) Pause Young (Allocation Failure) 66M->66M(75M) 14.183ms
[2020-08-10T13:14:12.467+0300][1792.009s][info ][gc] GC(59668) Pause Young (Allocation Failure) 67M->67M(75M) 14.242ms
[2020-08-10T13:14:12.482+0300][1792.023s][info ][gc] GC(59669) Pause Young (Allocation Failure) 68M->68M(75M) 14.224ms
[2020-08-10T13:14:12.497+0300][1792.038s][info ][gc] GC(59670) Pause Young (Allocation Failure) 69M->69M(75M) 14.069ms
[2020-08-10T13:14:12.511+0300][1792.053s][info ][gc] GC(59671) Pause Young (Allocation Failure) 70M->70M(75M) 14.272ms
[2020-08-10T13:14:12.526+0300][1792.068s][info ][gc] GC(59672) Pause Young (Allocation Failure) 71M->71M(75M) 14.163ms
[2020-08-10T13:14:12.541+0300][1792.083s][info ][gc] GC(59673) Pause Young (Allocation Failure) 72M->72M(75M) 14.297ms
[2020-08-10T13:14:12.556+0300][1792.097s][info ][gc] GC(59674) Pause Young (Allocation Failure) 73M->72M(75M) 14.289ms
[2020-08-10T13:14:12.785+0300][1792.326s][debug][gc] GC(59675) Expanding ParOldGen from 74240K by 11776K to 86016K
[2020-08-10T13:14:12.785+0300][1792.326s][info ][gc] GC(59675) Pause Full (Ergonomics) 72M->72M(86M) 228.565ms
[2020-08-10T13:14:12.815+0300][1792.357s][info ][gc] GC(59676) Pause Young (Allocation Failure) 73M->73M(86M) 29.865ms
[2020-08-10T13:14:12.830+0300][1792.372s][info ][gc] GC(59677) Pause Young (Allocation Failure) 74M->74M(86M) 14.303ms
[2020-08-10T13:14:12.845+0300][1792.386s][info ][gc] GC(59678) Pause Young (Allocation Failure) 75M->75M(86M) 14.234ms
[2020-08-10T13:14:12.860+0300][1792.401s][info ][gc] GC(59679) Pause Young (Allocation Failure) 76M->76M(86M) 14.340ms
[2020-08-10T13:14:12.875+0300][1792.416s][info ][gc] GC(59680) Pause Young (Allocation Failure) 77M->77M(86M) 14.277ms
[2020-08-10T13:14:12.890+0300][1792.431s][info ][gc] GC(59681) Pause Young (Allocation Failure) 78M->78M(86M) 14.257ms
[2020-08-10T13:14:12.905+0300][1792.446s][info ][gc] GC(59682) Pause Young (Allocation Failure) 79M->79M(86M) 14.345ms
[2020-08-10T13:14:12.920+0300][1792.461s][info ][gc] GC(59683) Pause Young (Allocation Failure) 80M->80M(86M) 14.317ms
[2020-08-10T13:14:12.935+0300][1792.476s][info ][gc] GC(59684) Pause Young (Allocation Failure) 81M->81M(86M) 14.352ms
[2020-08-10T13:14:12.949+0300][1792.491s][info ][gc] GC(59685) Pause Young (Allocation Failure) 82M->82M(86M) 14.223ms
[2020-08-10T13:14:12.964+0300][1792.506s][info ][gc] GC(59686) Pause Young (Allocation Failure) 83M->83M(86M) 14.501ms
[2020-08-10T13:14:12.979+0300][1792.521s][info ][gc] GC(59687) Pause Young (Allocation Failure) 84M->84M(86M) 14.372ms
[2020-08-10T13:14:13.185+0300][1792.726s][debug][gc] GC(59688) Expanding ParOldGen from 86016K by 11264K to 97280K
[2020-08-10T13:14:13.185+0300][1792.726s][info ][gc] GC(59688) Pause Full (Ergonomics) 84M->83M(97M) 205.267ms
[2020-08-10T13:14:13.199+0300][1792.741s][info ][gc] GC(59689) Pause Young (Allocation Failure) 84M->84M(97M) 13.681ms
[2020-08-10T13:14:13.214+0300][1792.756s][info ][gc] GC(59690) Pause Young (Allocation Failure) 85M->85M(97M) 14.425ms
[2020-08-10T13:14:13.229+0300][1792.771s][info ][gc] GC(59691) Pause Young (Allocation Failure) 86M->86M(97M) 14.415ms
[2020-08-10T13:14:13.244+0300][1792.786s][info ][gc] GC(59692) Pause Young (Allocation Failure) 87M->87M(97M) 14.464ms
[2020-08-10T13:14:13.260+0300][1792.801s][info ][gc] GC(59693) Pause Young (Allocation Failure) 88M->88M(97M) 14.563ms
[2020-08-10T13:14:13.275+0300][1792.816s][info ][gc] GC(59694) Pause Young (Allocation Failure) 89M->89M(97M) 14.695ms
[2020-08-10T13:14:13.290+0300][1792.832s][info ][gc] GC(59695) Pause Young (Allocation Failure) 90M->90M(97M) 14.935ms
[2020-08-10T13:14:13.306+0300][1792.847s][info ][gc] GC(59696) Pause Young (Allocation Failure) 91M->91M(97M) 14.797ms
[2020-08-10T13:14:13.321+0300][1792.863s][info ][gc] GC(59697) Pause Young (Allocation Failure) 92M->92M(97M) 14.751ms
[2020-08-10T13:14:13.337+0300][1792.878s][info ][gc] GC(59698) Pause Young (Allocation Failure) 93M->93M(97M) 14.864ms
[2020-08-10T13:14:13.352+0300][1792.894s][info ][gc] GC(59699) Pause Young (Allocation Failure) 94M->94M(97M) 15.025ms
[2020-08-10T13:14:13.368+0300][1792.909s][info ][gc] GC(59700) Pause Young (Allocation Failure) 95M->95M(97M) 15.181ms
[2020-08-10T13:14:13.599+0300][1793.140s][debug][gc] GC(59701) Expanding ParOldGen from 97280K by 11776K to 109056K
[2020-08-10T13:14:13.599+0300][1793.140s][info ][gc] GC(59701) Pause Full (Ergonomics) 95M->94M(109M) 230.387ms
[2020-08-10T13:14:13.613+0300][1793.154s][info ][gc] GC(59702) Pause Young (Allocation Failure) 95M->95M(109M) 13.639ms
[2020-08-10T13:14:13.629+0300][1793.170s][info ][gc] GC(59703) Pause Young (Allocation Failure) 96M->96M(109M) 15.258ms
[2020-08-10T13:14:13.645+0300][1793.186s][info ][gc] GC(59704) Pause Young (Allocation Failure) 97M->97M(109M) 15.497ms
[2020-08-10T13:14:13.661+0300][1793.202s][info ][gc] GC(59705) Pause Young (Allocation Failure) 98M->98M(109M) 15.550ms
[2020-08-10T13:14:13.677+0300][1793.219s][info ][gc] GC(59706) Pause Young (Allocation Failure) 99M->99M(109M) 15.545ms
[2020-08-10T13:14:13.693+0300][1793.235s][info ][gc] GC(59707) Pause Young (Allocation Failure) 100M->100M(109M) 15.530ms
[2020-08-10T13:14:13.710+0300][1793.251s][info ][gc] GC(59708) Pause Young (Allocation Failure) 101M->101M(108M) 15.967ms
[2020-08-10T13:14:13.726+0300][1793.268s][info ][gc] GC(59709) Pause Young (Allocation Failure) 102M->102M(108M) 15.982ms
[2020-08-10T13:14:13.743+0300][1793.284s][info ][gc] GC(59710) Pause Young (Allocation Failure) 103M->103M(108M) 15.811ms
[2020-08-10T13:14:13.758+0300][1793.299s][info ][gc] GC(59711) Pause Young (Allocation Failure) 104M->104M(109M) 14.672ms
[2020-08-10T13:14:13.775+0300][1793.316s][info ][gc] GC(59712) Pause Young (Allocation Failure) 105M->105M(109M) 16.083ms
[2020-08-10T13:14:13.791+0300][1793.333s][info ][gc] GC(59713) Pause Young (Allocation Failure) 106M->106M(109M) 16.153ms
[2020-08-10T13:14:13.808+0300][1793.350s][info ][gc] GC(59714) Pause Young (Allocation Failure) 107M->107M(109M) 16.447ms
[2020-08-10T13:14:14.065+0300][1793.606s][debug][gc] GC(59715) Expanding ParOldGen from 109056K by 11264K to 120320K
[2020-08-10T13:14:14.065+0300][1793.607s][info ][gc] GC(59715) Pause Full (Ergonomics) 107M->107M(120M) 256.675ms
[2020-08-10T13:14:14.104+0300][1793.646s][info ][gc] GC(59716) Pause Young (Allocation Failure) 108M->108M(120M) 38.676ms
[2020-08-10T13:14:14.122+0300][1793.663s][info ][gc] GC(59717) Pause Young (Allocation Failure) 109M->108M(120M) 16.885ms
[2020-08-10T13:14:14.140+0300][1793.681s][info ][gc] GC(59718) Pause Young (Allocation Failure) 109M->109M(120M) 16.969ms
[2020-08-10T13:14:14.157+0300][1793.699s][info ][gc] GC(59719) Pause Young (Allocation Failure) 110M->110M(120M) 17.002ms
[2020-08-10T13:14:14.175+0300][1793.716s][info ][gc] GC(59720) Pause Young (Allocation Failure) 111M->111M(120M) 17.068ms
[2020-08-10T13:14:14.192+0300][1793.734s][info ][gc] GC(59721) Pause Young (Allocation Failure) 112M->112M(120M) 17.165ms
[2020-08-10T13:14:14.210+0300][1793.752s][info ][gc] GC(59722) Pause Young (Allocation Failure) 113M->113M(120M) 17.256ms
[2020-08-10T13:14:14.228+0300][1793.770s][info ][gc] GC(59723) Pause Young (Allocation Failure) 114M->114M(120M) 17.382ms
[2020-08-10T13:14:14.246+0300][1793.788s][info ][gc] GC(59724) Pause Young (Allocation Failure) 115M->115M(120M) 17.550ms
[2020-08-10T13:14:14.264+0300][1793.806s][info ][gc] GC(59725) Pause Young (Allocation Failure) 116M->116M(120M) 17.209ms
[2020-08-10T13:14:14.282+0300][1793.824s][info ][gc] GC(59726) Pause Young (Allocation Failure) 117M->117M(120M) 17.603ms
[2020-08-10T13:14:14.579+0300][1794.120s][debug][gc] GC(59727) Expanding ParOldGen from 120320K by 11264K to 131584K
[2020-08-10T13:14:14.579+0300][1794.120s][info ][gc] GC(59727) Pause Full (Ergonomics) 117M->117M(131M) 296.566ms
[2020-08-10T13:14:14.614+0300][1794.156s][info ][gc] GC(59728) Pause Young (Allocation Failure) 118M->118M(131M) 34.863ms
[2020-08-10T13:14:14.634+0300][1794.175s][info ][gc] GC(59729) Pause Young (Allocation Failure) 119M->119M(131M) 18.493ms
[2020-08-10T13:14:14.653+0300][1794.194s][info ][gc] GC(59730) Pause Young (Allocation Failure) 120M->120M(131M) 18.150ms
[2020-08-10T13:14:14.671+0300][1794.213s][info ][gc] GC(59731) Pause Young (Allocation Failure) 121M->121M(131M) 17.605ms
[2020-08-10T13:14:14.689+0300][1794.231s][info ][gc] GC(59732) Pause Young (Allocation Failure) 122M->122M(131M) 17.748ms
[2020-08-10T13:14:14.708+0300][1794.249s][info ][gc] GC(59733) Pause Young (Allocation Failure) 123M->123M(131M) 18.159ms
[2020-08-10T13:14:14.727+0300][1794.268s][info ][gc] GC(59734) Pause Young (Allocation Failure) 124M->124M(131M) 18.099ms
[2020-08-10T13:14:14.746+0300][1794.287s][info ][gc] GC(59735) Pause Young (Allocation Failure) 125M->125M(131M) 18.506ms
[2020-08-10T13:14:14.765+0300][1794.306s][info ][gc] GC(59736) Pause Young (Allocation Failure) 126M->125M(131M) 18.408ms
[2020-08-10T13:14:14.783+0300][1794.325s][info ][gc] GC(59737) Pause Young (Allocation Failure) 126M->126M(131M) 17.900ms
[2020-08-10T13:14:14.802+0300][1794.344s][info ][gc] GC(59738) Pause Young (Allocation Failure) 127M->127M(131M) 18.717ms
[2020-08-10T13:14:14.822+0300][1794.363s][info ][gc] GC(59739) Pause Young (Allocation Failure) 128M->128M(131M) 18.637ms
[2020-08-10T13:14:15.278+0300][1794.819s][debug][gc] GC(59740) Expanding ParOldGen from 131584K by 11264K to 142848K
[2020-08-10T13:14:15.278+0300][1794.819s][info ][gc] GC(59740) Pause Full (Ergonomics) 128M->128M(142M) 456.076ms
[2020-08-10T13:14:15.312+0300][1794.854s][info ][gc] GC(59741) Pause Young (Allocation Failure) 129M->129M(142M) 34.111ms
[2020-08-10T13:14:15.331+0300][1794.873s][info ][gc] GC(59742) Pause Young (Allocation Failure) 130M->130M(142M) 18.494ms
[2020-08-10T13:14:15.350+0300][1794.892s][info ][gc] GC(59743) Pause Young (Allocation Failure) 131M->131M(142M) 18.672ms
[2020-08-10T13:14:15.370+0300][1794.911s][info ][gc] GC(59744) Pause Young (Allocation Failure) 132M->132M(142M) 18.779ms
[2020-08-10T13:14:15.389+0300][1794.930s][info ][gc] GC(59745) Pause Young (Allocation Failure) 133M->133M(142M) 18.775ms
[2020-08-10T13:14:15.408+0300][1794.950s][info ][gc] GC(59746) Pause Young (Allocation Failure) 134M->134M(142M) 19.099ms
[2020-08-10T13:14:15.429+0300][1794.970s][info ][gc] GC(59747) Pause Young (Allocation Failure) 135M->135M(142M) 19.510ms
[2020-08-10T13:14:15.429+0300][1794.970s][debug][gc] Expanding ParOldGen from 142848K by 19968K to 162816K
[2020-08-10T13:14:15.467+0300][1795.009s][info ][gc] GC(59748) Pause Young (Allocation Failure) 155M->155M(161M) 30.111ms
[2020-08-10T13:14:15.495+0300][1795.037s][info ][gc] GC(59749) Pause Young (Allocation Failure) 156M->156M(161M) 27.852ms
[2020-08-10T13:14:15.523+0300][1795.065s][info ][gc] GC(59750) Pause Young (Allocation Failure) 157M->157M(161M) 27.275ms
[2020-08-10T13:14:15.551+0300][1795.092s][info ][gc] GC(59751) Pause Young (Allocation Failure) 158M->158M(161M) 27.014ms
[2020-08-10T13:14:15.578+0300][1795.120s][info ][gc] GC(59752) Pause Young (Allocation Failure) 159M->159M(161M) 27.289ms
[2020-08-10T13:14:15.637+0300][1795.179s][debug][gc] GC(59753) Shrinking ParOldGen from 162816K by 124928K to 37888K
[2020-08-10T13:14:15.637+0300][1795.179s][info ][gc] GC(59753) Pause Full (Ergonomics) 159M->25M(39M) 58.856ms
[2020-08-10T13:14:15.651+0300][1795.193s][info ][gc] GC(59754) Pause Young (Allocation Failure) 26M->26M(39M) 13.214ms
[2020-08-10T13:14:15.665+0300][1795.207s][info ][gc] GC(59755) Pause Young (Allocation Failure) 27M->27M(39M) 13.662ms
[2020-08-10T13:14:15.680+0300][1795.221s][info ][gc] GC(59756) Pause Young (Allocation Failure) 28M->28M(39M) 13.829ms
[2020-08-10T13:14:15.694+0300][1795.236s][info ][gc] GC(59757) Pause Young (Allocation Failure) 29M->29M(39M) 13.924ms
[2020-08-10T13:14:15.708+0300][1795.250s][info ][gc] GC(59758) Pause Young (Allocation Failure) 30M->30M(39M) 13.796ms
[2020-08-10T13:14:15.723+0300][1795.264s][info ][gc] GC(59759) Pause Young (Allocation Failure) 31M->31M(39M) 13.876ms
[2020-08-10T13:14:15.737+0300][1795.278s][info ][gc] GC(59760) Pause Young (Allocation Failure) 32M->32M(39M) 13.689ms
[2020-08-10T13:14:15.751+0300][1795.293s][info ][gc] GC(59761) Pause Young (Allocation Failure) 33M->33M(39M) 13.672ms
[2020-08-10T13:14:15.765+0300][1795.307s][info ][gc] GC(59762) Pause Young (Allocation Failure) 34M->34M(39M) 13.695ms
[2020-08-10T13:14:15.786+0300][1795.328s][info ][gc] GC(59763) Pause Young (Allocation Failure) 35M->35M(39M) 20.645ms
[2020-08-10T13:14:15.800+0300][1795.342s][info ][gc] GC(59764) Pause Young (Allocation Failure) 36M->35M(39M) 13.792ms
[2020-08-10T13:14:15.815+0300][1795.356s][info ][gc] GC(59765) Pause Young (Allocation Failure) 36M->36M(39M) 13.767ms
[2020-08-10T13:14:15.879+0300][1795.421s][debug][gc] GC(59766) Expanding ParOldGen from 37888K by 11264K to 49152K
[2020-08-10T13:14:15.880+0300][1795.421s][info ][gc] GC(59766) Pause Full (Ergonomics) 36M->36M(50M) 64.893ms
[2020-08-10T13:14:15.894+0300][1795.435s][info ][gc] GC(59767) Pause Young (Allocation Failure) 37M->37M(50M) 13.485ms
[2020-08-10T13:14:15.908+0300][1795.450s][info ][gc] GC(59768) Pause Young (Allocation Failure) 38M->38M(50M) 13.989ms
[2020-08-10T13:14:15.923+0300][1795.464s][info ][gc] GC(59769) Pause Young (Allocation Failure) 39M->39M(50M) 13.972ms
[2020-08-10T13:14:15.937+0300][1795.479s][info ][gc] GC(59770) Pause Young (Allocation Failure) 40M->40M(50M) 13.930ms
[2020-08-10T13:14:15.952+0300][1795.493s][info ][gc] GC(59771) Pause Young (Allocation Failure) 41M->41M(50M) 13.934ms
[2020-08-10T13:14:15.974+0300][1795.516s][info ][gc] GC(59772) Pause Young (Allocation Failure) 42M->42M(50M) 21.807ms
[2020-08-10T13:14:15.988+0300][1795.530s][info ][gc] GC(59773) Pause Young (Allocation Failure) 43M->43M(50M) 13.611ms
[2020-08-10T13:14:16.002+0300][1795.544s][info ][gc] GC(59774) Pause Young (Allocation Failure) 44M->44M(50M) 13.710ms
[2020-08-10T13:14:16.016+0300][1795.558s][info ][gc] GC(59775) Pause Young (Allocation Failure) 45M->45M(50M) 13.691ms
[2020-08-10T13:14:16.031+0300][1795.572s][info ][gc] GC(59776) Pause Young (Allocation Failure) 46M->46M(50M) 13.796ms
[2020-08-10T13:14:16.045+0300][1795.586s][info ][gc] GC(59777) Pause Young (Allocation Failure) 47M->47M(50M) 13.725ms
[2020-08-10T13:14:16.059+0300][1795.600s][info ][gc] GC(59778) Pause Young (Allocation Failure) 48M->48M(50M) 13.806ms
[2020-08-10T13:14:16.155+0300][1795.696s][debug][gc] GC(59779) Expanding ParOldGen from 49152K by 11264K to 60416K
[2020-08-10T13:14:16.155+0300][1795.697s][info ][gc] GC(59779) Pause Full (Ergonomics) 48M->48M(61M) 95.780ms
[2020-08-10T13:14:16.176+0300][1795.718s][info ][gc] GC(59780) Pause Young (Allocation Failure) 49M->49M(61M) 20.463ms
[2020-08-10T13:14:16.191+0300][1795.732s][info ][gc] GC(59781) Pause Young (Allocation Failure) 50M->49M(61M) 14.113ms
[2020-08-10T13:14:16.205+0300][1795.747s][info ][gc] GC(59782) Pause Young (Allocation Failure) 50M->50M(61M) 13.965ms
[2020-08-10T13:14:16.220+0300][1795.761s][info ][gc] GC(59783) Pause Young (Allocation Failure) 51M->51M(61M) 13.943ms
[2020-08-10T13:14:16.234+0300][1795.776s][info ][gc] GC(59784) Pause Young (Allocation Failure) 52M->52M(61M) 14.251ms
[2020-08-10T13:14:16.249+0300][1795.791s][info ][gc] GC(59785) Pause Young (Allocation Failure) 53M->53M(61M) 13.954ms
[2020-08-10T13:14:16.264+0300][1795.805s][info ][gc] GC(59786) Pause Young (Allocation Failure) 54M->54M(61M) 14.028ms
[2020-08-10T13:14:16.278+0300][1795.820s][info ][gc] GC(59787) Pause Young (Allocation Failure) 55M->55M(61M) 14.073ms
[2020-08-10T13:14:16.293+0300][1795.834s][info ][gc] GC(59788) Pause Young (Allocation Failure) 56M->56M(61M) 14.004ms
[2020-08-10T13:14:16.307+0300][1795.849s][info ][gc] GC(59789) Pause Young (Allocation Failure) 57M->57M(61M) 14.066ms
[2020-08-10T13:14:16.322+0300][1795.864s][info ][gc] GC(59790) Pause Young (Allocation Failure) 58M->58M(61M) 14.076ms
[2020-08-10T13:14:16.337+0300][1795.878s][info ][gc] GC(59791) Pause Young (Allocation Failure) 59M->59M(61M) 14.099ms
[2020-08-10T13:14:16.465+0300][1796.006s][debug][gc] GC(59792) Expanding ParOldGen from 60416K by 11776K to 72192K
[2020-08-10T13:14:16.465+0300][1796.006s][info ][gc] GC(59792) Pause Full (Ergonomics) 59M->59M(72M) 128.007ms
[2020-08-10T13:14:16.490+0300][1796.032s][info ][gc] GC(59793) Pause Young (Allocation Failure) 60M->60M(72M) 24.508ms
[2020-08-10T13:14:16.505+0300][1796.046s][info ][gc] GC(59794) Pause Young (Allocation Failure) 61M->61M(72M) 14.225ms
[2020-08-10T13:14:16.520+0300][1796.061s][info ][gc] GC(59795) Pause Young (Allocation Failure) 62M->62M(72M) 14.205ms
[2020-08-10T13:14:16.534+0300][1796.076s][info ][gc] GC(59796) Pause Young (Allocation Failure) 63M->63M(72M) 14.160ms
[2020-08-10T13:14:16.549+0300][1796.091s][info ][gc] GC(59797) Pause Young (Allocation Failure) 64M->64M(72M) 14.149ms
[2020-08-10T13:14:16.564+0300][1796.105s][info ][gc] GC(59798) Pause Young (Allocation Failure) 65M->65M(72M) 14.213ms
[2020-08-10T13:14:16.593+0300][1796.135s][info ][gc] GC(59799) Pause Young (Allocation Failure) 66M->66M(72M) 28.983ms
[2020-08-10T13:14:16.608+0300][1796.150s][info ][gc] GC(59800) Pause Young (Allocation Failure) 67M->66M(72M) 14.204ms
[2020-08-10T13:14:16.623+0300][1796.165s][info ][gc] GC(59801) Pause Young (Allocation Failure) 67M->67M(72M) 14.369ms
[2020-08-10T13:14:16.638+0300][1796.180s][info ][gc] GC(59802) Pause Young (Allocation Failure) 68M->68M(72M) 14.184ms
[2020-08-10T13:14:16.653+0300][1796.194s][info ][gc] GC(59803) Pause Young (Allocation Failure) 69M->69M(72M) 14.249ms
[2020-08-10T13:14:16.668+0300][1796.209s][info ][gc] GC(59804) Pause Young (Allocation Failure) 70M->70M(72M) 14.176ms
[2020-08-10T13:14:16.841+0300][1796.383s][debug][gc] GC(59805) Expanding ParOldGen from 72192K by 11264K to 83456K
[2020-08-10T13:14:16.841+0300][1796.383s][info ][gc] GC(59805) Pause Full (Ergonomics) 70M->70M(83M) 173.249ms
[2020-08-10T13:14:16.871+0300][1796.413s][info ][gc] GC(59806) Pause Young (Allocation Failure) 71M->71M(83M) 29.340ms
[2020-08-10T13:14:16.886+0300][1796.427s][info ][gc] GC(59807) Pause Young (Allocation Failure) 72M->72M(83M) 14.383ms
[2020-08-10T13:14:16.901+0300][1796.442s][info ][gc] GC(59808) Pause Young (Allocation Failure) 73M->73M(83M) 14.210ms
[2020-08-10T13:14:16.915+0300][1796.457s][info ][gc] GC(59809) Pause Young (Allocation Failure) 74M->74M(83M) 14.159ms
[2020-08-10T13:14:16.930+0300][1796.472s][info ][gc] GC(59810) Pause Young (Allocation Failure) 75M->75M(83M) 14.253ms
[2020-08-10T13:14:16.945+0300][1796.487s][info ][gc] GC(59811) Pause Young (Allocation Failure) 76M->76M(83M) 14.293ms
[2020-08-10T13:14:16.960+0300][1796.501s][info ][gc] GC(59812) Pause Young (Allocation Failure) 77M->77M(83M) 14.265ms
[2020-08-10T13:14:16.975+0300][1796.516s][info ][gc] GC(59813) Pause Young (Allocation Failure) 78M->78M(83M) 14.196ms
[2020-08-10T13:14:16.989+0300][1796.531s][info ][gc] GC(59814) Pause Young (Allocation Failure) 79M->79M(83M) 14.171ms
[2020-08-10T13:14:17.004+0300][1796.546s][info ][gc] GC(59815) Pause Young (Allocation Failure) 80M->80M(83M) 14.355ms
[2020-08-10T13:14:17.019+0300][1796.561s][info ][gc] GC(59816) Pause Young (Allocation Failure) 81M->81M(83M) 14.297ms
[2020-08-10T13:14:17.034+0300][1796.576s][info ][gc] GC(59817) Pause Young (Allocation Failure) 82M->82M(83M) 14.321ms
[2020-08-10T13:14:17.224+0300][1796.766s][debug][gc] GC(59818) Expanding ParOldGen from 83456K by 11264K to 94720K
[2020-08-10T13:14:17.224+0300][1796.766s][info ][gc] GC(59818) Pause Full (Ergonomics) 82M->81M(94M) 190.206ms
[2020-08-10T13:14:17.258+0300][1796.799s][info ][gc] GC(59819) Pause Young (Allocation Failure) 82M->82M(94M) 33.022ms
[2020-08-10T13:14:17.273+0300][1796.815s][info ][gc] GC(59820) Pause Young (Allocation Failure) 83M->83M(94M) 14.511ms
[2020-08-10T13:14:17.288+0300][1796.830s][info ][gc] GC(59821) Pause Young (Allocation Failure) 84M->84M(94M) 14.448ms
[2020-08-10T13:14:17.303+0300][1796.845s][info ][gc] GC(59822) Pause Young (Allocation Failure) 85M->85M(94M) 14.630ms
[2020-08-10T13:14:17.319+0300][1796.860s][info ][gc] GC(59823) Pause Young (Allocation Failure) 86M->86M(94M) 14.963ms
[2020-08-10T13:14:17.334+0300][1796.876s][info ][gc] GC(59824) Pause Young (Allocation Failure) 87M->87M(94M) 15.157ms
[2020-08-10T13:14:17.350+0300][1796.891s][info ][gc] GC(59825) Pause Young (Allocation Failure) 88M->88M(94M) 14.880ms
[2020-08-10T13:14:17.365+0300][1796.907s][info ][gc] GC(59826) Pause Young (Allocation Failure) 89M->89M(94M) 14.933ms
[2020-08-10T13:14:17.381+0300][1796.922s][info ][gc] GC(59827) Pause Young (Allocation Failure) 90M->90M(94M) 14.973ms
[2020-08-10T13:14:17.396+0300][1796.938s][info ][gc] GC(59828) Pause Young (Allocation Failure) 91M->91M(94M) 15.084ms
[2020-08-10T13:14:17.412+0300][1796.954s][info ][gc] GC(59829) Pause Young (Allocation Failure) 92M->92M(94M) 15.262ms
[2020-08-10T13:14:17.428+0300][1796.969s][info ][gc] GC(59830) Pause Young (Allocation Failure) 93M->93M(94M) 15.182ms
[2020-08-10T13:14:17.702+0300][1797.244s][debug][gc] GC(59831) Expanding ParOldGen from 94720K by 11264K to 105984K
[2020-08-10T13:14:17.702+0300][1797.244s][info ][gc] GC(59831) Pause Full (Ergonomics) 93M->93M(105M) 274.534ms
[2020-08-10T13:14:17.738+0300][1797.280s][info ][gc] GC(59832) Pause Young (Allocation Failure) 94M->94M(105M) 35.150ms
[2020-08-10T13:14:17.754+0300][1797.296s][info ][gc] GC(59833) Pause Young (Allocation Failure) 95M->95M(105M) 15.691ms
[2020-08-10T13:14:17.771+0300][1797.312s][info ][gc] GC(59834) Pause Young (Allocation Failure) 96M->96M(105M) 15.570ms
[2020-08-10T13:14:17.787+0300][1797.328s][info ][gc] GC(59835) Pause Young (Allocation Failure) 97M->97M(105M) 15.588ms
[2020-08-10T13:14:17.803+0300][1797.344s][info ][gc] GC(59836) Pause Young (Allocation Failure) 98M->98M(105M) 15.793ms
[2020-08-10T13:14:17.819+0300][1797.361s][info ][gc] GC(59837) Pause Young (Allocation Failure) 99M->98M(105M) 15.805ms
[2020-08-10T13:14:17.836+0300][1797.377s][info ][gc] GC(59838) Pause Young (Allocation Failure) 99M->99M(105M) 16.050ms
[2020-08-10T13:14:17.852+0300][1797.394s][info ][gc] GC(59839) Pause Young (Allocation Failure) 100M->100M(105M) 16.059ms
[2020-08-10T13:14:17.869+0300][1797.410s][info ][gc] GC(59840) Pause Young (Allocation Failure) 101M->101M(105M) 15.840ms
[2020-08-10T13:14:17.886+0300][1797.427s][info ][gc] GC(59841) Pause Young (Allocation Failure) 102M->102M(105M) 16.511ms
[2020-08-10T13:14:17.903+0300][1797.444s][info ][gc] GC(59842) Pause Young (Allocation Failure) 103M->103M(105M) 16.656ms
[2020-08-10T13:14:18.158+0300][1797.699s][debug][gc] GC(59843) Expanding ParOldGen from 105984K by 11264K to 117248K
[2020-08-10T13:14:18.158+0300][1797.700s][info ][gc] GC(59843) Pause Full (Ergonomics) 103M->103M(116M) 254.908ms
[2020-08-10T13:14:18.195+0300][1797.737s][info ][gc] GC(59844) Pause Young (Allocation Failure) 104M->104M(116M) 36.796ms
[2020-08-10T13:14:18.212+0300][1797.754s][info ][gc] GC(59845) Pause Young (Allocation Failure) 105M->105M(116M) 16.655ms
[2020-08-10T13:14:18.230+0300][1797.771s][info ][gc] GC(59846) Pause Young (Allocation Failure) 106M->106M(116M) 16.695ms
[2020-08-10T13:14:18.247+0300][1797.788s][info ][gc] GC(59847) Pause Young (Allocation Failure) 107M->107M(116M) 16.361ms
[2020-08-10T13:14:18.264+0300][1797.805s][info ][gc] GC(59848) Pause Young (Allocation Failure) 108M->108M(116M) 16.706ms
[2020-08-10T13:14:18.281+0300][1797.823s][info ][gc] GC(59849) Pause Young (Allocation Failure) 109M->109M(116M) 16.765ms
[2020-08-10T13:14:18.299+0300][1797.840s][info ][gc] GC(59850) Pause Young (Allocation Failure) 110M->110M(116M) 17.059ms
[2020-08-10T13:14:18.316+0300][1797.858s][info ][gc] GC(59851) Pause Young (Allocation Failure) 111M->111M(116M) 16.940ms
[2020-08-10T13:14:18.334+0300][1797.876s][info ][gc] GC(59852) Pause Young (Allocation Failure) 112M->112M(117M) 17.297ms
[2020-08-10T13:14:18.352+0300][1797.893s][info ][gc] GC(59853) Pause Young (Allocation Failure) 113M->113M(117M) 17.256ms
[2020-08-10T13:14:18.370+0300][1797.911s][info ][gc] GC(59854) Pause Young (Allocation Failure) 114M->114M(117M) 17.331ms
[2020-08-10T13:14:18.387+0300][1797.929s][info ][gc] GC(59855) Pause Young (Allocation Failure) 115M->115M(117M) 17.303ms
[2020-08-10T13:14:18.699+0300][1798.240s][debug][gc] GC(59856) Expanding ParOldGen from 117248K by 11264K to 128512K
[2020-08-10T13:14:18.699+0300][1798.240s][info ][gc] GC(59856) Pause Full (Ergonomics) 115M->114M(128M) 311.188ms
[2020-08-10T13:14:18.731+0300][1798.273s][info ][gc] GC(59857) Pause Young (Allocation Failure) 115M->115M(128M) 31.680ms
[2020-08-10T13:14:18.749+0300][1798.290s][info ][gc] GC(59858) Pause Young (Allocation Failure) 116M->116M(128M) 17.269ms
[2020-08-10T13:14:18.767+0300][1798.309s][info ][gc] GC(59859) Pause Young (Allocation Failure) 117M->117M(128M) 17.987ms
[2020-08-10T13:14:18.786+0300][1798.328s][info ][gc] GC(59860) Pause Young (Allocation Failure) 118M->118M(128M) 18.016ms
[2020-08-10T13:14:18.810+0300][1798.351s][info ][gc] GC(59861) Pause Young (Allocation Failure) 119M->119M(128M) 23.112ms
[2020-08-10T13:14:18.828+0300][1798.370s][info ][gc] GC(59862) Pause Young (Allocation Failure) 120M->120M(128M) 18.107ms
[2020-08-10T13:14:18.847+0300][1798.389s][info ][gc] GC(59863) Pause Young (Allocation Failure) 121M->121M(128M) 18.440ms
[2020-08-10T13:14:18.866+0300][1798.408s][info ][gc] GC(59864) Pause Young (Allocation Failure) 122M->122M(128M) 18.142ms
[2020-08-10T13:14:18.885+0300][1798.426s][info ][gc] GC(59865) Pause Young (Allocation Failure) 123M->123M(128M) 18.251ms
[2020-08-10T13:14:18.903+0300][1798.445s][info ][gc] GC(59866) Pause Young (Allocation Failure) 124M->124M(128M) 18.171ms
[2020-08-10T13:14:18.948+0300][1798.490s][info ][gc] GC(59867) Pause Young (Allocation Failure) 125M->125M(128M) 44.515ms
[2020-08-10T13:14:18.968+0300][1798.510s][info ][gc] GC(59868) Pause Young (Allocation Failure) 126M->126M(128M) 19.061ms
[2020-08-10T13:14:19.306+0300][1798.847s][debug][gc] GC(59869) Expanding ParOldGen from 128512K by 11264K to 139776K
[2020-08-10T13:14:19.306+0300][1798.848s][info ][gc] GC(59869) Pause Full (Ergonomics) 126M->126M(139M) 337.860ms
[2020-08-10T13:14:19.341+0300][1798.882s][info ][gc] GC(59870) Pause Young (Allocation Failure) 127M->127M(139M) 34.320ms
[2020-08-10T13:14:19.359+0300][1798.901s][info ][gc] GC(59871) Pause Young (Allocation Failure) 128M->128M(139M) 17.990ms
[2020-08-10T13:14:19.378+0300][1798.920s][info ][gc] GC(59872) Pause Young (Allocation Failure) 129M->129M(139M) 18.296ms
[2020-08-10T13:14:19.397+0300][1798.939s][info ][gc] GC(59873) Pause Young (Allocation Failure) 130M->129M(139M) 18.324ms
[2020-08-10T13:14:19.416+0300][1798.957s][info ][gc] GC(59874) Pause Young (Allocation Failure) 130M->130M(139M) 18.201ms
[2020-08-10T13:14:19.434+0300][1798.976s][info ][gc] GC(59875) Pause Young (Allocation Failure) 131M->131M(139M) 18.260ms
[2020-08-10T13:14:19.453+0300][1798.994s][info ][gc] GC(59876) Pause Young (Allocation Failure) 132M->132M(139M) 18.051ms
[2020-08-10T13:14:19.472+0300][1799.013s][info ][gc] GC(59877) Pause Young (Allocation Failure) 133M->133M(139M) 18.458ms
[2020-08-10T13:14:19.490+0300][1799.032s][info ][gc] GC(59878) Pause Young (Allocation Failure) 134M->134M(139M) 18.486ms
[2020-08-10T13:14:19.491+0300][1799.033s][debug][gc] Expanding ParOldGen from 139776K by 19968K to 159744K
[2020-08-10T13:14:19.516+0300][1799.058s][info ][gc] GC(59879) Pause Young (Allocation Failure) 154M->154M(158M) 17.843ms
[2020-08-10T13:14:19.532+0300][1799.074s][info ][gc] GC(59880) Pause Young (Allocation Failure) 155M->155M(158M) 15.695ms
[2020-08-10T13:14:19.547+0300][1799.088s][info ][gc] GC(59881) Pause Young (Allocation Failure) 156M->156M(158M) 13.869ms
[2020-08-10T13:14:19.589+0300][1799.131s][debug][gc] GC(59882) Shrinking ParOldGen from 159744K by 124416K to 35328K
[2020-08-10T13:14:19.589+0300][1799.131s][info ][gc] GC(59882) Pause Full (Ergonomics) 156M->23M(37M) 42.554ms
[2020-08-10T13:14:19.603+0300][1799.145s][info ][gc] GC(59883) Pause Young (Allocation Failure) 24M->23M(37M) 12.829ms
[2020-08-10T13:14:19.616+0300][1799.158s][info ][gc] GC(59884) Pause Young (Allocation Failure) 24M->24M(37M) 13.215ms
[2020-08-10T13:14:19.630+0300][1799.172s][info ][gc] GC(59885) Pause Young (Allocation Failure) 25M->25M(37M) 13.508ms
[2020-08-10T13:14:19.644+0300][1799.186s][info ][gc] GC(59886) Pause Young (Allocation Failure) 26M->26M(37M) 13.307ms
[2020-08-10T13:14:19.658+0300][1799.200s][info ][gc] GC(59887) Pause Young (Allocation Failure) 27M->27M(37M) 13.419ms
[2020-08-10T13:14:19.672+0300][1799.213s][info ][gc] GC(59888) Pause Young (Allocation Failure) 28M->28M(37M) 13.260ms
[2020-08-10T13:14:19.686+0300][1799.228s][info ][gc] GC(59889) Pause Young (Allocation Failure) 29M->29M(37M) 13.634ms
[2020-08-10T13:14:19.700+0300][1799.242s][info ][gc] GC(59890) Pause Young (Allocation Failure) 30M->30M(37M) 13.362ms
[2020-08-10T13:14:19.714+0300][1799.256s][info ][gc] GC(59891) Pause Young (Allocation Failure) 31M->31M(37M) 13.462ms
[2020-08-10T13:14:19.728+0300][1799.269s][info ][gc] GC(59892) Pause Young (Allocation Failure) 32M->32M(37M) 13.313ms
[2020-08-10T13:14:19.741+0300][1799.283s][info ][gc] GC(59893) Pause Young (Allocation Failure) 33M->33M(37M) 13.159ms
[2020-08-10T13:14:19.755+0300][1799.297s][info ][gc] GC(59894) Pause Young (Allocation Failure) 34M->34M(36M) 13.507ms
[2020-08-10T13:14:19.812+0300][1799.354s][debug][gc] GC(59895) Expanding ParOldGen from 35328K by 11264K to 46592K
[2020-08-10T13:14:19.812+0300][1799.354s][info ][gc] GC(59895) Pause Full (Ergonomics) 34M->34M(47M) 57.244ms
[2020-08-10T13:14:19.826+0300][1799.368s][info ][gc] GC(59896) Pause Young (Allocation Failure) 35M->35M(47M) 12.820ms
[2020-08-10T13:14:19.839+0300][1799.381s][info ][gc] GC(59897) Pause Young (Allocation Failure) 35M->35M(47M) 12.901ms
[2020-08-10T13:14:19.852+0300][1799.394s][info ][gc] GC(59898) Pause Young (Allocation Failure) 36M->36M(47M) 12.708ms
[2020-08-10T13:14:19.865+0300][1799.407s][info ][gc] GC(59899) Pause Young (Allocation Failure) 36M->36M(47M) 12.795ms
[2020-08-10T13:14:19.878+0300][1799.420s][info ][gc] GC(59900) Pause Young (Allocation Failure) 37M->37M(47M) 12.746ms
[2020-08-10T13:14:19.891+0300][1799.433s][info ][gc] GC(59901) Pause Young (Allocation Failure) 37M->37M(47M) 12.791ms
[2020-08-10T13:14:19.905+0300][1799.447s][info ][gc] GC(59902) Pause Young (Allocation Failure) 38M->37M(47M) 12.941ms
[2020-08-10T13:14:19.919+0300][1799.460s][info ][gc] GC(59903) Pause Young (Allocation Failure) 38M->38M(47M) 13.122ms
[2020-08-10T13:14:19.932+0300][1799.474s][info ][gc] GC(59904) Pause Young (Allocation Failure) 38M->38M(47M) 12.747ms
[2020-08-10T13:14:19.945+0300][1799.487s][info ][gc] GC(59905) Pause Young (Allocation Failure) 39M->39M(47M) 12.871ms
[2020-08-10T13:14:19.958+0300][1799.500s][info ][gc] GC(59906) Pause Young (Allocation Failure) 39M->39M(47M) 12.847ms
[2020-08-10T13:14:19.971+0300][1799.513s][info ][gc] GC(59907) Pause Young (Allocation Failure) 40M->40M(47M) 12.849ms
[2020-08-10T13:14:19.984+0300][1799.526s][info ][gc] GC(59908) Pause Young (Allocation Failure) 40M->40M(47M) 12.731ms
[2020-08-10T13:14:19.997+0300][1799.539s][info ][gc] GC(59909) Pause Young (Allocation Failure) 41M->41M(47M) 12.775ms
[2020-08-10T13:14:20.011+0300][1799.552s][info ][gc] GC(59910) Pause Young (Allocation Failure) 41M->41M(47M) 12.915ms
[2020-08-10T13:14:20.024+0300][1799.566s][info ][gc] GC(59911) Pause Young (Allocation Failure) 42M->42M(47M) 12.944ms
[2020-08-10T13:14:20.037+0300][1799.579s][info ][gc] GC(59912) Pause Young (Allocation Failure) 42M->42M(47M) 12.753ms
[2020-08-10T13:14:20.050+0300][1799.592s][info ][gc] GC(59913) Pause Young (Allocation Failure) 43M->43M(46M) 12.851ms
[2020-08-10T13:14:20.063+0300][1799.605s][info ][gc] GC(59914) Pause Young (Allocation Failure) 43M->43M(47M) 12.819ms
[2020-08-10T13:14:20.077+0300][1799.618s][info ][gc] GC(59915) Pause Young (Allocation Failure) 43M->43M(47M) 12.930ms
[2020-08-10T13:14:20.090+0300][1799.632s][info ][gc] GC(59916) Pause Young (Allocation Failure) 44M->44M(47M) 12.958ms
[2020-08-10T13:14:20.103+0300][1799.645s][info ][gc] GC(59917) Pause Young (Allocation Failure) 44M->44M(47M) 12.961ms
[2020-08-10T13:14:20.117+0300][1799.659s][info ][gc] GC(59918) Pause Young (Allocation Failure) 45M->45M(47M) 12.952ms
[2020-08-10T13:14:20.204+0300][1799.746s][debug][gc] GC(59919) Expanding ParOldGen from 46592K by 10752K to 57344K
[2020-08-10T13:14:20.204+0300][1799.746s][info ][gc] GC(59919) Pause Full (Ergonomics) 45M->45M(57M) 87.383ms
[2020-08-10T13:14:20.218+0300][1799.759s][info ][gc] GC(59920) Pause Young (Allocation Failure) 45M->45M(57M) 12.780ms
[2020-08-10T13:14:20.232+0300][1799.773s][info ][gc] GC(59921) Pause Young (Allocation Failure) 46M->46M(57M) 13.719ms
[2020-08-10T13:14:20.245+0300][1799.787s][info ][gc] GC(59922) Pause Young (Allocation Failure) 46M->46M(57M) 12.969ms
[2020-08-10T13:14:20.259+0300][1799.800s][info ][gc] GC(59923) Pause Young (Allocation Failure) 47M->47M(57M) 13.283ms
[2020-08-10T13:14:20.272+0300][1799.814s][info ][gc] GC(59924) Pause Young (Allocation Failure) 47M->47M(57M) 12.959ms
[2020-08-10T13:14:20.285+0300][1799.827s][info ][gc] GC(59925) Pause Young (Allocation Failure) 47M->47M(57M) 12.991ms
[2020-08-10T13:14:20.299+0300][1799.841s][info ][gc] GC(59926) Pause Young (Allocation Failure) 48M->48M(57M) 12.987ms
[2020-08-10T13:14:20.312+0300][1799.854s][info ][gc] GC(59927) Pause Young (Allocation Failure) 48M->48M(57M) 13.010ms
[2020-08-10T13:14:20.326+0300][1799.868s][info ][gc] GC(59928) Pause Young (Allocation Failure) 49M->49M(57M) 12.938ms
[2020-08-10T13:14:20.340+0300][1799.882s][info ][gc] GC(59929) Pause Young (Allocation Failure) 49M->49M(57M) 13.886ms
[2020-08-10T13:14:20.353+0300][1799.895s][info ][gc] GC(59930) Pause Young (Allocation Failure) 50M->50M(57M) 12.855ms
[2020-08-10T13:14:20.366+0300][1799.908s][info ][gc] GC(59931) Pause Young (Allocation Failure) 50M->50M(57M) 12.787ms
[2020-08-10T13:14:20.380+0300][1799.921s][info ][gc] GC(59932) Pause Young (Allocation Failure) 51M->51M(57M) 13.001ms
[2020-08-10T13:14:20.393+0300][1799.935s][info ][gc] GC(59933) Pause Young (Allocation Failure) 51M->51M(57M) 13.007ms
[2020-08-10T13:14:20.407+0300][1799.948s][info ][gc] GC(59934) Pause Young (Allocation Failure) 52M->52M(57M) 13.009ms
[2020-08-10T13:14:20.420+0300][1799.962s][info ][gc] GC(59935) Pause Young (Allocation Failure) 52M->52M(57M) 13.002ms
[2020-08-10T13:14:20.433+0300][1799.975s][info ][gc] GC(59936) Pause Young (Allocation Failure) 53M->52M(57M) 12.882ms
[2020-08-10T13:14:20.447+0300][1799.989s][info ][gc] GC(59937) Pause Young (Allocation Failure) 53M->53M(57M) 12.882ms
[2020-08-10T13:14:20.461+0300][1800.002s][info ][gc] GC(59938) Pause Young (Allocation Failure) 53M->53M(57M) 13.671ms
[2020-08-10T13:14:20.474+0300][1800.016s][info ][gc] GC(59939) Pause Young (Allocation Failure) 54M->54M(57M) 12.822ms
[2020-08-10T13:14:20.487+0300][1800.029s][info ][gc] GC(59940) Pause Young (Allocation Failure) 54M->54M(57M) 12.958ms
[2020-08-10T13:14:20.501+0300][1800.042s][info ][gc] GC(59941) Pause Young (Allocation Failure) 55M->55M(57M) 13.010ms
[2020-08-10T13:14:20.514+0300][1800.056s][info ][gc] GC(59942) Pause Young (Allocation Failure) 55M->55M(57M) 12.801ms
[2020-08-10T13:14:20.527+0300][1800.069s][info ][gc] GC(59943) Pause Young (Allocation Failure) 56M->56M(57M) 12.909ms
[2020-08-10T13:14:20.643+0300][1800.184s][debug][gc] GC(59944) Expanding ParOldGen from 57344K by 10752K to 68096K
[2020-08-10T13:14:20.643+0300][1800.184s][info ][gc] GC(59944) Pause Full (Ergonomics) 56M->55M(68M) 115.276ms
[2020-08-10T13:14:20.656+0300][1800.198s][info ][gc] GC(59945) Pause Young (Allocation Failure) 56M->56M(68M) 12.780ms
[2020-08-10T13:14:20.669+0300][1800.211s][info ][gc] GC(59946) Pause Young (Allocation Failure) 56M->56M(68M) 12.991ms
[2020-08-10T13:14:20.683+0300][1800.225s][info ][gc] GC(59947) Pause Young (Allocation Failure) 57M->57M(68M) 13.000ms
[2020-08-10T13:14:20.696+0300][1800.238s][info ][gc] GC(59948) Pause Young (Allocation Failure) 57M->57M(68M) 13.027ms
[2020-08-10T13:14:20.710+0300][1800.251s][info ][gc] GC(59949) Pause Young (Allocation Failure) 58M->58M(68M) 12.957ms
[2020-08-10T13:14:20.723+0300][1800.265s][info ][gc] GC(59950) Pause Young (Allocation Failure) 58M->58M(68M) 12.816ms
[2020-08-10T13:14:20.736+0300][1800.278s][info ][gc] GC(59951) Pause Young (Allocation Failure) 59M->59M(68M) 13.065ms
[2020-08-10T13:14:20.750+0300][1800.291s][info ][gc] GC(59952) Pause Young (Allocation Failure) 59M->59M(68M) 12.867ms
[2020-08-10T13:14:20.763+0300][1800.305s][info ][gc] GC(59953) Pause Young (Allocation Failure) 60M->60M(68M) 12.971ms
[2020-08-10T13:14:20.776+0300][1800.318s][info ][gc] GC(59954) Pause Young (Allocation Failure) 61M->61M(68M) 12.995ms
[2020-08-10T13:14:20.790+0300][1800.332s][info ][gc] GC(59955) Pause Young (Allocation Failure) 62M->62M(68M) 13.283ms
[2020-08-10T13:14:20.804+0300][1800.346s][info ][gc] GC(59956) Pause Young (Allocation Failure) 63M->63M(69M) 13.449ms
[2020-08-10T13:14:20.818+0300][1800.360s][info ][gc] GC(59957) Pause Young (Allocation Failure) 64M->64M(69M) 13.380ms
[2020-08-10T13:14:20.832+0300][1800.374s][info ][gc] GC(59958) Pause Young (Allocation Failure) 65M->65M(69M) 13.427ms
[2020-08-10T13:14:20.846+0300][1800.388s][info ][gc] GC(59959) Pause Young (Allocation Failure) 66M->66M(69M) 13.508ms
[2020-08-10T13:14:20.860+0300][1800.402s][info ][gc] GC(59960) Pause Young (Allocation Failure) 67M->67M(69M) 13.630ms
[2020-08-10T13:14:21.010+0300][1800.551s][debug][gc] GC(59961) Expanding ParOldGen from 68096K by 11776K to 79872K
[2020-08-10T13:14:21.010+0300][1800.552s][info ][gc] GC(59961) Pause Full (Ergonomics) 67M->66M(80M) 149.576ms
[2020-08-10T13:14:21.037+0300][1800.579s][info ][gc] GC(59962) Pause Young (Allocation Failure) 67M->67M(80M) 26.860ms
[2020-08-10T13:14:21.051+0300][1800.593s][info ][gc] GC(59963) Pause Young (Allocation Failure) 68M->68M(80M) 13.808ms
[2020-08-10T13:14:21.065+0300][1800.607s][info ][gc] GC(59964) Pause Young (Allocation Failure) 69M->69M(80M) 13.471ms
[2020-08-10T13:14:21.079+0300][1800.621s][info ][gc] GC(59965) Pause Young (Allocation Failure) 70M->70M(80M) 13.454ms
[2020-08-10T13:14:21.093+0300][1800.635s][info ][gc] GC(59966) Pause Young (Allocation Failure) 71M->71M(80M) 13.710ms
[2020-08-10T13:14:21.108+0300][1800.649s][info ][gc] GC(59967) Pause Young (Allocation Failure) 72M->72M(80M) 13.755ms
[2020-08-10T13:14:21.122+0300][1800.664s][info ][gc] GC(59968) Pause Young (Allocation Failure) 73M->73M(80M) 13.691ms
[2020-08-10T13:14:21.136+0300][1800.678s][info ][gc] GC(59969) Pause Young (Allocation Failure) 74M->74M(80M) 13.689ms
[2020-08-10T13:14:21.151+0300][1800.692s][info ][gc] GC(59970) Pause Young (Allocation Failure) 75M->75M(80M) 13.950ms
[2020-08-10T13:14:21.165+0300][1800.707s][info ][gc] GC(59971) Pause Young (Allocation Failure) 76M->76M(80M) 13.711ms
[2020-08-10T13:14:21.179+0300][1800.721s][info ][gc] GC(59972) Pause Young (Allocation Failure) 77M->77M(80M) 13.674ms
[2020-08-10T13:14:21.193+0300][1800.735s][info ][gc] GC(59973) Pause Young (Allocation Failure) 78M->78M(80M) 13.681ms
[2020-08-10T13:14:21.362+0300][1800.904s][debug][gc] GC(59974) Expanding ParOldGen from 79872K by 11776K to 91648K
[2020-08-10T13:14:21.362+0300][1800.904s][info ][gc] GC(59974) Pause Full (Ergonomics) 78M->77M(92M) 168.949ms
[2020-08-10T13:14:21.393+0300][1800.935s][info ][gc] GC(59975) Pause Young (Allocation Failure) 78M->78M(92M) 30.602ms
[2020-08-10T13:14:21.409+0300][1800.951s][info ][gc] GC(59976) Pause Young (Allocation Failure) 79M->79M(92M) 15.282ms
[2020-08-10T13:14:21.425+0300][1800.967s][info ][gc] GC(59977) Pause Young (Allocation Failure) 80M->80M(92M) 14.857ms
[2020-08-10T13:14:21.439+0300][1800.981s][info ][gc] GC(59978) Pause Young (Allocation Failure) 81M->81M(92M) 13.685ms
[2020-08-10T13:14:21.453+0300][1800.995s][info ][gc] GC(59979) Pause Young (Allocation Failure) 82M->82M(92M) 13.582ms
[2020-08-10T13:14:21.467+0300][1801.009s][info ][gc] GC(59980) Pause Young (Allocation Failure) 83M->83M(92M) 13.648ms
[2020-08-10T13:14:21.482+0300][1801.023s][info ][gc] GC(59981) Pause Young (Allocation Failure) 84M->84M(92M) 13.795ms
[2020-08-10T13:14:21.496+0300][1801.038s][info ][gc] GC(59982) Pause Young (Allocation Failure) 85M->85M(92M) 13.882ms
[2020-08-10T13:14:21.510+0300][1801.052s][info ][gc] GC(59983) Pause Young (Allocation Failure) 86M->86M(92M) 13.857ms
[2020-08-10T13:14:21.525+0300][1801.067s][info ][gc] GC(59984) Pause Young (Allocation Failure) 87M->87M(92M) 13.954ms
[2020-08-10T13:14:21.539+0300][1801.081s][info ][gc] GC(59985) Pause Young (Allocation Failure) 88M->88M(92M) 14.146ms
[2020-08-10T13:14:21.554+0300][1801.096s][info ][gc] GC(59986) Pause Young (Allocation Failure) 89M->89M(92M) 14.171ms
[2020-08-10T13:14:21.767+0300][1801.309s][debug][gc] GC(59987) Expanding ParOldGen from 91648K by 11264K to 102912K
[2020-08-10T13:14:21.767+0300][1801.309s][info ][gc] GC(59987) Pause Full (Ergonomics) 89M->89M(103M) 213.138ms
[2020-08-10T13:14:21.781+0300][1801.323s][info ][gc] GC(59988) Pause Young (Allocation Failure) 90M->90M(103M) 13.003ms
[2020-08-10T13:14:21.795+0300][1801.337s][info ][gc] GC(59989) Pause Young (Allocation Failure) 91M->91M(103M) 14.056ms
[2020-08-10T13:14:21.810+0300][1801.352s][info ][gc] GC(59990) Pause Young (Allocation Failure) 92M->92M(103M) 14.231ms
[2020-08-10T13:14:21.824+0300][1801.366s][info ][gc] GC(59991) Pause Young (Allocation Failure) 93M->92M(103M) 14.308ms
[2020-08-10T13:14:21.839+0300][1801.381s][info ][gc] GC(59992) Pause Young (Allocation Failure) 93M->93M(103M) 14.363ms
[2020-08-10T13:14:21.854+0300][1801.396s][info ][gc] GC(59993) Pause Young (Allocation Failure) 94M->94M(103M) 14.632ms
[2020-08-10T13:14:21.870+0300][1801.411s][info ][gc] GC(59994) Pause Young (Allocation Failure) 95M->95M(103M) 14.833ms
[2020-08-10T13:14:21.885+0300][1801.427s][info ][gc] GC(59995) Pause Young (Allocation Failure) 96M->96M(103M) 14.958ms
[2020-08-10T13:14:21.900+0300][1801.442s][info ][gc] GC(59996) Pause Young (Allocation Failure) 97M->97M(103M) 14.775ms
[2020-08-10T13:14:21.916+0300][1801.458s][info ][gc] GC(59997) Pause Young (Allocation Failure) 98M->98M(103M) 14.982ms
[2020-08-10T13:14:21.931+0300][1801.473s][info ][gc] GC(59998) Pause Young (Allocation Failure) 99M->99M(103M) 15.029ms
[2020-08-10T13:14:21.947+0300][1801.489s][info ][gc] GC(59999) Pause Young (Allocation Failure) 100M->100M(103M) 15.158ms
[2020-08-10T13:14:22.236+0300][1801.777s][debug][gc] GC(60000) Expanding ParOldGen from 102912K by 11776K to 114688K
[2020-08-10T13:14:22.236+0300][1801.778s][info ][gc] GC(60000) Pause Full (Ergonomics) 100M->100M(114M) 288.381ms
[2020-08-10T13:14:22.251+0300][1801.793s][info ][gc] GC(60001) Pause Young (Allocation Failure) 101M->101M(114M) 15.136ms
[2020-08-10T13:14:22.267+0300][1801.809s][info ][gc] GC(60002) Pause Young (Allocation Failure) 102M->102M(114M) 15.419ms
[2020-08-10T13:14:22.283+0300][1801.825s][info ][gc] GC(60003) Pause Young (Allocation Failure) 103M->103M(114M) 15.823ms
[2020-08-10T13:14:22.299+0300][1801.841s][info ][gc] GC(60004) Pause Young (Allocation Failure) 104M->104M(114M) 15.609ms
[2020-08-10T13:14:22.316+0300][1801.857s][info ][gc] GC(60005) Pause Young (Allocation Failure) 105M->105M(114M) 15.702ms
[2020-08-10T13:14:22.332+0300][1801.874s][info ][gc] GC(60006) Pause Young (Allocation Failure) 106M->106M(114M) 15.785ms
[2020-08-10T13:14:22.348+0300][1801.890s][info ][gc] GC(60007) Pause Young (Allocation Failure) 107M->107M(114M) 15.742ms
[2020-08-10T13:14:22.364+0300][1801.906s][info ][gc] GC(60008) Pause Young (Allocation Failure) 108M->108M(114M) 15.398ms
[2020-08-10T13:14:22.380+0300][1801.922s][info ][gc] GC(60009) Pause Young (Allocation Failure) 109M->109M(114M) 15.849ms
[2020-08-10T13:14:22.397+0300][1801.939s][info ][gc] GC(60010) Pause Young (Allocation Failure) 110M->109M(114M) 15.818ms
[2020-08-10T13:14:22.413+0300][1801.955s][info ][gc] GC(60011) Pause Young (Allocation Failure) 110M->110M(114M) 15.863ms
[2020-08-10T13:14:22.429+0300][1801.971s][info ][gc] GC(60012) Pause Young (Allocation Failure) 111M->111M(114M) 16.059ms
[2020-08-10T13:14:22.716+0300][1802.258s][debug][gc] GC(60013) Expanding ParOldGen from 114688K by 11264K to 125952K
[2020-08-10T13:14:22.716+0300][1802.258s][info ][gc] GC(60013) Pause Full (Ergonomics) 111M->111M(125M) 286.684ms
[2020-08-10T13:14:22.731+0300][1802.273s][info ][gc] GC(60014) Pause Young (Allocation Failure) 112M->112M(125M) 14.108ms
[2020-08-10T13:14:22.748+0300][1802.290s][info ][gc] GC(60015) Pause Young (Allocation Failure) 113M->113M(125M) 16.850ms
[2020-08-10T13:14:22.766+0300][1802.308s][info ][gc] GC(60016) Pause Young (Allocation Failure) 114M->114M(125M) 17.009ms
[2020-08-10T13:14:22.783+0300][1802.325s][info ][gc] GC(60017) Pause Young (Allocation Failure) 115M->115M(125M) 16.859ms
[2020-08-10T13:14:22.801+0300][1802.343s][info ][gc] GC(60018) Pause Young (Allocation Failure) 116M->116M(125M) 17.133ms
[2020-08-10T13:14:22.847+0300][1802.389s][info ][gc] GC(60019) Pause Young (Allocation Failure) 117M->117M(125M) 45.725ms
[2020-08-10T13:14:22.865+0300][1802.407s][info ][gc] GC(60020) Pause Young (Allocation Failure) 118M->118M(125M) 17.261ms
[2020-08-10T13:14:22.883+0300][1802.425s][info ][gc] GC(60021) Pause Young (Allocation Failure) 119M->119M(125M) 17.997ms
[2020-08-10T13:14:22.901+0300][1802.443s][info ][gc] GC(60022) Pause Young (Allocation Failure) 120M->120M(125M) 17.152ms
[2020-08-10T13:14:22.918+0300][1802.460s][info ][gc] GC(60023) Pause Young (Allocation Failure) 121M->121M(125M) 17.148ms
[2020-08-10T13:14:22.936+0300][1802.478s][info ][gc] GC(60024) Pause Young (Allocation Failure) 122M->122M(125M) 17.329ms
[2020-08-10T13:14:22.954+0300][1802.496s][info ][gc] GC(60025) Pause Young (Allocation Failure) 123M->123M(125M) 17.414ms
[2020-08-10T13:14:23.276+0300][1802.818s][debug][gc] GC(60026) Expanding ParOldGen from 125952K by 11264K to 137216K
[2020-08-10T13:14:23.276+0300][1802.818s][info ][gc] GC(60026) Pause Full (Ergonomics) 123M->123M(136M) 321.670ms
[2020-08-10T13:14:23.309+0300][1802.851s][info ][gc] GC(60027) Pause Young (Allocation Failure) 124M->124M(136M) 32.686ms
[2020-08-10T13:14:23.328+0300][1802.870s][info ][gc] GC(60028) Pause Young (Allocation Failure) 125M->125M(136M) 18.047ms
[2020-08-10T13:14:23.346+0300][1802.888s][info ][gc] GC(60029) Pause Young (Allocation Failure) 126M->125M(136M) 17.811ms
[2020-08-10T13:14:23.365+0300][1802.906s][info ][gc] GC(60030) Pause Young (Allocation Failure) 126M->126M(136M) 17.964ms
[2020-08-10T13:14:23.383+0300][1802.925s][info ][gc] GC(60031) Pause Young (Allocation Failure) 127M->127M(136M) 18.065ms
[2020-08-10T13:14:23.402+0300][1802.944s][info ][gc] GC(60032) Pause Young (Allocation Failure) 128M->128M(136M) 18.241ms
[2020-08-10T13:14:23.420+0300][1802.962s][info ][gc] GC(60033) Pause Young (Allocation Failure) 129M->129M(136M) 18.286ms
[2020-08-10T13:14:23.439+0300][1802.981s][info ][gc] GC(60034) Pause Young (Allocation Failure) 130M->130M(136M) 18.199ms
[2020-08-10T13:14:23.458+0300][1803.000s][info ][gc] GC(60035) Pause Young (Allocation Failure) 131M->131M(136M) 18.556ms
[2020-08-10T13:14:23.477+0300][1803.019s][info ][gc] GC(60036) Pause Young (Allocation Failure) 132M->132M(136M) 18.554ms
[2020-08-10T13:14:23.497+0300][1803.039s][info ][gc] GC(60037) Pause Young (Allocation Failure) 133M->133M(136M) 19.587ms
[2020-08-10T13:14:23.516+0300][1803.058s][info ][gc] GC(60038) Pause Young (Allocation Failure) 134M->134M(136M) 18.299ms
[2020-08-10T13:14:23.938+0300][1803.480s][debug][gc] GC(60039) Expanding ParOldGen from 137216K by 11776K to 148992K
[2020-08-10T13:14:23.938+0300][1803.480s][info ][gc] GC(60039) Pause Full (Ergonomics) 134M->134M(148M) 422.131ms
[2020-08-10T13:14:23.976+0300][1803.518s][info ][gc] GC(60040) Pause Young (Allocation Failure) 135M->135M(148M) 36.825ms
[2020-08-10T13:14:23.976+0300][1803.518s][debug][gc] Expanding ParOldGen from 148992K by 19968K to 168960K
[2020-08-10T13:14:24.001+0300][1803.543s][info ][gc] GC(60041) Pause Young (Allocation Failure) 155M->155M(167M) 16.818ms
[2020-08-10T13:14:24.015+0300][1803.557s][info ][gc] GC(60042) Pause Young (Allocation Failure) 156M->156M(167M) 14.006ms
[2020-08-10T13:14:24.030+0300][1803.572s][info ][gc] GC(60043) Pause Young (Allocation Failure) 157M->157M(167M) 14.147ms
[2020-08-10T13:14:24.044+0300][1803.586s][info ][gc] GC(60044) Pause Young (Allocation Failure) 158M->158M(167M) 14.027ms
[2020-08-10T13:14:24.059+0300][1803.601s][info ][gc] GC(60045) Pause Young (Allocation Failure) 159M->159M(167M) 14.168ms
[2020-08-10T13:14:24.074+0300][1803.616s][info ][gc] GC(60046) Pause Young (Allocation Failure) 160M->160M(167M) 14.065ms
[2020-08-10T13:14:24.088+0300][1803.630s][info ][gc] GC(60047) Pause Young (Allocation Failure) 161M->161M(167M) 14.234ms
[2020-08-10T13:14:24.103+0300][1803.645s][info ][gc] GC(60048) Pause Young (Allocation Failure) 162M->162M(167M) 14.122ms
[2020-08-10T13:14:24.118+0300][1803.660s][info ][gc] GC(60049) Pause Young (Allocation Failure) 163M->162M(167M) 14.038ms
[2020-08-10T13:14:24.132+0300][1803.674s][info ][gc] GC(60050) Pause Young (Allocation Failure) 163M->163M(167M) 14.032ms
[2020-08-10T13:14:24.147+0300][1803.689s][info ][gc] GC(60051) Pause Young (Allocation Failure) 164M->164M(167M) 14.162ms
[2020-08-10T13:14:24.242+0300][1803.783s][debug][gc] GC(60052) Shrinking ParOldGen from 168960K by 125440K to 43520K
[2020-08-10T13:14:24.242+0300][1803.784s][info ][gc] GC(60052) Pause Full (Ergonomics) 164M->31M(45M) 94.719ms
[2020-08-10T13:14:24.272+0300][1803.813s][info ][gc] GC(60053) Pause Young (Allocation Failure) 32M->32M(45M) 29.586ms
[2020-08-10T13:14:24.285+0300][1803.827s][info ][gc] GC(60054) Pause Young (Allocation Failure) 33M->33M(45M) 13.332ms
[2020-08-10T13:14:24.306+0300][1803.848s][info ][gc] GC(60055) Pause Young (Allocation Failure) 34M->34M(45M) 19.746ms
[2020-08-10T13:14:24.320+0300][1803.862s][info ][gc] GC(60056) Pause Young (Allocation Failure) 35M->34M(45M) 13.625ms
[2020-08-10T13:14:24.334+0300][1803.876s][info ][gc] GC(60057) Pause Young (Allocation Failure) 35M->35M(45M) 13.570ms
[2020-08-10T13:14:24.348+0300][1803.890s][info ][gc] GC(60058) Pause Young (Allocation Failure) 36M->36M(45M) 13.458ms
[2020-08-10T13:14:24.362+0300][1803.904s][info ][gc] GC(60059) Pause Young (Allocation Failure) 37M->37M(44M) 13.489ms
[2020-08-10T13:14:24.376+0300][1803.918s][info ][gc] GC(60060) Pause Young (Allocation Failure) 38M->38M(44M) 13.580ms
[2020-08-10T13:14:24.390+0300][1803.932s][info ][gc] GC(60061) Pause Young (Allocation Failure) 39M->39M(44M) 13.495ms
[2020-08-10T13:14:24.403+0300][1803.945s][info ][gc] GC(60062) Pause Young (Allocation Failure) 40M->40M(45M) 13.238ms
[2020-08-10T13:14:24.417+0300][1803.959s][info ][gc] GC(60063) Pause Young (Allocation Failure) 41M->41M(45M) 13.331ms
[2020-08-10T13:14:24.431+0300][1803.973s][info ][gc] GC(60064) Pause Young (Allocation Failure) 42M->42M(45M) 13.264ms
[2020-08-10T13:14:24.511+0300][1804.053s][debug][gc] GC(60065) Expanding ParOldGen from 43520K by 11776K to 55296K
[2020-08-10T13:14:24.511+0300][1804.053s][info ][gc] GC(60065) Pause Full (Ergonomics) 42M->42M(56M) 79.790ms
[2020-08-10T13:14:24.524+0300][1804.066s][info ][gc] GC(60066) Pause Young (Allocation Failure) 43M->43M(56M) 12.822ms
[2020-08-10T13:14:24.538+0300][1804.080s][info ][gc] GC(60067) Pause Young (Allocation Failure) 44M->44M(56M) 13.252ms
[2020-08-10T13:14:24.551+0300][1804.093s][info ][gc] GC(60068) Pause Young (Allocation Failure) 45M->45M(56M) 13.442ms
[2020-08-10T13:14:24.566+0300][1804.108s][info ][gc] GC(60069) Pause Young (Allocation Failure) 46M->46M(56M) 13.574ms
[2020-08-10T13:14:24.595+0300][1804.137s][info ][gc] GC(60070) Pause Young (Allocation Failure) 47M->47M(56M) 29.121ms
[2020-08-10T13:14:24.609+0300][1804.151s][info ][gc] GC(60071) Pause Young (Allocation Failure) 48M->48M(56M) 13.457ms
[2020-08-10T13:14:24.623+0300][1804.165s][info ][gc] GC(60072) Pause Young (Allocation Failure) 49M->49M(56M) 13.363ms
[2020-08-10T13:14:24.637+0300][1804.179s][info ][gc] GC(60073) Pause Young (Allocation Failure) 50M->50M(56M) 13.517ms
[2020-08-10T13:14:24.651+0300][1804.193s][info ][gc] GC(60074) Pause Young (Allocation Failure) 51M->51M(56M) 13.333ms
[2020-08-10T13:14:24.665+0300][1804.207s][info ][gc] GC(60075) Pause Young (Allocation Failure) 52M->52M(56M) 13.494ms
[2020-08-10T13:14:24.679+0300][1804.221s][info ][gc] GC(60076) Pause Young (Allocation Failure) 53M->52M(56M) 13.649ms
[2020-08-10T13:14:24.693+0300][1804.235s][info ][gc] GC(60077) Pause Young (Allocation Failure) 53M->53M(56M) 13.550ms
[2020-08-10T13:14:24.805+0300][1804.347s][debug][gc] GC(60078) Expanding ParOldGen from 55296K by 11264K to 66560K
[2020-08-10T13:14:24.805+0300][1804.347s][info ][gc] GC(60078) Pause Full (Ergonomics) 53M->53M(67M) 111.295ms
[2020-08-10T13:14:24.819+0300][1804.361s][info ][gc] GC(60079) Pause Young (Allocation Failure) 54M->54M(67M) 13.011ms
[2020-08-10T13:14:24.833+0300][1804.375s][info ][gc] GC(60080) Pause Young (Allocation Failure) 55M->55M(67M) 13.462ms
[2020-08-10T13:14:24.847+0300][1804.389s][info ][gc] GC(60081) Pause Young (Allocation Failure) 56M->56M(67M) 13.484ms
[2020-08-10T13:14:24.860+0300][1804.402s][info ][gc] GC(60082) Pause Young (Allocation Failure) 57M->57M(67M) 13.247ms
[2020-08-10T13:14:24.874+0300][1804.416s][info ][gc] GC(60083) Pause Young (Allocation Failure) 58M->58M(67M) 13.570ms
[2020-08-10T13:14:24.888+0300][1804.430s][info ][gc] GC(60084) Pause Young (Allocation Failure) 59M->59M(67M) 13.640ms
[2020-08-10T13:14:24.903+0300][1804.445s][info ][gc] GC(60085) Pause Young (Allocation Failure) 60M->60M(67M) 13.567ms
[2020-08-10T13:14:24.917+0300][1804.459s][info ][gc] GC(60086) Pause Young (Allocation Failure) 61M->61M(67M) 13.564ms
[2020-08-10T13:14:24.931+0300][1804.473s][info ][gc] GC(60087) Pause Young (Allocation Failure) 62M->62M(67M) 13.538ms
[2020-08-10T13:14:24.945+0300][1804.487s][info ][gc] GC(60088) Pause Young (Allocation Failure) 63M->63M(67M) 13.599ms
[2020-08-10T13:14:24.959+0300][1804.501s][info ][gc] GC(60089) Pause Young (Allocation Failure) 64M->64M(67M) 13.607ms
[2020-08-10T13:14:24.973+0300][1804.515s][info ][gc] GC(60090) Pause Young (Allocation Failure) 65M->65M(67M) 13.655ms
[2020-08-10T13:14:25.119+0300][1804.661s][debug][gc] GC(60091) Expanding ParOldGen from 66560K by 11264K to 77824K
[2020-08-10T13:14:25.119+0300][1804.661s][info ][gc] GC(60091) Pause Full (Ergonomics) 65M->65M(78M) 145.132ms
[2020-08-10T13:14:25.145+0300][1804.687s][info ][gc] GC(60092) Pause Young (Allocation Failure) 66M->66M(78M) 26.156ms
[2020-08-10T13:14:25.160+0300][1804.702s][info ][gc] GC(60093) Pause Young (Allocation Failure) 67M->66M(78M) 14.013ms
[2020-08-10T13:14:25.174+0300][1804.716s][info ][gc] GC(60094) Pause Young (Allocation Failure) 67M->67M(78M) 13.849ms
[2020-08-10T13:14:25.189+0300][1804.731s][info ][gc] GC(60095) Pause Young (Allocation Failure) 68M->68M(78M) 13.764ms
[2020-08-10T13:14:25.203+0300][1804.745s][info ][gc] GC(60096) Pause Young (Allocation Failure) 69M->69M(78M) 13.645ms
[2020-08-10T13:14:25.217+0300][1804.759s][info ][gc] GC(60097) Pause Young (Allocation Failure) 70M->70M(78M) 13.492ms
[2020-08-10T13:14:25.231+0300][1804.773s][info ][gc] GC(60098) Pause Young (Allocation Failure) 71M->71M(78M) 13.817ms
[2020-08-10T13:14:25.245+0300][1804.787s][info ][gc] GC(60099) Pause Young (Allocation Failure) 72M->72M(78M) 13.790ms
[2020-08-10T13:14:25.260+0300][1804.802s][info ][gc] GC(60100) Pause Young (Allocation Failure) 73M->73M(78M) 13.996ms
[2020-08-10T13:14:25.275+0300][1804.817s][info ][gc] GC(60101) Pause Young (Allocation Failure) 74M->74M(78M) 14.127ms
[2020-08-10T13:14:25.290+0300][1804.832s][info ][gc] GC(60102) Pause Young (Allocation Failure) 75M->75M(77M) 14.331ms
[2020-08-10T13:14:25.456+0300][1804.998s][debug][gc] GC(60103) Expanding ParOldGen from 77824K by 11264K to 89088K
[2020-08-10T13:14:25.456+0300][1804.998s][info ][gc] GC(60103) Pause Full (Ergonomics) 75M->75M(89M) 166.209ms
[2020-08-10T13:14:25.470+0300][1805.012s][info ][gc] GC(60104) Pause Young (Allocation Failure) 76M->76M(89M) 13.336ms
[2020-08-10T13:14:25.484+0300][1805.026s][info ][gc] GC(60105) Pause Young (Allocation Failure) 77M->77M(89M) 13.485ms
[2020-08-10T13:14:25.497+0300][1805.039s][info ][gc] GC(60106) Pause Young (Allocation Failure) 78M->78M(89M) 13.362ms
[2020-08-10T13:14:25.511+0300][1805.053s][info ][gc] GC(60107) Pause Young (Allocation Failure) 79M->79M(89M) 13.474ms
[2020-08-10T13:14:25.525+0300][1805.067s][info ][gc] GC(60108) Pause Young (Allocation Failure) 80M->80M(89M) 13.551ms
[2020-08-10T13:14:25.540+0300][1805.082s][info ][gc] GC(60109) Pause Young (Allocation Failure) 81M->81M(89M) 13.677ms
[2020-08-10T13:14:25.565+0300][1805.107s][info ][gc] GC(60110) Pause Young (Allocation Failure) 82M->82M(89M) 24.542ms
[2020-08-10T13:14:25.590+0300][1805.132s][info ][gc] GC(60111) Pause Young (Allocation Failure) 83M->83M(89M) 25.041ms
[2020-08-10T13:14:25.604+0300][1805.146s][info ][gc] GC(60112) Pause Young (Allocation Failure) 84M->83M(89M) 13.646ms
[2020-08-10T13:14:25.618+0300][1805.161s][info ][gc] GC(60113) Pause Young (Allocation Failure) 84M->84M(89M) 13.808ms
[2020-08-10T13:14:25.633+0300][1805.175s][info ][gc] GC(60114) Pause Young (Allocation Failure) 85M->85M(89M) 14.023ms
[2020-08-10T13:14:25.647+0300][1805.189s][info ][gc] GC(60115) Pause Young (Allocation Failure) 86M->86M(89M) 13.989ms
[2020-08-10T13:14:25.662+0300][1805.204s][info ][gc] GC(60116) Pause Young (Allocation Failure) 87M->87M(89M) 13.825ms
[2020-08-10T13:14:25.867+0300][1805.409s][debug][gc] GC(60117) Expanding ParOldGen from 89088K by 11264K to 100352K
[2020-08-10T13:14:25.867+0300][1805.409s][info ][gc] GC(60117) Pause Full (Ergonomics) 87M->87M(100M) 205.253ms
[2020-08-10T13:14:25.914+0300][1805.456s][info ][gc] GC(60118) Pause Young (Allocation Failure) 88M->88M(100M) 46.826ms
[2020-08-10T13:14:25.929+0300][1805.471s][info ][gc] GC(60119) Pause Young (Allocation Failure) 89M->89M(100M) 14.393ms
[2020-08-10T13:14:25.944+0300][1805.486s][info ][gc] GC(60120) Pause Young (Allocation Failure) 90M->90M(100M) 14.314ms
[2020-08-10T13:14:25.959+0300][1805.501s][info ][gc] GC(60121) Pause Young (Allocation Failure) 91M->91M(100M) 14.555ms
[2020-08-10T13:14:25.974+0300][1805.516s][info ][gc] GC(60122) Pause Young (Allocation Failure) 92M->92M(100M) 14.475ms
[2020-08-10T13:14:25.989+0300][1805.531s][info ][gc] GC(60123) Pause Young (Allocation Failure) 93M->93M(100M) 14.953ms
[2020-08-10T13:14:26.004+0300][1805.546s][info ][gc] GC(60124) Pause Young (Allocation Failure) 94M->94M(100M) 14.845ms
[2020-08-10T13:14:26.020+0300][1805.562s][info ][gc] GC(60125) Pause Young (Allocation Failure) 95M->95M(100M) 14.958ms
[2020-08-10T13:14:26.035+0300][1805.577s][info ][gc] GC(60126) Pause Young (Allocation Failure) 96M->96M(100M) 14.927ms
[2020-08-10T13:14:26.050+0300][1805.592s][info ][gc] GC(60127) Pause Young (Allocation Failure) 97M->97M(100M) 15.044ms
[2020-08-10T13:14:26.066+0300][1805.608s][info ][gc] GC(60128) Pause Young (Allocation Failure) 98M->98M(100M) 15.151ms
[2020-08-10T13:14:26.293+0300][1805.835s][debug][gc] GC(60129) Expanding ParOldGen from 100352K by 11776K to 112128K
[2020-08-10T13:14:26.293+0300][1805.835s][info ][gc] GC(60129) Pause Full (Ergonomics) 98M->97M(112M) 226.895ms
[2020-08-10T13:14:26.307+0300][1805.849s][info ][gc] GC(60130) Pause Young (Allocation Failure) 98M->98M(112M) 13.160ms
[2020-08-10T13:14:26.322+0300][1805.864s][info ][gc] GC(60131) Pause Young (Allocation Failure) 99M->99M(112M) 15.203ms
[2020-08-10T13:14:26.338+0300][1805.881s][info ][gc] GC(60132) Pause Young (Allocation Failure) 100M->100M(112M) 15.519ms
[2020-08-10T13:14:26.354+0300][1805.896s][info ][gc] GC(60133) Pause Young (Allocation Failure) 101M->101M(112M) 15.358ms
[2020-08-10T13:14:26.370+0300][1805.912s][info ][gc] GC(60134) Pause Young (Allocation Failure) 102M->102M(112M) 15.446ms
[2020-08-10T13:14:26.386+0300][1805.928s][info ][gc] GC(60135) Pause Young (Allocation Failure) 103M->103M(112M) 15.256ms
[2020-08-10T13:14:26.402+0300][1805.944s][info ][gc] GC(60136) Pause Young (Allocation Failure) 104M->104M(112M) 15.533ms
[2020-08-10T13:14:26.418+0300][1805.961s][info ][gc] GC(60137) Pause Young (Allocation Failure) 105M->105M(112M) 15.702ms
[2020-08-10T13:14:26.435+0300][1805.977s][info ][gc] GC(60138) Pause Young (Allocation Failure) 106M->106M(112M) 15.660ms
[2020-08-10T13:14:26.451+0300][1805.993s][info ][gc] GC(60139) Pause Young (Allocation Failure) 107M->107M(112M) 15.879ms
[2020-08-10T13:14:26.467+0300][1806.010s][info ][gc] GC(60140) Pause Young (Allocation Failure) 108M->108M(112M) 15.872ms
[2020-08-10T13:14:26.485+0300][1806.027s][info ][gc] GC(60141) Pause Young (Allocation Failure) 109M->109M(112M) 16.119ms
[2020-08-10T13:14:26.501+0300][1806.043s][info ][gc] GC(60142) Pause Young (Allocation Failure) 110M->110M(112M) 16.245ms
[2020-08-10T13:14:26.788+0300][1806.330s][debug][gc] GC(60143) Expanding ParOldGen from 112128K by 11264K to 123392K
[2020-08-10T13:14:26.789+0300][1806.331s][info ][gc] GC(60143) Pause Full (Ergonomics) 110M->110M(123M) 287.032ms
[2020-08-10T13:14:26.827+0300][1806.369s][info ][gc] GC(60144) Pause Young (Allocation Failure) 111M->111M(123M) 38.022ms
[2020-08-10T13:14:26.844+0300][1806.386s][info ][gc] GC(60145) Pause Young (Allocation Failure) 112M->112M(123M) 16.540ms
[2020-08-10T13:14:26.861+0300][1806.403s][info ][gc] GC(60146) Pause Young (Allocation Failure) 113M->113M(123M) 16.296ms
[2020-08-10T13:14:26.878+0300][1806.420s][info ][gc] GC(60147) Pause Young (Allocation Failure) 114M->114M(123M) 16.850ms
[2020-08-10T13:14:26.895+0300][1806.437s][info ][gc] GC(60148) Pause Young (Allocation Failure) 115M->114M(123M) 16.780ms
[2020-08-10T13:14:26.912+0300][1806.454s][info ][gc] GC(60149) Pause Young (Allocation Failure) 115M->115M(123M) 16.639ms
[2020-08-10T13:14:26.930+0300][1806.472s][info ][gc] GC(60150) Pause Young (Allocation Failure) 116M->116M(123M) 16.775ms
[2020-08-10T13:14:26.947+0300][1806.489s][info ][gc] GC(60151) Pause Young (Allocation Failure) 117M->117M(123M) 17.004ms
[2020-08-10T13:14:26.964+0300][1806.506s][info ][gc] GC(60152) Pause Young (Allocation Failure) 118M->118M(123M) 16.891ms
[2020-08-10T13:14:26.982+0300][1806.524s][info ][gc] GC(60153) Pause Young (Allocation Failure) 119M->119M(123M) 16.953ms
[2020-08-10T13:14:26.999+0300][1806.541s][info ][gc] GC(60154) Pause Young (Allocation Failure) 120M->120M(123M) 17.119ms
[2020-08-10T13:14:27.298+0300][1806.840s][debug][gc] GC(60155) Expanding ParOldGen from 123392K by 11264K to 134656K
[2020-08-10T13:14:27.298+0300][1806.840s][info ][gc] GC(60155) Pause Full (Ergonomics) 120M->120M(134M) 298.418ms
[2020-08-10T13:14:27.330+0300][1806.872s][info ][gc] GC(60156) Pause Young (Allocation Failure) 121M->121M(134M) 31.535ms
[2020-08-10T13:14:27.347+0300][1806.890s][info ][gc] GC(60157) Pause Young (Allocation Failure) 122M->122M(134M) 17.183ms
[2020-08-10T13:14:27.390+0300][1806.932s][info ][gc] GC(60158) Pause Young (Allocation Failure) 123M->123M(134M) 41.671ms
[2020-08-10T13:14:27.414+0300][1806.956s][info ][gc] GC(60159) Pause Young (Allocation Failure) 124M->124M(134M) 23.243ms
[2020-08-10T13:14:27.439+0300][1806.981s][info ][gc] GC(60160) Pause Young (Allocation Failure) 125M->125M(134M) 24.449ms
[2020-08-10T13:14:27.457+0300][1807.000s][info ][gc] GC(60161) Pause Young (Allocation Failure) 126M->126M(134M) 18.226ms
[2020-08-10T13:14:27.476+0300][1807.019s][info ][gc] GC(60162) Pause Young (Allocation Failure) 127M->127M(134M) 18.555ms
[2020-08-10T13:14:27.496+0300][1807.038s][info ][gc] GC(60163) Pause Young (Allocation Failure) 128M->128M(134M) 19.188ms
[2020-08-10T13:14:27.515+0300][1807.057s][info ][gc] GC(60164) Pause Young (Allocation Failure) 129M->129M(134M) 17.982ms
[2020-08-10T13:14:27.533+0300][1807.075s][info ][gc] GC(60165) Pause Young (Allocation Failure) 130M->130M(134M) 18.093ms
[2020-08-10T13:14:27.554+0300][1807.096s][info ][gc] GC(60166) Pause Young (Allocation Failure) 131M->131M(134M) 18.732ms
[2020-08-10T13:14:27.573+0300][1807.115s][info ][gc] GC(60167) Pause Young (Allocation Failure) 132M->131M(134M) 18.408ms
[2020-08-10T13:14:28.117+0300][1807.659s][debug][gc] GC(60168) Expanding ParOldGen from 134656K by 11264K to 145920K
[2020-08-10T13:14:28.117+0300][1807.659s][info ][gc] GC(60168) Pause Full (Ergonomics) 131M->131M(145M) 544.006ms
[2020-08-10T13:14:28.159+0300][1807.701s][info ][gc] GC(60169) Pause Young (Allocation Failure) 132M->132M(145M) 41.823ms
[2020-08-10T13:14:28.178+0300][1807.720s][info ][gc] GC(60170) Pause Young (Allocation Failure) 133M->133M(145M) 18.416ms
[2020-08-10T13:14:28.197+0300][1807.739s][info ][gc] GC(60171) Pause Young (Allocation Failure) 134M->134M(145M) 18.572ms
[2020-08-10T13:14:28.197+0300][1807.739s][debug][gc] Expanding ParOldGen from 145920K by 19968K to 165888K
[2020-08-10T13:14:28.253+0300][1807.795s][info ][gc] GC(60172) Pause Young (Allocation Failure) 154M->154M(164M) 47.652ms
[2020-08-10T13:14:28.269+0300][1807.812s][info ][gc] GC(60173) Pause Young (Allocation Failure) 155M->155M(164M) 16.447ms
[2020-08-10T13:14:28.286+0300][1807.829s][info ][gc] GC(60174) Pause Young (Allocation Failure) 156M->156M(164M) 16.650ms
[2020-08-10T13:14:28.302+0300][1807.844s][info ][gc] GC(60175) Pause Young (Allocation Failure) 157M->157M(164M) 15.132ms
[2020-08-10T13:14:28.317+0300][1807.860s][info ][gc] GC(60176) Pause Young (Allocation Failure) 158M->158M(163M) 15.031ms
[2020-08-10T13:14:28.350+0300][1807.893s][info ][gc] GC(60177) Pause Young (Allocation Failure) 159M->159M(164M) 32.606ms
[2020-08-10T13:14:28.368+0300][1807.910s][info ][gc] GC(60178) Pause Young (Allocation Failure) 160M->160M(164M) 16.898ms
[2020-08-10T13:14:28.386+0300][1807.928s][info ][gc] GC(60179) Pause Young (Allocation Failure) 161M->161M(164M) 17.335ms
[2020-08-10T13:14:28.401+0300][1807.943s][info ][gc] GC(60180) Pause Young (Allocation Failure) 162M->162M(164M) 14.719ms
[2020-08-10T13:14:28.454+0300][1807.996s][debug][gc] GC(60181) Shrinking ParOldGen from 165888K by 124928K to 40960K
[2020-08-10T13:14:28.454+0300][1807.996s][info ][gc] GC(60181) Pause Full (Ergonomics) 162M->28M(42M) 53.394ms
[2020-08-10T13:14:28.467+0300][1808.010s][info ][gc] GC(60182) Pause Young (Allocation Failure) 29M->29M(42M) 12.821ms
[2020-08-10T13:14:28.481+0300][1808.023s][info ][gc] GC(60183) Pause Young (Allocation Failure) 30M->30M(42M) 13.350ms
[2020-08-10T13:14:28.495+0300][1808.037s][info ][gc] GC(60184) Pause Young (Allocation Failure) 31M->31M(42M) 13.327ms
[2020-08-10T13:14:28.509+0300][1808.051s][info ][gc] GC(60185) Pause Young (Allocation Failure) 32M->32M(42M) 13.335ms
[2020-08-10T13:14:28.522+0300][1808.064s][info ][gc] GC(60186) Pause Young (Allocation Failure) 33M->33M(42M) 13.257ms
[2020-08-10T13:14:28.536+0300][1808.078s][info ][gc] GC(60187) Pause Young (Allocation Failure) 34M->34M(42M) 13.203ms
[2020-08-10T13:14:28.549+0300][1808.092s][info ][gc] GC(60188) Pause Young (Allocation Failure) 35M->35M(42M) 13.265ms
[2020-08-10T13:14:28.563+0300][1808.106s][info ][gc] GC(60189) Pause Young (Allocation Failure) 36M->36M(42M) 13.586ms
[2020-08-10T13:14:28.578+0300][1808.120s][info ][gc] GC(60190) Pause Young (Allocation Failure) 37M->37M(42M) 13.762ms
[2020-08-10T13:14:28.592+0300][1808.134s][info ][gc] GC(60191) Pause Young (Allocation Failure) 38M->38M(42M) 13.620ms
[2020-08-10T13:14:28.605+0300][1808.148s][info ][gc] GC(60192) Pause Young (Allocation Failure) 39M->39M(42M) 13.354ms
[2020-08-10T13:14:28.619+0300][1808.162s][info ][gc] GC(60193) Pause Young (Allocation Failure) 40M->40M(42M) 13.683ms
[2020-08-10T13:14:28.742+0300][1808.284s][debug][gc] GC(60194) Expanding ParOldGen from 40960K by 11776K to 52736K
[2020-08-10T13:14:28.742+0300][1808.285s][info ][gc] GC(60194) Pause Full (Ergonomics) 40M->39M(54M) 122.898ms
[2020-08-10T13:14:28.756+0300][1808.298s][info ][gc] GC(60195) Pause Young (Allocation Failure) 40M->40M(54M) 12.938ms
[2020-08-10T13:14:28.770+0300][1808.312s][info ][gc] GC(60196) Pause Young (Allocation Failure) 41M->41M(54M) 13.286ms
[2020-08-10T13:14:28.784+0300][1808.326s][info ][gc] GC(60197) Pause Young (Allocation Failure) 42M->42M(54M) 13.507ms
[2020-08-10T13:14:28.798+0300][1808.340s][info ][gc] GC(60198) Pause Young (Allocation Failure) 43M->43M(54M) 13.559ms
[2020-08-10T13:14:28.812+0300][1808.354s][info ][gc] GC(60199) Pause Young (Allocation Failure) 44M->44M(54M) 13.348ms
[2020-08-10T13:14:28.826+0300][1808.368s][info ][gc] GC(60200) Pause Young (Allocation Failure) 45M->45M(54M) 13.253ms
[2020-08-10T13:14:28.839+0300][1808.381s][info ][gc] GC(60201) Pause Young (Allocation Failure) 46M->46M(54M) 13.285ms
[2020-08-10T13:14:28.853+0300][1808.395s][info ][gc] GC(60202) Pause Young (Allocation Failure) 47M->47M(54M) 13.631ms
[2020-08-10T13:14:28.867+0300][1808.410s][info ][gc] GC(60203) Pause Young (Allocation Failure) 48M->48M(54M) 13.693ms
[2020-08-10T13:14:28.891+0300][1808.433s][info ][gc] GC(60204) Pause Young (Allocation Failure) 49M->49M(54M) 22.818ms
[2020-08-10T13:14:28.905+0300][1808.447s][info ][gc] GC(60205) Pause Young (Allocation Failure) 50M->50M(54M) 13.789ms
[2020-08-10T13:14:28.919+0300][1808.461s][info ][gc] GC(60206) Pause Young (Allocation Failure) 51M->51M(54M) 14.036ms
[2020-08-10T13:14:29.024+0300][1808.566s][debug][gc] GC(60207) Expanding ParOldGen from 52736K by 11264K to 64000K
[2020-08-10T13:14:29.024+0300][1808.566s][info ][gc] GC(60207) Pause Full (Ergonomics) 51M->51M(65M) 104.500ms
[2020-08-10T13:14:29.037+0300][1808.580s][info ][gc] GC(60208) Pause Young (Allocation Failure) 52M->52M(65M) 13.019ms
[2020-08-10T13:14:29.051+0300][1808.594s][info ][gc] GC(60209) Pause Young (Allocation Failure) 53M->53M(65M) 13.478ms
[2020-08-10T13:14:29.065+0300][1808.608s][info ][gc] GC(60210) Pause Young (Allocation Failure) 54M->54M(65M) 13.399ms
[2020-08-10T13:14:29.079+0300][1808.621s][info ][gc] GC(60211) Pause Young (Allocation Failure) 55M->55M(65M) 13.273ms
[2020-08-10T13:14:29.093+0300][1808.635s][info ][gc] GC(60212) Pause Young (Allocation Failure) 56M->56M(65M) 13.268ms
[2020-08-10T13:14:29.106+0300][1808.649s][info ][gc] GC(60213) Pause Young (Allocation Failure) 57M->56M(65M) 13.447ms
[2020-08-10T13:14:29.120+0300][1808.662s][info ][gc] GC(60214) Pause Young (Allocation Failure) 57M->57M(65M) 13.133ms
[2020-08-10T13:14:29.139+0300][1808.682s][info ][gc] GC(60215) Pause Young (Allocation Failure) 58M->58M(64M) 18.886ms
[2020-08-10T13:14:29.153+0300][1808.695s][info ][gc] GC(60216) Pause Young (Allocation Failure) 59M->59M(64M) 13.337ms
[2020-08-10T13:14:29.167+0300][1808.709s][info ][gc] GC(60217) Pause Young (Allocation Failure) 60M->60M(64M) 13.402ms
[2020-08-10T13:14:29.181+0300][1808.723s][info ][gc] GC(60218) Pause Young (Allocation Failure) 61M->61M(64M) 13.656ms
[2020-08-10T13:14:29.195+0300][1808.737s][info ][gc] GC(60219) Pause Young (Allocation Failure) 62M->62M(64M) 13.750ms
[2020-08-10T13:14:29.336+0300][1808.878s][debug][gc] GC(60220) Expanding ParOldGen from 64000K by 11264K to 75264K
[2020-08-10T13:14:29.336+0300][1808.878s][info ][gc] GC(60220) Pause Full (Ergonomics) 62M->62M(75M) 140.472ms
[2020-08-10T13:14:29.363+0300][1808.905s][info ][gc] GC(60221) Pause Young (Allocation Failure) 63M->63M(75M) 26.458ms
[2020-08-10T13:14:29.381+0300][1808.923s][info ][gc] GC(60222) Pause Young (Allocation Failure) 64M->64M(75M) 17.619ms
[2020-08-10T13:14:29.395+0300][1808.937s][info ][gc] GC(60223) Pause Young (Allocation Failure) 65M->65M(75M) 13.506ms
[2020-08-10T13:14:29.409+0300][1808.951s][info ][gc] GC(60224) Pause Young (Allocation Failure) 66M->66M(75M) 13.528ms
[2020-08-10T13:14:29.423+0300][1808.965s][info ][gc] GC(60225) Pause Young (Allocation Failure) 67M->67M(75M) 13.674ms
[2020-08-10T13:14:29.437+0300][1808.979s][info ][gc] GC(60226) Pause Young (Allocation Failure) 68M->68M(75M) 13.524ms
[2020-08-10T13:14:29.451+0300][1808.993s][info ][gc] GC(60227) Pause Young (Allocation Failure) 69M->69M(75M) 13.576ms
[2020-08-10T13:14:29.465+0300][1809.007s][info ][gc] GC(60228) Pause Young (Allocation Failure) 70M->70M(75M) 13.618ms
[2020-08-10T13:14:29.479+0300][1809.021s][info ][gc] GC(60229) Pause Young (Allocation Failure) 71M->71M(75M) 13.736ms
[2020-08-10T13:14:29.493+0300][1809.035s][info ][gc] GC(60230) Pause Young (Allocation Failure) 72M->72M(75M) 13.682ms
[2020-08-10T13:14:29.507+0300][1809.049s][info ][gc] GC(60231) Pause Young (Allocation Failure) 73M->73M(75M) 13.583ms
[2020-08-10T13:14:29.521+0300][1809.063s][info ][gc] GC(60232) Pause Young (Allocation Failure) 74M->73M(75M) 13.731ms
[2020-08-10T13:14:29.698+0300][1809.239s][debug][gc] GC(60233) Expanding ParOldGen from 75264K by 11776K to 87040K
[2020-08-10T13:14:29.698+0300][1809.239s][info ][gc] GC(60233) Pause Full (Ergonomics) 73M->73M(87M) 176.150ms
[2020-08-10T13:14:29.728+0300][1809.269s][info ][gc] GC(60234) Pause Young (Allocation Failure) 74M->74M(87M) 29.141ms
[2020-08-10T13:14:29.743+0300][1809.284s][info ][gc] GC(60235) Pause Young (Allocation Failure) 75M->75M(87M) 13.889ms
[2020-08-10T13:14:29.757+0300][1809.298s][info ][gc] GC(60236) Pause Young (Allocation Failure) 76M->76M(87M) 13.950ms
[2020-08-10T13:14:29.772+0300][1809.313s][info ][gc] GC(60237) Pause Young (Allocation Failure) 77M->77M(87M) 13.885ms
[2020-08-10T13:14:29.786+0300][1809.327s][info ][gc] GC(60238) Pause Young (Allocation Failure) 78M->78M(87M) 13.546ms
[2020-08-10T13:14:29.812+0300][1809.353s][info ][gc] GC(60239) Pause Young (Allocation Failure) 79M->79M(87M) 25.342ms
[2020-08-10T13:14:29.826+0300][1809.367s][info ][gc] GC(60240) Pause Young (Allocation Failure) 80M->80M(87M) 13.862ms
[2020-08-10T13:14:29.841+0300][1809.382s][info ][gc] GC(60241) Pause Young (Allocation Failure) 81M->81M(87M) 13.895ms
[2020-08-10T13:14:29.856+0300][1809.397s][info ][gc] GC(60242) Pause Young (Allocation Failure) 82M->82M(87M) 14.420ms
[2020-08-10T13:14:29.870+0300][1809.411s][info ][gc] GC(60243) Pause Young (Allocation Failure) 83M->83M(87M) 13.869ms
[2020-08-10T13:14:29.884+0300][1809.426s][info ][gc] GC(60244) Pause Young (Allocation Failure) 84M->84M(87M) 13.779ms
[2020-08-10T13:14:29.899+0300][1809.440s][info ][gc] GC(60245) Pause Young (Allocation Failure) 85M->85M(87M) 14.058ms
[2020-08-10T13:14:30.099+0300][1809.640s][debug][gc] GC(60246) Expanding ParOldGen from 87040K by 11264K to 98304K
[2020-08-10T13:14:30.099+0300][1809.640s][info ][gc] GC(60246) Pause Full (Ergonomics) 85M->85M(98M) 200.177ms
[2020-08-10T13:14:30.144+0300][1809.685s][info ][gc] GC(60247) Pause Young (Allocation Failure) 86M->86M(98M) 44.245ms
[2020-08-10T13:14:30.158+0300][1809.699s][info ][gc] GC(60248) Pause Young (Allocation Failure) 87M->87M(98M) 14.081ms
[2020-08-10T13:14:30.173+0300][1809.714s][info ][gc] GC(60249) Pause Young (Allocation Failure) 88M->88M(98M) 14.153ms
[2020-08-10T13:14:30.188+0300][1809.729s][info ][gc] GC(60250) Pause Young (Allocation Failure) 89M->88M(98M) 14.638ms
[2020-08-10T13:14:30.203+0300][1809.744s][info ][gc] GC(60251) Pause Young (Allocation Failure) 89M->89M(98M) 14.435ms
[2020-08-10T13:14:30.218+0300][1809.759s][info ][gc] GC(60252) Pause Young (Allocation Failure) 90M->90M(98M) 14.830ms
[2020-08-10T13:14:30.233+0300][1809.775s][info ][gc] GC(60253) Pause Young (Allocation Failure) 91M->91M(98M) 14.759ms
[2020-08-10T13:14:30.249+0300][1809.790s][info ][gc] GC(60254) Pause Young (Allocation Failure) 92M->92M(98M) 14.874ms
[2020-08-10T13:14:30.264+0300][1809.806s][info ][gc] GC(60255) Pause Young (Allocation Failure) 93M->93M(98M) 15.059ms
[2020-08-10T13:14:30.280+0300][1809.821s][info ][gc] GC(60256) Pause Young (Allocation Failure) 94M->94M(98M) 14.811ms
[2020-08-10T13:14:30.295+0300][1809.836s][info ][gc] GC(60257) Pause Young (Allocation Failure) 95M->95M(98M) 14.967ms
[2020-08-10T13:14:30.310+0300][1809.852s][info ][gc] GC(60258) Pause Young (Allocation Failure) 96M->96M(98M) 15.014ms
[2020-08-10T13:14:30.577+0300][1810.118s][debug][gc] GC(60259) Expanding ParOldGen from 98304K by 11776K to 110080K
[2020-08-10T13:14:30.577+0300][1810.119s][info ][gc] GC(60259) Pause Full (Ergonomics) 96M->96M(109M) 266.760ms
[2020-08-10T13:14:30.611+0300][1810.153s][info ][gc] GC(60260) Pause Young (Allocation Failure) 97M->97M(109M) 33.675ms
[2020-08-10T13:14:30.627+0300][1810.168s][info ][gc] GC(60261) Pause Young (Allocation Failure) 98M->98M(109M) 15.042ms
[2020-08-10T13:14:30.643+0300][1810.184s][info ][gc] GC(60262) Pause Young (Allocation Failure) 99M->99M(109M) 15.432ms
[2020-08-10T13:14:30.659+0300][1810.200s][info ][gc] GC(60263) Pause Young (Allocation Failure) 100M->100M(109M) 15.366ms
[2020-08-10T13:14:30.674+0300][1810.216s][info ][gc] GC(60264) Pause Young (Allocation Failure) 101M->101M(109M) 15.475ms
[2020-08-10T13:14:30.691+0300][1810.232s][info ][gc] GC(60265) Pause Young (Allocation Failure) 102M->102M(109M) 15.798ms
[2020-08-10T13:14:30.707+0300][1810.248s][info ][gc] GC(60266) Pause Young (Allocation Failure) 103M->103M(109M) 15.757ms
[2020-08-10T13:14:30.723+0300][1810.264s][info ][gc] GC(60267) Pause Young (Allocation Failure) 104M->104M(109M) 15.912ms
[2020-08-10T13:14:30.739+0300][1810.281s][info ][gc] GC(60268) Pause Young (Allocation Failure) 105M->105M(109M) 15.742ms
[2020-08-10T13:14:30.756+0300][1810.297s][info ][gc] GC(60269) Pause Young (Allocation Failure) 106M->105M(109M) 16.119ms
[2020-08-10T13:14:30.773+0300][1810.314s][info ][gc] GC(60270) Pause Young (Allocation Failure) 106M->106M(109M) 16.113ms
[2020-08-10T13:14:30.789+0300][1810.331s][info ][gc] GC(60271) Pause Young (Allocation Failure) 107M->107M(109M) 16.019ms
[2020-08-10T13:14:31.055+0300][1810.597s][debug][gc] GC(60272) Expanding ParOldGen from 110080K by 11264K to 121344K
[2020-08-10T13:14:31.055+0300][1810.597s][info ][gc] GC(60272) Pause Full (Ergonomics) 107M->107M(120M) 266.084ms
[2020-08-10T13:14:31.092+0300][1810.634s][info ][gc] GC(60273) Pause Young (Allocation Failure) 108M->108M(120M) 36.519ms
[2020-08-10T13:14:31.109+0300][1810.651s][info ][gc] GC(60274) Pause Young (Allocation Failure) 109M->109M(120M) 16.349ms
[2020-08-10T13:14:31.126+0300][1810.667s][info ][gc] GC(60275) Pause Young (Allocation Failure) 110M->110M(120M) 16.400ms
[2020-08-10T13:14:31.143+0300][1810.684s][info ][gc] GC(60276) Pause Young (Allocation Failure) 111M->111M(120M) 16.466ms
[2020-08-10T13:14:31.160+0300][1810.701s][info ][gc] GC(60277) Pause Young (Allocation Failure) 112M->112M(120M) 16.517ms
[2020-08-10T13:14:31.177+0300][1810.718s][info ][gc] GC(60278) Pause Young (Allocation Failure) 113M->113M(120M) 16.634ms
[2020-08-10T13:14:31.194+0300][1810.736s][info ][gc] GC(60279) Pause Young (Allocation Failure) 114M->114M(120M) 16.683ms
[2020-08-10T13:14:31.212+0300][1810.753s][info ][gc] GC(60280) Pause Young (Allocation Failure) 115M->115M(120M) 16.795ms
[2020-08-10T13:14:31.229+0300][1810.770s][info ][gc] GC(60281) Pause Young (Allocation Failure) 116M->116M(120M) 16.672ms
[2020-08-10T13:14:31.245+0300][1810.786s][info ][gc] GC(60282) Pause Young (Allocation Failure) 116M->116M(120M) 15.436ms
[2020-08-10T13:14:31.259+0300][1810.801s][info ][gc] GC(60283) Pause Young (Allocation Failure) 117M->117M(120M) 14.077ms
[2020-08-10T13:14:31.274+0300][1810.815s][info ][gc] GC(60284) Pause Young (Allocation Failure) 117M->117M(120M) 14.471ms
[2020-08-10T13:14:31.289+0300][1810.830s][info ][gc] GC(60285) Pause Young (Allocation Failure) 118M->118M(120M) 14.414ms
[2020-08-10T13:14:31.593+0300][1811.134s][debug][gc] GC(60286) Expanding ParOldGen from 121344K by 11264K to 132608K
[2020-08-10T13:14:31.593+0300][1811.134s][info ][gc] GC(60286) Pause Full (Ergonomics) 118M->117M(131M) 303.992ms
[2020-08-10T13:14:31.606+0300][1811.148s][info ][gc] GC(60287) Pause Young (Allocation Failure) 118M->118M(131M) 12.978ms
[2020-08-10T13:14:31.621+0300][1811.163s][info ][gc] GC(60288) Pause Young (Allocation Failure) 119M->118M(131M) 14.338ms
[2020-08-10T13:14:31.636+0300][1811.177s][info ][gc] GC(60289) Pause Young (Allocation Failure) 119M->119M(131M) 14.419ms
[2020-08-10T13:14:31.651+0300][1811.192s][info ][gc] GC(60290) Pause Young (Allocation Failure) 119M->119M(131M) 14.243ms
[2020-08-10T13:14:31.665+0300][1811.207s][info ][gc] GC(60291) Pause Young (Allocation Failure) 120M->120M(131M) 14.252ms
[2020-08-10T13:14:31.680+0300][1811.221s][info ][gc] GC(60292) Pause Young (Allocation Failure) 120M->120M(131M) 14.191ms
[2020-08-10T13:14:31.695+0300][1811.237s][info ][gc] GC(60293) Pause Young (Allocation Failure) 121M->121M(131M) 14.941ms
[2020-08-10T13:14:31.710+0300][1811.251s][info ][gc] GC(60294) Pause Young (Allocation Failure) 121M->121M(131M) 14.309ms
[2020-08-10T13:14:31.725+0300][1811.266s][info ][gc] GC(60295) Pause Young (Allocation Failure) 122M->122M(131M) 14.383ms
[2020-08-10T13:14:31.740+0300][1811.281s][info ][gc] GC(60296) Pause Young (Allocation Failure) 122M->122M(131M) 14.474ms
[2020-08-10T13:14:31.754+0300][1811.296s][info ][gc] GC(60297) Pause Young (Allocation Failure) 123M->123M(131M) 14.425ms
[2020-08-10T13:14:31.769+0300][1811.310s][info ][gc] GC(60298) Pause Young (Allocation Failure) 123M->123M(131M) 14.427ms
[2020-08-10T13:14:31.809+0300][1811.350s][info ][gc] GC(60299) Pause Young (Allocation Failure) 124M->124M(130M) 39.226ms
[2020-08-10T13:14:31.831+0300][1811.372s][info ][gc] GC(60300) Pause Young (Allocation Failure) 124M->124M(131M) 21.926ms
[2020-08-10T13:14:31.847+0300][1811.388s][info ][gc] GC(60301) Pause Young (Allocation Failure) 124M->124M(131M) 15.566ms
[2020-08-10T13:14:31.863+0300][1811.404s][info ][gc] GC(60302) Pause Young (Allocation Failure) 125M->125M(131M) 15.290ms
[2020-08-10T13:14:31.877+0300][1811.419s][info ][gc] GC(60303) Pause Young (Allocation Failure) 125M->125M(131M) 14.538ms
[2020-08-10T13:14:31.892+0300][1811.434s][info ][gc] GC(60304) Pause Young (Allocation Failure) 126M->126M(131M) 14.564ms
[2020-08-10T13:14:31.907+0300][1811.448s][info ][gc] GC(60305) Pause Young (Allocation Failure) 126M->126M(131M) 14.496ms
[2020-08-10T13:14:31.924+0300][1811.466s][info ][gc] GC(60306) Pause Young (Allocation Failure) 127M->127M(131M) 16.874ms
[2020-08-10T13:14:31.939+0300][1811.481s][info ][gc] GC(60307) Pause Young (Allocation Failure) 127M->127M(131M) 14.678ms
[2020-08-10T13:14:31.980+0300][1811.521s][info ][gc] GC(60308) Pause Young (Allocation Failure) 128M->128M(131M) 40.117ms
[2020-08-10T13:14:31.995+0300][1811.536s][info ][gc] GC(60309) Pause Young (Allocation Failure) 128M->128M(131M) 14.899ms
[2020-08-10T13:14:32.013+0300][1811.554s][info ][gc] GC(60310) Pause Young (Allocation Failure) 129M->129M(131M) 17.360ms
[2020-08-10T13:14:32.050+0300][1811.591s][info ][gc] GC(60311) Pause Young (Allocation Failure) 129M->129M(131M) 37.172ms
[2020-08-10T13:14:32.548+0300][1812.089s][debug][gc] GC(60312) Expanding ParOldGen from 132608K by 10752K to 143360K
[2020-08-10T13:14:32.548+0300][1812.089s][info ][gc] GC(60312) Pause Full (Ergonomics) 129M->129M(141M) 497.639ms
[2020-08-10T13:14:32.562+0300][1812.103s][info ][gc] GC(60313) Pause Young (Allocation Failure) 129M->129M(141M) 13.997ms
[2020-08-10T13:14:32.578+0300][1812.119s][info ][gc] GC(60314) Pause Young (Allocation Failure) 130M->130M(141M) 15.128ms
[2020-08-10T13:14:32.598+0300][1812.139s][info ][gc] GC(60315) Pause Young (Allocation Failure) 130M->130M(141M) 17.331ms
[2020-08-10T13:14:32.614+0300][1812.155s][info ][gc] GC(60316) Pause Young (Allocation Failure) 131M->131M(141M) 15.248ms
[2020-08-10T13:14:32.629+0300][1812.170s][info ][gc] GC(60317) Pause Young (Allocation Failure) 131M->131M(141M) 15.098ms
[2020-08-10T13:14:32.645+0300][1812.186s][info ][gc] GC(60318) Pause Young (Allocation Failure) 132M->132M(141M) 15.238ms
[2020-08-10T13:14:32.660+0300][1812.201s][info ][gc] GC(60319) Pause Young (Allocation Failure) 132M->132M(141M) 15.178ms
[2020-08-10T13:14:32.676+0300][1812.217s][info ][gc] GC(60320) Pause Young (Allocation Failure) 133M->132M(141M) 15.307ms
[2020-08-10T13:14:32.691+0300][1812.233s][info ][gc] GC(60321) Pause Young (Allocation Failure) 133M->133M(141M) 15.202ms
[2020-08-10T13:14:32.707+0300][1812.249s][info ][gc] GC(60322) Pause Young (Allocation Failure) 133M->133M(141M) 15.277ms
[2020-08-10T13:14:32.723+0300][1812.265s][info ][gc] GC(60323) Pause Young (Allocation Failure) 134M->134M(141M) 15.623ms
[2020-08-10T13:14:32.739+0300][1812.281s][info ][gc] GC(60324) Pause Young (Allocation Failure) 134M->134M(141M) 15.437ms
[2020-08-10T13:14:32.755+0300][1812.296s][info ][gc] GC(60325) Pause Young (Allocation Failure) 135M->135M(141M) 15.328ms
[2020-08-10T13:14:32.770+0300][1812.312s][info ][gc] GC(60326) Pause Young (Allocation Failure) 135M->135M(141M) 15.251ms
[2020-08-10T13:14:32.771+0300][1812.312s][debug][gc] Expanding ParOldGen from 143360K by 19968K to 163328K
[2020-08-10T13:14:32.793+0300][1812.335s][info ][gc] GC(60327) Pause Young (Allocation Failure) 155M->154M(161M) 14.916ms
[2020-08-10T13:14:32.820+0300][1812.362s][info ][gc] GC(60328) Pause Young (Allocation Failure) 155M->155M(161M) 26.667ms
[2020-08-10T13:14:32.834+0300][1812.375s][info ][gc] GC(60329) Pause Young (Allocation Failure) 155M->155M(161M) 13.027ms
[2020-08-10T13:14:32.867+0300][1812.408s][info ][gc] GC(60330) Pause Young (Allocation Failure) 156M->156M(161M) 33.034ms
[2020-08-10T13:14:32.880+0300][1812.422s][info ][gc] GC(60331) Pause Young (Allocation Failure) 156M->156M(161M) 13.125ms
[2020-08-10T13:14:32.894+0300][1812.435s][info ][gc] GC(60332) Pause Young (Allocation Failure) 157M->157M(161M) 13.211ms
[2020-08-10T13:14:32.908+0300][1812.449s][info ][gc] GC(60333) Pause Young (Allocation Failure) 157M->157M(161M) 13.214ms
[2020-08-10T13:14:32.921+0300][1812.463s][info ][gc] GC(60334) Pause Young (Allocation Failure) 158M->158M(161M) 13.215ms
[2020-08-10T13:14:32.935+0300][1812.476s][info ][gc] GC(60335) Pause Young (Allocation Failure) 158M->158M(161M) 13.165ms
[2020-08-10T13:14:32.948+0300][1812.490s][info ][gc] GC(60336) Pause Young (Allocation Failure) 159M->159M(161M) 13.047ms
[2020-08-10T13:14:32.962+0300][1812.503s][info ][gc] GC(60337) Pause Young (Allocation Failure) 159M->159M(161M) 13.057ms
[2020-08-10T13:14:33.006+0300][1812.547s][debug][gc] GC(60338) Shrinking ParOldGen from 163328K by 125952K to 37376K
[2020-08-10T13:14:33.006+0300][1812.547s][info ][gc] GC(60338) Pause Full (Ergonomics) 159M->25M(38M) 44.031ms
[2020-08-10T13:14:33.025+0300][1812.566s][info ][gc] GC(60339) Pause Young (Allocation Failure) 26M->26M(38M) 18.543ms
[2020-08-10T13:14:33.038+0300][1812.580s][info ][gc] GC(60340) Pause Young (Allocation Failure) 26M->26M(38M) 13.275ms
[2020-08-10T13:14:33.052+0300][1812.593s][info ][gc] GC(60341) Pause Young (Allocation Failure) 27M->27M(38M) 13.061ms
[2020-08-10T13:14:33.065+0300][1812.606s][info ][gc] GC(60342) Pause Young (Allocation Failure) 27M->27M(38M) 12.892ms
[2020-08-10T13:14:33.078+0300][1812.620s][info ][gc] GC(60343) Pause Young (Allocation Failure) 28M->28M(38M) 12.874ms
[2020-08-10T13:14:33.091+0300][1812.633s][info ][gc] GC(60344) Pause Young (Allocation Failure) 28M->28M(38M) 12.971ms
[2020-08-10T13:14:33.105+0300][1812.646s][info ][gc] GC(60345) Pause Young (Allocation Failure) 28M->28M(38M) 13.038ms
[2020-08-10T13:14:33.119+0300][1812.660s][info ][gc] GC(60346) Pause Young (Allocation Failure) 29M->29M(38M) 13.146ms
[2020-08-10T13:14:33.132+0300][1812.673s][info ][gc] GC(60347) Pause Young (Allocation Failure) 29M->29M(38M) 12.945ms
[2020-08-10T13:14:33.146+0300][1812.687s][info ][gc] GC(60348) Pause Young (Allocation Failure) 30M->30M(38M) 12.958ms
[2020-08-10T13:14:33.159+0300][1812.700s][info ][gc] GC(60349) Pause Young (Allocation Failure) 30M->30M(38M) 12.715ms
[2020-08-10T13:14:33.172+0300][1812.713s][info ][gc] GC(60350) Pause Young (Allocation Failure) 31M->31M(38M) 12.996ms
[2020-08-10T13:14:33.185+0300][1812.727s][info ][gc] GC(60351) Pause Young (Allocation Failure) 31M->31M(38M) 12.953ms
[2020-08-10T13:14:33.199+0300][1812.740s][info ][gc] GC(60352) Pause Young (Allocation Failure) 32M->32M(38M) 12.987ms
[2020-08-10T13:14:33.212+0300][1812.754s][info ][gc] GC(60353) Pause Young (Allocation Failure) 32M->32M(38M) 13.071ms
[2020-08-10T13:14:33.226+0300][1812.767s][info ][gc] GC(60354) Pause Young (Allocation Failure) 33M->33M(38M) 13.223ms
[2020-08-10T13:14:33.240+0300][1812.781s][info ][gc] GC(60355) Pause Young (Allocation Failure) 34M->34M(38M) 13.071ms
[2020-08-10T13:14:33.253+0300][1812.795s][info ][gc] GC(60356) Pause Young (Allocation Failure) 35M->35M(38M) 13.367ms
[2020-08-10T13:14:33.267+0300][1812.809s][info ][gc] GC(60357) Pause Young (Allocation Failure) 36M->36M(39M) 13.237ms
[2020-08-10T13:14:33.281+0300][1812.822s][info ][gc] GC(60358) Pause Young (Allocation Failure) 37M->37M(39M) 13.264ms
[2020-08-10T13:14:33.344+0300][1812.886s][debug][gc] GC(60359) Expanding ParOldGen from 37376K by 11264K to 48640K
[2020-08-10T13:14:33.345+0300][1812.886s][info ][gc] GC(60359) Pause Full (Ergonomics) 37M->37M(50M) 63.597ms
[2020-08-10T13:14:33.362+0300][1812.903s][info ][gc] GC(60360) Pause Young (Allocation Failure) 38M->37M(50M) 17.076ms
[2020-08-10T13:14:33.376+0300][1812.917s][info ][gc] GC(60361) Pause Young (Allocation Failure) 38M->38M(50M) 13.529ms
[2020-08-10T13:14:33.390+0300][1812.931s][info ][gc] GC(60362) Pause Young (Allocation Failure) 39M->39M(50M) 13.377ms
[2020-08-10T13:14:33.403+0300][1812.945s][info ][gc] GC(60363) Pause Young (Allocation Failure) 40M->40M(50M) 13.344ms
[2020-08-10T13:14:33.417+0300][1812.959s][info ][gc] GC(60364) Pause Young (Allocation Failure) 41M->41M(50M) 13.504ms
[2020-08-10T13:14:33.431+0300][1812.973s][info ][gc] GC(60365) Pause Young (Allocation Failure) 42M->42M(50M) 13.715ms
[2020-08-10T13:14:33.451+0300][1812.993s][info ][gc] GC(60366) Pause Young (Allocation Failure) 43M->43M(50M) 19.780ms
[2020-08-10T13:14:33.466+0300][1813.007s][info ][gc] GC(60367) Pause Young (Allocation Failure) 44M->44M(50M) 13.695ms
[2020-08-10T13:14:33.480+0300][1813.021s][info ][gc] GC(60368) Pause Young (Allocation Failure) 45M->45M(50M) 13.620ms
[2020-08-10T13:14:33.494+0300][1813.035s][info ][gc] GC(60369) Pause Young (Allocation Failure) 46M->46M(50M) 13.399ms
[2020-08-10T13:14:33.507+0300][1813.049s][info ][gc] GC(60370) Pause Young (Allocation Failure) 47M->47M(50M) 13.379ms
[2020-08-10T13:14:33.601+0300][1813.143s][debug][gc] GC(60371) Expanding ParOldGen from 48640K by 11776K to 60416K
[2020-08-10T13:14:33.601+0300][1813.143s][info ][gc] GC(60371) Pause Full (Ergonomics) 47M->47M(61M) 93.862ms
[2020-08-10T13:14:33.615+0300][1813.156s][info ][gc] GC(60372) Pause Young (Allocation Failure) 48M->48M(61M) 13.155ms
[2020-08-10T13:14:33.629+0300][1813.170s][info ][gc] GC(60373) Pause Young (Allocation Failure) 49M->49M(61M) 13.555ms
[2020-08-10T13:14:33.643+0300][1813.184s][info ][gc] GC(60374) Pause Young (Allocation Failure) 50M->50M(61M) 13.442ms
[2020-08-10T13:14:33.657+0300][1813.198s][info ][gc] GC(60375) Pause Young (Allocation Failure) 51M->51M(61M) 13.522ms
[2020-08-10T13:14:33.671+0300][1813.212s][info ][gc] GC(60376) Pause Young (Allocation Failure) 52M->52M(61M) 13.509ms
[2020-08-10T13:14:33.685+0300][1813.226s][info ][gc] GC(60377) Pause Young (Allocation Failure) 53M->52M(61M) 13.411ms
[2020-08-10T13:14:33.699+0300][1813.240s][info ][gc] GC(60378) Pause Young (Allocation Failure) 53M->53M(61M) 13.406ms
[2020-08-10T13:14:33.720+0300][1813.261s][info ][gc] GC(60379) Pause Young (Allocation Failure) 54M->54M(61M) 21.061ms
[2020-08-10T13:14:33.734+0300][1813.276s][info ][gc] GC(60380) Pause Young (Allocation Failure) 55M->55M(61M) 13.566ms
[2020-08-10T13:14:33.755+0300][1813.296s][info ][gc] GC(60381) Pause Young (Allocation Failure) 56M->56M(61M) 19.747ms
[2020-08-10T13:14:33.769+0300][1813.310s][info ][gc] GC(60382) Pause Young (Allocation Failure) 57M->57M(61M) 13.896ms
[2020-08-10T13:14:33.783+0300][1813.325s][info ][gc] GC(60383) Pause Young (Allocation Failure) 58M->58M(61M) 13.623ms
[2020-08-10T13:14:33.816+0300][1813.357s][info ][gc] GC(60384) Pause Young (Allocation Failure) 59M->59M(61M) 32.377ms
[2020-08-10T13:14:33.982+0300][1813.523s][debug][gc] GC(60385) Expanding ParOldGen from 60416K by 11264K to 71680K
[2020-08-10T13:14:33.982+0300][1813.524s][info ][gc] GC(60385) Pause Full (Ergonomics) 59M->59M(72M) 166.112ms
[2020-08-10T13:14:34.008+0300][1813.549s][info ][gc] GC(60386) Pause Young (Allocation Failure) 60M->60M(72M) 25.155ms
[2020-08-10T13:14:34.022+0300][1813.563s][info ][gc] GC(60387) Pause Young (Allocation Failure) 61M->61M(72M) 13.659ms
[2020-08-10T13:14:34.036+0300][1813.578s][info ][gc] GC(60388) Pause Young (Allocation Failure) 62M->62M(72M) 13.524ms
[2020-08-10T13:14:34.051+0300][1813.592s][info ][gc] GC(60389) Pause Young (Allocation Failure) 63M->63M(72M) 13.560ms
[2020-08-10T13:14:34.065+0300][1813.606s][info ][gc] GC(60390) Pause Young (Allocation Failure) 64M->64M(72M) 13.677ms
[2020-08-10T13:14:34.101+0300][1813.643s][info ][gc] GC(60391) Pause Young (Allocation Failure) 65M->65M(72M) 35.996ms
[2020-08-10T13:14:34.115+0300][1813.657s][info ][gc] GC(60392) Pause Young (Allocation Failure) 66M->66M(72M) 13.752ms
[2020-08-10T13:14:34.130+0300][1813.671s][info ][gc] GC(60393) Pause Young (Allocation Failure) 67M->67M(72M) 13.645ms
[2020-08-10T13:14:34.144+0300][1813.685s][info ][gc] GC(60394) Pause Young (Allocation Failure) 68M->68M(72M) 13.826ms
[2020-08-10T13:14:34.158+0300][1813.700s][info ][gc] GC(60395) Pause Young (Allocation Failure) 69M->69M(72M) 13.789ms
[2020-08-10T13:14:34.172+0300][1813.714s][info ][gc] GC(60396) Pause Young (Allocation Failure) 70M->69M(72M) 13.720ms
[2020-08-10T13:14:34.329+0300][1813.871s][debug][gc] GC(60397) Expanding ParOldGen from 71680K by 11264K to 82944K
[2020-08-10T13:14:34.330+0300][1813.871s][info ][gc] GC(60397) Pause Full (Ergonomics) 69M->69M(83M) 157.135ms
[2020-08-10T13:14:34.343+0300][1813.885s][info ][gc] GC(60398) Pause Young (Allocation Failure) 70M->70M(83M) 13.247ms
[2020-08-10T13:14:34.358+0300][1813.899s][info ][gc] GC(60399) Pause Young (Allocation Failure) 71M->71M(83M) 13.537ms
[2020-08-10T13:14:34.382+0300][1813.924s][info ][gc] GC(60400) Pause Young (Allocation Failure) 72M->72M(83M) 24.211ms
[2020-08-10T13:14:34.397+0300][1813.938s][info ][gc] GC(60401) Pause Young (Allocation Failure) 73M->73M(83M) 13.893ms
[2020-08-10T13:14:34.411+0300][1813.953s][info ][gc] GC(60402) Pause Young (Allocation Failure) 74M->74M(83M) 13.871ms
[2020-08-10T13:14:34.435+0300][1813.976s][info ][gc] GC(60403) Pause Young (Allocation Failure) 75M->75M(83M) 23.159ms
[2020-08-10T13:14:34.449+0300][1813.991s][info ][gc] GC(60404) Pause Young (Allocation Failure) 76M->76M(83M) 13.906ms
[2020-08-10T13:14:34.464+0300][1814.005s][info ][gc] GC(60405) Pause Young (Allocation Failure) 77M->77M(83M) 13.672ms
[2020-08-10T13:14:34.477+0300][1814.019s][info ][gc] GC(60406) Pause Young (Allocation Failure) 78M->78M(83M) 13.508ms
[2020-08-10T13:14:34.491+0300][1814.033s][info ][gc] GC(60407) Pause Young (Allocation Failure) 79M->79M(83M) 13.329ms
[2020-08-10T13:14:34.505+0300][1814.046s][info ][gc] GC(60408) Pause Young (Allocation Failure) 80M->80M(83M) 13.367ms
[2020-08-10T13:14:34.519+0300][1814.060s][info ][gc] GC(60409) Pause Young (Allocation Failure) 81M->81M(83M) 13.443ms
[2020-08-10T13:14:34.715+0300][1814.257s][debug][gc] GC(60410) Expanding ParOldGen from 82944K by 11264K to 94208K
[2020-08-10T13:14:34.716+0300][1814.257s][info ][gc] GC(60410) Pause Full (Ergonomics) 81M->81M(94M) 196.704ms
[2020-08-10T13:14:34.747+0300][1814.288s][info ][gc] GC(60411) Pause Young (Allocation Failure) 82M->82M(94M) 30.167ms
[2020-08-10T13:14:34.761+0300][1814.303s][info ][gc] GC(60412) Pause Young (Allocation Failure) 83M->83M(94M) 14.201ms
[2020-08-10T13:14:34.787+0300][1814.329s][info ][gc] GC(60413) Pause Young (Allocation Failure) 84M->83M(94M) 25.353ms
[2020-08-10T13:14:34.802+0300][1814.343s][info ][gc] GC(60414) Pause Young (Allocation Failure) 84M->84M(94M) 14.054ms
[2020-08-10T13:14:34.817+0300][1814.358s][info ][gc] GC(60415) Pause Young (Allocation Failure) 85M->85M(94M) 14.491ms
[2020-08-10T13:14:34.843+0300][1814.385s][info ][gc] GC(60416) Pause Young (Allocation Failure) 86M->86M(94M) 26.011ms
[2020-08-10T13:14:34.858+0300][1814.400s][info ][gc] GC(60417) Pause Young (Allocation Failure) 87M->87M(94M) 14.650ms
[2020-08-10T13:14:34.874+0300][1814.415s][info ][gc] GC(60418) Pause Young (Allocation Failure) 88M->88M(94M) 14.609ms
[2020-08-10T13:14:34.889+0300][1814.431s][info ][gc] GC(60419) Pause Young (Allocation Failure) 89M->89M(94M) 14.946ms
[2020-08-10T13:14:34.904+0300][1814.445s][info ][gc] GC(60420) Pause Young (Allocation Failure) 90M->90M(93M) 14.444ms
[2020-08-10T13:14:34.918+0300][1814.459s][info ][gc] GC(60421) Pause Young (Allocation Failure) 91M->91M(94M) 13.480ms
[2020-08-10T13:14:34.935+0300][1814.477s][info ][gc] GC(60422) Pause Young (Allocation Failure) 91M->91M(94M) 17.022ms
[2020-08-10T13:14:35.167+0300][1814.708s][debug][gc] GC(60423) Expanding ParOldGen from 94208K by 11264K to 105472K
[2020-08-10T13:14:35.167+0300][1814.708s][info ][gc] GC(60423) Pause Full (Ergonomics) 91M->91M(105M) 231.264ms
[2020-08-10T13:14:35.180+0300][1814.721s][info ][gc] GC(60424) Pause Young (Allocation Failure) 91M->91M(105M) 12.832ms
[2020-08-10T13:14:35.194+0300][1814.736s][info ][gc] GC(60425) Pause Young (Allocation Failure) 92M->92M(105M) 14.365ms
[2020-08-10T13:14:35.208+0300][1814.749s][info ][gc] GC(60426) Pause Young (Allocation Failure) 92M->92M(105M) 12.892ms
[2020-08-10T13:14:35.222+0300][1814.763s][info ][gc] GC(60427) Pause Young (Allocation Failure) 93M->93M(105M) 13.589ms
[2020-08-10T13:14:35.236+0300][1814.778s][info ][gc] GC(60428) Pause Young (Allocation Failure) 93M->93M(105M) 14.276ms
[2020-08-10T13:14:35.250+0300][1814.791s][info ][gc] GC(60429) Pause Young (Allocation Failure) 94M->94M(105M) 13.398ms
[2020-08-10T13:14:35.263+0300][1814.805s][info ][gc] GC(60430) Pause Young (Allocation Failure) 94M->94M(105M) 13.214ms
[2020-08-10T13:14:35.277+0300][1814.818s][info ][gc] GC(60431) Pause Young (Allocation Failure) 95M->95M(105M) 13.085ms
[2020-08-10T13:14:35.290+0300][1814.832s][info ][gc] GC(60432) Pause Young (Allocation Failure) 95M->95M(105M) 13.358ms
[2020-08-10T13:14:35.320+0300][1814.861s][info ][gc] GC(60433) Pause Young (Allocation Failure) 96M->95M(105M) 29.121ms
[2020-08-10T13:14:35.333+0300][1814.875s][info ][gc] GC(60434) Pause Young (Allocation Failure) 96M->96M(105M) 13.006ms
[2020-08-10T13:14:35.347+0300][1814.888s][info ][gc] GC(60435) Pause Young (Allocation Failure) 96M->96M(105M) 13.197ms
[2020-08-10T13:14:35.361+0300][1814.902s][info ][gc] GC(60436) Pause Young (Allocation Failure) 97M->97M(105M) 13.250ms
[2020-08-10T13:14:35.374+0300][1814.916s][info ][gc] GC(60437) Pause Young (Allocation Failure) 97M->97M(105M) 13.167ms
[2020-08-10T13:14:35.388+0300][1814.929s][info ][gc] GC(60438) Pause Young (Allocation Failure) 98M->98M(104M) 13.048ms
[2020-08-10T13:14:35.401+0300][1814.943s][info ][gc] GC(60439) Pause Young (Allocation Failure) 98M->98M(104M) 13.094ms
[2020-08-10T13:14:35.414+0300][1814.956s][info ][gc] GC(60440) Pause Young (Allocation Failure) 99M->99M(104M) 12.921ms
[2020-08-10T13:14:35.428+0300][1814.969s][info ][gc] GC(60441) Pause Young (Allocation Failure) 99M->99M(104M) 13.102ms
[2020-08-10T13:14:35.442+0300][1814.983s][info ][gc] GC(60442) Pause Young (Allocation Failure) 100M->100M(104M) 13.286ms
[2020-08-10T13:14:35.455+0300][1814.996s][info ][gc] GC(60443) Pause Young (Allocation Failure) 100M->100M(104M) 13.088ms
[2020-08-10T13:14:35.468+0300][1815.010s][info ][gc] GC(60444) Pause Young (Allocation Failure) 101M->101M(104M) 12.999ms
[2020-08-10T13:14:35.482+0300][1815.023s][info ][gc] GC(60445) Pause Young (Allocation Failure) 101M->101M(104M) 13.260ms
[2020-08-10T13:14:35.495+0300][1815.037s][info ][gc] GC(60446) Pause Young (Allocation Failure) 101M->101M(104M) 13.126ms
[2020-08-10T13:14:35.509+0300][1815.050s][info ][gc] GC(60447) Pause Young (Allocation Failure) 102M->102M(104M) 13.217ms
[2020-08-10T13:14:35.522+0300][1815.064s][info ][gc] GC(60448) Pause Young (Allocation Failure) 102M->102M(104M) 13.265ms
[2020-08-10T13:14:35.829+0300][1815.371s][debug][gc] GC(60449) Expanding ParOldGen from 105472K by 10752K to 116224K
[2020-08-10T13:14:35.830+0300][1815.371s][info ][gc] GC(60449) Pause Full (Ergonomics) 102M->102M(115M) 307.229ms
[2020-08-10T13:14:35.855+0300][1815.396s][info ][gc] GC(60450) Pause Young (Allocation Failure) 103M->103M(115M) 24.509ms
[2020-08-10T13:14:35.868+0300][1815.410s][info ][gc] GC(60451) Pause Young (Allocation Failure) 103M->103M(115M) 13.447ms
[2020-08-10T13:14:35.882+0300][1815.424s][info ][gc] GC(60452) Pause Young (Allocation Failure) 104M->104M(115M) 13.701ms
[2020-08-10T13:14:35.896+0300][1815.438s][info ][gc] GC(60453) Pause Young (Allocation Failure) 104M->104M(115M) 13.684ms
[2020-08-10T13:14:35.916+0300][1815.457s][info ][gc] GC(60454) Pause Young (Allocation Failure) 104M->104M(115M) 18.994ms
[2020-08-10T13:14:35.944+0300][1815.485s][info ][gc] GC(60455) Pause Young (Allocation Failure) 105M->105M(115M) 27.781ms
[2020-08-10T13:14:35.964+0300][1815.506s][info ][gc] GC(60456) Pause Young (Allocation Failure) 105M->105M(115M) 19.759ms
[2020-08-10T13:14:35.983+0300][1815.525s][info ][gc] GC(60457) Pause Young (Allocation Failure) 106M->106M(115M) 18.598ms
[2020-08-10T13:14:36.003+0300][1815.544s][info ][gc] GC(60458) Pause Young (Allocation Failure) 106M->106M(115M) 18.962ms
[2020-08-10T13:14:36.022+0300][1815.564s][info ][gc] GC(60459) Pause Young (Allocation Failure) 107M->107M(115M) 19.160ms
[2020-08-10T13:14:36.037+0300][1815.578s][info ][gc] GC(60460) Pause Young (Allocation Failure) 107M->107M(115M) 13.653ms
[2020-08-10T13:14:36.051+0300][1815.592s][info ][gc] GC(60461) Pause Young (Allocation Failure) 108M->108M(115M) 13.633ms
[2020-08-10T13:14:36.065+0300][1815.606s][info ][gc] GC(60462) Pause Young (Allocation Failure) 108M->108M(115M) 13.791ms
[2020-08-10T13:14:36.079+0300][1815.620s][info ][gc] GC(60463) Pause Young (Allocation Failure) 109M->109M(115M) 13.674ms
[2020-08-10T13:14:36.093+0300][1815.634s][info ][gc] GC(60464) Pause Young (Allocation Failure) 109M->109M(115M) 13.748ms
[2020-08-10T13:14:36.107+0300][1815.649s][info ][gc] GC(60465) Pause Young (Allocation Failure) 110M->110M(115M) 13.577ms
[2020-08-10T13:14:36.121+0300][1815.662s][info ][gc] GC(60466) Pause Young (Allocation Failure) 110M->110M(115M) 13.533ms
[2020-08-10T13:14:36.135+0300][1815.676s][info ][gc] GC(60467) Pause Young (Allocation Failure) 111M->110M(115M) 13.518ms
[2020-08-10T13:14:36.149+0300][1815.690s][info ][gc] GC(60468) Pause Young (Allocation Failure) 111M->111M(115M) 13.656ms
[2020-08-10T13:14:36.163+0300][1815.704s][info ][gc] GC(60469) Pause Young (Allocation Failure) 111M->111M(115M) 14.064ms
[2020-08-10T13:14:36.177+0300][1815.719s][info ][gc] GC(60470) Pause Young (Allocation Failure) 112M->112M(115M) 13.747ms
[2020-08-10T13:14:36.191+0300][1815.733s][info ][gc] GC(60471) Pause Young (Allocation Failure) 112M->112M(115M) 13.891ms
[2020-08-10T13:14:36.206+0300][1815.748s][info ][gc] GC(60472) Pause Young (Allocation Failure) 113M->113M(115M) 14.340ms
[2020-08-10T13:14:36.221+0300][1815.762s][info ][gc] GC(60473) Pause Young (Allocation Failure) 113M->113M(115M) 14.020ms
[2020-08-10T13:14:36.587+0300][1816.128s][debug][gc] GC(60474) Expanding ParOldGen from 116224K by 10752K to 126976K
[2020-08-10T13:14:36.587+0300][1816.128s][info ][gc] GC(60474) Pause Full (Ergonomics) 113M->113M(125M) 366.029ms
[2020-08-10T13:14:36.600+0300][1816.142s][info ][gc] GC(60475) Pause Young (Allocation Failure) 113M->114M(125M) 13.327ms
[2020-08-10T13:14:36.615+0300][1816.157s][info ][gc] GC(60476) Pause Young (Allocation Failure) 114M->114M(125M) 14.477ms
[2020-08-10T13:14:36.630+0300][1816.171s][info ][gc] GC(60477) Pause Young (Allocation Failure) 114M->114M(125M) 14.225ms
[2020-08-10T13:14:36.645+0300][1816.186s][info ][gc] GC(60478) Pause Young (Allocation Failure) 115M->115M(125M) 14.586ms
[2020-08-10T13:14:36.660+0300][1816.201s][info ][gc] GC(60479) Pause Young (Allocation Failure) 115M->115M(125M) 14.559ms
[2020-08-10T13:14:36.675+0300][1816.216s][info ][gc] GC(60480) Pause Young (Allocation Failure) 116M->116M(125M) 14.759ms
[2020-08-10T13:14:36.690+0300][1816.232s][info ][gc] GC(60481) Pause Young (Allocation Failure) 116M->116M(125M) 14.919ms
[2020-08-10T13:14:36.705+0300][1816.247s][info ][gc] GC(60482) Pause Young (Allocation Failure) 117M->117M(125M) 14.640ms
[2020-08-10T13:14:36.744+0300][1816.286s][info ][gc] GC(60483) Pause Young (Allocation Failure) 117M->117M(125M) 38.188ms
[2020-08-10T13:14:36.759+0300][1816.301s][info ][gc] GC(60484) Pause Young (Allocation Failure) 118M->118M(125M) 14.825ms
[2020-08-10T13:14:36.775+0300][1816.317s][info ][gc] GC(60485) Pause Young (Allocation Failure) 118M->118M(125M) 15.539ms
[2020-08-10T13:14:36.810+0300][1816.352s][info ][gc] GC(60486) Pause Young (Allocation Failure) 119M->119M(125M) 34.966ms
[2020-08-10T13:14:36.848+0300][1816.390s][info ][gc] GC(60487) Pause Young (Allocation Failure) 119M->119M(125M) 37.140ms
[2020-08-10T13:14:36.864+0300][1816.405s][info ][gc] GC(60488) Pause Young (Allocation Failure) 120M->120M(125M) 15.170ms
[2020-08-10T13:14:36.879+0300][1816.421s][info ][gc] GC(60489) Pause Young (Allocation Failure) 120M->120M(125M) 14.893ms
[2020-08-10T13:14:36.895+0300][1816.436s][info ][gc] GC(60490) Pause Young (Allocation Failure) 121M->120M(125M) 15.162ms
[2020-08-10T13:14:36.910+0300][1816.452s][info ][gc] GC(60491) Pause Young (Allocation Failure) 121M->121M(125M) 14.803ms
[2020-08-10T13:14:36.926+0300][1816.467s][info ][gc] GC(60492) Pause Young (Allocation Failure) 121M->121M(125M) 15.182ms
[2020-08-10T13:14:36.941+0300][1816.483s][info ][gc] GC(60493) Pause Young (Allocation Failure) 122M->122M(125M) 14.871ms
[2020-08-10T13:14:36.956+0300][1816.498s][info ][gc] GC(60494) Pause Young (Allocation Failure) 122M->122M(125M) 14.796ms
[2020-08-10T13:14:36.971+0300][1816.513s][info ][gc] GC(60495) Pause Young (Allocation Failure) 123M->123M(125M) 14.803ms
[2020-08-10T13:14:36.987+0300][1816.528s][info ][gc] GC(60496) Pause Young (Allocation Failure) 123M->123M(125M) 14.931ms
[2020-08-10T13:14:37.002+0300][1816.544s][info ][gc] GC(60497) Pause Young (Allocation Failure) 124M->124M(125M) 15.163ms
[2020-08-10T13:14:37.331+0300][1816.873s][debug][gc] GC(60498) Expanding ParOldGen from 126976K by 10752K to 137728K
[2020-08-10T13:14:37.331+0300][1816.873s][info ][gc] GC(60498) Pause Full (Ergonomics) 124M->123M(136M) 329.112ms
[2020-08-10T13:14:37.346+0300][1816.887s][info ][gc] GC(60499) Pause Young (Allocation Failure) 124M->124M(136M) 13.877ms
[2020-08-10T13:14:37.361+0300][1816.903s][info ][gc] GC(60500) Pause Young (Allocation Failure) 124M->124M(136M) 15.239ms
[2020-08-10T13:14:37.377+0300][1816.918s][info ][gc] GC(60501) Pause Young (Allocation Failure) 125M->125M(136M) 15.126ms
[2020-08-10T13:14:37.392+0300][1816.934s][info ][gc] GC(60502) Pause Young (Allocation Failure) 125M->125M(136M) 15.110ms
[2020-08-10T13:14:37.408+0300][1816.949s][info ][gc] GC(60503) Pause Young (Allocation Failure) 126M->126M(136M) 15.153ms
[2020-08-10T13:14:37.423+0300][1816.965s][info ][gc] GC(60504) Pause Young (Allocation Failure) 126M->126M(136M) 15.156ms
[2020-08-10T13:14:37.439+0300][1816.980s][info ][gc] GC(60505) Pause Young (Allocation Failure) 127M->127M(136M) 15.428ms
[2020-08-10T13:14:37.455+0300][1816.996s][info ][gc] GC(60506) Pause Young (Allocation Failure) 127M->127M(136M) 15.439ms
[2020-08-10T13:14:37.471+0300][1817.012s][info ][gc] GC(60507) Pause Young (Allocation Failure) 128M->128M(136M) 15.426ms
[2020-08-10T13:14:37.486+0300][1817.028s][info ][gc] GC(60508) Pause Young (Allocation Failure) 128M->128M(136M) 15.448ms
[2020-08-10T13:14:37.502+0300][1817.044s][info ][gc] GC(60509) Pause Young (Allocation Failure) 129M->129M(136M) 15.571ms
[2020-08-10T13:14:37.539+0300][1817.081s][info ][gc] GC(60510) Pause Young (Allocation Failure) 129M->129M(136M) 36.525ms
[2020-08-10T13:14:37.556+0300][1817.097s][info ][gc] GC(60511) Pause Young (Allocation Failure) 130M->129M(136M) 15.845ms
[2020-08-10T13:14:37.576+0300][1817.118s][info ][gc] GC(60512) Pause Young (Allocation Failure) 130M->130M(136M) 20.138ms
[2020-08-10T13:14:37.601+0300][1817.142s][info ][gc] GC(60513) Pause Young (Allocation Failure) 130M->130M(136M) 24.091ms
[2020-08-10T13:14:37.624+0300][1817.165s][info ][gc] GC(60514) Pause Young (Allocation Failure) 131M->131M(136M) 22.525ms
[2020-08-10T13:14:37.640+0300][1817.182s][info ][gc] GC(60515) Pause Young (Allocation Failure) 131M->131M(136M) 15.941ms
[2020-08-10T13:14:37.657+0300][1817.198s][info ][gc] GC(60516) Pause Young (Allocation Failure) 132M->132M(136M) 15.905ms
[2020-08-10T13:14:37.673+0300][1817.215s][info ][gc] GC(60517) Pause Young (Allocation Failure) 132M->132M(136M) 15.870ms
[2020-08-10T13:14:37.689+0300][1817.231s][info ][gc] GC(60518) Pause Young (Allocation Failure) 133M->133M(136M) 15.634ms
[2020-08-10T13:14:37.713+0300][1817.255s][info ][gc] GC(60519) Pause Young (Allocation Failure) 133M->133M(136M) 23.823ms
[2020-08-10T13:14:37.730+0300][1817.271s][info ][gc] GC(60520) Pause Young (Allocation Failure) 134M->134M(136M) 15.789ms
[2020-08-10T13:14:37.746+0300][1817.287s][info ][gc] GC(60521) Pause Young (Allocation Failure) 134M->134M(136M) 15.680ms
[2020-08-10T13:14:38.214+0300][1817.756s][debug][gc] GC(60522) Expanding ParOldGen from 137728K by 10752K to 148480K
[2020-08-10T13:14:38.214+0300][1817.756s][info ][gc] GC(60522) Pause Full (Ergonomics) 134M->134M(146M) 468.427ms
[2020-08-10T13:14:38.229+0300][1817.771s][info ][gc] GC(60523) Pause Young (Allocation Failure) 134M->134M(146M) 14.456ms
[2020-08-10T13:14:38.245+0300][1817.787s][info ][gc] GC(60524) Pause Young (Allocation Failure) 135M->135M(146M) 15.734ms
[2020-08-10T13:14:38.245+0300][1817.787s][debug][gc] Expanding ParOldGen from 148480K by 19968K to 168448K
[2020-08-10T13:14:38.270+0300][1817.812s][info ][gc] GC(60525) Pause Young (Allocation Failure) 154M->154M(166M) 16.236ms
[2020-08-10T13:14:38.285+0300][1817.826s][info ][gc] GC(60526) Pause Young (Allocation Failure) 155M->155M(166M) 14.440ms
[2020-08-10T13:14:38.315+0300][1817.857s][info ][gc] GC(60527) Pause Young (Allocation Failure) 155M->155M(166M) 30.266ms
[2020-08-10T13:14:38.329+0300][1817.871s][info ][gc] GC(60528) Pause Young (Allocation Failure) 156M->156M(166M) 13.716ms
[2020-08-10T13:14:38.344+0300][1817.885s][info ][gc] GC(60529) Pause Young (Allocation Failure) 156M->156M(166M) 13.635ms
[2020-08-10T13:14:38.358+0300][1817.899s][info ][gc] GC(60530) Pause Young (Allocation Failure) 157M->156M(166M) 13.605ms
[2020-08-10T13:14:38.388+0300][1817.930s][info ][gc] GC(60531) Pause Young (Allocation Failure) 157M->157M(166M) 29.900ms
[2020-08-10T13:14:38.402+0300][1817.944s][info ][gc] GC(60532) Pause Young (Allocation Failure) 157M->157M(166M) 13.561ms
[2020-08-10T13:14:38.416+0300][1817.958s][info ][gc] GC(60533) Pause Young (Allocation Failure) 158M->158M(166M) 13.558ms
[2020-08-10T13:14:38.430+0300][1817.972s][info ][gc] GC(60534) Pause Young (Allocation Failure) 158M->158M(166M) 13.737ms
[2020-08-10T13:14:38.460+0300][1818.002s][info ][gc] GC(60535) Pause Young (Allocation Failure) 159M->159M(166M) 29.972ms
[2020-08-10T13:14:38.474+0300][1818.016s][info ][gc] GC(60536) Pause Young (Allocation Failure) 159M->159M(166M) 13.695ms
[2020-08-10T13:14:38.489+0300][1818.030s][info ][gc] GC(60537) Pause Young (Allocation Failure) 160M->160M(166M) 13.800ms
[2020-08-10T13:14:38.503+0300][1818.045s][info ][gc] GC(60538) Pause Young (Allocation Failure) 160M->160M(166M) 14.182ms
[2020-08-10T13:14:38.521+0300][1818.062s][info ][gc] GC(60539) Pause Young (Allocation Failure) 161M->161M(166M) 17.236ms
[2020-08-10T13:14:38.535+0300][1818.076s][info ][gc] GC(60540) Pause Young (Allocation Failure) 161M->161M(166M) 13.598ms
[2020-08-10T13:14:38.552+0300][1818.094s][info ][gc] GC(60541) Pause Young (Allocation Failure) 162M->162M(166M) 17.673ms
[2020-08-10T13:14:38.566+0300][1818.108s][info ][gc] GC(60542) Pause Young (Allocation Failure) 162M->162M(166M) 13.631ms
[2020-08-10T13:14:38.585+0300][1818.126s][info ][gc] GC(60543) Pause Young (Allocation Failure) 163M->162M(166M) 17.881ms
[2020-08-10T13:14:38.599+0300][1818.141s][info ][gc] GC(60544) Pause Young (Allocation Failure) 163M->163M(166M) 13.736ms
[2020-08-10T13:14:38.613+0300][1818.155s][info ][gc] GC(60545) Pause Young (Allocation Failure) 163M->163M(166M) 13.677ms
[2020-08-10T13:14:38.627+0300][1818.169s][info ][gc] GC(60546) Pause Young (Allocation Failure) 164M->164M(166M) 13.806ms
[2020-08-10T13:14:38.633+0300][1818.175s][debug][gc] GC(60547) Expanding ParOldGen from 168448K by 512K to 168960K
[2020-08-10T13:14:38.642+0300][1818.183s][info ][gc] GC(60547) Pause Young (Allocation Failure) 165M->165M(166M) 13.834ms
[2020-08-10T13:14:38.740+0300][1818.281s][debug][gc] GC(60548) Shrinking ParOldGen from 168960K by 125440K to 43520K
[2020-08-10T13:14:38.740+0300][1818.281s][info ][gc] GC(60548) Pause Full (Ergonomics) 165M->31M(44M) 98.084ms
[2020-08-10T13:14:38.754+0300][1818.296s][info ][gc] GC(60549) Pause Young (Allocation Failure) 32M->32M(44M) 13.648ms
[2020-08-10T13:14:38.772+0300][1818.314s][info ][gc] GC(60550) Pause Young (Allocation Failure) 33M->33M(44M) 17.789ms
[2020-08-10T13:14:38.786+0300][1818.328s][info ][gc] GC(60551) Pause Young (Allocation Failure) 33M->33M(44M) 13.549ms
[2020-08-10T13:14:38.800+0300][1818.341s][info ][gc] GC(60552) Pause Young (Allocation Failure) 34M->34M(44M) 13.501ms
[2020-08-10T13:14:38.814+0300][1818.355s][info ][gc] GC(60553) Pause Young (Allocation Failure) 34M->34M(44M) 13.508ms
[2020-08-10T13:14:38.828+0300][1818.370s][info ][gc] GC(60554) Pause Young (Allocation Failure) 35M->35M(43M) 13.721ms
[2020-08-10T13:14:38.842+0300][1818.384s][info ][gc] GC(60555) Pause Young (Allocation Failure) 35M->35M(44M) 13.474ms
[2020-08-10T13:14:38.856+0300][1818.398s][info ][gc] GC(60556) Pause Young (Allocation Failure) 36M->36M(44M) 13.450ms
[2020-08-10T13:14:38.870+0300][1818.412s][info ][gc] GC(60557) Pause Young (Allocation Failure) 36M->36M(44M) 13.553ms
[2020-08-10T13:14:38.884+0300][1818.426s][info ][gc] GC(60558) Pause Young (Allocation Failure) 37M->37M(44M) 13.469ms
[2020-08-10T13:14:38.898+0300][1818.440s][info ][gc] GC(60559) Pause Young (Allocation Failure) 37M->37M(44M) 13.466ms
[2020-08-10T13:14:38.912+0300][1818.454s][info ][gc] GC(60560) Pause Young (Allocation Failure) 38M->38M(44M) 13.458ms
[2020-08-10T13:14:38.926+0300][1818.468s][info ][gc] GC(60561) Pause Young (Allocation Failure) 38M->38M(44M) 13.514ms
[2020-08-10T13:14:38.940+0300][1818.481s][info ][gc] GC(60562) Pause Young (Allocation Failure) 38M->38M(44M) 13.328ms
[2020-08-10T13:14:38.954+0300][1818.495s][info ][gc] GC(60563) Pause Young (Allocation Failure) 39M->39M(44M) 13.487ms
[2020-08-10T13:14:38.969+0300][1818.510s][info ][gc] GC(60564) Pause Young (Allocation Failure) 39M->39M(44M) 14.527ms
[2020-08-10T13:14:38.983+0300][1818.524s][info ][gc] GC(60565) Pause Young (Allocation Failure) 40M->40M(44M) 13.523ms
[2020-08-10T13:14:38.997+0300][1818.538s][info ][gc] GC(60566) Pause Young (Allocation Failure) 40M->40M(44M) 13.390ms
[2020-08-10T13:14:39.010+0300][1818.552s][info ][gc] GC(60567) Pause Young (Allocation Failure) 41M->41M(44M) 13.291ms
[2020-08-10T13:14:39.024+0300][1818.566s][info ][gc] GC(60568) Pause Young (Allocation Failure) 41M->41M(44M) 13.233ms
[2020-08-10T13:14:39.038+0300][1818.579s][info ][gc] GC(60569) Pause Young (Allocation Failure) 42M->42M(44M) 13.215ms
[2020-08-10T13:14:39.067+0300][1818.609s][info ][gc] GC(60570) Pause Young (Allocation Failure) 42M->42M(44M) 29.691ms
[2020-08-10T13:14:39.153+0300][1818.695s][debug][gc] GC(60571) Expanding ParOldGen from 43520K by 11264K to 54784K
[2020-08-10T13:14:39.153+0300][1818.695s][info ][gc] GC(60571) Pause Full (Ergonomics) 42M->42M(55M) 85.383ms
[2020-08-10T13:14:39.167+0300][1818.708s][info ][gc] GC(60572) Pause Young (Allocation Failure) 42M->42M(55M) 13.036ms
[2020-08-10T13:14:39.180+0300][1818.722s][info ][gc] GC(60573) Pause Young (Allocation Failure) 43M->43M(55M) 13.234ms
[2020-08-10T13:14:39.194+0300][1818.736s][info ][gc] GC(60574) Pause Young (Allocation Failure) 43M->43M(55M) 13.404ms
[2020-08-10T13:14:39.208+0300][1818.749s][info ][gc] GC(60575) Pause Young (Allocation Failure) 44M->44M(55M) 13.450ms
[2020-08-10T13:14:39.221+0300][1818.763s][info ][gc] GC(60576) Pause Young (Allocation Failure) 44M->44M(55M) 13.292ms
[2020-08-10T13:14:39.249+0300][1818.790s][info ][gc] GC(60577) Pause Young (Allocation Failure) 45M->45M(55M) 27.131ms
[2020-08-10T13:14:39.263+0300][1818.804s][info ][gc] GC(60578) Pause Young (Allocation Failure) 45M->45M(55M) 13.585ms
[2020-08-10T13:14:39.277+0300][1818.818s][info ][gc] GC(60579) Pause Young (Allocation Failure) 46M->46M(55M) 13.590ms
[2020-08-10T13:14:39.291+0300][1818.833s][info ][gc] GC(60580) Pause Young (Allocation Failure) 46M->46M(55M) 13.665ms
[2020-08-10T13:14:39.305+0300][1818.847s][info ][gc] GC(60581) Pause Young (Allocation Failure) 47M->47M(55M) 13.410ms
[2020-08-10T13:14:39.318+0300][1818.860s][info ][gc] GC(60582) Pause Young (Allocation Failure) 47M->47M(55M) 13.211ms
[2020-08-10T13:14:39.344+0300][1818.886s][info ][gc] GC(60583) Pause Young (Allocation Failure) 48M->48M(55M) 25.096ms
[2020-08-10T13:14:39.358+0300][1818.899s][info ][gc] GC(60584) Pause Young (Allocation Failure) 48M->48M(55M) 13.297ms
[2020-08-10T13:14:39.371+0300][1818.913s][info ][gc] GC(60585) Pause Young (Allocation Failure) 49M->48M(55M) 13.577ms
[2020-08-10T13:14:39.385+0300][1818.927s][info ][gc] GC(60586) Pause Young (Allocation Failure) 49M->49M(55M) 13.389ms
[2020-08-10T13:14:39.399+0300][1818.941s][info ][gc] GC(60587) Pause Young (Allocation Failure) 49M->49M(55M) 13.564ms
[2020-08-10T13:14:39.413+0300][1818.955s][info ][gc] GC(60588) Pause Young (Allocation Failure) 50M->50M(55M) 13.487ms
[2020-08-10T13:14:39.428+0300][1818.970s][info ][gc] GC(60589) Pause Young (Allocation Failure) 50M->50M(55M) 14.275ms
[2020-08-10T13:14:39.442+0300][1818.983s][info ][gc] GC(60590) Pause Young (Allocation Failure) 51M->51M(55M) 13.332ms
[2020-08-10T13:14:39.456+0300][1818.998s][info ][gc] GC(60591) Pause Young (Allocation Failure) 51M->51M(55M) 14.223ms
[2020-08-10T13:14:39.471+0300][1819.013s][info ][gc] GC(60592) Pause Young (Allocation Failure) 52M->52M(55M) 14.788ms
[2020-08-10T13:14:39.486+0300][1819.027s][info ][gc] GC(60593) Pause Young (Allocation Failure) 52M->52M(55M) 13.631ms
[2020-08-10T13:14:39.499+0300][1819.041s][info ][gc] GC(60594) Pause Young (Allocation Failure) 53M->53M(55M) 13.328ms
[2020-08-10T13:14:39.513+0300][1819.055s][info ][gc] GC(60595) Pause Young (Allocation Failure) 53M->53M(55M) 13.508ms
[2020-08-10T13:14:39.666+0300][1819.208s][debug][gc] GC(60596) Expanding ParOldGen from 54784K by 10752K to 65536K
[2020-08-10T13:14:39.666+0300][1819.208s][info ][gc] GC(60596) Pause Full (Ergonomics) 53M->53M(65M) 153.345ms
[2020-08-10T13:14:39.680+0300][1819.221s][info ][gc] GC(60597) Pause Young (Allocation Failure) 53M->53M(65M) 12.998ms
[2020-08-10T13:14:39.694+0300][1819.235s][info ][gc] GC(60598) Pause Young (Allocation Failure) 54M->54M(65M) 13.728ms
[2020-08-10T13:14:39.707+0300][1819.249s][info ][gc] GC(60599) Pause Young (Allocation Failure) 54M->54M(65M) 13.427ms
[2020-08-10T13:14:39.721+0300][1819.263s][info ][gc] GC(60600) Pause Young (Allocation Failure) 55M->55M(65M) 13.577ms
[2020-08-10T13:14:39.736+0300][1819.277s][info ][gc] GC(60601) Pause Young (Allocation Failure) 55M->55M(65M) 13.808ms
[2020-08-10T13:14:39.751+0300][1819.292s][info ][gc] GC(60602) Pause Young (Allocation Failure) 56M->56M(65M) 14.801ms
[2020-08-10T13:14:39.764+0300][1819.306s][info ][gc] GC(60603) Pause Young (Allocation Failure) 56M->56M(65M) 13.266ms
[2020-08-10T13:14:39.778+0300][1819.320s][info ][gc] GC(60604) Pause Young (Allocation Failure) 57M->57M(65M) 13.405ms
[2020-08-10T13:14:39.792+0300][1819.333s][info ][gc] GC(60605) Pause Young (Allocation Failure) 57M->57M(65M) 13.441ms
[2020-08-10T13:14:39.805+0300][1819.347s][info ][gc] GC(60606) Pause Young (Allocation Failure) 58M->57M(65M) 13.270ms
[2020-08-10T13:14:39.819+0300][1819.361s][info ][gc] GC(60607) Pause Young (Allocation Failure) 58M->58M(65M) 13.548ms
[2020-08-10T13:14:39.838+0300][1819.380s][info ][gc] GC(60608) Pause Young (Allocation Failure) 58M->58M(65M) 17.958ms
[2020-08-10T13:14:39.854+0300][1819.395s][info ][gc] GC(60609) Pause Young (Allocation Failure) 59M->59M(65M) 15.045ms
[2020-08-10T13:14:39.869+0300][1819.411s][info ][gc] GC(60610) Pause Young (Allocation Failure) 60M->60M(66M) 14.964ms
[2020-08-10T13:14:39.883+0300][1819.425s][info ][gc] GC(60611) Pause Young (Allocation Failure) 61M->61M(66M) 13.683ms
[2020-08-10T13:14:39.898+0300][1819.439s][info ][gc] GC(60612) Pause Young (Allocation Failure) 62M->62M(66M) 14.374ms
[2020-08-10T13:14:39.915+0300][1819.457s][info ][gc] GC(60613) Pause Young (Allocation Failure) 63M->63M(66M) 17.003ms
[2020-08-10T13:14:39.930+0300][1819.471s][info ][gc] GC(60614) Pause Young (Allocation Failure) 64M->64M(66M) 13.972ms
[2020-08-10T13:14:40.084+0300][1819.625s][debug][gc] GC(60615) Expanding ParOldGen from 65536K by 11264K to 76800K
[2020-08-10T13:14:40.084+0300][1819.625s][info ][gc] GC(60615) Pause Full (Ergonomics) 64M->64M(77M) 154.072ms
[2020-08-10T13:14:40.110+0300][1819.652s][info ][gc] GC(60616) Pause Young (Allocation Failure) 65M->65M(77M) 26.406ms
[2020-08-10T13:14:40.125+0300][1819.667s][info ][gc] GC(60617) Pause Young (Allocation Failure) 66M->66M(77M) 14.171ms
[2020-08-10T13:14:40.139+0300][1819.681s][info ][gc] GC(60618) Pause Young (Allocation Failure) 67M->67M(77M) 13.832ms
[2020-08-10T13:14:40.160+0300][1819.702s][info ][gc] GC(60619) Pause Young (Allocation Failure) 68M->68M(77M) 20.633ms
[2020-08-10T13:14:40.177+0300][1819.718s][info ][gc] GC(60620) Pause Young (Allocation Failure) 69M->68M(77M) 15.789ms
[2020-08-10T13:14:40.191+0300][1819.733s][info ][gc] GC(60621) Pause Young (Allocation Failure) 69M->69M(77M) 14.191ms
[2020-08-10T13:14:40.206+0300][1819.748s][info ][gc] GC(60622) Pause Young (Allocation Failure) 70M->70M(77M) 14.146ms
[2020-08-10T13:14:40.220+0300][1819.762s][info ][gc] GC(60623) Pause Young (Allocation Failure) 71M->71M(77M) 14.051ms
[2020-08-10T13:14:40.235+0300][1819.777s][info ][gc] GC(60624) Pause Young (Allocation Failure) 72M->72M(77M) 14.284ms
[2020-08-10T13:14:40.250+0300][1819.791s][info ][gc] GC(60625) Pause Young (Allocation Failure) 73M->73M(77M) 14.164ms
[2020-08-10T13:14:40.264+0300][1819.806s][info ][gc] GC(60626) Pause Young (Allocation Failure) 74M->74M(77M) 14.302ms
[2020-08-10T13:14:40.279+0300][1819.821s][info ][gc] GC(60627) Pause Young (Allocation Failure) 75M->75M(77M) 14.338ms
[2020-08-10T13:14:40.465+0300][1820.007s][debug][gc] GC(60628) Expanding ParOldGen from 76800K by 11776K to 88576K
[2020-08-10T13:14:40.465+0300][1820.007s][info ][gc] GC(60628) Pause Full (Ergonomics) 75M->75M(89M) 185.585ms
[2020-08-10T13:14:40.496+0300][1820.038s][info ][gc] GC(60629) Pause Young (Allocation Failure) 76M->76M(89M) 30.465ms
[2020-08-10T13:14:40.511+0300][1820.053s][info ][gc] GC(60630) Pause Young (Allocation Failure) 77M->77M(89M) 14.117ms
[2020-08-10T13:14:40.526+0300][1820.068s][info ][gc] GC(60631) Pause Young (Allocation Failure) 78M->78M(89M) 14.116ms
[2020-08-10T13:14:40.541+0300][1820.082s][info ][gc] GC(60632) Pause Young (Allocation Failure) 79M->79M(89M) 14.336ms
[2020-08-10T13:14:40.555+0300][1820.097s][info ][gc] GC(60633) Pause Young (Allocation Failure) 80M->80M(89M) 14.357ms
[2020-08-10T13:14:40.571+0300][1820.113s][info ][gc] GC(60634) Pause Young (Allocation Failure) 81M->80M(89M) 14.265ms
[2020-08-10T13:14:40.595+0300][1820.137s][info ][gc] GC(60635) Pause Young (Allocation Failure) 81M->81M(89M) 23.452ms
[2020-08-10T13:14:40.610+0300][1820.152s][info ][gc] GC(60636) Pause Young (Allocation Failure) 82M->82M(89M) 14.350ms
[2020-08-10T13:14:40.625+0300][1820.167s][info ][gc] GC(60637) Pause Young (Allocation Failure) 83M->83M(89M) 14.569ms
[2020-08-10T13:14:40.640+0300][1820.182s][info ][gc] GC(60638) Pause Young (Allocation Failure) 84M->84M(89M) 14.285ms
[2020-08-10T13:14:40.655+0300][1820.197s][info ][gc] GC(60639) Pause Young (Allocation Failure) 85M->85M(89M) 14.755ms
[2020-08-10T13:14:40.670+0300][1820.212s][info ][gc] GC(60640) Pause Young (Allocation Failure) 86M->86M(89M) 14.500ms
[2020-08-10T13:14:40.927+0300][1820.469s][debug][gc] GC(60641) Expanding ParOldGen from 88576K by 11264K to 99840K
[2020-08-10T13:14:40.927+0300][1820.469s][info ][gc] GC(60641) Pause Full (Ergonomics) 86M->86M(100M) 256.479ms
[2020-08-10T13:14:40.941+0300][1820.483s][info ][gc] GC(60642) Pause Young (Allocation Failure) 87M->87M(100M) 13.663ms
[2020-08-10T13:14:40.956+0300][1820.498s][info ][gc] GC(60643) Pause Young (Allocation Failure) 88M->88M(100M) 14.524ms
[2020-08-10T13:14:40.972+0300][1820.514s][info ][gc] GC(60644) Pause Young (Allocation Failure) 89M->89M(100M) 14.690ms
[2020-08-10T13:14:40.987+0300][1820.529s][info ][gc] GC(60645) Pause Young (Allocation Failure) 90M->90M(100M) 14.778ms
[2020-08-10T13:14:41.003+0300][1820.544s][info ][gc] GC(60646) Pause Young (Allocation Failure) 91M->91M(100M) 14.861ms
[2020-08-10T13:14:41.018+0300][1820.560s][info ][gc] GC(60647) Pause Young (Allocation Failure) 92M->91M(100M) 14.828ms
[2020-08-10T13:14:41.033+0300][1820.575s][info ][gc] GC(60648) Pause Young (Allocation Failure) 92M->92M(100M) 14.952ms
[2020-08-10T13:14:41.049+0300][1820.591s][info ][gc] GC(60649) Pause Young (Allocation Failure) 93M->93M(100M) 15.347ms
[2020-08-10T13:14:41.065+0300][1820.607s][info ][gc] GC(60650) Pause Young (Allocation Failure) 94M->94M(100M) 15.104ms
[2020-08-10T13:14:41.081+0300][1820.623s][info ][gc] GC(60651) Pause Young (Allocation Failure) 95M->95M(100M) 15.375ms
[2020-08-10T13:14:41.097+0300][1820.639s][info ][gc] GC(60652) Pause Young (Allocation Failure) 96M->96M(100M) 15.315ms
[2020-08-10T13:14:41.113+0300][1820.655s][info ][gc] GC(60653) Pause Young (Allocation Failure) 97M->97M(100M) 15.431ms
[2020-08-10T13:14:41.390+0300][1820.932s][debug][gc] GC(60654) Expanding ParOldGen from 99840K by 11776K to 111616K
[2020-08-10T13:14:41.390+0300][1820.932s][info ][gc] GC(60654) Pause Full (Ergonomics) 97M->97M(111M) 277.007ms
[2020-08-10T13:14:41.404+0300][1820.946s][info ][gc] GC(60655) Pause Young (Allocation Failure) 98M->98M(111M) 13.616ms
[2020-08-10T13:14:41.420+0300][1820.962s][info ][gc] GC(60656) Pause Young (Allocation Failure) 99M->99M(111M) 15.596ms
[2020-08-10T13:14:41.436+0300][1820.978s][info ][gc] GC(60657) Pause Young (Allocation Failure) 100M->100M(111M) 15.506ms
[2020-08-10T13:14:41.453+0300][1820.994s][info ][gc] GC(60658) Pause Young (Allocation Failure) 101M->101M(111M) 15.994ms
[2020-08-10T13:14:41.476+0300][1821.018s][info ][gc] GC(60659) Pause Young (Allocation Failure) 102M->102M(111M) 22.871ms
[2020-08-10T13:14:41.492+0300][1821.034s][info ][gc] GC(60660) Pause Young (Allocation Failure) 103M->103M(111M) 15.910ms
[2020-08-10T13:14:41.508+0300][1821.050s][info ][gc] GC(60661) Pause Young (Allocation Failure) 104M->104M(111M) 15.879ms
[2020-08-10T13:14:41.525+0300][1821.067s][info ][gc] GC(60662) Pause Young (Allocation Failure) 105M->105M(111M) 16.669ms
[2020-08-10T13:14:41.542+0300][1821.084s][info ][gc] GC(60663) Pause Young (Allocation Failure) 106M->105M(111M) 15.859ms
[2020-08-10T13:14:41.559+0300][1821.100s][info ][gc] GC(60664) Pause Young (Allocation Failure) 106M->106M(111M) 16.284ms
[2020-08-10T13:14:41.586+0300][1821.128s][info ][gc] GC(60665) Pause Young (Allocation Failure) 107M->107M(111M) 26.788ms
[2020-08-10T13:14:41.603+0300][1821.145s][info ][gc] GC(60666) Pause Young (Allocation Failure) 108M->108M(111M) 16.508ms
[2020-08-10T13:14:41.620+0300][1821.162s][info ][gc] GC(60667) Pause Young (Allocation Failure) 109M->109M(111M) 16.655ms
[2020-08-10T13:14:41.896+0300][1821.438s][debug][gc] GC(60668) Expanding ParOldGen from 111616K by 11264K to 122880K
[2020-08-10T13:14:41.896+0300][1821.438s][info ][gc] GC(60668) Pause Full (Ergonomics) 109M->109M(122M) 275.903ms
[2020-08-10T13:14:41.936+0300][1821.478s][info ][gc] GC(60669) Pause Young (Allocation Failure) 110M->110M(122M) 39.013ms
[2020-08-10T13:14:41.953+0300][1821.495s][info ][gc] GC(60670) Pause Young (Allocation Failure) 111M->111M(122M) 17.062ms
[2020-08-10T13:14:41.971+0300][1821.513s][info ][gc] GC(60671) Pause Young (Allocation Failure) 112M->112M(122M) 17.235ms
[2020-08-10T13:14:41.989+0300][1821.531s][info ][gc] GC(60672) Pause Young (Allocation Failure) 113M->113M(122M) 17.121ms
[2020-08-10T13:14:42.007+0300][1821.549s][info ][gc] GC(60673) Pause Young (Allocation Failure) 114M->114M(122M) 17.391ms
[2020-08-10T13:14:42.025+0300][1821.567s][info ][gc] GC(60674) Pause Young (Allocation Failure) 115M->115M(122M) 17.180ms
[2020-08-10T13:14:42.043+0300][1821.585s][info ][gc] GC(60675) Pause Young (Allocation Failure) 116M->116M(122M) 17.601ms
[2020-08-10T13:14:42.061+0300][1821.603s][info ][gc] GC(60676) Pause Young (Allocation Failure) 117M->117M(122M) 17.523ms
[2020-08-10T13:14:42.079+0300][1821.621s][info ][gc] GC(60677) Pause Young (Allocation Failure) 118M->118M(122M) 17.439ms
[2020-08-10T13:14:42.098+0300][1821.639s][info ][gc] GC(60678) Pause Young (Allocation Failure) 119M->119M(122M) 17.769ms
[2020-08-10T13:14:42.116+0300][1821.658s][info ][gc] GC(60679) Pause Young (Allocation Failure) 120M->119M(122M) 17.798ms
[2020-08-10T13:14:42.479+0300][1822.021s][debug][gc] GC(60680) Expanding ParOldGen from 122880K by 11264K to 134144K
[2020-08-10T13:14:42.480+0300][1822.021s][info ][gc] GC(60680) Pause Full (Ergonomics) 119M->119M(133M) 363.578ms
[2020-08-10T13:14:42.515+0300][1822.057s][info ][gc] GC(60681) Pause Young (Allocation Failure) 120M->120M(133M) 34.262ms
[2020-08-10T13:14:42.533+0300][1822.075s][info ][gc] GC(60682) Pause Young (Allocation Failure) 121M->121M(133M) 17.746ms
[2020-08-10T13:14:42.551+0300][1822.093s][info ][gc] GC(60683) Pause Young (Allocation Failure) 122M->122M(133M) 17.684ms
[2020-08-10T13:14:42.575+0300][1822.116s][info ][gc] GC(60684) Pause Young (Allocation Failure) 123M->123M(133M) 22.667ms
[2020-08-10T13:14:42.617+0300][1822.159s][info ][gc] GC(60685) Pause Young (Allocation Failure) 124M->124M(133M) 41.849ms
[2020-08-10T13:14:42.636+0300][1822.178s][info ][gc] GC(60686) Pause Young (Allocation Failure) 125M->125M(133M) 18.512ms
[2020-08-10T13:14:42.655+0300][1822.196s][info ][gc] GC(60687) Pause Young (Allocation Failure) 126M->126M(133M) 18.055ms
[2020-08-10T13:14:42.673+0300][1822.215s][info ][gc] GC(60688) Pause Young (Allocation Failure) 127M->127M(133M) 18.300ms
[2020-08-10T13:14:42.692+0300][1822.234s][info ][gc] GC(60689) Pause Young (Allocation Failure) 128M->128M(133M) 18.285ms
[2020-08-10T13:14:42.711+0300][1822.253s][info ][gc] GC(60690) Pause Young (Allocation Failure) 129M->129M(133M) 18.022ms
[2020-08-10T13:14:42.758+0300][1822.300s][info ][gc] GC(60691) Pause Young (Allocation Failure) 130M->130M(133M) 47.095ms
[2020-08-10T13:14:42.805+0300][1822.347s][info ][gc] GC(60692) Pause Young (Allocation Failure) 131M->131M(133M) 46.340ms
[2020-08-10T13:14:43.224+0300][1822.766s][debug][gc] GC(60693) Expanding ParOldGen from 134144K by 11264K to 145408K
[2020-08-10T13:14:43.224+0300][1822.766s][info ][gc] GC(60693) Pause Full (Ergonomics) 131M->130M(144M) 419.063ms
[2020-08-10T13:14:43.240+0300][1822.782s][info ][gc] GC(60694) Pause Young (Allocation Failure) 131M->131M(144M) 15.785ms
[2020-08-10T13:14:43.260+0300][1822.802s][info ][gc] GC(60695) Pause Young (Allocation Failure) 132M->132M(144M) 18.848ms
[2020-08-10T13:14:43.279+0300][1822.821s][info ][gc] GC(60696) Pause Young (Allocation Failure) 133M->133M(144M) 18.710ms
[2020-08-10T13:14:43.298+0300][1822.840s][info ][gc] GC(60697) Pause Young (Allocation Failure) 134M->134M(144M) 18.853ms
[2020-08-10T13:14:43.317+0300][1822.859s][info ][gc] GC(60698) Pause Young (Allocation Failure) 135M->135M(144M) 18.631ms
[2020-08-10T13:14:43.317+0300][1822.859s][debug][gc] Expanding ParOldGen from 145408K by 19968K to 165376K
[2020-08-10T13:14:43.365+0300][1822.907s][info ][gc] GC(60699) Pause Young (Allocation Failure) 155M->155M(164M) 39.593ms
[2020-08-10T13:14:43.379+0300][1822.921s][info ][gc] GC(60700) Pause Young (Allocation Failure) 156M->156M(164M) 13.768ms
[2020-08-10T13:14:43.394+0300][1822.936s][info ][gc] GC(60701) Pause Young (Allocation Failure) 157M->157M(164M) 14.019ms
[2020-08-10T13:14:43.408+0300][1822.950s][info ][gc] GC(60702) Pause Young (Allocation Failure) 158M->158M(164M) 14.186ms
[2020-08-10T13:14:43.423+0300][1822.965s][info ][gc] GC(60703) Pause Young (Allocation Failure) 159M->159M(164M) 14.181ms
[2020-08-10T13:14:43.438+0300][1822.980s][info ][gc] GC(60704) Pause Young (Allocation Failure) 160M->160M(164M) 13.951ms
[2020-08-10T13:14:43.452+0300][1822.994s][info ][gc] GC(60705) Pause Young (Allocation Failure) 161M->160M(164M) 13.924ms
[2020-08-10T13:14:43.466+0300][1823.008s][info ][gc] GC(60706) Pause Young (Allocation Failure) 161M->161M(164M) 13.728ms
[2020-08-10T13:14:43.524+0300][1823.066s][debug][gc] GC(60707) Shrinking ParOldGen from 165376K by 124928K to 40448K
[2020-08-10T13:14:43.524+0300][1823.066s][info ][gc] GC(60707) Pause Full (Ergonomics) 161M->28M(42M) 57.522ms
[2020-08-10T13:14:43.538+0300][1823.080s][info ][gc] GC(60708) Pause Young (Allocation Failure) 29M->29M(42M) 13.478ms
[2020-08-10T13:14:43.552+0300][1823.094s][info ][gc] GC(60709) Pause Young (Allocation Failure) 30M->30M(42M) 13.851ms
[2020-08-10T13:14:43.567+0300][1823.109s][info ][gc] GC(60710) Pause Young (Allocation Failure) 31M->31M(42M) 13.988ms
[2020-08-10T13:14:43.594+0300][1823.136s][info ][gc] GC(60711) Pause Young (Allocation Failure) 32M->32M(42M) 26.962ms
[2020-08-10T13:14:43.609+0300][1823.151s][info ][gc] GC(60712) Pause Young (Allocation Failure) 33M->32M(42M) 13.890ms
[2020-08-10T13:14:43.623+0300][1823.165s][info ][gc] GC(60713) Pause Young (Allocation Failure) 33M->33M(42M) 14.123ms
[2020-08-10T13:14:43.638+0300][1823.180s][info ][gc] GC(60714) Pause Young (Allocation Failure) 34M->34M(42M) 13.966ms
[2020-08-10T13:14:43.653+0300][1823.195s][info ][gc] GC(60715) Pause Young (Allocation Failure) 35M->35M(42M) 14.148ms
[2020-08-10T13:14:43.667+0300][1823.209s][info ][gc] GC(60716) Pause Young (Allocation Failure) 36M->36M(42M) 13.853ms
[2020-08-10T13:14:43.681+0300][1823.223s][info ][gc] GC(60717) Pause Young (Allocation Failure) 37M->37M(42M) 13.672ms
[2020-08-10T13:14:43.695+0300][1823.237s][info ][gc] GC(60718) Pause Young (Allocation Failure) 38M->38M(42M) 13.784ms
[2020-08-10T13:14:43.709+0300][1823.251s][info ][gc] GC(60719) Pause Young (Allocation Failure) 39M->39M(42M) 13.841ms
[2020-08-10T13:14:43.781+0300][1823.323s][debug][gc] GC(60720) Expanding ParOldGen from 40448K by 11264K to 51712K
[2020-08-10T13:14:43.781+0300][1823.323s][info ][gc] GC(60720) Pause Full (Ergonomics) 39M->39M(53M) 71.208ms
[2020-08-10T13:14:43.800+0300][1823.342s][info ][gc] GC(60721) Pause Young (Allocation Failure) 40M->40M(53M) 18.318ms
[2020-08-10T13:14:43.814+0300][1823.356s][info ][gc] GC(60722) Pause Young (Allocation Failure) 41M->41M(53M) 14.225ms
[2020-08-10T13:14:43.829+0300][1823.371s][info ][gc] GC(60723) Pause Young (Allocation Failure) 42M->42M(53M) 13.952ms
[2020-08-10T13:14:43.844+0300][1823.386s][info ][gc] GC(60724) Pause Young (Allocation Failure) 43M->43M(53M) 14.090ms
[2020-08-10T13:14:43.858+0300][1823.400s][info ][gc] GC(60725) Pause Young (Allocation Failure) 44M->44M(53M) 13.767ms
[2020-08-10T13:14:43.872+0300][1823.414s][info ][gc] GC(60726) Pause Young (Allocation Failure) 45M->45M(52M) 13.897ms
[2020-08-10T13:14:43.887+0300][1823.429s][info ][gc] GC(60727) Pause Young (Allocation Failure) 46M->46M(52M) 13.889ms
[2020-08-10T13:14:43.901+0300][1823.443s][info ][gc] GC(60728) Pause Young (Allocation Failure) 47M->47M(52M) 13.993ms
[2020-08-10T13:14:43.915+0300][1823.457s][info ][gc] GC(60729) Pause Young (Allocation Failure) 48M->48M(53M) 13.569ms
[2020-08-10T13:14:43.929+0300][1823.471s][info ][gc] GC(60730) Pause Young (Allocation Failure) 49M->49M(53M) 14.016ms
[2020-08-10T13:14:43.949+0300][1823.491s][info ][gc] GC(60731) Pause Young (Allocation Failure) 50M->50M(53M) 19.671ms
[2020-08-10T13:14:43.973+0300][1823.515s][info ][gc] GC(60732) Pause Young (Allocation Failure) 51M->50M(53M) 22.936ms
[2020-08-10T13:14:44.083+0300][1823.625s][debug][gc] GC(60733) Expanding ParOldGen from 51712K by 11776K to 63488K
[2020-08-10T13:14:44.083+0300][1823.625s][info ][gc] GC(60733) Pause Full (Ergonomics) 50M->50M(64M) 110.432ms
[2020-08-10T13:14:44.113+0300][1823.655s][info ][gc] GC(60734) Pause Young (Allocation Failure) 51M->51M(64M) 28.855ms
[2020-08-10T13:14:44.131+0300][1823.673s][info ][gc] GC(60735) Pause Young (Allocation Failure) 52M->52M(64M) 17.799ms
[2020-08-10T13:14:44.146+0300][1823.688s][info ][gc] GC(60736) Pause Young (Allocation Failure) 53M->53M(64M) 13.905ms
[2020-08-10T13:14:44.160+0300][1823.702s][info ][gc] GC(60737) Pause Young (Allocation Failure) 54M->54M(64M) 14.168ms
[2020-08-10T13:14:44.175+0300][1823.717s][info ][gc] GC(60738) Pause Young (Allocation Failure) 55M->55M(64M) 13.900ms
[2020-08-10T13:14:44.189+0300][1823.731s][info ][gc] GC(60739) Pause Young (Allocation Failure) 56M->56M(64M) 14.037ms
[2020-08-10T13:14:44.204+0300][1823.746s][info ][gc] GC(60740) Pause Young (Allocation Failure) 57M->57M(64M) 14.190ms
[2020-08-10T13:14:44.218+0300][1823.760s][info ][gc] GC(60741) Pause Young (Allocation Failure) 58M->58M(64M) 14.224ms
[2020-08-10T13:14:44.233+0300][1823.775s][info ][gc] GC(60742) Pause Young (Allocation Failure) 59M->59M(64M) 14.386ms
[2020-08-10T13:14:44.248+0300][1823.790s][info ][gc] GC(60743) Pause Young (Allocation Failure) 60M->60M(64M) 14.215ms
[2020-08-10T13:14:44.263+0300][1823.805s][info ][gc] GC(60744) Pause Young (Allocation Failure) 61M->61M(64M) 14.312ms
[2020-08-10T13:14:44.277+0300][1823.819s][info ][gc] GC(60745) Pause Young (Allocation Failure) 62M->62M(64M) 14.203ms
[2020-08-10T13:14:44.475+0300][1824.017s][debug][gc] GC(60746) Expanding ParOldGen from 63488K by 11264K to 74752K
[2020-08-10T13:14:44.475+0300][1824.017s][info ][gc] GC(60746) Pause Full (Ergonomics) 62M->62M(75M) 197.583ms
[2020-08-10T13:14:44.503+0300][1824.045s][info ][gc] GC(60747) Pause Young (Allocation Failure) 63M->63M(75M) 27.121ms
[2020-08-10T13:14:44.519+0300][1824.061s][info ][gc] GC(60748) Pause Young (Allocation Failure) 64M->63M(75M) 16.061ms
[2020-08-10T13:14:44.534+0300][1824.076s][info ][gc] GC(60749) Pause Young (Allocation Failure) 64M->64M(75M) 13.952ms
[2020-08-10T13:14:44.559+0300][1824.101s][info ][gc] GC(60750) Pause Young (Allocation Failure) 65M->65M(75M) 24.657ms
[2020-08-10T13:14:44.573+0300][1824.115s][info ][gc] GC(60751) Pause Young (Allocation Failure) 66M->66M(75M) 14.182ms
[2020-08-10T13:14:44.589+0300][1824.131s][info ][gc] GC(60752) Pause Young (Allocation Failure) 67M->67M(75M) 14.607ms
[2020-08-10T13:14:44.604+0300][1824.146s][info ][gc] GC(60753) Pause Young (Allocation Failure) 68M->68M(75M) 14.385ms
[2020-08-10T13:14:44.618+0300][1824.160s][info ][gc] GC(60754) Pause Young (Allocation Failure) 69M->69M(75M) 14.308ms
[2020-08-10T13:14:44.633+0300][1824.175s][info ][gc] GC(60755) Pause Young (Allocation Failure) 70M->70M(75M) 14.190ms
[2020-08-10T13:14:44.648+0300][1824.190s][info ][gc] GC(60756) Pause Young (Allocation Failure) 71M->71M(75M) 14.326ms
[2020-08-10T13:14:44.662+0300][1824.204s][info ][gc] GC(60757) Pause Young (Allocation Failure) 72M->72M(75M) 14.241ms
[2020-08-10T13:14:44.685+0300][1824.227s][info ][gc] GC(60758) Pause Young (Allocation Failure) 73M->73M(75M) 22.036ms
[2020-08-10T13:14:44.900+0300][1824.442s][debug][gc] GC(60759) Expanding ParOldGen from 74752K by 11776K to 86528K
[2020-08-10T13:14:44.900+0300][1824.442s][info ][gc] GC(60759) Pause Full (Ergonomics) 73M->73M(87M) 214.684ms
[2020-08-10T13:14:44.930+0300][1824.472s][info ][gc] GC(60760) Pause Young (Allocation Failure) 74M->74M(87M) 29.873ms
[2020-08-10T13:14:44.945+0300][1824.487s][info ][gc] GC(60761) Pause Young (Allocation Failure) 75M->75M(87M) 14.130ms
[2020-08-10T13:14:44.959+0300][1824.501s][info ][gc] GC(60762) Pause Young (Allocation Failure) 76M->76M(87M) 14.158ms
[2020-08-10T13:14:44.974+0300][1824.516s][info ][gc] GC(60763) Pause Young (Allocation Failure) 77M->77M(87M) 14.145ms
[2020-08-10T13:14:44.989+0300][1824.531s][info ][gc] GC(60764) Pause Young (Allocation Failure) 78M->78M(87M) 14.395ms
[2020-08-10T13:14:45.003+0300][1824.545s][info ][gc] GC(60765) Pause Young (Allocation Failure) 79M->79M(87M) 14.174ms
[2020-08-10T13:14:45.018+0300][1824.560s][info ][gc] GC(60766) Pause Young (Allocation Failure) 80M->80M(87M) 14.391ms
[2020-08-10T13:14:45.033+0300][1824.575s][info ][gc] GC(60767) Pause Young (Allocation Failure) 81M->81M(87M) 14.463ms
[2020-08-10T13:14:45.060+0300][1824.602s][info ][gc] GC(60768) Pause Young (Allocation Failure) 82M->81M(87M) 26.121ms
[2020-08-10T13:14:45.075+0300][1824.617s][info ][gc] GC(60769) Pause Young (Allocation Failure) 82M->82M(87M) 14.456ms
[2020-08-10T13:14:45.101+0300][1824.643s][info ][gc] GC(60770) Pause Young (Allocation Failure) 83M->83M(87M) 25.790ms
[2020-08-10T13:14:45.117+0300][1824.659s][info ][gc] GC(60771) Pause Young (Allocation Failure) 84M->84M(87M) 14.733ms
[2020-08-10T13:14:45.383+0300][1824.925s][debug][gc] GC(60772) Expanding ParOldGen from 86528K by 11264K to 97792K
[2020-08-10T13:14:45.383+0300][1824.925s][info ][gc] GC(60772) Pause Full (Ergonomics) 84M->84M(98M) 265.746ms
[2020-08-10T13:14:45.418+0300][1824.960s][info ][gc] GC(60773) Pause Young (Allocation Failure) 85M->85M(98M) 34.836ms
[2020-08-10T13:14:45.433+0300][1824.975s][info ][gc] GC(60774) Pause Young (Allocation Failure) 86M->86M(98M) 14.795ms
[2020-08-10T13:14:45.448+0300][1824.990s][info ][gc] GC(60775) Pause Young (Allocation Failure) 87M->87M(98M) 14.536ms
[2020-08-10T13:14:45.464+0300][1825.006s][info ][gc] GC(60776) Pause Young (Allocation Failure) 88M->88M(98M) 15.051ms
[2020-08-10T13:14:45.479+0300][1825.021s][info ][gc] GC(60777) Pause Young (Allocation Failure) 89M->89M(98M) 14.968ms
[2020-08-10T13:14:45.495+0300][1825.037s][info ][gc] GC(60778) Pause Young (Allocation Failure) 90M->90M(98M) 15.086ms
[2020-08-10T13:14:45.510+0300][1825.052s][info ][gc] GC(60779) Pause Young (Allocation Failure) 91M->91M(98M) 14.978ms
[2020-08-10T13:14:45.526+0300][1825.068s][info ][gc] GC(60780) Pause Young (Allocation Failure) 92M->92M(97M) 15.115ms
[2020-08-10T13:14:45.550+0300][1825.092s][info ][gc] GC(60781) Pause Young (Allocation Failure) 93M->93M(97M) 23.049ms
[2020-08-10T13:14:45.566+0300][1825.108s][info ][gc] GC(60782) Pause Young (Allocation Failure) 94M->94M(98M) 15.563ms
[2020-08-10T13:14:45.583+0300][1825.125s][info ][gc] GC(60783) Pause Young (Allocation Failure) 95M->95M(98M) 16.001ms
[2020-08-10T13:14:45.599+0300][1825.141s][info ][gc] GC(60784) Pause Young (Allocation Failure) 96M->96M(98M) 15.505ms
[2020-08-10T13:14:45.899+0300][1825.441s][debug][gc] GC(60785) Expanding ParOldGen from 97792K by 11264K to 109056K
[2020-08-10T13:14:45.900+0300][1825.442s][info ][gc] GC(60785) Pause Full (Ergonomics) 96M->95M(109M) 300.882ms
[2020-08-10T13:14:45.936+0300][1825.478s][info ][gc] GC(60786) Pause Young (Allocation Failure) 96M->96M(108M) 35.813ms
[2020-08-10T13:14:45.952+0300][1825.494s][info ][gc] GC(60787) Pause Young (Allocation Failure) 97M->97M(108M) 15.657ms
[2020-08-10T13:14:45.968+0300][1825.510s][info ][gc] GC(60788) Pause Young (Allocation Failure) 98M->98M(108M) 15.604ms
[2020-08-10T13:14:45.984+0300][1825.526s][info ][gc] GC(60789) Pause Young (Allocation Failure) 99M->99M(108M) 15.954ms
[2020-08-10T13:14:45.999+0300][1825.541s][info ][gc] GC(60790) Pause Young (Allocation Failure) 100M->100M(108M) 14.587ms
[2020-08-10T13:14:46.013+0300][1825.555s][info ][gc] GC(60791) Pause Young (Allocation Failure) 100M->100M(108M) 13.798ms
[2020-08-10T13:14:46.027+0300][1825.569s][info ][gc] GC(60792) Pause Young (Allocation Failure) 101M->101M(108M) 13.713ms
[2020-08-10T13:14:46.042+0300][1825.584s][info ][gc] GC(60793) Pause Young (Allocation Failure) 101M->101M(108M) 13.990ms
[2020-08-10T13:14:46.061+0300][1825.603s][info ][gc] GC(60794) Pause Young (Allocation Failure) 102M->102M(108M) 19.238ms
[2020-08-10T13:14:46.076+0300][1825.618s][info ][gc] GC(60795) Pause Young (Allocation Failure) 102M->102M(108M) 14.055ms
[2020-08-10T13:14:46.090+0300][1825.633s][info ][gc] GC(60796) Pause Young (Allocation Failure) 103M->102M(108M) 14.047ms
[2020-08-10T13:14:46.105+0300][1825.647s][info ][gc] GC(60797) Pause Young (Allocation Failure) 103M->103M(108M) 13.928ms
[2020-08-10T13:14:46.119+0300][1825.661s][info ][gc] GC(60798) Pause Young (Allocation Failure) 103M->103M(108M) 13.887ms
[2020-08-10T13:14:46.148+0300][1825.691s][info ][gc] GC(60799) Pause Young (Allocation Failure) 104M->104M(108M) 28.858ms
[2020-08-10T13:14:46.163+0300][1825.705s][info ][gc] GC(60800) Pause Young (Allocation Failure) 104M->104M(108M) 14.211ms
[2020-08-10T13:14:46.178+0300][1825.720s][info ][gc] GC(60801) Pause Young (Allocation Failure) 105M->105M(108M) 14.193ms
[2020-08-10T13:14:46.192+0300][1825.734s][info ][gc] GC(60802) Pause Young (Allocation Failure) 105M->105M(108M) 14.048ms
[2020-08-10T13:14:46.206+0300][1825.748s][info ][gc] GC(60803) Pause Young (Allocation Failure) 106M->106M(108M) 14.180ms
[2020-08-10T13:14:46.514+0300][1826.056s][debug][gc] GC(60804) Expanding ParOldGen from 109056K by 11264K to 120320K
[2020-08-10T13:14:46.514+0300][1826.056s][info ][gc] GC(60804) Pause Full (Ergonomics) 106M->106M(119M) 307.256ms
[2020-08-10T13:14:46.535+0300][1826.077s][info ][gc] GC(60805) Pause Young (Allocation Failure) 106M->106M(119M) 20.402ms
[2020-08-10T13:14:46.548+0300][1826.090s][info ][gc] GC(60806) Pause Young (Allocation Failure) 107M->107M(119M) 13.425ms
[2020-08-10T13:14:46.576+0300][1826.118s][info ][gc] GC(60807) Pause Young (Allocation Failure) 107M->107M(118M) 27.562ms
[2020-08-10T13:14:46.591+0300][1826.133s][info ][gc] GC(60808) Pause Young (Allocation Failure) 107M->107M(119M) 14.061ms
[2020-08-10T13:14:46.606+0300][1826.148s][info ][gc] GC(60809) Pause Young (Allocation Failure) 108M->108M(119M) 14.394ms
[2020-08-10T13:14:46.619+0300][1826.161s][info ][gc] GC(60810) Pause Young (Allocation Failure) 108M->108M(119M) 13.407ms
[2020-08-10T13:14:46.633+0300][1826.175s][info ][gc] GC(60811) Pause Young (Allocation Failure) 109M->109M(119M) 13.482ms
[2020-08-10T13:14:46.647+0300][1826.189s][info ][gc] GC(60812) Pause Young (Allocation Failure) 109M->109M(119M) 13.415ms
[2020-08-10T13:14:46.662+0300][1826.204s][info ][gc] GC(60813) Pause Young (Allocation Failure) 110M->110M(119M) 15.069ms
[2020-08-10T13:14:46.676+0300][1826.218s][info ][gc] GC(60814) Pause Young (Allocation Failure) 110M->110M(119M) 13.680ms
[2020-08-10T13:14:46.692+0300][1826.234s][info ][gc] GC(60815) Pause Young (Allocation Failure) 111M->111M(119M) 15.229ms
[2020-08-10T13:14:46.707+0300][1826.249s][info ][gc] GC(60816) Pause Young (Allocation Failure) 111M->111M(119M) 15.241ms
[2020-08-10T13:14:46.721+0300][1826.263s][info ][gc] GC(60817) Pause Young (Allocation Failure) 112M->112M(119M) 13.639ms
[2020-08-10T13:14:46.737+0300][1826.279s][info ][gc] GC(60818) Pause Young (Allocation Failure) 112M->112M(119M) 15.736ms
[2020-08-10T13:14:46.752+0300][1826.294s][info ][gc] GC(60819) Pause Young (Allocation Failure) 113M->113M(119M) 14.343ms
[2020-08-10T13:14:46.766+0300][1826.308s][info ][gc] GC(60820) Pause Young (Allocation Failure) 113M->113M(119M) 13.900ms
[2020-08-10T13:14:46.781+0300][1826.323s][info ][gc] GC(60821) Pause Young (Allocation Failure) 113M->113M(119M) 14.065ms
[2020-08-10T13:14:46.795+0300][1826.337s][info ][gc] GC(60822) Pause Young (Allocation Failure) 114M->114M(119M) 14.163ms
[2020-08-10T13:14:46.809+0300][1826.351s][info ][gc] GC(60823) Pause Young (Allocation Failure) 114M->114M(119M) 13.943ms
[2020-08-10T13:14:46.824+0300][1826.366s][info ][gc] GC(60824) Pause Young (Allocation Failure) 115M->115M(119M) 14.280ms
[2020-08-10T13:14:46.838+0300][1826.380s][info ][gc] GC(60825) Pause Young (Allocation Failure) 115M->115M(119M) 14.112ms
[2020-08-10T13:14:46.853+0300][1826.395s][info ][gc] GC(60826) Pause Young (Allocation Failure) 116M->116M(119M) 14.034ms
[2020-08-10T13:14:46.873+0300][1826.415s][info ][gc] GC(60827) Pause Young (Allocation Failure) 116M->116M(119M) 19.965ms
[2020-08-10T13:14:46.890+0300][1826.432s][info ][gc] GC(60828) Pause Young (Allocation Failure) 117M->117M(119M) 16.949ms
[2020-08-10T13:14:46.910+0300][1826.452s][info ][gc] GC(60829) Pause Young (Allocation Failure) 117M->117M(119M) 19.358ms
[2020-08-10T13:14:47.241+0300][1826.782s][debug][gc] GC(60830) Expanding ParOldGen from 120320K by 10752K to 131072K
[2020-08-10T13:14:47.241+0300][1826.782s][info ][gc] GC(60830) Pause Full (Ergonomics) 117M->117M(129M) 330.064ms
[2020-08-10T13:14:47.255+0300][1826.796s][info ][gc] GC(60831) Pause Young (Allocation Failure) 117M->117M(129M) 13.573ms
[2020-08-10T13:14:47.271+0300][1826.812s][info ][gc] GC(60832) Pause Young (Allocation Failure) 118M->118M(129M) 15.129ms
[2020-08-10T13:14:47.301+0300][1826.842s][info ][gc] GC(60833) Pause Young (Allocation Failure) 118M->118M(129M) 29.730ms
[2020-08-10T13:14:47.318+0300][1826.859s][info ][gc] GC(60834) Pause Young (Allocation Failure) 119M->119M(129M) 16.673ms
[2020-08-10T13:14:47.351+0300][1826.892s][info ][gc] GC(60835) Pause Young (Allocation Failure) 119M->119M(129M) 32.952ms
[2020-08-10T13:14:47.369+0300][1826.910s][info ][gc] GC(60836) Pause Young (Allocation Failure) 120M->120M(129M) 17.509ms
[2020-08-10T13:14:47.384+0300][1826.925s][info ][gc] GC(60837) Pause Young (Allocation Failure) 120M->120M(129M) 15.046ms
[2020-08-10T13:14:47.407+0300][1826.948s][info ][gc] GC(60838) Pause Young (Allocation Failure) 121M->121M(129M) 22.759ms
[2020-08-10T13:14:47.426+0300][1826.967s][info ][gc] GC(60839) Pause Young (Allocation Failure) 121M->121M(129M) 18.107ms
[2020-08-10T13:14:47.441+0300][1826.982s][info ][gc] GC(60840) Pause Young (Allocation Failure) 122M->122M(129M) 14.988ms
[2020-08-10T13:14:47.457+0300][1826.998s][info ][gc] GC(60841) Pause Young (Allocation Failure) 122M->122M(129M) 14.939ms
[2020-08-10T13:14:47.472+0300][1827.013s][info ][gc] GC(60842) Pause Young (Allocation Failure) 122M->122M(129M) 14.950ms
[2020-08-10T13:14:47.488+0300][1827.029s][info ][gc] GC(60843) Pause Young (Allocation Failure) 123M->123M(129M) 15.316ms
[2020-08-10T13:14:47.503+0300][1827.045s][info ][gc] GC(60844) Pause Young (Allocation Failure) 123M->123M(129M) 15.358ms
[2020-08-10T13:14:47.523+0300][1827.065s][info ][gc] GC(60845) Pause Young (Allocation Failure) 124M->124M(129M) 19.643ms
[2020-08-10T13:14:47.539+0300][1827.080s][info ][gc] GC(60846) Pause Young (Allocation Failure) 124M->124M(129M) 15.178ms
[2020-08-10T13:14:47.554+0300][1827.096s][info ][gc] GC(60847) Pause Young (Allocation Failure) 125M->125M(129M) 15.191ms
[2020-08-10T13:14:47.589+0300][1827.130s][info ][gc] GC(60848) Pause Young (Allocation Failure) 125M->125M(129M) 34.272ms
[2020-08-10T13:14:47.605+0300][1827.146s][info ][gc] GC(60849) Pause Young (Allocation Failure) 126M->126M(129M) 15.301ms
[2020-08-10T13:14:47.621+0300][1827.162s][info ][gc] GC(60850) Pause Young (Allocation Failure) 126M->126M(129M) 15.413ms
[2020-08-10T13:14:47.644+0300][1827.185s][info ][gc] GC(60851) Pause Young (Allocation Failure) 127M->127M(129M) 23.179ms
[2020-08-10T13:14:47.660+0300][1827.201s][info ][gc] GC(60852) Pause Young (Allocation Failure) 127M->127M(129M) 15.323ms
[2020-08-10T13:14:47.675+0300][1827.217s][info ][gc] GC(60853) Pause Young (Allocation Failure) 128M->127M(129M) 15.386ms
[2020-08-10T13:14:47.701+0300][1827.242s][info ][gc] GC(60854) Pause Young (Allocation Failure) 128M->128M(129M) 25.132ms
[2020-08-10T13:14:48.191+0300][1827.732s][debug][gc] GC(60855) Expanding ParOldGen from 131072K by 10752K to 141824K
[2020-08-10T13:14:48.191+0300][1827.732s][info ][gc] GC(60855) Pause Full (Ergonomics) 128M->128M(140M) 490.296ms
[2020-08-10T13:14:48.229+0300][1827.770s][info ][gc] GC(60856) Pause Young (Allocation Failure) 128M->128M(140M) 37.521ms
[2020-08-10T13:14:48.270+0300][1827.811s][info ][gc] GC(60857) Pause Young (Allocation Failure) 129M->129M(140M) 40.421ms
[2020-08-10T13:14:48.286+0300][1827.827s][info ][gc] GC(60858) Pause Young (Allocation Failure) 129M->129M(140M) 15.679ms
[2020-08-10T13:14:48.302+0300][1827.843s][info ][gc] GC(60859) Pause Young (Allocation Failure) 130M->130M(140M) 15.668ms
[2020-08-10T13:14:48.323+0300][1827.865s][info ][gc] GC(60860) Pause Young (Allocation Failure) 130M->130M(140M) 21.130ms
[2020-08-10T13:14:48.339+0300][1827.881s][info ][gc] GC(60861) Pause Young (Allocation Failure) 131M->130M(140M) 15.810ms
[2020-08-10T13:14:48.356+0300][1827.897s][info ][gc] GC(60862) Pause Young (Allocation Failure) 131M->131M(140M) 16.344ms
[2020-08-10T13:14:48.372+0300][1827.914s][info ][gc] GC(60863) Pause Young (Allocation Failure) 131M->131M(140M) 15.901ms
[2020-08-10T13:14:48.388+0300][1827.930s][info ][gc] GC(60864) Pause Young (Allocation Failure) 132M->132M(140M) 15.834ms
[2020-08-10T13:14:48.421+0300][1827.962s][info ][gc] GC(60865) Pause Young (Allocation Failure) 132M->132M(140M) 32.341ms
[2020-08-10T13:14:48.438+0300][1827.979s][info ][gc] GC(60866) Pause Young (Allocation Failure) 133M->133M(140M) 16.258ms
[2020-08-10T13:14:48.454+0300][1827.995s][info ][gc] GC(60867) Pause Young (Allocation Failure) 133M->133M(140M) 16.104ms
[2020-08-10T13:14:48.470+0300][1828.012s][info ][gc] GC(60868) Pause Young (Allocation Failure) 134M->134M(140M) 15.978ms
[2020-08-10T13:14:48.514+0300][1828.055s][info ][gc] GC(60869) Pause Young (Allocation Failure) 134M->134M(140M) 43.514ms
[2020-08-10T13:14:48.552+0300][1828.094s][info ][gc] GC(60870) Pause Young (Allocation Failure) 135M->135M(140M) 37.552ms
[2020-08-10T13:14:48.577+0300][1828.118s][info ][gc] GC(60871) Pause Young (Allocation Failure) 135M->135M(140M) 24.233ms
[2020-08-10T13:14:48.577+0300][1828.118s][debug][gc] Expanding ParOldGen from 141824K by 19968K to 161792K
[2020-08-10T13:14:48.601+0300][1828.143s][info ][gc] GC(60872) Pause Young (Allocation Failure) 155M->154M(159M) 15.725ms
[2020-08-10T13:14:48.616+0300][1828.158s][info ][gc] GC(60873) Pause Young (Allocation Failure) 155M->155M(159M) 14.685ms
[2020-08-10T13:14:48.630+0300][1828.172s][info ][gc] GC(60874) Pause Young (Allocation Failure) 155M->155M(159M) 13.550ms
[2020-08-10T13:14:48.645+0300][1828.186s][info ][gc] GC(60875) Pause Young (Allocation Failure) 156M->156M(159M) 14.017ms
[2020-08-10T13:14:48.659+0300][1828.200s][info ][gc] GC(60876) Pause Young (Allocation Failure) 156M->156M(159M) 14.037ms
[2020-08-10T13:14:48.673+0300][1828.214s][info ][gc] GC(60877) Pause Young (Allocation Failure) 157M->157M(159M) 13.802ms
[2020-08-10T13:14:48.690+0300][1828.231s][info ][gc] GC(60878) Pause Young (Allocation Failure) 157M->157M(159M) 16.414ms
[2020-08-10T13:14:48.706+0300][1828.247s][info ][gc] GC(60879) Pause Young (Allocation Failure) 158M->158M(159M) 15.568ms
[2020-08-10T13:14:48.747+0300][1828.288s][debug][gc] GC(60880) Shrinking ParOldGen from 161792K by 125952K to 35840K
[2020-08-10T13:14:48.747+0300][1828.288s][info ][gc] GC(60880) Pause Full (Ergonomics) 158M->24M(36M) 40.838ms
[2020-08-10T13:14:48.761+0300][1828.302s][info ][gc] GC(60881) Pause Young (Allocation Failure) 24M->24M(36M) 14.089ms
[2020-08-10T13:14:48.787+0300][1828.328s][info ][gc] GC(60882) Pause Young (Allocation Failure) 25M->25M(36M) 25.619ms
[2020-08-10T13:14:48.801+0300][1828.342s][info ][gc] GC(60883) Pause Young (Allocation Failure) 25M->25M(36M) 13.263ms
[2020-08-10T13:14:48.815+0300][1828.356s][info ][gc] GC(60884) Pause Young (Allocation Failure) 26M->26M(36M) 13.430ms
[2020-08-10T13:14:48.828+0300][1828.370s][info ][gc] GC(60885) Pause Young (Allocation Failure) 26M->26M(36M) 13.303ms
[2020-08-10T13:14:48.842+0300][1828.383s][info ][gc] GC(60886) Pause Young (Allocation Failure) 27M->27M(36M) 13.460ms
[2020-08-10T13:14:48.856+0300][1828.397s][info ][gc] GC(60887) Pause Young (Allocation Failure) 27M->27M(36M) 13.278ms
[2020-08-10T13:14:48.870+0300][1828.411s][info ][gc] GC(60888) Pause Young (Allocation Failure) 28M->27M(36M) 13.299ms
[2020-08-10T13:14:48.889+0300][1828.430s][info ][gc] GC(60889) Pause Young (Allocation Failure) 28M->28M(36M) 19.078ms
[2020-08-10T13:14:48.903+0300][1828.445s][info ][gc] GC(60890) Pause Young (Allocation Failure) 29M->29M(37M) 13.728ms
[2020-08-10T13:14:48.918+0300][1828.459s][info ][gc] GC(60891) Pause Young (Allocation Failure) 30M->30M(37M) 13.806ms
[2020-08-10T13:14:48.932+0300][1828.473s][info ][gc] GC(60892) Pause Young (Allocation Failure) 31M->31M(37M) 13.905ms
[2020-08-10T13:14:48.953+0300][1828.494s][info ][gc] GC(60893) Pause Young (Allocation Failure) 32M->32M(37M) 20.464ms
[2020-08-10T13:14:48.968+0300][1828.509s][info ][gc] GC(60894) Pause Young (Allocation Failure) 33M->33M(37M) 14.073ms
[2020-08-10T13:14:48.982+0300][1828.524s][info ][gc] GC(60895) Pause Young (Allocation Failure) 34M->34M(37M) 13.951ms
[2020-08-10T13:14:48.997+0300][1828.538s][info ][gc] GC(60896) Pause Young (Allocation Failure) 35M->35M(37M) 13.891ms
[2020-08-10T13:14:49.093+0300][1828.634s][debug][gc] GC(60897) Expanding ParOldGen from 35840K by 11776K to 47616K
[2020-08-10T13:14:49.093+0300][1828.634s][info ][gc] GC(60897) Pause Full (Ergonomics) 35M->35M(49M) 96.117ms
[2020-08-10T13:14:49.116+0300][1828.657s][info ][gc] GC(60898) Pause Young (Allocation Failure) 36M->36M(49M) 22.421ms
[2020-08-10T13:14:49.135+0300][1828.676s][info ][gc] GC(60899) Pause Young (Allocation Failure) 37M->37M(49M) 18.956ms
[2020-08-10T13:14:49.149+0300][1828.691s][info ][gc] GC(60900) Pause Young (Allocation Failure) 38M->38M(49M) 13.902ms
[2020-08-10T13:14:49.164+0300][1828.705s][info ][gc] GC(60901) Pause Young (Allocation Failure) 39M->39M(49M) 14.007ms
[2020-08-10T13:14:49.180+0300][1828.722s][info ][gc] GC(60902) Pause Young (Allocation Failure) 40M->40M(49M) 16.006ms
[2020-08-10T13:14:49.195+0300][1828.736s][info ][gc] GC(60903) Pause Young (Allocation Failure) 41M->40M(49M) 13.972ms
[2020-08-10T13:14:49.224+0300][1828.766s][info ][gc] GC(60904) Pause Young (Allocation Failure) 41M->41M(49M) 29.419ms
[2020-08-10T13:14:49.239+0300][1828.780s][info ][gc] GC(60905) Pause Young (Allocation Failure) 42M->42M(49M) 14.216ms
[2020-08-10T13:14:49.254+0300][1828.795s][info ][gc] GC(60906) Pause Young (Allocation Failure) 43M->43M(49M) 14.145ms
[2020-08-10T13:14:49.268+0300][1828.810s][info ][gc] GC(60907) Pause Young (Allocation Failure) 44M->44M(49M) 14.146ms
[2020-08-10T13:14:49.283+0300][1828.824s][info ][gc] GC(60908) Pause Young (Allocation Failure) 45M->45M(49M) 13.889ms
[2020-08-10T13:14:49.298+0300][1828.839s][info ][gc] GC(60909) Pause Young (Allocation Failure) 46M->46M(49M) 13.963ms
[2020-08-10T13:14:49.439+0300][1828.980s][debug][gc] GC(60910) Expanding ParOldGen from 47616K by 11776K to 59392K
[2020-08-10T13:14:49.439+0300][1828.980s][info ][gc] GC(60910) Pause Full (Ergonomics) 46M->46M(60M) 141.366ms
[2020-08-10T13:14:49.453+0300][1828.995s][info ][gc] GC(60911) Pause Young (Allocation Failure) 47M->47M(60M) 13.744ms
[2020-08-10T13:14:49.472+0300][1829.013s][info ][gc] GC(60912) Pause Young (Allocation Failure) 48M->48M(60M) 18.402ms
[2020-08-10T13:14:49.487+0300][1829.028s][info ][gc] GC(60913) Pause Young (Allocation Failure) 49M->49M(60M) 13.818ms
[2020-08-10T13:14:49.501+0300][1829.042s][info ][gc] GC(60914) Pause Young (Allocation Failure) 50M->50M(60M) 13.819ms
[2020-08-10T13:14:49.515+0300][1829.056s][info ][gc] GC(60915) Pause Young (Allocation Failure) 51M->51M(60M) 13.694ms
[2020-08-10T13:14:49.529+0300][1829.071s][info ][gc] GC(60916) Pause Young (Allocation Failure) 52M->52M(60M) 13.812ms
[2020-08-10T13:14:49.544+0300][1829.085s][info ][gc] GC(60917) Pause Young (Allocation Failure) 53M->53M(60M) 13.870ms
[2020-08-10T13:14:49.558+0300][1829.099s][info ][gc] GC(60918) Pause Young (Allocation Failure) 54M->53M(60M) 13.661ms
[2020-08-10T13:14:49.572+0300][1829.113s][info ][gc] GC(60919) Pause Young (Allocation Failure) 54M->54M(60M) 13.803ms
[2020-08-10T13:14:49.591+0300][1829.132s][info ][gc] GC(60920) Pause Young (Allocation Failure) 55M->55M(60M) 18.482ms
[2020-08-10T13:14:49.605+0300][1829.146s][info ][gc] GC(60921) Pause Young (Allocation Failure) 56M->56M(60M) 13.833ms
[2020-08-10T13:14:49.619+0300][1829.161s][info ][gc] GC(60922) Pause Young (Allocation Failure) 57M->57M(60M) 13.733ms
[2020-08-10T13:14:49.782+0300][1829.324s][debug][gc] GC(60923) Expanding ParOldGen from 59392K by 11264K to 70656K
[2020-08-10T13:14:49.782+0300][1829.324s][info ][gc] GC(60923) Pause Full (Ergonomics) 57M->57M(71M) 162.960ms
[2020-08-10T13:14:49.797+0300][1829.338s][info ][gc] GC(60924) Pause Young (Allocation Failure) 58M->58M(71M) 13.682ms
[2020-08-10T13:14:49.814+0300][1829.356s][info ][gc] GC(60925) Pause Young (Allocation Failure) 59M->59M(71M) 17.286ms
[2020-08-10T13:14:49.829+0300][1829.370s][info ][gc] GC(60926) Pause Young (Allocation Failure) 60M->60M(71M) 13.792ms
[2020-08-10T13:14:49.844+0300][1829.385s][info ][gc] GC(60927) Pause Young (Allocation Failure) 61M->61M(71M) 14.326ms
[2020-08-10T13:14:49.858+0300][1829.400s][info ][gc] GC(60928) Pause Young (Allocation Failure) 62M->62M(71M) 14.126ms
[2020-08-10T13:14:49.873+0300][1829.414s][info ][gc] GC(60929) Pause Young (Allocation Failure) 63M->63M(71M) 14.033ms
[2020-08-10T13:14:49.887+0300][1829.429s][info ][gc] GC(60930) Pause Young (Allocation Failure) 64M->64M(71M) 13.883ms
[2020-08-10T13:14:49.906+0300][1829.447s][info ][gc] GC(60931) Pause Young (Allocation Failure) 65M->65M(71M) 17.714ms
[2020-08-10T13:14:49.920+0300][1829.461s][info ][gc] GC(60932) Pause Young (Allocation Failure) 66M->66M(71M) 13.819ms
[2020-08-10T13:14:49.934+0300][1829.476s][info ][gc] GC(60933) Pause Young (Allocation Failure) 67M->66M(71M) 14.002ms
[2020-08-10T13:14:49.960+0300][1829.501s][info ][gc] GC(60934) Pause Young (Allocation Failure) 67M->67M(71M) 24.791ms
[2020-08-10T13:14:49.974+0300][1829.516s][info ][gc] GC(60935) Pause Young (Allocation Failure) 68M->68M(71M) 14.195ms
[2020-08-10T13:14:50.191+0300][1829.732s][debug][gc] GC(60936) Expanding ParOldGen from 70656K by 11264K to 81920K
[2020-08-10T13:14:50.191+0300][1829.733s][info ][gc] GC(60936) Pause Full (Ergonomics) 68M->68M(82M) 216.568ms
[2020-08-10T13:14:50.206+0300][1829.747s][info ][gc] GC(60937) Pause Young (Allocation Failure) 69M->69M(82M) 13.793ms
[2020-08-10T13:14:50.225+0300][1829.766s][info ][gc] GC(60938) Pause Young (Allocation Failure) 70M->70M(82M) 18.461ms
[2020-08-10T13:14:50.254+0300][1829.795s][info ][gc] GC(60939) Pause Young (Allocation Failure) 71M->71M(82M) 28.384ms
[2020-08-10T13:14:50.270+0300][1829.811s][info ][gc] GC(60940) Pause Young (Allocation Failure) 72M->72M(82M) 15.791ms
[2020-08-10T13:14:50.288+0300][1829.829s][info ][gc] GC(60941) Pause Young (Allocation Failure) 73M->73M(82M) 17.865ms
[2020-08-10T13:14:50.303+0300][1829.844s][info ][gc] GC(60942) Pause Young (Allocation Failure) 74M->74M(82M) 14.198ms
[2020-08-10T13:14:50.322+0300][1829.864s][info ][gc] GC(60943) Pause Young (Allocation Failure) 75M->75M(82M) 18.685ms
[2020-08-10T13:14:50.337+0300][1829.878s][info ][gc] GC(60944) Pause Young (Allocation Failure) 76M->76M(82M) 14.176ms
[2020-08-10T13:14:50.352+0300][1829.893s][info ][gc] GC(60945) Pause Young (Allocation Failure) 77M->77M(82M) 14.152ms
[2020-08-10T13:14:50.366+0300][1829.908s][info ][gc] GC(60946) Pause Young (Allocation Failure) 78M->78M(82M) 14.163ms
[2020-08-10T13:14:50.381+0300][1829.922s][info ][gc] GC(60947) Pause Young (Allocation Failure) 79M->79M(82M) 14.135ms
[2020-08-10T13:14:50.396+0300][1829.937s][info ][gc] GC(60948) Pause Young (Allocation Failure) 80M->80M(82M) 14.089ms
[2020-08-10T13:14:50.661+0300][1830.202s][debug][gc] GC(60949) Expanding ParOldGen from 81920K by 11776K to 93696K
[2020-08-10T13:14:50.661+0300][1830.202s][info ][gc] GC(60949) Pause Full (Ergonomics) 80M->79M(94M) 265.372ms
[2020-08-10T13:14:50.675+0300][1830.217s][info ][gc] GC(60950) Pause Young (Allocation Failure) 80M->80M(94M) 13.922ms
[2020-08-10T13:14:50.690+0300][1830.231s][info ][gc] GC(60951) Pause Young (Allocation Failure) 81M->81M(94M) 14.134ms
[2020-08-10T13:14:50.704+0300][1830.246s][info ][gc] GC(60952) Pause Young (Allocation Failure) 82M->82M(94M) 13.975ms
[2020-08-10T13:14:50.719+0300][1830.261s][info ][gc] GC(60953) Pause Young (Allocation Failure) 83M->83M(94M) 14.575ms
[2020-08-10T13:14:50.735+0300][1830.276s][info ][gc] GC(60954) Pause Young (Allocation Failure) 84M->84M(94M) 14.844ms
[2020-08-10T13:14:50.749+0300][1830.291s][info ][gc] GC(60955) Pause Young (Allocation Failure) 85M->85M(94M) 14.200ms
[2020-08-10T13:14:50.764+0300][1830.305s][info ][gc] GC(60956) Pause Young (Allocation Failure) 86M->86M(94M) 14.363ms
[2020-08-10T13:14:50.779+0300][1830.320s][info ][gc] GC(60957) Pause Young (Allocation Failure) 87M->87M(94M) 14.257ms
[2020-08-10T13:14:50.794+0300][1830.335s][info ][gc] GC(60958) Pause Young (Allocation Failure) 88M->88M(94M) 14.548ms
[2020-08-10T13:14:50.809+0300][1830.350s][info ][gc] GC(60959) Pause Young (Allocation Failure) 89M->89M(94M) 14.454ms
[2020-08-10T13:14:50.824+0300][1830.365s][info ][gc] GC(60960) Pause Young (Allocation Failure) 90M->90M(94M) 14.867ms
[2020-08-10T13:14:50.839+0300][1830.380s][info ][gc] GC(60961) Pause Young (Allocation Failure) 91M->91M(94M) 14.674ms
[2020-08-10T13:14:51.118+0300][1830.660s][debug][gc] GC(60962) Expanding ParOldGen from 93696K by 11264K to 104960K
[2020-08-10T13:14:51.119+0300][1830.660s][info ][gc] GC(60962) Pause Full (Ergonomics) 91M->91M(105M) 279.529ms
[2020-08-10T13:14:51.133+0300][1830.674s][info ][gc] GC(60963) Pause Young (Allocation Failure) 92M->92M(105M) 13.619ms
[2020-08-10T13:14:51.148+0300][1830.690s][info ][gc] GC(60964) Pause Young (Allocation Failure) 93M->93M(105M) 15.051ms
[2020-08-10T13:14:51.164+0300][1830.705s][info ][gc] GC(60965) Pause Young (Allocation Failure) 94M->94M(105M) 15.015ms
[2020-08-10T13:14:51.180+0300][1830.721s][info ][gc] GC(60966) Pause Young (Allocation Failure) 95M->95M(105M) 15.284ms
[2020-08-10T13:14:51.195+0300][1830.737s][info ][gc] GC(60967) Pause Young (Allocation Failure) 96M->95M(105M) 15.178ms
[2020-08-10T13:14:51.211+0300][1830.753s][info ][gc] GC(60968) Pause Young (Allocation Failure) 96M->96M(105M) 15.445ms
[2020-08-10T13:14:51.248+0300][1830.789s][info ][gc] GC(60969) Pause Young (Allocation Failure) 97M->97M(105M) 35.854ms
[2020-08-10T13:14:51.264+0300][1830.805s][info ][gc] GC(60970) Pause Young (Allocation Failure) 98M->98M(105M) 15.567ms
[2020-08-10T13:14:51.280+0300][1830.821s][info ][gc] GC(60971) Pause Young (Allocation Failure) 99M->99M(105M) 15.644ms
[2020-08-10T13:14:51.296+0300][1830.837s][info ][gc] GC(60972) Pause Young (Allocation Failure) 100M->100M(105M) 15.670ms
[2020-08-10T13:14:51.325+0300][1830.866s][info ][gc] GC(60973) Pause Young (Allocation Failure) 101M->101M(105M) 28.547ms
[2020-08-10T13:14:51.341+0300][1830.883s][info ][gc] GC(60974) Pause Young (Allocation Failure) 102M->102M(105M) 15.934ms
[2020-08-10T13:14:51.608+0300][1831.150s][debug][gc] GC(60975) Expanding ParOldGen from 104960K by 11264K to 116224K
[2020-08-10T13:14:51.608+0300][1831.150s][info ][gc] GC(60975) Pause Full (Ergonomics) 102M->102M(116M) 267.024ms
[2020-08-10T13:14:51.652+0300][1831.194s][info ][gc] GC(60976) Pause Young (Allocation Failure) 103M->103M(116M) 43.591ms
[2020-08-10T13:14:51.670+0300][1831.211s][info ][gc] GC(60977) Pause Young (Allocation Failure) 104M->104M(116M) 16.608ms
[2020-08-10T13:14:51.695+0300][1831.236s][info ][gc] GC(60978) Pause Young (Allocation Failure) 105M->105M(115M) 24.840ms
[2020-08-10T13:14:51.712+0300][1831.254s][info ][gc] GC(60979) Pause Young (Allocation Failure) 106M->106M(115M) 16.774ms
[2020-08-10T13:14:51.730+0300][1831.271s][info ][gc] GC(60980) Pause Young (Allocation Failure) 107M->107M(115M) 17.060ms
[2020-08-10T13:14:51.754+0300][1831.296s][info ][gc] GC(60981) Pause Young (Allocation Failure) 108M->108M(116M) 23.775ms
[2020-08-10T13:14:51.772+0300][1831.313s][info ][gc] GC(60982) Pause Young (Allocation Failure) 109M->109M(116M) 16.921ms
[2020-08-10T13:14:51.807+0300][1831.349s][info ][gc] GC(60983) Pause Young (Allocation Failure) 110M->110M(116M) 35.300ms
[2020-08-10T13:14:51.834+0300][1831.375s][info ][gc] GC(60984) Pause Young (Allocation Failure) 111M->111M(116M) 25.709ms
[2020-08-10T13:14:51.851+0300][1831.393s][info ][gc] GC(60985) Pause Young (Allocation Failure) 112M->112M(116M) 16.998ms
[2020-08-10T13:14:51.882+0300][1831.423s][info ][gc] GC(60986) Pause Young (Allocation Failure) 113M->113M(116M) 30.186ms
[2020-08-10T13:14:51.900+0300][1831.441s][info ][gc] GC(60987) Pause Young (Allocation Failure) 114M->113M(116M) 17.430ms
[2020-08-10T13:14:52.253+0300][1831.795s][debug][gc] GC(60988) Expanding ParOldGen from 116224K by 11776K to 128000K
[2020-08-10T13:14:52.253+0300][1831.795s][info ][gc] GC(60988) Pause Full (Ergonomics) 113M->113M(127M) 353.698ms
[2020-08-10T13:14:52.303+0300][1831.844s][info ][gc] GC(60989) Pause Young (Allocation Failure) 114M->114M(127M) 48.751ms
[2020-08-10T13:14:52.321+0300][1831.863s][info ][gc] GC(60990) Pause Young (Allocation Failure) 115M->115M(127M) 17.634ms
[2020-08-10T13:14:52.340+0300][1831.881s][info ][gc] GC(60991) Pause Young (Allocation Failure) 116M->116M(127M) 18.145ms
[2020-08-10T13:14:52.358+0300][1831.899s][info ][gc] GC(60992) Pause Young (Allocation Failure) 117M->117M(127M) 17.845ms
[2020-08-10T13:14:52.376+0300][1831.917s][info ][gc] GC(60993) Pause Young (Allocation Failure) 118M->118M(127M) 17.564ms
[2020-08-10T13:14:52.394+0300][1831.935s][info ][gc] GC(60994) Pause Young (Allocation Failure) 119M->119M(127M) 17.709ms
[2020-08-10T13:14:52.417+0300][1831.959s][info ][gc] GC(60995) Pause Young (Allocation Failure) 120M->120M(127M) 22.884ms
[2020-08-10T13:14:52.444+0300][1831.985s][info ][gc] GC(60996) Pause Young (Allocation Failure) 121M->121M(127M) 25.923ms
[2020-08-10T13:14:52.463+0300][1832.004s][info ][gc] GC(60997) Pause Young (Allocation Failure) 122M->122M(127M) 18.640ms
[2020-08-10T13:14:52.503+0300][1832.044s][info ][gc] GC(60998) Pause Young (Allocation Failure) 123M->123M(127M) 39.834ms
[2020-08-10T13:14:52.528+0300][1832.069s][info ][gc] GC(60999) Pause Young (Allocation Failure) 124M->124M(127M) 24.382ms
[2020-08-10T13:14:52.557+0300][1832.098s][info ][gc] GC(61000) Pause Young (Allocation Failure) 125M->125M(127M) 28.651ms
[2020-08-10T13:14:53.049+0300][1832.590s][debug][gc] GC(61001) Expanding ParOldGen from 128000K by 11264K to 139264K
[2020-08-10T13:14:53.049+0300][1832.590s][info ][gc] GC(61001) Pause Full (Ergonomics) 125M->125M(138M) 491.837ms
[2020-08-10T13:14:53.083+0300][1832.624s][info ][gc] GC(61002) Pause Young (Allocation Failure) 126M->126M(138M) 33.840ms
[2020-08-10T13:14:53.103+0300][1832.645s][info ][gc] GC(61003) Pause Young (Allocation Failure) 127M->127M(138M) 19.745ms
[2020-08-10T13:14:53.133+0300][1832.675s][info ][gc] GC(61004) Pause Young (Allocation Failure) 128M->128M(138M) 29.567ms
[2020-08-10T13:14:53.181+0300][1832.723s][info ][gc] GC(61005) Pause Young (Allocation Failure) 129M->128M(138M) 47.896ms
[2020-08-10T13:14:53.201+0300][1832.743s][info ][gc] GC(61006) Pause Young (Allocation Failure) 129M->129M(138M) 19.068ms
[2020-08-10T13:14:53.242+0300][1832.783s][info ][gc] GC(61007) Pause Young (Allocation Failure) 130M->130M(138M) 40.444ms
[2020-08-10T13:14:53.268+0300][1832.809s][info ][gc] GC(61008) Pause Young (Allocation Failure) 131M->131M(138M) 25.270ms
[2020-08-10T13:14:53.294+0300][1832.836s][info ][gc] GC(61009) Pause Young (Allocation Failure) 132M->132M(138M) 26.026ms
[2020-08-10T13:14:53.325+0300][1832.866s][info ][gc] GC(61010) Pause Young (Allocation Failure) 133M->133M(138M) 30.227ms
[2020-08-10T13:14:53.350+0300][1832.892s][info ][gc] GC(61011) Pause Young (Allocation Failure) 134M->134M(138M) 24.996ms
[2020-08-10T13:14:53.382+0300][1832.924s][info ][gc] GC(61012) Pause Young (Allocation Failure) 135M->135M(138M) 31.615ms
[2020-08-10T13:14:53.382+0300][1832.924s][debug][gc] Expanding ParOldGen from 139264K by 19968K to 159232K
[2020-08-10T13:14:53.408+0300][1832.949s][info ][gc] GC(61013) Pause Young (Allocation Failure) 155M->155M(158M) 16.986ms
[2020-08-10T13:14:53.440+0300][1832.981s][debug][gc] GC(61014) Shrinking ParOldGen from 159232K by 124928K to 34304K
[2020-08-10T13:14:53.440+0300][1832.981s][info ][gc] GC(61014) Pause Full (Ergonomics) 155M->21M(36M) 31.904ms
[2020-08-10T13:14:53.454+0300][1832.995s][info ][gc] GC(61015) Pause Young (Allocation Failure) 22M->22M(36M) 13.766ms
[2020-08-10T13:14:53.469+0300][1833.010s][info ][gc] GC(61016) Pause Young (Allocation Failure) 23M->23M(36M) 14.390ms
[2020-08-10T13:14:53.487+0300][1833.028s][info ][gc] GC(61017) Pause Young (Allocation Failure) 24M->24M(36M) 17.780ms
[2020-08-10T13:14:53.501+0300][1833.043s][info ][gc] GC(61018) Pause Young (Allocation Failure) 25M->25M(36M) 13.930ms
[2020-08-10T13:14:53.516+0300][1833.057s][info ][gc] GC(61019) Pause Young (Allocation Failure) 26M->26M(36M) 14.009ms
[2020-08-10T13:14:53.530+0300][1833.071s][info ][gc] GC(61020) Pause Young (Allocation Failure) 27M->27M(36M) 13.813ms
[2020-08-10T13:14:53.544+0300][1833.085s][info ][gc] GC(61021) Pause Young (Allocation Failure) 28M->28M(36M) 13.637ms
[2020-08-10T13:14:53.558+0300][1833.099s][info ][gc] GC(61022) Pause Young (Allocation Failure) 29M->29M(36M) 13.693ms
[2020-08-10T13:14:53.572+0300][1833.114s][info ][gc] GC(61023) Pause Young (Allocation Failure) 30M->30M(36M) 14.037ms
[2020-08-10T13:14:53.589+0300][1833.130s][info ][gc] GC(61024) Pause Young (Allocation Failure) 31M->31M(36M) 15.910ms
[2020-08-10T13:14:53.603+0300][1833.145s][info ][gc] GC(61025) Pause Young (Allocation Failure) 32M->32M(36M) 13.984ms
[2020-08-10T13:14:53.618+0300][1833.159s][info ][gc] GC(61026) Pause Young (Allocation Failure) 33M->33M(36M) 13.947ms
[2020-08-10T13:14:53.632+0300][1833.173s][info ][gc] GC(61027) Pause Young (Allocation Failure) 34M->34M(36M) 13.890ms
[2020-08-10T13:14:53.694+0300][1833.235s][debug][gc] GC(61028) Expanding ParOldGen from 34304K by 11264K to 45568K
[2020-08-10T13:14:53.694+0300][1833.235s][info ][gc] GC(61028) Pause Full (Ergonomics) 34M->34M(47M) 62.107ms
[2020-08-10T13:14:53.711+0300][1833.253s][info ][gc] GC(61029) Pause Young (Allocation Failure) 35M->35M(47M) 17.045ms
[2020-08-10T13:14:53.730+0300][1833.271s][info ][gc] GC(61030) Pause Young (Allocation Failure) 36M->36M(47M) 18.037ms
[2020-08-10T13:14:53.745+0300][1833.286s][info ][gc] GC(61031) Pause Young (Allocation Failure) 37M->37M(46M) 14.260ms
[2020-08-10T13:14:53.759+0300][1833.301s][info ][gc] GC(61032) Pause Young (Allocation Failure) 38M->37M(46M) 14.002ms
[2020-08-10T13:14:53.775+0300][1833.316s][info ][gc] GC(61033) Pause Young (Allocation Failure) 38M->38M(46M) 15.381ms
[2020-08-10T13:14:53.789+0300][1833.331s][info ][gc] GC(61034) Pause Young (Allocation Failure) 39M->39M(47M) 13.951ms
[2020-08-10T13:14:53.804+0300][1833.346s][info ][gc] GC(61035) Pause Young (Allocation Failure) 40M->40M(47M) 14.082ms
[2020-08-10T13:14:53.822+0300][1833.363s][info ][gc] GC(61036) Pause Young (Allocation Failure) 41M->41M(47M) 17.229ms
[2020-08-10T13:14:53.836+0300][1833.377s][info ][gc] GC(61037) Pause Young (Allocation Failure) 42M->42M(47M) 13.878ms
[2020-08-10T13:14:53.850+0300][1833.392s][info ][gc] GC(61038) Pause Young (Allocation Failure) 43M->43M(47M) 13.940ms
[2020-08-10T13:14:53.873+0300][1833.414s][info ][gc] GC(61039) Pause Young (Allocation Failure) 44M->44M(47M) 21.917ms
[2020-08-10T13:14:53.987+0300][1833.528s][debug][gc] GC(61040) Expanding ParOldGen from 45568K by 11264K to 56832K
[2020-08-10T13:14:53.987+0300][1833.528s][info ][gc] GC(61040) Pause Full (Ergonomics) 44M->44M(58M) 113.641ms
[2020-08-10T13:14:54.007+0300][1833.548s][info ][gc] GC(61041) Pause Young (Allocation Failure) 45M->45M(58M) 19.677ms
[2020-08-10T13:14:54.022+0300][1833.563s][info ][gc] GC(61042) Pause Young (Allocation Failure) 46M->46M(58M) 14.249ms
[2020-08-10T13:14:54.036+0300][1833.577s][info ][gc] GC(61043) Pause Young (Allocation Failure) 47M->47M(58M) 13.937ms
[2020-08-10T13:14:54.050+0300][1833.592s][info ][gc] GC(61044) Pause Young (Allocation Failure) 48M->48M(58M) 13.770ms
[2020-08-10T13:14:54.064+0300][1833.606s][info ][gc] GC(61045) Pause Young (Allocation Failure) 49M->49M(58M) 13.960ms
[2020-08-10T13:14:54.079+0300][1833.620s][info ][gc] GC(61046) Pause Young (Allocation Failure) 50M->50M(58M) 13.902ms
[2020-08-10T13:14:54.093+0300][1833.635s][info ][gc] GC(61047) Pause Young (Allocation Failure) 51M->51M(58M) 13.937ms
[2020-08-10T13:14:54.107+0300][1833.649s][info ][gc] GC(61048) Pause Young (Allocation Failure) 52M->52M(58M) 13.840ms
[2020-08-10T13:14:54.122+0300][1833.663s][info ][gc] GC(61049) Pause Young (Allocation Failure) 53M->53M(58M) 13.769ms
[2020-08-10T13:14:54.136+0300][1833.678s][info ][gc] GC(61050) Pause Young (Allocation Failure) 54M->54M(58M) 14.096ms
[2020-08-10T13:14:54.150+0300][1833.692s][info ][gc] GC(61051) Pause Young (Allocation Failure) 55M->54M(58M) 13.905ms
[2020-08-10T13:14:54.184+0300][1833.725s][info ][gc] GC(61052) Pause Young (Allocation Failure) 55M->55M(58M) 32.738ms
[2020-08-10T13:14:54.321+0300][1833.862s][debug][gc] GC(61053) Expanding ParOldGen from 56832K by 11264K to 68096K
[2020-08-10T13:14:54.321+0300][1833.862s][info ][gc] GC(61053) Pause Full (Ergonomics) 55M->55M(69M) 137.119ms
[2020-08-10T13:14:54.346+0300][1833.887s][info ][gc] GC(61054) Pause Young (Allocation Failure) 56M->56M(69M) 24.506ms
[2020-08-10T13:14:54.360+0300][1833.902s][info ][gc] GC(61055) Pause Young (Allocation Failure) 57M->57M(69M) 13.921ms
[2020-08-10T13:14:54.375+0300][1833.916s][info ][gc] GC(61056) Pause Young (Allocation Failure) 58M->58M(69M) 14.066ms
[2020-08-10T13:14:54.389+0300][1833.931s][info ][gc] GC(61057) Pause Young (Allocation Failure) 59M->59M(69M) 14.115ms
[2020-08-10T13:14:54.404+0300][1833.945s][info ][gc] GC(61058) Pause Young (Allocation Failure) 60M->60M(69M) 13.971ms
[2020-08-10T13:14:54.418+0300][1833.960s][info ][gc] GC(61059) Pause Young (Allocation Failure) 61M->61M(69M) 13.950ms
[2020-08-10T13:14:54.445+0300][1833.987s][info ][gc] GC(61060) Pause Young (Allocation Failure) 62M->62M(69M) 26.993ms
[2020-08-10T13:14:54.460+0300][1834.002s][info ][gc] GC(61061) Pause Young (Allocation Failure) 63M->63M(69M) 14.376ms
[2020-08-10T13:14:54.475+0300][1834.017s][info ][gc] GC(61062) Pause Young (Allocation Failure) 64M->64M(69M) 14.488ms
[2020-08-10T13:14:54.499+0300][1834.041s][info ][gc] GC(61063) Pause Young (Allocation Failure) 65M->65M(69M) 23.178ms
[2020-08-10T13:14:54.514+0300][1834.056s][info ][gc] GC(61064) Pause Young (Allocation Failure) 66M->66M(69M) 14.218ms
[2020-08-10T13:14:54.529+0300][1834.070s][info ][gc] GC(61065) Pause Young (Allocation Failure) 67M->67M(69M) 14.075ms
[2020-08-10T13:14:54.703+0300][1834.244s][debug][gc] GC(61066) Expanding ParOldGen from 68096K by 11264K to 79360K
[2020-08-10T13:14:54.703+0300][1834.244s][info ][gc] GC(61066) Pause Full (Ergonomics) 67M->67M(80M) 173.989ms
[2020-08-10T13:14:54.732+0300][1834.274s][info ][gc] GC(61067) Pause Young (Allocation Failure) 68M->68M(80M) 28.597ms
[2020-08-10T13:14:54.746+0300][1834.288s][info ][gc] GC(61068) Pause Young (Allocation Failure) 69M->69M(80M) 14.036ms
[2020-08-10T13:14:54.763+0300][1834.305s][info ][gc] GC(61069) Pause Young (Allocation Failure) 70M->69M(80M) 16.270ms
[2020-08-10T13:14:54.777+0300][1834.319s][info ][gc] GC(61070) Pause Young (Allocation Failure) 70M->70M(80M) 14.018ms
[2020-08-10T13:14:54.803+0300][1834.345s][info ][gc] GC(61071) Pause Young (Allocation Failure) 71M->71M(79M) 25.344ms
[2020-08-10T13:14:54.818+0300][1834.359s][info ][gc] GC(61072) Pause Young (Allocation Failure) 72M->72M(79M) 14.108ms
[2020-08-10T13:14:54.839+0300][1834.380s][info ][gc] GC(61073) Pause Young (Allocation Failure) 73M->73M(79M) 20.630ms
[2020-08-10T13:14:54.854+0300][1834.395s][info ][gc] GC(61074) Pause Young (Allocation Failure) 74M->74M(79M) 14.188ms
[2020-08-10T13:14:54.879+0300][1834.421s][info ][gc] GC(61075) Pause Young (Allocation Failure) 75M->75M(79M) 25.427ms
[2020-08-10T13:14:54.894+0300][1834.436s][info ][gc] GC(61076) Pause Young (Allocation Failure) 76M->76M(79M) 14.361ms
[2020-08-10T13:14:54.918+0300][1834.460s][info ][gc] GC(61077) Pause Young (Allocation Failure) 77M->77M(79M) 23.063ms
[2020-08-10T13:14:55.155+0300][1834.696s][debug][gc] GC(61078) Expanding ParOldGen from 79360K by 11264K to 90624K
[2020-08-10T13:14:55.155+0300][1834.697s][info ][gc] GC(61078) Pause Full (Ergonomics) 77M->77M(90M) 236.627ms
[2020-08-10T13:14:55.169+0300][1834.711s][info ][gc] GC(61079) Pause Young (Allocation Failure) 78M->78M(90M) 13.513ms
[2020-08-10T13:14:55.184+0300][1834.725s][info ][gc] GC(61080) Pause Young (Allocation Failure) 79M->79M(90M) 14.006ms
[2020-08-10T13:14:55.198+0300][1834.740s][info ][gc] GC(61081) Pause Young (Allocation Failure) 80M->80M(90M) 14.025ms
[2020-08-10T13:14:55.213+0300][1834.754s][info ][gc] GC(61082) Pause Young (Allocation Failure) 81M->81M(90M) 13.916ms
[2020-08-10T13:14:55.227+0300][1834.769s][info ][gc] GC(61083) Pause Young (Allocation Failure) 82M->82M(90M) 13.913ms
[2020-08-10T13:14:55.241+0300][1834.783s][info ][gc] GC(61084) Pause Young (Allocation Failure) 83M->83M(90M) 13.976ms
[2020-08-10T13:14:55.267+0300][1834.808s][info ][gc] GC(61085) Pause Young (Allocation Failure) 84M->84M(90M) 25.199ms
[2020-08-10T13:14:55.282+0300][1834.824s][info ][gc] GC(61086) Pause Young (Allocation Failure) 85M->85M(90M) 14.491ms
[2020-08-10T13:14:55.297+0300][1834.839s][info ][gc] GC(61087) Pause Young (Allocation Failure) 86M->86M(90M) 14.419ms
[2020-08-10T13:14:55.312+0300][1834.853s][info ][gc] GC(61088) Pause Young (Allocation Failure) 87M->86M(90M) 14.478ms
[2020-08-10T13:14:55.327+0300][1834.868s][info ][gc] GC(61089) Pause Young (Allocation Failure) 87M->87M(90M) 14.450ms
[2020-08-10T13:14:55.353+0300][1834.894s][info ][gc] GC(61090) Pause Young (Allocation Failure) 88M->88M(90M) 25.929ms
[2020-08-10T13:14:55.635+0300][1835.177s][debug][gc] GC(61091) Expanding ParOldGen from 90624K by 11264K to 101888K
[2020-08-10T13:14:55.635+0300][1835.177s][info ][gc] GC(61091) Pause Full (Ergonomics) 88M->88M(101M) 282.113ms
[2020-08-10T13:14:55.674+0300][1835.216s][info ][gc] GC(61092) Pause Young (Allocation Failure) 89M->89M(101M) 38.608ms
[2020-08-10T13:14:55.690+0300][1835.231s][info ][gc] GC(61093) Pause Young (Allocation Failure) 90M->90M(101M) 14.957ms
[2020-08-10T13:14:55.709+0300][1835.250s][info ][gc] GC(61094) Pause Young (Allocation Failure) 91M->91M(101M) 18.547ms
[2020-08-10T13:14:55.724+0300][1835.266s][info ][gc] GC(61095) Pause Young (Allocation Failure) 92M->92M(101M) 15.350ms
[2020-08-10T13:14:55.747+0300][1835.288s][info ][gc] GC(61096) Pause Young (Allocation Failure) 93M->92M(101M) 21.798ms
[2020-08-10T13:14:55.761+0300][1835.303s][info ][gc] GC(61097) Pause Young (Allocation Failure) 93M->93M(101M) 13.964ms
[2020-08-10T13:14:55.775+0300][1835.317s][info ][gc] GC(61098) Pause Young (Allocation Failure) 93M->93M(101M) 13.866ms
[2020-08-10T13:14:55.795+0300][1835.336s][info ][gc] GC(61099) Pause Young (Allocation Failure) 94M->94M(101M) 19.027ms
[2020-08-10T13:14:55.809+0300][1835.350s][info ][gc] GC(61100) Pause Young (Allocation Failure) 94M->94M(101M) 13.848ms
[2020-08-10T13:14:55.823+0300][1835.365s][info ][gc] GC(61101) Pause Young (Allocation Failure) 95M->95M(101M) 13.993ms
[2020-08-10T13:14:55.838+0300][1835.379s][info ][gc] GC(61102) Pause Young (Allocation Failure) 95M->95M(101M) 13.896ms
[2020-08-10T13:14:55.852+0300][1835.393s][info ][gc] GC(61103) Pause Young (Allocation Failure) 96M->96M(101M) 13.739ms
[2020-08-10T13:14:55.866+0300][1835.407s][info ][gc] GC(61104) Pause Young (Allocation Failure) 96M->96M(101M) 13.898ms
[2020-08-10T13:14:55.880+0300][1835.422s][info ][gc] GC(61105) Pause Young (Allocation Failure) 97M->97M(101M) 13.773ms
[2020-08-10T13:14:55.894+0300][1835.436s][info ][gc] GC(61106) Pause Young (Allocation Failure) 97M->97M(101M) 13.883ms
[2020-08-10T13:14:55.909+0300][1835.450s][info ][gc] GC(61107) Pause Young (Allocation Failure) 98M->98M(101M) 13.867ms
[2020-08-10T13:14:55.923+0300][1835.464s][info ][gc] GC(61108) Pause Young (Allocation Failure) 98M->98M(101M) 13.753ms
[2020-08-10T13:14:55.937+0300][1835.478s][info ][gc] GC(61109) Pause Young (Allocation Failure) 99M->98M(101M) 13.944ms
[2020-08-10T13:14:56.211+0300][1835.753s][debug][gc] GC(61110) Expanding ParOldGen from 101888K by 10752K to 112640K
[2020-08-10T13:14:56.211+0300][1835.753s][info ][gc] GC(61110) Pause Full (Ergonomics) 98M->98M(112M) 274.181ms
[2020-08-10T13:14:56.234+0300][1835.776s][info ][gc] GC(61111) Pause Young (Allocation Failure) 99M->99M(112M) 22.295ms
[2020-08-10T13:14:56.262+0300][1835.804s][info ][gc] GC(61112) Pause Young (Allocation Failure) 99M->99M(112M) 27.844ms
[2020-08-10T13:14:56.276+0300][1835.818s][info ][gc] GC(61113) Pause Young (Allocation Failure) 100M->100M(111M) 13.790ms
[2020-08-10T13:14:56.295+0300][1835.837s][info ][gc] GC(61114) Pause Young (Allocation Failure) 100M->100M(111M) 18.580ms
[2020-08-10T13:14:56.309+0300][1835.851s][info ][gc] GC(61115) Pause Young (Allocation Failure) 101M->101M(111M) 13.712ms
[2020-08-10T13:14:56.323+0300][1835.865s][info ][gc] GC(61116) Pause Young (Allocation Failure) 101M->101M(111M) 13.451ms
[2020-08-10T13:14:56.337+0300][1835.879s][info ][gc] GC(61117) Pause Young (Allocation Failure) 102M->102M(111M) 13.443ms
[2020-08-10T13:14:56.356+0300][1835.897s][info ][gc] GC(61118) Pause Young (Allocation Failure) 102M->102M(111M) 18.422ms
[2020-08-10T13:14:56.370+0300][1835.911s][info ][gc] GC(61119) Pause Young (Allocation Failure) 103M->102M(111M) 13.492ms
[2020-08-10T13:14:56.384+0300][1835.925s][info ][gc] GC(61120) Pause Young (Allocation Failure) 103M->103M(111M) 13.607ms
[2020-08-10T13:14:56.398+0300][1835.939s][info ][gc] GC(61121) Pause Young (Allocation Failure) 103M->103M(111M) 13.650ms
[2020-08-10T13:14:56.412+0300][1835.953s][info ][gc] GC(61122) Pause Young (Allocation Failure) 104M->104M(111M) 13.508ms
[2020-08-10T13:14:56.426+0300][1835.967s][info ][gc] GC(61123) Pause Young (Allocation Failure) 104M->104M(111M) 13.643ms
[2020-08-10T13:14:56.445+0300][1835.987s][info ][gc] GC(61124) Pause Young (Allocation Failure) 105M->105M(111M) 18.890ms
[2020-08-10T13:14:56.459+0300][1836.001s][info ][gc] GC(61125) Pause Young (Allocation Failure) 105M->105M(111M) 13.953ms
[2020-08-10T13:14:56.474+0300][1836.015s][info ][gc] GC(61126) Pause Young (Allocation Failure) 106M->106M(111M) 13.661ms
[2020-08-10T13:14:56.488+0300][1836.029s][info ][gc] GC(61127) Pause Young (Allocation Failure) 106M->106M(111M) 13.755ms
[2020-08-10T13:14:56.502+0300][1836.043s][info ][gc] GC(61128) Pause Young (Allocation Failure) 107M->107M(111M) 13.759ms
[2020-08-10T13:14:56.516+0300][1836.058s][info ][gc] GC(61129) Pause Young (Allocation Failure) 107M->107M(111M) 13.882ms
[2020-08-10T13:14:56.530+0300][1836.072s][info ][gc] GC(61130) Pause Young (Allocation Failure) 108M->108M(111M) 13.557ms
[2020-08-10T13:14:56.555+0300][1836.097s][info ][gc] GC(61131) Pause Young (Allocation Failure) 108M->108M(111M) 24.334ms
[2020-08-10T13:14:56.569+0300][1836.110s][info ][gc] GC(61132) Pause Young (Allocation Failure) 108M->108M(111M) 13.398ms
[2020-08-10T13:14:56.583+0300][1836.124s][info ][gc] GC(61133) Pause Young (Allocation Failure) 109M->109M(111M) 13.451ms
[2020-08-10T13:14:56.603+0300][1836.145s][info ][gc] GC(61134) Pause Young (Allocation Failure) 109M->109M(111M) 20.223ms
[2020-08-10T13:14:56.622+0300][1836.163s][info ][gc] GC(61135) Pause Young (Allocation Failure) 110M->110M(111M) 18.527ms
[2020-08-10T13:14:56.953+0300][1836.495s][debug][gc] GC(61136) Expanding ParOldGen from 112640K by 10752K to 123392K
[2020-08-10T13:14:56.953+0300][1836.495s][info ][gc] GC(61136) Pause Full (Ergonomics) 110M->110M(122M) 331.406ms
[2020-08-10T13:14:57.007+0300][1836.549s][info ][gc] GC(61137) Pause Young (Allocation Failure) 110M->110M(122M) 53.387ms
[2020-08-10T13:14:57.033+0300][1836.574s][info ][gc] GC(61138) Pause Young (Allocation Failure) 111M->111M(122M) 24.909ms
[2020-08-10T13:14:57.059+0300][1836.601s][info ][gc] GC(61139) Pause Young (Allocation Failure) 111M->111M(122M) 26.211ms
[2020-08-10T13:14:57.074+0300][1836.616s][info ][gc] GC(61140) Pause Young (Allocation Failure) 111M->111M(122M) 14.421ms
[2020-08-10T13:14:57.090+0300][1836.632s][info ][gc] GC(61141) Pause Young (Allocation Failure) 112M->112M(122M) 15.552ms
[2020-08-10T13:14:57.105+0300][1836.647s][info ][gc] GC(61142) Pause Young (Allocation Failure) 112M->112M(122M) 14.617ms
[2020-08-10T13:14:57.124+0300][1836.666s][info ][gc] GC(61143) Pause Young (Allocation Failure) 113M->113M(122M) 18.640ms
[2020-08-10T13:14:57.141+0300][1836.683s][info ][gc] GC(61144) Pause Young (Allocation Failure) 113M->113M(122M) 16.466ms
[2020-08-10T13:14:57.158+0300][1836.700s][info ][gc] GC(61145) Pause Young (Allocation Failure) 114M->114M(122M) 16.364ms
[2020-08-10T13:14:57.173+0300][1836.715s][info ][gc] GC(61146) Pause Young (Allocation Failure) 114M->114M(122M) 14.480ms
[2020-08-10T13:14:57.188+0300][1836.730s][info ][gc] GC(61147) Pause Young (Allocation Failure) 115M->115M(122M) 14.961ms
[2020-08-10T13:14:57.203+0300][1836.745s][info ][gc] GC(61148) Pause Young (Allocation Failure) 115M->115M(122M) 14.406ms
[2020-08-10T13:14:57.218+0300][1836.760s][info ][gc] GC(61149) Pause Young (Allocation Failure) 116M->116M(122M) 14.670ms
[2020-08-10T13:14:57.233+0300][1836.775s][info ][gc] GC(61150) Pause Young (Allocation Failure) 116M->116M(122M) 14.594ms
[2020-08-10T13:14:57.248+0300][1836.790s][info ][gc] GC(61151) Pause Young (Allocation Failure) 117M->117M(122M) 14.825ms
[2020-08-10T13:14:57.263+0300][1836.805s][info ][gc] GC(61152) Pause Young (Allocation Failure) 117M->117M(122M) 14.585ms
[2020-08-10T13:14:57.278+0300][1836.820s][info ][gc] GC(61153) Pause Young (Allocation Failure) 117M->117M(122M) 14.753ms
[2020-08-10T13:14:57.296+0300][1836.838s][info ][gc] GC(61154) Pause Young (Allocation Failure) 118M->118M(122M) 17.464ms
[2020-08-10T13:14:57.311+0300][1836.853s][info ][gc] GC(61155) Pause Young (Allocation Failure) 118M->118M(122M) 14.712ms
[2020-08-10T13:14:57.326+0300][1836.868s][info ][gc] GC(61156) Pause Young (Allocation Failure) 119M->119M(122M) 14.791ms
[2020-08-10T13:14:57.348+0300][1836.889s][info ][gc] GC(61157) Pause Young (Allocation Failure) 119M->119M(122M) 20.868ms
[2020-08-10T13:14:57.369+0300][1836.911s][info ][gc] GC(61158) Pause Young (Allocation Failure) 120M->120M(122M) 21.019ms
[2020-08-10T13:14:57.384+0300][1836.926s][info ][gc] GC(61159) Pause Young (Allocation Failure) 120M->120M(122M) 14.845ms
[2020-08-10T13:14:57.808+0300][1837.349s][debug][gc] GC(61160) Expanding ParOldGen from 123392K by 10752K to 134144K
[2020-08-10T13:14:57.808+0300][1837.350s][info ][gc] GC(61160) Pause Full (Ergonomics) 120M->120M(132M) 423.570ms
[2020-08-10T13:14:57.825+0300][1837.367s][info ][gc] GC(61161) Pause Young (Allocation Failure) 120M->120M(132M) 16.385ms
[2020-08-10T13:14:57.843+0300][1837.385s][info ][gc] GC(61162) Pause Young (Allocation Failure) 121M->121M(132M) 18.003ms
[2020-08-10T13:14:57.859+0300][1837.400s][info ][gc] GC(61163) Pause Young (Allocation Failure) 121M->121M(132M) 14.987ms
[2020-08-10T13:14:57.879+0300][1837.420s][info ][gc] GC(61164) Pause Young (Allocation Failure) 122M->122M(132M) 19.469ms
[2020-08-10T13:14:57.894+0300][1837.436s][info ][gc] GC(61165) Pause Young (Allocation Failure) 122M->122M(132M) 14.955ms
[2020-08-10T13:14:57.915+0300][1837.457s][info ][gc] GC(61166) Pause Young (Allocation Failure) 123M->123M(132M) 21.088ms
[2020-08-10T13:14:57.931+0300][1837.473s][info ][gc] GC(61167) Pause Young (Allocation Failure) 123M->123M(132M) 15.189ms
[2020-08-10T13:14:57.969+0300][1837.511s][info ][gc] GC(61168) Pause Young (Allocation Failure) 124M->124M(132M) 38.084ms
[2020-08-10T13:14:58.003+0300][1837.545s][info ][gc] GC(61169) Pause Young (Allocation Failure) 124M->124M(132M) 33.166ms
[2020-08-10T13:14:58.024+0300][1837.566s][info ][gc] GC(61170) Pause Young (Allocation Failure) 125M->125M(132M) 20.430ms
[2020-08-10T13:14:58.043+0300][1837.585s][info ][gc] GC(61171) Pause Young (Allocation Failure) 125M->125M(132M) 18.761ms
[2020-08-10T13:14:58.059+0300][1837.601s][info ][gc] GC(61172) Pause Young (Allocation Failure) 126M->126M(132M) 15.414ms
[2020-08-10T13:14:58.077+0300][1837.619s][info ][gc] GC(61173) Pause Young (Allocation Failure) 126M->126M(132M) 18.207ms
[2020-08-10T13:14:58.093+0300][1837.635s][info ][gc] GC(61174) Pause Young (Allocation Failure) 126M->126M(132M) 15.240ms
[2020-08-10T13:14:58.109+0300][1837.650s][info ][gc] GC(61175) Pause Young (Allocation Failure) 127M->127M(132M) 15.294ms
[2020-08-10T13:14:58.127+0300][1837.668s][info ][gc] GC(61176) Pause Young (Allocation Failure) 127M->127M(132M) 17.837ms
[2020-08-10T13:14:58.144+0300][1837.685s][info ][gc] GC(61177) Pause Young (Allocation Failure) 128M->128M(132M) 16.674ms
[2020-08-10T13:14:58.175+0300][1837.717s][info ][gc] GC(61178) Pause Young (Allocation Failure) 128M->128M(132M) 30.821ms
[2020-08-10T13:14:58.191+0300][1837.733s][info ][gc] GC(61179) Pause Young (Allocation Failure) 129M->129M(132M) 15.734ms
[2020-08-10T13:14:58.213+0300][1837.755s][info ][gc] GC(61180) Pause Young (Allocation Failure) 129M->129M(132M) 21.571ms
[2020-08-10T13:14:58.232+0300][1837.773s][info ][gc] GC(61181) Pause Young (Allocation Failure) 130M->130M(132M) 18.130ms
[2020-08-10T13:14:58.253+0300][1837.795s][info ][gc] GC(61182) Pause Young (Allocation Failure) 130M->130M(132M) 21.225ms
[2020-08-10T13:14:58.269+0300][1837.811s][info ][gc] GC(61183) Pause Young (Allocation Failure) 131M->131M(132M) 15.669ms
[2020-08-10T13:14:58.782+0300][1838.324s][debug][gc] GC(61184) Expanding ParOldGen from 134144K by 10752K to 144896K
[2020-08-10T13:14:58.783+0300][1838.324s][info ][gc] GC(61184) Pause Full (Ergonomics) 131M->130M(143M) 513.275ms
[2020-08-10T13:14:58.797+0300][1838.339s][info ][gc] GC(61185) Pause Young (Allocation Failure) 131M->131M(143M) 14.282ms
[2020-08-10T13:14:58.816+0300][1838.358s][info ][gc] GC(61186) Pause Young (Allocation Failure) 131M->131M(143M) 18.096ms
[2020-08-10T13:14:58.833+0300][1838.375s][info ][gc] GC(61187) Pause Young (Allocation Failure) 132M->132M(143M) 17.079ms
[2020-08-10T13:14:58.849+0300][1838.391s][info ][gc] GC(61188) Pause Young (Allocation Failure) 132M->132M(143M) 15.582ms
[2020-08-10T13:14:58.865+0300][1838.407s][info ][gc] GC(61189) Pause Young (Allocation Failure) 133M->133M(143M) 15.731ms
[2020-08-10T13:14:58.881+0300][1838.423s][info ][gc] GC(61190) Pause Young (Allocation Failure) 133M->133M(143M) 15.613ms
[2020-08-10T13:14:58.909+0300][1838.451s][info ][gc] GC(61191) Pause Young (Allocation Failure) 134M->134M(143M) 27.756ms
[2020-08-10T13:14:58.933+0300][1838.475s][info ][gc] GC(61192) Pause Young (Allocation Failure) 134M->134M(143M) 23.839ms
[2020-08-10T13:14:58.954+0300][1838.495s][info ][gc] GC(61193) Pause Young (Allocation Failure) 135M->135M(143M) 19.955ms
[2020-08-10T13:14:58.970+0300][1838.512s][info ][gc] GC(61194) Pause Young (Allocation Failure) 135M->135M(143M) 16.265ms
[2020-08-10T13:14:58.971+0300][1838.512s][debug][gc] Expanding ParOldGen from 144896K by 19968K to 164864K
[2020-08-10T13:14:59.008+0300][1838.550s][info ][gc] GC(61195) Pause Young (Allocation Failure) 155M->154M(162M) 28.732ms
[2020-08-10T13:14:59.038+0300][1838.579s][info ][gc] GC(61196) Pause Young (Allocation Failure) 155M->155M(162M) 28.710ms
[2020-08-10T13:14:59.064+0300][1838.606s][info ][gc] GC(61197) Pause Young (Allocation Failure) 155M->155M(162M) 26.516ms
[2020-08-10T13:14:59.091+0300][1838.633s][info ][gc] GC(61198) Pause Young (Allocation Failure) 156M->156M(162M) 26.752ms
[2020-08-10T13:14:59.119+0300][1838.661s][info ][gc] GC(61199) Pause Young (Allocation Failure) 156M->156M(162M) 27.115ms
[2020-08-10T13:14:59.146+0300][1838.688s][info ][gc] GC(61200) Pause Young (Allocation Failure) 157M->157M(162M) 27.191ms
[2020-08-10T13:14:59.176+0300][1838.717s][info ][gc] GC(61201) Pause Young (Allocation Failure) 157M->157M(162M) 29.076ms
[2020-08-10T13:14:59.202+0300][1838.744s][info ][gc] GC(61202) Pause Young (Allocation Failure) 158M->158M(162M) 26.386ms
[2020-08-10T13:14:59.229+0300][1838.771s][info ][gc] GC(61203) Pause Young (Allocation Failure) 158M->158M(162M) 26.301ms
[2020-08-10T13:14:59.255+0300][1838.797s][info ][gc] GC(61204) Pause Young (Allocation Failure) 159M->158M(162M) 26.226ms
[2020-08-10T13:14:59.283+0300][1838.825s][info ][gc] GC(61205) Pause Young (Allocation Failure) 159M->159M(162M) 26.878ms
[2020-08-10T13:14:59.310+0300][1838.852s][info ][gc] GC(61206) Pause Young (Allocation Failure) 159M->159M(162M) 27.128ms
[2020-08-10T13:14:59.337+0300][1838.879s][info ][gc] GC(61207) Pause Young (Allocation Failure) 160M->160M(162M) 26.219ms
[2020-08-10T13:14:59.364+0300][1838.906s][info ][gc] GC(61208) Pause Young (Allocation Failure) 160M->160M(162M) 26.464ms
[2020-08-10T13:14:59.391+0300][1838.933s][info ][gc] GC(61209) Pause Young (Allocation Failure) 161M->161M(162M) 26.625ms
[2020-08-10T13:14:59.482+0300][1839.024s][debug][gc] GC(61210) Shrinking ParOldGen from 164864K by 125952K to 38912K
[2020-08-10T13:14:59.483+0300][1839.024s][info ][gc] GC(61210) Pause Full (Ergonomics) 161M->27M(39M) 91.687ms
[2020-08-10T13:14:59.497+0300][1839.039s][info ][gc] GC(61211) Pause Young (Allocation Failure) 27M->27M(39M) 14.175ms
[2020-08-10T13:14:59.511+0300][1839.053s][info ][gc] GC(61212) Pause Young (Allocation Failure) 28M->28M(39M) 13.534ms
[2020-08-10T13:14:59.525+0300][1839.066s][info ][gc] GC(61213) Pause Young (Allocation Failure) 28M->28M(39M) 13.309ms
[2020-08-10T13:14:59.538+0300][1839.080s][info ][gc] GC(61214) Pause Young (Allocation Failure) 29M->29M(39M) 13.438ms
[2020-08-10T13:14:59.552+0300][1839.094s][info ][gc] GC(61215) Pause Young (Allocation Failure) 29M->29M(39M) 13.231ms
[2020-08-10T13:14:59.583+0300][1839.124s][info ][gc] GC(61216) Pause Young (Allocation Failure) 30M->30M(39M) 30.222ms
[2020-08-10T13:14:59.596+0300][1839.138s][info ][gc] GC(61217) Pause Young (Allocation Failure) 30M->30M(39M) 13.551ms
[2020-08-10T13:14:59.610+0300][1839.152s][info ][gc] GC(61218) Pause Young (Allocation Failure) 31M->31M(39M) 13.427ms
[2020-08-10T13:14:59.624+0300][1839.166s][info ][gc] GC(61219) Pause Young (Allocation Failure) 31M->31M(39M) 13.385ms
[2020-08-10T13:14:59.638+0300][1839.180s][info ][gc] GC(61220) Pause Young (Allocation Failure) 32M->32M(39M) 13.442ms
[2020-08-10T13:14:59.652+0300][1839.193s][info ][gc] GC(61221) Pause Young (Allocation Failure) 32M->32M(39M) 13.513ms
[2020-08-10T13:14:59.680+0300][1839.222s][info ][gc] GC(61222) Pause Young (Allocation Failure) 32M->32M(39M) 27.775ms
[2020-08-10T13:14:59.694+0300][1839.236s][info ][gc] GC(61223) Pause Young (Allocation Failure) 33M->33M(39M) 13.306ms
[2020-08-10T13:14:59.712+0300][1839.254s][info ][gc] GC(61224) Pause Young (Allocation Failure) 33M->33M(39M) 17.857ms
[2020-08-10T13:14:59.726+0300][1839.267s][info ][gc] GC(61225) Pause Young (Allocation Failure) 34M->34M(39M) 13.408ms
[2020-08-10T13:14:59.739+0300][1839.281s][info ][gc] GC(61226) Pause Young (Allocation Failure) 34M->34M(39M) 13.257ms
[2020-08-10T13:14:59.753+0300][1839.295s][info ][gc] GC(61227) Pause Young (Allocation Failure) 35M->35M(39M) 13.246ms
[2020-08-10T13:14:59.767+0300][1839.308s][info ][gc] GC(61228) Pause Young (Allocation Failure) 35M->35M(39M) 13.320ms
[2020-08-10T13:14:59.780+0300][1839.322s][info ][gc] GC(61229) Pause Young (Allocation Failure) 36M->36M(39M) 13.364ms
[2020-08-10T13:14:59.794+0300][1839.336s][info ][gc] GC(61230) Pause Young (Allocation Failure) 36M->36M(39M) 13.427ms
[2020-08-10T13:14:59.812+0300][1839.353s][info ][gc] GC(61231) Pause Young (Allocation Failure) 37M->37M(39M) 17.197ms
[2020-08-10T13:14:59.825+0300][1839.367s][info ][gc] GC(61232) Pause Young (Allocation Failure) 38M->38M(40M) 13.420ms
[2020-08-10T13:14:59.895+0300][1839.437s][debug][gc] GC(61233) Expanding ParOldGen from 38912K by 10752K to 49664K
[2020-08-10T13:14:59.895+0300][1839.437s][info ][gc] GC(61233) Pause Full (Ergonomics) 38M->38M(50M) 69.966ms
[2020-08-10T13:14:59.914+0300][1839.456s][info ][gc] GC(61234) Pause Young (Allocation Failure) 39M->39M(50M) 17.866ms
[2020-08-10T13:14:59.929+0300][1839.471s][info ][gc] GC(61235) Pause Young (Allocation Failure) 40M->40M(51M) 14.014ms
[2020-08-10T13:14:59.943+0300][1839.485s][info ][gc] GC(61236) Pause Young (Allocation Failure) 41M->40M(51M) 13.690ms
[2020-08-10T13:14:59.958+0300][1839.500s][info ][gc] GC(61237) Pause Young (Allocation Failure) 41M->41M(51M) 14.352ms
[2020-08-10T13:14:59.980+0300][1839.521s][info ][gc] GC(61238) Pause Young (Allocation Failure) 42M->42M(51M) 21.513ms
[2020-08-10T13:14:59.994+0300][1839.536s][info ][gc] GC(61239) Pause Young (Allocation Failure) 43M->43M(51M) 13.706ms
[2020-08-10T13:15:00.008+0300][1839.550s][info ][gc] GC(61240) Pause Young (Allocation Failure) 44M->44M(51M) 13.695ms
[2020-08-10T13:15:00.029+0300][1839.571s][info ][gc] GC(61241) Pause Young (Allocation Failure) 45M->45M(51M) 20.586ms
[2020-08-10T13:15:00.052+0300][1839.593s][info ][gc] GC(61242) Pause Young (Allocation Failure) 46M->46M(51M) 21.286ms
[2020-08-10T13:15:00.066+0300][1839.608s][info ][gc] GC(61243) Pause Young (Allocation Failure) 47M->47M(51M) 13.967ms
[2020-08-10T13:15:00.081+0300][1839.622s][info ][gc] GC(61244) Pause Young (Allocation Failure) 48M->48M(51M) 14.246ms
[2020-08-10T13:15:00.095+0300][1839.637s][info ][gc] GC(61245) Pause Young (Allocation Failure) 49M->49M(51M) 14.065ms
[2020-08-10T13:15:00.223+0300][1839.765s][debug][gc] GC(61246) Expanding ParOldGen from 49664K by 11264K to 60928K
[2020-08-10T13:15:00.224+0300][1839.765s][info ][gc] GC(61246) Pause Full (Ergonomics) 49M->49M(62M) 128.181ms
[2020-08-10T13:15:00.252+0300][1839.794s][info ][gc] GC(61247) Pause Young (Allocation Failure) 50M->49M(62M) 28.458ms
[2020-08-10T13:15:00.275+0300][1839.817s][info ][gc] GC(61248) Pause Young (Allocation Failure) 50M->50M(62M) 21.964ms
[2020-08-10T13:15:00.289+0300][1839.831s][info ][gc] GC(61249) Pause Young (Allocation Failure) 51M->51M(62M) 14.002ms
[2020-08-10T13:15:00.304+0300][1839.846s][info ][gc] GC(61250) Pause Young (Allocation Failure) 52M->52M(62M) 13.993ms
[2020-08-10T13:15:00.319+0300][1839.860s][info ][gc] GC(61251) Pause Young (Allocation Failure) 53M->53M(62M) 13.992ms
[2020-08-10T13:15:00.333+0300][1839.875s][info ][gc] GC(61252) Pause Young (Allocation Failure) 54M->54M(62M) 14.218ms
[2020-08-10T13:15:00.348+0300][1839.890s][info ][gc] GC(61253) Pause Young (Allocation Failure) 55M->55M(62M) 13.990ms
[2020-08-10T13:15:00.369+0300][1839.910s][info ][gc] GC(61254) Pause Young (Allocation Failure) 56M->56M(62M) 20.330ms
[2020-08-10T13:15:00.383+0300][1839.925s][info ][gc] GC(61255) Pause Young (Allocation Failure) 57M->57M(62M) 13.974ms
[2020-08-10T13:15:00.398+0300][1839.939s][info ][gc] GC(61256) Pause Young (Allocation Failure) 58M->58M(62M) 14.253ms
[2020-08-10T13:15:00.412+0300][1839.954s][info ][gc] GC(61257) Pause Young (Allocation Failure) 59M->59M(62M) 14.188ms
[2020-08-10T13:15:00.561+0300][1840.102s][debug][gc] GC(61258) Expanding ParOldGen from 60928K by 11264K to 72192K
[2020-08-10T13:15:00.561+0300][1840.102s][info ][gc] GC(61258) Pause Full (Ergonomics) 59M->59M(73M) 148.242ms
[2020-08-10T13:15:00.576+0300][1840.118s][info ][gc] GC(61259) Pause Young (Allocation Failure) 60M->60M(73M) 15.034ms
[2020-08-10T13:15:00.594+0300][1840.136s][info ][gc] GC(61260) Pause Young (Allocation Failure) 61M->61M(73M) 17.480ms
[2020-08-10T13:15:00.608+0300][1840.150s][info ][gc] GC(61261) Pause Young (Allocation Failure) 62M->61M(73M) 13.873ms
[2020-08-10T13:15:00.623+0300][1840.164s][info ][gc] GC(61262) Pause Young (Allocation Failure) 62M->62M(73M) 13.868ms
[2020-08-10T13:15:00.640+0300][1840.182s][info ][gc] GC(61263) Pause Young (Allocation Failure) 63M->63M(73M) 17.230ms
[2020-08-10T13:15:00.655+0300][1840.197s][info ][gc] GC(61264) Pause Young (Allocation Failure) 64M->64M(73M) 14.092ms
[2020-08-10T13:15:00.669+0300][1840.211s][info ][gc] GC(61265) Pause Young (Allocation Failure) 65M->65M(73M) 13.947ms
[2020-08-10T13:15:00.684+0300][1840.225s][info ][gc] GC(61266) Pause Young (Allocation Failure) 66M->66M(73M) 14.070ms
[2020-08-10T13:15:00.698+0300][1840.240s][info ][gc] GC(61267) Pause Young (Allocation Failure) 67M->67M(73M) 14.105ms
[2020-08-10T13:15:00.712+0300][1840.254s][info ][gc] GC(61268) Pause Young (Allocation Failure) 68M->68M(73M) 13.908ms
[2020-08-10T13:15:00.727+0300][1840.269s][info ][gc] GC(61269) Pause Young (Allocation Failure) 69M->69M(73M) 13.962ms
[2020-08-10T13:15:00.741+0300][1840.283s][info ][gc] GC(61270) Pause Young (Allocation Failure) 70M->70M(73M) 13.965ms
[2020-08-10T13:15:00.956+0300][1840.498s][debug][gc] GC(61271) Expanding ParOldGen from 72192K by 11264K to 83456K
[2020-08-10T13:15:00.956+0300][1840.498s][info ][gc] GC(61271) Pause Full (Ergonomics) 70M->70M(84M) 214.976ms
[2020-08-10T13:15:00.971+0300][1840.513s][info ][gc] GC(61272) Pause Young (Allocation Failure) 71M->71M(84M) 14.043ms
[2020-08-10T13:15:00.985+0300][1840.527s][info ][gc] GC(61273) Pause Young (Allocation Failure) 72M->72M(84M) 14.075ms
[2020-08-10T13:15:01.000+0300][1840.542s][info ][gc] GC(61274) Pause Young (Allocation Failure) 73M->73M(84M) 14.065ms
[2020-08-10T13:15:01.028+0300][1840.569s][info ][gc] GC(61275) Pause Young (Allocation Failure) 74M->74M(84M) 27.169ms
[2020-08-10T13:15:01.053+0300][1840.595s][info ][gc] GC(61276) Pause Young (Allocation Failure) 75M->75M(84M) 24.515ms
[2020-08-10T13:15:01.068+0300][1840.610s][info ][gc] GC(61277) Pause Young (Allocation Failure) 76M->75M(84M) 14.111ms
[2020-08-10T13:15:01.082+0300][1840.624s][info ][gc] GC(61278) Pause Young (Allocation Failure) 76M->76M(84M) 14.204ms
[2020-08-10T13:15:01.097+0300][1840.639s][info ][gc] GC(61279) Pause Young (Allocation Failure) 77M->77M(84M) 13.960ms
[2020-08-10T13:15:01.112+0300][1840.654s][info ][gc] GC(61280) Pause Young (Allocation Failure) 78M->78M(84M) 14.265ms
[2020-08-10T13:15:01.142+0300][1840.684s][info ][gc] GC(61281) Pause Young (Allocation Failure) 79M->79M(84M) 29.991ms
[2020-08-10T13:15:01.157+0300][1840.699s][info ][gc] GC(61282) Pause Young (Allocation Failure) 80M->80M(84M) 14.198ms
[2020-08-10T13:15:01.172+0300][1840.713s][info ][gc] GC(61283) Pause Young (Allocation Failure) 81M->81M(84M) 14.185ms
[2020-08-10T13:15:01.390+0300][1840.931s][debug][gc] GC(61284) Expanding ParOldGen from 83456K by 11264K to 94720K
[2020-08-10T13:15:01.390+0300][1840.932s][info ][gc] GC(61284) Pause Full (Ergonomics) 81M->81M(95M) 217.991ms
[2020-08-10T13:15:01.423+0300][1840.965s][info ][gc] GC(61285) Pause Young (Allocation Failure) 82M->82M(95M) 32.791ms
[2020-08-10T13:15:01.440+0300][1840.982s][info ][gc] GC(61286) Pause Young (Allocation Failure) 83M->83M(95M) 16.765ms
[2020-08-10T13:15:01.456+0300][1840.998s][info ][gc] GC(61287) Pause Young (Allocation Failure) 84M->84M(95M) 15.295ms
[2020-08-10T13:15:01.476+0300][1841.017s][info ][gc] GC(61288) Pause Young (Allocation Failure) 85M->85M(95M) 18.871ms
[2020-08-10T13:15:01.491+0300][1841.033s][info ][gc] GC(61289) Pause Young (Allocation Failure) 86M->86M(95M) 14.772ms
[2020-08-10T13:15:01.506+0300][1841.048s][info ][gc] GC(61290) Pause Young (Allocation Failure) 87M->87M(95M) 14.766ms
[2020-08-10T13:15:01.521+0300][1841.063s][info ][gc] GC(61291) Pause Young (Allocation Failure) 88M->88M(95M) 14.659ms
[2020-08-10T13:15:01.537+0300][1841.079s][info ][gc] GC(61292) Pause Young (Allocation Failure) 89M->89M(95M) 15.026ms
[2020-08-10T13:15:01.552+0300][1841.094s][info ][gc] GC(61293) Pause Young (Allocation Failure) 90M->90M(95M) 14.863ms
[2020-08-10T13:15:01.568+0300][1841.110s][info ][gc] GC(61294) Pause Young (Allocation Failure) 91M->91M(95M) 15.410ms
[2020-08-10T13:15:01.593+0300][1841.135s][info ][gc] GC(61295) Pause Young (Allocation Failure) 92M->92M(95M) 25.075ms
[2020-08-10T13:15:01.609+0300][1841.151s][info ][gc] GC(61296) Pause Young (Allocation Failure) 93M->92M(95M) 15.329ms
[2020-08-10T13:15:01.906+0300][1841.448s][debug][gc] GC(61297) Expanding ParOldGen from 94720K by 11776K to 106496K
[2020-08-10T13:15:01.906+0300][1841.448s][info ][gc] GC(61297) Pause Full (Ergonomics) 92M->92M(106M) 297.213ms
[2020-08-10T13:15:01.941+0300][1841.483s][info ][gc] GC(61298) Pause Young (Allocation Failure) 93M->93M(106M) 33.938ms
[2020-08-10T13:15:01.956+0300][1841.498s][info ][gc] GC(61299) Pause Young (Allocation Failure) 94M->94M(106M) 15.223ms
[2020-08-10T13:15:01.984+0300][1841.526s][info ][gc] GC(61300) Pause Young (Allocation Failure) 95M->95M(106M) 27.243ms
[2020-08-10T13:15:02.000+0300][1841.542s][info ][gc] GC(61301) Pause Young (Allocation Failure) 96M->96M(106M) 15.563ms
[2020-08-10T13:15:02.017+0300][1841.559s][info ][gc] GC(61302) Pause Young (Allocation Failure) 97M->97M(106M) 15.874ms
[2020-08-10T13:15:02.033+0300][1841.575s][info ][gc] GC(61303) Pause Young (Allocation Failure) 98M->98M(106M) 15.919ms
[2020-08-10T13:15:02.049+0300][1841.591s][info ][gc] GC(61304) Pause Young (Allocation Failure) 99M->99M(106M) 15.797ms
[2020-08-10T13:15:02.066+0300][1841.607s][info ][gc] GC(61305) Pause Young (Allocation Failure) 100M->100M(106M) 15.930ms
[2020-08-10T13:15:02.082+0300][1841.624s][info ][gc] GC(61306) Pause Young (Allocation Failure) 101M->101M(105M) 16.239ms
[2020-08-10T13:15:02.097+0300][1841.639s][info ][gc] GC(61307) Pause Young (Allocation Failure) 102M->102M(106M) 14.719ms
[2020-08-10T13:15:02.114+0300][1841.656s][info ][gc] GC(61308) Pause Young (Allocation Failure) 103M->103M(106M) 16.322ms
[2020-08-10T13:15:02.131+0300][1841.672s][info ][gc] GC(61309) Pause Young (Allocation Failure) 104M->104M(106M) 16.229ms
[2020-08-10T13:15:02.441+0300][1841.983s][debug][gc] GC(61310) Expanding ParOldGen from 106496K by 11264K to 117760K
[2020-08-10T13:15:02.441+0300][1841.983s][info ][gc] GC(61310) Pause Full (Ergonomics) 104M->104M(117M) 310.274ms
[2020-08-10T13:15:02.480+0300][1842.022s][info ][gc] GC(61311) Pause Young (Allocation Failure) 105M->105M(117M) 38.840ms
[2020-08-10T13:15:02.497+0300][1842.039s][info ][gc] GC(61312) Pause Young (Allocation Failure) 106M->106M(117M) 16.689ms
[2020-08-10T13:15:02.521+0300][1842.063s][info ][gc] GC(61313) Pause Young (Allocation Failure) 107M->106M(117M) 22.944ms
[2020-08-10T13:15:02.538+0300][1842.080s][info ][gc] GC(61314) Pause Young (Allocation Failure) 107M->107M(117M) 16.557ms
[2020-08-10T13:15:02.566+0300][1842.108s][info ][gc] GC(61315) Pause Young (Allocation Failure) 108M->108M(117M) 27.735ms
[2020-08-10T13:15:02.584+0300][1842.126s][info ][gc] GC(61316) Pause Young (Allocation Failure) 109M->109M(117M) 16.985ms
[2020-08-10T13:15:02.611+0300][1842.153s][info ][gc] GC(61317) Pause Young (Allocation Failure) 110M->110M(117M) 27.425ms
[2020-08-10T13:15:02.636+0300][1842.178s][info ][gc] GC(61318) Pause Young (Allocation Failure) 111M->111M(117M) 24.515ms
[2020-08-10T13:15:02.662+0300][1842.204s][info ][gc] GC(61319) Pause Young (Allocation Failure) 112M->112M(117M) 25.245ms
[2020-08-10T13:15:02.679+0300][1842.221s][info ][gc] GC(61320) Pause Young (Allocation Failure) 113M->113M(117M) 16.866ms
[2020-08-10T13:15:02.697+0300][1842.239s][info ][gc] GC(61321) Pause Young (Allocation Failure) 114M->114M(117M) 17.126ms
[2020-08-10T13:15:02.714+0300][1842.256s][info ][gc] GC(61322) Pause Young (Allocation Failure) 115M->115M(117M) 17.060ms
[2020-08-10T13:15:03.103+0300][1842.645s][debug][gc] GC(61323) Expanding ParOldGen from 117760K by 11776K to 129536K
[2020-08-10T13:15:03.103+0300][1842.645s][info ][gc] GC(61323) Pause Full (Ergonomics) 115M->115M(129M) 388.400ms
[2020-08-10T13:15:03.147+0300][1842.689s][info ][gc] GC(61324) Pause Young (Allocation Failure) 116M->116M(129M) 44.075ms
[2020-08-10T13:15:03.178+0300][1842.720s][info ][gc] GC(61325) Pause Young (Allocation Failure) 117M->117M(129M) 30.189ms
[2020-08-10T13:15:03.204+0300][1842.746s][info ][gc] GC(61326) Pause Young (Allocation Failure) 118M->118M(129M) 26.028ms
[2020-08-10T13:15:03.223+0300][1842.765s][info ][gc] GC(61327) Pause Young (Allocation Failure) 119M->119M(129M) 18.372ms
[2020-08-10T13:15:03.242+0300][1842.784s][info ][gc] GC(61328) Pause Young (Allocation Failure) 120M->120M(129M) 18.486ms
[2020-08-10T13:15:03.261+0300][1842.803s][info ][gc] GC(61329) Pause Young (Allocation Failure) 121M->121M(129M) 18.789ms
[2020-08-10T13:15:03.308+0300][1842.850s][info ][gc] GC(61330) Pause Young (Allocation Failure) 122M->122M(129M) 46.857ms
[2020-08-10T13:15:03.327+0300][1842.869s][info ][gc] GC(61331) Pause Young (Allocation Failure) 123M->123M(129M) 18.362ms
[2020-08-10T13:15:03.372+0300][1842.914s][info ][gc] GC(61332) Pause Young (Allocation Failure) 124M->124M(129M) 44.284ms
[2020-08-10T13:15:03.394+0300][1842.936s][info ][gc] GC(61333) Pause Young (Allocation Failure) 125M->124M(129M) 21.796ms
[2020-08-10T13:15:03.417+0300][1842.959s][info ][gc] GC(61334) Pause Young (Allocation Failure) 125M->125M(129M) 22.390ms
[2020-08-10T13:15:03.436+0300][1842.978s][info ][gc] GC(61335) Pause Young (Allocation Failure) 126M->126M(129M) 18.608ms
[2020-08-10T13:15:03.864+0300][1843.406s][debug][gc] GC(61336) Expanding ParOldGen from 129536K by 11264K to 140800K
[2020-08-10T13:15:03.864+0300][1843.406s][info ][gc] GC(61336) Pause Full (Ergonomics) 126M->126M(140M) 427.521ms
[2020-08-10T13:15:03.903+0300][1843.445s][info ][gc] GC(61337) Pause Young (Allocation Failure) 127M->127M(140M) 38.595ms
[2020-08-10T13:15:03.929+0300][1843.471s][info ][gc] GC(61338) Pause Young (Allocation Failure) 128M->128M(140M) 25.653ms
[2020-08-10T13:15:03.952+0300][1843.494s][info ][gc] GC(61339) Pause Young (Allocation Failure) 129M->129M(140M) 22.889ms
[2020-08-10T13:15:03.971+0300][1843.513s][info ][gc] GC(61340) Pause Young (Allocation Failure) 130M->130M(140M) 18.791ms
[2020-08-10T13:15:04.002+0300][1843.544s][info ][gc] GC(61341) Pause Young (Allocation Failure) 131M->131M(140M) 30.841ms
[2020-08-10T13:15:04.034+0300][1843.576s][info ][gc] GC(61342) Pause Young (Allocation Failure) 132M->132M(140M) 30.968ms
[2020-08-10T13:15:04.057+0300][1843.599s][info ][gc] GC(61343) Pause Young (Allocation Failure) 133M->133M(140M) 23.264ms
[2020-08-10T13:15:04.077+0300][1843.619s][info ][gc] GC(61344) Pause Young (Allocation Failure) 134M->134M(140M) 19.026ms
[2020-08-10T13:15:04.106+0300][1843.648s][info ][gc] GC(61345) Pause Young (Allocation Failure) 135M->135M(140M) 28.582ms
[2020-08-10T13:15:04.106+0300][1843.648s][debug][gc] Expanding ParOldGen from 140800K by 19968K to 160768K
[2020-08-10T13:15:04.136+0300][1843.678s][info ][gc] GC(61346) Pause Young (Allocation Failure) 155M->155M(159M) 22.097ms
[2020-08-10T13:15:04.161+0300][1843.703s][info ][gc] GC(61347) Pause Young (Allocation Failure) 156M->156M(159M) 24.006ms
[2020-08-10T13:15:04.179+0300][1843.721s][info ][gc] GC(61348) Pause Young (Allocation Failure) 157M->157M(159M) 17.999ms
[2020-08-10T13:15:04.216+0300][1843.758s][debug][gc] GC(61349) Shrinking ParOldGen from 160768K by 124928K to 35840K
[2020-08-10T13:15:04.216+0300][1843.758s][info ][gc] GC(61349) Pause Full (Ergonomics) 157M->23M(37M) 36.942ms
[2020-08-10T13:15:04.230+0300][1843.772s][info ][gc] GC(61350) Pause Young (Allocation Failure) 24M->24M(37M) 13.253ms
[2020-08-10T13:15:04.244+0300][1843.786s][info ][gc] GC(61351) Pause Young (Allocation Failure) 25M->25M(37M) 13.857ms
[2020-08-10T13:15:04.258+0300][1843.800s][info ][gc] GC(61352) Pause Young (Allocation Failure) 26M->26M(37M) 13.776ms
[2020-08-10T13:15:04.273+0300][1843.815s][info ][gc] GC(61353) Pause Young (Allocation Failure) 27M->27M(37M) 13.819ms
[2020-08-10T13:15:04.287+0300][1843.829s][info ][gc] GC(61354) Pause Young (Allocation Failure) 28M->28M(37M) 14.093ms
[2020-08-10T13:15:04.301+0300][1843.843s][info ][gc] GC(61355) Pause Young (Allocation Failure) 29M->29M(37M) 13.619ms
[2020-08-10T13:15:04.316+0300][1843.858s][info ][gc] GC(61356) Pause Young (Allocation Failure) 30M->30M(37M) 13.994ms
[2020-08-10T13:15:04.330+0300][1843.872s][info ][gc] GC(61357) Pause Young (Allocation Failure) 31M->31M(37M) 14.036ms
[2020-08-10T13:15:04.345+0300][1843.887s][info ][gc] GC(61358) Pause Young (Allocation Failure) 32M->32M(37M) 13.780ms
[2020-08-10T13:15:04.359+0300][1843.901s][info ][gc] GC(61359) Pause Young (Allocation Failure) 33M->33M(37M) 13.917ms
[2020-08-10T13:15:04.373+0300][1843.915s][info ][gc] GC(61360) Pause Young (Allocation Failure) 34M->34M(37M) 13.785ms
[2020-08-10T13:15:04.388+0300][1843.930s][info ][gc] GC(61361) Pause Young (Allocation Failure) 35M->34M(36M) 13.805ms
[2020-08-10T13:15:04.450+0300][1843.992s][debug][gc] GC(61362) Expanding ParOldGen from 35840K by 11776K to 47616K
[2020-08-10T13:15:04.450+0300][1843.992s][info ][gc] GC(61362) Pause Full (Ergonomics) 34M->34M(49M) 61.762ms
[2020-08-10T13:15:04.464+0300][1844.006s][info ][gc] GC(61363) Pause Young (Allocation Failure) 35M->35M(49M) 13.458ms
[2020-08-10T13:15:04.478+0300][1844.020s][info ][gc] GC(61364) Pause Young (Allocation Failure) 36M->36M(49M) 13.788ms
[2020-08-10T13:15:04.508+0300][1844.050s][info ][gc] GC(61365) Pause Young (Allocation Failure) 37M->37M(49M) 29.730ms
[2020-08-10T13:15:04.528+0300][1844.070s][info ][gc] GC(61366) Pause Young (Allocation Failure) 38M->38M(49M) 19.245ms
[2020-08-10T13:15:04.542+0300][1844.084s][info ][gc] GC(61367) Pause Young (Allocation Failure) 39M->39M(49M) 13.797ms
[2020-08-10T13:15:04.557+0300][1844.099s][info ][gc] GC(61368) Pause Young (Allocation Failure) 40M->40M(49M) 14.100ms
[2020-08-10T13:15:04.573+0300][1844.115s][info ][gc] GC(61369) Pause Young (Allocation Failure) 41M->41M(49M) 15.268ms
[2020-08-10T13:15:04.600+0300][1844.141s][info ][gc] GC(61370) Pause Young (Allocation Failure) 42M->42M(49M) 25.647ms
[2020-08-10T13:15:04.614+0300][1844.155s][info ][gc] GC(61371) Pause Young (Allocation Failure) 43M->43M(49M) 13.927ms
[2020-08-10T13:15:04.628+0300][1844.169s][info ][gc] GC(61372) Pause Young (Allocation Failure) 44M->44M(49M) 13.821ms
[2020-08-10T13:15:04.646+0300][1844.188s][info ][gc] GC(61373) Pause Young (Allocation Failure) 45M->45M(49M) 17.521ms
[2020-08-10T13:15:04.661+0300][1844.202s][info ][gc] GC(61374) Pause Young (Allocation Failure) 46M->46M(49M) 13.889ms
[2020-08-10T13:15:04.675+0300][1844.216s][info ][gc] GC(61375) Pause Young (Allocation Failure) 47M->47M(49M) 13.732ms
[2020-08-10T13:15:04.773+0300][1844.314s][debug][gc] GC(61376) Expanding ParOldGen from 47616K by 11264K to 58880K
[2020-08-10T13:15:04.773+0300][1844.314s][info ][gc] GC(61376) Pause Full (Ergonomics) 47M->47M(60M) 97.557ms
[2020-08-10T13:15:04.811+0300][1844.352s][info ][gc] GC(61377) Pause Young (Allocation Failure) 48M->48M(60M) 38.371ms
[2020-08-10T13:15:04.832+0300][1844.373s][info ][gc] GC(61378) Pause Young (Allocation Failure) 49M->48M(60M) 20.653ms
[2020-08-10T13:15:04.847+0300][1844.388s][info ][gc] GC(61379) Pause Young (Allocation Failure) 49M->49M(60M) 13.994ms
[2020-08-10T13:15:04.883+0300][1844.424s][info ][gc] GC(61380) Pause Young (Allocation Failure) 50M->50M(60M) 35.466ms
[2020-08-10T13:15:04.898+0300][1844.439s][info ][gc] GC(61381) Pause Young (Allocation Failure) 51M->51M(60M) 14.316ms
[2020-08-10T13:15:04.912+0300][1844.453s][info ][gc] GC(61382) Pause Young (Allocation Failure) 52M->52M(60M) 14.125ms
[2020-08-10T13:15:04.936+0300][1844.477s][info ][gc] GC(61383) Pause Young (Allocation Failure) 53M->53M(60M) 23.288ms
[2020-08-10T13:15:04.951+0300][1844.492s][info ][gc] GC(61384) Pause Young (Allocation Failure) 54M->54M(60M) 14.111ms
[2020-08-10T13:15:04.972+0300][1844.513s][info ][gc] GC(61385) Pause Young (Allocation Failure) 55M->55M(60M) 20.058ms
[2020-08-10T13:15:04.986+0300][1844.527s][info ][gc] GC(61386) Pause Young (Allocation Failure) 56M->56M(60M) 14.151ms
[2020-08-10T13:15:05.001+0300][1844.542s][info ][gc] GC(61387) Pause Young (Allocation Failure) 57M->57M(60M) 13.933ms
[2020-08-10T13:15:05.129+0300][1844.670s][debug][gc] GC(61388) Expanding ParOldGen from 58880K by 11264K to 70144K
[2020-08-10T13:15:05.129+0300][1844.670s][info ][gc] GC(61388) Pause Full (Ergonomics) 57M->57M(71M) 128.471ms
[2020-08-10T13:15:05.144+0300][1844.685s][info ][gc] GC(61389) Pause Young (Allocation Failure) 58M->58M(71M) 13.547ms
[2020-08-10T13:15:05.169+0300][1844.710s][info ][gc] GC(61390) Pause Young (Allocation Failure) 59M->59M(71M) 24.864ms
[2020-08-10T13:15:05.184+0300][1844.725s][info ][gc] GC(61391) Pause Young (Allocation Failure) 60M->60M(71M) 14.119ms
[2020-08-10T13:15:05.202+0300][1844.743s][info ][gc] GC(61392) Pause Young (Allocation Failure) 61M->61M(71M) 17.204ms
[2020-08-10T13:15:05.217+0300][1844.758s][info ][gc] GC(61393) Pause Young (Allocation Failure) 62M->62M(71M) 14.678ms
[2020-08-10T13:15:05.234+0300][1844.775s][info ][gc] GC(61394) Pause Young (Allocation Failure) 63M->63M(71M) 16.751ms
[2020-08-10T13:15:05.249+0300][1844.790s][info ][gc] GC(61395) Pause Young (Allocation Failure) 64M->64M(71M) 14.392ms
[2020-08-10T13:15:05.264+0300][1844.805s][info ][gc] GC(61396) Pause Young (Allocation Failure) 65M->65M(71M) 14.004ms
[2020-08-10T13:15:05.287+0300][1844.828s][info ][gc] GC(61397) Pause Young (Allocation Failure) 66M->65M(71M) 22.406ms
[2020-08-10T13:15:05.302+0300][1844.843s][info ][gc] GC(61398) Pause Young (Allocation Failure) 66M->66M(71M) 14.313ms
[2020-08-10T13:15:05.317+0300][1844.858s][info ][gc] GC(61399) Pause Young (Allocation Failure) 67M->67M(70M) 14.326ms
[2020-08-10T13:15:05.335+0300][1844.876s][info ][gc] GC(61400) Pause Young (Allocation Failure) 68M->68M(70M) 17.633ms
[2020-08-10T13:15:05.536+0300][1845.077s][debug][gc] GC(61401) Expanding ParOldGen from 70144K by 11264K to 81408K
[2020-08-10T13:15:05.536+0300][1845.077s][info ][gc] GC(61401) Pause Full (Ergonomics) 68M->68M(81M) 201.171ms
[2020-08-10T13:15:05.576+0300][1845.117s][info ][gc] GC(61402) Pause Young (Allocation Failure) 69M->69M(81M) 39.482ms
[2020-08-10T13:15:05.593+0300][1845.134s][info ][gc] GC(61403) Pause Young (Allocation Failure) 70M->70M(81M) 16.657ms
[2020-08-10T13:15:05.611+0300][1845.152s][info ][gc] GC(61404) Pause Young (Allocation Failure) 71M->71M(81M) 17.533ms
[2020-08-10T13:15:05.626+0300][1845.167s][info ][gc] GC(61405) Pause Young (Allocation Failure) 72M->72M(81M) 14.232ms
[2020-08-10T13:15:05.640+0300][1845.182s][info ][gc] GC(61406) Pause Young (Allocation Failure) 73M->73M(81M) 14.189ms
[2020-08-10T13:15:05.655+0300][1845.196s][info ][gc] GC(61407) Pause Young (Allocation Failure) 74M->74M(81M) 13.973ms
[2020-08-10T13:15:05.669+0300][1845.210s][info ][gc] GC(61408) Pause Young (Allocation Failure) 75M->75M(81M) 14.033ms
[2020-08-10T13:15:05.685+0300][1845.226s][info ][gc] GC(61409) Pause Young (Allocation Failure) 76M->76M(81M) 15.525ms
[2020-08-10T13:15:05.700+0300][1845.241s][info ][gc] GC(61410) Pause Young (Allocation Failure) 77M->77M(81M) 14.091ms
[2020-08-10T13:15:05.714+0300][1845.255s][info ][gc] GC(61411) Pause Young (Allocation Failure) 78M->78M(81M) 14.141ms
[2020-08-10T13:15:05.738+0300][1845.279s][info ][gc] GC(61412) Pause Young (Allocation Failure) 79M->79M(81M) 23.107ms
[2020-08-10T13:15:05.765+0300][1845.306s][info ][gc] GC(61413) Pause Young (Allocation Failure) 80M->80M(81M) 26.468ms
[2020-08-10T13:15:06.021+0300][1845.563s][debug][gc] GC(61414) Expanding ParOldGen from 81408K by 11264K to 92672K
[2020-08-10T13:15:06.022+0300][1845.563s][info ][gc] GC(61414) Pause Full (Ergonomics) 80M->80M(92M) 256.423ms
[2020-08-10T13:15:06.062+0300][1845.603s][info ][gc] GC(61415) Pause Young (Allocation Failure) 81M->81M(92M) 39.515ms
[2020-08-10T13:15:06.077+0300][1845.618s][info ][gc] GC(61416) Pause Young (Allocation Failure) 82M->81M(93M) 14.655ms
[2020-08-10T13:15:06.103+0300][1845.644s][info ][gc] GC(61417) Pause Young (Allocation Failure) 82M->82M(93M) 25.321ms
[2020-08-10T13:15:06.118+0300][1845.659s][info ][gc] GC(61418) Pause Young (Allocation Failure) 83M->83M(92M) 14.579ms
[2020-08-10T13:15:06.139+0300][1845.680s][info ][gc] GC(61419) Pause Young (Allocation Failure) 84M->84M(92M) 20.113ms
[2020-08-10T13:15:06.154+0300][1845.695s][info ][gc] GC(61420) Pause Young (Allocation Failure) 85M->85M(93M) 14.797ms
[2020-08-10T13:15:06.170+0300][1845.711s][info ][gc] GC(61421) Pause Young (Allocation Failure) 86M->86M(93M) 14.842ms
[2020-08-10T13:15:06.193+0300][1845.735s][info ][gc] GC(61422) Pause Young (Allocation Failure) 87M->87M(93M) 23.448ms
[2020-08-10T13:15:06.209+0300][1845.750s][info ][gc] GC(61423) Pause Young (Allocation Failure) 88M->88M(93M) 14.813ms
[2020-08-10T13:15:06.224+0300][1845.765s][info ][gc] GC(61424) Pause Young (Allocation Failure) 89M->89M(93M) 15.004ms
[2020-08-10T13:15:06.253+0300][1845.795s][info ][gc] GC(61425) Pause Young (Allocation Failure) 90M->90M(93M) 28.936ms
[2020-08-10T13:15:06.517+0300][1846.059s][debug][gc] GC(61426) Expanding ParOldGen from 92672K by 11264K to 103936K
[2020-08-10T13:15:06.518+0300][1846.059s][info ][gc] GC(61426) Pause Full (Ergonomics) 90M->90M(104M) 264.126ms
[2020-08-10T13:15:06.539+0300][1846.080s][info ][gc] GC(61427) Pause Young (Allocation Failure) 91M->91M(104M) 20.131ms
[2020-08-10T13:15:06.567+0300][1846.108s][info ][gc] GC(61428) Pause Young (Allocation Failure) 92M->92M(104M) 27.218ms
[2020-08-10T13:15:06.597+0300][1846.138s][info ][gc] GC(61429) Pause Young (Allocation Failure) 93M->93M(104M) 29.584ms
[2020-08-10T13:15:06.617+0300][1846.158s][info ][gc] GC(61430) Pause Young (Allocation Failure) 94M->94M(104M) 19.630ms
[2020-08-10T13:15:06.633+0300][1846.174s][info ][gc] GC(61431) Pause Young (Allocation Failure) 95M->95M(104M) 15.565ms
[2020-08-10T13:15:06.661+0300][1846.202s][info ][gc] GC(61432) Pause Young (Allocation Failure) 96M->96M(104M) 27.897ms
[2020-08-10T13:15:06.677+0300][1846.218s][info ][gc] GC(61433) Pause Young (Allocation Failure) 97M->97M(104M) 15.042ms
[2020-08-10T13:15:06.712+0300][1846.253s][info ][gc] GC(61434) Pause Young (Allocation Failure) 98M->97M(104M) 34.693ms
[2020-08-10T13:15:06.728+0300][1846.269s][info ][gc] GC(61435) Pause Young (Allocation Failure) 98M->98M(104M) 15.233ms
[2020-08-10T13:15:06.756+0300][1846.297s][info ][gc] GC(61436) Pause Young (Allocation Failure) 99M->99M(104M) 27.545ms
[2020-08-10T13:15:06.772+0300][1846.313s][info ][gc] GC(61437) Pause Young (Allocation Failure) 100M->100M(104M) 15.632ms
[2020-08-10T13:15:06.788+0300][1846.329s][info ][gc] GC(61438) Pause Young (Allocation Failure) 101M->101M(104M) 15.914ms
[2020-08-10T13:15:07.114+0300][1846.655s][debug][gc] GC(61439) Expanding ParOldGen from 103936K by 11264K to 115200K
[2020-08-10T13:15:07.114+0300][1846.656s][info ][gc] GC(61439) Pause Full (Ergonomics) 101M->101M(115M) 326.223ms
[2020-08-10T13:15:07.151+0300][1846.693s][info ][gc] GC(61440) Pause Young (Allocation Failure) 102M->102M(115M) 36.339ms
[2020-08-10T13:15:07.186+0300][1846.727s][info ][gc] GC(61441) Pause Young (Allocation Failure) 103M->103M(115M) 33.917ms
[2020-08-10T13:15:07.203+0300][1846.744s][info ][gc] GC(61442) Pause Young (Allocation Failure) 104M->104M(115M) 16.333ms
[2020-08-10T13:15:07.220+0300][1846.761s][info ][gc] GC(61443) Pause Young (Allocation Failure) 105M->105M(115M) 16.489ms
[2020-08-10T13:15:07.255+0300][1846.796s][info ][gc] GC(61444) Pause Young (Allocation Failure) 106M->106M(115M) 34.634ms
[2020-08-10T13:15:07.272+0300][1846.813s][info ][gc] GC(61445) Pause Young (Allocation Failure) 107M->107M(115M) 16.700ms
[2020-08-10T13:15:07.290+0300][1846.831s][info ][gc] GC(61446) Pause Young (Allocation Failure) 108M->108M(115M) 17.074ms
[2020-08-10T13:15:07.306+0300][1846.848s][info ][gc] GC(61447) Pause Young (Allocation Failure) 109M->109M(115M) 16.405ms
[2020-08-10T13:15:07.332+0300][1846.873s][info ][gc] GC(61448) Pause Young (Allocation Failure) 110M->110M(115M) 24.993ms
[2020-08-10T13:15:07.349+0300][1846.890s][info ][gc] GC(61449) Pause Young (Allocation Failure) 111M->111M(115M) 16.957ms
[2020-08-10T13:15:07.367+0300][1846.908s][info ][gc] GC(61450) Pause Young (Allocation Failure) 112M->112M(115M) 17.027ms
[2020-08-10T13:15:07.384+0300][1846.925s][info ][gc] GC(61451) Pause Young (Allocation Failure) 113M->113M(115M) 16.902ms
[2020-08-10T13:15:07.678+0300][1847.219s][debug][gc] GC(61452) Expanding ParOldGen from 115200K by 11776K to 126976K
[2020-08-10T13:15:07.678+0300][1847.219s][info ][gc] GC(61452) Pause Full (Ergonomics) 113M->112M(126M) 294.121ms
[2020-08-10T13:15:07.738+0300][1847.279s][info ][gc] GC(61453) Pause Young (Allocation Failure) 113M->113M(126M) 59.042ms
[2020-08-10T13:15:07.763+0300][1847.304s][info ][gc] GC(61454) Pause Young (Allocation Failure) 114M->114M(126M) 24.224ms
[2020-08-10T13:15:07.785+0300][1847.326s][info ][gc] GC(61455) Pause Young (Allocation Failure) 115M->115M(126M) 21.609ms
[2020-08-10T13:15:07.816+0300][1847.358s][info ][gc] GC(61456) Pause Young (Allocation Failure) 116M->116M(126M) 31.098ms
[2020-08-10T13:15:07.845+0300][1847.386s][info ][gc] GC(61457) Pause Young (Allocation Failure) 117M->117M(126M) 28.134ms
[2020-08-10T13:15:07.877+0300][1847.418s][info ][gc] GC(61458) Pause Young (Allocation Failure) 118M->118M(126M) 31.526ms
[2020-08-10T13:15:07.908+0300][1847.449s][info ][gc] GC(61459) Pause Young (Allocation Failure) 119M->119M(126M) 30.414ms
[2020-08-10T13:15:07.927+0300][1847.468s][info ][gc] GC(61460) Pause Young (Allocation Failure) 120M->120M(126M) 18.444ms
[2020-08-10T13:15:07.945+0300][1847.486s][info ][gc] GC(61461) Pause Young (Allocation Failure) 121M->121M(126M) 17.991ms
[2020-08-10T13:15:07.974+0300][1847.516s][info ][gc] GC(61462) Pause Young (Allocation Failure) 122M->122M(126M) 29.024ms
[2020-08-10T13:15:07.993+0300][1847.535s][info ][gc] GC(61463) Pause Young (Allocation Failure) 123M->123M(126M) 18.565ms
[2020-08-10T13:15:08.012+0300][1847.553s][info ][gc] GC(61464) Pause Young (Allocation Failure) 124M->124M(126M) 18.500ms
[2020-08-10T13:15:08.523+0300][1848.064s][debug][gc] GC(61465) Expanding ParOldGen from 126976K by 11264K to 138240K
[2020-08-10T13:15:08.523+0300][1848.064s][info ][gc] GC(61465) Pause Full (Ergonomics) 124M->124M(137M) 510.626ms
[2020-08-10T13:15:08.558+0300][1848.099s][info ][gc] GC(61466) Pause Young (Allocation Failure) 125M->125M(137M) 34.365ms
[2020-08-10T13:15:08.578+0300][1848.119s][info ][gc] GC(61467) Pause Young (Allocation Failure) 126M->126M(137M) 19.580ms
[2020-08-10T13:15:08.612+0300][1848.153s][info ][gc] GC(61468) Pause Young (Allocation Failure) 127M->127M(137M) 34.081ms
[2020-08-10T13:15:08.639+0300][1848.180s][info ][gc] GC(61469) Pause Young (Allocation Failure) 128M->128M(137M) 26.138ms
[2020-08-10T13:15:08.658+0300][1848.199s][info ][gc] GC(61470) Pause Young (Allocation Failure) 129M->129M(137M) 18.814ms
[2020-08-10T13:15:08.692+0300][1848.233s][info ][gc] GC(61471) Pause Young (Allocation Failure) 130M->129M(137M) 33.584ms
[2020-08-10T13:15:08.712+0300][1848.253s][info ][gc] GC(61472) Pause Young (Allocation Failure) 130M->130M(137M) 19.288ms
[2020-08-10T13:15:08.732+0300][1848.273s][info ][gc] GC(61473) Pause Young (Allocation Failure) 131M->131M(137M) 19.701ms
[2020-08-10T13:15:08.763+0300][1848.304s][info ][gc] GC(61474) Pause Young (Allocation Failure) 132M->132M(137M) 30.057ms
[2020-08-10T13:15:08.793+0300][1848.335s][info ][gc] GC(61475) Pause Young (Allocation Failure) 133M->133M(137M) 25.943ms
[2020-08-10T13:15:08.817+0300][1848.358s][info ][gc] GC(61476) Pause Young (Allocation Failure) 134M->134M(137M) 22.859ms
[2020-08-10T13:15:08.849+0300][1848.390s][info ][gc] GC(61477) Pause Young (Allocation Failure) 135M->135M(137M) 31.834ms
[2020-08-10T13:15:09.368+0300][1848.909s][debug][gc] GC(61478) Expanding ParOldGen from 138240K by 11264K to 149504K
[2020-08-10T13:15:09.368+0300][1848.909s][info ][gc] GC(61478) Pause Full (Ergonomics) 135M->135M(148M) 518.717ms
[2020-08-10T13:15:09.368+0300][1848.909s][debug][gc] Expanding ParOldGen from 149504K by 19968K to 169472K
[2020-08-10T13:15:09.422+0300][1848.964s][info ][gc] GC(61479) Pause Young (Allocation Failure) 155M->155M(168M) 46.918ms
[2020-08-10T13:15:09.451+0300][1848.992s][info ][gc] GC(61480) Pause Young (Allocation Failure) 156M->156M(168M) 28.044ms
[2020-08-10T13:15:09.482+0300][1849.023s][info ][gc] GC(61481) Pause Young (Allocation Failure) 157M->157M(168M) 30.583ms
[2020-08-10T13:15:09.521+0300][1849.062s][info ][gc] GC(61482) Pause Young (Allocation Failure) 158M->158M(168M) 38.638ms
[2020-08-10T13:15:09.557+0300][1849.098s][info ][gc] GC(61483) Pause Young (Allocation Failure) 159M->159M(168M) 35.569ms
[2020-08-10T13:15:09.590+0300][1849.131s][info ][gc] GC(61484) Pause Young (Allocation Failure) 160M->160M(168M) 32.507ms
[2020-08-10T13:15:09.618+0300][1849.159s][info ][gc] GC(61485) Pause Young (Allocation Failure) 161M->161M(168M) 27.696ms
[2020-08-10T13:15:09.663+0300][1849.204s][info ][gc] GC(61486) Pause Young (Allocation Failure) 162M->162M(168M) 44.510ms
[2020-08-10T13:15:09.693+0300][1849.234s][info ][gc] GC(61487) Pause Young (Allocation Failure) 163M->163M(168M) 29.785ms
[2020-08-10T13:15:09.728+0300][1849.269s][info ][gc] GC(61488) Pause Young (Allocation Failure) 164M->164M(168M) 34.269ms
[2020-08-10T13:15:09.758+0300][1849.299s][info ][gc] GC(61489) Pause Young (Allocation Failure) 165M->165M(168M) 29.579ms
[2020-08-10T13:15:09.787+0300][1849.328s][info ][gc] GC(61490) Pause Young (Allocation Failure) 166M->166M(168M) 28.835ms
[2020-08-10T13:15:09.931+0300][1849.472s][debug][gc] GC(61491) Shrinking ParOldGen from 169472K by 124928K to 44544K
[2020-08-10T13:15:09.931+0300][1849.472s][info ][gc] GC(61491) Pause Full (Ergonomics) 166M->32M(46M) 143.754ms
[2020-08-10T13:15:09.962+0300][1849.503s][info ][gc] GC(61492) Pause Young (Allocation Failure) 33M->33M(46M) 30.128ms
[2020-08-10T13:15:09.981+0300][1849.522s][info ][gc] GC(61493) Pause Young (Allocation Failure) 34M->34M(46M) 18.637ms
[2020-08-10T13:15:09.996+0300][1849.537s][info ][gc] GC(61494) Pause Young (Allocation Failure) 35M->35M(46M) 14.020ms
[2020-08-10T13:15:10.014+0300][1849.555s][info ][gc] GC(61495) Pause Young (Allocation Failure) 36M->36M(46M) 17.626ms
[2020-08-10T13:15:10.032+0300][1849.573s][info ][gc] GC(61496) Pause Young (Allocation Failure) 37M->37M(46M) 17.967ms
[2020-08-10T13:15:10.047+0300][1849.588s][info ][gc] GC(61497) Pause Young (Allocation Failure) 38M->38M(46M) 14.530ms
[2020-08-10T13:15:10.061+0300][1849.602s][info ][gc] GC(61498) Pause Young (Allocation Failure) 39M->38M(46M) 13.722ms
[2020-08-10T13:15:10.079+0300][1849.620s][info ][gc] GC(61499) Pause Young (Allocation Failure) 39M->39M(46M) 17.490ms
[2020-08-10T13:15:10.094+0300][1849.635s][info ][gc] GC(61500) Pause Young (Allocation Failure) 40M->40M(46M) 14.582ms
[2020-08-10T13:15:10.108+0300][1849.650s][info ][gc] GC(61501) Pause Young (Allocation Failure) 41M->41M(46M) 13.953ms
[2020-08-10T13:15:10.123+0300][1849.665s][info ][gc] GC(61502) Pause Young (Allocation Failure) 42M->42M(46M) 14.717ms
[2020-08-10T13:15:10.138+0300][1849.680s][info ][gc] GC(61503) Pause Young (Allocation Failure) 43M->43M(46M) 14.480ms
[2020-08-10T13:15:10.239+0300][1849.780s][debug][gc] GC(61504) Expanding ParOldGen from 44544K by 11264K to 55808K
[2020-08-10T13:15:10.239+0300][1849.780s][info ][gc] GC(61504) Pause Full (Ergonomics) 43M->43M(57M) 100.533ms
[2020-08-10T13:15:10.259+0300][1849.800s][info ][gc] GC(61505) Pause Young (Allocation Failure) 44M->44M(57M) 19.788ms
[2020-08-10T13:15:10.274+0300][1849.815s][info ][gc] GC(61506) Pause Young (Allocation Failure) 45M->45M(57M) 14.217ms
[2020-08-10T13:15:10.288+0300][1849.829s][info ][gc] GC(61507) Pause Young (Allocation Failure) 46M->46M(57M) 14.037ms
[2020-08-10T13:15:10.302+0300][1849.844s][info ][gc] GC(61508) Pause Young (Allocation Failure) 47M->47M(57M) 13.846ms
[2020-08-10T13:15:10.325+0300][1849.866s][info ][gc] GC(61509) Pause Young (Allocation Failure) 48M->48M(57M) 22.505ms
[2020-08-10T13:15:10.352+0300][1849.893s][info ][gc] GC(61510) Pause Young (Allocation Failure) 49M->49M(57M) 26.526ms
[2020-08-10T13:15:10.367+0300][1849.908s][info ][gc] GC(61511) Pause Young (Allocation Failure) 50M->50M(57M) 14.082ms
[2020-08-10T13:15:10.381+0300][1849.923s][info ][gc] GC(61512) Pause Young (Allocation Failure) 51M->51M(56M) 14.031ms
[2020-08-10T13:15:10.396+0300][1849.937s][info ][gc] GC(61513) Pause Young (Allocation Failure) 52M->52M(56M) 14.263ms
[2020-08-10T13:15:10.410+0300][1849.952s][info ][gc] GC(61514) Pause Young (Allocation Failure) 53M->53M(56M) 13.960ms
[2020-08-10T13:15:10.434+0300][1849.975s][info ][gc] GC(61515) Pause Young (Allocation Failure) 54M->54M(56M) 22.977ms
[2020-08-10T13:15:10.448+0300][1849.989s][info ][gc] GC(61516) Pause Young (Allocation Failure) 55M->55M(56M) 13.983ms
[2020-08-10T13:15:10.606+0300][1850.147s][debug][gc] GC(61517) Expanding ParOldGen from 55808K by 11776K to 67584K
[2020-08-10T13:15:10.606+0300][1850.147s][info ][gc] GC(61517) Pause Full (Ergonomics) 55M->54M(68M) 157.625ms
[2020-08-10T13:15:10.629+0300][1850.170s][info ][gc] GC(61518) Pause Young (Allocation Failure) 55M->55M(68M) 22.756ms
[2020-08-10T13:15:10.644+0300][1850.185s][info ][gc] GC(61519) Pause Young (Allocation Failure) 56M->56M(68M) 14.135ms
[2020-08-10T13:15:10.673+0300][1850.214s][info ][gc] GC(61520) Pause Young (Allocation Failure) 57M->57M(68M) 28.295ms
[2020-08-10T13:15:10.687+0300][1850.229s][info ][gc] GC(61521) Pause Young (Allocation Failure) 58M->58M(68M) 14.306ms
[2020-08-10T13:15:10.702+0300][1850.244s][info ][gc] GC(61522) Pause Young (Allocation Failure) 59M->59M(68M) 14.302ms
[2020-08-10T13:15:10.731+0300][1850.272s][info ][gc] GC(61523) Pause Young (Allocation Failure) 60M->60M(68M) 28.322ms
[2020-08-10T13:15:10.748+0300][1850.290s][info ][gc] GC(61524) Pause Young (Allocation Failure) 61M->61M(68M) 16.989ms
[2020-08-10T13:15:10.763+0300][1850.305s][info ][gc] GC(61525) Pause Young (Allocation Failure) 62M->62M(68M) 14.351ms
[2020-08-10T13:15:10.778+0300][1850.319s][info ][gc] GC(61526) Pause Young (Allocation Failure) 63M->63M(68M) 14.218ms
[2020-08-10T13:15:10.795+0300][1850.336s][info ][gc] GC(61527) Pause Young (Allocation Failure) 64M->64M(68M) 15.977ms
[2020-08-10T13:15:10.812+0300][1850.353s][info ][gc] GC(61528) Pause Young (Allocation Failure) 65M->65M(68M) 16.711ms
[2020-08-10T13:15:10.835+0300][1850.376s][info ][gc] GC(61529) Pause Young (Allocation Failure) 66M->66M(68M) 22.356ms
[2020-08-10T13:15:11.008+0300][1850.549s][debug][gc] GC(61530) Expanding ParOldGen from 67584K by 11264K to 78848K
[2020-08-10T13:15:11.008+0300][1850.549s][info ][gc] GC(61530) Pause Full (Ergonomics) 66M->66M(79M) 173.265ms
[2020-08-10T13:15:11.039+0300][1850.580s][info ][gc] GC(61531) Pause Young (Allocation Failure) 67M->67M(79M) 29.941ms
[2020-08-10T13:15:11.054+0300][1850.595s][info ][gc] GC(61532) Pause Young (Allocation Failure) 68M->68M(79M) 14.750ms
[2020-08-10T13:15:11.070+0300][1850.611s][info ][gc] GC(61533) Pause Young (Allocation Failure) 69M->69M(79M) 15.670ms
[2020-08-10T13:15:11.085+0300][1850.626s][info ][gc] GC(61534) Pause Young (Allocation Failure) 70M->70M(79M) 14.308ms
[2020-08-10T13:15:11.099+0300][1850.641s][info ][gc] GC(61535) Pause Young (Allocation Failure) 71M->70M(79M) 14.256ms
[2020-08-10T13:15:11.114+0300][1850.655s][info ][gc] GC(61536) Pause Young (Allocation Failure) 71M->71M(79M) 14.177ms
[2020-08-10T13:15:11.130+0300][1850.671s][info ][gc] GC(61537) Pause Young (Allocation Failure) 72M->72M(79M) 15.717ms
[2020-08-10T13:15:11.145+0300][1850.686s][info ][gc] GC(61538) Pause Young (Allocation Failure) 73M->73M(79M) 14.092ms
[2020-08-10T13:15:11.160+0300][1850.701s][info ][gc] GC(61539) Pause Young (Allocation Failure) 74M->74M(79M) 14.576ms
[2020-08-10T13:15:11.174+0300][1850.716s][info ][gc] GC(61540) Pause Young (Allocation Failure) 75M->75M(79M) 14.212ms
[2020-08-10T13:15:11.194+0300][1850.735s][info ][gc] GC(61541) Pause Young (Allocation Failure) 76M->76M(79M) 18.956ms
[2020-08-10T13:15:11.209+0300][1850.750s][info ][gc] GC(61542) Pause Young (Allocation Failure) 77M->77M(79M) 14.446ms
[2020-08-10T13:15:11.433+0300][1850.974s][debug][gc] GC(61543) Expanding ParOldGen from 78848K by 11264K to 90112K
[2020-08-10T13:15:11.433+0300][1850.974s][info ][gc] GC(61543) Pause Full (Ergonomics) 77M->77M(90M) 224.010ms
[2020-08-10T13:15:11.480+0300][1851.021s][info ][gc] GC(61544) Pause Young (Allocation Failure) 78M->78M(90M) 46.237ms
[2020-08-10T13:15:11.495+0300][1851.036s][info ][gc] GC(61545) Pause Young (Allocation Failure) 79M->79M(90M) 14.624ms
[2020-08-10T13:15:11.512+0300][1851.053s][info ][gc] GC(61546) Pause Young (Allocation Failure) 80M->80M(90M) 16.732ms
[2020-08-10T13:15:11.530+0300][1851.071s][info ][gc] GC(61547) Pause Young (Allocation Failure) 81M->81M(90M) 17.457ms
[2020-08-10T13:15:11.544+0300][1851.086s][info ][gc] GC(61548) Pause Young (Allocation Failure) 82M->82M(90M) 14.310ms
[2020-08-10T13:15:11.559+0300][1851.101s][info ][gc] GC(61549) Pause Young (Allocation Failure) 83M->83M(90M) 14.316ms
[2020-08-10T13:15:11.578+0300][1851.120s][info ][gc] GC(61550) Pause Young (Allocation Failure) 84M->84M(90M) 18.934ms
[2020-08-10T13:15:11.594+0300][1851.135s][info ][gc] GC(61551) Pause Young (Allocation Failure) 85M->85M(90M) 14.618ms
[2020-08-10T13:15:11.619+0300][1851.161s][info ][gc] GC(61552) Pause Young (Allocation Failure) 86M->86M(90M) 25.372ms
[2020-08-10T13:15:11.634+0300][1851.176s][info ][gc] GC(61553) Pause Young (Allocation Failure) 87M->87M(90M) 14.631ms
[2020-08-10T13:15:11.650+0300][1851.191s][info ][gc] GC(61554) Pause Young (Allocation Failure) 88M->87M(90M) 14.885ms
[2020-08-10T13:15:11.933+0300][1851.475s][debug][gc] GC(61555) Expanding ParOldGen from 90112K by 11264K to 101376K
[2020-08-10T13:15:11.933+0300][1851.475s][info ][gc] GC(61555) Pause Full (Ergonomics) 87M->87M(101M) 283.585ms
[2020-08-10T13:15:11.956+0300][1851.497s][info ][gc] GC(61556) Pause Young (Allocation Failure) 88M->88M(101M) 22.319ms
[2020-08-10T13:15:11.988+0300][1851.530s][info ][gc] GC(61557) Pause Young (Allocation Failure) 89M->89M(101M) 31.742ms
[2020-08-10T13:15:12.007+0300][1851.549s][info ][gc] GC(61558) Pause Young (Allocation Failure) 90M->90M(101M) 18.391ms
[2020-08-10T13:15:12.036+0300][1851.577s][info ][gc] GC(61559) Pause Young (Allocation Failure) 91M->91M(101M) 27.836ms
[2020-08-10T13:15:12.052+0300][1851.593s][info ][gc] GC(61560) Pause Young (Allocation Failure) 92M->92M(101M) 15.312ms
[2020-08-10T13:15:12.067+0300][1851.609s][info ][gc] GC(61561) Pause Young (Allocation Failure) 93M->93M(101M) 15.097ms
[2020-08-10T13:15:12.083+0300][1851.624s][info ][gc] GC(61562) Pause Young (Allocation Failure) 94M->94M(101M) 15.081ms
[2020-08-10T13:15:12.098+0300][1851.640s][info ][gc] GC(61563) Pause Young (Allocation Failure) 95M->95M(101M) 15.008ms
[2020-08-10T13:15:12.126+0300][1851.668s][info ][gc] GC(61564) Pause Young (Allocation Failure) 96M->96M(101M) 27.338ms
[2020-08-10T13:15:12.142+0300][1851.683s][info ][gc] GC(61565) Pause Young (Allocation Failure) 97M->97M(101M) 15.323ms
[2020-08-10T13:15:12.172+0300][1851.714s][info ][gc] GC(61566) Pause Young (Allocation Failure) 98M->98M(101M) 30.066ms
[2020-08-10T13:15:12.192+0300][1851.734s][info ][gc] GC(61567) Pause Young (Allocation Failure) 99M->99M(101M) 19.601ms
[2020-08-10T13:15:12.494+0300][1852.036s][debug][gc] GC(61568) Expanding ParOldGen from 101376K by 11264K to 112640K
[2020-08-10T13:15:12.494+0300][1852.036s][info ][gc] GC(61568) Pause Full (Ergonomics) 99M->99M(111M) 301.841ms
[2020-08-10T13:15:12.531+0300][1852.073s][info ][gc] GC(61569) Pause Young (Allocation Failure) 100M->100M(112M) 36.228ms
[2020-08-10T13:15:12.549+0300][1852.090s][info ][gc] GC(61570) Pause Young (Allocation Failure) 101M->101M(112M) 16.949ms
[2020-08-10T13:15:12.565+0300][1852.107s][info ][gc] GC(61571) Pause Young (Allocation Failure) 102M->102M(111M) 16.292ms
[2020-08-10T13:15:12.588+0300][1852.130s][info ][gc] GC(61572) Pause Young (Allocation Failure) 102M->102M(112M) 22.675ms
[2020-08-10T13:15:12.603+0300][1852.145s][info ][gc] GC(61573) Pause Young (Allocation Failure) 102M->102M(112M) 14.527ms
[2020-08-10T13:15:12.618+0300][1852.159s][info ][gc] GC(61574) Pause Young (Allocation Failure) 103M->103M(112M) 14.158ms
[2020-08-10T13:15:12.632+0300][1852.174s][info ][gc] GC(61575) Pause Young (Allocation Failure) 103M->103M(112M) 14.081ms
[2020-08-10T13:15:12.652+0300][1852.194s][info ][gc] GC(61576) Pause Young (Allocation Failure) 104M->104M(112M) 19.543ms
[2020-08-10T13:15:12.671+0300][1852.213s][info ][gc] GC(61577) Pause Young (Allocation Failure) 104M->104M(112M) 18.718ms
[2020-08-10T13:15:12.686+0300][1852.227s][info ][gc] GC(61578) Pause Young (Allocation Failure) 105M->105M(112M) 14.090ms
[2020-08-10T13:15:12.705+0300][1852.246s][info ][gc] GC(61579) Pause Young (Allocation Failure) 105M->105M(112M) 18.515ms
[2020-08-10T13:15:12.719+0300][1852.261s][info ][gc] GC(61580) Pause Young (Allocation Failure) 106M->106M(112M) 14.097ms
[2020-08-10T13:15:12.735+0300][1852.276s][info ][gc] GC(61581) Pause Young (Allocation Failure) 106M->106M(112M) 15.041ms
[2020-08-10T13:15:12.749+0300][1852.291s][info ][gc] GC(61582) Pause Young (Allocation Failure) 107M->106M(112M) 13.879ms
[2020-08-10T13:15:12.764+0300][1852.305s][info ][gc] GC(61583) Pause Young (Allocation Failure) 107M->107M(112M) 13.945ms
[2020-08-10T13:15:12.778+0300][1852.319s][info ][gc] GC(61584) Pause Young (Allocation Failure) 107M->107M(112M) 13.814ms
[2020-08-10T13:15:12.792+0300][1852.334s][info ][gc] GC(61585) Pause Young (Allocation Failure) 108M->108M(112M) 13.808ms
[2020-08-10T13:15:12.807+0300][1852.348s][info ][gc] GC(61586) Pause Young (Allocation Failure) 108M->108M(112M) 14.115ms
[2020-08-10T13:15:12.821+0300][1852.362s][info ][gc] GC(61587) Pause Young (Allocation Failure) 109M->109M(112M) 14.042ms
[2020-08-10T13:15:12.835+0300][1852.377s][info ][gc] GC(61588) Pause Young (Allocation Failure) 109M->109M(111M) 13.972ms
[2020-08-10T13:15:13.104+0300][1852.645s][debug][gc] GC(61589) Expanding ParOldGen from 112640K by 11264K to 123904K
[2020-08-10T13:15:13.104+0300][1852.646s][info ][gc] GC(61589) Pause Full (Ergonomics) 109M->109M(122M) 268.509ms
[2020-08-10T13:15:13.118+0300][1852.659s][info ][gc] GC(61590) Pause Young (Allocation Failure) 110M->110M(122M) 13.256ms
[2020-08-10T13:15:13.132+0300][1852.673s][info ][gc] GC(61591) Pause Young (Allocation Failure) 110M->110M(122M) 13.768ms
[2020-08-10T13:15:13.164+0300][1852.706s][info ][gc] GC(61592) Pause Young (Allocation Failure) 110M->110M(122M) 31.897ms
[2020-08-10T13:15:13.179+0300][1852.720s][info ][gc] GC(61593) Pause Young (Allocation Failure) 111M->111M(122M) 14.115ms
[2020-08-10T13:15:13.205+0300][1852.746s][info ][gc] GC(61594) Pause Young (Allocation Failure) 111M->111M(122M) 25.641ms
[2020-08-10T13:15:13.219+0300][1852.761s][info ][gc] GC(61595) Pause Young (Allocation Failure) 112M->112M(122M) 13.865ms
[2020-08-10T13:15:13.234+0300][1852.775s][info ][gc] GC(61596) Pause Young (Allocation Failure) 112M->112M(122M) 14.272ms
[2020-08-10T13:15:13.248+0300][1852.790s][info ][gc] GC(61597) Pause Young (Allocation Failure) 113M->113M(122M) 13.982ms
[2020-08-10T13:15:13.263+0300][1852.804s][info ][gc] GC(61598) Pause Young (Allocation Failure) 113M->113M(122M) 14.152ms
[2020-08-10T13:15:13.277+0300][1852.819s][info ][gc] GC(61599) Pause Young (Allocation Failure) 114M->114M(122M) 14.099ms
[2020-08-10T13:15:13.292+0300][1852.834s][info ][gc] GC(61600) Pause Young (Allocation Failure) 114M->114M(122M) 14.319ms
[2020-08-10T13:15:13.307+0300][1852.848s][info ][gc] GC(61601) Pause Young (Allocation Failure) 115M->115M(122M) 14.188ms
[2020-08-10T13:15:13.321+0300][1852.863s][info ][gc] GC(61602) Pause Young (Allocation Failure) 115M->115M(122M) 14.102ms
[2020-08-10T13:15:13.336+0300][1852.877s][info ][gc] GC(61603) Pause Young (Allocation Failure) 116M->116M(122M) 13.965ms
[2020-08-10T13:15:13.356+0300][1852.898s][info ][gc] GC(61604) Pause Young (Allocation Failure) 116M->116M(122M) 20.121ms
[2020-08-10T13:15:13.371+0300][1852.912s][info ][gc] GC(61605) Pause Young (Allocation Failure) 116M->116M(122M) 14.294ms
[2020-08-10T13:15:13.386+0300][1852.927s][info ][gc] GC(61606) Pause Young (Allocation Failure) 117M->117M(122M) 14.486ms
[2020-08-10T13:15:13.401+0300][1852.942s][info ][gc] GC(61607) Pause Young (Allocation Failure) 117M->117M(122M) 14.562ms
[2020-08-10T13:15:13.415+0300][1852.957s][info ][gc] GC(61608) Pause Young (Allocation Failure) 118M->118M(122M) 14.227ms
[2020-08-10T13:15:13.430+0300][1852.972s][info ][gc] GC(61609) Pause Young (Allocation Failure) 118M->118M(122M) 14.404ms
[2020-08-10T13:15:13.445+0300][1852.986s][info ][gc] GC(61610) Pause Young (Allocation Failure) 119M->119M(122M) 14.261ms
[2020-08-10T13:15:13.465+0300][1853.007s][info ][gc] GC(61611) Pause Young (Allocation Failure) 119M->119M(122M) 20.315ms
[2020-08-10T13:15:13.486+0300][1853.027s][info ][gc] GC(61612) Pause Young (Allocation Failure) 120M->120M(122M) 20.338ms
[2020-08-10T13:15:13.502+0300][1853.044s][info ][gc] GC(61613) Pause Young (Allocation Failure) 120M->120M(122M) 16.062ms
[2020-08-10T13:15:13.517+0300][1853.059s][info ][gc] GC(61614) Pause Young (Allocation Failure) 121M->121M(122M) 14.470ms
[2020-08-10T13:15:13.908+0300][1853.450s][debug][gc] GC(61615) Expanding ParOldGen from 123904K by 10752K to 134656K
[2020-08-10T13:15:13.909+0300][1853.450s][info ][gc] GC(61615) Pause Full (Ergonomics) 121M->120M(133M) 391.002ms
[2020-08-10T13:15:13.931+0300][1853.472s][info ][gc] GC(61616) Pause Young (Allocation Failure) 121M->121M(133M) 21.967ms
[2020-08-10T13:15:13.947+0300][1853.489s][info ][gc] GC(61617) Pause Young (Allocation Failure) 121M->121M(133M) 15.698ms
[2020-08-10T13:15:13.964+0300][1853.505s][info ][gc] GC(61618) Pause Young (Allocation Failure) 122M->122M(133M) 16.060ms
[2020-08-10T13:15:13.979+0300][1853.520s][info ][gc] GC(61619) Pause Young (Allocation Failure) 122M->122M(133M) 14.907ms
[2020-08-10T13:15:13.994+0300][1853.536s][info ][gc] GC(61620) Pause Young (Allocation Failure) 123M->123M(133M) 14.973ms
[2020-08-10T13:15:14.012+0300][1853.554s][info ][gc] GC(61621) Pause Young (Allocation Failure) 123M->123M(133M) 17.753ms
[2020-08-10T13:15:14.041+0300][1853.583s][info ][gc] GC(61622) Pause Young (Allocation Failure) 124M->124M(133M) 28.792ms
[2020-08-10T13:15:14.057+0300][1853.598s][info ][gc] GC(61623) Pause Young (Allocation Failure) 124M->124M(133M) 15.085ms
[2020-08-10T13:15:14.096+0300][1853.637s][info ][gc] GC(61624) Pause Young (Allocation Failure) 125M->125M(133M) 38.979ms
[2020-08-10T13:15:14.111+0300][1853.653s][info ][gc] GC(61625) Pause Young (Allocation Failure) 125M->125M(133M) 15.075ms
[2020-08-10T13:15:14.129+0300][1853.671s][info ][gc] GC(61626) Pause Young (Allocation Failure) 125M->125M(133M) 17.652ms
[2020-08-10T13:15:14.146+0300][1853.688s][info ][gc] GC(61627) Pause Young (Allocation Failure) 126M->126M(133M) 16.055ms
[2020-08-10T13:15:14.169+0300][1853.710s][info ][gc] GC(61628) Pause Young (Allocation Failure) 126M->126M(133M) 22.460ms
[2020-08-10T13:15:14.185+0300][1853.726s][info ][gc] GC(61629) Pause Young (Allocation Failure) 127M->127M(133M) 15.395ms
[2020-08-10T13:15:14.205+0300][1853.746s][info ][gc] GC(61630) Pause Young (Allocation Failure) 127M->127M(133M) 19.391ms
[2020-08-10T13:15:14.226+0300][1853.767s][info ][gc] GC(61631) Pause Young (Allocation Failure) 128M->128M(133M) 20.635ms
[2020-08-10T13:15:14.246+0300][1853.788s][info ][gc] GC(61632) Pause Young (Allocation Failure) 128M->128M(133M) 20.352ms
[2020-08-10T13:15:14.266+0300][1853.807s][info ][gc] GC(61633) Pause Young (Allocation Failure) 129M->129M(133M) 19.261ms
[2020-08-10T13:15:14.282+0300][1853.823s][info ][gc] GC(61634) Pause Young (Allocation Failure) 129M->129M(133M) 15.498ms
[2020-08-10T13:15:14.298+0300][1853.839s][info ][gc] GC(61635) Pause Young (Allocation Failure) 130M->130M(133M) 15.633ms
[2020-08-10T13:15:14.313+0300][1853.855s][info ][gc] GC(61636) Pause Young (Allocation Failure) 130M->130M(133M) 15.321ms
[2020-08-10T13:15:14.329+0300][1853.870s][info ][gc] GC(61637) Pause Young (Allocation Failure) 131M->131M(133M) 15.401ms
[2020-08-10T13:15:14.350+0300][1853.892s][info ][gc] GC(61638) Pause Young (Allocation Failure) 131M->131M(133M) 21.226ms
[2020-08-10T13:15:14.371+0300][1853.912s][info ][gc] GC(61639) Pause Young (Allocation Failure) 131M->131M(133M) 19.831ms
[2020-08-10T13:15:14.892+0300][1854.434s][debug][gc] GC(61640) Expanding ParOldGen from 134656K by 10752K to 145408K
[2020-08-10T13:15:14.892+0300][1854.434s][info ][gc] GC(61640) Pause Full (Ergonomics) 131M->131M(143M) 521.605ms
[2020-08-10T13:15:14.927+0300][1854.468s][info ][gc] GC(61641) Pause Young (Allocation Failure) 132M->132M(143M) 34.236ms
[2020-08-10T13:15:14.949+0300][1854.491s][info ][gc] GC(61642) Pause Young (Allocation Failure) 132M->132M(143M) 22.286ms
[2020-08-10T13:15:14.966+0300][1854.507s][info ][gc] GC(61643) Pause Young (Allocation Failure) 133M->132M(143M) 16.188ms
[2020-08-10T13:15:14.982+0300][1854.524s][info ][gc] GC(61644) Pause Young (Allocation Failure) 133M->133M(143M) 16.070ms
[2020-08-10T13:15:14.999+0300][1854.540s][info ][gc] GC(61645) Pause Young (Allocation Failure) 133M->133M(143M) 16.111ms
[2020-08-10T13:15:15.015+0300][1854.557s][info ][gc] GC(61646) Pause Young (Allocation Failure) 134M->134M(143M) 16.042ms
[2020-08-10T13:15:15.032+0300][1854.573s][info ][gc] GC(61647) Pause Young (Allocation Failure) 134M->134M(143M) 16.129ms
[2020-08-10T13:15:15.054+0300][1854.596s][info ][gc] GC(61648) Pause Young (Allocation Failure) 135M->135M(143M) 22.463ms
[2020-08-10T13:15:15.055+0300][1854.596s][debug][gc] Expanding ParOldGen from 145408K by 19968K to 165376K
[2020-08-10T13:15:15.079+0300][1854.620s][info ][gc] GC(61649) Pause Young (Allocation Failure) 154M->154M(163M) 15.949ms
[2020-08-10T13:15:15.110+0300][1854.652s][info ][gc] GC(61650) Pause Young (Allocation Failure) 155M->155M(163M) 31.362ms
[2020-08-10T13:15:15.137+0300][1854.679s][info ][gc] GC(61651) Pause Young (Allocation Failure) 155M->155M(163M) 26.375ms
[2020-08-10T13:15:15.165+0300][1854.707s][info ][gc] GC(61652) Pause Young (Allocation Failure) 156M->156M(163M) 27.732ms
[2020-08-10T13:15:15.193+0300][1854.734s][info ][gc] GC(61653) Pause Young (Allocation Failure) 156M->156M(163M) 27.123ms
[2020-08-10T13:15:15.220+0300][1854.762s][info ][gc] GC(61654) Pause Young (Allocation Failure) 157M->157M(163M) 27.473ms
[2020-08-10T13:15:15.248+0300][1854.790s][info ][gc] GC(61655) Pause Young (Allocation Failure) 157M->157M(163M) 27.745ms
[2020-08-10T13:15:15.275+0300][1854.817s][info ][gc] GC(61656) Pause Young (Allocation Failure) 158M->158M(163M) 26.434ms
[2020-08-10T13:15:15.303+0300][1854.845s][info ][gc] GC(61657) Pause Young (Allocation Failure) 158M->158M(163M) 27.895ms
[2020-08-10T13:15:15.331+0300][1854.872s][info ][gc] GC(61658) Pause Young (Allocation Failure) 158M->158M(163M) 27.032ms
[2020-08-10T13:15:15.359+0300][1854.901s][info ][gc] GC(61659) Pause Young (Allocation Failure) 159M->159M(163M) 27.908ms
[2020-08-10T13:15:15.387+0300][1854.929s][info ][gc] GC(61660) Pause Young (Allocation Failure) 159M->159M(163M) 27.791ms
[2020-08-10T13:15:15.414+0300][1854.956s][info ][gc] GC(61661) Pause Young (Allocation Failure) 160M->160M(163M) 26.770ms
[2020-08-10T13:15:15.442+0300][1854.983s][info ][gc] GC(61662) Pause Young (Allocation Failure) 160M->160M(163M) 27.062ms
[2020-08-10T13:15:15.469+0300][1855.010s][info ][gc] GC(61663) Pause Young (Allocation Failure) 161M->161M(163M) 26.958ms
[2020-08-10T13:15:15.496+0300][1855.038s][info ][gc] GC(61664) Pause Young (Allocation Failure) 161M->161M(163M) 26.949ms
[2020-08-10T13:15:15.585+0300][1855.127s][debug][gc] GC(61665) Shrinking ParOldGen from 165376K by 125952K to 39424K
[2020-08-10T13:15:15.586+0300][1855.127s][info ][gc] GC(61665) Pause Full (Ergonomics) 161M->27M(40M) 89.345ms
[2020-08-10T13:15:15.599+0300][1855.141s][info ][gc] GC(61666) Pause Young (Allocation Failure) 28M->28M(40M) 13.331ms
[2020-08-10T13:15:15.613+0300][1855.155s][info ][gc] GC(61667) Pause Young (Allocation Failure) 28M->28M(40M) 13.717ms
[2020-08-10T13:15:15.627+0300][1855.169s][info ][gc] GC(61668) Pause Young (Allocation Failure) 29M->29M(40M) 13.493ms
[2020-08-10T13:15:15.641+0300][1855.183s][info ][gc] GC(61669) Pause Young (Allocation Failure) 29M->29M(40M) 13.467ms
[2020-08-10T13:15:15.655+0300][1855.197s][info ][gc] GC(61670) Pause Young (Allocation Failure) 30M->30M(40M) 13.499ms
[2020-08-10T13:15:15.672+0300][1855.213s][info ][gc] GC(61671) Pause Young (Allocation Failure) 30M->30M(40M) 16.280ms
[2020-08-10T13:15:15.686+0300][1855.227s][info ][gc] GC(61672) Pause Young (Allocation Failure) 31M->31M(40M) 13.452ms
[2020-08-10T13:15:15.699+0300][1855.241s][info ][gc] GC(61673) Pause Young (Allocation Failure) 31M->31M(40M) 13.425ms
[2020-08-10T13:15:15.713+0300][1855.254s][info ][gc] GC(61674) Pause Young (Allocation Failure) 32M->32M(40M) 13.361ms
[2020-08-10T13:15:15.727+0300][1855.269s][info ][gc] GC(61675) Pause Young (Allocation Failure) 32M->32M(40M) 13.917ms
[2020-08-10T13:15:15.741+0300][1855.282s][info ][gc] GC(61676) Pause Young (Allocation Failure) 32M->32M(40M) 13.178ms
[2020-08-10T13:15:15.754+0300][1855.296s][info ][gc] GC(61677) Pause Young (Allocation Failure) 33M->33M(40M) 13.128ms
[2020-08-10T13:15:15.768+0300][1855.310s][info ][gc] GC(61678) Pause Young (Allocation Failure) 33M->33M(40M) 13.711ms
[2020-08-10T13:15:15.782+0300][1855.324s][info ][gc] GC(61679) Pause Young (Allocation Failure) 34M->34M(40M) 13.511ms
[2020-08-10T13:15:15.808+0300][1855.350s][info ][gc] GC(61680) Pause Young (Allocation Failure) 34M->34M(40M) 26.008ms
[2020-08-10T13:15:15.822+0300][1855.364s][info ][gc] GC(61681) Pause Young (Allocation Failure) 35M->35M(40M) 13.558ms
[2020-08-10T13:15:15.837+0300][1855.379s][info ][gc] GC(61682) Pause Young (Allocation Failure) 35M->35M(40M) 14.372ms
[2020-08-10T13:15:15.851+0300][1855.393s][info ][gc] GC(61683) Pause Young (Allocation Failure) 36M->36M(40M) 13.524ms
[2020-08-10T13:15:15.865+0300][1855.407s][info ][gc] GC(61684) Pause Young (Allocation Failure) 37M->37M(40M) 13.459ms
[2020-08-10T13:15:15.879+0300][1855.421s][info ][gc] GC(61685) Pause Young (Allocation Failure) 38M->38M(40M) 13.890ms
[2020-08-10T13:15:15.885+0300][1855.427s][debug][gc] GC(61686) Expanding ParOldGen from 39424K by 512K to 39936K
[2020-08-10T13:15:15.905+0300][1855.447s][info ][gc] GC(61686) Pause Young (Allocation Failure) 39M->39M(41M) 25.257ms
[2020-08-10T13:15:15.987+0300][1855.529s][debug][gc] GC(61687) Expanding ParOldGen from 39936K by 11264K to 51200K
[2020-08-10T13:15:15.987+0300][1855.529s][info ][gc] GC(61687) Pause Full (Ergonomics) 39M->39M(52M) 82.026ms
[2020-08-10T13:15:16.006+0300][1855.548s][info ][gc] GC(61688) Pause Young (Allocation Failure) 40M->40M(52M) 18.275ms
[2020-08-10T13:15:16.034+0300][1855.576s][info ][gc] GC(61689) Pause Young (Allocation Failure) 41M->41M(52M) 27.403ms
[2020-08-10T13:15:16.049+0300][1855.591s][info ][gc] GC(61690) Pause Young (Allocation Failure) 42M->42M(52M) 14.474ms
[2020-08-10T13:15:16.065+0300][1855.607s][info ][gc] GC(61691) Pause Young (Allocation Failure) 43M->42M(52M) 15.345ms
[2020-08-10T13:15:16.081+0300][1855.622s][info ][gc] GC(61692) Pause Young (Allocation Failure) 43M->43M(52M) 15.339ms
[2020-08-10T13:15:16.096+0300][1855.637s][info ][gc] GC(61693) Pause Young (Allocation Failure) 44M->44M(52M) 14.360ms
[2020-08-10T13:15:16.110+0300][1855.651s][info ][gc] GC(61694) Pause Young (Allocation Failure) 45M->45M(52M) 13.606ms
[2020-08-10T13:15:16.130+0300][1855.671s][info ][gc] GC(61695) Pause Young (Allocation Failure) 46M->46M(52M) 19.950ms
[2020-08-10T13:15:16.149+0300][1855.691s][info ][gc] GC(61696) Pause Young (Allocation Failure) 47M->47M(52M) 18.300ms
[2020-08-10T13:15:16.164+0300][1855.705s][info ][gc] GC(61697) Pause Young (Allocation Failure) 48M->48M(52M) 14.005ms
[2020-08-10T13:15:16.178+0300][1855.720s][info ][gc] GC(61698) Pause Young (Allocation Failure) 49M->49M(52M) 13.919ms
[2020-08-10T13:15:16.192+0300][1855.734s][info ][gc] GC(61699) Pause Young (Allocation Failure) 50M->50M(52M) 14.079ms
[2020-08-10T13:15:16.314+0300][1855.855s][debug][gc] GC(61700) Expanding ParOldGen from 51200K by 11776K to 62976K
[2020-08-10T13:15:16.314+0300][1855.856s][info ][gc] GC(61700) Pause Full (Ergonomics) 50M->50M(64M) 121.435ms
[2020-08-10T13:15:16.355+0300][1855.896s][info ][gc] GC(61701) Pause Young (Allocation Failure) 51M->51M(64M) 40.386ms
[2020-08-10T13:15:16.369+0300][1855.911s][info ][gc] GC(61702) Pause Young (Allocation Failure) 52M->52M(64M) 14.012ms
[2020-08-10T13:15:16.384+0300][1855.926s][info ][gc] GC(61703) Pause Young (Allocation Failure) 53M->53M(64M) 14.279ms
[2020-08-10T13:15:16.399+0300][1855.941s][info ][gc] GC(61704) Pause Young (Allocation Failure) 54M->53M(64M) 14.354ms
[2020-08-10T13:15:16.414+0300][1855.955s][info ][gc] GC(61705) Pause Young (Allocation Failure) 54M->54M(64M) 14.078ms
[2020-08-10T13:15:16.428+0300][1855.970s][info ][gc] GC(61706) Pause Young (Allocation Failure) 55M->55M(64M) 14.147ms
[2020-08-10T13:15:16.443+0300][1855.985s][info ][gc] GC(61707) Pause Young (Allocation Failure) 56M->56M(64M) 13.866ms
[2020-08-10T13:15:16.458+0300][1855.999s][info ][gc] GC(61708) Pause Young (Allocation Failure) 57M->57M(64M) 13.924ms
[2020-08-10T13:15:16.472+0300][1856.014s][info ][gc] GC(61709) Pause Young (Allocation Failure) 58M->58M(64M) 14.039ms
[2020-08-10T13:15:16.487+0300][1856.028s][info ][gc] GC(61710) Pause Young (Allocation Failure) 59M->59M(64M) 13.884ms
[2020-08-10T13:15:16.501+0300][1856.042s][info ][gc] GC(61711) Pause Young (Allocation Failure) 60M->60M(64M) 13.796ms
[2020-08-10T13:15:16.524+0300][1856.066s][info ][gc] GC(61712) Pause Young (Allocation Failure) 61M->61M(64M) 22.837ms
[2020-08-10T13:15:16.690+0300][1856.232s][debug][gc] GC(61713) Expanding ParOldGen from 62976K by 11264K to 74240K
[2020-08-10T13:15:16.690+0300][1856.232s][info ][gc] GC(61713) Pause Full (Ergonomics) 61M->61M(75M) 166.116ms
[2020-08-10T13:15:16.704+0300][1856.246s][info ][gc] GC(61714) Pause Young (Allocation Failure) 62M->62M(75M) 13.475ms
[2020-08-10T13:15:16.719+0300][1856.260s][info ][gc] GC(61715) Pause Young (Allocation Failure) 63M->63M(75M) 13.803ms
[2020-08-10T13:15:16.746+0300][1856.288s][info ][gc] GC(61716) Pause Young (Allocation Failure) 64M->63M(75M) 26.672ms
[2020-08-10T13:15:16.760+0300][1856.302s][info ][gc] GC(61717) Pause Young (Allocation Failure) 64M->64M(75M) 13.950ms
[2020-08-10T13:15:16.775+0300][1856.317s][info ][gc] GC(61718) Pause Young (Allocation Failure) 65M->65M(75M) 14.198ms
[2020-08-10T13:15:16.790+0300][1856.332s][info ][gc] GC(61719) Pause Young (Allocation Failure) 66M->66M(75M) 14.502ms
[2020-08-10T13:15:16.805+0300][1856.346s][info ][gc] GC(61720) Pause Young (Allocation Failure) 67M->67M(75M) 14.288ms
[2020-08-10T13:15:16.820+0300][1856.361s][info ][gc] GC(61721) Pause Young (Allocation Failure) 68M->68M(75M) 13.964ms
[2020-08-10T13:15:16.835+0300][1856.376s][info ][gc] GC(61722) Pause Young (Allocation Failure) 69M->69M(75M) 14.086ms
[2020-08-10T13:15:16.861+0300][1856.402s][info ][gc] GC(61723) Pause Young (Allocation Failure) 70M->70M(75M) 25.621ms
[2020-08-10T13:15:16.875+0300][1856.417s][info ][gc] GC(61724) Pause Young (Allocation Failure) 71M->71M(75M) 14.012ms
[2020-08-10T13:15:16.890+0300][1856.431s][info ][gc] GC(61725) Pause Young (Allocation Failure) 72M->72M(75M) 14.135ms
[2020-08-10T13:15:17.082+0300][1856.623s][debug][gc] GC(61726) Expanding ParOldGen from 74240K by 11776K to 86016K
[2020-08-10T13:15:17.082+0300][1856.624s][info ][gc] GC(61726) Pause Full (Ergonomics) 72M->72M(86M) 192.073ms
[2020-08-10T13:15:17.106+0300][1856.648s][info ][gc] GC(61727) Pause Young (Allocation Failure) 73M->73M(86M) 23.629ms
[2020-08-10T13:15:17.121+0300][1856.662s][info ][gc] GC(61728) Pause Young (Allocation Failure) 74M->74M(86M) 13.937ms
[2020-08-10T13:15:17.135+0300][1856.677s][info ][gc] GC(61729) Pause Young (Allocation Failure) 75M->75M(86M) 13.954ms
[2020-08-10T13:15:17.150+0300][1856.691s][info ][gc] GC(61730) Pause Young (Allocation Failure) 76M->76M(86M) 13.899ms
[2020-08-10T13:15:17.164+0300][1856.706s][info ][gc] GC(61731) Pause Young (Allocation Failure) 77M->77M(86M) 13.909ms
[2020-08-10T13:15:17.178+0300][1856.720s][info ][gc] GC(61732) Pause Young (Allocation Failure) 78M->78M(86M) 14.013ms
[2020-08-10T13:15:17.200+0300][1856.741s][info ][gc] GC(61733) Pause Young (Allocation Failure) 79M->79M(86M) 20.411ms
[2020-08-10T13:15:17.224+0300][1856.765s][info ][gc] GC(61734) Pause Young (Allocation Failure) 80M->79M(86M) 23.745ms
[2020-08-10T13:15:17.238+0300][1856.780s][info ][gc] GC(61735) Pause Young (Allocation Failure) 80M->80M(86M) 14.149ms
[2020-08-10T13:15:17.253+0300][1856.794s][info ][gc] GC(61736) Pause Young (Allocation Failure) 81M->81M(86M) 13.843ms
[2020-08-10T13:15:17.283+0300][1856.825s][info ][gc] GC(61737) Pause Young (Allocation Failure) 82M->82M(86M) 30.337ms
[2020-08-10T13:15:17.299+0300][1856.841s][info ][gc] GC(61738) Pause Young (Allocation Failure) 83M->83M(86M) 15.134ms
[2020-08-10T13:15:17.314+0300][1856.856s][info ][gc] GC(61739) Pause Young (Allocation Failure) 84M->84M(86M) 14.608ms
[2020-08-10T13:15:17.561+0300][1857.102s][debug][gc] GC(61740) Expanding ParOldGen from 86016K by 11264K to 97280K
[2020-08-10T13:15:17.561+0300][1857.103s][info ][gc] GC(61740) Pause Full (Ergonomics) 84M->84M(97M) 246.595ms
[2020-08-10T13:15:17.598+0300][1857.139s][info ][gc] GC(61741) Pause Young (Allocation Failure) 85M->85M(97M) 36.301ms
[2020-08-10T13:15:17.613+0300][1857.155s][info ][gc] GC(61742) Pause Young (Allocation Failure) 86M->86M(97M) 14.919ms
[2020-08-10T13:15:17.628+0300][1857.170s][info ][gc] GC(61743) Pause Young (Allocation Failure) 87M->87M(97M) 14.797ms
[2020-08-10T13:15:17.643+0300][1857.185s][info ][gc] GC(61744) Pause Young (Allocation Failure) 88M->88M(97M) 14.657ms
[2020-08-10T13:15:17.659+0300][1857.200s][info ][gc] GC(61745) Pause Young (Allocation Failure) 89M->89M(97M) 14.889ms
[2020-08-10T13:15:17.674+0300][1857.216s][info ][gc] GC(61746) Pause Young (Allocation Failure) 90M->90M(97M) 14.915ms
[2020-08-10T13:15:17.695+0300][1857.236s][info ][gc] GC(61747) Pause Young (Allocation Failure) 91M->91M(97M) 20.394ms
[2020-08-10T13:15:17.720+0300][1857.261s][info ][gc] GC(61748) Pause Young (Allocation Failure) 92M->92M(97M) 24.456ms
[2020-08-10T13:15:17.735+0300][1857.277s][info ][gc] GC(61749) Pause Young (Allocation Failure) 93M->93M(97M) 15.416ms
[2020-08-10T13:15:17.756+0300][1857.297s][info ][gc] GC(61750) Pause Young (Allocation Failure) 94M->94M(97M) 19.845ms
[2020-08-10T13:15:17.772+0300][1857.313s][info ][gc] GC(61751) Pause Young (Allocation Failure) 95M->95M(97M) 15.349ms
[2020-08-10T13:15:18.065+0300][1857.607s][debug][gc] GC(61752) Expanding ParOldGen from 97280K by 11776K to 109056K
[2020-08-10T13:15:18.065+0300][1857.607s][info ][gc] GC(61752) Pause Full (Ergonomics) 95M->94M(109M) 293.372ms
[2020-08-10T13:15:18.079+0300][1857.621s][info ][gc] GC(61753) Pause Young (Allocation Failure) 95M->95M(109M) 13.768ms
[2020-08-10T13:15:18.100+0300][1857.641s][info ][gc] GC(61754) Pause Young (Allocation Failure) 96M->96M(109M) 19.874ms
[2020-08-10T13:15:18.115+0300][1857.657s][info ][gc] GC(61755) Pause Young (Allocation Failure) 97M->97M(109M) 15.400ms
[2020-08-10T13:15:18.132+0300][1857.674s][info ][gc] GC(61756) Pause Young (Allocation Failure) 98M->98M(109M) 15.997ms
[2020-08-10T13:15:18.148+0300][1857.690s][info ][gc] GC(61757) Pause Young (Allocation Failure) 99M->99M(109M) 15.962ms
[2020-08-10T13:15:18.165+0300][1857.707s][info ][gc] GC(61758) Pause Young (Allocation Failure) 100M->100M(108M) 15.880ms
[2020-08-10T13:15:18.181+0300][1857.723s][info ][gc] GC(61759) Pause Young (Allocation Failure) 101M->101M(108M) 16.048ms
[2020-08-10T13:15:18.198+0300][1857.740s][info ][gc] GC(61760) Pause Young (Allocation Failure) 102M->102M(108M) 16.079ms
[2020-08-10T13:15:18.215+0300][1857.757s][info ][gc] GC(61761) Pause Young (Allocation Failure) 103M->103M(108M) 16.326ms
[2020-08-10T13:15:18.232+0300][1857.773s][info ][gc] GC(61762) Pause Young (Allocation Failure) 104M->104M(108M) 16.222ms
[2020-08-10T13:15:18.249+0300][1857.790s][info ][gc] GC(61763) Pause Young (Allocation Failure) 105M->105M(108M) 16.298ms
[2020-08-10T13:15:18.272+0300][1857.814s][info ][gc] GC(61764) Pause Young (Allocation Failure) 105M->105M(108M) 22.877ms
[2020-08-10T13:15:18.286+0300][1857.828s][info ][gc] GC(61765) Pause Young (Allocation Failure) 106M->106M(108M) 13.791ms
[2020-08-10T13:15:18.583+0300][1858.125s][debug][gc] GC(61766) Expanding ParOldGen from 109056K by 11264K to 120320K
[2020-08-10T13:15:18.583+0300][1858.125s][info ][gc] GC(61766) Pause Full (Ergonomics) 106M->106M(119M) 297.301ms
[2020-08-10T13:15:18.597+0300][1858.139s][info ][gc] GC(61767) Pause Young (Allocation Failure) 106M->106M(119M) 13.390ms
[2020-08-10T13:15:18.611+0300][1858.153s][info ][gc] GC(61768) Pause Young (Allocation Failure) 107M->107M(119M) 13.532ms
[2020-08-10T13:15:18.630+0300][1858.172s][info ][gc] GC(61769) Pause Young (Allocation Failure) 107M->107M(119M) 18.943ms
[2020-08-10T13:15:18.644+0300][1858.186s][info ][gc] GC(61770) Pause Young (Allocation Failure) 108M->108M(119M) 13.435ms
[2020-08-10T13:15:18.658+0300][1858.200s][info ][gc] GC(61771) Pause Young (Allocation Failure) 108M->108M(119M) 13.499ms
[2020-08-10T13:15:18.672+0300][1858.214s][info ][gc] GC(61772) Pause Young (Allocation Failure) 109M->108M(119M) 13.593ms
[2020-08-10T13:15:18.686+0300][1858.228s][info ][gc] GC(61773) Pause Young (Allocation Failure) 109M->109M(119M) 13.630ms
[2020-08-10T13:15:18.700+0300][1858.242s][info ][gc] GC(61774) Pause Young (Allocation Failure) 109M->109M(119M) 13.798ms
[2020-08-10T13:15:18.714+0300][1858.256s][info ][gc] GC(61775) Pause Young (Allocation Failure) 110M->110M(119M) 13.667ms
[2020-08-10T13:15:18.734+0300][1858.276s][info ][gc] GC(61776) Pause Young (Allocation Failure) 110M->110M(119M) 19.501ms
[2020-08-10T13:15:18.754+0300][1858.295s][info ][gc] GC(61777) Pause Young (Allocation Failure) 111M->111M(119M) 19.085ms
[2020-08-10T13:15:18.782+0300][1858.324s][info ][gc] GC(61778) Pause Young (Allocation Failure) 111M->111M(119M) 28.196ms
[2020-08-10T13:15:18.799+0300][1858.341s][info ][gc] GC(61779) Pause Young (Allocation Failure) 112M->112M(119M) 16.580ms
[2020-08-10T13:15:18.814+0300][1858.356s][info ][gc] GC(61780) Pause Young (Allocation Failure) 112M->112M(119M) 14.329ms
[2020-08-10T13:15:18.828+0300][1858.370s][info ][gc] GC(61781) Pause Young (Allocation Failure) 113M->113M(118M) 13.880ms
[2020-08-10T13:15:18.847+0300][1858.389s][info ][gc] GC(61782) Pause Young (Allocation Failure) 113M->113M(119M) 18.709ms
[2020-08-10T13:15:18.862+0300][1858.403s][info ][gc] GC(61783) Pause Young (Allocation Failure) 114M->114M(119M) 14.117ms
[2020-08-10T13:15:18.876+0300][1858.418s][info ][gc] GC(61784) Pause Young (Allocation Failure) 114M->114M(119M) 14.295ms
[2020-08-10T13:15:18.891+0300][1858.432s][info ][gc] GC(61785) Pause Young (Allocation Failure) 115M->114M(119M) 14.120ms
[2020-08-10T13:15:18.905+0300][1858.447s][info ][gc] GC(61786) Pause Young (Allocation Failure) 115M->115M(119M) 14.387ms
[2020-08-10T13:15:18.920+0300][1858.462s][info ][gc] GC(61787) Pause Young (Allocation Failure) 115M->115M(119M) 14.498ms
[2020-08-10T13:15:18.935+0300][1858.477s][info ][gc] GC(61788) Pause Young (Allocation Failure) 116M->116M(119M) 14.384ms
[2020-08-10T13:15:18.950+0300][1858.492s][info ][gc] GC(61789) Pause Young (Allocation Failure) 116M->116M(119M) 14.589ms
[2020-08-10T13:15:18.965+0300][1858.507s][info ][gc] GC(61790) Pause Young (Allocation Failure) 117M->117M(119M) 14.652ms
[2020-08-10T13:15:18.980+0300][1858.522s][info ][gc] GC(61791) Pause Young (Allocation Failure) 117M->117M(119M) 14.556ms
[2020-08-10T13:15:19.288+0300][1858.830s][debug][gc] GC(61792) Expanding ParOldGen from 120320K by 10752K to 131072K
[2020-08-10T13:15:19.288+0300][1858.830s][info ][gc] GC(61792) Pause Full (Ergonomics) 117M->117M(129M) 307.594ms
[2020-08-10T13:15:19.323+0300][1858.865s][info ][gc] GC(61793) Pause Young (Allocation Failure) 118M->118M(129M) 34.689ms
[2020-08-10T13:15:19.338+0300][1858.880s][info ][gc] GC(61794) Pause Young (Allocation Failure) 118M->118M(129M) 15.034ms
[2020-08-10T13:15:19.367+0300][1858.909s][info ][gc] GC(61795) Pause Young (Allocation Failure) 118M->118M(129M) 27.709ms
[2020-08-10T13:15:19.382+0300][1858.924s][info ][gc] GC(61796) Pause Young (Allocation Failure) 119M->119M(129M) 14.853ms
[2020-08-10T13:15:19.413+0300][1858.955s][info ][gc] GC(61797) Pause Young (Allocation Failure) 119M->119M(129M) 30.972ms
[2020-08-10T13:15:19.432+0300][1858.974s][info ][gc] GC(61798) Pause Young (Allocation Failure) 120M->120M(129M) 18.211ms
[2020-08-10T13:15:19.448+0300][1858.990s][info ][gc] GC(61799) Pause Young (Allocation Failure) 120M->120M(129M) 15.272ms
[2020-08-10T13:15:19.463+0300][1859.005s][info ][gc] GC(61800) Pause Young (Allocation Failure) 121M->121M(129M) 15.397ms
[2020-08-10T13:15:19.479+0300][1859.021s][info ][gc] GC(61801) Pause Young (Allocation Failure) 121M->121M(129M) 15.419ms
[2020-08-10T13:15:19.499+0300][1859.040s][info ][gc] GC(61802) Pause Young (Allocation Failure) 122M->122M(129M) 18.731ms
[2020-08-10T13:15:19.515+0300][1859.056s][info ][gc] GC(61803) Pause Young (Allocation Failure) 122M->122M(129M) 15.712ms
[2020-08-10T13:15:19.535+0300][1859.077s][info ][gc] GC(61804) Pause Young (Allocation Failure) 123M->122M(129M) 19.840ms
[2020-08-10T13:15:19.551+0300][1859.092s][info ][gc] GC(61805) Pause Young (Allocation Failure) 123M->123M(129M) 15.454ms
[2020-08-10T13:15:19.567+0300][1859.108s][info ][gc] GC(61806) Pause Young (Allocation Failure) 123M->123M(129M) 15.748ms
[2020-08-10T13:15:19.585+0300][1859.127s][info ][gc] GC(61807) Pause Young (Allocation Failure) 124M->124M(129M) 18.068ms
[2020-08-10T13:15:19.601+0300][1859.143s][info ][gc] GC(61808) Pause Young (Allocation Failure) 124M->124M(129M) 15.056ms
[2020-08-10T13:15:19.617+0300][1859.158s][info ][gc] GC(61809) Pause Young (Allocation Failure) 125M->125M(129M) 15.499ms
[2020-08-10T13:15:19.632+0300][1859.174s][info ][gc] GC(61810) Pause Young (Allocation Failure) 125M->125M(129M) 15.328ms
[2020-08-10T13:15:19.648+0300][1859.190s][info ][gc] GC(61811) Pause Young (Allocation Failure) 126M->126M(129M) 15.350ms
[2020-08-10T13:15:19.664+0300][1859.206s][info ][gc] GC(61812) Pause Young (Allocation Failure) 126M->126M(129M) 15.748ms
[2020-08-10T13:15:19.680+0300][1859.221s][info ][gc] GC(61813) Pause Young (Allocation Failure) 127M->126M(129M) 15.569ms
[2020-08-10T13:15:19.698+0300][1859.240s][info ][gc] GC(61814) Pause Young (Allocation Failure) 127M->127M(129M) 18.136ms
[2020-08-10T13:15:19.727+0300][1859.269s][info ][gc] GC(61815) Pause Young (Allocation Failure) 127M->127M(129M) 28.511ms
[2020-08-10T13:15:19.753+0300][1859.295s][info ][gc] GC(61816) Pause Young (Allocation Failure) 128M->128M(129M) 25.766ms
[2020-08-10T13:15:20.205+0300][1859.747s][debug][gc] GC(61817) Expanding ParOldGen from 131072K by 10752K to 141824K
[2020-08-10T13:15:20.205+0300][1859.747s][info ][gc] GC(61817) Pause Full (Ergonomics) 128M->128M(140M) 452.046ms
[2020-08-10T13:15:20.239+0300][1859.781s][info ][gc] GC(61818) Pause Young (Allocation Failure) 128M->128M(140M) 33.201ms
[2020-08-10T13:15:20.255+0300][1859.797s][info ][gc] GC(61819) Pause Young (Allocation Failure) 129M->129M(140M) 16.107ms
[2020-08-10T13:15:20.271+0300][1859.813s][info ][gc] GC(61820) Pause Young (Allocation Failure) 129M->129M(140M) 15.763ms
[2020-08-10T13:15:20.289+0300][1859.831s][info ][gc] GC(61821) Pause Young (Allocation Failure) 130M->129M(140M) 17.626ms
[2020-08-10T13:15:20.324+0300][1859.866s][info ][gc] GC(61822) Pause Young (Allocation Failure) 130M->130M(140M) 34.119ms
[2020-08-10T13:15:20.359+0300][1859.901s][info ][gc] GC(61823) Pause Young (Allocation Failure) 130M->130M(140M) 35.399ms
[2020-08-10T13:15:20.382+0300][1859.923s][info ][gc] GC(61824) Pause Young (Allocation Failure) 131M->131M(140M) 21.562ms
[2020-08-10T13:15:20.422+0300][1859.963s][info ][gc] GC(61825) Pause Young (Allocation Failure) 131M->131M(140M) 39.395ms
[2020-08-10T13:15:20.458+0300][1860.000s][info ][gc] GC(61826) Pause Young (Allocation Failure) 132M->132M(140M) 36.411ms
[2020-08-10T13:15:20.482+0300][1860.024s][info ][gc] GC(61827) Pause Young (Allocation Failure) 132M->132M(140M) 23.110ms
[2020-08-10T13:15:20.499+0300][1860.040s][info ][gc] GC(61828) Pause Young (Allocation Failure) 133M->133M(140M) 16.272ms
[2020-08-10T13:15:20.521+0300][1860.063s][info ][gc] GC(61829) Pause Young (Allocation Failure) 133M->133M(140M) 22.144ms
[2020-08-10T13:15:20.537+0300][1860.079s][info ][gc] GC(61830) Pause Young (Allocation Failure) 134M->134M(140M) 16.125ms
[2020-08-10T13:15:20.564+0300][1860.106s][info ][gc] GC(61831) Pause Young (Allocation Failure) 134M->134M(140M) 26.090ms
[2020-08-10T13:15:20.587+0300][1860.128s][info ][gc] GC(61832) Pause Young (Allocation Failure) 135M->134M(140M) 22.396ms
[2020-08-10T13:15:20.603+0300][1860.145s][info ][gc] GC(61833) Pause Young (Allocation Failure) 135M->135M(140M) 16.218ms
[2020-08-10T13:15:20.603+0300][1860.145s][debug][gc] Expanding ParOldGen from 141824K by 19968K to 161792K
[2020-08-10T13:15:20.628+0300][1860.170s][info ][gc] GC(61834) Pause Young (Allocation Failure) 155M->154M(159M) 16.129ms
[2020-08-10T13:15:20.643+0300][1860.185s][info ][gc] GC(61835) Pause Young (Allocation Failure) 155M->155M(159M) 15.490ms
[2020-08-10T13:15:20.658+0300][1860.199s][info ][gc] GC(61836) Pause Young (Allocation Failure) 155M->155M(159M) 13.784ms
[2020-08-10T13:15:20.672+0300][1860.214s][info ][gc] GC(61837) Pause Young (Allocation Failure) 156M->156M(159M) 13.794ms
[2020-08-10T13:15:20.687+0300][1860.228s][info ][gc] GC(61838) Pause Young (Allocation Failure) 156M->156M(159M) 14.507ms
[2020-08-10T13:15:20.701+0300][1860.242s][info ][gc] GC(61839) Pause Young (Allocation Failure) 157M->157M(159M) 13.744ms
[2020-08-10T13:15:20.715+0300][1860.257s][info ][gc] GC(61840) Pause Young (Allocation Failure) 157M->157M(159M) 13.922ms
[2020-08-10T13:15:20.730+0300][1860.272s][info ][gc] GC(61841) Pause Young (Allocation Failure) 158M->158M(159M) 14.731ms
[2020-08-10T13:15:20.767+0300][1860.309s][debug][gc] GC(61842) Shrinking ParOldGen from 161792K by 125952K to 35840K
[2020-08-10T13:15:20.767+0300][1860.309s][info ][gc] GC(61842) Pause Full (Ergonomics) 158M->24M(36M) 37.005ms
[2020-08-10T13:15:20.781+0300][1860.322s][info ][gc] GC(61843) Pause Young (Allocation Failure) 24M->24M(36M) 13.204ms
[2020-08-10T13:15:20.794+0300][1860.336s][info ][gc] GC(61844) Pause Young (Allocation Failure) 25M->25M(36M) 13.363ms
[2020-08-10T13:15:20.808+0300][1860.350s][info ][gc] GC(61845) Pause Young (Allocation Failure) 25M->25M(36M) 13.452ms
[2020-08-10T13:15:20.822+0300][1860.364s][info ][gc] GC(61846) Pause Young (Allocation Failure) 26M->26M(36M) 13.835ms
[2020-08-10T13:15:20.836+0300][1860.378s][info ][gc] GC(61847) Pause Young (Allocation Failure) 26M->26M(36M) 13.409ms
[2020-08-10T13:15:20.849+0300][1860.391s][info ][gc] GC(61848) Pause Young (Allocation Failure) 27M->27M(36M) 13.103ms
[2020-08-10T13:15:20.863+0300][1860.405s][info ][gc] GC(61849) Pause Young (Allocation Failure) 27M->27M(36M) 13.396ms
[2020-08-10T13:15:20.878+0300][1860.420s][info ][gc] GC(61850) Pause Young (Allocation Failure) 28M->27M(36M) 14.024ms
[2020-08-10T13:15:20.892+0300][1860.433s][info ][gc] GC(61851) Pause Young (Allocation Failure) 28M->28M(36M) 13.414ms
[2020-08-10T13:15:20.905+0300][1860.447s][info ][gc] GC(61852) Pause Young (Allocation Failure) 28M->28M(36M) 13.553ms
[2020-08-10T13:15:20.919+0300][1860.461s][info ][gc] GC(61853) Pause Young (Allocation Failure) 29M->29M(36M) 13.205ms
[2020-08-10T13:15:20.933+0300][1860.474s][info ][gc] GC(61854) Pause Young (Allocation Failure) 29M->29M(36M) 13.225ms
[2020-08-10T13:15:20.946+0300][1860.488s][info ][gc] GC(61855) Pause Young (Allocation Failure) 30M->30M(36M) 13.153ms
[2020-08-10T13:15:20.960+0300][1860.501s][info ][gc] GC(61856) Pause Young (Allocation Failure) 30M->30M(36M) 13.224ms
[2020-08-10T13:15:20.973+0300][1860.515s][info ][gc] GC(61857) Pause Young (Allocation Failure) 31M->31M(36M) 13.199ms
[2020-08-10T13:15:20.987+0300][1860.529s][info ][gc] GC(61858) Pause Young (Allocation Failure) 32M->32M(36M) 13.627ms
[2020-08-10T13:15:21.001+0300][1860.543s][info ][gc] GC(61859) Pause Young (Allocation Failure) 33M->33M(37M) 13.699ms
[2020-08-10T13:15:21.016+0300][1860.558s][info ][gc] GC(61860) Pause Young (Allocation Failure) 34M->33M(37M) 14.020ms
[2020-08-10T13:15:21.031+0300][1860.572s][info ][gc] GC(61861) Pause Young (Allocation Failure) 34M->34M(37M) 14.032ms
[2020-08-10T13:15:21.045+0300][1860.587s][info ][gc] GC(61862) Pause Young (Allocation Failure) 35M->35M(37M) 14.168ms
[2020-08-10T13:15:21.111+0300][1860.653s][debug][gc] GC(61863) Expanding ParOldGen from 35840K by 11264K to 47104K
[2020-08-10T13:15:21.112+0300][1860.653s][info ][gc] GC(61863) Pause Full (Ergonomics) 35M->35M(48M) 65.962ms
[2020-08-10T13:15:21.129+0300][1860.671s][info ][gc] GC(61864) Pause Young (Allocation Failure) 36M->36M(48M) 17.480ms
[2020-08-10T13:15:21.145+0300][1860.687s][info ][gc] GC(61865) Pause Young (Allocation Failure) 37M->37M(48M) 14.511ms
[2020-08-10T13:15:21.159+0300][1860.701s][info ][gc] GC(61866) Pause Young (Allocation Failure) 38M->38M(48M) 14.050ms
[2020-08-10T13:15:21.174+0300][1860.716s][info ][gc] GC(61867) Pause Young (Allocation Failure) 39M->39M(48M) 14.139ms
[2020-08-10T13:15:21.189+0300][1860.730s][info ][gc] GC(61868) Pause Young (Allocation Failure) 40M->40M(48M) 13.992ms
[2020-08-10T13:15:21.203+0300][1860.745s][info ][gc] GC(61869) Pause Young (Allocation Failure) 41M->41M(48M) 14.202ms
[2020-08-10T13:15:21.218+0300][1860.760s][info ][gc] GC(61870) Pause Young (Allocation Failure) 42M->42M(48M) 14.205ms
[2020-08-10T13:15:21.233+0300][1860.775s][info ][gc] GC(61871) Pause Young (Allocation Failure) 43M->43M(48M) 14.057ms
[2020-08-10T13:15:21.247+0300][1860.789s][info ][gc] GC(61872) Pause Young (Allocation Failure) 44M->43M(48M) 14.048ms
[2020-08-10T13:15:21.263+0300][1860.804s][info ][gc] GC(61873) Pause Young (Allocation Failure) 44M->44M(48M) 14.509ms
[2020-08-10T13:15:21.277+0300][1860.819s][info ][gc] GC(61874) Pause Young (Allocation Failure) 45M->45M(48M) 14.065ms
[2020-08-10T13:15:21.369+0300][1860.911s][debug][gc] GC(61875) Expanding ParOldGen from 47104K by 11776K to 58880K
[2020-08-10T13:15:21.369+0300][1860.911s][info ][gc] GC(61875) Pause Full (Ergonomics) 45M->45M(60M) 91.473ms
[2020-08-10T13:15:21.383+0300][1860.925s][info ][gc] GC(61876) Pause Young (Allocation Failure) 46M->46M(60M) 13.885ms
[2020-08-10T13:15:21.397+0300][1860.939s][info ][gc] GC(61877) Pause Young (Allocation Failure) 47M->47M(60M) 13.826ms
[2020-08-10T13:15:21.412+0300][1860.954s][info ][gc] GC(61878) Pause Young (Allocation Failure) 48M->48M(60M) 14.388ms
[2020-08-10T13:15:21.427+0300][1860.968s][info ][gc] GC(61879) Pause Young (Allocation Failure) 49M->49M(60M) 14.113ms
[2020-08-10T13:15:21.441+0300][1860.983s][info ][gc] GC(61880) Pause Young (Allocation Failure) 50M->50M(60M) 13.849ms
[2020-08-10T13:15:21.455+0300][1860.997s][info ][gc] GC(61881) Pause Young (Allocation Failure) 51M->51M(60M) 13.895ms
[2020-08-10T13:15:21.470+0300][1861.012s][info ][gc] GC(61882) Pause Young (Allocation Failure) 52M->52M(60M) 14.136ms
[2020-08-10T13:15:21.484+0300][1861.026s][info ][gc] GC(61883) Pause Young (Allocation Failure) 53M->53M(60M) 14.113ms
[2020-08-10T13:15:21.499+0300][1861.041s][info ][gc] GC(61884) Pause Young (Allocation Failure) 54M->54M(60M) 14.063ms
[2020-08-10T13:15:21.513+0300][1861.055s][info ][gc] GC(61885) Pause Young (Allocation Failure) 55M->55M(60M) 13.942ms
[2020-08-10T13:15:21.528+0300][1861.070s][info ][gc] GC(61886) Pause Young (Allocation Failure) 56M->56M(60M) 13.834ms
[2020-08-10T13:15:21.542+0300][1861.084s][info ][gc] GC(61887) Pause Young (Allocation Failure) 57M->57M(60M) 13.878ms
[2020-08-10T13:15:21.562+0300][1861.104s][info ][gc] GC(61888) Pause Young (Allocation Failure) 58M->58M(60M) 19.957ms
[2020-08-10T13:15:21.731+0300][1861.273s][debug][gc] GC(61889) Expanding ParOldGen from 58880K by 11776K to 70656K
[2020-08-10T13:15:21.731+0300][1861.273s][info ][gc] GC(61889) Pause Full (Ergonomics) 58M->57M(71M) 168.659ms
[2020-08-10T13:15:21.761+0300][1861.303s][info ][gc] GC(61890) Pause Young (Allocation Failure) 58M->58M(71M) 29.422ms
[2020-08-10T13:15:21.776+0300][1861.318s][info ][gc] GC(61891) Pause Young (Allocation Failure) 59M->59M(71M) 14.069ms
[2020-08-10T13:15:21.791+0300][1861.333s][info ][gc] GC(61892) Pause Young (Allocation Failure) 60M->60M(71M) 14.758ms
[2020-08-10T13:15:21.806+0300][1861.348s][info ][gc] GC(61893) Pause Young (Allocation Failure) 61M->61M(71M) 14.266ms
[2020-08-10T13:15:21.841+0300][1861.382s][info ][gc] GC(61894) Pause Young (Allocation Failure) 62M->62M(71M) 33.980ms
[2020-08-10T13:15:21.870+0300][1861.412s][info ][gc] GC(61895) Pause Young (Allocation Failure) 63M->63M(71M) 28.512ms
[2020-08-10T13:15:21.886+0300][1861.428s][info ][gc] GC(61896) Pause Young (Allocation Failure) 64M->64M(71M) 15.702ms
[2020-08-10T13:15:21.903+0300][1861.445s][info ][gc] GC(61897) Pause Young (Allocation Failure) 65M->65M(71M) 15.512ms
[2020-08-10T13:15:21.918+0300][1861.460s][info ][gc] GC(61898) Pause Young (Allocation Failure) 66M->66M(71M) 14.409ms
[2020-08-10T13:15:21.933+0300][1861.475s][info ][gc] GC(61899) Pause Young (Allocation Failure) 67M->67M(71M) 14.306ms
[2020-08-10T13:15:21.947+0300][1861.489s][info ][gc] GC(61900) Pause Young (Allocation Failure) 68M->68M(71M) 13.932ms
[2020-08-10T13:15:21.962+0300][1861.504s][info ][gc] GC(61901) Pause Young (Allocation Failure) 69M->69M(71M) 14.705ms
[2020-08-10T13:15:22.173+0300][1861.714s][debug][gc] GC(61902) Expanding ParOldGen from 70656K by 11264K to 81920K
[2020-08-10T13:15:22.173+0300][1861.714s][info ][gc] GC(61902) Pause Full (Ergonomics) 69M->69M(82M) 209.856ms
[2020-08-10T13:15:22.203+0300][1861.744s][info ][gc] GC(61903) Pause Young (Allocation Failure) 70M->70M(82M) 29.499ms
[2020-08-10T13:15:22.218+0300][1861.759s][info ][gc] GC(61904) Pause Young (Allocation Failure) 71M->71M(82M) 14.712ms
[2020-08-10T13:15:22.239+0300][1861.780s][info ][gc] GC(61905) Pause Young (Allocation Failure) 72M->72M(82M) 20.339ms
[2020-08-10T13:15:22.254+0300][1861.795s][info ][gc] GC(61906) Pause Young (Allocation Failure) 73M->72M(82M) 14.190ms
[2020-08-10T13:15:22.269+0300][1861.810s][info ][gc] GC(61907) Pause Young (Allocation Failure) 73M->73M(82M) 14.358ms
[2020-08-10T13:15:22.284+0300][1861.825s][info ][gc] GC(61908) Pause Young (Allocation Failure) 74M->74M(82M) 14.390ms
[2020-08-10T13:15:22.299+0300][1861.839s][info ][gc] GC(61909) Pause Young (Allocation Failure) 75M->75M(82M) 14.253ms
[2020-08-10T13:15:22.320+0300][1861.861s][info ][gc] GC(61910) Pause Young (Allocation Failure) 76M->76M(82M) 21.005ms
[2020-08-10T13:15:22.335+0300][1861.876s][info ][gc] GC(61911) Pause Young (Allocation Failure) 77M->77M(82M) 14.465ms
[2020-08-10T13:15:22.350+0300][1861.891s][info ][gc] GC(61912) Pause Young (Allocation Failure) 78M->78M(82M) 14.446ms
[2020-08-10T13:15:22.365+0300][1861.906s][info ][gc] GC(61913) Pause Young (Allocation Failure) 79M->79M(82M) 14.429ms
[2020-08-10T13:15:22.383+0300][1861.924s][info ][gc] GC(61914) Pause Young (Allocation Failure) 80M->80M(82M) 17.635ms
[2020-08-10T13:15:22.584+0300][1862.125s][debug][gc] GC(61915) Expanding ParOldGen from 81920K by 11264K to 93184K
[2020-08-10T13:15:22.585+0300][1862.125s][info ][gc] GC(61915) Pause Full (Ergonomics) 80M->80M(93M) 201.269ms
[2020-08-10T13:15:22.618+0300][1862.159s][info ][gc] GC(61916) Pause Young (Allocation Failure) 81M->81M(93M) 33.112ms
[2020-08-10T13:15:22.633+0300][1862.174s][info ][gc] GC(61917) Pause Young (Allocation Failure) 82M->82M(93M) 14.624ms
[2020-08-10T13:15:22.648+0300][1862.189s][info ][gc] GC(61918) Pause Young (Allocation Failure) 83M->83M(93M) 14.433ms
[2020-08-10T13:15:22.663+0300][1862.204s][info ][gc] GC(61919) Pause Young (Allocation Failure) 84M->84M(93M) 14.380ms
[2020-08-10T13:15:22.679+0300][1862.220s][info ][gc] GC(61920) Pause Young (Allocation Failure) 85M->85M(93M) 15.155ms
[2020-08-10T13:15:22.694+0300][1862.235s][info ][gc] GC(61921) Pause Young (Allocation Failure) 86M->86M(93M) 15.143ms
[2020-08-10T13:15:22.716+0300][1862.257s][info ][gc] GC(61922) Pause Young (Allocation Failure) 87M->87M(93M) 21.127ms
[2020-08-10T13:15:22.732+0300][1862.273s][info ][gc] GC(61923) Pause Young (Allocation Failure) 88M->88M(93M) 15.103ms
[2020-08-10T13:15:22.748+0300][1862.289s][info ][gc] GC(61924) Pause Young (Allocation Failure) 89M->89M(93M) 15.285ms
[2020-08-10T13:15:22.764+0300][1862.305s][info ][gc] GC(61925) Pause Young (Allocation Failure) 90M->89M(93M) 15.609ms
[2020-08-10T13:15:22.781+0300][1862.322s][info ][gc] GC(61926) Pause Young (Allocation Failure) 90M->90M(93M) 17.085ms
[2020-08-10T13:15:22.797+0300][1862.338s][info ][gc] GC(61927) Pause Young (Allocation Failure) 91M->91M(93M) 15.289ms
[2020-08-10T13:15:23.092+0300][1862.633s][debug][gc] GC(61928) Expanding ParOldGen from 93184K by 11264K to 104448K
[2020-08-10T13:15:23.092+0300][1862.633s][info ][gc] GC(61928) Pause Full (Ergonomics) 91M->91M(104M) 294.461ms
[2020-08-10T13:15:23.143+0300][1862.684s][info ][gc] GC(61929) Pause Young (Allocation Failure) 92M->92M(104M) 50.883ms
[2020-08-10T13:15:23.170+0300][1862.711s][info ][gc] GC(61930) Pause Young (Allocation Failure) 93M->93M(104M) 25.654ms
[2020-08-10T13:15:23.197+0300][1862.738s][info ][gc] GC(61931) Pause Young (Allocation Failure) 94M->94M(104M) 26.847ms
[2020-08-10T13:15:23.214+0300][1862.755s][info ][gc] GC(61932) Pause Young (Allocation Failure) 95M->95M(104M) 15.878ms
[2020-08-10T13:15:23.230+0300][1862.771s][info ][gc] GC(61933) Pause Young (Allocation Failure) 96M->96M(104M) 15.922ms
[2020-08-10T13:15:23.247+0300][1862.788s][info ][gc] GC(61934) Pause Young (Allocation Failure) 97M->97M(104M) 15.999ms
[2020-08-10T13:15:23.263+0300][1862.804s][info ][gc] GC(61935) Pause Young (Allocation Failure) 98M->98M(104M) 16.110ms
[2020-08-10T13:15:23.280+0300][1862.821s][info ][gc] GC(61936) Pause Young (Allocation Failure) 99M->99M(104M) 16.258ms
[2020-08-10T13:15:23.297+0300][1862.838s][info ][gc] GC(61937) Pause Young (Allocation Failure) 100M->100M(104M) 16.070ms
[2020-08-10T13:15:23.314+0300][1862.855s][info ][gc] GC(61938) Pause Young (Allocation Failure) 101M->101M(104M) 16.049ms
[2020-08-10T13:15:23.348+0300][1862.889s][info ][gc] GC(61939) Pause Young (Allocation Failure) 102M->102M(104M) 33.740ms
[2020-08-10T13:15:23.604+0300][1863.145s][debug][gc] GC(61940) Expanding ParOldGen from 104448K by 11264K to 115712K
[2020-08-10T13:15:23.604+0300][1863.145s][info ][gc] GC(61940) Pause Full (Ergonomics) 102M->102M(115M) 255.967ms
[2020-08-10T13:15:23.641+0300][1863.182s][info ][gc] GC(61941) Pause Young (Allocation Failure) 103M->103M(115M) 36.732ms
[2020-08-10T13:15:23.658+0300][1863.199s][info ][gc] GC(61942) Pause Young (Allocation Failure) 104M->103M(115M) 16.537ms
[2020-08-10T13:15:23.682+0300][1863.223s][info ][gc] GC(61943) Pause Young (Allocation Failure) 104M->104M(115M) 22.578ms
[2020-08-10T13:15:23.707+0300][1863.247s][info ][gc] GC(61944) Pause Young (Allocation Failure) 105M->105M(115M) 24.363ms
[2020-08-10T13:15:23.734+0300][1863.275s][info ][gc] GC(61945) Pause Young (Allocation Failure) 106M->106M(115M) 27.591ms
[2020-08-10T13:15:23.752+0300][1863.293s][info ][gc] GC(61946) Pause Young (Allocation Failure) 107M->107M(115M) 17.098ms
[2020-08-10T13:15:23.783+0300][1863.324s][info ][gc] GC(61947) Pause Young (Allocation Failure) 108M->108M(114M) 30.649ms
[2020-08-10T13:15:23.800+0300][1863.341s][info ][gc] GC(61948) Pause Young (Allocation Failure) 109M->109M(115M) 15.626ms
[2020-08-10T13:15:23.814+0300][1863.355s][info ][gc] GC(61949) Pause Young (Allocation Failure) 109M->109M(115M) 14.236ms
[2020-08-10T13:15:23.829+0300][1863.370s][info ][gc] GC(61950) Pause Young (Allocation Failure) 110M->110M(115M) 14.232ms
[2020-08-10T13:15:23.845+0300][1863.386s][info ][gc] GC(61951) Pause Young (Allocation Failure) 110M->110M(115M) 15.976ms
[2020-08-10T13:15:23.860+0300][1863.401s][info ][gc] GC(61952) Pause Young (Allocation Failure) 111M->111M(115M) 14.198ms
[2020-08-10T13:15:23.874+0300][1863.415s][info ][gc] GC(61953) Pause Young (Allocation Failure) 111M->111M(115M) 13.981ms
[2020-08-10T13:15:23.889+0300][1863.430s][info ][gc] GC(61954) Pause Young (Allocation Failure) 112M->112M(115M) 14.267ms
[2020-08-10T13:15:23.904+0300][1863.445s][info ][gc] GC(61955) Pause Young (Allocation Failure) 112M->112M(115M) 14.932ms
[2020-08-10T13:15:24.241+0300][1863.782s][debug][gc] GC(61956) Expanding ParOldGen from 115712K by 10752K to 126464K
[2020-08-10T13:15:24.241+0300][1863.782s][info ][gc] GC(61956) Pause Full (Ergonomics) 112M->112M(125M) 336.754ms
[2020-08-10T13:15:24.269+0300][1863.810s][info ][gc] GC(61957) Pause Young (Allocation Failure) 112M->112M(125M) 26.740ms
[2020-08-10T13:15:24.285+0300][1863.826s][info ][gc] GC(61958) Pause Young (Allocation Failure) 113M->113M(125M) 15.570ms
[2020-08-10T13:15:24.303+0300][1863.844s][info ][gc] GC(61959) Pause Young (Allocation Failure) 113M->113M(125M) 17.733ms
[2020-08-10T13:15:24.318+0300][1863.859s][info ][gc] GC(61960) Pause Young (Allocation Failure) 114M->114M(125M) 14.812ms
[2020-08-10T13:15:24.333+0300][1863.874s][info ][gc] GC(61961) Pause Young (Allocation Failure) 114M->114M(125M) 14.742ms
[2020-08-10T13:15:24.348+0300][1863.889s][info ][gc] GC(61962) Pause Young (Allocation Failure) 115M->115M(125M) 14.746ms
[2020-08-10T13:15:24.366+0300][1863.907s][info ][gc] GC(61963) Pause Young (Allocation Failure) 115M->115M(125M) 17.102ms
[2020-08-10T13:15:24.381+0300][1863.922s][info ][gc] GC(61964) Pause Young (Allocation Failure) 116M->116M(125M) 14.387ms
[2020-08-10T13:15:24.396+0300][1863.937s][info ][gc] GC(61965) Pause Young (Allocation Failure) 116M->116M(124M) 14.508ms
[2020-08-10T13:15:24.410+0300][1863.951s][info ][gc] GC(61966) Pause Young (Allocation Failure) 117M->116M(125M) 14.313ms
[2020-08-10T13:15:24.437+0300][1863.978s][info ][gc] GC(61967) Pause Young (Allocation Failure) 117M->117M(125M) 26.068ms
[2020-08-10T13:15:24.453+0300][1863.994s][info ][gc] GC(61968) Pause Young (Allocation Failure) 117M->117M(125M) 15.371ms
[2020-08-10T13:15:24.468+0300][1864.009s][info ][gc] GC(61969) Pause Young (Allocation Failure) 118M->118M(125M) 15.264ms
[2020-08-10T13:15:24.486+0300][1864.027s][info ][gc] GC(61970) Pause Young (Allocation Failure) 118M->118M(125M) 17.846ms
[2020-08-10T13:15:24.502+0300][1864.043s][info ][gc] GC(61971) Pause Young (Allocation Failure) 119M->119M(125M) 15.172ms
[2020-08-10T13:15:24.520+0300][1864.061s][info ][gc] GC(61972) Pause Young (Allocation Failure) 119M->119M(125M) 17.332ms
[2020-08-10T13:15:24.535+0300][1864.076s][info ][gc] GC(61973) Pause Young (Allocation Failure) 120M->120M(125M) 14.886ms
[2020-08-10T13:15:24.550+0300][1864.091s][info ][gc] GC(61974) Pause Young (Allocation Failure) 120M->120M(125M) 14.736ms
[2020-08-10T13:15:24.566+0300][1864.107s][info ][gc] GC(61975) Pause Young (Allocation Failure) 121M->121M(125M) 15.518ms
[2020-08-10T13:15:24.584+0300][1864.125s][info ][gc] GC(61976) Pause Young (Allocation Failure) 121M->121M(125M) 17.869ms
[2020-08-10T13:15:24.607+0300][1864.148s][info ][gc] GC(61977) Pause Young (Allocation Failure) 122M->122M(125M) 23.095ms
[2020-08-10T13:15:24.623+0300][1864.164s][info ][gc] GC(61978) Pause Young (Allocation Failure) 122M->122M(125M) 14.825ms
[2020-08-10T13:15:24.638+0300][1864.179s][info ][gc] GC(61979) Pause Young (Allocation Failure) 123M->123M(125M) 14.950ms
[2020-08-10T13:15:24.653+0300][1864.194s][info ][gc] GC(61980) Pause Young (Allocation Failure) 123M->123M(125M) 14.950ms
[2020-08-10T13:15:25.118+0300][1864.659s][debug][gc] GC(61981) Expanding ParOldGen from 126464K by 10752K to 137216K
[2020-08-10T13:15:25.118+0300][1864.659s][info ][gc] GC(61981) Pause Full (Ergonomics) 123M->123M(135M) 465.032ms
[2020-08-10T13:15:25.134+0300][1864.675s][info ][gc] GC(61982) Pause Young (Allocation Failure) 123M->123M(135M) 15.338ms
[2020-08-10T13:15:25.153+0300][1864.694s][info ][gc] GC(61983) Pause Young (Allocation Failure) 124M->124M(135M) 18.821ms
[2020-08-10T13:15:25.169+0300][1864.710s][info ][gc] GC(61984) Pause Young (Allocation Failure) 124M->124M(135M) 15.210ms
[2020-08-10T13:15:25.184+0300][1864.725s][info ][gc] GC(61985) Pause Young (Allocation Failure) 125M->125M(135M) 15.154ms
[2020-08-10T13:15:25.204+0300][1864.745s][info ][gc] GC(61986) Pause Young (Allocation Failure) 125M->125M(135M) 19.621ms
[2020-08-10T13:15:25.224+0300][1864.765s][info ][gc] GC(61987) Pause Young (Allocation Failure) 125M->125M(135M) 19.895ms
[2020-08-10T13:15:25.240+0300][1864.781s][info ][gc] GC(61988) Pause Young (Allocation Failure) 126M->126M(135M) 15.598ms
[2020-08-10T13:15:25.270+0300][1864.811s][info ][gc] GC(61989) Pause Young (Allocation Failure) 126M->126M(135M) 29.033ms
[2020-08-10T13:15:25.291+0300][1864.832s][info ][gc] GC(61990) Pause Young (Allocation Failure) 127M->127M(135M) 21.145ms
[2020-08-10T13:15:25.326+0300][1864.867s][info ][gc] GC(61991) Pause Young (Allocation Failure) 127M->127M(135M) 34.434ms
[2020-08-10T13:15:25.347+0300][1864.888s][info ][gc] GC(61992) Pause Young (Allocation Failure) 128M->128M(135M) 20.287ms
[2020-08-10T13:15:25.370+0300][1864.911s][info ][gc] GC(61993) Pause Young (Allocation Failure) 128M->128M(135M) 22.863ms
[2020-08-10T13:15:25.387+0300][1864.928s][info ][gc] GC(61994) Pause Young (Allocation Failure) 129M->129M(135M) 15.909ms
[2020-08-10T13:15:25.421+0300][1864.962s][info ][gc] GC(61995) Pause Young (Allocation Failure) 129M->129M(135M) 34.115ms
[2020-08-10T13:15:25.437+0300][1864.978s][info ][gc] GC(61996) Pause Young (Allocation Failure) 130M->130M(135M) 15.362ms
[2020-08-10T13:15:25.453+0300][1864.994s][info ][gc] GC(61997) Pause Young (Allocation Failure) 130M->130M(135M) 15.402ms
[2020-08-10T13:15:25.469+0300][1865.010s][info ][gc] GC(61998) Pause Young (Allocation Failure) 130M->130M(135M) 15.569ms
[2020-08-10T13:15:25.484+0300][1865.026s][info ][gc] GC(61999) Pause Young (Allocation Failure) 131M->131M(135M) 15.594ms
[2020-08-10T13:15:25.501+0300][1865.042s][info ][gc] GC(62000) Pause Young (Allocation Failure) 131M->131M(135M) 15.975ms
[2020-08-10T13:15:25.519+0300][1865.060s][info ][gc] GC(62001) Pause Young (Allocation Failure) 132M->132M(135M) 17.998ms
[2020-08-10T13:15:25.535+0300][1865.076s][info ][gc] GC(62002) Pause Young (Allocation Failure) 132M->132M(135M) 15.694ms
[2020-08-10T13:15:25.569+0300][1865.110s][info ][gc] GC(62003) Pause Young (Allocation Failure) 133M->133M(135M) 33.807ms
[2020-08-10T13:15:25.586+0300][1865.127s][info ][gc] GC(62004) Pause Young (Allocation Failure) 133M->133M(135M) 16.233ms
[2020-08-10T13:15:25.615+0300][1865.156s][info ][gc] GC(62005) Pause Young (Allocation Failure) 134M->134M(135M) 28.818ms
[2020-08-10T13:15:26.080+0300][1865.621s][debug][gc] GC(62006) Expanding ParOldGen from 137216K by 10752K to 147968K
[2020-08-10T13:15:26.080+0300][1865.621s][info ][gc] GC(62006) Pause Full (Ergonomics) 134M->133M(146M) 464.961ms
[2020-08-10T13:15:26.095+0300][1865.636s][info ][gc] GC(62007) Pause Young (Allocation Failure) 134M->134M(146M) 14.390ms
[2020-08-10T13:15:26.117+0300][1865.658s][info ][gc] GC(62008) Pause Young (Allocation Failure) 134M->134M(146M) 22.239ms
[2020-08-10T13:15:26.136+0300][1865.677s][info ][gc] GC(62009) Pause Young (Allocation Failure) 135M->135M(146M) 18.532ms
[2020-08-10T13:15:26.136+0300][1865.677s][debug][gc] Expanding ParOldGen from 147968K by 19968K to 167936K
[2020-08-10T13:15:26.167+0300][1865.708s][info ][gc] GC(62010) Pause Young (Allocation Failure) 154M->154M(165M) 21.986ms
[2020-08-10T13:15:26.183+0300][1865.725s][info ][gc] GC(62011) Pause Young (Allocation Failure) 155M->155M(165M) 16.452ms
[2020-08-10T13:15:26.199+0300][1865.740s][info ][gc] GC(62012) Pause Young (Allocation Failure) 155M->155M(165M) 15.116ms
[2020-08-10T13:15:26.217+0300][1865.758s][info ][gc] GC(62013) Pause Young (Allocation Failure) 156M->156M(165M) 17.716ms
[2020-08-10T13:15:26.231+0300][1865.772s][info ][gc] GC(62014) Pause Young (Allocation Failure) 156M->156M(165M) 13.503ms
[2020-08-10T13:15:26.252+0300][1865.793s][info ][gc] GC(62015) Pause Young (Allocation Failure) 157M->156M(165M) 20.540ms
[2020-08-10T13:15:26.266+0300][1865.807s][info ][gc] GC(62016) Pause Young (Allocation Failure) 157M->157M(165M) 13.744ms
[2020-08-10T13:15:26.280+0300][1865.821s][info ][gc] GC(62017) Pause Young (Allocation Failure) 157M->157M(165M) 13.474ms
[2020-08-10T13:15:26.294+0300][1865.835s][info ][gc] GC(62018) Pause Young (Allocation Failure) 158M->158M(165M) 13.543ms
[2020-08-10T13:15:26.322+0300][1865.863s][info ][gc] GC(62019) Pause Young (Allocation Failure) 158M->158M(165M) 27.515ms
[2020-08-10T13:15:26.337+0300][1865.878s][info ][gc] GC(62020) Pause Young (Allocation Failure) 159M->159M(165M) 14.589ms
[2020-08-10T13:15:26.350+0300][1865.891s][info ][gc] GC(62021) Pause Young (Allocation Failure) 159M->159M(165M) 13.340ms
[2020-08-10T13:15:26.365+0300][1865.906s][info ][gc] GC(62022) Pause Young (Allocation Failure) 160M->160M(165M) 14.789ms
[2020-08-10T13:15:26.379+0300][1865.920s][info ][gc] GC(62023) Pause Young (Allocation Failure) 160M->160M(165M) 13.535ms
[2020-08-10T13:15:26.393+0300][1865.934s][info ][gc] GC(62024) Pause Young (Allocation Failure) 161M->161M(165M) 13.589ms
[2020-08-10T13:15:26.407+0300][1865.948s][info ][gc] GC(62025) Pause Young (Allocation Failure) 161M->161M(165M) 13.689ms
[2020-08-10T13:15:26.421+0300][1865.962s][info ][gc] GC(62026) Pause Young (Allocation Failure) 162M->162M(165M) 13.328ms
[2020-08-10T13:15:26.435+0300][1865.976s][info ][gc] GC(62027) Pause Young (Allocation Failure) 162M->162M(165M) 13.611ms
[2020-08-10T13:15:26.448+0300][1865.989s][info ][gc] GC(62028) Pause Young (Allocation Failure) 162M->162M(165M) 13.458ms
[2020-08-10T13:15:26.462+0300][1866.003s][info ][gc] GC(62029) Pause Young (Allocation Failure) 163M->163M(165M) 13.559ms
[2020-08-10T13:15:26.477+0300][1866.018s][info ][gc] GC(62030) Pause Young (Allocation Failure) 164M->164M(165M) 13.656ms
[2020-08-10T13:15:26.560+0300][1866.101s][debug][gc] GC(62031) Shrinking ParOldGen from 167936K by 125440K to 42496K
[2020-08-10T13:15:26.560+0300][1866.102s][info ][gc] GC(62031) Pause Full (Ergonomics) 164M->30M(43M) 83.798ms
[2020-08-10T13:15:26.576+0300][1866.117s][info ][gc] GC(62032) Pause Young (Allocation Failure) 31M->31M(43M) 15.223ms
[2020-08-10T13:15:26.595+0300][1866.136s][info ][gc] GC(62033) Pause Young (Allocation Failure) 32M->32M(43M) 17.892ms
[2020-08-10T13:15:26.608+0300][1866.150s][info ][gc] GC(62034) Pause Young (Allocation Failure) 32M->32M(43M) 13.620ms
[2020-08-10T13:15:26.622+0300][1866.163s][info ][gc] GC(62035) Pause Young (Allocation Failure) 33M->33M(43M) 13.202ms
[2020-08-10T13:15:26.636+0300][1866.177s][info ][gc] GC(62036) Pause Young (Allocation Failure) 33M->33M(42M) 13.413ms
[2020-08-10T13:15:26.649+0300][1866.190s][info ][gc] GC(62037) Pause Young (Allocation Failure) 34M->34M(43M) 13.275ms
[2020-08-10T13:15:26.663+0300][1866.204s][info ][gc] GC(62038) Pause Young (Allocation Failure) 34M->34M(43M) 13.401ms
[2020-08-10T13:15:26.677+0300][1866.218s][info ][gc] GC(62039) Pause Young (Allocation Failure) 35M->35M(43M) 13.510ms
[2020-08-10T13:15:26.691+0300][1866.232s][info ][gc] GC(62040) Pause Young (Allocation Failure) 35M->35M(43M) 13.580ms
[2020-08-10T13:15:26.705+0300][1866.246s][info ][gc] GC(62041) Pause Young (Allocation Failure) 36M->36M(43M) 13.401ms
[2020-08-10T13:15:26.719+0300][1866.260s][info ][gc] GC(62042) Pause Young (Allocation Failure) 36M->36M(43M) 13.519ms
[2020-08-10T13:15:26.733+0300][1866.274s][info ][gc] GC(62043) Pause Young (Allocation Failure) 37M->36M(43M) 13.530ms
[2020-08-10T13:15:26.746+0300][1866.288s][info ][gc] GC(62044) Pause Young (Allocation Failure) 37M->37M(43M) 13.342ms
[2020-08-10T13:15:26.760+0300][1866.301s][info ][gc] GC(62045) Pause Young (Allocation Failure) 37M->37M(43M) 13.442ms
[2020-08-10T13:15:26.774+0300][1866.315s][info ][gc] GC(62046) Pause Young (Allocation Failure) 38M->38M(43M) 13.603ms
[2020-08-10T13:15:26.790+0300][1866.331s][info ][gc] GC(62047) Pause Young (Allocation Failure) 38M->38M(43M) 15.283ms
[2020-08-10T13:15:26.804+0300][1866.345s][info ][gc] GC(62048) Pause Young (Allocation Failure) 39M->39M(43M) 13.600ms
[2020-08-10T13:15:26.818+0300][1866.359s][info ][gc] GC(62049) Pause Young (Allocation Failure) 39M->39M(43M) 13.363ms
[2020-08-10T13:15:26.833+0300][1866.374s][info ][gc] GC(62050) Pause Young (Allocation Failure) 40M->40M(43M) 14.704ms
[2020-08-10T13:15:26.847+0300][1866.388s][info ][gc] GC(62051) Pause Young (Allocation Failure) 40M->40M(43M) 13.499ms
[2020-08-10T13:15:26.860+0300][1866.402s][info ][gc] GC(62052) Pause Young (Allocation Failure) 41M->41M(43M) 13.372ms
[2020-08-10T13:15:26.876+0300][1866.417s][info ][gc] GC(62053) Pause Young (Allocation Failure) 41M->41M(43M) 15.168ms
[2020-08-10T13:15:26.959+0300][1866.500s][debug][gc] GC(62054) Expanding ParOldGen from 42496K by 10752K to 53248K
[2020-08-10T13:15:26.959+0300][1866.500s][info ][gc] GC(62054) Pause Full (Ergonomics) 41M->41M(53M) 82.748ms
[2020-08-10T13:15:26.973+0300][1866.514s][info ][gc] GC(62055) Pause Young (Allocation Failure) 41M->41M(53M) 13.314ms
[2020-08-10T13:15:26.987+0300][1866.528s][info ][gc] GC(62056) Pause Young (Allocation Failure) 42M->42M(53M) 13.748ms
[2020-08-10T13:15:27.001+0300][1866.542s][info ][gc] GC(62057) Pause Young (Allocation Failure) 42M->42M(53M) 13.690ms
[2020-08-10T13:15:27.017+0300][1866.558s][info ][gc] GC(62058) Pause Young (Allocation Failure) 43M->43M(53M) 15.985ms
[2020-08-10T13:15:27.031+0300][1866.572s][info ][gc] GC(62059) Pause Young (Allocation Failure) 43M->43M(53M) 13.507ms
[2020-08-10T13:15:27.045+0300][1866.586s][info ][gc] GC(62060) Pause Young (Allocation Failure) 44M->44M(53M) 13.177ms
[2020-08-10T13:15:27.059+0300][1866.601s][info ][gc] GC(62061) Pause Young (Allocation Failure) 44M->44M(53M) 14.091ms
[2020-08-10T13:15:27.073+0300][1866.614s][info ][gc] GC(62062) Pause Young (Allocation Failure) 45M->45M(53M) 13.497ms
[2020-08-10T13:15:27.094+0300][1866.635s][info ][gc] GC(62063) Pause Young (Allocation Failure) 45M->45M(53M) 19.770ms
[2020-08-10T13:15:27.108+0300][1866.649s][info ][gc] GC(62064) Pause Young (Allocation Failure) 46M->45M(53M) 13.798ms
[2020-08-10T13:15:27.122+0300][1866.663s][info ][gc] GC(62065) Pause Young (Allocation Failure) 46M->46M(53M) 13.619ms
[2020-08-10T13:15:27.136+0300][1866.677s][info ][gc] GC(62066) Pause Young (Allocation Failure) 46M->46M(53M) 13.255ms
[2020-08-10T13:15:27.149+0300][1866.690s][info ][gc] GC(62067) Pause Young (Allocation Failure) 47M->47M(53M) 13.278ms
[2020-08-10T13:15:27.163+0300][1866.704s][info ][gc] GC(62068) Pause Young (Allocation Failure) 47M->47M(53M) 13.388ms
[2020-08-10T13:15:27.177+0300][1866.718s][info ][gc] GC(62069) Pause Young (Allocation Failure) 48M->48M(53M) 13.261ms
[2020-08-10T13:15:27.190+0300][1866.731s][info ][gc] GC(62070) Pause Young (Allocation Failure) 48M->48M(53M) 13.248ms
[2020-08-10T13:15:27.204+0300][1866.745s][info ][gc] GC(62071) Pause Young (Allocation Failure) 49M->49M(53M) 13.337ms
[2020-08-10T13:15:27.218+0300][1866.759s][info ][gc] GC(62072) Pause Young (Allocation Failure) 49M->49M(53M) 13.301ms
[2020-08-10T13:15:27.237+0300][1866.778s][info ][gc] GC(62073) Pause Young (Allocation Failure) 50M->50M(53M) 18.787ms
[2020-08-10T13:15:27.265+0300][1866.806s][info ][gc] GC(62074) Pause Young (Allocation Failure) 50M->50M(53M) 27.861ms
[2020-08-10T13:15:27.281+0300][1866.823s][info ][gc] GC(62075) Pause Young (Allocation Failure) 51M->51M(53M) 13.479ms
[2020-08-10T13:15:27.295+0300][1866.836s][info ][gc] GC(62076) Pause Young (Allocation Failure) 51M->51M(53M) 13.516ms
[2020-08-10T13:15:27.309+0300][1866.850s][info ][gc] GC(62077) Pause Young (Allocation Failure) 52M->51M(53M) 13.466ms
[2020-08-10T13:15:27.418+0300][1866.960s][debug][gc] GC(62078) Expanding ParOldGen from 53248K by 10752K to 64000K
[2020-08-10T13:15:27.419+0300][1866.960s][info ][gc] GC(62078) Pause Full (Ergonomics) 51M->51M(64M) 109.468ms
[2020-08-10T13:15:27.432+0300][1866.973s][info ][gc] GC(62079) Pause Young (Allocation Failure) 52M->52M(64M) 13.273ms
[2020-08-10T13:15:27.446+0300][1866.987s][info ][gc] GC(62080) Pause Young (Allocation Failure) 52M->52M(64M) 13.696ms
[2020-08-10T13:15:27.460+0300][1867.001s][info ][gc] GC(62081) Pause Young (Allocation Failure) 53M->53M(64M) 13.540ms
[2020-08-10T13:15:27.474+0300][1867.015s][info ][gc] GC(62082) Pause Young (Allocation Failure) 53M->53M(64M) 13.530ms
[2020-08-10T13:15:27.488+0300][1867.029s][info ][gc] GC(62083) Pause Young (Allocation Failure) 54M->54M(64M) 13.487ms
[2020-08-10T13:15:27.512+0300][1867.053s][info ][gc] GC(62084) Pause Young (Allocation Failure) 54M->54M(64M) 23.136ms
[2020-08-10T13:15:27.537+0300][1867.078s][info ][gc] GC(62085) Pause Young (Allocation Failure) 55M->55M(64M) 24.714ms
[2020-08-10T13:15:27.555+0300][1867.097s][info ][gc] GC(62086) Pause Young (Allocation Failure) 55M->55M(64M) 18.212ms
[2020-08-10T13:15:27.569+0300][1867.111s][info ][gc] GC(62087) Pause Young (Allocation Failure) 55M->55M(64M) 13.560ms
[2020-08-10T13:15:27.583+0300][1867.125s][info ][gc] GC(62088) Pause Young (Allocation Failure) 56M->56M(64M) 13.727ms
[2020-08-10T13:15:27.597+0300][1867.138s][info ][gc] GC(62089) Pause Young (Allocation Failure) 56M->56M(64M) 13.495ms
[2020-08-10T13:15:27.611+0300][1867.153s][info ][gc] GC(62090) Pause Young (Allocation Failure) 57M->57M(64M) 13.638ms
[2020-08-10T13:15:27.626+0300][1867.167s][info ][gc] GC(62091) Pause Young (Allocation Failure) 58M->58M(64M) 13.924ms
[2020-08-10T13:15:27.640+0300][1867.181s][info ][gc] GC(62092) Pause Young (Allocation Failure) 59M->59M(64M) 13.868ms
[2020-08-10T13:15:27.655+0300][1867.196s][info ][gc] GC(62093) Pause Young (Allocation Failure) 60M->60M(65M) 13.849ms
[2020-08-10T13:15:27.669+0300][1867.210s][info ][gc] GC(62094) Pause Young (Allocation Failure) 61M->61M(65M) 14.027ms
[2020-08-10T13:15:27.684+0300][1867.225s][info ][gc] GC(62095) Pause Young (Allocation Failure) 62M->62M(65M) 13.979ms
[2020-08-10T13:15:27.824+0300][1867.365s][debug][gc] GC(62096) Expanding ParOldGen from 64000K by 11264K to 75264K
[2020-08-10T13:15:27.824+0300][1867.365s][info ][gc] GC(62096) Pause Full (Ergonomics) 62M->62M(76M) 140.390ms
[2020-08-10T13:15:27.840+0300][1867.381s][info ][gc] GC(62097) Pause Young (Allocation Failure) 63M->63M(76M) 15.702ms
[2020-08-10T13:15:27.855+0300][1867.396s][info ][gc] GC(62098) Pause Young (Allocation Failure) 64M->64M(76M) 14.372ms
[2020-08-10T13:15:27.870+0300][1867.411s][info ][gc] GC(62099) Pause Young (Allocation Failure) 65M->65M(76M) 14.302ms
[2020-08-10T13:15:27.885+0300][1867.426s][info ][gc] GC(62100) Pause Young (Allocation Failure) 66M->66M(76M) 14.220ms
[2020-08-10T13:15:27.899+0300][1867.440s][info ][gc] GC(62101) Pause Young (Allocation Failure) 67M->66M(76M) 14.023ms
[2020-08-10T13:15:27.914+0300][1867.455s][info ][gc] GC(62102) Pause Young (Allocation Failure) 67M->67M(76M) 14.067ms
[2020-08-10T13:15:27.929+0300][1867.470s][info ][gc] GC(62103) Pause Young (Allocation Failure) 68M->68M(76M) 14.473ms
[2020-08-10T13:15:27.944+0300][1867.486s][info ][gc] GC(62104) Pause Young (Allocation Failure) 69M->69M(76M) 15.317ms
[2020-08-10T13:15:27.959+0300][1867.500s][info ][gc] GC(62105) Pause Young (Allocation Failure) 70M->70M(76M) 13.972ms
[2020-08-10T13:15:27.973+0300][1867.515s][info ][gc] GC(62106) Pause Young (Allocation Failure) 71M->71M(76M) 14.095ms
[2020-08-10T13:15:27.988+0300][1867.529s][info ][gc] GC(62107) Pause Young (Allocation Failure) 72M->72M(76M) 14.102ms
[2020-08-10T13:15:28.002+0300][1867.544s][info ][gc] GC(62108) Pause Young (Allocation Failure) 73M->73M(76M) 14.243ms
[2020-08-10T13:15:28.188+0300][1867.729s][debug][gc] GC(62109) Expanding ParOldGen from 75264K by 11776K to 87040K
[2020-08-10T13:15:28.188+0300][1867.729s][info ][gc] GC(62109) Pause Full (Ergonomics) 73M->73M(87M) 185.554ms
[2020-08-10T13:15:28.202+0300][1867.743s][info ][gc] GC(62110) Pause Young (Allocation Failure) 74M->74M(87M) 13.552ms
[2020-08-10T13:15:28.217+0300][1867.758s][info ][gc] GC(62111) Pause Young (Allocation Failure) 75M->75M(87M) 14.013ms
[2020-08-10T13:15:28.235+0300][1867.776s][info ][gc] GC(62112) Pause Young (Allocation Failure) 76M->76M(87M) 17.670ms
[2020-08-10T13:15:28.249+0300][1867.790s][info ][gc] GC(62113) Pause Young (Allocation Failure) 77M->77M(87M) 13.814ms
[2020-08-10T13:15:28.266+0300][1867.807s][info ][gc] GC(62114) Pause Young (Allocation Failure) 78M->78M(87M) 16.450ms
[2020-08-10T13:15:28.281+0300][1867.822s][info ][gc] GC(62115) Pause Young (Allocation Failure) 79M->79M(87M) 14.155ms
[2020-08-10T13:15:28.295+0300][1867.837s][info ][gc] GC(62116) Pause Young (Allocation Failure) 80M->79M(87M) 14.271ms
[2020-08-10T13:15:28.310+0300][1867.851s][info ][gc] GC(62117) Pause Young (Allocation Failure) 80M->80M(87M) 14.016ms
[2020-08-10T13:15:28.325+0300][1867.866s][info ][gc] GC(62118) Pause Young (Allocation Failure) 81M->81M(87M) 14.036ms
[2020-08-10T13:15:28.340+0300][1867.881s][info ][gc] GC(62119) Pause Young (Allocation Failure) 82M->82M(87M) 14.248ms
[2020-08-10T13:15:28.362+0300][1867.903s][info ][gc] GC(62120) Pause Young (Allocation Failure) 83M->83M(87M) 22.104ms
[2020-08-10T13:15:28.377+0300][1867.918s][info ][gc] GC(62121) Pause Young (Allocation Failure) 84M->84M(87M) 14.139ms
[2020-08-10T13:15:28.392+0300][1867.933s][info ][gc] GC(62122) Pause Young (Allocation Failure) 85M->85M(87M) 14.471ms
[2020-08-10T13:15:28.634+0300][1868.175s][debug][gc] GC(62123) Expanding ParOldGen from 87040K by 11776K to 98816K
[2020-08-10T13:15:28.634+0300][1868.175s][info ][gc] GC(62123) Pause Full (Ergonomics) 85M->85M(99M) 242.248ms
[2020-08-10T13:15:28.674+0300][1868.215s][info ][gc] GC(62124) Pause Young (Allocation Failure) 86M->86M(99M) 39.295ms
[2020-08-10T13:15:28.690+0300][1868.231s][info ][gc] GC(62125) Pause Young (Allocation Failure) 87M->87M(99M) 14.777ms
[2020-08-10T13:15:28.715+0300][1868.256s][info ][gc] GC(62126) Pause Young (Allocation Failure) 88M->88M(99M) 24.646ms
[2020-08-10T13:15:28.730+0300][1868.271s][info ][gc] GC(62127) Pause Young (Allocation Failure) 89M->89M(99M) 14.881ms
[2020-08-10T13:15:28.745+0300][1868.287s][info ][gc] GC(62128) Pause Young (Allocation Failure) 90M->90M(99M) 15.025ms
[2020-08-10T13:15:28.773+0300][1868.314s][info ][gc] GC(62129) Pause Young (Allocation Failure) 91M->90M(99M) 26.551ms
[2020-08-10T13:15:28.789+0300][1868.330s][info ][gc] GC(62130) Pause Young (Allocation Failure) 91M->91M(99M) 15.148ms
[2020-08-10T13:15:28.805+0300][1868.346s][info ][gc] GC(62131) Pause Young (Allocation Failure) 92M->92M(99M) 15.577ms
[2020-08-10T13:15:28.821+0300][1868.362s][info ][gc] GC(62132) Pause Young (Allocation Failure) 93M->93M(99M) 15.606ms
[2020-08-10T13:15:28.842+0300][1868.384s][info ][gc] GC(62133) Pause Young (Allocation Failure) 94M->94M(99M) 20.987ms
[2020-08-10T13:15:28.859+0300][1868.400s][info ][gc] GC(62134) Pause Young (Allocation Failure) 95M->95M(99M) 15.705ms
[2020-08-10T13:15:28.885+0300][1868.426s][info ][gc] GC(62135) Pause Young (Allocation Failure) 96M->96M(99M) 25.675ms
[2020-08-10T13:15:29.183+0300][1868.724s][debug][gc] GC(62136) Expanding ParOldGen from 98816K by 11776K to 110592K
[2020-08-10T13:15:29.183+0300][1868.725s][info ][gc] GC(62136) Pause Full (Ergonomics) 96M->96M(110M) 298.180ms
[2020-08-10T13:15:29.197+0300][1868.739s][info ][gc] GC(62137) Pause Young (Allocation Failure) 97M->97M(110M) 13.632ms
[2020-08-10T13:15:29.213+0300][1868.754s][info ][gc] GC(62138) Pause Young (Allocation Failure) 98M->98M(110M) 15.108ms
[2020-08-10T13:15:29.229+0300][1868.770s][info ][gc] GC(62139) Pause Young (Allocation Failure) 99M->99M(110M) 14.925ms
[2020-08-10T13:15:29.255+0300][1868.796s][info ][gc] GC(62140) Pause Young (Allocation Failure) 100M->100M(110M) 25.917ms
[2020-08-10T13:15:29.272+0300][1868.813s][info ][gc] GC(62141) Pause Young (Allocation Failure) 101M->101M(110M) 15.843ms
[2020-08-10T13:15:29.288+0300][1868.829s][info ][gc] GC(62142) Pause Young (Allocation Failure) 102M->101M(110M) 15.919ms
[2020-08-10T13:15:29.305+0300][1868.846s][info ][gc] GC(62143) Pause Young (Allocation Failure) 102M->102M(110M) 16.219ms
[2020-08-10T13:15:29.322+0300][1868.863s][info ][gc] GC(62144) Pause Young (Allocation Failure) 103M->103M(110M) 16.079ms
[2020-08-10T13:15:29.338+0300][1868.879s][info ][gc] GC(62145) Pause Young (Allocation Failure) 104M->104M(110M) 15.852ms
[2020-08-10T13:15:29.357+0300][1868.898s][info ][gc] GC(62146) Pause Young (Allocation Failure) 105M->105M(110M) 18.687ms
[2020-08-10T13:15:29.384+0300][1868.926s][info ][gc] GC(62147) Pause Young (Allocation Failure) 106M->106M(110M) 26.517ms
[2020-08-10T13:15:29.406+0300][1868.947s][info ][gc] GC(62148) Pause Young (Allocation Failure) 107M->107M(110M) 20.857ms
[2020-08-10T13:15:29.432+0300][1868.973s][info ][gc] GC(62149) Pause Young (Allocation Failure) 108M->108M(110M) 25.474ms
[2020-08-10T13:15:29.752+0300][1869.293s][debug][gc] GC(62150) Expanding ParOldGen from 110592K by 11264K to 121856K
[2020-08-10T13:15:29.752+0300][1869.293s][info ][gc] GC(62150) Pause Full (Ergonomics) 108M->108M(121M) 320.204ms
[2020-08-10T13:15:29.813+0300][1869.354s][info ][gc] GC(62151) Pause Young (Allocation Failure) 109M->109M(121M) 60.075ms
[2020-08-10T13:15:29.841+0300][1869.382s][info ][gc] GC(62152) Pause Young (Allocation Failure) 110M->110M(121M) 27.643ms
[2020-08-10T13:15:29.867+0300][1869.408s][info ][gc] GC(62153) Pause Young (Allocation Failure) 111M->111M(121M) 25.021ms
[2020-08-10T13:15:29.897+0300][1869.438s][info ][gc] GC(62154) Pause Young (Allocation Failure) 112M->112M(121M) 30.173ms
[2020-08-10T13:15:29.917+0300][1869.458s][info ][gc] GC(62155) Pause Young (Allocation Failure) 113M->113M(121M) 19.311ms
[2020-08-10T13:15:29.943+0300][1869.485s][info ][gc] GC(62156) Pause Young (Allocation Failure) 114M->114M(121M) 25.522ms
[2020-08-10T13:15:29.971+0300][1869.512s][info ][gc] GC(62157) Pause Young (Allocation Failure) 115M->115M(121M) 26.761ms
[2020-08-10T13:15:29.988+0300][1869.530s][info ][gc] GC(62158) Pause Young (Allocation Failure) 116M->116M(121M) 17.160ms
[2020-08-10T13:15:30.018+0300][1869.559s][info ][gc] GC(62159) Pause Young (Allocation Failure) 117M->117M(121M) 29.468ms
[2020-08-10T13:15:30.036+0300][1869.577s][info ][gc] GC(62160) Pause Young (Allocation Failure) 118M->117M(121M) 17.752ms
[2020-08-10T13:15:30.069+0300][1869.610s][info ][gc] GC(62161) Pause Young (Allocation Failure) 118M->118M(121M) 32.195ms
[2020-08-10T13:15:30.470+0300][1870.012s][debug][gc] GC(62162) Expanding ParOldGen from 121856K by 11264K to 133120K
[2020-08-10T13:15:30.470+0300][1870.012s][info ][gc] GC(62162) Pause Full (Ergonomics) 118M->118M(132M) 401.457ms
[2020-08-10T13:15:30.490+0300][1870.032s][info ][gc] GC(62163) Pause Young (Allocation Failure) 119M->119M(132M) 19.430ms
[2020-08-10T13:15:30.516+0300][1870.058s][info ][gc] GC(62164) Pause Young (Allocation Failure) 120M->120M(132M) 25.253ms
[2020-08-10T13:15:30.546+0300][1870.087s][info ][gc] GC(62165) Pause Young (Allocation Failure) 121M->121M(132M) 29.024ms
[2020-08-10T13:15:30.566+0300][1870.107s][info ][gc] GC(62166) Pause Young (Allocation Failure) 122M->122M(132M) 19.633ms
[2020-08-10T13:15:30.586+0300][1870.128s][info ][gc] GC(62167) Pause Young (Allocation Failure) 123M->123M(132M) 19.818ms
[2020-08-10T13:15:30.616+0300][1870.157s][info ][gc] GC(62168) Pause Young (Allocation Failure) 124M->124M(132M) 29.063ms
[2020-08-10T13:15:30.636+0300][1870.177s][info ][gc] GC(62169) Pause Young (Allocation Failure) 125M->125M(132M) 19.711ms
[2020-08-10T13:15:30.655+0300][1870.196s][info ][gc] GC(62170) Pause Young (Allocation Failure) 126M->126M(132M) 18.429ms
[2020-08-10T13:15:30.674+0300][1870.215s][info ][gc] GC(62171) Pause Young (Allocation Failure) 127M->127M(132M) 18.510ms
[2020-08-10T13:15:30.704+0300][1870.245s][info ][gc] GC(62172) Pause Young (Allocation Failure) 128M->128M(132M) 30.040ms
[2020-08-10T13:15:30.735+0300][1870.276s][info ][gc] GC(62173) Pause Young (Allocation Failure) 129M->129M(132M) 30.387ms
[2020-08-10T13:15:30.754+0300][1870.295s][info ][gc] GC(62174) Pause Young (Allocation Failure) 130M->130M(132M) 18.452ms
[2020-08-10T13:15:31.190+0300][1870.731s][debug][gc] GC(62175) Expanding ParOldGen from 133120K by 11264K to 144384K
[2020-08-10T13:15:31.190+0300][1870.731s][info ][gc] GC(62175) Pause Full (Ergonomics) 130M->130M(143M) 436.226ms
[2020-08-10T13:15:31.225+0300][1870.766s][info ][gc] GC(62176) Pause Young (Allocation Failure) 131M->131M(143M) 34.493ms
[2020-08-10T13:15:31.244+0300][1870.786s][info ][gc] GC(62177) Pause Young (Allocation Failure) 132M->132M(143M) 18.822ms
[2020-08-10T13:15:31.264+0300][1870.805s][info ][gc] GC(62178) Pause Young (Allocation Failure) 133M->132M(143M) 18.849ms
[2020-08-10T13:15:31.283+0300][1870.825s][info ][gc] GC(62179) Pause Young (Allocation Failure) 133M->133M(143M) 19.300ms
[2020-08-10T13:15:31.317+0300][1870.859s][info ][gc] GC(62180) Pause Young (Allocation Failure) 134M->134M(143M) 33.793ms
[2020-08-10T13:15:31.318+0300][1870.859s][debug][gc] Expanding ParOldGen from 144384K by 19968K to 164352K
[2020-08-10T13:15:31.346+0300][1870.887s][info ][gc] GC(62181) Pause Young (Allocation Failure) 154M->154M(163M) 18.853ms
[2020-08-10T13:15:31.366+0300][1870.907s][info ][gc] GC(62182) Pause Young (Allocation Failure) 155M->155M(163M) 19.688ms
[2020-08-10T13:15:31.381+0300][1870.923s][info ][gc] GC(62183) Pause Young (Allocation Failure) 156M->156M(163M) 14.918ms
[2020-08-10T13:15:31.398+0300][1870.939s][info ][gc] GC(62184) Pause Young (Allocation Failure) 157M->157M(163M) 16.331ms
[2020-08-10T13:15:31.415+0300][1870.956s][info ][gc] GC(62185) Pause Young (Allocation Failure) 158M->158M(163M) 16.625ms
[2020-08-10T13:15:31.436+0300][1870.978s][info ][gc] GC(62186) Pause Young (Allocation Failure) 159M->159M(163M) 20.796ms
[2020-08-10T13:15:31.453+0300][1870.994s][info ][gc] GC(62187) Pause Young (Allocation Failure) 160M->160M(163M) 16.097ms
[2020-08-10T13:15:31.504+0300][1871.045s][debug][gc] GC(62188) Shrinking ParOldGen from 164352K by 124928K to 39424K
[2020-08-10T13:15:31.504+0300][1871.045s][info ][gc] GC(62188) Pause Full (Ergonomics) 160M->26M(41M) 50.908ms
[2020-08-10T13:15:31.518+0300][1871.059s][info ][gc] GC(62189) Pause Young (Allocation Failure) 27M->27M(41M) 13.328ms
[2020-08-10T13:15:31.532+0300][1871.073s][info ][gc] GC(62190) Pause Young (Allocation Failure) 28M->28M(41M) 13.682ms
[2020-08-10T13:15:31.546+0300][1871.088s][info ][gc] GC(62191) Pause Young (Allocation Failure) 29M->29M(40M) 14.136ms
[2020-08-10T13:15:31.563+0300][1871.104s][info ][gc] GC(62192) Pause Young (Allocation Failure) 30M->30M(40M) 16.234ms
[2020-08-10T13:15:31.579+0300][1871.120s][info ][gc] GC(62193) Pause Young (Allocation Failure) 31M->31M(40M) 15.298ms
[2020-08-10T13:15:31.593+0300][1871.134s][info ][gc] GC(62194) Pause Young (Allocation Failure) 32M->32M(40M) 14.004ms
[2020-08-10T13:15:31.609+0300][1871.150s][info ][gc] GC(62195) Pause Young (Allocation Failure) 33M->33M(40M) 15.174ms
[2020-08-10T13:15:31.623+0300][1871.164s][info ][gc] GC(62196) Pause Young (Allocation Failure) 34M->34M(40M) 13.862ms
[2020-08-10T13:15:31.640+0300][1871.181s][info ][gc] GC(62197) Pause Young (Allocation Failure) 35M->35M(40M) 16.471ms
[2020-08-10T13:15:31.654+0300][1871.195s][info ][gc] GC(62198) Pause Young (Allocation Failure) 36M->36M(40M) 13.947ms
[2020-08-10T13:15:31.669+0300][1871.210s][info ][gc] GC(62199) Pause Young (Allocation Failure) 37M->37M(40M) 14.027ms
[2020-08-10T13:15:31.684+0300][1871.225s][info ][gc] GC(62200) Pause Young (Allocation Failure) 38M->38M(40M) 14.743ms
[2020-08-10T13:15:31.701+0300][1871.242s][info ][gc] GC(62201) Pause Young (Allocation Failure) 39M->39M(40M) 16.393ms
[2020-08-10T13:15:31.773+0300][1871.315s][debug][gc] GC(62202) Expanding ParOldGen from 39424K by 11264K to 50688K
[2020-08-10T13:15:31.774+0300][1871.315s][info ][gc] GC(62202) Pause Full (Ergonomics) 39M->39M(51M) 72.816ms
[2020-08-10T13:15:31.792+0300][1871.334s][info ][gc] GC(62203) Pause Young (Allocation Failure) 40M->40M(51M) 18.392ms
[2020-08-10T13:15:31.807+0300][1871.349s][info ][gc] GC(62204) Pause Young (Allocation Failure) 41M->41M(51M) 14.246ms
[2020-08-10T13:15:31.822+0300][1871.364s][info ][gc] GC(62205) Pause Young (Allocation Failure) 42M->42M(51M) 14.331ms
[2020-08-10T13:15:31.837+0300][1871.378s][info ][gc] GC(62206) Pause Young (Allocation Failure) 43M->42M(51M) 14.133ms
[2020-08-10T13:15:31.852+0300][1871.393s][info ][gc] GC(62207) Pause Young (Allocation Failure) 43M->43M(51M) 14.094ms
[2020-08-10T13:15:31.866+0300][1871.408s][info ][gc] GC(62208) Pause Young (Allocation Failure) 44M->44M(51M) 13.913ms
[2020-08-10T13:15:31.881+0300][1871.422s][info ][gc] GC(62209) Pause Young (Allocation Failure) 45M->45M(51M) 14.517ms
[2020-08-10T13:15:31.895+0300][1871.437s][info ][gc] GC(62210) Pause Young (Allocation Failure) 46M->46M(51M) 14.050ms
[2020-08-10T13:15:31.910+0300][1871.452s][info ][gc] GC(62211) Pause Young (Allocation Failure) 47M->47M(51M) 14.306ms
[2020-08-10T13:15:31.925+0300][1871.466s][info ][gc] GC(62212) Pause Young (Allocation Failure) 48M->48M(51M) 14.003ms
[2020-08-10T13:15:31.939+0300][1871.480s][info ][gc] GC(62213) Pause Young (Allocation Failure) 49M->49M(51M) 13.875ms
[2020-08-10T13:15:32.043+0300][1871.585s][debug][gc] GC(62214) Expanding ParOldGen from 50688K by 11264K to 61952K
[2020-08-10T13:15:32.043+0300][1871.585s][info ][gc] GC(62214) Pause Full (Ergonomics) 49M->49M(62M) 104.478ms
[2020-08-10T13:15:32.065+0300][1871.606s][info ][gc] GC(62215) Pause Young (Allocation Failure) 50M->50M(62M) 20.769ms
[2020-08-10T13:15:32.083+0300][1871.624s][info ][gc] GC(62216) Pause Young (Allocation Failure) 51M->51M(62M) 17.471ms
[2020-08-10T13:15:32.097+0300][1871.639s][info ][gc] GC(62217) Pause Young (Allocation Failure) 52M->52M(62M) 14.147ms
[2020-08-10T13:15:32.114+0300][1871.656s][info ][gc] GC(62218) Pause Young (Allocation Failure) 53M->53M(62M) 16.564ms
[2020-08-10T13:15:32.129+0300][1871.671s][info ][gc] GC(62219) Pause Young (Allocation Failure) 54M->54M(62M) 14.449ms
[2020-08-10T13:15:32.144+0300][1871.686s][info ][gc] GC(62220) Pause Young (Allocation Failure) 55M->55M(62M) 14.913ms
[2020-08-10T13:15:32.159+0300][1871.700s][info ][gc] GC(62221) Pause Young (Allocation Failure) 56M->56M(62M) 13.848ms
[2020-08-10T13:15:32.173+0300][1871.714s][info ][gc] GC(62222) Pause Young (Allocation Failure) 57M->57M(62M) 13.913ms
[2020-08-10T13:15:32.187+0300][1871.729s][info ][gc] GC(62223) Pause Young (Allocation Failure) 58M->58M(62M) 14.112ms
[2020-08-10T13:15:32.202+0300][1871.744s][info ][gc] GC(62224) Pause Young (Allocation Failure) 59M->59M(62M) 14.514ms
[2020-08-10T13:15:32.217+0300][1871.758s][info ][gc] GC(62225) Pause Young (Allocation Failure) 60M->59M(62M) 13.802ms
[2020-08-10T13:15:32.231+0300][1871.772s][info ][gc] GC(62226) Pause Young (Allocation Failure) 60M->60M(62M) 13.938ms
[2020-08-10T13:15:32.380+0300][1871.922s][debug][gc] GC(62227) Expanding ParOldGen from 61952K by 11264K to 73216K
[2020-08-10T13:15:32.380+0300][1871.922s][info ][gc] GC(62227) Pause Full (Ergonomics) 60M->60M(73M) 149.417ms
[2020-08-10T13:15:32.410+0300][1871.951s][info ][gc] GC(62228) Pause Young (Allocation Failure) 61M->61M(73M) 28.864ms
[2020-08-10T13:15:32.424+0300][1871.966s][info ][gc] GC(62229) Pause Young (Allocation Failure) 62M->62M(73M) 14.385ms
[2020-08-10T13:15:32.439+0300][1871.981s][info ][gc] GC(62230) Pause Young (Allocation Failure) 63M->63M(73M) 14.292ms
[2020-08-10T13:15:32.455+0300][1871.996s][info ][gc] GC(62231) Pause Young (Allocation Failure) 64M->64M(73M) 14.987ms
[2020-08-10T13:15:32.469+0300][1872.011s][info ][gc] GC(62232) Pause Young (Allocation Failure) 65M->65M(73M) 14.116ms
[2020-08-10T13:15:32.484+0300][1872.025s][info ][gc] GC(62233) Pause Young (Allocation Failure) 66M->66M(74M) 14.190ms
[2020-08-10T13:15:32.498+0300][1872.040s][info ][gc] GC(62234) Pause Young (Allocation Failure) 67M->67M(74M) 14.040ms
[2020-08-10T13:15:32.513+0300][1872.054s][info ][gc] GC(62235) Pause Young (Allocation Failure) 68M->68M(73M) 14.146ms
[2020-08-10T13:15:32.527+0300][1872.069s][info ][gc] GC(62236) Pause Young (Allocation Failure) 69M->69M(73M) 14.160ms
[2020-08-10T13:15:32.542+0300][1872.083s][info ][gc] GC(62237) Pause Young (Allocation Failure) 70M->70M(73M) 13.806ms
[2020-08-10T13:15:32.557+0300][1872.098s][info ][gc] GC(62238) Pause Young (Allocation Failure) 71M->71M(74M) 14.826ms
[2020-08-10T13:15:32.724+0300][1872.266s][debug][gc] GC(62239) Expanding ParOldGen from 73216K by 11264K to 84480K
[2020-08-10T13:15:32.724+0300][1872.266s][info ][gc] GC(62239) Pause Full (Ergonomics) 71M->71M(85M) 167.262ms
[2020-08-10T13:15:32.739+0300][1872.280s][info ][gc] GC(62240) Pause Young (Allocation Failure) 72M->72M(85M) 13.826ms
[2020-08-10T13:15:32.754+0300][1872.295s][info ][gc] GC(62241) Pause Young (Allocation Failure) 73M->73M(85M) 14.343ms
[2020-08-10T13:15:32.768+0300][1872.310s][info ][gc] GC(62242) Pause Young (Allocation Failure) 74M->74M(85M) 14.072ms
[2020-08-10T13:15:32.782+0300][1872.324s][info ][gc] GC(62243) Pause Young (Allocation Failure) 75M->74M(85M) 13.800ms
[2020-08-10T13:15:32.798+0300][1872.339s][info ][gc] GC(62244) Pause Young (Allocation Failure) 75M->75M(85M) 14.423ms
[2020-08-10T13:15:32.812+0300][1872.354s][info ][gc] GC(62245) Pause Young (Allocation Failure) 76M->76M(85M) 14.083ms
[2020-08-10T13:15:32.827+0300][1872.368s][info ][gc] GC(62246) Pause Young (Allocation Failure) 77M->77M(85M) 13.795ms
[2020-08-10T13:15:32.852+0300][1872.393s][info ][gc] GC(62247) Pause Young (Allocation Failure) 78M->78M(85M) 24.680ms
[2020-08-10T13:15:32.870+0300][1872.411s][info ][gc] GC(62248) Pause Young (Allocation Failure) 79M->79M(85M) 17.613ms
[2020-08-10T13:15:32.885+0300][1872.426s][info ][gc] GC(62249) Pause Young (Allocation Failure) 80M->80M(85M) 14.617ms
[2020-08-10T13:15:32.900+0300][1872.441s][info ][gc] GC(62250) Pause Young (Allocation Failure) 81M->81M(85M) 14.291ms
[2020-08-10T13:15:32.914+0300][1872.455s][info ][gc] GC(62251) Pause Young (Allocation Failure) 82M->82M(85M) 13.843ms
[2020-08-10T13:15:33.134+0300][1872.676s][debug][gc] GC(62252) Expanding ParOldGen from 84480K by 11776K to 96256K
[2020-08-10T13:15:33.134+0300][1872.676s][info ][gc] GC(62252) Pause Full (Ergonomics) 82M->82M(96M) 220.289ms
[2020-08-10T13:15:33.150+0300][1872.692s][info ][gc] GC(62253) Pause Young (Allocation Failure) 83M->83M(96M) 15.459ms
[2020-08-10T13:15:33.177+0300][1872.718s][info ][gc] GC(62254) Pause Young (Allocation Failure) 84M->84M(96M) 25.816ms
[2020-08-10T13:15:33.192+0300][1872.733s][info ][gc] GC(62255) Pause Young (Allocation Failure) 85M->85M(96M) 14.583ms
[2020-08-10T13:15:33.207+0300][1872.748s][info ][gc] GC(62256) Pause Young (Allocation Failure) 86M->86M(96M) 14.501ms
[2020-08-10T13:15:33.222+0300][1872.763s][info ][gc] GC(62257) Pause Young (Allocation Failure) 87M->87M(96M) 14.650ms
[2020-08-10T13:15:33.243+0300][1872.785s][info ][gc] GC(62258) Pause Young (Allocation Failure) 88M->88M(96M) 20.759ms
[2020-08-10T13:15:33.258+0300][1872.800s][info ][gc] GC(62259) Pause Young (Allocation Failure) 89M->89M(96M) 14.700ms
[2020-08-10T13:15:33.277+0300][1872.818s][info ][gc] GC(62260) Pause Young (Allocation Failure) 90M->90M(96M) 18.191ms
[2020-08-10T13:15:33.292+0300][1872.834s][info ][gc] GC(62261) Pause Young (Allocation Failure) 91M->91M(96M) 15.024ms
[2020-08-10T13:15:33.320+0300][1872.861s][info ][gc] GC(62262) Pause Young (Allocation Failure) 92M->91M(96M) 26.974ms
[2020-08-10T13:15:33.335+0300][1872.877s][info ][gc] GC(62263) Pause Young (Allocation Failure) 92M->92M(96M) 15.039ms
[2020-08-10T13:15:33.356+0300][1872.898s][info ][gc] GC(62264) Pause Young (Allocation Failure) 93M->93M(96M) 20.685ms
[2020-08-10T13:15:33.645+0300][1873.187s][debug][gc] GC(62265) Expanding ParOldGen from 96256K by 11264K to 107520K
[2020-08-10T13:15:33.645+0300][1873.187s][info ][gc] GC(62265) Pause Full (Ergonomics) 93M->93M(107M) 288.820ms
[2020-08-10T13:15:33.664+0300][1873.205s][info ][gc] GC(62266) Pause Young (Allocation Failure) 94M->94M(107M) 17.769ms
[2020-08-10T13:15:33.679+0300][1873.221s][info ][gc] GC(62267) Pause Young (Allocation Failure) 95M->95M(107M) 15.277ms
[2020-08-10T13:15:33.710+0300][1873.251s][info ][gc] GC(62268) Pause Young (Allocation Failure) 96M->96M(107M) 29.882ms
[2020-08-10T13:15:33.736+0300][1873.278s][info ][gc] GC(62269) Pause Young (Allocation Failure) 97M->97M(107M) 26.010ms
[2020-08-10T13:15:33.752+0300][1873.294s][info ][gc] GC(62270) Pause Young (Allocation Failure) 98M->98M(107M) 15.467ms
[2020-08-10T13:15:33.780+0300][1873.321s][info ][gc] GC(62271) Pause Young (Allocation Failure) 99M->99M(107M) 26.940ms
[2020-08-10T13:15:33.801+0300][1873.342s][info ][gc] GC(62272) Pause Young (Allocation Failure) 100M->100M(107M) 20.318ms
[2020-08-10T13:15:33.828+0300][1873.369s][info ][gc] GC(62273) Pause Young (Allocation Failure) 101M->101M(107M) 26.472ms
[2020-08-10T13:15:33.851+0300][1873.393s][info ][gc] GC(62274) Pause Young (Allocation Failure) 102M->102M(107M) 22.874ms
[2020-08-10T13:15:33.878+0300][1873.420s][info ][gc] GC(62275) Pause Young (Allocation Failure) 103M->103M(107M) 26.346ms
[2020-08-10T13:15:33.902+0300][1873.443s][info ][gc] GC(62276) Pause Young (Allocation Failure) 104M->104M(107M) 22.874ms
[2020-08-10T13:15:33.921+0300][1873.462s][info ][gc] GC(62277) Pause Young (Allocation Failure) 105M->105M(107M) 18.577ms
[2020-08-10T13:15:34.253+0300][1873.794s][debug][gc] GC(62278) Expanding ParOldGen from 107520K by 11264K to 118784K
[2020-08-10T13:15:34.253+0300][1873.795s][info ][gc] GC(62278) Pause Full (Ergonomics) 105M->105M(118M) 332.186ms
[2020-08-10T13:15:34.300+0300][1873.841s][info ][gc] GC(62279) Pause Young (Allocation Failure) 106M->106M(118M) 46.234ms
[2020-08-10T13:15:34.317+0300][1873.859s][info ][gc] GC(62280) Pause Young (Allocation Failure) 107M->106M(118M) 16.809ms
[2020-08-10T13:15:34.335+0300][1873.876s][info ][gc] GC(62281) Pause Young (Allocation Failure) 107M->107M(118M) 17.227ms
[2020-08-10T13:15:34.362+0300][1873.903s][info ][gc] GC(62282) Pause Young (Allocation Failure) 108M->108M(118M) 26.591ms
[2020-08-10T13:15:34.386+0300][1873.928s][info ][gc] GC(62283) Pause Young (Allocation Failure) 109M->109M(118M) 24.292ms
[2020-08-10T13:15:34.404+0300][1873.945s][info ][gc] GC(62284) Pause Young (Allocation Failure) 110M->110M(118M) 17.058ms
[2020-08-10T13:15:34.422+0300][1873.963s][info ][gc] GC(62285) Pause Young (Allocation Failure) 111M->111M(118M) 17.333ms
[2020-08-10T13:15:34.451+0300][1873.992s][info ][gc] GC(62286) Pause Young (Allocation Failure) 112M->112M(117M) 28.843ms
[2020-08-10T13:15:34.468+0300][1874.009s][info ][gc] GC(62287) Pause Young (Allocation Failure) 113M->113M(118M) 16.366ms
[2020-08-10T13:15:34.486+0300][1874.028s][info ][gc] GC(62288) Pause Young (Allocation Failure) 114M->114M(118M) 17.712ms
[2020-08-10T13:15:34.516+0300][1874.058s][info ][gc] GC(62289) Pause Young (Allocation Failure) 115M->115M(118M) 29.342ms
[2020-08-10T13:15:34.546+0300][1874.087s][info ][gc] GC(62290) Pause Young (Allocation Failure) 116M->116M(118M) 29.157ms
[2020-08-10T13:15:34.862+0300][1874.403s][debug][gc] GC(62291) Expanding ParOldGen from 118784K by 11776K to 130560K
[2020-08-10T13:15:34.862+0300][1874.403s][info ][gc] GC(62291) Pause Full (Ergonomics) 116M->116M(130M) 316.050ms
[2020-08-10T13:15:34.917+0300][1874.458s][info ][gc] GC(62292) Pause Young (Allocation Failure) 117M->117M(130M) 54.415ms
[2020-08-10T13:15:34.952+0300][1874.494s][info ][gc] GC(62293) Pause Young (Allocation Failure) 118M->118M(130M) 34.766ms
[2020-08-10T13:15:34.981+0300][1874.522s][info ][gc] GC(62294) Pause Young (Allocation Failure) 119M->119M(130M) 28.057ms
[2020-08-10T13:15:35.010+0300][1874.552s][info ][gc] GC(62295) Pause Young (Allocation Failure) 120M->120M(130M) 29.064ms
[2020-08-10T13:15:35.029+0300][1874.571s][info ][gc] GC(62296) Pause Young (Allocation Failure) 121M->121M(130M) 18.695ms
[2020-08-10T13:15:35.066+0300][1874.607s][info ][gc] GC(62297) Pause Young (Allocation Failure) 122M->122M(130M) 36.109ms
[2020-08-10T13:15:35.107+0300][1874.648s][info ][gc] GC(62298) Pause Young (Allocation Failure) 123M->122M(130M) 40.745ms
[2020-08-10T13:15:35.131+0300][1874.673s][info ][gc] GC(62299) Pause Young (Allocation Failure) 123M->123M(130M) 23.984ms
[2020-08-10T13:15:35.159+0300][1874.700s][info ][gc] GC(62300) Pause Young (Allocation Failure) 124M->124M(130M) 27.027ms
[2020-08-10T13:15:35.178+0300][1874.720s][info ][gc] GC(62301) Pause Young (Allocation Failure) 125M->125M(130M) 19.202ms
[2020-08-10T13:15:35.211+0300][1874.753s][info ][gc] GC(62302) Pause Young (Allocation Failure) 126M->126M(130M) 32.697ms
[2020-08-10T13:15:35.253+0300][1874.795s][info ][gc] GC(62303) Pause Young (Allocation Failure) 127M->127M(130M) 41.298ms
[2020-08-10T13:15:35.707+0300][1875.249s][debug][gc] GC(62304) Expanding ParOldGen from 130560K by 11264K to 141824K
[2020-08-10T13:15:35.707+0300][1875.249s][info ][gc] GC(62304) Pause Full (Ergonomics) 127M->127M(141M) 454.000ms
[2020-08-10T13:15:35.756+0300][1875.297s][info ][gc] GC(62305) Pause Young (Allocation Failure) 128M->128M(141M) 48.275ms
[2020-08-10T13:15:35.786+0300][1875.327s][info ][gc] GC(62306) Pause Young (Allocation Failure) 129M->129M(141M) 29.482ms
[2020-08-10T13:15:35.813+0300][1875.355s][info ][gc] GC(62307) Pause Young (Allocation Failure) 130M->130M(141M) 26.810ms
[2020-08-10T13:15:35.839+0300][1875.380s][info ][gc] GC(62308) Pause Young (Allocation Failure) 131M->131M(141M) 25.136ms
[2020-08-10T13:15:35.867+0300][1875.409s][info ][gc] GC(62309) Pause Young (Allocation Failure) 132M->132M(141M) 28.380ms
[2020-08-10T13:15:35.894+0300][1875.436s][info ][gc] GC(62310) Pause Young (Allocation Failure) 133M->133M(141M) 25.888ms
[2020-08-10T13:15:35.924+0300][1875.466s][info ][gc] GC(62311) Pause Young (Allocation Failure) 134M->134M(141M) 29.804ms
[2020-08-10T13:15:35.944+0300][1875.486s][info ][gc] GC(62312) Pause Young (Allocation Failure) 135M->135M(141M) 19.226ms
[2020-08-10T13:15:35.944+0300][1875.486s][debug][gc] Expanding ParOldGen from 141824K by 19968K to 161792K
[2020-08-10T13:15:35.980+0300][1875.521s][info ][gc] GC(62313) Pause Young (Allocation Failure) 155M->155M(160M) 27.318ms
[2020-08-10T13:15:35.997+0300][1875.539s][info ][gc] GC(62314) Pause Young (Allocation Failure) 156M->156M(160M) 17.266ms
[2020-08-10T13:15:36.012+0300][1875.553s][info ][gc] GC(62315) Pause Young (Allocation Failure) 157M->157M(160M) 14.187ms
[2020-08-10T13:15:36.026+0300][1875.568s][info ][gc] GC(62316) Pause Young (Allocation Failure) 158M->158M(160M) 14.260ms
[2020-08-10T13:15:36.075+0300][1875.617s][debug][gc] GC(62317) Shrinking ParOldGen from 161792K by 124928K to 36864K
[2020-08-10T13:15:36.075+0300][1875.617s][info ][gc] GC(62317) Pause Full (Ergonomics) 158M->24M(38M) 48.690ms
[2020-08-10T13:15:36.089+0300][1875.631s][info ][gc] GC(62318) Pause Young (Allocation Failure) 25M->25M(38M) 13.725ms
[2020-08-10T13:15:36.104+0300][1875.646s][info ][gc] GC(62319) Pause Young (Allocation Failure) 26M->26M(38M) 14.158ms
[2020-08-10T13:15:36.119+0300][1875.660s][info ][gc] GC(62320) Pause Young (Allocation Failure) 27M->27M(38M) 14.243ms
[2020-08-10T13:15:36.133+0300][1875.675s][info ][gc] GC(62321) Pause Young (Allocation Failure) 28M->28M(38M) 13.936ms
[2020-08-10T13:15:36.147+0300][1875.689s][info ][gc] GC(62322) Pause Young (Allocation Failure) 29M->29M(38M) 13.895ms
[2020-08-10T13:15:36.161+0300][1875.703s][info ][gc] GC(62323) Pause Young (Allocation Failure) 30M->30M(38M) 13.842ms
[2020-08-10T13:15:36.176+0300][1875.717s][info ][gc] GC(62324) Pause Young (Allocation Failure) 31M->31M(38M) 13.775ms
[2020-08-10T13:15:36.190+0300][1875.732s][info ][gc] GC(62325) Pause Young (Allocation Failure) 32M->32M(38M) 13.892ms
[2020-08-10T13:15:36.205+0300][1875.746s][info ][gc] GC(62326) Pause Young (Allocation Failure) 33M->33M(38M) 14.107ms
[2020-08-10T13:15:36.219+0300][1875.760s][info ][gc] GC(62327) Pause Young (Allocation Failure) 34M->33M(38M) 13.792ms
[2020-08-10T13:15:36.233+0300][1875.775s][info ][gc] GC(62328) Pause Young (Allocation Failure) 34M->34M(38M) 13.817ms
[2020-08-10T13:15:36.255+0300][1875.797s][info ][gc] GC(62329) Pause Young (Allocation Failure) 35M->35M(38M) 21.449ms
[2020-08-10T13:15:36.270+0300][1875.811s][info ][gc] GC(62330) Pause Young (Allocation Failure) 36M->36M(38M) 14.265ms
[2020-08-10T13:15:36.363+0300][1875.905s][debug][gc] GC(62331) Expanding ParOldGen from 36864K by 11264K to 48128K
[2020-08-10T13:15:36.364+0300][1875.905s][info ][gc] GC(62331) Pause Full (Ergonomics) 36M->36M(49M) 93.826ms
[2020-08-10T13:15:36.382+0300][1875.923s][info ][gc] GC(62332) Pause Young (Allocation Failure) 37M->37M(49M) 17.550ms
[2020-08-10T13:15:36.396+0300][1875.937s][info ][gc] GC(62333) Pause Young (Allocation Failure) 38M->38M(49M) 13.806ms
[2020-08-10T13:15:36.410+0300][1875.952s][info ][gc] GC(62334) Pause Young (Allocation Failure) 39M->39M(49M) 13.832ms
[2020-08-10T13:15:36.424+0300][1875.966s][info ][gc] GC(62335) Pause Young (Allocation Failure) 40M->40M(49M) 13.789ms
[2020-08-10T13:15:36.439+0300][1875.981s][info ][gc] GC(62336) Pause Young (Allocation Failure) 41M->41M(49M) 14.164ms
[2020-08-10T13:15:36.454+0300][1875.995s][info ][gc] GC(62337) Pause Young (Allocation Failure) 42M->42M(49M) 14.396ms
[2020-08-10T13:15:36.469+0300][1876.010s][info ][gc] GC(62338) Pause Young (Allocation Failure) 43M->43M(49M) 14.296ms
[2020-08-10T13:15:36.483+0300][1876.025s][info ][gc] GC(62339) Pause Young (Allocation Failure) 44M->44M(49M) 14.180ms
[2020-08-10T13:15:36.498+0300][1876.040s][info ][gc] GC(62340) Pause Young (Allocation Failure) 45M->45M(49M) 14.150ms
[2020-08-10T13:15:36.513+0300][1876.054s][info ][gc] GC(62341) Pause Young (Allocation Failure) 46M->46M(49M) 14.120ms
[2020-08-10T13:15:36.545+0300][1876.087s][info ][gc] GC(62342) Pause Young (Allocation Failure) 47M->47M(49M) 32.422ms
[2020-08-10T13:15:36.652+0300][1876.193s][debug][gc] GC(62343) Expanding ParOldGen from 48128K by 11264K to 59392K
[2020-08-10T13:15:36.652+0300][1876.193s][info ][gc] GC(62343) Pause Full (Ergonomics) 47M->47M(60M) 106.217ms
[2020-08-10T13:15:36.674+0300][1876.216s][info ][gc] GC(62344) Pause Young (Allocation Failure) 48M->47M(60M) 22.211ms
[2020-08-10T13:15:36.689+0300][1876.231s][info ][gc] GC(62345) Pause Young (Allocation Failure) 48M->48M(60M) 14.161ms
[2020-08-10T13:15:36.704+0300][1876.245s][info ][gc] GC(62346) Pause Young (Allocation Failure) 49M->49M(60M) 14.139ms
[2020-08-10T13:15:36.718+0300][1876.260s][info ][gc] GC(62347) Pause Young (Allocation Failure) 50M->50M(60M) 13.918ms
[2020-08-10T13:15:36.747+0300][1876.288s][info ][gc] GC(62348) Pause Young (Allocation Failure) 51M->51M(60M) 27.955ms
[2020-08-10T13:15:36.761+0300][1876.303s][info ][gc] GC(62349) Pause Young (Allocation Failure) 52M->52M(60M) 13.993ms
[2020-08-10T13:15:36.776+0300][1876.317s][info ][gc] GC(62350) Pause Young (Allocation Failure) 53M->53M(60M) 14.100ms
[2020-08-10T13:15:36.790+0300][1876.332s][info ][gc] GC(62351) Pause Young (Allocation Failure) 54M->54M(60M) 13.940ms
[2020-08-10T13:15:36.805+0300][1876.347s][info ][gc] GC(62352) Pause Young (Allocation Failure) 55M->55M(60M) 14.589ms
[2020-08-10T13:15:36.836+0300][1876.378s][info ][gc] GC(62353) Pause Young (Allocation Failure) 56M->56M(60M) 30.558ms
[2020-08-10T13:15:36.857+0300][1876.398s][info ][gc] GC(62354) Pause Young (Allocation Failure) 57M->57M(60M) 19.851ms
[2020-08-10T13:15:36.875+0300][1876.417s][info ][gc] GC(62355) Pause Young (Allocation Failure) 58M->58M(60M) 17.864ms
[2020-08-10T13:15:37.030+0300][1876.571s][debug][gc] GC(62356) Expanding ParOldGen from 59392K by 11264K to 70656K
[2020-08-10T13:15:37.030+0300][1876.572s][info ][gc] GC(62356) Pause Full (Ergonomics) 58M->58M(71M) 154.869ms
[2020-08-10T13:15:37.065+0300][1876.607s][info ][gc] GC(62357) Pause Young (Allocation Failure) 59M->59M(71M) 34.671ms
[2020-08-10T13:15:37.080+0300][1876.622s][info ][gc] GC(62358) Pause Young (Allocation Failure) 60M->60M(71M) 14.346ms
[2020-08-10T13:15:37.103+0300][1876.645s][info ][gc] GC(62359) Pause Young (Allocation Failure) 61M->61M(71M) 22.881ms
[2020-08-10T13:15:37.118+0300][1876.659s][info ][gc] GC(62360) Pause Young (Allocation Failure) 62M->62M(71M) 13.822ms
[2020-08-10T13:15:37.132+0300][1876.674s][info ][gc] GC(62361) Pause Young (Allocation Failure) 63M->63M(71M) 14.077ms
[2020-08-10T13:15:37.154+0300][1876.696s][info ][gc] GC(62362) Pause Young (Allocation Failure) 64M->64M(71M) 21.774ms
[2020-08-10T13:15:37.169+0300][1876.711s][info ][gc] GC(62363) Pause Young (Allocation Failure) 65M->64M(71M) 14.353ms
[2020-08-10T13:15:37.192+0300][1876.733s][info ][gc] GC(62364) Pause Young (Allocation Failure) 65M->65M(71M) 21.809ms
[2020-08-10T13:15:37.208+0300][1876.750s][info ][gc] GC(62365) Pause Young (Allocation Failure) 66M->66M(71M) 16.066ms
[2020-08-10T13:15:37.223+0300][1876.764s][info ][gc] GC(62366) Pause Young (Allocation Failure) 67M->67M(71M) 14.127ms
[2020-08-10T13:15:37.244+0300][1876.786s][info ][gc] GC(62367) Pause Young (Allocation Failure) 68M->68M(71M) 20.674ms
[2020-08-10T13:15:37.259+0300][1876.801s][info ][gc] GC(62368) Pause Young (Allocation Failure) 69M->69M(71M) 14.508ms
[2020-08-10T13:15:37.456+0300][1876.998s][debug][gc] GC(62369) Expanding ParOldGen from 70656K by 11264K to 81920K
[2020-08-10T13:15:37.456+0300][1876.998s][info ][gc] GC(62369) Pause Full (Ergonomics) 69M->69M(82M) 197.380ms
[2020-08-10T13:15:37.488+0300][1877.029s][info ][gc] GC(62370) Pause Young (Allocation Failure) 70M->70M(82M) 30.426ms
[2020-08-10T13:15:37.502+0300][1877.044s][info ][gc] GC(62371) Pause Young (Allocation Failure) 71M->71M(82M) 14.207ms
[2020-08-10T13:15:37.535+0300][1877.077s][info ][gc] GC(62372) Pause Young (Allocation Failure) 72M->72M(82M) 32.425ms
[2020-08-10T13:15:37.550+0300][1877.092s][info ][gc] GC(62373) Pause Young (Allocation Failure) 73M->73M(82M) 14.559ms
[2020-08-10T13:15:37.577+0300][1877.119s][info ][gc] GC(62374) Pause Young (Allocation Failure) 74M->74M(82M) 25.864ms
[2020-08-10T13:15:37.592+0300][1877.134s][info ][gc] GC(62375) Pause Young (Allocation Failure) 75M->75M(82M) 14.611ms
[2020-08-10T13:15:37.608+0300][1877.149s][info ][gc] GC(62376) Pause Young (Allocation Failure) 76M->76M(82M) 14.828ms
[2020-08-10T13:15:37.622+0300][1877.164s][info ][gc] GC(62377) Pause Young (Allocation Failure) 77M->77M(82M) 14.168ms
[2020-08-10T13:15:37.637+0300][1877.179s][info ][gc] GC(62378) Pause Young (Allocation Failure) 78M->78M(82M) 14.509ms
[2020-08-10T13:15:37.652+0300][1877.194s][info ][gc] GC(62379) Pause Young (Allocation Failure) 79M->79M(82M) 14.313ms
[2020-08-10T13:15:37.683+0300][1877.225s][info ][gc] GC(62380) Pause Young (Allocation Failure) 80M->80M(82M) 30.681ms
[2020-08-10T13:15:37.930+0300][1877.472s][debug][gc] GC(62381) Expanding ParOldGen from 81920K by 11264K to 93184K
[2020-08-10T13:15:37.930+0300][1877.472s][info ][gc] GC(62381) Pause Full (Ergonomics) 80M->79M(93M) 246.878ms
[2020-08-10T13:15:37.946+0300][1877.488s][info ][gc] GC(62382) Pause Young (Allocation Failure) 80M->80M(93M) 15.226ms
[2020-08-10T13:15:37.961+0300][1877.502s][info ][gc] GC(62383) Pause Young (Allocation Failure) 81M->81M(93M) 14.047ms
[2020-08-10T13:15:37.975+0300][1877.517s][info ][gc] GC(62384) Pause Young (Allocation Failure) 82M->82M(93M) 14.041ms
[2020-08-10T13:15:37.990+0300][1877.531s][info ][gc] GC(62385) Pause Young (Allocation Failure) 83M->83M(93M) 14.375ms
[2020-08-10T13:15:38.005+0300][1877.546s][info ][gc] GC(62386) Pause Young (Allocation Failure) 84M->84M(93M) 14.528ms
[2020-08-10T13:15:38.030+0300][1877.572s][info ][gc] GC(62387) Pause Young (Allocation Failure) 85M->85M(93M) 24.993ms
[2020-08-10T13:15:38.045+0300][1877.587s][info ][gc] GC(62388) Pause Young (Allocation Failure) 86M->86M(93M) 14.893ms
[2020-08-10T13:15:38.061+0300][1877.603s][info ][gc] GC(62389) Pause Young (Allocation Failure) 87M->87M(93M) 15.111ms
[2020-08-10T13:15:38.076+0300][1877.618s][info ][gc] GC(62390) Pause Young (Allocation Failure) 88M->88M(93M) 14.870ms
[2020-08-10T13:15:38.098+0300][1877.639s][info ][gc] GC(62391) Pause Young (Allocation Failure) 89M->89M(93M) 20.739ms
[2020-08-10T13:15:38.124+0300][1877.666s][info ][gc] GC(62392) Pause Young (Allocation Failure) 90M->90M(93M) 26.428ms
[2020-08-10T13:15:38.143+0300][1877.684s][info ][gc] GC(62393) Pause Young (Allocation Failure) 91M->91M(93M) 17.520ms
[2020-08-10T13:15:38.393+0300][1877.935s][debug][gc] GC(62394) Expanding ParOldGen from 93184K by 11264K to 104448K
[2020-08-10T13:15:38.393+0300][1877.935s][info ][gc] GC(62394) Pause Full (Ergonomics) 91M->91M(104M) 250.410ms
[2020-08-10T13:15:38.442+0300][1877.984s][info ][gc] GC(62395) Pause Young (Allocation Failure) 92M->92M(104M) 48.346ms
[2020-08-10T13:15:38.460+0300][1878.002s][info ][gc] GC(62396) Pause Young (Allocation Failure) 93M->93M(104M) 17.833ms
[2020-08-10T13:15:38.479+0300][1878.021s][info ][gc] GC(62397) Pause Young (Allocation Failure) 94M->94M(104M) 18.057ms
[2020-08-10T13:15:38.502+0300][1878.043s][info ][gc] GC(62398) Pause Young (Allocation Failure) 95M->95M(104M) 22.068ms
[2020-08-10T13:15:38.518+0300][1878.060s][info ][gc] GC(62399) Pause Young (Allocation Failure) 96M->96M(104M) 15.721ms
[2020-08-10T13:15:38.534+0300][1878.076s][info ][gc] GC(62400) Pause Young (Allocation Failure) 97M->96M(104M) 15.795ms
[2020-08-10T13:15:38.562+0300][1878.104s][info ][gc] GC(62401) Pause Young (Allocation Failure) 97M->97M(104M) 27.476ms
[2020-08-10T13:15:38.585+0300][1878.127s][info ][gc] GC(62402) Pause Young (Allocation Failure) 98M->98M(104M) 21.808ms
[2020-08-10T13:15:38.613+0300][1878.155s][info ][gc] GC(62403) Pause Young (Allocation Failure) 99M->99M(104M) 27.630ms
[2020-08-10T13:15:38.631+0300][1878.173s][info ][gc] GC(62404) Pause Young (Allocation Failure) 100M->100M(104M) 18.091ms
[2020-08-10T13:15:38.649+0300][1878.190s][info ][gc] GC(62405) Pause Young (Allocation Failure) 101M->101M(104M) 16.491ms
[2020-08-10T13:15:38.676+0300][1878.218s][info ][gc] GC(62406) Pause Young (Allocation Failure) 102M->102M(104M) 26.972ms
[2020-08-10T13:15:38.986+0300][1878.528s][debug][gc] GC(62407) Expanding ParOldGen from 104448K by 11264K to 115712K
[2020-08-10T13:15:38.986+0300][1878.528s][info ][gc] GC(62407) Pause Full (Ergonomics) 102M->102M(115M) 309.881ms
[2020-08-10T13:15:39.036+0300][1878.578s][info ][gc] GC(62408) Pause Young (Allocation Failure) 103M->103M(115M) 49.324ms
[2020-08-10T13:15:39.063+0300][1878.604s][info ][gc] GC(62409) Pause Young (Allocation Failure) 104M->104M(115M) 25.688ms
[2020-08-10T13:15:39.081+0300][1878.623s][info ][gc] GC(62410) Pause Young (Allocation Failure) 105M->105M(115M) 17.556ms
[2020-08-10T13:15:39.110+0300][1878.652s][info ][gc] GC(62411) Pause Young (Allocation Failure) 106M->106M(115M) 28.102ms
[2020-08-10T13:15:39.133+0300][1878.675s][info ][gc] GC(62412) Pause Young (Allocation Failure) 107M->107M(115M) 22.067ms
[2020-08-10T13:15:39.152+0300][1878.694s][info ][gc] GC(62413) Pause Young (Allocation Failure) 108M->108M(115M) 18.757ms
[2020-08-10T13:15:39.170+0300][1878.711s][info ][gc] GC(62414) Pause Young (Allocation Failure) 109M->109M(115M) 17.137ms
[2020-08-10T13:15:39.187+0300][1878.729s][info ][gc] GC(62415) Pause Young (Allocation Failure) 110M->110M(115M) 17.030ms
[2020-08-10T13:15:39.227+0300][1878.768s][info ][gc] GC(62416) Pause Young (Allocation Failure) 111M->111M(115M) 38.785ms
[2020-08-10T13:15:39.244+0300][1878.786s][info ][gc] GC(62417) Pause Young (Allocation Failure) 112M->112M(115M) 17.482ms
[2020-08-10T13:15:39.262+0300][1878.804s][info ][gc] GC(62418) Pause Young (Allocation Failure) 113M->113M(115M) 17.026ms
[2020-08-10T13:15:39.628+0300][1879.169s][debug][gc] GC(62419) Expanding ParOldGen from 115712K by 11264K to 126976K
[2020-08-10T13:15:39.628+0300][1879.169s][info ][gc] GC(62419) Pause Full (Ergonomics) 113M->112M(126M) 365.369ms
[2020-08-10T13:15:39.643+0300][1879.184s][info ][gc] GC(62420) Pause Young (Allocation Failure) 113M->113M(126M) 14.646ms
[2020-08-10T13:15:39.662+0300][1879.202s][info ][gc] GC(62421) Pause Young (Allocation Failure) 114M->114M(126M) 17.827ms
[2020-08-10T13:15:39.689+0300][1879.230s][info ][gc] GC(62422) Pause Young (Allocation Failure) 115M->115M(126M) 26.869ms
[2020-08-10T13:15:39.719+0300][1879.259s][info ][gc] GC(62423) Pause Young (Allocation Failure) 116M->116M(126M) 29.083ms
[2020-08-10T13:15:39.737+0300][1879.278s][info ][gc] GC(62424) Pause Young (Allocation Failure) 117M->117M(126M) 18.214ms
[2020-08-10T13:15:39.756+0300][1879.297s][info ][gc] GC(62425) Pause Young (Allocation Failure) 118M->118M(126M) 18.328ms
[2020-08-10T13:15:39.796+0300][1879.337s][info ][gc] GC(62426) Pause Young (Allocation Failure) 119M->119M(126M) 39.433ms
[2020-08-10T13:15:39.821+0300][1879.362s][info ][gc] GC(62427) Pause Young (Allocation Failure) 120M->120M(126M) 24.508ms
[2020-08-10T13:15:39.840+0300][1879.381s][info ][gc] GC(62428) Pause Young (Allocation Failure) 121M->121M(126M) 18.649ms
[2020-08-10T13:15:39.862+0300][1879.403s][info ][gc] GC(62429) Pause Young (Allocation Failure) 122M->122M(126M) 21.251ms
[2020-08-10T13:15:39.897+0300][1879.438s][info ][gc] GC(62430) Pause Young (Allocation Failure) 123M->123M(126M) 34.393ms
[2020-08-10T13:15:39.930+0300][1879.471s][info ][gc] GC(62431) Pause Young (Allocation Failure) 124M->124M(126M) 32.399ms
[2020-08-10T13:15:40.358+0300][1879.898s][debug][gc] GC(62432) Expanding ParOldGen from 126976K by 11264K to 138240K
[2020-08-10T13:15:40.358+0300][1879.898s][info ][gc] GC(62432) Pause Full (Ergonomics) 124M->124M(137M) 427.410ms
[2020-08-10T13:15:40.408+0300][1879.949s][info ][gc] GC(62433) Pause Young (Allocation Failure) 125M->125M(137M) 49.627ms
[2020-08-10T13:15:40.432+0300][1879.973s][info ][gc] GC(62434) Pause Young (Allocation Failure) 126M->126M(137M) 23.813ms
[2020-08-10T13:15:40.470+0300][1880.011s][info ][gc] GC(62435) Pause Young (Allocation Failure) 127M->127M(137M) 37.784ms
[2020-08-10T13:15:40.490+0300][1880.031s][info ][gc] GC(62436) Pause Young (Allocation Failure) 128M->128M(137M) 19.244ms
[2020-08-10T13:15:40.533+0300][1880.074s][info ][gc] GC(62437) Pause Young (Allocation Failure) 129M->128M(137M) 42.422ms
[2020-08-10T13:15:40.559+0300][1880.100s][info ][gc] GC(62438) Pause Young (Allocation Failure) 129M->129M(137M) 25.903ms
[2020-08-10T13:15:40.579+0300][1880.119s][info ][gc] GC(62439) Pause Young (Allocation Failure) 130M->130M(137M) 18.694ms
[2020-08-10T13:15:40.599+0300][1880.139s][info ][gc] GC(62440) Pause Young (Allocation Failure) 131M->131M(137M) 19.512ms
[2020-08-10T13:15:40.618+0300][1880.158s][info ][gc] GC(62441) Pause Young (Allocation Failure) 132M->132M(137M) 18.613ms
[2020-08-10T13:15:40.637+0300][1880.178s][info ][gc] GC(62442) Pause Young (Allocation Failure) 133M->133M(137M) 19.193ms
[2020-08-10T13:15:40.656+0300][1880.197s][info ][gc] GC(62443) Pause Young (Allocation Failure) 134M->134M(137M) 19.069ms
[2020-08-10T13:15:40.677+0300][1880.218s][info ][gc] GC(62444) Pause Young (Allocation Failure) 135M->135M(137M) 19.816ms
[2020-08-10T13:15:41.188+0300][1880.729s][debug][gc] GC(62445) Expanding ParOldGen from 138240K by 11264K to 149504K
[2020-08-10T13:15:41.188+0300][1880.729s][info ][gc] GC(62445) Pause Full (Ergonomics) 135M->135M(148M) 511.696ms
[2020-08-10T13:15:41.190+0300][1880.731s][debug][gc] Expanding ParOldGen from 149504K by 19968K to 169472K
[2020-08-10T13:15:41.245+0300][1880.786s][info ][gc] GC(62446) Pause Young (Allocation Failure) 155M->155M(168M) 46.135ms
[2020-08-10T13:15:41.274+0300][1880.815s][info ][gc] GC(62447) Pause Young (Allocation Failure) 156M->156M(168M) 28.337ms
[2020-08-10T13:15:41.303+0300][1880.844s][info ][gc] GC(62448) Pause Young (Allocation Failure) 157M->157M(168M) 28.773ms
[2020-08-10T13:15:41.339+0300][1880.880s][info ][gc] GC(62449) Pause Young (Allocation Failure) 158M->158M(168M) 35.325ms
[2020-08-10T13:15:41.369+0300][1880.910s][info ][gc] GC(62450) Pause Young (Allocation Failure) 159M->159M(168M) 29.746ms
[2020-08-10T13:15:41.398+0300][1880.938s][info ][gc] GC(62451) Pause Young (Allocation Failure) 160M->160M(168M) 28.072ms
[2020-08-10T13:15:41.425+0300][1880.966s][info ][gc] GC(62452) Pause Young (Allocation Failure) 161M->161M(168M) 27.460ms
[2020-08-10T13:15:41.459+0300][1880.999s][info ][gc] GC(62453) Pause Young (Allocation Failure) 162M->162M(168M) 32.483ms
[2020-08-10T13:15:41.491+0300][1881.032s][info ][gc] GC(62454) Pause Young (Allocation Failure) 163M->163M(168M) 31.767ms
[2020-08-10T13:15:41.524+0300][1881.065s][info ][gc] GC(62455) Pause Young (Allocation Failure) 164M->164M(168M) 32.811ms
[2020-08-10T13:15:41.557+0300][1881.098s][info ][gc] GC(62456) Pause Young (Allocation Failure) 165M->165M(168M) 32.527ms
[2020-08-10T13:15:41.591+0300][1881.132s][info ][gc] GC(62457) Pause Young (Allocation Failure) 166M->166M(168M) 33.181ms
[2020-08-10T13:15:41.736+0300][1881.277s][debug][gc] GC(62458) Shrinking ParOldGen from 169472K by 124928K to 44544K
[2020-08-10T13:15:41.736+0300][1881.277s][info ][gc] GC(62458) Pause Full (Ergonomics) 166M->32M(46M) 145.726ms
[2020-08-10T13:15:41.762+0300][1881.303s][info ][gc] GC(62459) Pause Young (Allocation Failure) 33M->33M(46M) 25.615ms
[2020-08-10T13:15:41.777+0300][1881.318s][info ][gc] GC(62460) Pause Young (Allocation Failure) 34M->34M(46M) 14.225ms
[2020-08-10T13:15:41.792+0300][1881.333s][info ][gc] GC(62461) Pause Young (Allocation Failure) 35M->35M(46M) 14.277ms
[2020-08-10T13:15:41.807+0300][1881.348s][info ][gc] GC(62462) Pause Young (Allocation Failure) 36M->36M(46M) 14.278ms
[2020-08-10T13:15:41.821+0300][1881.362s][info ][gc] GC(62463) Pause Young (Allocation Failure) 37M->37M(46M) 13.882ms
[2020-08-10T13:15:41.836+0300][1881.377s][info ][gc] GC(62464) Pause Young (Allocation Failure) 38M->38M(46M) 14.362ms
[2020-08-10T13:15:41.851+0300][1881.392s][info ][gc] GC(62465) Pause Young (Allocation Failure) 39M->38M(46M) 14.378ms
[2020-08-10T13:15:41.866+0300][1881.407s][info ][gc] GC(62466) Pause Young (Allocation Failure) 39M->39M(46M) 14.124ms
[2020-08-10T13:15:41.880+0300][1881.421s][info ][gc] GC(62467) Pause Young (Allocation Failure) 40M->40M(46M) 13.927ms
[2020-08-10T13:15:41.895+0300][1881.436s][info ][gc] GC(62468) Pause Young (Allocation Failure) 41M->41M(46M) 14.235ms
[2020-08-10T13:15:41.910+0300][1881.451s][info ][gc] GC(62469) Pause Young (Allocation Failure) 42M->42M(46M) 13.968ms
[2020-08-10T13:15:41.924+0300][1881.465s][info ][gc] GC(62470) Pause Young (Allocation Failure) 43M->43M(46M) 13.759ms
[2020-08-10T13:15:42.039+0300][1881.580s][debug][gc] GC(62471) Expanding ParOldGen from 44544K by 11264K to 55808K
[2020-08-10T13:15:42.039+0300][1881.580s][info ][gc] GC(62471) Pause Full (Ergonomics) 43M->43M(57M) 115.533ms
[2020-08-10T13:15:42.060+0300][1881.601s][info ][gc] GC(62472) Pause Young (Allocation Failure) 44M->44M(57M) 19.717ms
[2020-08-10T13:15:42.074+0300][1881.615s][info ][gc] GC(62473) Pause Young (Allocation Failure) 45M->45M(57M) 14.001ms
[2020-08-10T13:15:42.092+0300][1881.633s][info ][gc] GC(62474) Pause Young (Allocation Failure) 46M->46M(57M) 17.725ms
[2020-08-10T13:15:42.107+0300][1881.648s][info ][gc] GC(62475) Pause Young (Allocation Failure) 47M->47M(57M) 13.890ms
[2020-08-10T13:15:42.121+0300][1881.662s][info ][gc] GC(62476) Pause Young (Allocation Failure) 48M->48M(57M) 13.864ms
[2020-08-10T13:15:42.138+0300][1881.679s][info ][gc] GC(62477) Pause Young (Allocation Failure) 49M->49M(57M) 17.128ms
[2020-08-10T13:15:42.154+0300][1881.695s][info ][gc] GC(62478) Pause Young (Allocation Failure) 50M->50M(56M) 14.691ms
[2020-08-10T13:15:42.169+0300][1881.710s][info ][gc] GC(62479) Pause Young (Allocation Failure) 51M->51M(56M) 14.385ms
[2020-08-10T13:15:42.183+0300][1881.724s][info ][gc] GC(62480) Pause Young (Allocation Failure) 52M->52M(56M) 14.213ms
[2020-08-10T13:15:42.198+0300][1881.739s][info ][gc] GC(62481) Pause Young (Allocation Failure) 53M->53M(56M) 14.021ms
[2020-08-10T13:15:42.224+0300][1881.765s][info ][gc] GC(62482) Pause Young (Allocation Failure) 54M->54M(56M) 25.417ms
[2020-08-10T13:15:42.239+0300][1881.780s][info ][gc] GC(62483) Pause Young (Allocation Failure) 55M->55M(56M) 14.054ms
[2020-08-10T13:15:42.362+0300][1881.903s][debug][gc] GC(62484) Expanding ParOldGen from 55808K by 11776K to 67584K
[2020-08-10T13:15:42.362+0300][1881.903s][info ][gc] GC(62484) Pause Full (Ergonomics) 55M->54M(68M) 123.240ms
[2020-08-10T13:15:42.385+0300][1881.926s][info ][gc] GC(62485) Pause Young (Allocation Failure) 55M->55M(68M) 22.882ms
[2020-08-10T13:15:42.416+0300][1881.957s][info ][gc] GC(62486) Pause Young (Allocation Failure) 56M->56M(68M) 30.457ms
[2020-08-10T13:15:42.442+0300][1881.983s][info ][gc] GC(62487) Pause Young (Allocation Failure) 57M->57M(68M) 24.841ms
[2020-08-10T13:15:42.458+0300][1881.999s][info ][gc] GC(62488) Pause Young (Allocation Failure) 58M->58M(68M) 15.878ms
[2020-08-10T13:15:42.476+0300][1882.017s][info ][gc] GC(62489) Pause Young (Allocation Failure) 59M->59M(68M) 17.555ms
[2020-08-10T13:15:42.491+0300][1882.032s][info ][gc] GC(62490) Pause Young (Allocation Failure) 60M->60M(68M) 14.147ms
[2020-08-10T13:15:42.516+0300][1882.057s][info ][gc] GC(62491) Pause Young (Allocation Failure) 61M->61M(68M) 25.142ms
[2020-08-10T13:15:42.531+0300][1882.072s][info ][gc] GC(62492) Pause Young (Allocation Failure) 62M->62M(68M) 14.141ms
[2020-08-10T13:15:42.545+0300][1882.086s][info ][gc] GC(62493) Pause Young (Allocation Failure) 63M->63M(68M) 13.999ms
[2020-08-10T13:15:42.560+0300][1882.101s][info ][gc] GC(62494) Pause Young (Allocation Failure) 64M->64M(68M) 14.140ms
[2020-08-10T13:15:42.578+0300][1882.119s][info ][gc] GC(62495) Pause Young (Allocation Failure) 65M->65M(68M) 17.382ms
[2020-08-10T13:15:42.596+0300][1882.137s][info ][gc] GC(62496) Pause Young (Allocation Failure) 66M->66M(68M) 17.730ms
[2020-08-10T13:15:42.813+0300][1882.354s][debug][gc] GC(62497) Expanding ParOldGen from 67584K by 11264K to 78848K
[2020-08-10T13:15:42.813+0300][1882.354s][info ][gc] GC(62497) Pause Full (Ergonomics) 66M->66M(79M) 217.228ms
[2020-08-10T13:15:42.841+0300][1882.382s][info ][gc] GC(62498) Pause Young (Allocation Failure) 67M->67M(79M) 27.567ms
[2020-08-10T13:15:42.866+0300][1882.407s][info ][gc] GC(62499) Pause Young (Allocation Failure) 68M->68M(79M) 23.814ms
[2020-08-10T13:15:42.881+0300][1882.422s][info ][gc] GC(62500) Pause Young (Allocation Failure) 69M->69M(79M) 14.325ms
[2020-08-10T13:15:42.896+0300][1882.437s][info ][gc] GC(62501) Pause Young (Allocation Failure) 70M->69M(79M) 14.547ms
[2020-08-10T13:15:42.925+0300][1882.466s][info ][gc] GC(62502) Pause Young (Allocation Failure) 70M->70M(79M) 28.341ms
[2020-08-10T13:15:42.939+0300][1882.480s][info ][gc] GC(62503) Pause Young (Allocation Failure) 71M->71M(79M) 14.149ms
[2020-08-10T13:15:42.954+0300][1882.495s][info ][gc] GC(62504) Pause Young (Allocation Failure) 72M->72M(79M) 14.026ms
[2020-08-10T13:15:42.977+0300][1882.518s][info ][gc] GC(62505) Pause Young (Allocation Failure) 73M->73M(79M) 23.217ms
[2020-08-10T13:15:42.993+0300][1882.534s][info ][gc] GC(62506) Pause Young (Allocation Failure) 74M->74M(79M) 14.768ms
[2020-08-10T13:15:43.008+0300][1882.549s][info ][gc] GC(62507) Pause Young (Allocation Failure) 75M->75M(79M) 14.251ms
[2020-08-10T13:15:43.023+0300][1882.564s][info ][gc] GC(62508) Pause Young (Allocation Failure) 76M->76M(79M) 14.931ms
[2020-08-10T13:15:43.038+0300][1882.579s][info ][gc] GC(62509) Pause Young (Allocation Failure) 77M->77M(79M) 14.347ms
[2020-08-10T13:15:43.233+0300][1882.774s][debug][gc] GC(62510) Expanding ParOldGen from 78848K by 11264K to 90112K
[2020-08-10T13:15:43.233+0300][1882.774s][info ][gc] GC(62510) Pause Full (Ergonomics) 77M->77M(90M) 194.455ms
[2020-08-10T13:15:43.265+0300][1882.806s][info ][gc] GC(62511) Pause Young (Allocation Failure) 78M->78M(90M) 31.618ms
[2020-08-10T13:15:43.280+0300][1882.821s][info ][gc] GC(62512) Pause Young (Allocation Failure) 79M->79M(90M) 14.313ms
[2020-08-10T13:15:43.295+0300][1882.836s][info ][gc] GC(62513) Pause Young (Allocation Failure) 80M->80M(90M) 14.524ms
[2020-08-10T13:15:43.325+0300][1882.866s][info ][gc] GC(62514) Pause Young (Allocation Failure) 81M->81M(90M) 28.960ms
[2020-08-10T13:15:43.345+0300][1882.886s][info ][gc] GC(62515) Pause Young (Allocation Failure) 82M->82M(90M) 20.245ms
[2020-08-10T13:15:43.360+0300][1882.901s][info ][gc] GC(62516) Pause Young (Allocation Failure) 83M->83M(90M) 14.478ms
[2020-08-10T13:15:43.394+0300][1882.935s][info ][gc] GC(62517) Pause Young (Allocation Failure) 84M->84M(90M) 33.302ms
[2020-08-10T13:15:43.409+0300][1882.950s][info ][gc] GC(62518) Pause Young (Allocation Failure) 85M->85M(90M) 14.744ms
[2020-08-10T13:15:43.424+0300][1882.965s][info ][gc] GC(62519) Pause Young (Allocation Failure) 86M->86M(90M) 14.646ms
[2020-08-10T13:15:43.450+0300][1882.991s][info ][gc] GC(62520) Pause Young (Allocation Failure) 87M->87M(90M) 24.499ms
[2020-08-10T13:15:43.465+0300][1883.006s][info ][gc] GC(62521) Pause Young (Allocation Failure) 88M->87M(90M) 14.803ms
[2020-08-10T13:15:43.483+0300][1883.024s][info ][gc] GC(62522) Pause Young (Allocation Failure) 88M->88M(90M) 17.971ms
[2020-08-10T13:15:43.707+0300][1883.248s][debug][gc] GC(62523) Expanding ParOldGen from 90112K by 11264K to 101376K
[2020-08-10T13:15:43.708+0300][1883.249s][info ][gc] GC(62523) Pause Full (Ergonomics) 88M->88M(101M) 224.045ms
[2020-08-10T13:15:43.743+0300][1883.284s][info ][gc] GC(62524) Pause Young (Allocation Failure) 89M->89M(101M) 34.487ms
[2020-08-10T13:15:43.758+0300][1883.299s][info ][gc] GC(62525) Pause Young (Allocation Failure) 90M->90M(101M) 15.363ms
[2020-08-10T13:15:43.782+0300][1883.324s][info ][gc] GC(62526) Pause Young (Allocation Failure) 91M->91M(101M) 23.259ms
[2020-08-10T13:15:43.809+0300][1883.350s][info ][gc] GC(62527) Pause Young (Allocation Failure) 92M->92M(101M) 26.393ms
[2020-08-10T13:15:43.826+0300][1883.367s][info ][gc] GC(62528) Pause Young (Allocation Failure) 93M->93M(101M) 15.734ms
[2020-08-10T13:15:43.842+0300][1883.383s][info ][gc] GC(62529) Pause Young (Allocation Failure) 94M->94M(101M) 15.349ms
[2020-08-10T13:15:43.870+0300][1883.411s][info ][gc] GC(62530) Pause Young (Allocation Failure) 95M->95M(101M) 27.415ms
[2020-08-10T13:15:43.886+0300][1883.427s][info ][gc] GC(62531) Pause Young (Allocation Failure) 96M->96M(101M) 15.723ms
[2020-08-10T13:15:43.902+0300][1883.443s][info ][gc] GC(62532) Pause Young (Allocation Failure) 97M->97M(101M) 15.684ms
[2020-08-10T13:15:43.928+0300][1883.469s][info ][gc] GC(62533) Pause Young (Allocation Failure) 98M->98M(101M) 25.278ms
[2020-08-10T13:15:43.944+0300][1883.485s][info ][gc] GC(62534) Pause Young (Allocation Failure) 99M->99M(101M) 15.818ms
[2020-08-10T13:15:44.273+0300][1883.814s][debug][gc] GC(62535) Expanding ParOldGen from 101376K by 11264K to 112640K
[2020-08-10T13:15:44.273+0300][1883.814s][info ][gc] GC(62535) Pause Full (Ergonomics) 99M->99M(112M) 329.056ms
[2020-08-10T13:15:44.309+0300][1883.850s][info ][gc] GC(62536) Pause Young (Allocation Failure) 100M->100M(112M) 35.908ms
[2020-08-10T13:15:44.332+0300][1883.874s][info ][gc] GC(62537) Pause Young (Allocation Failure) 101M->101M(112M) 22.576ms
[2020-08-10T13:15:44.356+0300][1883.897s][info ][gc] GC(62538) Pause Young (Allocation Failure) 102M->101M(112M) 22.609ms
[2020-08-10T13:15:44.379+0300][1883.921s][info ][gc] GC(62539) Pause Young (Allocation Failure) 102M->102M(112M) 23.064ms
[2020-08-10T13:15:44.397+0300][1883.938s][info ][gc] GC(62540) Pause Young (Allocation Failure) 103M->103M(112M) 16.488ms
[2020-08-10T13:15:44.423+0300][1883.964s][info ][gc] GC(62541) Pause Young (Allocation Failure) 104M->104M(112M) 25.776ms
[2020-08-10T13:15:44.448+0300][1883.989s][info ][gc] GC(62542) Pause Young (Allocation Failure) 105M->105M(112M) 24.223ms
[2020-08-10T13:15:44.465+0300][1884.006s][info ][gc] GC(62543) Pause Young (Allocation Failure) 106M->106M(112M) 16.498ms
[2020-08-10T13:15:44.493+0300][1884.034s][info ][gc] GC(62544) Pause Young (Allocation Failure) 107M->107M(112M) 27.122ms
[2020-08-10T13:15:44.523+0300][1884.064s][info ][gc] GC(62545) Pause Young (Allocation Failure) 108M->108M(112M) 30.108ms
[2020-08-10T13:15:44.561+0300][1884.102s][info ][gc] GC(62546) Pause Young (Allocation Failure) 109M->109M(112M) 36.873ms
[2020-08-10T13:15:44.578+0300][1884.119s][info ][gc] GC(62547) Pause Young (Allocation Failure) 110M->110M(112M) 17.404ms
[2020-08-10T13:15:44.896+0300][1884.437s][debug][gc] GC(62548) Expanding ParOldGen from 112640K by 11264K to 123904K
[2020-08-10T13:15:44.896+0300][1884.437s][info ][gc] GC(62548) Pause Full (Ergonomics) 110M->110M(123M) 317.375ms
[2020-08-10T13:15:44.959+0300][1884.500s][info ][gc] GC(62549) Pause Young (Allocation Failure) 111M->111M(123M) 62.377ms
[2020-08-10T13:15:44.984+0300][1884.525s][info ][gc] GC(62550) Pause Young (Allocation Failure) 112M->112M(123M) 23.717ms
[2020-08-10T13:15:45.005+0300][1884.546s][info ][gc] GC(62551) Pause Young (Allocation Failure) 113M->113M(123M) 21.171ms
[2020-08-10T13:15:45.023+0300][1884.564s][info ][gc] GC(62552) Pause Young (Allocation Failure) 114M->114M(123M) 17.312ms
[2020-08-10T13:15:45.053+0300][1884.594s][info ][gc] GC(62553) Pause Young (Allocation Failure) 115M->115M(123M) 29.580ms
[2020-08-10T13:15:45.071+0300][1884.612s][info ][gc] GC(62554) Pause Young (Allocation Failure) 116M->116M(123M) 17.514ms
[2020-08-10T13:15:45.089+0300][1884.630s][info ][gc] GC(62555) Pause Young (Allocation Failure) 117M->117M(123M) 17.553ms
[2020-08-10T13:15:45.107+0300][1884.648s][info ][gc] GC(62556) Pause Young (Allocation Failure) 118M->118M(123M) 17.433ms
[2020-08-10T13:15:45.125+0300][1884.666s][info ][gc] GC(62557) Pause Young (Allocation Failure) 119M->118M(123M) 17.859ms
[2020-08-10T13:15:45.143+0300][1884.684s][info ][gc] GC(62558) Pause Young (Allocation Failure) 119M->119M(123M) 17.694ms
[2020-08-10T13:15:45.162+0300][1884.703s][info ][gc] GC(62559) Pause Young (Allocation Failure) 120M->120M(123M) 17.835ms
[2020-08-10T13:15:45.180+0300][1884.721s][info ][gc] GC(62560) Pause Young (Allocation Failure) 121M->121M(123M) 17.832ms
[2020-08-10T13:15:45.510+0300][1885.051s][debug][gc] GC(62561) Expanding ParOldGen from 123904K by 11264K to 135168K
[2020-08-10T13:15:45.510+0300][1885.051s][info ][gc] GC(62561) Pause Full (Ergonomics) 121M->121M(134M) 330.118ms
[2020-08-10T13:15:45.550+0300][1885.091s][info ][gc] GC(62562) Pause Young (Allocation Failure) 122M->122M(134M) 39.706ms
[2020-08-10T13:15:45.570+0300][1885.111s][info ][gc] GC(62563) Pause Young (Allocation Failure) 123M->123M(134M) 18.897ms
[2020-08-10T13:15:45.599+0300][1885.140s][info ][gc] GC(62564) Pause Young (Allocation Failure) 124M->124M(134M) 28.434ms
[2020-08-10T13:15:45.618+0300][1885.159s][info ][gc] GC(62565) Pause Young (Allocation Failure) 125M->125M(134M) 18.582ms
[2020-08-10T13:15:45.637+0300][1885.178s][info ][gc] GC(62566) Pause Young (Allocation Failure) 126M->126M(134M) 18.670ms
[2020-08-10T13:15:45.656+0300][1885.197s][info ][gc] GC(62567) Pause Young (Allocation Failure) 127M->127M(134M) 18.664ms
[2020-08-10T13:15:45.675+0300][1885.216s][info ][gc] GC(62568) Pause Young (Allocation Failure) 128M->128M(133M) 18.826ms
[2020-08-10T13:15:45.710+0300][1885.251s][info ][gc] GC(62569) Pause Young (Allocation Failure) 128M->128M(134M) 34.837ms
[2020-08-10T13:15:45.746+0300][1885.287s][info ][gc] GC(62570) Pause Young (Allocation Failure) 129M->129M(134M) 35.627ms
[2020-08-10T13:15:45.763+0300][1885.304s][info ][gc] GC(62571) Pause Young (Allocation Failure) 129M->129M(134M) 16.046ms
[2020-08-10T13:15:45.779+0300][1885.320s][info ][gc] GC(62572) Pause Young (Allocation Failure) 130M->130M(134M) 16.015ms
[2020-08-10T13:15:45.796+0300][1885.337s][info ][gc] GC(62573) Pause Young (Allocation Failure) 130M->130M(134M) 16.037ms
[2020-08-10T13:15:45.812+0300][1885.353s][info ][gc] GC(62574) Pause Young (Allocation Failure) 131M->131M(134M) 16.166ms
[2020-08-10T13:15:45.834+0300][1885.375s][info ][gc] GC(62575) Pause Young (Allocation Failure) 131M->131M(134M) 20.841ms
[2020-08-10T13:15:46.298+0300][1885.839s][debug][gc] GC(62576) Expanding ParOldGen from 135168K by 11264K to 146432K
[2020-08-10T13:15:46.299+0300][1885.840s][info ][gc] GC(62576) Pause Full (Ergonomics) 131M->131M(145M) 464.790ms
[2020-08-10T13:15:46.315+0300][1885.856s][info ][gc] GC(62577) Pause Young (Allocation Failure) 131M->131M(145M) 16.257ms
[2020-08-10T13:15:46.332+0300][1885.873s][info ][gc] GC(62578) Pause Young (Allocation Failure) 132M->132M(145M) 16.115ms
[2020-08-10T13:15:46.361+0300][1885.902s][info ][gc] GC(62579) Pause Young (Allocation Failure) 132M->132M(145M) 29.115ms
[2020-08-10T13:15:46.396+0300][1885.937s][info ][gc] GC(62580) Pause Young (Allocation Failure) 133M->133M(145M) 34.527ms
[2020-08-10T13:15:46.421+0300][1885.963s][info ][gc] GC(62581) Pause Young (Allocation Failure) 133M->133M(145M) 24.907ms
[2020-08-10T13:15:46.438+0300][1885.979s][info ][gc] GC(62582) Pause Young (Allocation Failure) 134M->134M(145M) 16.168ms
[2020-08-10T13:15:46.454+0300][1885.995s][info ][gc] GC(62583) Pause Young (Allocation Failure) 134M->134M(145M) 15.823ms
[2020-08-10T13:15:46.470+0300][1886.012s][info ][gc] GC(62584) Pause Young (Allocation Failure) 135M->135M(145M) 15.725ms
[2020-08-10T13:15:46.487+0300][1886.028s][info ][gc] GC(62585) Pause Young (Allocation Failure) 135M->135M(145M) 16.002ms
[2020-08-10T13:15:46.487+0300][1886.028s][debug][gc] Expanding ParOldGen from 146432K by 19968K to 166400K
[2020-08-10T13:15:46.510+0300][1886.051s][info ][gc] GC(62586) Pause Young (Allocation Failure) 155M->154M(164M) 14.990ms
[2020-08-10T13:15:46.538+0300][1886.079s][info ][gc] GC(62587) Pause Young (Allocation Failure) 155M->155M(163M) 27.108ms
[2020-08-10T13:15:46.551+0300][1886.093s][info ][gc] GC(62588) Pause Young (Allocation Failure) 155M->155M(164M) 13.557ms
[2020-08-10T13:15:46.569+0300][1886.110s][info ][gc] GC(62589) Pause Young (Allocation Failure) 156M->156M(164M) 17.050ms
[2020-08-10T13:15:46.583+0300][1886.124s][info ][gc] GC(62590) Pause Young (Allocation Failure) 156M->156M(164M) 13.815ms
[2020-08-10T13:15:46.598+0300][1886.139s][info ][gc] GC(62591) Pause Young (Allocation Failure) 157M->157M(164M) 14.608ms
[2020-08-10T13:15:46.612+0300][1886.153s][info ][gc] GC(62592) Pause Young (Allocation Failure) 157M->157M(164M) 13.635ms
[2020-08-10T13:15:46.626+0300][1886.167s][info ][gc] GC(62593) Pause Young (Allocation Failure) 158M->158M(164M) 13.433ms
[2020-08-10T13:15:46.639+0300][1886.181s][info ][gc] GC(62594) Pause Young (Allocation Failure) 158M->158M(164M) 13.377ms
[2020-08-10T13:15:46.654+0300][1886.195s][info ][gc] GC(62595) Pause Young (Allocation Failure) 159M->159M(164M) 13.687ms
[2020-08-10T13:15:46.668+0300][1886.209s][info ][gc] GC(62596) Pause Young (Allocation Failure) 159M->159M(164M) 13.786ms
[2020-08-10T13:15:46.691+0300][1886.232s][info ][gc] GC(62597) Pause Young (Allocation Failure) 160M->159M(164M) 22.919ms
[2020-08-10T13:15:46.705+0300][1886.246s][info ][gc] GC(62598) Pause Young (Allocation Failure) 160M->160M(164M) 13.763ms
[2020-08-10T13:15:46.722+0300][1886.263s][info ][gc] GC(62599) Pause Young (Allocation Failure) 160M->160M(164M) 16.207ms
[2020-08-10T13:15:46.736+0300][1886.277s][info ][gc] GC(62600) Pause Young (Allocation Failure) 161M->161M(164M) 13.667ms
[2020-08-10T13:15:46.755+0300][1886.296s][info ][gc] GC(62601) Pause Young (Allocation Failure) 161M->161M(164M) 18.930ms
[2020-08-10T13:15:46.772+0300][1886.313s][info ][gc] GC(62602) Pause Young (Allocation Failure) 162M->162M(164M) 16.102ms
[2020-08-10T13:15:46.788+0300][1886.329s][info ][gc] GC(62603) Pause Young (Allocation Failure) 162M->162M(164M) 16.078ms
[2020-08-10T13:15:46.845+0300][1886.386s][debug][gc] GC(62604) Shrinking ParOldGen from 166400K by 125440K to 40960K
[2020-08-10T13:15:46.845+0300][1886.386s][info ][gc] GC(62604) Pause Full (Ergonomics) 162M->28M(41M) 56.884ms
[2020-08-10T13:15:46.859+0300][1886.401s][info ][gc] GC(62605) Pause Young (Allocation Failure) 29M->29M(41M) 13.993ms
[2020-08-10T13:15:46.873+0300][1886.414s][info ][gc] GC(62606) Pause Young (Allocation Failure) 29M->29M(41M) 13.473ms
[2020-08-10T13:15:46.887+0300][1886.428s][info ][gc] GC(62607) Pause Young (Allocation Failure) 30M->30M(41M) 13.489ms
[2020-08-10T13:15:46.900+0300][1886.442s][info ][gc] GC(62608) Pause Young (Allocation Failure) 30M->30M(41M) 13.196ms
[2020-08-10T13:15:46.914+0300][1886.455s][info ][gc] GC(62609) Pause Young (Allocation Failure) 31M->31M(41M) 13.256ms
[2020-08-10T13:15:46.928+0300][1886.469s][info ][gc] GC(62610) Pause Young (Allocation Failure) 31M->31M(41M) 13.536ms
[2020-08-10T13:15:46.942+0300][1886.483s][info ][gc] GC(62611) Pause Young (Allocation Failure) 32M->32M(41M) 13.595ms
[2020-08-10T13:15:46.956+0300][1886.497s][info ][gc] GC(62612) Pause Young (Allocation Failure) 32M->32M(41M) 13.344ms
[2020-08-10T13:15:46.970+0300][1886.511s][info ][gc] GC(62613) Pause Young (Allocation Failure) 33M->33M(41M) 13.518ms
[2020-08-10T13:15:46.983+0300][1886.525s][info ][gc] GC(62614) Pause Young (Allocation Failure) 33M->33M(41M) 13.274ms
[2020-08-10T13:15:46.997+0300][1886.539s][info ][gc] GC(62615) Pause Young (Allocation Failure) 34M->34M(41M) 13.524ms
[2020-08-10T13:15:47.011+0300][1886.552s][info ][gc] GC(62616) Pause Young (Allocation Failure) 34M->34M(41M) 13.239ms
[2020-08-10T13:15:47.025+0300][1886.566s][info ][gc] GC(62617) Pause Young (Allocation Failure) 34M->34M(41M) 13.402ms
[2020-08-10T13:15:47.039+0300][1886.580s][info ][gc] GC(62618) Pause Young (Allocation Failure) 35M->35M(41M) 13.217ms
[2020-08-10T13:15:47.053+0300][1886.594s][info ][gc] GC(62619) Pause Young (Allocation Failure) 35M->35M(41M) 13.359ms
[2020-08-10T13:15:47.066+0300][1886.607s][info ][gc] GC(62620) Pause Young (Allocation Failure) 36M->36M(41M) 13.454ms
[2020-08-10T13:15:47.080+0300][1886.621s][info ][gc] GC(62621) Pause Young (Allocation Failure) 36M->36M(41M) 13.445ms
[2020-08-10T13:15:47.094+0300][1886.635s][info ][gc] GC(62622) Pause Young (Allocation Failure) 37M->37M(41M) 13.364ms
[2020-08-10T13:15:47.108+0300][1886.649s][info ][gc] GC(62623) Pause Young (Allocation Failure) 37M->37M(41M) 13.253ms
[2020-08-10T13:15:47.121+0300][1886.662s][info ][gc] GC(62624) Pause Young (Allocation Failure) 38M->38M(41M) 13.246ms
[2020-08-10T13:15:47.137+0300][1886.678s][info ][gc] GC(62625) Pause Young (Allocation Failure) 38M->38M(41M) 15.661ms
[2020-08-10T13:15:47.151+0300][1886.692s][info ][gc] GC(62626) Pause Young (Allocation Failure) 39M->38M(41M) 13.246ms
[2020-08-10T13:15:47.165+0300][1886.706s][info ][gc] GC(62627) Pause Young (Allocation Failure) 39M->39M(41M) 13.670ms
[2020-08-10T13:15:47.179+0300][1886.720s][info ][gc] GC(62628) Pause Young (Allocation Failure) 39M->39M(41M) 13.592ms
[2020-08-10T13:15:47.185+0300][1886.726s][debug][gc] GC(62629) Expanding ParOldGen from 40960K by 512K to 41472K
[2020-08-10T13:15:47.193+0300][1886.734s][info ][gc] GC(62629) Pause Young (Allocation Failure) 40M->40M(42M) 13.796ms
[2020-08-10T13:15:47.290+0300][1886.831s][debug][gc] GC(62630) Expanding ParOldGen from 41472K by 10752K to 52224K
[2020-08-10T13:15:47.290+0300][1886.831s][info ][gc] GC(62630) Pause Full (Ergonomics) 40M->40M(52M) 96.721ms
[2020-08-10T13:15:47.309+0300][1886.850s][info ][gc] GC(62631) Pause Young (Allocation Failure) 41M->41M(53M) 18.588ms
[2020-08-10T13:15:47.323+0300][1886.865s][info ][gc] GC(62632) Pause Young (Allocation Failure) 42M->42M(53M) 14.040ms
[2020-08-10T13:15:47.338+0300][1886.879s][info ][gc] GC(62633) Pause Young (Allocation Failure) 43M->43M(53M) 14.258ms
[2020-08-10T13:15:47.353+0300][1886.894s][info ][gc] GC(62634) Pause Young (Allocation Failure) 44M->44M(53M) 14.228ms
[2020-08-10T13:15:47.368+0300][1886.909s][info ][gc] GC(62635) Pause Young (Allocation Failure) 45M->45M(53M) 14.118ms
[2020-08-10T13:15:47.382+0300][1886.924s][info ][gc] GC(62636) Pause Young (Allocation Failure) 46M->46M(53M) 14.051ms
[2020-08-10T13:15:47.397+0300][1886.938s][info ][gc] GC(62637) Pause Young (Allocation Failure) 47M->47M(53M) 13.891ms
[2020-08-10T13:15:47.411+0300][1886.952s][info ][gc] GC(62638) Pause Young (Allocation Failure) 48M->48M(53M) 13.923ms
[2020-08-10T13:15:47.434+0300][1886.975s][info ][gc] GC(62639) Pause Young (Allocation Failure) 49M->49M(53M) 22.048ms
[2020-08-10T13:15:47.449+0300][1886.990s][info ][gc] GC(62640) Pause Young (Allocation Failure) 50M->49M(53M) 14.308ms
[2020-08-10T13:15:47.463+0300][1887.005s][info ][gc] GC(62641) Pause Young (Allocation Failure) 50M->50M(53M) 14.282ms
[2020-08-10T13:15:47.604+0300][1887.145s][debug][gc] GC(62642) Expanding ParOldGen from 52224K by 11776K to 64000K
[2020-08-10T13:15:47.604+0300][1887.145s][info ][gc] GC(62642) Pause Full (Ergonomics) 50M->50M(65M) 140.259ms
[2020-08-10T13:15:47.618+0300][1887.159s][info ][gc] GC(62643) Pause Young (Allocation Failure) 51M->51M(65M) 13.645ms
[2020-08-10T13:15:47.633+0300][1887.174s][info ][gc] GC(62644) Pause Young (Allocation Failure) 52M->52M(65M) 14.181ms
[2020-08-10T13:15:47.648+0300][1887.189s][info ][gc] GC(62645) Pause Young (Allocation Failure) 53M->53M(65M) 14.239ms
[2020-08-10T13:15:47.662+0300][1887.204s][info ][gc] GC(62646) Pause Young (Allocation Failure) 54M->54M(65M) 14.092ms
[2020-08-10T13:15:47.677+0300][1887.218s][info ][gc] GC(62647) Pause Young (Allocation Failure) 55M->55M(65M) 13.891ms
[2020-08-10T13:15:47.691+0300][1887.232s][info ][gc] GC(62648) Pause Young (Allocation Failure) 56M->56M(65M) 13.736ms
[2020-08-10T13:15:47.705+0300][1887.246s][info ][gc] GC(62649) Pause Young (Allocation Failure) 57M->57M(65M) 13.815ms
[2020-08-10T13:15:47.719+0300][1887.260s][info ][gc] GC(62650) Pause Young (Allocation Failure) 58M->58M(65M) 13.733ms
[2020-08-10T13:15:47.734+0300][1887.275s][info ][gc] GC(62651) Pause Young (Allocation Failure) 59M->59M(65M) 13.860ms
[2020-08-10T13:15:47.748+0300][1887.290s][info ][gc] GC(62652) Pause Young (Allocation Failure) 60M->60M(65M) 14.171ms
[2020-08-10T13:15:47.763+0300][1887.304s][info ][gc] GC(62653) Pause Young (Allocation Failure) 61M->61M(65M) 13.908ms
[2020-08-10T13:15:47.777+0300][1887.318s][info ][gc] GC(62654) Pause Young (Allocation Failure) 62M->62M(65M) 13.905ms
[2020-08-10T13:15:47.792+0300][1887.333s][info ][gc] GC(62655) Pause Young (Allocation Failure) 63M->63M(65M) 14.152ms
[2020-08-10T13:15:47.954+0300][1887.495s][debug][gc] GC(62656) Expanding ParOldGen from 64000K by 11264K to 75264K
[2020-08-10T13:15:47.954+0300][1887.495s][info ][gc] GC(62656) Pause Full (Ergonomics) 63M->62M(76M) 161.804ms
[2020-08-10T13:15:47.982+0300][1887.523s][info ][gc] GC(62657) Pause Young (Allocation Failure) 63M->63M(76M) 27.338ms
[2020-08-10T13:15:47.997+0300][1887.538s][info ][gc] GC(62658) Pause Young (Allocation Failure) 64M->64M(76M) 14.319ms
[2020-08-10T13:15:48.011+0300][1887.553s][info ][gc] GC(62659) Pause Young (Allocation Failure) 65M->65M(76M) 14.200ms
[2020-08-10T13:15:48.026+0300][1887.567s][info ][gc] GC(62660) Pause Young (Allocation Failure) 66M->66M(76M) 14.258ms
[2020-08-10T13:15:48.041+0300][1887.582s][info ][gc] GC(62661) Pause Young (Allocation Failure) 67M->67M(76M) 14.077ms
[2020-08-10T13:15:48.055+0300][1887.596s][info ][gc] GC(62662) Pause Young (Allocation Failure) 68M->68M(76M) 14.090ms
[2020-08-10T13:15:48.070+0300][1887.611s][info ][gc] GC(62663) Pause Young (Allocation Failure) 69M->69M(76M) 14.257ms
[2020-08-10T13:15:48.085+0300][1887.626s][info ][gc] GC(62664) Pause Young (Allocation Failure) 70M->70M(76M) 14.347ms
[2020-08-10T13:15:48.100+0300][1887.641s][info ][gc] GC(62665) Pause Young (Allocation Failure) 71M->71M(76M) 14.285ms
[2020-08-10T13:15:48.115+0300][1887.657s][info ][gc] GC(62666) Pause Young (Allocation Failure) 72M->72M(76M) 15.183ms
[2020-08-10T13:15:48.130+0300][1887.671s][info ][gc] GC(62667) Pause Young (Allocation Failure) 73M->73M(76M) 14.132ms
[2020-08-10T13:15:48.338+0300][1887.879s][debug][gc] GC(62668) Expanding ParOldGen from 75264K by 11264K to 86528K
[2020-08-10T13:15:48.338+0300][1887.879s][info ][gc] GC(62668) Pause Full (Ergonomics) 73M->73M(87M) 207.955ms
[2020-08-10T13:15:48.352+0300][1887.893s][info ][gc] GC(62669) Pause Young (Allocation Failure) 74M->74M(87M) 13.733ms
[2020-08-10T13:15:48.366+0300][1887.908s][info ][gc] GC(62670) Pause Young (Allocation Failure) 75M->75M(87M) 14.032ms
[2020-08-10T13:15:48.381+0300][1887.922s][info ][gc] GC(62671) Pause Young (Allocation Failure) 76M->76M(87M) 13.993ms
[2020-08-10T13:15:48.396+0300][1887.937s][info ][gc] GC(62672) Pause Young (Allocation Failure) 77M->77M(87M) 14.146ms
[2020-08-10T13:15:48.410+0300][1887.951s][info ][gc] GC(62673) Pause Young (Allocation Failure) 78M->78M(87M) 14.153ms
[2020-08-10T13:15:48.425+0300][1887.966s][info ][gc] GC(62674) Pause Young (Allocation Failure) 79M->79M(87M) 14.131ms
[2020-08-10T13:15:48.440+0300][1887.981s][info ][gc] GC(62675) Pause Young (Allocation Failure) 80M->79M(87M) 14.229ms
[2020-08-10T13:15:48.455+0300][1887.996s][info ][gc] GC(62676) Pause Young (Allocation Failure) 80M->80M(87M) 14.376ms
[2020-08-10T13:15:48.481+0300][1888.022s][info ][gc] GC(62677) Pause Young (Allocation Failure) 81M->81M(87M) 25.336ms
[2020-08-10T13:15:48.495+0300][1888.037s][info ][gc] GC(62678) Pause Young (Allocation Failure) 82M->82M(87M) 14.139ms
[2020-08-10T13:15:48.528+0300][1888.069s][info ][gc] GC(62679) Pause Young (Allocation Failure) 83M->83M(87M) 32.384ms
[2020-08-10T13:15:48.549+0300][1888.090s][info ][gc] GC(62680) Pause Young (Allocation Failure) 84M->84M(87M) 20.301ms
[2020-08-10T13:15:48.805+0300][1888.346s][debug][gc] GC(62681) Expanding ParOldGen from 86528K by 11264K to 97792K
[2020-08-10T13:15:48.805+0300][1888.346s][info ][gc] GC(62681) Pause Full (Ergonomics) 84M->84M(98M) 256.039ms
[2020-08-10T13:15:48.838+0300][1888.379s][info ][gc] GC(62682) Pause Young (Allocation Failure) 85M->85M(98M) 31.934ms
[2020-08-10T13:15:48.853+0300][1888.394s][info ][gc] GC(62683) Pause Young (Allocation Failure) 86M->86M(98M) 14.978ms
[2020-08-10T13:15:48.869+0300][1888.410s][info ][gc] GC(62684) Pause Young (Allocation Failure) 87M->87M(98M) 15.036ms
[2020-08-10T13:15:48.884+0300][1888.425s][info ][gc] GC(62685) Pause Young (Allocation Failure) 88M->88M(98M) 14.912ms
[2020-08-10T13:15:48.905+0300][1888.447s][info ][gc] GC(62686) Pause Young (Allocation Failure) 89M->89M(98M) 20.726ms
[2020-08-10T13:15:48.921+0300][1888.462s][info ][gc] GC(62687) Pause Young (Allocation Failure) 90M->90M(98M) 15.079ms
[2020-08-10T13:15:48.937+0300][1888.478s][info ][gc] GC(62688) Pause Young (Allocation Failure) 91M->91M(98M) 14.943ms
[2020-08-10T13:15:48.952+0300][1888.494s][info ][gc] GC(62689) Pause Young (Allocation Failure) 92M->92M(98M) 15.308ms
[2020-08-10T13:15:48.978+0300][1888.519s][info ][gc] GC(62690) Pause Young (Allocation Failure) 93M->93M(98M) 24.689ms
[2020-08-10T13:15:49.006+0300][1888.547s][info ][gc] GC(62691) Pause Young (Allocation Failure) 94M->94M(98M) 27.804ms
[2020-08-10T13:15:49.022+0300][1888.563s][info ][gc] GC(62692) Pause Young (Allocation Failure) 95M->95M(98M) 15.466ms
[2020-08-10T13:15:49.038+0300][1888.579s][info ][gc] GC(62693) Pause Young (Allocation Failure) 96M->96M(98M) 15.865ms
[2020-08-10T13:15:49.348+0300][1888.889s][debug][gc] GC(62694) Expanding ParOldGen from 97792K by 11776K to 109568K
[2020-08-10T13:15:49.348+0300][1888.889s][info ][gc] GC(62694) Pause Full (Ergonomics) 96M->95M(109M) 309.765ms
[2020-08-10T13:15:49.399+0300][1888.940s][info ][gc] GC(62695) Pause Young (Allocation Failure) 96M->96M(109M) 50.596ms
[2020-08-10T13:15:49.415+0300][1888.957s][info ][gc] GC(62696) Pause Young (Allocation Failure) 97M->97M(109M) 15.677ms
[2020-08-10T13:15:49.431+0300][1888.973s][info ][gc] GC(62697) Pause Young (Allocation Failure) 98M->98M(109M) 15.653ms
[2020-08-10T13:15:49.459+0300][1889.001s][info ][gc] GC(62698) Pause Young (Allocation Failure) 99M->99M(109M) 27.506ms
[2020-08-10T13:15:49.477+0300][1889.018s][info ][gc] GC(62699) Pause Young (Allocation Failure) 100M->100M(109M) 16.514ms
[2020-08-10T13:15:49.501+0300][1889.042s][info ][gc] GC(62700) Pause Young (Allocation Failure) 101M->101M(109M) 24.058ms
[2020-08-10T13:15:49.518+0300][1889.059s][info ][gc] GC(62701) Pause Young (Allocation Failure) 102M->102M(109M) 16.184ms
[2020-08-10T13:15:49.540+0300][1889.081s][info ][gc] GC(62702) Pause Young (Allocation Failure) 103M->103M(109M) 21.445ms
[2020-08-10T13:15:49.557+0300][1889.098s][info ][gc] GC(62703) Pause Young (Allocation Failure) 104M->104M(109M) 16.388ms
[2020-08-10T13:15:49.580+0300][1889.121s][info ][gc] GC(62704) Pause Young (Allocation Failure) 105M->105M(109M) 22.781ms
[2020-08-10T13:15:49.596+0300][1889.138s][info ][gc] GC(62705) Pause Young (Allocation Failure) 106M->106M(109M) 16.429ms
[2020-08-10T13:15:49.614+0300][1889.155s][info ][gc] GC(62706) Pause Young (Allocation Failure) 107M->107M(109M) 16.737ms
[2020-08-10T13:15:49.974+0300][1889.515s][debug][gc] GC(62707) Expanding ParOldGen from 109568K by 11264K to 120832K
[2020-08-10T13:15:49.974+0300][1889.515s][info ][gc] GC(62707) Pause Full (Ergonomics) 107M->107M(120M) 360.016ms
[2020-08-10T13:15:50.024+0300][1889.566s][info ][gc] GC(62708) Pause Young (Allocation Failure) 108M->108M(120M) 49.968ms
[2020-08-10T13:15:50.041+0300][1889.583s][info ][gc] GC(62709) Pause Young (Allocation Failure) 109M->109M(120M) 16.565ms
[2020-08-10T13:15:50.059+0300][1889.600s][info ][gc] GC(62710) Pause Young (Allocation Failure) 110M->110M(120M) 16.766ms
[2020-08-10T13:15:50.076+0300][1889.617s][info ][gc] GC(62711) Pause Young (Allocation Failure) 111M->110M(120M) 17.107ms
[2020-08-10T13:15:50.093+0300][1889.634s][info ][gc] GC(62712) Pause Young (Allocation Failure) 111M->111M(120M) 16.623ms
[2020-08-10T13:15:50.110+0300][1889.652s][info ][gc] GC(62713) Pause Young (Allocation Failure) 112M->112M(120M) 17.001ms
[2020-08-10T13:15:50.128+0300][1889.670s][info ][gc] GC(62714) Pause Young (Allocation Failure) 113M->113M(120M) 16.918ms
[2020-08-10T13:15:50.158+0300][1889.699s][info ][gc] GC(62715) Pause Young (Allocation Failure) 114M->114M(120M) 29.056ms
[2020-08-10T13:15:50.175+0300][1889.717s][info ][gc] GC(62716) Pause Young (Allocation Failure) 115M->115M(120M) 17.226ms
[2020-08-10T13:15:50.202+0300][1889.744s][info ][gc] GC(62717) Pause Young (Allocation Failure) 116M->116M(120M) 26.485ms
[2020-08-10T13:15:50.230+0300][1889.771s][info ][gc] GC(62718) Pause Young (Allocation Failure) 117M->117M(120M) 27.130ms
[2020-08-10T13:15:50.258+0300][1889.799s][info ][gc] GC(62719) Pause Young (Allocation Failure) 118M->118M(120M) 27.382ms
[2020-08-10T13:15:50.625+0300][1890.166s][debug][gc] GC(62720) Expanding ParOldGen from 120832K by 11264K to 132096K
[2020-08-10T13:15:50.625+0300][1890.166s][info ][gc] GC(62720) Pause Full (Ergonomics) 118M->118M(131M) 366.981ms
[2020-08-10T13:15:50.684+0300][1890.225s][info ][gc] GC(62721) Pause Young (Allocation Failure) 119M->119M(131M) 36.307ms
[2020-08-10T13:15:50.713+0300][1890.254s][info ][gc] GC(62722) Pause Young (Allocation Failure) 120M->120M(130M) 28.483ms
[2020-08-10T13:15:50.730+0300][1890.271s][info ][gc] GC(62723) Pause Young (Allocation Failure) 120M->120M(131M) 16.953ms
[2020-08-10T13:15:50.750+0300][1890.291s][info ][gc] GC(62724) Pause Young (Allocation Failure) 121M->121M(131M) 19.409ms
[2020-08-10T13:15:50.769+0300][1890.310s][info ][gc] GC(62725) Pause Young (Allocation Failure) 121M->121M(131M) 18.541ms
[2020-08-10T13:15:50.788+0300][1890.329s][info ][gc] GC(62726) Pause Young (Allocation Failure) 122M->122M(131M) 18.613ms
[2020-08-10T13:15:50.807+0300][1890.348s][info ][gc] GC(62727) Pause Young (Allocation Failure) 122M->122M(131M) 19.110ms
[2020-08-10T13:15:50.826+0300][1890.368s][info ][gc] GC(62728) Pause Young (Allocation Failure) 123M->123M(131M) 19.160ms
[2020-08-10T13:15:50.842+0300][1890.383s][info ][gc] GC(62729) Pause Young (Allocation Failure) 123M->123M(131M) 15.287ms
[2020-08-10T13:15:50.862+0300][1890.403s][info ][gc] GC(62730) Pause Young (Allocation Failure) 124M->124M(131M) 19.280ms
[2020-08-10T13:15:50.878+0300][1890.419s][info ][gc] GC(62731) Pause Young (Allocation Failure) 124M->124M(131M) 15.656ms
[2020-08-10T13:15:50.899+0300][1890.440s][info ][gc] GC(62732) Pause Young (Allocation Failure) 125M->124M(131M) 20.496ms
[2020-08-10T13:15:50.919+0300][1890.460s][info ][gc] GC(62733) Pause Young (Allocation Failure) 125M->125M(131M) 20.183ms
[2020-08-10T13:15:50.939+0300][1890.480s][info ][gc] GC(62734) Pause Young (Allocation Failure) 125M->125M(131M) 19.362ms
[2020-08-10T13:15:50.955+0300][1890.496s][info ][gc] GC(62735) Pause Young (Allocation Failure) 126M->126M(131M) 15.766ms
[2020-08-10T13:15:50.973+0300][1890.515s][info ][gc] GC(62736) Pause Young (Allocation Failure) 126M->126M(131M) 18.308ms
[2020-08-10T13:15:50.991+0300][1890.532s][info ][gc] GC(62737) Pause Young (Allocation Failure) 127M->127M(131M) 17.128ms
[2020-08-10T13:15:51.007+0300][1890.548s][info ][gc] GC(62738) Pause Young (Allocation Failure) 127M->127M(131M) 15.727ms
[2020-08-10T13:15:51.023+0300][1890.564s][info ][gc] GC(62739) Pause Young (Allocation Failure) 128M->128M(130M) 15.745ms
[2020-08-10T13:15:51.039+0300][1890.580s][info ][gc] GC(62740) Pause Young (Allocation Failure) 128M->128M(130M) 15.605ms
[2020-08-10T13:15:51.506+0300][1891.048s][debug][gc] GC(62741) Expanding ParOldGen from 132096K by 10752K to 142848K
[2020-08-10T13:15:51.506+0300][1891.048s][info ][gc] GC(62741) Pause Full (Ergonomics) 128M->128M(141M) 467.348ms
[2020-08-10T13:15:51.523+0300][1891.065s][info ][gc] GC(62742) Pause Young (Allocation Failure) 128M->128M(141M) 16.749ms
[2020-08-10T13:15:51.539+0300][1891.081s][info ][gc] GC(62743) Pause Young (Allocation Failure) 129M->129M(141M) 15.790ms
[2020-08-10T13:15:51.556+0300][1891.097s][info ][gc] GC(62744) Pause Young (Allocation Failure) 129M->129M(141M) 15.824ms
[2020-08-10T13:15:51.575+0300][1891.116s][info ][gc] GC(62745) Pause Young (Allocation Failure) 130M->130M(141M) 18.648ms
[2020-08-10T13:15:51.590+0300][1891.132s][info ][gc] GC(62746) Pause Young (Allocation Failure) 130M->130M(141M) 15.322ms
[2020-08-10T13:15:51.606+0300][1891.148s][info ][gc] GC(62747) Pause Young (Allocation Failure) 131M->131M(141M) 15.583ms
[2020-08-10T13:15:51.622+0300][1891.163s][info ][gc] GC(62748) Pause Young (Allocation Failure) 131M->131M(141M) 15.575ms
[2020-08-10T13:15:51.655+0300][1891.196s][info ][gc] GC(62749) Pause Young (Allocation Failure) 132M->132M(141M) 32.388ms
[2020-08-10T13:15:51.679+0300][1891.221s][info ][gc] GC(62750) Pause Young (Allocation Failure) 132M->132M(141M) 24.279ms
[2020-08-10T13:15:51.696+0300][1891.237s][info ][gc] GC(62751) Pause Young (Allocation Failure) 133M->133M(141M) 16.181ms
[2020-08-10T13:15:51.715+0300][1891.256s][info ][gc] GC(62752) Pause Young (Allocation Failure) 133M->133M(141M) 18.272ms
[2020-08-10T13:15:51.737+0300][1891.278s][info ][gc] GC(62753) Pause Young (Allocation Failure) 134M->133M(141M) 21.916ms
[2020-08-10T13:15:51.756+0300][1891.298s][info ][gc] GC(62754) Pause Young (Allocation Failure) 134M->134M(141M) 19.120ms
[2020-08-10T13:15:51.779+0300][1891.320s][info ][gc] GC(62755) Pause Young (Allocation Failure) 134M->134M(141M) 22.038ms
[2020-08-10T13:15:51.803+0300][1891.345s][info ][gc] GC(62756) Pause Young (Allocation Failure) 135M->135M(141M) 24.390ms
[2020-08-10T13:15:51.804+0300][1891.345s][debug][gc] Expanding ParOldGen from 142848K by 19968K to 162816K
[2020-08-10T13:15:51.830+0300][1891.372s][info ][gc] GC(62757) Pause Young (Allocation Failure) 154M->154M(160M) 17.848ms
[2020-08-10T13:15:51.847+0300][1891.388s][info ][gc] GC(62758) Pause Young (Allocation Failure) 155M->155M(160M) 16.082ms
[2020-08-10T13:15:51.861+0300][1891.402s][info ][gc] GC(62759) Pause Young (Allocation Failure) 155M->155M(160M) 13.579ms
[2020-08-10T13:15:51.885+0300][1891.426s][info ][gc] GC(62760) Pause Young (Allocation Failure) 156M->156M(160M) 23.868ms
[2020-08-10T13:15:51.899+0300][1891.440s][info ][gc] GC(62761) Pause Young (Allocation Failure) 156M->156M(160M) 13.567ms
[2020-08-10T13:15:51.924+0300][1891.465s][info ][gc] GC(62762) Pause Young (Allocation Failure) 157M->157M(160M) 24.050ms
[2020-08-10T13:15:51.938+0300][1891.479s][info ][gc] GC(62763) Pause Young (Allocation Failure) 157M->157M(160M) 13.738ms
[2020-08-10T13:15:51.952+0300][1891.493s][info ][gc] GC(62764) Pause Young (Allocation Failure) 158M->158M(160M) 13.558ms
[2020-08-10T13:15:51.966+0300][1891.507s][info ][gc] GC(62765) Pause Young (Allocation Failure) 158M->158M(160M) 13.866ms
[2020-08-10T13:15:51.980+0300][1891.521s][info ][gc] GC(62766) Pause Young (Allocation Failure) 159M->159M(160M) 13.621ms
[2020-08-10T13:15:52.034+0300][1891.576s][debug][gc] GC(62767) Shrinking ParOldGen from 162816K by 125952K to 36864K
[2020-08-10T13:15:52.034+0300][1891.576s][info ][gc] GC(62767) Pause Full (Ergonomics) 159M->25M(37M) 54.109ms
[2020-08-10T13:15:52.048+0300][1891.589s][info ][gc] GC(62768) Pause Young (Allocation Failure) 25M->25M(37M) 13.409ms
[2020-08-10T13:15:52.062+0300][1891.603s][info ][gc] GC(62769) Pause Young (Allocation Failure) 26M->26M(37M) 13.420ms
[2020-08-10T13:15:52.075+0300][1891.617s][info ][gc] GC(62770) Pause Young (Allocation Failure) 26M->26M(37M) 13.300ms
[2020-08-10T13:15:52.089+0300][1891.631s][info ][gc] GC(62771) Pause Young (Allocation Failure) 27M->27M(37M) 13.849ms
[2020-08-10T13:15:52.103+0300][1891.645s][info ][gc] GC(62772) Pause Young (Allocation Failure) 27M->27M(37M) 13.623ms
[2020-08-10T13:15:52.119+0300][1891.661s][info ][gc] GC(62773) Pause Young (Allocation Failure) 28M->27M(37M) 15.495ms
[2020-08-10T13:15:52.133+0300][1891.675s][info ][gc] GC(62774) Pause Young (Allocation Failure) 28M->28M(37M) 13.406ms
[2020-08-10T13:15:52.148+0300][1891.689s][info ][gc] GC(62775) Pause Young (Allocation Failure) 28M->28M(37M) 13.756ms
[2020-08-10T13:15:52.162+0300][1891.703s][info ][gc] GC(62776) Pause Young (Allocation Failure) 29M->29M(37M) 13.522ms
[2020-08-10T13:15:52.175+0300][1891.717s][info ][gc] GC(62777) Pause Young (Allocation Failure) 29M->29M(37M) 13.419ms
[2020-08-10T13:15:52.189+0300][1891.730s][info ][gc] GC(62778) Pause Young (Allocation Failure) 30M->30M(37M) 13.397ms
[2020-08-10T13:15:52.203+0300][1891.745s][info ][gc] GC(62779) Pause Young (Allocation Failure) 30M->30M(37M) 13.601ms
[2020-08-10T13:15:52.217+0300][1891.758s][info ][gc] GC(62780) Pause Young (Allocation Failure) 31M->31M(37M) 13.418ms
[2020-08-10T13:15:52.231+0300][1891.772s][info ][gc] GC(62781) Pause Young (Allocation Failure) 31M->31M(37M) 13.202ms
[2020-08-10T13:15:52.245+0300][1891.787s][info ][gc] GC(62782) Pause Young (Allocation Failure) 32M->32M(37M) 14.192ms
[2020-08-10T13:15:52.276+0300][1891.818s][info ][gc] GC(62783) Pause Young (Allocation Failure) 32M->32M(37M) 30.546ms
[2020-08-10T13:15:52.290+0300][1891.831s][info ][gc] GC(62784) Pause Young (Allocation Failure) 33M->33M(37M) 13.468ms
[2020-08-10T13:15:52.304+0300][1891.845s][info ][gc] GC(62785) Pause Young (Allocation Failure) 33M->33M(37M) 13.399ms
[2020-08-10T13:15:52.317+0300][1891.859s][info ][gc] GC(62786) Pause Young (Allocation Failure) 33M->33M(37M) 13.233ms
[2020-08-10T13:15:52.331+0300][1891.873s][info ][gc] GC(62787) Pause Young (Allocation Failure) 34M->34M(37M) 13.584ms
[2020-08-10T13:15:52.357+0300][1891.899s][info ][gc] GC(62788) Pause Young (Allocation Failure) 34M->34M(37M) 25.925ms
[2020-08-10T13:15:52.372+0300][1891.914s][info ][gc] GC(62789) Pause Young (Allocation Failure) 35M->35M(37M) 14.023ms
[2020-08-10T13:15:52.387+0300][1891.928s][info ][gc] GC(62790) Pause Young (Allocation Failure) 36M->36M(38M) 13.861ms
[2020-08-10T13:15:52.457+0300][1891.998s][debug][gc] GC(62791) Expanding ParOldGen from 36864K by 10752K to 47616K
[2020-08-10T13:15:52.457+0300][1891.998s][info ][gc] GC(62791) Pause Full (Ergonomics) 36M->36M(48M) 69.967ms
[2020-08-10T13:15:52.475+0300][1892.016s][info ][gc] GC(62792) Pause Young (Allocation Failure) 37M->37M(48M) 17.511ms
[2020-08-10T13:15:52.489+0300][1892.030s][info ][gc] GC(62793) Pause Young (Allocation Failure) 38M->38M(49M) 13.887ms
[2020-08-10T13:15:52.503+0300][1892.045s][info ][gc] GC(62794) Pause Young (Allocation Failure) 39M->39M(49M) 13.869ms
[2020-08-10T13:15:52.518+0300][1892.059s][info ][gc] GC(62795) Pause Young (Allocation Failure) 40M->40M(49M) 14.284ms
[2020-08-10T13:15:52.543+0300][1892.084s][info ][gc] GC(62796) Pause Young (Allocation Failure) 41M->41M(49M) 24.292ms
[2020-08-10T13:15:52.563+0300][1892.105s][info ][gc] GC(62797) Pause Young (Allocation Failure) 42M->42M(49M) 19.937ms
[2020-08-10T13:15:52.582+0300][1892.124s][info ][gc] GC(62798) Pause Young (Allocation Failure) 43M->43M(49M) 18.501ms
[2020-08-10T13:15:52.597+0300][1892.139s][info ][gc] GC(62799) Pause Young (Allocation Failure) 44M->43M(49M) 14.020ms
[2020-08-10T13:15:52.612+0300][1892.153s][info ][gc] GC(62800) Pause Young (Allocation Failure) 44M->44M(49M) 14.124ms
[2020-08-10T13:15:52.629+0300][1892.170s][info ][gc] GC(62801) Pause Young (Allocation Failure) 45M->45M(49M) 16.256ms
[2020-08-10T13:15:52.644+0300][1892.185s][info ][gc] GC(62802) Pause Young (Allocation Failure) 46M->46M(49M) 14.376ms
[2020-08-10T13:15:52.753+0300][1892.294s][debug][gc] GC(62803) Expanding ParOldGen from 47616K by 11264K to 58880K
[2020-08-10T13:15:52.753+0300][1892.294s][info ][gc] GC(62803) Pause Full (Ergonomics) 46M->46M(60M) 108.901ms
[2020-08-10T13:15:52.774+0300][1892.315s][info ][gc] GC(62804) Pause Young (Allocation Failure) 47M->47M(60M) 20.510ms
[2020-08-10T13:15:52.789+0300][1892.330s][info ][gc] GC(62805) Pause Young (Allocation Failure) 48M->48M(60M) 14.324ms
[2020-08-10T13:15:52.804+0300][1892.345s][info ][gc] GC(62806) Pause Young (Allocation Failure) 49M->49M(60M) 14.443ms
[2020-08-10T13:15:52.819+0300][1892.360s][info ][gc] GC(62807) Pause Young (Allocation Failure) 50M->50M(60M) 14.491ms
[2020-08-10T13:15:52.833+0300][1892.375s][info ][gc] GC(62808) Pause Young (Allocation Failure) 51M->51M(60M) 13.893ms
[2020-08-10T13:15:52.848+0300][1892.389s][info ][gc] GC(62809) Pause Young (Allocation Failure) 52M->52M(60M) 14.160ms
[2020-08-10T13:15:52.874+0300][1892.415s][info ][gc] GC(62810) Pause Young (Allocation Failure) 53M->53M(60M) 24.982ms
[2020-08-10T13:15:52.888+0300][1892.430s][info ][gc] GC(62811) Pause Young (Allocation Failure) 54M->54M(60M) 14.308ms
[2020-08-10T13:15:52.903+0300][1892.444s][info ][gc] GC(62812) Pause Young (Allocation Failure) 55M->55M(60M) 14.149ms
[2020-08-10T13:15:52.917+0300][1892.459s][info ][gc] GC(62813) Pause Young (Allocation Failure) 56M->55M(60M) 13.940ms
[2020-08-10T13:15:52.932+0300][1892.473s][info ][gc] GC(62814) Pause Young (Allocation Failure) 56M->56M(60M) 14.019ms
[2020-08-10T13:15:52.946+0300][1892.488s][info ][gc] GC(62815) Pause Young (Allocation Failure) 57M->57M(60M) 13.866ms
[2020-08-10T13:15:53.120+0300][1892.661s][debug][gc] GC(62816) Expanding ParOldGen from 58880K by 11776K to 70656K
[2020-08-10T13:15:53.120+0300][1892.661s][info ][gc] GC(62816) Pause Full (Ergonomics) 57M->57M(71M) 173.832ms
[2020-08-10T13:15:53.144+0300][1892.686s][info ][gc] GC(62817) Pause Young (Allocation Failure) 58M->58M(71M) 23.857ms
[2020-08-10T13:15:53.160+0300][1892.701s][info ][gc] GC(62818) Pause Young (Allocation Failure) 59M->59M(71M) 14.760ms
[2020-08-10T13:15:53.175+0300][1892.716s][info ][gc] GC(62819) Pause Young (Allocation Failure) 60M->60M(71M) 14.615ms
[2020-08-10T13:15:53.190+0300][1892.732s][info ][gc] GC(62820) Pause Young (Allocation Failure) 61M->61M(71M) 14.837ms
[2020-08-10T13:15:53.205+0300][1892.747s][info ][gc] GC(62821) Pause Young (Allocation Failure) 62M->62M(71M) 14.224ms
[2020-08-10T13:15:53.220+0300][1892.762s][info ][gc] GC(62822) Pause Young (Allocation Failure) 63M->63M(71M) 14.512ms
[2020-08-10T13:15:53.235+0300][1892.777s][info ][gc] GC(62823) Pause Young (Allocation Failure) 64M->64M(71M) 14.269ms
[2020-08-10T13:15:53.251+0300][1892.792s][info ][gc] GC(62824) Pause Young (Allocation Failure) 65M->65M(71M) 14.558ms
[2020-08-10T13:15:53.265+0300][1892.807s][info ][gc] GC(62825) Pause Young (Allocation Failure) 66M->66M(71M) 14.300ms
[2020-08-10T13:15:53.280+0300][1892.821s][info ][gc] GC(62826) Pause Young (Allocation Failure) 67M->67M(71M) 14.083ms
[2020-08-10T13:15:53.295+0300][1892.836s][info ][gc] GC(62827) Pause Young (Allocation Failure) 68M->68M(71M) 14.406ms
[2020-08-10T13:15:53.310+0300][1892.851s][info ][gc] GC(62828) Pause Young (Allocation Failure) 69M->69M(71M) 14.222ms
[2020-08-10T13:15:53.535+0300][1893.076s][debug][gc] GC(62829) Expanding ParOldGen from 70656K by 11776K to 82432K
[2020-08-10T13:15:53.535+0300][1893.076s][info ][gc] GC(62829) Pause Full (Ergonomics) 69M->68M(83M) 225.044ms
[2020-08-10T13:15:53.549+0300][1893.090s][info ][gc] GC(62830) Pause Young (Allocation Failure) 69M->69M(83M) 13.418ms
[2020-08-10T13:15:53.563+0300][1893.104s][info ][gc] GC(62831) Pause Young (Allocation Failure) 70M->70M(83M) 13.833ms
[2020-08-10T13:15:53.588+0300][1893.130s][info ][gc] GC(62832) Pause Young (Allocation Failure) 71M->71M(83M) 24.737ms
[2020-08-10T13:15:53.603+0300][1893.144s][info ][gc] GC(62833) Pause Young (Allocation Failure) 72M->72M(83M) 14.113ms
[2020-08-10T13:15:53.617+0300][1893.158s][info ][gc] GC(62834) Pause Young (Allocation Failure) 73M->73M(83M) 14.056ms
[2020-08-10T13:15:53.642+0300][1893.184s][info ][gc] GC(62835) Pause Young (Allocation Failure) 74M->74M(83M) 24.940ms
[2020-08-10T13:15:53.657+0300][1893.199s][info ][gc] GC(62836) Pause Young (Allocation Failure) 75M->75M(83M) 14.371ms
[2020-08-10T13:15:53.672+0300][1893.213s][info ][gc] GC(62837) Pause Young (Allocation Failure) 76M->76M(83M) 13.929ms
[2020-08-10T13:15:53.686+0300][1893.228s][info ][gc] GC(62838) Pause Young (Allocation Failure) 77M->77M(83M) 13.817ms
[2020-08-10T13:15:53.700+0300][1893.242s][info ][gc] GC(62839) Pause Young (Allocation Failure) 78M->78M(83M) 13.881ms
[2020-08-10T13:15:53.727+0300][1893.269s][info ][gc] GC(62840) Pause Young (Allocation Failure) 79M->79M(83M) 25.909ms
[2020-08-10T13:15:53.742+0300][1893.283s][info ][gc] GC(62841) Pause Young (Allocation Failure) 80M->80M(83M) 14.010ms
[2020-08-10T13:15:53.980+0300][1893.522s][debug][gc] GC(62842) Expanding ParOldGen from 82432K by 11264K to 93696K
[2020-08-10T13:15:53.980+0300][1893.522s][info ][gc] GC(62842) Pause Full (Ergonomics) 80M->80M(94M) 238.478ms
[2020-08-10T13:15:53.995+0300][1893.537s][info ][gc] GC(62843) Pause Young (Allocation Failure) 81M->81M(94M) 14.416ms
[2020-08-10T13:15:54.010+0300][1893.551s][info ][gc] GC(62844) Pause Young (Allocation Failure) 82M->82M(94M) 14.102ms
[2020-08-10T13:15:54.024+0300][1893.566s][info ][gc] GC(62845) Pause Young (Allocation Failure) 83M->83M(94M) 14.111ms
[2020-08-10T13:15:54.040+0300][1893.581s][info ][gc] GC(62846) Pause Young (Allocation Failure) 84M->84M(94M) 14.977ms
[2020-08-10T13:15:54.055+0300][1893.597s][info ][gc] GC(62847) Pause Young (Allocation Failure) 85M->84M(94M) 14.997ms
[2020-08-10T13:15:54.070+0300][1893.612s][info ][gc] GC(62848) Pause Young (Allocation Failure) 85M->85M(94M) 14.417ms
[2020-08-10T13:15:54.085+0300][1893.627s][info ][gc] GC(62849) Pause Young (Allocation Failure) 86M->86M(94M) 14.309ms
[2020-08-10T13:15:54.101+0300][1893.642s][info ][gc] GC(62850) Pause Young (Allocation Failure) 87M->87M(94M) 14.382ms
[2020-08-10T13:15:54.116+0300][1893.657s][info ][gc] GC(62851) Pause Young (Allocation Failure) 88M->88M(94M) 14.530ms
[2020-08-10T13:15:54.131+0300][1893.672s][info ][gc] GC(62852) Pause Young (Allocation Failure) 89M->89M(94M) 14.762ms
[2020-08-10T13:15:54.146+0300][1893.688s][info ][gc] GC(62853) Pause Young (Allocation Failure) 90M->90M(94M) 14.937ms
[2020-08-10T13:15:54.162+0300][1893.703s][info ][gc] GC(62854) Pause Young (Allocation Failure) 91M->91M(94M) 14.829ms
[2020-08-10T13:15:54.396+0300][1893.938s][debug][gc] GC(62855) Expanding ParOldGen from 93696K by 11264K to 104960K
[2020-08-10T13:15:54.396+0300][1893.938s][info ][gc] GC(62855) Pause Full (Ergonomics) 91M->91M(105M) 234.716ms
[2020-08-10T13:15:54.431+0300][1893.973s][info ][gc] GC(62856) Pause Young (Allocation Failure) 92M->92M(105M) 34.202ms
[2020-08-10T13:15:54.447+0300][1893.989s][info ][gc] GC(62857) Pause Young (Allocation Failure) 93M->93M(105M) 15.514ms
[2020-08-10T13:15:54.463+0300][1894.005s][info ][gc] GC(62858) Pause Young (Allocation Failure) 94M->94M(105M) 15.577ms
[2020-08-10T13:15:54.479+0300][1894.021s][info ][gc] GC(62859) Pause Young (Allocation Failure) 95M->95M(105M) 15.651ms
[2020-08-10T13:15:54.507+0300][1894.049s][info ][gc] GC(62860) Pause Young (Allocation Failure) 96M->96M(105M) 27.802ms
[2020-08-10T13:15:54.533+0300][1894.075s][info ][gc] GC(62861) Pause Young (Allocation Failure) 97M->97M(105M) 25.631ms
[2020-08-10T13:15:54.558+0300][1894.099s][info ][gc] GC(62862) Pause Young (Allocation Failure) 98M->98M(105M) 23.443ms
[2020-08-10T13:15:54.575+0300][1894.116s][info ][gc] GC(62863) Pause Young (Allocation Failure) 99M->99M(105M) 16.662ms
[2020-08-10T13:15:54.592+0300][1894.133s][info ][gc] GC(62864) Pause Young (Allocation Failure) 100M->100M(105M) 16.485ms
[2020-08-10T13:15:54.609+0300][1894.150s][info ][gc] GC(62865) Pause Young (Allocation Failure) 101M->101M(105M) 16.291ms
[2020-08-10T13:15:54.628+0300][1894.170s][info ][gc] GC(62866) Pause Young (Allocation Failure) 102M->102M(105M) 19.291ms
[2020-08-10T13:15:54.645+0300][1894.187s][info ][gc] GC(62867) Pause Young (Allocation Failure) 103M->102M(104M) 16.568ms
[2020-08-10T13:15:54.988+0300][1894.530s][debug][gc] GC(62868) Expanding ParOldGen from 104960K by 11264K to 116224K
[2020-08-10T13:15:54.989+0300][1894.530s][info ][gc] GC(62868) Pause Full (Ergonomics) 102M->102M(115M) 343.364ms
[2020-08-10T13:15:55.026+0300][1894.567s][info ][gc] GC(62869) Pause Young (Allocation Failure) 103M->103M(115M) 36.585ms
[2020-08-10T13:15:55.049+0300][1894.590s][info ][gc] GC(62870) Pause Young (Allocation Failure) 104M->104M(115M) 22.562ms
[2020-08-10T13:15:55.066+0300][1894.608s][info ][gc] GC(62871) Pause Young (Allocation Failure) 105M->105M(115M) 16.630ms
[2020-08-10T13:15:55.084+0300][1894.625s][info ][gc] GC(62872) Pause Young (Allocation Failure) 106M->106M(115M) 17.205ms
[2020-08-10T13:15:55.108+0300][1894.649s][info ][gc] GC(62873) Pause Young (Allocation Failure) 107M->107M(115M) 23.299ms
[2020-08-10T13:15:55.125+0300][1894.667s][info ][gc] GC(62874) Pause Young (Allocation Failure) 108M->108M(115M) 16.670ms
[2020-08-10T13:15:55.142+0300][1894.684s][info ][gc] GC(62875) Pause Young (Allocation Failure) 109M->109M(115M) 16.743ms
[2020-08-10T13:15:55.160+0300][1894.701s][info ][gc] GC(62876) Pause Young (Allocation Failure) 110M->110M(115M) 17.223ms
[2020-08-10T13:15:55.178+0300][1894.719s][info ][gc] GC(62877) Pause Young (Allocation Failure) 111M->111M(115M) 17.345ms
[2020-08-10T13:15:55.195+0300][1894.736s][info ][gc] GC(62878) Pause Young (Allocation Failure) 112M->112M(115M) 16.774ms
[2020-08-10T13:15:55.212+0300][1894.754s][info ][gc] GC(62879) Pause Young (Allocation Failure) 113M->113M(115M) 16.885ms
[2020-08-10T13:15:55.230+0300][1894.771s][info ][gc] GC(62880) Pause Young (Allocation Failure) 114M->114M(115M) 17.264ms
[2020-08-10T13:15:55.526+0300][1895.068s][debug][gc] GC(62881) Expanding ParOldGen from 116224K by 11264K to 127488K
[2020-08-10T13:15:55.526+0300][1895.068s][info ][gc] GC(62881) Pause Full (Ergonomics) 114M->114M(126M) 296.657ms
[2020-08-10T13:15:55.560+0300][1895.102s][info ][gc] GC(62882) Pause Young (Allocation Failure) 115M->115M(126M) 33.521ms
[2020-08-10T13:15:55.584+0300][1895.126s][info ][gc] GC(62883) Pause Young (Allocation Failure) 115M->115M(126M) 23.894ms
[2020-08-10T13:15:55.600+0300][1895.142s][info ][gc] GC(62884) Pause Young (Allocation Failure) 116M->115M(126M) 15.175ms
[2020-08-10T13:15:55.619+0300][1895.160s][info ][gc] GC(62885) Pause Young (Allocation Failure) 116M->116M(126M) 18.304ms
[2020-08-10T13:15:55.634+0300][1895.175s][info ][gc] GC(62886) Pause Young (Allocation Failure) 116M->116M(126M) 14.723ms
[2020-08-10T13:15:55.665+0300][1895.206s][info ][gc] GC(62887) Pause Young (Allocation Failure) 117M->117M(126M) 30.610ms
[2020-08-10T13:15:55.680+0300][1895.222s][info ][gc] GC(62888) Pause Young (Allocation Failure) 117M->117M(126M) 15.198ms
[2020-08-10T13:15:55.715+0300][1895.257s][info ][gc] GC(62889) Pause Young (Allocation Failure) 118M->118M(126M) 34.733ms
[2020-08-10T13:15:55.734+0300][1895.276s][info ][gc] GC(62890) Pause Young (Allocation Failure) 118M->118M(126M) 18.458ms
[2020-08-10T13:15:55.759+0300][1895.301s][info ][gc] GC(62891) Pause Young (Allocation Failure) 119M->119M(126M) 24.826ms
[2020-08-10T13:15:55.775+0300][1895.317s][info ][gc] GC(62892) Pause Young (Allocation Failure) 119M->119M(126M) 15.360ms
[2020-08-10T13:15:55.808+0300][1895.350s][info ][gc] GC(62893) Pause Young (Allocation Failure) 120M->120M(126M) 32.574ms
[2020-08-10T13:15:55.825+0300][1895.367s][info ][gc] GC(62894) Pause Young (Allocation Failure) 120M->120M(126M) 16.903ms
[2020-08-10T13:15:55.841+0300][1895.382s][info ][gc] GC(62895) Pause Young (Allocation Failure) 121M->121M(126M) 15.134ms
[2020-08-10T13:15:55.857+0300][1895.398s][info ][gc] GC(62896) Pause Young (Allocation Failure) 121M->121M(126M) 15.659ms
[2020-08-10T13:15:55.876+0300][1895.417s][info ][gc] GC(62897) Pause Young (Allocation Failure) 121M->121M(126M) 18.686ms
[2020-08-10T13:15:55.894+0300][1895.436s][info ][gc] GC(62898) Pause Young (Allocation Failure) 122M->122M(126M) 18.457ms
[2020-08-10T13:15:55.910+0300][1895.452s][info ][gc] GC(62899) Pause Young (Allocation Failure) 122M->122M(126M) 15.457ms
[2020-08-10T13:15:55.926+0300][1895.468s][info ][gc] GC(62900) Pause Young (Allocation Failure) 123M->123M(126M) 15.398ms
[2020-08-10T13:15:55.947+0300][1895.489s][info ][gc] GC(62901) Pause Young (Allocation Failure) 123M->123M(126M) 21.064ms
[2020-08-10T13:15:55.963+0300][1895.505s][info ][gc] GC(62902) Pause Young (Allocation Failure) 124M->124M(126M) 15.379ms
[2020-08-10T13:15:56.479+0300][1896.021s][debug][gc] GC(62903) Expanding ParOldGen from 127488K by 10752K to 138240K
[2020-08-10T13:15:56.479+0300][1896.021s][info ][gc] GC(62903) Pause Full (Ergonomics) 124M->124M(136M) 516.002ms
[2020-08-10T13:15:56.494+0300][1896.035s][info ][gc] GC(62904) Pause Young (Allocation Failure) 124M->124M(136M) 14.163ms
[2020-08-10T13:15:56.510+0300][1896.051s][info ][gc] GC(62905) Pause Young (Allocation Failure) 125M->124M(136M) 15.759ms
[2020-08-10T13:15:56.526+0300][1896.067s][info ][gc] GC(62906) Pause Young (Allocation Failure) 125M->125M(136M) 15.539ms
[2020-08-10T13:15:56.541+0300][1896.083s][info ][gc] GC(62907) Pause Young (Allocation Failure) 125M->125M(136M) 15.249ms
[2020-08-10T13:15:56.557+0300][1896.099s][info ][gc] GC(62908) Pause Young (Allocation Failure) 126M->126M(136M) 15.690ms
[2020-08-10T13:15:56.574+0300][1896.116s][info ][gc] GC(62909) Pause Young (Allocation Failure) 126M->126M(136M) 16.384ms
[2020-08-10T13:15:56.597+0300][1896.139s][info ][gc] GC(62910) Pause Young (Allocation Failure) 127M->127M(136M) 22.830ms
[2020-08-10T13:15:56.613+0300][1896.155s][info ][gc] GC(62911) Pause Young (Allocation Failure) 127M->127M(136M) 15.539ms
[2020-08-10T13:15:56.629+0300][1896.171s][info ][gc] GC(62912) Pause Young (Allocation Failure) 128M->128M(136M) 15.570ms
[2020-08-10T13:15:56.645+0300][1896.186s][info ][gc] GC(62913) Pause Young (Allocation Failure) 128M->128M(136M) 15.401ms
[2020-08-10T13:15:56.661+0300][1896.202s][info ][gc] GC(62914) Pause Young (Allocation Failure) 129M->129M(136M) 15.667ms
[2020-08-10T13:15:56.677+0300][1896.218s][info ][gc] GC(62915) Pause Young (Allocation Failure) 129M->129M(136M) 15.617ms
[2020-08-10T13:15:56.693+0300][1896.234s][info ][gc] GC(62916) Pause Young (Allocation Failure) 130M->130M(136M) 15.415ms
[2020-08-10T13:15:56.708+0300][1896.250s][info ][gc] GC(62917) Pause Young (Allocation Failure) 130M->130M(136M) 15.362ms
[2020-08-10T13:15:56.745+0300][1896.287s][info ][gc] GC(62918) Pause Young (Allocation Failure) 131M->131M(136M) 36.620ms
[2020-08-10T13:15:56.761+0300][1896.303s][info ][gc] GC(62919) Pause Young (Allocation Failure) 131M->131M(136M) 15.699ms
[2020-08-10T13:15:56.777+0300][1896.319s][info ][gc] GC(62920) Pause Young (Allocation Failure) 131M->131M(136M) 15.605ms
[2020-08-10T13:15:56.793+0300][1896.335s][info ][gc] GC(62921) Pause Young (Allocation Failure) 132M->132M(136M) 15.606ms
[2020-08-10T13:15:56.809+0300][1896.351s][info ][gc] GC(62922) Pause Young (Allocation Failure) 132M->132M(136M) 15.613ms
[2020-08-10T13:15:56.825+0300][1896.367s][info ][gc] GC(62923) Pause Young (Allocation Failure) 133M->133M(136M) 15.665ms
[2020-08-10T13:15:56.841+0300][1896.383s][info ][gc] GC(62924) Pause Young (Allocation Failure) 133M->133M(136M) 15.723ms
[2020-08-10T13:15:56.857+0300][1896.399s][info ][gc] GC(62925) Pause Young (Allocation Failure) 134M->134M(136M) 15.498ms
[2020-08-10T13:15:56.873+0300][1896.415s][info ][gc] GC(62926) Pause Young (Allocation Failure) 134M->134M(136M) 15.994ms
[2020-08-10T13:15:56.889+0300][1896.431s][info ][gc] GC(62927) Pause Young (Allocation Failure) 135M->135M(136M) 15.766ms
[2020-08-10T13:15:57.374+0300][1896.915s][debug][gc] GC(62928) Expanding ParOldGen from 138240K by 10752K to 148992K
[2020-08-10T13:15:57.374+0300][1896.915s][info ][gc] GC(62928) Pause Full (Ergonomics) 135M->134M(147M) 483.890ms
[2020-08-10T13:15:57.389+0300][1896.930s][info ][gc] GC(62929) Pause Young (Allocation Failure) 135M->135M(147M) 14.662ms
[2020-08-10T13:15:57.389+0300][1896.930s][debug][gc] Expanding ParOldGen from 148992K by 19968K to 168960K
[2020-08-10T13:15:57.416+0300][1896.957s][info ][gc] GC(62930) Pause Young (Allocation Failure) 154M->154M(166M) 18.183ms
[2020-08-10T13:15:57.439+0300][1896.980s][info ][gc] GC(62931) Pause Young (Allocation Failure) 155M->155M(166M) 23.012ms
[2020-08-10T13:15:57.458+0300][1896.998s][info ][gc] GC(62932) Pause Young (Allocation Failure) 155M->155M(166M) 18.234ms
[2020-08-10T13:15:57.473+0300][1897.013s][info ][gc] GC(62933) Pause Young (Allocation Failure) 156M->156M(166M) 14.668ms
[2020-08-10T13:15:57.487+0300][1897.027s][info ][gc] GC(62934) Pause Young (Allocation Failure) 156M->156M(166M) 13.672ms
[2020-08-10T13:15:57.514+0300][1897.055s][info ][gc] GC(62935) Pause Young (Allocation Failure) 157M->156M(166M) 27.167ms
[2020-08-10T13:15:57.529+0300][1897.069s][info ][gc] GC(62936) Pause Young (Allocation Failure) 157M->157M(166M) 14.122ms
[2020-08-10T13:15:57.543+0300][1897.084s][info ][gc] GC(62937) Pause Young (Allocation Failure) 157M->157M(166M) 14.336ms
[2020-08-10T13:15:57.558+0300][1897.099s][info ][gc] GC(62938) Pause Young (Allocation Failure) 158M->158M(166M) 14.653ms
[2020-08-10T13:15:57.573+0300][1897.114s][info ][gc] GC(62939) Pause Young (Allocation Failure) 158M->158M(166M) 14.182ms
[2020-08-10T13:15:57.588+0300][1897.128s][info ][gc] GC(62940) Pause Young (Allocation Failure) 159M->159M(166M) 14.357ms
[2020-08-10T13:15:57.603+0300][1897.143s][info ][gc] GC(62941) Pause Young (Allocation Failure) 159M->159M(166M) 14.616ms
[2020-08-10T13:15:57.617+0300][1897.158s][info ][gc] GC(62942) Pause Young (Allocation Failure) 160M->160M(166M) 14.474ms
[2020-08-10T13:15:57.632+0300][1897.173s][info ][gc] GC(62943) Pause Young (Allocation Failure) 160M->160M(166M) 14.584ms
[2020-08-10T13:15:57.646+0300][1897.187s][info ][gc] GC(62944) Pause Young (Allocation Failure) 161M->161M(166M) 13.465ms
[2020-08-10T13:15:57.660+0300][1897.201s][info ][gc] GC(62945) Pause Young (Allocation Failure) 161M->161M(166M) 13.826ms
[2020-08-10T13:15:57.674+0300][1897.215s][info ][gc] GC(62946) Pause Young (Allocation Failure) 162M->162M(166M) 13.732ms
[2020-08-10T13:15:57.688+0300][1897.229s][info ][gc] GC(62947) Pause Young (Allocation Failure) 162M->162M(166M) 13.670ms
[2020-08-10T13:15:57.702+0300][1897.243s][info ][gc] GC(62948) Pause Young (Allocation Failure) 162M->162M(166M) 13.616ms
[2020-08-10T13:15:57.717+0300][1897.257s][info ][gc] GC(62949) Pause Young (Allocation Failure) 163M->163M(166M) 14.219ms
[2020-08-10T13:15:57.731+0300][1897.271s][info ][gc] GC(62950) Pause Young (Allocation Failure) 163M->163M(166M) 13.506ms
[2020-08-10T13:15:57.745+0300][1897.285s][info ][gc] GC(62951) Pause Young (Allocation Failure) 164M->164M(166M) 13.804ms
[2020-08-10T13:15:57.760+0300][1897.300s][info ][gc] GC(62952) Pause Young (Allocation Failure) 164M->164M(166M) 14.648ms
[2020-08-10T13:15:57.774+0300][1897.315s][info ][gc] GC(62953) Pause Young (Allocation Failure) 165M->165M(166M) 14.454ms
[2020-08-10T13:15:57.882+0300][1897.423s][debug][gc] GC(62954) Shrinking ParOldGen from 168960K by 125952K to 43008K
[2020-08-10T13:15:57.882+0300][1897.423s][info ][gc] GC(62954) Pause Full (Ergonomics) 165M->31M(43M) 107.903ms
[2020-08-10T13:15:57.908+0300][1897.449s][info ][gc] GC(62955) Pause Young (Allocation Failure) 31M->31M(43M) 24.843ms
[2020-08-10T13:15:57.922+0300][1897.462s][info ][gc] GC(62956) Pause Young (Allocation Failure) 32M->32M(43M) 13.526ms
[2020-08-10T13:15:57.936+0300][1897.477s][info ][gc] GC(62957) Pause Young (Allocation Failure) 32M->32M(43M) 14.031ms
[2020-08-10T13:15:57.950+0300][1897.491s][info ][gc] GC(62958) Pause Young (Allocation Failure) 33M->33M(43M) 13.981ms
[2020-08-10T13:15:57.965+0300][1897.505s][info ][gc] GC(62959) Pause Young (Allocation Failure) 33M->33M(43M) 13.753ms
[2020-08-10T13:15:57.979+0300][1897.520s][info ][gc] GC(62960) Pause Young (Allocation Failure) 34M->34M(43M) 13.666ms
[2020-08-10T13:15:57.993+0300][1897.534s][info ][gc] GC(62961) Pause Young (Allocation Failure) 34M->34M(43M) 13.750ms
[2020-08-10T13:15:58.007+0300][1897.548s][info ][gc] GC(62962) Pause Young (Allocation Failure) 35M->35M(43M) 13.619ms
[2020-08-10T13:15:58.021+0300][1897.562s][info ][gc] GC(62963) Pause Young (Allocation Failure) 35M->35M(43M) 13.399ms
[2020-08-10T13:15:58.035+0300][1897.576s][info ][gc] GC(62964) Pause Young (Allocation Failure) 36M->35M(43M) 13.512ms
[2020-08-10T13:15:58.049+0300][1897.590s][info ][gc] GC(62965) Pause Young (Allocation Failure) 36M->36M(43M) 13.593ms
[2020-08-10T13:15:58.063+0300][1897.604s][info ][gc] GC(62966) Pause Young (Allocation Failure) 36M->36M(43M) 13.503ms
[2020-08-10T13:15:58.077+0300][1897.618s][info ][gc] GC(62967) Pause Young (Allocation Failure) 37M->37M(43M) 13.522ms
[2020-08-10T13:15:58.095+0300][1897.635s][info ][gc] GC(62968) Pause Young (Allocation Failure) 37M->37M(43M) 17.258ms
[2020-08-10T13:15:58.109+0300][1897.650s][info ][gc] GC(62969) Pause Young (Allocation Failure) 38M->38M(43M) 14.044ms
[2020-08-10T13:15:58.124+0300][1897.664s][info ][gc] GC(62970) Pause Young (Allocation Failure) 39M->39M(44M) 13.679ms
[2020-08-10T13:15:58.138+0300][1897.679s][info ][gc] GC(62971) Pause Young (Allocation Failure) 40M->40M(44M) 14.003ms
[2020-08-10T13:15:58.157+0300][1897.697s][info ][gc] GC(62972) Pause Young (Allocation Failure) 41M->41M(44M) 18.286ms
[2020-08-10T13:15:58.172+0300][1897.712s][info ][gc] GC(62973) Pause Young (Allocation Failure) 42M->42M(44M) 14.358ms
[2020-08-10T13:15:58.250+0300][1897.791s][debug][gc] GC(62974) Expanding ParOldGen from 43008K by 11264K to 54272K
[2020-08-10T13:15:58.251+0300][1897.791s][info ][gc] GC(62974) Pause Full (Ergonomics) 42M->42M(55M) 78.880ms
[2020-08-10T13:15:58.270+0300][1897.811s][info ][gc] GC(62975) Pause Young (Allocation Failure) 43M->43M(55M) 19.218ms
[2020-08-10T13:15:58.291+0300][1897.832s][info ][gc] GC(62976) Pause Young (Allocation Failure) 44M->44M(55M) 20.066ms
[2020-08-10T13:15:58.306+0300][1897.846s][info ][gc] GC(62977) Pause Young (Allocation Failure) 45M->45M(55M) 14.291ms
[2020-08-10T13:15:58.320+0300][1897.861s][info ][gc] GC(62978) Pause Young (Allocation Failure) 46M->46M(55M) 13.961ms
[2020-08-10T13:15:58.343+0300][1897.884s][info ][gc] GC(62979) Pause Young (Allocation Failure) 47M->47M(55M) 22.226ms
[2020-08-10T13:15:58.357+0300][1897.898s][info ][gc] GC(62980) Pause Young (Allocation Failure) 48M->47M(55M) 13.979ms
[2020-08-10T13:15:58.377+0300][1897.918s][info ][gc] GC(62981) Pause Young (Allocation Failure) 48M->48M(55M) 19.561ms
[2020-08-10T13:15:58.392+0300][1897.933s][info ][gc] GC(62982) Pause Young (Allocation Failure) 49M->49M(55M) 14.002ms
[2020-08-10T13:15:58.416+0300][1897.956s][info ][gc] GC(62983) Pause Young (Allocation Failure) 50M->50M(55M) 23.391ms
[2020-08-10T13:15:58.430+0300][1897.971s][info ][gc] GC(62984) Pause Young (Allocation Failure) 51M->51M(55M) 13.978ms
[2020-08-10T13:15:58.444+0300][1897.985s][info ][gc] GC(62985) Pause Young (Allocation Failure) 52M->52M(55M) 13.991ms
[2020-08-10T13:15:58.572+0300][1898.113s][debug][gc] GC(62986) Expanding ParOldGen from 54272K by 11264K to 65536K
[2020-08-10T13:15:58.573+0300][1898.113s][info ][gc] GC(62986) Pause Full (Ergonomics) 52M->52M(66M) 127.933ms
[2020-08-10T13:15:58.587+0300][1898.127s][info ][gc] GC(62987) Pause Young (Allocation Failure) 53M->53M(66M) 13.559ms
[2020-08-10T13:15:58.604+0300][1898.145s][info ][gc] GC(62988) Pause Young (Allocation Failure) 54M->54M(66M) 17.120ms
[2020-08-10T13:15:58.619+0300][1898.160s][info ][gc] GC(62989) Pause Young (Allocation Failure) 55M->55M(66M) 14.368ms
[2020-08-10T13:15:58.635+0300][1898.176s][info ][gc] GC(62990) Pause Young (Allocation Failure) 56M->56M(66M) 15.552ms
[2020-08-10T13:15:58.649+0300][1898.190s][info ][gc] GC(62991) Pause Young (Allocation Failure) 57M->57M(66M) 13.880ms
[2020-08-10T13:15:58.663+0300][1898.204s][info ][gc] GC(62992) Pause Young (Allocation Failure) 58M->58M(66M) 13.972ms
[2020-08-10T13:15:58.678+0300][1898.219s][info ][gc] GC(62993) Pause Young (Allocation Failure) 59M->59M(66M) 13.897ms
[2020-08-10T13:15:58.692+0300][1898.233s][info ][gc] GC(62994) Pause Young (Allocation Failure) 60M->60M(66M) 13.816ms
[2020-08-10T13:15:58.706+0300][1898.247s][info ][gc] GC(62995) Pause Young (Allocation Failure) 61M->60M(66M) 13.818ms
[2020-08-10T13:15:58.721+0300][1898.261s][info ][gc] GC(62996) Pause Young (Allocation Failure) 61M->61M(66M) 14.010ms
[2020-08-10T13:15:58.735+0300][1898.276s][info ][gc] GC(62997) Pause Young (Allocation Failure) 62M->62M(66M) 13.968ms
[2020-08-10T13:15:58.750+0300][1898.290s][info ][gc] GC(62998) Pause Young (Allocation Failure) 63M->63M(66M) 14.126ms
[2020-08-10T13:15:58.949+0300][1898.490s][debug][gc] GC(62999) Expanding ParOldGen from 65536K by 11264K to 76800K
[2020-08-10T13:15:58.949+0300][1898.490s][info ][gc] GC(62999) Pause Full (Ergonomics) 63M->63M(77M) 199.412ms
[2020-08-10T13:15:58.978+0300][1898.519s][info ][gc] GC(63000) Pause Young (Allocation Failure) 64M->64M(77M) 28.266ms
[2020-08-10T13:15:58.993+0300][1898.534s][info ][gc] GC(63001) Pause Young (Allocation Failure) 65M->65M(77M) 14.064ms
[2020-08-10T13:15:59.007+0300][1898.548s][info ][gc] GC(63002) Pause Young (Allocation Failure) 66M->66M(77M) 14.001ms
[2020-08-10T13:15:59.022+0300][1898.562s][info ][gc] GC(63003) Pause Young (Allocation Failure) 67M->67M(77M) 13.885ms
[2020-08-10T13:15:59.044+0300][1898.585s][info ][gc] GC(63004) Pause Young (Allocation Failure) 68M->68M(77M) 21.763ms
[2020-08-10T13:15:59.059+0300][1898.600s][info ][gc] GC(63005) Pause Young (Allocation Failure) 69M->69M(77M) 14.427ms
[2020-08-10T13:15:59.074+0300][1898.614s][info ][gc] GC(63006) Pause Young (Allocation Failure) 70M->70M(77M) 14.085ms
[2020-08-10T13:15:59.088+0300][1898.629s][info ][gc] GC(63007) Pause Young (Allocation Failure) 71M->71M(77M) 13.765ms
[2020-08-10T13:15:59.113+0300][1898.653s][info ][gc] GC(63008) Pause Young (Allocation Failure) 72M->72M(77M) 23.643ms
[2020-08-10T13:15:59.127+0300][1898.668s][info ][gc] GC(63009) Pause Young (Allocation Failure) 73M->73M(77M) 14.226ms
[2020-08-10T13:15:59.145+0300][1898.686s][info ][gc] GC(63010) Pause Young (Allocation Failure) 74M->74M(77M) 17.286ms
[2020-08-10T13:15:59.170+0300][1898.711s][info ][gc] GC(63011) Pause Young (Allocation Failure) 75M->75M(77M) 24.216ms
[2020-08-10T13:15:59.392+0300][1898.933s][debug][gc] GC(63012) Expanding ParOldGen from 76800K by 11776K to 88576K
[2020-08-10T13:15:59.392+0300][1898.933s][info ][gc] GC(63012) Pause Full (Ergonomics) 75M->74M(89M) 222.123ms
[2020-08-10T13:15:59.407+0300][1898.947s][info ][gc] GC(63013) Pause Young (Allocation Failure) 75M->75M(89M) 13.693ms
[2020-08-10T13:15:59.434+0300][1898.975s][info ][gc] GC(63014) Pause Young (Allocation Failure) 76M->76M(89M) 27.299ms
[2020-08-10T13:15:59.449+0300][1898.990s][info ][gc] GC(63015) Pause Young (Allocation Failure) 77M->77M(89M) 14.299ms
[2020-08-10T13:15:59.464+0300][1899.004s][info ][gc] GC(63016) Pause Young (Allocation Failure) 78M->78M(89M) 14.070ms
[2020-08-10T13:15:59.482+0300][1899.023s][info ][gc] GC(63017) Pause Young (Allocation Failure) 79M->79M(89M) 18.508ms
[2020-08-10T13:15:59.497+0300][1899.038s][info ][gc] GC(63018) Pause Young (Allocation Failure) 80M->80M(89M) 14.203ms
[2020-08-10T13:15:59.521+0300][1899.062s][info ][gc] GC(63019) Pause Young (Allocation Failure) 81M->81M(89M) 23.860ms
[2020-08-10T13:15:59.548+0300][1899.089s][info ][gc] GC(63020) Pause Young (Allocation Failure) 82M->82M(89M) 25.973ms
[2020-08-10T13:15:59.574+0300][1899.115s][info ][gc] GC(63021) Pause Young (Allocation Failure) 83M->83M(89M) 25.686ms
[2020-08-10T13:15:59.589+0300][1899.130s][info ][gc] GC(63022) Pause Young (Allocation Failure) 84M->84M(89M) 14.371ms
[2020-08-10T13:15:59.604+0300][1899.145s][info ][gc] GC(63023) Pause Young (Allocation Failure) 85M->85M(89M) 14.450ms
[2020-08-10T13:15:59.619+0300][1899.160s][info ][gc] GC(63024) Pause Young (Allocation Failure) 86M->86M(89M) 14.266ms
[2020-08-10T13:15:59.636+0300][1899.177s][info ][gc] GC(63025) Pause Young (Allocation Failure) 87M->87M(89M) 16.949ms
[2020-08-10T13:15:59.861+0300][1899.402s][debug][gc] GC(63026) Expanding ParOldGen from 88576K by 11264K to 99840K
[2020-08-10T13:15:59.861+0300][1899.402s][info ][gc] GC(63026) Pause Full (Ergonomics) 87M->87M(100M) 224.766ms
[2020-08-10T13:15:59.898+0300][1899.438s][info ][gc] GC(63027) Pause Young (Allocation Failure) 88M->88M(100M) 36.228ms
[2020-08-10T13:15:59.913+0300][1899.454s][info ][gc] GC(63028) Pause Young (Allocation Failure) 89M->89M(100M) 14.918ms
[2020-08-10T13:15:59.937+0300][1899.478s][info ][gc] GC(63029) Pause Young (Allocation Failure) 90M->89M(100M) 23.242ms
[2020-08-10T13:15:59.953+0300][1899.494s][info ][gc] GC(63030) Pause Young (Allocation Failure) 90M->90M(99M) 15.462ms
[2020-08-10T13:15:59.969+0300][1899.510s][info ][gc] GC(63031) Pause Young (Allocation Failure) 91M->91M(99M) 15.591ms
[2020-08-10T13:15:59.985+0300][1899.526s][info ][gc] GC(63032) Pause Young (Allocation Failure) 92M->92M(99M) 15.523ms
[2020-08-10T13:16:00.000+0300][1899.541s][info ][gc] GC(63033) Pause Young (Allocation Failure) 93M->93M(100M) 14.234ms
[2020-08-10T13:16:00.016+0300][1899.557s][info ][gc] GC(63034) Pause Young (Allocation Failure) 94M->94M(100M) 15.399ms
[2020-08-10T13:16:00.041+0300][1899.582s][info ][gc] GC(63035) Pause Young (Allocation Failure) 95M->95M(100M) 25.085ms
[2020-08-10T13:16:00.065+0300][1899.606s][info ][gc] GC(63036) Pause Young (Allocation Failure) 96M->96M(100M) 22.824ms
[2020-08-10T13:16:00.081+0300][1899.622s][info ][gc] GC(63037) Pause Young (Allocation Failure) 97M->97M(100M) 15.446ms
[2020-08-10T13:16:00.377+0300][1899.918s][debug][gc] GC(63038) Expanding ParOldGen from 99840K by 11776K to 111616K
[2020-08-10T13:16:00.377+0300][1899.918s][info ][gc] GC(63038) Pause Full (Ergonomics) 97M->97M(111M) 296.246ms
[2020-08-10T13:16:00.391+0300][1899.932s][info ][gc] GC(63039) Pause Young (Allocation Failure) 98M->98M(111M) 13.553ms
[2020-08-10T13:16:00.408+0300][1899.949s][info ][gc] GC(63040) Pause Young (Allocation Failure) 99M->99M(111M) 15.983ms
[2020-08-10T13:16:00.431+0300][1899.972s][info ][gc] GC(63041) Pause Young (Allocation Failure) 100M->100M(111M) 23.360ms
[2020-08-10T13:16:00.448+0300][1899.989s][info ][gc] GC(63042) Pause Young (Allocation Failure) 101M->101M(111M) 16.214ms
[2020-08-10T13:16:00.465+0300][1900.006s][info ][gc] GC(63043) Pause Young (Allocation Failure) 102M->102M(111M) 16.222ms
[2020-08-10T13:16:00.482+0300][1900.023s][info ][gc] GC(63044) Pause Young (Allocation Failure) 103M->103M(111M) 16.142ms
[2020-08-10T13:16:00.498+0300][1900.039s][info ][gc] GC(63045) Pause Young (Allocation Failure) 104M->104M(111M) 15.991ms
[2020-08-10T13:16:00.515+0300][1900.056s][info ][gc] GC(63046) Pause Young (Allocation Failure) 105M->105M(111M) 15.967ms
[2020-08-10T13:16:00.531+0300][1900.072s][info ][gc] GC(63047) Pause Young (Allocation Failure) 106M->106M(111M) 16.221ms
[2020-08-10T13:16:00.555+0300][1900.096s][info ][gc] GC(63048) Pause Young (Allocation Failure) 107M->106M(111M) 23.790ms
[2020-08-10T13:16:00.573+0300][1900.113s][info ][gc] GC(63049) Pause Young (Allocation Failure) 107M->107M(111M) 16.459ms
[2020-08-10T13:16:00.589+0300][1900.130s][info ][gc] GC(63050) Pause Young (Allocation Failure) 108M->108M(111M) 16.327ms
[2020-08-10T13:16:00.928+0300][1900.469s][debug][gc] GC(63051) Expanding ParOldGen from 111616K by 11264K to 122880K
[2020-08-10T13:16:00.928+0300][1900.469s][info ][gc] GC(63051) Pause Full (Ergonomics) 108M->108M(122M) 338.648ms
[2020-08-10T13:16:00.943+0300][1900.483s][info ][gc] GC(63052) Pause Young (Allocation Failure) 109M->109M(122M) 14.061ms
[2020-08-10T13:16:00.960+0300][1900.500s][info ][gc] GC(63053) Pause Young (Allocation Failure) 110M->110M(122M) 16.422ms
[2020-08-10T13:16:00.977+0300][1900.518s][info ][gc] GC(63054) Pause Young (Allocation Failure) 111M->111M(122M) 16.797ms
[2020-08-10T13:16:01.000+0300][1900.540s][info ][gc] GC(63055) Pause Young (Allocation Failure) 112M->112M(122M) 22.265ms
[2020-08-10T13:16:01.017+0300][1900.558s][info ][gc] GC(63056) Pause Young (Allocation Failure) 113M->113M(122M) 16.808ms
[2020-08-10T13:16:01.034+0300][1900.575s][info ][gc] GC(63057) Pause Young (Allocation Failure) 114M->114M(122M) 17.004ms
[2020-08-10T13:16:01.065+0300][1900.606s][info ][gc] GC(63058) Pause Young (Allocation Failure) 115M->115M(122M) 30.004ms
[2020-08-10T13:16:01.088+0300][1900.629s][info ][gc] GC(63059) Pause Young (Allocation Failure) 116M->116M(122M) 22.161ms
[2020-08-10T13:16:01.116+0300][1900.657s][info ][gc] GC(63060) Pause Young (Allocation Failure) 117M->117M(122M) 27.805ms
[2020-08-10T13:16:01.134+0300][1900.675s][info ][gc] GC(63061) Pause Young (Allocation Failure) 118M->118M(122M) 17.355ms
[2020-08-10T13:16:01.152+0300][1900.693s][info ][gc] GC(63062) Pause Young (Allocation Failure) 119M->119M(122M) 17.523ms
[2020-08-10T13:16:01.170+0300][1900.711s][info ][gc] GC(63063) Pause Young (Allocation Failure) 120M->120M(122M) 17.432ms
[2020-08-10T13:16:01.561+0300][1901.102s][debug][gc] GC(63064) Expanding ParOldGen from 122880K by 11264K to 134144K
[2020-08-10T13:16:01.561+0300][1901.102s][info ][gc] GC(63064) Pause Full (Ergonomics) 120M->120M(133M) 390.934ms
[2020-08-10T13:16:01.596+0300][1901.137s][info ][gc] GC(63065) Pause Young (Allocation Failure) 121M->121M(133M) 33.754ms
[2020-08-10T13:16:01.624+0300][1901.165s][info ][gc] GC(63066) Pause Young (Allocation Failure) 122M->121M(133M) 27.491ms
[2020-08-10T13:16:01.650+0300][1901.190s][info ][gc] GC(63067) Pause Young (Allocation Failure) 122M->122M(133M) 25.412ms
[2020-08-10T13:16:01.679+0300][1901.220s][info ][gc] GC(63068) Pause Young (Allocation Failure) 123M->123M(133M) 29.301ms
[2020-08-10T13:16:01.706+0300][1901.246s][info ][gc] GC(63069) Pause Young (Allocation Failure) 124M->124M(133M) 25.549ms
[2020-08-10T13:16:01.725+0300][1901.266s][info ][gc] GC(63070) Pause Young (Allocation Failure) 125M->125M(133M) 18.957ms
[2020-08-10T13:16:01.758+0300][1901.299s][info ][gc] GC(63071) Pause Young (Allocation Failure) 126M->126M(133M) 32.637ms
[2020-08-10T13:16:01.784+0300][1901.325s][info ][gc] GC(63072) Pause Young (Allocation Failure) 127M->127M(133M) 25.736ms
[2020-08-10T13:16:01.803+0300][1901.344s][info ][gc] GC(63073) Pause Young (Allocation Failure) 128M->128M(133M) 18.452ms
[2020-08-10T13:16:01.822+0300][1901.363s][info ][gc] GC(63074) Pause Young (Allocation Failure) 129M->129M(133M) 18.509ms
[2020-08-10T13:16:01.841+0300][1901.382s][info ][gc] GC(63075) Pause Young (Allocation Failure) 130M->130M(133M) 18.405ms
[2020-08-10T13:16:01.882+0300][1901.423s][info ][gc] GC(63076) Pause Young (Allocation Failure) 131M->131M(133M) 40.718ms
[2020-08-10T13:16:02.353+0300][1901.894s][debug][gc] GC(63077) Expanding ParOldGen from 134144K by 11264K to 145408K
[2020-08-10T13:16:02.353+0300][1901.894s][info ][gc] GC(63077) Pause Full (Ergonomics) 131M->131M(144M) 470.436ms
[2020-08-10T13:16:02.388+0300][1901.929s][info ][gc] GC(63078) Pause Young (Allocation Failure) 132M->132M(144M) 34.852ms
[2020-08-10T13:16:02.436+0300][1901.977s][info ][gc] GC(63079) Pause Young (Allocation Failure) 133M->133M(144M) 47.346ms
[2020-08-10T13:16:02.460+0300][1902.001s][info ][gc] GC(63080) Pause Young (Allocation Failure) 134M->134M(144M) 23.928ms
[2020-08-10T13:16:02.484+0300][1902.025s][info ][gc] GC(63081) Pause Young (Allocation Failure) 135M->135M(144M) 23.863ms
[2020-08-10T13:16:02.485+0300][1902.026s][debug][gc] Expanding ParOldGen from 145408K by 19968K to 165376K
[2020-08-10T13:16:02.518+0300][1902.059s][info ][gc] GC(63082) Pause Young (Allocation Failure) 155M->155M(164M) 25.061ms
[2020-08-10T13:16:02.536+0300][1902.077s][info ][gc] GC(63083) Pause Young (Allocation Failure) 156M->156M(164M) 17.521ms
[2020-08-10T13:16:02.559+0300][1902.100s][info ][gc] GC(63084) Pause Young (Allocation Failure) 157M->157M(164M) 22.836ms
[2020-08-10T13:16:02.576+0300][1902.117s][info ][gc] GC(63085) Pause Young (Allocation Failure) 158M->158M(164M) 16.447ms
[2020-08-10T13:16:02.593+0300][1902.134s][info ][gc] GC(63086) Pause Young (Allocation Failure) 159M->158M(164M) 16.106ms
[2020-08-10T13:16:02.607+0300][1902.148s][info ][gc] GC(63087) Pause Young (Allocation Failure) 159M->159M(164M) 14.224ms
[2020-08-10T13:16:02.622+0300][1902.163s][info ][gc] GC(63088) Pause Young (Allocation Failure) 160M->160M(164M) 14.356ms
[2020-08-10T13:16:02.637+0300][1902.178s][info ][gc] GC(63089) Pause Young (Allocation Failure) 161M->161M(164M) 14.424ms
[2020-08-10T13:16:02.692+0300][1902.233s][debug][gc] GC(63090) Shrinking ParOldGen from 165376K by 124928K to 40448K
[2020-08-10T13:16:02.692+0300][1902.233s][info ][gc] GC(63090) Pause Full (Ergonomics) 161M->28M(42M) 54.550ms
[2020-08-10T13:16:02.706+0300][1902.247s][info ][gc] GC(63091) Pause Young (Allocation Failure) 29M->29M(42M) 13.454ms
[2020-08-10T13:16:02.720+0300][1902.261s][info ][gc] GC(63092) Pause Young (Allocation Failure) 30M->30M(42M) 13.864ms
[2020-08-10T13:16:02.734+0300][1902.275s][info ][gc] GC(63093) Pause Young (Allocation Failure) 31M->31M(42M) 13.708ms
[2020-08-10T13:16:02.749+0300][1902.290s][info ][gc] GC(63094) Pause Young (Allocation Failure) 32M->31M(42M) 13.768ms
[2020-08-10T13:16:02.763+0300][1902.304s][info ][gc] GC(63095) Pause Young (Allocation Failure) 32M->32M(41M) 13.935ms
[2020-08-10T13:16:02.782+0300][1902.323s][info ][gc] GC(63096) Pause Young (Allocation Failure) 33M->33M(41M) 18.422ms
[2020-08-10T13:16:02.797+0300][1902.338s][info ][gc] GC(63097) Pause Young (Allocation Failure) 34M->34M(41M) 14.109ms
[2020-08-10T13:16:02.811+0300][1902.352s][info ][gc] GC(63098) Pause Young (Allocation Failure) 35M->35M(41M) 13.827ms
[2020-08-10T13:16:02.825+0300][1902.366s][info ][gc] GC(63099) Pause Young (Allocation Failure) 36M->36M(41M) 13.843ms
[2020-08-10T13:16:02.843+0300][1902.384s][info ][gc] GC(63100) Pause Young (Allocation Failure) 37M->37M(41M) 17.446ms
[2020-08-10T13:16:02.858+0300][1902.399s][info ][gc] GC(63101) Pause Young (Allocation Failure) 38M->38M(41M) 13.931ms
[2020-08-10T13:16:02.880+0300][1902.421s][info ][gc] GC(63102) Pause Young (Allocation Failure) 39M->39M(41M) 20.998ms
[2020-08-10T13:16:02.956+0300][1902.497s][debug][gc] GC(63103) Expanding ParOldGen from 40448K by 11776K to 52224K
[2020-08-10T13:16:02.956+0300][1902.497s][info ][gc] GC(63103) Pause Full (Ergonomics) 39M->39M(53M) 76.490ms
[2020-08-10T13:16:02.970+0300][1902.511s][info ][gc] GC(63104) Pause Young (Allocation Failure) 40M->40M(53M) 13.386ms
[2020-08-10T13:16:02.984+0300][1902.525s][info ][gc] GC(63105) Pause Young (Allocation Failure) 41M->41M(53M) 13.666ms
[2020-08-10T13:16:02.998+0300][1902.539s][info ][gc] GC(63106) Pause Young (Allocation Failure) 42M->42M(53M) 13.677ms
[2020-08-10T13:16:03.013+0300][1902.554s][info ][gc] GC(63107) Pause Young (Allocation Failure) 43M->43M(53M) 13.784ms
[2020-08-10T13:16:03.027+0300][1902.568s][info ][gc] GC(63108) Pause Young (Allocation Failure) 44M->44M(53M) 13.873ms
[2020-08-10T13:16:03.042+0300][1902.583s][info ][gc] GC(63109) Pause Young (Allocation Failure) 45M->45M(53M) 14.131ms
[2020-08-10T13:16:03.056+0300][1902.597s][info ][gc] GC(63110) Pause Young (Allocation Failure) 46M->46M(53M) 13.844ms
[2020-08-10T13:16:03.071+0300][1902.612s][info ][gc] GC(63111) Pause Young (Allocation Failure) 47M->47M(53M) 14.076ms
[2020-08-10T13:16:03.085+0300][1902.626s][info ][gc] GC(63112) Pause Young (Allocation Failure) 48M->48M(53M) 13.838ms
[2020-08-10T13:16:03.099+0300][1902.640s][info ][gc] GC(63113) Pause Young (Allocation Failure) 49M->48M(53M) 14.048ms
[2020-08-10T13:16:03.114+0300][1902.655s][info ][gc] GC(63114) Pause Young (Allocation Failure) 49M->49M(53M) 13.931ms
[2020-08-10T13:16:03.128+0300][1902.669s][info ][gc] GC(63115) Pause Young (Allocation Failure) 50M->50M(53M) 13.682ms
[2020-08-10T13:16:03.234+0300][1902.775s][debug][gc] GC(63116) Expanding ParOldGen from 52224K by 11264K to 63488K
[2020-08-10T13:16:03.235+0300][1902.776s][info ][gc] GC(63116) Pause Full (Ergonomics) 50M->50M(64M) 106.618ms
[2020-08-10T13:16:03.248+0300][1902.790s][info ][gc] GC(63117) Pause Young (Allocation Failure) 51M->51M(64M) 13.417ms
[2020-08-10T13:16:03.263+0300][1902.804s][info ][gc] GC(63118) Pause Young (Allocation Failure) 52M->52M(64M) 13.869ms
[2020-08-10T13:16:03.277+0300][1902.818s][info ][gc] GC(63119) Pause Young (Allocation Failure) 53M->53M(64M) 13.723ms
[2020-08-10T13:16:03.291+0300][1902.832s][info ][gc] GC(63120) Pause Young (Allocation Failure) 54M->54M(64M) 13.728ms
[2020-08-10T13:16:03.305+0300][1902.846s][info ][gc] GC(63121) Pause Young (Allocation Failure) 55M->55M(64M) 13.675ms
[2020-08-10T13:16:03.319+0300][1902.860s][info ][gc] GC(63122) Pause Young (Allocation Failure) 56M->56M(64M) 13.900ms
[2020-08-10T13:16:03.333+0300][1902.874s][info ][gc] GC(63123) Pause Young (Allocation Failure) 57M->57M(64M) 13.730ms
[2020-08-10T13:16:03.348+0300][1902.889s][info ][gc] GC(63124) Pause Young (Allocation Failure) 58M->58M(64M) 13.922ms
[2020-08-10T13:16:03.362+0300][1902.903s][info ][gc] GC(63125) Pause Young (Allocation Failure) 59M->59M(64M) 13.800ms
[2020-08-10T13:16:03.376+0300][1902.917s][info ][gc] GC(63126) Pause Young (Allocation Failure) 60M->60M(64M) 14.153ms
[2020-08-10T13:16:03.391+0300][1902.932s][info ][gc] GC(63127) Pause Young (Allocation Failure) 61M->61M(64M) 14.330ms
[2020-08-10T13:16:03.406+0300][1902.947s][info ][gc] GC(63128) Pause Young (Allocation Failure) 62M->62M(64M) 14.074ms
[2020-08-10T13:16:03.551+0300][1903.092s][debug][gc] GC(63129) Expanding ParOldGen from 63488K by 11264K to 74752K
[2020-08-10T13:16:03.551+0300][1903.092s][info ][gc] GC(63129) Pause Full (Ergonomics) 62M->62M(75M) 144.645ms
[2020-08-10T13:16:03.579+0300][1903.120s][info ][gc] GC(63130) Pause Young (Allocation Failure) 63M->62M(75M) 27.315ms
[2020-08-10T13:16:03.593+0300][1903.134s][info ][gc] GC(63131) Pause Young (Allocation Failure) 63M->63M(75M) 14.320ms
[2020-08-10T13:16:03.608+0300][1903.149s][info ][gc] GC(63132) Pause Young (Allocation Failure) 64M->64M(75M) 14.577ms
[2020-08-10T13:16:03.631+0300][1903.173s][info ][gc] GC(63133) Pause Young (Allocation Failure) 65M->65M(75M) 22.535ms
[2020-08-10T13:16:03.646+0300][1903.187s][info ][gc] GC(63134) Pause Young (Allocation Failure) 66M->66M(75M) 14.370ms
[2020-08-10T13:16:03.661+0300][1903.202s][info ][gc] GC(63135) Pause Young (Allocation Failure) 67M->67M(75M) 14.634ms
[2020-08-10T13:16:03.677+0300][1903.218s][info ][gc] GC(63136) Pause Young (Allocation Failure) 68M->68M(75M) 14.774ms
[2020-08-10T13:16:03.692+0300][1903.233s][info ][gc] GC(63137) Pause Young (Allocation Failure) 69M->69M(75M) 14.754ms
[2020-08-10T13:16:03.707+0300][1903.248s][info ][gc] GC(63138) Pause Young (Allocation Failure) 70M->70M(75M) 14.140ms
[2020-08-10T13:16:03.737+0300][1903.278s][info ][gc] GC(63139) Pause Young (Allocation Failure) 71M->71M(75M) 29.306ms
[2020-08-10T13:16:03.752+0300][1903.293s][info ][gc] GC(63140) Pause Young (Allocation Failure) 72M->72M(75M) 14.351ms
[2020-08-10T13:16:03.767+0300][1903.308s][info ][gc] GC(63141) Pause Young (Allocation Failure) 73M->73M(75M) 14.685ms
[2020-08-10T13:16:03.937+0300][1903.478s][debug][gc] GC(63142) Expanding ParOldGen from 74752K by 11264K to 86016K
[2020-08-10T13:16:03.938+0300][1903.479s][info ][gc] GC(63142) Pause Full (Ergonomics) 73M->73M(86M) 170.447ms
[2020-08-10T13:16:03.969+0300][1903.510s][info ][gc] GC(63143) Pause Young (Allocation Failure) 74M->74M(86M) 30.466ms
[2020-08-10T13:16:03.983+0300][1903.524s][info ][gc] GC(63144) Pause Young (Allocation Failure) 75M->75M(86M) 14.195ms
[2020-08-10T13:16:03.998+0300][1903.539s][info ][gc] GC(63145) Pause Young (Allocation Failure) 76M->76M(86M) 14.141ms
[2020-08-10T13:16:04.012+0300][1903.553s][info ][gc] GC(63146) Pause Young (Allocation Failure) 77M->77M(86M) 14.138ms
[2020-08-10T13:16:04.028+0300][1903.569s][info ][gc] GC(63147) Pause Young (Allocation Failure) 78M->78M(86M) 15.354ms
[2020-08-10T13:16:04.043+0300][1903.584s][info ][gc] GC(63148) Pause Young (Allocation Failure) 79M->79M(86M) 14.645ms
[2020-08-10T13:16:04.058+0300][1903.599s][info ][gc] GC(63149) Pause Young (Allocation Failure) 80M->79M(86M) 14.458ms
[2020-08-10T13:16:04.073+0300][1903.614s][info ][gc] GC(63150) Pause Young (Allocation Failure) 80M->80M(86M) 14.518ms
[2020-08-10T13:16:04.089+0300][1903.630s][info ][gc] GC(63151) Pause Young (Allocation Failure) 81M->81M(86M) 14.646ms
[2020-08-10T13:16:04.104+0300][1903.645s][info ][gc] GC(63152) Pause Young (Allocation Failure) 82M->82M(86M) 14.515ms
[2020-08-10T13:16:04.119+0300][1903.660s][info ][gc] GC(63153) Pause Young (Allocation Failure) 83M->83M(86M) 14.428ms
[2020-08-10T13:16:04.134+0300][1903.675s][info ][gc] GC(63154) Pause Young (Allocation Failure) 84M->84M(86M) 14.816ms
[2020-08-10T13:16:04.406+0300][1903.947s][debug][gc] GC(63155) Expanding ParOldGen from 86016K by 11264K to 97280K
[2020-08-10T13:16:04.406+0300][1903.947s][info ][gc] GC(63155) Pause Full (Ergonomics) 84M->84M(97M) 272.019ms
[2020-08-10T13:16:04.440+0300][1903.981s][info ][gc] GC(63156) Pause Young (Allocation Failure) 85M->85M(97M) 33.273ms
[2020-08-10T13:16:04.475+0300][1904.016s][info ][gc] GC(63157) Pause Young (Allocation Failure) 86M->86M(97M) 34.271ms
[2020-08-10T13:16:04.505+0300][1904.046s][info ][gc] GC(63158) Pause Young (Allocation Failure) 87M->87M(97M) 29.865ms
[2020-08-10T13:16:04.521+0300][1904.062s][info ][gc] GC(63159) Pause Young (Allocation Failure) 88M->88M(97M) 14.761ms
[2020-08-10T13:16:04.536+0300][1904.077s][info ][gc] GC(63160) Pause Young (Allocation Failure) 89M->89M(97M) 14.874ms
[2020-08-10T13:16:04.551+0300][1904.092s][info ][gc] GC(63161) Pause Young (Allocation Failure) 90M->90M(97M) 15.125ms
[2020-08-10T13:16:04.567+0300][1904.108s][info ][gc] GC(63162) Pause Young (Allocation Failure) 91M->91M(97M) 15.284ms
[2020-08-10T13:16:04.583+0300][1904.124s][info ][gc] GC(63163) Pause Young (Allocation Failure) 92M->92M(97M) 15.410ms
[2020-08-10T13:16:04.599+0300][1904.141s][info ][gc] GC(63164) Pause Young (Allocation Failure) 93M->93M(97M) 15.905ms
[2020-08-10T13:16:04.616+0300][1904.157s][info ][gc] GC(63165) Pause Young (Allocation Failure) 94M->94M(96M) 15.708ms
[2020-08-10T13:16:04.633+0300][1904.174s][info ][gc] GC(63166) Pause Young (Allocation Failure) 95M->95M(97M) 17.151ms
[2020-08-10T13:16:04.945+0300][1904.487s][debug][gc] GC(63167) Expanding ParOldGen from 97280K by 11776K to 109056K
[2020-08-10T13:16:04.946+0300][1904.487s][info ][gc] GC(63167) Pause Full (Ergonomics) 95M->94M(109M) 312.114ms
[2020-08-10T13:16:04.960+0300][1904.501s][info ][gc] GC(63168) Pause Young (Allocation Failure) 95M->95M(109M) 13.785ms
[2020-08-10T13:16:04.976+0300][1904.517s][info ][gc] GC(63169) Pause Young (Allocation Failure) 96M->96M(109M) 15.254ms
[2020-08-10T13:16:04.992+0300][1904.533s][info ][gc] GC(63170) Pause Young (Allocation Failure) 97M->97M(109M) 15.716ms
[2020-08-10T13:16:05.008+0300][1904.549s][info ][gc] GC(63171) Pause Young (Allocation Failure) 98M->98M(109M) 15.262ms
[2020-08-10T13:16:05.024+0300][1904.565s][info ][gc] GC(63172) Pause Young (Allocation Failure) 99M->99M(109M) 15.629ms
[2020-08-10T13:16:05.040+0300][1904.581s][info ][gc] GC(63173) Pause Young (Allocation Failure) 100M->100M(109M) 15.756ms
[2020-08-10T13:16:05.057+0300][1904.598s][info ][gc] GC(63174) Pause Young (Allocation Failure) 101M->101M(109M) 16.003ms
[2020-08-10T13:16:05.073+0300][1904.614s][info ][gc] GC(63175) Pause Young (Allocation Failure) 102M->102M(109M) 15.919ms
[2020-08-10T13:16:05.090+0300][1904.631s][info ][gc] GC(63176) Pause Young (Allocation Failure) 103M->103M(109M) 16.024ms
[2020-08-10T13:16:05.107+0300][1904.648s][info ][gc] GC(63177) Pause Young (Allocation Failure) 104M->104M(109M) 16.084ms
[2020-08-10T13:16:05.123+0300][1904.664s][info ][gc] GC(63178) Pause Young (Allocation Failure) 105M->105M(109M) 16.045ms
[2020-08-10T13:16:05.140+0300][1904.681s][info ][gc] GC(63179) Pause Young (Allocation Failure) 106M->106M(109M) 16.492ms
[2020-08-10T13:16:05.416+0300][1904.957s][debug][gc] GC(63180) Expanding ParOldGen from 109056K by 11264K to 120320K
[2020-08-10T13:16:05.416+0300][1904.957s][info ][gc] GC(63180) Pause Full (Ergonomics) 106M->106M(120M) 275.639ms
[2020-08-10T13:16:05.430+0300][1904.971s][info ][gc] GC(63181) Pause Young (Allocation Failure) 107M->107M(120M) 13.539ms
[2020-08-10T13:16:05.447+0300][1904.988s][info ][gc] GC(63182) Pause Young (Allocation Failure) 108M->108M(120M) 16.307ms
[2020-08-10T13:16:05.464+0300][1905.005s][info ][gc] GC(63183) Pause Young (Allocation Failure) 109M->109M(120M) 16.717ms
[2020-08-10T13:16:05.481+0300][1905.022s][info ][gc] GC(63184) Pause Young (Allocation Failure) 110M->110M(120M) 16.775ms
[2020-08-10T13:16:05.498+0300][1905.040s][info ][gc] GC(63185) Pause Young (Allocation Failure) 111M->110M(120M) 16.552ms
[2020-08-10T13:16:05.516+0300][1905.057s][info ][gc] GC(63186) Pause Young (Allocation Failure) 111M->111M(120M) 16.575ms
[2020-08-10T13:16:05.533+0300][1905.074s][info ][gc] GC(63187) Pause Young (Allocation Failure) 112M->112M(120M) 17.021ms
[2020-08-10T13:16:05.551+0300][1905.092s][info ][gc] GC(63188) Pause Young (Allocation Failure) 113M->113M(120M) 16.685ms
[2020-08-10T13:16:05.568+0300][1905.109s][info ][gc] GC(63189) Pause Young (Allocation Failure) 114M->114M(120M) 17.003ms
[2020-08-10T13:16:05.600+0300][1905.141s][info ][gc] GC(63190) Pause Young (Allocation Failure) 115M->115M(120M) 31.512ms
[2020-08-10T13:16:05.618+0300][1905.159s][info ][gc] GC(63191) Pause Young (Allocation Failure) 116M->116M(120M) 17.469ms
[2020-08-10T13:16:05.636+0300][1905.177s][info ][gc] GC(63192) Pause Young (Allocation Failure) 117M->117M(120M) 17.231ms
[2020-08-10T13:16:05.994+0300][1905.535s][debug][gc] GC(63193) Expanding ParOldGen from 120320K by 11264K to 131584K
[2020-08-10T13:16:05.994+0300][1905.535s][info ][gc] GC(63193) Pause Full (Ergonomics) 117M->117M(131M) 357.578ms
[2020-08-10T13:16:06.026+0300][1905.567s][info ][gc] GC(63194) Pause Young (Allocation Failure) 118M->118M(131M) 31.905ms
[2020-08-10T13:16:06.047+0300][1905.588s][info ][gc] GC(63195) Pause Young (Allocation Failure) 119M->119M(131M) 19.991ms
[2020-08-10T13:16:06.066+0300][1905.607s][info ][gc] GC(63196) Pause Young (Allocation Failure) 120M->120M(131M) 18.448ms
[2020-08-10T13:16:06.085+0300][1905.626s][info ][gc] GC(63197) Pause Young (Allocation Failure) 121M->121M(131M) 18.384ms
[2020-08-10T13:16:06.103+0300][1905.645s][info ][gc] GC(63198) Pause Young (Allocation Failure) 122M->122M(131M) 18.317ms
[2020-08-10T13:16:06.122+0300][1905.663s][info ][gc] GC(63199) Pause Young (Allocation Failure) 123M->123M(131M) 18.075ms
[2020-08-10T13:16:06.148+0300][1905.689s][info ][gc] GC(63200) Pause Young (Allocation Failure) 124M->124M(131M) 26.126ms
[2020-08-10T13:16:06.168+0300][1905.709s][info ][gc] GC(63201) Pause Young (Allocation Failure) 125M->125M(131M) 18.718ms
[2020-08-10T13:16:06.187+0300][1905.728s][info ][gc] GC(63202) Pause Young (Allocation Failure) 126M->126M(131M) 18.638ms
[2020-08-10T13:16:06.205+0300][1905.746s][info ][gc] GC(63203) Pause Young (Allocation Failure) 127M->127M(131M) 18.245ms
[2020-08-10T13:16:06.224+0300][1905.766s][info ][gc] GC(63204) Pause Young (Allocation Failure) 128M->128M(131M) 18.804ms
[2020-08-10T13:16:06.244+0300][1905.785s][info ][gc] GC(63205) Pause Young (Allocation Failure) 129M->129M(131M) 18.796ms
[2020-08-10T13:16:06.757+0300][1906.298s][debug][gc] GC(63206) Expanding ParOldGen from 131584K by 11264K to 142848K
[2020-08-10T13:16:06.757+0300][1906.298s][info ][gc] GC(63206) Pause Full (Ergonomics) 129M->128M(142M) 513.121ms
[2020-08-10T13:16:06.797+0300][1906.338s][info ][gc] GC(63207) Pause Young (Allocation Failure) 129M->129M(142M) 39.292ms
[2020-08-10T13:16:06.829+0300][1906.370s][info ][gc] GC(63208) Pause Young (Allocation Failure) 130M->130M(142M) 31.329ms
[2020-08-10T13:16:06.848+0300][1906.389s][info ][gc] GC(63209) Pause Young (Allocation Failure) 131M->131M(142M) 19.048ms
[2020-08-10T13:16:06.868+0300][1906.409s][info ][gc] GC(63210) Pause Young (Allocation Failure) 132M->132M(142M) 19.166ms
[2020-08-10T13:16:06.888+0300][1906.429s][info ][gc] GC(63211) Pause Young (Allocation Failure) 133M->133M(142M) 19.892ms
[2020-08-10T13:16:06.908+0300][1906.449s][info ][gc] GC(63212) Pause Young (Allocation Failure) 134M->134M(142M) 19.057ms
[2020-08-10T13:16:06.927+0300][1906.469s][info ][gc] GC(63213) Pause Young (Allocation Failure) 135M->135M(142M) 19.420ms
[2020-08-10T13:16:06.928+0300][1906.469s][debug][gc] Expanding ParOldGen from 142848K by 19968K to 162816K
[2020-08-10T13:16:06.953+0300][1906.494s][info ][gc] GC(63214) Pause Young (Allocation Failure) 155M->155M(161M) 16.887ms
[2020-08-10T13:16:06.975+0300][1906.517s][info ][gc] GC(63215) Pause Young (Allocation Failure) 156M->156M(161M) 22.249ms
[2020-08-10T13:16:07.000+0300][1906.541s][info ][gc] GC(63216) Pause Young (Allocation Failure) 157M->157M(161M) 23.498ms
[2020-08-10T13:16:07.015+0300][1906.556s][info ][gc] GC(63217) Pause Young (Allocation Failure) 158M->158M(161M) 14.562ms
[2020-08-10T13:16:07.030+0300][1906.571s][info ][gc] GC(63218) Pause Young (Allocation Failure) 159M->159M(161M) 14.618ms
[2020-08-10T13:16:07.073+0300][1906.614s][debug][gc] GC(63219) Shrinking ParOldGen from 162816K by 124928K to 37888K
[2020-08-10T13:16:07.073+0300][1906.614s][info ][gc] GC(63219) Pause Full (Ergonomics) 159M->25M(39M) 42.986ms
[2020-08-10T13:16:07.087+0300][1906.628s][info ][gc] GC(63220) Pause Young (Allocation Failure) 26M->26M(39M) 13.750ms
[2020-08-10T13:16:07.113+0300][1906.654s][info ][gc] GC(63221) Pause Young (Allocation Failure) 27M->27M(39M) 25.627ms
[2020-08-10T13:16:07.128+0300][1906.669s][info ][gc] GC(63222) Pause Young (Allocation Failure) 28M->28M(39M) 14.245ms
[2020-08-10T13:16:07.143+0300][1906.684s][info ][gc] GC(63223) Pause Young (Allocation Failure) 29M->29M(39M) 14.396ms
[2020-08-10T13:16:07.157+0300][1906.699s][info ][gc] GC(63224) Pause Young (Allocation Failure) 30M->30M(39M) 13.997ms
[2020-08-10T13:16:07.172+0300][1906.713s][info ][gc] GC(63225) Pause Young (Allocation Failure) 31M->31M(39M) 14.211ms
[2020-08-10T13:16:07.187+0300][1906.728s][info ][gc] GC(63226) Pause Young (Allocation Failure) 32M->32M(39M) 14.091ms
[2020-08-10T13:16:07.210+0300][1906.752s][info ][gc] GC(63227) Pause Young (Allocation Failure) 33M->33M(39M) 22.923ms
[2020-08-10T13:16:07.230+0300][1906.771s][info ][gc] GC(63228) Pause Young (Allocation Failure) 34M->34M(39M) 18.992ms
[2020-08-10T13:16:07.245+0300][1906.786s][info ][gc] GC(63229) Pause Young (Allocation Failure) 35M->35M(39M) 13.972ms
[2020-08-10T13:16:07.266+0300][1906.807s][info ][gc] GC(63230) Pause Young (Allocation Failure) 36M->36M(39M) 20.334ms
[2020-08-10T13:16:07.287+0300][1906.828s][info ][gc] GC(63231) Pause Young (Allocation Failure) 37M->37M(39M) 20.676ms
[2020-08-10T13:16:07.353+0300][1906.894s][debug][gc] GC(63232) Expanding ParOldGen from 37888K by 11776K to 49664K
[2020-08-10T13:16:07.353+0300][1906.894s][info ][gc] GC(63232) Pause Full (Ergonomics) 37M->36M(50M) 66.184ms
[2020-08-10T13:16:07.367+0300][1906.908s][info ][gc] GC(63233) Pause Young (Allocation Failure) 37M->37M(50M) 13.658ms
[2020-08-10T13:16:07.382+0300][1906.923s][info ][gc] GC(63234) Pause Young (Allocation Failure) 38M->38M(50M) 13.955ms
[2020-08-10T13:16:07.396+0300][1906.938s][info ][gc] GC(63235) Pause Young (Allocation Failure) 39M->39M(50M) 14.118ms
[2020-08-10T13:16:07.411+0300][1906.953s][info ][gc] GC(63236) Pause Young (Allocation Failure) 40M->40M(50M) 14.062ms
[2020-08-10T13:16:07.426+0300][1906.967s][info ][gc] GC(63237) Pause Young (Allocation Failure) 41M->41M(50M) 14.340ms
[2020-08-10T13:16:07.440+0300][1906.982s][info ][gc] GC(63238) Pause Young (Allocation Failure) 42M->42M(50M) 13.947ms
[2020-08-10T13:16:07.455+0300][1906.997s][info ][gc] GC(63239) Pause Young (Allocation Failure) 43M->43M(50M) 14.407ms
[2020-08-10T13:16:07.470+0300][1907.011s][info ][gc] GC(63240) Pause Young (Allocation Failure) 44M->44M(50M) 14.319ms
[2020-08-10T13:16:07.485+0300][1907.026s][info ][gc] GC(63241) Pause Young (Allocation Failure) 45M->45M(50M) 14.093ms
[2020-08-10T13:16:07.500+0300][1907.041s][info ][gc] GC(63242) Pause Young (Allocation Failure) 46M->46M(50M) 14.124ms
[2020-08-10T13:16:07.519+0300][1907.060s][info ][gc] GC(63243) Pause Young (Allocation Failure) 47M->47M(50M) 19.074ms
[2020-08-10T13:16:07.534+0300][1907.075s][info ][gc] GC(63244) Pause Young (Allocation Failure) 48M->48M(50M) 14.119ms
[2020-08-10T13:16:07.631+0300][1907.172s][debug][gc] GC(63245) Expanding ParOldGen from 49664K by 11264K to 60928K
[2020-08-10T13:16:07.631+0300][1907.172s][info ][gc] GC(63245) Pause Full (Ergonomics) 48M->48M(61M) 97.117ms
[2020-08-10T13:16:07.645+0300][1907.186s][info ][gc] GC(63246) Pause Young (Allocation Failure) 49M->49M(61M) 13.443ms
[2020-08-10T13:16:07.660+0300][1907.201s][info ][gc] GC(63247) Pause Young (Allocation Failure) 50M->50M(61M) 14.414ms
[2020-08-10T13:16:07.674+0300][1907.215s][info ][gc] GC(63248) Pause Young (Allocation Failure) 51M->51M(61M) 13.934ms
[2020-08-10T13:16:07.689+0300][1907.230s][info ][gc] GC(63249) Pause Young (Allocation Failure) 52M->52M(61M) 14.071ms
[2020-08-10T13:16:07.703+0300][1907.244s][info ][gc] GC(63250) Pause Young (Allocation Failure) 53M->52M(61M) 14.049ms
[2020-08-10T13:16:07.718+0300][1907.259s][info ][gc] GC(63251) Pause Young (Allocation Failure) 53M->53M(61M) 14.289ms
[2020-08-10T13:16:07.732+0300][1907.274s][info ][gc] GC(63252) Pause Young (Allocation Failure) 54M->54M(61M) 14.045ms
[2020-08-10T13:16:07.747+0300][1907.288s][info ][gc] GC(63253) Pause Young (Allocation Failure) 55M->55M(61M) 13.992ms
[2020-08-10T13:16:07.762+0300][1907.303s][info ][gc] GC(63254) Pause Young (Allocation Failure) 56M->56M(61M) 14.224ms
[2020-08-10T13:16:07.777+0300][1907.318s][info ][gc] GC(63255) Pause Young (Allocation Failure) 57M->57M(61M) 14.358ms
[2020-08-10T13:16:07.791+0300][1907.333s][info ][gc] GC(63256) Pause Young (Allocation Failure) 58M->58M(61M) 14.037ms
[2020-08-10T13:16:07.806+0300][1907.347s][info ][gc] GC(63257) Pause Young (Allocation Failure) 59M->59M(61M) 14.036ms
[2020-08-10T13:16:07.980+0300][1907.522s][debug][gc] GC(63258) Expanding ParOldGen from 60928K by 11264K to 72192K
[2020-08-10T13:16:07.980+0300][1907.522s][info ][gc] GC(63258) Pause Full (Ergonomics) 59M->59M(72M) 174.196ms
[2020-08-10T13:16:08.007+0300][1907.548s][info ][gc] GC(63259) Pause Young (Allocation Failure) 60M->60M(72M) 26.086ms
[2020-08-10T13:16:08.022+0300][1907.563s][info ][gc] GC(63260) Pause Young (Allocation Failure) 61M->61M(72M) 14.292ms
[2020-08-10T13:16:08.037+0300][1907.578s][info ][gc] GC(63261) Pause Young (Allocation Failure) 62M->62M(72M) 14.574ms
[2020-08-10T13:16:08.052+0300][1907.593s][info ][gc] GC(63262) Pause Young (Allocation Failure) 63M->63M(72M) 14.642ms
[2020-08-10T13:16:08.067+0300][1907.608s][info ][gc] GC(63263) Pause Young (Allocation Failure) 64M->64M(72M) 14.300ms
[2020-08-10T13:16:08.082+0300][1907.623s][info ][gc] GC(63264) Pause Young (Allocation Failure) 65M->65M(72M) 14.516ms
[2020-08-10T13:16:08.097+0300][1907.639s][info ][gc] GC(63265) Pause Young (Allocation Failure) 66M->66M(72M) 14.609ms
[2020-08-10T13:16:08.112+0300][1907.653s][info ][gc] GC(63266) Pause Young (Allocation Failure) 67M->67M(72M) 14.237ms
[2020-08-10T13:16:08.127+0300][1907.668s][info ][gc] GC(63267) Pause Young (Allocation Failure) 68M->68M(72M) 14.259ms
[2020-08-10T13:16:08.142+0300][1907.683s][info ][gc] GC(63268) Pause Young (Allocation Failure) 69M->69M(72M) 14.519ms
[2020-08-10T13:16:08.157+0300][1907.698s][info ][gc] GC(63269) Pause Young (Allocation Failure) 70M->69M(72M) 14.417ms
[2020-08-10T13:16:08.172+0300][1907.713s][info ][gc] GC(63270) Pause Young (Allocation Failure) 70M->70M(72M) 14.463ms
[2020-08-10T13:16:08.376+0300][1907.917s][debug][gc] GC(63271) Expanding ParOldGen from 72192K by 11264K to 83456K
[2020-08-10T13:16:08.376+0300][1907.917s][info ][gc] GC(63271) Pause Full (Ergonomics) 70M->70M(83M) 203.716ms
[2020-08-10T13:16:08.406+0300][1907.947s][info ][gc] GC(63272) Pause Young (Allocation Failure) 71M->71M(83M) 29.710ms
[2020-08-10T13:16:08.421+0300][1907.962s][info ][gc] GC(63273) Pause Young (Allocation Failure) 72M->72M(83M) 14.430ms
[2020-08-10T13:16:08.436+0300][1907.978s][info ][gc] GC(63274) Pause Young (Allocation Failure) 73M->73M(83M) 14.522ms
[2020-08-10T13:16:08.457+0300][1907.998s][info ][gc] GC(63275) Pause Young (Allocation Failure) 74M->74M(83M) 20.110ms
[2020-08-10T13:16:08.472+0300][1908.014s][info ][gc] GC(63276) Pause Young (Allocation Failure) 75M->75M(83M) 14.830ms
[2020-08-10T13:16:08.488+0300][1908.029s][info ][gc] GC(63277) Pause Young (Allocation Failure) 76M->76M(83M) 14.516ms
[2020-08-10T13:16:08.502+0300][1908.044s][info ][gc] GC(63278) Pause Young (Allocation Failure) 77M->77M(83M) 14.372ms
[2020-08-10T13:16:08.517+0300][1908.059s][info ][gc] GC(63279) Pause Young (Allocation Failure) 78M->78M(83M) 14.285ms
[2020-08-10T13:16:08.532+0300][1908.074s][info ][gc] GC(63280) Pause Young (Allocation Failure) 79M->79M(83M) 14.238ms
[2020-08-10T13:16:08.547+0300][1908.088s][info ][gc] GC(63281) Pause Young (Allocation Failure) 80M->80M(83M) 14.130ms
[2020-08-10T13:16:08.562+0300][1908.103s][info ][gc] GC(63282) Pause Young (Allocation Failure) 81M->81M(83M) 14.708ms
[2020-08-10T13:16:08.578+0300][1908.119s][info ][gc] GC(63283) Pause Young (Allocation Failure) 82M->82M(83M) 14.923ms
[2020-08-10T13:16:08.812+0300][1908.354s][debug][gc] GC(63284) Expanding ParOldGen from 83456K by 11264K to 94720K
[2020-08-10T13:16:08.812+0300][1908.354s][info ][gc] GC(63284) Pause Full (Ergonomics) 82M->82M(94M) 234.573ms
[2020-08-10T13:16:08.850+0300][1908.391s][info ][gc] GC(63285) Pause Young (Allocation Failure) 83M->83M(94M) 37.163ms
[2020-08-10T13:16:08.865+0300][1908.406s][info ][gc] GC(63286) Pause Young (Allocation Failure) 84M->84M(94M) 14.521ms
[2020-08-10T13:16:08.880+0300][1908.421s][info ][gc] GC(63287) Pause Young (Allocation Failure) 85M->84M(94M) 14.574ms
[2020-08-10T13:16:08.908+0300][1908.449s][info ][gc] GC(63288) Pause Young (Allocation Failure) 85M->85M(94M) 26.925ms
[2020-08-10T13:16:08.923+0300][1908.465s][info ][gc] GC(63289) Pause Young (Allocation Failure) 86M->86M(94M) 14.997ms
[2020-08-10T13:16:08.940+0300][1908.481s][info ][gc] GC(63290) Pause Young (Allocation Failure) 87M->87M(94M) 15.117ms
[2020-08-10T13:16:08.956+0300][1908.497s][info ][gc] GC(63291) Pause Young (Allocation Failure) 88M->88M(94M) 15.572ms
[2020-08-10T13:16:08.971+0300][1908.513s][info ][gc] GC(63292) Pause Young (Allocation Failure) 89M->89M(94M) 15.260ms
[2020-08-10T13:16:08.987+0300][1908.529s][info ][gc] GC(63293) Pause Young (Allocation Failure) 90M->90M(94M) 15.391ms
[2020-08-10T13:16:09.003+0300][1908.545s][info ][gc] GC(63294) Pause Young (Allocation Failure) 91M->91M(94M) 15.277ms
[2020-08-10T13:16:09.029+0300][1908.570s][info ][gc] GC(63295) Pause Young (Allocation Failure) 92M->92M(94M) 25.162ms
[2020-08-10T13:16:09.303+0300][1908.845s][debug][gc] GC(63296) Expanding ParOldGen from 94720K by 11264K to 105984K
[2020-08-10T13:16:09.304+0300][1908.845s][info ][gc] GC(63296) Pause Full (Ergonomics) 92M->92M(105M) 274.469ms
[2020-08-10T13:16:09.325+0300][1908.866s][info ][gc] GC(63297) Pause Young (Allocation Failure) 93M->93M(105M) 20.842ms
[2020-08-10T13:16:09.341+0300][1908.882s][info ][gc] GC(63298) Pause Young (Allocation Failure) 94M->94M(105M) 15.089ms
[2020-08-10T13:16:09.357+0300][1908.898s][info ][gc] GC(63299) Pause Young (Allocation Failure) 95M->95M(105M) 15.536ms
[2020-08-10T13:16:09.373+0300][1908.914s][info ][gc] GC(63300) Pause Young (Allocation Failure) 96M->96M(105M) 15.552ms
[2020-08-10T13:16:09.389+0300][1908.931s][info ][gc] GC(63301) Pause Young (Allocation Failure) 97M->97M(105M) 15.832ms
[2020-08-10T13:16:09.405+0300][1908.947s][info ][gc] GC(63302) Pause Young (Allocation Failure) 98M->98M(105M) 15.599ms
[2020-08-10T13:16:09.422+0300][1908.963s][info ][gc] GC(63303) Pause Young (Allocation Failure) 99M->99M(105M) 15.632ms
[2020-08-10T13:16:09.454+0300][1908.995s][info ][gc] GC(63304) Pause Young (Allocation Failure) 100M->100M(105M) 31.504ms
[2020-08-10T13:16:09.470+0300][1909.011s][info ][gc] GC(63305) Pause Young (Allocation Failure) 101M->101M(105M) 15.863ms
[2020-08-10T13:16:09.487+0300][1909.028s][info ][gc] GC(63306) Pause Young (Allocation Failure) 102M->101M(105M) 16.135ms
[2020-08-10T13:16:09.504+0300][1909.045s][info ][gc] GC(63307) Pause Young (Allocation Failure) 102M->102M(105M) 16.102ms
[2020-08-10T13:16:09.527+0300][1909.068s][info ][gc] GC(63308) Pause Young (Allocation Failure) 103M->103M(105M) 22.891ms
[2020-08-10T13:16:09.826+0300][1909.367s][debug][gc] GC(63309) Expanding ParOldGen from 105984K by 11264K to 117248K
[2020-08-10T13:16:09.826+0300][1909.367s][info ][gc] GC(63309) Pause Full (Ergonomics) 103M->103M(116M) 298.534ms
[2020-08-10T13:16:09.865+0300][1909.407s][info ][gc] GC(63310) Pause Young (Allocation Failure) 104M->104M(116M) 39.231ms
[2020-08-10T13:16:09.882+0300][1909.424s][info ][gc] GC(63311) Pause Young (Allocation Failure) 105M->105M(116M) 16.292ms
[2020-08-10T13:16:09.899+0300][1909.440s][info ][gc] GC(63312) Pause Young (Allocation Failure) 106M->106M(116M) 16.329ms
[2020-08-10T13:16:09.920+0300][1909.461s][info ][gc] GC(63313) Pause Young (Allocation Failure) 107M->107M(116M) 20.380ms
[2020-08-10T13:16:09.944+0300][1909.485s][info ][gc] GC(63314) Pause Young (Allocation Failure) 108M->108M(116M) 23.439ms
[2020-08-10T13:16:09.961+0300][1909.503s][info ][gc] GC(63315) Pause Young (Allocation Failure) 109M->109M(116M) 16.821ms
[2020-08-10T13:16:09.979+0300][1909.521s][info ][gc] GC(63316) Pause Young (Allocation Failure) 110M->110M(116M) 17.457ms
[2020-08-10T13:16:09.997+0300][1909.539s][info ][gc] GC(63317) Pause Young (Allocation Failure) 111M->111M(116M) 17.375ms
[2020-08-10T13:16:10.015+0300][1909.556s][info ][gc] GC(63318) Pause Young (Allocation Failure) 112M->112M(116M) 17.087ms
[2020-08-10T13:16:10.032+0300][1909.574s][info ][gc] GC(63319) Pause Young (Allocation Failure) 113M->113M(116M) 17.030ms
[2020-08-10T13:16:10.050+0300][1909.592s][info ][gc] GC(63320) Pause Young (Allocation Failure) 114M->114M(116M) 17.537ms
[2020-08-10T13:16:10.068+0300][1909.609s][info ][gc] GC(63321) Pause Young (Allocation Failure) 115M->115M(116M) 17.149ms
[2020-08-10T13:16:10.412+0300][1909.953s][debug][gc] GC(63322) Expanding ParOldGen from 117248K by 11264K to 128512K
[2020-08-10T13:16:10.412+0300][1909.954s][info ][gc] GC(63322) Pause Full (Ergonomics) 115M->115M(127M) 344.300ms
[2020-08-10T13:16:10.457+0300][1909.998s][info ][gc] GC(63323) Pause Young (Allocation Failure) 116M->115M(127M) 43.895ms
[2020-08-10T13:16:10.475+0300][1910.017s][info ][gc] GC(63324) Pause Young (Allocation Failure) 116M->116M(127M) 18.048ms
[2020-08-10T13:16:10.494+0300][1910.035s][info ][gc] GC(63325) Pause Young (Allocation Failure) 117M->117M(127M) 18.055ms
[2020-08-10T13:16:10.530+0300][1910.071s][info ][gc] GC(63326) Pause Young (Allocation Failure) 118M->118M(127M) 34.891ms
[2020-08-10T13:16:10.548+0300][1910.090s][info ][gc] GC(63327) Pause Young (Allocation Failure) 119M->119M(127M) 18.377ms
[2020-08-10T13:16:10.568+0300][1910.109s][info ][gc] GC(63328) Pause Young (Allocation Failure) 120M->120M(127M) 18.505ms
[2020-08-10T13:16:10.599+0300][1910.140s][info ][gc] GC(63329) Pause Young (Allocation Failure) 121M->121M(127M) 31.125ms
[2020-08-10T13:16:10.616+0300][1910.157s][info ][gc] GC(63330) Pause Young (Allocation Failure) 121M->121M(127M) 16.337ms
[2020-08-10T13:16:10.634+0300][1910.175s][info ][gc] GC(63331) Pause Young (Allocation Failure) 122M->122M(127M) 17.495ms
[2020-08-10T13:16:10.659+0300][1910.200s][info ][gc] GC(63332) Pause Young (Allocation Failure) 122M->122M(127M) 24.426ms
[2020-08-10T13:16:10.681+0300][1910.223s][info ][gc] GC(63333) Pause Young (Allocation Failure) 123M->123M(127M) 22.300ms
[2020-08-10T13:16:10.697+0300][1910.239s][info ][gc] GC(63334) Pause Young (Allocation Failure) 123M->123M(127M) 15.845ms
[2020-08-10T13:16:10.717+0300][1910.259s][info ][gc] GC(63335) Pause Young (Allocation Failure) 124M->123M(127M) 19.609ms
[2020-08-10T13:16:10.736+0300][1910.277s][info ][gc] GC(63336) Pause Young (Allocation Failure) 124M->124M(127M) 18.079ms
[2020-08-10T13:16:10.751+0300][1910.293s][info ][gc] GC(63337) Pause Young (Allocation Failure) 124M->124M(127M) 15.354ms
[2020-08-10T13:16:11.244+0300][1910.786s][debug][gc] GC(63338) Expanding ParOldGen from 128512K by 10752K to 139264K
[2020-08-10T13:16:11.244+0300][1910.786s][info ][gc] GC(63338) Pause Full (Ergonomics) 124M->124M(138M) 492.966ms
[2020-08-10T13:16:11.259+0300][1910.800s][info ][gc] GC(63339) Pause Young (Allocation Failure) 125M->125M(138M) 13.864ms
[2020-08-10T13:16:11.274+0300][1910.816s][info ][gc] GC(63340) Pause Young (Allocation Failure) 125M->125M(138M) 15.175ms
[2020-08-10T13:16:11.290+0300][1910.831s][info ][gc] GC(63341) Pause Young (Allocation Failure) 126M->126M(138M) 15.313ms
[2020-08-10T13:16:11.306+0300][1910.847s][info ][gc] GC(63342) Pause Young (Allocation Failure) 126M->126M(138M) 15.334ms
[2020-08-10T13:16:11.322+0300][1910.863s][info ][gc] GC(63343) Pause Young (Allocation Failure) 127M->127M(138M) 15.446ms
[2020-08-10T13:16:11.337+0300][1910.879s][info ][gc] GC(63344) Pause Young (Allocation Failure) 127M->127M(138M) 15.346ms
[2020-08-10T13:16:11.353+0300][1910.895s][info ][gc] GC(63345) Pause Young (Allocation Failure) 128M->127M(138M) 15.475ms
[2020-08-10T13:16:11.370+0300][1910.911s][info ][gc] GC(63346) Pause Young (Allocation Failure) 128M->128M(137M) 15.881ms
[2020-08-10T13:16:11.389+0300][1910.930s][info ][gc] GC(63347) Pause Young (Allocation Failure) 128M->128M(137M) 18.640ms
[2020-08-10T13:16:11.405+0300][1910.946s][info ][gc] GC(63348) Pause Young (Allocation Failure) 129M->129M(137M) 15.567ms
[2020-08-10T13:16:11.421+0300][1910.962s][info ][gc] GC(63349) Pause Young (Allocation Failure) 129M->129M(137M) 15.670ms
[2020-08-10T13:16:11.437+0300][1910.978s][info ][gc] GC(63350) Pause Young (Allocation Failure) 130M->130M(137M) 15.599ms
[2020-08-10T13:16:11.456+0300][1910.998s][info ][gc] GC(63351) Pause Young (Allocation Failure) 130M->130M(137M) 18.774ms
[2020-08-10T13:16:11.479+0300][1911.020s][info ][gc] GC(63352) Pause Young (Allocation Failure) 131M->131M(137M) 22.173ms
[2020-08-10T13:16:11.495+0300][1911.036s][info ][gc] GC(63353) Pause Young (Allocation Failure) 131M->131M(137M) 15.836ms
[2020-08-10T13:16:11.512+0300][1911.053s][info ][gc] GC(63354) Pause Young (Allocation Failure) 132M->132M(137M) 16.757ms
[2020-08-10T13:16:11.534+0300][1911.075s][info ][gc] GC(63355) Pause Young (Allocation Failure) 132M->132M(137M) 21.622ms
[2020-08-10T13:16:11.550+0300][1911.092s][info ][gc] GC(63356) Pause Young (Allocation Failure) 133M->133M(137M) 15.972ms
[2020-08-10T13:16:11.566+0300][1911.108s][info ][gc] GC(63357) Pause Young (Allocation Failure) 133M->133M(137M) 15.912ms
[2020-08-10T13:16:11.597+0300][1911.138s][info ][gc] GC(63358) Pause Young (Allocation Failure) 134M->134M(137M) 29.873ms
[2020-08-10T13:16:11.613+0300][1911.155s][info ][gc] GC(63359) Pause Young (Allocation Failure) 134M->134M(137M) 16.305ms
[2020-08-10T13:16:11.630+0300][1911.171s][info ][gc] GC(63360) Pause Young (Allocation Failure) 135M->134M(137M) 16.258ms
[2020-08-10T13:16:11.655+0300][1911.197s][info ][gc] GC(63361) Pause Young (Allocation Failure) 135M->135M(137M) 24.778ms
[2020-08-10T13:16:11.678+0300][1911.219s][info ][gc] GC(63362) Pause Young (Allocation Failure) 135M->135M(137M) 22.269ms
[2020-08-10T13:16:11.678+0300][1911.219s][debug][gc] Expanding ParOldGen from 139264K by 19968K to 159232K
[2020-08-10T13:16:11.717+0300][1911.258s][info ][gc] GC(63363) Pause Young (Allocation Failure) 155M->155M(157M) 30.858ms
[2020-08-10T13:16:11.744+0300][1911.285s][info ][gc] GC(63364) Pause Young (Allocation Failure) 155M->155M(157M) 26.372ms
[2020-08-10T13:16:11.774+0300][1911.316s][debug][gc] GC(63365) Shrinking ParOldGen from 159232K by 125952K to 33280K
[2020-08-10T13:16:11.775+0300][1911.316s][info ][gc] GC(63365) Pause Full (Ergonomics) 155M->21M(34M) 30.789ms
[2020-08-10T13:16:11.788+0300][1911.329s][info ][gc] GC(63366) Pause Young (Allocation Failure) 22M->22M(34M) 13.017ms
[2020-08-10T13:16:11.802+0300][1911.343s][info ][gc] GC(63367) Pause Young (Allocation Failure) 22M->22M(34M) 13.340ms
[2020-08-10T13:16:11.815+0300][1911.357s][info ][gc] GC(63368) Pause Young (Allocation Failure) 23M->23M(34M) 13.238ms
[2020-08-10T13:16:11.829+0300][1911.370s][info ][gc] GC(63369) Pause Young (Allocation Failure) 23M->23M(34M) 13.179ms
[2020-08-10T13:16:11.842+0300][1911.384s][info ][gc] GC(63370) Pause Young (Allocation Failure) 24M->23M(34M) 13.241ms
[2020-08-10T13:16:11.856+0300][1911.397s][info ][gc] GC(63371) Pause Young (Allocation Failure) 24M->24M(34M) 13.264ms
[2020-08-10T13:16:11.869+0300][1911.411s][info ][gc] GC(63372) Pause Young (Allocation Failure) 24M->24M(34M) 13.368ms
[2020-08-10T13:16:11.883+0300][1911.424s][info ][gc] GC(63373) Pause Young (Allocation Failure) 25M->25M(34M) 13.210ms
[2020-08-10T13:16:11.897+0300][1911.438s][info ][gc] GC(63374) Pause Young (Allocation Failure) 25M->25M(34M) 13.396ms
[2020-08-10T13:16:11.910+0300][1911.452s][info ][gc] GC(63375) Pause Young (Allocation Failure) 26M->26M(34M) 13.249ms
[2020-08-10T13:16:11.924+0300][1911.466s][info ][gc] GC(63376) Pause Young (Allocation Failure) 26M->26M(34M) 13.426ms
[2020-08-10T13:16:11.938+0300][1911.479s][info ][gc] GC(63377) Pause Young (Allocation Failure) 27M->27M(34M) 13.483ms
[2020-08-10T13:16:11.952+0300][1911.493s][info ][gc] GC(63378) Pause Young (Allocation Failure) 27M->27M(34M) 13.434ms
[2020-08-10T13:16:11.965+0300][1911.507s][info ][gc] GC(63379) Pause Young (Allocation Failure) 28M->28M(34M) 13.400ms
[2020-08-10T13:16:11.979+0300][1911.521s][info ][gc] GC(63380) Pause Young (Allocation Failure) 28M->28M(34M) 13.376ms
[2020-08-10T13:16:12.011+0300][1911.552s][info ][gc] GC(63381) Pause Young (Allocation Failure) 29M->29M(34M) 31.148ms
[2020-08-10T13:16:12.025+0300][1911.566s][info ][gc] GC(63382) Pause Young (Allocation Failure) 29M->29M(34M) 13.529ms
[2020-08-10T13:16:12.038+0300][1911.580s][info ][gc] GC(63383) Pause Young (Allocation Failure) 29M->29M(34M) 13.459ms
[2020-08-10T13:16:12.053+0300][1911.594s][info ][gc] GC(63384) Pause Young (Allocation Failure) 30M->30M(34M) 13.687ms
[2020-08-10T13:16:12.067+0300][1911.608s][info ][gc] GC(63385) Pause Young (Allocation Failure) 30M->30M(34M) 13.460ms
[2020-08-10T13:16:12.080+0300][1911.622s][info ][gc] GC(63386) Pause Young (Allocation Failure) 31M->31M(34M) 13.543ms
[2020-08-10T13:16:12.094+0300][1911.636s][info ][gc] GC(63387) Pause Young (Allocation Failure) 31M->31M(34M) 13.460ms
[2020-08-10T13:16:12.109+0300][1911.650s][info ][gc] GC(63388) Pause Young (Allocation Failure) 32M->32M(34M) 13.706ms
[2020-08-10T13:16:12.130+0300][1911.672s][info ][gc] GC(63389) Pause Young (Allocation Failure) 32M->32M(34M) 21.043ms
[2020-08-10T13:16:12.183+0300][1911.725s][debug][gc] GC(63390) Expanding ParOldGen from 33280K by 10752K to 44032K
[2020-08-10T13:16:12.183+0300][1911.725s][info ][gc] GC(63390) Pause Full (Ergonomics) 32M->32M(44M) 52.752ms
[2020-08-10T13:16:12.200+0300][1911.742s][info ][gc] GC(63391) Pause Young (Allocation Failure) 33M->33M(44M) 16.527ms
[2020-08-10T13:16:12.214+0300][1911.755s][info ][gc] GC(63392) Pause Young (Allocation Failure) 33M->33M(44M) 13.527ms
[2020-08-10T13:16:12.228+0300][1911.769s][info ][gc] GC(63393) Pause Young (Allocation Failure) 33M->33M(44M) 13.369ms
[2020-08-10T13:16:12.242+0300][1911.783s][info ][gc] GC(63394) Pause Young (Allocation Failure) 34M->34M(44M) 13.566ms
[2020-08-10T13:16:12.256+0300][1911.797s][info ][gc] GC(63395) Pause Young (Allocation Failure) 35M->35M(45M) 13.694ms
[2020-08-10T13:16:12.270+0300][1911.812s][info ][gc] GC(63396) Pause Young (Allocation Failure) 36M->36M(45M) 14.114ms
[2020-08-10T13:16:12.285+0300][1911.827s][info ][gc] GC(63397) Pause Young (Allocation Failure) 37M->37M(45M) 14.139ms
[2020-08-10T13:16:12.300+0300][1911.841s][info ][gc] GC(63398) Pause Young (Allocation Failure) 38M->38M(45M) 14.098ms
[2020-08-10T13:16:12.314+0300][1911.856s][info ][gc] GC(63399) Pause Young (Allocation Failure) 39M->39M(45M) 13.896ms
[2020-08-10T13:16:12.329+0300][1911.871s][info ][gc] GC(63400) Pause Young (Allocation Failure) 40M->40M(45M) 13.911ms
[2020-08-10T13:16:12.344+0300][1911.885s][info ][gc] GC(63401) Pause Young (Allocation Failure) 41M->41M(45M) 13.820ms
[2020-08-10T13:16:12.358+0300][1911.900s][info ][gc] GC(63402) Pause Young (Allocation Failure) 42M->42M(45M) 14.060ms
[2020-08-10T13:16:12.373+0300][1911.915s][info ][gc] GC(63403) Pause Young (Allocation Failure) 43M->43M(45M) 14.178ms
[2020-08-10T13:16:12.458+0300][1912.000s][debug][gc] GC(63404) Expanding ParOldGen from 44032K by 11264K to 55296K
[2020-08-10T13:16:12.458+0300][1912.000s][info ][gc] GC(63404) Pause Full (Ergonomics) 43M->43M(56M) 84.866ms
[2020-08-10T13:16:12.478+0300][1912.019s][info ][gc] GC(63405) Pause Young (Allocation Failure) 44M->43M(56M) 19.139ms
[2020-08-10T13:16:12.492+0300][1912.034s][info ][gc] GC(63406) Pause Young (Allocation Failure) 44M->44M(56M) 14.002ms
[2020-08-10T13:16:12.506+0300][1912.048s][info ][gc] GC(63407) Pause Young (Allocation Failure) 45M->45M(56M) 13.848ms
[2020-08-10T13:16:12.521+0300][1912.062s][info ][gc] GC(63408) Pause Young (Allocation Failure) 46M->46M(56M) 14.083ms
[2020-08-10T13:16:12.535+0300][1912.077s][info ][gc] GC(63409) Pause Young (Allocation Failure) 47M->47M(56M) 13.961ms
[2020-08-10T13:16:12.550+0300][1912.092s][info ][gc] GC(63410) Pause Young (Allocation Failure) 48M->48M(56M) 14.094ms
[2020-08-10T13:16:12.564+0300][1912.106s][info ][gc] GC(63411) Pause Young (Allocation Failure) 49M->49M(56M) 13.992ms
[2020-08-10T13:16:12.587+0300][1912.128s][info ][gc] GC(63412) Pause Young (Allocation Failure) 50M->50M(56M) 21.938ms
[2020-08-10T13:16:12.602+0300][1912.143s][info ][gc] GC(63413) Pause Young (Allocation Failure) 51M->51M(56M) 14.227ms
[2020-08-10T13:16:12.616+0300][1912.158s][info ][gc] GC(63414) Pause Young (Allocation Failure) 52M->52M(56M) 14.060ms
[2020-08-10T13:16:12.631+0300][1912.172s][info ][gc] GC(63415) Pause Young (Allocation Failure) 53M->53M(56M) 14.142ms
[2020-08-10T13:16:12.645+0300][1912.186s][info ][gc] GC(63416) Pause Young (Allocation Failure) 54M->54M(56M) 13.827ms
[2020-08-10T13:16:12.796+0300][1912.338s][debug][gc] GC(63417) Expanding ParOldGen from 55296K by 11776K to 67072K
[2020-08-10T13:16:12.797+0300][1912.338s][info ][gc] GC(63417) Pause Full (Ergonomics) 54M->54M(68M) 151.428ms
[2020-08-10T13:16:12.819+0300][1912.361s][info ][gc] GC(63418) Pause Young (Allocation Failure) 55M->55M(68M) 22.509ms
[2020-08-10T13:16:12.834+0300][1912.376s][info ][gc] GC(63419) Pause Young (Allocation Failure) 56M->56M(68M) 14.365ms
[2020-08-10T13:16:12.849+0300][1912.390s][info ][gc] GC(63420) Pause Young (Allocation Failure) 57M->57M(68M) 14.083ms
[2020-08-10T13:16:12.863+0300][1912.405s][info ][gc] GC(63421) Pause Young (Allocation Failure) 58M->58M(68M) 14.245ms
[2020-08-10T13:16:12.878+0300][1912.420s][info ][gc] GC(63422) Pause Young (Allocation Failure) 59M->59M(68M) 14.210ms
[2020-08-10T13:16:12.893+0300][1912.434s][info ][gc] GC(63423) Pause Young (Allocation Failure) 60M->60M(68M) 14.118ms
[2020-08-10T13:16:12.908+0300][1912.449s][info ][gc] GC(63424) Pause Young (Allocation Failure) 61M->60M(68M) 14.146ms
[2020-08-10T13:16:12.922+0300][1912.464s][info ][gc] GC(63425) Pause Young (Allocation Failure) 61M->61M(68M) 14.192ms
[2020-08-10T13:16:12.937+0300][1912.478s][info ][gc] GC(63426) Pause Young (Allocation Failure) 62M->62M(68M) 14.231ms
[2020-08-10T13:16:12.952+0300][1912.493s][info ][gc] GC(63427) Pause Young (Allocation Failure) 63M->63M(68M) 14.287ms
[2020-08-10T13:16:12.966+0300][1912.508s][info ][gc] GC(63428) Pause Young (Allocation Failure) 64M->64M(68M) 14.021ms
[2020-08-10T13:16:12.981+0300][1912.522s][info ][gc] GC(63429) Pause Young (Allocation Failure) 65M->65M(68M) 13.944ms
[2020-08-10T13:16:13.132+0300][1912.674s][debug][gc] GC(63430) Expanding ParOldGen from 67072K by 11264K to 78336K
[2020-08-10T13:16:13.132+0300][1912.674s][info ][gc] GC(63430) Pause Full (Ergonomics) 65M->65M(79M) 151.454ms
[2020-08-10T13:16:13.160+0300][1912.702s][info ][gc] GC(63431) Pause Young (Allocation Failure) 66M->66M(79M) 27.668ms
[2020-08-10T13:16:13.176+0300][1912.717s][info ][gc] GC(63432) Pause Young (Allocation Failure) 67M->67M(79M) 14.616ms
[2020-08-10T13:16:13.191+0300][1912.732s][info ][gc] GC(63433) Pause Young (Allocation Failure) 68M->68M(79M) 14.445ms
[2020-08-10T13:16:13.206+0300][1912.747s][info ][gc] GC(63434) Pause Young (Allocation Failure) 69M->69M(79M) 14.457ms
[2020-08-10T13:16:13.221+0300][1912.762s][info ][gc] GC(63435) Pause Young (Allocation Failure) 70M->70M(79M) 14.239ms
[2020-08-10T13:16:13.235+0300][1912.777s][info ][gc] GC(63436) Pause Young (Allocation Failure) 71M->71M(79M) 14.231ms
[2020-08-10T13:16:13.250+0300][1912.792s][info ][gc] GC(63437) Pause Young (Allocation Failure) 72M->72M(79M) 14.210ms
[2020-08-10T13:16:13.265+0300][1912.807s][info ][gc] GC(63438) Pause Young (Allocation Failure) 73M->73M(79M) 14.286ms
[2020-08-10T13:16:13.280+0300][1912.821s][info ][gc] GC(63439) Pause Young (Allocation Failure) 74M->74M(79M) 14.162ms
[2020-08-10T13:16:13.294+0300][1912.836s][info ][gc] GC(63440) Pause Young (Allocation Failure) 75M->75M(79M) 14.222ms
[2020-08-10T13:16:13.309+0300][1912.850s][info ][gc] GC(63441) Pause Young (Allocation Failure) 76M->76M(79M) 14.123ms
[2020-08-10T13:16:13.324+0300][1912.865s][info ][gc] GC(63442) Pause Young (Allocation Failure) 77M->77M(79M) 14.305ms
[2020-08-10T13:16:13.505+0300][1913.046s][debug][gc] GC(63443) Expanding ParOldGen from 78336K by 11776K to 90112K
[2020-08-10T13:16:13.505+0300][1913.046s][info ][gc] GC(63443) Pause Full (Ergonomics) 77M->76M(90M) 181.169ms
[2020-08-10T13:16:13.536+0300][1913.078s][info ][gc] GC(63444) Pause Young (Allocation Failure) 77M->77M(90M) 30.578ms
[2020-08-10T13:16:13.551+0300][1913.093s][info ][gc] GC(63445) Pause Young (Allocation Failure) 78M->78M(90M) 14.463ms
[2020-08-10T13:16:13.566+0300][1913.108s][info ][gc] GC(63446) Pause Young (Allocation Failure) 79M->79M(90M) 14.407ms
[2020-08-10T13:16:13.583+0300][1913.125s][info ][gc] GC(63447) Pause Young (Allocation Failure) 80M->80M(90M) 16.975ms
[2020-08-10T13:16:13.599+0300][1913.140s][info ][gc] GC(63448) Pause Young (Allocation Failure) 81M->81M(90M) 14.441ms
[2020-08-10T13:16:13.614+0300][1913.155s][info ][gc] GC(63449) Pause Young (Allocation Failure) 82M->82M(90M) 14.539ms
[2020-08-10T13:16:13.629+0300][1913.170s][info ][gc] GC(63450) Pause Young (Allocation Failure) 83M->83M(90M) 14.755ms
[2020-08-10T13:16:13.644+0300][1913.185s][info ][gc] GC(63451) Pause Young (Allocation Failure) 84M->84M(90M) 14.533ms
[2020-08-10T13:16:13.659+0300][1913.201s][info ][gc] GC(63452) Pause Young (Allocation Failure) 85M->85M(90M) 14.721ms
[2020-08-10T13:16:13.674+0300][1913.216s][info ][gc] GC(63453) Pause Young (Allocation Failure) 86M->86M(90M) 14.577ms
[2020-08-10T13:16:13.693+0300][1913.234s][info ][gc] GC(63454) Pause Young (Allocation Failure) 87M->87M(90M) 17.844ms
[2020-08-10T13:16:13.708+0300][1913.249s][info ][gc] GC(63455) Pause Young (Allocation Failure) 88M->88M(89M) 14.726ms
[2020-08-10T13:16:13.922+0300][1913.463s][debug][gc] GC(63456) Expanding ParOldGen from 90112K by 11264K to 101376K
[2020-08-10T13:16:13.922+0300][1913.464s][info ][gc] GC(63456) Pause Full (Ergonomics) 88M->88M(100M) 214.193ms
[2020-08-10T13:16:13.955+0300][1913.496s][info ][gc] GC(63457) Pause Young (Allocation Failure) 88M->88M(101M) 32.298ms
[2020-08-10T13:16:13.969+0300][1913.511s][info ][gc] GC(63458) Pause Young (Allocation Failure) 89M->89M(101M) 14.051ms
[2020-08-10T13:16:13.984+0300][1913.525s][info ][gc] GC(63459) Pause Young (Allocation Failure) 89M->89M(101M) 13.982ms
[2020-08-10T13:16:13.998+0300][1913.540s][info ][gc] GC(63460) Pause Young (Allocation Failure) 90M->90M(101M) 13.996ms
[2020-08-10T13:16:14.013+0300][1913.554s][info ][gc] GC(63461) Pause Young (Allocation Failure) 90M->90M(101M) 13.902ms
[2020-08-10T13:16:14.027+0300][1913.569s][info ][gc] GC(63462) Pause Young (Allocation Failure) 90M->90M(101M) 13.886ms
[2020-08-10T13:16:14.042+0300][1913.583s][info ][gc] GC(63463) Pause Young (Allocation Failure) 91M->91M(101M) 14.052ms
[2020-08-10T13:16:14.056+0300][1913.598s][info ][gc] GC(63464) Pause Young (Allocation Failure) 91M->91M(101M) 14.167ms
[2020-08-10T13:16:14.071+0300][1913.612s][info ][gc] GC(63465) Pause Young (Allocation Failure) 92M->92M(101M) 14.104ms
[2020-08-10T13:16:14.085+0300][1913.627s][info ][gc] GC(63466) Pause Young (Allocation Failure) 92M->92M(101M) 13.946ms
[2020-08-10T13:16:14.100+0300][1913.641s][info ][gc] GC(63467) Pause Young (Allocation Failure) 93M->93M(101M) 13.787ms
[2020-08-10T13:16:14.114+0300][1913.655s][info ][gc] GC(63468) Pause Young (Allocation Failure) 93M->93M(101M) 13.948ms
[2020-08-10T13:16:14.128+0300][1913.670s][info ][gc] GC(63469) Pause Young (Allocation Failure) 94M->94M(101M) 13.959ms
[2020-08-10T13:16:14.143+0300][1913.685s][info ][gc] GC(63470) Pause Young (Allocation Failure) 94M->94M(101M) 14.119ms
[2020-08-10T13:16:14.158+0300][1913.699s][info ][gc] GC(63471) Pause Young (Allocation Failure) 95M->95M(101M) 14.188ms
[2020-08-10T13:16:14.172+0300][1913.714s][info ][gc] GC(63472) Pause Young (Allocation Failure) 95M->95M(101M) 13.940ms
[2020-08-10T13:16:14.187+0300][1913.728s][info ][gc] GC(63473) Pause Young (Allocation Failure) 96M->96M(100M) 14.340ms
[2020-08-10T13:16:14.201+0300][1913.743s][info ][gc] GC(63474) Pause Young (Allocation Failure) 96M->96M(100M) 13.994ms
[2020-08-10T13:16:14.216+0300][1913.757s][info ][gc] GC(63475) Pause Young (Allocation Failure) 96M->96M(100M) 13.984ms
[2020-08-10T13:16:14.230+0300][1913.771s][info ][gc] GC(63476) Pause Young (Allocation Failure) 97M->97M(100M) 13.917ms
[2020-08-10T13:16:14.244+0300][1913.786s][info ][gc] GC(63477) Pause Young (Allocation Failure) 97M->97M(100M) 13.973ms
[2020-08-10T13:16:14.260+0300][1913.802s][info ][gc] GC(63478) Pause Young (Allocation Failure) 98M->98M(100M) 15.605ms
[2020-08-10T13:16:14.275+0300][1913.817s][info ][gc] GC(63479) Pause Young (Allocation Failure) 98M->98M(100M) 14.142ms
[2020-08-10T13:16:14.539+0300][1914.079s][debug][gc] GC(63480) Expanding ParOldGen from 101376K by 10752K to 112128K
[2020-08-10T13:16:14.539+0300][1914.079s][info ][gc] GC(63480) Pause Full (Ergonomics) 98M->98M(111M) 262.503ms
[2020-08-10T13:16:14.553+0300][1914.093s][info ][gc] GC(63481) Pause Young (Allocation Failure) 99M->99M(111M) 13.386ms
[2020-08-10T13:16:14.567+0300][1914.107s][info ][gc] GC(63482) Pause Young (Allocation Failure) 99M->99M(111M) 13.799ms
[2020-08-10T13:16:14.587+0300][1914.128s][info ][gc] GC(63483) Pause Young (Allocation Failure) 100M->99M(111M) 20.212ms
[2020-08-10T13:16:14.601+0300][1914.142s][info ][gc] GC(63484) Pause Young (Allocation Failure) 100M->100M(111M) 13.614ms
[2020-08-10T13:16:14.615+0300][1914.156s][info ][gc] GC(63485) Pause Young (Allocation Failure) 100M->100M(111M) 13.606ms
[2020-08-10T13:16:14.629+0300][1914.170s][info ][gc] GC(63486) Pause Young (Allocation Failure) 101M->101M(111M) 13.656ms
[2020-08-10T13:16:14.644+0300][1914.184s][info ][gc] GC(63487) Pause Young (Allocation Failure) 101M->101M(111M) 13.755ms
[2020-08-10T13:16:14.658+0300][1914.199s][info ][gc] GC(63488) Pause Young (Allocation Failure) 102M->102M(111M) 13.708ms
[2020-08-10T13:16:14.672+0300][1914.213s][info ][gc] GC(63489) Pause Young (Allocation Failure) 102M->102M(111M) 13.897ms
[2020-08-10T13:16:14.686+0300][1914.227s][info ][gc] GC(63490) Pause Young (Allocation Failure) 103M->103M(111M) 13.486ms
[2020-08-10T13:16:14.700+0300][1914.241s][info ][gc] GC(63491) Pause Young (Allocation Failure) 103M->103M(111M) 13.676ms
[2020-08-10T13:16:14.714+0300][1914.255s][info ][gc] GC(63492) Pause Young (Allocation Failure) 104M->104M(111M) 13.438ms
[2020-08-10T13:16:14.733+0300][1914.274s][info ][gc] GC(63493) Pause Young (Allocation Failure) 104M->104M(111M) 18.759ms
[2020-08-10T13:16:14.747+0300][1914.288s][info ][gc] GC(63494) Pause Young (Allocation Failure) 105M->105M(111M) 13.645ms
[2020-08-10T13:16:14.762+0300][1914.302s][info ][gc] GC(63495) Pause Young (Allocation Failure) 105M->105M(111M) 13.755ms
[2020-08-10T13:16:14.776+0300][1914.316s][info ][gc] GC(63496) Pause Young (Allocation Failure) 106M->105M(111M) 13.762ms
[2020-08-10T13:16:14.790+0300][1914.330s][info ][gc] GC(63497) Pause Young (Allocation Failure) 106M->106M(111M) 13.671ms
[2020-08-10T13:16:14.804+0300][1914.345s][info ][gc] GC(63498) Pause Young (Allocation Failure) 106M->106M(111M) 13.636ms
[2020-08-10T13:16:14.818+0300][1914.358s][info ][gc] GC(63499) Pause Young (Allocation Failure) 107M->107M(111M) 13.529ms
[2020-08-10T13:16:14.832+0300][1914.373s][info ][gc] GC(63500) Pause Young (Allocation Failure) 107M->107M(111M) 13.867ms
[2020-08-10T13:16:14.856+0300][1914.397s][info ][gc] GC(63501) Pause Young (Allocation Failure) 108M->108M(111M) 23.734ms
[2020-08-10T13:16:14.871+0300][1914.411s][info ][gc] GC(63502) Pause Young (Allocation Failure) 108M->108M(111M) 13.856ms
[2020-08-10T13:16:14.885+0300][1914.426s][info ][gc] GC(63503) Pause Young (Allocation Failure) 109M->109M(111M) 14.050ms
[2020-08-10T13:16:14.900+0300][1914.440s][info ][gc] GC(63504) Pause Young (Allocation Failure) 109M->109M(111M) 13.905ms
[2020-08-10T13:16:15.221+0300][1914.761s][debug][gc] GC(63505) Expanding ParOldGen from 112128K by 10752K to 122880K
[2020-08-10T13:16:15.221+0300][1914.761s][info ][gc] GC(63505) Pause Full (Ergonomics) 109M->109M(121M) 320.935ms
[2020-08-10T13:16:15.234+0300][1914.775s][info ][gc] GC(63506) Pause Young (Allocation Failure) 109M->109M(121M) 13.421ms
[2020-08-10T13:16:15.254+0300][1914.795s][info ][gc] GC(63507) Pause Young (Allocation Failure) 110M->110M(121M) 19.367ms
[2020-08-10T13:16:15.269+0300][1914.809s][info ][gc] GC(63508) Pause Young (Allocation Failure) 110M->110M(121M) 13.866ms
[2020-08-10T13:16:15.283+0300][1914.824s][info ][gc] GC(63509) Pause Young (Allocation Failure) 111M->111M(121M) 13.995ms
[2020-08-10T13:16:15.297+0300][1914.838s][info ][gc] GC(63510) Pause Young (Allocation Failure) 111M->111M(121M) 13.990ms
[2020-08-10T13:16:15.312+0300][1914.853s][info ][gc] GC(63511) Pause Young (Allocation Failure) 112M->112M(121M) 14.079ms
[2020-08-10T13:16:15.327+0300][1914.868s][info ][gc] GC(63512) Pause Young (Allocation Failure) 112M->112M(121M) 14.470ms
[2020-08-10T13:16:15.342+0300][1914.882s][info ][gc] GC(63513) Pause Young (Allocation Failure) 113M->113M(121M) 14.178ms
[2020-08-10T13:16:15.356+0300][1914.897s][info ][gc] GC(63514) Pause Young (Allocation Failure) 113M->113M(121M) 14.307ms
[2020-08-10T13:16:15.371+0300][1914.912s][info ][gc] GC(63515) Pause Young (Allocation Failure) 114M->114M(121M) 14.305ms
[2020-08-10T13:16:15.386+0300][1914.927s][info ][gc] GC(63516) Pause Young (Allocation Failure) 114M->114M(121M) 14.224ms
[2020-08-10T13:16:15.400+0300][1914.941s][info ][gc] GC(63517) Pause Young (Allocation Failure) 115M->115M(121M) 14.125ms
[2020-08-10T13:16:15.415+0300][1914.955s][info ][gc] GC(63518) Pause Young (Allocation Failure) 115M->115M(121M) 14.009ms
[2020-08-10T13:16:15.429+0300][1914.970s][info ][gc] GC(63519) Pause Young (Allocation Failure) 115M->115M(121M) 14.249ms
[2020-08-10T13:16:15.458+0300][1914.998s][info ][gc] GC(63520) Pause Young (Allocation Failure) 116M->116M(121M) 27.819ms
[2020-08-10T13:16:15.472+0300][1915.013s][info ][gc] GC(63521) Pause Young (Allocation Failure) 116M->116M(121M) 14.337ms
[2020-08-10T13:16:15.489+0300][1915.029s][info ][gc] GC(63522) Pause Young (Allocation Failure) 117M->117M(121M) 16.118ms
[2020-08-10T13:16:15.503+0300][1915.044s][info ][gc] GC(63523) Pause Young (Allocation Failure) 117M->117M(121M) 14.344ms
[2020-08-10T13:16:15.522+0300][1915.063s][info ][gc] GC(63524) Pause Young (Allocation Failure) 118M->118M(121M) 18.437ms
[2020-08-10T13:16:15.537+0300][1915.078s][info ][gc] GC(63525) Pause Young (Allocation Failure) 118M->118M(121M) 14.308ms
[2020-08-10T13:16:15.552+0300][1915.092s][info ][gc] GC(63526) Pause Young (Allocation Failure) 119M->119M(121M) 14.420ms
[2020-08-10T13:16:15.570+0300][1915.110s][info ][gc] GC(63527) Pause Young (Allocation Failure) 119M->119M(121M) 17.878ms
[2020-08-10T13:16:15.603+0300][1915.144s][info ][gc] GC(63528) Pause Young (Allocation Failure) 120M->119M(121M) 33.006ms
[2020-08-10T13:16:15.992+0300][1915.532s][debug][gc] GC(63529) Expanding ParOldGen from 122880K by 10752K to 133632K
[2020-08-10T13:16:15.992+0300][1915.533s][info ][gc] GC(63529) Pause Full (Ergonomics) 119M->119M(132M) 388.054ms
[2020-08-10T13:16:16.006+0300][1915.547s][info ][gc] GC(63530) Pause Young (Allocation Failure) 120M->120M(132M) 13.918ms
[2020-08-10T13:16:16.026+0300][1915.567s][info ][gc] GC(63531) Pause Young (Allocation Failure) 120M->120M(132M) 19.355ms
[2020-08-10T13:16:16.041+0300][1915.582s][info ][gc] GC(63532) Pause Young (Allocation Failure) 121M->121M(132M) 14.852ms
[2020-08-10T13:16:16.074+0300][1915.615s][info ][gc] GC(63533) Pause Young (Allocation Failure) 121M->121M(132M) 32.407ms
[2020-08-10T13:16:16.089+0300][1915.630s][info ][gc] GC(63534) Pause Young (Allocation Failure) 122M->122M(132M) 14.907ms
[2020-08-10T13:16:16.105+0300][1915.646s][info ][gc] GC(63535) Pause Young (Allocation Failure) 122M->122M(132M) 15.271ms
[2020-08-10T13:16:16.123+0300][1915.663s][info ][gc] GC(63536) Pause Young (Allocation Failure) 123M->123M(132M) 17.255ms
[2020-08-10T13:16:16.138+0300][1915.679s][info ][gc] GC(63537) Pause Young (Allocation Failure) 123M->123M(132M) 15.260ms
[2020-08-10T13:16:16.154+0300][1915.695s][info ][gc] GC(63538) Pause Young (Allocation Failure) 124M->123M(132M) 15.384ms
[2020-08-10T13:16:16.180+0300][1915.721s][info ][gc] GC(63539) Pause Young (Allocation Failure) 124M->124M(132M) 25.771ms
[2020-08-10T13:16:16.196+0300][1915.737s][info ][gc] GC(63540) Pause Young (Allocation Failure) 124M->124M(132M) 15.227ms
[2020-08-10T13:16:16.212+0300][1915.752s][info ][gc] GC(63541) Pause Young (Allocation Failure) 125M->125M(132M) 15.216ms
[2020-08-10T13:16:16.227+0300][1915.768s][info ][gc] GC(63542) Pause Young (Allocation Failure) 125M->125M(132M) 15.297ms
[2020-08-10T13:16:16.249+0300][1915.789s][info ][gc] GC(63543) Pause Young (Allocation Failure) 126M->126M(132M) 21.053ms
[2020-08-10T13:16:16.270+0300][1915.811s][info ][gc] GC(63544) Pause Young (Allocation Failure) 126M->126M(132M) 21.219ms
[2020-08-10T13:16:16.286+0300][1915.827s][info ][gc] GC(63545) Pause Young (Allocation Failure) 127M->127M(132M) 15.621ms
[2020-08-10T13:16:16.307+0300][1915.848s][info ][gc] GC(63546) Pause Young (Allocation Failure) 127M->127M(132M) 20.820ms
[2020-08-10T13:16:16.323+0300][1915.864s][info ][gc] GC(63547) Pause Young (Allocation Failure) 128M->128M(132M) 15.418ms
[2020-08-10T13:16:16.339+0300][1915.879s][info ][gc] GC(63548) Pause Young (Allocation Failure) 128M->128M(132M) 15.305ms
[2020-08-10T13:16:16.354+0300][1915.895s][info ][gc] GC(63549) Pause Young (Allocation Failure) 129M->129M(132M) 15.301ms
[2020-08-10T13:16:16.370+0300][1915.911s][info ][gc] GC(63550) Pause Young (Allocation Failure) 129M->129M(132M) 15.657ms
[2020-08-10T13:16:16.386+0300][1915.927s][info ][gc] GC(63551) Pause Young (Allocation Failure) 130M->129M(132M) 15.603ms
[2020-08-10T13:16:16.402+0300][1915.943s][info ][gc] GC(63552) Pause Young (Allocation Failure) 130M->130M(132M) 15.568ms
[2020-08-10T13:16:16.418+0300][1915.958s][info ][gc] GC(63553) Pause Young (Allocation Failure) 130M->130M(132M) 15.459ms
[2020-08-10T13:16:16.985+0300][1916.526s][debug][gc] GC(63554) Expanding ParOldGen from 133632K by 10752K to 144384K
[2020-08-10T13:16:16.985+0300][1916.526s][info ][gc] GC(63554) Pause Full (Ergonomics) 130M->130M(142M) 567.570ms
[2020-08-10T13:16:17.026+0300][1916.567s][info ][gc] GC(63555) Pause Young (Allocation Failure) 131M->131M(142M) 40.547ms
[2020-08-10T13:16:17.045+0300][1916.586s][info ][gc] GC(63556) Pause Young (Allocation Failure) 131M->131M(142M) 18.544ms
[2020-08-10T13:16:17.062+0300][1916.603s][info ][gc] GC(63557) Pause Young (Allocation Failure) 132M->132M(142M) 16.314ms
[2020-08-10T13:16:17.079+0300][1916.620s][info ][gc] GC(63558) Pause Young (Allocation Failure) 132M->132M(142M) 16.281ms
[2020-08-10T13:16:17.096+0300][1916.636s][info ][gc] GC(63559) Pause Young (Allocation Failure) 133M->132M(142M) 16.256ms
[2020-08-10T13:16:17.115+0300][1916.655s][info ][gc] GC(63560) Pause Young (Allocation Failure) 133M->133M(142M) 18.462ms
[2020-08-10T13:16:17.131+0300][1916.672s][info ][gc] GC(63561) Pause Young (Allocation Failure) 133M->133M(142M) 16.059ms
[2020-08-10T13:16:17.149+0300][1916.690s][info ][gc] GC(63562) Pause Young (Allocation Failure) 134M->134M(142M) 18.110ms
[2020-08-10T13:16:17.166+0300][1916.707s][info ][gc] GC(63563) Pause Young (Allocation Failure) 134M->134M(142M) 16.062ms
[2020-08-10T13:16:17.183+0300][1916.724s][info ][gc] GC(63564) Pause Young (Allocation Failure) 135M->135M(142M) 16.459ms
[2020-08-10T13:16:17.200+0300][1916.741s][info ][gc] GC(63565) Pause Young (Allocation Failure) 135M->135M(142M) 16.685ms
[2020-08-10T13:16:17.200+0300][1916.741s][debug][gc] Expanding ParOldGen from 144384K by 19968K to 164352K
[2020-08-10T13:16:17.223+0300][1916.764s][info ][gc] GC(63566) Pause Young (Allocation Failure) 155M->154M(162M) 14.818ms
[2020-08-10T13:16:17.244+0300][1916.785s][info ][gc] GC(63567) Pause Young (Allocation Failure) 155M->155M(162M) 20.118ms
[2020-08-10T13:16:17.263+0300][1916.804s][info ][gc] GC(63568) Pause Young (Allocation Failure) 155M->155M(162M) 18.980ms
[2020-08-10T13:16:17.277+0300][1916.818s][info ][gc] GC(63569) Pause Young (Allocation Failure) 156M->156M(162M) 13.632ms
[2020-08-10T13:16:17.291+0300][1916.832s][info ][gc] GC(63570) Pause Young (Allocation Failure) 156M->156M(162M) 13.732ms
[2020-08-10T13:16:17.320+0300][1916.861s][info ][gc] GC(63571) Pause Young (Allocation Failure) 157M->157M(162M) 28.131ms
[2020-08-10T13:16:17.334+0300][1916.875s][info ][gc] GC(63572) Pause Young (Allocation Failure) 157M->157M(162M) 14.155ms
[2020-08-10T13:16:17.349+0300][1916.889s][info ][gc] GC(63573) Pause Young (Allocation Failure) 158M->158M(162M) 13.756ms
[2020-08-10T13:16:17.363+0300][1916.903s][info ][gc] GC(63574) Pause Young (Allocation Failure) 158M->158M(162M) 13.797ms
[2020-08-10T13:16:17.377+0300][1916.918s][info ][gc] GC(63575) Pause Young (Allocation Failure) 159M->158M(162M) 13.793ms
[2020-08-10T13:16:17.391+0300][1916.932s][info ][gc] GC(63576) Pause Young (Allocation Failure) 159M->159M(162M) 13.711ms
[2020-08-10T13:16:17.405+0300][1916.946s][info ][gc] GC(63577) Pause Young (Allocation Failure) 159M->159M(162M) 13.772ms
[2020-08-10T13:16:17.419+0300][1916.960s][info ][gc] GC(63578) Pause Young (Allocation Failure) 160M->160M(162M) 13.640ms
[2020-08-10T13:16:17.436+0300][1916.976s][info ][gc] GC(63579) Pause Young (Allocation Failure) 160M->160M(162M) 16.422ms
[2020-08-10T13:16:17.495+0300][1917.035s][debug][gc] GC(63580) Shrinking ParOldGen from 164352K by 125440K to 38912K
[2020-08-10T13:16:17.495+0300][1917.035s][info ][gc] GC(63580) Pause Full (Ergonomics) 160M->26M(39M) 58.940ms
[2020-08-10T13:16:17.508+0300][1917.049s][info ][gc] GC(63581) Pause Young (Allocation Failure) 27M->27M(39M) 13.000ms
[2020-08-10T13:16:17.522+0300][1917.062s][info ][gc] GC(63582) Pause Young (Allocation Failure) 27M->27M(39M) 13.476ms
[2020-08-10T13:16:17.535+0300][1917.076s][info ][gc] GC(63583) Pause Young (Allocation Failure) 28M->28M(39M) 13.348ms
[2020-08-10T13:16:17.549+0300][1917.090s][info ][gc] GC(63584) Pause Young (Allocation Failure) 28M->28M(39M) 13.222ms
[2020-08-10T13:16:17.563+0300][1917.103s][info ][gc] GC(63585) Pause Young (Allocation Failure) 29M->29M(39M) 13.524ms
[2020-08-10T13:16:17.580+0300][1917.121s][info ][gc] GC(63586) Pause Young (Allocation Failure) 29M->29M(39M) 17.132ms
[2020-08-10T13:16:17.594+0300][1917.135s][info ][gc] GC(63587) Pause Young (Allocation Failure) 30M->30M(39M) 13.383ms
[2020-08-10T13:16:17.608+0300][1917.149s][info ][gc] GC(63588) Pause Young (Allocation Failure) 30M->30M(39M) 13.439ms
[2020-08-10T13:16:17.621+0300][1917.162s][info ][gc] GC(63589) Pause Young (Allocation Failure) 31M->31M(39M) 13.193ms
[2020-08-10T13:16:17.635+0300][1917.176s][info ][gc] GC(63590) Pause Young (Allocation Failure) 31M->31M(39M) 13.401ms
[2020-08-10T13:16:17.649+0300][1917.190s][info ][gc] GC(63591) Pause Young (Allocation Failure) 32M->32M(39M) 13.840ms
[2020-08-10T13:16:17.664+0300][1917.204s][info ][gc] GC(63592) Pause Young (Allocation Failure) 33M->33M(39M) 13.773ms
[2020-08-10T13:16:17.678+0300][1917.218s][info ][gc] GC(63593) Pause Young (Allocation Failure) 34M->33M(40M) 13.666ms
[2020-08-10T13:16:17.692+0300][1917.233s][info ][gc] GC(63594) Pause Young (Allocation Failure) 34M->34M(40M) 13.894ms
[2020-08-10T13:16:17.706+0300][1917.247s][info ][gc] GC(63595) Pause Young (Allocation Failure) 35M->35M(40M) 13.891ms
[2020-08-10T13:16:17.720+0300][1917.261s][info ][gc] GC(63596) Pause Young (Allocation Failure) 36M->36M(40M) 13.586ms
[2020-08-10T13:16:17.734+0300][1917.275s][info ][gc] GC(63597) Pause Young (Allocation Failure) 37M->37M(40M) 13.907ms
[2020-08-10T13:16:17.749+0300][1917.290s][info ][gc] GC(63598) Pause Young (Allocation Failure) 38M->38M(40M) 14.173ms
[2020-08-10T13:16:17.828+0300][1917.369s][debug][gc] GC(63599) Expanding ParOldGen from 38912K by 11264K to 50176K
[2020-08-10T13:16:17.829+0300][1917.369s][info ][gc] GC(63599) Pause Full (Ergonomics) 38M->38M(51M) 79.391ms
[2020-08-10T13:16:17.855+0300][1917.395s][info ][gc] GC(63600) Pause Young (Allocation Failure) 39M->39M(51M) 25.479ms
[2020-08-10T13:16:17.869+0300][1917.410s][info ][gc] GC(63601) Pause Young (Allocation Failure) 40M->40M(51M) 13.999ms
[2020-08-10T13:16:17.888+0300][1917.428s][info ][gc] GC(63602) Pause Young (Allocation Failure) 41M->41M(51M) 18.149ms
[2020-08-10T13:16:17.902+0300][1917.443s][info ][gc] GC(63603) Pause Young (Allocation Failure) 42M->42M(51M) 13.986ms
[2020-08-10T13:16:17.916+0300][1917.457s][info ][gc] GC(63604) Pause Young (Allocation Failure) 43M->43M(51M) 13.940ms
[2020-08-10T13:16:17.931+0300][1917.472s][info ][gc] GC(63605) Pause Young (Allocation Failure) 44M->44M(51M) 14.128ms
[2020-08-10T13:16:17.945+0300][1917.486s][info ][gc] GC(63606) Pause Young (Allocation Failure) 45M->44M(51M) 14.002ms
[2020-08-10T13:16:17.960+0300][1917.501s][info ][gc] GC(63607) Pause Young (Allocation Failure) 45M->45M(51M) 14.068ms
[2020-08-10T13:16:17.974+0300][1917.515s][info ][gc] GC(63608) Pause Young (Allocation Failure) 46M->46M(51M) 13.846ms
[2020-08-10T13:16:17.988+0300][1917.529s][info ][gc] GC(63609) Pause Young (Allocation Failure) 47M->47M(51M) 13.923ms
[2020-08-10T13:16:18.003+0300][1917.544s][info ][gc] GC(63610) Pause Young (Allocation Failure) 48M->48M(51M) 14.048ms
[2020-08-10T13:16:18.120+0300][1917.661s][debug][gc] GC(63611) Expanding ParOldGen from 50176K by 11264K to 61440K
[2020-08-10T13:16:18.120+0300][1917.661s][info ][gc] GC(63611) Pause Full (Ergonomics) 48M->48M(62M) 117.180ms
[2020-08-10T13:16:18.138+0300][1917.679s][info ][gc] GC(63612) Pause Young (Allocation Failure) 49M->49M(62M) 17.570ms
[2020-08-10T13:16:18.153+0300][1917.694s][info ][gc] GC(63613) Pause Young (Allocation Failure) 50M->50M(62M) 13.910ms
[2020-08-10T13:16:18.171+0300][1917.712s][info ][gc] GC(63614) Pause Young (Allocation Failure) 51M->51M(62M) 17.648ms
[2020-08-10T13:16:18.185+0300][1917.726s][info ][gc] GC(63615) Pause Young (Allocation Failure) 52M->52M(62M) 14.084ms
[2020-08-10T13:16:18.200+0300][1917.741s][info ][gc] GC(63616) Pause Young (Allocation Failure) 53M->53M(62M) 14.008ms
[2020-08-10T13:16:18.228+0300][1917.768s][info ][gc] GC(63617) Pause Young (Allocation Failure) 54M->54M(62M) 27.335ms
[2020-08-10T13:16:18.242+0300][1917.783s][info ][gc] GC(63618) Pause Young (Allocation Failure) 55M->55M(62M) 14.436ms
[2020-08-10T13:16:18.257+0300][1917.798s][info ][gc] GC(63619) Pause Young (Allocation Failure) 56M->56M(62M) 14.125ms
[2020-08-10T13:16:18.272+0300][1917.812s][info ][gc] GC(63620) Pause Young (Allocation Failure) 57M->57M(62M) 14.001ms
[2020-08-10T13:16:18.286+0300][1917.827s][info ][gc] GC(63621) Pause Young (Allocation Failure) 58M->57M(62M) 14.235ms
[2020-08-10T13:16:18.306+0300][1917.847s][info ][gc] GC(63622) Pause Young (Allocation Failure) 58M->58M(62M) 19.613ms
[2020-08-10T13:16:18.320+0300][1917.861s][info ][gc] GC(63623) Pause Young (Allocation Failure) 59M->59M(62M) 13.761ms
[2020-08-10T13:16:18.468+0300][1918.009s][debug][gc] GC(63624) Expanding ParOldGen from 61440K by 11264K to 72704K
[2020-08-10T13:16:18.469+0300][1918.009s][info ][gc] GC(63624) Pause Full (Ergonomics) 59M->59M(73M) 148.189ms
[2020-08-10T13:16:18.483+0300][1918.024s][info ][gc] GC(63625) Pause Young (Allocation Failure) 60M->60M(73M) 13.620ms
[2020-08-10T13:16:18.498+0300][1918.039s][info ][gc] GC(63626) Pause Young (Allocation Failure) 61M->61M(73M) 14.443ms
[2020-08-10T13:16:18.512+0300][1918.053s][info ][gc] GC(63627) Pause Young (Allocation Failure) 62M->62M(73M) 13.816ms
[2020-08-10T13:16:18.531+0300][1918.072s][info ][gc] GC(63628) Pause Young (Allocation Failure) 63M->63M(73M) 18.096ms
[2020-08-10T13:16:18.546+0300][1918.087s][info ][gc] GC(63629) Pause Young (Allocation Failure) 64M->64M(73M) 14.453ms
[2020-08-10T13:16:18.561+0300][1918.101s][info ][gc] GC(63630) Pause Young (Allocation Failure) 65M->65M(73M) 14.382ms
[2020-08-10T13:16:18.576+0300][1918.116s][info ][gc] GC(63631) Pause Young (Allocation Failure) 66M->66M(73M) 14.645ms
[2020-08-10T13:16:18.590+0300][1918.131s][info ][gc] GC(63632) Pause Young (Allocation Failure) 67M->67M(73M) 14.003ms
[2020-08-10T13:16:18.604+0300][1918.145s][info ][gc] GC(63633) Pause Young (Allocation Failure) 68M->68M(73M) 13.881ms
[2020-08-10T13:16:18.622+0300][1918.163s][info ][gc] GC(63634) Pause Young (Allocation Failure) 69M->69M(73M) 17.036ms
[2020-08-10T13:16:18.636+0300][1918.177s][info ][gc] GC(63635) Pause Young (Allocation Failure) 70M->70M(73M) 14.008ms
[2020-08-10T13:16:18.650+0300][1918.191s][info ][gc] GC(63636) Pause Young (Allocation Failure) 71M->70M(73M) 13.641ms
[2020-08-10T13:16:18.843+0300][1918.384s][debug][gc] GC(63637) Expanding ParOldGen from 72704K by 11264K to 83968K
[2020-08-10T13:16:18.843+0300][1918.384s][info ][gc] GC(63637) Pause Full (Ergonomics) 70M->70M(84M) 192.650ms
[2020-08-10T13:16:18.857+0300][1918.398s][info ][gc] GC(63638) Pause Young (Allocation Failure) 71M->71M(84M) 13.469ms
[2020-08-10T13:16:18.872+0300][1918.413s][info ][gc] GC(63639) Pause Young (Allocation Failure) 72M->72M(84M) 14.018ms
[2020-08-10T13:16:18.886+0300][1918.427s][info ][gc] GC(63640) Pause Young (Allocation Failure) 73M->73M(84M) 14.141ms
[2020-08-10T13:16:18.901+0300][1918.442s][info ][gc] GC(63641) Pause Young (Allocation Failure) 74M->74M(84M) 14.228ms
[2020-08-10T13:16:18.916+0300][1918.456s][info ][gc] GC(63642) Pause Young (Allocation Failure) 75M->75M(84M) 14.077ms
[2020-08-10T13:16:18.931+0300][1918.472s][info ][gc] GC(63643) Pause Young (Allocation Failure) 76M->76M(84M) 14.643ms
[2020-08-10T13:16:18.945+0300][1918.486s][info ][gc] GC(63644) Pause Young (Allocation Failure) 77M->77M(84M) 14.083ms
[2020-08-10T13:16:18.960+0300][1918.501s][info ][gc] GC(63645) Pause Young (Allocation Failure) 78M->78M(84M) 14.255ms
[2020-08-10T13:16:18.975+0300][1918.516s][info ][gc] GC(63646) Pause Young (Allocation Failure) 79M->79M(84M) 14.181ms
[2020-08-10T13:16:18.990+0300][1918.530s][info ][gc] GC(63647) Pause Young (Allocation Failure) 80M->80M(84M) 14.196ms
[2020-08-10T13:16:19.004+0300][1918.545s][info ][gc] GC(63648) Pause Young (Allocation Failure) 81M->81M(84M) 14.154ms
[2020-08-10T13:16:19.019+0300][1918.560s][info ][gc] GC(63649) Pause Young (Allocation Failure) 82M->82M(84M) 14.150ms
[2020-08-10T13:16:19.215+0300][1918.756s][debug][gc] GC(63650) Expanding ParOldGen from 83968K by 11776K to 95744K
[2020-08-10T13:16:19.215+0300][1918.756s][info ][gc] GC(63650) Pause Full (Ergonomics) 82M->81M(96M) 196.559ms
[2020-08-10T13:16:19.230+0300][1918.771s][info ][gc] GC(63651) Pause Young (Allocation Failure) 82M->82M(96M) 13.621ms
[2020-08-10T13:16:19.245+0300][1918.785s][info ][gc] GC(63652) Pause Young (Allocation Failure) 83M->83M(96M) 14.383ms
[2020-08-10T13:16:19.260+0300][1918.801s][info ][gc] GC(63653) Pause Young (Allocation Failure) 84M->84M(96M) 14.637ms
[2020-08-10T13:16:19.275+0300][1918.816s][info ][gc] GC(63654) Pause Young (Allocation Failure) 85M->85M(96M) 14.660ms
[2020-08-10T13:16:19.290+0300][1918.831s][info ][gc] GC(63655) Pause Young (Allocation Failure) 86M->86M(96M) 14.530ms
[2020-08-10T13:16:19.305+0300][1918.846s][info ][gc] GC(63656) Pause Young (Allocation Failure) 87M->87M(96M) 14.341ms
[2020-08-10T13:16:19.320+0300][1918.861s][info ][gc] GC(63657) Pause Young (Allocation Failure) 88M->88M(96M) 14.368ms
[2020-08-10T13:16:19.341+0300][1918.882s][info ][gc] GC(63658) Pause Young (Allocation Failure) 89M->89M(96M) 20.701ms
[2020-08-10T13:16:19.359+0300][1918.900s][info ][gc] GC(63659) Pause Young (Allocation Failure) 90M->90M(96M) 17.903ms
[2020-08-10T13:16:19.375+0300][1918.916s][info ][gc] GC(63660) Pause Young (Allocation Failure) 91M->91M(96M) 15.278ms
[2020-08-10T13:16:19.391+0300][1918.932s][info ][gc] GC(63661) Pause Young (Allocation Failure) 92M->92M(96M) 15.299ms
[2020-08-10T13:16:19.407+0300][1918.948s][info ][gc] GC(63662) Pause Young (Allocation Failure) 93M->93M(96M) 15.447ms
[2020-08-10T13:16:19.710+0300][1919.251s][debug][gc] GC(63663) Expanding ParOldGen from 95744K by 11264K to 107008K
[2020-08-10T13:16:19.710+0300][1919.251s][info ][gc] GC(63663) Pause Full (Ergonomics) 93M->93M(107M) 302.630ms
[2020-08-10T13:16:19.724+0300][1919.265s][info ][gc] GC(63664) Pause Young (Allocation Failure) 94M->94M(107M) 13.862ms
[2020-08-10T13:16:19.740+0300][1919.281s][info ][gc] GC(63665) Pause Young (Allocation Failure) 95M->95M(107M) 15.215ms
[2020-08-10T13:16:19.756+0300][1919.297s][info ][gc] GC(63666) Pause Young (Allocation Failure) 96M->96M(106M) 15.267ms
[2020-08-10T13:16:19.772+0300][1919.312s][info ][gc] GC(63667) Pause Young (Allocation Failure) 97M->97M(106M) 15.554ms
[2020-08-10T13:16:19.788+0300][1919.329s][info ][gc] GC(63668) Pause Young (Allocation Failure) 98M->97M(106M) 15.903ms
[2020-08-10T13:16:19.807+0300][1919.348s][info ][gc] GC(63669) Pause Young (Allocation Failure) 98M->98M(107M) 17.652ms
[2020-08-10T13:16:19.823+0300][1919.364s][info ][gc] GC(63670) Pause Young (Allocation Failure) 99M->99M(107M) 15.562ms
[2020-08-10T13:16:19.845+0300][1919.386s][info ][gc] GC(63671) Pause Young (Allocation Failure) 100M->100M(107M) 21.970ms
[2020-08-10T13:16:19.862+0300][1919.403s][info ][gc] GC(63672) Pause Young (Allocation Failure) 101M->101M(107M) 16.038ms
[2020-08-10T13:16:19.879+0300][1919.420s][info ][gc] GC(63673) Pause Young (Allocation Failure) 102M->102M(107M) 16.090ms
[2020-08-10T13:16:19.903+0300][1919.444s][info ][gc] GC(63674) Pause Young (Allocation Failure) 103M->103M(107M) 23.882ms
[2020-08-10T13:16:19.927+0300][1919.468s][info ][gc] GC(63675) Pause Young (Allocation Failure) 104M->104M(107M) 23.083ms
[2020-08-10T13:16:20.246+0300][1919.787s][debug][gc] GC(63676) Expanding ParOldGen from 107008K by 11264K to 118272K
[2020-08-10T13:16:20.246+0300][1919.787s][info ][gc] GC(63676) Pause Full (Ergonomics) 104M->104M(118M) 319.020ms
[2020-08-10T13:16:20.298+0300][1919.839s][info ][gc] GC(63677) Pause Young (Allocation Failure) 105M->105M(118M) 51.489ms
[2020-08-10T13:16:20.315+0300][1919.855s][info ][gc] GC(63678) Pause Young (Allocation Failure) 106M->106M(118M) 16.578ms
[2020-08-10T13:16:20.331+0300][1919.872s][info ][gc] GC(63679) Pause Young (Allocation Failure) 107M->107M(118M) 16.327ms
[2020-08-10T13:16:20.351+0300][1919.892s][info ][gc] GC(63680) Pause Young (Allocation Failure) 108M->108M(118M) 19.553ms
[2020-08-10T13:16:20.380+0300][1919.921s][info ][gc] GC(63681) Pause Young (Allocation Failure) 109M->109M(118M) 28.050ms
[2020-08-10T13:16:20.398+0300][1919.939s][info ][gc] GC(63682) Pause Young (Allocation Failure) 110M->110M(118M) 17.141ms
[2020-08-10T13:16:20.416+0300][1919.957s][info ][gc] GC(63683) Pause Young (Allocation Failure) 111M->111M(118M) 17.907ms
[2020-08-10T13:16:20.441+0300][1919.982s][info ][gc] GC(63684) Pause Young (Allocation Failure) 112M->112M(118M) 24.418ms
[2020-08-10T13:16:20.463+0300][1920.004s][info ][gc] GC(63685) Pause Young (Allocation Failure) 113M->113M(118M) 21.876ms
[2020-08-10T13:16:20.481+0300][1920.022s][info ][gc] GC(63686) Pause Young (Allocation Failure) 114M->114M(118M) 17.332ms
[2020-08-10T13:16:20.507+0300][1920.048s][info ][gc] GC(63687) Pause Young (Allocation Failure) 115M->115M(118M) 25.863ms
[2020-08-10T13:16:20.525+0300][1920.065s][info ][gc] GC(63688) Pause Young (Allocation Failure) 116M->115M(118M) 16.978ms
[2020-08-10T13:16:20.840+0300][1920.381s][debug][gc] GC(63689) Expanding ParOldGen from 118272K by 11776K to 130048K
[2020-08-10T13:16:20.841+0300][1920.381s][info ][gc] GC(63689) Pause Full (Ergonomics) 115M->115M(129M) 315.895ms
[2020-08-10T13:16:20.892+0300][1920.433s][info ][gc] GC(63690) Pause Young (Allocation Failure) 116M->116M(129M) 51.107ms
[2020-08-10T13:16:20.923+0300][1920.464s][info ][gc] GC(63691) Pause Young (Allocation Failure) 117M->117M(129M) 30.204ms
[2020-08-10T13:16:20.964+0300][1920.505s][info ][gc] GC(63692) Pause Young (Allocation Failure) 118M->118M(129M) 40.818ms
[2020-08-10T13:16:20.983+0300][1920.524s][info ][gc] GC(63693) Pause Young (Allocation Failure) 119M->119M(129M) 18.134ms
[2020-08-10T13:16:21.007+0300][1920.548s][info ][gc] GC(63694) Pause Young (Allocation Failure) 120M->120M(129M) 23.122ms
[2020-08-10T13:16:21.048+0300][1920.589s][info ][gc] GC(63695) Pause Young (Allocation Failure) 121M->121M(129M) 41.140ms
[2020-08-10T13:16:21.070+0300][1920.611s][info ][gc] GC(63696) Pause Young (Allocation Failure) 122M->122M(129M) 20.830ms
[2020-08-10T13:16:21.088+0300][1920.629s][info ][gc] GC(63697) Pause Young (Allocation Failure) 123M->123M(129M) 18.465ms
[2020-08-10T13:16:21.113+0300][1920.654s][info ][gc] GC(63698) Pause Young (Allocation Failure) 124M->124M(129M) 24.663ms
[2020-08-10T13:16:21.144+0300][1920.685s][info ][gc] GC(63699) Pause Young (Allocation Failure) 125M->125M(129M) 30.153ms
[2020-08-10T13:16:21.163+0300][1920.704s][info ][gc] GC(63700) Pause Young (Allocation Failure) 126M->126M(129M) 18.563ms
[2020-08-10T13:16:21.182+0300][1920.723s][info ][gc] GC(63701) Pause Young (Allocation Failure) 127M->127M(129M) 18.446ms
[2020-08-10T13:16:21.687+0300][1921.228s][debug][gc] GC(63702) Expanding ParOldGen from 130048K by 11264K to 141312K
[2020-08-10T13:16:21.687+0300][1921.228s][info ][gc] GC(63702) Pause Full (Ergonomics) 127M->127M(140M) 504.955ms
[2020-08-10T13:16:21.724+0300][1921.265s][info ][gc] GC(63703) Pause Young (Allocation Failure) 128M->128M(140M) 36.900ms
[2020-08-10T13:16:21.767+0300][1921.308s][info ][gc] GC(63704) Pause Young (Allocation Failure) 129M->129M(140M) 42.755ms
[2020-08-10T13:16:21.787+0300][1921.328s][info ][gc] GC(63705) Pause Young (Allocation Failure) 130M->130M(140M) 19.224ms
[2020-08-10T13:16:21.807+0300][1921.348s][info ][gc] GC(63706) Pause Young (Allocation Failure) 131M->130M(140M) 19.341ms
[2020-08-10T13:16:21.834+0300][1921.375s][info ][gc] GC(63707) Pause Young (Allocation Failure) 131M->131M(140M) 26.585ms
[2020-08-10T13:16:21.877+0300][1921.418s][info ][gc] GC(63708) Pause Young (Allocation Failure) 132M->132M(140M) 43.094ms
[2020-08-10T13:16:21.898+0300][1921.438s][info ][gc] GC(63709) Pause Young (Allocation Failure) 133M->133M(140M) 19.456ms
[2020-08-10T13:16:21.917+0300][1921.458s][info ][gc] GC(63710) Pause Young (Allocation Failure) 134M->134M(140M) 19.247ms
[2020-08-10T13:16:21.918+0300][1921.459s][debug][gc] Expanding ParOldGen from 141312K by 19968K to 161280K
[2020-08-10T13:16:21.953+0300][1921.494s][info ][gc] GC(63711) Pause Young (Allocation Failure) 154M->154M(160M) 27.332ms
[2020-08-10T13:16:21.972+0300][1921.513s][info ][gc] GC(63712) Pause Young (Allocation Failure) 155M->155M(160M) 18.680ms
[2020-08-10T13:16:21.992+0300][1921.533s][info ][gc] GC(63713) Pause Young (Allocation Failure) 156M->156M(160M) 18.757ms
[2020-08-10T13:16:22.006+0300][1921.547s][info ][gc] GC(63714) Pause Young (Allocation Failure) 157M->157M(160M) 14.110ms
[2020-08-10T13:16:22.049+0300][1921.590s][debug][gc] GC(63715) Shrinking ParOldGen from 161280K by 124928K to 36352K
[2020-08-10T13:16:22.049+0300][1921.590s][info ][gc] GC(63715) Pause Full (Ergonomics) 157M->23M(38M) 43.175ms
[2020-08-10T13:16:22.063+0300][1921.604s][info ][gc] GC(63716) Pause Young (Allocation Failure) 24M->24M(38M) 13.547ms
[2020-08-10T13:16:22.078+0300][1921.619s][info ][gc] GC(63717) Pause Young (Allocation Failure) 25M->25M(38M) 14.154ms
[2020-08-10T13:16:22.092+0300][1921.633s][info ][gc] GC(63718) Pause Young (Allocation Failure) 26M->26M(38M) 14.197ms
[2020-08-10T13:16:22.106+0300][1921.647s][info ][gc] GC(63719) Pause Young (Allocation Failure) 27M->27M(38M) 13.668ms
[2020-08-10T13:16:22.124+0300][1921.665s][info ][gc] GC(63720) Pause Young (Allocation Failure) 28M->28M(38M) 16.783ms
[2020-08-10T13:16:22.139+0300][1921.680s][info ][gc] GC(63721) Pause Young (Allocation Failure) 29M->29M(38M) 14.254ms
[2020-08-10T13:16:22.153+0300][1921.694s][info ][gc] GC(63722) Pause Young (Allocation Failure) 30M->30M(38M) 14.192ms
[2020-08-10T13:16:22.168+0300][1921.709s][info ][gc] GC(63723) Pause Young (Allocation Failure) 31M->31M(38M) 13.995ms
[2020-08-10T13:16:22.183+0300][1921.724s][info ][gc] GC(63724) Pause Young (Allocation Failure) 32M->32M(38M) 13.939ms
[2020-08-10T13:16:22.197+0300][1921.738s][info ][gc] GC(63725) Pause Young (Allocation Failure) 33M->33M(38M) 13.953ms
[2020-08-10T13:16:22.212+0300][1921.753s][info ][gc] GC(63726) Pause Young (Allocation Failure) 34M->34M(38M) 14.488ms
[2020-08-10T13:16:22.227+0300][1921.768s][info ][gc] GC(63727) Pause Young (Allocation Failure) 35M->35M(37M) 13.963ms
[2020-08-10T13:16:22.289+0300][1921.830s][debug][gc] GC(63728) Expanding ParOldGen from 36352K by 11264K to 47616K
[2020-08-10T13:16:22.289+0300][1921.830s][info ][gc] GC(63728) Pause Full (Ergonomics) 35M->35M(48M) 62.771ms
[2020-08-10T13:16:22.303+0300][1921.844s][info ][gc] GC(63729) Pause Young (Allocation Failure) 36M->36M(48M) 13.495ms
[2020-08-10T13:16:22.329+0300][1921.870s][info ][gc] GC(63730) Pause Young (Allocation Failure) 37M->37M(48M) 25.061ms
[2020-08-10T13:16:22.352+0300][1921.893s][info ][gc] GC(63731) Pause Young (Allocation Failure) 38M->38M(48M) 21.920ms
[2020-08-10T13:16:22.366+0300][1921.907s][info ][gc] GC(63732) Pause Young (Allocation Failure) 39M->39M(48M) 14.124ms
[2020-08-10T13:16:22.384+0300][1921.925s][info ][gc] GC(63733) Pause Young (Allocation Failure) 40M->39M(48M) 16.949ms
[2020-08-10T13:16:22.399+0300][1921.940s][info ][gc] GC(63734) Pause Young (Allocation Failure) 40M->40M(48M) 13.900ms
[2020-08-10T13:16:22.414+0300][1921.955s][info ][gc] GC(63735) Pause Young (Allocation Failure) 41M->41M(48M) 14.148ms
[2020-08-10T13:16:22.428+0300][1921.969s][info ][gc] GC(63736) Pause Young (Allocation Failure) 42M->42M(48M) 13.740ms
[2020-08-10T13:16:22.442+0300][1921.983s][info ][gc] GC(63737) Pause Young (Allocation Failure) 43M->43M(48M) 13.876ms
[2020-08-10T13:16:22.457+0300][1921.998s][info ][gc] GC(63738) Pause Young (Allocation Failure) 44M->44M(48M) 13.911ms
[2020-08-10T13:16:22.472+0300][1922.013s][info ][gc] GC(63739) Pause Young (Allocation Failure) 45M->45M(48M) 14.667ms
[2020-08-10T13:16:22.494+0300][1922.035s][info ][gc] GC(63740) Pause Young (Allocation Failure) 46M->46M(48M) 21.323ms
[2020-08-10T13:16:22.597+0300][1922.138s][debug][gc] GC(63741) Expanding ParOldGen from 47616K by 11264K to 58880K
[2020-08-10T13:16:22.597+0300][1922.138s][info ][gc] GC(63741) Pause Full (Ergonomics) 46M->46M(59M) 103.488ms
[2020-08-10T13:16:22.618+0300][1922.159s][info ][gc] GC(63742) Pause Young (Allocation Failure) 47M->47M(59M) 20.212ms
[2020-08-10T13:16:22.632+0300][1922.173s][info ][gc] GC(63743) Pause Young (Allocation Failure) 48M->48M(59M) 14.089ms
[2020-08-10T13:16:22.647+0300][1922.188s][info ][gc] GC(63744) Pause Young (Allocation Failure) 49M->49M(59M) 14.171ms
[2020-08-10T13:16:22.661+0300][1922.202s][info ][gc] GC(63745) Pause Young (Allocation Failure) 50M->50M(59M) 14.098ms
[2020-08-10T13:16:22.677+0300][1922.218s][info ][gc] GC(63746) Pause Young (Allocation Failure) 51M->51M(59M) 14.708ms
[2020-08-10T13:16:22.691+0300][1922.232s][info ][gc] GC(63747) Pause Young (Allocation Failure) 52M->52M(59M) 14.234ms
[2020-08-10T13:16:22.714+0300][1922.255s][info ][gc] GC(63748) Pause Young (Allocation Failure) 53M->53M(59M) 22.110ms
[2020-08-10T13:16:22.728+0300][1922.269s][info ][gc] GC(63749) Pause Young (Allocation Failure) 54M->54M(59M) 13.927ms
[2020-08-10T13:16:22.750+0300][1922.291s][info ][gc] GC(63750) Pause Young (Allocation Failure) 55M->55M(59M) 21.364ms
[2020-08-10T13:16:22.765+0300][1922.306s][info ][gc] GC(63751) Pause Young (Allocation Failure) 55M->55M(59M) 14.126ms
[2020-08-10T13:16:22.779+0300][1922.320s][info ][gc] GC(63752) Pause Young (Allocation Failure) 56M->56M(59M) 13.851ms
[2020-08-10T13:16:22.793+0300][1922.334s][info ][gc] GC(63753) Pause Young (Allocation Failure) 56M->56M(59M) 13.533ms
[2020-08-10T13:16:22.808+0300][1922.349s][info ][gc] GC(63754) Pause Young (Allocation Failure) 56M->56M(59M) 14.235ms
[2020-08-10T13:16:22.933+0300][1922.474s][debug][gc] GC(63755) Expanding ParOldGen from 58880K by 11264K to 70144K
[2020-08-10T13:16:22.934+0300][1922.475s][info ][gc] GC(63755) Pause Full (Ergonomics) 56M->56M(70M) 125.358ms
[2020-08-10T13:16:22.947+0300][1922.488s][info ][gc] GC(63756) Pause Young (Allocation Failure) 57M->57M(70M) 13.450ms
[2020-08-10T13:16:22.962+0300][1922.503s][info ][gc] GC(63757) Pause Young (Allocation Failure) 57M->57M(70M) 13.821ms
[2020-08-10T13:16:22.975+0300][1922.516s][info ][gc] GC(63758) Pause Young (Allocation Failure) 58M->58M(70M) 13.436ms
[2020-08-10T13:16:22.989+0300][1922.530s][info ][gc] GC(63759) Pause Young (Allocation Failure) 58M->58M(70M) 13.509ms
[2020-08-10T13:16:23.004+0300][1922.545s][info ][gc] GC(63760) Pause Young (Allocation Failure) 59M->59M(70M) 14.001ms
[2020-08-10T13:16:23.018+0300][1922.559s][info ][gc] GC(63761) Pause Young (Allocation Failure) 59M->59M(70M) 13.688ms
[2020-08-10T13:16:23.032+0300][1922.573s][info ][gc] GC(63762) Pause Young (Allocation Failure) 60M->60M(70M) 13.249ms
[2020-08-10T13:16:23.046+0300][1922.587s][info ][gc] GC(63763) Pause Young (Allocation Failure) 60M->60M(70M) 13.696ms
[2020-08-10T13:16:23.060+0300][1922.601s][info ][gc] GC(63764) Pause Young (Allocation Failure) 61M->60M(70M) 14.137ms
[2020-08-10T13:16:23.075+0300][1922.616s][info ][gc] GC(63765) Pause Young (Allocation Failure) 61M->61M(70M) 14.221ms
[2020-08-10T13:16:23.089+0300][1922.630s][info ][gc] GC(63766) Pause Young (Allocation Failure) 61M->61M(70M) 13.512ms
[2020-08-10T13:16:23.104+0300][1922.645s][info ][gc] GC(63767) Pause Young (Allocation Failure) 62M->62M(70M) 14.471ms
[2020-08-10T13:16:23.118+0300][1922.659s][info ][gc] GC(63768) Pause Young (Allocation Failure) 62M->62M(69M) 13.732ms
[2020-08-10T13:16:23.134+0300][1922.675s][info ][gc] GC(63769) Pause Young (Allocation Failure) 63M->63M(70M) 16.352ms
[2020-08-10T13:16:23.149+0300][1922.690s][info ][gc] GC(63770) Pause Young (Allocation Failure) 63M->63M(70M) 13.741ms
[2020-08-10T13:16:23.162+0300][1922.704s][info ][gc] GC(63771) Pause Young (Allocation Failure) 64M->64M(70M) 13.511ms
[2020-08-10T13:16:23.177+0300][1922.718s][info ][gc] GC(63772) Pause Young (Allocation Failure) 64M->64M(70M) 13.738ms
[2020-08-10T13:16:23.190+0300][1922.731s][info ][gc] GC(63773) Pause Young (Allocation Failure) 65M->65M(70M) 13.529ms
[2020-08-10T13:16:23.205+0300][1922.746s][info ][gc] GC(63774) Pause Young (Allocation Failure) 65M->65M(70M) 14.339ms
[2020-08-10T13:16:23.219+0300][1922.760s][info ][gc] GC(63775) Pause Young (Allocation Failure) 66M->66M(70M) 13.283ms
[2020-08-10T13:16:23.233+0300][1922.774s][info ][gc] GC(63776) Pause Young (Allocation Failure) 66M->66M(70M) 13.620ms
[2020-08-10T13:16:23.246+0300][1922.787s][info ][gc] GC(63777) Pause Young (Allocation Failure) 66M->66M(70M) 13.454ms
[2020-08-10T13:16:23.260+0300][1922.801s][info ][gc] GC(63778) Pause Young (Allocation Failure) 67M->67M(70M) 13.644ms
[2020-08-10T13:16:23.274+0300][1922.815s][info ][gc] GC(63779) Pause Young (Allocation Failure) 67M->67M(70M) 13.597ms
[2020-08-10T13:16:23.288+0300][1922.830s][info ][gc] GC(63780) Pause Young (Allocation Failure) 68M->68M(70M) 13.720ms
[2020-08-10T13:16:23.302+0300][1922.844s][info ][gc] GC(63781) Pause Young (Allocation Failure) 68M->68M(70M) 13.487ms
[2020-08-10T13:16:23.467+0300][1923.008s][debug][gc] GC(63782) Expanding ParOldGen from 70144K by 10752K to 80896K
[2020-08-10T13:16:23.467+0300][1923.008s][info ][gc] GC(63782) Pause Full (Ergonomics) 68M->68M(80M) 164.435ms
[2020-08-10T13:16:23.497+0300][1923.038s][info ][gc] GC(63783) Pause Young (Allocation Failure) 69M->69M(80M) 29.633ms
[2020-08-10T13:16:23.512+0300][1923.053s][info ][gc] GC(63784) Pause Young (Allocation Failure) 69M->69M(80M) 13.995ms
[2020-08-10T13:16:23.526+0300][1923.067s][info ][gc] GC(63785) Pause Young (Allocation Failure) 69M->69M(80M) 13.757ms
[2020-08-10T13:16:23.540+0300][1923.081s][info ][gc] GC(63786) Pause Young (Allocation Failure) 70M->70M(80M) 13.614ms
[2020-08-10T13:16:23.554+0300][1923.095s][info ][gc] GC(63787) Pause Young (Allocation Failure) 70M->70M(80M) 13.714ms
[2020-08-10T13:16:23.568+0300][1923.109s][info ][gc] GC(63788) Pause Young (Allocation Failure) 71M->71M(80M) 13.690ms
[2020-08-10T13:16:23.588+0300][1923.129s][info ][gc] GC(63789) Pause Young (Allocation Failure) 71M->71M(80M) 20.121ms
[2020-08-10T13:16:23.602+0300][1923.144s][info ][gc] GC(63790) Pause Young (Allocation Failure) 72M->72M(80M) 13.842ms
[2020-08-10T13:16:23.617+0300][1923.158s][info ][gc] GC(63791) Pause Young (Allocation Failure) 72M->72M(80M) 13.900ms
[2020-08-10T13:16:23.631+0300][1923.172s][info ][gc] GC(63792) Pause Young (Allocation Failure) 73M->73M(80M) 13.795ms
[2020-08-10T13:16:23.646+0300][1923.187s][info ][gc] GC(63793) Pause Young (Allocation Failure) 73M->73M(80M) 14.492ms
[2020-08-10T13:16:23.660+0300][1923.201s][info ][gc] GC(63794) Pause Young (Allocation Failure) 74M->74M(80M) 13.777ms
[2020-08-10T13:16:23.674+0300][1923.216s][info ][gc] GC(63795) Pause Young (Allocation Failure) 74M->74M(80M) 14.256ms
[2020-08-10T13:16:23.689+0300][1923.230s][info ][gc] GC(63796) Pause Young (Allocation Failure) 74M->74M(80M) 13.726ms
[2020-08-10T13:16:23.710+0300][1923.251s][info ][gc] GC(63797) Pause Young (Allocation Failure) 75M->75M(80M) 21.377ms
[2020-08-10T13:16:23.725+0300][1923.266s][info ][gc] GC(63798) Pause Young (Allocation Failure) 75M->75M(80M) 14.002ms
[2020-08-10T13:16:23.739+0300][1923.280s][info ][gc] GC(63799) Pause Young (Allocation Failure) 76M->76M(80M) 14.208ms
[2020-08-10T13:16:23.754+0300][1923.295s][info ][gc] GC(63800) Pause Young (Allocation Failure) 76M->76M(80M) 14.166ms
[2020-08-10T13:16:23.768+0300][1923.309s][info ][gc] GC(63801) Pause Young (Allocation Failure) 77M->77M(80M) 13.891ms
[2020-08-10T13:16:23.782+0300][1923.323s][info ][gc] GC(63802) Pause Young (Allocation Failure) 77M->77M(80M) 13.712ms
[2020-08-10T13:16:23.796+0300][1923.337s][info ][gc] GC(63803) Pause Young (Allocation Failure) 78M->78M(80M) 13.765ms
[2020-08-10T13:16:23.811+0300][1923.352s][info ][gc] GC(63804) Pause Young (Allocation Failure) 78M->78M(80M) 13.803ms
[2020-08-10T13:16:23.825+0300][1923.366s][info ][gc] GC(63805) Pause Young (Allocation Failure) 79M->79M(80M) 13.947ms
[2020-08-10T13:16:24.065+0300][1923.607s][debug][gc] GC(63806) Expanding ParOldGen from 80896K by 10752K to 91648K
[2020-08-10T13:16:24.066+0300][1923.607s][info ][gc] GC(63806) Pause Full (Ergonomics) 79M->78M(91M) 240.282ms
[2020-08-10T13:16:24.085+0300][1923.626s][info ][gc] GC(63807) Pause Young (Allocation Failure) 79M->79M(91M) 19.326ms
[2020-08-10T13:16:24.099+0300][1923.640s][info ][gc] GC(63808) Pause Young (Allocation Failure) 79M->79M(91M) 13.602ms
[2020-08-10T13:16:24.113+0300][1923.654s][info ][gc] GC(63809) Pause Young (Allocation Failure) 80M->80M(91M) 13.790ms
[2020-08-10T13:16:24.128+0300][1923.669s][info ][gc] GC(63810) Pause Young (Allocation Failure) 80M->80M(91M) 14.356ms
[2020-08-10T13:16:24.142+0300][1923.683s][info ][gc] GC(63811) Pause Young (Allocation Failure) 81M->81M(91M) 13.409ms
[2020-08-10T13:16:24.156+0300][1923.697s][info ][gc] GC(63812) Pause Young (Allocation Failure) 81M->81M(91M) 13.971ms
[2020-08-10T13:16:24.185+0300][1923.726s][info ][gc] GC(63813) Pause Young (Allocation Failure) 82M->82M(90M) 28.463ms
[2020-08-10T13:16:24.199+0300][1923.740s][info ][gc] GC(63814) Pause Young (Allocation Failure) 82M->82M(91M) 13.689ms
[2020-08-10T13:16:24.213+0300][1923.755s][info ][gc] GC(63815) Pause Young (Allocation Failure) 83M->83M(91M) 13.588ms
[2020-08-10T13:16:24.227+0300][1923.769s][info ][gc] GC(63816) Pause Young (Allocation Failure) 83M->83M(91M) 13.623ms
[2020-08-10T13:16:24.241+0300][1923.783s][info ][gc] GC(63817) Pause Young (Allocation Failure) 83M->83M(91M) 13.487ms
[2020-08-10T13:16:24.258+0300][1923.800s][info ][gc] GC(63818) Pause Young (Allocation Failure) 84M->84M(91M) 16.723ms
[2020-08-10T13:16:24.273+0300][1923.814s][info ][gc] GC(63819) Pause Young (Allocation Failure) 84M->84M(91M) 13.605ms
[2020-08-10T13:16:24.290+0300][1923.832s][info ][gc] GC(63820) Pause Young (Allocation Failure) 85M->85M(91M) 17.511ms
[2020-08-10T13:16:24.305+0300][1923.846s][info ][gc] GC(63821) Pause Young (Allocation Failure) 85M->85M(91M) 13.827ms
[2020-08-10T13:16:24.330+0300][1923.871s][info ][gc] GC(63822) Pause Young (Allocation Failure) 86M->86M(91M) 24.294ms
[2020-08-10T13:16:24.344+0300][1923.885s][info ][gc] GC(63823) Pause Young (Allocation Failure) 86M->86M(91M) 14.307ms
[2020-08-10T13:16:24.358+0300][1923.899s][info ][gc] GC(63824) Pause Young (Allocation Failure) 87M->87M(91M) 13.617ms
[2020-08-10T13:16:24.377+0300][1923.918s][info ][gc] GC(63825) Pause Young (Allocation Failure) 87M->87M(91M) 17.902ms
[2020-08-10T13:16:24.391+0300][1923.932s][info ][gc] GC(63826) Pause Young (Allocation Failure) 88M->88M(91M) 13.978ms
[2020-08-10T13:16:24.405+0300][1923.946s][info ][gc] GC(63827) Pause Young (Allocation Failure) 88M->88M(91M) 14.015ms
[2020-08-10T13:16:24.421+0300][1923.962s][info ][gc] GC(63828) Pause Young (Allocation Failure) 89M->89M(91M) 15.501ms
[2020-08-10T13:16:24.448+0300][1923.989s][info ][gc] GC(63829) Pause Young (Allocation Failure) 89M->89M(91M) 26.539ms
[2020-08-10T13:16:24.707+0300][1924.248s][debug][gc] GC(63830) Expanding ParOldGen from 91648K by 10752K to 102400K
[2020-08-10T13:16:24.707+0300][1924.248s][info ][gc] GC(63830) Pause Full (Ergonomics) 89M->89M(101M) 258.571ms
[2020-08-10T13:16:24.729+0300][1924.270s][info ][gc] GC(63831) Pause Young (Allocation Failure) 90M->90M(101M) 21.962ms
[2020-08-10T13:16:24.744+0300][1924.285s][info ][gc] GC(63832) Pause Young (Allocation Failure) 90M->90M(101M) 13.929ms
[2020-08-10T13:16:24.758+0300][1924.299s][info ][gc] GC(63833) Pause Young (Allocation Failure) 91M->91M(101M) 13.959ms
[2020-08-10T13:16:24.772+0300][1924.313s][info ][gc] GC(63834) Pause Young (Allocation Failure) 91M->91M(101M) 13.798ms
[2020-08-10T13:16:24.786+0300][1924.328s][info ][gc] GC(63835) Pause Young (Allocation Failure) 92M->92M(101M) 13.702ms
[2020-08-10T13:16:24.800+0300][1924.341s][info ][gc] GC(63836) Pause Young (Allocation Failure) 92M->92M(101M) 13.361ms
[2020-08-10T13:16:24.816+0300][1924.357s][info ][gc] GC(63837) Pause Young (Allocation Failure) 93M->92M(101M) 15.575ms
[2020-08-10T13:16:24.831+0300][1924.372s][info ][gc] GC(63838) Pause Young (Allocation Failure) 93M->93M(101M) 14.926ms
[2020-08-10T13:16:24.846+0300][1924.387s][info ][gc] GC(63839) Pause Young (Allocation Failure) 93M->93M(101M) 13.919ms
[2020-08-10T13:16:24.860+0300][1924.401s][info ][gc] GC(63840) Pause Young (Allocation Failure) 94M->94M(101M) 13.717ms
[2020-08-10T13:16:24.874+0300][1924.415s][info ][gc] GC(63841) Pause Young (Allocation Failure) 94M->94M(101M) 13.746ms
[2020-08-10T13:16:24.888+0300][1924.429s][info ][gc] GC(63842) Pause Young (Allocation Failure) 95M->95M(101M) 13.560ms
[2020-08-10T13:16:24.911+0300][1924.452s][info ][gc] GC(63843) Pause Young (Allocation Failure) 95M->95M(101M) 22.895ms
[2020-08-10T13:16:24.934+0300][1924.476s][info ][gc] GC(63844) Pause Young (Allocation Failure) 96M->96M(101M) 23.207ms
[2020-08-10T13:16:24.948+0300][1924.489s][info ][gc] GC(63845) Pause Young (Allocation Failure) 96M->96M(101M) 13.576ms
[2020-08-10T13:16:24.962+0300][1924.503s][info ][gc] GC(63846) Pause Young (Allocation Failure) 97M->97M(101M) 13.704ms
[2020-08-10T13:16:24.976+0300][1924.517s][info ][gc] GC(63847) Pause Young (Allocation Failure) 97M->97M(101M) 13.595ms
[2020-08-10T13:16:24.990+0300][1924.531s][info ][gc] GC(63848) Pause Young (Allocation Failure) 98M->98M(101M) 13.646ms
[2020-08-10T13:16:25.004+0300][1924.545s][info ][gc] GC(63849) Pause Young (Allocation Failure) 98M->98M(101M) 13.738ms
[2020-08-10T13:16:25.023+0300][1924.564s][info ][gc] GC(63850) Pause Young (Allocation Failure) 98M->98M(101M) 18.192ms
[2020-08-10T13:16:25.040+0300][1924.581s][info ][gc] GC(63851) Pause Young (Allocation Failure) 99M->99M(101M) 16.646ms
[2020-08-10T13:16:25.054+0300][1924.595s][info ][gc] GC(63852) Pause Young (Allocation Failure) 99M->99M(101M) 14.273ms
[2020-08-10T13:16:25.068+0300][1924.609s][info ][gc] GC(63853) Pause Young (Allocation Failure) 100M->100M(101M) 13.610ms
[2020-08-10T13:16:25.323+0300][1924.864s][debug][gc] GC(63854) Expanding ParOldGen from 102400K by 10752K to 113152K
[2020-08-10T13:16:25.323+0300][1924.865s][info ][gc] GC(63854) Pause Full (Ergonomics) 100M->100M(112M) 254.992ms
[2020-08-10T13:16:25.359+0300][1924.900s][info ][gc] GC(63855) Pause Young (Allocation Failure) 100M->100M(112M) 35.056ms
[2020-08-10T13:16:25.373+0300][1924.914s][info ][gc] GC(63856) Pause Young (Allocation Failure) 101M->101M(112M) 13.961ms
[2020-08-10T13:16:25.389+0300][1924.931s][info ][gc] GC(63857) Pause Young (Allocation Failure) 101M->101M(112M) 15.880ms
[2020-08-10T13:16:25.404+0300][1924.945s][info ][gc] GC(63858) Pause Young (Allocation Failure) 102M->101M(112M) 14.018ms
[2020-08-10T13:16:25.418+0300][1924.959s][info ][gc] GC(63859) Pause Young (Allocation Failure) 102M->102M(112M) 14.075ms
[2020-08-10T13:16:25.433+0300][1924.974s][info ][gc] GC(63860) Pause Young (Allocation Failure) 102M->102M(112M) 13.998ms
[2020-08-10T13:16:25.451+0300][1924.992s][info ][gc] GC(63861) Pause Young (Allocation Failure) 103M->103M(112M) 18.119ms
[2020-08-10T13:16:25.466+0300][1925.007s][info ][gc] GC(63862) Pause Young (Allocation Failure) 103M->103M(112M) 14.079ms
[2020-08-10T13:16:25.484+0300][1925.026s][info ][gc] GC(63863) Pause Young (Allocation Failure) 104M->104M(112M) 18.269ms
[2020-08-10T13:16:25.502+0300][1925.043s][info ][gc] GC(63864) Pause Young (Allocation Failure) 104M->104M(112M) 16.923ms
[2020-08-10T13:16:25.516+0300][1925.057s][info ][gc] GC(63865) Pause Young (Allocation Failure) 105M->105M(112M) 13.809ms
[2020-08-10T13:16:25.536+0300][1925.077s][info ][gc] GC(63866) Pause Young (Allocation Failure) 105M->105M(112M) 19.190ms
[2020-08-10T13:16:25.553+0300][1925.094s][info ][gc] GC(63867) Pause Young (Allocation Failure) 106M->106M(112M) 16.630ms
[2020-08-10T13:16:25.567+0300][1925.108s][info ][gc] GC(63868) Pause Young (Allocation Failure) 106M->106M(112M) 14.414ms
[2020-08-10T13:16:25.582+0300][1925.123s][info ][gc] GC(63869) Pause Young (Allocation Failure) 107M->107M(112M) 13.923ms
[2020-08-10T13:16:25.596+0300][1925.137s][info ][gc] GC(63870) Pause Young (Allocation Failure) 107M->107M(112M) 14.147ms
[2020-08-10T13:16:25.611+0300][1925.152s][info ][gc] GC(63871) Pause Young (Allocation Failure) 107M->107M(112M) 14.000ms
[2020-08-10T13:16:25.625+0300][1925.166s][info ][gc] GC(63872) Pause Young (Allocation Failure) 108M->108M(112M) 14.320ms
[2020-08-10T13:16:25.645+0300][1925.186s][info ][gc] GC(63873) Pause Young (Allocation Failure) 108M->108M(112M) 19.731ms
[2020-08-10T13:16:25.661+0300][1925.203s][info ][gc] GC(63874) Pause Young (Allocation Failure) 109M->109M(112M) 15.726ms
[2020-08-10T13:16:25.676+0300][1925.217s][info ][gc] GC(63875) Pause Young (Allocation Failure) 109M->109M(112M) 14.023ms
[2020-08-10T13:16:25.690+0300][1925.231s][info ][gc] GC(63876) Pause Young (Allocation Failure) 110M->110M(112M) 14.030ms
[2020-08-10T13:16:25.707+0300][1925.248s][info ][gc] GC(63877) Pause Young (Allocation Failure) 110M->110M(112M) 16.484ms
[2020-08-10T13:16:26.009+0300][1925.550s][debug][gc] GC(63878) Expanding ParOldGen from 113152K by 10752K to 123904K
[2020-08-10T13:16:26.009+0300][1925.550s][info ][gc] GC(63878) Pause Full (Ergonomics) 110M->110M(122M) 301.923ms
[2020-08-10T13:16:26.025+0300][1925.566s][info ][gc] GC(63879) Pause Young (Allocation Failure) 110M->110M(122M) 15.211ms
[2020-08-10T13:16:26.039+0300][1925.580s][info ][gc] GC(63880) Pause Young (Allocation Failure) 111M->111M(122M) 13.799ms
[2020-08-10T13:16:26.059+0300][1925.600s][info ][gc] GC(63881) Pause Young (Allocation Failure) 111M->111M(122M) 19.700ms
[2020-08-10T13:16:26.079+0300][1925.620s][info ][gc] GC(63882) Pause Young (Allocation Failure) 112M->112M(122M) 19.057ms
[2020-08-10T13:16:26.094+0300][1925.635s][info ][gc] GC(63883) Pause Young (Allocation Failure) 112M->112M(122M) 14.613ms
[2020-08-10T13:16:26.108+0300][1925.649s][info ][gc] GC(63884) Pause Young (Allocation Failure) 113M->113M(122M) 14.217ms
[2020-08-10T13:16:26.123+0300][1925.664s][info ][gc] GC(63885) Pause Young (Allocation Failure) 113M->113M(122M) 14.386ms
[2020-08-10T13:16:26.137+0300][1925.679s][info ][gc] GC(63886) Pause Young (Allocation Failure) 114M->114M(122M) 14.151ms
[2020-08-10T13:16:26.159+0300][1925.700s][info ][gc] GC(63887) Pause Young (Allocation Failure) 114M->114M(122M) 21.179ms
[2020-08-10T13:16:26.174+0300][1925.715s][info ][gc] GC(63888) Pause Young (Allocation Failure) 115M->115M(122M) 14.187ms
[2020-08-10T13:16:26.188+0300][1925.729s][info ][gc] GC(63889) Pause Young (Allocation Failure) 115M->115M(122M) 14.175ms
[2020-08-10T13:16:26.203+0300][1925.744s][info ][gc] GC(63890) Pause Young (Allocation Failure) 116M->116M(122M) 14.308ms
[2020-08-10T13:16:26.217+0300][1925.758s][info ][gc] GC(63891) Pause Young (Allocation Failure) 116M->116M(122M) 14.085ms
[2020-08-10T13:16:26.232+0300][1925.773s][info ][gc] GC(63892) Pause Young (Allocation Failure) 117M->116M(122M) 14.183ms
[2020-08-10T13:16:26.252+0300][1925.793s][info ][gc] GC(63893) Pause Young (Allocation Failure) 117M->117M(122M) 19.708ms
[2020-08-10T13:16:26.267+0300][1925.808s][info ][gc] GC(63894) Pause Young (Allocation Failure) 117M->117M(122M) 14.617ms
[2020-08-10T13:16:26.282+0300][1925.823s][info ][gc] GC(63895) Pause Young (Allocation Failure) 118M->118M(122M) 14.491ms
[2020-08-10T13:16:26.303+0300][1925.844s][info ][gc] GC(63896) Pause Young (Allocation Failure) 118M->118M(122M) 20.656ms
[2020-08-10T13:16:26.317+0300][1925.859s][info ][gc] GC(63897) Pause Young (Allocation Failure) 119M->119M(122M) 14.423ms
[2020-08-10T13:16:26.332+0300][1925.873s][info ][gc] GC(63898) Pause Young (Allocation Failure) 119M->119M(122M) 14.616ms
[2020-08-10T13:16:26.352+0300][1925.893s][info ][gc] GC(63899) Pause Young (Allocation Failure) 120M->120M(122M) 19.210ms
[2020-08-10T13:16:26.370+0300][1925.911s][info ][gc] GC(63900) Pause Young (Allocation Failure) 120M->120M(122M) 18.122ms
[2020-08-10T13:16:26.385+0300][1925.926s][info ][gc] GC(63901) Pause Young (Allocation Failure) 121M->121M(122M) 14.658ms
[2020-08-10T13:16:26.783+0300][1926.324s][debug][gc] GC(63902) Expanding ParOldGen from 123904K by 10752K to 134656K
[2020-08-10T13:16:26.783+0300][1926.324s][info ][gc] GC(63902) Pause Full (Ergonomics) 121M->120M(133M) 397.783ms
[2020-08-10T13:16:26.803+0300][1926.344s][info ][gc] GC(63903) Pause Young (Allocation Failure) 121M->121M(133M) 19.755ms
[2020-08-10T13:16:26.833+0300][1926.374s][info ][gc] GC(63904) Pause Young (Allocation Failure) 121M->121M(133M) 29.748ms
[2020-08-10T13:16:26.848+0300][1926.390s][info ][gc] GC(63905) Pause Young (Allocation Failure) 122M->122M(133M) 14.893ms
[2020-08-10T13:16:26.864+0300][1926.405s][info ][gc] GC(63906) Pause Young (Allocation Failure) 122M->122M(133M) 14.769ms
[2020-08-10T13:16:26.883+0300][1926.425s][info ][gc] GC(63907) Pause Young (Allocation Failure) 123M->123M(133M) 19.054ms
[2020-08-10T13:16:26.903+0300][1926.444s][info ][gc] GC(63908) Pause Young (Allocation Failure) 123M->123M(133M) 19.425ms
[2020-08-10T13:16:26.918+0300][1926.460s][info ][gc] GC(63909) Pause Young (Allocation Failure) 124M->123M(133M) 15.000ms
[2020-08-10T13:16:26.937+0300][1926.478s][info ][gc] GC(63910) Pause Young (Allocation Failure) 124M->124M(133M) 18.087ms
[2020-08-10T13:16:26.952+0300][1926.494s][info ][gc] GC(63911) Pause Young (Allocation Failure) 124M->124M(133M) 15.354ms
[2020-08-10T13:16:26.968+0300][1926.509s][info ][gc] GC(63912) Pause Young (Allocation Failure) 125M->125M(133M) 15.231ms
[2020-08-10T13:16:26.989+0300][1926.530s][info ][gc] GC(63913) Pause Young (Allocation Failure) 125M->125M(133M) 20.454ms
[2020-08-10T13:16:27.005+0300][1926.546s][info ][gc] GC(63914) Pause Young (Allocation Failure) 126M->126M(133M) 15.545ms
[2020-08-10T13:16:27.020+0300][1926.561s][info ][gc] GC(63915) Pause Young (Allocation Failure) 126M->126M(133M) 15.159ms
[2020-08-10T13:16:27.036+0300][1926.577s][info ][gc] GC(63916) Pause Young (Allocation Failure) 127M->127M(133M) 15.450ms
[2020-08-10T13:16:27.055+0300][1926.597s][info ][gc] GC(63917) Pause Young (Allocation Failure) 127M->127M(133M) 19.324ms
[2020-08-10T13:16:27.071+0300][1926.613s][info ][gc] GC(63918) Pause Young (Allocation Failure) 128M->128M(133M) 15.684ms
[2020-08-10T13:16:27.087+0300][1926.629s][info ][gc] GC(63919) Pause Young (Allocation Failure) 128M->128M(133M) 15.597ms
[2020-08-10T13:16:27.119+0300][1926.660s][info ][gc] GC(63920) Pause Young (Allocation Failure) 129M->129M(133M) 30.671ms
[2020-08-10T13:16:27.135+0300][1926.676s][info ][gc] GC(63921) Pause Young (Allocation Failure) 129M->129M(133M) 15.498ms
[2020-08-10T13:16:27.155+0300][1926.696s][info ][gc] GC(63922) Pause Young (Allocation Failure) 130M->130M(133M) 19.607ms
[2020-08-10T13:16:27.178+0300][1926.720s][info ][gc] GC(63923) Pause Young (Allocation Failure) 130M->130M(133M) 23.392ms
[2020-08-10T13:16:27.212+0300][1926.753s][info ][gc] GC(63924) Pause Young (Allocation Failure) 130M->130M(133M) 32.937ms
[2020-08-10T13:16:27.233+0300][1926.775s][info ][gc] GC(63925) Pause Young (Allocation Failure) 131M->131M(133M) 21.457ms
[2020-08-10T13:16:27.250+0300][1926.791s][info ][gc] GC(63926) Pause Young (Allocation Failure) 131M->131M(133M) 15.822ms
[2020-08-10T13:16:27.737+0300][1927.278s][debug][gc] GC(63927) Expanding ParOldGen from 134656K by 10752K to 145408K
[2020-08-10T13:16:27.737+0300][1927.278s][info ][gc] GC(63927) Pause Full (Ergonomics) 131M->131M(143M) 487.010ms
[2020-08-10T13:16:27.759+0300][1927.300s][info ][gc] GC(63928) Pause Young (Allocation Failure) 131M->131M(143M) 21.121ms
[2020-08-10T13:16:27.776+0300][1927.317s][info ][gc] GC(63929) Pause Young (Allocation Failure) 132M->132M(143M) 16.531ms
[2020-08-10T13:16:27.798+0300][1927.339s][info ][gc] GC(63930) Pause Young (Allocation Failure) 132M->132M(143M) 21.932ms
[2020-08-10T13:16:27.820+0300][1927.361s][info ][gc] GC(63931) Pause Young (Allocation Failure) 133M->133M(143M) 21.432ms
[2020-08-10T13:16:27.842+0300][1927.383s][info ][gc] GC(63932) Pause Young (Allocation Failure) 133M->133M(143M) 21.746ms
[2020-08-10T13:16:27.874+0300][1927.415s][info ][gc] GC(63933) Pause Young (Allocation Failure) 134M->134M(143M) 31.904ms
[2020-08-10T13:16:27.891+0300][1927.432s][info ][gc] GC(63934) Pause Young (Allocation Failure) 134M->134M(143M) 16.223ms
[2020-08-10T13:16:27.908+0300][1927.449s][info ][gc] GC(63935) Pause Young (Allocation Failure) 135M->135M(143M) 16.168ms
[2020-08-10T13:16:27.924+0300][1927.465s][info ][gc] GC(63936) Pause Young (Allocation Failure) 135M->135M(143M) 16.027ms
[2020-08-10T13:16:27.925+0300][1927.466s][debug][gc] Expanding ParOldGen from 145408K by 19968K to 165376K
[2020-08-10T13:16:27.960+0300][1927.501s][info ][gc] GC(63937) Pause Young (Allocation Failure) 155M->154M(163M) 27.300ms
[2020-08-10T13:16:28.004+0300][1927.546s][info ][gc] GC(63938) Pause Young (Allocation Failure) 155M->155M(163M) 44.074ms
[2020-08-10T13:16:28.037+0300][1927.578s][info ][gc] GC(63939) Pause Young (Allocation Failure) 155M->155M(163M) 31.996ms
[2020-08-10T13:16:28.067+0300][1927.608s][info ][gc] GC(63940) Pause Young (Allocation Failure) 156M->156M(163M) 29.421ms
[2020-08-10T13:16:28.093+0300][1927.635s][info ][gc] GC(63941) Pause Young (Allocation Failure) 156M->156M(163M) 26.554ms
[2020-08-10T13:16:28.120+0300][1927.662s][info ][gc] GC(63942) Pause Young (Allocation Failure) 157M->157M(163M) 26.500ms
[2020-08-10T13:16:28.148+0300][1927.689s][info ][gc] GC(63943) Pause Young (Allocation Failure) 157M->157M(163M) 27.142ms
[2020-08-10T13:16:28.176+0300][1927.717s][info ][gc] GC(63944) Pause Young (Allocation Failure) 158M->158M(163M) 27.072ms
[2020-08-10T13:16:28.204+0300][1927.745s][info ][gc] GC(63945) Pause Young (Allocation Failure) 158M->158M(163M) 28.005ms
[2020-08-10T13:16:28.231+0300][1927.772s][info ][gc] GC(63946) Pause Young (Allocation Failure) 158M->158M(163M) 26.361ms
[2020-08-10T13:16:28.257+0300][1927.798s][info ][gc] GC(63947) Pause Young (Allocation Failure) 159M->159M(163M) 26.212ms
[2020-08-10T13:16:28.284+0300][1927.825s][info ][gc] GC(63948) Pause Young (Allocation Failure) 159M->159M(163M) 26.311ms
[2020-08-10T13:16:28.310+0300][1927.852s][info ][gc] GC(63949) Pause Young (Allocation Failure) 160M->160M(163M) 26.291ms
[2020-08-10T13:16:28.337+0300][1927.878s][info ][gc] GC(63950) Pause Young (Allocation Failure) 160M->160M(163M) 26.159ms
[2020-08-10T13:16:28.364+0300][1927.905s][info ][gc] GC(63951) Pause Young (Allocation Failure) 161M->161M(163M) 26.252ms
[2020-08-10T13:16:28.392+0300][1927.933s][info ][gc] GC(63952) Pause Young (Allocation Failure) 161M->161M(163M) 27.614ms
[2020-08-10T13:16:28.466+0300][1928.007s][debug][gc] GC(63953) Shrinking ParOldGen from 165376K by 125952K to 39424K
[2020-08-10T13:16:28.466+0300][1928.007s][info ][gc] GC(63953) Pause Full (Ergonomics) 161M->27M(40M) 74.215ms
[2020-08-10T13:16:28.480+0300][1928.021s][info ][gc] GC(63954) Pause Young (Allocation Failure) 28M->28M(40M) 13.128ms
[2020-08-10T13:16:28.494+0300][1928.035s][info ][gc] GC(63955) Pause Young (Allocation Failure) 28M->28M(40M) 13.661ms
[2020-08-10T13:16:28.507+0300][1928.049s][info ][gc] GC(63956) Pause Young (Allocation Failure) 29M->29M(40M) 13.334ms
[2020-08-10T13:16:28.521+0300][1928.062s][info ][gc] GC(63957) Pause Young (Allocation Failure) 29M->29M(40M) 13.450ms
[2020-08-10T13:16:28.535+0300][1928.076s][info ][gc] GC(63958) Pause Young (Allocation Failure) 30M->30M(40M) 13.353ms
[2020-08-10T13:16:28.549+0300][1928.090s][info ][gc] GC(63959) Pause Young (Allocation Failure) 30M->30M(40M) 13.611ms
[2020-08-10T13:16:28.563+0300][1928.104s][info ][gc] GC(63960) Pause Young (Allocation Failure) 31M->31M(40M) 13.462ms
[2020-08-10T13:16:28.576+0300][1928.118s][info ][gc] GC(63961) Pause Young (Allocation Failure) 31M->31M(40M) 13.304ms
[2020-08-10T13:16:28.590+0300][1928.131s][info ][gc] GC(63962) Pause Young (Allocation Failure) 32M->32M(40M) 13.421ms
[2020-08-10T13:16:28.604+0300][1928.145s][info ][gc] GC(63963) Pause Young (Allocation Failure) 32M->32M(40M) 13.363ms
[2020-08-10T13:16:28.618+0300][1928.159s][info ][gc] GC(63964) Pause Young (Allocation Failure) 32M->32M(40M) 13.438ms
[2020-08-10T13:16:28.632+0300][1928.173s][info ][gc] GC(63965) Pause Young (Allocation Failure) 33M->33M(40M) 13.507ms
[2020-08-10T13:16:28.645+0300][1928.187s][info ][gc] GC(63966) Pause Young (Allocation Failure) 33M->33M(40M) 13.378ms
[2020-08-10T13:16:28.663+0300][1928.204s][info ][gc] GC(63967) Pause Young (Allocation Failure) 34M->34M(40M) 16.850ms
[2020-08-10T13:16:28.677+0300][1928.218s][info ][gc] GC(63968) Pause Young (Allocation Failure) 34M->34M(40M) 13.740ms
[2020-08-10T13:16:28.691+0300][1928.232s][info ][gc] GC(63969) Pause Young (Allocation Failure) 35M->35M(40M) 13.643ms
[2020-08-10T13:16:28.704+0300][1928.246s][info ][gc] GC(63970) Pause Young (Allocation Failure) 35M->35M(40M) 13.309ms
[2020-08-10T13:16:28.719+0300][1928.260s][info ][gc] GC(63971) Pause Young (Allocation Failure) 36M->36M(40M) 13.754ms
[2020-08-10T13:16:28.733+0300][1928.274s][info ][gc] GC(63972) Pause Young (Allocation Failure) 37M->37M(40M) 13.537ms
[2020-08-10T13:16:28.747+0300][1928.288s][info ][gc] GC(63973) Pause Young (Allocation Failure) 38M->38M(40M) 13.751ms
[2020-08-10T13:16:28.761+0300][1928.303s][info ][gc] GC(63974) Pause Young (Allocation Failure) 39M->39M(41M) 13.794ms
[2020-08-10T13:16:28.863+0300][1928.405s][debug][gc] GC(63975) Expanding ParOldGen from 39424K by 11264K to 50688K
[2020-08-10T13:16:28.864+0300][1928.405s][info ][gc] GC(63975) Pause Full (Ergonomics) 39M->39M(52M) 102.303ms
[2020-08-10T13:16:28.883+0300][1928.424s][info ][gc] GC(63976) Pause Young (Allocation Failure) 40M->40M(52M) 18.549ms
[2020-08-10T13:16:28.897+0300][1928.439s][info ][gc] GC(63977) Pause Young (Allocation Failure) 41M->41M(52M) 13.952ms
[2020-08-10T13:16:28.912+0300][1928.453s][info ][gc] GC(63978) Pause Young (Allocation Failure) 42M->42M(52M) 13.976ms
[2020-08-10T13:16:28.928+0300][1928.469s][info ][gc] GC(63979) Pause Young (Allocation Failure) 43M->42M(52M) 15.354ms
[2020-08-10T13:16:28.948+0300][1928.489s][info ][gc] GC(63980) Pause Young (Allocation Failure) 43M->43M(52M) 19.255ms
[2020-08-10T13:16:28.962+0300][1928.503s][info ][gc] GC(63981) Pause Young (Allocation Failure) 44M->44M(52M) 13.797ms
[2020-08-10T13:16:28.989+0300][1928.531s][info ][gc] GC(63982) Pause Young (Allocation Failure) 45M->45M(52M) 26.943ms
[2020-08-10T13:16:29.006+0300][1928.548s][info ][gc] GC(63983) Pause Young (Allocation Failure) 46M->46M(52M) 16.415ms
[2020-08-10T13:16:29.021+0300][1928.562s][info ][gc] GC(63984) Pause Young (Allocation Failure) 47M->47M(52M) 14.002ms
[2020-08-10T13:16:29.036+0300][1928.577s][info ][gc] GC(63985) Pause Young (Allocation Failure) 48M->48M(52M) 14.305ms
[2020-08-10T13:16:29.050+0300][1928.592s][info ][gc] GC(63986) Pause Young (Allocation Failure) 49M->49M(52M) 14.387ms
[2020-08-10T13:16:29.158+0300][1928.699s][debug][gc] GC(63987) Expanding ParOldGen from 50688K by 11776K to 62464K
[2020-08-10T13:16:29.158+0300][1928.699s][info ][gc] GC(63987) Pause Full (Ergonomics) 49M->49M(63M) 107.518ms
[2020-08-10T13:16:29.172+0300][1928.714s][info ][gc] GC(63988) Pause Young (Allocation Failure) 50M->50M(63M) 13.809ms
[2020-08-10T13:16:29.193+0300][1928.734s][info ][gc] GC(63989) Pause Young (Allocation Failure) 51M->51M(63M) 20.019ms
[2020-08-10T13:16:29.207+0300][1928.749s][info ][gc] GC(63990) Pause Young (Allocation Failure) 52M->52M(63M) 14.119ms
[2020-08-10T13:16:29.222+0300][1928.763s][info ][gc] GC(63991) Pause Young (Allocation Failure) 53M->53M(63M) 14.260ms
[2020-08-10T13:16:29.237+0300][1928.778s][info ][gc] GC(63992) Pause Young (Allocation Failure) 54M->54M(63M) 13.986ms
[2020-08-10T13:16:29.251+0300][1928.792s][info ][gc] GC(63993) Pause Young (Allocation Failure) 55M->55M(63M) 14.070ms
[2020-08-10T13:16:29.266+0300][1928.807s][info ][gc] GC(63994) Pause Young (Allocation Failure) 56M->55M(63M) 14.063ms
[2020-08-10T13:16:29.280+0300][1928.822s][info ][gc] GC(63995) Pause Young (Allocation Failure) 56M->56M(63M) 14.128ms
[2020-08-10T13:16:29.295+0300][1928.836s][info ][gc] GC(63996) Pause Young (Allocation Failure) 57M->57M(63M) 13.899ms
[2020-08-10T13:16:29.309+0300][1928.851s][info ][gc] GC(63997) Pause Young (Allocation Failure) 58M->58M(63M) 13.935ms
[2020-08-10T13:16:29.324+0300][1928.865s][info ][gc] GC(63998) Pause Young (Allocation Failure) 59M->59M(63M) 13.877ms
[2020-08-10T13:16:29.347+0300][1928.888s][info ][gc] GC(63999) Pause Young (Allocation Failure) 60M->60M(63M) 22.839ms
[2020-08-10T13:16:29.361+0300][1928.903s][info ][gc] GC(64000) Pause Young (Allocation Failure) 61M->61M(63M) 13.848ms
[2020-08-10T13:16:29.532+0300][1929.074s][debug][gc] GC(64001) Expanding ParOldGen from 62464K by 11264K to 73728K
[2020-08-10T13:16:29.532+0300][1929.074s][info ][gc] GC(64001) Pause Full (Ergonomics) 61M->61M(74M) 171.097ms
[2020-08-10T13:16:29.560+0300][1929.101s][info ][gc] GC(64002) Pause Young (Allocation Failure) 62M->62M(74M) 26.830ms
[2020-08-10T13:16:29.575+0300][1929.116s][info ][gc] GC(64003) Pause Young (Allocation Failure) 63M->63M(74M) 14.317ms
[2020-08-10T13:16:29.590+0300][1929.131s][info ][gc] GC(64004) Pause Young (Allocation Failure) 64M->64M(74M) 14.428ms
[2020-08-10T13:16:29.605+0300][1929.146s][info ][gc] GC(64005) Pause Young (Allocation Failure) 65M->65M(74M) 14.508ms
[2020-08-10T13:16:29.626+0300][1929.167s][info ][gc] GC(64006) Pause Young (Allocation Failure) 66M->66M(74M) 20.764ms
[2020-08-10T13:16:29.641+0300][1929.182s][info ][gc] GC(64007) Pause Young (Allocation Failure) 67M->67M(74M) 14.455ms
[2020-08-10T13:16:29.656+0300][1929.197s][info ][gc] GC(64008) Pause Young (Allocation Failure) 68M->68M(74M) 14.408ms
[2020-08-10T13:16:29.671+0300][1929.212s][info ][gc] GC(64009) Pause Young (Allocation Failure) 69M->69M(74M) 14.415ms
[2020-08-10T13:16:29.686+0300][1929.227s][info ][gc] GC(64010) Pause Young (Allocation Failure) 70M->69M(74M) 14.296ms
[2020-08-10T13:16:29.701+0300][1929.242s][info ][gc] GC(64011) Pause Young (Allocation Failure) 70M->70M(74M) 14.139ms
[2020-08-10T13:16:29.716+0300][1929.257s][info ][gc] GC(64012) Pause Young (Allocation Failure) 71M->71M(74M) 14.697ms
[2020-08-10T13:16:29.731+0300][1929.272s][info ][gc] GC(64013) Pause Young (Allocation Failure) 72M->72M(74M) 14.343ms
[2020-08-10T13:16:29.921+0300][1929.463s][debug][gc] GC(64014) Expanding ParOldGen from 73728K by 11264K to 84992K
[2020-08-10T13:16:29.922+0300][1929.463s][info ][gc] GC(64014) Pause Full (Ergonomics) 72M->72M(85M) 190.400ms
[2020-08-10T13:16:29.953+0300][1929.494s][info ][gc] GC(64015) Pause Young (Allocation Failure) 73M->73M(85M) 31.163ms
[2020-08-10T13:16:29.968+0300][1929.509s][info ][gc] GC(64016) Pause Young (Allocation Failure) 74M->74M(85M) 14.181ms
[2020-08-10T13:16:29.982+0300][1929.524s][info ][gc] GC(64017) Pause Young (Allocation Failure) 75M->75M(85M) 14.392ms
[2020-08-10T13:16:29.997+0300][1929.539s][info ][gc] GC(64018) Pause Young (Allocation Failure) 76M->76M(85M) 14.241ms
[2020-08-10T13:16:30.012+0300][1929.553s][info ][gc] GC(64019) Pause Young (Allocation Failure) 77M->77M(85M) 14.284ms
[2020-08-10T13:16:30.027+0300][1929.569s][info ][gc] GC(64020) Pause Young (Allocation Failure) 78M->78M(85M) 14.574ms
[2020-08-10T13:16:30.042+0300][1929.584s][info ][gc] GC(64021) Pause Young (Allocation Failure) 79M->79M(85M) 14.319ms
[2020-08-10T13:16:30.057+0300][1929.598s][info ][gc] GC(64022) Pause Young (Allocation Failure) 80M->80M(85M) 14.225ms
[2020-08-10T13:16:30.072+0300][1929.614s][info ][gc] GC(64023) Pause Young (Allocation Failure) 81M->81M(85M) 14.663ms
[2020-08-10T13:16:30.087+0300][1929.629s][info ][gc] GC(64024) Pause Young (Allocation Failure) 82M->82M(85M) 14.561ms
[2020-08-10T13:16:30.102+0300][1929.644s][info ][gc] GC(64025) Pause Young (Allocation Failure) 83M->82M(85M) 14.591ms
[2020-08-10T13:16:30.319+0300][1929.860s][debug][gc] GC(64026) Expanding ParOldGen from 84992K by 11264K to 96256K
[2020-08-10T13:16:30.319+0300][1929.860s][info ][gc] GC(64026) Pause Full (Ergonomics) 82M->82M(96M) 216.271ms
[2020-08-10T13:16:30.334+0300][1929.875s][info ][gc] GC(64027) Pause Young (Allocation Failure) 83M->83M(96M) 13.967ms
[2020-08-10T13:16:30.362+0300][1929.904s][info ][gc] GC(64028) Pause Young (Allocation Failure) 84M->84M(96M) 28.214ms
[2020-08-10T13:16:30.377+0300][1929.919s][info ][gc] GC(64029) Pause Young (Allocation Failure) 85M->85M(96M) 14.424ms
[2020-08-10T13:16:30.392+0300][1929.933s][info ][gc] GC(64030) Pause Young (Allocation Failure) 86M->86M(96M) 14.393ms
[2020-08-10T13:16:30.407+0300][1929.948s][info ][gc] GC(64031) Pause Young (Allocation Failure) 87M->87M(96M) 14.727ms
[2020-08-10T13:16:30.423+0300][1929.964s][info ][gc] GC(64032) Pause Young (Allocation Failure) 88M->88M(96M) 14.957ms
[2020-08-10T13:16:30.438+0300][1929.980s][info ][gc] GC(64033) Pause Young (Allocation Failure) 89M->89M(96M) 15.007ms
[2020-08-10T13:16:30.454+0300][1929.995s][info ][gc] GC(64034) Pause Young (Allocation Failure) 90M->90M(96M) 15.002ms
[2020-08-10T13:16:30.469+0300][1930.010s][info ][gc] GC(64035) Pause Young (Allocation Failure) 91M->91M(96M) 14.813ms
[2020-08-10T13:16:30.485+0300][1930.026s][info ][gc] GC(64036) Pause Young (Allocation Failure) 92M->92M(96M) 15.096ms
[2020-08-10T13:16:30.500+0300][1930.041s][info ][gc] GC(64037) Pause Young (Allocation Failure) 93M->93M(96M) 14.871ms
[2020-08-10T13:16:30.516+0300][1930.057s][info ][gc] GC(64038) Pause Young (Allocation Failure) 94M->94M(96M) 15.354ms
[2020-08-10T13:16:30.785+0300][1930.327s][debug][gc] GC(64039) Expanding ParOldGen from 96256K by 11264K to 107520K
[2020-08-10T13:16:30.786+0300][1930.327s][info ][gc] GC(64039) Pause Full (Ergonomics) 94M->94M(107M) 269.632ms
[2020-08-10T13:16:30.821+0300][1930.363s][info ][gc] GC(64040) Pause Young (Allocation Failure) 95M->95M(107M) 35.013ms
[2020-08-10T13:16:30.838+0300][1930.379s][info ][gc] GC(64041) Pause Young (Allocation Failure) 96M->95M(107M) 15.648ms
[2020-08-10T13:16:30.854+0300][1930.395s][info ][gc] GC(64042) Pause Young (Allocation Failure) 96M->96M(107M) 15.820ms
[2020-08-10T13:16:30.871+0300][1930.412s][info ][gc] GC(64043) Pause Young (Allocation Failure) 97M->97M(107M) 16.117ms
[2020-08-10T13:16:30.898+0300][1930.440s][info ][gc] GC(64044) Pause Young (Allocation Failure) 98M->98M(107M) 26.944ms
[2020-08-10T13:16:30.925+0300][1930.466s][info ][gc] GC(64045) Pause Young (Allocation Failure) 99M->99M(107M) 26.194ms
[2020-08-10T13:16:30.941+0300][1930.483s][info ][gc] GC(64046) Pause Young (Allocation Failure) 100M->100M(107M) 15.965ms
[2020-08-10T13:16:30.964+0300][1930.506s][info ][gc] GC(64047) Pause Young (Allocation Failure) 101M->101M(107M) 22.358ms
[2020-08-10T13:16:30.982+0300][1930.523s][info ][gc] GC(64048) Pause Young (Allocation Failure) 102M->102M(107M) 16.733ms
[2020-08-10T13:16:30.998+0300][1930.540s][info ][gc] GC(64049) Pause Young (Allocation Failure) 103M->103M(107M) 16.266ms
[2020-08-10T13:16:31.015+0300][1930.556s][info ][gc] GC(64050) Pause Young (Allocation Failure) 104M->104M(107M) 16.259ms
[2020-08-10T13:16:31.032+0300][1930.573s][info ][gc] GC(64051) Pause Young (Allocation Failure) 105M->105M(107M) 16.307ms
[2020-08-10T13:16:31.357+0300][1930.899s][debug][gc] GC(64052) Expanding ParOldGen from 107520K by 11264K to 118784K
[2020-08-10T13:16:31.357+0300][1930.899s][info ][gc] GC(64052) Pause Full (Ergonomics) 105M->105M(118M) 325.372ms
[2020-08-10T13:16:31.410+0300][1930.952s][info ][gc] GC(64053) Pause Young (Allocation Failure) 106M->106M(118M) 52.404ms
[2020-08-10T13:16:31.428+0300][1930.969s][info ][gc] GC(64054) Pause Young (Allocation Failure) 107M->107M(118M) 17.353ms
[2020-08-10T13:16:31.446+0300][1930.987s][info ][gc] GC(64055) Pause Young (Allocation Failure) 108M->107M(118M) 17.065ms
[2020-08-10T13:16:31.463+0300][1931.005s][info ][gc] GC(64056) Pause Young (Allocation Failure) 108M->108M(118M) 16.887ms
[2020-08-10T13:16:31.480+0300][1931.022s][info ][gc] GC(64057) Pause Young (Allocation Failure) 109M->109M(118M) 16.480ms
[2020-08-10T13:16:31.498+0300][1931.040s][info ][gc] GC(64058) Pause Young (Allocation Failure) 110M->110M(118M) 17.314ms
[2020-08-10T13:16:31.515+0300][1931.057s][info ][gc] GC(64059) Pause Young (Allocation Failure) 111M->111M(118M) 16.753ms
[2020-08-10T13:16:31.533+0300][1931.074s][info ][gc] GC(64060) Pause Young (Allocation Failure) 112M->112M(118M) 17.174ms
[2020-08-10T13:16:31.551+0300][1931.093s][info ][gc] GC(64061) Pause Young (Allocation Failure) 113M->113M(118M) 17.709ms
[2020-08-10T13:16:31.569+0300][1931.110s][info ][gc] GC(64062) Pause Young (Allocation Failure) 114M->114M(118M) 17.308ms
[2020-08-10T13:16:31.589+0300][1931.130s][info ][gc] GC(64063) Pause Young (Allocation Failure) 115M->115M(118M) 19.602ms
[2020-08-10T13:16:31.607+0300][1931.148s][info ][gc] GC(64064) Pause Young (Allocation Failure) 116M->116M(118M) 17.480ms
[2020-08-10T13:16:31.971+0300][1931.513s][debug][gc] GC(64065) Expanding ParOldGen from 118784K by 11264K to 130048K
[2020-08-10T13:16:31.972+0300][1931.513s][info ][gc] GC(64065) Pause Full (Ergonomics) 116M->116M(129M) 364.512ms
[2020-08-10T13:16:32.006+0300][1931.546s][info ][gc] GC(64066) Pause Young (Allocation Failure) 117M->117M(129M) 32.640ms
[2020-08-10T13:16:32.025+0300][1931.565s][info ][gc] GC(64067) Pause Young (Allocation Failure) 118M->118M(129M) 18.253ms
[2020-08-10T13:16:32.059+0300][1931.599s][info ][gc] GC(64068) Pause Young (Allocation Failure) 119M->119M(129M) 33.791ms
[2020-08-10T13:16:32.077+0300][1931.618s][info ][gc] GC(64069) Pause Young (Allocation Failure) 120M->120M(129M) 17.965ms
[2020-08-10T13:16:32.096+0300][1931.636s][info ][gc] GC(64070) Pause Young (Allocation Failure) 121M->121M(129M) 17.878ms
[2020-08-10T13:16:32.123+0300][1931.664s][info ][gc] GC(64071) Pause Young (Allocation Failure) 122M->121M(129M) 26.890ms
[2020-08-10T13:16:32.145+0300][1931.685s][info ][gc] GC(64072) Pause Young (Allocation Failure) 122M->122M(129M) 20.951ms
[2020-08-10T13:16:32.177+0300][1931.717s][info ][gc] GC(64073) Pause Young (Allocation Failure) 123M->123M(129M) 31.619ms
[2020-08-10T13:16:32.213+0300][1931.754s][info ][gc] GC(64074) Pause Young (Allocation Failure) 124M->124M(129M) 36.081ms
[2020-08-10T13:16:32.242+0300][1931.783s][info ][gc] GC(64075) Pause Young (Allocation Failure) 125M->125M(129M) 28.511ms
[2020-08-10T13:16:32.261+0300][1931.801s][info ][gc] GC(64076) Pause Young (Allocation Failure) 126M->126M(129M) 18.437ms
[2020-08-10T13:16:32.289+0300][1931.830s][info ][gc] GC(64077) Pause Young (Allocation Failure) 127M->127M(129M) 27.904ms
[2020-08-10T13:16:32.715+0300][1932.256s][debug][gc] GC(64078) Expanding ParOldGen from 130048K by 11264K to 141312K
[2020-08-10T13:16:32.715+0300][1932.256s][info ][gc] GC(64078) Pause Full (Ergonomics) 127M->127M(140M) 426.176ms
[2020-08-10T13:16:32.762+0300][1932.302s][info ][gc] GC(64079) Pause Young (Allocation Failure) 128M->128M(140M) 45.853ms
[2020-08-10T13:16:32.785+0300][1932.326s][info ][gc] GC(64080) Pause Young (Allocation Failure) 129M->129M(140M) 23.298ms
[2020-08-10T13:16:32.824+0300][1932.365s][info ][gc] GC(64081) Pause Young (Allocation Failure) 130M->130M(140M) 38.512ms
[2020-08-10T13:16:32.849+0300][1932.389s][info ][gc] GC(64082) Pause Young (Allocation Failure) 131M->131M(140M) 23.939ms
[2020-08-10T13:16:32.884+0300][1932.425s][info ][gc] GC(64083) Pause Young (Allocation Failure) 132M->132M(140M) 34.996ms
[2020-08-10T13:16:32.926+0300][1932.466s][info ][gc] GC(64084) Pause Young (Allocation Failure) 133M->133M(140M) 40.893ms
[2020-08-10T13:16:32.949+0300][1932.490s][info ][gc] GC(64085) Pause Young (Allocation Failure) 134M->134M(140M) 22.716ms
[2020-08-10T13:16:32.977+0300][1932.518s][info ][gc] GC(64086) Pause Young (Allocation Failure) 135M->135M(140M) 27.588ms
[2020-08-10T13:16:32.977+0300][1932.518s][debug][gc] Expanding ParOldGen from 141312K by 19968K to 161280K
[2020-08-10T13:16:33.034+0300][1932.575s][info ][gc] GC(64087) Pause Young (Allocation Failure) 155M->155M(160M) 48.552ms
[2020-08-10T13:16:33.082+0300][1932.623s][info ][gc] GC(64088) Pause Young (Allocation Failure) 156M->155M(160M) 47.636ms
[2020-08-10T13:16:33.113+0300][1932.654s][info ][gc] GC(64089) Pause Young (Allocation Failure) 156M->156M(160M) 30.287ms
[2020-08-10T13:16:33.144+0300][1932.685s][info ][gc] GC(64090) Pause Young (Allocation Failure) 157M->157M(160M) 30.773ms
[2020-08-10T13:16:33.199+0300][1932.740s][debug][gc] GC(64091) Shrinking ParOldGen from 161280K by 124928K to 36352K
[2020-08-10T13:16:33.200+0300][1932.740s][info ][gc] GC(64091) Pause Full (Ergonomics) 157M->24M(38M) 54.953ms
[2020-08-10T13:16:33.219+0300][1932.759s][info ][gc] GC(64092) Pause Young (Allocation Failure) 25M->25M(38M) 18.808ms
[2020-08-10T13:16:33.234+0300][1932.774s][info ][gc] GC(64093) Pause Young (Allocation Failure) 26M->26M(38M) 14.543ms
[2020-08-10T13:16:33.257+0300][1932.798s][info ][gc] GC(64094) Pause Young (Allocation Failure) 27M->27M(38M) 23.156ms
[2020-08-10T13:16:33.272+0300][1932.812s][info ][gc] GC(64095) Pause Young (Allocation Failure) 28M->28M(38M) 13.757ms
[2020-08-10T13:16:33.286+0300][1932.827s][info ][gc] GC(64096) Pause Young (Allocation Failure) 29M->28M(38M) 14.045ms
[2020-08-10T13:16:33.307+0300][1932.848s][info ][gc] GC(64097) Pause Young (Allocation Failure) 29M->29M(38M) 20.708ms
[2020-08-10T13:16:33.329+0300][1932.869s][info ][gc] GC(64098) Pause Young (Allocation Failure) 30M->30M(38M) 21.216ms
[2020-08-10T13:16:33.349+0300][1932.890s][info ][gc] GC(64099) Pause Young (Allocation Failure) 31M->31M(38M) 19.754ms
[2020-08-10T13:16:33.364+0300][1932.904s][info ][gc] GC(64100) Pause Young (Allocation Failure) 32M->32M(38M) 14.109ms
[2020-08-10T13:16:33.378+0300][1932.919s][info ][gc] GC(64101) Pause Young (Allocation Failure) 33M->33M(38M) 14.310ms
[2020-08-10T13:16:33.393+0300][1932.933s][info ][gc] GC(64102) Pause Young (Allocation Failure) 34M->34M(38M) 14.016ms
[2020-08-10T13:16:33.414+0300][1932.954s][info ][gc] GC(64103) Pause Young (Allocation Failure) 35M->35M(38M) 20.925ms
[2020-08-10T13:16:33.492+0300][1933.032s][debug][gc] GC(64104) Expanding ParOldGen from 36352K by 11264K to 47616K
[2020-08-10T13:16:33.492+0300][1933.032s][info ][gc] GC(64104) Pause Full (Ergonomics) 35M->35M(49M) 77.598ms
[2020-08-10T13:16:33.520+0300][1933.061s][info ][gc] GC(64105) Pause Young (Allocation Failure) 36M->36M(49M) 28.020ms
[2020-08-10T13:16:33.535+0300][1933.075s][info ][gc] GC(64106) Pause Young (Allocation Failure) 37M->37M(49M) 14.221ms
[2020-08-10T13:16:33.552+0300][1933.092s][info ][gc] GC(64107) Pause Young (Allocation Failure) 38M->38M(49M) 16.583ms
[2020-08-10T13:16:33.567+0300][1933.107s][info ][gc] GC(64108) Pause Young (Allocation Failure) 39M->39M(49M) 14.507ms
[2020-08-10T13:16:33.581+0300][1933.121s][info ][gc] GC(64109) Pause Young (Allocation Failure) 40M->40M(49M) 13.714ms
[2020-08-10T13:16:33.595+0300][1933.136s][info ][gc] GC(64110) Pause Young (Allocation Failure) 41M->41M(49M) 14.042ms
[2020-08-10T13:16:33.610+0300][1933.151s][info ][gc] GC(64111) Pause Young (Allocation Failure) 42M->42M(49M) 14.280ms
[2020-08-10T13:16:33.625+0300][1933.165s][info ][gc] GC(64112) Pause Young (Allocation Failure) 43M->43M(48M) 14.254ms
[2020-08-10T13:16:33.639+0300][1933.180s][info ][gc] GC(64113) Pause Young (Allocation Failure) 44M->44M(48M) 14.309ms
[2020-08-10T13:16:33.654+0300][1933.195s][info ][gc] GC(64114) Pause Young (Allocation Failure) 45M->44M(48M) 14.456ms
[2020-08-10T13:16:33.669+0300][1933.209s][info ][gc] GC(64115) Pause Young (Allocation Failure) 45M->45M(49M) 14.049ms
[2020-08-10T13:16:33.686+0300][1933.227s][info ][gc] GC(64116) Pause Young (Allocation Failure) 46M->46M(49M) 17.142ms
[2020-08-10T13:16:33.799+0300][1933.340s][debug][gc] GC(64117) Expanding ParOldGen from 47616K by 11776K to 59392K
[2020-08-10T13:16:33.799+0300][1933.340s][info ][gc] GC(64117) Pause Full (Ergonomics) 46M->46M(60M) 112.591ms
[2020-08-10T13:16:33.841+0300][1933.382s][info ][gc] GC(64118) Pause Young (Allocation Failure) 47M->47M(60M) 41.723ms
[2020-08-10T13:16:33.863+0300][1933.404s][info ][gc] GC(64119) Pause Young (Allocation Failure) 48M->48M(60M) 21.771ms
[2020-08-10T13:16:33.878+0300][1933.419s][info ][gc] GC(64120) Pause Young (Allocation Failure) 49M->49M(60M) 14.335ms
[2020-08-10T13:16:33.904+0300][1933.444s][info ][gc] GC(64121) Pause Young (Allocation Failure) 50M->50M(60M) 24.915ms
[2020-08-10T13:16:33.919+0300][1933.459s][info ][gc] GC(64122) Pause Young (Allocation Failure) 51M->51M(60M) 14.198ms
[2020-08-10T13:16:33.933+0300][1933.474s][info ][gc] GC(64123) Pause Young (Allocation Failure) 52M->52M(60M) 14.117ms
[2020-08-10T13:16:33.964+0300][1933.505s][info ][gc] GC(64124) Pause Young (Allocation Failure) 53M->53M(60M) 30.764ms
[2020-08-10T13:16:33.993+0300][1933.533s][info ][gc] GC(64125) Pause Young (Allocation Failure) 54M->54M(60M) 27.700ms
[2020-08-10T13:16:34.012+0300][1933.552s][info ][gc] GC(64126) Pause Young (Allocation Failure) 55M->55M(60M) 18.497ms
[2020-08-10T13:16:34.034+0300][1933.575s][info ][gc] GC(64127) Pause Young (Allocation Failure) 56M->56M(60M) 21.930ms
[2020-08-10T13:16:34.053+0300][1933.594s][info ][gc] GC(64128) Pause Young (Allocation Failure) 57M->57M(60M) 18.569ms
[2020-08-10T13:16:34.074+0300][1933.615s][info ][gc] GC(64129) Pause Young (Allocation Failure) 58M->58M(60M) 20.612ms
[2020-08-10T13:16:34.236+0300][1933.776s][debug][gc] GC(64130) Expanding ParOldGen from 59392K by 11264K to 70656K
[2020-08-10T13:16:34.236+0300][1933.776s][info ][gc] GC(64130) Pause Full (Ergonomics) 58M->58M(71M) 161.216ms
[2020-08-10T13:16:34.272+0300][1933.813s][info ][gc] GC(64131) Pause Young (Allocation Failure) 59M->59M(71M) 36.278ms
[2020-08-10T13:16:34.287+0300][1933.828s][info ][gc] GC(64132) Pause Young (Allocation Failure) 60M->59M(71M) 14.327ms
[2020-08-10T13:16:34.302+0300][1933.843s][info ][gc] GC(64133) Pause Young (Allocation Failure) 60M->60M(71M) 14.529ms
[2020-08-10T13:16:34.317+0300][1933.858s][info ][gc] GC(64134) Pause Young (Allocation Failure) 61M->61M(71M) 14.328ms
[2020-08-10T13:16:34.332+0300][1933.872s][info ][gc] GC(64135) Pause Young (Allocation Failure) 62M->62M(71M) 14.024ms
[2020-08-10T13:16:34.346+0300][1933.887s][info ][gc] GC(64136) Pause Young (Allocation Failure) 63M->63M(71M) 14.158ms
[2020-08-10T13:16:34.379+0300][1933.920s][info ][gc] GC(64137) Pause Young (Allocation Failure) 64M->64M(71M) 32.202ms
[2020-08-10T13:16:34.404+0300][1933.944s][info ][gc] GC(64138) Pause Young (Allocation Failure) 65M->65M(71M) 24.259ms
[2020-08-10T13:16:34.419+0300][1933.959s][info ][gc] GC(64139) Pause Young (Allocation Failure) 66M->66M(71M) 14.145ms
[2020-08-10T13:16:34.433+0300][1933.974s][info ][gc] GC(64140) Pause Young (Allocation Failure) 67M->67M(71M) 14.134ms
[2020-08-10T13:16:34.457+0300][1933.997s][info ][gc] GC(64141) Pause Young (Allocation Failure) 68M->68M(71M) 23.209ms
[2020-08-10T13:16:34.472+0300][1934.013s][info ][gc] GC(64142) Pause Young (Allocation Failure) 69M->69M(71M) 14.570ms
[2020-08-10T13:16:34.681+0300][1934.222s][debug][gc] GC(64143) Expanding ParOldGen from 70656K by 11776K to 82432K
[2020-08-10T13:16:34.681+0300][1934.222s][info ][gc] GC(64143) Pause Full (Ergonomics) 69M->69M(83M) 208.789ms
[2020-08-10T13:16:34.713+0300][1934.253s][info ][gc] GC(64144) Pause Young (Allocation Failure) 70M->70M(83M) 31.017ms
[2020-08-10T13:16:34.727+0300][1934.268s][info ][gc] GC(64145) Pause Young (Allocation Failure) 71M->71M(83M) 14.310ms
[2020-08-10T13:16:34.742+0300][1934.283s][info ][gc] GC(64146) Pause Young (Allocation Failure) 72M->72M(83M) 14.152ms
[2020-08-10T13:16:34.757+0300][1934.298s][info ][gc] GC(64147) Pause Young (Allocation Failure) 73M->73M(83M) 14.379ms
[2020-08-10T13:16:34.772+0300][1934.313s][info ][gc] GC(64148) Pause Young (Allocation Failure) 74M->74M(83M) 14.467ms
[2020-08-10T13:16:34.787+0300][1934.327s][info ][gc] GC(64149) Pause Young (Allocation Failure) 75M->75M(83M) 14.225ms
[2020-08-10T13:16:34.802+0300][1934.342s][info ][gc] GC(64150) Pause Young (Allocation Failure) 76M->76M(83M) 14.383ms
[2020-08-10T13:16:34.816+0300][1934.357s][info ][gc] GC(64151) Pause Young (Allocation Failure) 77M->76M(83M) 14.065ms
[2020-08-10T13:16:34.831+0300][1934.371s][info ][gc] GC(64152) Pause Young (Allocation Failure) 77M->77M(82M) 14.325ms
[2020-08-10T13:16:34.845+0300][1934.386s][info ][gc] GC(64153) Pause Young (Allocation Failure) 78M->78M(82M) 14.075ms
[2020-08-10T13:16:34.860+0300][1934.400s][info ][gc] GC(64154) Pause Young (Allocation Failure) 79M->79M(82M) 14.128ms
[2020-08-10T13:16:34.874+0300][1934.415s][info ][gc] GC(64155) Pause Young (Allocation Failure) 80M->80M(82M) 14.277ms
[2020-08-10T13:16:35.099+0300][1934.640s][debug][gc] GC(64156) Expanding ParOldGen from 82432K by 11264K to 93696K
[2020-08-10T13:16:35.099+0300][1934.640s][info ][gc] GC(64156) Pause Full (Ergonomics) 80M->80M(93M) 224.871ms
[2020-08-10T13:16:35.149+0300][1934.690s][info ][gc] GC(64157) Pause Young (Allocation Failure) 81M->81M(93M) 49.403ms
[2020-08-10T13:16:35.165+0300][1934.705s][info ][gc] GC(64158) Pause Young (Allocation Failure) 82M->82M(93M) 14.686ms
[2020-08-10T13:16:35.179+0300][1934.720s][info ][gc] GC(64159) Pause Young (Allocation Failure) 83M->83M(93M) 14.298ms
[2020-08-10T13:16:35.195+0300][1934.735s][info ][gc] GC(64160) Pause Young (Allocation Failure) 84M->84M(93M) 14.697ms
[2020-08-10T13:16:35.210+0300][1934.750s][info ][gc] GC(64161) Pause Young (Allocation Failure) 85M->85M(93M) 14.676ms
[2020-08-10T13:16:35.225+0300][1934.766s][info ][gc] GC(64162) Pause Young (Allocation Failure) 86M->86M(93M) 14.747ms
[2020-08-10T13:16:35.240+0300][1934.781s][info ][gc] GC(64163) Pause Young (Allocation Failure) 87M->87M(93M) 14.874ms
[2020-08-10T13:16:35.256+0300][1934.797s][info ][gc] GC(64164) Pause Young (Allocation Failure) 88M->88M(93M) 15.081ms
[2020-08-10T13:16:35.272+0300][1934.812s][info ][gc] GC(64165) Pause Young (Allocation Failure) 89M->89M(93M) 15.077ms
[2020-08-10T13:16:35.288+0300][1934.828s][info ][gc] GC(64166) Pause Young (Allocation Failure) 90M->90M(93M) 15.336ms
[2020-08-10T13:16:35.303+0300][1934.844s][info ][gc] GC(64167) Pause Young (Allocation Failure) 91M->91M(93M) 15.239ms
[2020-08-10T13:16:35.321+0300][1934.861s][info ][gc] GC(64168) Pause Young (Allocation Failure) 92M->92M(93M) 16.858ms
[2020-08-10T13:16:35.606+0300][1935.146s][debug][gc] GC(64169) Expanding ParOldGen from 93696K by 11264K to 104960K
[2020-08-10T13:16:35.606+0300][1935.146s][info ][gc] GC(64169) Pause Full (Ergonomics) 92M->91M(104M) 284.726ms
[2020-08-10T13:16:35.647+0300][1935.188s][info ][gc] GC(64170) Pause Young (Allocation Failure) 92M->92M(104M) 41.454ms
[2020-08-10T13:16:35.664+0300][1935.204s][info ][gc] GC(64171) Pause Young (Allocation Failure) 93M->93M(104M) 15.700ms
[2020-08-10T13:16:35.680+0300][1935.221s][info ][gc] GC(64172) Pause Young (Allocation Failure) 94M->94M(104M) 15.831ms
[2020-08-10T13:16:35.697+0300][1935.237s][info ][gc] GC(64173) Pause Young (Allocation Failure) 95M->95M(104M) 15.708ms
[2020-08-10T13:16:35.713+0300][1935.254s][info ][gc] GC(64174) Pause Young (Allocation Failure) 96M->96M(104M) 15.710ms
[2020-08-10T13:16:35.729+0300][1935.270s][info ][gc] GC(64175) Pause Young (Allocation Failure) 97M->97M(105M) 15.791ms
[2020-08-10T13:16:35.746+0300][1935.286s][info ][gc] GC(64176) Pause Young (Allocation Failure) 98M->98M(105M) 15.785ms
[2020-08-10T13:16:35.762+0300][1935.303s][info ][gc] GC(64177) Pause Young (Allocation Failure) 99M->99M(104M) 15.989ms
[2020-08-10T13:16:35.779+0300][1935.320s][info ][gc] GC(64178) Pause Young (Allocation Failure) 100M->100M(104M) 16.449ms
[2020-08-10T13:16:35.796+0300][1935.337s][info ][gc] GC(64179) Pause Young (Allocation Failure) 101M->101M(104M) 16.471ms
[2020-08-10T13:16:35.811+0300][1935.352s][info ][gc] GC(64180) Pause Young (Allocation Failure) 102M->102M(105M) 14.769ms
[2020-08-10T13:16:36.140+0300][1935.680s][debug][gc] GC(64181) Expanding ParOldGen from 104960K by 11776K to 116736K
[2020-08-10T13:16:36.140+0300][1935.681s][info ][gc] GC(64181) Pause Full (Ergonomics) 102M->102M(116M) 328.324ms
[2020-08-10T13:16:36.158+0300][1935.698s][info ][gc] GC(64182) Pause Young (Allocation Failure) 103M->103M(116M) 17.038ms
[2020-08-10T13:16:36.174+0300][1935.715s][info ][gc] GC(64183) Pause Young (Allocation Failure) 104M->104M(116M) 16.330ms
[2020-08-10T13:16:36.191+0300][1935.732s][info ][gc] GC(64184) Pause Young (Allocation Failure) 105M->105M(116M) 16.207ms
[2020-08-10T13:16:36.208+0300][1935.749s][info ][gc] GC(64185) Pause Young (Allocation Failure) 106M->106M(116M) 16.207ms
[2020-08-10T13:16:36.225+0300][1935.766s][info ][gc] GC(64186) Pause Young (Allocation Failure) 107M->107M(116M) 16.191ms
[2020-08-10T13:16:36.242+0300][1935.782s][info ][gc] GC(64187) Pause Young (Allocation Failure) 108M->108M(116M) 16.203ms
[2020-08-10T13:16:36.258+0300][1935.799s][info ][gc] GC(64188) Pause Young (Allocation Failure) 109M->108M(116M) 16.264ms
[2020-08-10T13:16:36.275+0300][1935.816s][info ][gc] GC(64189) Pause Young (Allocation Failure) 109M->109M(116M) 16.211ms
[2020-08-10T13:16:36.292+0300][1935.832s][info ][gc] GC(64190) Pause Young (Allocation Failure) 110M->110M(116M) 16.479ms
[2020-08-10T13:16:36.309+0300][1935.850s][info ][gc] GC(64191) Pause Young (Allocation Failure) 111M->111M(116M) 16.862ms
[2020-08-10T13:16:36.326+0300][1935.867s][info ][gc] GC(64192) Pause Young (Allocation Failure) 112M->112M(116M) 16.411ms
[2020-08-10T13:16:36.343+0300][1935.884s][info ][gc] GC(64193) Pause Young (Allocation Failure) 113M->113M(116M) 16.790ms
[2020-08-10T13:16:36.366+0300][1935.907s][info ][gc] GC(64194) Pause Young (Allocation Failure) 114M->114M(116M) 22.242ms
[2020-08-10T13:16:36.667+0300][1936.207s][debug][gc] GC(64195) Expanding ParOldGen from 116736K by 11264K to 128000K
[2020-08-10T13:16:36.667+0300][1936.207s][info ][gc] GC(64195) Pause Full (Ergonomics) 114M->114M(127M) 300.712ms
[2020-08-10T13:16:36.703+0300][1936.243s][info ][gc] GC(64196) Pause Young (Allocation Failure) 115M->115M(127M) 35.436ms
[2020-08-10T13:16:36.721+0300][1936.262s][info ][gc] GC(64197) Pause Young (Allocation Failure) 116M->116M(127M) 17.938ms
[2020-08-10T13:16:36.751+0300][1936.292s][info ][gc] GC(64198) Pause Young (Allocation Failure) 117M->117M(127M) 29.263ms
[2020-08-10T13:16:36.770+0300][1936.310s][info ][gc] GC(64199) Pause Young (Allocation Failure) 118M->118M(127M) 18.141ms
[2020-08-10T13:16:36.814+0300][1936.355s][info ][gc] GC(64200) Pause Young (Allocation Failure) 119M->119M(127M) 43.878ms
[2020-08-10T13:16:36.855+0300][1936.396s][info ][gc] GC(64201) Pause Young (Allocation Failure) 120M->120M(127M) 40.991ms
[2020-08-10T13:16:36.874+0300][1936.415s][info ][gc] GC(64202) Pause Young (Allocation Failure) 121M->121M(127M) 18.502ms
[2020-08-10T13:16:36.893+0300][1936.434s][info ][gc] GC(64203) Pause Young (Allocation Failure) 122M->122M(127M) 18.411ms
[2020-08-10T13:16:36.927+0300][1936.468s][info ][gc] GC(64204) Pause Young (Allocation Failure) 123M->123M(127M) 32.969ms
[2020-08-10T13:16:36.958+0300][1936.499s][info ][gc] GC(64205) Pause Young (Allocation Failure) 124M->124M(127M) 30.980ms
[2020-08-10T13:16:36.989+0300][1936.530s][info ][gc] GC(64206) Pause Young (Allocation Failure) 125M->125M(127M) 30.431ms
[2020-08-10T13:16:37.358+0300][1936.899s][debug][gc] GC(64207) Expanding ParOldGen from 128000K by 11264K to 139264K
[2020-08-10T13:16:37.358+0300][1936.899s][info ][gc] GC(64207) Pause Full (Ergonomics) 125M->124M(138M) 368.803ms
[2020-08-10T13:16:37.374+0300][1936.915s][info ][gc] GC(64208) Pause Young (Allocation Failure) 125M->125M(138M) 15.635ms
[2020-08-10T13:16:37.393+0300][1936.934s][info ][gc] GC(64209) Pause Young (Allocation Failure) 126M->126M(138M) 18.604ms
[2020-08-10T13:16:37.412+0300][1936.953s][info ][gc] GC(64210) Pause Young (Allocation Failure) 127M->127M(138M) 18.379ms
[2020-08-10T13:16:37.431+0300][1936.972s][info ][gc] GC(64211) Pause Young (Allocation Failure) 128M->128M(138M) 18.690ms
[2020-08-10T13:16:37.450+0300][1936.991s][info ][gc] GC(64212) Pause Young (Allocation Failure) 129M->129M(138M) 18.538ms
[2020-08-10T13:16:37.468+0300][1937.009s][info ][gc] GC(64213) Pause Young (Allocation Failure) 130M->130M(138M) 18.330ms
[2020-08-10T13:16:37.520+0300][1937.061s][info ][gc] GC(64214) Pause Young (Allocation Failure) 131M->131M(138M) 51.337ms
[2020-08-10T13:16:37.564+0300][1937.105s][info ][gc] GC(64215) Pause Young (Allocation Failure) 132M->132M(138M) 42.915ms
[2020-08-10T13:16:37.594+0300][1937.134s][info ][gc] GC(64216) Pause Young (Allocation Failure) 133M->133M(138M) 29.480ms
[2020-08-10T13:16:37.628+0300][1937.169s][info ][gc] GC(64217) Pause Young (Allocation Failure) 134M->134M(138M) 34.475ms
[2020-08-10T13:16:37.652+0300][1937.193s][info ][gc] GC(64218) Pause Young (Allocation Failure) 135M->135M(138M) 23.060ms
[2020-08-10T13:16:37.652+0300][1937.193s][debug][gc] Expanding ParOldGen from 139264K by 19968K to 159232K
[2020-08-10T13:16:37.696+0300][1937.237s][info ][gc] GC(64219) Pause Young (Allocation Failure) 155M->155M(158M) 36.324ms
[2020-08-10T13:16:37.733+0300][1937.274s][info ][gc] GC(64220) Pause Young (Allocation Failure) 156M->156M(158M) 35.932ms
[2020-08-10T13:16:37.774+0300][1937.314s][debug][gc] GC(64221) Shrinking ParOldGen from 159232K by 124416K to 34816K
[2020-08-10T13:16:37.774+0300][1937.315s][info ][gc] GC(64221) Pause Full (Ergonomics) 156M->22M(36M) 40.896ms
[2020-08-10T13:16:37.788+0300][1937.329s][info ][gc] GC(64222) Pause Young (Allocation Failure) 23M->23M(36M) 13.640ms
[2020-08-10T13:16:37.802+0300][1937.343s][info ][gc] GC(64223) Pause Young (Allocation Failure) 24M->24M(36M) 13.912ms
[2020-08-10T13:16:37.833+0300][1937.373s][info ][gc] GC(64224) Pause Young (Allocation Failure) 25M->25M(36M) 30.039ms
[2020-08-10T13:16:37.848+0300][1937.389s][info ][gc] GC(64225) Pause Young (Allocation Failure) 26M->26M(36M) 15.164ms
[2020-08-10T13:16:37.862+0300][1937.403s][info ][gc] GC(64226) Pause Young (Allocation Failure) 27M->27M(36M) 13.966ms
[2020-08-10T13:16:37.877+0300][1937.418s][info ][gc] GC(64227) Pause Young (Allocation Failure) 28M->28M(36M) 14.180ms
[2020-08-10T13:16:37.892+0300][1937.433s][info ][gc] GC(64228) Pause Young (Allocation Failure) 29M->29M(36M) 14.018ms
[2020-08-10T13:16:37.906+0300][1937.447s][info ][gc] GC(64229) Pause Young (Allocation Failure) 30M->30M(36M) 13.724ms
[2020-08-10T13:16:37.920+0300][1937.461s][info ][gc] GC(64230) Pause Young (Allocation Failure) 31M->31M(36M) 13.711ms
[2020-08-10T13:16:37.935+0300][1937.476s][info ][gc] GC(64231) Pause Young (Allocation Failure) 32M->32M(36M) 13.865ms
[2020-08-10T13:16:37.949+0300][1937.490s][info ][gc] GC(64232) Pause Young (Allocation Failure) 33M->33M(36M) 13.814ms
[2020-08-10T13:16:37.964+0300][1937.505s][info ][gc] GC(64233) Pause Young (Allocation Failure) 34M->34M(36M) 14.112ms
[2020-08-10T13:16:38.034+0300][1937.575s][debug][gc] GC(64234) Expanding ParOldGen from 34816K by 11776K to 46592K
[2020-08-10T13:16:38.034+0300][1937.575s][info ][gc] GC(64234) Pause Full (Ergonomics) 34M->33M(48M) 69.777ms
[2020-08-10T13:16:38.048+0300][1937.588s][info ][gc] GC(64235) Pause Young (Allocation Failure) 34M->34M(48M) 13.319ms
[2020-08-10T13:16:38.062+0300][1937.603s][info ][gc] GC(64236) Pause Young (Allocation Failure) 35M->35M(48M) 13.938ms
[2020-08-10T13:16:38.077+0300][1937.617s][info ][gc] GC(64237) Pause Young (Allocation Failure) 36M->36M(48M) 14.160ms
[2020-08-10T13:16:38.091+0300][1937.632s][info ][gc] GC(64238) Pause Young (Allocation Failure) 37M->37M(48M) 13.897ms
[2020-08-10T13:16:38.105+0300][1937.646s][info ][gc] GC(64239) Pause Young (Allocation Failure) 38M->38M(47M) 14.119ms
[2020-08-10T13:16:38.120+0300][1937.661s][info ][gc] GC(64240) Pause Young (Allocation Failure) 39M->39M(47M) 13.968ms
[2020-08-10T13:16:38.141+0300][1937.681s][info ][gc] GC(64241) Pause Young (Allocation Failure) 40M->40M(47M) 19.938ms
[2020-08-10T13:16:38.155+0300][1937.696s][info ][gc] GC(64242) Pause Young (Allocation Failure) 41M->41M(47M) 13.913ms
[2020-08-10T13:16:38.170+0300][1937.711s][info ][gc] GC(64243) Pause Young (Allocation Failure) 42M->42M(47M) 14.293ms
[2020-08-10T13:16:38.190+0300][1937.731s][info ][gc] GC(64244) Pause Young (Allocation Failure) 43M->43M(47M) 19.134ms
[2020-08-10T13:16:38.204+0300][1937.745s][info ][gc] GC(64245) Pause Young (Allocation Failure) 44M->44M(47M) 13.873ms
[2020-08-10T13:16:38.218+0300][1937.759s][info ][gc] GC(64246) Pause Young (Allocation Failure) 45M->45M(47M) 13.943ms
[2020-08-10T13:16:38.247+0300][1937.788s][info ][gc] GC(64247) Pause Young (Allocation Failure) 46M->46M(47M) 28.520ms
[2020-08-10T13:16:38.363+0300][1937.904s][debug][gc] GC(64248) Expanding ParOldGen from 46592K by 11264K to 57856K
[2020-08-10T13:16:38.363+0300][1937.904s][info ][gc] GC(64248) Pause Full (Ergonomics) 46M->46M(58M) 115.931ms
[2020-08-10T13:16:38.395+0300][1937.936s][info ][gc] GC(64249) Pause Young (Allocation Failure) 47M->47M(58M) 31.124ms
[2020-08-10T13:16:38.410+0300][1937.950s][info ][gc] GC(64250) Pause Young (Allocation Failure) 48M->48M(58M) 14.185ms
[2020-08-10T13:16:38.424+0300][1937.965s][info ][gc] GC(64251) Pause Young (Allocation Failure) 49M->49M(58M) 14.182ms
[2020-08-10T13:16:38.439+0300][1937.980s][info ][gc] GC(64252) Pause Young (Allocation Failure) 50M->49M(58M) 14.108ms
[2020-08-10T13:16:38.453+0300][1937.994s][info ][gc] GC(64253) Pause Young (Allocation Failure) 50M->50M(58M) 14.145ms
[2020-08-10T13:16:38.470+0300][1938.010s][info ][gc] GC(64254) Pause Young (Allocation Failure) 51M->51M(58M) 15.510ms
[2020-08-10T13:16:38.491+0300][1938.032s][info ][gc] GC(64255) Pause Young (Allocation Failure) 52M->52M(58M) 20.976ms
[2020-08-10T13:16:38.521+0300][1938.062s][info ][gc] GC(64256) Pause Young (Allocation Failure) 53M->53M(58M) 29.622ms
[2020-08-10T13:16:38.536+0300][1938.077s][info ][gc] GC(64257) Pause Young (Allocation Failure) 54M->54M(58M) 14.319ms
[2020-08-10T13:16:38.567+0300][1938.107s][info ][gc] GC(64258) Pause Young (Allocation Failure) 55M->55M(58M) 29.518ms
[2020-08-10T13:16:38.581+0300][1938.122s][info ][gc] GC(64259) Pause Young (Allocation Failure) 56M->56M(58M) 14.263ms
[2020-08-10T13:16:38.736+0300][1938.277s][debug][gc] GC(64260) Expanding ParOldGen from 57856K by 11264K to 69120K
[2020-08-10T13:16:38.736+0300][1938.277s][info ][gc] GC(64260) Pause Full (Ergonomics) 56M->56M(69M) 154.808ms
[2020-08-10T13:16:38.760+0300][1938.301s][info ][gc] GC(64261) Pause Young (Allocation Failure) 57M->57M(69M) 23.359ms
[2020-08-10T13:16:38.775+0300][1938.316s][info ][gc] GC(64262) Pause Young (Allocation Failure) 58M->58M(69M) 14.256ms
[2020-08-10T13:16:38.790+0300][1938.331s][info ][gc] GC(64263) Pause Young (Allocation Failure) 59M->59M(69M) 14.212ms
[2020-08-10T13:16:38.804+0300][1938.345s][info ][gc] GC(64264) Pause Young (Allocation Failure) 60M->60M(69M) 14.224ms
[2020-08-10T13:16:38.819+0300][1938.360s][info ][gc] GC(64265) Pause Young (Allocation Failure) 61M->61M(69M) 14.187ms
[2020-08-10T13:16:38.843+0300][1938.384s][info ][gc] GC(64266) Pause Young (Allocation Failure) 62M->62M(69M) 23.705ms
[2020-08-10T13:16:38.858+0300][1938.399s][info ][gc] GC(64267) Pause Young (Allocation Failure) 63M->63M(69M) 14.404ms
[2020-08-10T13:16:38.873+0300][1938.414s][info ][gc] GC(64268) Pause Young (Allocation Failure) 64M->64M(69M) 14.132ms
[2020-08-10T13:16:38.888+0300][1938.429s][info ][gc] GC(64269) Pause Young (Allocation Failure) 65M->65M(69M) 14.264ms
[2020-08-10T13:16:38.903+0300][1938.443s][info ][gc] GC(64270) Pause Young (Allocation Failure) 66M->66M(69M) 14.387ms
[2020-08-10T13:16:38.926+0300][1938.466s][info ][gc] GC(64271) Pause Young (Allocation Failure) 67M->67M(69M) 22.517ms
[2020-08-10T13:16:38.940+0300][1938.481s][info ][gc] GC(64272) Pause Young (Allocation Failure) 68M->67M(69M) 14.138ms
[2020-08-10T13:16:39.148+0300][1938.689s][debug][gc] GC(64273) Expanding ParOldGen from 69120K by 11264K to 80384K
[2020-08-10T13:16:39.148+0300][1938.689s][info ][gc] GC(64273) Pause Full (Ergonomics) 67M->67M(80M) 207.635ms
[2020-08-10T13:16:39.177+0300][1938.718s][info ][gc] GC(64274) Pause Young (Allocation Failure) 68M->68M(80M) 28.722ms
[2020-08-10T13:16:39.192+0300][1938.733s][info ][gc] GC(64275) Pause Young (Allocation Failure) 69M->69M(80M) 14.278ms
[2020-08-10T13:16:39.207+0300][1938.748s][info ][gc] GC(64276) Pause Young (Allocation Failure) 70M->70M(80M) 14.155ms
[2020-08-10T13:16:39.222+0300][1938.762s][info ][gc] GC(64277) Pause Young (Allocation Failure) 71M->71M(80M) 14.153ms
[2020-08-10T13:16:39.248+0300][1938.789s][info ][gc] GC(64278) Pause Young (Allocation Failure) 72M->72M(80M) 25.262ms
[2020-08-10T13:16:39.262+0300][1938.803s][info ][gc] GC(64279) Pause Young (Allocation Failure) 73M->73M(80M) 14.211ms
[2020-08-10T13:16:39.277+0300][1938.818s][info ][gc] GC(64280) Pause Young (Allocation Failure) 74M->74M(80M) 14.531ms
[2020-08-10T13:16:39.293+0300][1938.833s][info ][gc] GC(64281) Pause Young (Allocation Failure) 75M->75M(80M) 14.509ms
[2020-08-10T13:16:39.307+0300][1938.848s][info ][gc] GC(64282) Pause Young (Allocation Failure) 76M->76M(80M) 14.262ms
[2020-08-10T13:16:39.322+0300][1938.863s][info ][gc] GC(64283) Pause Young (Allocation Failure) 77M->77M(80M) 14.311ms
[2020-08-10T13:16:39.344+0300][1938.885s][info ][gc] GC(64284) Pause Young (Allocation Failure) 78M->78M(80M) 20.742ms
[2020-08-10T13:16:39.360+0300][1938.901s][info ][gc] GC(64285) Pause Young (Allocation Failure) 79M->79M(80M) 15.787ms
[2020-08-10T13:16:39.575+0300][1939.116s][debug][gc] GC(64286) Expanding ParOldGen from 80384K by 11264K to 91648K
[2020-08-10T13:16:39.575+0300][1939.116s][info ][gc] GC(64286) Pause Full (Ergonomics) 79M->79M(91M) 214.459ms
[2020-08-10T13:16:39.624+0300][1939.165s][info ][gc] GC(64287) Pause Young (Allocation Failure) 80M->80M(91M) 48.587ms
[2020-08-10T13:16:39.638+0300][1939.179s][info ][gc] GC(64288) Pause Young (Allocation Failure) 81M->81M(91M) 14.217ms
[2020-08-10T13:16:39.653+0300][1939.194s][info ][gc] GC(64289) Pause Young (Allocation Failure) 82M->81M(91M) 14.283ms
[2020-08-10T13:16:39.668+0300][1939.209s][info ][gc] GC(64290) Pause Young (Allocation Failure) 82M->82M(91M) 14.354ms
[2020-08-10T13:16:39.682+0300][1939.223s][info ][gc] GC(64291) Pause Young (Allocation Failure) 83M->83M(91M) 14.276ms
[2020-08-10T13:16:39.697+0300][1939.238s][info ][gc] GC(64292) Pause Young (Allocation Failure) 84M->84M(91M) 14.626ms
[2020-08-10T13:16:39.712+0300][1939.253s][info ][gc] GC(64293) Pause Young (Allocation Failure) 85M->85M(91M) 14.512ms
[2020-08-10T13:16:39.727+0300][1939.268s][info ][gc] GC(64294) Pause Young (Allocation Failure) 86M->86M(91M) 14.556ms
[2020-08-10T13:16:39.742+0300][1939.283s][info ][gc] GC(64295) Pause Young (Allocation Failure) 87M->87M(91M) 14.661ms
[2020-08-10T13:16:39.762+0300][1939.303s][info ][gc] GC(64296) Pause Young (Allocation Failure) 88M->88M(91M) 19.126ms
[2020-08-10T13:16:39.777+0300][1939.318s][info ][gc] GC(64297) Pause Young (Allocation Failure) 89M->89M(91M) 14.877ms
[2020-08-10T13:16:40.050+0300][1939.591s][debug][gc] GC(64298) Expanding ParOldGen from 91648K by 11264K to 102912K
[2020-08-10T13:16:40.051+0300][1939.591s][info ][gc] GC(64298) Pause Full (Ergonomics) 89M->89M(102M) 273.232ms
[2020-08-10T13:16:40.068+0300][1939.609s][info ][gc] GC(64299) Pause Young (Allocation Failure) 90M->90M(102M) 17.332ms
[2020-08-10T13:16:40.084+0300][1939.625s][info ][gc] GC(64300) Pause Young (Allocation Failure) 91M->91M(102M) 14.852ms
[2020-08-10T13:16:40.100+0300][1939.641s][info ][gc] GC(64301) Pause Young (Allocation Failure) 92M->92M(102M) 15.253ms
[2020-08-10T13:16:40.116+0300][1939.657s][info ][gc] GC(64302) Pause Young (Allocation Failure) 93M->93M(103M) 15.273ms
[2020-08-10T13:16:40.145+0300][1939.686s][info ][gc] GC(64303) Pause Young (Allocation Failure) 94M->94M(103M) 28.665ms
[2020-08-10T13:16:40.161+0300][1939.702s][info ][gc] GC(64304) Pause Young (Allocation Failure) 95M->95M(103M) 15.280ms
[2020-08-10T13:16:40.176+0300][1939.717s][info ][gc] GC(64305) Pause Young (Allocation Failure) 96M->96M(103M) 15.400ms
[2020-08-10T13:16:40.193+0300][1939.734s][info ][gc] GC(64306) Pause Young (Allocation Failure) 97M->97M(103M) 15.710ms
[2020-08-10T13:16:40.209+0300][1939.750s][info ][gc] GC(64307) Pause Young (Allocation Failure) 98M->98M(103M) 15.422ms
[2020-08-10T13:16:40.232+0300][1939.773s][info ][gc] GC(64308) Pause Young (Allocation Failure) 99M->98M(103M) 22.232ms
[2020-08-10T13:16:40.248+0300][1939.789s][info ][gc] GC(64309) Pause Young (Allocation Failure) 99M->99M(103M) 15.707ms
[2020-08-10T13:16:40.265+0300][1939.806s][info ][gc] GC(64310) Pause Young (Allocation Failure) 100M->100M(103M) 15.999ms
[2020-08-10T13:16:40.593+0300][1940.134s][debug][gc] GC(64311) Expanding ParOldGen from 102912K by 11264K to 114176K
[2020-08-10T13:16:40.593+0300][1940.134s][info ][gc] GC(64311) Pause Full (Ergonomics) 100M->100M(114M) 327.708ms
[2020-08-10T13:16:40.630+0300][1940.171s][info ][gc] GC(64312) Pause Young (Allocation Failure) 101M->101M(114M) 36.597ms
[2020-08-10T13:16:40.647+0300][1940.188s][info ][gc] GC(64313) Pause Young (Allocation Failure) 102M->102M(114M) 16.220ms
[2020-08-10T13:16:40.673+0300][1940.214s][info ][gc] GC(64314) Pause Young (Allocation Failure) 103M->103M(114M) 26.267ms
[2020-08-10T13:16:40.690+0300][1940.231s][info ][gc] GC(64315) Pause Young (Allocation Failure) 104M->104M(114M) 16.387ms
[2020-08-10T13:16:40.717+0300][1940.258s][info ][gc] GC(64316) Pause Young (Allocation Failure) 105M->105M(114M) 26.617ms
[2020-08-10T13:16:40.735+0300][1940.276s][info ][gc] GC(64317) Pause Young (Allocation Failure) 106M->106M(114M) 16.784ms
[2020-08-10T13:16:40.752+0300][1940.293s][info ][gc] GC(64318) Pause Young (Allocation Failure) 107M->107M(114M) 16.855ms
[2020-08-10T13:16:40.770+0300][1940.311s][info ][gc] GC(64319) Pause Young (Allocation Failure) 108M->108M(114M) 16.907ms
[2020-08-10T13:16:40.787+0300][1940.328s][info ][gc] GC(64320) Pause Young (Allocation Failure) 109M->109M(114M) 16.702ms
[2020-08-10T13:16:40.804+0300][1940.345s][info ][gc] GC(64321) Pause Young (Allocation Failure) 110M->110M(114M) 16.854ms
[2020-08-10T13:16:40.821+0300][1940.362s][info ][gc] GC(64322) Pause Young (Allocation Failure) 111M->111M(114M) 16.694ms
[2020-08-10T13:16:40.852+0300][1940.393s][info ][gc] GC(64323) Pause Young (Allocation Failure) 112M->112M(114M) 29.531ms
[2020-08-10T13:16:41.138+0300][1940.679s][debug][gc] GC(64324) Expanding ParOldGen from 114176K by 11264K to 125440K
[2020-08-10T13:16:41.138+0300][1940.679s][info ][gc] GC(64324) Pause Full (Ergonomics) 112M->112M(125M) 285.980ms
[2020-08-10T13:16:41.189+0300][1940.730s][info ][gc] GC(64325) Pause Young (Allocation Failure) 113M->113M(125M) 50.533ms
[2020-08-10T13:16:41.214+0300][1940.755s][info ][gc] GC(64326) Pause Young (Allocation Failure) 114M->113M(125M) 24.541ms
[2020-08-10T13:16:41.232+0300][1940.773s][info ][gc] GC(64327) Pause Young (Allocation Failure) 114M->114M(125M) 17.869ms
[2020-08-10T13:16:41.251+0300][1940.792s][info ][gc] GC(64328) Pause Young (Allocation Failure) 115M->115M(125M) 18.176ms
[2020-08-10T13:16:41.270+0300][1940.811s][info ][gc] GC(64329) Pause Young (Allocation Failure) 116M->116M(125M) 18.095ms
[2020-08-10T13:16:41.289+0300][1940.830s][info ][gc] GC(64330) Pause Young (Allocation Failure) 117M->117M(125M) 18.320ms
[2020-08-10T13:16:41.332+0300][1940.873s][info ][gc] GC(64331) Pause Young (Allocation Failure) 118M->118M(125M) 42.998ms
[2020-08-10T13:16:41.358+0300][1940.899s][info ][gc] GC(64332) Pause Young (Allocation Failure) 119M->119M(125M) 25.422ms
[2020-08-10T13:16:41.393+0300][1940.934s][info ][gc] GC(64333) Pause Young (Allocation Failure) 120M->120M(125M) 34.239ms
[2020-08-10T13:16:41.417+0300][1940.958s][info ][gc] GC(64334) Pause Young (Allocation Failure) 121M->121M(125M) 23.945ms
[2020-08-10T13:16:41.436+0300][1940.977s][info ][gc] GC(64335) Pause Young (Allocation Failure) 122M->122M(125M) 18.156ms
[2020-08-10T13:16:41.897+0300][1941.438s][debug][gc] GC(64336) Expanding ParOldGen from 125440K by 11264K to 136704K
[2020-08-10T13:16:41.897+0300][1941.438s][info ][gc] GC(64336) Pause Full (Ergonomics) 122M->122M(136M) 461.603ms
[2020-08-10T13:16:41.917+0300][1941.458s][info ][gc] GC(64337) Pause Young (Allocation Failure) 123M->123M(136M) 19.552ms
[2020-08-10T13:16:41.936+0300][1941.477s][info ][gc] GC(64338) Pause Young (Allocation Failure) 124M->124M(136M) 18.006ms
[2020-08-10T13:16:41.961+0300][1941.502s][info ][gc] GC(64339) Pause Young (Allocation Failure) 125M->125M(136M) 24.653ms
[2020-08-10T13:16:41.987+0300][1941.528s][info ][gc] GC(64340) Pause Young (Allocation Failure) 126M->126M(136M) 25.482ms
[2020-08-10T13:16:42.005+0300][1941.546s][info ][gc] GC(64341) Pause Young (Allocation Failure) 127M->127M(136M) 18.266ms
[2020-08-10T13:16:42.049+0300][1941.590s][info ][gc] GC(64342) Pause Young (Allocation Failure) 128M->128M(136M) 43.611ms
[2020-08-10T13:16:42.068+0300][1941.609s][info ][gc] GC(64343) Pause Young (Allocation Failure) 129M->129M(136M) 18.053ms
[2020-08-10T13:16:42.087+0300][1941.628s][info ][gc] GC(64344) Pause Young (Allocation Failure) 130M->130M(136M) 18.873ms
[2020-08-10T13:16:42.107+0300][1941.648s][info ][gc] GC(64345) Pause Young (Allocation Failure) 131M->130M(136M) 18.830ms
[2020-08-10T13:16:42.126+0300][1941.667s][info ][gc] GC(64346) Pause Young (Allocation Failure) 131M->131M(136M) 18.742ms
[2020-08-10T13:16:42.145+0300][1941.686s][info ][gc] GC(64347) Pause Young (Allocation Failure) 132M->132M(136M) 19.172ms
[2020-08-10T13:16:42.187+0300][1941.728s][info ][gc] GC(64348) Pause Young (Allocation Failure) 133M->133M(136M) 41.556ms
[2020-08-10T13:16:42.700+0300][1942.242s][debug][gc] GC(64349) Expanding ParOldGen from 136704K by 11264K to 147968K
[2020-08-10T13:16:42.701+0300][1942.242s][info ][gc] GC(64349) Pause Full (Ergonomics) 133M->133M(147M) 513.355ms
[2020-08-10T13:16:42.741+0300][1942.282s][info ][gc] GC(64350) Pause Young (Allocation Failure) 134M->134M(147M) 39.678ms
[2020-08-10T13:16:42.761+0300][1942.302s][info ][gc] GC(64351) Pause Young (Allocation Failure) 135M->135M(147M) 19.307ms
[2020-08-10T13:16:42.761+0300][1942.302s][debug][gc] Expanding ParOldGen from 147968K by 19968K to 167936K
[2020-08-10T13:16:42.789+0300][1942.330s][info ][gc] GC(64352) Pause Young (Allocation Failure) 155M->155M(166M) 19.960ms
[2020-08-10T13:16:42.808+0300][1942.349s][info ][gc] GC(64353) Pause Young (Allocation Failure) 156M->156M(166M) 18.716ms
[2020-08-10T13:16:42.832+0300][1942.373s][info ][gc] GC(64354) Pause Young (Allocation Failure) 157M->157M(166M) 23.357ms
[2020-08-10T13:16:42.848+0300][1942.389s][info ][gc] GC(64355) Pause Young (Allocation Failure) 158M->158M(166M) 15.246ms
[2020-08-10T13:16:42.866+0300][1942.408s][info ][gc] GC(64356) Pause Young (Allocation Failure) 159M->159M(166M) 18.543ms
[2020-08-10T13:16:42.885+0300][1942.427s][info ][gc] GC(64357) Pause Young (Allocation Failure) 160M->160M(166M) 18.512ms
[2020-08-10T13:16:42.900+0300][1942.441s][info ][gc] GC(64358) Pause Young (Allocation Failure) 161M->161M(166M) 14.482ms
[2020-08-10T13:16:42.919+0300][1942.460s][info ][gc] GC(64359) Pause Young (Allocation Failure) 162M->162M(166M) 18.679ms
[2020-08-10T13:16:42.934+0300][1942.475s][info ][gc] GC(64360) Pause Young (Allocation Failure) 163M->163M(166M) 14.261ms
[2020-08-10T13:16:42.949+0300][1942.490s][info ][gc] GC(64361) Pause Young (Allocation Failure) 164M->164M(166M) 14.359ms
[2020-08-10T13:16:43.051+0300][1942.592s][debug][gc] GC(64362) Shrinking ParOldGen from 167936K by 124928K to 43008K
[2020-08-10T13:16:43.051+0300][1942.592s][info ][gc] GC(64362) Pause Full (Ergonomics) 164M->30M(44M) 101.806ms
[2020-08-10T13:16:43.070+0300][1942.611s][info ][gc] GC(64363) Pause Young (Allocation Failure) 31M->31M(44M) 18.449ms
[2020-08-10T13:16:43.088+0300][1942.629s][info ][gc] GC(64364) Pause Young (Allocation Failure) 32M->32M(44M) 17.668ms
[2020-08-10T13:16:43.102+0300][1942.643s][info ][gc] GC(64365) Pause Young (Allocation Failure) 33M->33M(44M) 13.703ms
[2020-08-10T13:16:43.116+0300][1942.657s][info ][gc] GC(64366) Pause Young (Allocation Failure) 34M->34M(44M) 13.751ms
[2020-08-10T13:16:43.130+0300][1942.671s][info ][gc] GC(64367) Pause Young (Allocation Failure) 35M->35M(44M) 13.853ms
[2020-08-10T13:16:43.145+0300][1942.686s][info ][gc] GC(64368) Pause Young (Allocation Failure) 36M->36M(44M) 13.847ms
[2020-08-10T13:16:43.159+0300][1942.700s][info ][gc] GC(64369) Pause Young (Allocation Failure) 37M->37M(44M) 13.752ms
[2020-08-10T13:16:43.173+0300][1942.714s][info ][gc] GC(64370) Pause Young (Allocation Failure) 38M->38M(44M) 14.103ms
[2020-08-10T13:16:43.188+0300][1942.729s][info ][gc] GC(64371) Pause Young (Allocation Failure) 39M->39M(44M) 13.995ms
[2020-08-10T13:16:43.202+0300][1942.743s][info ][gc] GC(64372) Pause Young (Allocation Failure) 40M->40M(44M) 14.190ms
[2020-08-10T13:16:43.217+0300][1942.758s][info ][gc] GC(64373) Pause Young (Allocation Failure) 41M->40M(44M) 14.184ms
[2020-08-10T13:16:43.231+0300][1942.772s][info ][gc] GC(64374) Pause Young (Allocation Failure) 41M->41M(44M) 13.625ms
[2020-08-10T13:16:43.318+0300][1942.859s][debug][gc] GC(64375) Expanding ParOldGen from 43008K by 11264K to 54272K
[2020-08-10T13:16:43.318+0300][1942.859s][info ][gc] GC(64375) Pause Full (Ergonomics) 41M->41M(55M) 87.418ms
[2020-08-10T13:16:43.332+0300][1942.873s][info ][gc] GC(64376) Pause Young (Allocation Failure) 42M->42M(55M) 13.303ms
[2020-08-10T13:16:43.348+0300][1942.889s][info ][gc] GC(64377) Pause Young (Allocation Failure) 43M->43M(55M) 15.662ms
[2020-08-10T13:16:43.365+0300][1942.907s][info ][gc] GC(64378) Pause Young (Allocation Failure) 44M->44M(55M) 16.882ms
[2020-08-10T13:16:43.380+0300][1942.921s][info ][gc] GC(64379) Pause Young (Allocation Failure) 45M->45M(55M) 13.779ms
[2020-08-10T13:16:43.394+0300][1942.935s][info ][gc] GC(64380) Pause Young (Allocation Failure) 46M->46M(55M) 13.721ms
[2020-08-10T13:16:43.408+0300][1942.949s][info ][gc] GC(64381) Pause Young (Allocation Failure) 47M->47M(54M) 13.775ms
[2020-08-10T13:16:43.424+0300][1942.966s][info ][gc] GC(64382) Pause Young (Allocation Failure) 48M->48M(55M) 16.233ms
[2020-08-10T13:16:43.442+0300][1942.983s][info ][gc] GC(64383) Pause Young (Allocation Failure) 49M->49M(55M) 17.238ms
[2020-08-10T13:16:43.457+0300][1942.998s][info ][gc] GC(64384) Pause Young (Allocation Failure) 50M->50M(55M) 14.046ms
[2020-08-10T13:16:43.474+0300][1943.016s][info ][gc] GC(64385) Pause Young (Allocation Failure) 51M->51M(55M) 17.409ms
[2020-08-10T13:16:43.489+0300][1943.030s][info ][gc] GC(64386) Pause Young (Allocation Failure) 52M->52M(55M) 13.842ms
[2020-08-10T13:16:43.503+0300][1943.044s][info ][gc] GC(64387) Pause Young (Allocation Failure) 53M->53M(55M) 14.053ms
[2020-08-10T13:16:43.638+0300][1943.179s][debug][gc] GC(64388) Expanding ParOldGen from 54272K by 11264K to 65536K
[2020-08-10T13:16:43.638+0300][1943.179s][info ][gc] GC(64388) Pause Full (Ergonomics) 53M->53M(66M) 135.078ms
[2020-08-10T13:16:43.663+0300][1943.204s][info ][gc] GC(64389) Pause Young (Allocation Failure) 54M->54M(66M) 24.482ms
[2020-08-10T13:16:43.678+0300][1943.219s][info ][gc] GC(64390) Pause Young (Allocation Failure) 55M->55M(66M) 14.189ms
[2020-08-10T13:16:43.692+0300][1943.233s][info ][gc] GC(64391) Pause Young (Allocation Failure) 56M->55M(66M) 14.050ms
[2020-08-10T13:16:43.717+0300][1943.258s][info ][gc] GC(64392) Pause Young (Allocation Failure) 56M->56M(66M) 24.606ms
[2020-08-10T13:16:43.732+0300][1943.273s][info ][gc] GC(64393) Pause Young (Allocation Failure) 57M->57M(66M) 14.104ms
[2020-08-10T13:16:43.746+0300][1943.287s][info ][gc] GC(64394) Pause Young (Allocation Failure) 58M->58M(66M) 14.286ms
[2020-08-10T13:16:43.761+0300][1943.302s][info ][gc] GC(64395) Pause Young (Allocation Failure) 59M->59M(66M) 14.014ms
[2020-08-10T13:16:43.776+0300][1943.317s][info ][gc] GC(64396) Pause Young (Allocation Failure) 60M->60M(66M) 14.503ms
[2020-08-10T13:16:43.791+0300][1943.332s][info ][gc] GC(64397) Pause Young (Allocation Failure) 61M->61M(66M) 14.116ms
[2020-08-10T13:16:43.813+0300][1943.354s][info ][gc] GC(64398) Pause Young (Allocation Failure) 62M->62M(66M) 21.930ms
[2020-08-10T13:16:43.828+0300][1943.369s][info ][gc] GC(64399) Pause Young (Allocation Failure) 63M->63M(66M) 14.126ms
[2020-08-10T13:16:43.844+0300][1943.385s][info ][gc] GC(64400) Pause Young (Allocation Failure) 64M->64M(66M) 15.689ms
[2020-08-10T13:16:43.993+0300][1943.534s][debug][gc] GC(64401) Expanding ParOldGen from 65536K by 11776K to 77312K
[2020-08-10T13:16:43.993+0300][1943.534s][info ][gc] GC(64401) Pause Full (Ergonomics) 64M->64M(78M) 148.807ms
[2020-08-10T13:16:44.020+0300][1943.561s][info ][gc] GC(64402) Pause Young (Allocation Failure) 65M->65M(78M) 26.672ms
[2020-08-10T13:16:44.038+0300][1943.579s][info ][gc] GC(64403) Pause Young (Allocation Failure) 66M->66M(78M) 17.471ms
[2020-08-10T13:16:44.053+0300][1943.594s][info ][gc] GC(64404) Pause Young (Allocation Failure) 67M->67M(78M) 14.314ms
[2020-08-10T13:16:44.067+0300][1943.608s][info ][gc] GC(64405) Pause Young (Allocation Failure) 68M->68M(78M) 14.315ms
[2020-08-10T13:16:44.082+0300][1943.623s][info ][gc] GC(64406) Pause Young (Allocation Failure) 69M->69M(78M) 14.137ms
[2020-08-10T13:16:44.097+0300][1943.638s][info ][gc] GC(64407) Pause Young (Allocation Failure) 70M->70M(78M) 14.226ms
[2020-08-10T13:16:44.111+0300][1943.652s][info ][gc] GC(64408) Pause Young (Allocation Failure) 71M->71M(78M) 13.850ms
[2020-08-10T13:16:44.126+0300][1943.667s][info ][gc] GC(64409) Pause Young (Allocation Failure) 72M->71M(78M) 14.209ms
[2020-08-10T13:16:44.141+0300][1943.682s][info ][gc] GC(64410) Pause Young (Allocation Failure) 72M->72M(78M) 14.463ms
[2020-08-10T13:16:44.155+0300][1943.696s][info ][gc] GC(64411) Pause Young (Allocation Failure) 73M->73M(78M) 14.130ms
[2020-08-10T13:16:44.170+0300][1943.711s][info ][gc] GC(64412) Pause Young (Allocation Failure) 74M->74M(78M) 14.167ms
[2020-08-10T13:16:44.184+0300][1943.725s][info ][gc] GC(64413) Pause Young (Allocation Failure) 75M->75M(78M) 14.054ms
[2020-08-10T13:16:44.381+0300][1943.922s][debug][gc] GC(64414) Expanding ParOldGen from 77312K by 11264K to 88576K
[2020-08-10T13:16:44.381+0300][1943.922s][info ][gc] GC(64414) Pause Full (Ergonomics) 75M->75M(89M) 196.818ms
[2020-08-10T13:16:44.413+0300][1943.954s][info ][gc] GC(64415) Pause Young (Allocation Failure) 76M->76M(89M) 31.738ms
[2020-08-10T13:16:44.428+0300][1943.969s][info ][gc] GC(64416) Pause Young (Allocation Failure) 77M->77M(89M) 14.178ms
[2020-08-10T13:16:44.442+0300][1943.983s][info ][gc] GC(64417) Pause Young (Allocation Failure) 78M->78M(89M) 14.119ms
[2020-08-10T13:16:44.457+0300][1943.998s][info ][gc] GC(64418) Pause Young (Allocation Failure) 79M->79M(89M) 14.063ms
[2020-08-10T13:16:44.472+0300][1944.013s][info ][gc] GC(64419) Pause Young (Allocation Failure) 80M->80M(89M) 15.071ms
[2020-08-10T13:16:44.487+0300][1944.028s][info ][gc] GC(64420) Pause Young (Allocation Failure) 81M->81M(88M) 14.458ms
[2020-08-10T13:16:44.502+0300][1944.043s][info ][gc] GC(64421) Pause Young (Allocation Failure) 82M->82M(88M) 14.447ms
[2020-08-10T13:16:44.517+0300][1944.058s][info ][gc] GC(64422) Pause Young (Allocation Failure) 83M->83M(88M) 14.723ms
[2020-08-10T13:16:44.534+0300][1944.075s][info ][gc] GC(64423) Pause Young (Allocation Failure) 84M->84M(89M) 16.608ms
[2020-08-10T13:16:44.552+0300][1944.093s][info ][gc] GC(64424) Pause Young (Allocation Failure) 85M->85M(89M) 17.470ms
[2020-08-10T13:16:44.567+0300][1944.108s][info ][gc] GC(64425) Pause Young (Allocation Failure) 86M->86M(89M) 14.594ms
[2020-08-10T13:16:44.583+0300][1944.125s][info ][gc] GC(64426) Pause Young (Allocation Failure) 87M->87M(89M) 16.109ms
[2020-08-10T13:16:44.833+0300][1944.374s][debug][gc] GC(64427) Expanding ParOldGen from 88576K by 11264K to 99840K
[2020-08-10T13:16:44.833+0300][1944.374s][info ][gc] GC(64427) Pause Full (Ergonomics) 87M->86M(100M) 249.075ms
[2020-08-10T13:16:44.866+0300][1944.407s][info ][gc] GC(64428) Pause Young (Allocation Failure) 87M->87M(100M) 33.358ms
[2020-08-10T13:16:44.881+0300][1944.423s][info ][gc] GC(64429) Pause Young (Allocation Failure) 88M->88M(100M) 14.764ms
[2020-08-10T13:16:44.902+0300][1944.443s][info ][gc] GC(64430) Pause Young (Allocation Failure) 89M->89M(100M) 19.763ms
[2020-08-10T13:16:44.921+0300][1944.463s][info ][gc] GC(64431) Pause Young (Allocation Failure) 90M->90M(100M) 19.287ms
[2020-08-10T13:16:44.938+0300][1944.479s][info ][gc] GC(64432) Pause Young (Allocation Failure) 91M->91M(100M) 16.192ms
[2020-08-10T13:16:44.959+0300][1944.500s][info ][gc] GC(64433) Pause Young (Allocation Failure) 92M->92M(100M) 20.518ms
[2020-08-10T13:16:44.974+0300][1944.516s][info ][gc] GC(64434) Pause Young (Allocation Failure) 93M->93M(100M) 15.082ms
[2020-08-10T13:16:44.990+0300][1944.531s][info ][gc] GC(64435) Pause Young (Allocation Failure) 94M->94M(100M) 15.153ms
[2020-08-10T13:16:45.011+0300][1944.552s][info ][gc] GC(64436) Pause Young (Allocation Failure) 95M->95M(100M) 20.863ms
[2020-08-10T13:16:45.027+0300][1944.568s][info ][gc] GC(64437) Pause Young (Allocation Failure) 96M->96M(100M) 15.401ms
[2020-08-10T13:16:45.043+0300][1944.584s][info ][gc] GC(64438) Pause Young (Allocation Failure) 97M->97M(100M) 15.292ms
[2020-08-10T13:16:45.323+0300][1944.864s][debug][gc] GC(64439) Expanding ParOldGen from 99840K by 11264K to 111104K
[2020-08-10T13:16:45.323+0300][1944.864s][info ][gc] GC(64439) Pause Full (Ergonomics) 97M->97M(111M) 279.926ms
[2020-08-10T13:16:45.339+0300][1944.880s][info ][gc] GC(64440) Pause Young (Allocation Failure) 98M->98M(111M) 15.563ms
[2020-08-10T13:16:45.355+0300][1944.896s][info ][gc] GC(64441) Pause Young (Allocation Failure) 99M->99M(111M) 15.496ms
[2020-08-10T13:16:45.378+0300][1944.920s][info ][gc] GC(64442) Pause Young (Allocation Failure) 100M->100M(111M) 23.427ms
[2020-08-10T13:16:45.395+0300][1944.936s][info ][gc] GC(64443) Pause Young (Allocation Failure) 101M->101M(111M) 15.650ms
[2020-08-10T13:16:45.420+0300][1944.961s][info ][gc] GC(64444) Pause Young (Allocation Failure) 102M->102M(111M) 24.708ms
[2020-08-10T13:16:45.436+0300][1944.978s][info ][gc] GC(64445) Pause Young (Allocation Failure) 103M->103M(111M) 16.431ms
[2020-08-10T13:16:45.458+0300][1944.999s][info ][gc] GC(64446) Pause Young (Allocation Failure) 104M->103M(111M) 20.286ms
[2020-08-10T13:16:45.474+0300][1945.015s][info ][gc] GC(64447) Pause Young (Allocation Failure) 104M->104M(111M) 16.172ms
[2020-08-10T13:16:45.498+0300][1945.039s][info ][gc] GC(64448) Pause Young (Allocation Failure) 105M->105M(111M) 23.265ms
[2020-08-10T13:16:45.515+0300][1945.056s][info ][gc] GC(64449) Pause Young (Allocation Failure) 106M->106M(111M) 16.455ms
[2020-08-10T13:16:45.531+0300][1945.073s][info ][gc] GC(64450) Pause Young (Allocation Failure) 107M->107M(111M) 16.396ms
[2020-08-10T13:16:45.549+0300][1945.090s][info ][gc] GC(64451) Pause Young (Allocation Failure) 108M->108M(111M) 16.769ms
[2020-08-10T13:16:45.857+0300][1945.399s][debug][gc] GC(64452) Expanding ParOldGen from 111104K by 11264K to 122368K
[2020-08-10T13:16:45.858+0300][1945.399s][info ][gc] GC(64452) Pause Full (Ergonomics) 108M->108M(122M) 308.509ms
[2020-08-10T13:16:45.912+0300][1945.453s][info ][gc] GC(64453) Pause Young (Allocation Failure) 109M->109M(122M) 53.738ms
[2020-08-10T13:16:45.932+0300][1945.473s][info ][gc] GC(64454) Pause Young (Allocation Failure) 110M->110M(122M) 19.645ms
[2020-08-10T13:16:45.951+0300][1945.492s][info ][gc] GC(64455) Pause Young (Allocation Failure) 111M->111M(122M) 17.987ms
[2020-08-10T13:16:45.976+0300][1945.517s][info ][gc] GC(64456) Pause Young (Allocation Failure) 112M->112M(122M) 24.962ms
[2020-08-10T13:16:46.001+0300][1945.542s][info ][gc] GC(64457) Pause Young (Allocation Failure) 113M->113M(122M) 24.367ms
[2020-08-10T13:16:46.027+0300][1945.568s][info ][gc] GC(64458) Pause Young (Allocation Failure) 114M->114M(122M) 25.814ms
[2020-08-10T13:16:46.046+0300][1945.587s][info ][gc] GC(64459) Pause Young (Allocation Failure) 115M->115M(122M) 18.026ms
[2020-08-10T13:16:46.064+0300][1945.605s][info ][gc] GC(64460) Pause Young (Allocation Failure) 116M->116M(122M) 18.104ms
[2020-08-10T13:16:46.083+0300][1945.624s][info ][gc] GC(64461) Pause Young (Allocation Failure) 117M->117M(122M) 17.907ms
[2020-08-10T13:16:46.101+0300][1945.642s][info ][gc] GC(64462) Pause Young (Allocation Failure) 118M->118M(122M) 17.791ms
[2020-08-10T13:16:46.119+0300][1945.660s][info ][gc] GC(64463) Pause Young (Allocation Failure) 119M->119M(122M) 18.067ms
[2020-08-10T13:16:46.137+0300][1945.678s][info ][gc] GC(64464) Pause Young (Allocation Failure) 120M->120M(122M) 17.512ms
[2020-08-10T13:16:46.463+0300][1946.004s][debug][gc] GC(64465) Expanding ParOldGen from 122368K by 11776K to 134144K
[2020-08-10T13:16:46.463+0300][1946.004s][info ][gc] GC(64465) Pause Full (Ergonomics) 120M->119M(133M) 325.383ms
[2020-08-10T13:16:46.499+0300][1946.040s][info ][gc] GC(64466) Pause Young (Allocation Failure) 120M->120M(133M) 35.456ms
[2020-08-10T13:16:46.518+0300][1946.059s][info ][gc] GC(64467) Pause Young (Allocation Failure) 121M->121M(133M) 18.774ms
[2020-08-10T13:16:46.537+0300][1946.078s][info ][gc] GC(64468) Pause Young (Allocation Failure) 122M->122M(133M) 18.538ms
[2020-08-10T13:16:46.556+0300][1946.097s][info ][gc] GC(64469) Pause Young (Allocation Failure) 123M->123M(133M) 18.631ms
[2020-08-10T13:16:46.575+0300][1946.116s][info ][gc] GC(64470) Pause Young (Allocation Failure) 124M->124M(133M) 18.542ms
[2020-08-10T13:16:46.593+0300][1946.135s][info ][gc] GC(64471) Pause Young (Allocation Failure) 125M->125M(133M) 18.458ms
[2020-08-10T13:16:46.612+0300][1946.153s][info ][gc] GC(64472) Pause Young (Allocation Failure) 126M->126M(133M) 18.450ms
[2020-08-10T13:16:46.631+0300][1946.172s][info ][gc] GC(64473) Pause Young (Allocation Failure) 127M->127M(133M) 18.663ms
[2020-08-10T13:16:46.650+0300][1946.191s][info ][gc] GC(64474) Pause Young (Allocation Failure) 128M->128M(133M) 18.546ms
[2020-08-10T13:16:46.673+0300][1946.214s][info ][gc] GC(64475) Pause Young (Allocation Failure) 129M->129M(133M) 22.490ms
[2020-08-10T13:16:46.699+0300][1946.240s][info ][gc] GC(64476) Pause Young (Allocation Failure) 130M->130M(133M) 25.433ms
[2020-08-10T13:16:46.718+0300][1946.259s][info ][gc] GC(64477) Pause Young (Allocation Failure) 131M->131M(133M) 18.717ms
[2020-08-10T13:16:47.200+0300][1946.741s][debug][gc] GC(64478) Expanding ParOldGen from 134144K by 11264K to 145408K
[2020-08-10T13:16:47.200+0300][1946.741s][info ][gc] GC(64478) Pause Full (Ergonomics) 131M->131M(144M) 481.800ms
[2020-08-10T13:16:47.254+0300][1946.795s][info ][gc] GC(64479) Pause Young (Allocation Failure) 132M->132M(144M) 53.484ms
[2020-08-10T13:16:47.273+0300][1946.815s][info ][gc] GC(64480) Pause Young (Allocation Failure) 133M->133M(144M) 18.982ms
[2020-08-10T13:16:47.305+0300][1946.847s][info ][gc] GC(64481) Pause Young (Allocation Failure) 134M->134M(144M) 31.552ms
[2020-08-10T13:16:47.325+0300][1946.866s][info ][gc] GC(64482) Pause Young (Allocation Failure) 135M->134M(144M) 19.250ms
[2020-08-10T13:16:47.325+0300][1946.867s][debug][gc] Expanding ParOldGen from 145408K by 19968K to 165376K
[2020-08-10T13:16:47.364+0300][1946.906s][info ][gc] GC(64483) Pause Young (Allocation Failure) 155M->155M(164M) 30.791ms
[2020-08-10T13:16:47.393+0300][1946.935s][info ][gc] GC(64484) Pause Young (Allocation Failure) 156M->156M(164M) 28.705ms
[2020-08-10T13:16:47.431+0300][1946.973s][info ][gc] GC(64485) Pause Young (Allocation Failure) 157M->156M(164M) 37.159ms
[2020-08-10T13:16:47.459+0300][1947.001s][info ][gc] GC(64486) Pause Young (Allocation Failure) 157M->157M(164M) 27.627ms
[2020-08-10T13:16:47.491+0300][1947.032s][info ][gc] GC(64487) Pause Young (Allocation Failure) 158M->158M(164M) 30.933ms
[2020-08-10T13:16:47.531+0300][1947.072s][info ][gc] GC(64488) Pause Young (Allocation Failure) 159M->159M(164M) 39.812ms
[2020-08-10T13:16:47.559+0300][1947.101s][info ][gc] GC(64489) Pause Young (Allocation Failure) 160M->160M(164M) 27.743ms
[2020-08-10T13:16:47.598+0300][1947.139s][info ][gc] GC(64490) Pause Young (Allocation Failure) 161M->161M(164M) 37.777ms
[2020-08-10T13:16:47.682+0300][1947.223s][debug][gc] GC(64491) Shrinking ParOldGen from 165376K by 124928K to 40448K
[2020-08-10T13:16:47.682+0300][1947.223s][info ][gc] GC(64491) Pause Full (Ergonomics) 161M->28M(42M) 84.068ms
[2020-08-10T13:16:47.696+0300][1947.237s][info ][gc] GC(64492) Pause Young (Allocation Failure) 29M->28M(42M) 13.303ms
[2020-08-10T13:16:47.732+0300][1947.273s][info ][gc] GC(64493) Pause Young (Allocation Failure) 29M->29M(42M) 34.785ms
[2020-08-10T13:16:47.746+0300][1947.287s][info ][gc] GC(64494) Pause Young (Allocation Failure) 30M->30M(42M) 13.917ms
[2020-08-10T13:16:47.760+0300][1947.302s][info ][gc] GC(64495) Pause Young (Allocation Failure) 31M->31M(42M) 13.901ms
[2020-08-10T13:16:47.775+0300][1947.316s][info ][gc] GC(64496) Pause Young (Allocation Failure) 32M->32M(42M) 13.827ms
[2020-08-10T13:16:47.800+0300][1947.341s][info ][gc] GC(64497) Pause Young (Allocation Failure) 33M->33M(41M) 24.588ms
[2020-08-10T13:16:47.814+0300][1947.356s][info ][gc] GC(64498) Pause Young (Allocation Failure) 34M->34M(41M) 13.908ms
[2020-08-10T13:16:47.829+0300][1947.370s][info ][gc] GC(64499) Pause Young (Allocation Failure) 35M->35M(41M) 13.912ms
[2020-08-10T13:16:47.855+0300][1947.396s][info ][gc] GC(64500) Pause Young (Allocation Failure) 36M->36M(41M) 25.193ms
[2020-08-10T13:16:47.869+0300][1947.410s][info ][gc] GC(64501) Pause Young (Allocation Failure) 37M->37M(41M) 13.872ms
[2020-08-10T13:16:47.883+0300][1947.425s][info ][gc] GC(64502) Pause Young (Allocation Failure) 38M->38M(41M) 13.726ms
[2020-08-10T13:16:47.898+0300][1947.439s][info ][gc] GC(64503) Pause Young (Allocation Failure) 39M->39M(41M) 13.921ms
[2020-08-10T13:16:47.987+0300][1947.529s][debug][gc] GC(64504) Expanding ParOldGen from 40448K by 11264K to 51712K
[2020-08-10T13:16:47.988+0300][1947.529s][info ][gc] GC(64504) Pause Full (Ergonomics) 39M->39M(52M) 89.822ms
[2020-08-10T13:16:48.001+0300][1947.543s][info ][gc] GC(64505) Pause Young (Allocation Failure) 40M->40M(52M) 13.510ms
[2020-08-10T13:16:48.016+0300][1947.558s][info ][gc] GC(64506) Pause Young (Allocation Failure) 41M->41M(52M) 14.333ms
[2020-08-10T13:16:48.031+0300][1947.572s][info ][gc] GC(64507) Pause Young (Allocation Failure) 42M->42M(52M) 13.748ms
[2020-08-10T13:16:48.045+0300][1947.586s][info ][gc] GC(64508) Pause Young (Allocation Failure) 43M->43M(52M) 13.786ms
[2020-08-10T13:16:48.059+0300][1947.601s][info ][gc] GC(64509) Pause Young (Allocation Failure) 44M->44M(52M) 13.790ms
[2020-08-10T13:16:48.074+0300][1947.615s][info ][gc] GC(64510) Pause Young (Allocation Failure) 45M->45M(52M) 13.942ms
[2020-08-10T13:16:48.088+0300][1947.629s][info ][gc] GC(64511) Pause Young (Allocation Failure) 46M->45M(52M) 13.892ms
[2020-08-10T13:16:48.102+0300][1947.644s][info ][gc] GC(64512) Pause Young (Allocation Failure) 46M->46M(52M) 13.812ms
[2020-08-10T13:16:48.116+0300][1947.658s][info ][gc] GC(64513) Pause Young (Allocation Failure) 47M->47M(52M) 13.723ms
[2020-08-10T13:16:48.131+0300][1947.672s][info ][gc] GC(64514) Pause Young (Allocation Failure) 48M->48M(52M) 13.666ms
[2020-08-10T13:16:48.145+0300][1947.686s][info ][gc] GC(64515) Pause Young (Allocation Failure) 49M->49M(52M) 13.810ms
[2020-08-10T13:16:48.159+0300][1947.700s][info ][gc] GC(64516) Pause Young (Allocation Failure) 50M->50M(52M) 13.734ms
[2020-08-10T13:16:48.272+0300][1947.813s][debug][gc] GC(64517) Expanding ParOldGen from 51712K by 11264K to 62976K
[2020-08-10T13:16:48.272+0300][1947.813s][info ][gc] GC(64517) Pause Full (Ergonomics) 50M->50M(63M) 112.812ms
[2020-08-10T13:16:48.295+0300][1947.836s][info ][gc] GC(64518) Pause Young (Allocation Failure) 51M->51M(63M) 22.470ms
[2020-08-10T13:16:48.309+0300][1947.851s][info ][gc] GC(64519) Pause Young (Allocation Failure) 52M->52M(63M) 14.103ms
[2020-08-10T13:16:48.335+0300][1947.876s][info ][gc] GC(64520) Pause Young (Allocation Failure) 53M->53M(63M) 25.383ms
[2020-08-10T13:16:48.349+0300][1947.891s][info ][gc] GC(64521) Pause Young (Allocation Failure) 54M->54M(63M) 14.065ms
[2020-08-10T13:16:48.364+0300][1947.905s][info ][gc] GC(64522) Pause Young (Allocation Failure) 55M->55M(63M) 14.044ms
[2020-08-10T13:16:48.378+0300][1947.920s][info ][gc] GC(64523) Pause Young (Allocation Failure) 56M->56M(63M) 13.955ms
[2020-08-10T13:16:48.401+0300][1947.943s][info ][gc] GC(64524) Pause Young (Allocation Failure) 57M->57M(63M) 22.259ms
[2020-08-10T13:16:48.416+0300][1947.957s][info ][gc] GC(64525) Pause Young (Allocation Failure) 58M->58M(63M) 14.010ms
[2020-08-10T13:16:48.431+0300][1947.972s][info ][gc] GC(64526) Pause Young (Allocation Failure) 59M->59M(63M) 14.281ms
[2020-08-10T13:16:48.445+0300][1947.986s][info ][gc] GC(64527) Pause Young (Allocation Failure) 60M->60M(63M) 14.120ms
[2020-08-10T13:16:48.477+0300][1948.018s][info ][gc] GC(64528) Pause Young (Allocation Failure) 61M->61M(63M) 31.256ms
[2020-08-10T13:16:48.514+0300][1948.055s][info ][gc] GC(64529) Pause Young (Allocation Failure) 62M->62M(63M) 36.383ms
[2020-08-10T13:16:48.681+0300][1948.222s][debug][gc] GC(64530) Expanding ParOldGen from 62976K by 11776K to 74752K
[2020-08-10T13:16:48.681+0300][1948.222s][info ][gc] GC(64530) Pause Full (Ergonomics) 62M->61M(75M) 166.859ms
[2020-08-10T13:16:48.712+0300][1948.253s][info ][gc] GC(64531) Pause Young (Allocation Failure) 62M->62M(75M) 29.997ms
[2020-08-10T13:16:48.727+0300][1948.269s][info ][gc] GC(64532) Pause Young (Allocation Failure) 63M->63M(75M) 15.000ms
[2020-08-10T13:16:48.755+0300][1948.296s][info ][gc] GC(64533) Pause Young (Allocation Failure) 64M->64M(75M) 26.971ms
[2020-08-10T13:16:48.778+0300][1948.320s][info ][gc] GC(64534) Pause Young (Allocation Failure) 65M->65M(75M) 22.872ms
[2020-08-10T13:16:48.793+0300][1948.335s][info ][gc] GC(64535) Pause Young (Allocation Failure) 66M->66M(75M) 14.334ms
[2020-08-10T13:16:48.808+0300][1948.350s][info ][gc] GC(64536) Pause Young (Allocation Failure) 67M->67M(75M) 14.429ms
[2020-08-10T13:16:48.823+0300][1948.365s][info ][gc] GC(64537) Pause Young (Allocation Failure) 68M->68M(75M) 14.305ms
[2020-08-10T13:16:48.838+0300][1948.379s][info ][gc] GC(64538) Pause Young (Allocation Failure) 69M->69M(75M) 14.025ms
[2020-08-10T13:16:48.852+0300][1948.394s][info ][gc] GC(64539) Pause Young (Allocation Failure) 70M->70M(75M) 14.247ms
[2020-08-10T13:16:48.867+0300][1948.409s][info ][gc] GC(64540) Pause Young (Allocation Failure) 71M->71M(75M) 14.346ms
[2020-08-10T13:16:48.882+0300][1948.423s][info ][gc] GC(64541) Pause Young (Allocation Failure) 72M->72M(75M) 14.083ms
[2020-08-10T13:16:48.896+0300][1948.438s][info ][gc] GC(64542) Pause Young (Allocation Failure) 73M->73M(75M) 13.962ms
[2020-08-10T13:16:49.072+0300][1948.613s][debug][gc] GC(64543) Expanding ParOldGen from 74752K by 11264K to 86016K
[2020-08-10T13:16:49.072+0300][1948.613s][info ][gc] GC(64543) Pause Full (Ergonomics) 73M->73M(86M) 175.006ms
[2020-08-10T13:16:49.102+0300][1948.644s][info ][gc] GC(64544) Pause Young (Allocation Failure) 74M->74M(86M) 30.221ms
[2020-08-10T13:16:49.124+0300][1948.665s][info ][gc] GC(64545) Pause Young (Allocation Failure) 75M->75M(86M) 21.018ms
[2020-08-10T13:16:49.138+0300][1948.680s][info ][gc] GC(64546) Pause Young (Allocation Failure) 76M->75M(86M) 14.045ms
[2020-08-10T13:16:49.162+0300][1948.704s][info ][gc] GC(64547) Pause Young (Allocation Failure) 76M->76M(86M) 23.465ms
[2020-08-10T13:16:49.177+0300][1948.719s][info ][gc] GC(64548) Pause Young (Allocation Failure) 77M->77M(86M) 14.432ms
[2020-08-10T13:16:49.192+0300][1948.734s][info ][gc] GC(64549) Pause Young (Allocation Failure) 78M->78M(86M) 14.454ms
[2020-08-10T13:16:49.219+0300][1948.761s][info ][gc] GC(64550) Pause Young (Allocation Failure) 79M->79M(86M) 26.537ms
[2020-08-10T13:16:49.234+0300][1948.776s][info ][gc] GC(64551) Pause Young (Allocation Failure) 80M->80M(86M) 14.522ms
[2020-08-10T13:16:49.256+0300][1948.797s][info ][gc] GC(64552) Pause Young (Allocation Failure) 81M->81M(86M) 21.066ms
[2020-08-10T13:16:49.288+0300][1948.830s][info ][gc] GC(64553) Pause Young (Allocation Failure) 82M->82M(86M) 31.900ms
[2020-08-10T13:16:49.304+0300][1948.845s][info ][gc] GC(64554) Pause Young (Allocation Failure) 83M->83M(86M) 14.706ms
[2020-08-10T13:16:49.331+0300][1948.872s][info ][gc] GC(64555) Pause Young (Allocation Failure) 84M->84M(86M) 26.870ms
[2020-08-10T13:16:49.591+0300][1949.131s][debug][gc] GC(64556) Expanding ParOldGen from 86016K by 11264K to 97280K
[2020-08-10T13:16:49.591+0300][1949.131s][info ][gc] GC(64556) Pause Full (Ergonomics) 84M->84M(97M) 259.056ms
[2020-08-10T13:16:49.627+0300][1949.168s][info ][gc] GC(64557) Pause Young (Allocation Failure) 85M->85M(97M) 35.812ms
[2020-08-10T13:16:49.657+0300][1949.198s][info ][gc] GC(64558) Pause Young (Allocation Failure) 86M->86M(97M) 29.189ms
[2020-08-10T13:16:49.675+0300][1949.216s][info ][gc] GC(64559) Pause Young (Allocation Failure) 87M->87M(97M) 17.701ms
[2020-08-10T13:16:49.691+0300][1949.231s][info ][gc] GC(64560) Pause Young (Allocation Failure) 88M->88M(97M) 14.860ms
[2020-08-10T13:16:49.712+0300][1949.252s][info ][gc] GC(64561) Pause Young (Allocation Failure) 89M->89M(97M) 20.228ms
[2020-08-10T13:16:49.727+0300][1949.267s][info ][gc] GC(64562) Pause Young (Allocation Failure) 90M->90M(97M) 14.932ms
[2020-08-10T13:16:49.743+0300][1949.283s][info ][gc] GC(64563) Pause Young (Allocation Failure) 91M->91M(97M) 15.679ms
[2020-08-10T13:16:49.759+0300][1949.299s][info ][gc] GC(64564) Pause Young (Allocation Failure) 92M->92M(97M) 15.166ms
[2020-08-10T13:16:49.791+0300][1949.331s][info ][gc] GC(64565) Pause Young (Allocation Failure) 93M->93M(97M) 31.721ms
[2020-08-10T13:16:49.819+0300][1949.360s][info ][gc] GC(64566) Pause Young (Allocation Failure) 94M->93M(97M) 27.901ms
[2020-08-10T13:16:49.835+0300][1949.375s][info ][gc] GC(64567) Pause Young (Allocation Failure) 94M->94M(97M) 15.391ms
[2020-08-10T13:16:49.855+0300][1949.395s][info ][gc] GC(64568) Pause Young (Allocation Failure) 95M->95M(97M) 19.735ms
[2020-08-10T13:16:50.112+0300][1949.653s][debug][gc] GC(64569) Expanding ParOldGen from 97280K by 11264K to 108544K
[2020-08-10T13:16:50.112+0300][1949.653s][info ][gc] GC(64569) Pause Full (Ergonomics) 95M->95M(108M) 257.097ms
[2020-08-10T13:16:50.149+0300][1949.689s][info ][gc] GC(64570) Pause Young (Allocation Failure) 96M->96M(108M) 35.627ms
[2020-08-10T13:16:50.165+0300][1949.705s][info ][gc] GC(64571) Pause Young (Allocation Failure) 97M->97M(108M) 15.617ms
[2020-08-10T13:16:50.181+0300][1949.722s][info ][gc] GC(64572) Pause Young (Allocation Failure) 98M->98M(108M) 15.839ms
[2020-08-10T13:16:50.198+0300][1949.738s][info ][gc] GC(64573) Pause Young (Allocation Failure) 99M->99M(108M) 15.831ms
[2020-08-10T13:16:50.214+0300][1949.755s][info ][gc] GC(64574) Pause Young (Allocation Failure) 100M->100M(108M) 16.085ms
[2020-08-10T13:16:50.231+0300][1949.771s][info ][gc] GC(64575) Pause Young (Allocation Failure) 101M->101M(107M) 15.991ms
[2020-08-10T13:16:50.246+0300][1949.786s][info ][gc] GC(64576) Pause Young (Allocation Failure) 101M->101M(108M) 14.486ms
[2020-08-10T13:16:50.260+0300][1949.800s][info ][gc] GC(64577) Pause Young (Allocation Failure) 102M->102M(108M) 13.714ms
[2020-08-10T13:16:50.274+0300][1949.814s][info ][gc] GC(64578) Pause Young (Allocation Failure) 102M->102M(108M) 13.800ms
[2020-08-10T13:16:50.288+0300][1949.828s][info ][gc] GC(64579) Pause Young (Allocation Failure) 103M->103M(108M) 13.736ms
[2020-08-10T13:16:50.302+0300][1949.842s][info ][gc] GC(64580) Pause Young (Allocation Failure) 103M->103M(108M) 13.780ms
[2020-08-10T13:16:50.316+0300][1949.857s][info ][gc] GC(64581) Pause Young (Allocation Failure) 104M->104M(108M) 13.978ms
[2020-08-10T13:16:50.330+0300][1949.871s][info ][gc] GC(64582) Pause Young (Allocation Failure) 104M->104M(108M) 13.794ms
[2020-08-10T13:16:50.345+0300][1949.885s][info ][gc] GC(64583) Pause Young (Allocation Failure) 105M->105M(108M) 13.779ms
[2020-08-10T13:16:50.359+0300][1949.899s][info ][gc] GC(64584) Pause Young (Allocation Failure) 105M->105M(108M) 13.722ms
[2020-08-10T13:16:50.695+0300][1950.235s][debug][gc] GC(64585) Expanding ParOldGen from 108544K by 11264K to 119808K
[2020-08-10T13:16:50.695+0300][1950.235s][info ][gc] GC(64585) Pause Full (Ergonomics) 105M->105M(119M) 335.968ms
[2020-08-10T13:16:50.709+0300][1950.250s][info ][gc] GC(64586) Pause Young (Allocation Failure) 105M->105M(119M) 14.314ms
[2020-08-10T13:16:50.726+0300][1950.266s][info ][gc] GC(64587) Pause Young (Allocation Failure) 106M->106M(119M) 16.048ms
[2020-08-10T13:16:50.740+0300][1950.280s][info ][gc] GC(64588) Pause Young (Allocation Failure) 106M->106M(119M) 13.494ms
[2020-08-10T13:16:50.754+0300][1950.294s][info ][gc] GC(64589) Pause Young (Allocation Failure) 107M->107M(119M) 13.600ms
[2020-08-10T13:16:50.768+0300][1950.308s][info ][gc] GC(64590) Pause Young (Allocation Failure) 107M->107M(119M) 13.745ms
[2020-08-10T13:16:50.782+0300][1950.322s][info ][gc] GC(64591) Pause Young (Allocation Failure) 108M->108M(119M) 13.511ms
[2020-08-10T13:16:50.796+0300][1950.336s][info ][gc] GC(64592) Pause Young (Allocation Failure) 108M->108M(119M) 13.527ms
[2020-08-10T13:16:50.810+0300][1950.350s][info ][gc] GC(64593) Pause Young (Allocation Failure) 109M->109M(118M) 13.620ms
[2020-08-10T13:16:50.823+0300][1950.364s][info ][gc] GC(64594) Pause Young (Allocation Failure) 109M->109M(118M) 13.485ms
[2020-08-10T13:16:50.837+0300][1950.378s][info ][gc] GC(64595) Pause Young (Allocation Failure) 110M->110M(118M) 13.518ms
[2020-08-10T13:16:50.851+0300][1950.392s][info ][gc] GC(64596) Pause Young (Allocation Failure) 110M->110M(118M) 13.718ms
[2020-08-10T13:16:50.866+0300][1950.406s][info ][gc] GC(64597) Pause Young (Allocation Failure) 111M->110M(118M) 13.791ms
[2020-08-10T13:16:50.880+0300][1950.421s][info ][gc] GC(64598) Pause Young (Allocation Failure) 111M->111M(118M) 14.198ms
[2020-08-10T13:16:50.894+0300][1950.435s][info ][gc] GC(64599) Pause Young (Allocation Failure) 111M->111M(118M) 13.889ms
[2020-08-10T13:16:50.909+0300][1950.449s][info ][gc] GC(64600) Pause Young (Allocation Failure) 112M->112M(118M) 13.936ms
[2020-08-10T13:16:50.923+0300][1950.464s][info ][gc] GC(64601) Pause Young (Allocation Failure) 112M->112M(118M) 13.991ms
[2020-08-10T13:16:50.938+0300][1950.478s][info ][gc] GC(64602) Pause Young (Allocation Failure) 113M->113M(118M) 14.001ms
[2020-08-10T13:16:50.952+0300][1950.492s][info ][gc] GC(64603) Pause Young (Allocation Failure) 113M->113M(118M) 13.932ms
[2020-08-10T13:16:50.966+0300][1950.507s][info ][gc] GC(64604) Pause Young (Allocation Failure) 114M->114M(118M) 14.002ms
[2020-08-10T13:16:50.981+0300][1950.521s][info ][gc] GC(64605) Pause Young (Allocation Failure) 114M->114M(118M) 14.212ms
[2020-08-10T13:16:50.995+0300][1950.536s][info ][gc] GC(64606) Pause Young (Allocation Failure) 115M->115M(118M) 13.990ms
[2020-08-10T13:16:51.010+0300][1950.551s][info ][gc] GC(64607) Pause Young (Allocation Failure) 115M->115M(118M) 14.388ms
[2020-08-10T13:16:51.030+0300][1950.571s][info ][gc] GC(64608) Pause Young (Allocation Failure) 116M->116M(118M) 19.988ms
[2020-08-10T13:16:51.045+0300][1950.586s][info ][gc] GC(64609) Pause Young (Allocation Failure) 116M->116M(118M) 14.293ms
[2020-08-10T13:16:51.072+0300][1950.612s][info ][gc] GC(64610) Pause Young (Allocation Failure) 117M->116M(118M) 25.763ms
[2020-08-10T13:16:51.470+0300][1951.010s][debug][gc] GC(64611) Expanding ParOldGen from 119808K by 10752K to 130560K
[2020-08-10T13:16:51.470+0300][1951.010s][info ][gc] GC(64611) Pause Full (Ergonomics) 116M->116M(129M) 398.021ms
[2020-08-10T13:16:51.495+0300][1951.035s][info ][gc] GC(64612) Pause Young (Allocation Failure) 117M->117M(129M) 24.433ms
[2020-08-10T13:16:51.517+0300][1951.057s][info ][gc] GC(64613) Pause Young (Allocation Failure) 117M->117M(129M) 21.688ms
[2020-08-10T13:16:51.536+0300][1951.077s][info ][gc] GC(64614) Pause Young (Allocation Failure) 118M->118M(129M) 18.660ms
[2020-08-10T13:16:51.553+0300][1951.093s][info ][gc] GC(64615) Pause Young (Allocation Failure) 118M->118M(129M) 16.237ms
[2020-08-10T13:16:51.571+0300][1951.111s][info ][gc] GC(64616) Pause Young (Allocation Failure) 119M->119M(129M) 17.532ms
[2020-08-10T13:16:51.587+0300][1951.128s][info ][gc] GC(64617) Pause Young (Allocation Failure) 119M->119M(129M) 16.555ms
[2020-08-10T13:16:51.606+0300][1951.147s][info ][gc] GC(64618) Pause Young (Allocation Failure) 120M->120M(129M) 18.739ms
[2020-08-10T13:16:51.622+0300][1951.162s][info ][gc] GC(64619) Pause Young (Allocation Failure) 120M->120M(129M) 14.899ms
[2020-08-10T13:16:51.637+0300][1951.177s][info ][gc] GC(64620) Pause Young (Allocation Failure) 121M->120M(129M) 15.035ms
[2020-08-10T13:16:51.653+0300][1951.193s][info ][gc] GC(64621) Pause Young (Allocation Failure) 121M->121M(129M) 15.179ms
[2020-08-10T13:16:51.675+0300][1951.216s][info ][gc] GC(64622) Pause Young (Allocation Failure) 121M->121M(129M) 22.222ms
[2020-08-10T13:16:51.691+0300][1951.232s][info ][gc] GC(64623) Pause Young (Allocation Failure) 122M->122M(129M) 15.323ms
[2020-08-10T13:16:51.709+0300][1951.249s][info ][gc] GC(64624) Pause Young (Allocation Failure) 122M->122M(129M) 17.127ms
[2020-08-10T13:16:51.725+0300][1951.265s][info ][gc] GC(64625) Pause Young (Allocation Failure) 123M->123M(129M) 15.539ms
[2020-08-10T13:16:51.742+0300][1951.283s][info ][gc] GC(64626) Pause Young (Allocation Failure) 123M->123M(129M) 17.612ms
[2020-08-10T13:16:51.758+0300][1951.299s][info ][gc] GC(64627) Pause Young (Allocation Failure) 124M->124M(129M) 15.222ms
[2020-08-10T13:16:51.777+0300][1951.317s][info ][gc] GC(64628) Pause Young (Allocation Failure) 124M->124M(129M) 18.510ms
[2020-08-10T13:16:51.792+0300][1951.333s][info ][gc] GC(64629) Pause Young (Allocation Failure) 125M->125M(129M) 15.161ms
[2020-08-10T13:16:51.808+0300][1951.348s][info ][gc] GC(64630) Pause Young (Allocation Failure) 125M->125M(129M) 15.238ms
[2020-08-10T13:16:51.823+0300][1951.364s][info ][gc] GC(64631) Pause Young (Allocation Failure) 126M->126M(129M) 15.081ms
[2020-08-10T13:16:51.838+0300][1951.379s][info ][gc] GC(64632) Pause Young (Allocation Failure) 126M->126M(129M) 14.969ms
[2020-08-10T13:16:51.854+0300][1951.394s][info ][gc] GC(64633) Pause Young (Allocation Failure) 127M->126M(129M) 15.193ms
[2020-08-10T13:16:51.869+0300][1951.410s][info ][gc] GC(64634) Pause Young (Allocation Failure) 127M->127M(129M) 15.160ms
[2020-08-10T13:16:51.887+0300][1951.428s][info ][gc] GC(64635) Pause Young (Allocation Failure) 127M->127M(129M) 17.583ms
[2020-08-10T13:16:52.363+0300][1951.904s][debug][gc] GC(64636) Expanding ParOldGen from 130560K by 10752K to 141312K
[2020-08-10T13:16:52.364+0300][1951.904s][info ][gc] GC(64636) Pause Full (Ergonomics) 127M->127M(139M) 476.188ms
[2020-08-10T13:16:52.397+0300][1951.937s][info ][gc] GC(64637) Pause Young (Allocation Failure) 128M->128M(139M) 32.912ms
[2020-08-10T13:16:52.413+0300][1951.954s][info ][gc] GC(64638) Pause Young (Allocation Failure) 128M->128M(139M) 16.039ms
[2020-08-10T13:16:52.453+0300][1951.993s][info ][gc] GC(64639) Pause Young (Allocation Failure) 129M->128M(139M) 38.880ms
[2020-08-10T13:16:52.469+0300][1952.010s][info ][gc] GC(64640) Pause Young (Allocation Failure) 129M->129M(139M) 16.051ms
[2020-08-10T13:16:52.496+0300][1952.036s][info ][gc] GC(64641) Pause Young (Allocation Failure) 129M->129M(139M) 26.138ms
[2020-08-10T13:16:52.513+0300][1952.054s][info ][gc] GC(64642) Pause Young (Allocation Failure) 130M->130M(139M) 16.860ms
[2020-08-10T13:16:52.531+0300][1952.071s][info ][gc] GC(64643) Pause Young (Allocation Failure) 130M->130M(139M) 17.004ms
[2020-08-10T13:16:52.551+0300][1952.091s][info ][gc] GC(64644) Pause Young (Allocation Failure) 131M->131M(139M) 19.959ms
[2020-08-10T13:16:52.567+0300][1952.108s][info ][gc] GC(64645) Pause Young (Allocation Failure) 131M->131M(139M) 15.979ms
[2020-08-10T13:16:52.600+0300][1952.140s][info ][gc] GC(64646) Pause Young (Allocation Failure) 132M->132M(139M) 32.049ms
[2020-08-10T13:16:52.617+0300][1952.157s][info ][gc] GC(64647) Pause Young (Allocation Failure) 132M->132M(139M) 16.139ms
[2020-08-10T13:16:52.642+0300][1952.182s][info ][gc] GC(64648) Pause Young (Allocation Failure) 133M->133M(139M) 25.103ms
[2020-08-10T13:16:52.658+0300][1952.199s][info ][gc] GC(64649) Pause Young (Allocation Failure) 133M->133M(139M) 16.088ms
[2020-08-10T13:16:52.697+0300][1952.238s][info ][gc] GC(64650) Pause Young (Allocation Failure) 134M->134M(139M) 38.518ms
[2020-08-10T13:16:52.714+0300][1952.254s][info ][gc] GC(64651) Pause Young (Allocation Failure) 134M->134M(139M) 16.164ms
[2020-08-10T13:16:52.749+0300][1952.290s][info ][gc] GC(64652) Pause Young (Allocation Failure) 135M->135M(139M) 34.912ms
[2020-08-10T13:16:52.766+0300][1952.306s][info ][gc] GC(64653) Pause Young (Allocation Failure) 135M->135M(139M) 16.245ms
[2020-08-10T13:16:52.766+0300][1952.306s][debug][gc] Expanding ParOldGen from 141312K by 19968K to 161280K
[2020-08-10T13:16:52.806+0300][1952.346s][info ][gc] GC(64654) Pause Young (Allocation Failure) 155M->154M(159M) 31.193ms
[2020-08-10T13:16:52.822+0300][1952.363s][info ][gc] GC(64655) Pause Young (Allocation Failure) 155M->155M(159M) 15.920ms
[2020-08-10T13:16:52.836+0300][1952.377s][info ][gc] GC(64656) Pause Young (Allocation Failure) 155M->155M(159M) 13.685ms
[2020-08-10T13:16:52.850+0300][1952.391s][info ][gc] GC(64657) Pause Young (Allocation Failure) 156M->156M(159M) 13.758ms
[2020-08-10T13:16:52.864+0300][1952.405s][info ][gc] GC(64658) Pause Young (Allocation Failure) 156M->156M(159M) 13.846ms
[2020-08-10T13:16:52.879+0300][1952.419s][info ][gc] GC(64659) Pause Young (Allocation Failure) 157M->157M(159M) 14.077ms
[2020-08-10T13:16:52.893+0300][1952.434s][info ][gc] GC(64660) Pause Young (Allocation Failure) 157M->157M(159M) 14.133ms
[2020-08-10T13:16:52.934+0300][1952.475s][debug][gc] GC(64661) Shrinking ParOldGen from 161280K by 125952K to 35328K
[2020-08-10T13:16:52.934+0300][1952.475s][info ][gc] GC(64661) Pause Full (Ergonomics) 157M->23M(36M) 40.585ms
[2020-08-10T13:16:52.948+0300][1952.488s][info ][gc] GC(64662) Pause Young (Allocation Failure) 24M->24M(36M) 13.216ms
[2020-08-10T13:16:52.962+0300][1952.502s][info ][gc] GC(64663) Pause Young (Allocation Failure) 24M->24M(36M) 13.485ms
[2020-08-10T13:16:52.988+0300][1952.529s][info ][gc] GC(64664) Pause Young (Allocation Failure) 25M->25M(36M) 26.394ms
[2020-08-10T13:16:53.002+0300][1952.543s][info ][gc] GC(64665) Pause Young (Allocation Failure) 25M->25M(36M) 13.584ms
[2020-08-10T13:16:53.016+0300][1952.557s][info ][gc] GC(64666) Pause Young (Allocation Failure) 26M->26M(36M) 13.440ms
[2020-08-10T13:16:53.030+0300][1952.571s][info ][gc] GC(64667) Pause Young (Allocation Failure) 26M->26M(36M) 13.349ms
[2020-08-10T13:16:53.044+0300][1952.584s][info ][gc] GC(64668) Pause Young (Allocation Failure) 27M->27M(36M) 13.512ms
[2020-08-10T13:16:53.059+0300][1952.599s][info ][gc] GC(64669) Pause Young (Allocation Failure) 27M->27M(36M) 14.433ms
[2020-08-10T13:16:53.073+0300][1952.613s][info ][gc] GC(64670) Pause Young (Allocation Failure) 28M->27M(36M) 13.518ms
[2020-08-10T13:16:53.087+0300][1952.627s][info ][gc] GC(64671) Pause Young (Allocation Failure) 28M->28M(36M) 13.494ms
[2020-08-10T13:16:53.100+0300][1952.641s][info ][gc] GC(64672) Pause Young (Allocation Failure) 28M->28M(36M) 13.344ms
[2020-08-10T13:16:53.114+0300][1952.655s][info ][gc] GC(64673) Pause Young (Allocation Failure) 29M->29M(36M) 13.499ms
[2020-08-10T13:16:53.128+0300][1952.669s][info ][gc] GC(64674) Pause Young (Allocation Failure) 29M->29M(36M) 13.452ms
[2020-08-10T13:16:53.143+0300][1952.683s][info ][gc] GC(64675) Pause Young (Allocation Failure) 30M->30M(36M) 13.718ms
[2020-08-10T13:16:53.156+0300][1952.697s][info ][gc] GC(64676) Pause Young (Allocation Failure) 30M->30M(36M) 13.517ms
[2020-08-10T13:16:53.171+0300][1952.711s][info ][gc] GC(64677) Pause Young (Allocation Failure) 31M->31M(36M) 13.722ms
[2020-08-10T13:16:53.185+0300][1952.726s][info ][gc] GC(64678) Pause Young (Allocation Failure) 32M->32M(36M) 13.695ms
[2020-08-10T13:16:53.200+0300][1952.740s][info ][gc] GC(64679) Pause Young (Allocation Failure) 33M->33M(36M) 13.938ms
[2020-08-10T13:16:53.214+0300][1952.755s][info ][gc] GC(64680) Pause Young (Allocation Failure) 34M->34M(37M) 13.992ms
[2020-08-10T13:16:53.229+0300][1952.769s][info ][gc] GC(64681) Pause Young (Allocation Failure) 35M->35M(37M) 14.013ms
[2020-08-10T13:16:53.296+0300][1952.837s][debug][gc] GC(64682) Expanding ParOldGen from 35328K by 11264K to 46592K
[2020-08-10T13:16:53.296+0300][1952.837s][info ][gc] GC(64682) Pause Full (Ergonomics) 35M->35M(48M) 67.388ms
[2020-08-10T13:16:53.314+0300][1952.854s][info ][gc] GC(64683) Pause Young (Allocation Failure) 36M->36M(48M) 17.012ms
[2020-08-10T13:16:53.328+0300][1952.869s][info ][gc] GC(64684) Pause Young (Allocation Failure) 37M->37M(48M) 13.927ms
[2020-08-10T13:16:53.343+0300][1952.883s][info ][gc] GC(64685) Pause Young (Allocation Failure) 38M->37M(48M) 13.793ms
[2020-08-10T13:16:53.357+0300][1952.897s][info ][gc] GC(64686) Pause Young (Allocation Failure) 38M->38M(48M) 13.906ms
[2020-08-10T13:16:53.371+0300][1952.912s][info ][gc] GC(64687) Pause Young (Allocation Failure) 39M->39M(48M) 13.932ms
[2020-08-10T13:16:53.386+0300][1952.926s][info ][gc] GC(64688) Pause Young (Allocation Failure) 40M->40M(48M) 13.884ms
[2020-08-10T13:16:53.400+0300][1952.941s][info ][gc] GC(64689) Pause Young (Allocation Failure) 41M->41M(48M) 14.001ms
[2020-08-10T13:16:53.415+0300][1952.956s][info ][gc] GC(64690) Pause Young (Allocation Failure) 42M->42M(48M) 14.111ms
[2020-08-10T13:16:53.430+0300][1952.970s][info ][gc] GC(64691) Pause Young (Allocation Failure) 43M->43M(48M) 14.069ms
[2020-08-10T13:16:53.444+0300][1952.985s][info ][gc] GC(64692) Pause Young (Allocation Failure) 44M->44M(48M) 13.999ms
[2020-08-10T13:16:53.463+0300][1953.003s][info ][gc] GC(64693) Pause Young (Allocation Failure) 45M->45M(48M) 17.810ms
[2020-08-10T13:16:53.559+0300][1953.100s][debug][gc] GC(64694) Expanding ParOldGen from 46592K by 11776K to 58368K
[2020-08-10T13:16:53.559+0300][1953.100s][info ][gc] GC(64694) Pause Full (Ergonomics) 45M->45M(59M) 96.554ms
[2020-08-10T13:16:53.573+0300][1953.114s][info ][gc] GC(64695) Pause Young (Allocation Failure) 46M->46M(59M) 13.341ms
[2020-08-10T13:16:53.587+0300][1953.128s][info ][gc] GC(64696) Pause Young (Allocation Failure) 47M->47M(59M) 13.929ms
[2020-08-10T13:16:53.602+0300][1953.142s][info ][gc] GC(64697) Pause Young (Allocation Failure) 48M->48M(59M) 13.819ms
[2020-08-10T13:16:53.616+0300][1953.157s][info ][gc] GC(64698) Pause Young (Allocation Failure) 49M->49M(59M) 13.800ms
[2020-08-10T13:16:53.630+0300][1953.171s][info ][gc] GC(64699) Pause Young (Allocation Failure) 50M->49M(59M) 13.771ms
[2020-08-10T13:16:53.644+0300][1953.185s][info ][gc] GC(64700) Pause Young (Allocation Failure) 50M->50M(59M) 13.752ms
[2020-08-10T13:16:53.659+0300][1953.199s][info ][gc] GC(64701) Pause Young (Allocation Failure) 51M->51M(59M) 13.750ms
[2020-08-10T13:16:53.673+0300][1953.213s][info ][gc] GC(64702) Pause Young (Allocation Failure) 52M->52M(59M) 13.891ms
[2020-08-10T13:16:53.687+0300][1953.228s][info ][gc] GC(64703) Pause Young (Allocation Failure) 53M->53M(59M) 13.803ms
[2020-08-10T13:16:53.702+0300][1953.242s][info ][gc] GC(64704) Pause Young (Allocation Failure) 54M->54M(59M) 13.781ms
[2020-08-10T13:16:53.725+0300][1953.266s][info ][gc] GC(64705) Pause Young (Allocation Failure) 55M->55M(59M) 23.170ms
[2020-08-10T13:16:53.739+0300][1953.280s][info ][gc] GC(64706) Pause Young (Allocation Failure) 56M->56M(59M) 13.879ms
[2020-08-10T13:16:53.754+0300][1953.294s][info ][gc] GC(64707) Pause Young (Allocation Failure) 57M->57M(59M) 13.760ms
[2020-08-10T13:16:53.882+0300][1953.423s][debug][gc] GC(64708) Expanding ParOldGen from 58368K by 11776K to 70144K
[2020-08-10T13:16:53.882+0300][1953.423s][info ][gc] GC(64708) Pause Full (Ergonomics) 57M->57M(71M) 128.750ms
[2020-08-10T13:16:53.908+0300][1953.448s][info ][gc] GC(64709) Pause Young (Allocation Failure) 58M->58M(71M) 24.872ms
[2020-08-10T13:16:53.923+0300][1953.463s][info ][gc] GC(64710) Pause Young (Allocation Failure) 59M->59M(71M) 14.187ms
[2020-08-10T13:16:53.937+0300][1953.478s][info ][gc] GC(64711) Pause Young (Allocation Failure) 60M->60M(71M) 14.151ms
[2020-08-10T13:16:53.952+0300][1953.493s][info ][gc] GC(64712) Pause Young (Allocation Failure) 61M->61M(71M) 14.053ms
[2020-08-10T13:16:53.967+0300][1953.507s][info ][gc] GC(64713) Pause Young (Allocation Failure) 62M->61M(71M) 14.206ms
[2020-08-10T13:16:53.982+0300][1953.522s][info ][gc] GC(64714) Pause Young (Allocation Failure) 62M->62M(71M) 14.202ms
[2020-08-10T13:16:53.997+0300][1953.537s][info ][gc] GC(64715) Pause Young (Allocation Failure) 63M->63M(71M) 14.208ms
[2020-08-10T13:16:54.011+0300][1953.552s][info ][gc] GC(64716) Pause Young (Allocation Failure) 64M->64M(71M) 14.309ms
[2020-08-10T13:16:54.026+0300][1953.567s][info ][gc] GC(64717) Pause Young (Allocation Failure) 65M->65M(71M) 14.259ms
[2020-08-10T13:16:54.041+0300][1953.581s][info ][gc] GC(64718) Pause Young (Allocation Failure) 66M->66M(71M) 13.770ms
[2020-08-10T13:16:54.055+0300][1953.596s][info ][gc] GC(64719) Pause Young (Allocation Failure) 67M->67M(71M) 14.134ms
[2020-08-10T13:16:54.070+0300][1953.611s][info ][gc] GC(64720) Pause Young (Allocation Failure) 68M->68M(71M) 14.211ms
[2020-08-10T13:16:54.257+0300][1953.797s][debug][gc] GC(64721) Expanding ParOldGen from 70144K by 11776K to 81920K
[2020-08-10T13:16:54.257+0300][1953.798s][info ][gc] GC(64721) Pause Full (Ergonomics) 68M->68M(82M) 186.586ms
[2020-08-10T13:16:54.271+0300][1953.812s][info ][gc] GC(64722) Pause Young (Allocation Failure) 69M->69M(82M) 13.566ms
[2020-08-10T13:16:54.285+0300][1953.826s][info ][gc] GC(64723) Pause Young (Allocation Failure) 70M->70M(82M) 13.859ms
[2020-08-10T13:16:54.300+0300][1953.841s][info ][gc] GC(64724) Pause Young (Allocation Failure) 71M->71M(82M) 13.983ms
[2020-08-10T13:16:54.314+0300][1953.855s][info ][gc] GC(64725) Pause Young (Allocation Failure) 72M->72M(82M) 14.137ms
[2020-08-10T13:16:54.329+0300][1953.870s][info ][gc] GC(64726) Pause Young (Allocation Failure) 73M->73M(82M) 14.208ms
[2020-08-10T13:16:54.344+0300][1953.885s][info ][gc] GC(64727) Pause Young (Allocation Failure) 74M->74M(82M) 14.072ms
[2020-08-10T13:16:54.370+0300][1953.910s][info ][gc] GC(64728) Pause Young (Allocation Failure) 75M->75M(82M) 25.238ms
[2020-08-10T13:16:54.385+0300][1953.925s][info ][gc] GC(64729) Pause Young (Allocation Failure) 76M->75M(82M) 14.245ms
[2020-08-10T13:16:54.402+0300][1953.942s][info ][gc] GC(64730) Pause Young (Allocation Failure) 76M->76M(82M) 16.364ms
[2020-08-10T13:16:54.416+0300][1953.957s][info ][gc] GC(64731) Pause Young (Allocation Failure) 77M->77M(82M) 14.074ms
[2020-08-10T13:16:54.432+0300][1953.973s][info ][gc] GC(64732) Pause Young (Allocation Failure) 78M->78M(82M) 15.508ms
[2020-08-10T13:16:54.447+0300][1953.987s][info ][gc] GC(64733) Pause Young (Allocation Failure) 79M->79M(82M) 13.866ms
[2020-08-10T13:16:54.461+0300][1954.001s][info ][gc] GC(64734) Pause Young (Allocation Failure) 80M->80M(82M) 13.863ms
[2020-08-10T13:16:54.702+0300][1954.242s][debug][gc] GC(64735) Expanding ParOldGen from 81920K by 11264K to 93184K
[2020-08-10T13:16:54.702+0300][1954.243s][info ][gc] GC(64735) Pause Full (Ergonomics) 80M->80M(93M) 240.968ms
[2020-08-10T13:16:54.734+0300][1954.275s][info ][gc] GC(64736) Pause Young (Allocation Failure) 81M->81M(93M) 32.053ms
[2020-08-10T13:16:54.749+0300][1954.290s][info ][gc] GC(64737) Pause Young (Allocation Failure) 82M->82M(93M) 14.548ms
[2020-08-10T13:16:54.764+0300][1954.305s][info ][gc] GC(64738) Pause Young (Allocation Failure) 83M->83M(93M) 14.441ms
[2020-08-10T13:16:54.786+0300][1954.327s][info ][gc] GC(64739) Pause Young (Allocation Failure) 84M->84M(93M) 20.929ms
[2020-08-10T13:16:54.802+0300][1954.342s][info ][gc] GC(64740) Pause Young (Allocation Failure) 85M->85M(93M) 15.070ms
[2020-08-10T13:16:54.832+0300][1954.373s][info ][gc] GC(64741) Pause Young (Allocation Failure) 86M->86M(93M) 30.074ms
[2020-08-10T13:16:54.848+0300][1954.388s][info ][gc] GC(64742) Pause Young (Allocation Failure) 87M->87M(93M) 14.925ms
[2020-08-10T13:16:54.863+0300][1954.404s][info ][gc] GC(64743) Pause Young (Allocation Failure) 88M->88M(92M) 15.212ms
[2020-08-10T13:16:54.878+0300][1954.419s][info ][gc] GC(64744) Pause Young (Allocation Failure) 89M->89M(93M) 14.259ms
[2020-08-10T13:16:54.894+0300][1954.435s][info ][gc] GC(64745) Pause Young (Allocation Failure) 90M->90M(93M) 15.254ms
[2020-08-10T13:16:54.910+0300][1954.450s][info ][gc] GC(64746) Pause Young (Allocation Failure) 91M->91M(93M) 15.027ms
[2020-08-10T13:16:55.171+0300][1954.712s][debug][gc] GC(64747) Expanding ParOldGen from 93184K by 11776K to 104960K
[2020-08-10T13:16:55.171+0300][1954.712s][info ][gc] GC(64747) Pause Full (Ergonomics) 91M->90M(105M) 261.395ms
[2020-08-10T13:16:55.185+0300][1954.726s][info ][gc] GC(64748) Pause Young (Allocation Failure) 91M->91M(105M) 13.423ms
[2020-08-10T13:16:55.200+0300][1954.741s][info ][gc] GC(64749) Pause Young (Allocation Failure) 92M->92M(105M) 14.582ms
[2020-08-10T13:16:55.215+0300][1954.756s][info ][gc] GC(64750) Pause Young (Allocation Failure) 93M->93M(105M) 14.817ms
[2020-08-10T13:16:55.231+0300][1954.771s][info ][gc] GC(64751) Pause Young (Allocation Failure) 94M->94M(105M) 15.085ms
[2020-08-10T13:16:55.246+0300][1954.787s][info ][gc] GC(64752) Pause Young (Allocation Failure) 95M->95M(105M) 15.006ms
[2020-08-10T13:16:55.262+0300][1954.803s][info ][gc] GC(64753) Pause Young (Allocation Failure) 96M->96M(105M) 15.243ms
[2020-08-10T13:16:55.278+0300][1954.819s][info ][gc] GC(64754) Pause Young (Allocation Failure) 97M->97M(105M) 15.497ms
[2020-08-10T13:16:55.294+0300][1954.835s][info ][gc] GC(64755) Pause Young (Allocation Failure) 98M->98M(105M) 15.449ms
[2020-08-10T13:16:55.310+0300][1954.851s][info ][gc] GC(64756) Pause Young (Allocation Failure) 99M->99M(105M) 15.677ms
[2020-08-10T13:16:55.326+0300][1954.867s][info ][gc] GC(64757) Pause Young (Allocation Failure) 100M->100M(105M) 15.648ms
[2020-08-10T13:16:55.342+0300][1954.883s][info ][gc] GC(64758) Pause Young (Allocation Failure) 101M->101M(105M) 15.786ms
[2020-08-10T13:16:55.359+0300][1954.899s][info ][gc] GC(64759) Pause Young (Allocation Failure) 102M->102M(105M) 15.785ms
[2020-08-10T13:16:55.612+0300][1955.153s][debug][gc] GC(64760) Expanding ParOldGen from 104960K by 11264K to 116224K
[2020-08-10T13:16:55.612+0300][1955.153s][info ][gc] GC(64760) Pause Full (Ergonomics) 102M->102M(116M) 253.411ms
[2020-08-10T13:16:55.626+0300][1955.167s][info ][gc] GC(64761) Pause Young (Allocation Failure) 103M->103M(116M) 13.462ms
[2020-08-10T13:16:55.642+0300][1955.183s][info ][gc] GC(64762) Pause Young (Allocation Failure) 104M->104M(116M) 15.615ms
[2020-08-10T13:16:55.658+0300][1955.199s][info ][gc] GC(64763) Pause Young (Allocation Failure) 105M->105M(116M) 16.020ms
[2020-08-10T13:16:55.676+0300][1955.216s][info ][gc] GC(64764) Pause Young (Allocation Failure) 106M->106M(116M) 16.556ms
[2020-08-10T13:16:55.693+0300][1955.233s][info ][gc] GC(64765) Pause Young (Allocation Failure) 107M->106M(116M) 16.266ms
[2020-08-10T13:16:55.721+0300][1955.262s][info ][gc] GC(64766) Pause Young (Allocation Failure) 107M->107M(116M) 27.876ms
[2020-08-10T13:16:55.738+0300][1955.279s][info ][gc] GC(64767) Pause Young (Allocation Failure) 108M->108M(116M) 16.490ms
[2020-08-10T13:16:55.755+0300][1955.296s][info ][gc] GC(64768) Pause Young (Allocation Failure) 109M->109M(116M) 16.523ms
[2020-08-10T13:16:55.773+0300][1955.313s][info ][gc] GC(64769) Pause Young (Allocation Failure) 110M->110M(116M) 16.678ms
[2020-08-10T13:16:55.790+0300][1955.330s][info ][gc] GC(64770) Pause Young (Allocation Failure) 111M->111M(116M) 16.436ms
[2020-08-10T13:16:55.807+0300][1955.347s][info ][gc] GC(64771) Pause Young (Allocation Failure) 112M->112M(116M) 16.535ms
[2020-08-10T13:16:55.824+0300][1955.364s][info ][gc] GC(64772) Pause Young (Allocation Failure) 113M->113M(116M) 16.421ms
[2020-08-10T13:16:56.115+0300][1955.655s][debug][gc] GC(64773) Expanding ParOldGen from 116224K by 11264K to 127488K
[2020-08-10T13:16:56.115+0300][1955.655s][info ][gc] GC(64773) Pause Full (Ergonomics) 113M->113M(127M) 291.002ms
[2020-08-10T13:16:56.147+0300][1955.687s][info ][gc] GC(64774) Pause Young (Allocation Failure) 114M->114M(127M) 31.357ms
[2020-08-10T13:16:56.165+0300][1955.705s][info ][gc] GC(64775) Pause Young (Allocation Failure) 115M->115M(127M) 17.672ms
[2020-08-10T13:16:56.183+0300][1955.723s][info ][gc] GC(64776) Pause Young (Allocation Failure) 116M->116M(127M) 17.582ms
[2020-08-10T13:16:56.201+0300][1955.742s][info ][gc] GC(64777) Pause Young (Allocation Failure) 117M->117M(127M) 17.944ms
[2020-08-10T13:16:56.220+0300][1955.760s][info ][gc] GC(64778) Pause Young (Allocation Failure) 118M->118M(127M) 17.716ms
[2020-08-10T13:16:56.239+0300][1955.779s][info ][gc] GC(64779) Pause Young (Allocation Failure) 119M->119M(127M) 18.610ms
[2020-08-10T13:16:56.258+0300][1955.798s][info ][gc] GC(64780) Pause Young (Allocation Failure) 120M->120M(127M) 18.314ms
[2020-08-10T13:16:56.276+0300][1955.817s][info ][gc] GC(64781) Pause Young (Allocation Failure) 121M->121M(127M) 18.064ms
[2020-08-10T13:16:56.295+0300][1955.836s][info ][gc] GC(64782) Pause Young (Allocation Failure) 122M->122M(127M) 18.310ms
[2020-08-10T13:16:56.340+0300][1955.881s][info ][gc] GC(64783) Pause Young (Allocation Failure) 123M->123M(127M) 44.385ms
[2020-08-10T13:16:56.359+0300][1955.900s][info ][gc] GC(64784) Pause Young (Allocation Failure) 124M->124M(127M) 18.747ms
[2020-08-10T13:16:56.378+0300][1955.919s][info ][gc] GC(64785) Pause Young (Allocation Failure) 125M->125M(127M) 18.499ms
[2020-08-10T13:16:56.833+0300][1956.373s][debug][gc] GC(64786) Expanding ParOldGen from 127488K by 11264K to 138752K
[2020-08-10T13:16:56.833+0300][1956.374s][info ][gc] GC(64786) Pause Full (Ergonomics) 125M->124M(138M) 454.349ms
[2020-08-10T13:16:56.867+0300][1956.408s][info ][gc] GC(64787) Pause Young (Allocation Failure) 125M->125M(138M) 33.972ms
[2020-08-10T13:16:56.886+0300][1956.427s][info ][gc] GC(64788) Pause Young (Allocation Failure) 126M->126M(138M) 18.653ms
[2020-08-10T13:16:56.917+0300][1956.458s][info ][gc] GC(64789) Pause Young (Allocation Failure) 127M->127M(138M) 30.501ms
[2020-08-10T13:16:56.937+0300][1956.477s][info ][gc] GC(64790) Pause Young (Allocation Failure) 128M->128M(138M) 18.723ms
[2020-08-10T13:16:56.981+0300][1956.522s][info ][gc] GC(64791) Pause Young (Allocation Failure) 129M->129M(138M) 43.755ms
[2020-08-10T13:16:57.000+0300][1956.541s][info ][gc] GC(64792) Pause Young (Allocation Failure) 130M->130M(138M) 19.134ms
[2020-08-10T13:16:57.020+0300][1956.561s][info ][gc] GC(64793) Pause Young (Allocation Failure) 131M->131M(138M) 18.918ms
[2020-08-10T13:16:57.050+0300][1956.591s][info ][gc] GC(64794) Pause Young (Allocation Failure) 132M->132M(138M) 29.684ms
[2020-08-10T13:16:57.070+0300][1956.610s][info ][gc] GC(64795) Pause Young (Allocation Failure) 133M->133M(138M) 19.105ms
[2020-08-10T13:16:57.107+0300][1956.648s][info ][gc] GC(64796) Pause Young (Allocation Failure) 134M->134M(138M) 36.821ms
[2020-08-10T13:16:57.127+0300][1956.667s][info ][gc] GC(64797) Pause Young (Allocation Failure) 135M->135M(138M) 19.409ms
[2020-08-10T13:16:57.127+0300][1956.668s][debug][gc] Expanding ParOldGen from 138752K by 19968K to 158720K
[2020-08-10T13:16:57.181+0300][1956.722s][info ][gc] GC(64798) Pause Young (Allocation Failure) 155M->155M(157M) 46.251ms
[2020-08-10T13:16:57.218+0300][1956.759s][debug][gc] GC(64799) Shrinking ParOldGen from 158720K by 124928K to 33792K
[2020-08-10T13:16:57.218+0300][1956.759s][info ][gc] GC(64799) Pause Full (Ergonomics) 155M->21M(35M) 36.916ms
[2020-08-10T13:16:57.232+0300][1956.773s][info ][gc] GC(64800) Pause Young (Allocation Failure) 22M->22M(35M) 13.287ms
[2020-08-10T13:16:57.247+0300][1956.787s][info ][gc] GC(64801) Pause Young (Allocation Failure) 23M->23M(35M) 13.931ms
[2020-08-10T13:16:57.261+0300][1956.802s][info ][gc] GC(64802) Pause Young (Allocation Failure) 24M->24M(35M) 14.087ms
[2020-08-10T13:16:57.276+0300][1956.817s][info ][gc] GC(64803) Pause Young (Allocation Failure) 25M->25M(35M) 14.024ms
[2020-08-10T13:16:57.290+0300][1956.831s][info ][gc] GC(64804) Pause Young (Allocation Failure) 26M->26M(35M) 13.850ms
[2020-08-10T13:16:57.305+0300][1956.845s][info ][gc] GC(64805) Pause Young (Allocation Failure) 27M->27M(35M) 13.967ms
[2020-08-10T13:16:57.319+0300][1956.860s][info ][gc] GC(64806) Pause Young (Allocation Failure) 28M->28M(35M) 13.773ms
[2020-08-10T13:16:57.333+0300][1956.874s][info ][gc] GC(64807) Pause Young (Allocation Failure) 29M->29M(35M) 14.102ms
[2020-08-10T13:16:57.348+0300][1956.889s][info ][gc] GC(64808) Pause Young (Allocation Failure) 30M->30M(35M) 14.101ms
[2020-08-10T13:16:57.363+0300][1956.903s][info ][gc] GC(64809) Pause Young (Allocation Failure) 31M->31M(35M) 14.073ms
[2020-08-10T13:16:57.377+0300][1956.918s][info ][gc] GC(64810) Pause Young (Allocation Failure) 32M->32M(35M) 13.904ms
[2020-08-10T13:16:57.392+0300][1956.932s][info ][gc] GC(64811) Pause Young (Allocation Failure) 33M->33M(35M) 13.953ms
[2020-08-10T13:16:57.449+0300][1956.989s][debug][gc] GC(64812) Expanding ParOldGen from 33792K by 11776K to 45568K
[2020-08-10T13:16:57.449+0300][1956.990s][info ][gc] GC(64812) Pause Full (Ergonomics) 33M->32M(47M) 56.905ms
[2020-08-10T13:16:57.463+0300][1957.003s][info ][gc] GC(64813) Pause Young (Allocation Failure) 33M->33M(47M) 13.398ms
[2020-08-10T13:16:57.477+0300][1957.018s][info ][gc] GC(64814) Pause Young (Allocation Failure) 34M->34M(47M) 13.823ms
[2020-08-10T13:16:57.491+0300][1957.032s][info ][gc] GC(64815) Pause Young (Allocation Failure) 35M->35M(47M) 13.679ms
[2020-08-10T13:16:57.505+0300][1957.046s][info ][gc] GC(64816) Pause Young (Allocation Failure) 36M->36M(47M) 13.607ms
[2020-08-10T13:16:57.520+0300][1957.060s][info ][gc] GC(64817) Pause Young (Allocation Failure) 37M->37M(46M) 14.106ms
[2020-08-10T13:16:57.534+0300][1957.075s][info ][gc] GC(64818) Pause Young (Allocation Failure) 38M->38M(46M) 13.718ms
[2020-08-10T13:16:57.548+0300][1957.089s][info ][gc] GC(64819) Pause Young (Allocation Failure) 39M->39M(46M) 13.701ms
[2020-08-10T13:16:57.562+0300][1957.103s][info ][gc] GC(64820) Pause Young (Allocation Failure) 40M->40M(47M) 13.438ms
[2020-08-10T13:16:57.576+0300][1957.117s][info ][gc] GC(64821) Pause Young (Allocation Failure) 41M->41M(47M) 13.840ms
[2020-08-10T13:16:57.591+0300][1957.131s][info ][gc] GC(64822) Pause Young (Allocation Failure) 42M->42M(47M) 13.839ms
[2020-08-10T13:16:57.605+0300][1957.146s][info ][gc] GC(64823) Pause Young (Allocation Failure) 43M->43M(47M) 13.809ms
[2020-08-10T13:16:57.619+0300][1957.160s][info ][gc] GC(64824) Pause Young (Allocation Failure) 44M->44M(47M) 13.813ms
[2020-08-10T13:16:57.734+0300][1957.275s][debug][gc] GC(64825) Expanding ParOldGen from 45568K by 11264K to 56832K
[2020-08-10T13:16:57.734+0300][1957.275s][info ][gc] GC(64825) Pause Full (Ergonomics) 44M->44M(58M) 115.128ms
[2020-08-10T13:16:57.748+0300][1957.289s][info ][gc] GC(64826) Pause Young (Allocation Failure) 45M->45M(58M) 13.469ms
[2020-08-10T13:16:57.762+0300][1957.303s][info ][gc] GC(64827) Pause Young (Allocation Failure) 46M->46M(58M) 13.704ms
[2020-08-10T13:16:57.777+0300][1957.318s][info ][gc] GC(64828) Pause Young (Allocation Failure) 47M->47M(58M) 14.181ms
[2020-08-10T13:16:57.801+0300][1957.341s][info ][gc] GC(64829) Pause Young (Allocation Failure) 48M->48M(58M) 23.179ms
[2020-08-10T13:16:57.815+0300][1957.356s][info ][gc] GC(64830) Pause Young (Allocation Failure) 49M->48M(58M) 14.038ms
[2020-08-10T13:16:57.830+0300][1957.370s][info ][gc] GC(64831) Pause Young (Allocation Failure) 49M->49M(58M) 14.035ms
[2020-08-10T13:16:57.844+0300][1957.385s][info ][gc] GC(64832) Pause Young (Allocation Failure) 50M->50M(58M) 14.011ms
[2020-08-10T13:16:57.859+0300][1957.399s][info ][gc] GC(64833) Pause Young (Allocation Failure) 51M->51M(58M) 14.009ms
[2020-08-10T13:16:57.873+0300][1957.414s][info ][gc] GC(64834) Pause Young (Allocation Failure) 52M->52M(58M) 13.946ms
[2020-08-10T13:16:57.888+0300][1957.429s][info ][gc] GC(64835) Pause Young (Allocation Failure) 53M->53M(58M) 14.064ms
[2020-08-10T13:16:57.902+0300][1957.443s][info ][gc] GC(64836) Pause Young (Allocation Failure) 54M->54M(58M) 13.905ms
[2020-08-10T13:16:57.917+0300][1957.458s][info ][gc] GC(64837) Pause Young (Allocation Failure) 55M->55M(58M) 14.146ms
[2020-08-10T13:16:58.053+0300][1957.594s][debug][gc] GC(64838) Expanding ParOldGen from 56832K by 11264K to 68096K
[2020-08-10T13:16:58.053+0300][1957.594s][info ][gc] GC(64838) Pause Full (Ergonomics) 55M->55M(69M) 135.900ms
[2020-08-10T13:16:58.076+0300][1957.617s][info ][gc] GC(64839) Pause Young (Allocation Failure) 56M->56M(69M) 22.816ms
[2020-08-10T13:16:58.091+0300][1957.632s][info ][gc] GC(64840) Pause Young (Allocation Failure) 57M->57M(69M) 14.308ms
[2020-08-10T13:16:58.106+0300][1957.647s][info ][gc] GC(64841) Pause Young (Allocation Failure) 58M->58M(69M) 14.081ms
[2020-08-10T13:16:58.120+0300][1957.661s][info ][gc] GC(64842) Pause Young (Allocation Failure) 59M->59M(69M) 14.171ms
[2020-08-10T13:16:58.135+0300][1957.676s][info ][gc] GC(64843) Pause Young (Allocation Failure) 60M->60M(69M) 14.099ms
[2020-08-10T13:16:58.150+0300][1957.691s][info ][gc] GC(64844) Pause Young (Allocation Failure) 61M->61M(69M) 14.162ms
[2020-08-10T13:16:58.165+0300][1957.705s][info ][gc] GC(64845) Pause Young (Allocation Failure) 62M->62M(69M) 14.247ms
[2020-08-10T13:16:58.179+0300][1957.720s][info ][gc] GC(64846) Pause Young (Allocation Failure) 63M->63M(69M) 14.246ms
[2020-08-10T13:16:58.194+0300][1957.735s][info ][gc] GC(64847) Pause Young (Allocation Failure) 64M->64M(69M) 14.135ms
[2020-08-10T13:16:58.209+0300][1957.750s][info ][gc] GC(64848) Pause Young (Allocation Failure) 65M->65M(69M) 14.211ms
[2020-08-10T13:16:58.224+0300][1957.764s][info ][gc] GC(64849) Pause Young (Allocation Failure) 66M->65M(69M) 14.237ms
[2020-08-10T13:16:58.238+0300][1957.779s][info ][gc] GC(64850) Pause Young (Allocation Failure) 66M->66M(69M) 13.977ms
[2020-08-10T13:16:58.394+0300][1957.935s][debug][gc] GC(64851) Expanding ParOldGen from 68096K by 11264K to 79360K
[2020-08-10T13:16:58.394+0300][1957.935s][info ][gc] GC(64851) Pause Full (Ergonomics) 66M->66M(80M) 155.868ms
[2020-08-10T13:16:58.436+0300][1957.977s][info ][gc] GC(64852) Pause Young (Allocation Failure) 67M->67M(80M) 41.543ms
[2020-08-10T13:16:58.472+0300][1958.013s][info ][gc] GC(64853) Pause Young (Allocation Failure) 68M->68M(80M) 35.426ms
[2020-08-10T13:16:58.504+0300][1958.045s][info ][gc] GC(64854) Pause Young (Allocation Failure) 69M->69M(80M) 31.088ms
[2020-08-10T13:16:58.518+0300][1958.059s][info ][gc] GC(64855) Pause Young (Allocation Failure) 70M->70M(80M) 14.176ms
[2020-08-10T13:16:58.533+0300][1958.074s][info ][gc] GC(64856) Pause Young (Allocation Failure) 71M->71M(80M) 14.229ms
[2020-08-10T13:16:58.548+0300][1958.089s][info ][gc] GC(64857) Pause Young (Allocation Failure) 72M->72M(80M) 14.247ms
[2020-08-10T13:16:58.563+0300][1958.104s][info ][gc] GC(64858) Pause Young (Allocation Failure) 73M->73M(79M) 14.759ms
[2020-08-10T13:16:58.594+0300][1958.134s][info ][gc] GC(64859) Pause Young (Allocation Failure) 74M->74M(79M) 29.751ms
[2020-08-10T13:16:58.609+0300][1958.149s][info ][gc] GC(64860) Pause Young (Allocation Failure) 75M->75M(79M) 14.450ms
[2020-08-10T13:16:58.624+0300][1958.164s][info ][gc] GC(64861) Pause Young (Allocation Failure) 76M->76M(79M) 14.307ms
[2020-08-10T13:16:58.638+0300][1958.179s][info ][gc] GC(64862) Pause Young (Allocation Failure) 77M->77M(79M) 14.330ms
[2020-08-10T13:16:58.653+0300][1958.194s][info ][gc] GC(64863) Pause Young (Allocation Failure) 78M->78M(79M) 14.176ms
[2020-08-10T13:16:58.898+0300][1958.439s][debug][gc] GC(64864) Expanding ParOldGen from 79360K by 11264K to 90624K
[2020-08-10T13:16:58.898+0300][1958.439s][info ][gc] GC(64864) Pause Full (Ergonomics) 78M->78M(90M) 244.630ms
[2020-08-10T13:16:58.931+0300][1958.472s][info ][gc] GC(64865) Pause Young (Allocation Failure) 79M->79M(90M) 32.634ms
[2020-08-10T13:16:58.946+0300][1958.487s][info ][gc] GC(64866) Pause Young (Allocation Failure) 80M->79M(90M) 14.463ms
[2020-08-10T13:16:58.961+0300][1958.502s][info ][gc] GC(64867) Pause Young (Allocation Failure) 80M->80M(90M) 14.414ms
[2020-08-10T13:16:58.976+0300][1958.517s][info ][gc] GC(64868) Pause Young (Allocation Failure) 81M->81M(90M) 14.566ms
[2020-08-10T13:16:58.991+0300][1958.532s][info ][gc] GC(64869) Pause Young (Allocation Failure) 82M->82M(90M) 14.554ms
[2020-08-10T13:16:59.007+0300][1958.548s][info ][gc] GC(64870) Pause Young (Allocation Failure) 83M->83M(90M) 14.689ms
[2020-08-10T13:16:59.022+0300][1958.563s][info ][gc] GC(64871) Pause Young (Allocation Failure) 84M->84M(90M) 14.666ms
[2020-08-10T13:16:59.037+0300][1958.578s][info ][gc] GC(64872) Pause Young (Allocation Failure) 85M->85M(90M) 14.536ms
[2020-08-10T13:16:59.052+0300][1958.593s][info ][gc] GC(64873) Pause Young (Allocation Failure) 86M->86M(90M) 14.557ms
[2020-08-10T13:16:59.082+0300][1958.623s][info ][gc] GC(64874) Pause Young (Allocation Failure) 87M->87M(90M) 29.284ms
[2020-08-10T13:16:59.098+0300][1958.639s][info ][gc] GC(64875) Pause Young (Allocation Failure) 88M->88M(90M) 15.062ms
[2020-08-10T13:16:59.316+0300][1958.857s][debug][gc] GC(64876) Expanding ParOldGen from 90624K by 11264K to 101888K
[2020-08-10T13:16:59.316+0300][1958.857s][info ][gc] GC(64876) Pause Full (Ergonomics) 88M->88M(101M) 218.336ms
[2020-08-10T13:16:59.330+0300][1958.871s][info ][gc] GC(64877) Pause Young (Allocation Failure) 89M->89M(101M) 13.500ms
[2020-08-10T13:16:59.345+0300][1958.886s][info ][gc] GC(64878) Pause Young (Allocation Failure) 90M->90M(101M) 14.543ms
[2020-08-10T13:16:59.360+0300][1958.901s][info ][gc] GC(64879) Pause Young (Allocation Failure) 91M->91M(101M) 14.755ms
[2020-08-10T13:16:59.376+0300][1958.917s][info ][gc] GC(64880) Pause Young (Allocation Failure) 92M->92M(101M) 15.109ms
[2020-08-10T13:16:59.392+0300][1958.933s][info ][gc] GC(64881) Pause Young (Allocation Failure) 93M->93M(101M) 15.517ms
[2020-08-10T13:16:59.408+0300][1958.949s][info ][gc] GC(64882) Pause Young (Allocation Failure) 94M->94M(101M) 15.247ms
[2020-08-10T13:16:59.424+0300][1958.965s][info ][gc] GC(64883) Pause Young (Allocation Failure) 95M->95M(101M) 15.225ms
[2020-08-10T13:16:59.439+0300][1958.980s][info ][gc] GC(64884) Pause Young (Allocation Failure) 96M->96M(101M) 15.264ms
[2020-08-10T13:16:59.463+0300][1959.004s][info ][gc] GC(64885) Pause Young (Allocation Failure) 97M->97M(101M) 23.119ms
[2020-08-10T13:16:59.479+0300][1959.020s][info ][gc] GC(64886) Pause Young (Allocation Failure) 98M->97M(101M) 15.721ms
[2020-08-10T13:16:59.496+0300][1959.036s][info ][gc] GC(64887) Pause Young (Allocation Failure) 98M->98M(101M) 15.796ms
[2020-08-10T13:16:59.512+0300][1959.053s][info ][gc] GC(64888) Pause Young (Allocation Failure) 99M->99M(101M) 15.635ms
[2020-08-10T13:16:59.761+0300][1959.301s][debug][gc] GC(64889) Expanding ParOldGen from 101888K by 11264K to 113152K
[2020-08-10T13:16:59.761+0300][1959.302s][info ][gc] GC(64889) Pause Full (Ergonomics) 99M->99M(112M) 248.913ms
[2020-08-10T13:16:59.796+0300][1959.337s][info ][gc] GC(64890) Pause Young (Allocation Failure) 100M->100M(112M) 34.911ms
[2020-08-10T13:16:59.811+0300][1959.352s][info ][gc] GC(64891) Pause Young (Allocation Failure) 100M->100M(112M) 14.089ms
[2020-08-10T13:16:59.825+0300][1959.366s][info ][gc] GC(64892) Pause Young (Allocation Failure) 101M->101M(112M) 13.895ms
[2020-08-10T13:16:59.839+0300][1959.380s][info ][gc] GC(64893) Pause Young (Allocation Failure) 101M->101M(112M) 13.846ms
[2020-08-10T13:16:59.854+0300][1959.395s][info ][gc] GC(64894) Pause Young (Allocation Failure) 102M->102M(112M) 14.000ms
[2020-08-10T13:16:59.884+0300][1959.425s][info ][gc] GC(64895) Pause Young (Allocation Failure) 102M->102M(112M) 29.346ms
[2020-08-10T13:16:59.911+0300][1959.452s][info ][gc] GC(64896) Pause Young (Allocation Failure) 102M->102M(112M) 26.268ms
[2020-08-10T13:16:59.925+0300][1959.466s][info ][gc] GC(64897) Pause Young (Allocation Failure) 103M->103M(112M) 13.858ms
[2020-08-10T13:16:59.939+0300][1959.480s][info ][gc] GC(64898) Pause Young (Allocation Failure) 103M->103M(112M) 13.887ms
[2020-08-10T13:16:59.954+0300][1959.495s][info ][gc] GC(64899) Pause Young (Allocation Failure) 104M->104M(112M) 13.817ms
[2020-08-10T13:16:59.968+0300][1959.509s][info ][gc] GC(64900) Pause Young (Allocation Failure) 104M->104M(112M) 14.092ms
[2020-08-10T13:16:59.988+0300][1959.529s][info ][gc] GC(64901) Pause Young (Allocation Failure) 105M->105M(112M) 19.140ms
[2020-08-10T13:17:00.002+0300][1959.543s][info ][gc] GC(64902) Pause Young (Allocation Failure) 105M->105M(112M) 13.937ms
[2020-08-10T13:17:00.017+0300][1959.557s][info ][gc] GC(64903) Pause Young (Allocation Failure) 106M->106M(112M) 14.183ms
[2020-08-10T13:17:00.031+0300][1959.572s][info ][gc] GC(64904) Pause Young (Allocation Failure) 106M->106M(112M) 14.315ms
[2020-08-10T13:17:00.046+0300][1959.587s][info ][gc] GC(64905) Pause Young (Allocation Failure) 107M->107M(112M) 14.189ms
[2020-08-10T13:17:00.065+0300][1959.606s][info ][gc] GC(64906) Pause Young (Allocation Failure) 107M->107M(111M) 18.913ms
[2020-08-10T13:17:00.080+0300][1959.621s][info ][gc] GC(64907) Pause Young (Allocation Failure) 108M->107M(112M) 14.158ms
[2020-08-10T13:17:00.094+0300][1959.635s][info ][gc] GC(64908) Pause Young (Allocation Failure) 108M->108M(112M) 13.976ms
[2020-08-10T13:17:00.109+0300][1959.649s][info ][gc] GC(64909) Pause Young (Allocation Failure) 108M->108M(112M) 13.908ms
[2020-08-10T13:17:00.123+0300][1959.664s][info ][gc] GC(64910) Pause Young (Allocation Failure) 109M->109M(112M) 13.959ms
[2020-08-10T13:17:00.137+0300][1959.678s][info ][gc] GC(64911) Pause Young (Allocation Failure) 109M->109M(112M) 14.100ms
[2020-08-10T13:17:00.152+0300][1959.693s][info ][gc] GC(64912) Pause Young (Allocation Failure) 110M->110M(112M) 13.953ms
[2020-08-10T13:17:00.434+0300][1959.975s][debug][gc] GC(64913) Expanding ParOldGen from 113152K by 10752K to 123904K
[2020-08-10T13:17:00.434+0300][1959.975s][info ][gc] GC(64913) Pause Full (Ergonomics) 110M->110M(122M) 282.596ms
[2020-08-10T13:17:00.448+0300][1959.989s][info ][gc] GC(64914) Pause Young (Allocation Failure) 110M->110M(122M) 13.437ms
[2020-08-10T13:17:00.462+0300][1960.003s][info ][gc] GC(64915) Pause Young (Allocation Failure) 111M->111M(122M) 13.571ms
[2020-08-10T13:17:00.477+0300][1960.018s][info ][gc] GC(64916) Pause Young (Allocation Failure) 111M->111M(122M) 14.323ms
[2020-08-10T13:17:00.492+0300][1960.033s][info ][gc] GC(64917) Pause Young (Allocation Failure) 111M->111M(122M) 14.411ms
[2020-08-10T13:17:00.506+0300][1960.047s][info ][gc] GC(64918) Pause Young (Allocation Failure) 112M->112M(122M) 13.661ms
[2020-08-10T13:17:00.521+0300][1960.062s][info ][gc] GC(64919) Pause Young (Allocation Failure) 112M->112M(122M) 14.411ms
[2020-08-10T13:17:00.535+0300][1960.076s][info ][gc] GC(64920) Pause Young (Allocation Failure) 113M->113M(122M) 14.004ms
[2020-08-10T13:17:00.550+0300][1960.091s][info ][gc] GC(64921) Pause Young (Allocation Failure) 113M->113M(122M) 14.097ms
[2020-08-10T13:17:00.565+0300][1960.106s][info ][gc] GC(64922) Pause Young (Allocation Failure) 114M->114M(122M) 14.176ms
[2020-08-10T13:17:00.587+0300][1960.128s][info ][gc] GC(64923) Pause Young (Allocation Failure) 114M->114M(122M) 22.392ms
[2020-08-10T13:17:00.602+0300][1960.143s][info ][gc] GC(64924) Pause Young (Allocation Failure) 115M->115M(122M) 14.428ms
[2020-08-10T13:17:00.617+0300][1960.158s][info ][gc] GC(64925) Pause Young (Allocation Failure) 115M->115M(122M) 14.216ms
[2020-08-10T13:17:00.631+0300][1960.172s][info ][gc] GC(64926) Pause Young (Allocation Failure) 116M->116M(122M) 14.267ms
[2020-08-10T13:17:00.659+0300][1960.200s][info ][gc] GC(64927) Pause Young (Allocation Failure) 116M->116M(122M) 26.660ms
[2020-08-10T13:17:00.673+0300][1960.214s][info ][gc] GC(64928) Pause Young (Allocation Failure) 117M->116M(122M) 14.306ms
[2020-08-10T13:17:00.688+0300][1960.229s][info ][gc] GC(64929) Pause Young (Allocation Failure) 117M->117M(122M) 14.272ms
[2020-08-10T13:17:00.702+0300][1960.243s][info ][gc] GC(64930) Pause Young (Allocation Failure) 117M->117M(122M) 14.304ms
[2020-08-10T13:17:00.717+0300][1960.258s][info ][gc] GC(64931) Pause Young (Allocation Failure) 118M->118M(122M) 14.153ms
[2020-08-10T13:17:00.731+0300][1960.272s][info ][gc] GC(64932) Pause Young (Allocation Failure) 118M->118M(122M) 14.290ms
[2020-08-10T13:17:00.751+0300][1960.292s][info ][gc] GC(64933) Pause Young (Allocation Failure) 119M->119M(122M) 19.664ms
[2020-08-10T13:17:00.766+0300][1960.307s][info ][gc] GC(64934) Pause Young (Allocation Failure) 119M->119M(122M) 14.444ms
[2020-08-10T13:17:00.781+0300][1960.322s][info ][gc] GC(64935) Pause Young (Allocation Failure) 120M->120M(122M) 14.652ms
[2020-08-10T13:17:00.796+0300][1960.337s][info ][gc] GC(64936) Pause Young (Allocation Failure) 120M->120M(122M) 14.428ms
[2020-08-10T13:17:00.812+0300][1960.353s][info ][gc] GC(64937) Pause Young (Allocation Failure) 121M->121M(122M) 15.381ms
[2020-08-10T13:17:01.125+0300][1960.666s][debug][gc] GC(64938) Expanding ParOldGen from 123904K by 10752K to 134656K
[2020-08-10T13:17:01.125+0300][1960.666s][info ][gc] GC(64938) Pause Full (Ergonomics) 121M->120M(133M) 313.289ms
[2020-08-10T13:17:01.148+0300][1960.689s][info ][gc] GC(64939) Pause Young (Allocation Failure) 121M->121M(133M) 22.349ms
[2020-08-10T13:17:01.163+0300][1960.704s][info ][gc] GC(64940) Pause Young (Allocation Failure) 121M->121M(133M) 15.113ms
[2020-08-10T13:17:01.179+0300][1960.720s][info ][gc] GC(64941) Pause Young (Allocation Failure) 122M->122M(133M) 15.123ms
[2020-08-10T13:17:01.195+0300][1960.735s][info ][gc] GC(64942) Pause Young (Allocation Failure) 122M->122M(133M) 15.179ms
[2020-08-10T13:17:01.210+0300][1960.751s][info ][gc] GC(64943) Pause Young (Allocation Failure) 123M->123M(133M) 15.306ms
[2020-08-10T13:17:01.226+0300][1960.767s][info ][gc] GC(64944) Pause Young (Allocation Failure) 123M->123M(133M) 15.163ms
[2020-08-10T13:17:01.242+0300][1960.783s][info ][gc] GC(64945) Pause Young (Allocation Failure) 124M->124M(133M) 15.546ms
[2020-08-10T13:17:01.260+0300][1960.801s][info ][gc] GC(64946) Pause Young (Allocation Failure) 124M->124M(133M) 17.602ms
[2020-08-10T13:17:01.276+0300][1960.817s][info ][gc] GC(64947) Pause Young (Allocation Failure) 125M->125M(133M) 15.278ms
[2020-08-10T13:17:01.293+0300][1960.834s][info ][gc] GC(64948) Pause Young (Allocation Failure) 125M->125M(133M) 16.500ms
[2020-08-10T13:17:01.308+0300][1960.849s][info ][gc] GC(64949) Pause Young (Allocation Failure) 126M->126M(133M) 15.430ms
[2020-08-10T13:17:01.324+0300][1960.865s][info ][gc] GC(64950) Pause Young (Allocation Failure) 126M->126M(133M) 15.211ms
[2020-08-10T13:17:01.341+0300][1960.882s][info ][gc] GC(64951) Pause Young (Allocation Failure) 127M->127M(133M) 16.439ms
[2020-08-10T13:17:01.356+0300][1960.897s][info ][gc] GC(64952) Pause Young (Allocation Failure) 127M->127M(133M) 15.182ms
[2020-08-10T13:17:01.372+0300][1960.913s][info ][gc] GC(64953) Pause Young (Allocation Failure) 127M->127M(133M) 15.460ms
[2020-08-10T13:17:01.388+0300][1960.929s][info ][gc] GC(64954) Pause Young (Allocation Failure) 128M->128M(133M) 15.267ms
[2020-08-10T13:17:01.403+0300][1960.944s][info ][gc] GC(64955) Pause Young (Allocation Failure) 128M->128M(133M) 15.257ms
[2020-08-10T13:17:01.419+0300][1960.960s][info ][gc] GC(64956) Pause Young (Allocation Failure) 129M->129M(133M) 15.520ms
[2020-08-10T13:17:01.435+0300][1960.976s][info ][gc] GC(64957) Pause Young (Allocation Failure) 129M->129M(133M) 15.540ms
[2020-08-10T13:17:01.451+0300][1960.992s][info ][gc] GC(64958) Pause Young (Allocation Failure) 130M->130M(133M) 15.205ms
[2020-08-10T13:17:01.466+0300][1961.007s][info ][gc] GC(64959) Pause Young (Allocation Failure) 130M->130M(133M) 15.473ms
[2020-08-10T13:17:01.482+0300][1961.023s][info ][gc] GC(64960) Pause Young (Allocation Failure) 131M->131M(133M) 15.342ms
[2020-08-10T13:17:01.498+0300][1961.039s][info ][gc] GC(64961) Pause Young (Allocation Failure) 131M->131M(133M) 15.663ms
[2020-08-10T13:17:01.957+0300][1961.498s][debug][gc] GC(64962) Expanding ParOldGen from 134656K by 10752K to 145408K
[2020-08-10T13:17:01.957+0300][1961.498s][info ][gc] GC(64962) Pause Full (Ergonomics) 131M->131M(143M) 458.913ms
[2020-08-10T13:17:01.975+0300][1961.516s][info ][gc] GC(64963) Pause Young (Allocation Failure) 131M->131M(143M) 17.145ms
[2020-08-10T13:17:02.006+0300][1961.548s][info ][gc] GC(64964) Pause Young (Allocation Failure) 132M->132M(143M) 31.634ms
[2020-08-10T13:17:02.023+0300][1961.564s][info ][gc] GC(64965) Pause Young (Allocation Failure) 132M->132M(143M) 15.756ms
[2020-08-10T13:17:02.039+0300][1961.580s][info ][gc] GC(64966) Pause Young (Allocation Failure) 133M->133M(143M) 16.212ms
[2020-08-10T13:17:02.056+0300][1961.597s][info ][gc] GC(64967) Pause Young (Allocation Failure) 133M->133M(143M) 16.239ms
[2020-08-10T13:17:02.072+0300][1961.613s][info ][gc] GC(64968) Pause Young (Allocation Failure) 134M->134M(143M) 15.961ms
[2020-08-10T13:17:02.089+0300][1961.630s][info ][gc] GC(64969) Pause Young (Allocation Failure) 134M->134M(143M) 15.931ms
[2020-08-10T13:17:02.105+0300][1961.646s][info ][gc] GC(64970) Pause Young (Allocation Failure) 135M->135M(143M) 15.976ms
[2020-08-10T13:17:02.121+0300][1961.662s][info ][gc] GC(64971) Pause Young (Allocation Failure) 135M->135M(143M) 16.040ms
[2020-08-10T13:17:02.121+0300][1961.662s][debug][gc] Expanding ParOldGen from 145408K by 19968K to 165376K
[2020-08-10T13:17:02.154+0300][1961.695s][info ][gc] GC(64972) Pause Young (Allocation Failure) 155M->154M(163M) 24.359ms
[2020-08-10T13:17:02.168+0300][1961.709s][info ][gc] GC(64973) Pause Young (Allocation Failure) 155M->155M(163M) 13.655ms
[2020-08-10T13:17:02.182+0300][1961.723s][info ][gc] GC(64974) Pause Young (Allocation Failure) 155M->155M(163M) 13.268ms
[2020-08-10T13:17:02.195+0300][1961.736s][info ][gc] GC(64975) Pause Young (Allocation Failure) 156M->156M(163M) 13.229ms
[2020-08-10T13:17:02.209+0300][1961.750s][info ][gc] GC(64976) Pause Young (Allocation Failure) 156M->156M(163M) 13.190ms
[2020-08-10T13:17:02.222+0300][1961.763s][info ][gc] GC(64977) Pause Young (Allocation Failure) 157M->157M(163M) 13.253ms
[2020-08-10T13:17:02.254+0300][1961.795s][info ][gc] GC(64978) Pause Young (Allocation Failure) 157M->157M(163M) 31.354ms
[2020-08-10T13:17:02.270+0300][1961.811s][info ][gc] GC(64979) Pause Young (Allocation Failure) 158M->158M(163M) 15.604ms
[2020-08-10T13:17:02.296+0300][1961.837s][info ][gc] GC(64980) Pause Young (Allocation Failure) 158M->158M(163M) 25.435ms
[2020-08-10T13:17:02.310+0300][1961.851s][info ][gc] GC(64981) Pause Young (Allocation Failure) 158M->158M(163M) 13.594ms
[2020-08-10T13:17:02.324+0300][1961.865s][info ][gc] GC(64982) Pause Young (Allocation Failure) 159M->159M(163M) 13.699ms
[2020-08-10T13:17:02.338+0300][1961.879s][info ][gc] GC(64983) Pause Young (Allocation Failure) 159M->159M(163M) 13.664ms
[2020-08-10T13:17:02.362+0300][1961.903s][info ][gc] GC(64984) Pause Young (Allocation Failure) 160M->160M(163M) 24.008ms
[2020-08-10T13:17:02.377+0300][1961.918s][info ][gc] GC(64985) Pause Young (Allocation Failure) 160M->160M(163M) 13.766ms
[2020-08-10T13:17:02.390+0300][1961.931s][info ][gc] GC(64986) Pause Young (Allocation Failure) 161M->161M(163M) 13.441ms
[2020-08-10T13:17:02.404+0300][1961.945s][info ][gc] GC(64987) Pause Young (Allocation Failure) 161M->161M(163M) 13.442ms
[2020-08-10T13:17:02.460+0300][1962.002s][debug][gc] GC(64988) Shrinking ParOldGen from 165376K by 125952K to 39424K
[2020-08-10T13:17:02.461+0300][1962.002s][info ][gc] GC(64988) Pause Full (Ergonomics) 161M->27M(40M) 56.338ms
[2020-08-10T13:17:02.474+0300][1962.015s][info ][gc] GC(64989) Pause Young (Allocation Failure) 28M->28M(40M) 13.300ms
[2020-08-10T13:17:02.488+0300][1962.029s][info ][gc] GC(64990) Pause Young (Allocation Failure) 29M->29M(40M) 13.643ms
[2020-08-10T13:17:02.502+0300][1962.043s][info ][gc] GC(64991) Pause Young (Allocation Failure) 30M->30M(40M) 13.515ms
[2020-08-10T13:17:02.516+0300][1962.057s][info ][gc] GC(64992) Pause Young (Allocation Failure) 31M->31M(40M) 13.691ms
[2020-08-10T13:17:02.531+0300][1962.072s][info ][gc] GC(64993) Pause Young (Allocation Failure) 32M->32M(41M) 13.780ms
[2020-08-10T13:17:02.545+0300][1962.086s][info ][gc] GC(64994) Pause Young (Allocation Failure) 33M->32M(41M) 13.825ms
[2020-08-10T13:17:02.559+0300][1962.100s][info ][gc] GC(64995) Pause Young (Allocation Failure) 33M->33M(41M) 13.875ms
[2020-08-10T13:17:02.574+0300][1962.115s][info ][gc] GC(64996) Pause Young (Allocation Failure) 34M->34M(41M) 13.808ms
[2020-08-10T13:17:02.588+0300][1962.129s][info ][gc] GC(64997) Pause Young (Allocation Failure) 35M->35M(41M) 13.920ms
[2020-08-10T13:17:02.602+0300][1962.143s][info ][gc] GC(64998) Pause Young (Allocation Failure) 36M->36M(41M) 13.799ms
[2020-08-10T13:17:02.616+0300][1962.158s][info ][gc] GC(64999) Pause Young (Allocation Failure) 37M->37M(41M) 13.755ms
[2020-08-10T13:17:02.631+0300][1962.172s][info ][gc] GC(65000) Pause Young (Allocation Failure) 38M->38M(41M) 13.725ms
[2020-08-10T13:17:02.699+0300][1962.240s][debug][gc] GC(65001) Expanding ParOldGen from 39424K by 11776K to 51200K
[2020-08-10T13:17:02.699+0300][1962.240s][info ][gc] GC(65001) Pause Full (Ergonomics) 38M->38M(52M) 68.561ms
[2020-08-10T13:17:02.722+0300][1962.263s][info ][gc] GC(65002) Pause Young (Allocation Failure) 39M->39M(52M) 22.541ms
[2020-08-10T13:17:02.736+0300][1962.277s][info ][gc] GC(65003) Pause Young (Allocation Failure) 40M->40M(52M) 13.621ms
[2020-08-10T13:17:02.750+0300][1962.292s][info ][gc] GC(65004) Pause Young (Allocation Failure) 41M->41M(52M) 13.706ms
[2020-08-10T13:17:02.764+0300][1962.305s][info ][gc] GC(65005) Pause Young (Allocation Failure) 42M->42M(52M) 13.576ms
[2020-08-10T13:17:02.786+0300][1962.327s][info ][gc] GC(65006) Pause Young (Allocation Failure) 43M->43M(52M) 21.482ms
[2020-08-10T13:17:02.801+0300][1962.342s][info ][gc] GC(65007) Pause Young (Allocation Failure) 44M->44M(52M) 13.803ms
[2020-08-10T13:17:02.815+0300][1962.356s][info ][gc] GC(65008) Pause Young (Allocation Failure) 45M->45M(52M) 13.899ms
[2020-08-10T13:17:02.829+0300][1962.370s][info ][gc] GC(65009) Pause Young (Allocation Failure) 46M->45M(52M) 13.854ms
[2020-08-10T13:17:02.843+0300][1962.384s][info ][gc] GC(65010) Pause Young (Allocation Failure) 46M->46M(52M) 13.725ms
[2020-08-10T13:17:02.858+0300][1962.399s][info ][gc] GC(65011) Pause Young (Allocation Failure) 47M->47M(52M) 13.799ms
[2020-08-10T13:17:02.872+0300][1962.413s][info ][gc] GC(65012) Pause Young (Allocation Failure) 48M->48M(52M) 13.955ms
[2020-08-10T13:17:02.886+0300][1962.428s][info ][gc] GC(65013) Pause Young (Allocation Failure) 49M->49M(52M) 13.769ms
[2020-08-10T13:17:03.024+0300][1962.565s][debug][gc] GC(65014) Expanding ParOldGen from 51200K by 11264K to 62464K
[2020-08-10T13:17:03.024+0300][1962.565s][info ][gc] GC(65014) Pause Full (Ergonomics) 49M->49M(63M) 137.707ms
[2020-08-10T13:17:03.038+0300][1962.580s][info ][gc] GC(65015) Pause Young (Allocation Failure) 50M->50M(63M) 13.662ms
[2020-08-10T13:17:03.053+0300][1962.594s][info ][gc] GC(65016) Pause Young (Allocation Failure) 51M->51M(63M) 13.734ms
[2020-08-10T13:17:03.067+0300][1962.608s][info ][gc] GC(65017) Pause Young (Allocation Failure) 52M->52M(63M) 13.883ms
[2020-08-10T13:17:03.082+0300][1962.623s][info ][gc] GC(65018) Pause Young (Allocation Failure) 53M->53M(63M) 14.023ms
[2020-08-10T13:17:03.096+0300][1962.637s][info ][gc] GC(65019) Pause Young (Allocation Failure) 54M->54M(63M) 13.809ms
[2020-08-10T13:17:03.110+0300][1962.652s][info ][gc] GC(65020) Pause Young (Allocation Failure) 55M->55M(63M) 13.956ms
[2020-08-10T13:17:03.125+0300][1962.666s][info ][gc] GC(65021) Pause Young (Allocation Failure) 56M->56M(63M) 14.168ms
[2020-08-10T13:17:03.140+0300][1962.681s][info ][gc] GC(65022) Pause Young (Allocation Failure) 57M->57M(63M) 14.058ms
[2020-08-10T13:17:03.154+0300][1962.695s][info ][gc] GC(65023) Pause Young (Allocation Failure) 58M->58M(63M) 14.090ms
[2020-08-10T13:17:03.169+0300][1962.710s][info ][gc] GC(65024) Pause Young (Allocation Failure) 59M->59M(63M) 13.943ms
[2020-08-10T13:17:03.184+0300][1962.725s][info ][gc] GC(65025) Pause Young (Allocation Failure) 60M->59M(63M) 14.056ms
[2020-08-10T13:17:03.198+0300][1962.739s][info ][gc] GC(65026) Pause Young (Allocation Failure) 60M->60M(63M) 13.967ms
[2020-08-10T13:17:03.369+0300][1962.910s][debug][gc] GC(65027) Expanding ParOldGen from 62464K by 11264K to 73728K
[2020-08-10T13:17:03.369+0300][1962.910s][info ][gc] GC(65027) Pause Full (Ergonomics) 60M->60M(74M) 170.845ms
[2020-08-10T13:17:03.383+0300][1962.924s][info ][gc] GC(65028) Pause Young (Allocation Failure) 61M->61M(74M) 13.563ms
[2020-08-10T13:17:03.398+0300][1962.939s][info ][gc] GC(65029) Pause Young (Allocation Failure) 62M->62M(74M) 13.951ms
[2020-08-10T13:17:03.412+0300][1962.954s][info ][gc] GC(65030) Pause Young (Allocation Failure) 63M->63M(74M) 14.051ms
[2020-08-10T13:17:03.427+0300][1962.968s][info ][gc] GC(65031) Pause Young (Allocation Failure) 64M->64M(74M) 14.024ms
[2020-08-10T13:17:03.442+0300][1962.983s][info ][gc] GC(65032) Pause Young (Allocation Failure) 65M->65M(74M) 13.993ms
[2020-08-10T13:17:03.456+0300][1962.997s][info ][gc] GC(65033) Pause Young (Allocation Failure) 66M->66M(74M) 14.070ms
[2020-08-10T13:17:03.471+0300][1963.012s][info ][gc] GC(65034) Pause Young (Allocation Failure) 67M->67M(74M) 14.115ms
[2020-08-10T13:17:03.486+0300][1963.027s][info ][gc] GC(65035) Pause Young (Allocation Failure) 68M->68M(74M) 14.104ms
[2020-08-10T13:17:03.500+0300][1963.041s][info ][gc] GC(65036) Pause Young (Allocation Failure) 69M->69M(74M) 14.076ms
[2020-08-10T13:17:03.515+0300][1963.056s][info ][gc] GC(65037) Pause Young (Allocation Failure) 70M->70M(74M) 13.833ms
[2020-08-10T13:17:03.529+0300][1963.070s][info ][gc] GC(65038) Pause Young (Allocation Failure) 71M->71M(74M) 14.050ms
[2020-08-10T13:17:03.544+0300][1963.085s][info ][gc] GC(65039) Pause Young (Allocation Failure) 72M->72M(74M) 14.062ms
[2020-08-10T13:17:03.781+0300][1963.322s][debug][gc] GC(65040) Expanding ParOldGen from 73728K by 11776K to 85504K
[2020-08-10T13:17:03.781+0300][1963.322s][info ][gc] GC(65040) Pause Full (Ergonomics) 72M->71M(86M) 236.858ms
[2020-08-10T13:17:03.795+0300][1963.336s][info ][gc] GC(65041) Pause Young (Allocation Failure) 72M->72M(86M) 13.717ms
[2020-08-10T13:17:03.810+0300][1963.351s][info ][gc] GC(65042) Pause Young (Allocation Failure) 73M->73M(86M) 14.200ms
[2020-08-10T13:17:03.824+0300][1963.365s][info ][gc] GC(65043) Pause Young (Allocation Failure) 74M->74M(86M) 13.892ms
[2020-08-10T13:17:03.839+0300][1963.380s][info ][gc] GC(65044) Pause Young (Allocation Failure) 75M->75M(86M) 13.985ms
[2020-08-10T13:17:03.853+0300][1963.395s][info ][gc] GC(65045) Pause Young (Allocation Failure) 76M->76M(86M) 14.104ms
[2020-08-10T13:17:03.868+0300][1963.409s][info ][gc] GC(65046) Pause Young (Allocation Failure) 77M->77M(86M) 13.943ms
[2020-08-10T13:17:03.883+0300][1963.424s][info ][gc] GC(65047) Pause Young (Allocation Failure) 78M->78M(86M) 14.412ms
[2020-08-10T13:17:03.898+0300][1963.439s][info ][gc] GC(65048) Pause Young (Allocation Failure) 79M->79M(86M) 13.995ms
[2020-08-10T13:17:03.912+0300][1963.453s][info ][gc] GC(65049) Pause Young (Allocation Failure) 80M->80M(86M) 14.143ms
[2020-08-10T13:17:03.927+0300][1963.468s][info ][gc] GC(65050) Pause Young (Allocation Failure) 81M->81M(86M) 14.067ms
[2020-08-10T13:17:03.942+0300][1963.483s][info ][gc] GC(65051) Pause Young (Allocation Failure) 82M->82M(86M) 14.008ms
[2020-08-10T13:17:03.968+0300][1963.509s][info ][gc] GC(65052) Pause Young (Allocation Failure) 83M->83M(86M) 26.286ms
[2020-08-10T13:17:03.983+0300][1963.524s][info ][gc] GC(65053) Pause Young (Allocation Failure) 84M->84M(86M) 14.435ms
[2020-08-10T13:17:04.253+0300][1963.794s][debug][gc] GC(65054) Expanding ParOldGen from 85504K by 11264K to 96768K
[2020-08-10T13:17:04.253+0300][1963.794s][info ][gc] GC(65054) Pause Full (Ergonomics) 84M->84M(97M) 269.214ms
[2020-08-10T13:17:04.287+0300][1963.828s][info ][gc] GC(65055) Pause Young (Allocation Failure) 85M->85M(97M) 33.356ms
[2020-08-10T13:17:04.302+0300][1963.843s][info ][gc] GC(65056) Pause Young (Allocation Failure) 86M->86M(97M) 14.771ms
[2020-08-10T13:17:04.317+0300][1963.858s][info ][gc] GC(65057) Pause Young (Allocation Failure) 87M->86M(97M) 14.686ms
[2020-08-10T13:17:04.333+0300][1963.874s][info ][gc] GC(65058) Pause Young (Allocation Failure) 87M->87M(97M) 14.785ms
[2020-08-10T13:17:04.348+0300][1963.889s][info ][gc] GC(65059) Pause Young (Allocation Failure) 88M->88M(97M) 14.880ms
[2020-08-10T13:17:04.364+0300][1963.905s][info ][gc] GC(65060) Pause Young (Allocation Failure) 89M->89M(97M) 15.006ms
[2020-08-10T13:17:04.379+0300][1963.920s][info ][gc] GC(65061) Pause Young (Allocation Failure) 90M->90M(97M) 15.074ms
[2020-08-10T13:17:04.395+0300][1963.936s][info ][gc] GC(65062) Pause Young (Allocation Failure) 91M->91M(97M) 15.149ms
[2020-08-10T13:17:04.411+0300][1963.952s][info ][gc] GC(65063) Pause Young (Allocation Failure) 92M->92M(97M) 15.207ms
[2020-08-10T13:17:04.426+0300][1963.967s][info ][gc] GC(65064) Pause Young (Allocation Failure) 93M->93M(97M) 15.147ms
[2020-08-10T13:17:04.445+0300][1963.986s][info ][gc] GC(65065) Pause Young (Allocation Failure) 94M->94M(97M) 18.249ms
[2020-08-10T13:17:04.729+0300][1964.271s][debug][gc] GC(65066) Expanding ParOldGen from 96768K by 11776K to 108544K
[2020-08-10T13:17:04.730+0300][1964.271s][info ][gc] GC(65066) Pause Full (Ergonomics) 94M->94M(108M) 284.551ms
[2020-08-10T13:17:04.744+0300][1964.285s][info ][gc] GC(65067) Pause Young (Allocation Failure) 95M->95M(108M) 13.568ms
[2020-08-10T13:17:04.760+0300][1964.301s][info ][gc] GC(65068) Pause Young (Allocation Failure) 96M->96M(108M) 15.344ms
[2020-08-10T13:17:04.775+0300][1964.317s][info ][gc] GC(65069) Pause Young (Allocation Failure) 97M->97M(108M) 15.299ms
[2020-08-10T13:17:04.791+0300][1964.332s][info ][gc] GC(65070) Pause Young (Allocation Failure) 98M->98M(108M) 15.085ms
[2020-08-10T13:17:04.806+0300][1964.348s][info ][gc] GC(65071) Pause Young (Allocation Failure) 99M->99M(108M) 15.198ms
[2020-08-10T13:17:04.822+0300][1964.363s][info ][gc] GC(65072) Pause Young (Allocation Failure) 100M->100M(108M) 15.431ms
[2020-08-10T13:17:04.838+0300][1964.380s][info ][gc] GC(65073) Pause Young (Allocation Failure) 101M->101M(108M) 15.750ms
[2020-08-10T13:17:04.854+0300][1964.396s][info ][gc] GC(65074) Pause Young (Allocation Failure) 102M->102M(108M) 15.656ms
[2020-08-10T13:17:04.871+0300][1964.412s][info ][gc] GC(65075) Pause Young (Allocation Failure) 103M->103M(108M) 16.004ms
[2020-08-10T13:17:04.887+0300][1964.429s][info ][gc] GC(65076) Pause Young (Allocation Failure) 104M->103M(108M) 15.943ms
[2020-08-10T13:17:04.904+0300][1964.445s][info ][gc] GC(65077) Pause Young (Allocation Failure) 104M->104M(108M) 15.965ms
[2020-08-10T13:17:04.920+0300][1964.462s][info ][gc] GC(65078) Pause Young (Allocation Failure) 105M->105M(108M) 16.156ms
[2020-08-10T13:17:04.937+0300][1964.478s][info ][gc] GC(65079) Pause Young (Allocation Failure) 106M->106M(108M) 16.083ms
[2020-08-10T13:17:05.243+0300][1964.784s][debug][gc] GC(65080) Expanding ParOldGen from 108544K by 11264K to 119808K
[2020-08-10T13:17:05.243+0300][1964.785s][info ][gc] GC(65080) Pause Full (Ergonomics) 106M->106M(119M) 306.118ms
[2020-08-10T13:17:05.295+0300][1964.836s][info ][gc] GC(65081) Pause Young (Allocation Failure) 107M->107M(119M) 50.968ms
[2020-08-10T13:17:05.312+0300][1964.853s][info ][gc] GC(65082) Pause Young (Allocation Failure) 108M->108M(119M) 16.735ms
[2020-08-10T13:17:05.330+0300][1964.871s][info ][gc] GC(65083) Pause Young (Allocation Failure) 109M->109M(119M) 16.863ms
[2020-08-10T13:17:05.347+0300][1964.888s][info ][gc] GC(65084) Pause Young (Allocation Failure) 110M->110M(119M) 16.735ms
[2020-08-10T13:17:05.364+0300][1964.906s][info ][gc] GC(65085) Pause Young (Allocation Failure) 111M->111M(119M) 16.925ms
[2020-08-10T13:17:05.382+0300][1964.923s][info ][gc] GC(65086) Pause Young (Allocation Failure) 112M->112M(119M) 16.999ms
[2020-08-10T13:17:05.399+0300][1964.941s][info ][gc] GC(65087) Pause Young (Allocation Failure) 113M->113M(119M) 17.170ms
[2020-08-10T13:17:05.417+0300][1964.958s][info ][gc] GC(65088) Pause Young (Allocation Failure) 114M->114M(119M) 17.196ms
[2020-08-10T13:17:05.435+0300][1964.976s][info ][gc] GC(65089) Pause Young (Allocation Failure) 115M->115M(119M) 17.143ms
[2020-08-10T13:17:05.468+0300][1965.009s][info ][gc] GC(65090) Pause Young (Allocation Failure) 116M->116M(119M) 33.000ms
[2020-08-10T13:17:05.496+0300][1965.037s][info ][gc] GC(65091) Pause Young (Allocation Failure) 117M->117M(118M) 26.989ms
[2020-08-10T13:17:05.906+0300][1965.447s][debug][gc] GC(65092) Expanding ParOldGen from 119808K by 11264K to 131072K
[2020-08-10T13:17:05.906+0300][1965.447s][info ][gc] GC(65092) Pause Full (Ergonomics) 117M->117M(129M) 410.409ms
[2020-08-10T13:17:05.951+0300][1965.492s][info ][gc] GC(65093) Pause Young (Allocation Failure) 117M->117M(130M) 44.026ms
[2020-08-10T13:17:05.978+0300][1965.520s][info ][gc] GC(65094) Pause Young (Allocation Failure) 118M->118M(130M) 27.247ms
[2020-08-10T13:17:06.001+0300][1965.543s][info ][gc] GC(65095) Pause Young (Allocation Failure) 118M->118M(130M) 22.533ms
[2020-08-10T13:17:06.017+0300][1965.559s][info ][gc] GC(65096) Pause Young (Allocation Failure) 119M->118M(130M) 15.327ms
[2020-08-10T13:17:06.036+0300][1965.577s][info ][gc] GC(65097) Pause Young (Allocation Failure) 119M->119M(130M) 17.932ms
[2020-08-10T13:17:06.051+0300][1965.593s][info ][gc] GC(65098) Pause Young (Allocation Failure) 119M->119M(130M) 15.188ms
[2020-08-10T13:17:06.070+0300][1965.611s][info ][gc] GC(65099) Pause Young (Allocation Failure) 120M->120M(130M) 17.820ms
[2020-08-10T13:17:06.094+0300][1965.635s][info ][gc] GC(65100) Pause Young (Allocation Failure) 120M->120M(130M) 23.755ms
[2020-08-10T13:17:06.127+0300][1965.668s][info ][gc] GC(65101) Pause Young (Allocation Failure) 121M->121M(130M) 32.696ms
[2020-08-10T13:17:06.146+0300][1965.688s][info ][gc] GC(65102) Pause Young (Allocation Failure) 121M->121M(130M) 19.504ms
[2020-08-10T13:17:06.165+0300][1965.706s][info ][gc] GC(65103) Pause Young (Allocation Failure) 122M->122M(130M) 17.831ms
[2020-08-10T13:17:06.187+0300][1965.728s][info ][gc] GC(65104) Pause Young (Allocation Failure) 122M->122M(130M) 21.591ms
[2020-08-10T13:17:06.207+0300][1965.748s][info ][gc] GC(65105) Pause Young (Allocation Failure) 123M->123M(130M) 19.987ms
[2020-08-10T13:17:06.227+0300][1965.769s][info ][gc] GC(65106) Pause Young (Allocation Failure) 123M->123M(130M) 20.046ms
[2020-08-10T13:17:06.243+0300][1965.785s][info ][gc] GC(65107) Pause Young (Allocation Failure) 124M->124M(130M) 15.638ms
[2020-08-10T13:17:06.270+0300][1965.811s][info ][gc] GC(65108) Pause Young (Allocation Failure) 124M->124M(130M) 26.559ms
[2020-08-10T13:17:06.286+0300][1965.827s][info ][gc] GC(65109) Pause Young (Allocation Failure) 125M->124M(129M) 15.644ms
[2020-08-10T13:17:06.302+0300][1965.843s][info ][gc] GC(65110) Pause Young (Allocation Failure) 125M->125M(129M) 15.613ms
[2020-08-10T13:17:06.318+0300][1965.859s][info ][gc] GC(65111) Pause Young (Allocation Failure) 125M->125M(129M) 15.633ms
[2020-08-10T13:17:06.340+0300][1965.881s][info ][gc] GC(65112) Pause Young (Allocation Failure) 126M->126M(129M) 21.857ms
[2020-08-10T13:17:06.356+0300][1965.897s][info ][gc] GC(65113) Pause Young (Allocation Failure) 126M->126M(129M) 15.454ms
[2020-08-10T13:17:06.372+0300][1965.913s][info ][gc] GC(65114) Pause Young (Allocation Failure) 127M->127M(129M) 15.462ms
[2020-08-10T13:17:06.390+0300][1965.931s][info ][gc] GC(65115) Pause Young (Allocation Failure) 127M->127M(129M) 17.816ms
[2020-08-10T13:17:06.839+0300][1966.380s][debug][gc] GC(65116) Expanding ParOldGen from 131072K by 10752K to 141824K
[2020-08-10T13:17:06.839+0300][1966.380s][info ][gc] GC(65116) Pause Full (Ergonomics) 127M->127M(140M) 449.034ms
[2020-08-10T13:17:06.865+0300][1966.407s][info ][gc] GC(65117) Pause Young (Allocation Failure) 127M->127M(140M) 25.978ms
[2020-08-10T13:17:06.882+0300][1966.423s][info ][gc] GC(65118) Pause Young (Allocation Failure) 128M->128M(140M) 15.972ms
[2020-08-10T13:17:06.903+0300][1966.444s][info ][gc] GC(65119) Pause Young (Allocation Failure) 128M->128M(140M) 20.648ms
[2020-08-10T13:17:06.918+0300][1966.460s][info ][gc] GC(65120) Pause Young (Allocation Failure) 129M->129M(140M) 15.435ms
[2020-08-10T13:17:06.951+0300][1966.493s][info ][gc] GC(65121) Pause Young (Allocation Failure) 129M->129M(140M) 32.579ms
[2020-08-10T13:17:06.967+0300][1966.509s][info ][gc] GC(65122) Pause Young (Allocation Failure) 130M->130M(140M) 15.699ms
[2020-08-10T13:17:06.987+0300][1966.527s][info ][gc] GC(65123) Pause Young (Allocation Failure) 130M->130M(140M) 18.102ms
[2020-08-10T13:17:07.003+0300][1966.543s][info ][gc] GC(65124) Pause Young (Allocation Failure) 131M->131M(140M) 15.820ms
[2020-08-10T13:17:07.019+0300][1966.560s][info ][gc] GC(65125) Pause Young (Allocation Failure) 131M->131M(140M) 15.856ms
[2020-08-10T13:17:07.035+0300][1966.576s][info ][gc] GC(65126) Pause Young (Allocation Failure) 132M->132M(140M) 15.661ms
[2020-08-10T13:17:07.063+0300][1966.603s][info ][gc] GC(65127) Pause Young (Allocation Failure) 132M->132M(140M) 27.333ms
[2020-08-10T13:17:07.094+0300][1966.634s][info ][gc] GC(65128) Pause Young (Allocation Failure) 133M->133M(140M) 30.261ms
[2020-08-10T13:17:07.130+0300][1966.670s][info ][gc] GC(65129) Pause Young (Allocation Failure) 133M->133M(140M) 35.592ms
[2020-08-10T13:17:07.166+0300][1966.706s][info ][gc] GC(65130) Pause Young (Allocation Failure) 133M->133M(140M) 35.866ms
[2020-08-10T13:17:07.183+0300][1966.723s][info ][gc] GC(65131) Pause Young (Allocation Failure) 134M->134M(140M) 16.437ms
[2020-08-10T13:17:07.212+0300][1966.752s][info ][gc] GC(65132) Pause Young (Allocation Failure) 134M->134M(140M) 28.553ms
[2020-08-10T13:17:07.236+0300][1966.776s][info ][gc] GC(65133) Pause Young (Allocation Failure) 135M->135M(140M) 23.164ms
[2020-08-10T13:17:07.252+0300][1966.793s][info ][gc] GC(65134) Pause Young (Allocation Failure) 135M->135M(140M) 16.205ms
[2020-08-10T13:17:07.253+0300][1966.793s][debug][gc] Expanding ParOldGen from 141824K by 19968K to 161792K
[2020-08-10T13:17:07.296+0300][1966.836s][info ][gc] GC(65135) Pause Young (Allocation Failure) 155M->154M(159M) 34.740ms
[2020-08-10T13:17:07.322+0300][1966.862s][info ][gc] GC(65136) Pause Young (Allocation Failure) 155M->155M(159M) 25.593ms
[2020-08-10T13:17:07.336+0300][1966.877s][info ][gc] GC(65137) Pause Young (Allocation Failure) 155M->155M(159M) 14.520ms
[2020-08-10T13:17:07.350+0300][1966.891s][info ][gc] GC(65138) Pause Young (Allocation Failure) 156M->156M(159M) 13.534ms
[2020-08-10T13:17:07.365+0300][1966.905s][info ][gc] GC(65139) Pause Young (Allocation Failure) 156M->156M(159M) 14.586ms
[2020-08-10T13:17:07.379+0300][1966.919s][info ][gc] GC(65140) Pause Young (Allocation Failure) 157M->157M(159M) 13.495ms
[2020-08-10T13:17:07.394+0300][1966.935s][info ][gc] GC(65141) Pause Young (Allocation Failure) 157M->157M(159M) 14.852ms
[2020-08-10T13:17:07.408+0300][1966.949s][info ][gc] GC(65142) Pause Young (Allocation Failure) 158M->158M(159M) 13.759ms
[2020-08-10T13:17:07.446+0300][1966.986s][debug][gc] GC(65143) Shrinking ParOldGen from 161792K by 125952K to 35840K
[2020-08-10T13:17:07.446+0300][1966.987s][info ][gc] GC(65143) Pause Full (Ergonomics) 158M->24M(36M) 37.832ms
[2020-08-10T13:17:07.460+0300][1967.000s][info ][gc] GC(65144) Pause Young (Allocation Failure) 24M->24M(36M) 13.277ms
[2020-08-10T13:17:07.474+0300][1967.014s][info ][gc] GC(65145) Pause Young (Allocation Failure) 25M->25M(36M) 13.528ms
[2020-08-10T13:17:07.487+0300][1967.028s][info ][gc] GC(65146) Pause Young (Allocation Failure) 25M->25M(36M) 13.317ms
[2020-08-10T13:17:07.501+0300][1967.041s][info ][gc] GC(65147) Pause Young (Allocation Failure) 26M->26M(36M) 13.363ms
[2020-08-10T13:17:07.515+0300][1967.055s][info ][gc] GC(65148) Pause Young (Allocation Failure) 26M->26M(36M) 13.226ms
[2020-08-10T13:17:07.528+0300][1967.069s][info ][gc] GC(65149) Pause Young (Allocation Failure) 27M->27M(36M) 13.188ms
[2020-08-10T13:17:07.542+0300][1967.082s][info ][gc] GC(65150) Pause Young (Allocation Failure) 27M->27M(36M) 13.380ms
[2020-08-10T13:17:07.556+0300][1967.096s][info ][gc] GC(65151) Pause Young (Allocation Failure) 28M->27M(36M) 13.555ms
[2020-08-10T13:17:07.581+0300][1967.122s][info ][gc] GC(65152) Pause Young (Allocation Failure) 28M->28M(36M) 24.953ms
[2020-08-10T13:17:07.596+0300][1967.136s][info ][gc] GC(65153) Pause Young (Allocation Failure) 28M->28M(36M) 14.270ms
[2020-08-10T13:17:07.610+0300][1967.150s][info ][gc] GC(65154) Pause Young (Allocation Failure) 29M->29M(36M) 13.309ms
[2020-08-10T13:17:07.624+0300][1967.164s][info ][gc] GC(65155) Pause Young (Allocation Failure) 29M->29M(36M) 13.542ms
[2020-08-10T13:17:07.638+0300][1967.178s][info ][gc] GC(65156) Pause Young (Allocation Failure) 30M->30M(36M) 13.678ms
[2020-08-10T13:17:07.652+0300][1967.192s][info ][gc] GC(65157) Pause Young (Allocation Failure) 30M->30M(36M) 13.480ms
[2020-08-10T13:17:07.666+0300][1967.206s][info ][gc] GC(65158) Pause Young (Allocation Failure) 31M->31M(36M) 13.568ms
[2020-08-10T13:17:07.680+0300][1967.220s][info ][gc] GC(65159) Pause Young (Allocation Failure) 32M->32M(36M) 13.436ms
[2020-08-10T13:17:07.693+0300][1967.234s][info ][gc] GC(65160) Pause Young (Allocation Failure) 33M->33M(37M) 13.435ms
[2020-08-10T13:17:07.708+0300][1967.248s][info ][gc] GC(65161) Pause Young (Allocation Failure) 34M->33M(37M) 13.703ms
[2020-08-10T13:17:07.722+0300][1967.262s][info ][gc] GC(65162) Pause Young (Allocation Failure) 34M->34M(37M) 13.835ms
[2020-08-10T13:17:07.736+0300][1967.277s][info ][gc] GC(65163) Pause Young (Allocation Failure) 35M->35M(37M) 13.847ms
[2020-08-10T13:17:07.816+0300][1967.356s][debug][gc] GC(65164) Expanding ParOldGen from 35840K by 11264K to 47104K
[2020-08-10T13:17:07.816+0300][1967.356s][info ][gc] GC(65164) Pause Full (Ergonomics) 35M->35M(48M) 79.268ms
[2020-08-10T13:17:07.834+0300][1967.375s][info ][gc] GC(65165) Pause Young (Allocation Failure) 36M->36M(48M) 18.170ms
[2020-08-10T13:17:07.856+0300][1967.396s][info ][gc] GC(65166) Pause Young (Allocation Failure) 37M->37M(48M) 21.205ms
[2020-08-10T13:17:07.882+0300][1967.422s][info ][gc] GC(65167) Pause Young (Allocation Failure) 38M->38M(48M) 25.350ms
[2020-08-10T13:17:07.897+0300][1967.437s][info ][gc] GC(65168) Pause Young (Allocation Failure) 39M->39M(48M) 14.155ms
[2020-08-10T13:17:07.925+0300][1967.465s][info ][gc] GC(65169) Pause Young (Allocation Failure) 40M->40M(48M) 27.252ms
[2020-08-10T13:17:07.939+0300][1967.479s][info ][gc] GC(65170) Pause Young (Allocation Failure) 41M->41M(48M) 13.956ms
[2020-08-10T13:17:07.953+0300][1967.494s][info ][gc] GC(65171) Pause Young (Allocation Failure) 42M->42M(48M) 14.019ms
[2020-08-10T13:17:07.970+0300][1967.510s][info ][gc] GC(65172) Pause Young (Allocation Failure) 43M->43M(48M) 16.438ms
[2020-08-10T13:17:07.984+0300][1967.525s][info ][gc] GC(65173) Pause Young (Allocation Failure) 44M->44M(48M) 13.889ms
[2020-08-10T13:17:07.999+0300][1967.539s][info ][gc] GC(65174) Pause Young (Allocation Failure) 45M->45M(48M) 14.050ms
[2020-08-10T13:17:08.013+0300][1967.553s][info ][gc] GC(65175) Pause Young (Allocation Failure) 46M->46M(48M) 13.855ms
[2020-08-10T13:17:08.159+0300][1967.699s][debug][gc] GC(65176) Expanding ParOldGen from 47104K by 11776K to 58880K
[2020-08-10T13:17:08.159+0300][1967.699s][info ][gc] GC(65176) Pause Full (Ergonomics) 46M->45M(60M) 145.557ms
[2020-08-10T13:17:08.175+0300][1967.716s][info ][gc] GC(65177) Pause Young (Allocation Failure) 46M->46M(60M) 15.905ms
[2020-08-10T13:17:08.196+0300][1967.737s][info ][gc] GC(65178) Pause Young (Allocation Failure) 47M->47M(60M) 20.464ms
[2020-08-10T13:17:08.213+0300][1967.753s][info ][gc] GC(65179) Pause Young (Allocation Failure) 48M->48M(60M) 16.099ms
[2020-08-10T13:17:08.227+0300][1967.767s][info ][gc] GC(65180) Pause Young (Allocation Failure) 49M->49M(60M) 13.834ms
[2020-08-10T13:17:08.241+0300][1967.782s][info ][gc] GC(65181) Pause Young (Allocation Failure) 50M->50M(60M) 13.904ms
[2020-08-10T13:17:08.265+0300][1967.806s][info ][gc] GC(65182) Pause Young (Allocation Failure) 51M->51M(60M) 23.362ms
[2020-08-10T13:17:08.279+0300][1967.820s][info ][gc] GC(65183) Pause Young (Allocation Failure) 52M->52M(60M) 13.778ms
[2020-08-10T13:17:08.298+0300][1967.838s][info ][gc] GC(65184) Pause Young (Allocation Failure) 53M->53M(60M) 18.185ms
[2020-08-10T13:17:08.313+0300][1967.853s][info ][gc] GC(65185) Pause Young (Allocation Failure) 54M->54M(60M) 13.880ms
[2020-08-10T13:17:08.327+0300][1967.867s][info ][gc] GC(65186) Pause Young (Allocation Failure) 55M->55M(60M) 14.094ms
[2020-08-10T13:17:08.342+0300][1967.882s][info ][gc] GC(65187) Pause Young (Allocation Failure) 56M->56M(60M) 14.211ms
[2020-08-10T13:17:08.366+0300][1967.906s][info ][gc] GC(65188) Pause Young (Allocation Failure) 57M->57M(60M) 23.319ms
[2020-08-10T13:17:08.512+0300][1968.052s][debug][gc] GC(65189) Expanding ParOldGen from 58880K by 11264K to 70144K
[2020-08-10T13:17:08.512+0300][1968.052s][info ][gc] GC(65189) Pause Full (Ergonomics) 57M->57M(71M) 145.872ms
[2020-08-10T13:17:08.527+0300][1968.067s][info ][gc] GC(65190) Pause Young (Allocation Failure) 58M->58M(71M) 14.426ms
[2020-08-10T13:17:08.541+0300][1968.082s][info ][gc] GC(65191) Pause Young (Allocation Failure) 59M->59M(71M) 14.075ms
[2020-08-10T13:17:08.556+0300][1968.096s][info ][gc] GC(65192) Pause Young (Allocation Failure) 60M->60M(71M) 14.012ms
[2020-08-10T13:17:08.570+0300][1968.111s][info ][gc] GC(65193) Pause Young (Allocation Failure) 61M->61M(71M) 14.097ms
[2020-08-10T13:17:08.585+0300][1968.125s][info ][gc] GC(65194) Pause Young (Allocation Failure) 62M->61M(71M) 14.190ms
[2020-08-10T13:17:08.599+0300][1968.140s][info ][gc] GC(65195) Pause Young (Allocation Failure) 62M->62M(71M) 14.138ms
[2020-08-10T13:17:08.614+0300][1968.154s][info ][gc] GC(65196) Pause Young (Allocation Failure) 63M->63M(71M) 13.903ms
[2020-08-10T13:17:08.628+0300][1968.168s][info ][gc] GC(65197) Pause Young (Allocation Failure) 64M->64M(71M) 13.899ms
[2020-08-10T13:17:08.642+0300][1968.183s][info ][gc] GC(65198) Pause Young (Allocation Failure) 65M->65M(71M) 13.895ms
[2020-08-10T13:17:08.657+0300][1968.197s][info ][gc] GC(65199) Pause Young (Allocation Failure) 66M->66M(71M) 13.809ms
[2020-08-10T13:17:08.671+0300][1968.212s][info ][gc] GC(65200) Pause Young (Allocation Failure) 67M->67M(71M) 14.001ms
[2020-08-10T13:17:08.686+0300][1968.226s][info ][gc] GC(65201) Pause Young (Allocation Failure) 68M->68M(71M) 14.036ms
[2020-08-10T13:17:08.873+0300][1968.413s][debug][gc] GC(65202) Expanding ParOldGen from 70144K by 11264K to 81408K
[2020-08-10T13:17:08.873+0300][1968.413s][info ][gc] GC(65202) Pause Full (Ergonomics) 68M->68M(82M) 186.946ms
[2020-08-10T13:17:08.907+0300][1968.448s][info ][gc] GC(65203) Pause Young (Allocation Failure) 69M->69M(82M) 33.886ms
[2020-08-10T13:17:08.922+0300][1968.463s][info ][gc] GC(65204) Pause Young (Allocation Failure) 70M->70M(82M) 14.504ms
[2020-08-10T13:17:08.937+0300][1968.477s][info ][gc] GC(65205) Pause Young (Allocation Failure) 71M->71M(82M) 14.163ms
[2020-08-10T13:17:08.953+0300][1968.494s][info ][gc] GC(65206) Pause Young (Allocation Failure) 72M->72M(82M) 15.996ms
[2020-08-10T13:17:08.977+0300][1968.517s][info ][gc] GC(65207) Pause Young (Allocation Failure) 73M->73M(82M) 22.953ms
[2020-08-10T13:17:08.991+0300][1968.532s][info ][gc] GC(65208) Pause Young (Allocation Failure) 74M->74M(82M) 14.214ms
[2020-08-10T13:17:09.006+0300][1968.546s][info ][gc] GC(65209) Pause Young (Allocation Failure) 75M->75M(82M) 14.156ms
[2020-08-10T13:17:09.021+0300][1968.561s][info ][gc] GC(65210) Pause Young (Allocation Failure) 76M->76M(82M) 14.156ms
[2020-08-10T13:17:09.035+0300][1968.576s][info ][gc] GC(65211) Pause Young (Allocation Failure) 77M->77M(82M) 14.195ms
[2020-08-10T13:17:09.050+0300][1968.590s][info ][gc] GC(65212) Pause Young (Allocation Failure) 78M->78M(82M) 13.962ms
[2020-08-10T13:17:09.064+0300][1968.605s][info ][gc] GC(65213) Pause Young (Allocation Failure) 79M->79M(82M) 14.101ms
[2020-08-10T13:17:09.095+0300][1968.636s][info ][gc] GC(65214) Pause Young (Allocation Failure) 80M->79M(82M) 30.426ms
[2020-08-10T13:17:09.325+0300][1968.865s][debug][gc] GC(65215) Expanding ParOldGen from 81408K by 11776K to 93184K
[2020-08-10T13:17:09.325+0300][1968.865s][info ][gc] GC(65215) Pause Full (Ergonomics) 79M->79M(93M) 229.370ms
[2020-08-10T13:17:09.365+0300][1968.905s][info ][gc] GC(65216) Pause Young (Allocation Failure) 80M->80M(93M) 39.554ms
[2020-08-10T13:17:09.380+0300][1968.920s][info ][gc] GC(65217) Pause Young (Allocation Failure) 81M->81M(93M) 14.328ms
[2020-08-10T13:17:09.396+0300][1968.936s][info ][gc] GC(65218) Pause Young (Allocation Failure) 82M->82M(93M) 15.057ms
[2020-08-10T13:17:09.422+0300][1968.962s][info ][gc] GC(65219) Pause Young (Allocation Failure) 83M->83M(93M) 26.032ms
[2020-08-10T13:17:09.448+0300][1968.989s][info ][gc] GC(65220) Pause Young (Allocation Failure) 84M->84M(93M) 25.681ms
[2020-08-10T13:17:09.463+0300][1969.004s][info ][gc] GC(65221) Pause Young (Allocation Failure) 85M->85M(93M) 14.471ms
[2020-08-10T13:17:09.478+0300][1969.019s][info ][gc] GC(65222) Pause Young (Allocation Failure) 86M->86M(93M) 14.714ms
[2020-08-10T13:17:09.515+0300][1969.055s][info ][gc] GC(65223) Pause Young (Allocation Failure) 87M->87M(93M) 35.695ms
[2020-08-10T13:17:09.530+0300][1969.071s][info ][gc] GC(65224) Pause Young (Allocation Failure) 88M->88M(93M) 14.910ms
[2020-08-10T13:17:09.566+0300][1969.106s][info ][gc] GC(65225) Pause Young (Allocation Failure) 89M->89M(93M) 34.599ms
[2020-08-10T13:17:09.581+0300][1969.122s][info ][gc] GC(65226) Pause Young (Allocation Failure) 90M->90M(93M) 14.950ms
[2020-08-10T13:17:09.598+0300][1969.139s][info ][gc] GC(65227) Pause Young (Allocation Failure) 91M->91M(93M) 16.605ms
[2020-08-10T13:17:09.828+0300][1969.368s][debug][gc] GC(65228) Expanding ParOldGen from 93184K by 11264K to 104448K
[2020-08-10T13:17:09.828+0300][1969.368s][info ][gc] GC(65228) Pause Full (Ergonomics) 91M->91M(104M) 229.177ms
[2020-08-10T13:17:09.862+0300][1969.403s][info ][gc] GC(65229) Pause Young (Allocation Failure) 92M->92M(104M) 33.800ms
[2020-08-10T13:17:09.878+0300][1969.418s][info ][gc] GC(65230) Pause Young (Allocation Failure) 93M->93M(104M) 15.119ms
[2020-08-10T13:17:09.893+0300][1969.434s][info ][gc] GC(65231) Pause Young (Allocation Failure) 94M->93M(104M) 15.180ms
[2020-08-10T13:17:09.909+0300][1969.450s][info ][gc] GC(65232) Pause Young (Allocation Failure) 94M->94M(104M) 15.614ms
[2020-08-10T13:17:09.925+0300][1969.466s][info ][gc] GC(65233) Pause Young (Allocation Failure) 95M->95M(104M) 15.460ms
[2020-08-10T13:17:09.941+0300][1969.482s][info ][gc] GC(65234) Pause Young (Allocation Failure) 96M->96M(104M) 15.618ms
[2020-08-10T13:17:09.957+0300][1969.498s][info ][gc] GC(65235) Pause Young (Allocation Failure) 97M->97M(104M) 15.438ms
[2020-08-10T13:17:09.974+0300][1969.514s][info ][gc] GC(65236) Pause Young (Allocation Failure) 98M->98M(104M) 15.792ms
[2020-08-10T13:17:09.990+0300][1969.531s][info ][gc] GC(65237) Pause Young (Allocation Failure) 99M->99M(104M) 16.342ms
[2020-08-10T13:17:10.007+0300][1969.548s][info ][gc] GC(65238) Pause Young (Allocation Failure) 100M->100M(103M) 16.385ms
[2020-08-10T13:17:10.023+0300][1969.563s][info ][gc] GC(65239) Pause Young (Allocation Failure) 101M->101M(104M) 14.792ms
[2020-08-10T13:17:10.039+0300][1969.580s][info ][gc] GC(65240) Pause Young (Allocation Failure) 102M->102M(104M) 16.025ms
[2020-08-10T13:17:10.295+0300][1969.835s][debug][gc] GC(65241) Expanding ParOldGen from 104448K by 11776K to 116224K
[2020-08-10T13:17:10.295+0300][1969.835s][info ][gc] GC(65241) Pause Full (Ergonomics) 102M->102M(116M) 255.233ms
[2020-08-10T13:17:10.353+0300][1969.893s][info ][gc] GC(65242) Pause Young (Allocation Failure) 103M->103M(116M) 57.306ms
[2020-08-10T13:17:10.370+0300][1969.910s][info ][gc] GC(65243) Pause Young (Allocation Failure) 104M->104M(116M) 16.597ms
[2020-08-10T13:17:10.387+0300][1969.928s][info ][gc] GC(65244) Pause Young (Allocation Failure) 105M->105M(116M) 16.655ms
[2020-08-10T13:17:10.405+0300][1969.945s][info ][gc] GC(65245) Pause Young (Allocation Failure) 106M->106M(116M) 16.765ms
[2020-08-10T13:17:10.422+0300][1969.962s][info ][gc] GC(65246) Pause Young (Allocation Failure) 107M->107M(116M) 16.811ms
[2020-08-10T13:17:10.439+0300][1969.980s][info ][gc] GC(65247) Pause Young (Allocation Failure) 108M->108M(116M) 16.752ms
[2020-08-10T13:17:10.457+0300][1969.997s][info ][gc] GC(65248) Pause Young (Allocation Failure) 109M->109M(116M) 16.811ms
[2020-08-10T13:17:10.474+0300][1970.015s][info ][gc] GC(65249) Pause Young (Allocation Failure) 110M->110M(116M) 17.064ms
[2020-08-10T13:17:10.492+0300][1970.033s][info ][gc] GC(65250) Pause Young (Allocation Failure) 111M->110M(116M) 17.252ms
[2020-08-10T13:17:10.510+0300][1970.050s][info ][gc] GC(65251) Pause Young (Allocation Failure) 111M->111M(116M) 17.056ms
[2020-08-10T13:17:10.527+0300][1970.068s][info ][gc] GC(65252) Pause Young (Allocation Failure) 112M->112M(116M) 16.862ms
[2020-08-10T13:17:10.548+0300][1970.088s][info ][gc] GC(65253) Pause Young (Allocation Failure) 113M->113M(116M) 20.374ms
[2020-08-10T13:17:10.886+0300][1970.427s][debug][gc] GC(65254) Expanding ParOldGen from 116224K by 11264K to 127488K
[2020-08-10T13:17:10.886+0300][1970.427s][info ][gc] GC(65254) Pause Full (Ergonomics) 113M->113M(127M) 338.449ms
[2020-08-10T13:17:10.919+0300][1970.459s][info ][gc] GC(65255) Pause Young (Allocation Failure) 114M->114M(127M) 31.615ms
[2020-08-10T13:17:10.937+0300][1970.478s][info ][gc] GC(65256) Pause Young (Allocation Failure) 115M->115M(127M) 18.108ms
[2020-08-10T13:17:10.955+0300][1970.496s][info ][gc] GC(65257) Pause Young (Allocation Failure) 116M->116M(127M) 17.700ms
[2020-08-10T13:17:10.974+0300][1970.515s][info ][gc] GC(65258) Pause Young (Allocation Failure) 117M->117M(127M) 18.183ms
[2020-08-10T13:17:10.992+0300][1970.533s][info ][gc] GC(65259) Pause Young (Allocation Failure) 118M->118M(127M) 17.696ms
[2020-08-10T13:17:11.011+0300][1970.551s][info ][gc] GC(65260) Pause Young (Allocation Failure) 119M->119M(127M) 17.998ms
[2020-08-10T13:17:11.029+0300][1970.570s][info ][gc] GC(65261) Pause Young (Allocation Failure) 120M->120M(127M) 17.904ms
[2020-08-10T13:17:11.047+0300][1970.588s][info ][gc] GC(65262) Pause Young (Allocation Failure) 121M->121M(127M) 17.981ms
[2020-08-10T13:17:11.093+0300][1970.634s][info ][gc] GC(65263) Pause Young (Allocation Failure) 122M->122M(127M) 44.684ms
[2020-08-10T13:17:11.113+0300][1970.654s][info ][gc] GC(65264) Pause Young (Allocation Failure) 123M->123M(127M) 19.791ms
[2020-08-10T13:17:11.155+0300][1970.696s][info ][gc] GC(65265) Pause Young (Allocation Failure) 124M->124M(127M) 41.214ms
[2020-08-10T13:17:11.174+0300][1970.714s][info ][gc] GC(65266) Pause Young (Allocation Failure) 125M->125M(127M) 18.464ms
[2020-08-10T13:17:11.657+0300][1971.197s][debug][gc] GC(65267) Expanding ParOldGen from 127488K by 11264K to 138752K
[2020-08-10T13:17:11.657+0300][1971.198s][info ][gc] GC(65267) Pause Full (Ergonomics) 125M->124M(138M) 483.135ms
[2020-08-10T13:17:11.692+0300][1971.232s][info ][gc] GC(65268) Pause Young (Allocation Failure) 125M->125M(138M) 34.190ms
[2020-08-10T13:17:11.711+0300][1971.251s][info ][gc] GC(65269) Pause Young (Allocation Failure) 126M->126M(138M) 18.594ms
[2020-08-10T13:17:11.730+0300][1971.270s][info ][gc] GC(65270) Pause Young (Allocation Failure) 127M->127M(138M) 18.587ms
[2020-08-10T13:17:11.749+0300][1971.290s][info ][gc] GC(65271) Pause Young (Allocation Failure) 128M->128M(138M) 18.749ms
[2020-08-10T13:17:11.770+0300][1971.311s][info ][gc] GC(65272) Pause Young (Allocation Failure) 129M->129M(138M) 20.817ms
[2020-08-10T13:17:11.809+0300][1971.350s][info ][gc] GC(65273) Pause Young (Allocation Failure) 130M->130M(138M) 38.392ms
[2020-08-10T13:17:11.834+0300][1971.374s][info ][gc] GC(65274) Pause Young (Allocation Failure) 131M->131M(138M) 24.331ms
[2020-08-10T13:17:11.855+0300][1971.395s][info ][gc] GC(65275) Pause Young (Allocation Failure) 132M->132M(138M) 20.610ms
[2020-08-10T13:17:11.903+0300][1971.444s][info ][gc] GC(65276) Pause Young (Allocation Failure) 133M->133M(138M) 47.842ms
[2020-08-10T13:17:11.929+0300][1971.469s][info ][gc] GC(65277) Pause Young (Allocation Failure) 134M->134M(138M) 25.303ms
[2020-08-10T13:17:11.958+0300][1971.498s][info ][gc] GC(65278) Pause Young (Allocation Failure) 135M->135M(138M) 28.280ms
[2020-08-10T13:17:12.465+0300][1972.006s][debug][gc] GC(65279) Expanding ParOldGen from 138752K by 11264K to 150016K
[2020-08-10T13:17:12.465+0300][1972.006s][info ][gc] GC(65279) Pause Full (Ergonomics) 135M->135M(149M) 507.786ms
[2020-08-10T13:17:12.466+0300][1972.006s][debug][gc] Expanding ParOldGen from 150016K by 19968K to 169984K
[2020-08-10T13:17:12.542+0300][1972.082s][info ][gc] GC(65280) Pause Young (Allocation Failure) 155M->155M(168M) 60.627ms
[2020-08-10T13:17:12.571+0300][1972.112s][info ][gc] GC(65281) Pause Young (Allocation Failure) 156M->156M(168M) 28.917ms
[2020-08-10T13:17:12.604+0300][1972.145s][info ][gc] GC(65282) Pause Young (Allocation Failure) 157M->157M(168M) 32.459ms
[2020-08-10T13:17:12.632+0300][1972.173s][info ][gc] GC(65283) Pause Young (Allocation Failure) 158M->158M(168M) 27.377ms
[2020-08-10T13:17:12.664+0300][1972.204s][info ][gc] GC(65284) Pause Young (Allocation Failure) 159M->159M(168M) 30.880ms
[2020-08-10T13:17:12.696+0300][1972.237s][info ][gc] GC(65285) Pause Young (Allocation Failure) 160M->160M(168M) 31.881ms
[2020-08-10T13:17:12.729+0300][1972.269s][info ][gc] GC(65286) Pause Young (Allocation Failure) 161M->161M(168M) 32.143ms
[2020-08-10T13:17:12.757+0300][1972.298s][info ][gc] GC(65287) Pause Young (Allocation Failure) 162M->162M(168M) 27.593ms
[2020-08-10T13:17:12.785+0300][1972.326s][info ][gc] GC(65288) Pause Young (Allocation Failure) 163M->163M(168M) 27.761ms
[2020-08-10T13:17:12.818+0300][1972.359s][info ][gc] GC(65289) Pause Young (Allocation Failure) 164M->164M(168M) 32.623ms
[2020-08-10T13:17:12.853+0300][1972.394s][info ][gc] GC(65290) Pause Young (Allocation Failure) 165M->164M(168M) 34.066ms
[2020-08-10T13:17:12.881+0300][1972.422s][info ][gc] GC(65291) Pause Young (Allocation Failure) 165M->165M(168M) 27.503ms
[2020-08-10T13:17:12.923+0300][1972.463s][info ][gc] GC(65292) Pause Young (Allocation Failure) 166M->166M(168M) 41.209ms
[2020-08-10T13:17:13.086+0300][1972.627s][debug][gc] GC(65293) Shrinking ParOldGen from 169984K by 124416K to 45568K
[2020-08-10T13:17:13.086+0300][1972.627s][info ][gc] GC(65293) Pause Full (Ergonomics) 166M->33M(47M) 163.475ms
[2020-08-10T13:17:13.118+0300][1972.658s][info ][gc] GC(65294) Pause Young (Allocation Failure) 34M->34M(47M) 30.970ms
[2020-08-10T13:17:13.132+0300][1972.673s][info ][gc] GC(65295) Pause Young (Allocation Failure) 35M->34M(47M) 13.844ms
[2020-08-10T13:17:13.147+0300][1972.687s][info ][gc] GC(65296) Pause Young (Allocation Failure) 35M->35M(47M) 14.207ms
[2020-08-10T13:17:13.161+0300][1972.702s][info ][gc] GC(65297) Pause Young (Allocation Failure) 36M->36M(47M) 13.795ms
[2020-08-10T13:17:13.175+0300][1972.716s][info ][gc] GC(65298) Pause Young (Allocation Failure) 37M->37M(47M) 13.770ms
[2020-08-10T13:17:13.189+0300][1972.730s][info ][gc] GC(65299) Pause Young (Allocation Failure) 38M->38M(47M) 13.627ms
[2020-08-10T13:17:13.204+0300][1972.744s][info ][gc] GC(65300) Pause Young (Allocation Failure) 39M->39M(47M) 14.013ms
[2020-08-10T13:17:13.218+0300][1972.759s][info ][gc] GC(65301) Pause Young (Allocation Failure) 40M->40M(47M) 13.994ms
[2020-08-10T13:17:13.233+0300][1972.774s][info ][gc] GC(65302) Pause Young (Allocation Failure) 41M->41M(47M) 13.900ms
[2020-08-10T13:17:13.247+0300][1972.788s][info ][gc] GC(65303) Pause Young (Allocation Failure) 42M->42M(47M) 13.976ms
[2020-08-10T13:17:13.262+0300][1972.803s][info ][gc] GC(65304) Pause Young (Allocation Failure) 43M->43M(47M) 14.181ms
[2020-08-10T13:17:13.277+0300][1972.817s][info ][gc] GC(65305) Pause Young (Allocation Failure) 44M->44M(47M) 13.918ms
[2020-08-10T13:17:13.394+0300][1972.935s][debug][gc] GC(65306) Expanding ParOldGen from 45568K by 11264K to 56832K
[2020-08-10T13:17:13.395+0300][1972.935s][info ][gc] GC(65306) Pause Full (Ergonomics) 44M->44M(58M) 117.759ms
[2020-08-10T13:17:13.408+0300][1972.949s][info ][gc] GC(65307) Pause Young (Allocation Failure) 45M->45M(58M) 13.340ms
[2020-08-10T13:17:13.423+0300][1972.963s][info ][gc] GC(65308) Pause Young (Allocation Failure) 46M->46M(58M) 13.841ms
[2020-08-10T13:17:13.437+0300][1972.978s][info ][gc] GC(65309) Pause Young (Allocation Failure) 47M->47M(58M) 13.843ms
[2020-08-10T13:17:13.452+0300][1972.992s][info ][gc] GC(65310) Pause Young (Allocation Failure) 48M->48M(58M) 14.046ms
[2020-08-10T13:17:13.466+0300][1973.007s][info ][gc] GC(65311) Pause Young (Allocation Failure) 49M->49M(58M) 13.910ms
[2020-08-10T13:17:13.481+0300][1973.021s][info ][gc] GC(65312) Pause Young (Allocation Failure) 50M->50M(57M) 14.248ms
[2020-08-10T13:17:13.495+0300][1973.036s][info ][gc] GC(65313) Pause Young (Allocation Failure) 51M->51M(57M) 14.026ms
[2020-08-10T13:17:13.510+0300][1973.051s][info ][gc] GC(65314) Pause Young (Allocation Failure) 52M->52M(57M) 14.124ms
[2020-08-10T13:17:13.525+0300][1973.065s][info ][gc] GC(65315) Pause Young (Allocation Failure) 53M->52M(57M) 13.977ms
[2020-08-10T13:17:13.539+0300][1973.080s][info ][gc] GC(65316) Pause Young (Allocation Failure) 53M->53M(57M) 14.022ms
[2020-08-10T13:17:13.554+0300][1973.095s][info ][gc] GC(65317) Pause Young (Allocation Failure) 54M->54M(57M) 14.129ms
[2020-08-10T13:17:13.568+0300][1973.109s][info ][gc] GC(65318) Pause Young (Allocation Failure) 55M->55M(57M) 13.816ms
[2020-08-10T13:17:13.680+0300][1973.221s][debug][gc] GC(65319) Expanding ParOldGen from 56832K by 11264K to 68096K
[2020-08-10T13:17:13.681+0300][1973.221s][info ][gc] GC(65319) Pause Full (Ergonomics) 55M->55M(68M) 112.139ms
[2020-08-10T13:17:13.705+0300][1973.246s][info ][gc] GC(65320) Pause Young (Allocation Failure) 56M->56M(68M) 24.125ms
[2020-08-10T13:17:13.720+0300][1973.260s][info ][gc] GC(65321) Pause Young (Allocation Failure) 57M->57M(68M) 14.036ms
[2020-08-10T13:17:13.734+0300][1973.274s][info ][gc] GC(65322) Pause Young (Allocation Failure) 58M->58M(68M) 13.908ms
[2020-08-10T13:17:13.748+0300][1973.289s][info ][gc] GC(65323) Pause Young (Allocation Failure) 59M->59M(68M) 14.063ms
[2020-08-10T13:17:13.763+0300][1973.304s][info ][gc] GC(65324) Pause Young (Allocation Failure) 60M->60M(68M) 14.181ms
[2020-08-10T13:17:13.778+0300][1973.318s][info ][gc] GC(65325) Pause Young (Allocation Failure) 61M->61M(68M) 14.115ms
[2020-08-10T13:17:13.792+0300][1973.333s][info ][gc] GC(65326) Pause Young (Allocation Failure) 62M->62M(68M) 14.263ms
[2020-08-10T13:17:13.807+0300][1973.348s][info ][gc] GC(65327) Pause Young (Allocation Failure) 63M->63M(68M) 14.109ms
[2020-08-10T13:17:13.822+0300][1973.362s][info ][gc] GC(65328) Pause Young (Allocation Failure) 64M->64M(68M) 14.134ms
[2020-08-10T13:17:13.836+0300][1973.377s][info ][gc] GC(65329) Pause Young (Allocation Failure) 65M->65M(68M) 14.142ms
[2020-08-10T13:17:13.851+0300][1973.392s][info ][gc] GC(65330) Pause Young (Allocation Failure) 66M->66M(68M) 14.005ms
[2020-08-10T13:17:13.866+0300][1973.406s][info ][gc] GC(65331) Pause Young (Allocation Failure) 67M->67M(68M) 14.081ms
[2020-08-10T13:17:14.017+0300][1973.557s][debug][gc] GC(65332) Expanding ParOldGen from 68096K by 11264K to 79360K
[2020-08-10T13:17:14.017+0300][1973.557s][info ][gc] GC(65332) Pause Full (Ergonomics) 67M->66M(79M) 150.994ms
[2020-08-10T13:17:14.046+0300][1973.587s][info ][gc] GC(65333) Pause Young (Allocation Failure) 67M->67M(79M) 28.993ms
[2020-08-10T13:17:14.061+0300][1973.602s][info ][gc] GC(65334) Pause Young (Allocation Failure) 68M->68M(79M) 14.347ms
[2020-08-10T13:17:14.076+0300][1973.617s][info ][gc] GC(65335) Pause Young (Allocation Failure) 69M->69M(79M) 14.333ms
[2020-08-10T13:17:14.091+0300][1973.632s][info ][gc] GC(65336) Pause Young (Allocation Failure) 70M->70M(79M) 14.306ms
[2020-08-10T13:17:14.106+0300][1973.646s][info ][gc] GC(65337) Pause Young (Allocation Failure) 71M->71M(79M) 14.127ms
[2020-08-10T13:17:14.126+0300][1973.667s][info ][gc] GC(65338) Pause Young (Allocation Failure) 72M->72M(79M) 19.574ms
[2020-08-10T13:17:14.141+0300][1973.681s][info ][gc] GC(65339) Pause Young (Allocation Failure) 73M->73M(79M) 14.172ms
[2020-08-10T13:17:14.156+0300][1973.696s][info ][gc] GC(65340) Pause Young (Allocation Failure) 74M->74M(79M) 14.324ms
[2020-08-10T13:17:14.170+0300][1973.711s][info ][gc] GC(65341) Pause Young (Allocation Failure) 75M->75M(79M) 14.328ms
[2020-08-10T13:17:14.185+0300][1973.726s][info ][gc] GC(65342) Pause Young (Allocation Failure) 76M->76M(79M) 14.270ms
[2020-08-10T13:17:14.200+0300][1973.741s][info ][gc] GC(65343) Pause Young (Allocation Failure) 77M->77M(79M) 14.083ms
[2020-08-10T13:17:14.410+0300][1973.950s][debug][gc] GC(65344) Expanding ParOldGen from 79360K by 11264K to 90624K
[2020-08-10T13:17:14.410+0300][1973.950s][info ][gc] GC(65344) Pause Full (Ergonomics) 77M->77M(90M) 209.749ms
[2020-08-10T13:17:14.424+0300][1973.965s][info ][gc] GC(65345) Pause Young (Allocation Failure) 78M->78M(90M) 13.757ms
[2020-08-10T13:17:14.448+0300][1973.989s][info ][gc] GC(65346) Pause Young (Allocation Failure) 79M->79M(90M) 23.622ms
[2020-08-10T13:17:14.463+0300][1974.003s][info ][gc] GC(65347) Pause Young (Allocation Failure) 80M->80M(90M) 14.113ms
[2020-08-10T13:17:14.477+0300][1974.018s][info ][gc] GC(65348) Pause Young (Allocation Failure) 81M->81M(90M) 14.004ms
[2020-08-10T13:17:14.492+0300][1974.033s][info ][gc] GC(65349) Pause Young (Allocation Failure) 82M->82M(90M) 14.471ms
[2020-08-10T13:17:14.507+0300][1974.048s][info ][gc] GC(65350) Pause Young (Allocation Failure) 83M->83M(90M) 14.237ms
[2020-08-10T13:17:14.522+0300][1974.062s][info ][gc] GC(65351) Pause Young (Allocation Failure) 84M->83M(90M) 14.093ms
[2020-08-10T13:17:14.536+0300][1974.077s][info ][gc] GC(65352) Pause Young (Allocation Failure) 84M->84M(90M) 14.186ms
[2020-08-10T13:17:14.551+0300][1974.092s][info ][gc] GC(65353) Pause Young (Allocation Failure) 85M->85M(90M) 14.452ms
[2020-08-10T13:17:14.566+0300][1974.107s][info ][gc] GC(65354) Pause Young (Allocation Failure) 86M->86M(90M) 14.416ms
[2020-08-10T13:17:14.597+0300][1974.138s][info ][gc] GC(65355) Pause Young (Allocation Failure) 87M->87M(90M) 30.235ms
[2020-08-10T13:17:14.612+0300][1974.153s][info ][gc] GC(65356) Pause Young (Allocation Failure) 88M->88M(90M) 14.621ms
[2020-08-10T13:17:14.840+0300][1974.381s][debug][gc] GC(65357) Expanding ParOldGen from 90624K by 11264K to 101888K
[2020-08-10T13:17:14.840+0300][1974.381s][info ][gc] GC(65357) Pause Full (Ergonomics) 88M->88M(101M) 228.155ms
[2020-08-10T13:17:14.884+0300][1974.424s][info ][gc] GC(65358) Pause Young (Allocation Failure) 89M->89M(101M) 42.712ms
[2020-08-10T13:17:14.900+0300][1974.440s][info ][gc] GC(65359) Pause Young (Allocation Failure) 90M->90M(101M) 15.414ms
[2020-08-10T13:17:14.915+0300][1974.456s][info ][gc] GC(65360) Pause Young (Allocation Failure) 91M->91M(101M) 15.005ms
[2020-08-10T13:17:14.933+0300][1974.474s][info ][gc] GC(65361) Pause Young (Allocation Failure) 92M->92M(101M) 17.525ms
[2020-08-10T13:17:14.949+0300][1974.489s][info ][gc] GC(65362) Pause Young (Allocation Failure) 93M->93M(101M) 15.368ms
[2020-08-10T13:17:14.965+0300][1974.505s][info ][gc] GC(65363) Pause Young (Allocation Failure) 94M->94M(101M) 15.417ms
[2020-08-10T13:17:14.981+0300][1974.522s][info ][gc] GC(65364) Pause Young (Allocation Failure) 95M->95M(101M) 15.774ms
[2020-08-10T13:17:14.997+0300][1974.538s][info ][gc] GC(65365) Pause Young (Allocation Failure) 96M->96M(101M) 15.678ms
[2020-08-10T13:17:15.014+0300][1974.554s][info ][gc] GC(65366) Pause Young (Allocation Failure) 97M->97M(101M) 15.835ms
[2020-08-10T13:17:15.030+0300][1974.571s][info ][gc] GC(65367) Pause Young (Allocation Failure) 98M->98M(101M) 15.985ms
[2020-08-10T13:17:15.046+0300][1974.587s][info ][gc] GC(65368) Pause Young (Allocation Failure) 99M->99M(101M) 15.705ms
[2020-08-10T13:17:15.063+0300][1974.603s][info ][gc] GC(65369) Pause Young (Allocation Failure) 100M->100M(101M) 15.949ms
[2020-08-10T13:17:15.393+0300][1974.934s][debug][gc] GC(65370) Expanding ParOldGen from 101888K by 11776K to 113664K
[2020-08-10T13:17:15.394+0300][1974.934s][info ][gc] GC(65370) Pause Full (Ergonomics) 100M->99M(113M) 330.749ms
[2020-08-10T13:17:15.433+0300][1974.973s][info ][gc] GC(65371) Pause Young (Allocation Failure) 100M->100M(112M) 38.586ms
[2020-08-10T13:17:15.450+0300][1974.991s][info ][gc] GC(65372) Pause Young (Allocation Failure) 101M->101M(113M) 16.850ms
[2020-08-10T13:17:15.465+0300][1975.005s][info ][gc] GC(65373) Pause Young (Allocation Failure) 101M->101M(113M) 13.978ms
[2020-08-10T13:17:15.479+0300][1975.020s][info ][gc] GC(65374) Pause Young (Allocation Failure) 102M->102M(113M) 14.021ms
[2020-08-10T13:17:15.494+0300][1975.035s][info ][gc] GC(65375) Pause Young (Allocation Failure) 102M->102M(113M) 14.048ms
[2020-08-10T13:17:15.508+0300][1975.049s][info ][gc] GC(65376) Pause Young (Allocation Failure) 103M->103M(113M) 14.079ms
[2020-08-10T13:17:15.523+0300][1975.064s][info ][gc] GC(65377) Pause Young (Allocation Failure) 103M->103M(113M) 14.046ms
[2020-08-10T13:17:15.538+0300][1975.078s][info ][gc] GC(65378) Pause Young (Allocation Failure) 104M->104M(113M) 14.207ms
[2020-08-10T13:17:15.552+0300][1975.093s][info ][gc] GC(65379) Pause Young (Allocation Failure) 104M->104M(113M) 13.959ms
[2020-08-10T13:17:15.567+0300][1975.107s][info ][gc] GC(65380) Pause Young (Allocation Failure) 104M->104M(113M) 14.107ms
[2020-08-10T13:17:15.587+0300][1975.127s][info ][gc] GC(65381) Pause Young (Allocation Failure) 105M->105M(113M) 19.627ms
[2020-08-10T13:17:15.601+0300][1975.142s][info ][gc] GC(65382) Pause Young (Allocation Failure) 105M->105M(113M) 13.908ms
[2020-08-10T13:17:15.615+0300][1975.156s][info ][gc] GC(65383) Pause Young (Allocation Failure) 106M->106M(113M) 13.970ms
[2020-08-10T13:17:15.652+0300][1975.193s][info ][gc] GC(65384) Pause Young (Allocation Failure) 106M->106M(113M) 36.644ms
[2020-08-10T13:17:15.667+0300][1975.208s][info ][gc] GC(65385) Pause Young (Allocation Failure) 107M->107M(113M) 13.937ms
[2020-08-10T13:17:15.681+0300][1975.222s][info ][gc] GC(65386) Pause Young (Allocation Failure) 107M->107M(113M) 13.949ms
[2020-08-10T13:17:15.695+0300][1975.236s][info ][gc] GC(65387) Pause Young (Allocation Failure) 108M->108M(113M) 13.900ms
[2020-08-10T13:17:15.710+0300][1975.250s][info ][gc] GC(65388) Pause Young (Allocation Failure) 108M->108M(112M) 14.106ms
[2020-08-10T13:17:15.724+0300][1975.265s][info ][gc] GC(65389) Pause Young (Allocation Failure) 109M->109M(112M) 14.045ms
[2020-08-10T13:17:15.739+0300][1975.280s][info ][gc] GC(65390) Pause Young (Allocation Failure) 109M->109M(112M) 14.030ms
[2020-08-10T13:17:15.753+0300][1975.294s][info ][gc] GC(65391) Pause Young (Allocation Failure) 110M->110M(112M) 14.006ms
[2020-08-10T13:17:15.768+0300][1975.308s][info ][gc] GC(65392) Pause Young (Allocation Failure) 110M->110M(112M) 13.851ms
[2020-08-10T13:17:15.782+0300][1975.323s][info ][gc] GC(65393) Pause Young (Allocation Failure) 110M->110M(112M) 14.064ms
[2020-08-10T13:17:16.128+0300][1975.668s][debug][gc] GC(65394) Expanding ParOldGen from 113664K by 11264K to 124928K
[2020-08-10T13:17:16.128+0300][1975.669s][info ][gc] GC(65394) Pause Full (Ergonomics) 110M->110M(123M) 345.623ms
[2020-08-10T13:17:16.142+0300][1975.682s][info ][gc] GC(65395) Pause Young (Allocation Failure) 111M->111M(123M) 13.381ms
[2020-08-10T13:17:16.156+0300][1975.697s][info ][gc] GC(65396) Pause Young (Allocation Failure) 111M->111M(123M) 14.018ms
[2020-08-10T13:17:16.170+0300][1975.711s][info ][gc] GC(65397) Pause Young (Allocation Failure) 112M->112M(123M) 13.694ms
[2020-08-10T13:17:16.184+0300][1975.725s][info ][gc] GC(65398) Pause Young (Allocation Failure) 112M->112M(123M) 13.829ms
[2020-08-10T13:17:16.198+0300][1975.739s][info ][gc] GC(65399) Pause Young (Allocation Failure) 113M->113M(123M) 13.931ms
[2020-08-10T13:17:16.229+0300][1975.770s][info ][gc] GC(65400) Pause Young (Allocation Failure) 113M->113M(123M) 30.699ms
[2020-08-10T13:17:16.261+0300][1975.802s][info ][gc] GC(65401) Pause Young (Allocation Failure) 114M->114M(123M) 30.967ms
[2020-08-10T13:17:16.275+0300][1975.816s][info ][gc] GC(65402) Pause Young (Allocation Failure) 114M->114M(123M) 14.066ms
[2020-08-10T13:17:16.290+0300][1975.831s][info ][gc] GC(65403) Pause Young (Allocation Failure) 114M->114M(123M) 14.169ms
[2020-08-10T13:17:16.305+0300][1975.846s][info ][gc] GC(65404) Pause Young (Allocation Failure) 115M->115M(123M) 14.215ms
[2020-08-10T13:17:16.319+0300][1975.860s][info ][gc] GC(65405) Pause Young (Allocation Failure) 115M->115M(123M) 14.093ms
[2020-08-10T13:17:16.334+0300][1975.875s][info ][gc] GC(65406) Pause Young (Allocation Failure) 116M->116M(123M) 14.245ms
[2020-08-10T13:17:16.349+0300][1975.890s][info ][gc] GC(65407) Pause Young (Allocation Failure) 116M->116M(123M) 14.450ms
[2020-08-10T13:17:16.364+0300][1975.904s][info ][gc] GC(65408) Pause Young (Allocation Failure) 117M->117M(123M) 14.276ms
[2020-08-10T13:17:16.379+0300][1975.919s][info ][gc] GC(65409) Pause Young (Allocation Failure) 117M->117M(123M) 14.457ms
[2020-08-10T13:17:16.393+0300][1975.934s][info ][gc] GC(65410) Pause Young (Allocation Failure) 118M->118M(123M) 14.521ms
[2020-08-10T13:17:16.408+0300][1975.949s][info ][gc] GC(65411) Pause Young (Allocation Failure) 118M->118M(123M) 14.368ms
[2020-08-10T13:17:16.423+0300][1975.964s][info ][gc] GC(65412) Pause Young (Allocation Failure) 119M->119M(123M) 14.502ms
[2020-08-10T13:17:16.438+0300][1975.979s][info ][gc] GC(65413) Pause Young (Allocation Failure) 119M->119M(123M) 14.554ms
[2020-08-10T13:17:16.453+0300][1975.994s][info ][gc] GC(65414) Pause Young (Allocation Failure) 120M->120M(123M) 14.671ms
[2020-08-10T13:17:16.468+0300][1976.009s][info ][gc] GC(65415) Pause Young (Allocation Failure) 120M->120M(123M) 14.442ms
[2020-08-10T13:17:16.483+0300][1976.024s][info ][gc] GC(65416) Pause Young (Allocation Failure) 120M->120M(123M) 14.465ms
[2020-08-10T13:17:16.499+0300][1976.039s][info ][gc] GC(65417) Pause Young (Allocation Failure) 121M->121M(123M) 14.800ms
[2020-08-10T13:17:16.514+0300][1976.054s][info ][gc] GC(65418) Pause Young (Allocation Failure) 121M->121M(123M) 14.525ms
[2020-08-10T13:17:16.529+0300][1976.070s][info ][gc] GC(65419) Pause Young (Allocation Failure) 122M->122M(123M) 14.882ms
[2020-08-10T13:17:16.905+0300][1976.446s][debug][gc] GC(65420) Expanding ParOldGen from 124928K by 10752K to 135680K
[2020-08-10T13:17:16.905+0300][1976.446s][info ][gc] GC(65420) Pause Full (Ergonomics) 122M->122M(134M) 376.170ms
[2020-08-10T13:17:16.937+0300][1976.478s][info ][gc] GC(65421) Pause Young (Allocation Failure) 122M->122M(134M) 31.737ms
[2020-08-10T13:17:16.953+0300][1976.494s][info ][gc] GC(65422) Pause Young (Allocation Failure) 123M->123M(134M) 15.265ms
[2020-08-10T13:17:16.990+0300][1976.531s][info ][gc] GC(65423) Pause Young (Allocation Failure) 123M->123M(134M) 36.445ms
[2020-08-10T13:17:17.006+0300][1976.547s][info ][gc] GC(65424) Pause Young (Allocation Failure) 123M->123M(134M) 15.855ms
[2020-08-10T13:17:17.022+0300][1976.563s][info ][gc] GC(65425) Pause Young (Allocation Failure) 124M->124M(134M) 15.485ms
[2020-08-10T13:17:17.040+0300][1976.581s][info ][gc] GC(65426) Pause Young (Allocation Failure) 124M->124M(134M) 17.456ms
[2020-08-10T13:17:17.080+0300][1976.621s][info ][gc] GC(65427) Pause Young (Allocation Failure) 125M->125M(134M) 38.986ms
[2020-08-10T13:17:17.096+0300][1976.637s][info ][gc] GC(65428) Pause Young (Allocation Failure) 125M->125M(134M) 15.835ms
[2020-08-10T13:17:17.112+0300][1976.653s][info ][gc] GC(65429) Pause Young (Allocation Failure) 126M->126M(134M) 15.677ms
[2020-08-10T13:17:17.130+0300][1976.671s][info ][gc] GC(65430) Pause Young (Allocation Failure) 126M->126M(134M) 17.678ms
[2020-08-10T13:17:17.146+0300][1976.687s][info ][gc] GC(65431) Pause Young (Allocation Failure) 127M->127M(134M) 15.407ms
[2020-08-10T13:17:17.178+0300][1976.719s][info ][gc] GC(65432) Pause Young (Allocation Failure) 127M->127M(134M) 31.979ms
[2020-08-10T13:17:17.202+0300][1976.743s][info ][gc] GC(65433) Pause Young (Allocation Failure) 128M->128M(134M) 23.680ms
[2020-08-10T13:17:17.219+0300][1976.759s][info ][gc] GC(65434) Pause Young (Allocation Failure) 128M->128M(134M) 15.923ms
[2020-08-10T13:17:17.244+0300][1976.785s][info ][gc] GC(65435) Pause Young (Allocation Failure) 128M->128M(134M) 25.447ms
[2020-08-10T13:17:17.277+0300][1976.818s][info ][gc] GC(65436) Pause Young (Allocation Failure) 129M->129M(134M) 32.868ms
[2020-08-10T13:17:17.297+0300][1976.838s][info ][gc] GC(65437) Pause Young (Allocation Failure) 129M->129M(134M) 19.218ms
[2020-08-10T13:17:17.333+0300][1976.874s][info ][gc] GC(65438) Pause Young (Allocation Failure) 130M->130M(134M) 35.557ms
[2020-08-10T13:17:17.350+0300][1976.890s][info ][gc] GC(65439) Pause Young (Allocation Failure) 130M->130M(134M) 15.998ms
[2020-08-10T13:17:17.366+0300][1976.907s][info ][gc] GC(65440) Pause Young (Allocation Failure) 131M->131M(134M) 15.838ms
[2020-08-10T13:17:17.391+0300][1976.932s][info ][gc] GC(65441) Pause Young (Allocation Failure) 131M->131M(134M) 24.556ms
[2020-08-10T13:17:17.407+0300][1976.948s][info ][gc] GC(65442) Pause Young (Allocation Failure) 132M->132M(134M) 15.867ms
[2020-08-10T13:17:17.423+0300][1976.964s][info ][gc] GC(65443) Pause Young (Allocation Failure) 132M->132M(134M) 15.952ms
[2020-08-10T13:17:17.951+0300][1977.492s][debug][gc] GC(65444) Expanding ParOldGen from 135680K by 10752K to 146432K
[2020-08-10T13:17:17.952+0300][1977.492s][info ][gc] GC(65444) Pause Full (Ergonomics) 132M->132M(144M) 528.108ms
[2020-08-10T13:17:17.967+0300][1977.508s][info ][gc] GC(65445) Pause Young (Allocation Failure) 132M->132M(144M) 15.021ms
[2020-08-10T13:17:17.984+0300][1977.525s][info ][gc] GC(65446) Pause Young (Allocation Failure) 133M->133M(144M) 16.964ms
[2020-08-10T13:17:18.000+0300][1977.541s][info ][gc] GC(65447) Pause Young (Allocation Failure) 133M->133M(144M) 15.734ms
[2020-08-10T13:17:18.017+0300][1977.557s][info ][gc] GC(65448) Pause Young (Allocation Failure) 134M->134M(144M) 15.940ms
[2020-08-10T13:17:18.033+0300][1977.574s][info ][gc] GC(65449) Pause Young (Allocation Failure) 134M->134M(144M) 16.036ms
[2020-08-10T13:17:18.050+0300][1977.591s][info ][gc] GC(65450) Pause Young (Allocation Failure) 135M->135M(144M) 16.042ms
[2020-08-10T13:17:18.066+0300][1977.607s][info ][gc] GC(65451) Pause Young (Allocation Failure) 135M->135M(144M) 15.713ms
[2020-08-10T13:17:18.066+0300][1977.607s][debug][gc] Expanding ParOldGen from 146432K by 19968K to 166400K
[2020-08-10T13:17:18.090+0300][1977.631s][info ][gc] GC(65452) Pause Young (Allocation Failure) 155M->154M(164M) 15.006ms
[2020-08-10T13:17:18.104+0300][1977.645s][info ][gc] GC(65453) Pause Young (Allocation Failure) 155M->155M(164M) 13.705ms
[2020-08-10T13:17:18.117+0300][1977.658s][info ][gc] GC(65454) Pause Young (Allocation Failure) 155M->155M(164M) 13.267ms
[2020-08-10T13:17:18.131+0300][1977.672s][info ][gc] GC(65455) Pause Young (Allocation Failure) 156M->156M(164M) 13.381ms
[2020-08-10T13:17:18.151+0300][1977.692s][info ][gc] GC(65456) Pause Young (Allocation Failure) 156M->156M(164M) 19.810ms
[2020-08-10T13:17:18.165+0300][1977.706s][info ][gc] GC(65457) Pause Young (Allocation Failure) 157M->157M(164M) 13.749ms
[2020-08-10T13:17:18.194+0300][1977.735s][info ][gc] GC(65458) Pause Young (Allocation Failure) 157M->157M(164M) 28.011ms
[2020-08-10T13:17:18.213+0300][1977.754s][info ][gc] GC(65459) Pause Young (Allocation Failure) 158M->157M(164M) 18.658ms
[2020-08-10T13:17:18.227+0300][1977.768s][info ][gc] GC(65460) Pause Young (Allocation Failure) 158M->158M(164M) 13.643ms
[2020-08-10T13:17:18.241+0300][1977.782s][info ][gc] GC(65461) Pause Young (Allocation Failure) 158M->158M(164M) 14.186ms
[2020-08-10T13:17:18.257+0300][1977.797s][info ][gc] GC(65462) Pause Young (Allocation Failure) 159M->159M(164M) 15.002ms
[2020-08-10T13:17:18.270+0300][1977.811s][info ][gc] GC(65463) Pause Young (Allocation Failure) 159M->159M(164M) 13.371ms
[2020-08-10T13:17:18.284+0300][1977.825s][info ][gc] GC(65464) Pause Young (Allocation Failure) 160M->160M(164M) 13.362ms
[2020-08-10T13:17:18.298+0300][1977.839s][info ][gc] GC(65465) Pause Young (Allocation Failure) 160M->160M(164M) 13.408ms
[2020-08-10T13:17:18.311+0300][1977.852s][info ][gc] GC(65466) Pause Young (Allocation Failure) 161M->161M(164M) 13.435ms
[2020-08-10T13:17:18.326+0300][1977.866s][info ][gc] GC(65467) Pause Young (Allocation Failure) 162M->162M(164M) 13.789ms
[2020-08-10T13:17:18.340+0300][1977.880s][info ][gc] GC(65468) Pause Young (Allocation Failure) 163M->163M(164M) 13.629ms
[2020-08-10T13:17:18.400+0300][1977.941s][debug][gc] GC(65469) Shrinking ParOldGen from 166400K by 125440K to 40960K
[2020-08-10T13:17:18.400+0300][1977.941s][info ][gc] GC(65469) Pause Full (Ergonomics) 163M->29M(42M) 60.352ms
[2020-08-10T13:17:18.414+0300][1977.955s][info ][gc] GC(65470) Pause Young (Allocation Failure) 30M->30M(41M) 13.330ms
[2020-08-10T13:17:18.428+0300][1977.969s][info ][gc] GC(65471) Pause Young (Allocation Failure) 30M->30M(42M) 13.619ms
[2020-08-10T13:17:18.442+0300][1977.982s][info ][gc] GC(65472) Pause Young (Allocation Failure) 31M->31M(42M) 13.318ms
[2020-08-10T13:17:18.455+0300][1977.996s][info ][gc] GC(65473) Pause Young (Allocation Failure) 31M->31M(41M) 13.570ms
[2020-08-10T13:17:18.469+0300][1978.010s][info ][gc] GC(65474) Pause Young (Allocation Failure) 32M->32M(41M) 13.570ms
[2020-08-10T13:17:18.484+0300][1978.024s][info ][gc] GC(65475) Pause Young (Allocation Failure) 32M->32M(41M) 13.729ms
[2020-08-10T13:17:18.497+0300][1978.038s][info ][gc] GC(65476) Pause Young (Allocation Failure) 33M->32M(41M) 13.409ms
[2020-08-10T13:17:18.512+0300][1978.052s][info ][gc] GC(65477) Pause Young (Allocation Failure) 33M->33M(41M) 13.513ms
[2020-08-10T13:17:18.526+0300][1978.066s][info ][gc] GC(65478) Pause Young (Allocation Failure) 33M->33M(41M) 13.590ms
[2020-08-10T13:17:18.540+0300][1978.081s][info ][gc] GC(65479) Pause Young (Allocation Failure) 34M->34M(41M) 13.571ms
[2020-08-10T13:17:18.554+0300][1978.094s][info ][gc] GC(65480) Pause Young (Allocation Failure) 34M->34M(41M) 13.395ms
[2020-08-10T13:17:18.567+0300][1978.108s][info ][gc] GC(65481) Pause Young (Allocation Failure) 35M->35M(41M) 13.573ms
[2020-08-10T13:17:18.600+0300][1978.141s][info ][gc] GC(65482) Pause Young (Allocation Failure) 35M->35M(41M) 31.786ms
[2020-08-10T13:17:18.613+0300][1978.154s][info ][gc] GC(65483) Pause Young (Allocation Failure) 36M->36M(41M) 13.335ms
[2020-08-10T13:17:18.635+0300][1978.176s][info ][gc] GC(65484) Pause Young (Allocation Failure) 36M->36M(41M) 21.771ms
[2020-08-10T13:17:18.650+0300][1978.191s][info ][gc] GC(65485) Pause Young (Allocation Failure) 37M->37M(41M) 13.611ms
[2020-08-10T13:17:18.664+0300][1978.205s][info ][gc] GC(65486) Pause Young (Allocation Failure) 37M->37M(41M) 13.733ms
[2020-08-10T13:17:18.677+0300][1978.218s][info ][gc] GC(65487) Pause Young (Allocation Failure) 38M->38M(41M) 13.260ms
[2020-08-10T13:17:18.691+0300][1978.232s][info ][gc] GC(65488) Pause Young (Allocation Failure) 38M->38M(41M) 13.290ms
[2020-08-10T13:17:18.705+0300][1978.246s][info ][gc] GC(65489) Pause Young (Allocation Failure) 39M->38M(41M) 13.360ms
[2020-08-10T13:17:18.719+0300][1978.260s][info ][gc] GC(65490) Pause Young (Allocation Failure) 39M->39M(41M) 13.187ms
[2020-08-10T13:17:18.733+0300][1978.274s][info ][gc] GC(65491) Pause Young (Allocation Failure) 39M->39M(41M) 13.434ms
[2020-08-10T13:17:18.747+0300][1978.287s][info ][gc] GC(65492) Pause Young (Allocation Failure) 40M->40M(41M) 13.300ms
[2020-08-10T13:17:18.836+0300][1978.377s][debug][gc] GC(65493) Expanding ParOldGen from 40960K by 10752K to 51712K
[2020-08-10T13:17:18.836+0300][1978.377s][info ][gc] GC(65493) Pause Full (Ergonomics) 40M->40M(52M) 89.378ms
[2020-08-10T13:17:18.855+0300][1978.396s][info ][gc] GC(65494) Pause Young (Allocation Failure) 40M->40M(52M) 18.366ms
[2020-08-10T13:17:18.868+0300][1978.409s][info ][gc] GC(65495) Pause Young (Allocation Failure) 41M->41M(52M) 13.473ms
[2020-08-10T13:17:18.882+0300][1978.423s][info ][gc] GC(65496) Pause Young (Allocation Failure) 41M->41M(52M) 13.397ms
[2020-08-10T13:17:18.896+0300][1978.437s][info ][gc] GC(65497) Pause Young (Allocation Failure) 42M->42M(52M) 13.680ms
[2020-08-10T13:17:18.910+0300][1978.451s][info ][gc] GC(65498) Pause Young (Allocation Failure) 42M->42M(52M) 13.376ms
[2020-08-10T13:17:18.924+0300][1978.465s][info ][gc] GC(65499) Pause Young (Allocation Failure) 42M->42M(52M) 13.503ms
[2020-08-10T13:17:18.939+0300][1978.480s][info ][gc] GC(65500) Pause Young (Allocation Failure) 43M->43M(52M) 14.923ms
[2020-08-10T13:17:18.953+0300][1978.494s][info ][gc] GC(65501) Pause Young (Allocation Failure) 43M->43M(52M) 13.499ms
[2020-08-10T13:17:18.967+0300][1978.508s][info ][gc] GC(65502) Pause Young (Allocation Failure) 44M->44M(52M) 13.478ms
[2020-08-10T13:17:18.981+0300][1978.521s][info ][gc] GC(65503) Pause Young (Allocation Failure) 44M->44M(52M) 13.356ms
[2020-08-10T13:17:18.994+0300][1978.535s][info ][gc] GC(65504) Pause Young (Allocation Failure) 45M->45M(52M) 13.375ms
[2020-08-10T13:17:19.008+0300][1978.549s][info ][gc] GC(65505) Pause Young (Allocation Failure) 45M->45M(52M) 13.355ms
[2020-08-10T13:17:19.022+0300][1978.562s][info ][gc] GC(65506) Pause Young (Allocation Failure) 46M->46M(52M) 13.307ms
[2020-08-10T13:17:19.035+0300][1978.576s][info ][gc] GC(65507) Pause Young (Allocation Failure) 46M->46M(52M) 13.575ms
[2020-08-10T13:17:19.049+0300][1978.590s][info ][gc] GC(65508) Pause Young (Allocation Failure) 47M->46M(52M) 13.496ms
[2020-08-10T13:17:19.063+0300][1978.604s][info ][gc] GC(65509) Pause Young (Allocation Failure) 47M->47M(52M) 13.299ms
[2020-08-10T13:17:19.077+0300][1978.618s][info ][gc] GC(65510) Pause Young (Allocation Failure) 47M->47M(52M) 13.676ms
[2020-08-10T13:17:19.091+0300][1978.632s][info ][gc] GC(65511) Pause Young (Allocation Failure) 48M->48M(52M) 13.621ms
[2020-08-10T13:17:19.106+0300][1978.647s][info ][gc] GC(65512) Pause Young (Allocation Failure) 48M->48M(52M) 14.315ms
[2020-08-10T13:17:19.120+0300][1978.661s][info ][gc] GC(65513) Pause Young (Allocation Failure) 49M->49M(52M) 13.461ms
[2020-08-10T13:17:19.134+0300][1978.675s][info ][gc] GC(65514) Pause Young (Allocation Failure) 50M->50M(52M) 13.608ms
[2020-08-10T13:17:19.148+0300][1978.689s][info ][gc] GC(65515) Pause Young (Allocation Failure) 51M->51M(52M) 13.858ms
[2020-08-10T13:17:19.257+0300][1978.798s][debug][gc] GC(65516) Expanding ParOldGen from 51712K by 10752K to 62464K
[2020-08-10T13:17:19.257+0300][1978.798s][info ][gc] GC(65516) Pause Full (Ergonomics) 51M->50M(63M) 108.672ms
[2020-08-10T13:17:19.279+0300][1978.820s][info ][gc] GC(65517) Pause Young (Allocation Failure) 51M->51M(63M) 21.700ms
[2020-08-10T13:17:19.293+0300][1978.834s][info ][gc] GC(65518) Pause Young (Allocation Failure) 52M->52M(63M) 14.153ms
[2020-08-10T13:17:19.308+0300][1978.849s][info ][gc] GC(65519) Pause Young (Allocation Failure) 53M->53M(63M) 14.111ms
[2020-08-10T13:17:19.323+0300][1978.864s][info ][gc] GC(65520) Pause Young (Allocation Failure) 54M->54M(63M) 14.046ms
[2020-08-10T13:17:19.337+0300][1978.878s][info ][gc] GC(65521) Pause Young (Allocation Failure) 55M->55M(63M) 13.864ms
[2020-08-10T13:17:19.361+0300][1978.902s][info ][gc] GC(65522) Pause Young (Allocation Failure) 56M->56M(63M) 23.050ms
[2020-08-10T13:17:19.376+0300][1978.916s][info ][gc] GC(65523) Pause Young (Allocation Failure) 57M->57M(63M) 14.126ms
[2020-08-10T13:17:19.390+0300][1978.931s][info ][gc] GC(65524) Pause Young (Allocation Failure) 58M->58M(63M) 14.238ms
[2020-08-10T13:17:19.405+0300][1978.946s][info ][gc] GC(65525) Pause Young (Allocation Failure) 59M->59M(63M) 14.135ms
[2020-08-10T13:17:19.420+0300][1978.961s][info ][gc] GC(65526) Pause Young (Allocation Failure) 60M->60M(63M) 14.180ms
[2020-08-10T13:17:19.434+0300][1978.975s][info ][gc] GC(65527) Pause Young (Allocation Failure) 61M->61M(63M) 14.188ms
[2020-08-10T13:17:19.603+0300][1979.144s][debug][gc] GC(65528) Expanding ParOldGen from 62464K by 11264K to 73728K
[2020-08-10T13:17:19.603+0300][1979.144s][info ][gc] GC(65528) Pause Full (Ergonomics) 61M->61M(74M) 168.111ms
[2020-08-10T13:17:19.632+0300][1979.173s][info ][gc] GC(65529) Pause Young (Allocation Failure) 62M->62M(74M) 29.204ms
[2020-08-10T13:17:19.656+0300][1979.197s][info ][gc] GC(65530) Pause Young (Allocation Failure) 63M->63M(74M) 23.118ms
[2020-08-10T13:17:19.671+0300][1979.212s][info ][gc] GC(65531) Pause Young (Allocation Failure) 64M->63M(74M) 13.906ms
[2020-08-10T13:17:19.685+0300][1979.226s][info ][gc] GC(65532) Pause Young (Allocation Failure) 64M->64M(74M) 14.133ms
[2020-08-10T13:17:19.700+0300][1979.241s][info ][gc] GC(65533) Pause Young (Allocation Failure) 65M->65M(74M) 13.937ms
[2020-08-10T13:17:19.714+0300][1979.255s][info ][gc] GC(65534) Pause Young (Allocation Failure) 66M->66M(74M) 14.006ms
[2020-08-10T13:17:19.728+0300][1979.269s][info ][gc] GC(65535) Pause Young (Allocation Failure) 67M->67M(74M) 13.930ms
[2020-08-10T13:17:19.743+0300][1979.284s][info ][gc] GC(65536) Pause Young (Allocation Failure) 68M->68M(74M) 13.901ms
[2020-08-10T13:17:19.757+0300][1979.298s][info ][gc] GC(65537) Pause Young (Allocation Failure) 69M->69M(74M) 14.271ms
[2020-08-10T13:17:19.772+0300][1979.313s][info ][gc] GC(65538) Pause Young (Allocation Failure) 70M->70M(74M) 14.133ms
[2020-08-10T13:17:19.787+0300][1979.328s][info ][gc] GC(65539) Pause Young (Allocation Failure) 71M->71M(74M) 14.485ms
[2020-08-10T13:17:19.802+0300][1979.343s][info ][gc] GC(65540) Pause Young (Allocation Failure) 72M->72M(74M) 14.492ms
[2020-08-10T13:17:20.014+0300][1979.554s][debug][gc] GC(65541) Expanding ParOldGen from 73728K by 11776K to 85504K
[2020-08-10T13:17:20.014+0300][1979.555s][info ][gc] GC(65541) Pause Full (Ergonomics) 72M->72M(86M) 211.511ms
[2020-08-10T13:17:20.054+0300][1979.595s][info ][gc] GC(65542) Pause Young (Allocation Failure) 73M->73M(86M) 39.806ms
[2020-08-10T13:17:20.069+0300][1979.610s][info ][gc] GC(65543) Pause Young (Allocation Failure) 74M->74M(86M) 14.563ms
[2020-08-10T13:17:20.084+0300][1979.625s][info ][gc] GC(65544) Pause Young (Allocation Failure) 75M->75M(86M) 14.366ms
[2020-08-10T13:17:20.099+0300][1979.640s][info ][gc] GC(65545) Pause Young (Allocation Failure) 76M->76M(86M) 14.488ms
[2020-08-10T13:17:20.114+0300][1979.655s][info ][gc] GC(65546) Pause Young (Allocation Failure) 77M->76M(86M) 14.535ms
[2020-08-10T13:17:20.129+0300][1979.670s][info ][gc] GC(65547) Pause Young (Allocation Failure) 77M->77M(86M) 14.405ms
[2020-08-10T13:17:20.144+0300][1979.685s][info ][gc] GC(65548) Pause Young (Allocation Failure) 78M->78M(86M) 14.488ms
[2020-08-10T13:17:20.159+0300][1979.700s][info ][gc] GC(65549) Pause Young (Allocation Failure) 79M->79M(86M) 14.323ms
[2020-08-10T13:17:20.174+0300][1979.715s][info ][gc] GC(65550) Pause Young (Allocation Failure) 80M->80M(86M) 14.148ms
[2020-08-10T13:17:20.189+0300][1979.730s][info ][gc] GC(65551) Pause Young (Allocation Failure) 81M->81M(86M) 14.242ms
[2020-08-10T13:17:20.204+0300][1979.744s][info ][gc] GC(65552) Pause Young (Allocation Failure) 82M->82M(86M) 14.488ms
[2020-08-10T13:17:20.218+0300][1979.759s][info ][gc] GC(65553) Pause Young (Allocation Failure) 83M->83M(86M) 14.288ms
[2020-08-10T13:17:20.463+0300][1980.004s][debug][gc] GC(65554) Expanding ParOldGen from 85504K by 11776K to 97280K
[2020-08-10T13:17:20.463+0300][1980.004s][info ][gc] GC(65554) Pause Full (Ergonomics) 83M->83M(97M) 244.475ms
[2020-08-10T13:17:20.477+0300][1980.018s][info ][gc] GC(65555) Pause Young (Allocation Failure) 84M->84M(97M) 13.725ms
[2020-08-10T13:17:20.492+0300][1980.033s][info ][gc] GC(65556) Pause Young (Allocation Failure) 85M->85M(97M) 14.444ms
[2020-08-10T13:17:20.507+0300][1980.048s][info ][gc] GC(65557) Pause Young (Allocation Failure) 86M->86M(97M) 14.128ms
[2020-08-10T13:17:20.522+0300][1980.063s][info ][gc] GC(65558) Pause Young (Allocation Failure) 87M->87M(97M) 14.455ms
[2020-08-10T13:17:20.537+0300][1980.078s][info ][gc] GC(65559) Pause Young (Allocation Failure) 88M->88M(97M) 14.729ms
[2020-08-10T13:17:20.553+0300][1980.094s][info ][gc] GC(65560) Pause Young (Allocation Failure) 89M->89M(97M) 14.744ms
[2020-08-10T13:17:20.568+0300][1980.109s][info ][gc] GC(65561) Pause Young (Allocation Failure) 90M->89M(97M) 14.653ms
[2020-08-10T13:17:20.583+0300][1980.124s][info ][gc] GC(65562) Pause Young (Allocation Failure) 90M->90M(97M) 14.389ms
[2020-08-10T13:17:20.598+0300][1980.139s][info ][gc] GC(65563) Pause Young (Allocation Failure) 91M->91M(97M) 14.719ms
[2020-08-10T13:17:20.618+0300][1980.159s][info ][gc] GC(65564) Pause Young (Allocation Failure) 92M->92M(97M) 19.422ms
[2020-08-10T13:17:20.633+0300][1980.174s][info ][gc] GC(65565) Pause Young (Allocation Failure) 93M->93M(97M) 14.936ms
[2020-08-10T13:17:20.649+0300][1980.190s][info ][gc] GC(65566) Pause Young (Allocation Failure) 94M->94M(97M) 14.986ms
[2020-08-10T13:17:20.664+0300][1980.205s][info ][gc] GC(65567) Pause Young (Allocation Failure) 95M->95M(97M) 15.224ms
[2020-08-10T13:17:20.971+0300][1980.512s][debug][gc] GC(65568) Expanding ParOldGen from 97280K by 11776K to 109056K
[2020-08-10T13:17:20.971+0300][1980.512s][info ][gc] GC(65568) Pause Full (Ergonomics) 95M->95M(109M) 306.715ms
[2020-08-10T13:17:21.022+0300][1980.563s][info ][gc] GC(65569) Pause Young (Allocation Failure) 96M->96M(109M) 50.441ms
[2020-08-10T13:17:21.038+0300][1980.579s][info ][gc] GC(65570) Pause Young (Allocation Failure) 97M->97M(109M) 15.468ms
[2020-08-10T13:17:21.054+0300][1980.595s][info ][gc] GC(65571) Pause Young (Allocation Failure) 98M->98M(109M) 15.617ms
[2020-08-10T13:17:21.071+0300][1980.612s][info ][gc] GC(65572) Pause Young (Allocation Failure) 99M->99M(109M) 15.849ms
[2020-08-10T13:17:21.110+0300][1980.651s][info ][gc] GC(65573) Pause Young (Allocation Failure) 100M->100M(109M) 38.489ms
[2020-08-10T13:17:21.127+0300][1980.668s][info ][gc] GC(65574) Pause Young (Allocation Failure) 101M->101M(109M) 16.300ms
[2020-08-10T13:17:21.144+0300][1980.685s][info ][gc] GC(65575) Pause Young (Allocation Failure) 102M->102M(109M) 16.542ms
[2020-08-10T13:17:21.161+0300][1980.702s][info ][gc] GC(65576) Pause Young (Allocation Failure) 103M->103M(109M) 16.339ms
[2020-08-10T13:17:21.178+0300][1980.719s][info ][gc] GC(65577) Pause Young (Allocation Failure) 104M->103M(109M) 16.483ms
[2020-08-10T13:17:21.205+0300][1980.746s][info ][gc] GC(65578) Pause Young (Allocation Failure) 104M->104M(109M) 26.107ms
[2020-08-10T13:17:21.233+0300][1980.774s][info ][gc] GC(65579) Pause Young (Allocation Failure) 105M->105M(109M) 28.130ms
[2020-08-10T13:17:21.250+0300][1980.791s][info ][gc] GC(65580) Pause Young (Allocation Failure) 106M->106M(109M) 16.370ms
[2020-08-10T13:17:21.587+0300][1981.128s][debug][gc] GC(65581) Expanding ParOldGen from 109056K by 11264K to 120320K
[2020-08-10T13:17:21.587+0300][1981.128s][info ][gc] GC(65581) Pause Full (Ergonomics) 106M->106M(120M) 336.296ms
[2020-08-10T13:17:21.625+0300][1981.166s][info ][gc] GC(65582) Pause Young (Allocation Failure) 107M->107M(120M) 38.023ms
[2020-08-10T13:17:21.642+0300][1981.183s][info ][gc] GC(65583) Pause Young (Allocation Failure) 108M->108M(120M) 16.510ms
[2020-08-10T13:17:21.660+0300][1981.201s][info ][gc] GC(65584) Pause Young (Allocation Failure) 109M->109M(119M) 16.983ms
[2020-08-10T13:17:21.677+0300][1981.218s][info ][gc] GC(65585) Pause Young (Allocation Failure) 110M->110M(119M) 16.818ms
[2020-08-10T13:17:21.695+0300][1981.236s][info ][gc] GC(65586) Pause Young (Allocation Failure) 111M->111M(119M) 17.293ms
[2020-08-10T13:17:21.711+0300][1981.252s][info ][gc] GC(65587) Pause Young (Allocation Failure) 112M->112M(120M) 15.902ms
[2020-08-10T13:17:21.730+0300][1981.271s][info ][gc] GC(65588) Pause Young (Allocation Failure) 113M->113M(120M) 17.625ms
[2020-08-10T13:17:21.747+0300][1981.288s][info ][gc] GC(65589) Pause Young (Allocation Failure) 114M->114M(120M) 17.136ms
[2020-08-10T13:17:21.765+0300][1981.306s][info ][gc] GC(65590) Pause Young (Allocation Failure) 115M->115M(120M) 17.233ms
[2020-08-10T13:17:21.783+0300][1981.324s][info ][gc] GC(65591) Pause Young (Allocation Failure) 116M->116M(120M) 17.428ms
[2020-08-10T13:17:21.814+0300][1981.355s][info ][gc] GC(65592) Pause Young (Allocation Failure) 117M->117M(120M) 30.823ms
[2020-08-10T13:17:21.843+0300][1981.384s][info ][gc] GC(65593) Pause Young (Allocation Failure) 118M->118M(120M) 28.657ms
[2020-08-10T13:17:22.205+0300][1981.746s][debug][gc] GC(65594) Expanding ParOldGen from 120320K by 11264K to 131584K
[2020-08-10T13:17:22.205+0300][1981.746s][info ][gc] GC(65594) Pause Full (Ergonomics) 118M->117M(131M) 361.939ms
[2020-08-10T13:17:22.239+0300][1981.780s][info ][gc] GC(65595) Pause Young (Allocation Failure) 118M->118M(131M) 33.441ms
[2020-08-10T13:17:22.282+0300][1981.823s][info ][gc] GC(65596) Pause Young (Allocation Failure) 119M->119M(131M) 42.066ms
[2020-08-10T13:17:22.301+0300][1981.842s][info ][gc] GC(65597) Pause Young (Allocation Failure) 120M->120M(131M) 18.578ms
[2020-08-10T13:17:22.327+0300][1981.868s][info ][gc] GC(65598) Pause Young (Allocation Failure) 121M->121M(131M) 26.037ms
[2020-08-10T13:17:22.346+0300][1981.887s][info ][gc] GC(65599) Pause Young (Allocation Failure) 122M->122M(131M) 17.967ms
[2020-08-10T13:17:22.364+0300][1981.906s][info ][gc] GC(65600) Pause Young (Allocation Failure) 123M->123M(131M) 18.230ms
[2020-08-10T13:17:22.383+0300][1981.924s][info ][gc] GC(65601) Pause Young (Allocation Failure) 124M->124M(131M) 18.109ms
[2020-08-10T13:17:22.401+0300][1981.942s][info ][gc] GC(65602) Pause Young (Allocation Failure) 125M->125M(131M) 17.913ms
[2020-08-10T13:17:22.422+0300][1981.963s][info ][gc] GC(65603) Pause Young (Allocation Failure) 126M->126M(131M) 20.291ms
[2020-08-10T13:17:22.445+0300][1981.986s][info ][gc] GC(65604) Pause Young (Allocation Failure) 127M->127M(131M) 21.904ms
[2020-08-10T13:17:22.492+0300][1982.033s][info ][gc] GC(65605) Pause Young (Allocation Failure) 128M->128M(131M) 46.779ms
[2020-08-10T13:17:22.949+0300][1982.490s][debug][gc] GC(65606) Expanding ParOldGen from 131584K by 11264K to 142848K
[2020-08-10T13:17:22.949+0300][1982.490s][info ][gc] GC(65606) Pause Full (Ergonomics) 128M->128M(142M) 456.842ms
[2020-08-10T13:17:22.965+0300][1982.506s][info ][gc] GC(65607) Pause Young (Allocation Failure) 129M->129M(142M) 15.877ms
[2020-08-10T13:17:22.990+0300][1982.531s][info ][gc] GC(65608) Pause Young (Allocation Failure) 130M->130M(142M) 24.496ms
[2020-08-10T13:17:23.009+0300][1982.550s][info ][gc] GC(65609) Pause Young (Allocation Failure) 131M->131M(142M) 18.926ms
[2020-08-10T13:17:23.050+0300][1982.591s][info ][gc] GC(65610) Pause Young (Allocation Failure) 132M->132M(142M) 40.357ms
[2020-08-10T13:17:23.070+0300][1982.611s][info ][gc] GC(65611) Pause Young (Allocation Failure) 133M->133M(142M) 19.222ms
[2020-08-10T13:17:23.090+0300][1982.631s][info ][gc] GC(65612) Pause Young (Allocation Failure) 134M->134M(142M) 19.628ms
[2020-08-10T13:17:23.110+0300][1982.651s][info ][gc] GC(65613) Pause Young (Allocation Failure) 135M->135M(142M) 19.011ms
[2020-08-10T13:17:23.110+0300][1982.651s][debug][gc] Expanding ParOldGen from 142848K by 19968K to 162816K
[2020-08-10T13:17:23.149+0300][1982.690s][info ][gc] GC(65614) Pause Young (Allocation Failure) 155M->155M(161M) 30.563ms
[2020-08-10T13:17:23.183+0300][1982.724s][info ][gc] GC(65615) Pause Young (Allocation Failure) 156M->156M(161M) 33.989ms
[2020-08-10T13:17:23.228+0300][1982.769s][info ][gc] GC(65616) Pause Young (Allocation Failure) 157M->156M(161M) 44.012ms
[2020-08-10T13:17:23.255+0300][1982.796s][info ][gc] GC(65617) Pause Young (Allocation Failure) 157M->157M(161M) 27.126ms
[2020-08-10T13:17:23.288+0300][1982.829s][info ][gc] GC(65618) Pause Young (Allocation Failure) 158M->158M(161M) 32.003ms
[2020-08-10T13:17:23.326+0300][1982.867s][info ][gc] GC(65619) Pause Young (Allocation Failure) 159M->159M(161M) 37.607ms
[2020-08-10T13:17:23.391+0300][1982.932s][debug][gc] GC(65620) Shrinking ParOldGen from 162816K by 124416K to 38400K
[2020-08-10T13:17:23.391+0300][1982.932s][info ][gc] GC(65620) Pause Full (Ergonomics) 159M->26M(40M) 64.978ms
[2020-08-10T13:17:23.407+0300][1982.948s][info ][gc] GC(65621) Pause Young (Allocation Failure) 27M->27M(40M) 15.712ms
[2020-08-10T13:17:23.426+0300][1982.967s][info ][gc] GC(65622) Pause Young (Allocation Failure) 28M->28M(40M) 18.018ms
[2020-08-10T13:17:23.444+0300][1982.985s][info ][gc] GC(65623) Pause Young (Allocation Failure) 29M->28M(40M) 18.316ms
[2020-08-10T13:17:23.459+0300][1983.000s][info ][gc] GC(65624) Pause Young (Allocation Failure) 29M->29M(40M) 13.802ms
[2020-08-10T13:17:23.476+0300][1983.017s][info ][gc] GC(65625) Pause Young (Allocation Failure) 30M->30M(40M) 17.170ms
[2020-08-10T13:17:23.490+0300][1983.032s][info ][gc] GC(65626) Pause Young (Allocation Failure) 31M->31M(40M) 13.698ms
