[2020-08-10T13:17:23.506+0300][1983.047s][info ][gc] GC(65627) Pause Young (Allocation Failure) 32M->32M(40M) 14.040ms
[2020-08-10T13:17:23.532+0300][1983.073s][info ][gc] GC(65628) Pause Young (Allocation Failure) 33M->33M(40M) 25.162ms
[2020-08-10T13:17:23.550+0300][1983.091s][info ][gc] GC(65629) Pause Young (Allocation Failure) 34M->34M(40M) 17.406ms
[2020-08-10T13:17:23.564+0300][1983.106s][info ][gc] GC(65630) Pause Young (Allocation Failure) 35M->35M(40M) 13.861ms
[2020-08-10T13:17:23.589+0300][1983.130s][info ][gc] GC(65631) Pause Young (Allocation Failure) 36M->36M(40M) 23.748ms
[2020-08-10T13:17:23.603+0300][1983.144s][info ][gc] GC(65632) Pause Young (Allocation Failure) 37M->37M(40M) 13.865ms
[2020-08-10T13:17:23.694+0300][1983.235s][debug][gc] GC(65633) Expanding ParOldGen from 38400K by 11776K to 50176K
[2020-08-10T13:17:23.694+0300][1983.236s][info ][gc] GC(65633) Pause Full (Ergonomics) 37M->37M(51M) 91.144ms
[2020-08-10T13:17:23.708+0300][1983.249s][info ][gc] GC(65634) Pause Young (Allocation Failure) 38M->38M(51M) 13.356ms
[2020-08-10T13:17:23.723+0300][1983.264s][info ][gc] GC(65635) Pause Young (Allocation Failure) 39M->39M(51M) 13.928ms
[2020-08-10T13:17:23.740+0300][1983.281s][info ][gc] GC(65636) Pause Young (Allocation Failure) 40M->40M(51M) 17.230ms
[2020-08-10T13:17:23.755+0300][1983.296s][info ][gc] GC(65637) Pause Young (Allocation Failure) 41M->41M(50M) 14.032ms
[2020-08-10T13:17:23.770+0300][1983.311s][info ][gc] GC(65638) Pause Young (Allocation Failure) 42M->42M(51M) 15.027ms
[2020-08-10T13:17:23.786+0300][1983.327s][info ][gc] GC(65639) Pause Young (Allocation Failure) 43M->43M(51M) 15.068ms
[2020-08-10T13:17:23.800+0300][1983.341s][info ][gc] GC(65640) Pause Young (Allocation Failure) 44M->44M(51M) 13.766ms
[2020-08-10T13:17:23.814+0300][1983.355s][info ][gc] GC(65641) Pause Young (Allocation Failure) 45M->45M(51M) 13.698ms
[2020-08-10T13:17:23.828+0300][1983.369s][info ][gc] GC(65642) Pause Young (Allocation Failure) 46M->45M(51M) 14.067ms
[2020-08-10T13:17:23.843+0300][1983.384s][info ][gc] GC(65643) Pause Young (Allocation Failure) 46M->46M(51M) 13.878ms
[2020-08-10T13:17:23.859+0300][1983.401s][info ][gc] GC(65644) Pause Young (Allocation Failure) 47M->47M(51M) 16.447ms
[2020-08-10T13:17:23.874+0300][1983.415s][info ][gc] GC(65645) Pause Young (Allocation Failure) 48M->48M(51M) 14.100ms
[2020-08-10T13:17:23.982+0300][1983.523s][debug][gc] GC(65646) Expanding ParOldGen from 50176K by 11264K to 61440K
[2020-08-10T13:17:23.982+0300][1983.523s][info ][gc] GC(65646) Pause Full (Ergonomics) 48M->48M(62M) 108.039ms
[2020-08-10T13:17:23.996+0300][1983.537s][info ][gc] GC(65647) Pause Young (Allocation Failure) 49M->49M(62M) 13.565ms
[2020-08-10T13:17:24.011+0300][1983.552s][info ][gc] GC(65648) Pause Young (Allocation Failure) 50M->50M(62M) 13.965ms
[2020-08-10T13:17:24.025+0300][1983.567s][info ][gc] GC(65649) Pause Young (Allocation Failure) 51M->51M(62M) 14.318ms
[2020-08-10T13:17:24.041+0300][1983.583s][info ][gc] GC(65650) Pause Young (Allocation Failure) 52M->52M(62M) 15.546ms
[2020-08-10T13:17:24.060+0300][1983.601s][info ][gc] GC(65651) Pause Young (Allocation Failure) 53M->53M(62M) 18.010ms
[2020-08-10T13:17:24.091+0300][1983.633s][info ][gc] GC(65652) Pause Young (Allocation Failure) 54M->54M(62M) 30.775ms
[2020-08-10T13:17:24.106+0300][1983.648s][info ][gc] GC(65653) Pause Young (Allocation Failure) 55M->55M(62M) 14.206ms
[2020-08-10T13:17:24.121+0300][1983.662s][info ][gc] GC(65654) Pause Young (Allocation Failure) 56M->56M(62M) 13.838ms
[2020-08-10T13:17:24.135+0300][1983.676s][info ][gc] GC(65655) Pause Young (Allocation Failure) 57M->57M(62M) 14.000ms
[2020-08-10T13:17:24.150+0300][1983.691s][info ][gc] GC(65656) Pause Young (Allocation Failure) 58M->58M(62M) 14.086ms
[2020-08-10T13:17:24.166+0300][1983.707s][info ][gc] GC(65657) Pause Young (Allocation Failure) 59M->59M(62M) 15.873ms
[2020-08-10T13:17:24.185+0300][1983.726s][info ][gc] GC(65658) Pause Young (Allocation Failure) 60M->60M(62M) 18.491ms
[2020-08-10T13:17:24.351+0300][1983.892s][debug][gc] GC(65659) Expanding ParOldGen from 61440K by 11264K to 72704K
[2020-08-10T13:17:24.351+0300][1983.892s][info ][gc] GC(65659) Pause Full (Ergonomics) 60M->60M(73M) 166.176ms
[2020-08-10T13:17:24.380+0300][1983.921s][info ][gc] GC(65660) Pause Young (Allocation Failure) 61M->60M(73M) 28.472ms
[2020-08-10T13:17:24.404+0300][1983.945s][info ][gc] GC(65661) Pause Young (Allocation Failure) 61M->61M(73M) 23.401ms
[2020-08-10T13:17:24.423+0300][1983.964s][info ][gc] GC(65662) Pause Young (Allocation Failure) 62M->62M(73M) 18.656ms
[2020-08-10T13:17:24.438+0300][1983.979s][info ][gc] GC(65663) Pause Young (Allocation Failure) 63M->63M(73M) 14.441ms
[2020-08-10T13:17:24.454+0300][1983.994s][info ][gc] GC(65664) Pause Young (Allocation Failure) 64M->64M(73M) 14.356ms
[2020-08-10T13:17:24.469+0300][1984.009s][info ][gc] GC(65665) Pause Young (Allocation Failure) 65M->65M(73M) 14.148ms
[2020-08-10T13:17:24.483+0300][1984.024s][info ][gc] GC(65666) Pause Young (Allocation Failure) 66M->66M(73M) 14.155ms
[2020-08-10T13:17:24.498+0300][1984.038s][info ][gc] GC(65667) Pause Young (Allocation Failure) 67M->67M(73M) 14.354ms
[2020-08-10T13:17:24.513+0300][1984.053s][info ][gc] GC(65668) Pause Young (Allocation Failure) 68M->68M(73M) 14.266ms
[2020-08-10T13:17:24.537+0300][1984.077s][info ][gc] GC(65669) Pause Young (Allocation Failure) 69M->69M(73M) 23.797ms
[2020-08-10T13:17:24.552+0300][1984.093s][info ][gc] GC(65670) Pause Young (Allocation Failure) 70M->70M(73M) 14.484ms
[2020-08-10T13:17:24.568+0300][1984.108s][info ][gc] GC(65671) Pause Young (Allocation Failure) 71M->71M(73M) 14.812ms
[2020-08-10T13:17:24.773+0300][1984.313s][debug][gc] GC(65672) Expanding ParOldGen from 72704K by 11264K to 83968K
[2020-08-10T13:17:24.773+0300][1984.313s][info ][gc] GC(65672) Pause Full (Ergonomics) 71M->71M(84M) 205.076ms
[2020-08-10T13:17:24.804+0300][1984.344s][info ][gc] GC(65673) Pause Young (Allocation Failure) 72M->72M(84M) 30.657ms
[2020-08-10T13:17:24.819+0300][1984.359s][info ][gc] GC(65674) Pause Young (Allocation Failure) 73M->73M(84M) 14.384ms
[2020-08-10T13:17:24.834+0300][1984.374s][info ][gc] GC(65675) Pause Young (Allocation Failure) 74M->74M(84M) 14.295ms
[2020-08-10T13:17:24.848+0300][1984.388s][info ][gc] GC(65676) Pause Young (Allocation Failure) 75M->75M(84M) 14.239ms
[2020-08-10T13:17:24.863+0300][1984.403s][info ][gc] GC(65677) Pause Young (Allocation Failure) 76M->76M(83M) 14.064ms
[2020-08-10T13:17:24.877+0300][1984.417s][info ][gc] GC(65678) Pause Young (Allocation Failure) 77M->77M(84M) 13.930ms
[2020-08-10T13:17:24.892+0300][1984.432s][info ][gc] GC(65679) Pause Young (Allocation Failure) 78M->77M(84M) 14.100ms
[2020-08-10T13:17:24.906+0300][1984.446s][info ][gc] GC(65680) Pause Young (Allocation Failure) 78M->78M(84M) 14.147ms
[2020-08-10T13:17:24.921+0300][1984.461s][info ][gc] GC(65681) Pause Young (Allocation Failure) 79M->79M(84M) 14.049ms
[2020-08-10T13:17:24.935+0300][1984.475s][info ][gc] GC(65682) Pause Young (Allocation Failure) 80M->80M(84M) 14.067ms
[2020-08-10T13:17:24.957+0300][1984.498s][info ][gc] GC(65683) Pause Young (Allocation Failure) 81M->81M(84M) 22.069ms
[2020-08-10T13:17:25.203+0300][1984.743s][debug][gc] GC(65684) Expanding ParOldGen from 83968K by 11264K to 95232K
[2020-08-10T13:17:25.203+0300][1984.743s][info ][gc] GC(65684) Pause Full (Ergonomics) 81M->81M(95M) 245.391ms
[2020-08-10T13:17:25.217+0300][1984.757s][info ][gc] GC(65685) Pause Young (Allocation Failure) 82M->82M(95M) 13.716ms
[2020-08-10T13:17:25.239+0300][1984.779s][info ][gc] GC(65686) Pause Young (Allocation Failure) 83M->83M(95M) 21.483ms
[2020-08-10T13:17:25.253+0300][1984.793s][info ][gc] GC(65687) Pause Young (Allocation Failure) 84M->84M(95M) 13.982ms
[2020-08-10T13:17:25.268+0300][1984.808s][info ][gc] GC(65688) Pause Young (Allocation Failure) 85M->85M(95M) 14.308ms
[2020-08-10T13:17:25.283+0300][1984.823s][info ][gc] GC(65689) Pause Young (Allocation Failure) 86M->86M(95M) 14.203ms
[2020-08-10T13:17:25.298+0300][1984.838s][info ][gc] GC(65690) Pause Young (Allocation Failure) 87M->87M(95M) 14.529ms
[2020-08-10T13:17:25.313+0300][1984.853s][info ][gc] GC(65691) Pause Young (Allocation Failure) 88M->88M(95M) 14.432ms
[2020-08-10T13:17:25.330+0300][1984.870s][info ][gc] GC(65692) Pause Young (Allocation Failure) 89M->89M(95M) 16.992ms
[2020-08-10T13:17:25.346+0300][1984.886s][info ][gc] GC(65693) Pause Young (Allocation Failure) 90M->90M(95M) 14.690ms
[2020-08-10T13:17:25.361+0300][1984.901s][info ][gc] GC(65694) Pause Young (Allocation Failure) 91M->91M(95M) 14.679ms
[2020-08-10T13:17:25.376+0300][1984.916s][info ][gc] GC(65695) Pause Young (Allocation Failure) 92M->92M(95M) 14.833ms
[2020-08-10T13:17:25.392+0300][1984.932s][info ][gc] GC(65696) Pause Young (Allocation Failure) 93M->93M(95M) 14.997ms
[2020-08-10T13:17:25.681+0300][1985.222s][debug][gc] GC(65697) Expanding ParOldGen from 95232K by 11776K to 107008K
[2020-08-10T13:17:25.682+0300][1985.222s][info ][gc] GC(65697) Pause Full (Ergonomics) 93M->92M(107M) 289.887ms
[2020-08-10T13:17:25.696+0300][1985.236s][info ][gc] GC(65698) Pause Young (Allocation Failure) 93M->93M(107M) 13.797ms
[2020-08-10T13:17:25.711+0300][1985.252s][info ][gc] GC(65699) Pause Young (Allocation Failure) 94M->94M(107M) 15.063ms
[2020-08-10T13:17:25.738+0300][1985.278s][info ][gc] GC(65700) Pause Young (Allocation Failure) 95M->95M(107M) 26.006ms
[2020-08-10T13:17:25.761+0300][1985.301s][info ][gc] GC(65701) Pause Young (Allocation Failure) 96M->96M(107M) 22.604ms
[2020-08-10T13:17:25.777+0300][1985.317s][info ][gc] GC(65702) Pause Young (Allocation Failure) 97M->97M(107M) 15.408ms
[2020-08-10T13:17:25.793+0300][1985.334s][info ][gc] GC(65703) Pause Young (Allocation Failure) 98M->98M(107M) 15.748ms
[2020-08-10T13:17:25.810+0300][1985.350s][info ][gc] GC(65704) Pause Young (Allocation Failure) 99M->99M(107M) 15.768ms
[2020-08-10T13:17:25.843+0300][1985.383s][info ][gc] GC(65705) Pause Young (Allocation Failure) 100M->100M(107M) 32.565ms
[2020-08-10T13:17:25.865+0300][1985.406s][info ][gc] GC(65706) Pause Young (Allocation Failure) 101M->101M(107M) 22.208ms
[2020-08-10T13:17:25.882+0300][1985.422s][info ][gc] GC(65707) Pause Young (Allocation Failure) 102M->102M(107M) 15.968ms
[2020-08-10T13:17:25.898+0300][1985.439s][info ][gc] GC(65708) Pause Young (Allocation Failure) 103M->103M(107M) 15.904ms
[2020-08-10T13:17:25.922+0300][1985.462s][info ][gc] GC(65709) Pause Young (Allocation Failure) 104M->104M(107M) 22.835ms
[2020-08-10T13:17:25.938+0300][1985.478s][info ][gc] GC(65710) Pause Young (Allocation Failure) 105M->105M(107M) 15.792ms
[2020-08-10T13:17:26.292+0300][1985.833s][debug][gc] GC(65711) Expanding ParOldGen from 107008K by 11264K to 118272K
[2020-08-10T13:17:26.293+0300][1985.833s][info ][gc] GC(65711) Pause Full (Ergonomics) 105M->105M(118M) 354.295ms
[2020-08-10T13:17:26.352+0300][1985.892s][info ][gc] GC(65712) Pause Young (Allocation Failure) 106M->105M(118M) 58.528ms
[2020-08-10T13:17:26.384+0300][1985.925s][info ][gc] GC(65713) Pause Young (Allocation Failure) 106M->106M(118M) 31.241ms
[2020-08-10T13:17:26.406+0300][1985.946s][info ][gc] GC(65714) Pause Young (Allocation Failure) 107M->107M(118M) 20.846ms
[2020-08-10T13:17:26.425+0300][1985.966s][info ][gc] GC(65715) Pause Young (Allocation Failure) 108M->108M(118M) 19.028ms
[2020-08-10T13:17:26.443+0300][1985.983s][info ][gc] GC(65716) Pause Young (Allocation Failure) 109M->109M(118M) 16.769ms
[2020-08-10T13:17:26.472+0300][1986.013s][info ][gc] GC(65717) Pause Young (Allocation Failure) 110M->110M(118M) 29.192ms
[2020-08-10T13:17:26.490+0300][1986.031s][info ][gc] GC(65718) Pause Young (Allocation Failure) 111M->111M(118M) 17.213ms
[2020-08-10T13:17:26.508+0300][1986.049s][info ][gc] GC(65719) Pause Young (Allocation Failure) 112M->112M(118M) 17.459ms
[2020-08-10T13:17:26.526+0300][1986.067s][info ][gc] GC(65720) Pause Young (Allocation Failure) 113M->113M(118M) 17.247ms
[2020-08-10T13:17:26.562+0300][1986.103s][info ][gc] GC(65721) Pause Young (Allocation Failure) 114M->114M(118M) 35.251ms
[2020-08-10T13:17:26.595+0300][1986.136s][info ][gc] GC(65722) Pause Young (Allocation Failure) 115M->115M(117M) 32.103ms
[2020-08-10T13:17:26.892+0300][1986.433s][debug][gc] GC(65723) Expanding ParOldGen from 118272K by 11264K to 129536K
[2020-08-10T13:17:26.893+0300][1986.433s][info ][gc] GC(65723) Pause Full (Ergonomics) 115M->115M(128M) 297.191ms
[2020-08-10T13:17:26.908+0300][1986.449s][info ][gc] GC(65724) Pause Young (Allocation Failure) 116M->116M(128M) 15.188ms
[2020-08-10T13:17:26.925+0300][1986.465s][info ][gc] GC(65725) Pause Young (Allocation Failure) 116M->116M(128M) 16.007ms
[2020-08-10T13:17:26.940+0300][1986.480s][info ][gc] GC(65726) Pause Young (Allocation Failure) 117M->117M(128M) 14.968ms
[2020-08-10T13:17:26.955+0300][1986.496s][info ][gc] GC(65727) Pause Young (Allocation Failure) 117M->117M(128M) 14.937ms
[2020-08-10T13:17:26.971+0300][1986.511s][info ][gc] GC(65728) Pause Young (Allocation Failure) 118M->118M(128M) 14.979ms
[2020-08-10T13:17:26.986+0300][1986.527s][info ][gc] GC(65729) Pause Young (Allocation Failure) 118M->118M(128M) 14.986ms
[2020-08-10T13:17:27.002+0300][1986.542s][info ][gc] GC(65730) Pause Young (Allocation Failure) 119M->119M(128M) 14.905ms
[2020-08-10T13:17:27.017+0300][1986.558s][info ][gc] GC(65731) Pause Young (Allocation Failure) 119M->119M(128M) 14.768ms
[2020-08-10T13:17:27.033+0300][1986.574s][info ][gc] GC(65732) Pause Young (Allocation Failure) 120M->120M(128M) 15.572ms
[2020-08-10T13:17:27.051+0300][1986.592s][info ][gc] GC(65733) Pause Young (Allocation Failure) 120M->120M(128M) 17.565ms
[2020-08-10T13:17:27.067+0300][1986.607s][info ][gc] GC(65734) Pause Young (Allocation Failure) 121M->120M(128M) 14.758ms
[2020-08-10T13:17:27.082+0300][1986.622s][info ][gc] GC(65735) Pause Young (Allocation Failure) 121M->121M(128M) 15.119ms
[2020-08-10T13:17:27.107+0300][1986.647s][info ][gc] GC(65736) Pause Young (Allocation Failure) 121M->121M(128M) 24.579ms
[2020-08-10T13:17:27.123+0300][1986.663s][info ][gc] GC(65737) Pause Young (Allocation Failure) 122M->122M(128M) 15.446ms
[2020-08-10T13:17:27.139+0300][1986.679s][info ][gc] GC(65738) Pause Young (Allocation Failure) 122M->122M(128M) 15.319ms
[2020-08-10T13:17:27.154+0300][1986.695s][info ][gc] GC(65739) Pause Young (Allocation Failure) 123M->123M(128M) 15.112ms
[2020-08-10T13:17:27.170+0300][1986.710s][info ][gc] GC(65740) Pause Young (Allocation Failure) 123M->123M(128M) 14.977ms
[2020-08-10T13:17:27.195+0300][1986.736s][info ][gc] GC(65741) Pause Young (Allocation Failure) 124M->124M(128M) 24.897ms
[2020-08-10T13:17:27.213+0300][1986.753s][info ][gc] GC(65742) Pause Young (Allocation Failure) 124M->124M(128M) 16.813ms
[2020-08-10T13:17:27.228+0300][1986.769s][info ][gc] GC(65743) Pause Young (Allocation Failure) 125M->125M(128M) 15.072ms
[2020-08-10T13:17:27.244+0300][1986.785s][info ][gc] GC(65744) Pause Young (Allocation Failure) 125M->125M(128M) 15.298ms
[2020-08-10T13:17:27.281+0300][1986.822s][info ][gc] GC(65745) Pause Young (Allocation Failure) 126M->125M(128M) 36.253ms
[2020-08-10T13:17:27.298+0300][1986.838s][info ][gc] GC(65746) Pause Young (Allocation Failure) 126M->126M(128M) 16.128ms
[2020-08-10T13:17:27.740+0300][1987.280s][debug][gc] GC(65747) Expanding ParOldGen from 129536K by 10752K to 140288K
[2020-08-10T13:17:27.740+0300][1987.280s][info ][gc] GC(65747) Pause Full (Ergonomics) 126M->126M(138M) 441.981ms
[2020-08-10T13:17:27.755+0300][1987.295s][info ][gc] GC(65748) Pause Young (Allocation Failure) 126M->126M(138M) 13.950ms
[2020-08-10T13:17:27.771+0300][1987.311s][info ][gc] GC(65749) Pause Young (Allocation Failure) 127M->127M(138M) 15.199ms
[2020-08-10T13:17:27.790+0300][1987.330s][info ][gc] GC(65750) Pause Young (Allocation Failure) 127M->127M(138M) 18.690ms
[2020-08-10T13:17:27.806+0300][1987.346s][info ][gc] GC(65751) Pause Young (Allocation Failure) 127M->127M(138M) 15.237ms
[2020-08-10T13:17:27.822+0300][1987.362s][info ][gc] GC(65752) Pause Young (Allocation Failure) 128M->128M(138M) 15.105ms
[2020-08-10T13:17:27.837+0300][1987.377s][info ][gc] GC(65753) Pause Young (Allocation Failure) 128M->128M(138M) 15.035ms
[2020-08-10T13:17:27.853+0300][1987.393s][info ][gc] GC(65754) Pause Young (Allocation Failure) 129M->129M(138M) 15.447ms
[2020-08-10T13:17:27.868+0300][1987.409s][info ][gc] GC(65755) Pause Young (Allocation Failure) 129M->129M(138M) 15.364ms
[2020-08-10T13:17:27.884+0300][1987.424s][info ][gc] GC(65756) Pause Young (Allocation Failure) 130M->130M(138M) 15.124ms
[2020-08-10T13:17:27.900+0300][1987.440s][info ][gc] GC(65757) Pause Young (Allocation Failure) 130M->130M(138M) 15.460ms
[2020-08-10T13:17:27.915+0300][1987.456s][info ][gc] GC(65758) Pause Young (Allocation Failure) 131M->131M(138M) 15.564ms
[2020-08-10T13:17:27.931+0300][1987.472s][info ][gc] GC(65759) Pause Young (Allocation Failure) 131M->131M(138M) 15.194ms
[2020-08-10T13:17:27.948+0300][1987.488s][info ][gc] GC(65760) Pause Young (Allocation Failure) 131M->131M(138M) 15.788ms
[2020-08-10T13:17:27.963+0300][1987.504s][info ][gc] GC(65761) Pause Young (Allocation Failure) 132M->132M(138M) 15.465ms
[2020-08-10T13:17:27.979+0300][1987.520s][info ][gc] GC(65762) Pause Young (Allocation Failure) 132M->132M(138M) 15.252ms
[2020-08-10T13:17:28.005+0300][1987.545s][info ][gc] GC(65763) Pause Young (Allocation Failure) 133M->133M(138M) 24.806ms
[2020-08-10T13:17:28.021+0300][1987.561s][info ][gc] GC(65764) Pause Young (Allocation Failure) 133M->133M(138M) 15.715ms
[2020-08-10T13:17:28.039+0300][1987.580s][info ][gc] GC(65765) Pause Young (Allocation Failure) 134M->134M(138M) 18.056ms
[2020-08-10T13:17:28.070+0300][1987.611s][info ][gc] GC(65766) Pause Young (Allocation Failure) 134M->134M(138M) 30.402ms
[2020-08-10T13:17:28.095+0300][1987.635s][info ][gc] GC(65767) Pause Young (Allocation Failure) 135M->135M(138M) 24.008ms
[2020-08-10T13:17:28.112+0300][1987.652s][info ][gc] GC(65768) Pause Young (Allocation Failure) 135M->135M(138M) 16.094ms
[2020-08-10T13:17:28.112+0300][1987.653s][debug][gc] Expanding ParOldGen from 140288K by 19968K to 160256K
[2020-08-10T13:17:28.143+0300][1987.683s][info ][gc] GC(65769) Pause Young (Allocation Failure) 155M->154M(158M) 16.010ms
[2020-08-10T13:17:28.175+0300][1987.716s][info ][gc] GC(65770) Pause Young (Allocation Failure) 155M->155M(158M) 32.092ms
[2020-08-10T13:17:28.189+0300][1987.730s][info ][gc] GC(65771) Pause Young (Allocation Failure) 155M->155M(158M) 13.537ms
[2020-08-10T13:17:28.203+0300][1987.743s][info ][gc] GC(65772) Pause Young (Allocation Failure) 156M->156M(158M) 13.256ms
[2020-08-10T13:17:28.217+0300][1987.757s][info ][gc] GC(65773) Pause Young (Allocation Failure) 156M->156M(158M) 13.222ms
[2020-08-10T13:17:28.253+0300][1987.794s][debug][gc] GC(65774) Shrinking ParOldGen from 160256K by 125952K to 34304K
[2020-08-10T13:17:28.253+0300][1987.794s][info ][gc] GC(65774) Pause Full (Ergonomics) 156M->22M(35M) 36.487ms
[2020-08-10T13:17:28.267+0300][1987.807s][info ][gc] GC(65775) Pause Young (Allocation Failure) 23M->23M(35M) 13.029ms
[2020-08-10T13:17:28.280+0300][1987.821s][info ][gc] GC(65776) Pause Young (Allocation Failure) 23M->23M(35M) 13.214ms
[2020-08-10T13:17:28.294+0300][1987.834s][info ][gc] GC(65777) Pause Young (Allocation Failure) 24M->24M(35M) 13.301ms
[2020-08-10T13:17:28.308+0300][1987.848s][info ][gc] GC(65778) Pause Young (Allocation Failure) 24M->24M(35M) 13.294ms
[2020-08-10T13:17:28.322+0300][1987.862s][info ][gc] GC(65779) Pause Young (Allocation Failure) 25M->25M(35M) 13.367ms
[2020-08-10T13:17:28.335+0300][1987.876s][info ][gc] GC(65780) Pause Young (Allocation Failure) 25M->25M(35M) 13.286ms
[2020-08-10T13:17:28.349+0300][1987.889s][info ][gc] GC(65781) Pause Young (Allocation Failure) 26M->26M(35M) 13.245ms
[2020-08-10T13:17:28.363+0300][1987.903s][info ][gc] GC(65782) Pause Young (Allocation Failure) 26M->26M(35M) 13.272ms
[2020-08-10T13:17:28.376+0300][1987.917s][info ][gc] GC(65783) Pause Young (Allocation Failure) 27M->27M(35M) 13.194ms
[2020-08-10T13:17:28.390+0300][1987.931s][info ][gc] GC(65784) Pause Young (Allocation Failure) 27M->27M(35M) 13.243ms
[2020-08-10T13:17:28.404+0300][1987.944s][info ][gc] GC(65785) Pause Young (Allocation Failure) 28M->27M(35M) 13.247ms
[2020-08-10T13:17:28.418+0300][1987.958s][info ][gc] GC(65786) Pause Young (Allocation Failure) 28M->28M(35M) 13.311ms
[2020-08-10T13:17:28.433+0300][1987.973s][info ][gc] GC(65787) Pause Young (Allocation Failure) 28M->28M(35M) 15.019ms
[2020-08-10T13:17:28.447+0300][1987.987s][info ][gc] GC(65788) Pause Young (Allocation Failure) 29M->29M(35M) 13.381ms
[2020-08-10T13:17:28.461+0300][1988.001s][info ][gc] GC(65789) Pause Young (Allocation Failure) 29M->29M(35M) 13.503ms
[2020-08-10T13:17:28.475+0300][1988.015s][info ][gc] GC(65790) Pause Young (Allocation Failure) 30M->30M(35M) 13.595ms
[2020-08-10T13:17:28.489+0300][1988.029s][info ][gc] GC(65791) Pause Young (Allocation Failure) 30M->30M(35M) 13.431ms
[2020-08-10T13:17:28.503+0300][1988.043s][info ][gc] GC(65792) Pause Young (Allocation Failure) 31M->31M(35M) 13.431ms
[2020-08-10T13:17:28.517+0300][1988.057s][info ][gc] GC(65793) Pause Young (Allocation Failure) 32M->32M(35M) 13.510ms
[2020-08-10T13:17:28.531+0300][1988.072s][info ][gc] GC(65794) Pause Young (Allocation Failure) 33M->33M(35M) 13.699ms
[2020-08-10T13:17:28.546+0300][1988.086s][info ][gc] GC(65795) Pause Young (Allocation Failure) 34M->33M(35M) 13.968ms
[2020-08-10T13:17:28.633+0300][1988.174s][debug][gc] GC(65796) Expanding ParOldGen from 34304K by 11264K to 45568K
[2020-08-10T13:17:28.633+0300][1988.174s][info ][gc] GC(65796) Pause Full (Ergonomics) 33M->33M(46M) 87.179ms
[2020-08-10T13:17:28.651+0300][1988.192s][info ][gc] GC(65797) Pause Young (Allocation Failure) 34M->34M(47M) 17.351ms
[2020-08-10T13:17:28.666+0300][1988.206s][info ][gc] GC(65798) Pause Young (Allocation Failure) 35M->35M(47M) 14.002ms
[2020-08-10T13:17:28.681+0300][1988.221s][info ][gc] GC(65799) Pause Young (Allocation Failure) 36M->36M(47M) 14.168ms
[2020-08-10T13:17:28.695+0300][1988.236s][info ][gc] GC(65800) Pause Young (Allocation Failure) 37M->37M(47M) 13.737ms
[2020-08-10T13:17:28.730+0300][1988.270s][info ][gc] GC(65801) Pause Young (Allocation Failure) 38M->38M(47M) 33.682ms
[2020-08-10T13:17:28.744+0300][1988.285s][info ][gc] GC(65802) Pause Young (Allocation Failure) 39M->39M(47M) 13.859ms
[2020-08-10T13:17:28.764+0300][1988.305s][info ][gc] GC(65803) Pause Young (Allocation Failure) 40M->40M(47M) 19.252ms
[2020-08-10T13:17:28.779+0300][1988.320s][info ][gc] GC(65804) Pause Young (Allocation Failure) 41M->41M(47M) 14.532ms
[2020-08-10T13:17:28.794+0300][1988.334s][info ][gc] GC(65805) Pause Young (Allocation Failure) 42M->42M(47M) 14.077ms
[2020-08-10T13:17:28.809+0300][1988.349s][info ][gc] GC(65806) Pause Young (Allocation Failure) 43M->43M(47M) 14.028ms
[2020-08-10T13:17:28.824+0300][1988.364s][info ][gc] GC(65807) Pause Young (Allocation Failure) 44M->43M(47M) 13.998ms
[2020-08-10T13:17:28.838+0300][1988.378s][info ][gc] GC(65808) Pause Young (Allocation Failure) 44M->44M(47M) 13.997ms
[2020-08-10T13:17:28.928+0300][1988.469s][debug][gc] GC(65809) Expanding ParOldGen from 45568K by 11776K to 57344K
[2020-08-10T13:17:28.928+0300][1988.469s][info ][gc] GC(65809) Pause Full (Ergonomics) 44M->44M(58M) 90.143ms
[2020-08-10T13:17:28.949+0300][1988.489s][info ][gc] GC(65810) Pause Young (Allocation Failure) 45M->45M(58M) 19.583ms
[2020-08-10T13:17:28.964+0300][1988.504s][info ][gc] GC(65811) Pause Young (Allocation Failure) 46M->46M(58M) 13.894ms
[2020-08-10T13:17:28.978+0300][1988.518s][info ][gc] GC(65812) Pause Young (Allocation Failure) 47M->47M(58M) 13.862ms
[2020-08-10T13:17:28.993+0300][1988.533s][info ][gc] GC(65813) Pause Young (Allocation Failure) 48M->48M(58M) 14.006ms
[2020-08-10T13:17:29.007+0300][1988.548s][info ][gc] GC(65814) Pause Young (Allocation Failure) 49M->49M(58M) 14.066ms
[2020-08-10T13:17:29.022+0300][1988.563s][info ][gc] GC(65815) Pause Young (Allocation Failure) 50M->50M(58M) 14.096ms
[2020-08-10T13:17:29.037+0300][1988.577s][info ][gc] GC(65816) Pause Young (Allocation Failure) 51M->51M(58M) 14.107ms
[2020-08-10T13:17:29.052+0300][1988.592s][info ][gc] GC(65817) Pause Young (Allocation Failure) 52M->52M(58M) 14.172ms
[2020-08-10T13:17:29.066+0300][1988.607s][info ][gc] GC(65818) Pause Young (Allocation Failure) 53M->53M(58M) 14.101ms
[2020-08-10T13:17:29.082+0300][1988.622s][info ][gc] GC(65819) Pause Young (Allocation Failure) 54M->54M(58M) 14.123ms
[2020-08-10T13:17:29.097+0300][1988.637s][info ][gc] GC(65820) Pause Young (Allocation Failure) 55M->55M(58M) 13.898ms
[2020-08-10T13:17:29.113+0300][1988.654s][info ][gc] GC(65821) Pause Young (Allocation Failure) 56M->56M(58M) 15.942ms
[2020-08-10T13:17:29.238+0300][1988.778s][debug][gc] GC(65822) Expanding ParOldGen from 57344K by 11264K to 68608K
[2020-08-10T13:17:29.238+0300][1988.778s][info ][gc] GC(65822) Pause Full (Ergonomics) 56M->56M(69M) 124.480ms
[2020-08-10T13:17:29.262+0300][1988.802s][info ][gc] GC(65823) Pause Young (Allocation Failure) 57M->57M(69M) 23.382ms
[2020-08-10T13:17:29.295+0300][1988.836s][info ][gc] GC(65824) Pause Young (Allocation Failure) 58M->57M(69M) 32.517ms
[2020-08-10T13:17:29.318+0300][1988.858s][info ][gc] GC(65825) Pause Young (Allocation Failure) 58M->58M(69M) 21.924ms
[2020-08-10T13:17:29.346+0300][1988.887s][info ][gc] GC(65826) Pause Young (Allocation Failure) 59M->59M(69M) 27.487ms
[2020-08-10T13:17:29.361+0300][1988.902s][info ][gc] GC(65827) Pause Young (Allocation Failure) 60M->60M(69M) 14.298ms
[2020-08-10T13:17:29.380+0300][1988.921s][info ][gc] GC(65828) Pause Young (Allocation Failure) 61M->61M(69M) 18.901ms
[2020-08-10T13:17:29.411+0300][1988.952s][info ][gc] GC(65829) Pause Young (Allocation Failure) 62M->62M(69M) 30.367ms
[2020-08-10T13:17:29.427+0300][1988.968s][info ][gc] GC(65830) Pause Young (Allocation Failure) 63M->63M(69M) 14.813ms
[2020-08-10T13:17:29.442+0300][1988.982s][info ][gc] GC(65831) Pause Young (Allocation Failure) 64M->64M(69M) 14.340ms
[2020-08-10T13:17:29.466+0300][1989.007s][info ][gc] GC(65832) Pause Young (Allocation Failure) 65M->65M(69M) 23.905ms
[2020-08-10T13:17:29.482+0300][1989.022s][info ][gc] GC(65833) Pause Young (Allocation Failure) 66M->66M(69M) 14.450ms
[2020-08-10T13:17:29.497+0300][1989.037s][info ][gc] GC(65834) Pause Young (Allocation Failure) 67M->67M(69M) 14.280ms
[2020-08-10T13:17:29.684+0300][1989.224s][debug][gc] GC(65835) Expanding ParOldGen from 68608K by 11264K to 79872K
[2020-08-10T13:17:29.684+0300][1989.225s][info ][gc] GC(65835) Pause Full (Ergonomics) 67M->67M(80M) 187.335ms
[2020-08-10T13:17:29.713+0300][1989.254s][info ][gc] GC(65836) Pause Young (Allocation Failure) 68M->68M(80M) 28.380ms
[2020-08-10T13:17:29.728+0300][1989.269s][info ][gc] GC(65837) Pause Young (Allocation Failure) 69M->69M(80M) 14.451ms
[2020-08-10T13:17:29.744+0300][1989.284s][info ][gc] GC(65838) Pause Young (Allocation Failure) 70M->70M(80M) 14.450ms
[2020-08-10T13:17:29.759+0300][1989.300s][info ][gc] GC(65839) Pause Young (Allocation Failure) 71M->71M(80M) 14.433ms
[2020-08-10T13:17:29.774+0300][1989.314s][info ][gc] GC(65840) Pause Young (Allocation Failure) 72M->71M(80M) 14.312ms
[2020-08-10T13:17:29.803+0300][1989.344s][info ][gc] GC(65841) Pause Young (Allocation Failure) 72M->72M(80M) 28.322ms
[2020-08-10T13:17:29.824+0300][1989.364s][info ][gc] GC(65842) Pause Young (Allocation Failure) 73M->73M(80M) 19.823ms
[2020-08-10T13:17:29.839+0300][1989.379s][info ][gc] GC(65843) Pause Young (Allocation Failure) 74M->74M(80M) 14.809ms
[2020-08-10T13:17:29.855+0300][1989.395s][info ][gc] GC(65844) Pause Young (Allocation Failure) 75M->75M(80M) 14.877ms
[2020-08-10T13:17:29.870+0300][1989.410s][info ][gc] GC(65845) Pause Young (Allocation Failure) 76M->76M(80M) 14.471ms
[2020-08-10T13:17:29.885+0300][1989.425s][info ][gc] GC(65846) Pause Young (Allocation Failure) 77M->77M(80M) 14.464ms
[2020-08-10T13:17:29.900+0300][1989.440s][info ][gc] GC(65847) Pause Young (Allocation Failure) 78M->78M(80M) 14.476ms
[2020-08-10T13:17:30.127+0300][1989.668s][debug][gc] GC(65848) Expanding ParOldGen from 79872K by 11264K to 91136K
[2020-08-10T13:17:30.127+0300][1989.668s][info ][gc] GC(65848) Pause Full (Ergonomics) 78M->78M(91M) 227.844ms
[2020-08-10T13:17:30.161+0300][1989.701s][info ][gc] GC(65849) Pause Young (Allocation Failure) 79M->79M(91M) 32.421ms
[2020-08-10T13:17:30.175+0300][1989.716s][info ][gc] GC(65850) Pause Young (Allocation Failure) 80M->80M(91M) 14.269ms
[2020-08-10T13:17:30.191+0300][1989.731s][info ][gc] GC(65851) Pause Young (Allocation Failure) 81M->81M(91M) 14.089ms
[2020-08-10T13:17:30.205+0300][1989.746s][info ][gc] GC(65852) Pause Young (Allocation Failure) 82M->82M(91M) 14.023ms
[2020-08-10T13:17:30.220+0300][1989.761s][info ][gc] GC(65853) Pause Young (Allocation Failure) 83M->83M(91M) 14.448ms
[2020-08-10T13:17:30.236+0300][1989.776s][info ][gc] GC(65854) Pause Young (Allocation Failure) 84M->84M(91M) 14.543ms
[2020-08-10T13:17:30.251+0300][1989.792s][info ][gc] GC(65855) Pause Young (Allocation Failure) 85M->85M(91M) 15.005ms
[2020-08-10T13:17:30.266+0300][1989.807s][info ][gc] GC(65856) Pause Young (Allocation Failure) 86M->86M(91M) 14.605ms
[2020-08-10T13:17:30.282+0300][1989.822s][info ][gc] GC(65857) Pause Young (Allocation Failure) 87M->87M(91M) 14.943ms
[2020-08-10T13:17:30.297+0300][1989.838s][info ][gc] GC(65858) Pause Young (Allocation Failure) 88M->87M(91M) 14.699ms
[2020-08-10T13:17:30.313+0300][1989.853s][info ][gc] GC(65859) Pause Young (Allocation Failure) 88M->88M(91M) 14.654ms
[2020-08-10T13:17:30.589+0300][1990.130s][debug][gc] GC(65860) Expanding ParOldGen from 91136K by 11264K to 102400K
[2020-08-10T13:17:30.589+0300][1990.130s][info ][gc] GC(65860) Pause Full (Ergonomics) 88M->88M(102M) 276.452ms
[2020-08-10T13:17:30.611+0300][1990.151s][info ][gc] GC(65861) Pause Young (Allocation Failure) 89M->89M(102M) 21.237ms
[2020-08-10T13:17:30.627+0300][1990.167s][info ][gc] GC(65862) Pause Young (Allocation Failure) 90M->90M(102M) 15.272ms
[2020-08-10T13:17:30.643+0300][1990.183s][info ][gc] GC(65863) Pause Young (Allocation Failure) 91M->91M(102M) 15.539ms
[2020-08-10T13:17:30.659+0300][1990.200s][info ][gc] GC(65864) Pause Young (Allocation Failure) 92M->92M(102M) 15.582ms
[2020-08-10T13:17:30.675+0300][1990.215s][info ][gc] GC(65865) Pause Young (Allocation Failure) 93M->93M(102M) 15.007ms
[2020-08-10T13:17:30.691+0300][1990.231s][info ][gc] GC(65866) Pause Young (Allocation Failure) 94M->94M(102M) 15.639ms
[2020-08-10T13:17:30.707+0300][1990.247s][info ][gc] GC(65867) Pause Young (Allocation Failure) 95M->95M(102M) 15.379ms
[2020-08-10T13:17:30.723+0300][1990.263s][info ][gc] GC(65868) Pause Young (Allocation Failure) 96M->96M(102M) 15.830ms
[2020-08-10T13:17:30.739+0300][1990.280s][info ][gc] GC(65869) Pause Young (Allocation Failure) 97M->97M(102M) 15.663ms
[2020-08-10T13:17:30.756+0300][1990.296s][info ][gc] GC(65870) Pause Young (Allocation Failure) 98M->98M(102M) 15.562ms
[2020-08-10T13:17:30.772+0300][1990.313s][info ][gc] GC(65871) Pause Young (Allocation Failure) 99M->99M(102M) 15.713ms
[2020-08-10T13:17:30.802+0300][1990.342s][info ][gc] GC(65872) Pause Young (Allocation Failure) 100M->100M(102M) 29.153ms
[2020-08-10T13:17:31.098+0300][1990.639s][debug][gc] GC(65873) Expanding ParOldGen from 102400K by 11264K to 113664K
[2020-08-10T13:17:31.098+0300][1990.639s][info ][gc] GC(65873) Pause Full (Ergonomics) 100M->100M(113M) 296.241ms
[2020-08-10T13:17:31.138+0300][1990.678s][info ][gc] GC(65874) Pause Young (Allocation Failure) 101M->101M(113M) 39.014ms
[2020-08-10T13:17:31.154+0300][1990.695s][info ][gc] GC(65875) Pause Young (Allocation Failure) 102M->102M(113M) 16.100ms
[2020-08-10T13:17:31.172+0300][1990.712s][info ][gc] GC(65876) Pause Young (Allocation Failure) 103M->102M(113M) 16.346ms
[2020-08-10T13:17:31.189+0300][1990.729s][info ][gc] GC(65877) Pause Young (Allocation Failure) 103M->103M(113M) 16.497ms
[2020-08-10T13:17:31.206+0300][1990.747s][info ][gc] GC(65878) Pause Young (Allocation Failure) 104M->104M(113M) 16.905ms
[2020-08-10T13:17:31.224+0300][1990.764s][info ][gc] GC(65879) Pause Young (Allocation Failure) 105M->105M(113M) 16.886ms
[2020-08-10T13:17:31.241+0300][1990.781s][info ][gc] GC(65880) Pause Young (Allocation Failure) 106M->106M(113M) 16.646ms
[2020-08-10T13:17:31.259+0300][1990.799s][info ][gc] GC(65881) Pause Young (Allocation Failure) 107M->107M(113M) 17.356ms
[2020-08-10T13:17:31.292+0300][1990.833s][info ][gc] GC(65882) Pause Young (Allocation Failure) 108M->108M(113M) 32.799ms
[2020-08-10T13:17:31.310+0300][1990.850s][info ][gc] GC(65883) Pause Young (Allocation Failure) 109M->109M(113M) 16.715ms
[2020-08-10T13:17:31.327+0300][1990.867s][info ][gc] GC(65884) Pause Young (Allocation Failure) 110M->110M(113M) 16.828ms
[2020-08-10T13:17:31.344+0300][1990.885s][info ][gc] GC(65885) Pause Young (Allocation Failure) 111M->111M(113M) 16.854ms
[2020-08-10T13:17:31.714+0300][1991.254s][debug][gc] GC(65886) Expanding ParOldGen from 113664K by 11776K to 125440K
[2020-08-10T13:17:31.714+0300][1991.254s][info ][gc] GC(65886) Pause Full (Ergonomics) 111M->111M(125M) 369.365ms
[2020-08-10T13:17:31.746+0300][1991.286s][info ][gc] GC(65887) Pause Young (Allocation Failure) 112M->112M(125M) 31.484ms
[2020-08-10T13:17:31.764+0300][1991.304s][info ][gc] GC(65888) Pause Young (Allocation Failure) 113M->113M(125M) 17.681ms
[2020-08-10T13:17:31.787+0300][1991.328s][info ][gc] GC(65889) Pause Young (Allocation Failure) 114M->114M(125M) 23.102ms
[2020-08-10T13:17:31.806+0300][1991.346s][info ][gc] GC(65890) Pause Young (Allocation Failure) 115M->115M(125M) 17.984ms
[2020-08-10T13:17:31.830+0300][1991.370s][info ][gc] GC(65891) Pause Young (Allocation Failure) 116M->116M(125M) 23.360ms
[2020-08-10T13:17:31.848+0300][1991.389s][info ][gc] GC(65892) Pause Young (Allocation Failure) 117M->117M(125M) 17.985ms
[2020-08-10T13:17:31.890+0300][1991.430s][info ][gc] GC(65893) Pause Young (Allocation Failure) 118M->118M(125M) 40.932ms
[2020-08-10T13:17:31.908+0300][1991.449s][info ][gc] GC(65894) Pause Young (Allocation Failure) 119M->119M(125M) 18.365ms
[2020-08-10T13:17:31.938+0300][1991.478s][info ][gc] GC(65895) Pause Young (Allocation Failure) 120M->120M(125M) 28.023ms
[2020-08-10T13:17:31.960+0300][1991.501s][info ][gc] GC(65896) Pause Young (Allocation Failure) 121M->120M(125M) 21.976ms
[2020-08-10T13:17:31.984+0300][1991.525s][info ][gc] GC(65897) Pause Young (Allocation Failure) 121M->121M(125M) 24.024ms
[2020-08-10T13:17:32.003+0300][1991.544s][info ][gc] GC(65898) Pause Young (Allocation Failure) 122M->122M(125M) 18.253ms
[2020-08-10T13:17:32.456+0300][1991.997s][debug][gc] GC(65899) Expanding ParOldGen from 125440K by 11264K to 136704K
[2020-08-10T13:17:32.456+0300][1991.997s][info ][gc] GC(65899) Pause Full (Ergonomics) 122M->122M(136M) 453.076ms
[2020-08-10T13:17:32.490+0300][1992.031s][info ][gc] GC(65900) Pause Young (Allocation Failure) 123M->123M(136M) 33.146ms
[2020-08-10T13:17:32.510+0300][1992.051s][info ][gc] GC(65901) Pause Young (Allocation Failure) 124M->124M(136M) 19.418ms
[2020-08-10T13:17:32.544+0300][1992.085s][info ][gc] GC(65902) Pause Young (Allocation Failure) 125M->125M(136M) 33.896ms
[2020-08-10T13:17:32.566+0300][1992.107s][info ][gc] GC(65903) Pause Young (Allocation Failure) 126M->126M(136M) 21.277ms
[2020-08-10T13:17:32.586+0300][1992.127s][info ][gc] GC(65904) Pause Young (Allocation Failure) 127M->127M(136M) 18.968ms
[2020-08-10T13:17:32.605+0300][1992.146s][info ][gc] GC(65905) Pause Young (Allocation Failure) 128M->128M(136M) 18.741ms
[2020-08-10T13:17:32.624+0300][1992.165s][info ][gc] GC(65906) Pause Young (Allocation Failure) 129M->129M(136M) 18.607ms
[2020-08-10T13:17:32.644+0300][1992.184s][info ][gc] GC(65907) Pause Young (Allocation Failure) 130M->130M(136M) 18.536ms
[2020-08-10T13:17:32.668+0300][1992.208s][info ][gc] GC(65908) Pause Young (Allocation Failure) 131M->131M(136M) 22.993ms
[2020-08-10T13:17:32.687+0300][1992.228s][info ][gc] GC(65909) Pause Young (Allocation Failure) 132M->132M(136M) 18.729ms
[2020-08-10T13:17:32.707+0300][1992.247s][info ][gc] GC(65910) Pause Young (Allocation Failure) 133M->133M(136M) 18.807ms
[2020-08-10T13:17:32.726+0300][1992.267s][info ][gc] GC(65911) Pause Young (Allocation Failure) 134M->134M(136M) 19.092ms
[2020-08-10T13:17:33.279+0300][1992.820s][debug][gc] GC(65912) Expanding ParOldGen from 136704K by 11776K to 148480K
[2020-08-10T13:17:33.279+0300][1992.820s][info ][gc] GC(65912) Pause Full (Ergonomics) 134M->133M(147M) 552.788ms
[2020-08-10T13:17:33.315+0300][1992.856s][info ][gc] GC(65913) Pause Young (Allocation Failure) 134M->134M(147M) 35.098ms
[2020-08-10T13:17:33.315+0300][1992.856s][debug][gc] Expanding ParOldGen from 148480K by 19968K to 168448K
[2020-08-10T13:17:33.350+0300][1992.891s][info ][gc] GC(65914) Pause Young (Allocation Failure) 154M->154M(167M) 22.244ms
[2020-08-10T13:17:33.380+0300][1992.921s][info ][gc] GC(65915) Pause Young (Allocation Failure) 155M->155M(167M) 29.749ms
[2020-08-10T13:17:33.409+0300][1992.950s][info ][gc] GC(65916) Pause Young (Allocation Failure) 156M->156M(167M) 28.903ms
[2020-08-10T13:17:33.438+0300][1992.978s][info ][gc] GC(65917) Pause Young (Allocation Failure) 157M->157M(167M) 27.664ms
[2020-08-10T13:17:33.479+0300][1993.020s][info ][gc] GC(65918) Pause Young (Allocation Failure) 158M->158M(167M) 40.305ms
[2020-08-10T13:17:33.508+0300][1993.048s][info ][gc] GC(65919) Pause Young (Allocation Failure) 159M->159M(167M) 27.929ms
[2020-08-10T13:17:33.542+0300][1993.083s][info ][gc] GC(65920) Pause Young (Allocation Failure) 160M->160M(167M) 34.433ms
[2020-08-10T13:17:33.572+0300][1993.112s][info ][gc] GC(65921) Pause Young (Allocation Failure) 161M->161M(167M) 28.628ms
[2020-08-10T13:17:33.600+0300][1993.141s][info ][gc] GC(65922) Pause Young (Allocation Failure) 162M->162M(167M) 28.061ms
[2020-08-10T13:17:33.631+0300][1993.171s][info ][gc] GC(65923) Pause Young (Allocation Failure) 163M->163M(167M) 29.858ms
[2020-08-10T13:17:33.662+0300][1993.202s][info ][gc] GC(65924) Pause Young (Allocation Failure) 164M->164M(167M) 30.215ms
[2020-08-10T13:17:33.690+0300][1993.231s][info ][gc] GC(65925) Pause Young (Allocation Failure) 165M->165M(167M) 27.521ms
[2020-08-10T13:17:33.817+0300][1993.358s][debug][gc] GC(65926) Shrinking ParOldGen from 168448K by 124416K to 44032K
[2020-08-10T13:17:33.817+0300][1993.358s][info ][gc] GC(65926) Pause Full (Ergonomics) 165M->31M(45M) 127.022ms
[2020-08-10T13:17:33.831+0300][1993.372s][info ][gc] GC(65927) Pause Young (Allocation Failure) 32M->32M(45M) 13.419ms
[2020-08-10T13:17:33.858+0300][1993.398s][info ][gc] GC(65928) Pause Young (Allocation Failure) 33M->33M(45M) 25.408ms
[2020-08-10T13:17:33.883+0300][1993.424s][info ][gc] GC(65929) Pause Young (Allocation Failure) 34M->34M(45M) 24.801ms
[2020-08-10T13:17:33.913+0300][1993.453s][info ][gc] GC(65930) Pause Young (Allocation Failure) 35M->35M(45M) 28.433ms
[2020-08-10T13:17:33.934+0300][1993.475s][info ][gc] GC(65931) Pause Young (Allocation Failure) 36M->36M(45M) 20.630ms
[2020-08-10T13:17:33.949+0300][1993.490s][info ][gc] GC(65932) Pause Young (Allocation Failure) 37M->37M(45M) 14.711ms
[2020-08-10T13:17:33.964+0300][1993.505s][info ][gc] GC(65933) Pause Young (Allocation Failure) 38M->37M(45M) 13.827ms
[2020-08-10T13:17:33.980+0300][1993.520s][info ][gc] GC(65934) Pause Young (Allocation Failure) 38M->38M(45M) 14.991ms
[2020-08-10T13:17:33.994+0300][1993.535s][info ][gc] GC(65935) Pause Young (Allocation Failure) 39M->39M(45M) 13.970ms
[2020-08-10T13:17:34.009+0300][1993.550s][info ][gc] GC(65936) Pause Young (Allocation Failure) 40M->40M(45M) 13.797ms
[2020-08-10T13:17:34.024+0300][1993.564s][info ][gc] GC(65937) Pause Young (Allocation Failure) 41M->41M(45M) 13.651ms
[2020-08-10T13:17:34.038+0300][1993.579s][info ][gc] GC(65938) Pause Young (Allocation Failure) 42M->42M(45M) 13.616ms
[2020-08-10T13:17:34.058+0300][1993.599s][info ][gc] GC(65939) Pause Young (Allocation Failure) 43M->43M(45M) 18.874ms
[2020-08-10T13:17:34.192+0300][1993.733s][debug][gc] GC(65940) Expanding ParOldGen from 44032K by 11264K to 55296K
[2020-08-10T13:17:34.192+0300][1993.733s][info ][gc] GC(65940) Pause Full (Ergonomics) 43M->43M(56M) 133.930ms
[2020-08-10T13:17:34.212+0300][1993.752s][info ][gc] GC(65941) Pause Young (Allocation Failure) 44M->44M(56M) 19.183ms
[2020-08-10T13:17:34.226+0300][1993.767s][info ][gc] GC(65942) Pause Young (Allocation Failure) 45M->45M(56M) 14.241ms
[2020-08-10T13:17:34.241+0300][1993.782s][info ][gc] GC(65943) Pause Young (Allocation Failure) 46M->46M(56M) 13.808ms
[2020-08-10T13:17:34.256+0300][1993.797s][info ][gc] GC(65944) Pause Young (Allocation Failure) 47M->47M(56M) 13.886ms
[2020-08-10T13:17:34.270+0300][1993.811s][info ][gc] GC(65945) Pause Young (Allocation Failure) 48M->47M(56M) 13.805ms
[2020-08-10T13:17:34.285+0300][1993.826s][info ][gc] GC(65946) Pause Young (Allocation Failure) 48M->48M(56M) 13.810ms
[2020-08-10T13:17:34.303+0300][1993.844s][info ][gc] GC(65947) Pause Young (Allocation Failure) 49M->49M(56M) 17.252ms
[2020-08-10T13:17:34.317+0300][1993.858s][info ][gc] GC(65948) Pause Young (Allocation Failure) 50M->50M(56M) 13.795ms
[2020-08-10T13:17:34.332+0300][1993.873s][info ][gc] GC(65949) Pause Young (Allocation Failure) 51M->51M(56M) 13.925ms
[2020-08-10T13:17:34.346+0300][1993.887s][info ][gc] GC(65950) Pause Young (Allocation Failure) 52M->52M(56M) 13.786ms
[2020-08-10T13:17:34.361+0300][1993.902s][info ][gc] GC(65951) Pause Young (Allocation Failure) 53M->53M(56M) 14.097ms
[2020-08-10T13:17:34.375+0300][1993.916s][info ][gc] GC(65952) Pause Young (Allocation Failure) 54M->54M(56M) 13.952ms
[2020-08-10T13:17:34.530+0300][1994.071s][debug][gc] GC(65953) Expanding ParOldGen from 55296K by 11264K to 66560K
[2020-08-10T13:17:34.530+0300][1994.071s][info ][gc] GC(65953) Pause Full (Ergonomics) 54M->54M(67M) 154.923ms
[2020-08-10T13:17:34.553+0300][1994.094s][info ][gc] GC(65954) Pause Young (Allocation Failure) 55M->55M(67M) 22.164ms
[2020-08-10T13:17:34.568+0300][1994.108s][info ][gc] GC(65955) Pause Young (Allocation Failure) 56M->56M(67M) 14.211ms
[2020-08-10T13:17:34.582+0300][1994.123s][info ][gc] GC(65956) Pause Young (Allocation Failure) 57M->57M(67M) 13.923ms
[2020-08-10T13:17:34.602+0300][1994.142s][info ][gc] GC(65957) Pause Young (Allocation Failure) 58M->58M(67M) 18.896ms
[2020-08-10T13:17:34.616+0300][1994.157s][info ][gc] GC(65958) Pause Young (Allocation Failure) 59M->59M(67M) 13.985ms
[2020-08-10T13:17:34.631+0300][1994.172s][info ][gc] GC(65959) Pause Young (Allocation Failure) 60M->59M(67M) 14.136ms
[2020-08-10T13:17:34.646+0300][1994.186s][info ][gc] GC(65960) Pause Young (Allocation Failure) 60M->60M(67M) 14.027ms
[2020-08-10T13:17:34.660+0300][1994.201s][info ][gc] GC(65961) Pause Young (Allocation Failure) 61M->61M(67M) 13.902ms
[2020-08-10T13:17:34.675+0300][1994.215s][info ][gc] GC(65962) Pause Young (Allocation Failure) 62M->62M(67M) 14.072ms
[2020-08-10T13:17:34.698+0300][1994.238s][info ][gc] GC(65963) Pause Young (Allocation Failure) 63M->63M(67M) 22.638ms
[2020-08-10T13:17:34.713+0300][1994.254s][info ][gc] GC(65964) Pause Young (Allocation Failure) 64M->64M(67M) 14.473ms
[2020-08-10T13:17:34.745+0300][1994.286s][info ][gc] GC(65965) Pause Young (Allocation Failure) 65M->65M(67M) 31.302ms
[2020-08-10T13:17:34.932+0300][1994.473s][debug][gc] GC(65966) Expanding ParOldGen from 66560K by 11264K to 77824K
[2020-08-10T13:17:34.932+0300][1994.473s][info ][gc] GC(65966) Pause Full (Ergonomics) 65M->65M(78M) 187.211ms
[2020-08-10T13:17:34.982+0300][1994.523s][info ][gc] GC(65967) Pause Young (Allocation Failure) 66M->66M(78M) 48.955ms
[2020-08-10T13:17:35.013+0300][1994.554s][info ][gc] GC(65968) Pause Young (Allocation Failure) 67M->67M(78M) 30.481ms
[2020-08-10T13:17:35.028+0300][1994.569s][info ][gc] GC(65969) Pause Young (Allocation Failure) 68M->68M(78M) 14.275ms
[2020-08-10T13:17:35.044+0300][1994.584s][info ][gc] GC(65970) Pause Young (Allocation Failure) 69M->69M(78M) 14.246ms
[2020-08-10T13:17:35.058+0300][1994.599s][info ][gc] GC(65971) Pause Young (Allocation Failure) 70M->70M(78M) 13.890ms
[2020-08-10T13:17:35.072+0300][1994.613s][info ][gc] GC(65972) Pause Young (Allocation Failure) 71M->71M(78M) 13.948ms
[2020-08-10T13:17:35.087+0300][1994.627s][info ][gc] GC(65973) Pause Young (Allocation Failure) 72M->72M(78M) 13.942ms
[2020-08-10T13:17:35.102+0300][1994.643s][info ][gc] GC(65974) Pause Young (Allocation Failure) 73M->73M(78M) 14.446ms
[2020-08-10T13:17:35.128+0300][1994.669s][info ][gc] GC(65975) Pause Young (Allocation Failure) 74M->74M(78M) 25.132ms
[2020-08-10T13:17:35.156+0300][1994.696s][info ][gc] GC(65976) Pause Young (Allocation Failure) 75M->75M(78M) 26.316ms
[2020-08-10T13:17:35.170+0300][1994.711s][info ][gc] GC(65977) Pause Young (Allocation Failure) 76M->75M(78M) 14.252ms
[2020-08-10T13:17:35.186+0300][1994.727s][info ][gc] GC(65978) Pause Young (Allocation Failure) 76M->76M(78M) 14.847ms
[2020-08-10T13:17:35.462+0300][1995.002s][debug][gc] GC(65979) Expanding ParOldGen from 77824K by 11264K to 89088K
[2020-08-10T13:17:35.462+0300][1995.003s][info ][gc] GC(65979) Pause Full (Ergonomics) 76M->76M(89M) 275.806ms
[2020-08-10T13:17:35.504+0300][1995.045s][info ][gc] GC(65980) Pause Young (Allocation Failure) 77M->77M(89M) 41.380ms
[2020-08-10T13:17:35.519+0300][1995.060s][info ][gc] GC(65981) Pause Young (Allocation Failure) 78M->78M(89M) 14.270ms
[2020-08-10T13:17:35.535+0300][1995.076s][info ][gc] GC(65982) Pause Young (Allocation Failure) 79M->79M(89M) 15.294ms
[2020-08-10T13:17:35.550+0300][1995.091s][info ][gc] GC(65983) Pause Young (Allocation Failure) 80M->80M(88M) 14.205ms
[2020-08-10T13:17:35.571+0300][1995.112s][info ][gc] GC(65984) Pause Young (Allocation Failure) 81M->81M(89M) 20.719ms
[2020-08-10T13:17:35.586+0300][1995.127s][info ][gc] GC(65985) Pause Young (Allocation Failure) 81M->81M(89M) 13.993ms
[2020-08-10T13:17:35.600+0300][1995.141s][info ][gc] GC(65986) Pause Young (Allocation Failure) 81M->81M(89M) 13.739ms
[2020-08-10T13:17:35.614+0300][1995.155s][info ][gc] GC(65987) Pause Young (Allocation Failure) 82M->82M(89M) 13.795ms
[2020-08-10T13:17:35.628+0300][1995.169s][info ][gc] GC(65988) Pause Young (Allocation Failure) 82M->82M(89M) 13.639ms
[2020-08-10T13:17:35.657+0300][1995.197s][info ][gc] GC(65989) Pause Young (Allocation Failure) 83M->83M(89M) 27.783ms
[2020-08-10T13:17:35.671+0300][1995.212s][info ][gc] GC(65990) Pause Young (Allocation Failure) 83M->83M(89M) 14.168ms
[2020-08-10T13:17:35.686+0300][1995.226s][info ][gc] GC(65991) Pause Young (Allocation Failure) 84M->84M(89M) 13.790ms
[2020-08-10T13:17:35.700+0300][1995.241s][info ][gc] GC(65992) Pause Young (Allocation Failure) 84M->84M(89M) 13.866ms
[2020-08-10T13:17:35.717+0300][1995.258s][info ][gc] GC(65993) Pause Young (Allocation Failure) 85M->85M(89M) 16.855ms
[2020-08-10T13:17:35.732+0300][1995.272s][info ][gc] GC(65994) Pause Young (Allocation Failure) 85M->85M(89M) 13.745ms
[2020-08-10T13:17:35.746+0300][1995.287s][info ][gc] GC(65995) Pause Young (Allocation Failure) 86M->85M(89M) 14.124ms
[2020-08-10T13:17:35.761+0300][1995.302s][info ][gc] GC(65996) Pause Young (Allocation Failure) 86M->86M(89M) 14.063ms
[2020-08-10T13:17:36.011+0300][1995.552s][debug][gc] GC(65997) Expanding ParOldGen from 89088K by 10752K to 99840K
[2020-08-10T13:17:36.011+0300][1995.552s][info ][gc] GC(65997) Pause Full (Ergonomics) 86M->86M(99M) 250.015ms
[2020-08-10T13:17:36.026+0300][1995.566s][info ][gc] GC(65998) Pause Young (Allocation Failure) 86M->86M(99M) 13.693ms
[2020-08-10T13:17:36.053+0300][1995.594s][info ][gc] GC(65999) Pause Young (Allocation Failure) 87M->87M(99M) 26.670ms
[2020-08-10T13:17:36.067+0300][1995.608s][info ][gc] GC(66000) Pause Young (Allocation Failure) 87M->87M(99M) 13.908ms
[2020-08-10T13:17:36.082+0300][1995.623s][info ][gc] GC(66001) Pause Young (Allocation Failure) 88M->88M(98M) 14.038ms
[2020-08-10T13:17:36.096+0300][1995.637s][info ][gc] GC(66002) Pause Young (Allocation Failure) 88M->88M(99M) 13.919ms
[2020-08-10T13:17:36.110+0300][1995.651s][info ][gc] GC(66003) Pause Young (Allocation Failure) 89M->88M(99M) 13.598ms
[2020-08-10T13:17:36.125+0300][1995.666s][info ][gc] GC(66004) Pause Young (Allocation Failure) 89M->89M(99M) 13.878ms
[2020-08-10T13:17:36.139+0300][1995.680s][info ][gc] GC(66005) Pause Young (Allocation Failure) 89M->89M(99M) 13.807ms
[2020-08-10T13:17:36.155+0300][1995.696s][info ][gc] GC(66006) Pause Young (Allocation Failure) 90M->90M(99M) 15.069ms
[2020-08-10T13:17:36.169+0300][1995.710s][info ][gc] GC(66007) Pause Young (Allocation Failure) 90M->90M(99M) 13.659ms
[2020-08-10T13:17:36.184+0300][1995.724s][info ][gc] GC(66008) Pause Young (Allocation Failure) 91M->91M(99M) 13.831ms
[2020-08-10T13:17:36.201+0300][1995.742s][info ][gc] GC(66009) Pause Young (Allocation Failure) 91M->91M(99M) 17.079ms
[2020-08-10T13:17:36.215+0300][1995.756s][info ][gc] GC(66010) Pause Young (Allocation Failure) 92M->92M(99M) 13.609ms
[2020-08-10T13:17:36.244+0300][1995.785s][info ][gc] GC(66011) Pause Young (Allocation Failure) 92M->92M(99M) 28.673ms
[2020-08-10T13:17:36.259+0300][1995.799s][info ][gc] GC(66012) Pause Young (Allocation Failure) 93M->92M(99M) 13.614ms
[2020-08-10T13:17:36.273+0300][1995.814s][info ][gc] GC(66013) Pause Young (Allocation Failure) 93M->93M(99M) 13.668ms
[2020-08-10T13:17:36.287+0300][1995.828s][info ][gc] GC(66014) Pause Young (Allocation Failure) 93M->93M(99M) 13.716ms
[2020-08-10T13:17:36.301+0300][1995.842s][info ][gc] GC(66015) Pause Young (Allocation Failure) 94M->94M(99M) 13.535ms
[2020-08-10T13:17:36.315+0300][1995.856s][info ][gc] GC(66016) Pause Young (Allocation Failure) 94M->94M(99M) 13.367ms
[2020-08-10T13:17:36.330+0300][1995.871s][info ][gc] GC(66017) Pause Young (Allocation Failure) 95M->95M(99M) 13.636ms
[2020-08-10T13:17:36.344+0300][1995.885s][info ][gc] GC(66018) Pause Young (Allocation Failure) 95M->95M(99M) 13.725ms
[2020-08-10T13:17:36.358+0300][1995.899s][info ][gc] GC(66019) Pause Young (Allocation Failure) 96M->96M(99M) 13.643ms
[2020-08-10T13:17:36.372+0300][1995.913s][info ][gc] GC(66020) Pause Young (Allocation Failure) 96M->96M(99M) 13.611ms
[2020-08-10T13:17:36.386+0300][1995.927s][info ][gc] GC(66021) Pause Young (Allocation Failure) 97M->96M(99M) 13.471ms
[2020-08-10T13:17:36.400+0300][1995.941s][info ][gc] GC(66022) Pause Young (Allocation Failure) 97M->97M(99M) 13.656ms
[2020-08-10T13:17:36.690+0300][1996.231s][debug][gc] GC(66023) Expanding ParOldGen from 99840K by 10752K to 110592K
[2020-08-10T13:17:36.690+0300][1996.231s][info ][gc] GC(66023) Pause Full (Ergonomics) 97M->97M(109M) 289.958ms
[2020-08-10T13:17:36.704+0300][1996.245s][info ][gc] GC(66024) Pause Young (Allocation Failure) 97M->97M(109M) 13.501ms
[2020-08-10T13:17:36.719+0300][1996.260s][info ][gc] GC(66025) Pause Young (Allocation Failure) 98M->98M(109M) 13.727ms
[2020-08-10T13:17:36.734+0300][1996.274s][info ][gc] GC(66026) Pause Young (Allocation Failure) 98M->98M(109M) 14.195ms
[2020-08-10T13:17:36.747+0300][1996.288s][info ][gc] GC(66027) Pause Young (Allocation Failure) 99M->99M(109M) 13.525ms
[2020-08-10T13:17:36.761+0300][1996.302s][info ][gc] GC(66028) Pause Young (Allocation Failure) 99M->99M(109M) 13.515ms
[2020-08-10T13:17:36.775+0300][1996.316s][info ][gc] GC(66029) Pause Young (Allocation Failure) 100M->99M(109M) 13.447ms
[2020-08-10T13:17:36.789+0300][1996.330s][info ][gc] GC(66030) Pause Young (Allocation Failure) 100M->100M(109M) 13.547ms
[2020-08-10T13:17:36.803+0300][1996.344s][info ][gc] GC(66031) Pause Young (Allocation Failure) 100M->100M(109M) 13.638ms
[2020-08-10T13:17:36.822+0300][1996.363s][info ][gc] GC(66032) Pause Young (Allocation Failure) 101M->101M(109M) 17.901ms
[2020-08-10T13:17:36.836+0300][1996.377s][info ][gc] GC(66033) Pause Young (Allocation Failure) 101M->101M(109M) 13.602ms
[2020-08-10T13:17:36.850+0300][1996.391s][info ][gc] GC(66034) Pause Young (Allocation Failure) 102M->102M(109M) 13.603ms
[2020-08-10T13:17:36.869+0300][1996.409s][info ][gc] GC(66035) Pause Young (Allocation Failure) 102M->102M(109M) 18.157ms
[2020-08-10T13:17:36.883+0300][1996.424s][info ][gc] GC(66036) Pause Young (Allocation Failure) 103M->103M(109M) 13.662ms
[2020-08-10T13:17:36.897+0300][1996.438s][info ][gc] GC(66037) Pause Young (Allocation Failure) 103M->103M(109M) 13.671ms
[2020-08-10T13:17:36.912+0300][1996.453s][info ][gc] GC(66038) Pause Young (Allocation Failure) 104M->103M(109M) 13.698ms
[2020-08-10T13:17:36.926+0300][1996.467s][info ][gc] GC(66039) Pause Young (Allocation Failure) 104M->104M(109M) 13.433ms
[2020-08-10T13:17:36.940+0300][1996.481s][info ][gc] GC(66040) Pause Young (Allocation Failure) 104M->104M(109M) 13.439ms
[2020-08-10T13:17:36.954+0300][1996.495s][info ][gc] GC(66041) Pause Young (Allocation Failure) 105M->105M(109M) 13.392ms
[2020-08-10T13:17:36.968+0300][1996.509s][info ][gc] GC(66042) Pause Young (Allocation Failure) 105M->105M(109M) 13.430ms
[2020-08-10T13:17:36.987+0300][1996.528s][info ][gc] GC(66043) Pause Young (Allocation Failure) 106M->106M(109M) 18.529ms
[2020-08-10T13:17:37.001+0300][1996.542s][info ][gc] GC(66044) Pause Young (Allocation Failure) 106M->106M(109M) 13.587ms
[2020-08-10T13:17:37.015+0300][1996.556s][info ][gc] GC(66045) Pause Young (Allocation Failure) 107M->107M(109M) 13.578ms
[2020-08-10T13:17:37.029+0300][1996.570s][info ][gc] GC(66046) Pause Young (Allocation Failure) 107M->107M(109M) 13.824ms
[2020-08-10T13:17:37.044+0300][1996.585s][info ][gc] GC(66047) Pause Young (Allocation Failure) 107M->107M(109M) 13.796ms
[2020-08-10T13:17:37.058+0300][1996.599s][info ][gc] GC(66048) Pause Young (Allocation Failure) 108M->108M(109M) 13.786ms
[2020-08-10T13:17:37.362+0300][1996.902s][debug][gc] GC(66049) Expanding ParOldGen from 110592K by 10752K to 121344K
[2020-08-10T13:17:37.362+0300][1996.902s][info ][gc] GC(66049) Pause Full (Ergonomics) 108M->108M(120M) 303.444ms
[2020-08-10T13:17:37.399+0300][1996.940s][info ][gc] GC(66050) Pause Young (Allocation Failure) 108M->108M(120M) 36.886ms
[2020-08-10T13:17:37.418+0300][1996.959s][info ][gc] GC(66051) Pause Young (Allocation Failure) 109M->109M(120M) 18.377ms
[2020-08-10T13:17:37.432+0300][1996.973s][info ][gc] GC(66052) Pause Young (Allocation Failure) 109M->109M(120M) 13.978ms
[2020-08-10T13:17:37.447+0300][1996.988s][info ][gc] GC(66053) Pause Young (Allocation Failure) 109M->109M(120M) 13.979ms
[2020-08-10T13:17:37.461+0300][1997.002s][info ][gc] GC(66054) Pause Young (Allocation Failure) 110M->110M(120M) 14.225ms
[2020-08-10T13:17:37.476+0300][1997.016s][info ][gc] GC(66055) Pause Young (Allocation Failure) 110M->110M(120M) 14.056ms
[2020-08-10T13:17:37.490+0300][1997.031s][info ][gc] GC(66056) Pause Young (Allocation Failure) 111M->111M(120M) 13.960ms
[2020-08-10T13:17:37.505+0300][1997.045s][info ][gc] GC(66057) Pause Young (Allocation Failure) 111M->111M(120M) 14.162ms
[2020-08-10T13:17:37.519+0300][1997.060s][info ][gc] GC(66058) Pause Young (Allocation Failure) 112M->112M(120M) 14.071ms
[2020-08-10T13:17:37.534+0300][1997.075s][info ][gc] GC(66059) Pause Young (Allocation Failure) 112M->112M(120M) 13.996ms
[2020-08-10T13:17:37.549+0300][1997.089s][info ][gc] GC(66060) Pause Young (Allocation Failure) 113M->113M(120M) 13.998ms
[2020-08-10T13:17:37.563+0300][1997.104s][info ][gc] GC(66061) Pause Young (Allocation Failure) 113M->113M(120M) 14.326ms
[2020-08-10T13:17:37.594+0300][1997.135s][info ][gc] GC(66062) Pause Young (Allocation Failure) 114M->114M(120M) 29.917ms
[2020-08-10T13:17:37.609+0300][1997.150s][info ][gc] GC(66063) Pause Young (Allocation Failure) 114M->114M(120M) 14.673ms
[2020-08-10T13:17:37.633+0300][1997.174s][info ][gc] GC(66064) Pause Young (Allocation Failure) 114M->114M(120M) 23.482ms
[2020-08-10T13:17:37.648+0300][1997.189s][info ][gc] GC(66065) Pause Young (Allocation Failure) 115M->115M(120M) 14.690ms
[2020-08-10T13:17:37.663+0300][1997.204s][info ][gc] GC(66066) Pause Young (Allocation Failure) 115M->115M(120M) 14.582ms
[2020-08-10T13:17:37.679+0300][1997.220s][info ][gc] GC(66067) Pause Young (Allocation Failure) 116M->116M(120M) 15.080ms
[2020-08-10T13:17:37.694+0300][1997.235s][info ][gc] GC(66068) Pause Young (Allocation Failure) 116M->116M(120M) 14.620ms
[2020-08-10T13:17:37.710+0300][1997.251s][info ][gc] GC(66069) Pause Young (Allocation Failure) 117M->117M(120M) 15.090ms
[2020-08-10T13:17:37.726+0300][1997.267s][info ][gc] GC(66070) Pause Young (Allocation Failure) 117M->117M(120M) 15.094ms
[2020-08-10T13:17:37.744+0300][1997.285s][info ][gc] GC(66071) Pause Young (Allocation Failure) 118M->118M(120M) 17.752ms
[2020-08-10T13:17:37.760+0300][1997.300s][info ][gc] GC(66072) Pause Young (Allocation Failure) 118M->118M(120M) 14.828ms
[2020-08-10T13:17:38.067+0300][1997.607s][debug][gc] GC(66073) Expanding ParOldGen from 121344K by 10752K to 132096K
[2020-08-10T13:17:38.067+0300][1997.608s][info ][gc] GC(66073) Pause Full (Ergonomics) 118M->118M(130M) 306.891ms
[2020-08-10T13:17:38.083+0300][1997.624s][info ][gc] GC(66074) Pause Young (Allocation Failure) 118M->118M(130M) 15.919ms
[2020-08-10T13:17:38.099+0300][1997.640s][info ][gc] GC(66075) Pause Young (Allocation Failure) 119M->119M(130M) 15.193ms
[2020-08-10T13:17:38.118+0300][1997.659s][info ][gc] GC(66076) Pause Young (Allocation Failure) 119M->119M(130M) 18.138ms
[2020-08-10T13:17:38.133+0300][1997.674s][info ][gc] GC(66077) Pause Young (Allocation Failure) 120M->120M(130M) 14.782ms
[2020-08-10T13:17:38.148+0300][1997.689s][info ][gc] GC(66078) Pause Young (Allocation Failure) 120M->120M(130M) 14.987ms
[2020-08-10T13:17:38.164+0300][1997.705s][info ][gc] GC(66079) Pause Young (Allocation Failure) 121M->121M(130M) 14.914ms
[2020-08-10T13:17:38.180+0300][1997.720s][info ][gc] GC(66080) Pause Young (Allocation Failure) 121M->121M(130M) 15.317ms
[2020-08-10T13:17:38.195+0300][1997.736s][info ][gc] GC(66081) Pause Young (Allocation Failure) 122M->122M(130M) 15.148ms
[2020-08-10T13:17:38.211+0300][1997.752s][info ][gc] GC(66082) Pause Young (Allocation Failure) 122M->122M(130M) 15.108ms
[2020-08-10T13:17:38.227+0300][1997.767s][info ][gc] GC(66083) Pause Young (Allocation Failure) 123M->122M(130M) 14.936ms
[2020-08-10T13:17:38.242+0300][1997.783s][info ][gc] GC(66084) Pause Young (Allocation Failure) 123M->123M(130M) 15.047ms
[2020-08-10T13:17:38.275+0300][1997.816s][info ][gc] GC(66085) Pause Young (Allocation Failure) 123M->123M(130M) 32.684ms
[2020-08-10T13:17:38.295+0300][1997.836s][info ][gc] GC(66086) Pause Young (Allocation Failure) 124M->124M(130M) 19.794ms
[2020-08-10T13:17:38.311+0300][1997.852s][info ][gc] GC(66087) Pause Young (Allocation Failure) 124M->124M(130M) 15.187ms
[2020-08-10T13:17:38.336+0300][1997.877s][info ][gc] GC(66088) Pause Young (Allocation Failure) 125M->125M(130M) 24.494ms
[2020-08-10T13:17:38.356+0300][1997.897s][info ][gc] GC(66089) Pause Young (Allocation Failure) 125M->125M(130M) 20.342ms
[2020-08-10T13:17:38.381+0300][1997.922s][info ][gc] GC(66090) Pause Young (Allocation Failure) 126M->126M(130M) 24.356ms
[2020-08-10T13:17:38.397+0300][1997.938s][info ][gc] GC(66091) Pause Young (Allocation Failure) 126M->126M(130M) 15.346ms
[2020-08-10T13:17:38.414+0300][1997.955s][info ][gc] GC(66092) Pause Young (Allocation Failure) 127M->127M(130M) 15.593ms
[2020-08-10T13:17:38.430+0300][1997.971s][info ][gc] GC(66093) Pause Young (Allocation Failure) 127M->127M(130M) 15.584ms
[2020-08-10T13:17:38.446+0300][1997.987s][info ][gc] GC(66094) Pause Young (Allocation Failure) 128M->128M(130M) 15.176ms
[2020-08-10T13:17:38.475+0300][1998.016s][info ][gc] GC(66095) Pause Young (Allocation Failure) 128M->128M(130M) 28.399ms
[2020-08-10T13:17:38.491+0300][1998.031s][info ][gc] GC(66096) Pause Young (Allocation Failure) 129M->128M(130M) 15.504ms
[2020-08-10T13:17:38.506+0300][1998.047s][info ][gc] GC(66097) Pause Young (Allocation Failure) 129M->129M(130M) 15.490ms
[2020-08-10T13:17:38.971+0300][1998.512s][debug][gc] GC(66098) Expanding ParOldGen from 132096K by 10752K to 142848K
[2020-08-10T13:17:38.971+0300][1998.512s][info ][gc] GC(66098) Pause Full (Ergonomics) 129M->129M(141M) 464.902ms
[2020-08-10T13:17:39.008+0300][1998.549s][info ][gc] GC(66099) Pause Young (Allocation Failure) 129M->129M(141M) 35.861ms
[2020-08-10T13:17:39.025+0300][1998.565s][info ][gc] GC(66100) Pause Young (Allocation Failure) 130M->130M(141M) 16.113ms
[2020-08-10T13:17:39.041+0300][1998.582s][info ][gc] GC(66101) Pause Young (Allocation Failure) 130M->130M(141M) 15.849ms
[2020-08-10T13:17:39.057+0300][1998.598s][info ][gc] GC(66102) Pause Young (Allocation Failure) 131M->131M(141M) 15.849ms
[2020-08-10T13:17:39.073+0300][1998.614s][info ][gc] GC(66103) Pause Young (Allocation Failure) 131M->131M(141M) 15.859ms
[2020-08-10T13:17:39.090+0300][1998.631s][info ][gc] GC(66104) Pause Young (Allocation Failure) 131M->131M(141M) 15.775ms
[2020-08-10T13:17:39.106+0300][1998.647s][info ][gc] GC(66105) Pause Young (Allocation Failure) 132M->132M(141M) 15.961ms
[2020-08-10T13:17:39.123+0300][1998.664s][info ][gc] GC(66106) Pause Young (Allocation Failure) 132M->132M(141M) 16.183ms
[2020-08-10T13:17:39.140+0300][1998.680s][info ][gc] GC(66107) Pause Young (Allocation Failure) 133M->133M(141M) 16.168ms
[2020-08-10T13:17:39.173+0300][1998.714s][info ][gc] GC(66108) Pause Young (Allocation Failure) 133M->133M(141M) 32.540ms
[2020-08-10T13:17:39.189+0300][1998.730s][info ][gc] GC(66109) Pause Young (Allocation Failure) 134M->134M(141M) 16.280ms
[2020-08-10T13:17:39.214+0300][1998.755s][info ][gc] GC(66110) Pause Young (Allocation Failure) 134M->134M(141M) 23.955ms
[2020-08-10T13:17:39.252+0300][1998.793s][info ][gc] GC(66111) Pause Young (Allocation Failure) 135M->134M(141M) 37.349ms
[2020-08-10T13:17:39.268+0300][1998.809s][info ][gc] GC(66112) Pause Young (Allocation Failure) 135M->135M(141M) 16.401ms
[2020-08-10T13:17:39.285+0300][1998.826s][info ][gc] GC(66113) Pause Young (Allocation Failure) 136M->135M(141M) 16.377ms
[2020-08-10T13:17:39.285+0300][1998.826s][debug][gc] Expanding ParOldGen from 142848K by 19968K to 162816K
[2020-08-10T13:17:39.309+0300][1998.850s][info ][gc] GC(66114) Pause Young (Allocation Failure) 155M->155M(160M) 15.281ms
[2020-08-10T13:17:39.360+0300][1998.901s][info ][gc] GC(66115) Pause Young (Allocation Failure) 155M->155M(160M) 50.842ms
[2020-08-10T13:17:39.387+0300][1998.928s][info ][gc] GC(66116) Pause Young (Allocation Failure) 156M->156M(160M) 26.668ms
[2020-08-10T13:17:39.444+0300][1998.985s][info ][gc] GC(66117) Pause Young (Allocation Failure) 156M->156M(160M) 56.349ms
[2020-08-10T13:17:39.471+0300][1999.012s][info ][gc] GC(66118) Pause Young (Allocation Failure) 156M->156M(160M) 26.876ms
[2020-08-10T13:17:39.499+0300][1999.040s][info ][gc] GC(66119) Pause Young (Allocation Failure) 157M->157M(160M) 27.712ms
[2020-08-10T13:17:39.527+0300][1999.068s][info ][gc] GC(66120) Pause Young (Allocation Failure) 157M->157M(160M) 26.812ms
[2020-08-10T13:17:39.554+0300][1999.095s][info ][gc] GC(66121) Pause Young (Allocation Failure) 158M->158M(160M) 26.838ms
[2020-08-10T13:17:39.602+0300][1999.143s][info ][gc] GC(66122) Pause Young (Allocation Failure) 158M->158M(160M) 47.741ms
[2020-08-10T13:17:39.635+0300][1999.176s][info ][gc] GC(66123) Pause Young (Allocation Failure) 159M->159M(160M) 32.862ms
[2020-08-10T13:17:39.693+0300][1999.234s][debug][gc] GC(66124) Shrinking ParOldGen from 162816K by 125952K to 36864K
[2020-08-10T13:17:39.693+0300][1999.234s][info ][gc] GC(66124) Pause Full (Ergonomics) 159M->25M(37M) 57.185ms
[2020-08-10T13:17:39.707+0300][1999.248s][info ][gc] GC(66125) Pause Young (Allocation Failure) 25M->25M(37M) 14.196ms
[2020-08-10T13:17:39.722+0300][1999.263s][info ][gc] GC(66126) Pause Young (Allocation Failure) 26M->26M(37M) 13.953ms
[2020-08-10T13:17:39.753+0300][1999.294s][info ][gc] GC(66127) Pause Young (Allocation Failure) 26M->26M(37M) 30.144ms
[2020-08-10T13:17:39.782+0300][1999.323s][info ][gc] GC(66128) Pause Young (Allocation Failure) 27M->27M(37M) 29.030ms
[2020-08-10T13:17:39.798+0300][1999.339s][info ][gc] GC(66129) Pause Young (Allocation Failure) 27M->27M(37M) 15.498ms
[2020-08-10T13:17:39.812+0300][1999.353s][info ][gc] GC(66130) Pause Young (Allocation Failure) 28M->28M(37M) 14.049ms
[2020-08-10T13:17:39.826+0300][1999.367s][info ][gc] GC(66131) Pause Young (Allocation Failure) 28M->28M(37M) 13.498ms
[2020-08-10T13:17:39.840+0300][1999.381s][info ][gc] GC(66132) Pause Young (Allocation Failure) 29M->29M(37M) 13.307ms
[2020-08-10T13:17:39.874+0300][1999.415s][info ][gc] GC(66133) Pause Young (Allocation Failure) 29M->29M(37M) 33.277ms
[2020-08-10T13:17:39.898+0300][1999.439s][info ][gc] GC(66134) Pause Young (Allocation Failure) 30M->30M(37M) 23.806ms
[2020-08-10T13:17:39.927+0300][1999.468s][info ][gc] GC(66135) Pause Young (Allocation Failure) 30M->30M(37M) 27.955ms
[2020-08-10T13:17:39.941+0300][1999.482s][info ][gc] GC(66136) Pause Young (Allocation Failure) 30M->30M(37M) 13.591ms
[2020-08-10T13:17:39.956+0300][1999.497s][info ][gc] GC(66137) Pause Young (Allocation Failure) 31M->31M(37M) 14.688ms
[2020-08-10T13:17:39.970+0300][1999.510s][info ][gc] GC(66138) Pause Young (Allocation Failure) 31M->31M(37M) 13.392ms
[2020-08-10T13:17:39.983+0300][1999.524s][info ][gc] GC(66139) Pause Young (Allocation Failure) 32M->32M(37M) 13.429ms
[2020-08-10T13:17:39.997+0300][1999.538s][info ][gc] GC(66140) Pause Young (Allocation Failure) 32M->32M(37M) 13.460ms
[2020-08-10T13:17:40.011+0300][1999.552s][info ][gc] GC(66141) Pause Young (Allocation Failure) 33M->33M(37M) 13.684ms
[2020-08-10T13:17:40.026+0300][1999.567s][info ][gc] GC(66142) Pause Young (Allocation Failure) 33M->33M(37M) 14.275ms
[2020-08-10T13:17:40.041+0300][1999.582s][info ][gc] GC(66143) Pause Young (Allocation Failure) 34M->34M(37M) 14.957ms
[2020-08-10T13:17:40.055+0300][1999.596s][info ][gc] GC(66144) Pause Young (Allocation Failure) 34M->34M(37M) 13.409ms
[2020-08-10T13:17:40.071+0300][1999.612s][info ][gc] GC(66145) Pause Young (Allocation Failure) 35M->35M(37M) 15.766ms
[2020-08-10T13:17:40.085+0300][1999.626s][info ][gc] GC(66146) Pause Young (Allocation Failure) 35M->35M(37M) 13.385ms
[2020-08-10T13:17:40.099+0300][1999.640s][info ][gc] GC(66147) Pause Young (Allocation Failure) 36M->36M(37M) 13.881ms
[2020-08-10T13:17:40.188+0300][1999.729s][debug][gc] GC(66148) Expanding ParOldGen from 36864K by 10752K to 47616K
[2020-08-10T13:17:40.188+0300][1999.729s][info ][gc] GC(66148) Pause Full (Ergonomics) 36M->35M(48M) 88.556ms
[2020-08-10T13:17:40.202+0300][1999.743s][info ][gc] GC(66149) Pause Young (Allocation Failure) 36M->36M(47M) 13.380ms
[2020-08-10T13:17:40.216+0300][1999.757s][info ][gc] GC(66150) Pause Young (Allocation Failure) 37M->37M(48M) 13.456ms
[2020-08-10T13:17:40.230+0300][1999.771s][info ][gc] GC(66151) Pause Young (Allocation Failure) 37M->37M(48M) 14.058ms
[2020-08-10T13:17:40.244+0300][1999.785s][info ][gc] GC(66152) Pause Young (Allocation Failure) 38M->38M(48M) 13.673ms
[2020-08-10T13:17:40.258+0300][1999.799s][info ][gc] GC(66153) Pause Young (Allocation Failure) 38M->38M(48M) 13.648ms
[2020-08-10T13:17:40.272+0300][1999.813s][info ][gc] GC(66154) Pause Young (Allocation Failure) 39M->39M(48M) 13.190ms
[2020-08-10T13:17:40.286+0300][1999.827s][info ][gc] GC(66155) Pause Young (Allocation Failure) 39M->39M(48M) 13.252ms
[2020-08-10T13:17:40.299+0300][1999.840s][info ][gc] GC(66156) Pause Young (Allocation Failure) 40M->39M(48M) 13.212ms
[2020-08-10T13:17:40.313+0300][1999.854s][info ][gc] GC(66157) Pause Young (Allocation Failure) 40M->40M(48M) 13.192ms
[2020-08-10T13:17:40.327+0300][1999.868s][info ][gc] GC(66158) Pause Young (Allocation Failure) 40M->40M(48M) 13.755ms
[2020-08-10T13:17:40.341+0300][1999.882s][info ][gc] GC(66159) Pause Young (Allocation Failure) 41M->41M(48M) 13.329ms
[2020-08-10T13:17:40.378+0300][1999.919s][info ][gc] GC(66160) Pause Young (Allocation Failure) 41M->41M(48M) 37.233ms
[2020-08-10T13:17:40.396+0300][1999.937s][info ][gc] GC(66161) Pause Young (Allocation Failure) 42M->42M(48M) 16.705ms
[2020-08-10T13:17:40.410+0300][1999.951s][info ][gc] GC(66162) Pause Young (Allocation Failure) 42M->42M(48M) 13.910ms
[2020-08-10T13:17:40.424+0300][1999.965s][info ][gc] GC(66163) Pause Young (Allocation Failure) 43M->43M(48M) 13.281ms
[2020-08-10T13:17:40.437+0300][1999.979s][info ][gc] GC(66164) Pause Young (Allocation Failure) 43M->43M(48M) 13.329ms
[2020-08-10T13:17:40.473+0300][2000.014s][info ][gc] GC(66165) Pause Young (Allocation Failure) 44M->44M(48M) 34.696ms
[2020-08-10T13:17:40.487+0300][2000.028s][info ][gc] GC(66166) Pause Young (Allocation Failure) 44M->44M(48M) 14.084ms
[2020-08-10T13:17:40.501+0300][2000.042s][info ][gc] GC(66167) Pause Young (Allocation Failure) 45M->45M(48M) 13.469ms
[2020-08-10T13:17:40.515+0300][2000.056s][info ][gc] GC(66168) Pause Young (Allocation Failure) 45M->45M(48M) 13.324ms
[2020-08-10T13:17:40.529+0300][2000.070s][info ][gc] GC(66169) Pause Young (Allocation Failure) 45M->45M(48M) 13.532ms
[2020-08-10T13:17:40.543+0300][2000.084s][info ][gc] GC(66170) Pause Young (Allocation Failure) 46M->46M(48M) 14.007ms
[2020-08-10T13:17:40.557+0300][2000.098s][info ][gc] GC(66171) Pause Young (Allocation Failure) 46M->46M(48M) 13.803ms
[2020-08-10T13:17:40.707+0300][2000.248s][debug][gc] GC(66172) Expanding ParOldGen from 47616K by 10752K to 58368K
[2020-08-10T13:17:40.707+0300][2000.248s][info ][gc] GC(66172) Pause Full (Ergonomics) 46M->46M(58M) 149.614ms
[2020-08-10T13:17:40.730+0300][2000.271s][info ][gc] GC(66173) Pause Young (Allocation Failure) 47M->47M(58M) 22.961ms
[2020-08-10T13:17:40.745+0300][2000.286s][info ][gc] GC(66174) Pause Young (Allocation Failure) 47M->47M(58M) 13.691ms
[2020-08-10T13:17:40.759+0300][2000.300s][info ][gc] GC(66175) Pause Young (Allocation Failure) 48M->47M(58M) 13.586ms
[2020-08-10T13:17:40.773+0300][2000.314s][info ][gc] GC(66176) Pause Young (Allocation Failure) 48M->48M(58M) 13.755ms
[2020-08-10T13:17:40.805+0300][2000.346s][info ][gc] GC(66177) Pause Young (Allocation Failure) 48M->48M(58M) 31.836ms
[2020-08-10T13:17:40.819+0300][2000.360s][info ][gc] GC(66178) Pause Young (Allocation Failure) 49M->49M(58M) 13.631ms
[2020-08-10T13:17:40.845+0300][2000.386s][info ][gc] GC(66179) Pause Young (Allocation Failure) 49M->49M(58M) 25.557ms
[2020-08-10T13:17:40.860+0300][2000.401s][info ][gc] GC(66180) Pause Young (Allocation Failure) 50M->50M(58M) 14.221ms
[2020-08-10T13:17:40.875+0300][2000.416s][info ][gc] GC(66181) Pause Young (Allocation Failure) 50M->50M(58M) 13.938ms
[2020-08-10T13:17:40.888+0300][2000.429s][info ][gc] GC(66182) Pause Young (Allocation Failure) 51M->51M(58M) 13.620ms
[2020-08-10T13:17:40.903+0300][2000.444s][info ][gc] GC(66183) Pause Young (Allocation Failure) 52M->52M(58M) 13.872ms
[2020-08-10T13:17:40.922+0300][2000.463s][info ][gc] GC(66184) Pause Young (Allocation Failure) 53M->53M(59M) 18.334ms
[2020-08-10T13:17:40.936+0300][2000.477s][info ][gc] GC(66185) Pause Young (Allocation Failure) 54M->53M(59M) 13.999ms
[2020-08-10T13:17:40.969+0300][2000.510s][info ][gc] GC(66186) Pause Young (Allocation Failure) 54M->54M(59M) 32.682ms
[2020-08-10T13:17:40.984+0300][2000.525s][info ][gc] GC(66187) Pause Young (Allocation Failure) 55M->55M(59M) 14.228ms
[2020-08-10T13:17:40.999+0300][2000.540s][info ][gc] GC(66188) Pause Young (Allocation Failure) 56M->56M(59M) 14.135ms
[2020-08-10T13:17:41.014+0300][2000.555s][info ][gc] GC(66189) Pause Young (Allocation Failure) 57M->57M(59M) 14.735ms
[2020-08-10T13:17:41.153+0300][2000.694s][debug][gc] GC(66190) Expanding ParOldGen from 58368K by 11264K to 69632K
[2020-08-10T13:17:41.153+0300][2000.694s][info ][gc] GC(66190) Pause Full (Ergonomics) 57M->57M(70M) 138.813ms
[2020-08-10T13:17:41.184+0300][2000.725s][info ][gc] GC(66191) Pause Young (Allocation Failure) 58M->58M(70M) 30.472ms
[2020-08-10T13:17:41.199+0300][2000.740s][info ][gc] GC(66192) Pause Young (Allocation Failure) 59M->59M(70M) 14.238ms
[2020-08-10T13:17:41.214+0300][2000.755s][info ][gc] GC(66193) Pause Young (Allocation Failure) 60M->60M(70M) 14.289ms
[2020-08-10T13:17:41.239+0300][2000.780s][info ][gc] GC(66194) Pause Young (Allocation Failure) 61M->61M(70M) 24.102ms
[2020-08-10T13:17:41.253+0300][2000.794s][info ][gc] GC(66195) Pause Young (Allocation Failure) 62M->62M(70M) 14.131ms
[2020-08-10T13:17:41.268+0300][2000.809s][info ][gc] GC(66196) Pause Young (Allocation Failure) 63M->63M(70M) 14.145ms
[2020-08-10T13:17:41.283+0300][2000.824s][info ][gc] GC(66197) Pause Young (Allocation Failure) 64M->64M(70M) 14.234ms
[2020-08-10T13:17:41.298+0300][2000.839s][info ][gc] GC(66198) Pause Young (Allocation Failure) 65M->64M(70M) 14.125ms
[2020-08-10T13:17:41.313+0300][2000.854s][info ][gc] GC(66199) Pause Young (Allocation Failure) 65M->65M(70M) 14.300ms
[2020-08-10T13:17:41.328+0300][2000.869s][info ][gc] GC(66200) Pause Young (Allocation Failure) 66M->66M(70M) 14.203ms
[2020-08-10T13:17:41.343+0300][2000.884s][info ][gc] GC(66201) Pause Young (Allocation Failure) 67M->67M(70M) 14.206ms
[2020-08-10T13:17:41.562+0300][2001.103s][debug][gc] GC(66202) Expanding ParOldGen from 69632K by 11264K to 80896K
[2020-08-10T13:17:41.562+0300][2001.103s][info ][gc] GC(66202) Pause Full (Ergonomics) 67M->67M(81M) 219.254ms
[2020-08-10T13:17:41.586+0300][2001.127s][info ][gc] GC(66203) Pause Young (Allocation Failure) 68M->68M(81M) 23.035ms
[2020-08-10T13:17:41.600+0300][2001.141s][info ][gc] GC(66204) Pause Young (Allocation Failure) 69M->69M(81M) 14.039ms
[2020-08-10T13:17:41.615+0300][2001.156s][info ][gc] GC(66205) Pause Young (Allocation Failure) 70M->70M(81M) 14.339ms
[2020-08-10T13:17:41.630+0300][2001.171s][info ][gc] GC(66206) Pause Young (Allocation Failure) 71M->71M(81M) 14.046ms
[2020-08-10T13:17:41.645+0300][2001.186s][info ][gc] GC(66207) Pause Young (Allocation Failure) 72M->72M(81M) 14.401ms
[2020-08-10T13:17:41.659+0300][2001.200s][info ][gc] GC(66208) Pause Young (Allocation Failure) 73M->73M(81M) 13.806ms
[2020-08-10T13:17:41.673+0300][2001.214s][info ][gc] GC(66209) Pause Young (Allocation Failure) 74M->74M(81M) 13.844ms
[2020-08-10T13:17:41.688+0300][2001.229s][info ][gc] GC(66210) Pause Young (Allocation Failure) 75M->75M(81M) 13.800ms
[2020-08-10T13:17:41.715+0300][2001.256s][info ][gc] GC(66211) Pause Young (Allocation Failure) 76M->76M(81M) 26.751ms
[2020-08-10T13:17:41.729+0300][2001.271s][info ][gc] GC(66212) Pause Young (Allocation Failure) 77M->77M(81M) 14.057ms
[2020-08-10T13:17:41.747+0300][2001.288s][info ][gc] GC(66213) Pause Young (Allocation Failure) 78M->78M(81M) 16.760ms
[2020-08-10T13:17:41.761+0300][2001.302s][info ][gc] GC(66214) Pause Young (Allocation Failure) 79M->79M(81M) 14.152ms
[2020-08-10T13:17:41.990+0300][2001.530s][debug][gc] GC(66215) Expanding ParOldGen from 80896K by 11776K to 92672K
[2020-08-10T13:17:41.990+0300][2001.530s][info ][gc] GC(66215) Pause Full (Ergonomics) 79M->78M(93M) 227.705ms
[2020-08-10T13:17:42.005+0300][2001.545s][info ][gc] GC(66216) Pause Young (Allocation Failure) 79M->79M(93M) 13.767ms
[2020-08-10T13:17:42.033+0300][2001.573s][info ][gc] GC(66217) Pause Young (Allocation Failure) 80M->80M(93M) 27.345ms
[2020-08-10T13:17:42.058+0300][2001.598s][info ][gc] GC(66218) Pause Young (Allocation Failure) 81M->81M(93M) 24.888ms
[2020-08-10T13:17:42.073+0300][2001.613s][info ][gc] GC(66219) Pause Young (Allocation Failure) 82M->82M(93M) 14.122ms
[2020-08-10T13:17:42.088+0300][2001.628s][info ][gc] GC(66220) Pause Young (Allocation Failure) 83M->83M(93M) 14.025ms
[2020-08-10T13:17:42.102+0300][2001.642s][info ][gc] GC(66221) Pause Young (Allocation Failure) 84M->84M(93M) 14.049ms
[2020-08-10T13:17:42.117+0300][2001.657s][info ][gc] GC(66222) Pause Young (Allocation Failure) 85M->85M(93M) 14.198ms
[2020-08-10T13:17:42.132+0300][2001.672s][info ][gc] GC(66223) Pause Young (Allocation Failure) 86M->86M(93M) 14.273ms
[2020-08-10T13:17:42.147+0300][2001.687s][info ][gc] GC(66224) Pause Young (Allocation Failure) 87M->87M(93M) 14.868ms
[2020-08-10T13:17:42.162+0300][2001.702s][info ][gc] GC(66225) Pause Young (Allocation Failure) 88M->88M(93M) 14.417ms
[2020-08-10T13:17:42.177+0300][2001.717s][info ][gc] GC(66226) Pause Young (Allocation Failure) 89M->89M(93M) 14.338ms
[2020-08-10T13:17:42.192+0300][2001.732s][info ][gc] GC(66227) Pause Young (Allocation Failure) 90M->90M(93M) 14.678ms
[2020-08-10T13:17:42.208+0300][2001.748s][info ][gc] GC(66228) Pause Young (Allocation Failure) 91M->91M(93M) 14.597ms
[2020-08-10T13:17:42.543+0300][2002.083s][debug][gc] GC(66229) Expanding ParOldGen from 92672K by 11264K to 103936K
[2020-08-10T13:17:42.543+0300][2002.083s][info ][gc] GC(66229) Pause Full (Ergonomics) 91M->90M(104M) 335.279ms
[2020-08-10T13:17:42.579+0300][2002.119s][info ][gc] GC(66230) Pause Young (Allocation Failure) 91M->91M(104M) 35.113ms
[2020-08-10T13:17:42.595+0300][2002.135s][info ][gc] GC(66231) Pause Young (Allocation Failure) 92M->92M(104M) 15.797ms
[2020-08-10T13:17:42.611+0300][2002.151s][info ][gc] GC(66232) Pause Young (Allocation Failure) 93M->93M(104M) 15.580ms
[2020-08-10T13:17:42.627+0300][2002.167s][info ][gc] GC(66233) Pause Young (Allocation Failure) 94M->94M(104M) 15.646ms
[2020-08-10T13:17:42.643+0300][2002.183s][info ][gc] GC(66234) Pause Young (Allocation Failure) 95M->95M(104M) 15.338ms
[2020-08-10T13:17:42.681+0300][2002.221s][info ][gc] GC(66235) Pause Young (Allocation Failure) 96M->96M(104M) 37.530ms
[2020-08-10T13:17:42.698+0300][2002.238s][info ][gc] GC(66236) Pause Young (Allocation Failure) 97M->97M(104M) 15.806ms
[2020-08-10T13:17:42.714+0300][2002.254s][info ][gc] GC(66237) Pause Young (Allocation Failure) 98M->98M(104M) 15.761ms
[2020-08-10T13:17:42.730+0300][2002.270s][info ][gc] GC(66238) Pause Young (Allocation Failure) 99M->99M(104M) 15.640ms
[2020-08-10T13:17:42.763+0300][2002.304s][info ][gc] GC(66239) Pause Young (Allocation Failure) 100M->100M(104M) 32.639ms
[2020-08-10T13:17:42.781+0300][2002.321s][info ][gc] GC(66240) Pause Young (Allocation Failure) 101M->101M(104M) 16.266ms
[2020-08-10T13:17:42.805+0300][2002.346s][info ][gc] GC(66241) Pause Young (Allocation Failure) 102M->102M(104M) 24.118ms
[2020-08-10T13:17:43.173+0300][2002.713s][debug][gc] GC(66242) Expanding ParOldGen from 103936K by 11264K to 115200K
[2020-08-10T13:17:43.173+0300][2002.713s][info ][gc] GC(66242) Pause Full (Ergonomics) 102M->102M(115M) 367.808ms
[2020-08-10T13:17:43.245+0300][2002.785s][info ][gc] GC(66243) Pause Young (Allocation Failure) 103M->103M(115M) 70.461ms
[2020-08-10T13:17:43.267+0300][2002.807s][info ][gc] GC(66244) Pause Young (Allocation Failure) 104M->104M(115M) 21.347ms
[2020-08-10T13:17:43.284+0300][2002.824s][info ][gc] GC(66245) Pause Young (Allocation Failure) 105M->104M(115M) 16.554ms
[2020-08-10T13:17:43.301+0300][2002.841s][info ][gc] GC(66246) Pause Young (Allocation Failure) 105M->105M(115M) 16.410ms
[2020-08-10T13:17:43.318+0300][2002.859s][info ][gc] GC(66247) Pause Young (Allocation Failure) 106M->106M(115M) 16.538ms
[2020-08-10T13:17:43.352+0300][2002.892s][info ][gc] GC(66248) Pause Young (Allocation Failure) 107M->107M(115M) 33.037ms
[2020-08-10T13:17:43.370+0300][2002.910s][info ][gc] GC(66249) Pause Young (Allocation Failure) 108M->108M(115M) 17.048ms
[2020-08-10T13:17:43.387+0300][2002.927s][info ][gc] GC(66250) Pause Young (Allocation Failure) 109M->109M(115M) 16.754ms
[2020-08-10T13:17:43.404+0300][2002.945s][info ][gc] GC(66251) Pause Young (Allocation Failure) 110M->110M(115M) 16.830ms
[2020-08-10T13:17:43.422+0300][2002.962s][info ][gc] GC(66252) Pause Young (Allocation Failure) 111M->111M(115M) 16.738ms
[2020-08-10T13:17:43.452+0300][2002.992s][info ][gc] GC(66253) Pause Young (Allocation Failure) 112M->112M(115M) 29.253ms
[2020-08-10T13:17:43.470+0300][2003.010s][info ][gc] GC(66254) Pause Young (Allocation Failure) 113M->113M(115M) 16.913ms
[2020-08-10T13:17:43.843+0300][2003.383s][debug][gc] GC(66255) Expanding ParOldGen from 115200K by 11264K to 126464K
[2020-08-10T13:17:43.843+0300][2003.383s][info ][gc] GC(66255) Pause Full (Ergonomics) 113M->113M(126M) 373.163ms
[2020-08-10T13:17:43.899+0300][2003.439s][info ][gc] GC(66256) Pause Young (Allocation Failure) 114M->114M(126M) 55.586ms
[2020-08-10T13:17:43.933+0300][2003.473s][info ][gc] GC(66257) Pause Young (Allocation Failure) 115M->115M(126M) 33.395ms
[2020-08-10T13:17:43.957+0300][2003.497s][info ][gc] GC(66258) Pause Young (Allocation Failure) 116M->116M(126M) 22.978ms
[2020-08-10T13:17:43.995+0300][2003.535s][info ][gc] GC(66259) Pause Young (Allocation Failure) 117M->117M(126M) 37.602ms
[2020-08-10T13:17:44.023+0300][2003.564s][info ][gc] GC(66260) Pause Young (Allocation Failure) 118M->118M(126M) 28.019ms
[2020-08-10T13:17:44.042+0300][2003.582s][info ][gc] GC(66261) Pause Young (Allocation Failure) 119M->118M(126M) 18.070ms
[2020-08-10T13:17:44.067+0300][2003.607s][info ][gc] GC(66262) Pause Young (Allocation Failure) 119M->119M(126M) 24.441ms
[2020-08-10T13:17:44.086+0300][2003.626s][info ][gc] GC(66263) Pause Young (Allocation Failure) 120M->120M(126M) 18.263ms
[2020-08-10T13:17:44.105+0300][2003.645s][info ][gc] GC(66264) Pause Young (Allocation Failure) 121M->121M(126M) 18.277ms
[2020-08-10T13:17:44.129+0300][2003.669s][info ][gc] GC(66265) Pause Young (Allocation Failure) 122M->122M(126M) 23.392ms
[2020-08-10T13:17:44.148+0300][2003.688s][info ][gc] GC(66266) Pause Young (Allocation Failure) 123M->123M(126M) 18.313ms
[2020-08-10T13:17:44.717+0300][2004.258s][debug][gc] GC(66267) Expanding ParOldGen from 126464K by 11264K to 137728K
[2020-08-10T13:17:44.717+0300][2004.258s][info ][gc] GC(66267) Pause Full (Ergonomics) 123M->123M(137M) 569.681ms
[2020-08-10T13:17:44.776+0300][2004.316s][info ][gc] GC(66268) Pause Young (Allocation Failure) 124M->124M(137M) 57.422ms
[2020-08-10T13:17:44.823+0300][2004.363s][info ][gc] GC(66269) Pause Young (Allocation Failure) 125M->125M(137M) 46.302ms
[2020-08-10T13:17:44.842+0300][2004.382s][info ][gc] GC(66270) Pause Young (Allocation Failure) 126M->126M(137M) 18.800ms
[2020-08-10T13:17:44.861+0300][2004.401s][info ][gc] GC(66271) Pause Young (Allocation Failure) 127M->127M(137M) 18.338ms
[2020-08-10T13:17:44.885+0300][2004.425s][info ][gc] GC(66272) Pause Young (Allocation Failure) 128M->128M(137M) 22.544ms
[2020-08-10T13:17:44.904+0300][2004.444s][info ][gc] GC(66273) Pause Young (Allocation Failure) 129M->129M(137M) 18.818ms
[2020-08-10T13:17:44.928+0300][2004.468s][info ][gc] GC(66274) Pause Young (Allocation Failure) 130M->130M(137M) 23.844ms
[2020-08-10T13:17:44.956+0300][2004.496s][info ][gc] GC(66275) Pause Young (Allocation Failure) 131M->131M(137M) 26.619ms
[2020-08-10T13:17:44.975+0300][2004.515s][info ][gc] GC(66276) Pause Young (Allocation Failure) 132M->132M(137M) 19.015ms
[2020-08-10T13:17:44.994+0300][2004.535s][info ][gc] GC(66277) Pause Young (Allocation Failure) 133M->133M(137M) 18.724ms
[2020-08-10T13:17:45.026+0300][2004.566s][info ][gc] GC(66278) Pause Young (Allocation Failure) 134M->134M(137M) 30.939ms
[2020-08-10T13:17:45.062+0300][2004.602s][info ][gc] GC(66279) Pause Young (Allocation Failure) 135M->134M(137M) 35.316ms
[2020-08-10T13:17:45.604+0300][2005.144s][debug][gc] GC(66280) Expanding ParOldGen from 137728K by 11264K to 148992K
[2020-08-10T13:17:45.604+0300][2005.144s][info ][gc] GC(66280) Pause Full (Ergonomics) 134M->134M(148M) 541.819ms
[2020-08-10T13:17:45.663+0300][2005.203s][info ][gc] GC(66281) Pause Young (Allocation Failure) 135M->135M(148M) 58.646ms
[2020-08-10T13:17:45.663+0300][2005.203s][debug][gc] Expanding ParOldGen from 148992K by 19968K to 168960K
[2020-08-10T13:17:45.690+0300][2005.230s][info ][gc] GC(66282) Pause Young (Allocation Failure) 155M->155M(167M) 17.325ms
[2020-08-10T13:17:45.708+0300][2005.248s][info ][gc] GC(66283) Pause Young (Allocation Failure) 156M->156M(167M) 17.327ms
[2020-08-10T13:17:45.730+0300][2005.270s][info ][gc] GC(66284) Pause Young (Allocation Failure) 157M->157M(167M) 21.455ms
[2020-08-10T13:17:45.752+0300][2005.292s][info ][gc] GC(66285) Pause Young (Allocation Failure) 158M->158M(167M) 21.468ms
[2020-08-10T13:17:45.767+0300][2005.307s][info ][gc] GC(66286) Pause Young (Allocation Failure) 159M->159M(167M) 14.379ms
[2020-08-10T13:17:45.781+0300][2005.322s][info ][gc] GC(66287) Pause Young (Allocation Failure) 160M->160M(167M) 14.327ms
[2020-08-10T13:17:45.804+0300][2005.344s][info ][gc] GC(66288) Pause Young (Allocation Failure) 161M->161M(167M) 22.350ms
[2020-08-10T13:17:45.821+0300][2005.361s][info ][gc] GC(66289) Pause Young (Allocation Failure) 162M->162M(167M) 15.995ms
[2020-08-10T13:17:45.843+0300][2005.383s][info ][gc] GC(66290) Pause Young (Allocation Failure) 163M->163M(167M) 21.375ms
[2020-08-10T13:17:45.866+0300][2005.406s][info ][gc] GC(66291) Pause Young (Allocation Failure) 164M->164M(167M) 22.310ms
[2020-08-10T13:17:45.882+0300][2005.422s][info ][gc] GC(66292) Pause Young (Allocation Failure) 165M->165M(167M) 15.808ms
[2020-08-10T13:17:46.008+0300][2005.549s][debug][gc] GC(66293) Shrinking ParOldGen from 168960K by 124928K to 44032K
[2020-08-10T13:17:46.009+0300][2005.549s][info ][gc] GC(66293) Pause Full (Ergonomics) 165M->31M(45M) 126.347ms
[2020-08-10T13:17:46.028+0300][2005.569s][info ][gc] GC(66294) Pause Young (Allocation Failure) 32M->32M(45M) 19.017ms
[2020-08-10T13:17:46.043+0300][2005.584s][info ][gc] GC(66295) Pause Young (Allocation Failure) 33M->33M(45M) 14.064ms
[2020-08-10T13:17:46.058+0300][2005.599s][info ][gc] GC(66296) Pause Young (Allocation Failure) 34M->34M(45M) 14.396ms
[2020-08-10T13:17:46.073+0300][2005.613s][info ][gc] GC(66297) Pause Young (Allocation Failure) 35M->35M(45M) 14.022ms
[2020-08-10T13:17:46.104+0300][2005.644s][info ][gc] GC(66298) Pause Young (Allocation Failure) 36M->36M(45M) 30.521ms
[2020-08-10T13:17:46.118+0300][2005.658s][info ][gc] GC(66299) Pause Young (Allocation Failure) 37M->37M(45M) 13.729ms
[2020-08-10T13:17:46.132+0300][2005.672s][info ][gc] GC(66300) Pause Young (Allocation Failure) 38M->38M(45M) 13.657ms
[2020-08-10T13:17:46.146+0300][2005.687s][info ][gc] GC(66301) Pause Young (Allocation Failure) 39M->39M(45M) 13.790ms
[2020-08-10T13:17:46.168+0300][2005.708s][info ][gc] GC(66302) Pause Young (Allocation Failure) 40M->40M(45M) 21.351ms
[2020-08-10T13:17:46.183+0300][2005.723s][info ][gc] GC(66303) Pause Young (Allocation Failure) 41M->41M(45M) 14.010ms
[2020-08-10T13:17:46.197+0300][2005.738s][info ][gc] GC(66304) Pause Young (Allocation Failure) 42M->42M(45M) 14.115ms
[2020-08-10T13:17:46.212+0300][2005.752s][info ][gc] GC(66305) Pause Young (Allocation Failure) 43M->42M(45M) 13.999ms
[2020-08-10T13:17:46.308+0300][2005.848s][debug][gc] GC(66306) Expanding ParOldGen from 44032K by 11264K to 55296K
[2020-08-10T13:17:46.308+0300][2005.848s][info ][gc] GC(66306) Pause Full (Ergonomics) 42M->42M(56M) 96.059ms
[2020-08-10T13:17:46.325+0300][2005.865s][info ][gc] GC(66307) Pause Young (Allocation Failure) 43M->43M(56M) 16.271ms
[2020-08-10T13:17:46.339+0300][2005.880s][info ][gc] GC(66308) Pause Young (Allocation Failure) 44M->44M(56M) 14.083ms
[2020-08-10T13:17:46.354+0300][2005.894s][info ][gc] GC(66309) Pause Young (Allocation Failure) 45M->45M(56M) 13.851ms
[2020-08-10T13:17:46.368+0300][2005.908s][info ][gc] GC(66310) Pause Young (Allocation Failure) 46M->46M(56M) 13.979ms
[2020-08-10T13:17:46.382+0300][2005.923s][info ][gc] GC(66311) Pause Young (Allocation Failure) 47M->47M(56M) 13.743ms
[2020-08-10T13:17:46.396+0300][2005.937s][info ][gc] GC(66312) Pause Young (Allocation Failure) 48M->48M(56M) 13.647ms
[2020-08-10T13:17:46.411+0300][2005.951s][info ][gc] GC(66313) Pause Young (Allocation Failure) 49M->49M(56M) 13.770ms
[2020-08-10T13:17:46.426+0300][2005.966s][info ][gc] GC(66314) Pause Young (Allocation Failure) 50M->50M(56M) 13.835ms
[2020-08-10T13:17:46.441+0300][2005.981s][info ][gc] GC(66315) Pause Young (Allocation Failure) 51M->51M(56M) 13.836ms
[2020-08-10T13:17:46.455+0300][2005.996s][info ][gc] GC(66316) Pause Young (Allocation Failure) 52M->52M(56M) 13.744ms
[2020-08-10T13:17:46.470+0300][2006.010s][info ][gc] GC(66317) Pause Young (Allocation Failure) 53M->53M(56M) 13.860ms
[2020-08-10T13:17:46.497+0300][2006.038s][info ][gc] GC(66318) Pause Young (Allocation Failure) 54M->54M(56M) 26.570ms
[2020-08-10T13:17:46.649+0300][2006.189s][debug][gc] GC(66319) Expanding ParOldGen from 55296K by 11776K to 67072K
[2020-08-10T13:17:46.649+0300][2006.189s][info ][gc] GC(66319) Pause Full (Ergonomics) 54M->53M(68M) 151.384ms
[2020-08-10T13:17:46.663+0300][2006.204s][info ][gc] GC(66320) Pause Young (Allocation Failure) 54M->54M(68M) 13.665ms
[2020-08-10T13:17:46.678+0300][2006.219s][info ][gc] GC(66321) Pause Young (Allocation Failure) 55M->55M(68M) 14.052ms
[2020-08-10T13:17:46.693+0300][2006.233s][info ][gc] GC(66322) Pause Young (Allocation Failure) 56M->56M(68M) 13.820ms
[2020-08-10T13:17:46.717+0300][2006.257s][info ][gc] GC(66323) Pause Young (Allocation Failure) 57M->57M(68M) 23.084ms
[2020-08-10T13:17:46.732+0300][2006.272s][info ][gc] GC(66324) Pause Young (Allocation Failure) 58M->58M(68M) 14.029ms
[2020-08-10T13:17:46.747+0300][2006.287s][info ][gc] GC(66325) Pause Young (Allocation Failure) 59M->59M(68M) 14.113ms
[2020-08-10T13:17:46.761+0300][2006.301s][info ][gc] GC(66326) Pause Young (Allocation Failure) 60M->60M(68M) 13.993ms
[2020-08-10T13:17:46.785+0300][2006.325s][info ][gc] GC(66327) Pause Young (Allocation Failure) 61M->61M(68M) 23.235ms
[2020-08-10T13:17:46.800+0300][2006.340s][info ][gc] GC(66328) Pause Young (Allocation Failure) 62M->62M(67M) 14.045ms
[2020-08-10T13:17:46.815+0300][2006.355s][info ][gc] GC(66329) Pause Young (Allocation Failure) 63M->63M(67M) 13.844ms
[2020-08-10T13:17:46.829+0300][2006.369s][info ][gc] GC(66330) Pause Young (Allocation Failure) 64M->64M(68M) 13.891ms
[2020-08-10T13:17:46.853+0300][2006.393s][info ][gc] GC(66331) Pause Young (Allocation Failure) 65M->65M(68M) 23.112ms
[2020-08-10T13:17:46.868+0300][2006.408s][info ][gc] GC(66332) Pause Young (Allocation Failure) 66M->66M(68M) 14.222ms
[2020-08-10T13:17:47.075+0300][2006.616s][debug][gc] GC(66333) Expanding ParOldGen from 67072K by 11264K to 78336K
[2020-08-10T13:17:47.075+0300][2006.616s][info ][gc] GC(66333) Pause Full (Ergonomics) 66M->66M(79M) 207.597ms
[2020-08-10T13:17:47.123+0300][2006.663s][info ][gc] GC(66334) Pause Young (Allocation Failure) 67M->67M(79M) 46.955ms
[2020-08-10T13:17:47.156+0300][2006.696s][info ][gc] GC(66335) Pause Young (Allocation Failure) 68M->67M(79M) 32.577ms
[2020-08-10T13:17:47.171+0300][2006.711s][info ][gc] GC(66336) Pause Young (Allocation Failure) 68M->68M(79M) 14.139ms
[2020-08-10T13:17:47.200+0300][2006.741s][info ][gc] GC(66337) Pause Young (Allocation Failure) 69M->69M(79M) 28.541ms
[2020-08-10T13:17:47.216+0300][2006.756s][info ][gc] GC(66338) Pause Young (Allocation Failure) 70M->70M(79M) 15.136ms
[2020-08-10T13:17:47.231+0300][2006.771s][info ][gc] GC(66339) Pause Young (Allocation Failure) 71M->71M(79M) 14.220ms
[2020-08-10T13:17:47.246+0300][2006.786s][info ][gc] GC(66340) Pause Young (Allocation Failure) 72M->72M(79M) 14.157ms
[2020-08-10T13:17:47.261+0300][2006.801s][info ][gc] GC(66341) Pause Young (Allocation Failure) 73M->73M(79M) 14.246ms
[2020-08-10T13:17:47.276+0300][2006.816s][info ][gc] GC(66342) Pause Young (Allocation Failure) 74M->74M(79M) 13.930ms
[2020-08-10T13:17:47.290+0300][2006.830s][info ][gc] GC(66343) Pause Young (Allocation Failure) 75M->75M(79M) 13.994ms
[2020-08-10T13:17:47.304+0300][2006.845s][info ][gc] GC(66344) Pause Young (Allocation Failure) 76M->76M(79M) 14.013ms
[2020-08-10T13:17:47.319+0300][2006.860s][info ][gc] GC(66345) Pause Young (Allocation Failure) 77M->77M(78M) 14.345ms
[2020-08-10T13:17:47.545+0300][2007.085s][debug][gc] GC(66346) Expanding ParOldGen from 78336K by 11264K to 89600K
[2020-08-10T13:17:47.545+0300][2007.085s][info ][gc] GC(66346) Pause Full (Ergonomics) 77M->77M(89M) 225.732ms
[2020-08-10T13:17:47.588+0300][2007.129s][info ][gc] GC(66347) Pause Young (Allocation Failure) 78M->78M(89M) 42.670ms
[2020-08-10T13:17:47.604+0300][2007.144s][info ][gc] GC(66348) Pause Young (Allocation Failure) 79M->79M(90M) 14.602ms
[2020-08-10T13:17:47.619+0300][2007.159s][info ][gc] GC(66349) Pause Young (Allocation Failure) 80M->80M(90M) 14.557ms
[2020-08-10T13:17:47.634+0300][2007.174s][info ][gc] GC(66350) Pause Young (Allocation Failure) 81M->81M(90M) 14.377ms
[2020-08-10T13:17:47.649+0300][2007.189s][info ][gc] GC(66351) Pause Young (Allocation Failure) 82M->82M(90M) 14.457ms
[2020-08-10T13:17:47.664+0300][2007.204s][info ][gc] GC(66352) Pause Young (Allocation Failure) 83M->82M(90M) 14.226ms
[2020-08-10T13:17:47.678+0300][2007.219s][info ][gc] GC(66353) Pause Young (Allocation Failure) 83M->83M(90M) 14.323ms
[2020-08-10T13:17:47.693+0300][2007.233s][info ][gc] GC(66354) Pause Young (Allocation Failure) 84M->84M(90M) 14.140ms
[2020-08-10T13:17:47.708+0300][2007.248s][info ][gc] GC(66355) Pause Young (Allocation Failure) 85M->85M(89M) 14.558ms
[2020-08-10T13:17:47.723+0300][2007.263s][info ][gc] GC(66356) Pause Young (Allocation Failure) 86M->86M(89M) 14.571ms
[2020-08-10T13:17:47.738+0300][2007.278s][info ][gc] GC(66357) Pause Young (Allocation Failure) 87M->87M(89M) 14.597ms
[2020-08-10T13:17:48.003+0300][2007.544s][debug][gc] GC(66358) Expanding ParOldGen from 89600K by 11264K to 100864K
[2020-08-10T13:17:48.004+0300][2007.544s][info ][gc] GC(66358) Pause Full (Ergonomics) 87M->87M(100M) 265.404ms
[2020-08-10T13:17:48.052+0300][2007.592s][info ][gc] GC(66359) Pause Young (Allocation Failure) 88M->88M(100M) 47.267ms
[2020-08-10T13:17:48.067+0300][2007.608s][info ][gc] GC(66360) Pause Young (Allocation Failure) 89M->89M(100M) 15.171ms
[2020-08-10T13:17:48.088+0300][2007.628s][info ][gc] GC(66361) Pause Young (Allocation Failure) 90M->90M(100M) 19.661ms
[2020-08-10T13:17:48.116+0300][2007.656s][info ][gc] GC(66362) Pause Young (Allocation Failure) 91M->91M(100M) 27.500ms
[2020-08-10T13:17:48.132+0300][2007.672s][info ][gc] GC(66363) Pause Young (Allocation Failure) 92M->92M(100M) 15.429ms
[2020-08-10T13:17:48.159+0300][2007.699s][info ][gc] GC(66364) Pause Young (Allocation Failure) 93M->93M(100M) 25.981ms
[2020-08-10T13:17:48.176+0300][2007.716s][info ][gc] GC(66365) Pause Young (Allocation Failure) 94M->94M(100M) 15.678ms
[2020-08-10T13:17:48.192+0300][2007.732s][info ][gc] GC(66366) Pause Young (Allocation Failure) 95M->95M(100M) 15.432ms
[2020-08-10T13:17:48.208+0300][2007.748s][info ][gc] GC(66367) Pause Young (Allocation Failure) 96M->96M(100M) 15.699ms
[2020-08-10T13:17:48.225+0300][2007.765s][info ][gc] GC(66368) Pause Young (Allocation Failure) 97M->97M(100M) 15.700ms
[2020-08-10T13:17:48.241+0300][2007.781s][info ][gc] GC(66369) Pause Young (Allocation Failure) 98M->97M(100M) 15.418ms
[2020-08-10T13:17:48.257+0300][2007.798s][info ][gc] GC(66370) Pause Young (Allocation Failure) 98M->98M(100M) 15.516ms
[2020-08-10T13:17:48.503+0300][2008.044s][debug][gc] GC(66371) Expanding ParOldGen from 100864K by 11264K to 112128K
[2020-08-10T13:17:48.503+0300][2008.044s][info ][gc] GC(66371) Pause Full (Ergonomics) 98M->98M(111M) 246.056ms
[2020-08-10T13:17:48.543+0300][2008.084s][info ][gc] GC(66372) Pause Young (Allocation Failure) 99M->99M(111M) 39.317ms
[2020-08-10T13:17:48.560+0300][2008.100s][info ][gc] GC(66373) Pause Young (Allocation Failure) 100M->100M(111M) 15.917ms
[2020-08-10T13:17:48.577+0300][2008.117s][info ][gc] GC(66374) Pause Young (Allocation Failure) 101M->101M(111M) 16.463ms
[2020-08-10T13:17:48.594+0300][2008.134s][info ][gc] GC(66375) Pause Young (Allocation Failure) 102M->102M(111M) 16.119ms
[2020-08-10T13:17:48.622+0300][2008.163s][info ][gc] GC(66376) Pause Young (Allocation Failure) 103M->103M(111M) 27.945ms
[2020-08-10T13:17:48.639+0300][2008.180s][info ][gc] GC(66377) Pause Young (Allocation Failure) 104M->104M(111M) 16.132ms
[2020-08-10T13:17:48.656+0300][2008.197s][info ][gc] GC(66378) Pause Young (Allocation Failure) 105M->105M(111M) 16.344ms
[2020-08-10T13:17:48.673+0300][2008.214s][info ][gc] GC(66379) Pause Young (Allocation Failure) 106M->106M(111M) 16.496ms
[2020-08-10T13:17:48.691+0300][2008.231s][info ][gc] GC(66380) Pause Young (Allocation Failure) 107M->107M(111M) 16.594ms
[2020-08-10T13:17:48.720+0300][2008.261s][info ][gc] GC(66381) Pause Young (Allocation Failure) 108M->108M(111M) 28.436ms
[2020-08-10T13:17:48.738+0300][2008.279s][info ][gc] GC(66382) Pause Young (Allocation Failure) 109M->109M(111M) 17.080ms
[2020-08-10T13:17:48.756+0300][2008.296s][info ][gc] GC(66383) Pause Young (Allocation Failure) 110M->110M(111M) 17.174ms
[2020-08-10T13:17:49.156+0300][2008.696s][debug][gc] GC(66384) Expanding ParOldGen from 112128K by 11264K to 123392K
[2020-08-10T13:17:49.156+0300][2008.696s][info ][gc] GC(66384) Pause Full (Ergonomics) 110M->109M(122M) 399.687ms
[2020-08-10T13:17:49.212+0300][2008.753s][info ][gc] GC(66385) Pause Young (Allocation Failure) 110M->110M(122M) 55.750ms
[2020-08-10T13:17:49.230+0300][2008.771s][info ][gc] GC(66386) Pause Young (Allocation Failure) 111M->111M(122M) 17.208ms
[2020-08-10T13:17:49.248+0300][2008.788s][info ][gc] GC(66387) Pause Young (Allocation Failure) 112M->112M(122M) 16.808ms
[2020-08-10T13:17:49.277+0300][2008.818s][info ][gc] GC(66388) Pause Young (Allocation Failure) 113M->113M(122M) 29.052ms
[2020-08-10T13:17:49.296+0300][2008.836s][info ][gc] GC(66389) Pause Young (Allocation Failure) 114M->114M(122M) 17.565ms
[2020-08-10T13:17:49.313+0300][2008.854s][info ][gc] GC(66390) Pause Young (Allocation Failure) 115M->115M(122M) 17.192ms
[2020-08-10T13:17:49.332+0300][2008.872s][info ][gc] GC(66391) Pause Young (Allocation Failure) 116M->116M(122M) 17.697ms
[2020-08-10T13:17:49.348+0300][2008.889s][info ][gc] GC(66392) Pause Young (Allocation Failure) 117M->117M(122M) 15.986ms
[2020-08-10T13:17:49.363+0300][2008.904s][info ][gc] GC(66393) Pause Young (Allocation Failure) 117M->117M(122M) 14.579ms
[2020-08-10T13:17:49.378+0300][2008.919s][info ][gc] GC(66394) Pause Young (Allocation Failure) 117M->117M(122M) 14.486ms
[2020-08-10T13:17:49.393+0300][2008.934s][info ][gc] GC(66395) Pause Young (Allocation Failure) 118M->118M(122M) 14.657ms
[2020-08-10T13:17:49.409+0300][2008.950s][info ][gc] GC(66396) Pause Young (Allocation Failure) 118M->118M(122M) 15.234ms
[2020-08-10T13:17:49.425+0300][2008.966s][info ][gc] GC(66397) Pause Young (Allocation Failure) 119M->119M(122M) 15.509ms
[2020-08-10T13:17:49.441+0300][2008.981s][info ][gc] GC(66398) Pause Young (Allocation Failure) 119M->119M(122M) 14.859ms
[2020-08-10T13:17:49.462+0300][2009.003s][info ][gc] GC(66399) Pause Young (Allocation Failure) 120M->120M(122M) 20.899ms
[2020-08-10T13:17:49.770+0300][2009.310s][debug][gc] GC(66400) Expanding ParOldGen from 123392K by 11264K to 134656K
[2020-08-10T13:17:49.770+0300][2009.310s][info ][gc] GC(66400) Pause Full (Ergonomics) 120M->120M(133M) 307.621ms
[2020-08-10T13:17:49.784+0300][2009.324s][info ][gc] GC(66401) Pause Young (Allocation Failure) 120M->120M(133M) 13.425ms
[2020-08-10T13:17:49.799+0300][2009.340s][info ][gc] GC(66402) Pause Young (Allocation Failure) 121M->121M(133M) 14.666ms
[2020-08-10T13:17:49.814+0300][2009.355s][info ][gc] GC(66403) Pause Young (Allocation Failure) 121M->121M(133M) 14.751ms
[2020-08-10T13:17:49.833+0300][2009.373s][info ][gc] GC(66404) Pause Young (Allocation Failure) 121M->121M(133M) 17.716ms
[2020-08-10T13:17:49.848+0300][2009.389s][info ][gc] GC(66405) Pause Young (Allocation Failure) 122M->122M(133M) 14.918ms
[2020-08-10T13:17:49.864+0300][2009.404s][info ][gc] GC(66406) Pause Young (Allocation Failure) 122M->122M(133M) 14.788ms
[2020-08-10T13:17:49.879+0300][2009.420s][info ][gc] GC(66407) Pause Young (Allocation Failure) 123M->123M(133M) 14.965ms
[2020-08-10T13:17:49.895+0300][2009.435s][info ][gc] GC(66408) Pause Young (Allocation Failure) 123M->123M(133M) 15.121ms
[2020-08-10T13:17:49.911+0300][2009.451s][info ][gc] GC(66409) Pause Young (Allocation Failure) 124M->124M(133M) 15.262ms
[2020-08-10T13:17:49.927+0300][2009.467s][info ][gc] GC(66410) Pause Young (Allocation Failure) 124M->124M(132M) 15.196ms
[2020-08-10T13:17:49.942+0300][2009.483s][info ][gc] GC(66411) Pause Young (Allocation Failure) 125M->125M(133M) 15.002ms
[2020-08-10T13:17:49.961+0300][2009.501s][info ][gc] GC(66412) Pause Young (Allocation Failure) 125M->125M(133M) 17.973ms
[2020-08-10T13:17:49.976+0300][2009.517s][info ][gc] GC(66413) Pause Young (Allocation Failure) 126M->126M(133M) 15.032ms
[2020-08-10T13:17:49.992+0300][2009.533s][info ][gc] GC(66414) Pause Young (Allocation Failure) 126M->126M(133M) 14.833ms
[2020-08-10T13:17:50.008+0300][2009.548s][info ][gc] GC(66415) Pause Young (Allocation Failure) 126M->126M(133M) 14.998ms
[2020-08-10T13:17:50.023+0300][2009.563s][info ][gc] GC(66416) Pause Young (Allocation Failure) 127M->127M(133M) 15.125ms
[2020-08-10T13:17:50.039+0300][2009.579s][info ][gc] GC(66417) Pause Young (Allocation Failure) 127M->127M(133M) 15.172ms
[2020-08-10T13:17:50.057+0300][2009.597s][info ][gc] GC(66418) Pause Young (Allocation Failure) 128M->128M(133M) 17.891ms
[2020-08-10T13:17:50.073+0300][2009.613s][info ][gc] GC(66419) Pause Young (Allocation Failure) 128M->128M(133M) 15.416ms
[2020-08-10T13:17:50.089+0300][2009.629s][info ][gc] GC(66420) Pause Young (Allocation Failure) 129M->129M(133M) 15.414ms
[2020-08-10T13:17:50.107+0300][2009.647s][info ][gc] GC(66421) Pause Young (Allocation Failure) 129M->129M(133M) 17.692ms
[2020-08-10T13:17:50.123+0300][2009.663s][info ][gc] GC(66422) Pause Young (Allocation Failure) 130M->130M(133M) 15.425ms
[2020-08-10T13:17:50.139+0300][2009.679s][info ][gc] GC(66423) Pause Young (Allocation Failure) 130M->130M(133M) 15.331ms
[2020-08-10T13:17:50.154+0300][2009.695s][info ][gc] GC(66424) Pause Young (Allocation Failure) 131M->131M(133M) 15.287ms
[2020-08-10T13:17:50.170+0300][2009.711s][info ][gc] GC(66425) Pause Young (Allocation Failure) 131M->131M(133M) 15.510ms
[2020-08-10T13:17:50.628+0300][2010.169s][debug][gc] GC(66426) Expanding ParOldGen from 134656K by 10752K to 145408K
[2020-08-10T13:17:50.629+0300][2010.169s][info ][gc] GC(66426) Pause Full (Ergonomics) 131M->131M(143M) 458.243ms
[2020-08-10T13:17:50.644+0300][2010.184s][info ][gc] GC(66427) Pause Young (Allocation Failure) 131M->131M(143M) 14.477ms
[2020-08-10T13:17:50.660+0300][2010.201s][info ][gc] GC(66428) Pause Young (Allocation Failure) 132M->132M(143M) 15.552ms
[2020-08-10T13:17:50.676+0300][2010.217s][info ][gc] GC(66429) Pause Young (Allocation Failure) 132M->132M(143M) 15.553ms
[2020-08-10T13:17:50.693+0300][2010.233s][info ][gc] GC(66430) Pause Young (Allocation Failure) 132M->132M(143M) 15.751ms
[2020-08-10T13:17:50.709+0300][2010.249s][info ][gc] GC(66431) Pause Young (Allocation Failure) 133M->133M(143M) 15.661ms
[2020-08-10T13:17:50.725+0300][2010.265s][info ][gc] GC(66432) Pause Young (Allocation Failure) 133M->133M(143M) 15.570ms
[2020-08-10T13:17:50.741+0300][2010.282s][info ][gc] GC(66433) Pause Young (Allocation Failure) 134M->134M(143M) 15.330ms
[2020-08-10T13:17:50.778+0300][2010.319s][info ][gc] GC(66434) Pause Young (Allocation Failure) 134M->134M(143M) 36.502ms
[2020-08-10T13:17:50.795+0300][2010.335s][info ][gc] GC(66435) Pause Young (Allocation Failure) 135M->135M(143M) 15.864ms
[2020-08-10T13:17:50.811+0300][2010.352s][info ][gc] GC(66436) Pause Young (Allocation Failure) 135M->135M(143M) 15.999ms
[2020-08-10T13:17:50.828+0300][2010.368s][info ][gc] GC(66437) Pause Young (Allocation Failure) 136M->135M(143M) 15.956ms
[2020-08-10T13:17:50.828+0300][2010.369s][debug][gc] Expanding ParOldGen from 145408K by 19968K to 165376K
[2020-08-10T13:17:50.853+0300][2010.393s][info ][gc] GC(66438) Pause Young (Allocation Failure) 155M->155M(163M) 14.927ms
[2020-08-10T13:17:50.867+0300][2010.408s][info ][gc] GC(66439) Pause Young (Allocation Failure) 155M->155M(163M) 14.447ms
[2020-08-10T13:17:50.881+0300][2010.422s][info ][gc] GC(66440) Pause Young (Allocation Failure) 156M->156M(163M) 13.310ms
[2020-08-10T13:17:50.895+0300][2010.436s][info ][gc] GC(66441) Pause Young (Allocation Failure) 156M->156M(163M) 13.256ms
[2020-08-10T13:17:50.918+0300][2010.459s][info ][gc] GC(66442) Pause Young (Allocation Failure) 157M->157M(163M) 22.814ms
[2020-08-10T13:17:50.934+0300][2010.474s][info ][gc] GC(66443) Pause Young (Allocation Failure) 157M->157M(163M) 14.596ms
[2020-08-10T13:17:50.948+0300][2010.488s][info ][gc] GC(66444) Pause Young (Allocation Failure) 158M->157M(163M) 13.559ms
[2020-08-10T13:17:50.963+0300][2010.503s][info ][gc] GC(66445) Pause Young (Allocation Failure) 158M->158M(163M) 14.886ms
[2020-08-10T13:17:50.979+0300][2010.520s][info ][gc] GC(66446) Pause Young (Allocation Failure) 158M->158M(163M) 15.742ms
[2020-08-10T13:17:51.006+0300][2010.546s][info ][gc] GC(66447) Pause Young (Allocation Failure) 159M->159M(163M) 25.934ms
[2020-08-10T13:17:51.020+0300][2010.560s][info ][gc] GC(66448) Pause Young (Allocation Failure) 159M->159M(163M) 13.794ms
[2020-08-10T13:17:51.034+0300][2010.575s][info ][gc] GC(66449) Pause Young (Allocation Failure) 160M->160M(163M) 13.710ms
[2020-08-10T13:17:51.048+0300][2010.589s][info ][gc] GC(66450) Pause Young (Allocation Failure) 160M->160M(163M) 13.484ms
[2020-08-10T13:17:51.062+0300][2010.602s][info ][gc] GC(66451) Pause Young (Allocation Failure) 161M->161M(163M) 13.463ms
[2020-08-10T13:17:51.076+0300][2010.616s][info ][gc] GC(66452) Pause Young (Allocation Failure) 161M->161M(163M) 13.429ms
[2020-08-10T13:17:51.149+0300][2010.690s][debug][gc] GC(66453) Shrinking ParOldGen from 165376K by 125952K to 39424K
[2020-08-10T13:17:51.150+0300][2010.690s][info ][gc] GC(66453) Pause Full (Ergonomics) 161M->27M(40M) 73.693ms
[2020-08-10T13:17:51.163+0300][2010.704s][info ][gc] GC(66454) Pause Young (Allocation Failure) 28M->28M(40M) 13.451ms
[2020-08-10T13:17:51.183+0300][2010.724s][info ][gc] GC(66455) Pause Young (Allocation Failure) 28M->28M(40M) 18.922ms
[2020-08-10T13:17:51.197+0300][2010.737s][info ][gc] GC(66456) Pause Young (Allocation Failure) 29M->29M(40M) 13.156ms
[2020-08-10T13:17:51.210+0300][2010.751s][info ][gc] GC(66457) Pause Young (Allocation Failure) 29M->29M(40M) 13.394ms
[2020-08-10T13:17:51.225+0300][2010.765s][info ][gc] GC(66458) Pause Young (Allocation Failure) 30M->30M(40M) 13.685ms
[2020-08-10T13:17:51.239+0300][2010.780s][info ][gc] GC(66459) Pause Young (Allocation Failure) 30M->30M(40M) 13.696ms
[2020-08-10T13:17:51.253+0300][2010.794s][info ][gc] GC(66460) Pause Young (Allocation Failure) 31M->31M(40M) 13.501ms
[2020-08-10T13:17:51.267+0300][2010.808s][info ][gc] GC(66461) Pause Young (Allocation Failure) 31M->31M(40M) 13.378ms
[2020-08-10T13:17:51.281+0300][2010.821s][info ][gc] GC(66462) Pause Young (Allocation Failure) 32M->31M(40M) 13.278ms
[2020-08-10T13:17:51.295+0300][2010.836s][info ][gc] GC(66463) Pause Young (Allocation Failure) 32M->32M(40M) 13.495ms
[2020-08-10T13:17:51.309+0300][2010.850s][info ][gc] GC(66464) Pause Young (Allocation Failure) 32M->32M(40M) 13.509ms
[2020-08-10T13:17:51.323+0300][2010.864s][info ][gc] GC(66465) Pause Young (Allocation Failure) 33M->33M(40M) 13.480ms
[2020-08-10T13:17:51.338+0300][2010.878s][info ][gc] GC(66466) Pause Young (Allocation Failure) 33M->33M(40M) 13.352ms
[2020-08-10T13:17:51.352+0300][2010.892s][info ][gc] GC(66467) Pause Young (Allocation Failure) 34M->34M(40M) 13.395ms
[2020-08-10T13:17:51.366+0300][2010.906s][info ][gc] GC(66468) Pause Young (Allocation Failure) 34M->34M(40M) 13.374ms
[2020-08-10T13:17:51.380+0300][2010.921s][info ][gc] GC(66469) Pause Young (Allocation Failure) 35M->35M(40M) 13.520ms
[2020-08-10T13:17:51.394+0300][2010.934s][info ][gc] GC(66470) Pause Young (Allocation Failure) 35M->35M(40M) 13.313ms
[2020-08-10T13:17:51.408+0300][2010.948s][info ][gc] GC(66471) Pause Young (Allocation Failure) 36M->36M(40M) 13.316ms
[2020-08-10T13:17:51.440+0300][2010.981s][info ][gc] GC(66472) Pause Young (Allocation Failure) 36M->36M(40M) 32.059ms
[2020-08-10T13:17:51.454+0300][2010.995s][info ][gc] GC(66473) Pause Young (Allocation Failure) 36M->36M(40M) 13.563ms
[2020-08-10T13:17:51.468+0300][2011.009s][info ][gc] GC(66474) Pause Young (Allocation Failure) 37M->37M(40M) 13.456ms
[2020-08-10T13:17:51.482+0300][2011.023s][info ][gc] GC(66475) Pause Young (Allocation Failure) 37M->37M(40M) 13.612ms
[2020-08-10T13:17:51.496+0300][2011.037s][info ][gc] GC(66476) Pause Young (Allocation Failure) 38M->38M(40M) 13.469ms
[2020-08-10T13:17:51.510+0300][2011.051s][info ][gc] GC(66477) Pause Young (Allocation Failure) 38M->38M(40M) 13.479ms
[2020-08-10T13:17:51.633+0300][2011.173s][debug][gc] GC(66478) Expanding ParOldGen from 39424K by 10752K to 50176K
[2020-08-10T13:17:51.633+0300][2011.173s][info ][gc] GC(66478) Pause Full (Ergonomics) 38M->38M(50M) 122.611ms
[2020-08-10T13:17:51.646+0300][2011.187s][info ][gc] GC(66479) Pause Young (Allocation Failure) 38M->38M(50M) 13.303ms
[2020-08-10T13:17:51.686+0300][2011.227s][info ][gc] GC(66480) Pause Young (Allocation Failure) 39M->39M(50M) 39.219ms
[2020-08-10T13:17:51.701+0300][2011.242s][info ][gc] GC(66481) Pause Young (Allocation Failure) 39M->39M(50M) 14.006ms
[2020-08-10T13:17:51.716+0300][2011.257s][info ][gc] GC(66482) Pause Young (Allocation Failure) 39M->39M(50M) 14.569ms
[2020-08-10T13:17:51.730+0300][2011.271s][info ][gc] GC(66483) Pause Young (Allocation Failure) 40M->40M(50M) 14.043ms
[2020-08-10T13:17:51.744+0300][2011.285s][info ][gc] GC(66484) Pause Young (Allocation Failure) 40M->40M(50M) 13.499ms
[2020-08-10T13:17:51.758+0300][2011.299s][info ][gc] GC(66485) Pause Young (Allocation Failure) 41M->41M(50M) 13.512ms
[2020-08-10T13:17:51.772+0300][2011.313s][info ][gc] GC(66486) Pause Young (Allocation Failure) 41M->41M(50M) 13.851ms
[2020-08-10T13:17:51.789+0300][2011.329s][info ][gc] GC(66487) Pause Young (Allocation Failure) 42M->42M(50M) 15.854ms
[2020-08-10T13:17:51.803+0300][2011.343s][info ][gc] GC(66488) Pause Young (Allocation Failure) 42M->42M(50M) 13.463ms
[2020-08-10T13:17:51.817+0300][2011.357s][info ][gc] GC(66489) Pause Young (Allocation Failure) 43M->43M(50M) 13.449ms
[2020-08-10T13:17:51.831+0300][2011.372s][info ][gc] GC(66490) Pause Young (Allocation Failure) 43M->43M(50M) 13.930ms
[2020-08-10T13:17:51.846+0300][2011.386s][info ][gc] GC(66491) Pause Young (Allocation Failure) 44M->43M(50M) 13.898ms
[2020-08-10T13:17:51.860+0300][2011.401s][info ][gc] GC(66492) Pause Young (Allocation Failure) 44M->44M(50M) 14.009ms
[2020-08-10T13:17:51.876+0300][2011.417s][info ][gc] GC(66493) Pause Young (Allocation Failure) 44M->44M(50M) 15.146ms
[2020-08-10T13:17:51.890+0300][2011.431s][info ][gc] GC(66494) Pause Young (Allocation Failure) 45M->45M(50M) 13.581ms
[2020-08-10T13:17:51.905+0300][2011.445s][info ][gc] GC(66495) Pause Young (Allocation Failure) 45M->45M(50M) 13.905ms
[2020-08-10T13:17:51.918+0300][2011.459s][info ][gc] GC(66496) Pause Young (Allocation Failure) 46M->46M(50M) 13.294ms
[2020-08-10T13:17:51.932+0300][2011.473s][info ][gc] GC(66497) Pause Young (Allocation Failure) 46M->46M(50M) 13.282ms
[2020-08-10T13:17:51.946+0300][2011.487s][info ][gc] GC(66498) Pause Young (Allocation Failure) 47M->47M(50M) 13.364ms
[2020-08-10T13:17:51.980+0300][2011.520s][info ][gc] GC(66499) Pause Young (Allocation Failure) 47M->47M(50M) 33.207ms
[2020-08-10T13:17:51.995+0300][2011.535s][info ][gc] GC(66500) Pause Young (Allocation Failure) 48M->48M(50M) 13.463ms
[2020-08-10T13:17:52.009+0300][2011.549s][info ][gc] GC(66501) Pause Young (Allocation Failure) 48M->48M(50M) 13.559ms
[2020-08-10T13:17:52.023+0300][2011.563s][info ][gc] GC(66502) Pause Young (Allocation Failure) 49M->48M(50M) 13.568ms
[2020-08-10T13:17:52.119+0300][2011.660s][debug][gc] GC(66503) Expanding ParOldGen from 50176K by 10752K to 60928K
[2020-08-10T13:17:52.119+0300][2011.660s][info ][gc] GC(66503) Pause Full (Ergonomics) 48M->48M(61M) 96.530ms
[2020-08-10T13:17:52.133+0300][2011.673s][info ][gc] GC(66504) Pause Young (Allocation Failure) 49M->49M(61M) 13.038ms
[2020-08-10T13:17:52.147+0300][2011.688s][info ][gc] GC(66505) Pause Young (Allocation Failure) 49M->49M(61M) 13.447ms
[2020-08-10T13:17:52.176+0300][2011.716s][info ][gc] GC(66506) Pause Young (Allocation Failure) 50M->50M(61M) 28.135ms
[2020-08-10T13:17:52.190+0300][2011.730s][info ][gc] GC(66507) Pause Young (Allocation Failure) 50M->50M(61M) 13.534ms
[2020-08-10T13:17:52.204+0300][2011.744s][info ][gc] GC(66508) Pause Young (Allocation Failure) 51M->50M(61M) 13.446ms
[2020-08-10T13:17:52.218+0300][2011.758s][info ][gc] GC(66509) Pause Young (Allocation Failure) 51M->51M(61M) 13.495ms
[2020-08-10T13:17:52.232+0300][2011.772s][info ][gc] GC(66510) Pause Young (Allocation Failure) 51M->51M(61M) 13.626ms
[2020-08-10T13:17:52.246+0300][2011.787s][info ][gc] GC(66511) Pause Young (Allocation Failure) 52M->52M(61M) 13.381ms
[2020-08-10T13:17:52.260+0300][2011.801s][info ][gc] GC(66512) Pause Young (Allocation Failure) 52M->52M(61M) 13.264ms
[2020-08-10T13:17:52.274+0300][2011.815s][info ][gc] GC(66513) Pause Young (Allocation Failure) 53M->53M(61M) 13.288ms
[2020-08-10T13:17:52.288+0300][2011.828s][info ][gc] GC(66514) Pause Young (Allocation Failure) 53M->53M(61M) 13.300ms
[2020-08-10T13:17:52.302+0300][2011.842s][info ][gc] GC(66515) Pause Young (Allocation Failure) 54M->54M(61M) 13.314ms
[2020-08-10T13:17:52.316+0300][2011.856s][info ][gc] GC(66516) Pause Young (Allocation Failure) 54M->54M(61M) 13.327ms
[2020-08-10T13:17:52.350+0300][2011.890s][info ][gc] GC(66517) Pause Young (Allocation Failure) 55M->54M(61M) 33.554ms
[2020-08-10T13:17:52.373+0300][2011.914s][info ][gc] GC(66518) Pause Young (Allocation Failure) 55M->55M(61M) 22.853ms
[2020-08-10T13:17:52.391+0300][2011.932s][info ][gc] GC(66519) Pause Young (Allocation Failure) 55M->55M(61M) 17.352ms
[2020-08-10T13:17:52.405+0300][2011.946s][info ][gc] GC(66520) Pause Young (Allocation Failure) 56M->56M(61M) 13.316ms
[2020-08-10T13:17:52.419+0300][2011.960s][info ][gc] GC(66521) Pause Young (Allocation Failure) 56M->56M(61M) 13.424ms
[2020-08-10T13:17:52.433+0300][2011.974s][info ][gc] GC(66522) Pause Young (Allocation Failure) 57M->57M(61M) 13.295ms
[2020-08-10T13:17:52.447+0300][2011.988s][info ][gc] GC(66523) Pause Young (Allocation Failure) 57M->57M(61M) 13.315ms
[2020-08-10T13:17:52.478+0300][2012.019s][info ][gc] GC(66524) Pause Young (Allocation Failure) 58M->58M(61M) 30.907ms
[2020-08-10T13:17:52.493+0300][2012.033s][info ][gc] GC(66525) Pause Young (Allocation Failure) 58M->58M(61M) 13.741ms
[2020-08-10T13:17:52.507+0300][2012.048s][info ][gc] GC(66526) Pause Young (Allocation Failure) 59M->59M(61M) 13.716ms
[2020-08-10T13:17:52.521+0300][2012.062s][info ][gc] GC(66527) Pause Young (Allocation Failure) 59M->59M(61M) 13.754ms
[2020-08-10T13:17:52.666+0300][2012.207s][debug][gc] GC(66528) Expanding ParOldGen from 60928K by 10752K to 71680K
[2020-08-10T13:17:52.667+0300][2012.207s][info ][gc] GC(66528) Pause Full (Ergonomics) 59M->59M(71M) 145.187ms
[2020-08-10T13:17:52.693+0300][2012.234s][info ][gc] GC(66529) Pause Young (Allocation Failure) 59M->59M(71M) 26.355ms
[2020-08-10T13:17:52.708+0300][2012.248s][info ][gc] GC(66530) Pause Young (Allocation Failure) 60M->60M(71M) 13.879ms
[2020-08-10T13:17:52.722+0300][2012.263s][info ][gc] GC(66531) Pause Young (Allocation Failure) 60M->60M(71M) 13.672ms
[2020-08-10T13:17:52.736+0300][2012.277s][info ][gc] GC(66532) Pause Young (Allocation Failure) 61M->61M(71M) 13.834ms
[2020-08-10T13:17:52.751+0300][2012.291s][info ][gc] GC(66533) Pause Young (Allocation Failure) 61M->61M(71M) 13.808ms
[2020-08-10T13:17:52.766+0300][2012.306s][info ][gc] GC(66534) Pause Young (Allocation Failure) 62M->62M(71M) 14.255ms
[2020-08-10T13:17:52.790+0300][2012.331s][info ][gc] GC(66535) Pause Young (Allocation Failure) 62M->62M(71M) 24.040ms
[2020-08-10T13:17:52.804+0300][2012.345s][info ][gc] GC(66536) Pause Young (Allocation Failure) 62M->62M(71M) 13.528ms
[2020-08-10T13:17:52.819+0300][2012.359s][info ][gc] GC(66537) Pause Young (Allocation Failure) 63M->63M(71M) 14.332ms
[2020-08-10T13:17:52.837+0300][2012.377s][info ][gc] GC(66538) Pause Young (Allocation Failure) 63M->63M(71M) 17.612ms
[2020-08-10T13:17:52.851+0300][2012.391s][info ][gc] GC(66539) Pause Young (Allocation Failure) 64M->64M(71M) 13.663ms
[2020-08-10T13:17:52.865+0300][2012.406s][info ][gc] GC(66540) Pause Young (Allocation Failure) 64M->64M(71M) 13.696ms
[2020-08-10T13:17:52.880+0300][2012.420s][info ][gc] GC(66541) Pause Young (Allocation Failure) 65M->65M(71M) 14.279ms
[2020-08-10T13:17:52.895+0300][2012.436s][info ][gc] GC(66542) Pause Young (Allocation Failure) 65M->65M(71M) 15.160ms
[2020-08-10T13:17:52.911+0300][2012.451s][info ][gc] GC(66543) Pause Young (Allocation Failure) 66M->66M(71M) 15.147ms
[2020-08-10T13:17:52.925+0300][2012.466s][info ][gc] GC(66544) Pause Young (Allocation Failure) 66M->66M(71M) 13.826ms
[2020-08-10T13:17:52.939+0300][2012.480s][info ][gc] GC(66545) Pause Young (Allocation Failure) 67M->67M(71M) 13.547ms
[2020-08-10T13:17:52.953+0300][2012.494s][info ][gc] GC(66546) Pause Young (Allocation Failure) 68M->67M(71M) 13.733ms
[2020-08-10T13:17:52.968+0300][2012.508s][info ][gc] GC(66547) Pause Young (Allocation Failure) 68M->68M(72M) 13.993ms
[2020-08-10T13:17:52.982+0300][2012.523s][info ][gc] GC(66548) Pause Young (Allocation Failure) 69M->69M(72M) 14.075ms
[2020-08-10T13:17:52.999+0300][2012.539s][info ][gc] GC(66549) Pause Young (Allocation Failure) 70M->70M(72M) 15.894ms
[2020-08-10T13:17:53.216+0300][2012.756s][debug][gc] GC(66550) Expanding ParOldGen from 71680K by 11264K to 82944K
[2020-08-10T13:17:53.216+0300][2012.756s][info ][gc] GC(66550) Pause Full (Ergonomics) 70M->70M(83M) 216.905ms
[2020-08-10T13:17:53.247+0300][2012.788s][info ][gc] GC(66551) Pause Young (Allocation Failure) 71M->71M(83M) 30.885ms
[2020-08-10T13:17:53.282+0300][2012.823s][info ][gc] GC(66552) Pause Young (Allocation Failure) 72M->72M(83M) 34.287ms
[2020-08-10T13:17:53.297+0300][2012.837s][info ][gc] GC(66553) Pause Young (Allocation Failure) 73M->73M(83M) 14.275ms
[2020-08-10T13:17:53.312+0300][2012.852s][info ][gc] GC(66554) Pause Young (Allocation Failure) 74M->74M(83M) 14.399ms
[2020-08-10T13:17:53.327+0300][2012.867s][info ][gc] GC(66555) Pause Young (Allocation Failure) 75M->75M(83M) 14.228ms
[2020-08-10T13:17:53.352+0300][2012.892s][info ][gc] GC(66556) Pause Young (Allocation Failure) 76M->76M(83M) 24.462ms
[2020-08-10T13:17:53.368+0300][2012.908s][info ][gc] GC(66557) Pause Young (Allocation Failure) 77M->77M(83M) 15.540ms
[2020-08-10T13:17:53.383+0300][2012.923s][info ][gc] GC(66558) Pause Young (Allocation Failure) 78M->78M(83M) 14.121ms
[2020-08-10T13:17:53.398+0300][2012.938s][info ][gc] GC(66559) Pause Young (Allocation Failure) 79M->78M(83M) 14.431ms
[2020-08-10T13:17:53.433+0300][2012.974s][info ][gc] GC(66560) Pause Young (Allocation Failure) 79M->79M(83M) 34.575ms
[2020-08-10T13:17:53.457+0300][2012.998s][info ][gc] GC(66561) Pause Young (Allocation Failure) 80M->80M(83M) 23.424ms
[2020-08-10T13:17:53.701+0300][2013.242s][debug][gc] GC(66562) Expanding ParOldGen from 82944K by 11264K to 94208K
[2020-08-10T13:17:53.701+0300][2013.242s][info ][gc] GC(66562) Pause Full (Ergonomics) 80M->80M(94M) 244.056ms
[2020-08-10T13:17:53.718+0300][2013.258s][info ][gc] GC(66563) Pause Young (Allocation Failure) 81M->81M(94M) 15.838ms
[2020-08-10T13:17:53.732+0300][2013.273s][info ][gc] GC(66564) Pause Young (Allocation Failure) 82M->82M(94M) 13.939ms
[2020-08-10T13:17:53.747+0300][2013.288s][info ][gc] GC(66565) Pause Young (Allocation Failure) 83M->83M(94M) 14.008ms
[2020-08-10T13:17:53.774+0300][2013.315s][info ][gc] GC(66566) Pause Young (Allocation Failure) 84M->84M(94M) 26.127ms
[2020-08-10T13:17:53.795+0300][2013.335s][info ][gc] GC(66567) Pause Young (Allocation Failure) 85M->85M(94M) 19.836ms
[2020-08-10T13:17:53.817+0300][2013.357s][info ][gc] GC(66568) Pause Young (Allocation Failure) 86M->86M(94M) 21.676ms
[2020-08-10T13:17:53.832+0300][2013.372s][info ][gc] GC(66569) Pause Young (Allocation Failure) 87M->87M(94M) 14.492ms
[2020-08-10T13:17:53.857+0300][2013.398s][info ][gc] GC(66570) Pause Young (Allocation Failure) 88M->88M(94M) 24.659ms
[2020-08-10T13:17:53.872+0300][2013.413s][info ][gc] GC(66571) Pause Young (Allocation Failure) 89M->89M(94M) 14.528ms
[2020-08-10T13:17:53.887+0300][2013.428s][info ][gc] GC(66572) Pause Young (Allocation Failure) 90M->90M(94M) 14.773ms
[2020-08-10T13:17:53.903+0300][2013.444s][info ][gc] GC(66573) Pause Young (Allocation Failure) 91M->91M(94M) 14.686ms
[2020-08-10T13:17:53.923+0300][2013.464s][info ][gc] GC(66574) Pause Young (Allocation Failure) 92M->92M(94M) 19.597ms
[2020-08-10T13:17:54.201+0300][2013.742s][debug][gc] GC(66575) Expanding ParOldGen from 94208K by 11776K to 105984K
[2020-08-10T13:17:54.201+0300][2013.742s][info ][gc] GC(66575) Pause Full (Ergonomics) 92M->91M(106M) 278.412ms
[2020-08-10T13:17:54.215+0300][2013.756s][info ][gc] GC(66576) Pause Young (Allocation Failure) 92M->92M(106M) 13.513ms
[2020-08-10T13:17:54.231+0300][2013.772s][info ][gc] GC(66577) Pause Young (Allocation Failure) 93M->93M(106M) 14.848ms
[2020-08-10T13:17:54.247+0300][2013.787s][info ][gc] GC(66578) Pause Young (Allocation Failure) 94M->94M(106M) 14.997ms
[2020-08-10T13:17:54.278+0300][2013.819s][info ][gc] GC(66579) Pause Young (Allocation Failure) 95M->95M(106M) 31.174ms
[2020-08-10T13:17:54.294+0300][2013.835s][info ][gc] GC(66580) Pause Young (Allocation Failure) 96M->96M(106M) 15.241ms
[2020-08-10T13:17:54.310+0300][2013.851s][info ][gc] GC(66581) Pause Young (Allocation Failure) 97M->97M(106M) 15.256ms
[2020-08-10T13:17:54.338+0300][2013.878s][info ][gc] GC(66582) Pause Young (Allocation Failure) 98M->98M(106M) 26.786ms
[2020-08-10T13:17:54.354+0300][2013.894s][info ][gc] GC(66583) Pause Young (Allocation Failure) 99M->99M(106M) 15.396ms
[2020-08-10T13:17:54.381+0300][2013.921s][info ][gc] GC(66584) Pause Young (Allocation Failure) 100M->100M(106M) 26.257ms
[2020-08-10T13:17:54.397+0300][2013.938s][info ][gc] GC(66585) Pause Young (Allocation Failure) 101M->101M(106M) 15.510ms
[2020-08-10T13:17:54.413+0300][2013.954s][info ][gc] GC(66586) Pause Young (Allocation Failure) 102M->102M(106M) 15.710ms
[2020-08-10T13:17:54.431+0300][2013.971s][info ][gc] GC(66587) Pause Young (Allocation Failure) 103M->103M(106M) 16.605ms
[2020-08-10T13:17:54.451+0300][2013.991s][info ][gc] GC(66588) Pause Young (Allocation Failure) 104M->103M(106M) 19.631ms
[2020-08-10T13:17:54.821+0300][2014.361s][debug][gc] GC(66589) Expanding ParOldGen from 105984K by 11776K to 117760K
[2020-08-10T13:17:54.821+0300][2014.362s][info ][gc] GC(66589) Pause Full (Ergonomics) 103M->103M(117M) 369.990ms
[2020-08-10T13:17:54.870+0300][2014.411s][info ][gc] GC(66590) Pause Young (Allocation Failure) 104M->104M(117M) 48.669ms
[2020-08-10T13:17:54.898+0300][2014.439s][info ][gc] GC(66591) Pause Young (Allocation Failure) 105M->105M(117M) 27.868ms
[2020-08-10T13:17:54.915+0300][2014.456s][info ][gc] GC(66592) Pause Young (Allocation Failure) 106M->106M(117M) 16.437ms
[2020-08-10T13:17:54.933+0300][2014.474s][info ][gc] GC(66593) Pause Young (Allocation Failure) 107M->107M(117M) 16.862ms
[2020-08-10T13:17:54.959+0300][2014.499s][info ][gc] GC(66594) Pause Young (Allocation Failure) 108M->108M(117M) 25.234ms
[2020-08-10T13:17:54.983+0300][2014.524s][info ][gc] GC(66595) Pause Young (Allocation Failure) 109M->109M(117M) 23.925ms
[2020-08-10T13:17:55.001+0300][2014.542s][info ][gc] GC(66596) Pause Young (Allocation Failure) 110M->110M(117M) 17.179ms
[2020-08-10T13:17:55.019+0300][2014.559s][info ][gc] GC(66597) Pause Young (Allocation Failure) 111M->111M(117M) 17.091ms
[2020-08-10T13:17:55.043+0300][2014.583s][info ][gc] GC(66598) Pause Young (Allocation Failure) 112M->112M(117M) 23.286ms
[2020-08-10T13:17:55.061+0300][2014.601s][info ][gc] GC(66599) Pause Young (Allocation Failure) 113M->113M(117M) 17.711ms
[2020-08-10T13:17:55.078+0300][2014.619s][info ][gc] GC(66600) Pause Young (Allocation Failure) 114M->114M(117M) 17.286ms
[2020-08-10T13:17:55.096+0300][2014.637s][info ][gc] GC(66601) Pause Young (Allocation Failure) 115M->115M(117M) 17.088ms
[2020-08-10T13:17:55.459+0300][2014.999s][debug][gc] GC(66602) Expanding ParOldGen from 117760K by 11776K to 129536K
[2020-08-10T13:17:55.459+0300][2015.000s][info ][gc] GC(66602) Pause Full (Ergonomics) 115M->114M(129M) 362.628ms
[2020-08-10T13:17:55.475+0300][2015.015s][info ][gc] GC(66603) Pause Young (Allocation Failure) 115M->115M(129M) 14.668ms
[2020-08-10T13:17:55.504+0300][2015.045s][info ][gc] GC(66604) Pause Young (Allocation Failure) 116M->116M(129M) 28.658ms
[2020-08-10T13:17:55.522+0300][2015.063s][info ][gc] GC(66605) Pause Young (Allocation Failure) 117M->117M(129M) 17.436ms
[2020-08-10T13:17:55.547+0300][2015.088s][info ][gc] GC(66606) Pause Young (Allocation Failure) 118M->118M(129M) 24.233ms
[2020-08-10T13:17:55.565+0300][2015.106s][info ][gc] GC(66607) Pause Young (Allocation Failure) 119M->119M(129M) 17.630ms
[2020-08-10T13:17:55.583+0300][2015.124s][info ][gc] GC(66608) Pause Young (Allocation Failure) 120M->120M(129M) 17.823ms
[2020-08-10T13:17:55.602+0300][2015.143s][info ][gc] GC(66609) Pause Young (Allocation Failure) 121M->121M(129M) 18.224ms
[2020-08-10T13:17:55.631+0300][2015.172s][info ][gc] GC(66610) Pause Young (Allocation Failure) 122M->122M(129M) 28.863ms
[2020-08-10T13:17:55.650+0300][2015.190s][info ][gc] GC(66611) Pause Young (Allocation Failure) 123M->123M(129M) 18.090ms
[2020-08-10T13:17:55.674+0300][2015.215s][info ][gc] GC(66612) Pause Young (Allocation Failure) 124M->124M(129M) 23.752ms
[2020-08-10T13:17:55.701+0300][2015.242s][info ][gc] GC(66613) Pause Young (Allocation Failure) 125M->125M(129M) 26.612ms
[2020-08-10T13:17:55.722+0300][2015.263s][info ][gc] GC(66614) Pause Young (Allocation Failure) 126M->126M(129M) 20.141ms
[2020-08-10T13:17:56.227+0300][2015.768s][debug][gc] GC(66615) Expanding ParOldGen from 129536K by 11264K to 140800K
[2020-08-10T13:17:56.228+0300][2015.768s][info ][gc] GC(66615) Pause Full (Ergonomics) 126M->126M(140M) 505.731ms
[2020-08-10T13:17:56.244+0300][2015.785s][info ][gc] GC(66616) Pause Young (Allocation Failure) 127M->127M(140M) 15.667ms
[2020-08-10T13:17:56.263+0300][2015.804s][info ][gc] GC(66617) Pause Young (Allocation Failure) 128M->128M(140M) 18.180ms
[2020-08-10T13:17:56.282+0300][2015.823s][info ][gc] GC(66618) Pause Young (Allocation Failure) 129M->128M(140M) 18.357ms
[2020-08-10T13:17:56.301+0300][2015.842s][info ][gc] GC(66619) Pause Young (Allocation Failure) 129M->129M(140M) 18.229ms
[2020-08-10T13:17:56.320+0300][2015.861s][info ][gc] GC(66620) Pause Young (Allocation Failure) 130M->130M(140M) 18.297ms
[2020-08-10T13:17:56.340+0300][2015.881s][info ][gc] GC(66621) Pause Young (Allocation Failure) 131M->131M(140M) 18.782ms
[2020-08-10T13:17:56.359+0300][2015.900s][info ][gc] GC(66622) Pause Young (Allocation Failure) 132M->132M(140M) 18.817ms
[2020-08-10T13:17:56.379+0300][2015.920s][info ][gc] GC(66623) Pause Young (Allocation Failure) 133M->133M(140M) 18.919ms
[2020-08-10T13:17:56.399+0300][2015.940s][info ][gc] GC(66624) Pause Young (Allocation Failure) 134M->134M(140M) 18.835ms
[2020-08-10T13:17:56.419+0300][2015.959s][info ][gc] GC(66625) Pause Young (Allocation Failure) 135M->135M(140M) 19.044ms
[2020-08-10T13:17:56.419+0300][2015.960s][debug][gc] Expanding ParOldGen from 140800K by 19968K to 160768K
[2020-08-10T13:17:56.465+0300][2016.006s][info ][gc] GC(66626) Pause Young (Allocation Failure) 155M->155M(159M) 38.366ms
[2020-08-10T13:17:56.484+0300][2016.025s][info ][gc] GC(66627) Pause Young (Allocation Failure) 156M->156M(159M) 18.203ms
[2020-08-10T13:17:56.500+0300][2016.041s][info ][gc] GC(66628) Pause Young (Allocation Failure) 157M->157M(159M) 15.130ms
[2020-08-10T13:17:56.536+0300][2016.077s][debug][gc] GC(66629) Shrinking ParOldGen from 160768K by 124928K to 35840K
[2020-08-10T13:17:56.536+0300][2016.077s][info ][gc] GC(66629) Pause Full (Ergonomics) 157M->23M(37M) 35.664ms
[2020-08-10T13:17:56.550+0300][2016.090s][info ][gc] GC(66630) Pause Young (Allocation Failure) 24M->24M(37M) 13.252ms
[2020-08-10T13:17:56.569+0300][2016.109s][info ][gc] GC(66631) Pause Young (Allocation Failure) 25M->25M(37M) 18.521ms
[2020-08-10T13:17:56.586+0300][2016.127s][info ][gc] GC(66632) Pause Young (Allocation Failure) 26M->26M(37M) 15.713ms
[2020-08-10T13:17:56.601+0300][2016.142s][info ][gc] GC(66633) Pause Young (Allocation Failure) 27M->27M(37M) 14.191ms
[2020-08-10T13:17:56.616+0300][2016.157s][info ][gc] GC(66634) Pause Young (Allocation Failure) 28M->28M(37M) 14.176ms
[2020-08-10T13:17:56.630+0300][2016.171s][info ][gc] GC(66635) Pause Young (Allocation Failure) 29M->29M(37M) 13.712ms
[2020-08-10T13:17:56.645+0300][2016.186s][info ][gc] GC(66636) Pause Young (Allocation Failure) 30M->30M(37M) 14.431ms
[2020-08-10T13:17:56.661+0300][2016.201s][info ][gc] GC(66637) Pause Young (Allocation Failure) 31M->31M(37M) 14.594ms
[2020-08-10T13:17:56.676+0300][2016.217s][info ][gc] GC(66638) Pause Young (Allocation Failure) 32M->32M(37M) 14.415ms
[2020-08-10T13:17:56.691+0300][2016.232s][info ][gc] GC(66639) Pause Young (Allocation Failure) 33M->33M(37M) 14.016ms
[2020-08-10T13:17:56.722+0300][2016.262s][info ][gc] GC(66640) Pause Young (Allocation Failure) 34M->34M(37M) 30.083ms
[2020-08-10T13:17:56.737+0300][2016.277s][info ][gc] GC(66641) Pause Young (Allocation Failure) 35M->35M(37M) 14.396ms
[2020-08-10T13:17:56.825+0300][2016.366s][debug][gc] GC(66642) Expanding ParOldGen from 35840K by 11264K to 47104K
[2020-08-10T13:17:56.826+0300][2016.366s][info ][gc] GC(66642) Pause Full (Ergonomics) 35M->35M(48M) 88.896ms
[2020-08-10T13:17:56.844+0300][2016.385s][info ][gc] GC(66643) Pause Young (Allocation Failure) 36M->36M(48M) 17.793ms
[2020-08-10T13:17:56.859+0300][2016.400s][info ][gc] GC(66644) Pause Young (Allocation Failure) 37M->36M(48M) 14.651ms
[2020-08-10T13:17:56.874+0300][2016.415s][info ][gc] GC(66645) Pause Young (Allocation Failure) 37M->37M(48M) 13.909ms
[2020-08-10T13:17:56.889+0300][2016.430s][info ][gc] GC(66646) Pause Young (Allocation Failure) 38M->38M(48M) 14.219ms
[2020-08-10T13:17:56.904+0300][2016.445s][info ][gc] GC(66647) Pause Young (Allocation Failure) 39M->39M(48M) 14.149ms
[2020-08-10T13:17:56.920+0300][2016.461s][info ][gc] GC(66648) Pause Young (Allocation Failure) 40M->40M(48M) 15.863ms
[2020-08-10T13:17:56.935+0300][2016.476s][info ][gc] GC(66649) Pause Young (Allocation Failure) 41M->41M(48M) 13.837ms
[2020-08-10T13:17:56.950+0300][2016.491s][info ][gc] GC(66650) Pause Young (Allocation Failure) 42M->42M(48M) 13.906ms
[2020-08-10T13:17:56.973+0300][2016.514s][info ][gc] GC(66651) Pause Young (Allocation Failure) 43M->43M(48M) 22.795ms
[2020-08-10T13:17:56.989+0300][2016.530s][info ][gc] GC(66652) Pause Young (Allocation Failure) 44M->44M(48M) 15.450ms
[2020-08-10T13:17:57.006+0300][2016.547s][info ][gc] GC(66653) Pause Young (Allocation Failure) 45M->45M(48M) 15.892ms
[2020-08-10T13:17:57.021+0300][2016.562s][info ][gc] GC(66654) Pause Young (Allocation Failure) 46M->46M(48M) 14.300ms
[2020-08-10T13:17:57.123+0300][2016.664s][debug][gc] GC(66655) Expanding ParOldGen from 47104K by 11264K to 58368K
[2020-08-10T13:17:57.123+0300][2016.664s][info ][gc] GC(66655) Pause Full (Ergonomics) 46M->46M(59M) 101.747ms
[2020-08-10T13:17:57.155+0300][2016.696s][info ][gc] GC(66656) Pause Young (Allocation Failure) 47M->47M(59M) 31.417ms
[2020-08-10T13:17:57.171+0300][2016.711s][info ][gc] GC(66657) Pause Young (Allocation Failure) 48M->48M(59M) 14.885ms
[2020-08-10T13:17:57.186+0300][2016.727s][info ][gc] GC(66658) Pause Young (Allocation Failure) 49M->49M(59M) 14.634ms
[2020-08-10T13:17:57.204+0300][2016.745s][info ][gc] GC(66659) Pause Young (Allocation Failure) 50M->50M(59M) 18.206ms
[2020-08-10T13:17:57.220+0300][2016.761s][info ][gc] GC(66660) Pause Young (Allocation Failure) 51M->51M(59M) 15.248ms
[2020-08-10T13:17:57.235+0300][2016.776s][info ][gc] GC(66661) Pause Young (Allocation Failure) 52M->52M(59M) 14.118ms
[2020-08-10T13:17:57.254+0300][2016.795s][info ][gc] GC(66662) Pause Young (Allocation Failure) 53M->53M(59M) 18.367ms
[2020-08-10T13:17:57.269+0300][2016.810s][info ][gc] GC(66663) Pause Young (Allocation Failure) 54M->53M(59M) 14.528ms
[2020-08-10T13:17:57.284+0300][2016.825s][info ][gc] GC(66664) Pause Young (Allocation Failure) 54M->54M(59M) 14.140ms
[2020-08-10T13:17:57.302+0300][2016.843s][info ][gc] GC(66665) Pause Young (Allocation Failure) 55M->55M(59M) 16.437ms
[2020-08-10T13:17:57.317+0300][2016.858s][info ][gc] GC(66666) Pause Young (Allocation Failure) 56M->56M(59M) 14.203ms
[2020-08-10T13:17:57.331+0300][2016.872s][info ][gc] GC(66667) Pause Young (Allocation Failure) 57M->57M(59M) 13.913ms
[2020-08-10T13:17:57.496+0300][2017.037s][debug][gc] GC(66668) Expanding ParOldGen from 58368K by 11264K to 69632K
[2020-08-10T13:17:57.496+0300][2017.037s][info ][gc] GC(66668) Pause Full (Ergonomics) 57M->57M(70M) 164.781ms
[2020-08-10T13:17:57.529+0300][2017.069s][info ][gc] GC(66669) Pause Young (Allocation Failure) 58M->58M(70M) 32.083ms
[2020-08-10T13:17:57.543+0300][2017.084s][info ][gc] GC(66670) Pause Young (Allocation Failure) 59M->59M(70M) 14.079ms
[2020-08-10T13:17:57.558+0300][2017.099s][info ][gc] GC(66671) Pause Young (Allocation Failure) 60M->60M(70M) 14.589ms
[2020-08-10T13:17:57.573+0300][2017.113s][info ][gc] GC(66672) Pause Young (Allocation Failure) 61M->61M(70M) 13.949ms
[2020-08-10T13:17:57.587+0300][2017.128s][info ][gc] GC(66673) Pause Young (Allocation Failure) 62M->62M(70M) 13.993ms
[2020-08-10T13:17:57.602+0300][2017.143s][info ][gc] GC(66674) Pause Young (Allocation Failure) 63M->63M(70M) 14.206ms
[2020-08-10T13:17:57.617+0300][2017.158s][info ][gc] GC(66675) Pause Young (Allocation Failure) 64M->64M(70M) 14.726ms
[2020-08-10T13:17:57.632+0300][2017.173s][info ][gc] GC(66676) Pause Young (Allocation Failure) 65M->65M(70M) 14.319ms
[2020-08-10T13:17:57.647+0300][2017.188s][info ][gc] GC(66677) Pause Young (Allocation Failure) 66M->66M(70M) 14.289ms
[2020-08-10T13:17:57.662+0300][2017.203s][info ][gc] GC(66678) Pause Young (Allocation Failure) 67M->67M(70M) 14.984ms
[2020-08-10T13:17:57.678+0300][2017.219s][info ][gc] GC(66679) Pause Young (Allocation Failure) 68M->68M(70M) 14.969ms
[2020-08-10T13:17:57.884+0300][2017.425s][debug][gc] GC(66680) Expanding ParOldGen from 69632K by 11264K to 80896K
[2020-08-10T13:17:57.884+0300][2017.425s][info ][gc] GC(66680) Pause Full (Ergonomics) 68M->68M(81M) 205.437ms
[2020-08-10T13:17:57.913+0300][2017.454s][info ][gc] GC(66681) Pause Young (Allocation Failure) 69M->69M(81M) 28.206ms
[2020-08-10T13:17:57.928+0300][2017.469s][info ][gc] GC(66682) Pause Young (Allocation Failure) 70M->70M(81M) 14.211ms
[2020-08-10T13:17:57.944+0300][2017.485s][info ][gc] GC(66683) Pause Young (Allocation Failure) 71M->70M(81M) 14.727ms
[2020-08-10T13:17:57.958+0300][2017.499s][info ][gc] GC(66684) Pause Young (Allocation Failure) 71M->71M(81M) 14.100ms
[2020-08-10T13:17:57.975+0300][2017.516s][info ][gc] GC(66685) Pause Young (Allocation Failure) 72M->72M(81M) 16.692ms
[2020-08-10T13:17:57.997+0300][2017.538s][info ][gc] GC(66686) Pause Young (Allocation Failure) 73M->73M(81M) 20.436ms
[2020-08-10T13:17:58.012+0300][2017.553s][info ][gc] GC(66687) Pause Young (Allocation Failure) 74M->74M(81M) 14.181ms
[2020-08-10T13:17:58.027+0300][2017.568s][info ][gc] GC(66688) Pause Young (Allocation Failure) 75M->75M(81M) 14.481ms
[2020-08-10T13:17:58.042+0300][2017.583s][info ][gc] GC(66689) Pause Young (Allocation Failure) 76M->76M(81M) 14.370ms
[2020-08-10T13:17:58.058+0300][2017.599s][info ][gc] GC(66690) Pause Young (Allocation Failure) 77M->77M(81M) 15.277ms
[2020-08-10T13:17:58.073+0300][2017.614s][info ][gc] GC(66691) Pause Young (Allocation Failure) 78M->78M(81M) 14.058ms
[2020-08-10T13:17:58.088+0300][2017.629s][info ][gc] GC(66692) Pause Young (Allocation Failure) 79M->79M(81M) 14.445ms
[2020-08-10T13:17:58.290+0300][2017.831s][debug][gc] GC(66693) Expanding ParOldGen from 80896K by 11776K to 92672K
[2020-08-10T13:17:58.290+0300][2017.831s][info ][gc] GC(66693) Pause Full (Ergonomics) 79M->79M(92M) 201.847ms
[2020-08-10T13:17:58.322+0300][2017.863s][info ][gc] GC(66694) Pause Young (Allocation Failure) 80M->80M(92M) 31.162ms
[2020-08-10T13:17:58.346+0300][2017.887s][info ][gc] GC(66695) Pause Young (Allocation Failure) 81M->81M(92M) 23.729ms
[2020-08-10T13:17:58.362+0300][2017.903s][info ][gc] GC(66696) Pause Young (Allocation Failure) 82M->82M(92M) 15.073ms
[2020-08-10T13:17:58.378+0300][2017.919s][info ][gc] GC(66697) Pause Young (Allocation Failure) 83M->83M(92M) 14.948ms
[2020-08-10T13:17:58.394+0300][2017.935s][info ][gc] GC(66698) Pause Young (Allocation Failure) 84M->84M(92M) 14.960ms
[2020-08-10T13:17:58.409+0300][2017.950s][info ][gc] GC(66699) Pause Young (Allocation Failure) 85M->85M(92M) 14.707ms
[2020-08-10T13:17:58.425+0300][2017.966s][info ][gc] GC(66700) Pause Young (Allocation Failure) 86M->86M(93M) 14.761ms
[2020-08-10T13:17:58.440+0300][2017.981s][info ][gc] GC(66701) Pause Young (Allocation Failure) 87M->87M(93M) 14.953ms
[2020-08-10T13:17:58.456+0300][2017.997s][info ][gc] GC(66702) Pause Young (Allocation Failure) 88M->88M(93M) 14.782ms
[2020-08-10T13:17:58.471+0300][2018.012s][info ][gc] GC(66703) Pause Young (Allocation Failure) 89M->89M(93M) 15.223ms
[2020-08-10T13:17:58.489+0300][2018.030s][info ][gc] GC(66704) Pause Young (Allocation Failure) 90M->90M(93M) 17.072ms
[2020-08-10T13:17:58.505+0300][2018.046s][info ][gc] GC(66705) Pause Young (Allocation Failure) 91M->90M(93M) 14.871ms
[2020-08-10T13:17:58.756+0300][2018.297s][debug][gc] GC(66706) Expanding ParOldGen from 92672K by 11264K to 103936K
[2020-08-10T13:17:58.756+0300][2018.297s][info ][gc] GC(66706) Pause Full (Ergonomics) 90M->90M(104M) 251.302ms
[2020-08-10T13:17:58.791+0300][2018.332s][info ][gc] GC(66707) Pause Young (Allocation Failure) 91M->91M(104M) 34.116ms
[2020-08-10T13:17:58.807+0300][2018.348s][info ][gc] GC(66708) Pause Young (Allocation Failure) 92M->92M(104M) 15.430ms
[2020-08-10T13:17:58.823+0300][2018.364s][info ][gc] GC(66709) Pause Young (Allocation Failure) 93M->93M(104M) 15.360ms
[2020-08-10T13:17:58.840+0300][2018.380s][info ][gc] GC(66710) Pause Young (Allocation Failure) 94M->94M(104M) 15.619ms
[2020-08-10T13:17:58.856+0300][2018.397s][info ][gc] GC(66711) Pause Young (Allocation Failure) 95M->95M(104M) 15.565ms
[2020-08-10T13:17:58.872+0300][2018.413s][info ][gc] GC(66712) Pause Young (Allocation Failure) 96M->96M(104M) 15.701ms
[2020-08-10T13:17:58.888+0300][2018.429s][info ][gc] GC(66713) Pause Young (Allocation Failure) 97M->97M(104M) 15.523ms
[2020-08-10T13:17:58.906+0300][2018.447s][info ][gc] GC(66714) Pause Young (Allocation Failure) 98M->98M(104M) 17.236ms
[2020-08-10T13:17:58.923+0300][2018.464s][info ][gc] GC(66715) Pause Young (Allocation Failure) 99M->99M(104M) 15.847ms
[2020-08-10T13:17:58.939+0300][2018.480s][info ][gc] GC(66716) Pause Young (Allocation Failure) 100M->100M(104M) 15.859ms
[2020-08-10T13:17:58.956+0300][2018.497s][info ][gc] GC(66717) Pause Young (Allocation Failure) 101M->101M(104M) 15.884ms
[2020-08-10T13:17:58.973+0300][2018.514s][info ][gc] GC(66718) Pause Young (Allocation Failure) 102M->102M(104M) 16.068ms
[2020-08-10T13:17:59.274+0300][2018.815s][debug][gc] GC(66719) Expanding ParOldGen from 103936K by 11264K to 115200K
[2020-08-10T13:17:59.274+0300][2018.815s][info ][gc] GC(66719) Pause Full (Ergonomics) 102M->102M(115M) 301.459ms
[2020-08-10T13:17:59.321+0300][2018.862s][info ][gc] GC(66720) Pause Young (Allocation Failure) 103M->103M(115M) 46.418ms
[2020-08-10T13:17:59.350+0300][2018.891s][info ][gc] GC(66721) Pause Young (Allocation Failure) 104M->104M(115M) 27.517ms
[2020-08-10T13:17:59.371+0300][2018.912s][info ][gc] GC(66722) Pause Young (Allocation Failure) 105M->105M(115M) 20.731ms
[2020-08-10T13:17:59.388+0300][2018.929s][info ][gc] GC(66723) Pause Young (Allocation Failure) 106M->105M(115M) 16.205ms
[2020-08-10T13:17:59.405+0300][2018.946s][info ][gc] GC(66724) Pause Young (Allocation Failure) 106M->106M(115M) 16.515ms
[2020-08-10T13:17:59.424+0300][2018.964s][info ][gc] GC(66725) Pause Young (Allocation Failure) 107M->107M(115M) 16.603ms
[2020-08-10T13:17:59.441+0300][2018.981s][info ][gc] GC(66726) Pause Young (Allocation Failure) 108M->108M(115M) 16.551ms
[2020-08-10T13:17:59.459+0300][2018.999s][info ][gc] GC(66727) Pause Young (Allocation Failure) 109M->109M(115M) 16.740ms
[2020-08-10T13:17:59.477+0300][2019.017s][info ][gc] GC(66728) Pause Young (Allocation Failure) 110M->110M(115M) 16.856ms
[2020-08-10T13:17:59.494+0300][2019.034s][info ][gc] GC(66729) Pause Young (Allocation Failure) 111M->111M(115M) 17.064ms
[2020-08-10T13:17:59.512+0300][2019.052s][info ][gc] GC(66730) Pause Young (Allocation Failure) 112M->112M(115M) 17.022ms
[2020-08-10T13:17:59.839+0300][2019.379s][debug][gc] GC(66731) Expanding ParOldGen from 115200K by 11776K to 126976K
[2020-08-10T13:17:59.839+0300][2019.379s][info ][gc] GC(66731) Pause Full (Ergonomics) 112M->112M(126M) 326.618ms
[2020-08-10T13:17:59.866+0300][2019.406s][info ][gc] GC(66732) Pause Young (Allocation Failure) 113M->113M(126M) 26.142ms
[2020-08-10T13:17:59.893+0300][2019.433s][info ][gc] GC(66733) Pause Young (Allocation Failure) 114M->114M(126M) 26.956ms
[2020-08-10T13:17:59.920+0300][2019.460s][info ][gc] GC(66734) Pause Young (Allocation Failure) 115M->115M(126M) 25.719ms
[2020-08-10T13:17:59.938+0300][2019.478s][info ][gc] GC(66735) Pause Young (Allocation Failure) 116M->116M(126M) 17.617ms
[2020-08-10T13:17:59.958+0300][2019.498s][info ][gc] GC(66736) Pause Young (Allocation Failure) 117M->117M(126M) 19.337ms
[2020-08-10T13:17:59.977+0300][2019.517s][info ][gc] GC(66737) Pause Young (Allocation Failure) 118M->118M(126M) 18.058ms
[2020-08-10T13:18:00.011+0300][2019.551s][info ][gc] GC(66738) Pause Young (Allocation Failure) 119M->119M(126M) 34.050ms
[2020-08-10T13:18:00.037+0300][2019.577s][info ][gc] GC(66739) Pause Young (Allocation Failure) 120M->120M(126M) 24.836ms
[2020-08-10T13:18:00.055+0300][2019.595s][info ][gc] GC(66740) Pause Young (Allocation Failure) 121M->121M(126M) 17.937ms
[2020-08-10T13:18:00.074+0300][2019.614s][info ][gc] GC(66741) Pause Young (Allocation Failure) 122M->122M(126M) 18.040ms
[2020-08-10T13:18:00.112+0300][2019.652s][info ][gc] GC(66742) Pause Young (Allocation Failure) 123M->123M(126M) 37.443ms
[2020-08-10T13:18:00.130+0300][2019.670s][info ][gc] GC(66743) Pause Young (Allocation Failure) 124M->124M(126M) 17.930ms
[2020-08-10T13:18:00.613+0300][2020.153s][debug][gc] GC(66744) Expanding ParOldGen from 126976K by 11264K to 138240K
[2020-08-10T13:18:00.613+0300][2020.153s][info ][gc] GC(66744) Pause Full (Ergonomics) 124M->123M(137M) 482.832ms
[2020-08-10T13:18:00.629+0300][2020.169s][info ][gc] GC(66745) Pause Young (Allocation Failure) 124M->124M(137M) 15.345ms
[2020-08-10T13:18:00.648+0300][2020.188s][info ][gc] GC(66746) Pause Young (Allocation Failure) 125M->125M(137M) 18.165ms
[2020-08-10T13:18:00.666+0300][2020.206s][info ][gc] GC(66747) Pause Young (Allocation Failure) 126M->126M(137M) 18.151ms
[2020-08-10T13:18:00.685+0300][2020.225s][info ][gc] GC(66748) Pause Young (Allocation Failure) 127M->127M(137M) 18.250ms
[2020-08-10T13:18:00.705+0300][2020.245s][info ][gc] GC(66749) Pause Young (Allocation Failure) 128M->128M(137M) 18.330ms
[2020-08-10T13:18:00.724+0300][2020.264s][info ][gc] GC(66750) Pause Young (Allocation Failure) 129M->129M(137M) 18.341ms
[2020-08-10T13:18:00.753+0300][2020.293s][info ][gc] GC(66751) Pause Young (Allocation Failure) 130M->130M(137M) 28.649ms
[2020-08-10T13:18:00.772+0300][2020.312s][info ][gc] GC(66752) Pause Young (Allocation Failure) 131M->131M(137M) 18.617ms
[2020-08-10T13:18:00.804+0300][2020.344s][info ][gc] GC(66753) Pause Young (Allocation Failure) 132M->132M(137M) 30.794ms
[2020-08-10T13:18:00.823+0300][2020.363s][info ][gc] GC(66754) Pause Young (Allocation Failure) 133M->133M(137M) 18.821ms
[2020-08-10T13:18:00.849+0300][2020.389s][info ][gc] GC(66755) Pause Young (Allocation Failure) 134M->134M(137M) 24.718ms
[2020-08-10T13:18:00.872+0300][2020.412s][info ][gc] GC(66756) Pause Young (Allocation Failure) 135M->135M(137M) 22.588ms
[2020-08-10T13:18:01.430+0300][2020.970s][debug][gc] GC(66757) Expanding ParOldGen from 138240K by 11264K to 149504K
[2020-08-10T13:18:01.430+0300][2020.970s][info ][gc] GC(66757) Pause Full (Ergonomics) 135M->135M(148M) 557.407ms
[2020-08-10T13:18:01.471+0300][2021.011s][info ][gc] GC(66758) Pause Young (Allocation Failure) 136M->136M(148M) 40.498ms
[2020-08-10T13:18:01.491+0300][2021.032s][info ][gc] GC(66759) Pause Young (Allocation Failure) 137M->137M(148M) 19.419ms
[2020-08-10T13:18:01.492+0300][2021.032s][debug][gc] Expanding ParOldGen from 149504K by 19968K to 169472K
[2020-08-10T13:18:01.534+0300][2021.074s][info ][gc] GC(66760) Pause Young (Allocation Failure) 157M->157M(168M) 30.231ms
[2020-08-10T13:18:01.557+0300][2021.097s][info ][gc] GC(66761) Pause Young (Allocation Failure) 158M->158M(168M) 22.262ms
[2020-08-10T13:18:01.575+0300][2021.115s][info ][gc] GC(66762) Pause Young (Allocation Failure) 159M->158M(168M) 17.399ms
[2020-08-10T13:18:01.594+0300][2021.134s][info ][gc] GC(66763) Pause Young (Allocation Failure) 159M->159M(168M) 18.685ms
[2020-08-10T13:18:01.615+0300][2021.155s][info ][gc] GC(66764) Pause Young (Allocation Failure) 160M->160M(168M) 19.907ms
[2020-08-10T13:18:01.631+0300][2021.171s][info ][gc] GC(66765) Pause Young (Allocation Failure) 161M->161M(168M) 16.210ms
[2020-08-10T13:18:01.649+0300][2021.189s][info ][gc] GC(66766) Pause Young (Allocation Failure) 162M->162M(168M) 16.673ms
[2020-08-10T13:18:01.667+0300][2021.207s][info ][gc] GC(66767) Pause Young (Allocation Failure) 163M->163M(168M) 18.047ms
[2020-08-10T13:18:01.685+0300][2021.225s][info ][gc] GC(66768) Pause Young (Allocation Failure) 164M->164M(168M) 17.450ms
[2020-08-10T13:18:01.703+0300][2021.243s][info ][gc] GC(66769) Pause Young (Allocation Failure) 165M->165M(168M) 17.609ms
[2020-08-10T13:18:01.804+0300][2021.344s][debug][gc] GC(66770) Shrinking ParOldGen from 169472K by 124928K to 44544K
[2020-08-10T13:18:01.804+0300][2021.345s][info ][gc] GC(66770) Pause Full (Ergonomics) 165M->31M(46M) 101.197ms
[2020-08-10T13:18:01.833+0300][2021.373s][info ][gc] GC(66771) Pause Young (Allocation Failure) 32M->32M(46M) 27.582ms
[2020-08-10T13:18:01.851+0300][2021.391s][info ][gc] GC(66772) Pause Young (Allocation Failure) 33M->33M(46M) 17.128ms
[2020-08-10T13:18:01.866+0300][2021.406s][info ][gc] GC(66773) Pause Young (Allocation Failure) 34M->34M(46M) 14.131ms
[2020-08-10T13:18:01.881+0300][2021.421s][info ][gc] GC(66774) Pause Young (Allocation Failure) 35M->35M(46M) 14.186ms
[2020-08-10T13:18:01.896+0300][2021.436s][info ][gc] GC(66775) Pause Young (Allocation Failure) 36M->36M(46M) 14.381ms
[2020-08-10T13:18:01.922+0300][2021.462s][info ][gc] GC(66776) Pause Young (Allocation Failure) 37M->37M(46M) 24.770ms
[2020-08-10T13:18:01.944+0300][2021.484s][info ][gc] GC(66777) Pause Young (Allocation Failure) 38M->38M(46M) 21.461ms
[2020-08-10T13:18:01.961+0300][2021.501s][info ][gc] GC(66778) Pause Young (Allocation Failure) 39M->39M(46M) 16.926ms
[2020-08-10T13:18:01.976+0300][2021.516s][info ][gc] GC(66779) Pause Young (Allocation Failure) 40M->40M(46M) 14.176ms
[2020-08-10T13:18:01.994+0300][2021.535s][info ][gc] GC(66780) Pause Young (Allocation Failure) 41M->41M(46M) 17.822ms
[2020-08-10T13:18:02.009+0300][2021.549s][info ][gc] GC(66781) Pause Young (Allocation Failure) 42M->42M(46M) 13.622ms
[2020-08-10T13:18:02.025+0300][2021.565s][info ][gc] GC(66782) Pause Young (Allocation Failure) 43M->43M(46M) 15.716ms
[2020-08-10T13:18:02.111+0300][2021.651s][debug][gc] GC(66783) Expanding ParOldGen from 44544K by 11264K to 55808K
[2020-08-10T13:18:02.111+0300][2021.651s][info ][gc] GC(66783) Pause Full (Ergonomics) 43M->43M(57M) 85.974ms
[2020-08-10T13:18:02.125+0300][2021.665s][info ][gc] GC(66784) Pause Young (Allocation Failure) 44M->44M(57M) 13.551ms
[2020-08-10T13:18:02.139+0300][2021.680s][info ][gc] GC(66785) Pause Young (Allocation Failure) 45M->45M(57M) 13.950ms
[2020-08-10T13:18:02.162+0300][2021.702s][info ][gc] GC(66786) Pause Young (Allocation Failure) 46M->46M(57M) 21.434ms
[2020-08-10T13:18:02.177+0300][2021.717s][info ][gc] GC(66787) Pause Young (Allocation Failure) 47M->47M(57M) 14.672ms
[2020-08-10T13:18:02.192+0300][2021.732s][info ][gc] GC(66788) Pause Young (Allocation Failure) 48M->48M(57M) 14.222ms
[2020-08-10T13:18:02.206+0300][2021.747s][info ][gc] GC(66789) Pause Young (Allocation Failure) 49M->49M(57M) 14.018ms
[2020-08-10T13:18:02.221+0300][2021.762s][info ][gc] GC(66790) Pause Young (Allocation Failure) 50M->50M(56M) 14.495ms
[2020-08-10T13:18:02.236+0300][2021.776s][info ][gc] GC(66791) Pause Young (Allocation Failure) 51M->51M(56M) 13.841ms
[2020-08-10T13:18:02.250+0300][2021.790s][info ][gc] GC(66792) Pause Young (Allocation Failure) 52M->51M(56M) 14.041ms
[2020-08-10T13:18:02.265+0300][2021.805s][info ][gc] GC(66793) Pause Young (Allocation Failure) 52M->52M(56M) 14.161ms
[2020-08-10T13:18:02.280+0300][2021.820s][info ][gc] GC(66794) Pause Young (Allocation Failure) 53M->53M(56M) 14.608ms
[2020-08-10T13:18:02.313+0300][2021.853s][info ][gc] GC(66795) Pause Young (Allocation Failure) 54M->54M(56M) 31.882ms
[2020-08-10T13:18:02.470+0300][2022.010s][debug][gc] GC(66796) Expanding ParOldGen from 55808K by 11264K to 67072K
[2020-08-10T13:18:02.470+0300][2022.010s][info ][gc] GC(66796) Pause Full (Ergonomics) 54M->54M(67M) 156.805ms
[2020-08-10T13:18:02.493+0300][2022.033s][info ][gc] GC(66797) Pause Young (Allocation Failure) 55M->55M(67M) 22.952ms
[2020-08-10T13:18:02.527+0300][2022.067s][info ][gc] GC(66798) Pause Young (Allocation Failure) 56M->56M(67M) 32.946ms
[2020-08-10T13:18:02.542+0300][2022.082s][info ][gc] GC(66799) Pause Young (Allocation Failure) 57M->57M(67M) 14.242ms
[2020-08-10T13:18:02.556+0300][2022.096s][info ][gc] GC(66800) Pause Young (Allocation Failure) 58M->58M(67M) 14.131ms
[2020-08-10T13:18:02.571+0300][2022.112s][info ][gc] GC(66801) Pause Young (Allocation Failure) 59M->59M(67M) 14.661ms
[2020-08-10T13:18:02.586+0300][2022.126s][info ][gc] GC(66802) Pause Young (Allocation Failure) 60M->60M(67M) 14.160ms
[2020-08-10T13:18:02.601+0300][2022.141s][info ][gc] GC(66803) Pause Young (Allocation Failure) 61M->61M(67M) 14.116ms
[2020-08-10T13:18:02.615+0300][2022.155s][info ][gc] GC(66804) Pause Young (Allocation Failure) 62M->62M(67M) 13.975ms
[2020-08-10T13:18:02.630+0300][2022.170s][info ][gc] GC(66805) Pause Young (Allocation Failure) 63M->63M(67M) 13.991ms
[2020-08-10T13:18:02.645+0300][2022.185s][info ][gc] GC(66806) Pause Young (Allocation Failure) 64M->64M(67M) 14.550ms
[2020-08-10T13:18:02.660+0300][2022.200s][info ][gc] GC(66807) Pause Young (Allocation Failure) 65M->65M(67M) 14.685ms
[2020-08-10T13:18:02.675+0300][2022.215s][info ][gc] GC(66808) Pause Young (Allocation Failure) 66M->66M(67M) 14.686ms
[2020-08-10T13:18:02.828+0300][2022.368s][debug][gc] GC(66809) Expanding ParOldGen from 67072K by 11264K to 78336K
[2020-08-10T13:18:02.828+0300][2022.368s][info ][gc] GC(66809) Pause Full (Ergonomics) 66M->66M(78M) 152.451ms
[2020-08-10T13:18:02.857+0300][2022.397s][info ][gc] GC(66810) Pause Young (Allocation Failure) 67M->67M(78M) 28.878ms
[2020-08-10T13:18:02.872+0300][2022.413s][info ][gc] GC(66811) Pause Young (Allocation Failure) 68M->68M(78M) 14.332ms
[2020-08-10T13:18:02.887+0300][2022.428s][info ][gc] GC(66812) Pause Young (Allocation Failure) 69M->69M(78M) 14.279ms
[2020-08-10T13:18:02.902+0300][2022.442s][info ][gc] GC(66813) Pause Young (Allocation Failure) 70M->70M(78M) 14.034ms
[2020-08-10T13:18:02.917+0300][2022.457s][info ][gc] GC(66814) Pause Young (Allocation Failure) 71M->70M(78M) 14.447ms
[2020-08-10T13:18:02.932+0300][2022.472s][info ][gc] GC(66815) Pause Young (Allocation Failure) 71M->71M(78M) 14.403ms
[2020-08-10T13:18:02.947+0300][2022.488s][info ][gc] GC(66816) Pause Young (Allocation Failure) 72M->72M(78M) 14.246ms
[2020-08-10T13:18:02.963+0300][2022.503s][info ][gc] GC(66817) Pause Young (Allocation Failure) 73M->73M(78M) 14.467ms
[2020-08-10T13:18:02.978+0300][2022.518s][info ][gc] GC(66818) Pause Young (Allocation Failure) 74M->74M(78M) 14.323ms
[2020-08-10T13:18:02.993+0300][2022.533s][info ][gc] GC(66819) Pause Young (Allocation Failure) 75M->75M(78M) 14.564ms
[2020-08-10T13:18:03.008+0300][2022.548s][info ][gc] GC(66820) Pause Young (Allocation Failure) 76M->76M(78M) 14.681ms
[2020-08-10T13:18:03.219+0300][2022.759s][debug][gc] GC(66821) Expanding ParOldGen from 78336K by 11264K to 89600K
[2020-08-10T13:18:03.219+0300][2022.759s][info ][gc] GC(66821) Pause Full (Ergonomics) 76M->76M(89M) 211.134ms
[2020-08-10T13:18:03.251+0300][2022.792s][info ][gc] GC(66822) Pause Young (Allocation Failure) 77M->77M(89M) 31.098ms
[2020-08-10T13:18:03.266+0300][2022.806s][info ][gc] GC(66823) Pause Young (Allocation Failure) 78M->78M(89M) 14.330ms
[2020-08-10T13:18:03.281+0300][2022.821s][info ][gc] GC(66824) Pause Young (Allocation Failure) 79M->79M(89M) 14.103ms
[2020-08-10T13:18:03.297+0300][2022.838s][info ][gc] GC(66825) Pause Young (Allocation Failure) 80M->80M(89M) 15.504ms
[2020-08-10T13:18:03.335+0300][2022.875s][info ][gc] GC(66826) Pause Young (Allocation Failure) 81M->81M(89M) 37.291ms
[2020-08-10T13:18:03.364+0300][2022.904s][info ][gc] GC(66827) Pause Young (Allocation Failure) 82M->82M(89M) 28.171ms
[2020-08-10T13:18:03.379+0300][2022.920s][info ][gc] GC(66828) Pause Young (Allocation Failure) 83M->83M(89M) 14.472ms
[2020-08-10T13:18:03.401+0300][2022.942s][info ][gc] GC(66829) Pause Young (Allocation Failure) 84M->84M(89M) 21.492ms
[2020-08-10T13:18:03.417+0300][2022.957s][info ][gc] GC(66830) Pause Young (Allocation Failure) 85M->85M(89M) 14.238ms
[2020-08-10T13:18:03.432+0300][2022.972s][info ][gc] GC(66831) Pause Young (Allocation Failure) 86M->86M(89M) 14.211ms
[2020-08-10T13:18:03.447+0300][2022.987s][info ][gc] GC(66832) Pause Young (Allocation Failure) 87M->87M(89M) 14.537ms
[2020-08-10T13:18:03.474+0300][2023.014s][info ][gc] GC(66833) Pause Young (Allocation Failure) 88M->88M(89M) 26.221ms
[2020-08-10T13:18:03.718+0300][2023.258s][debug][gc] GC(66834) Expanding ParOldGen from 89600K by 11264K to 100864K
[2020-08-10T13:18:03.718+0300][2023.259s][info ][gc] GC(66834) Pause Full (Ergonomics) 88M->87M(100M) 244.064ms
[2020-08-10T13:18:03.765+0300][2023.305s][info ][gc] GC(66835) Pause Young (Allocation Failure) 88M->88M(100M) 46.026ms
[2020-08-10T13:18:03.786+0300][2023.326s][info ][gc] GC(66836) Pause Young (Allocation Failure) 89M->89M(100M) 20.619ms
[2020-08-10T13:18:03.802+0300][2023.342s][info ][gc] GC(66837) Pause Young (Allocation Failure) 90M->90M(100M) 15.023ms
[2020-08-10T13:18:03.817+0300][2023.358s][info ][gc] GC(66838) Pause Young (Allocation Failure) 91M->91M(100M) 15.089ms
[2020-08-10T13:18:03.833+0300][2023.374s][info ][gc] GC(66839) Pause Young (Allocation Failure) 92M->92M(100M) 15.117ms
[2020-08-10T13:18:03.849+0300][2023.390s][info ][gc] GC(66840) Pause Young (Allocation Failure) 93M->93M(100M) 15.115ms
[2020-08-10T13:18:03.865+0300][2023.405s][info ][gc] GC(66841) Pause Young (Allocation Failure) 94M->94M(100M) 15.084ms
[2020-08-10T13:18:03.881+0300][2023.421s][info ][gc] GC(66842) Pause Young (Allocation Failure) 95M->95M(100M) 15.347ms
[2020-08-10T13:18:03.897+0300][2023.437s][info ][gc] GC(66843) Pause Young (Allocation Failure) 96M->96M(100M) 15.310ms
[2020-08-10T13:18:03.913+0300][2023.453s][info ][gc] GC(66844) Pause Young (Allocation Failure) 97M->97M(100M) 15.289ms
[2020-08-10T13:18:03.929+0300][2023.469s][info ][gc] GC(66845) Pause Young (Allocation Failure) 98M->98M(100M) 15.473ms
[2020-08-10T13:18:03.945+0300][2023.486s][info ][gc] GC(66846) Pause Young (Allocation Failure) 99M->99M(100M) 15.736ms
[2020-08-10T13:18:04.251+0300][2023.791s][debug][gc] GC(66847) Expanding ParOldGen from 100864K by 11264K to 112128K
[2020-08-10T13:18:04.251+0300][2023.791s][info ][gc] GC(66847) Pause Full (Ergonomics) 99M->99M(111M) 305.225ms
[2020-08-10T13:18:04.288+0300][2023.829s][info ][gc] GC(66848) Pause Young (Allocation Failure) 100M->100M(111M) 37.102ms
[2020-08-10T13:18:04.303+0300][2023.844s][info ][gc] GC(66849) Pause Young (Allocation Failure) 100M->100M(111M) 14.359ms
[2020-08-10T13:18:04.318+0300][2023.858s][info ][gc] GC(66850) Pause Young (Allocation Failure) 101M->100M(111M) 13.813ms
[2020-08-10T13:18:04.333+0300][2023.873s][info ][gc] GC(66851) Pause Young (Allocation Failure) 101M->101M(111M) 13.854ms
[2020-08-10T13:18:04.347+0300][2023.887s][info ][gc] GC(66852) Pause Young (Allocation Failure) 101M->101M(111M) 13.995ms
[2020-08-10T13:18:04.383+0300][2023.924s][info ][gc] GC(66853) Pause Young (Allocation Failure) 102M->102M(111M) 35.832ms
[2020-08-10T13:18:04.414+0300][2023.955s][info ][gc] GC(66854) Pause Young (Allocation Failure) 102M->102M(111M) 30.196ms
[2020-08-10T13:18:04.429+0300][2023.969s][info ][gc] GC(66855) Pause Young (Allocation Failure) 103M->103M(111M) 14.204ms
[2020-08-10T13:18:04.444+0300][2023.984s][info ][gc] GC(66856) Pause Young (Allocation Failure) 103M->103M(111M) 13.953ms
[2020-08-10T13:18:04.459+0300][2023.999s][info ][gc] GC(66857) Pause Young (Allocation Failure) 104M->104M(111M) 14.094ms
[2020-08-10T13:18:04.473+0300][2024.014s][info ][gc] GC(66858) Pause Young (Allocation Failure) 104M->104M(111M) 13.955ms
[2020-08-10T13:18:04.488+0300][2024.028s][info ][gc] GC(66859) Pause Young (Allocation Failure) 105M->105M(111M) 14.065ms
[2020-08-10T13:18:04.502+0300][2024.043s][info ][gc] GC(66860) Pause Young (Allocation Failure) 105M->105M(111M) 14.144ms
[2020-08-10T13:18:04.517+0300][2024.057s][info ][gc] GC(66861) Pause Young (Allocation Failure) 106M->106M(111M) 13.933ms
[2020-08-10T13:18:04.532+0300][2024.072s][info ][gc] GC(66862) Pause Young (Allocation Failure) 106M->106M(111M) 13.820ms
[2020-08-10T13:18:04.546+0300][2024.086s][info ][gc] GC(66863) Pause Young (Allocation Failure) 106M->106M(111M) 14.120ms
[2020-08-10T13:18:04.561+0300][2024.101s][info ][gc] GC(66864) Pause Young (Allocation Failure) 107M->107M(111M) 14.222ms
[2020-08-10T13:18:04.581+0300][2024.121s][info ][gc] GC(66865) Pause Young (Allocation Failure) 107M->107M(110M) 19.691ms
[2020-08-10T13:18:04.596+0300][2024.137s][info ][gc] GC(66866) Pause Young (Allocation Failure) 108M->108M(111M) 14.229ms
[2020-08-10T13:18:04.611+0300][2024.152s][info ][gc] GC(66867) Pause Young (Allocation Failure) 108M->108M(111M) 14.325ms
[2020-08-10T13:18:04.626+0300][2024.167s][info ][gc] GC(66868) Pause Young (Allocation Failure) 109M->109M(111M) 14.291ms
[2020-08-10T13:18:04.892+0300][2024.432s][debug][gc] GC(66869) Expanding ParOldGen from 112128K by 10752K to 122880K
[2020-08-10T13:18:04.892+0300][2024.433s][info ][gc] GC(66869) Pause Full (Ergonomics) 109M->109M(121M) 265.723ms
[2020-08-10T13:18:04.907+0300][2024.447s][info ][gc] GC(66870) Pause Young (Allocation Failure) 109M->109M(121M) 13.531ms
[2020-08-10T13:18:04.921+0300][2024.461s][info ][gc] GC(66871) Pause Young (Allocation Failure) 109M->109M(121M) 13.537ms
[2020-08-10T13:18:04.935+0300][2024.475s][info ][gc] GC(66872) Pause Young (Allocation Failure) 110M->110M(121M) 13.499ms
[2020-08-10T13:18:04.949+0300][2024.490s][info ][gc] GC(66873) Pause Young (Allocation Failure) 110M->110M(121M) 13.557ms
[2020-08-10T13:18:04.963+0300][2024.504s][info ][gc] GC(66874) Pause Young (Allocation Failure) 111M->111M(121M) 13.518ms
[2020-08-10T13:18:04.978+0300][2024.518s][info ][gc] GC(66875) Pause Young (Allocation Failure) 111M->111M(121M) 13.689ms
[2020-08-10T13:18:04.992+0300][2024.532s][info ][gc] GC(66876) Pause Young (Allocation Failure) 112M->112M(121M) 13.597ms
[2020-08-10T13:18:05.007+0300][2024.547s][info ][gc] GC(66877) Pause Young (Allocation Failure) 112M->112M(121M) 13.653ms
[2020-08-10T13:18:05.021+0300][2024.561s][info ][gc] GC(66878) Pause Young (Allocation Failure) 113M->113M(121M) 13.689ms
[2020-08-10T13:18:05.036+0300][2024.576s][info ][gc] GC(66879) Pause Young (Allocation Failure) 113M->113M(121M) 13.741ms
[2020-08-10T13:18:05.057+0300][2024.597s][info ][gc] GC(66880) Pause Young (Allocation Failure) 114M->113M(121M) 20.373ms
[2020-08-10T13:18:05.071+0300][2024.611s][info ][gc] GC(66881) Pause Young (Allocation Failure) 114M->114M(121M) 13.778ms
[2020-08-10T13:18:05.089+0300][2024.629s][info ][gc] GC(66882) Pause Young (Allocation Failure) 114M->114M(121M) 17.143ms
[2020-08-10T13:18:05.105+0300][2024.646s][info ][gc] GC(66883) Pause Young (Allocation Failure) 115M->115M(121M) 16.498ms
[2020-08-10T13:18:05.120+0300][2024.660s][info ][gc] GC(66884) Pause Young (Allocation Failure) 115M->115M(121M) 13.757ms
[2020-08-10T13:18:05.135+0300][2024.675s][info ][gc] GC(66885) Pause Young (Allocation Failure) 116M->116M(121M) 14.403ms
[2020-08-10T13:18:05.149+0300][2024.690s][info ][gc] GC(66886) Pause Young (Allocation Failure) 116M->116M(121M) 14.066ms
[2020-08-10T13:18:05.164+0300][2024.704s][info ][gc] GC(66887) Pause Young (Allocation Failure) 117M->117M(121M) 14.137ms
[2020-08-10T13:18:05.178+0300][2024.718s][info ][gc] GC(66888) Pause Young (Allocation Failure) 117M->117M(121M) 13.830ms
[2020-08-10T13:18:05.204+0300][2024.744s][info ][gc] GC(66889) Pause Young (Allocation Failure) 118M->118M(121M) 25.689ms
[2020-08-10T13:18:05.219+0300][2024.759s][info ][gc] GC(66890) Pause Young (Allocation Failure) 118M->118M(121M) 14.433ms
[2020-08-10T13:18:05.234+0300][2024.774s][info ][gc] GC(66891) Pause Young (Allocation Failure) 119M->119M(121M) 14.469ms
[2020-08-10T13:18:05.248+0300][2024.789s][info ][gc] GC(66892) Pause Young (Allocation Failure) 119M->119M(121M) 14.282ms
[2020-08-10T13:18:05.263+0300][2024.803s][info ][gc] GC(66893) Pause Young (Allocation Failure) 120M->120M(121M) 14.212ms
[2020-08-10T13:18:05.631+0300][2025.172s][debug][gc] GC(66894) Expanding ParOldGen from 122880K by 10752K to 133632K
[2020-08-10T13:18:05.631+0300][2025.172s][info ][gc] GC(66894) Pause Full (Ergonomics) 120M->119M(132M) 368.198ms
[2020-08-10T13:18:05.655+0300][2025.195s][info ][gc] GC(66895) Pause Young (Allocation Failure) 120M->120M(132M) 22.824ms
[2020-08-10T13:18:05.671+0300][2025.211s][info ][gc] GC(66896) Pause Young (Allocation Failure) 120M->120M(132M) 15.294ms
[2020-08-10T13:18:05.690+0300][2025.230s][info ][gc] GC(66897) Pause Young (Allocation Failure) 121M->121M(132M) 18.644ms
[2020-08-10T13:18:05.705+0300][2025.246s][info ][gc] GC(66898) Pause Young (Allocation Failure) 121M->121M(132M) 15.134ms
[2020-08-10T13:18:05.724+0300][2025.264s][info ][gc] GC(66899) Pause Young (Allocation Failure) 122M->122M(132M) 18.072ms
[2020-08-10T13:18:05.739+0300][2025.280s][info ][gc] GC(66900) Pause Young (Allocation Failure) 122M->122M(132M) 14.793ms
[2020-08-10T13:18:05.755+0300][2025.295s][info ][gc] GC(66901) Pause Young (Allocation Failure) 123M->123M(132M) 14.831ms
[2020-08-10T13:18:05.770+0300][2025.310s][info ][gc] GC(66902) Pause Young (Allocation Failure) 123M->123M(132M) 14.866ms
[2020-08-10T13:18:05.785+0300][2025.326s][info ][gc] GC(66903) Pause Young (Allocation Failure) 124M->124M(132M) 14.933ms
[2020-08-10T13:18:05.801+0300][2025.341s][info ][gc] GC(66904) Pause Young (Allocation Failure) 124M->124M(132M) 15.009ms
[2020-08-10T13:18:05.816+0300][2025.356s][info ][gc] GC(66905) Pause Young (Allocation Failure) 125M->124M(132M) 15.014ms
[2020-08-10T13:18:05.843+0300][2025.383s][info ][gc] GC(66906) Pause Young (Allocation Failure) 125M->125M(132M) 25.823ms
[2020-08-10T13:18:05.858+0300][2025.399s][info ][gc] GC(66907) Pause Young (Allocation Failure) 125M->125M(132M) 15.045ms
[2020-08-10T13:18:05.887+0300][2025.428s][info ][gc] GC(66908) Pause Young (Allocation Failure) 126M->126M(132M) 28.634ms
[2020-08-10T13:18:05.904+0300][2025.444s][info ][gc] GC(66909) Pause Young (Allocation Failure) 126M->126M(132M) 16.075ms
[2020-08-10T13:18:05.920+0300][2025.460s][info ][gc] GC(66910) Pause Young (Allocation Failure) 127M->127M(132M) 15.282ms
[2020-08-10T13:18:05.935+0300][2025.476s][info ][gc] GC(66911) Pause Young (Allocation Failure) 127M->127M(132M) 15.243ms
[2020-08-10T13:18:05.951+0300][2025.492s][info ][gc] GC(66912) Pause Young (Allocation Failure) 128M->128M(132M) 15.472ms
[2020-08-10T13:18:05.967+0300][2025.507s][info ][gc] GC(66913) Pause Young (Allocation Failure) 128M->128M(132M) 15.087ms
[2020-08-10T13:18:05.983+0300][2025.523s][info ][gc] GC(66914) Pause Young (Allocation Failure) 129M->129M(132M) 14.902ms
[2020-08-10T13:18:05.998+0300][2025.538s][info ][gc] GC(66915) Pause Young (Allocation Failure) 129M->129M(132M) 14.719ms
[2020-08-10T13:18:06.019+0300][2025.560s][info ][gc] GC(66916) Pause Young (Allocation Failure) 130M->130M(132M) 20.931ms
[2020-08-10T13:18:06.035+0300][2025.575s][info ][gc] GC(66917) Pause Young (Allocation Failure) 130M->130M(132M) 15.509ms
[2020-08-10T13:18:06.373+0300][2025.913s][debug][gc] GC(66918) Expanding ParOldGen from 133632K by 10752K to 144384K
[2020-08-10T13:18:06.373+0300][2025.913s][info ][gc] GC(66918) Pause Full (Ergonomics) 130M->130M(142M) 337.561ms
[2020-08-10T13:18:06.390+0300][2025.931s][info ][gc] GC(66919) Pause Young (Allocation Failure) 130M->130M(142M) 16.971ms
[2020-08-10T13:18:06.417+0300][2025.957s][info ][gc] GC(66920) Pause Young (Allocation Failure) 131M->131M(142M) 25.778ms
[2020-08-10T13:18:06.433+0300][2025.973s][info ][gc] GC(66921) Pause Young (Allocation Failure) 131M->131M(142M) 15.605ms
[2020-08-10T13:18:06.449+0300][2025.989s][info ][gc] GC(66922) Pause Young (Allocation Failure) 132M->132M(142M) 15.330ms
[2020-08-10T13:18:06.465+0300][2026.005s][info ][gc] GC(66923) Pause Young (Allocation Failure) 132M->132M(142M) 15.378ms
[2020-08-10T13:18:06.480+0300][2026.021s][info ][gc] GC(66924) Pause Young (Allocation Failure) 133M->133M(142M) 15.445ms
[2020-08-10T13:18:06.497+0300][2026.037s][info ][gc] GC(66925) Pause Young (Allocation Failure) 133M->133M(142M) 15.390ms
[2020-08-10T13:18:06.539+0300][2026.080s][info ][gc] GC(66926) Pause Young (Allocation Failure) 133M->133M(142M) 42.362ms
[2020-08-10T13:18:06.556+0300][2026.096s][info ][gc] GC(66927) Pause Young (Allocation Failure) 134M->134M(142M) 15.604ms
[2020-08-10T13:18:06.580+0300][2026.120s][info ][gc] GC(66928) Pause Young (Allocation Failure) 134M->134M(142M) 23.446ms
[2020-08-10T13:18:06.596+0300][2026.137s][info ][gc] GC(66929) Pause Young (Allocation Failure) 135M->135M(142M) 15.760ms
[2020-08-10T13:18:06.613+0300][2026.153s][info ][gc] GC(66930) Pause Young (Allocation Failure) 135M->135M(142M) 15.777ms
[2020-08-10T13:18:06.629+0300][2026.169s][info ][gc] GC(66931) Pause Young (Allocation Failure) 136M->136M(142M) 15.489ms
[2020-08-10T13:18:06.645+0300][2026.185s][info ][gc] GC(66932) Pause Young (Allocation Failure) 136M->136M(142M) 15.649ms
[2020-08-10T13:18:06.685+0300][2026.225s][info ][gc] GC(66933) Pause Young (Allocation Failure) 137M->137M(142M) 39.910ms
[2020-08-10T13:18:06.701+0300][2026.242s][info ][gc] GC(66934) Pause Young (Allocation Failure) 137M->137M(142M) 15.774ms
[2020-08-10T13:18:06.718+0300][2026.258s][info ][gc] GC(66935) Pause Young (Allocation Failure) 138M->138M(142M) 15.829ms
[2020-08-10T13:18:06.734+0300][2026.274s][info ][gc] GC(66936) Pause Young (Allocation Failure) 138M->138M(142M) 15.801ms
[2020-08-10T13:18:06.750+0300][2026.290s][info ][gc] GC(66937) Pause Young (Allocation Failure) 139M->139M(142M) 15.781ms
[2020-08-10T13:18:06.766+0300][2026.306s][info ][gc] GC(66938) Pause Young (Allocation Failure) 139M->139M(142M) 15.712ms
[2020-08-10T13:18:06.767+0300][2026.307s][debug][gc] Expanding ParOldGen from 144384K by 19968K to 164352K
[2020-08-10T13:18:06.820+0300][2026.361s][info ][gc] GC(66939) Pause Young (Allocation Failure) 159M->158M(162M) 37.657ms
[2020-08-10T13:18:06.834+0300][2026.375s][info ][gc] GC(66940) Pause Young (Allocation Failure) 159M->159M(162M) 13.800ms
[2020-08-10T13:18:06.849+0300][2026.389s][info ][gc] GC(66941) Pause Young (Allocation Failure) 159M->159M(162M) 13.716ms
[2020-08-10T13:18:06.862+0300][2026.403s][info ][gc] GC(66942) Pause Young (Allocation Failure) 160M->160M(162M) 13.263ms
[2020-08-10T13:18:06.876+0300][2026.416s][info ][gc] GC(66943) Pause Young (Allocation Failure) 160M->160M(162M) 13.312ms
[2020-08-10T13:18:06.916+0300][2026.456s][debug][gc] GC(66944) Shrinking ParOldGen from 164352K by 125952K to 38400K
[2020-08-10T13:18:06.916+0300][2026.456s][info ][gc] GC(66944) Pause Full (Ergonomics) 160M->26M(39M) 39.748ms
[2020-08-10T13:18:06.929+0300][2026.470s][info ][gc] GC(66945) Pause Young (Allocation Failure) 27M->27M(39M) 13.008ms
[2020-08-10T13:18:06.943+0300][2026.483s][info ][gc] GC(66946) Pause Young (Allocation Failure) 27M->27M(39M) 13.330ms
[2020-08-10T13:18:06.958+0300][2026.498s][info ][gc] GC(66947) Pause Young (Allocation Failure) 28M->28M(39M) 14.288ms
[2020-08-10T13:18:06.972+0300][2026.512s][info ][gc] GC(66948) Pause Young (Allocation Failure) 28M->28M(39M) 13.669ms
[2020-08-10T13:18:06.985+0300][2026.526s][info ][gc] GC(66949) Pause Young (Allocation Failure) 29M->29M(39M) 13.290ms
[2020-08-10T13:18:06.999+0300][2026.540s][info ][gc] GC(66950) Pause Young (Allocation Failure) 29M->29M(39M) 13.499ms
[2020-08-10T13:18:07.014+0300][2026.554s][info ][gc] GC(66951) Pause Young (Allocation Failure) 30M->30M(39M) 13.761ms
[2020-08-10T13:18:07.027+0300][2026.568s][info ][gc] GC(66952) Pause Young (Allocation Failure) 30M->30M(39M) 13.401ms
[2020-08-10T13:18:07.041+0300][2026.582s][info ][gc] GC(66953) Pause Young (Allocation Failure) 31M->31M(39M) 13.416ms
[2020-08-10T13:18:07.055+0300][2026.595s][info ][gc] GC(66954) Pause Young (Allocation Failure) 31M->31M(39M) 13.449ms
[2020-08-10T13:18:07.069+0300][2026.609s][info ][gc] GC(66955) Pause Young (Allocation Failure) 32M->31M(39M) 13.388ms
[2020-08-10T13:18:07.082+0300][2026.623s][info ][gc] GC(66956) Pause Young (Allocation Failure) 32M->32M(39M) 13.315ms
[2020-08-10T13:18:07.096+0300][2026.637s][info ][gc] GC(66957) Pause Young (Allocation Failure) 32M->32M(39M) 13.484ms
[2020-08-10T13:18:07.110+0300][2026.650s][info ][gc] GC(66958) Pause Young (Allocation Failure) 33M->33M(39M) 13.300ms
[2020-08-10T13:18:07.124+0300][2026.664s][info ][gc] GC(66959) Pause Young (Allocation Failure) 33M->33M(39M) 13.274ms
[2020-08-10T13:18:07.138+0300][2026.678s][info ][gc] GC(66960) Pause Young (Allocation Failure) 34M->34M(39M) 13.473ms
[2020-08-10T13:18:07.152+0300][2026.692s][info ][gc] GC(66961) Pause Young (Allocation Failure) 34M->34M(39M) 13.660ms
[2020-08-10T13:18:07.166+0300][2026.706s][info ][gc] GC(66962) Pause Young (Allocation Failure) 35M->35M(39M) 13.525ms
[2020-08-10T13:18:07.180+0300][2026.721s][info ][gc] GC(66963) Pause Young (Allocation Failure) 36M->36M(39M) 13.776ms
[2020-08-10T13:18:07.195+0300][2026.735s][info ][gc] GC(66964) Pause Young (Allocation Failure) 37M->37M(39M) 13.767ms
[2020-08-10T13:18:07.209+0300][2026.750s][info ][gc] GC(66965) Pause Young (Allocation Failure) 38M->38M(39M) 14.068ms
[2020-08-10T13:18:07.284+0300][2026.825s][debug][gc] GC(66966) Expanding ParOldGen from 38400K by 10752K to 49152K
[2020-08-10T13:18:07.284+0300][2026.825s][info ][gc] GC(66966) Pause Full (Ergonomics) 38M->37M(50M) 74.823ms
[2020-08-10T13:18:07.303+0300][2026.844s][info ][gc] GC(66967) Pause Young (Allocation Failure) 38M->38M(50M) 17.937ms
[2020-08-10T13:18:07.318+0300][2026.858s][info ][gc] GC(66968) Pause Young (Allocation Failure) 39M->39M(50M) 14.050ms
[2020-08-10T13:18:07.333+0300][2026.873s][info ][gc] GC(66969) Pause Young (Allocation Failure) 40M->40M(50M) 14.000ms
[2020-08-10T13:18:07.347+0300][2026.888s][info ][gc] GC(66970) Pause Young (Allocation Failure) 41M->41M(50M) 13.918ms
[2020-08-10T13:18:07.362+0300][2026.902s][info ][gc] GC(66971) Pause Young (Allocation Failure) 42M->42M(50M) 14.112ms
[2020-08-10T13:18:07.376+0300][2026.917s][info ][gc] GC(66972) Pause Young (Allocation Failure) 43M->43M(50M) 14.089ms
[2020-08-10T13:18:07.391+0300][2026.931s][info ][gc] GC(66973) Pause Young (Allocation Failure) 44M->44M(50M) 14.035ms
[2020-08-10T13:18:07.405+0300][2026.946s][info ][gc] GC(66974) Pause Young (Allocation Failure) 45M->45M(50M) 14.073ms
[2020-08-10T13:18:07.420+0300][2026.960s][info ][gc] GC(66975) Pause Young (Allocation Failure) 46M->46M(50M) 13.932ms
[2020-08-10T13:18:07.435+0300][2026.975s][info ][gc] GC(66976) Pause Young (Allocation Failure) 47M->47M(50M) 13.920ms
[2020-08-10T13:18:07.449+0300][2026.989s][info ][gc] GC(66977) Pause Young (Allocation Failure) 48M->48M(50M) 13.914ms
[2020-08-10T13:18:07.546+0300][2027.086s][debug][gc] GC(66978) Expanding ParOldGen from 49152K by 11776K to 60928K
[2020-08-10T13:18:07.546+0300][2027.087s][info ][gc] GC(66978) Pause Full (Ergonomics) 48M->48M(62M) 97.019ms
[2020-08-10T13:18:07.567+0300][2027.108s][info ][gc] GC(66979) Pause Young (Allocation Failure) 49M->49M(62M) 20.577ms
[2020-08-10T13:18:07.583+0300][2027.123s][info ][gc] GC(66980) Pause Young (Allocation Failure) 50M->50M(62M) 14.585ms
[2020-08-10T13:18:07.602+0300][2027.143s][info ][gc] GC(66981) Pause Young (Allocation Failure) 51M->51M(62M) 19.267ms
[2020-08-10T13:18:07.617+0300][2027.158s][info ][gc] GC(66982) Pause Young (Allocation Failure) 52M->52M(62M) 14.349ms
[2020-08-10T13:18:07.632+0300][2027.173s][info ][gc] GC(66983) Pause Young (Allocation Failure) 53M->53M(62M) 14.233ms
[2020-08-10T13:18:07.647+0300][2027.188s][info ][gc] GC(66984) Pause Young (Allocation Failure) 54M->54M(62M) 14.345ms
[2020-08-10T13:18:07.662+0300][2027.203s][info ][gc] GC(66985) Pause Young (Allocation Failure) 55M->54M(62M) 14.375ms
[2020-08-10T13:18:07.677+0300][2027.218s][info ][gc] GC(66986) Pause Young (Allocation Failure) 55M->55M(62M) 14.048ms
[2020-08-10T13:18:07.692+0300][2027.232s][info ][gc] GC(66987) Pause Young (Allocation Failure) 56M->56M(62M) 14.261ms
[2020-08-10T13:18:07.707+0300][2027.247s][info ][gc] GC(66988) Pause Young (Allocation Failure) 57M->57M(62M) 14.228ms
[2020-08-10T13:18:07.722+0300][2027.262s][info ][gc] GC(66989) Pause Young (Allocation Failure) 58M->58M(62M) 14.282ms
[2020-08-10T13:18:07.737+0300][2027.278s][info ][gc] GC(66990) Pause Young (Allocation Failure) 59M->59M(62M) 14.224ms
[2020-08-10T13:18:07.883+0300][2027.423s][debug][gc] GC(66991) Expanding ParOldGen from 60928K by 11264K to 72192K
[2020-08-10T13:18:07.883+0300][2027.424s][info ][gc] GC(66991) Pause Full (Ergonomics) 59M->59M(73M) 145.600ms
[2020-08-10T13:18:07.908+0300][2027.449s][info ][gc] GC(66992) Pause Young (Allocation Failure) 60M->60M(73M) 24.063ms
[2020-08-10T13:18:07.924+0300][2027.464s][info ][gc] GC(66993) Pause Young (Allocation Failure) 61M->61M(73M) 14.384ms
[2020-08-10T13:18:07.939+0300][2027.479s][info ][gc] GC(66994) Pause Young (Allocation Failure) 62M->62M(73M) 14.036ms
[2020-08-10T13:18:07.953+0300][2027.494s][info ][gc] GC(66995) Pause Young (Allocation Failure) 63M->63M(73M) 14.235ms
[2020-08-10T13:18:07.968+0300][2027.508s][info ][gc] GC(66996) Pause Young (Allocation Failure) 64M->64M(73M) 14.119ms
[2020-08-10T13:18:07.983+0300][2027.523s][info ][gc] GC(66997) Pause Young (Allocation Failure) 65M->65M(73M) 14.310ms
[2020-08-10T13:18:07.998+0300][2027.538s][info ][gc] GC(66998) Pause Young (Allocation Failure) 66M->66M(73M) 14.519ms
[2020-08-10T13:18:08.013+0300][2027.553s][info ][gc] GC(66999) Pause Young (Allocation Failure) 67M->67M(73M) 14.483ms
[2020-08-10T13:18:08.028+0300][2027.568s][info ][gc] GC(67000) Pause Young (Allocation Failure) 68M->67M(73M) 14.197ms
[2020-08-10T13:18:08.043+0300][2027.583s][info ][gc] GC(67001) Pause Young (Allocation Failure) 68M->68M(73M) 14.118ms
[2020-08-10T13:18:08.057+0300][2027.598s][info ][gc] GC(67002) Pause Young (Allocation Failure) 69M->69M(73M) 14.017ms
[2020-08-10T13:18:08.072+0300][2027.612s][info ][gc] GC(67003) Pause Young (Allocation Failure) 70M->70M(73M) 14.408ms
[2020-08-10T13:18:08.234+0300][2027.775s][debug][gc] GC(67004) Expanding ParOldGen from 72192K by 11264K to 83456K
[2020-08-10T13:18:08.234+0300][2027.775s][info ][gc] GC(67004) Pause Full (Ergonomics) 70M->70M(84M) 162.163ms
[2020-08-10T13:18:08.264+0300][2027.804s][info ][gc] GC(67005) Pause Young (Allocation Failure) 71M->71M(84M) 28.917ms
[2020-08-10T13:18:08.279+0300][2027.819s][info ][gc] GC(67006) Pause Young (Allocation Failure) 72M->72M(84M) 14.474ms
[2020-08-10T13:18:08.294+0300][2027.834s][info ][gc] GC(67007) Pause Young (Allocation Failure) 73M->73M(84M) 14.307ms
[2020-08-10T13:18:08.309+0300][2027.850s][info ][gc] GC(67008) Pause Young (Allocation Failure) 74M->74M(84M) 14.458ms
[2020-08-10T13:18:08.325+0300][2027.865s][info ][gc] GC(67009) Pause Young (Allocation Failure) 75M->75M(84M) 14.437ms
[2020-08-10T13:18:08.339+0300][2027.880s][info ][gc] GC(67010) Pause Young (Allocation Failure) 76M->76M(84M) 14.189ms
[2020-08-10T13:18:08.375+0300][2027.915s][info ][gc] GC(67011) Pause Young (Allocation Failure) 77M->77M(84M) 34.372ms
[2020-08-10T13:18:08.390+0300][2027.931s][info ][gc] GC(67012) Pause Young (Allocation Failure) 78M->78M(84M) 14.500ms
[2020-08-10T13:18:08.411+0300][2027.952s][info ][gc] GC(67013) Pause Young (Allocation Failure) 79M->79M(84M) 20.298ms
[2020-08-10T13:18:08.427+0300][2027.967s][info ][gc] GC(67014) Pause Young (Allocation Failure) 80M->80M(84M) 14.529ms
[2020-08-10T13:18:08.442+0300][2027.982s][info ][gc] GC(67015) Pause Young (Allocation Failure) 81M->81M(84M) 14.309ms
[2020-08-10T13:18:08.476+0300][2028.016s][info ][gc] GC(67016) Pause Young (Allocation Failure) 82M->82M(84M) 33.683ms
[2020-08-10T13:18:08.680+0300][2028.221s][debug][gc] GC(67017) Expanding ParOldGen from 83456K by 11264K to 94720K
[2020-08-10T13:18:08.680+0300][2028.221s][info ][gc] GC(67017) Pause Full (Ergonomics) 82M->82M(95M) 204.329ms
[2020-08-10T13:18:08.734+0300][2028.274s][info ][gc] GC(67018) Pause Young (Allocation Failure) 83M->83M(95M) 52.241ms
[2020-08-10T13:18:08.764+0300][2028.304s][info ][gc] GC(67019) Pause Young (Allocation Failure) 84M->83M(95M) 29.618ms
[2020-08-10T13:18:08.779+0300][2028.319s][info ][gc] GC(67020) Pause Young (Allocation Failure) 84M->84M(95M) 14.488ms
[2020-08-10T13:18:08.794+0300][2028.335s][info ][gc] GC(67021) Pause Young (Allocation Failure) 85M->85M(95M) 14.341ms
[2020-08-10T13:18:08.809+0300][2028.350s][info ][gc] GC(67022) Pause Young (Allocation Failure) 86M->86M(94M) 14.581ms
[2020-08-10T13:18:08.824+0300][2028.365s][info ][gc] GC(67023) Pause Young (Allocation Failure) 87M->87M(94M) 14.598ms
[2020-08-10T13:18:08.840+0300][2028.380s][info ][gc] GC(67024) Pause Young (Allocation Failure) 88M->88M(94M) 14.521ms
[2020-08-10T13:18:08.855+0300][2028.395s][info ][gc] GC(67025) Pause Young (Allocation Failure) 89M->89M(95M) 14.740ms
[2020-08-10T13:18:08.870+0300][2028.411s][info ][gc] GC(67026) Pause Young (Allocation Failure) 90M->90M(95M) 14.851ms
[2020-08-10T13:18:08.886+0300][2028.426s][info ][gc] GC(67027) Pause Young (Allocation Failure) 91M->91M(95M) 14.867ms
[2020-08-10T13:18:08.902+0300][2028.442s][info ][gc] GC(67028) Pause Young (Allocation Failure) 92M->92M(95M) 15.340ms
[2020-08-10T13:18:09.189+0300][2028.730s][debug][gc] GC(67029) Expanding ParOldGen from 94720K by 11264K to 105984K
[2020-08-10T13:18:09.189+0300][2028.730s][info ][gc] GC(67029) Pause Full (Ergonomics) 92M->92M(106M) 287.628ms
[2020-08-10T13:18:09.217+0300][2028.758s][info ][gc] GC(67030) Pause Young (Allocation Failure) 93M->93M(106M) 27.256ms
[2020-08-10T13:18:09.234+0300][2028.774s][info ][gc] GC(67031) Pause Young (Allocation Failure) 94M->94M(106M) 15.914ms
[2020-08-10T13:18:09.250+0300][2028.790s][info ][gc] GC(67032) Pause Young (Allocation Failure) 95M->95M(106M) 15.132ms
[2020-08-10T13:18:09.265+0300][2028.806s][info ][gc] GC(67033) Pause Young (Allocation Failure) 96M->96M(106M) 14.805ms
[2020-08-10T13:18:09.281+0300][2028.822s][info ][gc] GC(67034) Pause Young (Allocation Failure) 97M->97M(106M) 15.030ms
[2020-08-10T13:18:09.298+0300][2028.838s][info ][gc] GC(67035) Pause Young (Allocation Failure) 98M->98M(106M) 15.319ms
[2020-08-10T13:18:09.314+0300][2028.854s][info ][gc] GC(67036) Pause Young (Allocation Failure) 99M->99M(106M) 15.187ms
[2020-08-10T13:18:09.330+0300][2028.870s][info ][gc] GC(67037) Pause Young (Allocation Failure) 100M->100M(106M) 15.064ms
[2020-08-10T13:18:09.346+0300][2028.886s][info ][gc] GC(67038) Pause Young (Allocation Failure) 101M->101M(106M) 15.092ms
[2020-08-10T13:18:09.362+0300][2028.902s][info ][gc] GC(67039) Pause Young (Allocation Failure) 102M->101M(106M) 15.397ms
[2020-08-10T13:18:09.377+0300][2028.918s][info ][gc] GC(67040) Pause Young (Allocation Failure) 102M->102M(106M) 15.124ms
[2020-08-10T13:18:09.420+0300][2028.960s][info ][gc] GC(67041) Pause Young (Allocation Failure) 103M->103M(106M) 41.667ms
[2020-08-10T13:18:09.761+0300][2029.302s][debug][gc] GC(67042) Expanding ParOldGen from 105984K by 11264K to 117248K
[2020-08-10T13:18:09.761+0300][2029.302s][info ][gc] GC(67042) Pause Full (Ergonomics) 103M->103M(117M) 341.235ms
[2020-08-10T13:18:09.800+0300][2029.340s][info ][gc] GC(67043) Pause Young (Allocation Failure) 104M->104M(117M) 37.620ms
[2020-08-10T13:18:09.830+0300][2029.370s][info ][gc] GC(67044) Pause Young (Allocation Failure) 105M->105M(117M) 29.558ms
[2020-08-10T13:18:09.847+0300][2029.387s][info ][gc] GC(67045) Pause Young (Allocation Failure) 106M->106M(117M) 16.023ms
[2020-08-10T13:18:09.864+0300][2029.404s][info ][gc] GC(67046) Pause Young (Allocation Failure) 107M->107M(117M) 16.174ms
[2020-08-10T13:18:09.881+0300][2029.421s][info ][gc] GC(67047) Pause Young (Allocation Failure) 108M->108M(117M) 16.550ms
[2020-08-10T13:18:09.898+0300][2029.438s][info ][gc] GC(67048) Pause Young (Allocation Failure) 109M->109M(117M) 16.741ms
[2020-08-10T13:18:09.915+0300][2029.456s][info ][gc] GC(67049) Pause Young (Allocation Failure) 110M->110M(117M) 16.583ms
[2020-08-10T13:18:09.933+0300][2029.473s][info ][gc] GC(67050) Pause Young (Allocation Failure) 111M->111M(117M) 17.010ms
[2020-08-10T13:18:09.950+0300][2029.491s][info ][gc] GC(67051) Pause Young (Allocation Failure) 112M->112M(117M) 16.862ms
[2020-08-10T13:18:09.970+0300][2029.511s][info ][gc] GC(67052) Pause Young (Allocation Failure) 113M->113M(117M) 19.354ms
[2020-08-10T13:18:09.993+0300][2029.533s][info ][gc] GC(67053) Pause Young (Allocation Failure) 114M->114M(117M) 22.447ms
[2020-08-10T13:18:10.012+0300][2029.552s][info ][gc] GC(67054) Pause Young (Allocation Failure) 115M->115M(117M) 18.574ms
[2020-08-10T13:18:10.409+0300][2029.950s][debug][gc] GC(67055) Expanding ParOldGen from 117248K by 11264K to 128512K
[2020-08-10T13:18:10.409+0300][2029.950s][info ][gc] GC(67055) Pause Full (Ergonomics) 115M->115M(128M) 397.243ms
[2020-08-10T13:18:10.472+0300][2030.012s][info ][gc] GC(67056) Pause Young (Allocation Failure) 116M->116M(128M) 61.743ms
[2020-08-10T13:18:10.498+0300][2030.039s][info ][gc] GC(67057) Pause Young (Allocation Failure) 117M->117M(128M) 25.724ms
[2020-08-10T13:18:10.520+0300][2030.060s][info ][gc] GC(67058) Pause Young (Allocation Failure) 118M->117M(128M) 21.038ms
[2020-08-10T13:18:10.560+0300][2030.100s][info ][gc] GC(67059) Pause Young (Allocation Failure) 118M->118M(128M) 38.850ms
[2020-08-10T13:18:10.584+0300][2030.124s][info ][gc] GC(67060) Pause Young (Allocation Failure) 119M->119M(128M) 23.591ms
[2020-08-10T13:18:10.608+0300][2030.148s][info ][gc] GC(67061) Pause Young (Allocation Failure) 120M->120M(128M) 23.541ms
[2020-08-10T13:18:10.638+0300][2030.178s][info ][gc] GC(67062) Pause Young (Allocation Failure) 121M->121M(128M) 29.586ms
[2020-08-10T13:18:10.657+0300][2030.197s][info ][gc] GC(67063) Pause Young (Allocation Failure) 122M->122M(128M) 18.319ms
[2020-08-10T13:18:10.681+0300][2030.222s][info ][gc] GC(67064) Pause Young (Allocation Failure) 123M->123M(128M) 23.880ms
[2020-08-10T13:18:10.700+0300][2030.241s][info ][gc] GC(67065) Pause Young (Allocation Failure) 124M->124M(128M) 18.369ms
[2020-08-10T13:18:10.719+0300][2030.260s][info ][gc] GC(67066) Pause Young (Allocation Failure) 125M->125M(128M) 18.325ms
[2020-08-10T13:18:11.151+0300][2030.692s][debug][gc] GC(67067) Expanding ParOldGen from 128512K by 11264K to 139776K
[2020-08-10T13:18:11.151+0300][2030.692s][info ][gc] GC(67067) Pause Full (Ergonomics) 125M->125M(139M) 431.731ms
[2020-08-10T13:18:11.175+0300][2030.716s][info ][gc] GC(67068) Pause Young (Allocation Failure) 126M->126M(139M) 23.494ms
[2020-08-10T13:18:11.194+0300][2030.734s][info ][gc] GC(67069) Pause Young (Allocation Failure) 127M->127M(139M) 17.983ms
[2020-08-10T13:18:11.212+0300][2030.753s][info ][gc] GC(67070) Pause Young (Allocation Failure) 128M->128M(139M) 18.089ms
[2020-08-10T13:18:11.231+0300][2030.772s][info ][gc] GC(67071) Pause Young (Allocation Failure) 129M->129M(139M) 18.204ms
[2020-08-10T13:18:11.250+0300][2030.790s][info ][gc] GC(67072) Pause Young (Allocation Failure) 130M->130M(139M) 18.313ms
[2020-08-10T13:18:11.274+0300][2030.815s][info ][gc] GC(67073) Pause Young (Allocation Failure) 131M->131M(139M) 23.471ms
[2020-08-10T13:18:11.293+0300][2030.834s][info ][gc] GC(67074) Pause Young (Allocation Failure) 132M->132M(139M) 18.308ms
[2020-08-10T13:18:11.318+0300][2030.858s][info ][gc] GC(67075) Pause Young (Allocation Failure) 133M->133M(139M) 23.620ms
[2020-08-10T13:18:11.337+0300][2030.877s][info ][gc] GC(67076) Pause Young (Allocation Failure) 134M->134M(139M) 18.661ms
[2020-08-10T13:18:11.356+0300][2030.897s][info ][gc] GC(67077) Pause Young (Allocation Failure) 135M->135M(139M) 18.691ms
[2020-08-10T13:18:11.376+0300][2030.916s][info ][gc] GC(67078) Pause Young (Allocation Failure) 136M->135M(139M) 18.617ms
[2020-08-10T13:18:11.395+0300][2030.936s][info ][gc] GC(67079) Pause Young (Allocation Failure) 136M->136M(139M) 18.628ms
[2020-08-10T13:18:11.913+0300][2031.454s][debug][gc] GC(67080) Expanding ParOldGen from 139776K by 11264K to 151040K
[2020-08-10T13:18:11.913+0300][2031.454s][info ][gc] GC(67080) Pause Full (Ergonomics) 136M->136M(150M) 518.042ms
[2020-08-10T13:18:11.954+0300][2031.495s][info ][gc] GC(67081) Pause Young (Allocation Failure) 137M->137M(150M) 40.369ms
[2020-08-10T13:18:11.975+0300][2031.516s][info ][gc] GC(67082) Pause Young (Allocation Failure) 138M->138M(150M) 20.306ms
[2020-08-10T13:18:11.995+0300][2031.535s][info ][gc] GC(67083) Pause Young (Allocation Failure) 139M->139M(150M) 19.002ms
[2020-08-10T13:18:12.015+0300][2031.556s][info ][gc] GC(67084) Pause Young (Allocation Failure) 140M->140M(150M) 20.214ms
[2020-08-10T13:18:12.016+0300][2031.557s][debug][gc] Expanding ParOldGen from 151040K by 19968K to 171008K
[2020-08-10T13:18:12.051+0300][2031.591s][info ][gc] GC(67085) Pause Young (Allocation Failure) 160M->160M(169M) 23.776ms
[2020-08-10T13:18:12.073+0300][2031.614s][info ][gc] GC(67086) Pause Young (Allocation Failure) 161M->161M(169M) 22.108ms
[2020-08-10T13:18:12.088+0300][2031.628s][info ][gc] GC(67087) Pause Young (Allocation Failure) 162M->162M(169M) 14.206ms
[2020-08-10T13:18:12.108+0300][2031.648s][info ][gc] GC(67088) Pause Young (Allocation Failure) 163M->163M(169M) 19.471ms
[2020-08-10T13:18:12.128+0300][2031.669s][info ][gc] GC(67089) Pause Young (Allocation Failure) 164M->164M(169M) 19.796ms
[2020-08-10T13:18:12.144+0300][2031.685s][info ][gc] GC(67090) Pause Young (Allocation Failure) 165M->165M(169M) 15.881ms
[2020-08-10T13:18:12.165+0300][2031.705s][info ][gc] GC(67091) Pause Young (Allocation Failure) 166M->166M(169M) 20.019ms
[2020-08-10T13:18:12.184+0300][2031.725s][info ][gc] GC(67092) Pause Young (Allocation Failure) 167M->167M(169M) 18.953ms
[2020-08-10T13:18:12.272+0300][2031.813s][debug][gc] GC(67093) Shrinking ParOldGen from 171008K by 124928K to 46080K
[2020-08-10T13:18:12.272+0300][2031.813s][info ][gc] GC(67093) Pause Full (Ergonomics) 167M->33M(47M) 87.616ms
[2020-08-10T13:18:12.286+0300][2031.827s][info ][gc] GC(67094) Pause Young (Allocation Failure) 34M->34M(47M) 13.457ms
[2020-08-10T13:18:12.305+0300][2031.846s][info ][gc] GC(67095) Pause Young (Allocation Failure) 35M->35M(47M) 18.138ms
[2020-08-10T13:18:12.320+0300][2031.860s][info ][gc] GC(67096) Pause Young (Allocation Failure) 36M->36M(47M) 13.627ms
[2020-08-10T13:18:12.334+0300][2031.875s][info ][gc] GC(67097) Pause Young (Allocation Failure) 37M->37M(47M) 13.703ms
[2020-08-10T13:18:12.354+0300][2031.894s][info ][gc] GC(67098) Pause Young (Allocation Failure) 38M->38M(47M) 18.609ms
[2020-08-10T13:18:12.368+0300][2031.909s][info ][gc] GC(67099) Pause Young (Allocation Failure) 39M->39M(47M) 13.823ms
[2020-08-10T13:18:12.382+0300][2031.923s][info ][gc] GC(67100) Pause Young (Allocation Failure) 40M->40M(47M) 14.016ms
[2020-08-10T13:18:12.397+0300][2031.938s][info ][gc] GC(67101) Pause Young (Allocation Failure) 41M->41M(47M) 14.078ms
[2020-08-10T13:18:12.412+0300][2031.953s][info ][gc] GC(67102) Pause Young (Allocation Failure) 42M->42M(47M) 13.942ms
[2020-08-10T13:18:12.427+0300][2031.968s][info ][gc] GC(67103) Pause Young (Allocation Failure) 43M->43M(47M) 14.249ms
[2020-08-10T13:18:12.442+0300][2031.983s][info ][gc] GC(67104) Pause Young (Allocation Failure) 44M->44M(47M) 14.034ms
[2020-08-10T13:18:12.460+0300][2032.001s][info ][gc] GC(67105) Pause Young (Allocation Failure) 45M->45M(47M) 17.381ms
[2020-08-10T13:18:12.555+0300][2032.095s][debug][gc] GC(67106) Expanding ParOldGen from 46080K by 11264K to 57344K
[2020-08-10T13:18:12.555+0300][2032.095s][info ][gc] GC(67106) Pause Full (Ergonomics) 45M->44M(58M) 94.466ms
[2020-08-10T13:18:12.570+0300][2032.110s][info ][gc] GC(67107) Pause Young (Allocation Failure) 45M->45M(58M) 14.063ms
[2020-08-10T13:18:12.584+0300][2032.125s][info ][gc] GC(67108) Pause Young (Allocation Failure) 46M->46M(58M) 14.082ms
[2020-08-10T13:18:12.607+0300][2032.147s][info ][gc] GC(67109) Pause Young (Allocation Failure) 47M->47M(58M) 21.956ms
[2020-08-10T13:18:12.621+0300][2032.162s][info ][gc] GC(67110) Pause Young (Allocation Failure) 48M->48M(58M) 14.068ms
[2020-08-10T13:18:12.639+0300][2032.180s][info ][gc] GC(67111) Pause Young (Allocation Failure) 49M->49M(58M) 17.776ms
[2020-08-10T13:18:12.654+0300][2032.194s][info ][gc] GC(67112) Pause Young (Allocation Failure) 50M->50M(58M) 13.843ms
[2020-08-10T13:18:12.669+0300][2032.209s][info ][gc] GC(67113) Pause Young (Allocation Failure) 51M->51M(58M) 14.215ms
[2020-08-10T13:18:12.683+0300][2032.224s][info ][gc] GC(67114) Pause Young (Allocation Failure) 52M->52M(58M) 13.856ms
[2020-08-10T13:18:12.698+0300][2032.238s][info ][gc] GC(67115) Pause Young (Allocation Failure) 53M->53M(58M) 14.011ms
[2020-08-10T13:18:12.712+0300][2032.253s][info ][gc] GC(67116) Pause Young (Allocation Failure) 54M->54M(58M) 13.864ms
[2020-08-10T13:18:12.726+0300][2032.267s][info ][gc] GC(67117) Pause Young (Allocation Failure) 55M->55M(58M) 13.786ms
[2020-08-10T13:18:12.740+0300][2032.281s][info ][gc] GC(67118) Pause Young (Allocation Failure) 56M->56M(58M) 13.750ms
[2020-08-10T13:18:12.894+0300][2032.435s][debug][gc] GC(67119) Expanding ParOldGen from 57344K by 11264K to 68608K
[2020-08-10T13:18:12.894+0300][2032.435s][info ][gc] GC(67119) Pause Full (Ergonomics) 56M->56M(69M) 153.756ms
[2020-08-10T13:18:12.919+0300][2032.460s][info ][gc] GC(67120) Pause Young (Allocation Failure) 57M->57M(69M) 23.938ms
[2020-08-10T13:18:12.934+0300][2032.475s][info ][gc] GC(67121) Pause Young (Allocation Failure) 58M->58M(69M) 14.415ms
[2020-08-10T13:18:12.949+0300][2032.490s][info ][gc] GC(67122) Pause Young (Allocation Failure) 59M->59M(69M) 14.241ms
[2020-08-10T13:18:12.964+0300][2032.504s][info ][gc] GC(67123) Pause Young (Allocation Failure) 60M->60M(69M) 14.079ms
[2020-08-10T13:18:12.979+0300][2032.519s][info ][gc] GC(67124) Pause Young (Allocation Failure) 61M->61M(69M) 14.098ms
[2020-08-10T13:18:12.993+0300][2032.534s][info ][gc] GC(67125) Pause Young (Allocation Failure) 62M->61M(69M) 13.891ms
[2020-08-10T13:18:13.012+0300][2032.553s][info ][gc] GC(67126) Pause Young (Allocation Failure) 62M->62M(69M) 18.025ms
[2020-08-10T13:18:13.027+0300][2032.568s][info ][gc] GC(67127) Pause Young (Allocation Failure) 63M->63M(69M) 14.284ms
[2020-08-10T13:18:13.042+0300][2032.583s][info ][gc] GC(67128) Pause Young (Allocation Failure) 64M->64M(69M) 14.314ms
[2020-08-10T13:18:13.057+0300][2032.598s][info ][gc] GC(67129) Pause Young (Allocation Failure) 65M->65M(69M) 14.383ms
[2020-08-10T13:18:13.072+0300][2032.613s][info ][gc] GC(67130) Pause Young (Allocation Failure) 66M->66M(69M) 14.384ms
[2020-08-10T13:18:13.087+0300][2032.628s][info ][gc] GC(67131) Pause Young (Allocation Failure) 67M->67M(69M) 14.297ms
[2020-08-10T13:18:13.280+0300][2032.821s][debug][gc] GC(67132) Expanding ParOldGen from 68608K by 11264K to 79872K
[2020-08-10T13:18:13.280+0300][2032.821s][info ][gc] GC(67132) Pause Full (Ergonomics) 67M->67M(80M) 192.781ms
[2020-08-10T13:18:13.310+0300][2032.851s][info ][gc] GC(67133) Pause Young (Allocation Failure) 68M->68M(80M) 29.023ms
[2020-08-10T13:18:13.325+0300][2032.866s][info ][gc] GC(67134) Pause Young (Allocation Failure) 69M->69M(80M) 14.403ms
[2020-08-10T13:18:13.340+0300][2032.881s][info ][gc] GC(67135) Pause Young (Allocation Failure) 70M->70M(80M) 14.092ms
[2020-08-10T13:18:13.356+0300][2032.897s][info ][gc] GC(67136) Pause Young (Allocation Failure) 71M->71M(80M) 14.337ms
[2020-08-10T13:18:13.371+0300][2032.912s][info ][gc] GC(67137) Pause Young (Allocation Failure) 72M->72M(80M) 14.136ms
[2020-08-10T13:18:13.387+0300][2032.927s][info ][gc] GC(67138) Pause Young (Allocation Failure) 73M->73M(80M) 14.379ms
[2020-08-10T13:18:13.402+0300][2032.942s][info ][gc] GC(67139) Pause Young (Allocation Failure) 74M->74M(80M) 14.339ms
[2020-08-10T13:18:13.417+0300][2032.958s][info ][gc] GC(67140) Pause Young (Allocation Failure) 75M->75M(80M) 14.291ms
[2020-08-10T13:18:13.431+0300][2032.972s][info ][gc] GC(67141) Pause Young (Allocation Failure) 76M->76M(80M) 14.049ms
[2020-08-10T13:18:13.446+0300][2032.987s][info ][gc] GC(67142) Pause Young (Allocation Failure) 77M->77M(80M) 14.202ms
[2020-08-10T13:18:13.461+0300][2033.002s][info ][gc] GC(67143) Pause Young (Allocation Failure) 78M->78M(80M) 14.152ms
[2020-08-10T13:18:13.658+0300][2033.198s][debug][gc] GC(67144) Expanding ParOldGen from 79872K by 11264K to 91136K
[2020-08-10T13:18:13.658+0300][2033.198s][info ][gc] GC(67144) Pause Full (Ergonomics) 78M->77M(91M) 196.504ms
[2020-08-10T13:18:13.672+0300][2033.212s][info ][gc] GC(67145) Pause Young (Allocation Failure) 78M->78M(91M) 13.449ms
[2020-08-10T13:18:13.686+0300][2033.227s][info ][gc] GC(67146) Pause Young (Allocation Failure) 79M->79M(91M) 13.790ms
[2020-08-10T13:18:13.715+0300][2033.256s][info ][gc] GC(67147) Pause Young (Allocation Failure) 80M->80M(91M) 28.193ms
[2020-08-10T13:18:13.730+0300][2033.271s][info ][gc] GC(67148) Pause Young (Allocation Failure) 81M->81M(91M) 14.131ms
[2020-08-10T13:18:13.744+0300][2033.285s][info ][gc] GC(67149) Pause Young (Allocation Failure) 82M->82M(91M) 14.103ms
[2020-08-10T13:18:13.764+0300][2033.305s][info ][gc] GC(67150) Pause Young (Allocation Failure) 83M->83M(91M) 18.946ms
[2020-08-10T13:18:13.779+0300][2033.320s][info ][gc] GC(67151) Pause Young (Allocation Failure) 84M->84M(91M) 14.838ms
[2020-08-10T13:18:13.798+0300][2033.338s][info ][gc] GC(67152) Pause Young (Allocation Failure) 85M->85M(91M) 17.655ms
[2020-08-10T13:18:13.822+0300][2033.363s][info ][gc] GC(67153) Pause Young (Allocation Failure) 86M->86M(91M) 24.061ms
[2020-08-10T13:18:13.837+0300][2033.378s][info ][gc] GC(67154) Pause Young (Allocation Failure) 87M->87M(91M) 14.062ms
[2020-08-10T13:18:13.852+0300][2033.392s][info ][gc] GC(67155) Pause Young (Allocation Failure) 88M->88M(91M) 13.976ms
[2020-08-10T13:18:13.866+0300][2033.407s][info ][gc] GC(67156) Pause Young (Allocation Failure) 89M->89M(90M) 14.050ms
[2020-08-10T13:18:14.146+0300][2033.687s][debug][gc] GC(67157) Expanding ParOldGen from 91136K by 11264K to 102400K
[2020-08-10T13:18:14.146+0300][2033.687s][info ][gc] GC(67157) Pause Full (Ergonomics) 89M->89M(101M) 279.718ms
[2020-08-10T13:18:14.200+0300][2033.741s][info ][gc] GC(67158) Pause Young (Allocation Failure) 89M->89M(102M) 53.345ms
[2020-08-10T13:18:14.215+0300][2033.755s][info ][gc] GC(67159) Pause Young (Allocation Failure) 90M->90M(102M) 13.997ms
[2020-08-10T13:18:14.232+0300][2033.772s][info ][gc] GC(67160) Pause Young (Allocation Failure) 90M->90M(102M) 16.639ms
[2020-08-10T13:18:14.258+0300][2033.798s][info ][gc] GC(67161) Pause Young (Allocation Failure) 91M->91M(102M) 25.264ms
[2020-08-10T13:18:14.284+0300][2033.825s][info ][gc] GC(67162) Pause Young (Allocation Failure) 91M->91M(102M) 26.161ms
[2020-08-10T13:18:14.299+0300][2033.840s][info ][gc] GC(67163) Pause Young (Allocation Failure) 92M->92M(102M) 14.064ms
[2020-08-10T13:18:14.314+0300][2033.855s][info ][gc] GC(67164) Pause Young (Allocation Failure) 92M->92M(102M) 14.678ms
[2020-08-10T13:18:14.328+0300][2033.869s][info ][gc] GC(67165) Pause Young (Allocation Failure) 93M->93M(102M) 13.954ms
[2020-08-10T13:18:14.343+0300][2033.884s][info ][gc] GC(67166) Pause Young (Allocation Failure) 93M->93M(102M) 13.917ms
[2020-08-10T13:18:14.357+0300][2033.898s][info ][gc] GC(67167) Pause Young (Allocation Failure) 94M->93M(102M) 13.936ms
[2020-08-10T13:18:14.372+0300][2033.912s][info ][gc] GC(67168) Pause Young (Allocation Failure) 94M->94M(102M) 13.950ms
[2020-08-10T13:18:14.386+0300][2033.927s][info ][gc] GC(67169) Pause Young (Allocation Failure) 94M->94M(102M) 13.784ms
[2020-08-10T13:18:14.400+0300][2033.941s][info ][gc] GC(67170) Pause Young (Allocation Failure) 95M->95M(102M) 13.853ms
[2020-08-10T13:18:14.414+0300][2033.955s][info ][gc] GC(67171) Pause Young (Allocation Failure) 95M->95M(102M) 13.802ms
[2020-08-10T13:18:14.429+0300][2033.970s][info ][gc] GC(67172) Pause Young (Allocation Failure) 96M->96M(102M) 14.006ms
[2020-08-10T13:18:14.447+0300][2033.987s][info ][gc] GC(67173) Pause Young (Allocation Failure) 96M->96M(102M) 17.263ms
[2020-08-10T13:18:14.461+0300][2034.002s][info ][gc] GC(67174) Pause Young (Allocation Failure) 97M->97M(101M) 14.024ms
[2020-08-10T13:18:14.476+0300][2034.017s][info ][gc] GC(67175) Pause Young (Allocation Failure) 97M->97M(101M) 13.988ms
[2020-08-10T13:18:14.491+0300][2034.031s][info ][gc] GC(67176) Pause Young (Allocation Failure) 98M->98M(101M) 14.211ms
[2020-08-10T13:18:14.505+0300][2034.046s][info ][gc] GC(67177) Pause Young (Allocation Failure) 98M->98M(101M) 13.807ms
[2020-08-10T13:18:14.519+0300][2034.060s][info ][gc] GC(67178) Pause Young (Allocation Failure) 99M->99M(101M) 13.841ms
[2020-08-10T13:18:14.534+0300][2034.074s][info ][gc] GC(67179) Pause Young (Allocation Failure) 99M->99M(101M) 13.839ms
[2020-08-10T13:18:14.548+0300][2034.089s][info ][gc] GC(67180) Pause Young (Allocation Failure) 100M->99M(101M) 14.204ms
[2020-08-10T13:18:14.788+0300][2034.328s][debug][gc] GC(67181) Expanding ParOldGen from 102400K by 11264K to 113664K
[2020-08-10T13:18:14.788+0300][2034.329s][info ][gc] GC(67181) Pause Full (Ergonomics) 99M->99M(112M) 239.241ms
[2020-08-10T13:18:14.802+0300][2034.342s][info ][gc] GC(67182) Pause Young (Allocation Failure) 100M->100M(112M) 13.231ms
[2020-08-10T13:18:14.816+0300][2034.357s][info ][gc] GC(67183) Pause Young (Allocation Failure) 100M->100M(112M) 13.637ms
[2020-08-10T13:18:14.830+0300][2034.371s][info ][gc] GC(67184) Pause Young (Allocation Failure) 101M->101M(112M) 13.748ms
[2020-08-10T13:18:14.845+0300][2034.385s][info ][gc] GC(67185) Pause Young (Allocation Failure) 101M->101M(112M) 13.760ms
[2020-08-10T13:18:14.859+0300][2034.400s][info ][gc] GC(67186) Pause Young (Allocation Failure) 102M->102M(112M) 13.711ms
[2020-08-10T13:18:14.873+0300][2034.414s][info ][gc] GC(67187) Pause Young (Allocation Failure) 102M->102M(112M) 13.489ms
[2020-08-10T13:18:14.888+0300][2034.428s][info ][gc] GC(67188) Pause Young (Allocation Failure) 103M->102M(112M) 13.432ms
[2020-08-10T13:18:14.902+0300][2034.443s][info ][gc] GC(67189) Pause Young (Allocation Failure) 103M->103M(112M) 13.615ms
[2020-08-10T13:18:14.918+0300][2034.458s][info ][gc] GC(67190) Pause Young (Allocation Failure) 103M->103M(112M) 15.264ms
[2020-08-10T13:18:14.936+0300][2034.476s][info ][gc] GC(67191) Pause Young (Allocation Failure) 104M->104M(112M) 15.339ms
[2020-08-10T13:18:14.950+0300][2034.491s][info ][gc] GC(67192) Pause Young (Allocation Failure) 104M->104M(112M) 13.681ms
[2020-08-10T13:18:14.964+0300][2034.505s][info ][gc] GC(67193) Pause Young (Allocation Failure) 105M->105M(112M) 13.667ms
[2020-08-10T13:18:14.978+0300][2034.519s][info ][gc] GC(67194) Pause Young (Allocation Failure) 105M->105M(112M) 13.661ms
[2020-08-10T13:18:14.992+0300][2034.533s][info ][gc] GC(67195) Pause Young (Allocation Failure) 106M->106M(112M) 13.521ms
[2020-08-10T13:18:15.006+0300][2034.546s][info ][gc] GC(67196) Pause Young (Allocation Failure) 106M->106M(112M) 13.459ms
[2020-08-10T13:18:15.020+0300][2034.560s][info ][gc] GC(67197) Pause Young (Allocation Failure) 107M->107M(112M) 13.498ms
[2020-08-10T13:18:15.034+0300][2034.575s][info ][gc] GC(67198) Pause Young (Allocation Failure) 107M->107M(112M) 13.730ms
[2020-08-10T13:18:15.048+0300][2034.588s][info ][gc] GC(67199) Pause Young (Allocation Failure) 108M->107M(112M) 13.492ms
[2020-08-10T13:18:15.063+0300][2034.604s][info ][gc] GC(67200) Pause Young (Allocation Failure) 108M->108M(112M) 14.744ms
[2020-08-10T13:18:15.077+0300][2034.618s][info ][gc] GC(67201) Pause Young (Allocation Failure) 108M->108M(112M) 13.970ms
[2020-08-10T13:18:15.093+0300][2034.634s][info ][gc] GC(67202) Pause Young (Allocation Failure) 109M->109M(112M) 15.305ms
[2020-08-10T13:18:15.107+0300][2034.647s][info ][gc] GC(67203) Pause Young (Allocation Failure) 109M->109M(112M) 13.411ms
[2020-08-10T13:18:15.121+0300][2034.662s][info ][gc] GC(67204) Pause Young (Allocation Failure) 110M->110M(112M) 13.913ms
[2020-08-10T13:18:15.135+0300][2034.676s][info ][gc] GC(67205) Pause Young (Allocation Failure) 110M->110M(112M) 13.576ms
[2020-08-10T13:18:15.149+0300][2034.690s][info ][gc] GC(67206) Pause Young (Allocation Failure) 111M->111M(112M) 13.599ms
[2020-08-10T13:18:15.488+0300][2035.029s][debug][gc] GC(67207) Expanding ParOldGen from 113664K by 10752K to 124416K
[2020-08-10T13:18:15.488+0300][2035.029s][info ][gc] GC(67207) Pause Full (Ergonomics) 111M->110M(123M) 339.023ms
[2020-08-10T13:18:15.502+0300][2035.043s][info ][gc] GC(67208) Pause Young (Allocation Failure) 111M->111M(123M) 13.498ms
[2020-08-10T13:18:15.518+0300][2035.059s][info ][gc] GC(67209) Pause Young (Allocation Failure) 111M->111M(123M) 15.790ms
[2020-08-10T13:18:15.532+0300][2035.073s][info ][gc] GC(67210) Pause Young (Allocation Failure) 112M->112M(123M) 13.672ms
[2020-08-10T13:18:15.546+0300][2035.087s][info ][gc] GC(67211) Pause Young (Allocation Failure) 112M->112M(123M) 13.682ms
[2020-08-10T13:18:15.565+0300][2035.105s][info ][gc] GC(67212) Pause Young (Allocation Failure) 113M->113M(123M) 17.907ms
[2020-08-10T13:18:15.580+0300][2035.121s][info ][gc] GC(67213) Pause Young (Allocation Failure) 113M->113M(123M) 15.233ms
[2020-08-10T13:18:15.594+0300][2035.135s][info ][gc] GC(67214) Pause Young (Allocation Failure) 114M->114M(123M) 13.752ms
[2020-08-10T13:18:15.608+0300][2035.149s][info ][gc] GC(67215) Pause Young (Allocation Failure) 114M->114M(123M) 13.477ms
[2020-08-10T13:18:15.622+0300][2035.163s][info ][gc] GC(67216) Pause Young (Allocation Failure) 115M->115M(123M) 13.472ms
[2020-08-10T13:18:15.636+0300][2035.177s][info ][gc] GC(67217) Pause Young (Allocation Failure) 115M->115M(123M) 13.717ms
[2020-08-10T13:18:15.650+0300][2035.191s][info ][gc] GC(67218) Pause Young (Allocation Failure) 116M->116M(123M) 13.745ms
[2020-08-10T13:18:15.664+0300][2035.205s][info ][gc] GC(67219) Pause Young (Allocation Failure) 116M->116M(123M) 13.659ms
[2020-08-10T13:18:15.680+0300][2035.221s][info ][gc] GC(67220) Pause Young (Allocation Failure) 117M->117M(123M) 15.083ms
[2020-08-10T13:18:15.700+0300][2035.241s][info ][gc] GC(67221) Pause Young (Allocation Failure) 118M->118M(123M) 19.425ms
[2020-08-10T13:18:15.717+0300][2035.258s][info ][gc] GC(67222) Pause Young (Allocation Failure) 119M->119M(123M) 16.620ms
[2020-08-10T13:18:15.734+0300][2035.275s][info ][gc] GC(67223) Pause Young (Allocation Failure) 120M->120M(124M) 16.903ms
[2020-08-10T13:18:15.759+0300][2035.300s][info ][gc] GC(67224) Pause Young (Allocation Failure) 121M->121M(124M) 24.326ms
[2020-08-10T13:18:15.776+0300][2035.317s][info ][gc] GC(67225) Pause Young (Allocation Failure) 122M->122M(124M) 16.646ms
[2020-08-10T13:18:16.164+0300][2035.704s][debug][gc] GC(67226) Expanding ParOldGen from 124416K by 11264K to 135680K
[2020-08-10T13:18:16.164+0300][2035.705s][info ][gc] GC(67226) Pause Full (Ergonomics) 122M->122M(135M) 387.256ms
[2020-08-10T13:18:16.208+0300][2035.749s][info ][gc] GC(67227) Pause Young (Allocation Failure) 123M->123M(135M) 43.809ms
[2020-08-10T13:18:16.250+0300][2035.791s][info ][gc] GC(67228) Pause Young (Allocation Failure) 124M->123M(135M) 41.714ms
[2020-08-10T13:18:16.269+0300][2035.810s][info ][gc] GC(67229) Pause Young (Allocation Failure) 124M->124M(135M) 18.227ms
[2020-08-10T13:18:16.290+0300][2035.831s][info ][gc] GC(67230) Pause Young (Allocation Failure) 125M->125M(135M) 19.884ms
[2020-08-10T13:18:16.325+0300][2035.866s][info ][gc] GC(67231) Pause Young (Allocation Failure) 126M->126M(135M) 34.714ms
[2020-08-10T13:18:16.344+0300][2035.885s][info ][gc] GC(67232) Pause Young (Allocation Failure) 127M->127M(135M) 18.034ms
[2020-08-10T13:18:16.362+0300][2035.903s][info ][gc] GC(67233) Pause Young (Allocation Failure) 128M->128M(135M) 18.103ms
[2020-08-10T13:18:16.383+0300][2035.924s][info ][gc] GC(67234) Pause Young (Allocation Failure) 129M->129M(135M) 20.206ms
[2020-08-10T13:18:16.419+0300][2035.960s][info ][gc] GC(67235) Pause Young (Allocation Failure) 130M->130M(135M) 35.581ms
[2020-08-10T13:18:16.438+0300][2035.979s][info ][gc] GC(67236) Pause Young (Allocation Failure) 131M->131M(135M) 18.156ms
[2020-08-10T13:18:16.457+0300][2035.998s][info ][gc] GC(67237) Pause Young (Allocation Failure) 132M->132M(135M) 18.600ms
[2020-08-10T13:18:16.896+0300][2036.437s][debug][gc] GC(67238) Expanding ParOldGen from 135680K by 11776K to 147456K
[2020-08-10T13:18:16.897+0300][2036.437s][info ][gc] GC(67238) Pause Full (Ergonomics) 132M->132M(146M) 439.160ms
[2020-08-10T13:18:16.914+0300][2036.454s][info ][gc] GC(67239) Pause Young (Allocation Failure) 133M->133M(146M) 15.606ms
[2020-08-10T13:18:16.934+0300][2036.474s][info ][gc] GC(67240) Pause Young (Allocation Failure) 134M->134M(146M) 19.495ms
[2020-08-10T13:18:16.965+0300][2036.505s][info ][gc] GC(67241) Pause Young (Allocation Failure) 135M->135M(146M) 29.470ms
[2020-08-10T13:18:16.985+0300][2036.525s][info ][gc] GC(67242) Pause Young (Allocation Failure) 136M->136M(146M) 19.281ms
[2020-08-10T13:18:17.014+0300][2036.554s][info ][gc] GC(67243) Pause Young (Allocation Failure) 137M->137M(146M) 28.710ms
[2020-08-10T13:18:17.034+0300][2036.573s][info ][gc] GC(67244) Pause Young (Allocation Failure) 138M->137M(146M) 18.657ms
[2020-08-10T13:18:17.067+0300][2036.607s][info ][gc] GC(67245) Pause Young (Allocation Failure) 138M->138M(146M) 33.232ms
[2020-08-10T13:18:17.087+0300][2036.627s][info ][gc] GC(67246) Pause Young (Allocation Failure) 139M->139M(146M) 19.174ms
[2020-08-10T13:18:17.107+0300][2036.647s][info ][gc] GC(67247) Pause Young (Allocation Failure) 140M->140M(146M) 19.456ms
[2020-08-10T13:18:17.131+0300][2036.670s][info ][gc] GC(67248) Pause Young (Allocation Failure) 141M->141M(146M) 23.135ms
[2020-08-10T13:18:17.167+0300][2036.707s][info ][gc] GC(67249) Pause Young (Allocation Failure) 142M->142M(146M) 35.936ms
[2020-08-10T13:18:17.167+0300][2036.707s][debug][gc] Expanding ParOldGen from 147456K by 19968K to 167424K
[2020-08-10T13:18:17.193+0300][2036.733s][info ][gc] GC(67250) Pause Young (Allocation Failure) 162M->162M(166M) 17.309ms
[2020-08-10T13:18:17.208+0300][2036.748s][info ][gc] GC(67251) Pause Young (Allocation Failure) 163M->163M(166M) 14.528ms
[2020-08-10T13:18:17.258+0300][2036.798s][debug][gc] GC(67252) Shrinking ParOldGen from 167424K by 124928K to 42496K
[2020-08-10T13:18:17.258+0300][2036.798s][info ][gc] GC(67252) Pause Full (Ergonomics) 163M->29M(44M) 50.193ms
[2020-08-10T13:18:17.272+0300][2036.812s][info ][gc] GC(67253) Pause Young (Allocation Failure) 30M->30M(44M) 13.264ms
[2020-08-10T13:18:17.287+0300][2036.826s][info ][gc] GC(67254) Pause Young (Allocation Failure) 31M->31M(44M) 13.908ms
[2020-08-10T13:18:17.301+0300][2036.840s][info ][gc] GC(67255) Pause Young (Allocation Failure) 32M->32M(44M) 13.641ms
[2020-08-10T13:18:17.315+0300][2036.855s][info ][gc] GC(67256) Pause Young (Allocation Failure) 33M->33M(44M) 14.001ms
[2020-08-10T13:18:17.330+0300][2036.870s][info ][gc] GC(67257) Pause Young (Allocation Failure) 34M->34M(44M) 13.945ms
[2020-08-10T13:18:17.344+0300][2036.884s][info ][gc] GC(67258) Pause Young (Allocation Failure) 35M->35M(44M) 13.819ms
[2020-08-10T13:18:17.359+0300][2036.899s][info ][gc] GC(67259) Pause Young (Allocation Failure) 36M->36M(44M) 13.916ms
[2020-08-10T13:18:17.374+0300][2036.913s][info ][gc] GC(67260) Pause Young (Allocation Failure) 37M->37M(44M) 13.894ms
[2020-08-10T13:18:17.388+0300][2036.928s][info ][gc] GC(67261) Pause Young (Allocation Failure) 38M->38M(44M) 13.803ms
[2020-08-10T13:18:17.424+0300][2036.964s][info ][gc] GC(67262) Pause Young (Allocation Failure) 39M->39M(44M) 35.090ms
[2020-08-10T13:18:17.439+0300][2036.978s][info ][gc] GC(67263) Pause Young (Allocation Failure) 40M->40M(44M) 14.076ms
[2020-08-10T13:18:17.453+0300][2036.993s][info ][gc] GC(67264) Pause Young (Allocation Failure) 41M->41M(44M) 14.105ms
[2020-08-10T13:18:17.528+0300][2037.068s][debug][gc] GC(67265) Expanding ParOldGen from 42496K by 11264K to 53760K
[2020-08-10T13:18:17.528+0300][2037.068s][info ][gc] GC(67265) Pause Full (Ergonomics) 41M->41M(55M) 74.946ms
[2020-08-10T13:18:17.542+0300][2037.082s][info ][gc] GC(67266) Pause Young (Allocation Failure) 42M->42M(55M) 13.291ms
[2020-08-10T13:18:17.557+0300][2037.097s][info ][gc] GC(67267) Pause Young (Allocation Failure) 43M->43M(55M) 13.755ms
[2020-08-10T13:18:17.572+0300][2037.112s][info ][gc] GC(67268) Pause Young (Allocation Failure) 44M->44M(55M) 14.008ms
[2020-08-10T13:18:17.586+0300][2037.126s][info ][gc] GC(67269) Pause Young (Allocation Failure) 45M->45M(55M) 13.690ms
[2020-08-10T13:18:17.600+0300][2037.140s][info ][gc] GC(67270) Pause Young (Allocation Failure) 46M->46M(55M) 13.738ms
[2020-08-10T13:18:17.615+0300][2037.155s][info ][gc] GC(67271) Pause Young (Allocation Failure) 47M->46M(55M) 13.831ms
[2020-08-10T13:18:17.629+0300][2037.169s][info ][gc] GC(67272) Pause Young (Allocation Failure) 47M->47M(55M) 13.901ms
[2020-08-10T13:18:17.644+0300][2037.184s][info ][gc] GC(67273) Pause Young (Allocation Failure) 48M->48M(55M) 13.926ms
[2020-08-10T13:18:17.658+0300][2037.198s][info ][gc] GC(67274) Pause Young (Allocation Failure) 49M->49M(55M) 13.835ms
[2020-08-10T13:18:17.673+0300][2037.213s][info ][gc] GC(67275) Pause Young (Allocation Failure) 50M->50M(55M) 14.014ms
[2020-08-10T13:18:17.688+0300][2037.228s][info ][gc] GC(67276) Pause Young (Allocation Failure) 51M->51M(54M) 14.121ms
[2020-08-10T13:18:17.702+0300][2037.242s][info ][gc] GC(67277) Pause Young (Allocation Failure) 52M->52M(54M) 13.896ms
[2020-08-10T13:18:17.854+0300][2037.394s][debug][gc] GC(67278) Expanding ParOldGen from 53760K by 11264K to 65024K
[2020-08-10T13:18:17.854+0300][2037.394s][info ][gc] GC(67278) Pause Full (Ergonomics) 52M->52M(65M) 151.535ms
[2020-08-10T13:18:17.876+0300][2037.416s][info ][gc] GC(67279) Pause Young (Allocation Failure) 53M->53M(65M) 21.759ms
[2020-08-10T13:18:17.891+0300][2037.431s][info ][gc] GC(67280) Pause Young (Allocation Failure) 54M->54M(65M) 14.267ms
[2020-08-10T13:18:17.906+0300][2037.446s][info ][gc] GC(67281) Pause Young (Allocation Failure) 55M->55M(65M) 14.001ms
[2020-08-10T13:18:17.920+0300][2037.460s][info ][gc] GC(67282) Pause Young (Allocation Failure) 56M->56M(65M) 14.129ms
[2020-08-10T13:18:17.935+0300][2037.475s][info ][gc] GC(67283) Pause Young (Allocation Failure) 57M->57M(65M) 14.012ms
[2020-08-10T13:18:17.954+0300][2037.494s][info ][gc] GC(67284) Pause Young (Allocation Failure) 58M->58M(65M) 18.582ms
[2020-08-10T13:18:17.969+0300][2037.509s][info ][gc] GC(67285) Pause Young (Allocation Failure) 59M->59M(65M) 14.142ms
[2020-08-10T13:18:17.983+0300][2037.523s][info ][gc] GC(67286) Pause Young (Allocation Failure) 60M->60M(65M) 14.100ms
[2020-08-10T13:18:18.007+0300][2037.547s][info ][gc] GC(67287) Pause Young (Allocation Failure) 61M->61M(65M) 23.301ms
[2020-08-10T13:18:18.022+0300][2037.562s][info ][gc] GC(67288) Pause Young (Allocation Failure) 62M->62M(65M) 14.112ms
[2020-08-10T13:18:18.036+0300][2037.576s][info ][gc] GC(67289) Pause Young (Allocation Failure) 63M->63M(65M) 14.050ms
[2020-08-10T13:18:18.051+0300][2037.591s][info ][gc] GC(67290) Pause Young (Allocation Failure) 64M->64M(65M) 13.915ms
[2020-08-10T13:18:18.179+0300][2037.719s][debug][gc] GC(67291) Expanding ParOldGen from 65024K by 11264K to 76288K
[2020-08-10T13:18:18.179+0300][2037.719s][info ][gc] GC(67291) Pause Full (Ergonomics) 64M->63M(76M) 128.254ms
[2020-08-10T13:18:18.206+0300][2037.746s][info ][gc] GC(67292) Pause Young (Allocation Failure) 64M->64M(76M) 26.846ms
[2020-08-10T13:18:18.221+0300][2037.761s][info ][gc] GC(67293) Pause Young (Allocation Failure) 65M->65M(76M) 14.432ms
[2020-08-10T13:18:18.236+0300][2037.776s][info ][gc] GC(67294) Pause Young (Allocation Failure) 66M->66M(76M) 14.127ms
[2020-08-10T13:18:18.251+0300][2037.791s][info ][gc] GC(67295) Pause Young (Allocation Failure) 67M->67M(76M) 14.332ms
[2020-08-10T13:18:18.265+0300][2037.805s][info ][gc] GC(67296) Pause Young (Allocation Failure) 68M->68M(76M) 14.127ms
[2020-08-10T13:18:18.280+0300][2037.820s][info ][gc] GC(67297) Pause Young (Allocation Failure) 69M->69M(76M) 14.266ms
[2020-08-10T13:18:18.295+0300][2037.835s][info ][gc] GC(67298) Pause Young (Allocation Failure) 70M->70M(76M) 14.215ms
[2020-08-10T13:18:18.310+0300][2037.850s][info ][gc] GC(67299) Pause Young (Allocation Failure) 71M->71M(76M) 14.297ms
[2020-08-10T13:18:18.325+0300][2037.865s][info ][gc] GC(67300) Pause Young (Allocation Failure) 72M->72M(76M) 14.283ms
[2020-08-10T13:18:18.340+0300][2037.880s][info ][gc] GC(67301) Pause Young (Allocation Failure) 73M->73M(76M) 14.368ms
[2020-08-10T13:18:18.355+0300][2037.895s][info ][gc] GC(67302) Pause Young (Allocation Failure) 74M->74M(76M) 14.448ms
[2020-08-10T13:18:18.516+0300][2038.056s][debug][gc] GC(67303) Expanding ParOldGen from 76288K by 11264K to 87552K
[2020-08-10T13:18:18.517+0300][2038.057s][info ][gc] GC(67303) Pause Full (Ergonomics) 74M->74M(87M) 161.078ms
[2020-08-10T13:18:18.531+0300][2038.071s][info ][gc] GC(67304) Pause Young (Allocation Failure) 75M->75M(87M) 13.542ms
[2020-08-10T13:18:18.546+0300][2038.086s][info ][gc] GC(67305) Pause Young (Allocation Failure) 76M->76M(87M) 14.130ms
[2020-08-10T13:18:18.561+0300][2038.101s][info ][gc] GC(67306) Pause Young (Allocation Failure) 77M->77M(87M) 14.084ms
[2020-08-10T13:18:18.575+0300][2038.115s][info ][gc] GC(67307) Pause Young (Allocation Failure) 78M->78M(87M) 13.889ms
[2020-08-10T13:18:18.589+0300][2038.129s][info ][gc] GC(67308) Pause Young (Allocation Failure) 79M->79M(87M) 13.847ms
[2020-08-10T13:18:18.604+0300][2038.144s][info ][gc] GC(67309) Pause Young (Allocation Failure) 80M->80M(87M) 13.862ms
[2020-08-10T13:18:18.619+0300][2038.159s][info ][gc] GC(67310) Pause Young (Allocation Failure) 81M->81M(87M) 13.864ms
[2020-08-10T13:18:18.633+0300][2038.173s][info ][gc] GC(67311) Pause Young (Allocation Failure) 82M->82M(87M) 14.043ms
[2020-08-10T13:18:18.648+0300][2038.188s][info ][gc] GC(67312) Pause Young (Allocation Failure) 83M->82M(87M) 14.078ms
[2020-08-10T13:18:18.664+0300][2038.204s][info ][gc] GC(67313) Pause Young (Allocation Failure) 83M->83M(87M) 14.135ms
[2020-08-10T13:18:18.678+0300][2038.218s][info ][gc] GC(67314) Pause Young (Allocation Failure) 84M->84M(87M) 13.844ms
[2020-08-10T13:18:18.693+0300][2038.233s][info ][gc] GC(67315) Pause Young (Allocation Failure) 85M->85M(87M) 14.096ms
[2020-08-10T13:18:18.967+0300][2038.507s][debug][gc] GC(67316) Expanding ParOldGen from 87552K by 11264K to 98816K
[2020-08-10T13:18:18.967+0300][2038.507s][info ][gc] GC(67316) Pause Full (Ergonomics) 85M->85M(98M) 274.269ms
[2020-08-10T13:18:19.001+0300][2038.541s][info ][gc] GC(67317) Pause Young (Allocation Failure) 86M->86M(98M) 33.150ms
[2020-08-10T13:18:19.017+0300][2038.557s][info ][gc] GC(67318) Pause Young (Allocation Failure) 87M->87M(98M) 14.635ms
[2020-08-10T13:18:19.032+0300][2038.572s][info ][gc] GC(67319) Pause Young (Allocation Failure) 88M->88M(98M) 14.617ms
[2020-08-10T13:18:19.047+0300][2038.587s][info ][gc] GC(67320) Pause Young (Allocation Failure) 89M->89M(98M) 14.568ms
[2020-08-10T13:18:19.063+0300][2038.603s][info ][gc] GC(67321) Pause Young (Allocation Failure) 90M->90M(98M) 14.308ms
[2020-08-10T13:18:19.089+0300][2038.629s][info ][gc] GC(67322) Pause Young (Allocation Failure) 91M->91M(98M) 25.621ms
[2020-08-10T13:18:19.104+0300][2038.644s][info ][gc] GC(67323) Pause Young (Allocation Failure) 92M->92M(99M) 14.531ms
[2020-08-10T13:18:19.119+0300][2038.659s][info ][gc] GC(67324) Pause Young (Allocation Failure) 93M->93M(99M) 15.087ms
[2020-08-10T13:18:19.135+0300][2038.675s][info ][gc] GC(67325) Pause Young (Allocation Failure) 94M->94M(99M) 15.326ms
[2020-08-10T13:18:19.151+0300][2038.691s][info ][gc] GC(67326) Pause Young (Allocation Failure) 95M->95M(99M) 15.139ms
[2020-08-10T13:18:19.167+0300][2038.707s][info ][gc] GC(67327) Pause Young (Allocation Failure) 96M->96M(99M) 15.088ms
[2020-08-10T13:18:19.195+0300][2038.735s][info ][gc] GC(67328) Pause Young (Allocation Failure) 97M->97M(99M) 27.563ms
[2020-08-10T13:18:19.485+0300][2039.025s][debug][gc] GC(67329) Expanding ParOldGen from 98816K by 11264K to 110080K
[2020-08-10T13:18:19.485+0300][2039.025s][info ][gc] GC(67329) Pause Full (Ergonomics) 97M->97M(110M) 290.173ms
[2020-08-10T13:18:19.522+0300][2039.062s][info ][gc] GC(67330) Pause Young (Allocation Failure) 98M->98M(110M) 36.499ms
[2020-08-10T13:18:19.538+0300][2039.078s][info ][gc] GC(67331) Pause Young (Allocation Failure) 99M->99M(110M) 15.178ms
[2020-08-10T13:18:19.554+0300][2039.094s][info ][gc] GC(67332) Pause Young (Allocation Failure) 100M->99M(110M) 14.991ms
[2020-08-10T13:18:19.586+0300][2039.126s][info ][gc] GC(67333) Pause Young (Allocation Failure) 100M->100M(110M) 31.221ms
[2020-08-10T13:18:19.602+0300][2039.142s][info ][gc] GC(67334) Pause Young (Allocation Failure) 101M->101M(110M) 15.454ms
[2020-08-10T13:18:19.618+0300][2039.158s][info ][gc] GC(67335) Pause Young (Allocation Failure) 102M->102M(110M) 15.613ms
[2020-08-10T13:18:19.657+0300][2039.197s][info ][gc] GC(67336) Pause Young (Allocation Failure) 103M->103M(110M) 38.219ms
[2020-08-10T13:18:19.673+0300][2039.214s][info ][gc] GC(67337) Pause Young (Allocation Failure) 104M->104M(110M) 15.775ms
[2020-08-10T13:18:19.693+0300][2039.233s][info ][gc] GC(67338) Pause Young (Allocation Failure) 105M->105M(110M) 19.171ms
[2020-08-10T13:18:19.710+0300][2039.250s][info ][gc] GC(67339) Pause Young (Allocation Failure) 106M->106M(110M) 16.001ms
[2020-08-10T13:18:19.726+0300][2039.266s][info ][gc] GC(67340) Pause Young (Allocation Failure) 107M->107M(110M) 15.866ms
[2020-08-10T13:18:20.030+0300][2039.570s][debug][gc] GC(67341) Expanding ParOldGen from 110080K by 11264K to 121344K
[2020-08-10T13:18:20.030+0300][2039.571s][info ][gc] GC(67341) Pause Full (Ergonomics) 107M->107M(121M) 303.879ms
[2020-08-10T13:18:20.052+0300][2039.592s][info ][gc] GC(67342) Pause Young (Allocation Failure) 108M->108M(121M) 20.774ms
[2020-08-10T13:18:20.068+0300][2039.608s][info ][gc] GC(67343) Pause Young (Allocation Failure) 109M->109M(121M) 15.465ms
[2020-08-10T13:18:20.085+0300][2039.625s][info ][gc] GC(67344) Pause Young (Allocation Failure) 110M->110M(121M) 16.751ms
[2020-08-10T13:18:20.102+0300][2039.642s][info ][gc] GC(67345) Pause Young (Allocation Failure) 111M->111M(121M) 15.870ms
[2020-08-10T13:18:20.119+0300][2039.659s][info ][gc] GC(67346) Pause Young (Allocation Failure) 112M->112M(121M) 15.762ms
[2020-08-10T13:18:20.135+0300][2039.675s][info ][gc] GC(67347) Pause Young (Allocation Failure) 113M->113M(121M) 15.957ms
[2020-08-10T13:18:20.152+0300][2039.692s][info ][gc] GC(67348) Pause Young (Allocation Failure) 114M->114M(121M) 15.965ms
[2020-08-10T13:18:20.169+0300][2039.709s][info ][gc] GC(67349) Pause Young (Allocation Failure) 115M->115M(121M) 16.400ms
[2020-08-10T13:18:20.186+0300][2039.726s][info ][gc] GC(67350) Pause Young (Allocation Failure) 116M->116M(121M) 16.399ms
[2020-08-10T13:18:20.203+0300][2039.743s][info ][gc] GC(67351) Pause Young (Allocation Failure) 117M->116M(121M) 16.242ms
[2020-08-10T13:18:20.228+0300][2039.768s][info ][gc] GC(67352) Pause Young (Allocation Failure) 117M->117M(120M) 23.999ms
[2020-08-10T13:18:20.245+0300][2039.785s][info ][gc] GC(67353) Pause Young (Allocation Failure) 118M->118M(120M) 16.527ms
[2020-08-10T13:18:20.535+0300][2040.075s][debug][gc] GC(67354) Expanding ParOldGen from 121344K by 11264K to 132608K
[2020-08-10T13:18:20.535+0300][2040.075s][info ][gc] GC(67354) Pause Full (Ergonomics) 118M->118M(131M) 290.113ms
[2020-08-10T13:18:20.594+0300][2040.134s][info ][gc] GC(67355) Pause Young (Allocation Failure) 119M->119M(131M) 58.519ms
[2020-08-10T13:18:20.612+0300][2040.153s][info ][gc] GC(67356) Pause Young (Allocation Failure) 120M->120M(131M) 17.625ms
[2020-08-10T13:18:20.631+0300][2040.171s][info ][gc] GC(67357) Pause Young (Allocation Failure) 121M->121M(131M) 17.828ms
[2020-08-10T13:18:20.648+0300][2040.188s][info ][gc] GC(67358) Pause Young (Allocation Failure) 122M->122M(131M) 16.674ms
[2020-08-10T13:18:20.678+0300][2040.218s][info ][gc] GC(67359) Pause Young (Allocation Failure) 122M->122M(131M) 29.681ms
[2020-08-10T13:18:20.693+0300][2040.234s][info ][gc] GC(67360) Pause Young (Allocation Failure) 123M->123M(131M) 14.584ms
[2020-08-10T13:18:20.709+0300][2040.249s][info ][gc] GC(67361) Pause Young (Allocation Failure) 123M->123M(131M) 14.990ms
[2020-08-10T13:18:20.734+0300][2040.274s][info ][gc] GC(67362) Pause Young (Allocation Failure) 124M->124M(131M) 24.530ms
[2020-08-10T13:18:20.749+0300][2040.289s][info ][gc] GC(67363) Pause Young (Allocation Failure) 124M->124M(131M) 15.018ms
[2020-08-10T13:18:20.765+0300][2040.305s][info ][gc] GC(67364) Pause Young (Allocation Failure) 124M->124M(131M) 14.823ms
[2020-08-10T13:18:20.783+0300][2040.323s][info ][gc] GC(67365) Pause Young (Allocation Failure) 125M->125M(131M) 17.245ms
[2020-08-10T13:18:20.808+0300][2040.348s][info ][gc] GC(67366) Pause Young (Allocation Failure) 125M->125M(131M) 25.273ms
[2020-08-10T13:18:20.836+0300][2040.376s][info ][gc] GC(67367) Pause Young (Allocation Failure) 126M->126M(131M) 27.422ms
[2020-08-10T13:18:20.853+0300][2040.393s][info ][gc] GC(67368) Pause Young (Allocation Failure) 126M->126M(131M) 16.085ms
[2020-08-10T13:18:20.883+0300][2040.423s][info ][gc] GC(67369) Pause Young (Allocation Failure) 127M->127M(131M) 29.171ms
[2020-08-10T13:18:20.899+0300][2040.439s][info ][gc] GC(67370) Pause Young (Allocation Failure) 127M->127M(131M) 15.494ms
[2020-08-10T13:18:20.915+0300][2040.455s][info ][gc] GC(67371) Pause Young (Allocation Failure) 128M->128M(131M) 15.133ms
[2020-08-10T13:18:20.931+0300][2040.471s][info ][gc] GC(67372) Pause Young (Allocation Failure) 128M->128M(131M) 14.988ms
[2020-08-10T13:18:20.946+0300][2040.486s][info ][gc] GC(67373) Pause Young (Allocation Failure) 129M->129M(131M) 15.102ms
[2020-08-10T13:18:21.412+0300][2040.952s][debug][gc] GC(67374) Expanding ParOldGen from 132608K by 10752K to 143360K
[2020-08-10T13:18:21.412+0300][2040.952s][info ][gc] GC(67374) Pause Full (Ergonomics) 129M->128M(142M) 465.332ms
[2020-08-10T13:18:21.439+0300][2040.979s][info ][gc] GC(67375) Pause Young (Allocation Failure) 129M->129M(141M) 26.630ms
[2020-08-10T13:18:21.454+0300][2040.994s][info ][gc] GC(67376) Pause Young (Allocation Failure) 129M->129M(141M) 15.056ms
[2020-08-10T13:18:21.473+0300][2041.013s][info ][gc] GC(67377) Pause Young (Allocation Failure) 130M->130M(141M) 18.422ms
[2020-08-10T13:18:21.489+0300][2041.029s][info ][gc] GC(67378) Pause Young (Allocation Failure) 130M->130M(141M) 15.034ms
[2020-08-10T13:18:21.504+0300][2041.044s][info ][gc] GC(67379) Pause Young (Allocation Failure) 131M->131M(141M) 15.090ms
[2020-08-10T13:18:21.520+0300][2041.060s][info ][gc] GC(67380) Pause Young (Allocation Failure) 131M->131M(141M) 15.222ms
[2020-08-10T13:18:21.536+0300][2041.076s][info ][gc] GC(67381) Pause Young (Allocation Failure) 132M->132M(141M) 15.232ms
[2020-08-10T13:18:21.552+0300][2041.092s][info ][gc] GC(67382) Pause Young (Allocation Failure) 132M->132M(141M) 16.033ms
[2020-08-10T13:18:21.568+0300][2041.108s][info ][gc] GC(67383) Pause Young (Allocation Failure) 133M->132M(141M) 15.213ms
[2020-08-10T13:18:21.584+0300][2041.124s][info ][gc] GC(67384) Pause Young (Allocation Failure) 133M->133M(141M) 15.300ms
[2020-08-10T13:18:21.611+0300][2041.151s][info ][gc] GC(67385) Pause Young (Allocation Failure) 133M->133M(141M) 26.570ms
[2020-08-10T13:18:21.627+0300][2041.167s][info ][gc] GC(67386) Pause Young (Allocation Failure) 134M->134M(141M) 15.452ms
[2020-08-10T13:18:21.646+0300][2041.186s][info ][gc] GC(67387) Pause Young (Allocation Failure) 134M->134M(141M) 18.209ms
[2020-08-10T13:18:21.670+0300][2041.210s][info ][gc] GC(67388) Pause Young (Allocation Failure) 135M->135M(141M) 24.027ms
[2020-08-10T13:18:21.686+0300][2041.226s][info ][gc] GC(67389) Pause Young (Allocation Failure) 135M->135M(141M) 15.356ms
[2020-08-10T13:18:21.702+0300][2041.242s][info ][gc] GC(67390) Pause Young (Allocation Failure) 136M->136M(141M) 15.524ms
[2020-08-10T13:18:21.718+0300][2041.258s][info ][gc] GC(67391) Pause Young (Allocation Failure) 136M->136M(141M) 15.304ms
[2020-08-10T13:18:21.734+0300][2041.274s][info ][gc] GC(67392) Pause Young (Allocation Failure) 137M->137M(141M) 15.414ms
[2020-08-10T13:18:21.749+0300][2041.289s][info ][gc] GC(67393) Pause Young (Allocation Failure) 137M->137M(141M) 15.320ms
[2020-08-10T13:18:21.766+0300][2041.306s][info ][gc] GC(67394) Pause Young (Allocation Failure) 138M->138M(141M) 15.900ms
[2020-08-10T13:18:21.782+0300][2041.322s][info ][gc] GC(67395) Pause Young (Allocation Failure) 138M->138M(141M) 15.870ms
[2020-08-10T13:18:21.800+0300][2041.341s][info ][gc] GC(67396) Pause Young (Allocation Failure) 139M->139M(141M) 18.113ms
[2020-08-10T13:18:21.816+0300][2041.357s][info ][gc] GC(67397) Pause Young (Allocation Failure) 139M->139M(141M) 15.550ms
[2020-08-10T13:18:21.838+0300][2041.378s][info ][gc] GC(67398) Pause Young (Allocation Failure) 140M->139M(141M) 20.661ms
[2020-08-10T13:18:22.294+0300][2041.834s][debug][gc] GC(67399) Expanding ParOldGen from 143360K by 10752K to 154112K
[2020-08-10T13:18:22.294+0300][2041.834s][info ][gc] GC(67399) Pause Full (Ergonomics) 139M->139M(152M) 456.076ms
[2020-08-10T13:18:22.309+0300][2041.849s][info ][gc] GC(67400) Pause Young (Allocation Failure) 140M->140M(152M) 14.513ms
[2020-08-10T13:18:22.325+0300][2041.865s][info ][gc] GC(67401) Pause Young (Allocation Failure) 140M->140M(152M) 15.999ms
[2020-08-10T13:18:22.341+0300][2041.881s][info ][gc] GC(67402) Pause Young (Allocation Failure) 141M->141M(152M) 15.532ms
[2020-08-10T13:18:22.357+0300][2041.898s][info ][gc] GC(67403) Pause Young (Allocation Failure) 141M->141M(152M) 15.695ms
[2020-08-10T13:18:22.374+0300][2041.914s][info ][gc] GC(67404) Pause Young (Allocation Failure) 142M->141M(152M) 15.758ms
[2020-08-10T13:18:22.397+0300][2041.937s][info ][gc] GC(67405) Pause Young (Allocation Failure) 142M->142M(152M) 22.861ms
[2020-08-10T13:18:22.413+0300][2041.953s][info ][gc] GC(67406) Pause Young (Allocation Failure) 142M->142M(152M) 15.854ms
[2020-08-10T13:18:22.430+0300][2041.970s][info ][gc] GC(67407) Pause Young (Allocation Failure) 143M->143M(152M) 15.934ms
[2020-08-10T13:18:22.451+0300][2041.991s][info ][gc] GC(67408) Pause Young (Allocation Failure) 143M->143M(152M) 20.667ms
[2020-08-10T13:18:22.468+0300][2042.008s][info ][gc] GC(67409) Pause Young (Allocation Failure) 144M->144M(152M) 16.422ms
[2020-08-10T13:18:22.484+0300][2042.025s][info ][gc] GC(67410) Pause Young (Allocation Failure) 144M->144M(152M) 15.777ms
[2020-08-10T13:18:22.485+0300][2042.025s][debug][gc] Expanding ParOldGen from 154112K by 19968K to 174080K
[2020-08-10T13:18:22.508+0300][2042.048s][info ][gc] GC(67411) Pause Young (Allocation Failure) 164M->164M(171M) 14.791ms
[2020-08-10T13:18:22.522+0300][2042.062s][info ][gc] GC(67412) Pause Young (Allocation Failure) 164M->164M(171M) 13.494ms
[2020-08-10T13:18:22.548+0300][2042.088s][info ][gc] GC(67413) Pause Young (Allocation Failure) 165M->165M(171M) 25.474ms
[2020-08-10T13:18:22.568+0300][2042.108s][info ][gc] GC(67414) Pause Young (Allocation Failure) 165M->165M(171M) 19.750ms
[2020-08-10T13:18:22.593+0300][2042.133s][info ][gc] GC(67415) Pause Young (Allocation Failure) 166M->165M(171M) 24.459ms
[2020-08-10T13:18:22.607+0300][2042.148s][info ][gc] GC(67416) Pause Young (Allocation Failure) 166M->166M(171M) 14.020ms
[2020-08-10T13:18:22.621+0300][2042.162s][info ][gc] GC(67417) Pause Young (Allocation Failure) 166M->166M(171M) 13.537ms
[2020-08-10T13:18:22.636+0300][2042.176s][info ][gc] GC(67418) Pause Young (Allocation Failure) 167M->167M(171M) 14.381ms
[2020-08-10T13:18:22.651+0300][2042.191s][info ][gc] GC(67419) Pause Young (Allocation Failure) 167M->167M(171M) 14.230ms
[2020-08-10T13:18:22.666+0300][2042.206s][info ][gc] GC(67420) Pause Young (Allocation Failure) 168M->168M(171M) 14.348ms
[2020-08-10T13:18:22.680+0300][2042.220s][info ][gc] GC(67421) Pause Young (Allocation Failure) 168M->168M(171M) 14.205ms
[2020-08-10T13:18:22.694+0300][2042.235s][info ][gc] GC(67422) Pause Young (Allocation Failure) 169M->169M(171M) 13.728ms
[2020-08-10T13:18:22.709+0300][2042.249s][info ][gc] GC(67423) Pause Young (Allocation Failure) 169M->169M(171M) 13.758ms
[2020-08-10T13:18:22.724+0300][2042.264s][info ][gc] GC(67424) Pause Young (Allocation Failure) 170M->170M(171M) 14.810ms
[2020-08-10T13:18:22.800+0300][2042.340s][debug][gc] GC(67425) Shrinking ParOldGen from 174080K by 125952K to 48128K
[2020-08-10T13:18:22.800+0300][2042.340s][info ][gc] GC(67425) Pause Full (Ergonomics) 170M->36M(48M) 76.370ms
[2020-08-10T13:18:22.814+0300][2042.354s][info ][gc] GC(67426) Pause Young (Allocation Failure) 36M->36M(48M) 13.353ms
[2020-08-10T13:18:22.828+0300][2042.369s][info ][gc] GC(67427) Pause Young (Allocation Failure) 37M->37M(48M) 13.327ms
[2020-08-10T13:18:22.842+0300][2042.383s][info ][gc] GC(67428) Pause Young (Allocation Failure) 37M->37M(48M) 13.441ms
[2020-08-10T13:18:22.856+0300][2042.397s][info ][gc] GC(67429) Pause Young (Allocation Failure) 38M->38M(48M) 13.500ms
[2020-08-10T13:18:22.870+0300][2042.410s][info ][gc] GC(67430) Pause Young (Allocation Failure) 38M->38M(48M) 13.331ms
[2020-08-10T13:18:22.884+0300][2042.425s][info ][gc] GC(67431) Pause Young (Allocation Failure) 39M->39M(48M) 13.819ms
[2020-08-10T13:18:22.911+0300][2042.451s][info ][gc] GC(67432) Pause Young (Allocation Failure) 39M->39M(48M) 26.043ms
[2020-08-10T13:18:22.927+0300][2042.467s][info ][gc] GC(67433) Pause Young (Allocation Failure) 40M->40M(48M) 15.665ms
[2020-08-10T13:18:22.942+0300][2042.482s][info ][gc] GC(67434) Pause Young (Allocation Failure) 40M->40M(48M) 14.309ms
[2020-08-10T13:18:22.956+0300][2042.496s][info ][gc] GC(67435) Pause Young (Allocation Failure) 41M->41M(48M) 13.546ms
[2020-08-10T13:18:22.971+0300][2042.511s][info ][gc] GC(67436) Pause Young (Allocation Failure) 41M->41M(48M) 15.026ms
[2020-08-10T13:18:22.987+0300][2042.527s][info ][gc] GC(67437) Pause Young (Allocation Failure) 41M->41M(48M) 15.120ms
[2020-08-10T13:18:23.001+0300][2042.541s][info ][gc] GC(67438) Pause Young (Allocation Failure) 42M->42M(48M) 13.375ms
[2020-08-10T13:18:23.014+0300][2042.555s][info ][gc] GC(67439) Pause Young (Allocation Failure) 42M->42M(48M) 13.502ms
[2020-08-10T13:18:23.028+0300][2042.569s][info ][gc] GC(67440) Pause Young (Allocation Failure) 43M->43M(48M) 13.461ms
[2020-08-10T13:18:23.044+0300][2042.584s][info ][gc] GC(67441) Pause Young (Allocation Failure) 43M->43M(48M) 15.080ms
[2020-08-10T13:18:23.058+0300][2042.598s][info ][gc] GC(67442) Pause Young (Allocation Failure) 44M->44M(48M) 13.629ms
[2020-08-10T13:18:23.081+0300][2042.622s][info ][gc] GC(67443) Pause Young (Allocation Failure) 44M->44M(48M) 22.895ms
[2020-08-10T13:18:23.099+0300][2042.639s][info ][gc] GC(67444) Pause Young (Allocation Failure) 45M->45M(48M) 17.155ms
[2020-08-10T13:18:23.113+0300][2042.653s][info ][gc] GC(67445) Pause Young (Allocation Failure) 45M->45M(48M) 13.571ms
[2020-08-10T13:18:23.127+0300][2042.668s][info ][gc] GC(67446) Pause Young (Allocation Failure) 46M->46M(48M) 13.716ms
[2020-08-10T13:18:23.142+0300][2042.683s][info ][gc] GC(67447) Pause Young (Allocation Failure) 46M->46M(48M) 14.474ms
[2020-08-10T13:18:23.157+0300][2042.697s][info ][gc] GC(67448) Pause Young (Allocation Failure) 47M->47M(48M) 14.025ms
[2020-08-10T13:18:23.265+0300][2042.805s][debug][gc] GC(67449) Expanding ParOldGen from 48128K by 10752K to 58880K
[2020-08-10T13:18:23.265+0300][2042.805s][info ][gc] GC(67449) Pause Full (Ergonomics) 47M->47M(59M) 108.149ms
[2020-08-10T13:18:23.287+0300][2042.827s][info ][gc] GC(67450) Pause Young (Allocation Failure) 48M->48M(59M) 20.928ms
[2020-08-10T13:18:23.303+0300][2042.843s][info ][gc] GC(67451) Pause Young (Allocation Failure) 49M->49M(59M) 13.953ms
[2020-08-10T13:18:23.318+0300][2042.858s][info ][gc] GC(67452) Pause Young (Allocation Failure) 50M->49M(60M) 14.213ms
[2020-08-10T13:18:23.333+0300][2042.873s][info ][gc] GC(67453) Pause Young (Allocation Failure) 50M->50M(60M) 14.064ms
[2020-08-10T13:18:23.347+0300][2042.888s][info ][gc] GC(67454) Pause Young (Allocation Failure) 51M->51M(60M) 14.266ms
[2020-08-10T13:18:23.362+0300][2042.902s][info ][gc] GC(67455) Pause Young (Allocation Failure) 52M->52M(60M) 13.878ms
[2020-08-10T13:18:23.377+0300][2042.917s][info ][gc] GC(67456) Pause Young (Allocation Failure) 53M->53M(60M) 13.915ms
[2020-08-10T13:18:23.391+0300][2042.932s][info ][gc] GC(67457) Pause Young (Allocation Failure) 54M->54M(60M) 13.797ms
[2020-08-10T13:18:23.406+0300][2042.946s][info ][gc] GC(67458) Pause Young (Allocation Failure) 55M->55M(60M) 14.117ms
[2020-08-10T13:18:23.421+0300][2042.961s][info ][gc] GC(67459) Pause Young (Allocation Failure) 56M->56M(60M) 14.245ms
[2020-08-10T13:18:23.437+0300][2042.977s][info ][gc] GC(67460) Pause Young (Allocation Failure) 57M->57M(60M) 14.582ms
[2020-08-10T13:18:23.573+0300][2043.113s][debug][gc] GC(67461) Expanding ParOldGen from 58880K by 11776K to 70656K
[2020-08-10T13:18:23.573+0300][2043.113s][info ][gc] GC(67461) Pause Full (Ergonomics) 57M->57M(71M) 136.156ms
[2020-08-10T13:18:23.588+0300][2043.128s][info ][gc] GC(67462) Pause Young (Allocation Failure) 58M->58M(71M) 14.300ms
[2020-08-10T13:18:23.607+0300][2043.147s][info ][gc] GC(67463) Pause Young (Allocation Failure) 59M->59M(71M) 18.356ms
[2020-08-10T13:18:23.621+0300][2043.162s][info ][gc] GC(67464) Pause Young (Allocation Failure) 60M->60M(71M) 14.095ms
[2020-08-10T13:18:23.636+0300][2043.176s][info ][gc] GC(67465) Pause Young (Allocation Failure) 61M->61M(71M) 14.085ms
[2020-08-10T13:18:23.650+0300][2043.191s][info ][gc] GC(67466) Pause Young (Allocation Failure) 62M->62M(71M) 13.975ms
[2020-08-10T13:18:23.665+0300][2043.205s][info ][gc] GC(67467) Pause Young (Allocation Failure) 63M->63M(71M) 13.833ms
[2020-08-10T13:18:23.679+0300][2043.219s][info ][gc] GC(67468) Pause Young (Allocation Failure) 64M->63M(71M) 13.920ms
[2020-08-10T13:18:23.694+0300][2043.234s][info ][gc] GC(67469) Pause Young (Allocation Failure) 64M->64M(71M) 13.945ms
[2020-08-10T13:18:23.709+0300][2043.249s][info ][gc] GC(67470) Pause Young (Allocation Failure) 65M->65M(71M) 14.666ms
[2020-08-10T13:18:23.723+0300][2043.264s][info ][gc] GC(67471) Pause Young (Allocation Failure) 66M->66M(71M) 14.433ms
[2020-08-10T13:18:23.738+0300][2043.278s][info ][gc] GC(67472) Pause Young (Allocation Failure) 67M->67M(71M) 14.295ms
[2020-08-10T13:18:23.766+0300][2043.306s][info ][gc] GC(67473) Pause Young (Allocation Failure) 68M->68M(71M) 27.161ms
[2020-08-10T13:18:23.941+0300][2043.481s][debug][gc] GC(67474) Expanding ParOldGen from 70656K by 11264K to 81920K
[2020-08-10T13:18:23.941+0300][2043.481s][info ][gc] GC(67474) Pause Full (Ergonomics) 68M->68M(82M) 174.543ms
[2020-08-10T13:18:23.955+0300][2043.495s][info ][gc] GC(67475) Pause Young (Allocation Failure) 69M->69M(82M) 13.449ms
[2020-08-10T13:18:23.969+0300][2043.510s][info ][gc] GC(67476) Pause Young (Allocation Failure) 70M->70M(82M) 14.032ms
[2020-08-10T13:18:23.984+0300][2043.524s][info ][gc] GC(67477) Pause Young (Allocation Failure) 71M->71M(82M) 14.060ms
[2020-08-10T13:18:23.999+0300][2043.539s][info ][gc] GC(67478) Pause Young (Allocation Failure) 72M->72M(82M) 13.895ms
[2020-08-10T13:18:24.013+0300][2043.553s][info ][gc] GC(67479) Pause Young (Allocation Failure) 73M->73M(82M) 14.007ms
[2020-08-10T13:18:24.028+0300][2043.568s][info ][gc] GC(67480) Pause Young (Allocation Failure) 74M->74M(82M) 14.209ms
[2020-08-10T13:18:24.043+0300][2043.583s][info ][gc] GC(67481) Pause Young (Allocation Failure) 75M->75M(82M) 13.799ms
[2020-08-10T13:18:24.057+0300][2043.597s][info ][gc] GC(67482) Pause Young (Allocation Failure) 76M->76M(82M) 13.831ms
[2020-08-10T13:18:24.071+0300][2043.612s][info ][gc] GC(67483) Pause Young (Allocation Failure) 77M->77M(82M) 13.983ms
[2020-08-10T13:18:24.086+0300][2043.626s][info ][gc] GC(67484) Pause Young (Allocation Failure) 78M->78M(82M) 14.031ms
[2020-08-10T13:18:24.101+0300][2043.641s][info ][gc] GC(67485) Pause Young (Allocation Failure) 79M->79M(82M) 14.053ms
[2020-08-10T13:18:24.115+0300][2043.655s][info ][gc] GC(67486) Pause Young (Allocation Failure) 80M->80M(82M) 13.882ms
[2020-08-10T13:18:24.299+0300][2043.839s][debug][gc] GC(67487) Expanding ParOldGen from 81920K by 11264K to 93184K
[2020-08-10T13:18:24.299+0300][2043.839s][info ][gc] GC(67487) Pause Full (Ergonomics) 80M->80M(93M) 183.838ms
[2020-08-10T13:18:24.332+0300][2043.872s][info ][gc] GC(67488) Pause Young (Allocation Failure) 81M->81M(93M) 32.142ms
[2020-08-10T13:18:24.347+0300][2043.888s][info ][gc] GC(67489) Pause Young (Allocation Failure) 82M->81M(93M) 14.491ms
[2020-08-10T13:18:24.363+0300][2043.903s][info ][gc] GC(67490) Pause Young (Allocation Failure) 82M->82M(93M) 14.491ms
[2020-08-10T13:18:24.378+0300][2043.918s][info ][gc] GC(67491) Pause Young (Allocation Failure) 83M->83M(93M) 14.533ms
[2020-08-10T13:18:24.397+0300][2043.938s][info ][gc] GC(67492) Pause Young (Allocation Failure) 84M->84M(93M) 18.471ms
[2020-08-10T13:18:24.412+0300][2043.953s][info ][gc] GC(67493) Pause Young (Allocation Failure) 85M->85M(93M) 14.182ms
[2020-08-10T13:18:24.441+0300][2043.982s][info ][gc] GC(67494) Pause Young (Allocation Failure) 86M->86M(93M) 27.865ms
[2020-08-10T13:18:24.459+0300][2043.999s][info ][gc] GC(67495) Pause Young (Allocation Failure) 87M->87M(93M) 17.005ms
[2020-08-10T13:18:24.474+0300][2044.014s][info ][gc] GC(67496) Pause Young (Allocation Failure) 88M->88M(93M) 14.457ms
[2020-08-10T13:18:24.489+0300][2044.029s][info ][gc] GC(67497) Pause Young (Allocation Failure) 89M->89M(93M) 14.474ms
[2020-08-10T13:18:24.505+0300][2044.045s][info ][gc] GC(67498) Pause Young (Allocation Failure) 90M->90M(93M) 14.621ms
[2020-08-10T13:18:24.521+0300][2044.061s][info ][gc] GC(67499) Pause Young (Allocation Failure) 91M->91M(93M) 15.421ms
[2020-08-10T13:18:24.768+0300][2044.308s][debug][gc] GC(67500) Expanding ParOldGen from 93184K by 11776K to 104960K
[2020-08-10T13:18:24.768+0300][2044.309s][info ][gc] GC(67500) Pause Full (Ergonomics) 91M->91M(105M) 247.643ms
[2020-08-10T13:18:24.804+0300][2044.344s][info ][gc] GC(67501) Pause Young (Allocation Failure) 92M->92M(105M) 35.192ms
[2020-08-10T13:18:24.820+0300][2044.360s][info ][gc] GC(67502) Pause Young (Allocation Failure) 93M->93M(105M) 14.881ms
[2020-08-10T13:18:24.836+0300][2044.376s][info ][gc] GC(67503) Pause Young (Allocation Failure) 94M->94M(105M) 14.709ms
[2020-08-10T13:18:24.851+0300][2044.392s][info ][gc] GC(67504) Pause Young (Allocation Failure) 95M->95M(105M) 14.838ms
[2020-08-10T13:18:24.866+0300][2044.407s][info ][gc] GC(67505) Pause Young (Allocation Failure) 96M->96M(105M) 14.443ms
[2020-08-10T13:18:24.884+0300][2044.424s][info ][gc] GC(67506) Pause Young (Allocation Failure) 97M->97M(105M) 16.562ms
[2020-08-10T13:18:24.903+0300][2044.443s][info ][gc] GC(67507) Pause Young (Allocation Failure) 98M->98M(105M) 18.537ms
[2020-08-10T13:18:24.919+0300][2044.459s][info ][gc] GC(67508) Pause Young (Allocation Failure) 99M->99M(105M) 15.166ms
[2020-08-10T13:18:24.935+0300][2044.475s][info ][gc] GC(67509) Pause Young (Allocation Failure) 100M->99M(105M) 15.701ms
[2020-08-10T13:18:24.951+0300][2044.491s][info ][gc] GC(67510) Pause Young (Allocation Failure) 100M->100M(105M) 15.735ms
[2020-08-10T13:18:24.967+0300][2044.507s][info ][gc] GC(67511) Pause Young (Allocation Failure) 101M->101M(105M) 15.826ms
[2020-08-10T13:18:24.983+0300][2044.523s][info ][gc] GC(67512) Pause Young (Allocation Failure) 102M->102M(105M) 15.234ms
[2020-08-10T13:18:25.282+0300][2044.822s][debug][gc] GC(67513) Expanding ParOldGen from 104960K by 11264K to 116224K
[2020-08-10T13:18:25.282+0300][2044.823s][info ][gc] GC(67513) Pause Full (Ergonomics) 102M->102M(116M) 299.527ms
[2020-08-10T13:18:25.324+0300][2044.865s][info ][gc] GC(67514) Pause Young (Allocation Failure) 103M->103M(116M) 41.704ms
[2020-08-10T13:18:25.341+0300][2044.881s][info ][gc] GC(67515) Pause Young (Allocation Failure) 104M->104M(116M) 15.950ms
[2020-08-10T13:18:25.358+0300][2044.898s][info ][gc] GC(67516) Pause Young (Allocation Failure) 105M->105M(116M) 15.840ms
[2020-08-10T13:18:25.380+0300][2044.920s][info ][gc] GC(67517) Pause Young (Allocation Failure) 106M->106M(116M) 21.463ms
[2020-08-10T13:18:25.400+0300][2044.940s][info ][gc] GC(67518) Pause Young (Allocation Failure) 107M->107M(116M) 19.551ms
[2020-08-10T13:18:25.422+0300][2044.962s][info ][gc] GC(67519) Pause Young (Allocation Failure) 108M->108M(116M) 21.707ms
[2020-08-10T13:18:25.438+0300][2044.979s][info ][gc] GC(67520) Pause Young (Allocation Failure) 109M->109M(116M) 16.014ms
[2020-08-10T13:18:25.455+0300][2044.995s][info ][gc] GC(67521) Pause Young (Allocation Failure) 110M->110M(116M) 16.033ms
[2020-08-10T13:18:25.471+0300][2045.012s][info ][gc] GC(67522) Pause Young (Allocation Failure) 111M->111M(116M) 15.749ms
[2020-08-10T13:18:25.488+0300][2045.028s][info ][gc] GC(67523) Pause Young (Allocation Failure) 112M->112M(116M) 15.833ms
[2020-08-10T13:18:25.504+0300][2045.045s][info ][gc] GC(67524) Pause Young (Allocation Failure) 113M->113M(116M) 16.318ms
[2020-08-10T13:18:25.521+0300][2045.062s][info ][gc] GC(67525) Pause Young (Allocation Failure) 114M->114M(116M) 16.295ms
[2020-08-10T13:18:25.860+0300][2045.401s][debug][gc] GC(67526) Expanding ParOldGen from 116224K by 11264K to 127488K
[2020-08-10T13:18:25.861+0300][2045.401s][info ][gc] GC(67526) Pause Full (Ergonomics) 114M->113M(127M) 339.130ms
[2020-08-10T13:18:25.919+0300][2045.459s][info ][gc] GC(67527) Pause Young (Allocation Failure) 114M->114M(127M) 57.534ms
[2020-08-10T13:18:25.945+0300][2045.485s][info ][gc] GC(67528) Pause Young (Allocation Failure) 115M->115M(127M) 25.473ms
[2020-08-10T13:18:25.963+0300][2045.503s][info ][gc] GC(67529) Pause Young (Allocation Failure) 116M->116M(127M) 17.442ms
[2020-08-10T13:18:25.981+0300][2045.521s][info ][gc] GC(67530) Pause Young (Allocation Failure) 117M->117M(127M) 17.326ms
[2020-08-10T13:18:26.004+0300][2045.545s][info ][gc] GC(67531) Pause Young (Allocation Failure) 118M->118M(127M) 22.340ms
[2020-08-10T13:18:26.022+0300][2045.562s][info ][gc] GC(67532) Pause Young (Allocation Failure) 119M->119M(127M) 17.348ms
[2020-08-10T13:18:26.040+0300][2045.580s][info ][gc] GC(67533) Pause Young (Allocation Failure) 120M->120M(127M) 17.229ms
[2020-08-10T13:18:26.057+0300][2045.598s][info ][gc] GC(67534) Pause Young (Allocation Failure) 121M->121M(127M) 17.349ms
[2020-08-10T13:18:26.080+0300][2045.621s][info ][gc] GC(67535) Pause Young (Allocation Failure) 122M->122M(127M) 22.383ms
[2020-08-10T13:18:26.098+0300][2045.639s][info ][gc] GC(67536) Pause Young (Allocation Failure) 123M->123M(127M) 17.498ms
[2020-08-10T13:18:26.116+0300][2045.657s][info ][gc] GC(67537) Pause Young (Allocation Failure) 124M->124M(127M) 17.622ms
[2020-08-10T13:18:26.517+0300][2046.057s][debug][gc] GC(67538) Expanding ParOldGen from 127488K by 11264K to 138752K
[2020-08-10T13:18:26.517+0300][2046.057s][info ][gc] GC(67538) Pause Full (Ergonomics) 124M->124M(138M) 400.312ms
[2020-08-10T13:18:26.539+0300][2046.080s][info ][gc] GC(67539) Pause Young (Allocation Failure) 125M->125M(138M) 22.004ms
[2020-08-10T13:18:26.573+0300][2046.113s][info ][gc] GC(67540) Pause Young (Allocation Failure) 126M->126M(138M) 33.183ms
[2020-08-10T13:18:26.601+0300][2046.141s][info ][gc] GC(67541) Pause Young (Allocation Failure) 127M->127M(138M) 27.430ms
[2020-08-10T13:18:26.629+0300][2046.170s][info ][gc] GC(67542) Pause Young (Allocation Failure) 128M->128M(138M) 28.036ms
[2020-08-10T13:18:26.648+0300][2046.188s][info ][gc] GC(67543) Pause Young (Allocation Failure) 129M->129M(138M) 17.795ms
[2020-08-10T13:18:26.667+0300][2046.207s][info ][gc] GC(67544) Pause Young (Allocation Failure) 130M->130M(138M) 18.095ms
[2020-08-10T13:18:26.685+0300][2046.225s][info ][gc] GC(67545) Pause Young (Allocation Failure) 131M->131M(138M) 17.875ms
[2020-08-10T13:18:26.707+0300][2046.248s][info ][gc] GC(67546) Pause Young (Allocation Failure) 132M->132M(138M) 21.994ms
[2020-08-10T13:18:26.727+0300][2046.268s][info ][gc] GC(67547) Pause Young (Allocation Failure) 133M->133M(138M) 18.929ms
[2020-08-10T13:18:26.759+0300][2046.299s][info ][gc] GC(67548) Pause Young (Allocation Failure) 134M->133M(138M) 31.027ms
[2020-08-10T13:18:26.788+0300][2046.329s][info ][gc] GC(67549) Pause Young (Allocation Failure) 134M->134M(138M) 29.146ms
[2020-08-10T13:18:26.808+0300][2046.348s][info ][gc] GC(67550) Pause Young (Allocation Failure) 135M->135M(138M) 18.494ms
[2020-08-10T13:18:27.272+0300][2046.813s][debug][gc] GC(67551) Expanding ParOldGen from 138752K by 11264K to 150016K
[2020-08-10T13:18:27.272+0300][2046.813s][info ][gc] GC(67551) Pause Full (Ergonomics) 135M->135M(149M) 464.744ms
[2020-08-10T13:18:27.314+0300][2046.854s][info ][gc] GC(67552) Pause Young (Allocation Failure) 136M->136M(149M) 41.042ms
[2020-08-10T13:18:27.333+0300][2046.874s][info ][gc] GC(67553) Pause Young (Allocation Failure) 137M->137M(149M) 18.892ms
[2020-08-10T13:18:27.386+0300][2046.926s][info ][gc] GC(67554) Pause Young (Allocation Failure) 138M->138M(149M) 51.925ms
[2020-08-10T13:18:27.420+0300][2046.960s][info ][gc] GC(67555) Pause Young (Allocation Failure) 139M->139M(149M) 33.366ms
[2020-08-10T13:18:27.445+0300][2046.985s][info ][gc] GC(67556) Pause Young (Allocation Failure) 140M->140M(149M) 24.388ms
[2020-08-10T13:18:27.464+0300][2047.005s][info ][gc] GC(67557) Pause Young (Allocation Failure) 141M->141M(149M) 18.514ms
[2020-08-10T13:18:27.496+0300][2047.036s][info ][gc] GC(67558) Pause Young (Allocation Failure) 142M->142M(149M) 31.153ms
[2020-08-10T13:18:27.529+0300][2047.069s][info ][gc] GC(67559) Pause Young (Allocation Failure) 143M->143M(149M) 32.327ms
[2020-08-10T13:18:27.560+0300][2047.100s][info ][gc] GC(67560) Pause Young (Allocation Failure) 144M->144M(149M) 30.788ms
[2020-08-10T13:18:27.593+0300][2047.133s][info ][gc] GC(67561) Pause Young (Allocation Failure) 145M->145M(149M) 32.178ms
[2020-08-10T13:18:27.612+0300][2047.153s][info ][gc] GC(67562) Pause Young (Allocation Failure) 146M->146M(149M) 19.170ms
[2020-08-10T13:18:27.613+0300][2047.153s][debug][gc] Expanding ParOldGen from 150016K by 19968K to 169984K
[2020-08-10T13:18:27.652+0300][2047.193s][info ][gc] GC(67563) Pause Young (Allocation Failure) 166M->166M(168M) 30.826ms
[2020-08-10T13:18:27.705+0300][2047.245s][debug][gc] GC(67564) Shrinking ParOldGen from 169984K by 124928K to 45056K
[2020-08-10T13:18:27.705+0300][2047.245s][info ][gc] GC(67564) Pause Full (Ergonomics) 166M->32M(46M) 52.340ms
[2020-08-10T13:18:27.718+0300][2047.259s][info ][gc] GC(67565) Pause Young (Allocation Failure) 33M->33M(46M) 13.170ms
[2020-08-10T13:18:27.732+0300][2047.273s][info ][gc] GC(67566) Pause Young (Allocation Failure) 34M->34M(46M) 13.488ms
[2020-08-10T13:18:27.748+0300][2047.289s][info ][gc] GC(67567) Pause Young (Allocation Failure) 35M->35M(46M) 15.746ms
[2020-08-10T13:18:27.763+0300][2047.304s][info ][gc] GC(67568) Pause Young (Allocation Failure) 36M->36M(46M) 14.147ms
[2020-08-10T13:18:27.778+0300][2047.318s][info ][gc] GC(67569) Pause Young (Allocation Failure) 37M->37M(46M) 13.860ms
[2020-08-10T13:18:27.795+0300][2047.336s][info ][gc] GC(67570) Pause Young (Allocation Failure) 38M->38M(46M) 17.361ms
[2020-08-10T13:18:27.810+0300][2047.350s][info ][gc] GC(67571) Pause Young (Allocation Failure) 39M->39M(46M) 14.002ms
[2020-08-10T13:18:27.825+0300][2047.365s][info ][gc] GC(67572) Pause Young (Allocation Failure) 40M->40M(46M) 14.052ms
[2020-08-10T13:18:27.839+0300][2047.379s][info ][gc] GC(67573) Pause Young (Allocation Failure) 41M->41M(46M) 14.029ms
[2020-08-10T13:18:27.854+0300][2047.394s][info ][gc] GC(67574) Pause Young (Allocation Failure) 42M->42M(46M) 13.995ms
[2020-08-10T13:18:27.868+0300][2047.408s][info ][gc] GC(67575) Pause Young (Allocation Failure) 43M->43M(46M) 13.756ms
[2020-08-10T13:18:27.883+0300][2047.423s][info ][gc] GC(67576) Pause Young (Allocation Failure) 44M->44M(46M) 14.114ms
[2020-08-10T13:18:27.975+0300][2047.516s][debug][gc] GC(67577) Expanding ParOldGen from 45056K by 11776K to 56832K
[2020-08-10T13:18:27.976+0300][2047.516s][info ][gc] GC(67577) Pause Full (Ergonomics) 44M->43M(58M) 92.708ms
[2020-08-10T13:18:27.990+0300][2047.530s][info ][gc] GC(67578) Pause Young (Allocation Failure) 44M->44M(58M) 13.714ms
[2020-08-10T13:18:28.005+0300][2047.545s][info ][gc] GC(67579) Pause Young (Allocation Failure) 45M->45M(58M) 13.951ms
[2020-08-10T13:18:28.020+0300][2047.560s][info ][gc] GC(67580) Pause Young (Allocation Failure) 46M->46M(58M) 14.252ms
[2020-08-10T13:18:28.034+0300][2047.575s][info ][gc] GC(67581) Pause Young (Allocation Failure) 47M->47M(58M) 14.148ms
[2020-08-10T13:18:28.049+0300][2047.589s][info ][gc] GC(67582) Pause Young (Allocation Failure) 48M->48M(58M) 14.099ms
[2020-08-10T13:18:28.063+0300][2047.604s][info ][gc] GC(67583) Pause Young (Allocation Failure) 49M->49M(58M) 14.258ms
[2020-08-10T13:18:28.078+0300][2047.618s][info ][gc] GC(67584) Pause Young (Allocation Failure) 50M->50M(57M) 14.054ms
[2020-08-10T13:18:28.092+0300][2047.633s][info ][gc] GC(67585) Pause Young (Allocation Failure) 51M->51M(57M) 14.127ms
[2020-08-10T13:18:28.107+0300][2047.647s][info ][gc] GC(67586) Pause Young (Allocation Failure) 52M->52M(57M) 14.039ms
[2020-08-10T13:18:28.121+0300][2047.662s][info ][gc] GC(67587) Pause Young (Allocation Failure) 53M->53M(57M) 13.913ms
[2020-08-10T13:18:28.135+0300][2047.676s][info ][gc] GC(67588) Pause Young (Allocation Failure) 54M->54M(57M) 13.816ms
[2020-08-10T13:18:28.150+0300][2047.690s][info ][gc] GC(67589) Pause Young (Allocation Failure) 55M->55M(57M) 13.817ms
[2020-08-10T13:18:28.281+0300][2047.822s][debug][gc] GC(67590) Expanding ParOldGen from 56832K by 11264K to 68096K
[2020-08-10T13:18:28.282+0300][2047.822s][info ][gc] GC(67590) Pause Full (Ergonomics) 55M->55M(68M) 131.813ms
[2020-08-10T13:18:28.299+0300][2047.840s][info ][gc] GC(67591) Pause Young (Allocation Failure) 56M->56M(68M) 17.074ms
[2020-08-10T13:18:28.314+0300][2047.855s][info ][gc] GC(67592) Pause Young (Allocation Failure) 57M->57M(68M) 14.054ms
[2020-08-10T13:18:28.329+0300][2047.869s][info ][gc] GC(67593) Pause Young (Allocation Failure) 58M->58M(68M) 14.006ms
[2020-08-10T13:18:28.343+0300][2047.884s][info ][gc] GC(67594) Pause Young (Allocation Failure) 59M->59M(68M) 14.153ms
[2020-08-10T13:18:28.362+0300][2047.902s][info ][gc] GC(67595) Pause Young (Allocation Failure) 60M->60M(68M) 17.719ms
[2020-08-10T13:18:28.376+0300][2047.917s][info ][gc] GC(67596) Pause Young (Allocation Failure) 61M->61M(68M) 13.973ms
[2020-08-10T13:18:28.391+0300][2047.932s][info ][gc] GC(67597) Pause Young (Allocation Failure) 62M->62M(68M) 14.351ms
[2020-08-10T13:18:28.406+0300][2047.947s][info ][gc] GC(67598) Pause Young (Allocation Failure) 63M->62M(68M) 14.454ms
[2020-08-10T13:18:28.421+0300][2047.962s][info ][gc] GC(67599) Pause Young (Allocation Failure) 63M->63M(68M) 14.076ms
[2020-08-10T13:18:28.446+0300][2047.987s][info ][gc] GC(67600) Pause Young (Allocation Failure) 64M->64M(68M) 23.921ms
[2020-08-10T13:18:28.460+0300][2048.001s][info ][gc] GC(67601) Pause Young (Allocation Failure) 65M->65M(68M) 13.896ms
[2020-08-10T13:18:28.475+0300][2048.016s][info ][gc] GC(67602) Pause Young (Allocation Failure) 66M->66M(68M) 14.421ms
[2020-08-10T13:18:28.649+0300][2048.189s][debug][gc] GC(67603) Expanding ParOldGen from 68096K by 11264K to 79360K
[2020-08-10T13:18:28.649+0300][2048.189s][info ][gc] GC(67603) Pause Full (Ergonomics) 66M->66M(79M) 173.154ms
[2020-08-10T13:18:28.677+0300][2048.218s][info ][gc] GC(67604) Pause Young (Allocation Failure) 67M->67M(79M) 27.527ms
[2020-08-10T13:18:28.713+0300][2048.253s][info ][gc] GC(67605) Pause Young (Allocation Failure) 68M->68M(79M) 35.156ms
[2020-08-10T13:18:28.736+0300][2048.276s][info ][gc] GC(67606) Pause Young (Allocation Failure) 69M->69M(79M) 22.447ms
[2020-08-10T13:18:28.751+0300][2048.291s][info ][gc] GC(67607) Pause Young (Allocation Failure) 70M->70M(79M) 14.331ms
[2020-08-10T13:18:28.766+0300][2048.306s][info ][gc] GC(67608) Pause Young (Allocation Failure) 71M->71M(79M) 14.392ms
[2020-08-10T13:18:28.781+0300][2048.321s][info ][gc] GC(67609) Pause Young (Allocation Failure) 72M->72M(79M) 14.049ms
[2020-08-10T13:18:28.795+0300][2048.336s][info ][gc] GC(67610) Pause Young (Allocation Failure) 73M->73M(79M) 14.239ms
[2020-08-10T13:18:28.818+0300][2048.359s][info ][gc] GC(67611) Pause Young (Allocation Failure) 74M->74M(79M) 22.161ms
[2020-08-10T13:18:28.836+0300][2048.377s][info ][gc] GC(67612) Pause Young (Allocation Failure) 75M->75M(79M) 16.903ms
[2020-08-10T13:18:28.851+0300][2048.391s][info ][gc] GC(67613) Pause Young (Allocation Failure) 76M->76M(79M) 14.312ms
[2020-08-10T13:18:28.869+0300][2048.410s][info ][gc] GC(67614) Pause Young (Allocation Failure) 77M->77M(79M) 17.676ms
[2020-08-10T13:18:28.887+0300][2048.428s][info ][gc] GC(67615) Pause Young (Allocation Failure) 78M->78M(79M) 17.833ms
[2020-08-10T13:18:29.084+0300][2048.624s][debug][gc] GC(67616) Expanding ParOldGen from 79360K by 11264K to 90624K
[2020-08-10T13:18:29.084+0300][2048.624s][info ][gc] GC(67616) Pause Full (Ergonomics) 78M->77M(90M) 196.394ms
[2020-08-10T13:18:29.117+0300][2048.658s][info ][gc] GC(67617) Pause Young (Allocation Failure) 78M->78M(90M) 32.952ms
[2020-08-10T13:18:29.132+0300][2048.673s][info ][gc] GC(67618) Pause Young (Allocation Failure) 79M->79M(90M) 14.289ms
[2020-08-10T13:18:29.147+0300][2048.687s][info ][gc] GC(67619) Pause Young (Allocation Failure) 80M->80M(90M) 14.237ms
[2020-08-10T13:18:29.162+0300][2048.702s][info ][gc] GC(67620) Pause Young (Allocation Failure) 81M->81M(90M) 14.318ms
[2020-08-10T13:18:29.177+0300][2048.717s][info ][gc] GC(67621) Pause Young (Allocation Failure) 82M->82M(90M) 14.348ms
[2020-08-10T13:18:29.192+0300][2048.732s][info ][gc] GC(67622) Pause Young (Allocation Failure) 83M->83M(90M) 14.582ms
[2020-08-10T13:18:29.206+0300][2048.747s][info ][gc] GC(67623) Pause Young (Allocation Failure) 84M->84M(90M) 14.202ms
[2020-08-10T13:18:29.224+0300][2048.765s][info ][gc] GC(67624) Pause Young (Allocation Failure) 85M->85M(90M) 17.942ms
[2020-08-10T13:18:29.240+0300][2048.780s][info ][gc] GC(67625) Pause Young (Allocation Failure) 86M->86M(90M) 14.615ms
[2020-08-10T13:18:29.255+0300][2048.795s][info ][gc] GC(67626) Pause Young (Allocation Failure) 87M->87M(90M) 14.552ms
[2020-08-10T13:18:29.269+0300][2048.810s][info ][gc] GC(67627) Pause Young (Allocation Failure) 88M->88M(90M) 14.253ms
[2020-08-10T13:18:29.531+0300][2049.071s][debug][gc] GC(67628) Expanding ParOldGen from 90624K by 11264K to 101888K
[2020-08-10T13:18:29.531+0300][2049.072s][info ][gc] GC(67628) Pause Full (Ergonomics) 88M->88M(101M) 261.741ms
[2020-08-10T13:18:29.545+0300][2049.086s][info ][gc] GC(67629) Pause Young (Allocation Failure) 89M->89M(101M) 13.590ms
[2020-08-10T13:18:29.560+0300][2049.100s][info ][gc] GC(67630) Pause Young (Allocation Failure) 90M->90M(101M) 14.262ms
[2020-08-10T13:18:29.575+0300][2049.116s][info ][gc] GC(67631) Pause Young (Allocation Failure) 91M->91M(101M) 14.345ms
[2020-08-10T13:18:29.591+0300][2049.131s][info ][gc] GC(67632) Pause Young (Allocation Failure) 92M->92M(101M) 14.429ms
[2020-08-10T13:18:29.606+0300][2049.146s][info ][gc] GC(67633) Pause Young (Allocation Failure) 93M->93M(101M) 14.455ms
[2020-08-10T13:18:29.621+0300][2049.161s][info ][gc] GC(67634) Pause Young (Allocation Failure) 94M->94M(101M) 14.548ms
[2020-08-10T13:18:29.636+0300][2049.176s][info ][gc] GC(67635) Pause Young (Allocation Failure) 95M->95M(101M) 14.369ms
[2020-08-10T13:18:29.651+0300][2049.191s][info ][gc] GC(67636) Pause Young (Allocation Failure) 96M->96M(101M) 14.337ms
[2020-08-10T13:18:29.666+0300][2049.206s][info ][gc] GC(67637) Pause Young (Allocation Failure) 97M->97M(101M) 14.302ms
[2020-08-10T13:18:29.680+0300][2049.221s][info ][gc] GC(67638) Pause Young (Allocation Failure) 98M->98M(101M) 14.312ms
[2020-08-10T13:18:29.696+0300][2049.236s][info ][gc] GC(67639) Pause Young (Allocation Failure) 99M->98M(101M) 14.309ms
[2020-08-10T13:18:29.710+0300][2049.251s][info ][gc] GC(67640) Pause Young (Allocation Failure) 99M->99M(101M) 13.919ms
[2020-08-10T13:18:30.028+0300][2049.568s][debug][gc] GC(67641) Expanding ParOldGen from 101888K by 11264K to 113152K
[2020-08-10T13:18:30.028+0300][2049.568s][info ][gc] GC(67641) Pause Full (Ergonomics) 99M->99M(112M) 317.372ms
[2020-08-10T13:18:30.041+0300][2049.582s][info ][gc] GC(67642) Pause Young (Allocation Failure) 99M->99M(112M) 13.408ms
[2020-08-10T13:18:30.056+0300][2049.596s][info ][gc] GC(67643) Pause Young (Allocation Failure) 100M->100M(112M) 13.608ms
[2020-08-10T13:18:30.070+0300][2049.610s][info ][gc] GC(67644) Pause Young (Allocation Failure) 100M->100M(112M) 13.692ms
[2020-08-10T13:18:30.084+0300][2049.624s][info ][gc] GC(67645) Pause Young (Allocation Failure) 101M->100M(112M) 13.398ms
[2020-08-10T13:18:30.111+0300][2049.652s][info ][gc] GC(67646) Pause Young (Allocation Failure) 101M->101M(112M) 27.058ms
[2020-08-10T13:18:30.126+0300][2049.666s][info ][gc] GC(67647) Pause Young (Allocation Failure) 101M->101M(112M) 13.882ms
[2020-08-10T13:18:30.140+0300][2049.681s][info ][gc] GC(67648) Pause Young (Allocation Failure) 102M->102M(112M) 13.919ms
[2020-08-10T13:18:30.160+0300][2049.700s][info ][gc] GC(67649) Pause Young (Allocation Failure) 102M->102M(112M) 18.720ms
[2020-08-10T13:18:30.174+0300][2049.715s][info ][gc] GC(67650) Pause Young (Allocation Failure) 103M->103M(112M) 13.689ms
[2020-08-10T13:18:30.188+0300][2049.729s][info ][gc] GC(67651) Pause Young (Allocation Failure) 103M->103M(112M) 13.606ms
[2020-08-10T13:18:30.202+0300][2049.743s][info ][gc] GC(67652) Pause Young (Allocation Failure) 104M->104M(112M) 13.542ms
[2020-08-10T13:18:30.216+0300][2049.757s][info ][gc] GC(67653) Pause Young (Allocation Failure) 104M->104M(112M) 13.626ms
[2020-08-10T13:18:30.230+0300][2049.771s][info ][gc] GC(67654) Pause Young (Allocation Failure) 105M->105M(112M) 13.634ms
[2020-08-10T13:18:30.244+0300][2049.785s][info ][gc] GC(67655) Pause Young (Allocation Failure) 105M->105M(112M) 13.572ms
[2020-08-10T13:18:30.262+0300][2049.803s][info ][gc] GC(67656) Pause Young (Allocation Failure) 106M->106M(112M) 17.325ms
[2020-08-10T13:18:30.277+0300][2049.817s][info ][gc] GC(67657) Pause Young (Allocation Failure) 106M->106M(111M) 14.073ms
[2020-08-10T13:18:30.297+0300][2049.838s][info ][gc] GC(67658) Pause Young (Allocation Failure) 106M->106M(112M) 20.330ms
[2020-08-10T13:18:30.312+0300][2049.852s][info ][gc] GC(67659) Pause Young (Allocation Failure) 107M->107M(112M) 13.736ms
[2020-08-10T13:18:30.326+0300][2049.866s][info ][gc] GC(67660) Pause Young (Allocation Failure) 107M->107M(112M) 13.723ms
[2020-08-10T13:18:30.340+0300][2049.881s][info ][gc] GC(67661) Pause Young (Allocation Failure) 108M->108M(112M) 13.895ms
[2020-08-10T13:18:30.354+0300][2049.895s][info ][gc] GC(67662) Pause Young (Allocation Failure) 108M->108M(112M) 13.520ms
[2020-08-10T13:18:30.368+0300][2049.909s][info ][gc] GC(67663) Pause Young (Allocation Failure) 109M->109M(112M) 13.899ms
[2020-08-10T13:18:30.383+0300][2049.924s][info ][gc] GC(67664) Pause Young (Allocation Failure) 109M->109M(112M) 13.831ms
[2020-08-10T13:18:30.397+0300][2049.938s][info ][gc] GC(67665) Pause Young (Allocation Failure) 110M->110M(112M) 13.826ms
[2020-08-10T13:18:30.412+0300][2049.952s][info ][gc] GC(67666) Pause Young (Allocation Failure) 110M->110M(112M) 13.582ms
[2020-08-10T13:18:30.762+0300][2050.303s][debug][gc] GC(67667) Expanding ParOldGen from 113152K by 10752K to 123904K
[2020-08-10T13:18:30.762+0300][2050.303s][info ][gc] GC(67667) Pause Full (Ergonomics) 110M->110M(122M) 350.385ms
[2020-08-10T13:18:30.784+0300][2050.325s][info ][gc] GC(67668) Pause Young (Allocation Failure) 110M->110M(122M) 21.819ms
[2020-08-10T13:18:30.799+0300][2050.339s][info ][gc] GC(67669) Pause Young (Allocation Failure) 111M->111M(122M) 13.683ms
[2020-08-10T13:18:30.816+0300][2050.356s][info ][gc] GC(67670) Pause Young (Allocation Failure) 111M->111M(122M) 16.354ms
[2020-08-10T13:18:30.830+0300][2050.371s][info ][gc] GC(67671) Pause Young (Allocation Failure) 111M->111M(122M) 13.872ms
[2020-08-10T13:18:30.844+0300][2050.385s][info ][gc] GC(67672) Pause Young (Allocation Failure) 112M->112M(122M) 13.629ms
[2020-08-10T13:18:30.858+0300][2050.399s][info ][gc] GC(67673) Pause Young (Allocation Failure) 112M->112M(122M) 13.678ms
[2020-08-10T13:18:30.873+0300][2050.413s][info ][gc] GC(67674) Pause Young (Allocation Failure) 113M->113M(122M) 13.730ms
[2020-08-10T13:18:30.886+0300][2050.427s][info ][gc] GC(67675) Pause Young (Allocation Failure) 113M->113M(122M) 13.467ms
[2020-08-10T13:18:30.901+0300][2050.441s][info ][gc] GC(67676) Pause Young (Allocation Failure) 114M->114M(122M) 13.705ms
[2020-08-10T13:18:30.915+0300][2050.455s][info ][gc] GC(67677) Pause Young (Allocation Failure) 114M->114M(122M) 13.532ms
[2020-08-10T13:18:30.929+0300][2050.469s][info ][gc] GC(67678) Pause Young (Allocation Failure) 115M->115M(122M) 13.562ms
[2020-08-10T13:18:30.943+0300][2050.483s][info ][gc] GC(67679) Pause Young (Allocation Failure) 115M->115M(122M) 13.480ms
[2020-08-10T13:18:30.957+0300][2050.497s][info ][gc] GC(67680) Pause Young (Allocation Failure) 116M->116M(122M) 13.461ms
[2020-08-10T13:18:30.971+0300][2050.511s][info ][gc] GC(67681) Pause Young (Allocation Failure) 116M->116M(122M) 13.451ms
[2020-08-10T13:18:30.990+0300][2050.530s][info ][gc] GC(67682) Pause Young (Allocation Failure) 116M->116M(122M) 18.231ms
[2020-08-10T13:18:31.004+0300][2050.545s][info ][gc] GC(67683) Pause Young (Allocation Failure) 117M->117M(122M) 13.761ms
[2020-08-10T13:18:31.018+0300][2050.559s][info ][gc] GC(67684) Pause Young (Allocation Failure) 117M->117M(122M) 13.717ms
[2020-08-10T13:18:31.033+0300][2050.573s][info ][gc] GC(67685) Pause Young (Allocation Failure) 118M->118M(122M) 13.855ms
[2020-08-10T13:18:31.047+0300][2050.588s][info ][gc] GC(67686) Pause Young (Allocation Failure) 118M->118M(122M) 13.934ms
[2020-08-10T13:18:31.061+0300][2050.602s][info ][gc] GC(67687) Pause Young (Allocation Failure) 119M->119M(122M) 13.621ms
[2020-08-10T13:18:31.076+0300][2050.616s][info ][gc] GC(67688) Pause Young (Allocation Failure) 119M->119M(122M) 13.710ms
[2020-08-10T13:18:31.090+0300][2050.630s][info ][gc] GC(67689) Pause Young (Allocation Failure) 120M->120M(122M) 13.680ms
[2020-08-10T13:18:31.104+0300][2050.645s][info ][gc] GC(67690) Pause Young (Allocation Failure) 120M->120M(122M) 13.748ms
[2020-08-10T13:18:31.118+0300][2050.659s][info ][gc] GC(67691) Pause Young (Allocation Failure) 121M->121M(122M) 13.741ms
[2020-08-10T13:18:31.491+0300][2051.031s][debug][gc] GC(67692) Expanding ParOldGen from 123904K by 10752K to 134656K
[2020-08-10T13:18:31.491+0300][2051.031s][info ][gc] GC(67692) Pause Full (Ergonomics) 121M->120M(133M) 372.559ms
[2020-08-10T13:18:31.506+0300][2051.046s][info ][gc] GC(67693) Pause Young (Allocation Failure) 121M->121M(133M) 14.462ms
[2020-08-10T13:18:31.520+0300][2051.061s][info ][gc] GC(67694) Pause Young (Allocation Failure) 121M->121M(133M) 13.950ms
[2020-08-10T13:18:31.535+0300][2051.075s][info ][gc] GC(67695) Pause Young (Allocation Failure) 122M->121M(133M) 14.085ms
[2020-08-10T13:18:31.549+0300][2051.090s][info ][gc] GC(67696) Pause Young (Allocation Failure) 122M->122M(133M) 14.104ms
[2020-08-10T13:18:31.566+0300][2051.107s][info ][gc] GC(67697) Pause Young (Allocation Failure) 122M->122M(133M) 16.964ms
[2020-08-10T13:18:31.584+0300][2051.125s][info ][gc] GC(67698) Pause Young (Allocation Failure) 123M->123M(133M) 17.251ms
[2020-08-10T13:18:31.602+0300][2051.143s][info ][gc] GC(67699) Pause Young (Allocation Failure) 123M->123M(133M) 17.597ms
[2020-08-10T13:18:31.619+0300][2051.160s][info ][gc] GC(67700) Pause Young (Allocation Failure) 124M->124M(133M) 16.395ms
[2020-08-10T13:18:31.637+0300][2051.177s][info ][gc] GC(67701) Pause Young (Allocation Failure) 124M->124M(133M) 17.281ms
[2020-08-10T13:18:31.652+0300][2051.192s][info ][gc] GC(67702) Pause Young (Allocation Failure) 125M->125M(133M) 14.225ms
[2020-08-10T13:18:31.666+0300][2051.207s][info ][gc] GC(67703) Pause Young (Allocation Failure) 125M->125M(133M) 14.220ms
[2020-08-10T13:18:31.683+0300][2051.224s][info ][gc] GC(67704) Pause Young (Allocation Failure) 126M->126M(133M) 14.374ms
[2020-08-10T13:18:31.697+0300][2051.238s][info ][gc] GC(67705) Pause Young (Allocation Failure) 126M->126M(133M) 13.980ms
[2020-08-10T13:18:31.714+0300][2051.255s][info ][gc] GC(67706) Pause Young (Allocation Failure) 127M->126M(133M) 16.689ms
[2020-08-10T13:18:31.730+0300][2051.270s][info ][gc] GC(67707) Pause Young (Allocation Failure) 127M->127M(133M) 14.782ms
[2020-08-10T13:18:31.748+0300][2051.289s][info ][gc] GC(67708) Pause Young (Allocation Failure) 127M->127M(133M) 17.962ms
[2020-08-10T13:18:31.766+0300][2051.307s][info ][gc] GC(67709) Pause Young (Allocation Failure) 128M->128M(133M) 17.719ms
[2020-08-10T13:18:31.782+0300][2051.323s][info ][gc] GC(67710) Pause Young (Allocation Failure) 128M->128M(133M) 15.387ms
[2020-08-10T13:18:31.799+0300][2051.340s][info ][gc] GC(67711) Pause Young (Allocation Failure) 129M->129M(133M) 16.794ms
[2020-08-10T13:18:31.814+0300][2051.355s][info ][gc] GC(67712) Pause Young (Allocation Failure) 129M->129M(133M) 14.732ms
[2020-08-10T13:18:31.830+0300][2051.370s][info ][gc] GC(67713) Pause Young (Allocation Failure) 130M->130M(133M) 14.876ms
[2020-08-10T13:18:31.865+0300][2051.406s][info ][gc] GC(67714) Pause Young (Allocation Failure) 130M->130M(133M) 34.911ms
[2020-08-10T13:18:31.899+0300][2051.439s][info ][gc] GC(67715) Pause Young (Allocation Failure) 131M->131M(133M) 33.404ms
[2020-08-10T13:18:31.930+0300][2051.470s][info ][gc] GC(67716) Pause Young (Allocation Failure) 131M->131M(133M) 30.322ms
[2020-08-10T13:18:32.370+0300][2051.911s][debug][gc] GC(67717) Expanding ParOldGen from 134656K by 10752K to 145408K
[2020-08-10T13:18:32.371+0300][2051.911s][info ][gc] GC(67717) Pause Full (Ergonomics) 131M->131M(143M) 440.801ms
[2020-08-10T13:18:32.394+0300][2051.935s][info ][gc] GC(67718) Pause Young (Allocation Failure) 131M->131M(143M) 22.801ms
[2020-08-10T13:18:32.409+0300][2051.950s][info ][gc] GC(67719) Pause Young (Allocation Failure) 132M->132M(143M) 14.936ms
[2020-08-10T13:18:32.443+0300][2051.984s][info ][gc] GC(67720) Pause Young (Allocation Failure) 132M->132M(143M) 33.060ms
[2020-08-10T13:18:32.462+0300][2052.003s][info ][gc] GC(67721) Pause Young (Allocation Failure) 132M->132M(143M) 18.428ms
[2020-08-10T13:18:32.482+0300][2052.022s][info ][gc] GC(67722) Pause Young (Allocation Failure) 133M->133M(143M) 19.135ms
[2020-08-10T13:18:32.497+0300][2052.038s][info ][gc] GC(67723) Pause Young (Allocation Failure) 133M->133M(143M) 15.130ms
[2020-08-10T13:18:32.513+0300][2052.053s][info ][gc] GC(67724) Pause Young (Allocation Failure) 134M->134M(143M) 14.918ms
[2020-08-10T13:18:32.528+0300][2052.069s][info ][gc] GC(67725) Pause Young (Allocation Failure) 134M->134M(143M) 14.856ms
[2020-08-10T13:18:32.543+0300][2052.084s][info ][gc] GC(67726) Pause Young (Allocation Failure) 135M->135M(143M) 15.300ms
[2020-08-10T13:18:32.559+0300][2052.100s][info ][gc] GC(67727) Pause Young (Allocation Failure) 135M->135M(143M) 15.239ms
[2020-08-10T13:18:32.575+0300][2052.116s][info ][gc] GC(67728) Pause Young (Allocation Failure) 136M->136M(143M) 15.161ms
[2020-08-10T13:18:32.593+0300][2052.134s][info ][gc] GC(67729) Pause Young (Allocation Failure) 136M->136M(143M) 17.076ms
[2020-08-10T13:18:32.612+0300][2052.152s][info ][gc] GC(67730) Pause Young (Allocation Failure) 136M->136M(143M) 17.781ms
[2020-08-10T13:18:32.639+0300][2052.180s][info ][gc] GC(67731) Pause Young (Allocation Failure) 137M->137M(143M) 27.122ms
[2020-08-10T13:18:32.655+0300][2052.196s][info ][gc] GC(67732) Pause Young (Allocation Failure) 137M->137M(143M) 15.484ms
[2020-08-10T13:18:32.671+0300][2052.212s][info ][gc] GC(67733) Pause Young (Allocation Failure) 138M->138M(143M) 15.490ms
[2020-08-10T13:18:32.687+0300][2052.228s][info ][gc] GC(67734) Pause Young (Allocation Failure) 138M->138M(143M) 15.347ms
[2020-08-10T13:18:32.703+0300][2052.243s][info ][gc] GC(67735) Pause Young (Allocation Failure) 139M->139M(143M) 15.302ms
[2020-08-10T13:18:32.718+0300][2052.259s][info ][gc] GC(67736) Pause Young (Allocation Failure) 139M->139M(143M) 15.666ms
[2020-08-10T13:18:32.737+0300][2052.278s][info ][gc] GC(67737) Pause Young (Allocation Failure) 140M->140M(143M) 18.561ms
[2020-08-10T13:18:32.754+0300][2052.295s][info ][gc] GC(67738) Pause Young (Allocation Failure) 140M->140M(143M) 16.387ms
[2020-08-10T13:18:32.770+0300][2052.311s][info ][gc] GC(67739) Pause Young (Allocation Failure) 141M->141M(143M) 15.480ms
[2020-08-10T13:18:32.790+0300][2052.331s][info ][gc] GC(67740) Pause Young (Allocation Failure) 141M->141M(143M) 19.945ms
[2020-08-10T13:18:32.806+0300][2052.347s][info ][gc] GC(67741) Pause Young (Allocation Failure) 142M->142M(143M) 15.488ms
[2020-08-10T13:18:33.392+0300][2052.933s][debug][gc] GC(67742) Expanding ParOldGen from 145408K by 10240K to 155648K
[2020-08-10T13:18:33.392+0300][2052.933s][info ][gc] GC(67742) Pause Full (Ergonomics) 142M->141M(153M) 585.978ms
[2020-08-10T13:18:33.407+0300][2052.948s][info ][gc] GC(67743) Pause Young (Allocation Failure) 141M->141M(153M) 14.252ms
[2020-08-10T13:18:33.424+0300][2052.964s][info ][gc] GC(67744) Pause Young (Allocation Failure) 142M->142M(153M) 15.717ms
[2020-08-10T13:18:33.440+0300][2052.981s][info ][gc] GC(67745) Pause Young (Allocation Failure) 142M->142M(153M) 16.016ms
[2020-08-10T13:18:33.457+0300][2052.997s][info ][gc] GC(67746) Pause Young (Allocation Failure) 143M->143M(153M) 15.947ms
[2020-08-10T13:18:33.475+0300][2053.016s][info ][gc] GC(67747) Pause Young (Allocation Failure) 143M->143M(153M) 17.753ms
[2020-08-10T13:18:33.492+0300][2053.032s][info ][gc] GC(67748) Pause Young (Allocation Failure) 144M->144M(153M) 15.987ms
[2020-08-10T13:18:33.508+0300][2053.049s][info ][gc] GC(67749) Pause Young (Allocation Failure) 144M->144M(153M) 15.939ms
[2020-08-10T13:18:33.525+0300][2053.065s][info ][gc] GC(67750) Pause Young (Allocation Failure) 145M->145M(153M) 16.116ms
[2020-08-10T13:18:33.541+0300][2053.082s][info ][gc] GC(67751) Pause Young (Allocation Failure) 145M->145M(153M) 16.245ms
[2020-08-10T13:18:33.558+0300][2053.099s][info ][gc] GC(67752) Pause Young (Allocation Failure) 146M->146M(153M) 15.879ms
[2020-08-10T13:18:33.575+0300][2053.115s][info ][gc] GC(67753) Pause Young (Allocation Failure) 146M->146M(153M) 15.954ms
[2020-08-10T13:18:33.593+0300][2053.134s][info ][gc] GC(67754) Pause Young (Allocation Failure) 147M->147M(153M) 18.106ms
[2020-08-10T13:18:33.593+0300][2053.134s][debug][gc] Expanding ParOldGen from 155648K by 19968K to 175616K
[2020-08-10T13:18:33.622+0300][2053.163s][info ][gc] GC(67755) Pause Young (Allocation Failure) 166M->166M(173M) 20.723ms
[2020-08-10T13:18:33.641+0300][2053.182s][info ][gc] GC(67756) Pause Young (Allocation Failure) 167M->166M(173M) 18.084ms
[2020-08-10T13:18:33.655+0300][2053.196s][info ][gc] GC(67757) Pause Young (Allocation Failure) 167M->167M(173M) 13.290ms
[2020-08-10T13:18:33.673+0300][2053.214s][info ][gc] GC(67758) Pause Young (Allocation Failure) 167M->167M(173M) 17.246ms
[2020-08-10T13:18:33.687+0300][2053.228s][info ][gc] GC(67759) Pause Young (Allocation Failure) 168M->168M(173M) 13.736ms
[2020-08-10T13:18:33.701+0300][2053.242s][info ][gc] GC(67760) Pause Young (Allocation Failure) 168M->168M(173M) 13.589ms
[2020-08-10T13:18:33.718+0300][2053.259s][info ][gc] GC(67761) Pause Young (Allocation Failure) 169M->169M(173M) 16.604ms
[2020-08-10T13:18:33.732+0300][2053.273s][info ][gc] GC(67762) Pause Young (Allocation Failure) 169M->169M(173M) 13.523ms
[2020-08-10T13:18:33.746+0300][2053.287s][info ][gc] GC(67763) Pause Young (Allocation Failure) 170M->170M(173M) 14.028ms
[2020-08-10T13:18:33.760+0300][2053.301s][info ][gc] GC(67764) Pause Young (Allocation Failure) 170M->170M(173M) 13.554ms
[2020-08-10T13:18:33.774+0300][2053.315s][info ][gc] GC(67765) Pause Young (Allocation Failure) 171M->171M(173M) 13.401ms
[2020-08-10T13:18:33.789+0300][2053.330s][info ][gc] GC(67766) Pause Young (Allocation Failure) 171M->171M(173M) 14.365ms
[2020-08-10T13:18:33.869+0300][2053.409s][debug][gc] GC(67767) Shrinking ParOldGen from 175616K by 125952K to 49664K
[2020-08-10T13:18:33.869+0300][2053.409s][info ][gc] GC(67767) Pause Full (Ergonomics) 171M->37M(50M) 79.331ms
[2020-08-10T13:18:33.883+0300][2053.424s][info ][gc] GC(67768) Pause Young (Allocation Failure) 38M->38M(50M) 14.272ms
[2020-08-10T13:18:33.909+0300][2053.450s][info ][gc] GC(67769) Pause Young (Allocation Failure) 38M->38M(50M) 25.014ms
[2020-08-10T13:18:33.923+0300][2053.464s][info ][gc] GC(67770) Pause Young (Allocation Failure) 39M->39M(50M) 13.690ms
[2020-08-10T13:18:33.937+0300][2053.478s][info ][gc] GC(67771) Pause Young (Allocation Failure) 39M->39M(50M) 13.678ms
[2020-08-10T13:18:33.952+0300][2053.492s][info ][gc] GC(67772) Pause Young (Allocation Failure) 40M->40M(50M) 13.534ms
[2020-08-10T13:18:33.965+0300][2053.506s][info ][gc] GC(67773) Pause Young (Allocation Failure) 40M->40M(50M) 13.267ms
[2020-08-10T13:18:33.979+0300][2053.520s][info ][gc] GC(67774) Pause Young (Allocation Failure) 40M->40M(50M) 13.446ms
[2020-08-10T13:18:33.993+0300][2053.534s][info ][gc] GC(67775) Pause Young (Allocation Failure) 41M->41M(50M) 13.338ms
[2020-08-10T13:18:34.007+0300][2053.548s][info ][gc] GC(67776) Pause Young (Allocation Failure) 41M->41M(50M) 13.498ms
[2020-08-10T13:18:34.021+0300][2053.562s][info ][gc] GC(67777) Pause Young (Allocation Failure) 42M->42M(50M) 13.329ms
[2020-08-10T13:18:34.035+0300][2053.575s][info ][gc] GC(67778) Pause Young (Allocation Failure) 42M->42M(50M) 13.443ms
[2020-08-10T13:18:34.049+0300][2053.589s][info ][gc] GC(67779) Pause Young (Allocation Failure) 43M->43M(50M) 13.302ms
[2020-08-10T13:18:34.062+0300][2053.603s][info ][gc] GC(67780) Pause Young (Allocation Failure) 43M->43M(50M) 13.325ms
[2020-08-10T13:18:34.076+0300][2053.617s][info ][gc] GC(67781) Pause Young (Allocation Failure) 44M->44M(50M) 13.270ms
[2020-08-10T13:18:34.090+0300][2053.630s][info ][gc] GC(67782) Pause Young (Allocation Failure) 44M->44M(50M) 13.219ms
[2020-08-10T13:18:34.103+0300][2053.644s][info ][gc] GC(67783) Pause Young (Allocation Failure) 45M->45M(50M) 13.303ms
[2020-08-10T13:18:34.117+0300][2053.658s][info ][gc] GC(67784) Pause Young (Allocation Failure) 45M->45M(50M) 13.312ms
[2020-08-10T13:18:34.131+0300][2053.672s][info ][gc] GC(67785) Pause Young (Allocation Failure) 45M->45M(50M) 13.255ms
[2020-08-10T13:18:34.152+0300][2053.693s][info ][gc] GC(67786) Pause Young (Allocation Failure) 46M->46M(50M) 20.720ms
[2020-08-10T13:18:34.180+0300][2053.721s][info ][gc] GC(67787) Pause Young (Allocation Failure) 46M->46M(50M) 27.480ms
[2020-08-10T13:18:34.194+0300][2053.735s][info ][gc] GC(67788) Pause Young (Allocation Failure) 47M->47M(50M) 13.358ms
[2020-08-10T13:18:34.208+0300][2053.749s][info ][gc] GC(67789) Pause Young (Allocation Failure) 47M->47M(50M) 13.573ms
[2020-08-10T13:18:34.222+0300][2053.763s][info ][gc] GC(67790) Pause Young (Allocation Failure) 48M->48M(50M) 13.693ms
[2020-08-10T13:18:34.334+0300][2053.875s][debug][gc] GC(67791) Expanding ParOldGen from 49664K by 10752K to 60416K
[2020-08-10T13:18:34.334+0300][2053.875s][info ][gc] GC(67791) Pause Full (Ergonomics) 48M->48M(61M) 111.772ms
[2020-08-10T13:18:34.348+0300][2053.889s][info ][gc] GC(67792) Pause Young (Allocation Failure) 49M->49M(61M) 13.253ms
[2020-08-10T13:18:34.363+0300][2053.904s][info ][gc] GC(67793) Pause Young (Allocation Failure) 50M->49M(60M) 13.938ms
[2020-08-10T13:18:34.377+0300][2053.918s][info ][gc] GC(67794) Pause Young (Allocation Failure) 50M->50M(61M) 13.566ms
[2020-08-10T13:18:34.392+0300][2053.932s][info ][gc] GC(67795) Pause Young (Allocation Failure) 50M->50M(61M) 13.389ms
[2020-08-10T13:18:34.406+0300][2053.946s][info ][gc] GC(67796) Pause Young (Allocation Failure) 51M->51M(61M) 13.549ms
[2020-08-10T13:18:34.420+0300][2053.960s][info ][gc] GC(67797) Pause Young (Allocation Failure) 51M->51M(60M) 13.473ms
[2020-08-10T13:18:34.434+0300][2053.974s][info ][gc] GC(67798) Pause Young (Allocation Failure) 52M->52M(60M) 13.546ms
[2020-08-10T13:18:34.448+0300][2053.988s][info ][gc] GC(67799) Pause Young (Allocation Failure) 52M->52M(60M) 13.308ms
[2020-08-10T13:18:34.461+0300][2054.001s][info ][gc] GC(67800) Pause Young (Allocation Failure) 53M->53M(60M) 13.253ms
[2020-08-10T13:18:34.475+0300][2054.015s][info ][gc] GC(67801) Pause Young (Allocation Failure) 53M->53M(60M) 13.255ms
[2020-08-10T13:18:34.489+0300][2054.028s][info ][gc] GC(67802) Pause Young (Allocation Failure) 54M->54M(60M) 13.255ms
[2020-08-10T13:18:34.503+0300][2054.043s][info ][gc] GC(67803) Pause Young (Allocation Failure) 54M->54M(60M) 13.581ms
[2020-08-10T13:18:34.517+0300][2054.057s][info ][gc] GC(67804) Pause Young (Allocation Failure) 55M->55M(60M) 13.460ms
[2020-08-10T13:18:34.530+0300][2054.070s][info ][gc] GC(67805) Pause Young (Allocation Failure) 55M->55M(60M) 13.349ms
[2020-08-10T13:18:34.544+0300][2054.084s][info ][gc] GC(67806) Pause Young (Allocation Failure) 56M->56M(60M) 13.597ms
[2020-08-10T13:18:34.558+0300][2054.098s][info ][gc] GC(67807) Pause Young (Allocation Failure) 56M->56M(60M) 13.311ms
[2020-08-10T13:18:34.572+0300][2054.112s][info ][gc] GC(67808) Pause Young (Allocation Failure) 56M->56M(60M) 13.264ms
[2020-08-10T13:18:34.586+0300][2054.125s][info ][gc] GC(67809) Pause Young (Allocation Failure) 57M->57M(60M) 13.518ms
[2020-08-10T13:18:34.600+0300][2054.140s][info ][gc] GC(67810) Pause Young (Allocation Failure) 57M->57M(60M) 13.542ms
[2020-08-10T13:18:34.614+0300][2054.154s][info ][gc] GC(67811) Pause Young (Allocation Failure) 58M->58M(60M) 13.612ms
[2020-08-10T13:18:34.628+0300][2054.167s][info ][gc] GC(67812) Pause Young (Allocation Failure) 58M->58M(60M) 13.424ms
[2020-08-10T13:18:34.641+0300][2054.181s][info ][gc] GC(67813) Pause Young (Allocation Failure) 59M->59M(60M) 13.443ms
[2020-08-10T13:18:34.779+0300][2054.319s][debug][gc] GC(67814) Expanding ParOldGen from 60416K by 10752K to 71168K
[2020-08-10T13:18:34.779+0300][2054.319s][info ][gc] GC(67814) Pause Full (Ergonomics) 59M->58M(71M) 137.546ms
[2020-08-10T13:18:34.793+0300][2054.333s][info ][gc] GC(67815) Pause Young (Allocation Failure) 59M->59M(71M) 13.274ms
[2020-08-10T13:18:34.807+0300][2054.347s][info ][gc] GC(67816) Pause Young (Allocation Failure) 59M->59M(71M) 13.853ms
[2020-08-10T13:18:34.821+0300][2054.361s][info ][gc] GC(67817) Pause Young (Allocation Failure) 60M->60M(71M) 13.490ms
[2020-08-10T13:18:34.835+0300][2054.375s][info ][gc] GC(67818) Pause Young (Allocation Failure) 60M->60M(71M) 13.745ms
[2020-08-10T13:18:34.850+0300][2054.390s][info ][gc] GC(67819) Pause Young (Allocation Failure) 61M->61M(71M) 14.167ms
[2020-08-10T13:18:34.871+0300][2054.411s][info ][gc] GC(67820) Pause Young (Allocation Failure) 61M->61M(71M) 20.850ms
[2020-08-10T13:18:34.885+0300][2054.425s][info ][gc] GC(67821) Pause Young (Allocation Failure) 62M->61M(71M) 13.527ms
[2020-08-10T13:18:34.899+0300][2054.439s][info ][gc] GC(67822) Pause Young (Allocation Failure) 62M->62M(71M) 13.496ms
[2020-08-10T13:18:34.913+0300][2054.453s][info ][gc] GC(67823) Pause Young (Allocation Failure) 62M->62M(71M) 13.657ms
[2020-08-10T13:18:34.928+0300][2054.468s][info ][gc] GC(67824) Pause Young (Allocation Failure) 63M->63M(71M) 13.853ms
[2020-08-10T13:18:34.943+0300][2054.483s][info ][gc] GC(67825) Pause Young (Allocation Failure) 63M->63M(71M) 14.725ms
[2020-08-10T13:18:34.958+0300][2054.498s][info ][gc] GC(67826) Pause Young (Allocation Failure) 64M->64M(71M) 15.355ms
[2020-08-10T13:18:34.972+0300][2054.512s][info ][gc] GC(67827) Pause Young (Allocation Failure) 64M->64M(71M) 13.574ms
[2020-08-10T13:18:34.987+0300][2054.527s][info ][gc] GC(67828) Pause Young (Allocation Failure) 65M->65M(71M) 13.965ms
[2020-08-10T13:18:35.001+0300][2054.540s][info ][gc] GC(67829) Pause Young (Allocation Failure) 65M->65M(71M) 13.532ms
[2020-08-10T13:18:35.014+0300][2054.554s][info ][gc] GC(67830) Pause Young (Allocation Failure) 66M->66M(71M) 13.445ms
[2020-08-10T13:18:35.028+0300][2054.568s][info ][gc] GC(67831) Pause Young (Allocation Failure) 66M->66M(71M) 13.512ms
[2020-08-10T13:18:35.042+0300][2054.582s][info ][gc] GC(67832) Pause Young (Allocation Failure) 67M->67M(71M) 13.496ms
[2020-08-10T13:18:35.056+0300][2054.596s][info ][gc] GC(67833) Pause Young (Allocation Failure) 67M->67M(71M) 13.326ms
[2020-08-10T13:18:35.070+0300][2054.609s][info ][gc] GC(67834) Pause Young (Allocation Failure) 68M->68M(71M) 13.348ms
[2020-08-10T13:18:35.083+0300][2054.623s][info ][gc] GC(67835) Pause Young (Allocation Failure) 68M->68M(71M) 13.276ms
[2020-08-10T13:18:35.097+0300][2054.637s][info ][gc] GC(67836) Pause Young (Allocation Failure) 69M->69M(71M) 13.256ms
[2020-08-10T13:18:35.111+0300][2054.650s][info ][gc] GC(67837) Pause Young (Allocation Failure) 69M->69M(71M) 13.396ms
[2020-08-10T13:18:35.292+0300][2054.832s][debug][gc] GC(67838) Expanding ParOldGen from 71168K by 10752K to 81920K
[2020-08-10T13:18:35.292+0300][2054.832s][info ][gc] GC(67838) Pause Full (Ergonomics) 69M->69M(81M) 181.489ms
[2020-08-10T13:18:35.306+0300][2054.846s][info ][gc] GC(67839) Pause Young (Allocation Failure) 69M->69M(81M) 13.255ms
[2020-08-10T13:18:35.320+0300][2054.860s][info ][gc] GC(67840) Pause Young (Allocation Failure) 70M->70M(81M) 13.439ms
[2020-08-10T13:18:35.334+0300][2054.874s][info ][gc] GC(67841) Pause Young (Allocation Failure) 70M->70M(81M) 13.456ms
[2020-08-10T13:18:35.348+0300][2054.888s][info ][gc] GC(67842) Pause Young (Allocation Failure) 70M->70M(81M) 13.602ms
[2020-08-10T13:18:35.362+0300][2054.902s][info ][gc] GC(67843) Pause Young (Allocation Failure) 71M->71M(81M) 13.614ms
[2020-08-10T13:18:35.376+0300][2054.916s][info ][gc] GC(67844) Pause Young (Allocation Failure) 71M->71M(81M) 13.408ms
[2020-08-10T13:18:35.390+0300][2054.930s][info ][gc] GC(67845) Pause Young (Allocation Failure) 72M->72M(81M) 13.562ms
[2020-08-10T13:18:35.405+0300][2054.945s][info ][gc] GC(67846) Pause Young (Allocation Failure) 72M->72M(81M) 13.580ms
[2020-08-10T13:18:35.419+0300][2054.959s][info ][gc] GC(67847) Pause Young (Allocation Failure) 73M->73M(81M) 13.508ms
[2020-08-10T13:18:35.434+0300][2054.973s][info ][gc] GC(67848) Pause Young (Allocation Failure) 73M->73M(81M) 13.494ms
[2020-08-10T13:18:35.448+0300][2054.988s][info ][gc] GC(67849) Pause Young (Allocation Failure) 74M->74M(81M) 13.677ms
[2020-08-10T13:18:35.462+0300][2055.002s][info ][gc] GC(67850) Pause Young (Allocation Failure) 74M->74M(81M) 13.356ms
[2020-08-10T13:18:35.476+0300][2055.016s][info ][gc] GC(67851) Pause Young (Allocation Failure) 75M->75M(81M) 13.742ms
[2020-08-10T13:18:35.490+0300][2055.030s][info ][gc] GC(67852) Pause Young (Allocation Failure) 75M->75M(81M) 13.421ms
[2020-08-10T13:18:35.504+0300][2055.044s][info ][gc] GC(67853) Pause Young (Allocation Failure) 75M->75M(81M) 13.599ms
[2020-08-10T13:18:35.531+0300][2055.071s][info ][gc] GC(67854) Pause Young (Allocation Failure) 76M->76M(81M) 25.885ms
[2020-08-10T13:18:35.545+0300][2055.085s][info ][gc] GC(67855) Pause Young (Allocation Failure) 76M->76M(81M) 13.798ms
[2020-08-10T13:18:35.560+0300][2055.099s][info ][gc] GC(67856) Pause Young (Allocation Failure) 77M->77M(81M) 13.517ms
[2020-08-10T13:18:35.574+0300][2055.114s][info ][gc] GC(67857) Pause Young (Allocation Failure) 77M->77M(81M) 14.299ms
[2020-08-10T13:18:35.589+0300][2055.129s][info ][gc] GC(67858) Pause Young (Allocation Failure) 78M->78M(81M) 14.045ms
[2020-08-10T13:18:35.603+0300][2055.143s][info ][gc] GC(67859) Pause Young (Allocation Failure) 79M->79M(82M) 13.866ms
[2020-08-10T13:18:35.618+0300][2055.158s][info ][gc] GC(67860) Pause Young (Allocation Failure) 80M->80M(82M) 14.316ms
[2020-08-10T13:18:35.831+0300][2055.371s][debug][gc] GC(67861) Expanding ParOldGen from 81920K by 10752K to 92672K
[2020-08-10T13:18:35.832+0300][2055.371s][info ][gc] GC(67861) Pause Full (Ergonomics) 80M->80M(92M) 213.506ms
[2020-08-10T13:18:35.864+0300][2055.404s][info ][gc] GC(67862) Pause Young (Allocation Failure) 81M->81M(93M) 31.616ms
[2020-08-10T13:18:35.879+0300][2055.419s][info ][gc] GC(67863) Pause Young (Allocation Failure) 82M->81M(93M) 14.330ms
[2020-08-10T13:18:35.894+0300][2055.434s][info ][gc] GC(67864) Pause Young (Allocation Failure) 82M->82M(93M) 14.393ms
[2020-08-10T13:18:35.921+0300][2055.461s][info ][gc] GC(67865) Pause Young (Allocation Failure) 83M->83M(93M) 26.250ms
[2020-08-10T13:18:35.947+0300][2055.487s][info ][gc] GC(67866) Pause Young (Allocation Failure) 84M->84M(93M) 19.481ms
[2020-08-10T13:18:35.962+0300][2055.501s][info ][gc] GC(67867) Pause Young (Allocation Failure) 85M->85M(93M) 14.308ms
[2020-08-10T13:18:35.976+0300][2055.516s][info ][gc] GC(67868) Pause Young (Allocation Failure) 86M->86M(93M) 14.347ms
[2020-08-10T13:18:35.991+0300][2055.531s][info ][gc] GC(67869) Pause Young (Allocation Failure) 87M->87M(93M) 14.296ms
[2020-08-10T13:18:36.006+0300][2055.546s][info ][gc] GC(67870) Pause Young (Allocation Failure) 88M->88M(93M) 14.417ms
[2020-08-10T13:18:36.024+0300][2055.564s][info ][gc] GC(67871) Pause Young (Allocation Failure) 89M->89M(93M) 17.289ms
[2020-08-10T13:18:36.039+0300][2055.579s][info ][gc] GC(67872) Pause Young (Allocation Failure) 90M->90M(93M) 14.199ms
[2020-08-10T13:18:36.332+0300][2055.872s][debug][gc] GC(67873) Expanding ParOldGen from 92672K by 11264K to 103936K
[2020-08-10T13:18:36.333+0300][2055.872s][info ][gc] GC(67873) Pause Full (Ergonomics) 90M->90M(104M) 293.509ms
[2020-08-10T13:18:36.365+0300][2055.904s][info ][gc] GC(67874) Pause Young (Allocation Failure) 91M->91M(104M) 31.362ms
[2020-08-10T13:18:36.380+0300][2055.920s][info ][gc] GC(67875) Pause Young (Allocation Failure) 92M->92M(104M) 14.897ms
[2020-08-10T13:18:36.396+0300][2055.936s][info ][gc] GC(67876) Pause Young (Allocation Failure) 93M->92M(104M) 14.946ms
[2020-08-10T13:18:36.412+0300][2055.952s][info ][gc] GC(67877) Pause Young (Allocation Failure) 93M->93M(104M) 14.944ms
[2020-08-10T13:18:36.426+0300][2055.966s][info ][gc] GC(67878) Pause Young (Allocation Failure) 94M->94M(104M) 14.099ms
[2020-08-10T13:18:36.441+0300][2055.981s][info ][gc] GC(67879) Pause Young (Allocation Failure) 95M->95M(104M) 13.931ms
[2020-08-10T13:18:36.456+0300][2055.996s][info ][gc] GC(67880) Pause Young (Allocation Failure) 96M->96M(104M) 13.921ms
[2020-08-10T13:18:36.471+0300][2056.010s][info ][gc] GC(67881) Pause Young (Allocation Failure) 97M->97M(104M) 13.978ms
[2020-08-10T13:18:36.485+0300][2056.025s][info ][gc] GC(67882) Pause Young (Allocation Failure) 98M->98M(104M) 14.266ms
[2020-08-10T13:18:36.501+0300][2056.041s][info ][gc] GC(67883) Pause Young (Allocation Failure) 99M->99M(104M) 14.910ms
[2020-08-10T13:18:36.516+0300][2056.056s][info ][gc] GC(67884) Pause Young (Allocation Failure) 100M->100M(104M) 14.826ms
[2020-08-10T13:18:36.532+0300][2056.072s][info ][gc] GC(67885) Pause Young (Allocation Failure) 101M->101M(104M) 14.850ms
[2020-08-10T13:18:36.876+0300][2056.416s][debug][gc] GC(67886) Expanding ParOldGen from 103936K by 11264K to 115200K
[2020-08-10T13:18:36.876+0300][2056.416s][info ][gc] GC(67886) Pause Full (Ergonomics) 101M->101M(115M) 344.366ms
[2020-08-10T13:18:36.904+0300][2056.444s][info ][gc] GC(67887) Pause Young (Allocation Failure) 102M->102M(115M) 26.766ms
[2020-08-10T13:18:36.919+0300][2056.459s][info ][gc] GC(67888) Pause Young (Allocation Failure) 103M->103M(115M) 14.748ms
[2020-08-10T13:18:36.936+0300][2056.476s][info ][gc] GC(67889) Pause Young (Allocation Failure) 104M->103M(115M) 15.895ms
[2020-08-10T13:18:36.951+0300][2056.491s][info ][gc] GC(67890) Pause Young (Allocation Failure) 104M->104M(115M) 14.565ms
[2020-08-10T13:18:36.967+0300][2056.507s][info ][gc] GC(67891) Pause Young (Allocation Failure) 105M->105M(115M) 14.913ms
[2020-08-10T13:18:36.994+0300][2056.534s][info ][gc] GC(67892) Pause Young (Allocation Failure) 106M->106M(115M) 26.217ms
[2020-08-10T13:18:37.010+0300][2056.550s][info ][gc] GC(67893) Pause Young (Allocation Failure) 107M->107M(115M) 15.222ms
[2020-08-10T13:18:37.034+0300][2056.574s][info ][gc] GC(67894) Pause Young (Allocation Failure) 108M->108M(115M) 23.852ms
[2020-08-10T13:18:37.050+0300][2056.590s][info ][gc] GC(67895) Pause Young (Allocation Failure) 109M->109M(115M) 15.452ms
[2020-08-10T13:18:37.067+0300][2056.607s][info ][gc] GC(67896) Pause Young (Allocation Failure) 110M->110M(115M) 15.757ms
[2020-08-10T13:18:37.083+0300][2056.623s][info ][gc] GC(67897) Pause Young (Allocation Failure) 111M->111M(115M) 15.480ms
[2020-08-10T13:18:37.099+0300][2056.639s][info ][gc] GC(67898) Pause Young (Allocation Failure) 112M->112M(115M) 15.275ms
[2020-08-10T13:18:37.492+0300][2057.032s][debug][gc] GC(67899) Expanding ParOldGen from 115200K by 11264K to 126464K
[2020-08-10T13:18:37.492+0300][2057.032s][info ][gc] GC(67899) Pause Full (Ergonomics) 112M->112M(126M) 392.976ms
[2020-08-10T13:18:37.515+0300][2057.055s][info ][gc] GC(67900) Pause Young (Allocation Failure) 113M->112M(126M) 22.148ms
[2020-08-10T13:18:37.549+0300][2057.089s][info ][gc] GC(67901) Pause Young (Allocation Failure) 113M->113M(126M) 33.840ms
[2020-08-10T13:18:37.568+0300][2057.108s][info ][gc] GC(67902) Pause Young (Allocation Failure) 114M->114M(126M) 18.303ms
[2020-08-10T13:18:37.586+0300][2057.126s][info ][gc] GC(67903) Pause Young (Allocation Failure) 115M->115M(126M) 16.930ms
[2020-08-10T13:18:37.603+0300][2057.143s][info ][gc] GC(67904) Pause Young (Allocation Failure) 116M->116M(126M) 16.860ms
[2020-08-10T13:18:37.621+0300][2057.161s][info ][gc] GC(67905) Pause Young (Allocation Failure) 117M->117M(126M) 17.034ms
[2020-08-10T13:18:37.640+0300][2057.180s][info ][gc] GC(67906) Pause Young (Allocation Failure) 118M->118M(126M) 19.012ms
[2020-08-10T13:18:37.658+0300][2057.198s][info ][gc] GC(67907) Pause Young (Allocation Failure) 119M->119M(126M) 16.845ms
[2020-08-10T13:18:37.675+0300][2057.215s][info ][gc] GC(67908) Pause Young (Allocation Failure) 120M->120M(126M) 17.132ms
[2020-08-10T13:18:37.698+0300][2057.238s][info ][gc] GC(67909) Pause Young (Allocation Failure) 121M->121M(126M) 22.261ms
[2020-08-10T13:18:37.716+0300][2057.256s][info ][gc] GC(67910) Pause Young (Allocation Failure) 122M->122M(126M) 17.283ms
[2020-08-10T13:18:37.734+0300][2057.274s][info ][gc] GC(67911) Pause Young (Allocation Failure) 123M->123M(126M) 17.103ms
[2020-08-10T13:18:38.234+0300][2057.774s][debug][gc] GC(67912) Expanding ParOldGen from 126464K by 11264K to 137728K
[2020-08-10T13:18:38.234+0300][2057.774s][info ][gc] GC(67912) Pause Full (Ergonomics) 123M->123M(137M) 499.838ms
[2020-08-10T13:18:38.249+0300][2057.789s][info ][gc] GC(67913) Pause Young (Allocation Failure) 124M->124M(137M) 14.445ms
[2020-08-10T13:18:38.271+0300][2057.811s][info ][gc] GC(67914) Pause Young (Allocation Failure) 125M->125M(137M) 20.846ms
[2020-08-10T13:18:38.294+0300][2057.834s][info ][gc] GC(67915) Pause Young (Allocation Failure) 126M->126M(137M) 22.885ms
[2020-08-10T13:18:38.317+0300][2057.857s][info ][gc] GC(67916) Pause Young (Allocation Failure) 127M->126M(137M) 21.704ms
[2020-08-10T13:18:38.335+0300][2057.875s][info ][gc] GC(67917) Pause Young (Allocation Failure) 127M->127M(137M) 17.619ms
[2020-08-10T13:18:38.353+0300][2057.893s][info ][gc] GC(67918) Pause Young (Allocation Failure) 128M->128M(137M) 17.559ms
[2020-08-10T13:18:38.371+0300][2057.911s][info ][gc] GC(67919) Pause Young (Allocation Failure) 129M->129M(137M) 17.598ms
[2020-08-10T13:18:38.389+0300][2057.929s][info ][gc] GC(67920) Pause Young (Allocation Failure) 130M->130M(137M) 17.483ms
[2020-08-10T13:18:38.408+0300][2057.948s][info ][gc] GC(67921) Pause Young (Allocation Failure) 131M->131M(137M) 17.846ms
[2020-08-10T13:18:38.426+0300][2057.966s][info ][gc] GC(67922) Pause Young (Allocation Failure) 132M->132M(137M) 18.109ms
[2020-08-10T13:18:38.445+0300][2057.985s][info ][gc] GC(67923) Pause Young (Allocation Failure) 133M->133M(137M) 18.002ms
[2020-08-10T13:18:38.464+0300][2058.004s][info ][gc] GC(67924) Pause Young (Allocation Failure) 134M->134M(137M) 17.599ms
[2020-08-10T13:18:38.937+0300][2058.477s][debug][gc] GC(67925) Expanding ParOldGen from 137728K by 11264K to 148992K
[2020-08-10T13:18:38.937+0300][2058.477s][info ][gc] GC(67925) Pause Full (Ergonomics) 134M->134M(148M) 473.605ms
[2020-08-10T13:18:38.957+0300][2058.497s][info ][gc] GC(67926) Pause Young (Allocation Failure) 135M->135M(148M) 19.599ms
[2020-08-10T13:18:38.994+0300][2058.534s][info ][gc] GC(67927) Pause Young (Allocation Failure) 136M->136M(148M) 35.998ms
[2020-08-10T13:18:39.026+0300][2058.566s][info ][gc] GC(67928) Pause Young (Allocation Failure) 137M->137M(148M) 30.891ms
[2020-08-10T13:18:39.045+0300][2058.585s][info ][gc] GC(67929) Pause Young (Allocation Failure) 138M->138M(148M) 18.304ms
[2020-08-10T13:18:39.063+0300][2058.603s][info ][gc] GC(67930) Pause Young (Allocation Failure) 139M->139M(148M) 18.309ms
[2020-08-10T13:18:39.089+0300][2058.629s][info ][gc] GC(67931) Pause Young (Allocation Failure) 140M->140M(148M) 25.345ms
[2020-08-10T13:18:39.111+0300][2058.651s][info ][gc] GC(67932) Pause Young (Allocation Failure) 141M->141M(148M) 20.850ms
[2020-08-10T13:18:39.146+0300][2058.686s][info ][gc] GC(67933) Pause Young (Allocation Failure) 142M->141M(148M) 34.578ms
[2020-08-10T13:18:39.165+0300][2058.705s][info ][gc] GC(67934) Pause Young (Allocation Failure) 142M->142M(148M) 18.806ms
[2020-08-10T13:18:39.184+0300][2058.724s][info ][gc] GC(67935) Pause Young (Allocation Failure) 143M->143M(148M) 18.712ms
[2020-08-10T13:18:39.204+0300][2058.744s][info ][gc] GC(67936) Pause Young (Allocation Failure) 144M->144M(148M) 18.792ms
[2020-08-10T13:18:39.226+0300][2058.766s][info ][gc] GC(67937) Pause Young (Allocation Failure) 145M->145M(148M) 21.725ms
[2020-08-10T13:18:39.705+0300][2059.245s][debug][gc] GC(67938) Expanding ParOldGen from 148992K by 11776K to 160768K
[2020-08-10T13:18:39.705+0300][2059.245s][info ][gc] GC(67938) Pause Full (Ergonomics) 145M->145M(159M) 478.836ms
[2020-08-10T13:18:39.722+0300][2059.262s][info ][gc] GC(67939) Pause Young (Allocation Failure) 146M->146M(159M) 16.174ms
[2020-08-10T13:18:39.722+0300][2059.262s][debug][gc] Expanding ParOldGen from 160768K by 19968K to 180736K
[2020-08-10T13:18:39.758+0300][2059.299s][info ][gc] GC(67940) Pause Young (Allocation Failure) 166M->166M(179M) 24.601ms
[2020-08-10T13:18:39.775+0300][2059.315s][info ][gc] GC(67941) Pause Young (Allocation Failure) 167M->167M(179M) 15.392ms
[2020-08-10T13:18:39.789+0300][2059.329s][info ][gc] GC(67942) Pause Young (Allocation Failure) 168M->168M(179M) 13.946ms
[2020-08-10T13:18:39.803+0300][2059.343s][info ][gc] GC(67943) Pause Young (Allocation Failure) 169M->169M(179M) 13.895ms
[2020-08-10T13:18:39.836+0300][2059.376s][info ][gc] GC(67944) Pause Young (Allocation Failure) 170M->170M(179M) 32.147ms
[2020-08-10T13:18:39.858+0300][2059.399s][info ][gc] GC(67945) Pause Young (Allocation Failure) 171M->171M(179M) 21.997ms
[2020-08-10T13:18:39.874+0300][2059.414s][info ][gc] GC(67946) Pause Young (Allocation Failure) 172M->172M(179M) 15.349ms
[2020-08-10T13:18:39.890+0300][2059.430s][info ][gc] GC(67947) Pause Young (Allocation Failure) 173M->173M(179M) 15.427ms
[2020-08-10T13:18:39.906+0300][2059.446s][info ][gc] GC(67948) Pause Young (Allocation Failure) 174M->174M(179M) 15.406ms
[2020-08-10T13:18:39.922+0300][2059.463s][info ][gc] GC(67949) Pause Young (Allocation Failure) 175M->175M(179M) 15.956ms
[2020-08-10T13:18:39.946+0300][2059.486s][info ][gc] GC(67950) Pause Young (Allocation Failure) 176M->176M(179M) 22.737ms
[2020-08-10T13:18:39.969+0300][2059.509s][info ][gc] GC(67951) Pause Young (Allocation Failure) 177M->176M(179M) 22.934ms
[2020-08-10T13:18:40.089+0300][2059.629s][debug][gc] GC(67952) Shrinking ParOldGen from 180736K by 124928K to 55808K
[2020-08-10T13:18:40.089+0300][2059.629s][info ][gc] GC(67952) Pause Full (Ergonomics) 176M->43M(57M) 119.938ms
[2020-08-10T13:18:40.104+0300][2059.644s][info ][gc] GC(67953) Pause Young (Allocation Failure) 44M->44M(57M) 14.564ms
[2020-08-10T13:18:40.119+0300][2059.659s][info ][gc] GC(67954) Pause Young (Allocation Failure) 45M->45M(57M) 14.356ms
[2020-08-10T13:18:40.134+0300][2059.674s][info ][gc] GC(67955) Pause Young (Allocation Failure) 46M->46M(57M) 14.015ms
[2020-08-10T13:18:40.148+0300][2059.688s][info ][gc] GC(67956) Pause Young (Allocation Failure) 47M->47M(57M) 14.084ms
[2020-08-10T13:18:40.162+0300][2059.702s][info ][gc] GC(67957) Pause Young (Allocation Failure) 48M->48M(57M) 13.866ms
[2020-08-10T13:18:40.177+0300][2059.717s][info ][gc] GC(67958) Pause Young (Allocation Failure) 49M->49M(57M) 13.947ms
[2020-08-10T13:18:40.191+0300][2059.731s][info ][gc] GC(67959) Pause Young (Allocation Failure) 50M->50M(57M) 13.959ms
[2020-08-10T13:18:40.209+0300][2059.749s][info ][gc] GC(67960) Pause Young (Allocation Failure) 51M->51M(57M) 17.206ms
[2020-08-10T13:18:40.223+0300][2059.763s][info ][gc] GC(67961) Pause Young (Allocation Failure) 52M->52M(57M) 13.825ms
[2020-08-10T13:18:40.262+0300][2059.802s][info ][gc] GC(67962) Pause Young (Allocation Failure) 53M->52M(57M) 38.310ms
[2020-08-10T13:18:40.284+0300][2059.824s][info ][gc] GC(67963) Pause Young (Allocation Failure) 53M->53M(57M) 21.529ms
[2020-08-10T13:18:40.299+0300][2059.839s][info ][gc] GC(67964) Pause Young (Allocation Failure) 54M->54M(57M) 14.105ms
[2020-08-10T13:18:40.457+0300][2059.997s][debug][gc] GC(67965) Expanding ParOldGen from 55808K by 11264K to 67072K
[2020-08-10T13:18:40.457+0300][2059.997s][info ][gc] GC(67965) Pause Full (Ergonomics) 54M->54M(68M) 157.925ms
[2020-08-10T13:18:40.471+0300][2060.011s][info ][gc] GC(67966) Pause Young (Allocation Failure) 55M->55M(68M) 13.413ms
[2020-08-10T13:18:40.486+0300][2060.026s][info ][gc] GC(67967) Pause Young (Allocation Failure) 56M->56M(68M) 13.791ms
[2020-08-10T13:18:40.500+0300][2060.040s][info ][gc] GC(67968) Pause Young (Allocation Failure) 57M->57M(67M) 13.891ms
[2020-08-10T13:18:40.515+0300][2060.055s][info ][gc] GC(67969) Pause Young (Allocation Failure) 58M->58M(67M) 14.015ms
[2020-08-10T13:18:40.530+0300][2060.070s][info ][gc] GC(67970) Pause Young (Allocation Failure) 59M->59M(67M) 13.897ms
[2020-08-10T13:18:40.544+0300][2060.084s][info ][gc] GC(67971) Pause Young (Allocation Failure) 60M->60M(68M) 13.585ms
[2020-08-10T13:18:40.558+0300][2060.098s][info ][gc] GC(67972) Pause Young (Allocation Failure) 61M->61M(68M) 13.812ms
[2020-08-10T13:18:40.575+0300][2060.115s][info ][gc] GC(67973) Pause Young (Allocation Failure) 62M->61M(68M) 15.624ms
[2020-08-10T13:18:40.604+0300][2060.144s][info ][gc] GC(67974) Pause Young (Allocation Failure) 62M->62M(68M) 27.897ms
[2020-08-10T13:18:40.625+0300][2060.165s][info ][gc] GC(67975) Pause Young (Allocation Failure) 63M->63M(68M) 20.437ms
[2020-08-10T13:18:40.639+0300][2060.179s][info ][gc] GC(67976) Pause Young (Allocation Failure) 64M->64M(68M) 13.874ms
[2020-08-10T13:18:40.653+0300][2060.194s][info ][gc] GC(67977) Pause Young (Allocation Failure) 65M->65M(68M) 13.957ms
[2020-08-10T13:18:40.837+0300][2060.378s][debug][gc] GC(67978) Expanding ParOldGen from 67072K by 11776K to 78848K
[2020-08-10T13:18:40.838+0300][2060.378s][info ][gc] GC(67978) Pause Full (Ergonomics) 65M->65M(79M) 184.005ms
[2020-08-10T13:18:40.851+0300][2060.391s][info ][gc] GC(67979) Pause Young (Allocation Failure) 66M->66M(79M) 13.362ms
[2020-08-10T13:18:40.866+0300][2060.406s][info ][gc] GC(67980) Pause Young (Allocation Failure) 67M->67M(79M) 13.793ms
[2020-08-10T13:18:40.893+0300][2060.433s][info ][gc] GC(67981) Pause Young (Allocation Failure) 68M->68M(79M) 26.495ms
[2020-08-10T13:18:40.907+0300][2060.447s][info ][gc] GC(67982) Pause Young (Allocation Failure) 69M->69M(79M) 13.932ms
[2020-08-10T13:18:40.922+0300][2060.462s][info ][gc] GC(67983) Pause Young (Allocation Failure) 70M->70M(79M) 13.974ms
[2020-08-10T13:18:40.941+0300][2060.481s][info ][gc] GC(67984) Pause Young (Allocation Failure) 71M->71M(79M) 18.666ms
[2020-08-10T13:18:40.959+0300][2060.499s][info ][gc] GC(67985) Pause Young (Allocation Failure) 72M->72M(79M) 17.779ms
[2020-08-10T13:18:40.982+0300][2060.522s][info ][gc] GC(67986) Pause Young (Allocation Failure) 73M->73M(79M) 22.621ms
[2020-08-10T13:18:41.005+0300][2060.545s][info ][gc] GC(67987) Pause Young (Allocation Failure) 74M->74M(79M) 21.804ms
[2020-08-10T13:18:41.019+0300][2060.559s][info ][gc] GC(67988) Pause Young (Allocation Failure) 75M->75M(79M) 13.894ms
[2020-08-10T13:18:41.033+0300][2060.574s][info ][gc] GC(67989) Pause Young (Allocation Failure) 76M->76M(79M) 14.055ms
[2020-08-10T13:18:41.048+0300][2060.588s][info ][gc] GC(67990) Pause Young (Allocation Failure) 77M->76M(79M) 13.979ms
[2020-08-10T13:18:41.256+0300][2060.796s][debug][gc] GC(67991) Expanding ParOldGen from 78848K by 11264K to 90112K
[2020-08-10T13:18:41.256+0300][2060.796s][info ][gc] GC(67991) Pause Full (Ergonomics) 76M->76M(90M) 208.165ms
[2020-08-10T13:18:41.282+0300][2060.822s][info ][gc] GC(67992) Pause Young (Allocation Failure) 77M->77M(90M) 25.383ms
[2020-08-10T13:18:41.297+0300][2060.837s][info ][gc] GC(67993) Pause Young (Allocation Failure) 78M->78M(90M) 13.941ms
[2020-08-10T13:18:41.312+0300][2060.852s][info ][gc] GC(67994) Pause Young (Allocation Failure) 79M->79M(90M) 14.045ms
[2020-08-10T13:18:41.326+0300][2060.866s][info ][gc] GC(67995) Pause Young (Allocation Failure) 80M->80M(90M) 13.793ms
[2020-08-10T13:18:41.341+0300][2060.881s][info ][gc] GC(67996) Pause Young (Allocation Failure) 81M->81M(90M) 14.209ms
[2020-08-10T13:18:41.356+0300][2060.896s][info ][gc] GC(67997) Pause Young (Allocation Failure) 82M->82M(90M) 14.032ms
[2020-08-10T13:18:41.370+0300][2060.910s][info ][gc] GC(67998) Pause Young (Allocation Failure) 83M->83M(90M) 13.929ms
[2020-08-10T13:18:41.385+0300][2060.925s][info ][gc] GC(67999) Pause Young (Allocation Failure) 84M->84M(90M) 13.781ms
[2020-08-10T13:18:41.411+0300][2060.951s][info ][gc] GC(68000) Pause Young (Allocation Failure) 85M->85M(90M) 25.695ms
[2020-08-10T13:18:41.425+0300][2060.965s][info ][gc] GC(68001) Pause Young (Allocation Failure) 86M->86M(90M) 14.144ms
[2020-08-10T13:18:41.440+0300][2060.980s][info ][gc] GC(68002) Pause Young (Allocation Failure) 87M->87M(90M) 14.284ms
[2020-08-10T13:18:41.454+0300][2060.995s][info ][gc] GC(68003) Pause Young (Allocation Failure) 88M->88M(90M) 14.064ms
[2020-08-10T13:18:41.717+0300][2061.257s][debug][gc] GC(68004) Expanding ParOldGen from 90112K by 11776K to 101888K
[2020-08-10T13:18:41.717+0300][2061.257s][info ][gc] GC(68004) Pause Full (Ergonomics) 88M->87M(102M) 262.343ms
[2020-08-10T13:18:41.737+0300][2061.277s][info ][gc] GC(68005) Pause Young (Allocation Failure) 88M->88M(102M) 19.308ms
[2020-08-10T13:18:41.763+0300][2061.304s][info ][gc] GC(68006) Pause Young (Allocation Failure) 89M->89M(102M) 25.574ms
[2020-08-10T13:18:41.778+0300][2061.319s][info ][gc] GC(68007) Pause Young (Allocation Failure) 90M->90M(102M) 14.340ms
[2020-08-10T13:18:41.793+0300][2061.333s][info ][gc] GC(68008) Pause Young (Allocation Failure) 91M->91M(102M) 14.206ms
[2020-08-10T13:18:41.811+0300][2061.351s][info ][gc] GC(68009) Pause Young (Allocation Failure) 92M->92M(102M) 17.468ms
[2020-08-10T13:18:41.826+0300][2061.366s][info ][gc] GC(68010) Pause Young (Allocation Failure) 93M->93M(101M) 14.280ms
[2020-08-10T13:18:41.841+0300][2061.381s][info ][gc] GC(68011) Pause Young (Allocation Failure) 94M->94M(101M) 14.157ms
[2020-08-10T13:18:41.859+0300][2061.399s][info ][gc] GC(68012) Pause Young (Allocation Failure) 95M->95M(101M) 17.496ms
[2020-08-10T13:18:41.873+0300][2061.413s][info ][gc] GC(68013) Pause Young (Allocation Failure) 96M->96M(102M) 13.864ms
[2020-08-10T13:18:41.895+0300][2061.435s][info ][gc] GC(68014) Pause Young (Allocation Failure) 97M->97M(102M) 21.277ms
[2020-08-10T13:18:41.910+0300][2061.450s][info ][gc] GC(68015) Pause Young (Allocation Failure) 98M->98M(102M) 14.713ms
[2020-08-10T13:18:41.928+0300][2061.469s][info ][gc] GC(68016) Pause Young (Allocation Failure) 99M->99M(102M) 17.544ms
[2020-08-10T13:18:42.239+0300][2061.779s][debug][gc] GC(68017) Expanding ParOldGen from 101888K by 11264K to 113152K
[2020-08-10T13:18:42.239+0300][2061.779s][info ][gc] GC(68017) Pause Full (Ergonomics) 99M->99M(113M) 310.491ms
[2020-08-10T13:18:42.264+0300][2061.804s][info ][gc] GC(68018) Pause Young (Allocation Failure) 100M->100M(113M) 24.570ms
[2020-08-10T13:18:42.283+0300][2061.823s][info ][gc] GC(68019) Pause Young (Allocation Failure) 101M->101M(113M) 17.691ms
[2020-08-10T13:18:42.305+0300][2061.845s][info ][gc] GC(68020) Pause Young (Allocation Failure) 102M->101M(113M) 21.726ms
[2020-08-10T13:18:42.332+0300][2061.872s][info ][gc] GC(68021) Pause Young (Allocation Failure) 102M->102M(113M) 26.208ms
[2020-08-10T13:18:42.347+0300][2061.887s][info ][gc] GC(68022) Pause Young (Allocation Failure) 103M->103M(113M) 14.992ms
[2020-08-10T13:18:42.363+0300][2061.903s][info ][gc] GC(68023) Pause Young (Allocation Failure) 104M->104M(113M) 15.015ms
[2020-08-10T13:18:42.391+0300][2061.931s][info ][gc] GC(68024) Pause Young (Allocation Failure) 105M->105M(113M) 26.596ms
[2020-08-10T13:18:42.413+0300][2061.953s][info ][gc] GC(68025) Pause Young (Allocation Failure) 106M->106M(113M) 21.385ms
[2020-08-10T13:18:42.429+0300][2061.970s][info ][gc] GC(68026) Pause Young (Allocation Failure) 107M->107M(113M) 15.725ms
[2020-08-10T13:18:42.456+0300][2061.996s][info ][gc] GC(68027) Pause Young (Allocation Failure) 108M->108M(113M) 25.272ms
[2020-08-10T13:18:42.472+0300][2062.012s][info ][gc] GC(68028) Pause Young (Allocation Failure) 109M->109M(113M) 15.270ms
[2020-08-10T13:18:42.488+0300][2062.028s][info ][gc] GC(68029) Pause Young (Allocation Failure) 110M->110M(113M) 15.558ms
[2020-08-10T13:18:42.854+0300][2062.394s][debug][gc] GC(68030) Expanding ParOldGen from 113152K by 11264K to 124416K
[2020-08-10T13:18:42.854+0300][2062.394s][info ][gc] GC(68030) Pause Full (Ergonomics) 110M->110M(124M) 366.008ms
[2020-08-10T13:18:42.882+0300][2062.423s][info ][gc] GC(68031) Pause Young (Allocation Failure) 111M->111M(124M) 27.974ms
[2020-08-10T13:18:42.899+0300][2062.439s][info ][gc] GC(68032) Pause Young (Allocation Failure) 112M->112M(124M) 15.699ms
[2020-08-10T13:18:42.916+0300][2062.456s][info ][gc] GC(68033) Pause Young (Allocation Failure) 113M->113M(124M) 15.859ms
[2020-08-10T13:18:42.936+0300][2062.476s][info ][gc] GC(68034) Pause Young (Allocation Failure) 114M->114M(124M) 19.703ms
[2020-08-10T13:18:42.966+0300][2062.506s][info ][gc] GC(68035) Pause Young (Allocation Failure) 115M->115M(124M) 29.302ms
[2020-08-10T13:18:42.988+0300][2062.529s][info ][gc] GC(68036) Pause Young (Allocation Failure) 116M->116M(124M) 21.623ms
[2020-08-10T13:18:43.005+0300][2062.545s][info ][gc] GC(68037) Pause Young (Allocation Failure) 117M->116M(124M) 15.834ms
[2020-08-10T13:18:43.027+0300][2062.568s][info ][gc] GC(68038) Pause Young (Allocation Failure) 117M->117M(124M) 22.372ms
[2020-08-10T13:18:43.044+0300][2062.584s][info ][gc] GC(68039) Pause Young (Allocation Failure) 118M->118M(124M) 16.447ms
[2020-08-10T13:18:43.066+0300][2062.606s][info ][gc] GC(68040) Pause Young (Allocation Failure) 119M->119M(124M) 21.515ms
[2020-08-10T13:18:43.090+0300][2062.631s][info ][gc] GC(68041) Pause Young (Allocation Failure) 120M->120M(124M) 23.555ms
[2020-08-10T13:18:43.108+0300][2062.648s][info ][gc] GC(68042) Pause Young (Allocation Failure) 121M->121M(124M) 16.787ms
[2020-08-10T13:18:43.481+0300][2063.021s][debug][gc] GC(68043) Expanding ParOldGen from 124416K by 11776K to 136192K
[2020-08-10T13:18:43.481+0300][2063.021s][info ][gc] GC(68043) Pause Full (Ergonomics) 121M->121M(135M) 373.362ms
[2020-08-10T13:18:43.501+0300][2063.041s][info ][gc] GC(68044) Pause Young (Allocation Failure) 122M->122M(135M) 18.764ms
[2020-08-10T13:18:43.522+0300][2063.062s][info ][gc] GC(68045) Pause Young (Allocation Failure) 123M->123M(135M) 21.057ms
[2020-08-10T13:18:43.545+0300][2063.086s][info ][gc] GC(68046) Pause Young (Allocation Failure) 124M->124M(135M) 22.805ms
[2020-08-10T13:18:43.581+0300][2063.121s][info ][gc] GC(68047) Pause Young (Allocation Failure) 125M->125M(135M) 34.716ms
[2020-08-10T13:18:43.603+0300][2063.143s][info ][gc] GC(68048) Pause Young (Allocation Failure) 126M->126M(135M) 21.993ms
[2020-08-10T13:18:43.621+0300][2063.162s][info ][gc] GC(68049) Pause Young (Allocation Failure) 127M->127M(135M) 17.687ms
[2020-08-10T13:18:43.639+0300][2063.180s][info ][gc] GC(68050) Pause Young (Allocation Failure) 128M->128M(135M) 17.717ms
[2020-08-10T13:18:43.682+0300][2063.222s][info ][gc] GC(68051) Pause Young (Allocation Failure) 129M->129M(135M) 41.333ms
[2020-08-10T13:18:43.705+0300][2063.246s][info ][gc] GC(68052) Pause Young (Allocation Failure) 130M->130M(135M) 23.321ms
[2020-08-10T13:18:43.724+0300][2063.264s][info ][gc] GC(68053) Pause Young (Allocation Failure) 131M->131M(135M) 17.791ms
[2020-08-10T13:18:43.749+0300][2063.289s][info ][gc] GC(68054) Pause Young (Allocation Failure) 132M->132M(135M) 24.665ms
[2020-08-10T13:18:43.777+0300][2063.317s][info ][gc] GC(68055) Pause Young (Allocation Failure) 133M->132M(135M) 27.878ms
[2020-08-10T13:18:44.212+0300][2063.752s][debug][gc] GC(68056) Expanding ParOldGen from 136192K by 11264K to 147456K
[2020-08-10T13:18:44.212+0300][2063.753s][info ][gc] GC(68056) Pause Full (Ergonomics) 132M->132M(146M) 435.027ms
[2020-08-10T13:18:44.236+0300][2063.776s][info ][gc] GC(68057) Pause Young (Allocation Failure) 133M->133M(146M) 22.831ms
[2020-08-10T13:18:44.257+0300][2063.798s][info ][gc] GC(68058) Pause Young (Allocation Failure) 134M->134M(146M) 20.774ms
[2020-08-10T13:18:44.276+0300][2063.816s][info ][gc] GC(68059) Pause Young (Allocation Failure) 135M->135M(146M) 17.809ms
[2020-08-10T13:18:44.303+0300][2063.844s][info ][gc] GC(68060) Pause Young (Allocation Failure) 136M->136M(146M) 26.652ms
[2020-08-10T13:18:44.322+0300][2063.863s][info ][gc] GC(68061) Pause Young (Allocation Failure) 137M->137M(146M) 18.539ms
[2020-08-10T13:18:44.341+0300][2063.882s][info ][gc] GC(68062) Pause Young (Allocation Failure) 138M->138M(146M) 18.549ms
[2020-08-10T13:18:44.362+0300][2063.902s][info ][gc] GC(68063) Pause Young (Allocation Failure) 139M->139M(146M) 19.850ms
[2020-08-10T13:18:44.398+0300][2063.939s][info ][gc] GC(68064) Pause Young (Allocation Failure) 140M->140M(146M) 35.756ms
[2020-08-10T13:18:44.418+0300][2063.958s][info ][gc] GC(68065) Pause Young (Allocation Failure) 141M->141M(146M) 18.728ms
[2020-08-10T13:18:44.458+0300][2063.999s][info ][gc] GC(68066) Pause Young (Allocation Failure) 142M->142M(146M) 39.619ms
[2020-08-10T13:18:44.485+0300][2064.025s][info ][gc] GC(68067) Pause Young (Allocation Failure) 143M->143M(146M) 26.128ms
[2020-08-10T13:18:44.504+0300][2064.044s][info ][gc] GC(68068) Pause Young (Allocation Failure) 144M->144M(146M) 18.507ms
[2020-08-10T13:18:45.047+0300][2064.587s][debug][gc] GC(68069) Expanding ParOldGen from 147456K by 11264K to 158720K
[2020-08-10T13:18:45.047+0300][2064.587s][info ][gc] GC(68069) Pause Full (Ergonomics) 144M->143M(157M) 542.850ms
[2020-08-10T13:18:45.065+0300][2064.606s][info ][gc] GC(68070) Pause Young (Allocation Failure) 144M->144M(157M) 17.437ms
[2020-08-10T13:18:45.085+0300][2064.625s][info ][gc] GC(68071) Pause Young (Allocation Failure) 145M->145M(157M) 18.987ms
[2020-08-10T13:18:45.106+0300][2064.646s][info ][gc] GC(68072) Pause Young (Allocation Failure) 146M->146M(157M) 19.631ms
[2020-08-10T13:18:45.106+0300][2064.646s][debug][gc] Expanding ParOldGen from 158720K by 19968K to 178688K
[2020-08-10T13:18:45.154+0300][2064.695s][info ][gc] GC(68073) Pause Young (Allocation Failure) 166M->166M(177M) 31.965ms
[2020-08-10T13:18:45.174+0300][2064.715s][info ][gc] GC(68074) Pause Young (Allocation Failure) 167M->167M(177M) 19.772ms
[2020-08-10T13:18:45.192+0300][2064.732s][info ][gc] GC(68075) Pause Young (Allocation Failure) 168M->168M(177M) 16.509ms
[2020-08-10T13:18:45.207+0300][2064.748s][info ][gc] GC(68076) Pause Young (Allocation Failure) 169M->169M(177M) 15.143ms
[2020-08-10T13:18:45.224+0300][2064.765s][info ][gc] GC(68077) Pause Young (Allocation Failure) 170M->170M(177M) 16.527ms
[2020-08-10T13:18:45.242+0300][2064.783s][info ][gc] GC(68078) Pause Young (Allocation Failure) 171M->171M(177M) 17.642ms
[2020-08-10T13:18:45.259+0300][2064.799s][info ][gc] GC(68079) Pause Young (Allocation Failure) 172M->172M(177M) 15.619ms
[2020-08-10T13:18:45.275+0300][2064.815s][info ][gc] GC(68080) Pause Young (Allocation Failure) 173M->173M(177M) 15.580ms
[2020-08-10T13:18:45.301+0300][2064.841s][info ][gc] GC(68081) Pause Young (Allocation Failure) 174M->174M(177M) 25.443ms
[2020-08-10T13:18:45.399+0300][2064.939s][debug][gc] GC(68082) Shrinking ParOldGen from 178688K by 125440K to 53248K
[2020-08-10T13:18:45.399+0300][2064.939s][info ][gc] GC(68082) Pause Full (Ergonomics) 174M->40M(54M) 98.306ms
[2020-08-10T13:18:45.436+0300][2064.976s][info ][gc] GC(68083) Pause Young (Allocation Failure) 41M->41M(54M) 35.701ms
[2020-08-10T13:18:45.450+0300][2064.991s][info ][gc] GC(68084) Pause Young (Allocation Failure) 42M->42M(54M) 13.883ms
[2020-08-10T13:18:45.465+0300][2065.005s][info ][gc] GC(68085) Pause Young (Allocation Failure) 43M->43M(54M) 13.969ms
[2020-08-10T13:18:45.480+0300][2065.020s][info ][gc] GC(68086) Pause Young (Allocation Failure) 44M->44M(54M) 13.891ms
[2020-08-10T13:18:45.495+0300][2065.035s][info ][gc] GC(68087) Pause Young (Allocation Failure) 45M->45M(54M) 13.841ms
[2020-08-10T13:18:45.509+0300][2065.049s][info ][gc] GC(68088) Pause Young (Allocation Failure) 46M->46M(54M) 13.843ms
[2020-08-10T13:18:45.523+0300][2065.064s][info ][gc] GC(68089) Pause Young (Allocation Failure) 47M->47M(54M) 13.867ms
[2020-08-10T13:18:45.538+0300][2065.078s][info ][gc] GC(68090) Pause Young (Allocation Failure) 48M->48M(54M) 13.729ms
[2020-08-10T13:18:45.552+0300][2065.092s][info ][gc] GC(68091) Pause Young (Allocation Failure) 49M->49M(54M) 13.884ms
[2020-08-10T13:18:45.567+0300][2065.107s][info ][gc] GC(68092) Pause Young (Allocation Failure) 50M->50M(54M) 14.321ms
[2020-08-10T13:18:45.581+0300][2065.122s][info ][gc] GC(68093) Pause Young (Allocation Failure) 51M->51M(54M) 13.868ms
[2020-08-10T13:18:45.596+0300][2065.136s][info ][gc] GC(68094) Pause Young (Allocation Failure) 52M->52M(54M) 13.990ms
[2020-08-10T13:18:45.719+0300][2065.260s][debug][gc] GC(68095) Expanding ParOldGen from 53248K by 11264K to 64512K
[2020-08-10T13:18:45.720+0300][2065.260s][info ][gc] GC(68095) Pause Full (Ergonomics) 52M->51M(65M) 123.629ms
[2020-08-10T13:18:45.744+0300][2065.284s][info ][gc] GC(68096) Pause Young (Allocation Failure) 52M->52M(65M) 24.170ms
[2020-08-10T13:18:45.765+0300][2065.305s][info ][gc] GC(68097) Pause Young (Allocation Failure) 53M->53M(65M) 20.011ms
[2020-08-10T13:18:45.779+0300][2065.320s][info ][gc] GC(68098) Pause Young (Allocation Failure) 54M->54M(65M) 14.149ms
[2020-08-10T13:18:45.794+0300][2065.334s][info ][gc] GC(68099) Pause Young (Allocation Failure) 55M->55M(65M) 14.161ms
[2020-08-10T13:18:45.809+0300][2065.350s][info ][gc] GC(68100) Pause Young (Allocation Failure) 56M->56M(64M) 14.787ms
[2020-08-10T13:18:45.839+0300][2065.379s][info ][gc] GC(68101) Pause Young (Allocation Failure) 57M->57M(65M) 28.983ms
[2020-08-10T13:18:45.855+0300][2065.395s][info ][gc] GC(68102) Pause Young (Allocation Failure) 58M->58M(65M) 15.303ms
[2020-08-10T13:18:45.869+0300][2065.410s][info ][gc] GC(68103) Pause Young (Allocation Failure) 59M->59M(65M) 13.791ms
[2020-08-10T13:18:45.884+0300][2065.424s][info ][gc] GC(68104) Pause Young (Allocation Failure) 60M->60M(65M) 14.285ms
[2020-08-10T13:18:45.902+0300][2065.443s][info ][gc] GC(68105) Pause Young (Allocation Failure) 61M->61M(65M) 17.702ms
[2020-08-10T13:18:45.917+0300][2065.457s][info ][gc] GC(68106) Pause Young (Allocation Failure) 62M->62M(65M) 13.877ms
[2020-08-10T13:18:45.934+0300][2065.475s][info ][gc] GC(68107) Pause Young (Allocation Failure) 63M->63M(65M) 17.413ms
[2020-08-10T13:18:46.100+0300][2065.640s][debug][gc] GC(68108) Expanding ParOldGen from 64512K by 11776K to 76288K
[2020-08-10T13:18:46.100+0300][2065.641s][info ][gc] GC(68108) Pause Full (Ergonomics) 63M->62M(77M) 165.676ms
[2020-08-10T13:18:46.114+0300][2065.654s][info ][gc] GC(68109) Pause Young (Allocation Failure) 63M->63M(77M) 13.338ms
[2020-08-10T13:18:46.128+0300][2065.669s][info ][gc] GC(68110) Pause Young (Allocation Failure) 64M->64M(77M) 13.921ms
[2020-08-10T13:18:46.143+0300][2065.683s][info ][gc] GC(68111) Pause Young (Allocation Failure) 65M->65M(77M) 13.814ms
[2020-08-10T13:18:46.157+0300][2065.697s][info ][gc] GC(68112) Pause Young (Allocation Failure) 66M->66M(77M) 13.811ms
[2020-08-10T13:18:46.175+0300][2065.715s][info ][gc] GC(68113) Pause Young (Allocation Failure) 67M->67M(77M) 17.464ms
[2020-08-10T13:18:46.189+0300][2065.730s][info ][gc] GC(68114) Pause Young (Allocation Failure) 68M->68M(77M) 14.203ms
[2020-08-10T13:18:46.205+0300][2065.745s][info ][gc] GC(68115) Pause Young (Allocation Failure) 69M->69M(77M) 14.828ms
[2020-08-10T13:18:46.219+0300][2065.759s][info ][gc] GC(68116) Pause Young (Allocation Failure) 70M->70M(77M) 14.013ms
[2020-08-10T13:18:46.234+0300][2065.774s][info ][gc] GC(68117) Pause Young (Allocation Failure) 71M->71M(77M) 13.988ms
[2020-08-10T13:18:46.249+0300][2065.789s][info ][gc] GC(68118) Pause Young (Allocation Failure) 72M->72M(77M) 14.570ms
[2020-08-10T13:18:46.263+0300][2065.804s][info ][gc] GC(68119) Pause Young (Allocation Failure) 73M->73M(77M) 14.179ms
[2020-08-10T13:18:46.278+0300][2065.818s][info ][gc] GC(68120) Pause Young (Allocation Failure) 74M->74M(77M) 13.879ms
[2020-08-10T13:18:46.481+0300][2066.022s][debug][gc] GC(68121) Expanding ParOldGen from 76288K by 11264K to 87552K
[2020-08-10T13:18:46.481+0300][2066.022s][info ][gc] GC(68121) Pause Full (Ergonomics) 74M->74M(88M) 203.562ms
[2020-08-10T13:18:46.495+0300][2066.036s][info ][gc] GC(68122) Pause Young (Allocation Failure) 75M->75M(88M) 13.532ms
[2020-08-10T13:18:46.510+0300][2066.050s][info ][gc] GC(68123) Pause Young (Allocation Failure) 76M->76M(88M) 14.143ms
[2020-08-10T13:18:46.525+0300][2066.066s][info ][gc] GC(68124) Pause Young (Allocation Failure) 77M->77M(88M) 14.907ms
[2020-08-10T13:18:46.542+0300][2066.082s][info ][gc] GC(68125) Pause Young (Allocation Failure) 78M->78M(88M) 16.280ms
[2020-08-10T13:18:46.557+0300][2066.097s][info ][gc] GC(68126) Pause Young (Allocation Failure) 79M->78M(88M) 14.019ms
[2020-08-10T13:18:46.571+0300][2066.112s][info ][gc] GC(68127) Pause Young (Allocation Failure) 79M->79M(88M) 14.127ms
[2020-08-10T13:18:46.590+0300][2066.130s][info ][gc] GC(68128) Pause Young (Allocation Failure) 80M->80M(88M) 17.567ms
[2020-08-10T13:18:46.605+0300][2066.145s][info ][gc] GC(68129) Pause Young (Allocation Failure) 81M->81M(88M) 14.533ms
[2020-08-10T13:18:46.621+0300][2066.161s][info ][gc] GC(68130) Pause Young (Allocation Failure) 82M->82M(88M) 15.720ms
[2020-08-10T13:18:46.635+0300][2066.176s][info ][gc] GC(68131) Pause Young (Allocation Failure) 83M->83M(88M) 14.013ms
[2020-08-10T13:18:46.650+0300][2066.190s][info ][gc] GC(68132) Pause Young (Allocation Failure) 84M->84M(88M) 14.150ms
[2020-08-10T13:18:46.665+0300][2066.205s][info ][gc] GC(68133) Pause Young (Allocation Failure) 85M->85M(88M) 14.169ms
[2020-08-10T13:18:46.921+0300][2066.461s][debug][gc] GC(68134) Expanding ParOldGen from 87552K by 11264K to 98816K
[2020-08-10T13:18:46.921+0300][2066.462s][info ][gc] GC(68134) Pause Full (Ergonomics) 85M->85M(99M) 256.271ms
[2020-08-10T13:18:46.936+0300][2066.477s][info ][gc] GC(68135) Pause Young (Allocation Failure) 86M->86M(99M) 14.889ms
[2020-08-10T13:18:46.951+0300][2066.492s][info ][gc] GC(68136) Pause Young (Allocation Failure) 87M->87M(99M) 14.260ms
[2020-08-10T13:18:46.966+0300][2066.506s][info ][gc] GC(68137) Pause Young (Allocation Failure) 88M->88M(99M) 14.139ms
[2020-08-10T13:18:46.983+0300][2066.523s][info ][gc] GC(68138) Pause Young (Allocation Failure) 89M->89M(99M) 16.335ms
[2020-08-10T13:18:46.997+0300][2066.538s][info ][gc] GC(68139) Pause Young (Allocation Failure) 90M->90M(99M) 14.221ms
[2020-08-10T13:18:47.012+0300][2066.552s][info ][gc] GC(68140) Pause Young (Allocation Failure) 91M->91M(99M) 14.168ms
[2020-08-10T13:18:47.030+0300][2066.570s][info ][gc] GC(68141) Pause Young (Allocation Failure) 92M->91M(98M) 17.160ms
[2020-08-10T13:18:47.044+0300][2066.585s][info ][gc] GC(68142) Pause Young (Allocation Failure) 92M->92M(98M) 14.369ms
[2020-08-10T13:18:47.059+0300][2066.599s][info ][gc] GC(68143) Pause Young (Allocation Failure) 93M->93M(98M) 14.020ms
[2020-08-10T13:18:47.073+0300][2066.614s][info ][gc] GC(68144) Pause Young (Allocation Failure) 94M->94M(98M) 14.101ms
[2020-08-10T13:18:47.088+0300][2066.628s][info ][gc] GC(68145) Pause Young (Allocation Failure) 95M->95M(98M) 14.163ms
[2020-08-10T13:18:47.103+0300][2066.643s][info ][gc] GC(68146) Pause Young (Allocation Failure) 96M->96M(98M) 14.496ms
[2020-08-10T13:18:47.443+0300][2066.984s][debug][gc] GC(68147) Expanding ParOldGen from 98816K by 11264K to 110080K
[2020-08-10T13:18:47.444+0300][2066.984s][info ][gc] GC(68147) Pause Full (Ergonomics) 96M->96M(109M) 340.575ms
[2020-08-10T13:18:47.481+0300][2067.022s][info ][gc] GC(68148) Pause Young (Allocation Failure) 97M->97M(109M) 37.420ms
[2020-08-10T13:18:47.510+0300][2067.050s][info ][gc] GC(68149) Pause Young (Allocation Failure) 98M->98M(109M) 27.677ms
[2020-08-10T13:18:47.526+0300][2067.066s][info ][gc] GC(68150) Pause Young (Allocation Failure) 99M->99M(109M) 15.616ms
[2020-08-10T13:18:47.545+0300][2067.086s][info ][gc] GC(68151) Pause Young (Allocation Failure) 100M->100M(109M) 18.760ms
[2020-08-10T13:18:47.561+0300][2067.101s][info ][gc] GC(68152) Pause Young (Allocation Failure) 101M->101M(109M) 14.983ms
[2020-08-10T13:18:47.579+0300][2067.120s][info ][gc] GC(68153) Pause Young (Allocation Failure) 102M->102M(109M) 17.982ms
[2020-08-10T13:18:47.599+0300][2067.140s][info ][gc] GC(68154) Pause Young (Allocation Failure) 103M->103M(109M) 19.665ms
[2020-08-10T13:18:47.616+0300][2067.156s][info ][gc] GC(68155) Pause Young (Allocation Failure) 104M->104M(109M) 15.537ms
[2020-08-10T13:18:47.632+0300][2067.172s][info ][gc] GC(68156) Pause Young (Allocation Failure) 105M->105M(109M) 15.266ms
[2020-08-10T13:18:47.647+0300][2067.188s][info ][gc] GC(68157) Pause Young (Allocation Failure) 106M->106M(109M) 15.517ms
[2020-08-10T13:18:47.664+0300][2067.204s][info ][gc] GC(68158) Pause Young (Allocation Failure) 107M->107M(109M) 15.757ms
[2020-08-10T13:18:47.680+0300][2067.221s][info ][gc] GC(68159) Pause Young (Allocation Failure) 108M->107M(109M) 15.863ms
[2020-08-10T13:18:48.028+0300][2067.569s][debug][gc] GC(68160) Expanding ParOldGen from 110080K by 11264K to 121344K
[2020-08-10T13:18:48.028+0300][2067.569s][info ][gc] GC(68160) Pause Full (Ergonomics) 107M->107M(120M) 347.860ms
[2020-08-10T13:18:48.068+0300][2067.609s][info ][gc] GC(68161) Pause Young (Allocation Failure) 108M->108M(120M) 39.099ms
[2020-08-10T13:18:48.090+0300][2067.630s][info ][gc] GC(68162) Pause Young (Allocation Failure) 109M->109M(120M) 20.972ms
[2020-08-10T13:18:48.112+0300][2067.653s][info ][gc] GC(68163) Pause Young (Allocation Failure) 110M->110M(120M) 22.401ms
[2020-08-10T13:18:48.132+0300][2067.673s][info ][gc] GC(68164) Pause Young (Allocation Failure) 111M->111M(120M) 19.068ms
[2020-08-10T13:18:48.155+0300][2067.696s][info ][gc] GC(68165) Pause Young (Allocation Failure) 112M->112M(120M) 22.894ms
[2020-08-10T13:18:48.179+0300][2067.719s][info ][gc] GC(68166) Pause Young (Allocation Failure) 113M->113M(120M) 22.876ms
[2020-08-10T13:18:48.197+0300][2067.738s][info ][gc] GC(68167) Pause Young (Allocation Failure) 114M->114M(120M) 17.908ms
[2020-08-10T13:18:48.219+0300][2067.759s][info ][gc] GC(68168) Pause Young (Allocation Failure) 115M->115M(120M) 21.332ms
[2020-08-10T13:18:48.236+0300][2067.776s][info ][gc] GC(68169) Pause Young (Allocation Failure) 116M->116M(120M) 16.169ms
[2020-08-10T13:18:48.252+0300][2067.793s][info ][gc] GC(68170) Pause Young (Allocation Failure) 117M->117M(120M) 16.373ms
[2020-08-10T13:18:48.270+0300][2067.810s][info ][gc] GC(68171) Pause Young (Allocation Failure) 118M->118M(120M) 16.948ms
[2020-08-10T13:18:48.287+0300][2067.827s][info ][gc] GC(68172) Pause Young (Allocation Failure) 119M->119M(120M) 16.538ms
[2020-08-10T13:18:48.660+0300][2068.200s][debug][gc] GC(68173) Expanding ParOldGen from 121344K by 11776K to 133120K
[2020-08-10T13:18:48.660+0300][2068.201s][info ][gc] GC(68173) Pause Full (Ergonomics) 119M->118M(132M) 373.125ms
[2020-08-10T13:18:48.698+0300][2068.238s][info ][gc] GC(68174) Pause Young (Allocation Failure) 119M->119M(132M) 37.502ms
[2020-08-10T13:18:48.725+0300][2068.266s][info ][gc] GC(68175) Pause Young (Allocation Failure) 120M->120M(132M) 26.711ms
[2020-08-10T13:18:48.748+0300][2068.289s][info ][gc] GC(68176) Pause Young (Allocation Failure) 121M->121M(132M) 22.676ms
[2020-08-10T13:18:48.773+0300][2068.314s][info ][gc] GC(68177) Pause Young (Allocation Failure) 122M->122M(131M) 24.254ms
[2020-08-10T13:18:48.790+0300][2068.330s][info ][gc] GC(68178) Pause Young (Allocation Failure) 123M->123M(132M) 16.057ms
[2020-08-10T13:18:48.808+0300][2068.349s][info ][gc] GC(68179) Pause Young (Allocation Failure) 123M->123M(132M) 17.879ms
[2020-08-10T13:18:48.823+0300][2068.364s][info ][gc] GC(68180) Pause Young (Allocation Failure) 124M->124M(132M) 14.796ms
[2020-08-10T13:18:48.838+0300][2068.379s][info ][gc] GC(68181) Pause Young (Allocation Failure) 124M->124M(132M) 14.700ms
[2020-08-10T13:18:48.854+0300][2068.394s][info ][gc] GC(68182) Pause Young (Allocation Failure) 125M->125M(132M) 14.677ms
[2020-08-10T13:18:48.872+0300][2068.412s][info ][gc] GC(68183) Pause Young (Allocation Failure) 125M->125M(132M) 17.510ms
[2020-08-10T13:18:48.890+0300][2068.431s][info ][gc] GC(68184) Pause Young (Allocation Failure) 125M->125M(132M) 18.055ms
[2020-08-10T13:18:48.909+0300][2068.450s][info ][gc] GC(68185) Pause Young (Allocation Failure) 126M->126M(132M) 18.352ms
[2020-08-10T13:18:48.930+0300][2068.470s][info ][gc] GC(68186) Pause Young (Allocation Failure) 126M->126M(132M) 20.187ms
[2020-08-10T13:18:48.947+0300][2068.487s][info ][gc] GC(68187) Pause Young (Allocation Failure) 127M->127M(132M) 16.489ms
[2020-08-10T13:18:48.963+0300][2068.504s][info ][gc] GC(68188) Pause Young (Allocation Failure) 127M->127M(132M) 16.305ms
[2020-08-10T13:18:48.982+0300][2068.522s][info ][gc] GC(68189) Pause Young (Allocation Failure) 128M->128M(132M) 17.988ms
[2020-08-10T13:18:49.000+0300][2068.540s][info ][gc] GC(68190) Pause Young (Allocation Failure) 128M->128M(132M) 17.681ms
[2020-08-10T13:18:49.019+0300][2068.559s][info ][gc] GC(68191) Pause Young (Allocation Failure) 129M->129M(132M) 18.514ms
[2020-08-10T13:18:49.038+0300][2068.578s][info ][gc] GC(68192) Pause Young (Allocation Failure) 129M->129M(132M) 18.589ms
[2020-08-10T13:18:49.478+0300][2069.018s][debug][gc] GC(68193) Expanding ParOldGen from 133120K by 10752K to 143872K
[2020-08-10T13:18:49.478+0300][2069.019s][info ][gc] GC(68193) Pause Full (Ergonomics) 129M->129M(142M) 440.195ms
[2020-08-10T13:18:49.506+0300][2069.046s][info ][gc] GC(68194) Pause Young (Allocation Failure) 129M->129M(142M) 27.252ms
[2020-08-10T13:18:49.522+0300][2069.063s][info ][gc] GC(68195) Pause Young (Allocation Failure) 130M->130M(141M) 15.949ms
[2020-08-10T13:18:49.541+0300][2069.082s][info ][gc] GC(68196) Pause Young (Allocation Failure) 130M->130M(142M) 18.748ms
[2020-08-10T13:18:49.561+0300][2069.102s][info ][gc] GC(68197) Pause Young (Allocation Failure) 131M->131M(142M) 19.593ms
[2020-08-10T13:18:49.576+0300][2069.117s][info ][gc] GC(68198) Pause Young (Allocation Failure) 131M->131M(142M) 14.771ms
[2020-08-10T13:18:49.592+0300][2069.132s][info ][gc] GC(68199) Pause Young (Allocation Failure) 132M->131M(142M) 15.128ms
[2020-08-10T13:18:49.607+0300][2069.148s][info ][gc] GC(68200) Pause Young (Allocation Failure) 132M->132M(142M) 14.956ms
[2020-08-10T13:18:49.623+0300][2069.163s][info ][gc] GC(68201) Pause Young (Allocation Failure) 132M->132M(142M) 14.960ms
[2020-08-10T13:18:49.638+0300][2069.179s][info ][gc] GC(68202) Pause Young (Allocation Failure) 133M->133M(142M) 15.004ms
[2020-08-10T13:18:49.653+0300][2069.194s][info ][gc] GC(68203) Pause Young (Allocation Failure) 133M->133M(142M) 15.010ms
[2020-08-10T13:18:49.671+0300][2069.211s][info ][gc] GC(68204) Pause Young (Allocation Failure) 134M->134M(142M) 16.942ms
[2020-08-10T13:18:49.687+0300][2069.227s][info ][gc] GC(68205) Pause Young (Allocation Failure) 134M->134M(142M) 14.835ms
[2020-08-10T13:18:49.702+0300][2069.242s][info ][gc] GC(68206) Pause Young (Allocation Failure) 135M->135M(142M) 14.668ms
[2020-08-10T13:18:49.719+0300][2069.260s][info ][gc] GC(68207) Pause Young (Allocation Failure) 135M->135M(142M) 16.816ms
[2020-08-10T13:18:49.740+0300][2069.280s][info ][gc] GC(68208) Pause Young (Allocation Failure) 136M->136M(142M) 20.216ms
[2020-08-10T13:18:49.755+0300][2069.296s][info ][gc] GC(68209) Pause Young (Allocation Failure) 136M->136M(142M) 14.983ms
[2020-08-10T13:18:49.771+0300][2069.311s][info ][gc] GC(68210) Pause Young (Allocation Failure) 137M->137M(142M) 15.179ms
[2020-08-10T13:18:49.789+0300][2069.329s][info ][gc] GC(68211) Pause Young (Allocation Failure) 137M->137M(142M) 17.646ms
[2020-08-10T13:18:49.804+0300][2069.345s][info ][gc] GC(68212) Pause Young (Allocation Failure) 138M->137M(142M) 14.964ms
[2020-08-10T13:18:49.822+0300][2069.363s][info ][gc] GC(68213) Pause Young (Allocation Failure) 138M->138M(142M) 17.834ms
[2020-08-10T13:18:49.839+0300][2069.380s][info ][gc] GC(68214) Pause Young (Allocation Failure) 138M->138M(142M) 16.391ms
[2020-08-10T13:18:49.855+0300][2069.395s][info ][gc] GC(68215) Pause Young (Allocation Failure) 139M->139M(142M) 15.213ms
[2020-08-10T13:18:49.871+0300][2069.411s][info ][gc] GC(68216) Pause Young (Allocation Failure) 139M->139M(142M) 15.456ms
[2020-08-10T13:18:49.887+0300][2069.428s][info ][gc] GC(68217) Pause Young (Allocation Failure) 140M->140M(142M) 15.869ms
[2020-08-10T13:18:49.906+0300][2069.447s][info ][gc] GC(68218) Pause Young (Allocation Failure) 140M->140M(142M) 18.774ms
[2020-08-10T13:18:50.400+0300][2069.940s][debug][gc] GC(68219) Expanding ParOldGen from 143872K by 10752K to 154624K
[2020-08-10T13:18:50.400+0300][2069.940s][info ][gc] GC(68219) Pause Full (Ergonomics) 140M->140M(152M) 493.587ms
[2020-08-10T13:18:50.433+0300][2069.974s][info ][gc] GC(68220) Pause Young (Allocation Failure) 140M->140M(152M) 32.794ms
[2020-08-10T13:18:50.461+0300][2070.001s][info ][gc] GC(68221) Pause Young (Allocation Failure) 141M->141M(152M) 26.645ms
[2020-08-10T13:18:50.478+0300][2070.018s][info ][gc] GC(68222) Pause Young (Allocation Failure) 141M->141M(152M) 16.480ms
[2020-08-10T13:18:50.494+0300][2070.035s][info ][gc] GC(68223) Pause Young (Allocation Failure) 142M->141M(152M) 16.086ms
[2020-08-10T13:18:50.511+0300][2070.051s][info ][gc] GC(68224) Pause Young (Allocation Failure) 142M->142M(152M) 15.552ms
[2020-08-10T13:18:50.527+0300][2070.067s][info ][gc] GC(68225) Pause Young (Allocation Failure) 142M->142M(152M) 15.674ms
[2020-08-10T13:18:50.543+0300][2070.083s][info ][gc] GC(68226) Pause Young (Allocation Failure) 143M->143M(152M) 15.599ms
[2020-08-10T13:18:50.559+0300][2070.099s][info ][gc] GC(68227) Pause Young (Allocation Failure) 143M->143M(152M) 15.461ms
[2020-08-10T13:18:50.575+0300][2070.116s][info ][gc] GC(68228) Pause Young (Allocation Failure) 144M->144M(152M) 15.897ms
[2020-08-10T13:18:50.591+0300][2070.132s][info ][gc] GC(68229) Pause Young (Allocation Failure) 144M->144M(152M) 15.760ms
[2020-08-10T13:18:50.607+0300][2070.148s][info ][gc] GC(68230) Pause Young (Allocation Failure) 145M->145M(152M) 15.817ms
[2020-08-10T13:18:50.645+0300][2070.186s][info ][gc] GC(68231) Pause Young (Allocation Failure) 145M->145M(152M) 36.806ms
[2020-08-10T13:18:50.665+0300][2070.206s][info ][gc] GC(68232) Pause Young (Allocation Failure) 146M->146M(152M) 20.159ms
[2020-08-10T13:18:50.696+0300][2070.236s][info ][gc] GC(68233) Pause Young (Allocation Failure) 146M->146M(152M) 29.859ms
[2020-08-10T13:18:50.712+0300][2070.253s][info ][gc] GC(68234) Pause Young (Allocation Failure) 147M->147M(152M) 16.011ms
[2020-08-10T13:18:50.713+0300][2070.253s][debug][gc] Expanding ParOldGen from 154624K by 19968K to 174592K
[2020-08-10T13:18:50.744+0300][2070.284s][info ][gc] GC(68235) Pause Young (Allocation Failure) 166M->166M(172M) 23.001ms
[2020-08-10T13:18:50.759+0300][2070.299s][info ][gc] GC(68236) Pause Young (Allocation Failure) 167M->167M(172M) 14.753ms
[2020-08-10T13:18:50.772+0300][2070.313s][info ][gc] GC(68237) Pause Young (Allocation Failure) 167M->167M(172M) 13.325ms
[2020-08-10T13:18:50.791+0300][2070.332s][info ][gc] GC(68238) Pause Young (Allocation Failure) 167M->167M(172M) 18.577ms
[2020-08-10T13:18:50.806+0300][2070.347s][info ][gc] GC(68239) Pause Young (Allocation Failure) 168M->168M(172M) 14.393ms
[2020-08-10T13:18:50.821+0300][2070.362s][info ][gc] GC(68240) Pause Young (Allocation Failure) 168M->168M(172M) 14.629ms
[2020-08-10T13:18:50.835+0300][2070.376s][info ][gc] GC(68241) Pause Young (Allocation Failure) 169M->169M(172M) 13.518ms
[2020-08-10T13:18:50.850+0300][2070.391s][info ][gc] GC(68242) Pause Young (Allocation Failure) 169M->169M(172M) 14.379ms
[2020-08-10T13:18:50.864+0300][2070.405s][info ][gc] GC(68243) Pause Young (Allocation Failure) 170M->170M(172M) 13.481ms
[2020-08-10T13:18:50.879+0300][2070.420s][info ][gc] GC(68244) Pause Young (Allocation Failure) 170M->170M(172M) 14.058ms
[2020-08-10T13:18:50.950+0300][2070.490s][debug][gc] GC(68245) Shrinking ParOldGen from 174592K by 125952K to 48640K
[2020-08-10T13:18:50.950+0300][2070.490s][info ][gc] GC(68245) Pause Full (Ergonomics) 170M->36M(49M) 70.727ms
[2020-08-10T13:18:50.964+0300][2070.505s][info ][gc] GC(68246) Pause Young (Allocation Failure) 37M->37M(49M) 13.794ms
[2020-08-10T13:18:50.979+0300][2070.520s][info ][gc] GC(68247) Pause Young (Allocation Failure) 37M->37M(49M) 15.058ms
[2020-08-10T13:18:50.993+0300][2070.534s][info ][gc] GC(68248) Pause Young (Allocation Failure) 38M->38M(49M) 13.617ms
[2020-08-10T13:18:51.007+0300][2070.548s][info ][gc] GC(68249) Pause Young (Allocation Failure) 38M->38M(49M) 13.441ms
[2020-08-10T13:18:51.021+0300][2070.562s][info ][gc] GC(68250) Pause Young (Allocation Failure) 39M->39M(49M) 13.474ms
[2020-08-10T13:18:51.035+0300][2070.575s][info ][gc] GC(68251) Pause Young (Allocation Failure) 39M->39M(49M) 13.305ms
[2020-08-10T13:18:51.048+0300][2070.589s][info ][gc] GC(68252) Pause Young (Allocation Failure) 40M->39M(49M) 13.237ms
[2020-08-10T13:18:51.062+0300][2070.603s][info ][gc] GC(68253) Pause Young (Allocation Failure) 40M->40M(49M) 13.404ms
[2020-08-10T13:18:51.085+0300][2070.626s][info ][gc] GC(68254) Pause Young (Allocation Failure) 40M->40M(49M) 22.431ms
[2020-08-10T13:18:51.101+0300][2070.641s][info ][gc] GC(68255) Pause Young (Allocation Failure) 41M->41M(49M) 15.420ms
[2020-08-10T13:18:51.115+0300][2070.655s][info ][gc] GC(68256) Pause Young (Allocation Failure) 41M->41M(49M) 13.492ms
[2020-08-10T13:18:51.130+0300][2070.671s][info ][gc] GC(68257) Pause Young (Allocation Failure) 42M->42M(49M) 15.134ms
[2020-08-10T13:18:51.144+0300][2070.684s][info ][gc] GC(68258) Pause Young (Allocation Failure) 42M->42M(49M) 13.367ms
[2020-08-10T13:18:51.158+0300][2070.698s][info ][gc] GC(68259) Pause Young (Allocation Failure) 43M->43M(49M) 13.579ms
[2020-08-10T13:18:51.172+0300][2070.712s][info ][gc] GC(68260) Pause Young (Allocation Failure) 43M->43M(49M) 13.385ms
[2020-08-10T13:18:51.185+0300][2070.726s][info ][gc] GC(68261) Pause Young (Allocation Failure) 44M->44M(49M) 13.499ms
[2020-08-10T13:18:51.199+0300][2070.740s][info ][gc] GC(68262) Pause Young (Allocation Failure) 44M->44M(49M) 13.382ms
[2020-08-10T13:18:51.213+0300][2070.754s][info ][gc] GC(68263) Pause Young (Allocation Failure) 45M->45M(49M) 13.422ms
[2020-08-10T13:18:51.238+0300][2070.778s][info ][gc] GC(68264) Pause Young (Allocation Failure) 45M->45M(49M) 24.153ms
[2020-08-10T13:18:51.252+0300][2070.792s][info ][gc] GC(68265) Pause Young (Allocation Failure) 46M->46M(49M) 13.427ms
[2020-08-10T13:18:51.266+0300][2070.806s][info ][gc] GC(68266) Pause Young (Allocation Failure) 46M->46M(49M) 13.386ms
[2020-08-10T13:18:51.279+0300][2070.820s][info ][gc] GC(68267) Pause Young (Allocation Failure) 47M->46M(49M) 13.284ms
[2020-08-10T13:18:51.294+0300][2070.835s][info ][gc] GC(68268) Pause Young (Allocation Failure) 47M->47M(49M) 14.543ms
[2020-08-10T13:18:51.308+0300][2070.849s][info ][gc] GC(68269) Pause Young (Allocation Failure) 47M->47M(49M) 13.647ms
[2020-08-10T13:18:51.434+0300][2070.974s][debug][gc] GC(68270) Expanding ParOldGen from 48640K by 10752K to 59392K
[2020-08-10T13:18:51.434+0300][2070.975s][info ][gc] GC(68270) Pause Full (Ergonomics) 47M->47M(59M) 125.265ms
[2020-08-10T13:18:51.448+0300][2070.989s][info ][gc] GC(68271) Pause Young (Allocation Failure) 48M->48M(59M) 13.493ms
[2020-08-10T13:18:51.463+0300][2071.004s][info ][gc] GC(68272) Pause Young (Allocation Failure) 48M->48M(59M) 14.916ms
[2020-08-10T13:18:51.478+0300][2071.019s][info ][gc] GC(68273) Pause Young (Allocation Failure) 49M->48M(59M) 13.104ms
[2020-08-10T13:18:51.492+0300][2071.033s][info ][gc] GC(68274) Pause Young (Allocation Failure) 49M->49M(59M) 13.281ms
[2020-08-10T13:18:51.515+0300][2071.056s][info ][gc] GC(68275) Pause Young (Allocation Failure) 49M->49M(59M) 22.493ms
[2020-08-10T13:18:51.529+0300][2071.070s][info ][gc] GC(68276) Pause Young (Allocation Failure) 50M->50M(59M) 13.308ms
[2020-08-10T13:18:51.550+0300][2071.091s][info ][gc] GC(68277) Pause Young (Allocation Failure) 50M->50M(59M) 20.645ms
[2020-08-10T13:18:51.565+0300][2071.105s][info ][gc] GC(68278) Pause Young (Allocation Failure) 51M->51M(59M) 13.450ms
[2020-08-10T13:18:51.580+0300][2071.120s][info ][gc] GC(68279) Pause Young (Allocation Failure) 51M->51M(59M) 14.733ms
[2020-08-10T13:18:51.595+0300][2071.136s][info ][gc] GC(68280) Pause Young (Allocation Failure) 52M->52M(59M) 15.167ms
[2020-08-10T13:18:51.609+0300][2071.150s][info ][gc] GC(68281) Pause Young (Allocation Failure) 52M->52M(59M) 13.539ms
[2020-08-10T13:18:51.623+0300][2071.164s][info ][gc] GC(68282) Pause Young (Allocation Failure) 53M->52M(59M) 13.558ms
[2020-08-10T13:18:51.637+0300][2071.178s][info ][gc] GC(68283) Pause Young (Allocation Failure) 53M->53M(59M) 13.416ms
[2020-08-10T13:18:51.651+0300][2071.192s][info ][gc] GC(68284) Pause Young (Allocation Failure) 53M->53M(59M) 13.474ms
[2020-08-10T13:18:51.665+0300][2071.206s][info ][gc] GC(68285) Pause Young (Allocation Failure) 54M->54M(59M) 13.323ms
[2020-08-10T13:18:51.680+0300][2071.221s][info ][gc] GC(68286) Pause Young (Allocation Failure) 54M->54M(59M) 13.968ms
[2020-08-10T13:18:51.694+0300][2071.235s][info ][gc] GC(68287) Pause Young (Allocation Failure) 55M->55M(59M) 13.218ms
[2020-08-10T13:18:51.707+0300][2071.248s][info ][gc] GC(68288) Pause Young (Allocation Failure) 55M->55M(59M) 13.246ms
[2020-08-10T13:18:51.721+0300][2071.262s][info ][gc] GC(68289) Pause Young (Allocation Failure) 56M->56M(59M) 13.243ms
[2020-08-10T13:18:51.735+0300][2071.276s][info ][gc] GC(68290) Pause Young (Allocation Failure) 56M->56M(59M) 13.296ms
[2020-08-10T13:18:51.750+0300][2071.291s][info ][gc] GC(68291) Pause Young (Allocation Failure) 57M->57M(59M) 14.804ms
[2020-08-10T13:18:51.764+0300][2071.304s][info ][gc] GC(68292) Pause Young (Allocation Failure) 57M->57M(59M) 13.278ms
[2020-08-10T13:18:51.779+0300][2071.320s][info ][gc] GC(68293) Pause Young (Allocation Failure) 58M->57M(59M) 14.920ms
[2020-08-10T13:18:51.932+0300][2071.472s][debug][gc] GC(68294) Expanding ParOldGen from 59392K by 10240K to 69632K
[2020-08-10T13:18:51.933+0300][2071.472s][info ][gc] GC(68294) Pause Full (Ergonomics) 57M->57M(69M) 152.432ms
[2020-08-10T13:18:51.946+0300][2071.486s][info ][gc] GC(68295) Pause Young (Allocation Failure) 57M->57M(69M) 13.124ms
[2020-08-10T13:18:51.967+0300][2071.507s][info ][gc] GC(68296) Pause Young (Allocation Failure) 58M->58M(69M) 20.517ms
[2020-08-10T13:18:51.981+0300][2071.521s][info ][gc] GC(68297) Pause Young (Allocation Failure) 58M->58M(69M) 13.460ms
[2020-08-10T13:18:52.009+0300][2071.548s][info ][gc] GC(68298) Pause Young (Allocation Failure) 59M->59M(69M) 27.321ms
[2020-08-10T13:18:52.027+0300][2071.567s][info ][gc] GC(68299) Pause Young (Allocation Failure) 59M->59M(69M) 18.179ms
[2020-08-10T13:18:52.042+0300][2071.581s][info ][gc] GC(68300) Pause Young (Allocation Failure) 60M->60M(69M) 13.775ms
[2020-08-10T13:18:52.056+0300][2071.596s][info ][gc] GC(68301) Pause Young (Allocation Failure) 61M->61M(70M) 13.740ms
[2020-08-10T13:18:52.071+0300][2071.611s][info ][gc] GC(68302) Pause Young (Allocation Failure) 62M->62M(70M) 14.497ms
[2020-08-10T13:18:52.085+0300][2071.625s][info ][gc] GC(68303) Pause Young (Allocation Failure) 63M->63M(70M) 13.968ms
[2020-08-10T13:18:52.100+0300][2071.640s][info ][gc] GC(68304) Pause Young (Allocation Failure) 64M->64M(70M) 14.060ms
[2020-08-10T13:18:52.114+0300][2071.654s][info ][gc] GC(68305) Pause Young (Allocation Failure) 65M->65M(70M) 13.945ms
[2020-08-10T13:18:52.145+0300][2071.685s][info ][gc] GC(68306) Pause Young (Allocation Failure) 66M->66M(70M) 30.431ms
[2020-08-10T13:18:52.160+0300][2071.699s][info ][gc] GC(68307) Pause Young (Allocation Failure) 67M->67M(70M) 14.040ms
[2020-08-10T13:18:52.180+0300][2071.720s][info ][gc] GC(68308) Pause Young (Allocation Failure) 68M->68M(70M) 20.135ms
[2020-08-10T13:18:52.386+0300][2071.926s][debug][gc] GC(68309) Expanding ParOldGen from 69632K by 11776K to 81408K
[2020-08-10T13:18:52.386+0300][2071.926s][info ][gc] GC(68309) Pause Full (Ergonomics) 68M->67M(82M) 205.519ms
[2020-08-10T13:18:52.414+0300][2071.954s][info ][gc] GC(68310) Pause Young (Allocation Failure) 68M->68M(82M) 27.989ms
[2020-08-10T13:18:52.429+0300][2071.969s][info ][gc] GC(68311) Pause Young (Allocation Failure) 69M->69M(82M) 14.149ms
[2020-08-10T13:18:52.444+0300][2071.984s][info ][gc] GC(68312) Pause Young (Allocation Failure) 70M->70M(82M) 13.969ms
[2020-08-10T13:18:52.459+0300][2071.999s][info ][gc] GC(68313) Pause Young (Allocation Failure) 71M->71M(82M) 14.285ms
[2020-08-10T13:18:52.474+0300][2072.014s][info ][gc] GC(68314) Pause Young (Allocation Failure) 72M->72M(82M) 14.046ms
[2020-08-10T13:18:52.489+0300][2072.029s][info ][gc] GC(68315) Pause Young (Allocation Failure) 73M->73M(82M) 14.461ms
[2020-08-10T13:18:52.504+0300][2072.043s][info ][gc] GC(68316) Pause Young (Allocation Failure) 74M->74M(82M) 13.797ms
[2020-08-10T13:18:52.524+0300][2072.064s][info ][gc] GC(68317) Pause Young (Allocation Failure) 75M->75M(82M) 19.805ms
[2020-08-10T13:18:52.539+0300][2072.079s][info ][gc] GC(68318) Pause Young (Allocation Failure) 76M->76M(82M) 14.061ms
[2020-08-10T13:18:52.554+0300][2072.094s][info ][gc] GC(68319) Pause Young (Allocation Failure) 77M->77M(82M) 14.030ms
[2020-08-10T13:18:52.569+0300][2072.109s][info ][gc] GC(68320) Pause Young (Allocation Failure) 78M->78M(82M) 14.447ms
[2020-08-10T13:18:52.595+0300][2072.135s][info ][gc] GC(68321) Pause Young (Allocation Failure) 79M->79M(82M) 25.641ms
[2020-08-10T13:18:52.822+0300][2072.361s][debug][gc] GC(68322) Expanding ParOldGen from 81408K by 11264K to 92672K
[2020-08-10T13:18:52.822+0300][2072.361s][info ][gc] GC(68322) Pause Full (Ergonomics) 79M->79M(93M) 226.625ms
[2020-08-10T13:18:52.836+0300][2072.376s][info ][gc] GC(68323) Pause Young (Allocation Failure) 80M->79M(93M) 13.514ms
[2020-08-10T13:18:52.863+0300][2072.403s][info ][gc] GC(68324) Pause Young (Allocation Failure) 80M->80M(93M) 26.673ms
[2020-08-10T13:18:52.889+0300][2072.428s][info ][gc] GC(68325) Pause Young (Allocation Failure) 81M->81M(93M) 25.184ms
[2020-08-10T13:18:52.903+0300][2072.443s][info ][gc] GC(68326) Pause Young (Allocation Failure) 82M->82M(93M) 14.302ms
[2020-08-10T13:18:52.922+0300][2072.462s][info ][gc] GC(68327) Pause Young (Allocation Failure) 83M->83M(93M) 18.065ms
[2020-08-10T13:18:52.937+0300][2072.477s][info ][gc] GC(68328) Pause Young (Allocation Failure) 84M->84M(93M) 14.215ms
[2020-08-10T13:18:52.956+0300][2072.496s][info ][gc] GC(68329) Pause Young (Allocation Failure) 85M->85M(93M) 18.810ms
[2020-08-10T13:18:52.977+0300][2072.517s][info ][gc] GC(68330) Pause Young (Allocation Failure) 86M->86M(93M) 19.626ms
[2020-08-10T13:18:52.991+0300][2072.531s][info ][gc] GC(68331) Pause Young (Allocation Failure) 87M->87M(93M) 14.209ms
[2020-08-10T13:18:53.006+0300][2072.546s][info ][gc] GC(68332) Pause Young (Allocation Failure) 88M->88M(93M) 14.343ms
[2020-08-10T13:18:53.028+0300][2072.568s][info ][gc] GC(68333) Pause Young (Allocation Failure) 89M->89M(93M) 21.552ms
[2020-08-10T13:18:53.044+0300][2072.583s][info ][gc] GC(68334) Pause Young (Allocation Failure) 90M->90M(93M) 14.254ms
[2020-08-10T13:18:53.288+0300][2072.828s][debug][gc] GC(68335) Expanding ParOldGen from 92672K by 11776K to 104448K
[2020-08-10T13:18:53.288+0300][2072.828s][info ][gc] GC(68335) Pause Full (Ergonomics) 90M->90M(104M) 244.702ms
[2020-08-10T13:18:53.303+0300][2072.843s][info ][gc] GC(68336) Pause Young (Allocation Failure) 91M->91M(104M) 13.785ms
[2020-08-10T13:18:53.332+0300][2072.872s][info ][gc] GC(68337) Pause Young (Allocation Failure) 92M->92M(104M) 28.392ms
[2020-08-10T13:18:53.347+0300][2072.887s][info ][gc] GC(68338) Pause Young (Allocation Failure) 93M->93M(104M) 14.308ms
[2020-08-10T13:18:53.362+0300][2072.902s][info ][gc] GC(68339) Pause Young (Allocation Failure) 94M->94M(104M) 14.258ms
[2020-08-10T13:18:53.388+0300][2072.928s][info ][gc] GC(68340) Pause Young (Allocation Failure) 95M->95M(104M) 25.738ms
[2020-08-10T13:18:53.404+0300][2072.944s][info ][gc] GC(68341) Pause Young (Allocation Failure) 96M->96M(104M) 14.573ms
[2020-08-10T13:18:53.419+0300][2072.959s][info ][gc] GC(68342) Pause Young (Allocation Failure) 97M->96M(104M) 14.296ms
[2020-08-10T13:18:53.435+0300][2072.975s][info ][gc] GC(68343) Pause Young (Allocation Failure) 97M->97M(104M) 14.473ms
[2020-08-10T13:18:53.450+0300][2072.989s][info ][gc] GC(68344) Pause Young (Allocation Failure) 98M->98M(104M) 14.260ms
[2020-08-10T13:18:53.465+0300][2073.005s][info ][gc] GC(68345) Pause Young (Allocation Failure) 99M->99M(104M) 14.652ms
[2020-08-10T13:18:53.492+0300][2073.032s][info ][gc] GC(68346) Pause Young (Allocation Failure) 100M->100M(104M) 26.013ms
[2020-08-10T13:18:53.520+0300][2073.060s][info ][gc] GC(68347) Pause Young (Allocation Failure) 101M->101M(104M) 27.427ms
[2020-08-10T13:18:53.535+0300][2073.075s][info ][gc] GC(68348) Pause Young (Allocation Failure) 102M->102M(104M) 14.993ms
[2020-08-10T13:18:53.900+0300][2073.440s][debug][gc] GC(68349) Expanding ParOldGen from 104448K by 11776K to 116224K
[2020-08-10T13:18:53.900+0300][2073.440s][info ][gc] GC(68349) Pause Full (Ergonomics) 102M->102M(116M) 364.997ms
[2020-08-10T13:18:53.938+0300][2073.477s][info ][gc] GC(68350) Pause Young (Allocation Failure) 103M->103M(116M) 36.651ms
[2020-08-10T13:18:53.953+0300][2073.493s][info ][gc] GC(68351) Pause Young (Allocation Failure) 104M->104M(116M) 15.104ms
[2020-08-10T13:18:53.982+0300][2073.521s][info ][gc] GC(68352) Pause Young (Allocation Failure) 105M->105M(116M) 27.444ms
[2020-08-10T13:18:54.013+0300][2073.552s][info ][gc] GC(68353) Pause Young (Allocation Failure) 106M->106M(116M) 30.411ms
[2020-08-10T13:18:54.029+0300][2073.569s][info ][gc] GC(68354) Pause Young (Allocation Failure) 107M->107M(116M) 16.000ms
[2020-08-10T13:18:54.046+0300][2073.586s][info ][gc] GC(68355) Pause Young (Allocation Failure) 108M->108M(116M) 15.981ms
[2020-08-10T13:18:54.063+0300][2073.602s][info ][gc] GC(68356) Pause Young (Allocation Failure) 109M->109M(116M) 15.767ms
[2020-08-10T13:18:54.079+0300][2073.619s][info ][gc] GC(68357) Pause Young (Allocation Failure) 110M->110M(116M) 15.689ms
[2020-08-10T13:18:54.095+0300][2073.635s][info ][gc] GC(68358) Pause Young (Allocation Failure) 111M->111M(116M) 15.812ms
[2020-08-10T13:18:54.112+0300][2073.652s][info ][gc] GC(68359) Pause Young (Allocation Failure) 112M->111M(116M) 15.956ms
[2020-08-10T13:18:54.128+0300][2073.668s][info ][gc] GC(68360) Pause Young (Allocation Failure) 112M->112M(116M) 15.829ms
[2020-08-10T13:18:54.145+0300][2073.684s][info ][gc] GC(68361) Pause Young (Allocation Failure) 113M->113M(116M) 16.006ms
[2020-08-10T13:18:54.541+0300][2074.081s][debug][gc] GC(68362) Expanding ParOldGen from 116224K by 11264K to 127488K
[2020-08-10T13:18:54.541+0300][2074.081s][info ][gc] GC(68362) Pause Full (Ergonomics) 113M->113M(127M) 396.097ms
[2020-08-10T13:18:54.575+0300][2074.114s][info ][gc] GC(68363) Pause Young (Allocation Failure) 114M->114M(127M) 33.354ms
[2020-08-10T13:18:54.609+0300][2074.148s][info ][gc] GC(68364) Pause Young (Allocation Failure) 115M->115M(127M) 33.288ms
[2020-08-10T13:18:54.626+0300][2074.166s][info ][gc] GC(68365) Pause Young (Allocation Failure) 116M->116M(127M) 17.165ms
[2020-08-10T13:18:54.644+0300][2074.184s][info ][gc] GC(68366) Pause Young (Allocation Failure) 117M->117M(127M) 17.586ms
[2020-08-10T13:18:54.663+0300][2074.203s][info ][gc] GC(68367) Pause Young (Allocation Failure) 118M->118M(127M) 17.806ms
[2020-08-10T13:18:54.706+0300][2074.245s][info ][gc] GC(68368) Pause Young (Allocation Failure) 119M->119M(127M) 42.174ms
[2020-08-10T13:18:54.723+0300][2074.263s][info ][gc] GC(68369) Pause Young (Allocation Failure) 120M->120M(127M) 17.340ms
[2020-08-10T13:18:54.750+0300][2074.290s][info ][gc] GC(68370) Pause Young (Allocation Failure) 121M->121M(127M) 26.107ms
[2020-08-10T13:18:54.777+0300][2074.317s][info ][gc] GC(68371) Pause Young (Allocation Failure) 122M->122M(127M) 26.648ms
[2020-08-10T13:18:54.803+0300][2074.342s][info ][gc] GC(68372) Pause Young (Allocation Failure) 123M->123M(127M) 24.818ms
[2020-08-10T13:18:54.828+0300][2074.367s][info ][gc] GC(68373) Pause Young (Allocation Failure) 124M->124M(127M) 24.378ms
[2020-08-10T13:18:54.867+0300][2074.407s][info ][gc] GC(68374) Pause Young (Allocation Failure) 125M->125M(127M) 29.442ms
[2020-08-10T13:18:55.323+0300][2074.863s][debug][gc] GC(68375) Expanding ParOldGen from 127488K by 11264K to 138752K
[2020-08-10T13:18:55.323+0300][2074.863s][info ][gc] GC(68375) Pause Full (Ergonomics) 125M->124M(138M) 456.488ms
[2020-08-10T13:18:55.358+0300][2074.898s][info ][gc] GC(68376) Pause Young (Allocation Failure) 125M->125M(138M) 33.642ms
[2020-08-10T13:18:55.377+0300][2074.917s][info ][gc] GC(68377) Pause Young (Allocation Failure) 126M->126M(138M) 17.913ms
[2020-08-10T13:18:55.400+0300][2074.940s][info ][gc] GC(68378) Pause Young (Allocation Failure) 127M->127M(138M) 23.064ms
[2020-08-10T13:18:55.419+0300][2074.959s][info ][gc] GC(68379) Pause Young (Allocation Failure) 128M->128M(138M) 18.120ms
[2020-08-10T13:18:55.438+0300][2074.978s][info ][gc] GC(68380) Pause Young (Allocation Failure) 129M->129M(138M) 18.327ms
[2020-08-10T13:18:55.474+0300][2075.014s][info ][gc] GC(68381) Pause Young (Allocation Failure) 130M->130M(138M) 34.596ms
[2020-08-10T13:18:55.507+0300][2075.047s][info ][gc] GC(68382) Pause Young (Allocation Failure) 131M->131M(138M) 32.641ms
[2020-08-10T13:18:55.526+0300][2075.066s][info ][gc] GC(68383) Pause Young (Allocation Failure) 132M->132M(138M) 18.393ms
[2020-08-10T13:18:55.545+0300][2075.085s][info ][gc] GC(68384) Pause Young (Allocation Failure) 133M->133M(138M) 18.209ms
[2020-08-10T13:18:55.564+0300][2075.104s][info ][gc] GC(68385) Pause Young (Allocation Failure) 134M->134M(138M) 18.382ms
[2020-08-10T13:18:55.583+0300][2075.123s][info ][gc] GC(68386) Pause Young (Allocation Failure) 135M->135M(138M) 18.365ms
[2020-08-10T13:18:55.602+0300][2075.142s][info ][gc] GC(68387) Pause Young (Allocation Failure) 136M->136M(138M) 18.291ms
[2020-08-10T13:18:56.111+0300][2075.651s][debug][gc] GC(68388) Expanding ParOldGen from 138752K by 11776K to 150528K
[2020-08-10T13:18:56.111+0300][2075.651s][info ][gc] GC(68388) Pause Full (Ergonomics) 136M->135M(149M) 509.280ms
[2020-08-10T13:18:56.152+0300][2075.692s][info ][gc] GC(68389) Pause Young (Allocation Failure) 136M->136M(149M) 39.516ms
[2020-08-10T13:18:56.171+0300][2075.711s][info ][gc] GC(68390) Pause Young (Allocation Failure) 137M->137M(149M) 18.354ms
[2020-08-10T13:18:56.217+0300][2075.757s][info ][gc] GC(68391) Pause Young (Allocation Failure) 138M->138M(149M) 45.131ms
[2020-08-10T13:18:56.247+0300][2075.786s][info ][gc] GC(68392) Pause Young (Allocation Failure) 139M->139M(149M) 28.914ms
[2020-08-10T13:18:56.266+0300][2075.806s][info ][gc] GC(68393) Pause Young (Allocation Failure) 140M->140M(149M) 19.069ms
[2020-08-10T13:18:56.286+0300][2075.826s][info ][gc] GC(68394) Pause Young (Allocation Failure) 141M->141M(149M) 19.153ms
[2020-08-10T13:18:56.305+0300][2075.845s][info ][gc] GC(68395) Pause Young (Allocation Failure) 142M->142M(149M) 19.057ms
[2020-08-10T13:18:56.344+0300][2075.884s][info ][gc] GC(68396) Pause Young (Allocation Failure) 143M->143M(149M) 38.141ms
[2020-08-10T13:18:56.364+0300][2075.904s][info ][gc] GC(68397) Pause Young (Allocation Failure) 144M->144M(149M) 19.249ms
[2020-08-10T13:18:56.389+0300][2075.929s][info ][gc] GC(68398) Pause Young (Allocation Failure) 145M->145M(149M) 24.001ms
[2020-08-10T13:18:56.422+0300][2075.962s][info ][gc] GC(68399) Pause Young (Allocation Failure) 146M->146M(149M) 32.274ms
[2020-08-10T13:18:56.422+0300][2075.962s][debug][gc] Expanding ParOldGen from 150528K by 19968K to 170496K
[2020-08-10T13:18:56.490+0300][2076.030s][info ][gc] GC(68400) Pause Young (Allocation Failure) 166M->166M(169M) 52.852ms
[2020-08-10T13:18:56.538+0300][2076.078s][debug][gc] GC(68401) Shrinking ParOldGen from 170496K by 125440K to 45056K
[2020-08-10T13:18:56.538+0300][2076.078s][info ][gc] GC(68401) Pause Full (Ergonomics) 166M->32M(46M) 48.478ms
[2020-08-10T13:18:56.553+0300][2076.093s][info ][gc] GC(68402) Pause Young (Allocation Failure) 33M->33M(46M) 13.896ms
[2020-08-10T13:18:56.567+0300][2076.107s][info ][gc] GC(68403) Pause Young (Allocation Failure) 34M->34M(46M) 13.399ms
[2020-08-10T13:18:56.581+0300][2076.121s][info ][gc] GC(68404) Pause Young (Allocation Failure) 35M->35M(46M) 13.615ms
[2020-08-10T13:18:56.595+0300][2076.135s][info ][gc] GC(68405) Pause Young (Allocation Failure) 36M->36M(46M) 13.861ms
[2020-08-10T13:18:56.609+0300][2076.149s][info ][gc] GC(68406) Pause Young (Allocation Failure) 37M->37M(46M) 13.712ms
[2020-08-10T13:18:56.624+0300][2076.164s][info ][gc] GC(68407) Pause Young (Allocation Failure) 38M->38M(46M) 13.882ms
[2020-08-10T13:18:56.638+0300][2076.178s][info ][gc] GC(68408) Pause Young (Allocation Failure) 39M->39M(46M) 13.944ms
[2020-08-10T13:18:56.653+0300][2076.193s][info ][gc] GC(68409) Pause Young (Allocation Failure) 40M->40M(46M) 14.182ms
[2020-08-10T13:18:56.680+0300][2076.220s][info ][gc] GC(68410) Pause Young (Allocation Failure) 41M->41M(46M) 26.058ms
[2020-08-10T13:18:56.695+0300][2076.235s][info ][gc] GC(68411) Pause Young (Allocation Failure) 42M->42M(46M) 14.140ms
[2020-08-10T13:18:56.709+0300][2076.249s][info ][gc] GC(68412) Pause Young (Allocation Failure) 43M->43M(46M) 14.299ms
[2020-08-10T13:18:56.724+0300][2076.264s][info ][gc] GC(68413) Pause Young (Allocation Failure) 44M->44M(46M) 14.117ms
[2020-08-10T13:18:56.817+0300][2076.357s][debug][gc] GC(68414) Expanding ParOldGen from 45056K by 11264K to 56320K
[2020-08-10T13:18:56.817+0300][2076.357s][info ][gc] GC(68414) Pause Full (Ergonomics) 44M->43M(57M) 92.537ms
[2020-08-10T13:18:56.852+0300][2076.392s][info ][gc] GC(68415) Pause Young (Allocation Failure) 44M->44M(57M) 34.161ms
[2020-08-10T13:18:56.871+0300][2076.411s][info ][gc] GC(68416) Pause Young (Allocation Failure) 45M->45M(57M) 18.883ms
[2020-08-10T13:18:56.886+0300][2076.426s][info ][gc] GC(68417) Pause Young (Allocation Failure) 46M->46M(57M) 14.071ms
[2020-08-10T13:18:56.914+0300][2076.454s][info ][gc] GC(68418) Pause Young (Allocation Failure) 47M->47M(57M) 27.883ms
[2020-08-10T13:18:56.931+0300][2076.470s][info ][gc] GC(68419) Pause Young (Allocation Failure) 48M->48M(57M) 15.456ms
[2020-08-10T13:18:56.945+0300][2076.485s][info ][gc] GC(68420) Pause Young (Allocation Failure) 49M->49M(57M) 13.961ms
[2020-08-10T13:18:56.960+0300][2076.500s][info ][gc] GC(68421) Pause Young (Allocation Failure) 50M->50M(56M) 13.973ms
[2020-08-10T13:18:56.974+0300][2076.514s][info ][gc] GC(68422) Pause Young (Allocation Failure) 51M->51M(57M) 13.731ms
[2020-08-10T13:18:56.990+0300][2076.530s][info ][gc] GC(68423) Pause Young (Allocation Failure) 52M->52M(57M) 14.744ms
[2020-08-10T13:18:57.005+0300][2076.545s][info ][gc] GC(68424) Pause Young (Allocation Failure) 53M->53M(57M) 14.434ms
[2020-08-10T13:18:57.021+0300][2076.561s][info ][gc] GC(68425) Pause Young (Allocation Failure) 54M->54M(57M) 15.117ms
[2020-08-10T13:18:57.040+0300][2076.580s][info ][gc] GC(68426) Pause Young (Allocation Failure) 55M->55M(57M) 18.905ms
[2020-08-10T13:18:57.180+0300][2076.720s][debug][gc] GC(68427) Expanding ParOldGen from 56320K by 11264K to 67584K
[2020-08-10T13:18:57.181+0300][2076.721s][info ][gc] GC(68427) Pause Full (Ergonomics) 55M->55M(68M) 140.140ms
[2020-08-10T13:18:57.204+0300][2076.744s][info ][gc] GC(68428) Pause Young (Allocation Failure) 56M->55M(68M) 22.452ms
[2020-08-10T13:18:57.225+0300][2076.765s][info ][gc] GC(68429) Pause Young (Allocation Failure) 56M->56M(68M) 20.582ms
[2020-08-10T13:18:57.245+0300][2076.785s][info ][gc] GC(68430) Pause Young (Allocation Failure) 57M->57M(68M) 19.582ms
[2020-08-10T13:18:57.260+0300][2076.800s][info ][gc] GC(68431) Pause Young (Allocation Failure) 58M->58M(68M) 14.265ms
[2020-08-10T13:18:57.274+0300][2076.814s][info ][gc] GC(68432) Pause Young (Allocation Failure) 59M->59M(68M) 14.229ms
[2020-08-10T13:18:57.289+0300][2076.829s][info ][gc] GC(68433) Pause Young (Allocation Failure) 60M->60M(68M) 14.321ms
[2020-08-10T13:18:57.304+0300][2076.844s][info ][gc] GC(68434) Pause Young (Allocation Failure) 61M->61M(68M) 13.900ms
[2020-08-10T13:18:57.319+0300][2076.859s][info ][gc] GC(68435) Pause Young (Allocation Failure) 62M->62M(68M) 14.089ms
[2020-08-10T13:18:57.361+0300][2076.901s][info ][gc] GC(68436) Pause Young (Allocation Failure) 63M->63M(68M) 41.294ms
[2020-08-10T13:18:57.376+0300][2076.916s][info ][gc] GC(68437) Pause Young (Allocation Failure) 64M->64M(68M) 14.301ms
[2020-08-10T13:18:57.391+0300][2076.931s][info ][gc] GC(68438) Pause Young (Allocation Failure) 65M->65M(68M) 14.251ms
[2020-08-10T13:18:57.406+0300][2076.946s][info ][gc] GC(68439) Pause Young (Allocation Failure) 66M->66M(68M) 14.029ms
[2020-08-10T13:18:57.606+0300][2077.146s][debug][gc] GC(68440) Expanding ParOldGen from 67584K by 11264K to 78848K
[2020-08-10T13:18:57.606+0300][2077.146s][info ][gc] GC(68440) Pause Full (Ergonomics) 66M->66M(79M) 200.248ms
[2020-08-10T13:18:57.633+0300][2077.173s][info ][gc] GC(68441) Pause Young (Allocation Failure) 67M->67M(79M) 25.690ms
[2020-08-10T13:18:57.648+0300][2077.188s][info ][gc] GC(68442) Pause Young (Allocation Failure) 68M->68M(79M) 14.146ms
[2020-08-10T13:18:57.663+0300][2077.203s][info ][gc] GC(68443) Pause Young (Allocation Failure) 69M->69M(79M) 14.035ms
[2020-08-10T13:18:57.678+0300][2077.218s][info ][gc] GC(68444) Pause Young (Allocation Failure) 70M->69M(79M) 14.130ms
[2020-08-10T13:18:57.693+0300][2077.233s][info ][gc] GC(68445) Pause Young (Allocation Failure) 70M->70M(79M) 14.692ms
[2020-08-10T13:18:57.708+0300][2077.248s][info ][gc] GC(68446) Pause Young (Allocation Failure) 71M->71M(79M) 14.113ms
[2020-08-10T13:18:57.723+0300][2077.263s][info ][gc] GC(68447) Pause Young (Allocation Failure) 72M->72M(79M) 14.127ms
[2020-08-10T13:18:57.738+0300][2077.278s][info ][gc] GC(68448) Pause Young (Allocation Failure) 73M->73M(79M) 13.995ms
[2020-08-10T13:18:57.759+0300][2077.299s][info ][gc] GC(68449) Pause Young (Allocation Failure) 74M->74M(79M) 20.501ms
[2020-08-10T13:18:57.777+0300][2077.317s][info ][gc] GC(68450) Pause Young (Allocation Failure) 75M->75M(79M) 17.362ms
[2020-08-10T13:18:57.792+0300][2077.332s][info ][gc] GC(68451) Pause Young (Allocation Failure) 76M->76M(79M) 14.429ms
[2020-08-10T13:18:57.807+0300][2077.347s][info ][gc] GC(68452) Pause Young (Allocation Failure) 77M->77M(79M) 14.369ms
[2020-08-10T13:18:58.074+0300][2077.614s][debug][gc] GC(68453) Expanding ParOldGen from 78848K by 11776K to 90624K
[2020-08-10T13:18:58.074+0300][2077.614s][info ][gc] GC(68453) Pause Full (Ergonomics) 77M->77M(91M) 267.040ms
[2020-08-10T13:18:58.107+0300][2077.647s][info ][gc] GC(68454) Pause Young (Allocation Failure) 78M->78M(91M) 32.105ms
[2020-08-10T13:18:58.128+0300][2077.668s][info ][gc] GC(68455) Pause Young (Allocation Failure) 79M->79M(91M) 20.467ms
[2020-08-10T13:18:58.143+0300][2077.683s][info ][gc] GC(68456) Pause Young (Allocation Failure) 80M->80M(91M) 14.693ms
[2020-08-10T13:18:58.158+0300][2077.698s][info ][gc] GC(68457) Pause Young (Allocation Failure) 81M->81M(91M) 14.644ms
[2020-08-10T13:18:58.173+0300][2077.714s][info ][gc] GC(68458) Pause Young (Allocation Failure) 82M->82M(91M) 14.599ms
[2020-08-10T13:18:58.189+0300][2077.729s][info ][gc] GC(68459) Pause Young (Allocation Failure) 83M->83M(91M) 14.530ms
[2020-08-10T13:18:58.204+0300][2077.744s][info ][gc] GC(68460) Pause Young (Allocation Failure) 84M->84M(91M) 14.208ms
[2020-08-10T13:18:58.219+0300][2077.759s][info ][gc] GC(68461) Pause Young (Allocation Failure) 85M->85M(91M) 14.230ms
[2020-08-10T13:18:58.243+0300][2077.783s][info ][gc] GC(68462) Pause Young (Allocation Failure) 86M->86M(91M) 23.752ms
[2020-08-10T13:18:58.258+0300][2077.798s][info ][gc] GC(68463) Pause Young (Allocation Failure) 87M->86M(91M) 14.385ms
[2020-08-10T13:18:58.273+0300][2077.813s][info ][gc] GC(68464) Pause Young (Allocation Failure) 87M->87M(91M) 14.365ms
[2020-08-10T13:18:58.288+0300][2077.828s][info ][gc] GC(68465) Pause Young (Allocation Failure) 88M->88M(91M) 14.457ms
[2020-08-10T13:18:58.603+0300][2078.143s][debug][gc] GC(68466) Expanding ParOldGen from 90624K by 11264K to 101888K
[2020-08-10T13:18:58.603+0300][2078.143s][info ][gc] GC(68466) Pause Full (Ergonomics) 88M->88M(102M) 314.656ms
[2020-08-10T13:18:58.638+0300][2078.178s][info ][gc] GC(68467) Pause Young (Allocation Failure) 89M->89M(102M) 34.723ms
[2020-08-10T13:18:58.653+0300][2078.193s][info ][gc] GC(68468) Pause Young (Allocation Failure) 90M->90M(102M) 14.690ms
[2020-08-10T13:18:58.669+0300][2078.209s][info ][gc] GC(68469) Pause Young (Allocation Failure) 91M->91M(102M) 14.670ms
[2020-08-10T13:18:58.690+0300][2078.230s][info ][gc] GC(68470) Pause Young (Allocation Failure) 92M->92M(101M) 20.357ms
[2020-08-10T13:18:58.705+0300][2078.245s][info ][gc] GC(68471) Pause Young (Allocation Failure) 93M->93M(101M) 14.385ms
[2020-08-10T13:18:58.720+0300][2078.260s][info ][gc] GC(68472) Pause Young (Allocation Failure) 94M->94M(101M) 14.501ms
[2020-08-10T13:18:58.747+0300][2078.287s][info ][gc] GC(68473) Pause Young (Allocation Failure) 95M->95M(101M) 26.463ms
[2020-08-10T13:18:58.763+0300][2078.303s][info ][gc] GC(68474) Pause Young (Allocation Failure) 96M->96M(101M) 14.857ms
[2020-08-10T13:18:58.778+0300][2078.318s][info ][gc] GC(68475) Pause Young (Allocation Failure) 97M->97M(101M) 14.974ms
[2020-08-10T13:18:58.800+0300][2078.340s][info ][gc] GC(68476) Pause Young (Allocation Failure) 98M->98M(101M) 21.456ms
[2020-08-10T13:18:58.829+0300][2078.369s][info ][gc] GC(68477) Pause Young (Allocation Failure) 99M->99M(101M) 28.220ms
[2020-08-10T13:18:58.844+0300][2078.384s][info ][gc] GC(68478) Pause Young (Allocation Failure) 99M->99M(101M) 14.357ms
[2020-08-10T13:18:59.158+0300][2078.698s][debug][gc] GC(68479) Expanding ParOldGen from 101888K by 11264K to 113152K
[2020-08-10T13:18:59.158+0300][2078.698s][info ][gc] GC(68479) Pause Full (Ergonomics) 99M->99M(112M) 314.133ms
[2020-08-10T13:18:59.181+0300][2078.721s][info ][gc] GC(68480) Pause Young (Allocation Failure) 99M->99M(112M) 21.711ms
[2020-08-10T13:18:59.213+0300][2078.753s][info ][gc] GC(68481) Pause Young (Allocation Failure) 100M->100M(112M) 31.487ms
[2020-08-10T13:18:59.227+0300][2078.767s][info ][gc] GC(68482) Pause Young (Allocation Failure) 100M->100M(112M) 13.900ms
[2020-08-10T13:18:59.241+0300][2078.781s][info ][gc] GC(68483) Pause Young (Allocation Failure) 101M->101M(112M) 13.889ms
[2020-08-10T13:18:59.255+0300][2078.795s][info ][gc] GC(68484) Pause Young (Allocation Failure) 101M->101M(112M) 13.484ms
[2020-08-10T13:18:59.274+0300][2078.814s][info ][gc] GC(68485) Pause Young (Allocation Failure) 102M->102M(112M) 18.083ms
[2020-08-10T13:18:59.288+0300][2078.828s][info ][gc] GC(68486) Pause Young (Allocation Failure) 102M->102M(112M) 13.381ms
[2020-08-10T13:18:59.302+0300][2078.842s][info ][gc] GC(68487) Pause Young (Allocation Failure) 102M->102M(112M) 14.096ms
[2020-08-10T13:18:59.341+0300][2078.881s][info ][gc] GC(68488) Pause Young (Allocation Failure) 103M->103M(112M) 38.552ms
[2020-08-10T13:18:59.367+0300][2078.907s][info ][gc] GC(68489) Pause Young (Allocation Failure) 103M->103M(112M) 24.545ms
[2020-08-10T13:18:59.382+0300][2078.922s][info ][gc] GC(68490) Pause Young (Allocation Failure) 104M->104M(112M) 15.343ms
[2020-08-10T13:18:59.397+0300][2078.937s][info ][gc] GC(68491) Pause Young (Allocation Failure) 104M->104M(112M) 13.750ms
[2020-08-10T13:18:59.411+0300][2078.951s][info ][gc] GC(68492) Pause Young (Allocation Failure) 105M->105M(112M) 14.137ms
[2020-08-10T13:18:59.425+0300][2078.966s][info ][gc] GC(68493) Pause Young (Allocation Failure) 105M->105M(112M) 13.758ms
[2020-08-10T13:18:59.461+0300][2079.001s][info ][gc] GC(68494) Pause Young (Allocation Failure) 106M->106M(112M) 35.395ms
[2020-08-10T13:18:59.475+0300][2079.015s][info ][gc] GC(68495) Pause Young (Allocation Failure) 106M->106M(111M) 13.693ms
[2020-08-10T13:18:59.491+0300][2079.031s][info ][gc] GC(68496) Pause Young (Allocation Failure) 107M->107M(112M) 15.030ms
[2020-08-10T13:18:59.505+0300][2079.045s][info ][gc] GC(68497) Pause Young (Allocation Failure) 107M->107M(112M) 13.740ms
[2020-08-10T13:18:59.519+0300][2079.059s][info ][gc] GC(68498) Pause Young (Allocation Failure) 107M->107M(112M) 13.764ms
[2020-08-10T13:18:59.541+0300][2079.081s][info ][gc] GC(68499) Pause Young (Allocation Failure) 108M->108M(112M) 21.366ms
[2020-08-10T13:18:59.555+0300][2079.095s][info ][gc] GC(68500) Pause Young (Allocation Failure) 108M->108M(112M) 13.621ms
[2020-08-10T13:18:59.569+0300][2079.110s][info ][gc] GC(68501) Pause Young (Allocation Failure) 109M->109M(112M) 13.892ms
[2020-08-10T13:18:59.587+0300][2079.127s][info ][gc] GC(68502) Pause Young (Allocation Failure) 109M->109M(112M) 16.396ms
[2020-08-10T13:18:59.607+0300][2079.147s][info ][gc] GC(68503) Pause Young (Allocation Failure) 110M->110M(112M) 19.310ms
[2020-08-10T13:18:59.962+0300][2079.502s][debug][gc] GC(68504) Expanding ParOldGen from 113152K by 10752K to 123904K
[2020-08-10T13:18:59.962+0300][2079.502s][info ][gc] GC(68504) Pause Full (Ergonomics) 110M->109M(122M) 354.955ms
[2020-08-10T13:18:59.976+0300][2079.516s][info ][gc] GC(68505) Pause Young (Allocation Failure) 110M->110M(122M) 13.351ms
[2020-08-10T13:18:59.990+0300][2079.530s][info ][gc] GC(68506) Pause Young (Allocation Failure) 110M->110M(122M) 13.495ms
[2020-08-10T13:19:00.003+0300][2079.544s][info ][gc] GC(68507) Pause Young (Allocation Failure) 111M->111M(122M) 13.468ms
[2020-08-10T13:19:00.022+0300][2079.562s][info ][gc] GC(68508) Pause Young (Allocation Failure) 111M->111M(122M) 18.329ms
[2020-08-10T13:19:00.038+0300][2079.578s][info ][gc] GC(68509) Pause Young (Allocation Failure) 112M->112M(122M) 15.207ms
[2020-08-10T13:19:00.052+0300][2079.592s][info ][gc] GC(68510) Pause Young (Allocation Failure) 112M->112M(122M) 13.644ms
[2020-08-10T13:19:00.067+0300][2079.607s][info ][gc] GC(68511) Pause Young (Allocation Failure) 113M->113M(122M) 13.730ms
[2020-08-10T13:19:00.081+0300][2079.621s][info ][gc] GC(68512) Pause Young (Allocation Failure) 113M->113M(122M) 13.631ms
[2020-08-10T13:19:00.095+0300][2079.635s][info ][gc] GC(68513) Pause Young (Allocation Failure) 113M->113M(122M) 13.688ms
[2020-08-10T13:19:00.109+0300][2079.649s][info ][gc] GC(68514) Pause Young (Allocation Failure) 114M->114M(122M) 13.716ms
[2020-08-10T13:19:00.123+0300][2079.663s][info ][gc] GC(68515) Pause Young (Allocation Failure) 114M->114M(122M) 13.669ms
[2020-08-10T13:19:00.137+0300][2079.677s][info ][gc] GC(68516) Pause Young (Allocation Failure) 115M->115M(122M) 13.579ms
[2020-08-10T13:19:00.151+0300][2079.691s][info ][gc] GC(68517) Pause Young (Allocation Failure) 115M->115M(122M) 13.640ms
[2020-08-10T13:19:00.165+0300][2079.705s][info ][gc] GC(68518) Pause Young (Allocation Failure) 116M->116M(122M) 13.655ms
[2020-08-10T13:19:00.186+0300][2079.727s][info ][gc] GC(68519) Pause Young (Allocation Failure) 116M->116M(122M) 21.415ms
[2020-08-10T13:19:00.206+0300][2079.746s][info ][gc] GC(68520) Pause Young (Allocation Failure) 117M->117M(122M) 19.155ms
[2020-08-10T13:19:00.224+0300][2079.764s][info ][gc] GC(68521) Pause Young (Allocation Failure) 117M->117M(122M) 17.747ms
[2020-08-10T13:19:00.240+0300][2079.780s][info ][gc] GC(68522) Pause Young (Allocation Failure) 118M->118M(122M) 15.143ms
[2020-08-10T13:19:00.254+0300][2079.794s][info ][gc] GC(68523) Pause Young (Allocation Failure) 118M->118M(122M) 13.735ms
[2020-08-10T13:19:00.268+0300][2079.808s][info ][gc] GC(68524) Pause Young (Allocation Failure) 119M->119M(122M) 13.842ms
[2020-08-10T13:19:00.282+0300][2079.823s][info ][gc] GC(68525) Pause Young (Allocation Failure) 119M->119M(122M) 13.903ms
[2020-08-10T13:19:00.296+0300][2079.837s][info ][gc] GC(68526) Pause Young (Allocation Failure) 120M->120M(122M) 13.646ms
[2020-08-10T13:19:00.311+0300][2079.851s][info ][gc] GC(68527) Pause Young (Allocation Failure) 120M->120M(122M) 13.714ms
[2020-08-10T13:19:00.325+0300][2079.865s][info ][gc] GC(68528) Pause Young (Allocation Failure) 121M->121M(122M) 13.732ms
[2020-08-10T13:19:00.747+0300][2080.287s][debug][gc] GC(68529) Expanding ParOldGen from 123904K by 10752K to 134656K
[2020-08-10T13:19:00.747+0300][2080.287s][info ][gc] GC(68529) Pause Full (Ergonomics) 121M->120M(133M) 421.822ms
[2020-08-10T13:19:00.766+0300][2080.306s][info ][gc] GC(68530) Pause Young (Allocation Failure) 121M->121M(133M) 18.892ms
[2020-08-10T13:19:00.786+0300][2080.326s][info ][gc] GC(68531) Pause Young (Allocation Failure) 121M->121M(133M) 18.889ms
[2020-08-10T13:19:00.800+0300][2080.340s][info ][gc] GC(68532) Pause Young (Allocation Failure) 122M->121M(133M) 13.968ms
[2020-08-10T13:19:00.815+0300][2080.355s][info ][gc] GC(68533) Pause Young (Allocation Failure) 122M->122M(133M) 13.749ms
[2020-08-10T13:19:00.829+0300][2080.369s][info ][gc] GC(68534) Pause Young (Allocation Failure) 122M->122M(133M) 13.908ms
[2020-08-10T13:19:00.847+0300][2080.387s][info ][gc] GC(68535) Pause Young (Allocation Failure) 123M->123M(133M) 17.378ms
[2020-08-10T13:19:00.862+0300][2080.402s][info ][gc] GC(68536) Pause Young (Allocation Failure) 123M->123M(133M) 14.331ms
[2020-08-10T13:19:00.878+0300][2080.418s][info ][gc] GC(68537) Pause Young (Allocation Failure) 124M->124M(133M) 15.458ms
[2020-08-10T13:19:00.896+0300][2080.436s][info ][gc] GC(68538) Pause Young (Allocation Failure) 124M->124M(133M) 17.714ms
[2020-08-10T13:19:00.910+0300][2080.451s][info ][gc] GC(68539) Pause Young (Allocation Failure) 125M->125M(133M) 14.240ms
[2020-08-10T13:19:00.928+0300][2080.468s][info ][gc] GC(68540) Pause Young (Allocation Failure) 125M->125M(133M) 16.855ms
[2020-08-10T13:19:00.942+0300][2080.483s][info ][gc] GC(68541) Pause Young (Allocation Failure) 126M->126M(133M) 14.380ms
[2020-08-10T13:19:00.960+0300][2080.500s][info ][gc] GC(68542) Pause Young (Allocation Failure) 126M->126M(133M) 17.090ms
[2020-08-10T13:19:00.977+0300][2080.517s][info ][gc] GC(68543) Pause Young (Allocation Failure) 127M->127M(133M) 16.711ms
[2020-08-10T13:19:00.997+0300][2080.537s][info ][gc] GC(68544) Pause Young (Allocation Failure) 127M->127M(133M) 19.127ms
[2020-08-10T13:19:01.015+0300][2080.555s][info ][gc] GC(68545) Pause Young (Allocation Failure) 128M->127M(133M) 17.447ms
[2020-08-10T13:19:01.041+0300][2080.581s][info ][gc] GC(68546) Pause Young (Allocation Failure) 128M->128M(133M) 26.126ms
[2020-08-10T13:19:01.056+0300][2080.596s][info ][gc] GC(68547) Pause Young (Allocation Failure) 128M->128M(133M) 14.680ms
[2020-08-10T13:19:01.071+0300][2080.611s][info ][gc] GC(68548) Pause Young (Allocation Failure) 129M->129M(133M) 14.698ms
[2020-08-10T13:19:01.086+0300][2080.626s][info ][gc] GC(68549) Pause Young (Allocation Failure) 129M->129M(133M) 14.495ms
[2020-08-10T13:19:01.101+0300][2080.641s][info ][gc] GC(68550) Pause Young (Allocation Failure) 130M->130M(133M) 14.472ms
[2020-08-10T13:19:01.116+0300][2080.656s][info ][gc] GC(68551) Pause Young (Allocation Failure) 130M->130M(133M) 14.416ms
[2020-08-10T13:19:01.131+0300][2080.672s][info ][gc] GC(68552) Pause Young (Allocation Failure) 131M->131M(133M) 14.690ms
[2020-08-10T13:19:01.150+0300][2080.690s][info ][gc] GC(68553) Pause Young (Allocation Failure) 131M->131M(133M) 17.814ms
[2020-08-10T13:19:01.583+0300][2081.123s][debug][gc] GC(68554) Expanding ParOldGen from 134656K by 10240K to 144896K
[2020-08-10T13:19:01.583+0300][2081.123s][info ][gc] GC(68554) Pause Full (Ergonomics) 131M->130M(143M) 433.182ms
[2020-08-10T13:19:01.603+0300][2081.143s][info ][gc] GC(68555) Pause Young (Allocation Failure) 131M->131M(143M) 19.265ms
[2020-08-10T13:19:01.621+0300][2081.162s][info ][gc] GC(68556) Pause Young (Allocation Failure) 131M->131M(143M) 17.968ms
[2020-08-10T13:19:01.638+0300][2081.178s][info ][gc] GC(68557) Pause Young (Allocation Failure) 132M->132M(143M) 15.428ms
[2020-08-10T13:19:01.653+0300][2081.193s][info ][gc] GC(68558) Pause Young (Allocation Failure) 132M->132M(143M) 15.044ms
[2020-08-10T13:19:01.669+0300][2081.209s][info ][gc] GC(68559) Pause Young (Allocation Failure) 133M->133M(143M) 15.013ms
[2020-08-10T13:19:01.684+0300][2081.225s][info ][gc] GC(68560) Pause Young (Allocation Failure) 133M->133M(143M) 15.036ms
[2020-08-10T13:19:01.721+0300][2081.261s][info ][gc] GC(68561) Pause Young (Allocation Failure) 134M->134M(143M) 36.035ms
[2020-08-10T13:19:01.737+0300][2081.277s][info ][gc] GC(68562) Pause Young (Allocation Failure) 134M->134M(143M) 15.360ms
[2020-08-10T13:19:01.753+0300][2081.293s][info ][gc] GC(68563) Pause Young (Allocation Failure) 135M->135M(143M) 15.389ms
[2020-08-10T13:19:01.769+0300][2081.309s][info ][gc] GC(68564) Pause Young (Allocation Failure) 135M->135M(143M) 15.503ms
[2020-08-10T13:19:01.784+0300][2081.325s][info ][gc] GC(68565) Pause Young (Allocation Failure) 136M->136M(143M) 15.088ms
[2020-08-10T13:19:01.800+0300][2081.340s][info ][gc] GC(68566) Pause Young (Allocation Failure) 136M->136M(143M) 15.196ms
[2020-08-10T13:19:01.816+0300][2081.356s][info ][gc] GC(68567) Pause Young (Allocation Failure) 136M->136M(143M) 15.022ms
[2020-08-10T13:19:01.831+0300][2081.371s][info ][gc] GC(68568) Pause Young (Allocation Failure) 137M->137M(143M) 15.115ms
[2020-08-10T13:19:01.847+0300][2081.387s][info ][gc] GC(68569) Pause Young (Allocation Failure) 137M->137M(143M) 15.138ms
[2020-08-10T13:19:01.862+0300][2081.403s][info ][gc] GC(68570) Pause Young (Allocation Failure) 138M->138M(143M) 15.208ms
[2020-08-10T13:19:01.878+0300][2081.418s][info ][gc] GC(68571) Pause Young (Allocation Failure) 138M->138M(143M) 15.326ms
[2020-08-10T13:19:01.894+0300][2081.434s][info ][gc] GC(68572) Pause Young (Allocation Failure) 139M->139M(143M) 15.307ms
[2020-08-10T13:19:01.909+0300][2081.450s][info ][gc] GC(68573) Pause Young (Allocation Failure) 139M->139M(143M) 15.337ms
[2020-08-10T13:19:01.927+0300][2081.467s][info ][gc] GC(68574) Pause Young (Allocation Failure) 140M->140M(143M) 16.949ms
[2020-08-10T13:19:01.945+0300][2081.485s][info ][gc] GC(68575) Pause Young (Allocation Failure) 140M->140M(143M) 17.764ms
[2020-08-10T13:19:01.961+0300][2081.501s][info ][gc] GC(68576) Pause Young (Allocation Failure) 141M->141M(143M) 15.811ms
[2020-08-10T13:19:01.977+0300][2081.517s][info ][gc] GC(68577) Pause Young (Allocation Failure) 141M->141M(143M) 15.872ms
[2020-08-10T13:19:02.542+0300][2082.082s][debug][gc] GC(68578) Expanding ParOldGen from 144896K by 10752K to 155648K
[2020-08-10T13:19:02.542+0300][2082.083s][info ][gc] GC(68578) Pause Full (Ergonomics) 141M->141M(153M) 565.042ms
[2020-08-10T13:19:02.570+0300][2082.110s][info ][gc] GC(68579) Pause Young (Allocation Failure) 141M->141M(153M) 26.914ms
[2020-08-10T13:19:02.587+0300][2082.128s][info ][gc] GC(68580) Pause Young (Allocation Failure) 142M->142M(153M) 17.259ms
[2020-08-10T13:19:02.603+0300][2082.144s][info ][gc] GC(68581) Pause Young (Allocation Failure) 142M->142M(153M) 15.345ms
[2020-08-10T13:19:02.619+0300][2082.160s][info ][gc] GC(68582) Pause Young (Allocation Failure) 142M->142M(153M) 15.578ms
[2020-08-10T13:19:02.636+0300][2082.176s][info ][gc] GC(68583) Pause Young (Allocation Failure) 143M->143M(153M) 15.808ms
[2020-08-10T13:19:02.652+0300][2082.192s][info ][gc] GC(68584) Pause Young (Allocation Failure) 143M->143M(153M) 15.828ms
[2020-08-10T13:19:02.669+0300][2082.209s][info ][gc] GC(68585) Pause Young (Allocation Failure) 144M->144M(153M) 16.090ms
[2020-08-10T13:19:02.685+0300][2082.226s][info ][gc] GC(68586) Pause Young (Allocation Failure) 144M->144M(153M) 16.237ms
[2020-08-10T13:19:02.702+0300][2082.242s][info ][gc] GC(68587) Pause Young (Allocation Failure) 145M->145M(153M) 16.232ms
[2020-08-10T13:19:02.718+0300][2082.258s][info ][gc] GC(68588) Pause Young (Allocation Failure) 145M->145M(153M) 15.780ms
[2020-08-10T13:19:02.735+0300][2082.275s][info ][gc] GC(68589) Pause Young (Allocation Failure) 146M->146M(153M) 16.147ms
[2020-08-10T13:19:02.751+0300][2082.291s][info ][gc] GC(68590) Pause Young (Allocation Failure) 146M->146M(153M) 15.877ms
[2020-08-10T13:19:02.770+0300][2082.311s][info ][gc] GC(68591) Pause Young (Allocation Failure) 147M->147M(153M) 18.976ms
[2020-08-10T13:19:02.771+0300][2082.311s][debug][gc] Expanding ParOldGen from 155648K by 19968K to 175616K
[2020-08-10T13:19:02.810+0300][2082.350s][info ][gc] GC(68592) Pause Young (Allocation Failure) 166M->166M(173M) 30.558ms
[2020-08-10T13:19:02.828+0300][2082.369s][info ][gc] GC(68593) Pause Young (Allocation Failure) 167M->166M(173M) 17.902ms
[2020-08-10T13:19:02.845+0300][2082.385s][info ][gc] GC(68594) Pause Young (Allocation Failure) 167M->167M(173M) 15.978ms
[2020-08-10T13:19:02.859+0300][2082.399s][info ][gc] GC(68595) Pause Young (Allocation Failure) 167M->167M(173M) 13.698ms
[2020-08-10T13:19:02.873+0300][2082.413s][info ][gc] GC(68596) Pause Young (Allocation Failure) 168M->168M(173M) 13.334ms
[2020-08-10T13:19:02.895+0300][2082.435s][info ][gc] GC(68597) Pause Young (Allocation Failure) 168M->168M(173M) 21.867ms
[2020-08-10T13:19:02.910+0300][2082.450s][info ][gc] GC(68598) Pause Young (Allocation Failure) 169M->169M(173M) 14.423ms
[2020-08-10T13:19:02.924+0300][2082.464s][info ][gc] GC(68599) Pause Young (Allocation Failure) 169M->169M(173M) 13.626ms
[2020-08-10T13:19:02.939+0300][2082.479s][info ][gc] GC(68600) Pause Young (Allocation Failure) 170M->170M(173M) 14.506ms
[2020-08-10T13:19:02.955+0300][2082.495s][info ][gc] GC(68601) Pause Young (Allocation Failure) 170M->170M(173M) 15.446ms
[2020-08-10T13:19:02.969+0300][2082.510s][info ][gc] GC(68602) Pause Young (Allocation Failure) 171M->171M(173M) 14.549ms
[2020-08-10T13:19:02.984+0300][2082.524s][info ][gc] GC(68603) Pause Young (Allocation Failure) 171M->171M(173M) 13.782ms
[2020-08-10T13:19:03.061+0300][2082.602s][debug][gc] GC(68604) Shrinking ParOldGen from 175616K by 125952K to 49664K
[2020-08-10T13:19:03.061+0300][2082.602s][info ][gc] GC(68604) Pause Full (Ergonomics) 171M->37M(50M) 77.603ms
[2020-08-10T13:19:03.075+0300][2082.615s][info ][gc] GC(68605) Pause Young (Allocation Failure) 38M->38M(50M) 13.118ms
[2020-08-10T13:19:03.088+0300][2082.629s][info ][gc] GC(68606) Pause Young (Allocation Failure) 38M->38M(50M) 13.339ms
[2020-08-10T13:19:03.102+0300][2082.643s][info ][gc] GC(68607) Pause Young (Allocation Failure) 39M->39M(50M) 13.517ms
[2020-08-10T13:19:03.116+0300][2082.656s][info ][gc] GC(68608) Pause Young (Allocation Failure) 39M->39M(50M) 13.455ms
[2020-08-10T13:19:03.130+0300][2082.670s][info ][gc] GC(68609) Pause Young (Allocation Failure) 40M->40M(50M) 13.404ms
[2020-08-10T13:19:03.144+0300][2082.684s][info ][gc] GC(68610) Pause Young (Allocation Failure) 40M->40M(50M) 13.314ms
[2020-08-10T13:19:03.159+0300][2082.699s][info ][gc] GC(68611) Pause Young (Allocation Failure) 41M->40M(50M) 14.589ms
[2020-08-10T13:19:03.189+0300][2082.729s][info ][gc] GC(68612) Pause Young (Allocation Failure) 41M->41M(50M) 29.902ms
[2020-08-10T13:19:03.203+0300][2082.743s][info ][gc] GC(68613) Pause Young (Allocation Failure) 41M->41M(50M) 13.568ms
[2020-08-10T13:19:03.217+0300][2082.757s][info ][gc] GC(68614) Pause Young (Allocation Failure) 42M->42M(50M) 13.659ms
[2020-08-10T13:19:03.232+0300][2082.772s][info ][gc] GC(68615) Pause Young (Allocation Failure) 42M->42M(50M) 13.931ms
[2020-08-10T13:19:03.246+0300][2082.786s][info ][gc] GC(68616) Pause Young (Allocation Failure) 43M->43M(50M) 13.543ms
[2020-08-10T13:19:03.264+0300][2082.804s][info ][gc] GC(68617) Pause Young (Allocation Failure) 43M->43M(50M) 17.689ms
[2020-08-10T13:19:03.278+0300][2082.818s][info ][gc] GC(68618) Pause Young (Allocation Failure) 44M->44M(50M) 13.495ms
[2020-08-10T13:19:03.292+0300][2082.832s][info ][gc] GC(68619) Pause Young (Allocation Failure) 44M->44M(50M) 13.441ms
[2020-08-10T13:19:03.322+0300][2082.863s][info ][gc] GC(68620) Pause Young (Allocation Failure) 45M->45M(50M) 30.015ms
[2020-08-10T13:19:03.350+0300][2082.890s][info ][gc] GC(68621) Pause Young (Allocation Failure) 45M->45M(50M) 27.012ms
[2020-08-10T13:19:03.366+0300][2082.906s][info ][gc] GC(68622) Pause Young (Allocation Failure) 46M->46M(50M) 15.382ms
[2020-08-10T13:19:03.380+0300][2082.921s][info ][gc] GC(68623) Pause Young (Allocation Failure) 46M->46M(50M) 13.799ms
[2020-08-10T13:19:03.395+0300][2082.935s][info ][gc] GC(68624) Pause Young (Allocation Failure) 47M->47M(50M) 13.754ms
[2020-08-10T13:19:03.409+0300][2082.949s][info ][gc] GC(68625) Pause Young (Allocation Failure) 47M->47M(50M) 13.623ms
[2020-08-10T13:19:03.423+0300][2082.963s][info ][gc] GC(68626) Pause Young (Allocation Failure) 47M->47M(50M) 13.506ms
[2020-08-10T13:19:03.437+0300][2082.977s][info ][gc] GC(68627) Pause Young (Allocation Failure) 48M->48M(50M) 13.394ms
[2020-08-10T13:19:03.451+0300][2082.991s][info ][gc] GC(68628) Pause Young (Allocation Failure) 48M->48M(50M) 13.302ms
[2020-08-10T13:19:03.589+0300][2083.129s][debug][gc] GC(68629) Expanding ParOldGen from 49664K by 10752K to 60416K
[2020-08-10T13:19:03.589+0300][2083.129s][info ][gc] GC(68629) Pause Full (Ergonomics) 48M->48M(60M) 137.884ms
[2020-08-10T13:19:03.602+0300][2083.143s][info ][gc] GC(68630) Pause Young (Allocation Failure) 48M->48M(60M) 13.188ms
[2020-08-10T13:19:03.616+0300][2083.157s][info ][gc] GC(68631) Pause Young (Allocation Failure) 49M->49M(60M) 13.546ms
[2020-08-10T13:19:03.630+0300][2083.171s][info ][gc] GC(68632) Pause Young (Allocation Failure) 49M->49M(60M) 13.386ms
[2020-08-10T13:19:03.644+0300][2083.185s][info ][gc] GC(68633) Pause Young (Allocation Failure) 50M->49M(60M) 13.406ms
[2020-08-10T13:19:03.659+0300][2083.199s][info ][gc] GC(68634) Pause Young (Allocation Failure) 50M->50M(60M) 14.036ms
[2020-08-10T13:19:03.673+0300][2083.213s][info ][gc] GC(68635) Pause Young (Allocation Failure) 50M->50M(60M) 13.631ms
[2020-08-10T13:19:03.686+0300][2083.227s][info ][gc] GC(68636) Pause Young (Allocation Failure) 51M->51M(60M) 13.315ms
[2020-08-10T13:19:03.700+0300][2083.241s][info ][gc] GC(68637) Pause Young (Allocation Failure) 51M->51M(60M) 13.587ms
[2020-08-10T13:19:03.727+0300][2083.268s][info ][gc] GC(68638) Pause Young (Allocation Failure) 52M->52M(60M) 26.340ms
[2020-08-10T13:19:03.741+0300][2083.282s][info ][gc] GC(68639) Pause Young (Allocation Failure) 52M->52M(60M) 13.498ms
[2020-08-10T13:19:03.758+0300][2083.299s][info ][gc] GC(68640) Pause Young (Allocation Failure) 53M->53M(60M) 16.518ms
[2020-08-10T13:19:03.772+0300][2083.313s][info ][gc] GC(68641) Pause Young (Allocation Failure) 53M->53M(60M) 13.448ms
[2020-08-10T13:19:03.800+0300][2083.340s][info ][gc] GC(68642) Pause Young (Allocation Failure) 54M->54M(60M) 26.837ms
[2020-08-10T13:19:03.814+0300][2083.354s][info ][gc] GC(68643) Pause Young (Allocation Failure) 54M->54M(60M) 13.532ms
[2020-08-10T13:19:03.827+0300][2083.368s][info ][gc] GC(68644) Pause Young (Allocation Failure) 55M->55M(60M) 13.443ms
[2020-08-10T13:19:03.841+0300][2083.382s][info ][gc] GC(68645) Pause Young (Allocation Failure) 55M->55M(60M) 13.293ms
[2020-08-10T13:19:03.855+0300][2083.395s][info ][gc] GC(68646) Pause Young (Allocation Failure) 55M->55M(60M) 13.474ms
[2020-08-10T13:19:03.869+0300][2083.410s][info ][gc] GC(68647) Pause Young (Allocation Failure) 56M->56M(60M) 13.646ms
[2020-08-10T13:19:03.884+0300][2083.424s][info ][gc] GC(68648) Pause Young (Allocation Failure) 57M->57M(60M) 13.750ms
[2020-08-10T13:19:03.898+0300][2083.438s][info ][gc] GC(68649) Pause Young (Allocation Failure) 58M->58M(61M) 13.822ms
[2020-08-10T13:19:03.913+0300][2083.453s][info ][gc] GC(68650) Pause Young (Allocation Failure) 59M->59M(61M) 13.873ms
[2020-08-10T13:19:04.067+0300][2083.608s][debug][gc] GC(68651) Expanding ParOldGen from 60416K by 11264K to 71680K
[2020-08-10T13:19:04.067+0300][2083.608s][info ][gc] GC(68651) Pause Full (Ergonomics) 59M->58M(72M) 154.688ms
[2020-08-10T13:19:04.082+0300][2083.622s][info ][gc] GC(68652) Pause Young (Allocation Failure) 59M->59M(72M) 13.506ms
[2020-08-10T13:19:04.096+0300][2083.636s][info ][gc] GC(68653) Pause Young (Allocation Failure) 60M->60M(72M) 13.930ms
[2020-08-10T13:19:04.110+0300][2083.651s][info ][gc] GC(68654) Pause Young (Allocation Failure) 61M->61M(72M) 13.943ms
[2020-08-10T13:19:04.125+0300][2083.665s][info ][gc] GC(68655) Pause Young (Allocation Failure) 62M->62M(72M) 14.090ms
[2020-08-10T13:19:04.139+0300][2083.680s][info ][gc] GC(68656) Pause Young (Allocation Failure) 63M->63M(72M) 14.062ms
[2020-08-10T13:19:04.154+0300][2083.694s][info ][gc] GC(68657) Pause Young (Allocation Failure) 64M->64M(72M) 13.870ms
[2020-08-10T13:19:04.168+0300][2083.709s][info ][gc] GC(68658) Pause Young (Allocation Failure) 65M->65M(72M) 14.088ms
[2020-08-10T13:19:04.199+0300][2083.739s][info ][gc] GC(68659) Pause Young (Allocation Failure) 66M->66M(72M) 29.855ms
[2020-08-10T13:19:04.214+0300][2083.754s][info ][gc] GC(68660) Pause Young (Allocation Failure) 67M->67M(72M) 14.406ms
[2020-08-10T13:19:04.229+0300][2083.769s][info ][gc] GC(68661) Pause Young (Allocation Failure) 68M->68M(72M) 14.392ms
[2020-08-10T13:19:04.243+0300][2083.784s][info ][gc] GC(68662) Pause Young (Allocation Failure) 69M->69M(72M) 13.910ms
[2020-08-10T13:19:04.258+0300][2083.798s][info ][gc] GC(68663) Pause Young (Allocation Failure) 70M->70M(72M) 13.860ms
[2020-08-10T13:19:04.479+0300][2084.020s][debug][gc] GC(68664) Expanding ParOldGen from 71680K by 11776K to 83456K
[2020-08-10T13:19:04.479+0300][2084.020s][info ][gc] GC(68664) Pause Full (Ergonomics) 70M->69M(84M) 221.676ms
[2020-08-10T13:19:04.506+0300][2084.046s][info ][gc] GC(68665) Pause Young (Allocation Failure) 70M->70M(84M) 25.975ms
[2020-08-10T13:19:04.523+0300][2084.063s][info ][gc] GC(68666) Pause Young (Allocation Failure) 71M->71M(84M) 16.721ms
[2020-08-10T13:19:04.538+0300][2084.079s][info ][gc] GC(68667) Pause Young (Allocation Failure) 72M->72M(84M) 14.738ms
[2020-08-10T13:19:04.553+0300][2084.094s][info ][gc] GC(68668) Pause Young (Allocation Failure) 73M->73M(84M) 14.111ms
[2020-08-10T13:19:04.568+0300][2084.108s][info ][gc] GC(68669) Pause Young (Allocation Failure) 74M->74M(84M) 13.986ms
[2020-08-10T13:19:04.593+0300][2084.134s][info ][gc] GC(68670) Pause Young (Allocation Failure) 75M->75M(84M) 24.623ms
[2020-08-10T13:19:04.608+0300][2084.148s][info ][gc] GC(68671) Pause Young (Allocation Failure) 76M->76M(84M) 13.982ms
[2020-08-10T13:19:04.623+0300][2084.163s][info ][gc] GC(68672) Pause Young (Allocation Failure) 77M->77M(84M) 13.946ms
[2020-08-10T13:19:04.638+0300][2084.178s][info ][gc] GC(68673) Pause Young (Allocation Failure) 78M->78M(84M) 14.082ms
[2020-08-10T13:19:04.653+0300][2084.193s][info ][gc] GC(68674) Pause Young (Allocation Failure) 79M->79M(84M) 14.126ms
[2020-08-10T13:19:04.667+0300][2084.208s][info ][gc] GC(68675) Pause Young (Allocation Failure) 80M->80M(84M) 14.041ms
[2020-08-10T13:19:04.682+0300][2084.222s][info ][gc] GC(68676) Pause Young (Allocation Failure) 81M->81M(84M) 13.971ms
[2020-08-10T13:19:04.924+0300][2084.464s][debug][gc] GC(68677) Expanding ParOldGen from 83456K by 11264K to 94720K
[2020-08-10T13:19:04.924+0300][2084.464s][info ][gc] GC(68677) Pause Full (Ergonomics) 81M->80M(95M) 242.140ms
[2020-08-10T13:19:04.954+0300][2084.494s][info ][gc] GC(68678) Pause Young (Allocation Failure) 81M->81M(95M) 28.900ms
[2020-08-10T13:19:04.969+0300][2084.509s][info ][gc] GC(68679) Pause Young (Allocation Failure) 82M->82M(95M) 14.080ms
[2020-08-10T13:19:04.988+0300][2084.529s][info ][gc] GC(68680) Pause Young (Allocation Failure) 83M->83M(95M) 19.145ms
[2020-08-10T13:19:05.003+0300][2084.543s][info ][gc] GC(68681) Pause Young (Allocation Failure) 84M->84M(95M) 14.023ms
[2020-08-10T13:19:05.029+0300][2084.569s][info ][gc] GC(68682) Pause Young (Allocation Failure) 85M->85M(95M) 25.168ms
[2020-08-10T13:19:05.043+0300][2084.584s][info ][gc] GC(68683) Pause Young (Allocation Failure) 86M->86M(95M) 14.161ms
[2020-08-10T13:19:05.058+0300][2084.599s][info ][gc] GC(68684) Pause Young (Allocation Failure) 87M->87M(95M) 14.517ms
[2020-08-10T13:19:05.073+0300][2084.614s][info ][gc] GC(68685) Pause Young (Allocation Failure) 88M->88M(95M) 14.291ms
[2020-08-10T13:19:05.089+0300][2084.629s][info ][gc] GC(68686) Pause Young (Allocation Failure) 89M->89M(95M) 14.259ms
[2020-08-10T13:19:05.103+0300][2084.644s][info ][gc] GC(68687) Pause Young (Allocation Failure) 90M->90M(95M) 14.167ms
[2020-08-10T13:19:05.118+0300][2084.658s][info ][gc] GC(68688) Pause Young (Allocation Failure) 91M->91M(95M) 14.150ms
[2020-08-10T13:19:05.133+0300][2084.673s][info ][gc] GC(68689) Pause Young (Allocation Failure) 92M->92M(95M) 14.181ms
[2020-08-10T13:19:05.148+0300][2084.688s][info ][gc] GC(68690) Pause Young (Allocation Failure) 93M->93M(95M) 14.187ms
[2020-08-10T13:19:05.444+0300][2084.984s][debug][gc] GC(68691) Expanding ParOldGen from 94720K by 11776K to 106496K
[2020-08-10T13:19:05.444+0300][2084.984s][info ][gc] GC(68691) Pause Full (Ergonomics) 93M->92M(106M) 296.174ms
[2020-08-10T13:19:05.496+0300][2085.036s][info ][gc] GC(68692) Pause Young (Allocation Failure) 93M->93M(106M) 50.938ms
[2020-08-10T13:19:05.511+0300][2085.052s][info ][gc] GC(68693) Pause Young (Allocation Failure) 94M->94M(106M) 14.593ms
[2020-08-10T13:19:05.527+0300][2085.067s][info ][gc] GC(68694) Pause Young (Allocation Failure) 95M->95M(106M) 14.472ms
[2020-08-10T13:19:05.542+0300][2085.083s][info ][gc] GC(68695) Pause Young (Allocation Failure) 96M->96M(106M) 14.719ms
[2020-08-10T13:19:05.558+0300][2085.098s][info ][gc] GC(68696) Pause Young (Allocation Failure) 97M->97M(106M) 14.744ms
[2020-08-10T13:19:05.574+0300][2085.114s][info ][gc] GC(68697) Pause Young (Allocation Failure) 98M->98M(106M) 15.233ms
[2020-08-10T13:19:05.606+0300][2085.147s][info ][gc] GC(68698) Pause Young (Allocation Failure) 99M->99M(106M) 31.281ms
[2020-08-10T13:19:05.622+0300][2085.162s][info ][gc] GC(68699) Pause Young (Allocation Failure) 100M->100M(106M) 15.193ms
[2020-08-10T13:19:05.637+0300][2085.178s][info ][gc] GC(68700) Pause Young (Allocation Failure) 101M->101M(106M) 15.064ms
[2020-08-10T13:19:05.653+0300][2085.193s][info ][gc] GC(68701) Pause Young (Allocation Failure) 102M->102M(106M) 15.091ms
[2020-08-10T13:19:05.668+0300][2085.209s][info ][gc] GC(68702) Pause Young (Allocation Failure) 103M->103M(106M) 15.039ms
[2020-08-10T13:19:05.684+0300][2085.225s][info ][gc] GC(68703) Pause Young (Allocation Failure) 104M->104M(106M) 15.421ms
[2020-08-10T13:19:05.988+0300][2085.529s][debug][gc] GC(68704) Expanding ParOldGen from 106496K by 11264K to 117760K
[2020-08-10T13:19:05.989+0300][2085.529s][info ][gc] GC(68704) Pause Full (Ergonomics) 104M->103M(117M) 304.214ms
[2020-08-10T13:19:06.012+0300][2085.552s][info ][gc] GC(68705) Pause Young (Allocation Failure) 104M->104M(117M) 22.949ms
[2020-08-10T13:19:06.033+0300][2085.573s][info ][gc] GC(68706) Pause Young (Allocation Failure) 105M->105M(117M) 19.863ms
[2020-08-10T13:19:06.049+0300][2085.589s][info ][gc] GC(68707) Pause Young (Allocation Failure) 106M->106M(117M) 15.329ms
[2020-08-10T13:19:06.065+0300][2085.606s][info ][gc] GC(68708) Pause Young (Allocation Failure) 107M->107M(117M) 15.291ms
[2020-08-10T13:19:06.092+0300][2085.633s][info ][gc] GC(68709) Pause Young (Allocation Failure) 108M->108M(117M) 26.778ms
[2020-08-10T13:19:06.108+0300][2085.649s][info ][gc] GC(68710) Pause Young (Allocation Failure) 109M->109M(117M) 15.367ms
[2020-08-10T13:19:06.124+0300][2085.665s][info ][gc] GC(68711) Pause Young (Allocation Failure) 110M->110M(117M) 15.766ms
[2020-08-10T13:19:06.141+0300][2085.681s][info ][gc] GC(68712) Pause Young (Allocation Failure) 111M->111M(117M) 15.620ms
[2020-08-10T13:19:06.158+0300][2085.698s][info ][gc] GC(68713) Pause Young (Allocation Failure) 112M->112M(117M) 15.947ms
[2020-08-10T13:19:06.185+0300][2085.726s][info ][gc] GC(68714) Pause Young (Allocation Failure) 113M->113M(117M) 27.138ms
[2020-08-10T13:19:06.202+0300][2085.742s][info ][gc] GC(68715) Pause Young (Allocation Failure) 114M->114M(117M) 15.857ms
[2020-08-10T13:19:06.218+0300][2085.758s][info ][gc] GC(68716) Pause Young (Allocation Failure) 115M->115M(117M) 15.778ms
[2020-08-10T13:19:06.603+0300][2086.143s][debug][gc] GC(68717) Expanding ParOldGen from 117760K by 11264K to 129024K
[2020-08-10T13:19:06.603+0300][2086.143s][info ][gc] GC(68717) Pause Full (Ergonomics) 115M->115M(128M) 384.748ms
[2020-08-10T13:19:06.650+0300][2086.190s][info ][gc] GC(68718) Pause Young (Allocation Failure) 116M->116M(128M) 46.421ms
[2020-08-10T13:19:06.668+0300][2086.208s][info ][gc] GC(68719) Pause Young (Allocation Failure) 117M->116M(128M) 17.361ms
[2020-08-10T13:19:06.686+0300][2086.226s][info ][gc] GC(68720) Pause Young (Allocation Failure) 117M->117M(128M) 17.380ms
[2020-08-10T13:19:06.704+0300][2086.244s][info ][gc] GC(68721) Pause Young (Allocation Failure) 118M->118M(128M) 17.317ms
[2020-08-10T13:19:06.722+0300][2086.263s][info ][gc] GC(68722) Pause Young (Allocation Failure) 119M->119M(128M) 17.441ms
[2020-08-10T13:19:06.740+0300][2086.280s][info ][gc] GC(68723) Pause Young (Allocation Failure) 120M->120M(128M) 17.080ms
[2020-08-10T13:19:06.758+0300][2086.298s][info ][gc] GC(68724) Pause Young (Allocation Failure) 121M->121M(128M) 17.454ms
[2020-08-10T13:19:06.787+0300][2086.327s][info ][gc] GC(68725) Pause Young (Allocation Failure) 122M->122M(128M) 28.537ms
[2020-08-10T13:19:06.805+0300][2086.346s][info ][gc] GC(68726) Pause Young (Allocation Failure) 123M->123M(128M) 17.597ms
[2020-08-10T13:19:06.833+0300][2086.373s][info ][gc] GC(68727) Pause Young (Allocation Failure) 124M->124M(128M) 26.822ms
[2020-08-10T13:19:06.851+0300][2086.392s][info ][gc] GC(68728) Pause Young (Allocation Failure) 125M->125M(128M) 17.898ms
[2020-08-10T13:19:06.869+0300][2086.410s][info ][gc] GC(68729) Pause Young (Allocation Failure) 126M->126M(128M) 17.691ms
[2020-08-10T13:19:07.356+0300][2086.896s][debug][gc] GC(68730) Expanding ParOldGen from 129024K by 11264K to 140288K
[2020-08-10T13:19:07.356+0300][2086.896s][info ][gc] GC(68730) Pause Full (Ergonomics) 126M->126M(139M) 486.291ms
[2020-08-10T13:19:07.390+0300][2086.931s][info ][gc] GC(68731) Pause Young (Allocation Failure) 127M->127M(139M) 34.077ms
[2020-08-10T13:19:07.409+0300][2086.949s][info ][gc] GC(68732) Pause Young (Allocation Failure) 128M->128M(139M) 18.083ms
[2020-08-10T13:19:07.434+0300][2086.975s][info ][gc] GC(68733) Pause Young (Allocation Failure) 129M->129M(139M) 24.660ms
[2020-08-10T13:19:07.453+0300][2086.993s][info ][gc] GC(68734) Pause Young (Allocation Failure) 130M->130M(139M) 18.407ms
[2020-08-10T13:19:07.483+0300][2087.024s][info ][gc] GC(68735) Pause Young (Allocation Failure) 131M->131M(139M) 29.727ms
[2020-08-10T13:19:07.509+0300][2087.050s][info ][gc] GC(68736) Pause Young (Allocation Failure) 132M->131M(139M) 25.259ms
[2020-08-10T13:19:07.531+0300][2087.071s][info ][gc] GC(68737) Pause Young (Allocation Failure) 132M->132M(139M) 21.107ms
[2020-08-10T13:19:07.558+0300][2087.098s][info ][gc] GC(68738) Pause Young (Allocation Failure) 133M->133M(139M) 26.299ms
[2020-08-10T13:19:07.585+0300][2087.125s][info ][gc] GC(68739) Pause Young (Allocation Failure) 134M->134M(139M) 26.730ms
[2020-08-10T13:19:07.616+0300][2087.156s][info ][gc] GC(68740) Pause Young (Allocation Failure) 135M->135M(139M) 30.287ms
[2020-08-10T13:19:07.646+0300][2087.187s][info ][gc] GC(68741) Pause Young (Allocation Failure) 136M->136M(139M) 30.016ms
[2020-08-10T13:19:07.672+0300][2087.212s][info ][gc] GC(68742) Pause Young (Allocation Failure) 137M->137M(139M) 24.938ms
[2020-08-10T13:19:08.168+0300][2087.708s][debug][gc] GC(68743) Expanding ParOldGen from 140288K by 11264K to 151552K
[2020-08-10T13:19:08.168+0300][2087.708s][info ][gc] GC(68743) Pause Full (Ergonomics) 137M->137M(150M) 495.858ms
[2020-08-10T13:19:08.221+0300][2087.762s][info ][gc] GC(68744) Pause Young (Allocation Failure) 138M->138M(150M) 52.417ms
[2020-08-10T13:19:08.256+0300][2087.796s][info ][gc] GC(68745) Pause Young (Allocation Failure) 139M->139M(150M) 34.228ms
[2020-08-10T13:19:08.301+0300][2087.842s][info ][gc] GC(68746) Pause Young (Allocation Failure) 140M->140M(150M) 44.810ms
[2020-08-10T13:19:08.340+0300][2087.881s][info ][gc] GC(68747) Pause Young (Allocation Failure) 141M->141M(150M) 38.578ms
[2020-08-10T13:19:08.360+0300][2087.901s][info ][gc] GC(68748) Pause Young (Allocation Failure) 142M->142M(150M) 19.319ms
[2020-08-10T13:19:08.387+0300][2087.928s][info ][gc] GC(68749) Pause Young (Allocation Failure) 143M->143M(150M) 26.425ms
[2020-08-10T13:19:08.407+0300][2087.947s][info ][gc] GC(68750) Pause Young (Allocation Failure) 144M->144M(150M) 19.152ms
[2020-08-10T13:19:08.432+0300][2087.972s][info ][gc] GC(68751) Pause Young (Allocation Failure) 145M->144M(150M) 24.451ms
[2020-08-10T13:19:08.451+0300][2087.992s][info ][gc] GC(68752) Pause Young (Allocation Failure) 145M->145M(150M) 18.932ms
[2020-08-10T13:19:08.471+0300][2088.012s][info ][gc] GC(68753) Pause Young (Allocation Failure) 146M->146M(150M) 19.608ms
[2020-08-10T13:19:08.472+0300][2088.013s][debug][gc] Expanding ParOldGen from 151552K by 19968K to 171520K
[2020-08-10T13:19:08.523+0300][2088.063s][info ][gc] GC(68754) Pause Young (Allocation Failure) 166M->166M(170M) 36.921ms
[2020-08-10T13:19:08.541+0300][2088.082s][info ][gc] GC(68755) Pause Young (Allocation Failure) 167M->167M(170M) 17.828ms
[2020-08-10T13:19:08.598+0300][2088.139s][debug][gc] GC(68756) Shrinking ParOldGen from 171520K by 124928K to 46592K
[2020-08-10T13:19:08.598+0300][2088.139s][info ][gc] GC(68756) Pause Full (Ergonomics) 167M->34M(48M) 57.060ms
[2020-08-10T13:19:08.613+0300][2088.154s][info ][gc] GC(68757) Pause Young (Allocation Failure) 35M->35M(48M) 14.632ms
[2020-08-10T13:19:08.627+0300][2088.168s][info ][gc] GC(68758) Pause Young (Allocation Failure) 36M->36M(48M) 13.635ms
[2020-08-10T13:19:08.642+0300][2088.182s][info ][gc] GC(68759) Pause Young (Allocation Failure) 37M->36M(48M) 13.849ms
[2020-08-10T13:19:08.656+0300][2088.197s][info ][gc] GC(68760) Pause Young (Allocation Failure) 37M->37M(48M) 14.150ms
[2020-08-10T13:19:08.671+0300][2088.211s][info ][gc] GC(68761) Pause Young (Allocation Failure) 38M->38M(48M) 14.021ms
[2020-08-10T13:19:08.685+0300][2088.225s][info ][gc] GC(68762) Pause Young (Allocation Failure) 39M->39M(48M) 13.706ms
[2020-08-10T13:19:08.699+0300][2088.239s][info ][gc] GC(68763) Pause Young (Allocation Failure) 40M->40M(48M) 13.778ms
[2020-08-10T13:19:08.713+0300][2088.254s][info ][gc] GC(68764) Pause Young (Allocation Failure) 41M->41M(48M) 13.704ms
[2020-08-10T13:19:08.727+0300][2088.268s][info ][gc] GC(68765) Pause Young (Allocation Failure) 42M->42M(48M) 13.742ms
[2020-08-10T13:19:08.742+0300][2088.282s][info ][gc] GC(68766) Pause Young (Allocation Failure) 43M->43M(48M) 14.019ms
[2020-08-10T13:19:08.772+0300][2088.313s][info ][gc] GC(68767) Pause Young (Allocation Failure) 44M->44M(48M) 30.317ms
[2020-08-10T13:19:08.789+0300][2088.329s][info ][gc] GC(68768) Pause Young (Allocation Failure) 45M->45M(48M) 15.689ms
[2020-08-10T13:19:08.900+0300][2088.441s][debug][gc] GC(68769) Expanding ParOldGen from 46592K by 11264K to 57856K
[2020-08-10T13:19:08.900+0300][2088.441s][info ][gc] GC(68769) Pause Full (Ergonomics) 45M->45M(59M) 111.000ms
[2020-08-10T13:19:08.915+0300][2088.456s][info ][gc] GC(68770) Pause Young (Allocation Failure) 46M->46M(59M) 14.599ms
[2020-08-10T13:19:08.930+0300][2088.470s][info ][gc] GC(68771) Pause Young (Allocation Failure) 47M->47M(59M) 13.918ms
[2020-08-10T13:19:08.944+0300][2088.485s][info ][gc] GC(68772) Pause Young (Allocation Failure) 48M->48M(59M) 13.918ms
[2020-08-10T13:19:08.959+0300][2088.500s][info ][gc] GC(68773) Pause Young (Allocation Failure) 49M->49M(58M) 14.293ms
[2020-08-10T13:19:08.978+0300][2088.518s][info ][gc] GC(68774) Pause Young (Allocation Failure) 50M->49M(58M) 18.400ms
[2020-08-10T13:19:09.004+0300][2088.545s][info ][gc] GC(68775) Pause Young (Allocation Failure) 50M->50M(58M) 25.778ms
[2020-08-10T13:19:09.022+0300][2088.562s][info ][gc] GC(68776) Pause Young (Allocation Failure) 51M->51M(59M) 16.940ms
[2020-08-10T13:19:09.036+0300][2088.577s][info ][gc] GC(68777) Pause Young (Allocation Failure) 52M->52M(59M) 14.118ms
[2020-08-10T13:19:09.051+0300][2088.592s][info ][gc] GC(68778) Pause Young (Allocation Failure) 53M->53M(59M) 14.448ms
[2020-08-10T13:19:09.066+0300][2088.606s][info ][gc] GC(68779) Pause Young (Allocation Failure) 54M->54M(59M) 13.934ms
[2020-08-10T13:19:09.080+0300][2088.621s][info ][gc] GC(68780) Pause Young (Allocation Failure) 55M->55M(59M) 13.710ms
[2020-08-10T13:19:09.095+0300][2088.635s][info ][gc] GC(68781) Pause Young (Allocation Failure) 56M->56M(59M) 13.774ms
[2020-08-10T13:19:09.250+0300][2088.790s][debug][gc] GC(68782) Expanding ParOldGen from 57856K by 11776K to 69632K
[2020-08-10T13:19:09.250+0300][2088.790s][info ][gc] GC(68782) Pause Full (Ergonomics) 56M->56M(70M) 155.093ms
[2020-08-10T13:19:09.264+0300][2088.804s][info ][gc] GC(68783) Pause Young (Allocation Failure) 57M->57M(70M) 13.334ms
[2020-08-10T13:19:09.278+0300][2088.819s][info ][gc] GC(68784) Pause Young (Allocation Failure) 58M->58M(70M) 13.789ms
[2020-08-10T13:19:09.293+0300][2088.833s][info ][gc] GC(68785) Pause Young (Allocation Failure) 59M->59M(70M) 13.823ms
[2020-08-10T13:19:09.307+0300][2088.848s][info ][gc] GC(68786) Pause Young (Allocation Failure) 60M->60M(70M) 13.862ms
[2020-08-10T13:19:09.321+0300][2088.862s][info ][gc] GC(68787) Pause Young (Allocation Failure) 61M->61M(70M) 13.774ms
[2020-08-10T13:19:09.335+0300][2088.876s][info ][gc] GC(68788) Pause Young (Allocation Failure) 62M->62M(70M) 13.690ms
[2020-08-10T13:19:09.350+0300][2088.891s][info ][gc] GC(68789) Pause Young (Allocation Failure) 63M->63M(70M) 13.828ms
[2020-08-10T13:19:09.365+0300][2088.905s][info ][gc] GC(68790) Pause Young (Allocation Failure) 64M->64M(70M) 13.827ms
[2020-08-10T13:19:09.380+0300][2088.920s][info ][gc] GC(68791) Pause Young (Allocation Failure) 65M->65M(70M) 13.849ms
[2020-08-10T13:19:09.414+0300][2088.954s][info ][gc] GC(68792) Pause Young (Allocation Failure) 66M->65M(70M) 33.244ms
[2020-08-10T13:19:09.429+0300][2088.969s][info ][gc] GC(68793) Pause Young (Allocation Failure) 66M->66M(70M) 14.072ms
[2020-08-10T13:19:09.444+0300][2088.983s][info ][gc] GC(68794) Pause Young (Allocation Failure) 67M->67M(70M) 14.044ms
[2020-08-10T13:19:09.650+0300][2089.190s][debug][gc] GC(68795) Expanding ParOldGen from 69632K by 11264K to 80896K
[2020-08-10T13:19:09.651+0300][2089.190s][info ][gc] GC(68795) Pause Full (Ergonomics) 67M->67M(81M) 206.588ms
[2020-08-10T13:19:09.664+0300][2089.204s][info ][gc] GC(68796) Pause Young (Allocation Failure) 68M->68M(81M) 13.341ms
[2020-08-10T13:19:09.679+0300][2089.218s][info ][gc] GC(68797) Pause Young (Allocation Failure) 69M->69M(81M) 14.002ms
[2020-08-10T13:19:09.700+0300][2089.239s][info ][gc] GC(68798) Pause Young (Allocation Failure) 70M->70M(81M) 20.740ms
[2020-08-10T13:19:09.714+0300][2089.254s][info ][gc] GC(68799) Pause Young (Allocation Failure) 71M->71M(81M) 14.005ms
[2020-08-10T13:19:09.730+0300][2089.270s][info ][gc] GC(68800) Pause Young (Allocation Failure) 72M->72M(81M) 15.326ms
[2020-08-10T13:19:09.753+0300][2089.292s][info ][gc] GC(68801) Pause Young (Allocation Failure) 73M->73M(81M) 21.797ms
[2020-08-10T13:19:09.768+0300][2089.308s][info ][gc] GC(68802) Pause Young (Allocation Failure) 74M->74M(81M) 15.376ms
[2020-08-10T13:19:09.783+0300][2089.322s][info ][gc] GC(68803) Pause Young (Allocation Failure) 75M->75M(81M) 13.895ms
[2020-08-10T13:19:09.798+0300][2089.337s][info ][gc] GC(68804) Pause Young (Allocation Failure) 76M->76M(81M) 14.524ms
[2020-08-10T13:19:09.813+0300][2089.352s][info ][gc] GC(68805) Pause Young (Allocation Failure) 77M->77M(81M) 14.584ms
[2020-08-10T13:19:09.829+0300][2089.368s][info ][gc] GC(68806) Pause Young (Allocation Failure) 78M->78M(81M) 15.317ms
[2020-08-10T13:19:09.843+0300][2089.383s][info ][gc] GC(68807) Pause Young (Allocation Failure) 79M->79M(81M) 14.143ms
[2020-08-10T13:19:10.061+0300][2089.600s][debug][gc] GC(68808) Expanding ParOldGen from 80896K by 11264K to 92160K
[2020-08-10T13:19:10.061+0300][2089.600s][info ][gc] GC(68808) Pause Full (Ergonomics) 79M->78M(92M) 217.449ms
[2020-08-10T13:19:10.075+0300][2089.614s][info ][gc] GC(68809) Pause Young (Allocation Failure) 79M->79M(92M) 13.431ms
[2020-08-10T13:19:10.089+0300][2089.629s][info ][gc] GC(68810) Pause Young (Allocation Failure) 80M->80M(92M) 13.829ms
[2020-08-10T13:19:10.115+0300][2089.655s][info ][gc] GC(68811) Pause Young (Allocation Failure) 81M->81M(92M) 25.719ms
[2020-08-10T13:19:10.145+0300][2089.684s][info ][gc] GC(68812) Pause Young (Allocation Failure) 82M->82M(92M) 29.029ms
[2020-08-10T13:19:10.163+0300][2089.702s][info ][gc] GC(68813) Pause Young (Allocation Failure) 83M->83M(92M) 17.240ms
[2020-08-10T13:19:10.178+0300][2089.717s][info ][gc] GC(68814) Pause Young (Allocation Failure) 84M->84M(92M) 14.225ms
[2020-08-10T13:19:10.192+0300][2089.732s][info ][gc] GC(68815) Pause Young (Allocation Failure) 85M->85M(92M) 14.070ms
[2020-08-10T13:19:10.210+0300][2089.750s][info ][gc] GC(68816) Pause Young (Allocation Failure) 86M->86M(92M) 17.367ms
[2020-08-10T13:19:10.224+0300][2089.764s][info ][gc] GC(68817) Pause Young (Allocation Failure) 87M->87M(92M) 13.911ms
[2020-08-10T13:19:10.239+0300][2089.778s][info ][gc] GC(68818) Pause Young (Allocation Failure) 88M->88M(92M) 13.949ms
[2020-08-10T13:19:10.253+0300][2089.793s][info ][gc] GC(68819) Pause Young (Allocation Failure) 89M->89M(92M) 13.883ms
[2020-08-10T13:19:10.268+0300][2089.808s][info ][gc] GC(68820) Pause Young (Allocation Failure) 90M->90M(92M) 14.652ms
[2020-08-10T13:19:10.545+0300][2090.085s][debug][gc] GC(68821) Expanding ParOldGen from 92160K by 11264K to 103424K
[2020-08-10T13:19:10.545+0300][2090.085s][info ][gc] GC(68821) Pause Full (Ergonomics) 90M->90M(103M) 276.756ms
[2020-08-10T13:19:10.603+0300][2090.143s][info ][gc] GC(68822) Pause Young (Allocation Failure) 91M->91M(103M) 57.459ms
[2020-08-10T13:19:10.618+0300][2090.158s][info ][gc] GC(68823) Pause Young (Allocation Failure) 92M->92M(103M) 14.707ms
[2020-08-10T13:19:10.635+0300][2090.174s][info ][gc] GC(68824) Pause Young (Allocation Failure) 93M->92M(103M) 15.413ms
[2020-08-10T13:19:10.649+0300][2090.189s][info ][gc] GC(68825) Pause Young (Allocation Failure) 93M->93M(103M) 14.454ms
[2020-08-10T13:19:10.667+0300][2090.206s][info ][gc] GC(68826) Pause Young (Allocation Failure) 94M->94M(102M) 16.938ms
[2020-08-10T13:19:10.681+0300][2090.221s][info ][gc] GC(68827) Pause Young (Allocation Failure) 95M->95M(103M) 14.283ms
[2020-08-10T13:19:10.697+0300][2090.236s][info ][gc] GC(68828) Pause Young (Allocation Failure) 96M->96M(103M) 14.803ms
[2020-08-10T13:19:10.712+0300][2090.252s][info ][gc] GC(68829) Pause Young (Allocation Failure) 97M->97M(103M) 14.893ms
[2020-08-10T13:19:10.728+0300][2090.267s][info ][gc] GC(68830) Pause Young (Allocation Failure) 98M->98M(103M) 14.832ms
[2020-08-10T13:19:10.766+0300][2090.306s][info ][gc] GC(68831) Pause Young (Allocation Failure) 99M->99M(103M) 38.273ms
[2020-08-10T13:19:10.782+0300][2090.322s][info ][gc] GC(68832) Pause Young (Allocation Failure) 100M->100M(103M) 15.254ms
[2020-08-10T13:19:10.804+0300][2090.343s][info ][gc] GC(68833) Pause Young (Allocation Failure) 101M->101M(103M) 20.796ms
[2020-08-10T13:19:11.130+0300][2090.670s][debug][gc] GC(68834) Expanding ParOldGen from 103424K by 11776K to 115200K
[2020-08-10T13:19:11.130+0300][2090.670s][info ][gc] GC(68834) Pause Full (Ergonomics) 101M->101M(115M) 326.616ms
[2020-08-10T13:19:11.186+0300][2090.726s][info ][gc] GC(68835) Pause Young (Allocation Failure) 102M->102M(115M) 55.026ms
[2020-08-10T13:19:11.207+0300][2090.746s][info ][gc] GC(68836) Pause Young (Allocation Failure) 103M->103M(115M) 19.891ms
[2020-08-10T13:19:11.223+0300][2090.763s][info ][gc] GC(68837) Pause Young (Allocation Failure) 104M->104M(115M) 15.745ms
[2020-08-10T13:19:11.239+0300][2090.779s][info ][gc] GC(68838) Pause Young (Allocation Failure) 105M->105M(115M) 15.545ms
[2020-08-10T13:19:11.260+0300][2090.800s][info ][gc] GC(68839) Pause Young (Allocation Failure) 106M->106M(115M) 20.645ms
[2020-08-10T13:19:11.277+0300][2090.817s][info ][gc] GC(68840) Pause Young (Allocation Failure) 107M->106M(115M) 16.085ms
[2020-08-10T13:19:11.293+0300][2090.833s][info ][gc] GC(68841) Pause Young (Allocation Failure) 107M->107M(115M) 15.876ms
[2020-08-10T13:19:11.310+0300][2090.849s][info ][gc] GC(68842) Pause Young (Allocation Failure) 108M->108M(115M) 15.905ms
[2020-08-10T13:19:11.326+0300][2090.866s][info ][gc] GC(68843) Pause Young (Allocation Failure) 109M->109M(115M) 15.712ms
[2020-08-10T13:19:11.356+0300][2090.895s][info ][gc] GC(68844) Pause Young (Allocation Failure) 110M->110M(115M) 29.355ms
[2020-08-10T13:19:11.385+0300][2090.924s][info ][gc] GC(68845) Pause Young (Allocation Failure) 111M->111M(115M) 28.048ms
[2020-08-10T13:19:11.404+0300][2090.944s][info ][gc] GC(68846) Pause Young (Allocation Failure) 112M->112M(115M) 18.625ms
[2020-08-10T13:19:11.755+0300][2091.295s][debug][gc] GC(68847) Expanding ParOldGen from 115200K by 11776K to 126976K
[2020-08-10T13:19:11.755+0300][2091.295s][info ][gc] GC(68847) Pause Full (Ergonomics) 112M->112M(126M) 351.299ms
[2020-08-10T13:19:11.770+0300][2091.310s][info ][gc] GC(68848) Pause Young (Allocation Failure) 113M->113M(126M) 13.936ms
[2020-08-10T13:19:11.793+0300][2091.333s][info ][gc] GC(68849) Pause Young (Allocation Failure) 114M->114M(126M) 22.425ms
[2020-08-10T13:19:11.818+0300][2091.358s][info ][gc] GC(68850) Pause Young (Allocation Failure) 115M->115M(126M) 23.926ms
[2020-08-10T13:19:11.843+0300][2091.383s][info ][gc] GC(68851) Pause Young (Allocation Failure) 116M->116M(126M) 24.509ms
[2020-08-10T13:19:11.860+0300][2091.400s][info ][gc] GC(68852) Pause Young (Allocation Failure) 117M->117M(126M) 16.997ms
[2020-08-10T13:19:11.885+0300][2091.425s][info ][gc] GC(68853) Pause Young (Allocation Failure) 118M->118M(126M) 24.062ms
[2020-08-10T13:19:11.907+0300][2091.446s][info ][gc] GC(68854) Pause Young (Allocation Failure) 119M->119M(126M) 21.378ms
[2020-08-10T13:19:11.927+0300][2091.466s][info ][gc] GC(68855) Pause Young (Allocation Failure) 120M->120M(126M) 19.623ms
[2020-08-10T13:19:11.944+0300][2091.484s][info ][gc] GC(68856) Pause Young (Allocation Failure) 121M->121M(126M) 17.127ms
[2020-08-10T13:19:11.962+0300][2091.501s][info ][gc] GC(68857) Pause Young (Allocation Failure) 122M->122M(126M) 17.112ms
[2020-08-10T13:19:12.002+0300][2091.541s][info ][gc] GC(68858) Pause Young (Allocation Failure) 123M->122M(126M) 39.364ms
[2020-08-10T13:19:12.029+0300][2091.568s][info ][gc] GC(68859) Pause Young (Allocation Failure) 123M->123M(126M) 26.352ms
[2020-08-10T13:19:12.444+0300][2091.984s][debug][gc] GC(68860) Expanding ParOldGen from 126976K by 11264K to 138240K
[2020-08-10T13:19:12.444+0300][2091.984s][info ][gc] GC(68860) Pause Full (Ergonomics) 123M->123M(137M) 415.231ms
[2020-08-10T13:19:12.470+0300][2092.009s][info ][gc] GC(68861) Pause Young (Allocation Failure) 124M->124M(137M) 24.678ms
[2020-08-10T13:19:12.488+0300][2092.028s][info ][gc] GC(68862) Pause Young (Allocation Failure) 125M->125M(137M) 17.692ms
[2020-08-10T13:19:12.506+0300][2092.045s][info ][gc] GC(68863) Pause Young (Allocation Failure) 126M->126M(137M) 17.500ms
[2020-08-10T13:19:12.524+0300][2092.064s][info ][gc] GC(68864) Pause Young (Allocation Failure) 127M->127M(137M) 17.805ms
[2020-08-10T13:19:12.542+0300][2092.082s][info ][gc] GC(68865) Pause Young (Allocation Failure) 128M->128M(137M) 18.005ms
[2020-08-10T13:19:12.561+0300][2092.101s][info ][gc] GC(68866) Pause Young (Allocation Failure) 129M->129M(137M) 17.919ms
[2020-08-10T13:19:12.601+0300][2092.141s][info ][gc] GC(68867) Pause Young (Allocation Failure) 130M->130M(137M) 39.320ms
[2020-08-10T13:19:12.630+0300][2092.170s][info ][gc] GC(68868) Pause Young (Allocation Failure) 131M->131M(137M) 27.934ms
[2020-08-10T13:19:12.648+0300][2092.188s][info ][gc] GC(68869) Pause Young (Allocation Failure) 132M->132M(137M) 17.934ms
[2020-08-10T13:19:12.667+0300][2092.207s][info ][gc] GC(68870) Pause Young (Allocation Failure) 133M->133M(137M) 18.390ms
[2020-08-10T13:19:12.686+0300][2092.226s][info ][gc] GC(68871) Pause Young (Allocation Failure) 134M->134M(137M) 17.934ms
[2020-08-10T13:19:12.735+0300][2092.274s][info ][gc] GC(68872) Pause Young (Allocation Failure) 135M->135M(137M) 48.178ms
[2020-08-10T13:19:13.260+0300][2092.799s][debug][gc] GC(68873) Expanding ParOldGen from 138240K by 11264K to 149504K
[2020-08-10T13:19:13.260+0300][2092.799s][info ][gc] GC(68873) Pause Full (Ergonomics) 135M->134M(148M) 525.113ms
[2020-08-10T13:19:13.289+0300][2092.829s][info ][gc] GC(68874) Pause Young (Allocation Failure) 135M->135M(148M) 28.488ms
[2020-08-10T13:19:13.314+0300][2092.854s][info ][gc] GC(68875) Pause Young (Allocation Failure) 136M->136M(148M) 24.358ms
[2020-08-10T13:19:13.355+0300][2092.895s][info ][gc] GC(68876) Pause Young (Allocation Failure) 137M->137M(148M) 39.788ms
[2020-08-10T13:19:13.374+0300][2092.914s][info ][gc] GC(68877) Pause Young (Allocation Failure) 138M->138M(148M) 19.084ms
[2020-08-10T13:19:13.397+0300][2092.937s][info ][gc] GC(68878) Pause Young (Allocation Failure) 139M->139M(148M) 21.939ms
[2020-08-10T13:19:13.417+0300][2092.957s][info ][gc] GC(68879) Pause Young (Allocation Failure) 140M->140M(148M) 20.243ms
[2020-08-10T13:19:13.437+0300][2092.977s][info ][gc] GC(68880) Pause Young (Allocation Failure) 141M->141M(148M) 18.431ms
[2020-08-10T13:19:13.456+0300][2092.996s][info ][gc] GC(68881) Pause Young (Allocation Failure) 142M->142M(148M) 18.257ms
[2020-08-10T13:19:13.480+0300][2093.019s][info ][gc] GC(68882) Pause Young (Allocation Failure) 143M->143M(148M) 22.955ms
[2020-08-10T13:19:13.498+0300][2093.038s][info ][gc] GC(68883) Pause Young (Allocation Failure) 144M->144M(148M) 18.348ms
[2020-08-10T13:19:13.547+0300][2093.087s][info ][gc] GC(68884) Pause Young (Allocation Failure) 145M->145M(148M) 48.344ms
[2020-08-10T13:19:13.580+0300][2093.120s][info ][gc] GC(68885) Pause Young (Allocation Failure) 146M->146M(148M) 32.228ms
[2020-08-10T13:19:14.162+0300][2093.702s][debug][gc] GC(68886) Expanding ParOldGen from 149504K by 11264K to 160768K
[2020-08-10T13:19:14.162+0300][2093.702s][info ][gc] GC(68886) Pause Full (Ergonomics) 146M->145M(159M) 581.690ms
[2020-08-10T13:19:14.179+0300][2093.719s][info ][gc] GC(68887) Pause Young (Allocation Failure) 146M->146M(159M) 16.006ms
[2020-08-10T13:19:14.179+0300][2093.719s][debug][gc] Expanding ParOldGen from 160768K by 19968K to 180736K
[2020-08-10T13:19:14.216+0300][2093.755s][info ][gc] GC(68888) Pause Young (Allocation Failure) 166M->166M(179M) 22.638ms
[2020-08-10T13:19:14.232+0300][2093.772s][info ][gc] GC(68889) Pause Young (Allocation Failure) 167M->167M(179M) 16.113ms
[2020-08-10T13:19:14.247+0300][2093.787s][info ][gc] GC(68890) Pause Young (Allocation Failure) 168M->168M(179M) 14.407ms
[2020-08-10T13:19:14.265+0300][2093.805s][info ][gc] GC(68891) Pause Young (Allocation Failure) 169M->169M(179M) 18.003ms
[2020-08-10T13:19:14.288+0300][2093.828s][info ][gc] GC(68892) Pause Young (Allocation Failure) 170M->170M(179M) 22.143ms
[2020-08-10T13:19:14.304+0300][2093.844s][info ][gc] GC(68893) Pause Young (Allocation Failure) 171M->171M(179M) 15.869ms
[2020-08-10T13:19:14.319+0300][2093.859s][info ][gc] GC(68894) Pause Young (Allocation Failure) 172M->172M(179M) 14.545ms
[2020-08-10T13:19:14.341+0300][2093.881s][info ][gc] GC(68895) Pause Young (Allocation Failure) 173M->173M(179M) 21.067ms
[2020-08-10T13:19:14.358+0300][2093.898s][info ][gc] GC(68896) Pause Young (Allocation Failure) 174M->174M(179M) 16.273ms
[2020-08-10T13:19:14.372+0300][2093.912s][info ][gc] GC(68897) Pause Young (Allocation Failure) 175M->175M(179M) 14.128ms
[2020-08-10T13:19:14.393+0300][2093.933s][info ][gc] GC(68898) Pause Young (Allocation Failure) 176M->176M(179M) 20.112ms
[2020-08-10T13:19:14.507+0300][2094.047s][debug][gc] GC(68899) Shrinking ParOldGen from 180736K by 125440K to 55296K
[2020-08-10T13:19:14.507+0300][2094.047s][info ][gc] GC(68899) Pause Full (Ergonomics) 176M->42M(56M) 114.184ms
[2020-08-10T13:19:14.527+0300][2094.066s][info ][gc] GC(68900) Pause Young (Allocation Failure) 43M->43M(56M) 18.685ms
[2020-08-10T13:19:14.541+0300][2094.081s][info ][gc] GC(68901) Pause Young (Allocation Failure) 44M->44M(56M) 14.166ms
[2020-08-10T13:19:14.556+0300][2094.096s][info ][gc] GC(68902) Pause Young (Allocation Failure) 45M->45M(56M) 14.342ms
[2020-08-10T13:19:14.570+0300][2094.110s][info ][gc] GC(68903) Pause Young (Allocation Failure) 46M->46M(56M) 13.901ms
[2020-08-10T13:19:14.585+0300][2094.125s][info ][gc] GC(68904) Pause Young (Allocation Failure) 47M->47M(56M) 14.119ms
[2020-08-10T13:19:14.601+0300][2094.141s][info ][gc] GC(68905) Pause Young (Allocation Failure) 48M->48M(56M) 15.811ms
[2020-08-10T13:19:14.616+0300][2094.155s][info ][gc] GC(68906) Pause Young (Allocation Failure) 49M->49M(56M) 14.021ms
[2020-08-10T13:19:14.632+0300][2094.172s][info ][gc] GC(68907) Pause Young (Allocation Failure) 50M->50M(56M) 16.072ms
[2020-08-10T13:19:14.647+0300][2094.186s][info ][gc] GC(68908) Pause Young (Allocation Failure) 51M->51M(56M) 13.889ms
[2020-08-10T13:19:14.665+0300][2094.205s][info ][gc] GC(68909) Pause Young (Allocation Failure) 52M->52M(56M) 18.170ms
[2020-08-10T13:19:14.681+0300][2094.221s][info ][gc] GC(68910) Pause Young (Allocation Failure) 53M->53M(56M) 15.758ms
[2020-08-10T13:19:14.698+0300][2094.237s][info ][gc] GC(68911) Pause Young (Allocation Failure) 54M->54M(56M) 15.744ms
[2020-08-10T13:19:14.842+0300][2094.382s][debug][gc] GC(68912) Expanding ParOldGen from 55296K by 11264K to 66560K
[2020-08-10T13:19:14.842+0300][2094.382s][info ][gc] GC(68912) Pause Full (Ergonomics) 54M->53M(67M) 144.156ms
[2020-08-10T13:19:14.856+0300][2094.396s][info ][gc] GC(68913) Pause Young (Allocation Failure) 54M->54M(67M) 13.406ms
[2020-08-10T13:19:14.870+0300][2094.410s][info ][gc] GC(68914) Pause Young (Allocation Failure) 55M->55M(67M) 13.919ms
[2020-08-10T13:19:14.885+0300][2094.425s][info ][gc] GC(68915) Pause Young (Allocation Failure) 56M->56M(67M) 13.927ms
[2020-08-10T13:19:14.901+0300][2094.441s][info ][gc] GC(68916) Pause Young (Allocation Failure) 57M->57M(67M) 15.707ms
[2020-08-10T13:19:14.916+0300][2094.455s][info ][gc] GC(68917) Pause Young (Allocation Failure) 58M->58M(67M) 14.168ms
[2020-08-10T13:19:14.931+0300][2094.471s][info ][gc] GC(68918) Pause Young (Allocation Failure) 59M->59M(67M) 14.580ms
[2020-08-10T13:19:14.946+0300][2094.486s][info ][gc] GC(68919) Pause Young (Allocation Failure) 60M->60M(66M) 14.468ms
[2020-08-10T13:19:14.961+0300][2094.501s][info ][gc] GC(68920) Pause Young (Allocation Failure) 61M->61M(67M) 14.857ms
[2020-08-10T13:19:14.975+0300][2094.515s][info ][gc] GC(68921) Pause Young (Allocation Failure) 62M->62M(67M) 13.993ms
[2020-08-10T13:19:14.993+0300][2094.533s][info ][gc] GC(68922) Pause Young (Allocation Failure) 63M->63M(67M) 17.361ms
[2020-08-10T13:19:15.012+0300][2094.552s][info ][gc] GC(68923) Pause Young (Allocation Failure) 64M->64M(67M) 14.774ms
[2020-08-10T13:19:15.027+0300][2094.567s][info ][gc] GC(68924) Pause Young (Allocation Failure) 65M->65M(67M) 14.708ms
[2020-08-10T13:19:15.216+0300][2094.756s][debug][gc] GC(68925) Expanding ParOldGen from 66560K by 11264K to 77824K
[2020-08-10T13:19:15.217+0300][2094.756s][info ][gc] GC(68925) Pause Full (Ergonomics) 65M->65M(78M) 189.656ms
[2020-08-10T13:19:15.242+0300][2094.782s][info ][gc] GC(68926) Pause Young (Allocation Failure) 66M->65M(78M) 25.050ms
[2020-08-10T13:19:15.257+0300][2094.797s][info ][gc] GC(68927) Pause Young (Allocation Failure) 66M->66M(78M) 14.322ms
[2020-08-10T13:19:15.272+0300][2094.812s][info ][gc] GC(68928) Pause Young (Allocation Failure) 67M->67M(78M) 14.388ms
[2020-08-10T13:19:15.293+0300][2094.833s][info ][gc] GC(68929) Pause Young (Allocation Failure) 68M->68M(78M) 20.529ms
[2020-08-10T13:19:15.308+0300][2094.848s][info ][gc] GC(68930) Pause Young (Allocation Failure) 69M->69M(78M) 14.411ms
[2020-08-10T13:19:15.323+0300][2094.863s][info ][gc] GC(68931) Pause Young (Allocation Failure) 70M->70M(78M) 14.440ms
[2020-08-10T13:19:15.338+0300][2094.878s][info ][gc] GC(68932) Pause Young (Allocation Failure) 71M->71M(78M) 14.266ms
[2020-08-10T13:19:15.353+0300][2094.893s][info ][gc] GC(68933) Pause Young (Allocation Failure) 72M->72M(78M) 14.159ms
[2020-08-10T13:19:15.368+0300][2094.908s][info ][gc] GC(68934) Pause Young (Allocation Failure) 73M->73M(78M) 14.464ms
[2020-08-10T13:19:15.383+0300][2094.923s][info ][gc] GC(68935) Pause Young (Allocation Failure) 74M->74M(78M) 14.261ms
[2020-08-10T13:19:15.408+0300][2094.948s][info ][gc] GC(68936) Pause Young (Allocation Failure) 75M->75M(78M) 23.665ms
[2020-08-10T13:19:15.422+0300][2094.962s][info ][gc] GC(68937) Pause Young (Allocation Failure) 76M->76M(78M) 14.347ms
[2020-08-10T13:19:15.646+0300][2095.186s][debug][gc] GC(68938) Expanding ParOldGen from 77824K by 11264K to 89088K
[2020-08-10T13:19:15.646+0300][2095.186s][info ][gc] GC(68938) Pause Full (Ergonomics) 76M->76M(89M) 223.769ms
[2020-08-10T13:19:15.684+0300][2095.224s][info ][gc] GC(68939) Pause Young (Allocation Failure) 77M->77M(89M) 36.949ms
[2020-08-10T13:19:15.700+0300][2095.240s][info ][gc] GC(68940) Pause Young (Allocation Failure) 78M->78M(89M) 16.111ms
[2020-08-10T13:19:15.715+0300][2095.255s][info ][gc] GC(68941) Pause Young (Allocation Failure) 79M->79M(89M) 14.271ms
[2020-08-10T13:19:15.733+0300][2095.273s][info ][gc] GC(68942) Pause Young (Allocation Failure) 80M->79M(89M) 17.978ms
[2020-08-10T13:19:15.755+0300][2095.295s][info ][gc] GC(68943) Pause Young (Allocation Failure) 80M->80M(89M) 21.179ms
[2020-08-10T13:19:15.770+0300][2095.310s][info ][gc] GC(68944) Pause Young (Allocation Failure) 81M->81M(89M) 14.323ms
[2020-08-10T13:19:15.786+0300][2095.325s][info ][gc] GC(68945) Pause Young (Allocation Failure) 82M->82M(89M) 14.597ms
[2020-08-10T13:19:15.812+0300][2095.352s][info ][gc] GC(68946) Pause Young (Allocation Failure) 83M->83M(89M) 25.379ms
[2020-08-10T13:19:15.826+0300][2095.366s][info ][gc] GC(68947) Pause Young (Allocation Failure) 84M->84M(89M) 14.203ms
[2020-08-10T13:19:15.841+0300][2095.381s][info ][gc] GC(68948) Pause Young (Allocation Failure) 85M->85M(89M) 14.444ms
[2020-08-10T13:19:15.856+0300][2095.396s][info ][gc] GC(68949) Pause Young (Allocation Failure) 86M->86M(89M) 14.451ms
[2020-08-10T13:19:15.871+0300][2095.411s][info ][gc] GC(68950) Pause Young (Allocation Failure) 87M->87M(89M) 14.475ms
[2020-08-10T13:19:16.154+0300][2095.694s][debug][gc] GC(68951) Expanding ParOldGen from 89088K by 11776K to 100864K
[2020-08-10T13:19:16.154+0300][2095.694s][info ][gc] GC(68951) Pause Full (Ergonomics) 87M->87M(101M) 282.601ms
[2020-08-10T13:19:16.188+0300][2095.728s][info ][gc] GC(68952) Pause Young (Allocation Failure) 88M->88M(101M) 34.084ms
[2020-08-10T13:19:16.203+0300][2095.743s][info ][gc] GC(68953) Pause Young (Allocation Failure) 89M->89M(101M) 14.137ms
[2020-08-10T13:19:16.217+0300][2095.757s][info ][gc] GC(68954) Pause Young (Allocation Failure) 90M->90M(101M) 14.114ms
[2020-08-10T13:19:16.232+0300][2095.772s][info ][gc] GC(68955) Pause Young (Allocation Failure) 91M->91M(101M) 14.300ms
[2020-08-10T13:19:16.247+0300][2095.787s][info ][gc] GC(68956) Pause Young (Allocation Failure) 92M->92M(101M) 14.198ms
[2020-08-10T13:19:16.262+0300][2095.802s][info ][gc] GC(68957) Pause Young (Allocation Failure) 93M->93M(100M) 14.313ms
[2020-08-10T13:19:16.276+0300][2095.816s][info ][gc] GC(68958) Pause Young (Allocation Failure) 94M->94M(100M) 14.185ms
[2020-08-10T13:19:16.292+0300][2095.832s][info ][gc] GC(68959) Pause Young (Allocation Failure) 95M->95M(100M) 14.272ms
[2020-08-10T13:19:16.316+0300][2095.856s][info ][gc] GC(68960) Pause Young (Allocation Failure) 96M->96M(101M) 23.724ms
[2020-08-10T13:19:16.331+0300][2095.871s][info ][gc] GC(68961) Pause Young (Allocation Failure) 97M->96M(100M) 14.814ms
[2020-08-10T13:19:16.346+0300][2095.886s][info ][gc] GC(68962) Pause Young (Allocation Failure) 97M->97M(100M) 14.675ms
[2020-08-10T13:19:16.369+0300][2095.909s][info ][gc] GC(68963) Pause Young (Allocation Failure) 98M->98M(100M) 22.371ms
[2020-08-10T13:19:16.649+0300][2096.189s][debug][gc] GC(68964) Expanding ParOldGen from 100864K by 11264K to 112128K
[2020-08-10T13:19:16.650+0300][2096.190s][info ][gc] GC(68964) Pause Full (Ergonomics) 98M->98M(111M) 280.593ms
[2020-08-10T13:19:16.686+0300][2096.226s][info ][gc] GC(68965) Pause Young (Allocation Failure) 99M->99M(111M) 35.875ms
[2020-08-10T13:19:16.702+0300][2096.242s][info ][gc] GC(68966) Pause Young (Allocation Failure) 100M->100M(111M) 15.125ms
[2020-08-10T13:19:16.717+0300][2096.257s][info ][gc] GC(68967) Pause Young (Allocation Failure) 101M->101M(111M) 14.884ms
[2020-08-10T13:19:16.732+0300][2096.272s][info ][gc] GC(68968) Pause Young (Allocation Failure) 102M->102M(111M) 14.835ms
[2020-08-10T13:19:16.748+0300][2096.288s][info ][gc] GC(68969) Pause Young (Allocation Failure) 103M->103M(111M) 15.193ms
[2020-08-10T13:19:16.764+0300][2096.304s][info ][gc] GC(68970) Pause Young (Allocation Failure) 104M->104M(111M) 15.197ms
[2020-08-10T13:19:16.780+0300][2096.320s][info ][gc] GC(68971) Pause Young (Allocation Failure) 105M->105M(111M) 15.660ms
[2020-08-10T13:19:16.796+0300][2096.336s][info ][gc] GC(68972) Pause Young (Allocation Failure) 106M->106M(111M) 15.456ms
[2020-08-10T13:19:16.812+0300][2096.352s][info ][gc] GC(68973) Pause Young (Allocation Failure) 107M->107M(111M) 15.461ms
[2020-08-10T13:19:16.828+0300][2096.368s][info ][gc] GC(68974) Pause Young (Allocation Failure) 108M->108M(111M) 15.367ms
[2020-08-10T13:19:16.861+0300][2096.401s][info ][gc] GC(68975) Pause Young (Allocation Failure) 109M->109M(111M) 32.556ms
[2020-08-10T13:19:16.878+0300][2096.418s][info ][gc] GC(68976) Pause Young (Allocation Failure) 110M->110M(111M) 15.883ms
[2020-08-10T13:19:17.167+0300][2096.707s][debug][gc] GC(68977) Expanding ParOldGen from 112128K by 11264K to 123392K
[2020-08-10T13:19:17.168+0300][2096.708s][info ][gc] GC(68977) Pause Full (Ergonomics) 110M->109M(122M) 289.629ms
[2020-08-10T13:19:17.230+0300][2096.770s][info ][gc] GC(68978) Pause Young (Allocation Failure) 110M->110M(122M) 61.432ms
[2020-08-10T13:19:17.260+0300][2096.800s][info ][gc] GC(68979) Pause Young (Allocation Failure) 111M->111M(122M) 28.741ms
[2020-08-10T13:19:17.277+0300][2096.817s][info ][gc] GC(68980) Pause Young (Allocation Failure) 112M->112M(123M) 16.337ms
[2020-08-10T13:19:17.294+0300][2096.834s][info ][gc] GC(68981) Pause Young (Allocation Failure) 113M->113M(123M) 16.583ms
[2020-08-10T13:19:17.323+0300][2096.863s][info ][gc] GC(68982) Pause Young (Allocation Failure) 114M->114M(123M) 28.323ms
[2020-08-10T13:19:17.344+0300][2096.884s][info ][gc] GC(68983) Pause Young (Allocation Failure) 115M->115M(123M) 20.832ms
[2020-08-10T13:19:17.362+0300][2096.902s][info ][gc] GC(68984) Pause Young (Allocation Failure) 116M->116M(123M) 16.828ms
[2020-08-10T13:19:17.386+0300][2096.926s][info ][gc] GC(68985) Pause Young (Allocation Failure) 117M->117M(123M) 23.172ms
[2020-08-10T13:19:17.407+0300][2096.947s][info ][gc] GC(68986) Pause Young (Allocation Failure) 118M->118M(123M) 21.098ms
[2020-08-10T13:19:17.432+0300][2096.972s][info ][gc] GC(68987) Pause Young (Allocation Failure) 119M->119M(123M) 23.285ms
[2020-08-10T13:19:17.456+0300][2096.996s][info ][gc] GC(68988) Pause Young (Allocation Failure) 120M->120M(123M) 24.297ms
[2020-08-10T13:19:17.474+0300][2097.014s][info ][gc] GC(68989) Pause Young (Allocation Failure) 121M->121M(123M) 16.748ms
[2020-08-10T13:19:17.892+0300][2097.432s][debug][gc] GC(68990) Expanding ParOldGen from 123392K by 11264K to 134656K
[2020-08-10T13:19:17.892+0300][2097.432s][info ][gc] GC(68990) Pause Full (Ergonomics) 121M->120M(134M) 418.580ms
[2020-08-10T13:19:17.954+0300][2097.494s][info ][gc] GC(68991) Pause Young (Allocation Failure) 121M->121M(134M) 60.851ms
[2020-08-10T13:19:17.976+0300][2097.516s][info ][gc] GC(68992) Pause Young (Allocation Failure) 122M->122M(134M) 21.594ms
[2020-08-10T13:19:17.994+0300][2097.534s][info ][gc] GC(68993) Pause Young (Allocation Failure) 123M->123M(134M) 17.384ms
[2020-08-10T13:19:18.012+0300][2097.553s][info ][gc] GC(68994) Pause Young (Allocation Failure) 124M->124M(134M) 17.690ms
[2020-08-10T13:19:18.031+0300][2097.571s][info ][gc] GC(68995) Pause Young (Allocation Failure) 125M->125M(134M) 17.759ms
[2020-08-10T13:19:18.049+0300][2097.589s][info ][gc] GC(68996) Pause Young (Allocation Failure) 126M->126M(134M) 17.760ms
[2020-08-10T13:19:18.073+0300][2097.613s][info ][gc] GC(68997) Pause Young (Allocation Failure) 127M->127M(134M) 23.352ms
[2020-08-10T13:19:18.102+0300][2097.642s][info ][gc] GC(68998) Pause Young (Allocation Failure) 128M->128M(134M) 28.897ms
[2020-08-10T13:19:18.135+0300][2097.675s][info ][gc] GC(68999) Pause Young (Allocation Failure) 129M->129M(134M) 32.778ms
[2020-08-10T13:19:18.168+0300][2097.708s][info ][gc] GC(69000) Pause Young (Allocation Failure) 130M->130M(134M) 32.591ms
[2020-08-10T13:19:18.194+0300][2097.734s][info ][gc] GC(69001) Pause Young (Allocation Failure) 131M->131M(134M) 25.527ms
[2020-08-10T13:19:18.709+0300][2098.249s][debug][gc] GC(69002) Expanding ParOldGen from 134656K by 11264K to 145920K
[2020-08-10T13:19:18.709+0300][2098.249s][info ][gc] GC(69002) Pause Full (Ergonomics) 131M->131M(145M) 514.521ms
[2020-08-10T13:19:18.725+0300][2098.265s][info ][gc] GC(69003) Pause Young (Allocation Failure) 132M->132M(145M) 15.249ms
[2020-08-10T13:19:18.751+0300][2098.291s][info ][gc] GC(69004) Pause Young (Allocation Failure) 133M->133M(145M) 25.712ms
[2020-08-10T13:19:18.770+0300][2098.310s][info ][gc] GC(69005) Pause Young (Allocation Failure) 134M->134M(145M) 18.058ms
[2020-08-10T13:19:18.789+0300][2098.329s][info ][gc] GC(69006) Pause Young (Allocation Failure) 135M->135M(145M) 18.354ms
[2020-08-10T13:19:18.811+0300][2098.351s][info ][gc] GC(69007) Pause Young (Allocation Failure) 136M->136M(145M) 21.128ms
[2020-08-10T13:19:18.834+0300][2098.375s][info ][gc] GC(69008) Pause Young (Allocation Failure) 137M->136M(145M) 23.053ms
[2020-08-10T13:19:18.853+0300][2098.393s][info ][gc] GC(69009) Pause Young (Allocation Failure) 137M->137M(145M) 18.004ms
[2020-08-10T13:19:18.903+0300][2098.443s][info ][gc] GC(69010) Pause Young (Allocation Failure) 138M->138M(145M) 48.868ms
[2020-08-10T13:19:18.929+0300][2098.469s][info ][gc] GC(69011) Pause Young (Allocation Failure) 139M->139M(145M) 25.951ms
[2020-08-10T13:19:18.948+0300][2098.489s][info ][gc] GC(69012) Pause Young (Allocation Failure) 140M->140M(145M) 18.538ms
[2020-08-10T13:19:18.968+0300][2098.508s][info ][gc] GC(69013) Pause Young (Allocation Failure) 141M->141M(145M) 18.663ms
[2020-08-10T13:19:18.990+0300][2098.530s][info ][gc] GC(69014) Pause Young (Allocation Failure) 142M->142M(145M) 21.731ms
[2020-08-10T13:19:19.518+0300][2099.058s][debug][gc] GC(69015) Expanding ParOldGen from 145920K by 11264K to 157184K
[2020-08-10T13:19:19.518+0300][2099.058s][info ][gc] GC(69015) Pause Full (Ergonomics) 142M->142M(156M) 527.654ms
[2020-08-10T13:19:19.542+0300][2099.082s][info ][gc] GC(69016) Pause Young (Allocation Failure) 143M->143M(156M) 23.263ms
[2020-08-10T13:19:19.566+0300][2099.106s][info ][gc] GC(69017) Pause Young (Allocation Failure) 144M->144M(156M) 23.309ms
[2020-08-10T13:19:19.612+0300][2099.153s][info ][gc] GC(69018) Pause Young (Allocation Failure) 145M->145M(156M) 45.904ms
[2020-08-10T13:19:19.632+0300][2099.172s][info ][gc] GC(69019) Pause Young (Allocation Failure) 146M->146M(156M) 19.211ms
[2020-08-10T13:19:19.652+0300][2099.193s][info ][gc] GC(69020) Pause Young (Allocation Failure) 147M->147M(156M) 19.097ms
[2020-08-10T13:19:19.653+0300][2099.193s][debug][gc] Expanding ParOldGen from 157184K by 19968K to 177152K
[2020-08-10T13:19:19.695+0300][2099.235s][info ][gc] GC(69021) Pause Young (Allocation Failure) 167M->167M(175M) 29.913ms
[2020-08-10T13:19:19.723+0300][2099.263s][info ][gc] GC(69022) Pause Young (Allocation Failure) 168M->168M(175M) 27.326ms
[2020-08-10T13:19:19.774+0300][2099.314s][info ][gc] GC(69023) Pause Young (Allocation Failure) 169M->169M(175M) 50.386ms
[2020-08-10T13:19:19.804+0300][2099.344s][info ][gc] GC(69024) Pause Young (Allocation Failure) 170M->169M(175M) 29.335ms
[2020-08-10T13:19:19.832+0300][2099.372s][info ][gc] GC(69025) Pause Young (Allocation Failure) 170M->170M(175M) 27.486ms
[2020-08-10T13:19:19.865+0300][2099.405s][info ][gc] GC(69026) Pause Young (Allocation Failure) 171M->171M(175M) 32.427ms
[2020-08-10T13:19:19.900+0300][2099.440s][info ][gc] GC(69027) Pause Young (Allocation Failure) 172M->172M(175M) 34.935ms
[2020-08-10T13:19:19.928+0300][2099.468s][info ][gc] GC(69028) Pause Young (Allocation Failure) 173M->173M(175M) 27.176ms
[2020-08-10T13:19:20.046+0300][2099.586s][debug][gc] GC(69029) Shrinking ParOldGen from 177152K by 124416K to 52736K
[2020-08-10T13:19:20.046+0300][2099.586s][info ][gc] GC(69029) Pause Full (Ergonomics) 173M->40M(54M) 118.103ms
[2020-08-10T13:19:20.060+0300][2099.600s][info ][gc] GC(69030) Pause Young (Allocation Failure) 41M->41M(54M) 13.408ms
[2020-08-10T13:19:20.074+0300][2099.615s][info ][gc] GC(69031) Pause Young (Allocation Failure) 42M->41M(54M) 13.901ms
[2020-08-10T13:19:20.089+0300][2099.629s][info ][gc] GC(69032) Pause Young (Allocation Failure) 42M->42M(54M) 13.747ms
[2020-08-10T13:19:20.103+0300][2099.643s][info ][gc] GC(69033) Pause Young (Allocation Failure) 43M->43M(54M) 13.874ms
[2020-08-10T13:19:20.117+0300][2099.657s][info ][gc] GC(69034) Pause Young (Allocation Failure) 44M->44M(54M) 13.802ms
[2020-08-10T13:19:20.132+0300][2099.672s][info ][gc] GC(69035) Pause Young (Allocation Failure) 45M->45M(54M) 13.993ms
[2020-08-10T13:19:20.160+0300][2099.701s][info ][gc] GC(69036) Pause Young (Allocation Failure) 46M->46M(54M) 28.121ms
[2020-08-10T13:19:20.175+0300][2099.715s][info ][gc] GC(69037) Pause Young (Allocation Failure) 47M->47M(54M) 14.072ms
[2020-08-10T13:19:20.190+0300][2099.730s][info ][gc] GC(69038) Pause Young (Allocation Failure) 48M->48M(54M) 14.074ms
[2020-08-10T13:19:20.204+0300][2099.744s][info ][gc] GC(69039) Pause Young (Allocation Failure) 49M->49M(54M) 14.052ms
[2020-08-10T13:19:20.226+0300][2099.766s][info ][gc] GC(69040) Pause Young (Allocation Failure) 50M->50M(54M) 20.970ms
[2020-08-10T13:19:20.240+0300][2099.781s][info ][gc] GC(69041) Pause Young (Allocation Failure) 51M->51M(54M) 14.081ms
[2020-08-10T13:19:20.353+0300][2099.893s][debug][gc] GC(69042) Expanding ParOldGen from 52736K by 11264K to 64000K
[2020-08-10T13:19:20.353+0300][2099.894s][info ][gc] GC(69042) Pause Full (Ergonomics) 51M->51M(65M) 112.653ms
[2020-08-10T13:19:20.368+0300][2099.908s][info ][gc] GC(69043) Pause Young (Allocation Failure) 52M->52M(65M) 13.324ms
[2020-08-10T13:19:20.382+0300][2099.922s][info ][gc] GC(69044) Pause Young (Allocation Failure) 53M->53M(65M) 14.035ms
[2020-08-10T13:19:20.396+0300][2099.937s][info ][gc] GC(69045) Pause Young (Allocation Failure) 54M->54M(65M) 13.800ms
[2020-08-10T13:19:20.411+0300][2099.951s][info ][gc] GC(69046) Pause Young (Allocation Failure) 55M->54M(65M) 13.812ms
[2020-08-10T13:19:20.425+0300][2099.965s][info ][gc] GC(69047) Pause Young (Allocation Failure) 55M->55M(65M) 13.738ms
[2020-08-10T13:19:20.440+0300][2099.980s][info ][gc] GC(69048) Pause Young (Allocation Failure) 56M->56M(65M) 13.981ms
[2020-08-10T13:19:20.454+0300][2099.994s][info ][gc] GC(69049) Pause Young (Allocation Failure) 57M->57M(65M) 14.070ms
[2020-08-10T13:19:20.469+0300][2100.009s][info ][gc] GC(69050) Pause Young (Allocation Failure) 58M->58M(65M) 14.049ms
[2020-08-10T13:19:20.484+0300][2100.024s][info ][gc] GC(69051) Pause Young (Allocation Failure) 59M->59M(65M) 13.915ms
[2020-08-10T13:19:20.498+0300][2100.038s][info ][gc] GC(69052) Pause Young (Allocation Failure) 60M->60M(64M) 14.127ms
[2020-08-10T13:19:20.512+0300][2100.053s][info ][gc] GC(69053) Pause Young (Allocation Failure) 61M->61M(64M) 13.774ms
[2020-08-10T13:19:20.527+0300][2100.067s][info ][gc] GC(69054) Pause Young (Allocation Failure) 62M->62M(64M) 13.730ms
[2020-08-10T13:19:20.727+0300][2100.267s][debug][gc] GC(69055) Expanding ParOldGen from 64000K by 11264K to 75264K
[2020-08-10T13:19:20.727+0300][2100.267s][info ][gc] GC(69055) Pause Full (Ergonomics) 62M->62M(75M) 199.970ms
[2020-08-10T13:19:20.741+0300][2100.281s][info ][gc] GC(69056) Pause Young (Allocation Failure) 63M->63M(75M) 13.349ms
[2020-08-10T13:19:20.767+0300][2100.307s][info ][gc] GC(69057) Pause Young (Allocation Failure) 64M->64M(75M) 25.423ms
[2020-08-10T13:19:20.784+0300][2100.324s][info ][gc] GC(69058) Pause Young (Allocation Failure) 65M->65M(75M) 16.588ms
[2020-08-10T13:19:20.809+0300][2100.349s][info ][gc] GC(69059) Pause Young (Allocation Failure) 66M->66M(75M) 24.147ms
[2020-08-10T13:19:20.823+0300][2100.364s][info ][gc] GC(69060) Pause Young (Allocation Failure) 67M->67M(75M) 14.113ms
[2020-08-10T13:19:20.838+0300][2100.378s][info ][gc] GC(69061) Pause Young (Allocation Failure) 68M->68M(75M) 14.133ms
[2020-08-10T13:19:20.853+0300][2100.393s][info ][gc] GC(69062) Pause Young (Allocation Failure) 69M->69M(75M) 14.144ms
[2020-08-10T13:19:20.877+0300][2100.417s][info ][gc] GC(69063) Pause Young (Allocation Failure) 70M->69M(75M) 23.056ms
[2020-08-10T13:19:20.892+0300][2100.432s][info ][gc] GC(69064) Pause Young (Allocation Failure) 70M->70M(75M) 14.306ms
[2020-08-10T13:19:20.907+0300][2100.447s][info ][gc] GC(69065) Pause Young (Allocation Failure) 71M->71M(75M) 14.316ms
[2020-08-10T13:19:20.921+0300][2100.462s][info ][gc] GC(69066) Pause Young (Allocation Failure) 72M->72M(75M) 14.224ms
[2020-08-10T13:19:20.936+0300][2100.476s][info ][gc] GC(69067) Pause Young (Allocation Failure) 73M->73M(75M) 14.081ms
[2020-08-10T13:19:21.133+0300][2100.673s][debug][gc] GC(69068) Expanding ParOldGen from 75264K by 11264K to 86528K
[2020-08-10T13:19:21.133+0300][2100.673s][info ][gc] GC(69068) Pause Full (Ergonomics) 73M->73M(86M) 196.977ms
[2020-08-10T13:19:21.163+0300][2100.703s][info ][gc] GC(69069) Pause Young (Allocation Failure) 74M->74M(86M) 28.793ms
[2020-08-10T13:19:21.178+0300][2100.718s][info ][gc] GC(69070) Pause Young (Allocation Failure) 75M->75M(86M) 14.177ms
[2020-08-10T13:19:21.192+0300][2100.732s][info ][gc] GC(69071) Pause Young (Allocation Failure) 76M->76M(86M) 14.087ms
[2020-08-10T13:19:21.207+0300][2100.747s][info ][gc] GC(69072) Pause Young (Allocation Failure) 77M->77M(86M) 14.047ms
[2020-08-10T13:19:21.221+0300][2100.762s][info ][gc] GC(69073) Pause Young (Allocation Failure) 78M->78M(86M) 14.086ms
[2020-08-10T13:19:21.237+0300][2100.777s][info ][gc] GC(69074) Pause Young (Allocation Failure) 79M->79M(86M) 14.545ms
[2020-08-10T13:19:21.251+0300][2100.792s][info ][gc] GC(69075) Pause Young (Allocation Failure) 80M->80M(86M) 14.141ms
[2020-08-10T13:19:21.266+0300][2100.806s][info ][gc] GC(69076) Pause Young (Allocation Failure) 81M->81M(86M) 14.080ms
[2020-08-10T13:19:21.281+0300][2100.821s][info ][gc] GC(69077) Pause Young (Allocation Failure) 82M->82M(86M) 14.720ms
[2020-08-10T13:19:21.296+0300][2100.836s][info ][gc] GC(69078) Pause Young (Allocation Failure) 83M->83M(86M) 14.678ms
[2020-08-10T13:19:21.311+0300][2100.851s][info ][gc] GC(69079) Pause Young (Allocation Failure) 84M->84M(86M) 14.384ms
[2020-08-10T13:19:21.335+0300][2100.875s][info ][gc] GC(69080) Pause Young (Allocation Failure) 85M->85M(86M) 23.370ms
[2020-08-10T13:19:21.614+0300][2101.154s][debug][gc] GC(69081) Expanding ParOldGen from 86528K by 11776K to 98304K
[2020-08-10T13:19:21.614+0300][2101.154s][info ][gc] GC(69081) Pause Full (Ergonomics) 85M->84M(98M) 278.939ms
[2020-08-10T13:19:21.650+0300][2101.190s][info ][gc] GC(69082) Pause Young (Allocation Failure) 85M->85M(98M) 35.288ms
[2020-08-10T13:19:21.665+0300][2101.205s][info ][gc] GC(69083) Pause Young (Allocation Failure) 86M->86M(98M) 14.096ms
[2020-08-10T13:19:21.680+0300][2101.220s][info ][gc] GC(69084) Pause Young (Allocation Failure) 87M->87M(98M) 14.308ms
[2020-08-10T13:19:21.695+0300][2101.235s][info ][gc] GC(69085) Pause Young (Allocation Failure) 88M->88M(98M) 14.196ms
[2020-08-10T13:19:21.709+0300][2101.250s][info ][gc] GC(69086) Pause Young (Allocation Failure) 89M->89M(98M) 14.189ms
[2020-08-10T13:19:21.724+0300][2101.264s][info ][gc] GC(69087) Pause Young (Allocation Failure) 90M->90M(98M) 14.216ms
[2020-08-10T13:19:21.739+0300][2101.279s][info ][gc] GC(69088) Pause Young (Allocation Failure) 91M->91M(98M) 14.192ms
[2020-08-10T13:19:21.754+0300][2101.294s][info ][gc] GC(69089) Pause Young (Allocation Failure) 92M->92M(98M) 14.395ms
[2020-08-10T13:19:21.769+0300][2101.309s][info ][gc] GC(69090) Pause Young (Allocation Failure) 93M->93M(98M) 14.393ms
[2020-08-10T13:19:21.784+0300][2101.324s][info ][gc] GC(69091) Pause Young (Allocation Failure) 94M->94M(98M) 14.385ms
[2020-08-10T13:19:21.812+0300][2101.352s][info ][gc] GC(69092) Pause Young (Allocation Failure) 95M->95M(98M) 27.682ms
[2020-08-10T13:19:21.827+0300][2101.368s][info ][gc] GC(69093) Pause Young (Allocation Failure) 96M->96M(98M) 14.761ms
[2020-08-10T13:19:22.096+0300][2101.637s][debug][gc] GC(69094) Expanding ParOldGen from 98304K by 11776K to 110080K
[2020-08-10T13:19:22.096+0300][2101.637s][info ][gc] GC(69094) Pause Full (Ergonomics) 96M->95M(109M) 268.826ms
[2020-08-10T13:19:22.111+0300][2101.651s][info ][gc] GC(69095) Pause Young (Allocation Failure) 96M->96M(109M) 13.793ms
[2020-08-10T13:19:22.126+0300][2101.666s][info ][gc] GC(69096) Pause Young (Allocation Failure) 97M->97M(109M) 14.220ms
[2020-08-10T13:19:22.149+0300][2101.689s][info ][gc] GC(69097) Pause Young (Allocation Failure) 98M->98M(110M) 22.595ms
[2020-08-10T13:19:22.164+0300][2101.704s][info ][gc] GC(69098) Pause Young (Allocation Failure) 99M->99M(110M) 14.816ms
[2020-08-10T13:19:22.180+0300][2101.720s][info ][gc] GC(69099) Pause Young (Allocation Failure) 100M->100M(110M) 14.912ms
[2020-08-10T13:19:22.195+0300][2101.735s][info ][gc] GC(69100) Pause Young (Allocation Failure) 101M->101M(110M) 14.670ms
[2020-08-10T13:19:22.222+0300][2101.762s][info ][gc] GC(69101) Pause Young (Allocation Failure) 102M->102M(110M) 26.522ms
[2020-08-10T13:19:22.238+0300][2101.778s][info ][gc] GC(69102) Pause Young (Allocation Failure) 103M->103M(110M) 15.260ms
[2020-08-10T13:19:22.253+0300][2101.794s][info ][gc] GC(69103) Pause Young (Allocation Failure) 104M->104M(110M) 14.933ms
[2020-08-10T13:19:22.269+0300][2101.810s][info ][gc] GC(69104) Pause Young (Allocation Failure) 105M->105M(110M) 15.503ms
[2020-08-10T13:19:22.285+0300][2101.825s][info ][gc] GC(69105) Pause Young (Allocation Failure) 106M->106M(110M) 15.121ms
[2020-08-10T13:19:22.301+0300][2101.841s][info ][gc] GC(69106) Pause Young (Allocation Failure) 107M->107M(110M) 15.346ms
[2020-08-10T13:19:22.675+0300][2102.215s][debug][gc] GC(69107) Expanding ParOldGen from 110080K by 11264K to 121344K
[2020-08-10T13:19:22.675+0300][2102.215s][info ][gc] GC(69107) Pause Full (Ergonomics) 107M->107M(121M) 373.751ms
[2020-08-10T13:19:22.690+0300][2102.230s][info ][gc] GC(69108) Pause Young (Allocation Failure) 108M->108M(121M) 14.233ms
[2020-08-10T13:19:22.724+0300][2102.264s][info ][gc] GC(69109) Pause Young (Allocation Failure) 109M->109M(121M) 33.175ms
[2020-08-10T13:19:22.740+0300][2102.280s][info ][gc] GC(69110) Pause Young (Allocation Failure) 110M->110M(121M) 15.521ms
[2020-08-10T13:19:22.756+0300][2102.297s][info ][gc] GC(69111) Pause Young (Allocation Failure) 111M->111M(121M) 15.675ms
[2020-08-10T13:19:22.773+0300][2102.313s][info ][gc] GC(69112) Pause Young (Allocation Failure) 112M->111M(121M) 15.716ms
[2020-08-10T13:19:22.788+0300][2102.329s][info ][gc] GC(69113) Pause Young (Allocation Failure) 112M->112M(121M) 15.349ms
[2020-08-10T13:19:22.811+0300][2102.351s][info ][gc] GC(69114) Pause Young (Allocation Failure) 113M->113M(121M) 21.646ms
[2020-08-10T13:19:22.827+0300][2102.367s][info ][gc] GC(69115) Pause Young (Allocation Failure) 114M->114M(121M) 15.768ms
[2020-08-10T13:19:22.843+0300][2102.384s][info ][gc] GC(69116) Pause Young (Allocation Failure) 115M->115M(121M) 15.908ms
[2020-08-10T13:19:22.860+0300][2102.400s][info ][gc] GC(69117) Pause Young (Allocation Failure) 116M->116M(121M) 16.003ms
[2020-08-10T13:19:22.876+0300][2102.417s][info ][gc] GC(69118) Pause Young (Allocation Failure) 117M->117M(121M) 16.032ms
[2020-08-10T13:19:22.893+0300][2102.434s][info ][gc] GC(69119) Pause Young (Allocation Failure) 118M->118M(121M) 16.151ms
[2020-08-10T13:19:23.214+0300][2102.754s][debug][gc] GC(69120) Expanding ParOldGen from 121344K by 11264K to 132608K
[2020-08-10T13:19:23.214+0300][2102.754s][info ][gc] GC(69120) Pause Full (Ergonomics) 118M->118M(132M) 320.202ms
[2020-08-10T13:19:23.228+0300][2102.768s][info ][gc] GC(69121) Pause Young (Allocation Failure) 119M->119M(132M) 14.007ms
[2020-08-10T13:19:23.251+0300][2102.791s][info ][gc] GC(69122) Pause Young (Allocation Failure) 120M->120M(132M) 22.612ms
[2020-08-10T13:19:23.276+0300][2102.817s][info ][gc] GC(69123) Pause Young (Allocation Failure) 121M->121M(132M) 24.702ms
[2020-08-10T13:19:23.301+0300][2102.841s][info ][gc] GC(69124) Pause Young (Allocation Failure) 122M->122M(132M) 24.034ms
[2020-08-10T13:19:23.324+0300][2102.865s][info ][gc] GC(69125) Pause Young (Allocation Failure) 123M->123M(132M) 23.328ms
[2020-08-10T13:19:23.346+0300][2102.886s][info ][gc] GC(69126) Pause Young (Allocation Failure) 124M->124M(132M) 21.037ms
[2020-08-10T13:19:23.369+0300][2102.910s][info ][gc] GC(69127) Pause Young (Allocation Failure) 125M->125M(132M) 22.737ms
[2020-08-10T13:19:23.393+0300][2102.933s][info ][gc] GC(69128) Pause Young (Allocation Failure) 126M->126M(132M) 23.268ms
[2020-08-10T13:19:23.413+0300][2102.954s][info ][gc] GC(69129) Pause Young (Allocation Failure) 127M->127M(132M) 19.955ms
[2020-08-10T13:19:23.431+0300][2102.972s][info ][gc] GC(69130) Pause Young (Allocation Failure) 128M->127M(132M) 17.607ms
[2020-08-10T13:19:23.456+0300][2102.996s][info ][gc] GC(69131) Pause Young (Allocation Failure) 128M->128M(132M) 23.544ms
[2020-08-10T13:19:23.474+0300][2103.014s][info ][gc] GC(69132) Pause Young (Allocation Failure) 129M->129M(132M) 17.649ms
[2020-08-10T13:19:23.976+0300][2103.516s][debug][gc] GC(69133) Expanding ParOldGen from 132608K by 11264K to 143872K
[2020-08-10T13:19:23.976+0300][2103.516s][info ][gc] GC(69133) Pause Full (Ergonomics) 129M->129M(143M) 501.729ms
[2020-08-10T13:19:24.011+0300][2103.551s][info ][gc] GC(69134) Pause Young (Allocation Failure) 130M->130M(143M) 34.126ms
[2020-08-10T13:19:24.035+0300][2103.576s][info ][gc] GC(69135) Pause Young (Allocation Failure) 131M->131M(143M) 23.994ms
[2020-08-10T13:19:24.054+0300][2103.594s][info ][gc] GC(69136) Pause Young (Allocation Failure) 132M->132M(143M) 18.032ms
[2020-08-10T13:19:24.073+0300][2103.613s][info ][gc] GC(69137) Pause Young (Allocation Failure) 133M->133M(143M) 18.218ms
[2020-08-10T13:19:24.123+0300][2103.663s][info ][gc] GC(69138) Pause Young (Allocation Failure) 134M->134M(143M) 49.337ms
[2020-08-10T13:19:24.143+0300][2103.683s][info ][gc] GC(69139) Pause Young (Allocation Failure) 135M->135M(143M) 19.979ms
[2020-08-10T13:19:24.181+0300][2103.721s][info ][gc] GC(69140) Pause Young (Allocation Failure) 136M->136M(143M) 37.471ms
[2020-08-10T13:19:24.207+0300][2103.747s][info ][gc] GC(69141) Pause Young (Allocation Failure) 137M->137M(143M) 25.496ms
[2020-08-10T13:19:24.253+0300][2103.793s][info ][gc] GC(69142) Pause Young (Allocation Failure) 138M->138M(143M) 45.645ms
[2020-08-10T13:19:24.273+0300][2103.813s][info ][gc] GC(69143) Pause Young (Allocation Failure) 139M->139M(143M) 19.167ms
[2020-08-10T13:19:24.295+0300][2103.835s][info ][gc] GC(69144) Pause Young (Allocation Failure) 140M->140M(143M) 21.268ms
[2020-08-10T13:19:24.314+0300][2103.854s][info ][gc] GC(69145) Pause Young (Allocation Failure) 141M->141M(143M) 18.899ms
[2020-08-10T13:19:24.892+0300][2104.432s][debug][gc] GC(69146) Expanding ParOldGen from 143872K by 11264K to 155136K
[2020-08-10T13:19:24.892+0300][2104.432s][info ][gc] GC(69146) Pause Full (Ergonomics) 141M->140M(154M) 577.890ms
[2020-08-10T13:19:24.932+0300][2104.473s][info ][gc] GC(69147) Pause Young (Allocation Failure) 141M->141M(154M) 39.041ms
[2020-08-10T13:19:24.952+0300][2104.492s][info ][gc] GC(69148) Pause Young (Allocation Failure) 142M->142M(154M) 18.962ms
[2020-08-10T13:19:24.971+0300][2104.512s][info ][gc] GC(69149) Pause Young (Allocation Failure) 143M->143M(154M) 19.169ms
[2020-08-10T13:19:25.024+0300][2104.564s][info ][gc] GC(69150) Pause Young (Allocation Failure) 144M->144M(154M) 51.583ms
[2020-08-10T13:19:25.044+0300][2104.584s][info ][gc] GC(69151) Pause Young (Allocation Failure) 145M->145M(154M) 19.242ms
[2020-08-10T13:19:25.070+0300][2104.610s][info ][gc] GC(69152) Pause Young (Allocation Failure) 146M->146M(154M) 25.471ms
[2020-08-10T13:19:25.070+0300][2104.611s][debug][gc] Expanding ParOldGen from 155136K by 19968K to 175104K
[2020-08-10T13:19:25.110+0300][2104.650s][info ][gc] GC(69153) Pause Young (Allocation Failure) 166M->166M(173M) 32.105ms
[2020-08-10T13:19:25.130+0300][2104.670s][info ][gc] GC(69154) Pause Young (Allocation Failure) 167M->167M(173M) 19.470ms
[2020-08-10T13:19:25.150+0300][2104.691s][info ][gc] GC(69155) Pause Young (Allocation Failure) 168M->168M(173M) 19.716ms
[2020-08-10T13:19:25.167+0300][2104.707s][info ][gc] GC(69156) Pause Young (Allocation Failure) 169M->169M(173M) 15.726ms
[2020-08-10T13:19:25.188+0300][2104.728s][info ][gc] GC(69157) Pause Young (Allocation Failure) 170M->170M(173M) 20.691ms
[2020-08-10T13:19:25.204+0300][2104.745s][info ][gc] GC(69158) Pause Young (Allocation Failure) 171M->171M(173M) 16.156ms
[2020-08-10T13:19:25.282+0300][2104.822s][debug][gc] GC(69159) Shrinking ParOldGen from 175104K by 124928K to 50176K
[2020-08-10T13:19:25.282+0300][2104.822s][info ][gc] GC(69159) Pause Full (Ergonomics) 171M->37M(51M) 77.317ms
[2020-08-10T13:19:25.297+0300][2104.838s][info ][gc] GC(69160) Pause Young (Allocation Failure) 38M->38M(51M) 14.565ms
[2020-08-10T13:19:25.312+0300][2104.852s][info ][gc] GC(69161) Pause Young (Allocation Failure) 39M->39M(51M) 14.235ms
[2020-08-10T13:19:25.327+0300][2104.867s][info ][gc] GC(69162) Pause Young (Allocation Failure) 40M->40M(51M) 14.196ms
[2020-08-10T13:19:25.341+0300][2104.882s][info ][gc] GC(69163) Pause Young (Allocation Failure) 41M->41M(51M) 13.871ms
[2020-08-10T13:19:25.356+0300][2104.896s][info ][gc] GC(69164) Pause Young (Allocation Failure) 42M->42M(51M) 13.870ms
[2020-08-10T13:19:25.370+0300][2104.911s][info ][gc] GC(69165) Pause Young (Allocation Failure) 43M->43M(51M) 13.738ms
[2020-08-10T13:19:25.385+0300][2104.925s][info ][gc] GC(69166) Pause Young (Allocation Failure) 44M->44M(51M) 13.755ms
[2020-08-10T13:19:25.399+0300][2104.940s][info ][gc] GC(69167) Pause Young (Allocation Failure) 45M->45M(51M) 13.918ms
[2020-08-10T13:19:25.413+0300][2104.954s][info ][gc] GC(69168) Pause Young (Allocation Failure) 46M->46M(51M) 13.656ms
[2020-08-10T13:19:25.428+0300][2104.968s][info ][gc] GC(69169) Pause Young (Allocation Failure) 47M->47M(51M) 13.724ms
[2020-08-10T13:19:25.442+0300][2104.983s][info ][gc] GC(69170) Pause Young (Allocation Failure) 48M->48M(51M) 13.795ms
[2020-08-10T13:19:25.463+0300][2105.004s][info ][gc] GC(69171) Pause Young (Allocation Failure) 49M->48M(51M) 20.551ms
[2020-08-10T13:19:25.600+0300][2105.140s][debug][gc] GC(69172) Expanding ParOldGen from 50176K by 11264K to 61440K
[2020-08-10T13:19:25.600+0300][2105.141s][info ][gc] GC(69172) Pause Full (Ergonomics) 48M->48M(62M) 136.535ms
[2020-08-10T13:19:25.614+0300][2105.155s][info ][gc] GC(69173) Pause Young (Allocation Failure) 49M->49M(62M) 13.560ms
[2020-08-10T13:19:25.629+0300][2105.169s][info ][gc] GC(69174) Pause Young (Allocation Failure) 50M->50M(62M) 13.853ms
[2020-08-10T13:19:25.643+0300][2105.183s][info ][gc] GC(69175) Pause Young (Allocation Failure) 51M->51M(62M) 13.806ms
[2020-08-10T13:19:25.657+0300][2105.197s][info ][gc] GC(69176) Pause Young (Allocation Failure) 52M->52M(62M) 13.710ms
[2020-08-10T13:19:25.671+0300][2105.212s][info ][gc] GC(69177) Pause Young (Allocation Failure) 53M->53M(62M) 13.735ms
[2020-08-10T13:19:25.686+0300][2105.226s][info ][gc] GC(69178) Pause Young (Allocation Failure) 54M->54M(62M) 13.983ms
[2020-08-10T13:19:25.713+0300][2105.253s][info ][gc] GC(69179) Pause Young (Allocation Failure) 55M->55M(62M) 26.314ms
[2020-08-10T13:19:25.727+0300][2105.268s][info ][gc] GC(69180) Pause Young (Allocation Failure) 56M->56M(62M) 14.093ms
[2020-08-10T13:19:25.746+0300][2105.286s][info ][gc] GC(69181) Pause Young (Allocation Failure) 57M->57M(62M) 17.679ms
[2020-08-10T13:19:25.760+0300][2105.301s][info ][gc] GC(69182) Pause Young (Allocation Failure) 58M->58M(62M) 14.179ms
[2020-08-10T13:19:25.779+0300][2105.319s][info ][gc] GC(69183) Pause Young (Allocation Failure) 59M->59M(62M) 17.584ms
[2020-08-10T13:19:25.794+0300][2105.334s][info ][gc] GC(69184) Pause Young (Allocation Failure) 60M->60M(62M) 14.463ms
[2020-08-10T13:19:25.935+0300][2105.476s][debug][gc] GC(69185) Expanding ParOldGen from 61440K by 11264K to 72704K
[2020-08-10T13:19:25.935+0300][2105.476s][info ][gc] GC(69185) Pause Full (Ergonomics) 60M->59M(73M) 141.191ms
[2020-08-10T13:19:25.949+0300][2105.490s][info ][gc] GC(69186) Pause Young (Allocation Failure) 60M->60M(73M) 13.510ms
[2020-08-10T13:19:25.964+0300][2105.504s][info ][gc] GC(69187) Pause Young (Allocation Failure) 61M->61M(73M) 13.780ms
[2020-08-10T13:19:25.978+0300][2105.519s][info ][gc] GC(69188) Pause Young (Allocation Failure) 62M->62M(73M) 13.815ms
[2020-08-10T13:19:25.993+0300][2105.533s][info ][gc] GC(69189) Pause Young (Allocation Failure) 63M->63M(73M) 13.958ms
[2020-08-10T13:19:26.007+0300][2105.548s][info ][gc] GC(69190) Pause Young (Allocation Failure) 64M->64M(73M) 14.088ms
[2020-08-10T13:19:26.022+0300][2105.563s][info ][gc] GC(69191) Pause Young (Allocation Failure) 65M->65M(73M) 14.160ms
[2020-08-10T13:19:26.037+0300][2105.578s][info ][gc] GC(69192) Pause Young (Allocation Failure) 66M->66M(73M) 14.041ms
[2020-08-10T13:19:26.052+0300][2105.592s][info ][gc] GC(69193) Pause Young (Allocation Failure) 67M->67M(73M) 14.050ms
[2020-08-10T13:19:26.066+0300][2105.607s][info ][gc] GC(69194) Pause Young (Allocation Failure) 68M->68M(73M) 14.028ms
[2020-08-10T13:19:26.081+0300][2105.621s][info ][gc] GC(69195) Pause Young (Allocation Failure) 69M->69M(73M) 14.056ms
[2020-08-10T13:19:26.096+0300][2105.636s][info ][gc] GC(69196) Pause Young (Allocation Failure) 70M->70M(73M) 14.125ms
[2020-08-10T13:19:26.110+0300][2105.650s][info ][gc] GC(69197) Pause Young (Allocation Failure) 71M->71M(73M) 13.903ms
[2020-08-10T13:19:26.334+0300][2105.874s][debug][gc] GC(69198) Expanding ParOldGen from 72704K by 11264K to 83968K
[2020-08-10T13:19:26.334+0300][2105.875s][info ][gc] GC(69198) Pause Full (Ergonomics) 71M->71M(84M) 223.987ms
[2020-08-10T13:19:26.363+0300][2105.903s][info ][gc] GC(69199) Pause Young (Allocation Failure) 72M->72M(84M) 27.917ms
[2020-08-10T13:19:26.378+0300][2105.918s][info ][gc] GC(69200) Pause Young (Allocation Failure) 73M->72M(84M) 14.511ms
[2020-08-10T13:19:26.393+0300][2105.933s][info ][gc] GC(69201) Pause Young (Allocation Failure) 73M->73M(84M) 14.249ms
[2020-08-10T13:19:26.408+0300][2105.948s][info ][gc] GC(69202) Pause Young (Allocation Failure) 74M->74M(84M) 14.209ms
[2020-08-10T13:19:26.423+0300][2105.963s][info ][gc] GC(69203) Pause Young (Allocation Failure) 75M->75M(84M) 14.103ms
[2020-08-10T13:19:26.437+0300][2105.978s][info ][gc] GC(69204) Pause Young (Allocation Failure) 76M->76M(84M) 14.257ms
[2020-08-10T13:19:26.452+0300][2105.993s][info ][gc] GC(69205) Pause Young (Allocation Failure) 77M->77M(84M) 14.217ms
[2020-08-10T13:19:26.467+0300][2106.008s][info ][gc] GC(69206) Pause Young (Allocation Failure) 78M->78M(84M) 14.387ms
[2020-08-10T13:19:26.482+0300][2106.023s][info ][gc] GC(69207) Pause Young (Allocation Failure) 79M->79M(84M) 14.176ms
[2020-08-10T13:19:26.497+0300][2106.037s][info ][gc] GC(69208) Pause Young (Allocation Failure) 80M->80M(84M) 14.127ms
[2020-08-10T13:19:26.511+0300][2106.052s][info ][gc] GC(69209) Pause Young (Allocation Failure) 81M->81M(84M) 14.119ms
[2020-08-10T13:19:26.543+0300][2106.083s][info ][gc] GC(69210) Pause Young (Allocation Failure) 82M->82M(84M) 31.288ms
[2020-08-10T13:19:26.822+0300][2106.362s][debug][gc] GC(69211) Expanding ParOldGen from 83968K by 11264K to 95232K
[2020-08-10T13:19:26.822+0300][2106.362s][info ][gc] GC(69211) Pause Full (Ergonomics) 82M->82M(95M) 278.850ms
[2020-08-10T13:19:26.861+0300][2106.401s][info ][gc] GC(69212) Pause Young (Allocation Failure) 83M->83M(95M) 37.815ms
[2020-08-10T13:19:26.876+0300][2106.416s][info ][gc] GC(69213) Pause Young (Allocation Failure) 84M->84M(95M) 14.728ms
[2020-08-10T13:19:26.891+0300][2106.431s][info ][gc] GC(69214) Pause Young (Allocation Failure) 85M->85M(95M) 14.392ms
[2020-08-10T13:19:26.906+0300][2106.446s][info ][gc] GC(69215) Pause Young (Allocation Failure) 86M->86M(95M) 14.545ms
[2020-08-10T13:19:26.921+0300][2106.461s][info ][gc] GC(69216) Pause Young (Allocation Failure) 87M->86M(95M) 14.686ms
[2020-08-10T13:19:26.936+0300][2106.476s][info ][gc] GC(69217) Pause Young (Allocation Failure) 87M->87M(95M) 14.195ms
[2020-08-10T13:19:26.952+0300][2106.491s][info ][gc] GC(69218) Pause Young (Allocation Failure) 88M->88M(95M) 15.129ms
[2020-08-10T13:19:26.967+0300][2106.506s][info ][gc] GC(69219) Pause Young (Allocation Failure) 89M->89M(95M) 14.602ms
[2020-08-10T13:19:26.982+0300][2106.521s][info ][gc] GC(69220) Pause Young (Allocation Failure) 90M->90M(95M) 14.424ms
[2020-08-10T13:19:26.996+0300][2106.536s][info ][gc] GC(69221) Pause Young (Allocation Failure) 91M->91M(95M) 14.412ms
[2020-08-10T13:19:27.011+0300][2106.551s][info ][gc] GC(69222) Pause Young (Allocation Failure) 92M->92M(95M) 14.244ms
[2020-08-10T13:19:27.026+0300][2106.565s][info ][gc] GC(69223) Pause Young (Allocation Failure) 93M->93M(95M) 14.330ms
[2020-08-10T13:19:27.336+0300][2106.875s][debug][gc] GC(69224) Expanding ParOldGen from 95232K by 11776K to 107008K
[2020-08-10T13:19:27.336+0300][2106.875s][info ][gc] GC(69224) Pause Full (Ergonomics) 93M->93M(106M) 309.694ms
[2020-08-10T13:19:27.385+0300][2106.925s][info ][gc] GC(69225) Pause Young (Allocation Failure) 94M->94M(106M) 48.604ms
[2020-08-10T13:19:27.412+0300][2106.951s][info ][gc] GC(69226) Pause Young (Allocation Failure) 95M->95M(106M) 26.361ms
[2020-08-10T13:19:27.427+0300][2106.966s][info ][gc] GC(69227) Pause Young (Allocation Failure) 96M->96M(106M) 14.506ms
[2020-08-10T13:19:27.443+0300][2106.982s][info ][gc] GC(69228) Pause Young (Allocation Failure) 97M->97M(106M) 14.639ms
[2020-08-10T13:19:27.458+0300][2106.997s][info ][gc] GC(69229) Pause Young (Allocation Failure) 98M->98M(106M) 14.876ms
[2020-08-10T13:19:27.476+0300][2107.016s][info ][gc] GC(69230) Pause Young (Allocation Failure) 99M->99M(106M) 17.437ms
[2020-08-10T13:19:27.492+0300][2107.031s][info ][gc] GC(69231) Pause Young (Allocation Failure) 100M->100M(106M) 14.814ms
[2020-08-10T13:19:27.507+0300][2107.047s][info ][gc] GC(69232) Pause Young (Allocation Failure) 101M->101M(106M) 15.066ms
[2020-08-10T13:19:27.523+0300][2107.063s][info ][gc] GC(69233) Pause Young (Allocation Failure) 102M->101M(106M) 15.207ms
[2020-08-10T13:19:27.539+0300][2107.079s][info ][gc] GC(69234) Pause Young (Allocation Failure) 102M->102M(106M) 15.221ms
[2020-08-10T13:19:27.571+0300][2107.110s][info ][gc] GC(69235) Pause Young (Allocation Failure) 103M->103M(106M) 31.188ms
[2020-08-10T13:19:27.590+0300][2107.130s][info ][gc] GC(69236) Pause Young (Allocation Failure) 104M->104M(106M) 18.758ms
[2020-08-10T13:19:27.902+0300][2107.441s][debug][gc] GC(69237) Expanding ParOldGen from 107008K by 11264K to 118272K
[2020-08-10T13:19:27.902+0300][2107.442s][info ][gc] GC(69237) Pause Full (Ergonomics) 104M->104M(117M) 311.771ms
[2020-08-10T13:19:27.958+0300][2107.498s][info ][gc] GC(69238) Pause Young (Allocation Failure) 105M->105M(117M) 55.509ms
[2020-08-10T13:19:27.980+0300][2107.520s][info ][gc] GC(69239) Pause Young (Allocation Failure) 105M->105M(117M) 21.300ms
[2020-08-10T13:19:27.998+0300][2107.537s][info ][gc] GC(69240) Pause Young (Allocation Failure) 105M->105M(117M) 17.145ms
[2020-08-10T13:19:28.015+0300][2107.554s][info ][gc] GC(69241) Pause Young (Allocation Failure) 106M->106M(117M) 15.512ms
[2020-08-10T13:19:28.031+0300][2107.570s][info ][gc] GC(69242) Pause Young (Allocation Failure) 106M->106M(117M) 15.393ms
[2020-08-10T13:19:28.045+0300][2107.584s][info ][gc] GC(69243) Pause Young (Allocation Failure) 107M->107M(117M) 13.927ms
[2020-08-10T13:19:28.059+0300][2107.599s][info ][gc] GC(69244) Pause Young (Allocation Failure) 107M->107M(117M) 14.194ms
[2020-08-10T13:19:28.076+0300][2107.615s][info ][gc] GC(69245) Pause Young (Allocation Failure) 108M->108M(117M) 15.776ms
[2020-08-10T13:19:28.090+0300][2107.630s][info ][gc] GC(69246) Pause Young (Allocation Failure) 108M->108M(117M) 14.269ms
[2020-08-10T13:19:28.105+0300][2107.645s][info ][gc] GC(69247) Pause Young (Allocation Failure) 109M->109M(117M) 14.095ms
[2020-08-10T13:19:28.124+0300][2107.663s][info ][gc] GC(69248) Pause Young (Allocation Failure) 109M->109M(117M) 18.537ms
[2020-08-10T13:19:28.142+0300][2107.682s][info ][gc] GC(69249) Pause Young (Allocation Failure) 110M->110M(117M) 17.801ms
[2020-08-10T13:19:28.157+0300][2107.696s][info ][gc] GC(69250) Pause Young (Allocation Failure) 110M->110M(117M) 14.145ms
[2020-08-10T13:19:28.171+0300][2107.711s][info ][gc] GC(69251) Pause Young (Allocation Failure) 110M->110M(117M) 14.055ms
[2020-08-10T13:19:28.186+0300][2107.725s][info ][gc] GC(69252) Pause Young (Allocation Failure) 111M->111M(117M) 13.966ms
[2020-08-10T13:19:28.205+0300][2107.745s][info ][gc] GC(69253) Pause Young (Allocation Failure) 111M->111M(117M) 18.735ms
[2020-08-10T13:19:28.220+0300][2107.760s][info ][gc] GC(69254) Pause Young (Allocation Failure) 112M->112M(116M) 14.638ms
[2020-08-10T13:19:28.235+0300][2107.775s][info ][gc] GC(69255) Pause Young (Allocation Failure) 112M->112M(117M) 14.279ms
[2020-08-10T13:19:28.250+0300][2107.789s][info ][gc] GC(69256) Pause Young (Allocation Failure) 113M->113M(117M) 14.235ms
[2020-08-10T13:19:28.264+0300][2107.804s][info ][gc] GC(69257) Pause Young (Allocation Failure) 113M->113M(117M) 13.964ms
[2020-08-10T13:19:28.279+0300][2107.818s][info ][gc] GC(69258) Pause Young (Allocation Failure) 114M->114M(117M) 14.217ms
[2020-08-10T13:19:28.293+0300][2107.833s][info ][gc] GC(69259) Pause Young (Allocation Failure) 114M->114M(117M) 14.266ms
[2020-08-10T13:19:28.308+0300][2107.848s][info ][gc] GC(69260) Pause Young (Allocation Failure) 115M->115M(117M) 14.027ms
[2020-08-10T13:19:28.326+0300][2107.866s][info ][gc] GC(69261) Pause Young (Allocation Failure) 115M->115M(117M) 17.641ms
[2020-08-10T13:19:28.729+0300][2108.269s][debug][gc] GC(69262) Expanding ParOldGen from 118272K by 10752K to 129024K
[2020-08-10T13:19:28.729+0300][2108.269s][info ][gc] GC(69262) Pause Full (Ergonomics) 115M->115M(127M) 403.051ms
[2020-08-10T13:19:28.755+0300][2108.295s][info ][gc] GC(69263) Pause Young (Allocation Failure) 115M->115M(127M) 25.350ms
[2020-08-10T13:19:28.770+0300][2108.310s][info ][gc] GC(69264) Pause Young (Allocation Failure) 116M->116M(127M) 13.882ms
[2020-08-10T13:19:28.784+0300][2108.324s][info ][gc] GC(69265) Pause Young (Allocation Failure) 116M->116M(127M) 13.868ms
[2020-08-10T13:19:28.799+0300][2108.339s][info ][gc] GC(69266) Pause Young (Allocation Failure) 117M->116M(127M) 14.433ms
[2020-08-10T13:19:28.833+0300][2108.372s][info ][gc] GC(69267) Pause Young (Allocation Failure) 117M->117M(127M) 33.091ms
[2020-08-10T13:19:28.855+0300][2108.394s][info ][gc] GC(69268) Pause Young (Allocation Failure) 117M->117M(127M) 21.682ms
[2020-08-10T13:19:28.873+0300][2108.413s][info ][gc] GC(69269) Pause Young (Allocation Failure) 118M->118M(127M) 17.973ms
[2020-08-10T13:19:28.888+0300][2108.427s][info ][gc] GC(69270) Pause Young (Allocation Failure) 118M->118M(127M) 14.100ms
[2020-08-10T13:19:28.902+0300][2108.442s][info ][gc] GC(69271) Pause Young (Allocation Failure) 119M->119M(127M) 13.983ms
[2020-08-10T13:19:28.921+0300][2108.460s][info ][gc] GC(69272) Pause Young (Allocation Failure) 119M->119M(127M) 17.987ms
[2020-08-10T13:19:28.935+0300][2108.475s][info ][gc] GC(69273) Pause Young (Allocation Failure) 120M->120M(127M) 13.913ms
[2020-08-10T13:19:28.953+0300][2108.493s][info ][gc] GC(69274) Pause Young (Allocation Failure) 120M->120M(127M) 17.764ms
[2020-08-10T13:19:28.969+0300][2108.508s][info ][gc] GC(69275) Pause Young (Allocation Failure) 121M->121M(127M) 14.793ms
[2020-08-10T13:19:28.987+0300][2108.527s][info ][gc] GC(69276) Pause Young (Allocation Failure) 121M->121M(127M) 18.353ms
[2020-08-10T13:19:29.002+0300][2108.541s][info ][gc] GC(69277) Pause Young (Allocation Failure) 122M->121M(127M) 14.266ms
[2020-08-10T13:19:29.020+0300][2108.560s][info ][gc] GC(69278) Pause Young (Allocation Failure) 122M->122M(127M) 17.895ms
[2020-08-10T13:19:29.039+0300][2108.578s][info ][gc] GC(69279) Pause Young (Allocation Failure) 122M->122M(127M) 18.146ms
[2020-08-10T13:19:29.053+0300][2108.593s][info ][gc] GC(69280) Pause Young (Allocation Failure) 123M->123M(127M) 14.436ms
[2020-08-10T13:19:29.075+0300][2108.614s][info ][gc] GC(69281) Pause Young (Allocation Failure) 123M->123M(127M) 20.958ms
[2020-08-10T13:19:29.093+0300][2108.632s][info ][gc] GC(69282) Pause Young (Allocation Failure) 124M->124M(127M) 17.794ms
[2020-08-10T13:19:29.108+0300][2108.647s][info ][gc] GC(69283) Pause Young (Allocation Failure) 124M->124M(127M) 14.522ms
[2020-08-10T13:19:29.126+0300][2108.666s][info ][gc] GC(69284) Pause Young (Allocation Failure) 125M->125M(127M) 18.177ms
[2020-08-10T13:19:29.141+0300][2108.681s][info ][gc] GC(69285) Pause Young (Allocation Failure) 125M->125M(127M) 14.481ms
[2020-08-10T13:19:29.156+0300][2108.696s][info ][gc] GC(69286) Pause Young (Allocation Failure) 126M->126M(127M) 14.462ms
[2020-08-10T13:19:29.611+0300][2109.150s][debug][gc] GC(69287) Expanding ParOldGen from 129024K by 10752K to 139776K
[2020-08-10T13:19:29.611+0300][2109.150s][info ][gc] GC(69287) Pause Full (Ergonomics) 126M->125M(138M) 454.760ms
[2020-08-10T13:19:29.641+0300][2109.181s][info ][gc] GC(69288) Pause Young (Allocation Failure) 126M->126M(138M) 30.210ms
[2020-08-10T13:19:29.657+0300][2109.197s][info ][gc] GC(69289) Pause Young (Allocation Failure) 126M->126M(138M) 14.953ms
[2020-08-10T13:19:29.672+0300][2109.212s][info ][gc] GC(69290) Pause Young (Allocation Failure) 127M->127M(138M) 14.349ms
[2020-08-10T13:19:29.687+0300][2109.227s][info ][gc] GC(69291) Pause Young (Allocation Failure) 127M->127M(138M) 14.576ms
[2020-08-10T13:19:29.702+0300][2109.242s][info ][gc] GC(69292) Pause Young (Allocation Failure) 128M->127M(138M) 14.778ms
[2020-08-10T13:19:29.718+0300][2109.257s][info ][gc] GC(69293) Pause Young (Allocation Failure) 128M->128M(138M) 14.788ms
[2020-08-10T13:19:29.733+0300][2109.273s][info ][gc] GC(69294) Pause Young (Allocation Failure) 128M->128M(138M) 14.669ms
[2020-08-10T13:19:29.753+0300][2109.292s][info ][gc] GC(69295) Pause Young (Allocation Failure) 129M->129M(138M) 18.794ms
[2020-08-10T13:19:29.768+0300][2109.308s][info ][gc] GC(69296) Pause Young (Allocation Failure) 129M->129M(138M) 14.800ms
[2020-08-10T13:19:29.783+0300][2109.323s][info ][gc] GC(69297) Pause Young (Allocation Failure) 130M->130M(138M) 14.894ms
[2020-08-10T13:19:29.799+0300][2109.339s][info ][gc] GC(69298) Pause Young (Allocation Failure) 130M->130M(138M) 14.851ms
[2020-08-10T13:19:29.814+0300][2109.354s][info ][gc] GC(69299) Pause Young (Allocation Failure) 131M->131M(138M) 14.573ms
[2020-08-10T13:19:29.830+0300][2109.369s][info ][gc] GC(69300) Pause Young (Allocation Failure) 131M->131M(138M) 14.855ms
[2020-08-10T13:19:29.845+0300][2109.384s][info ][gc] GC(69301) Pause Young (Allocation Failure) 132M->132M(138M) 14.745ms
[2020-08-10T13:19:29.860+0300][2109.400s][info ][gc] GC(69302) Pause Young (Allocation Failure) 132M->132M(138M) 14.648ms
[2020-08-10T13:19:29.875+0300][2109.415s][info ][gc] GC(69303) Pause Young (Allocation Failure) 132M->132M(138M) 14.788ms
[2020-08-10T13:19:29.894+0300][2109.434s][info ][gc] GC(69304) Pause Young (Allocation Failure) 133M->133M(138M) 18.770ms
[2020-08-10T13:19:29.913+0300][2109.453s][info ][gc] GC(69305) Pause Young (Allocation Failure) 133M->133M(138M) 18.363ms
[2020-08-10T13:19:29.929+0300][2109.468s][info ][gc] GC(69306) Pause Young (Allocation Failure) 134M->134M(138M) 15.273ms
[2020-08-10T13:19:29.944+0300][2109.484s][info ][gc] GC(69307) Pause Young (Allocation Failure) 134M->134M(138M) 15.073ms
[2020-08-10T13:19:29.960+0300][2109.499s][info ][gc] GC(69308) Pause Young (Allocation Failure) 135M->135M(138M) 15.115ms
[2020-08-10T13:19:29.975+0300][2109.515s][info ][gc] GC(69309) Pause Young (Allocation Failure) 135M->135M(138M) 15.066ms
[2020-08-10T13:19:29.991+0300][2109.530s][info ][gc] GC(69310) Pause Young (Allocation Failure) 136M->136M(138M) 15.271ms
[2020-08-10T13:19:30.007+0300][2109.546s][info ][gc] GC(69311) Pause Young (Allocation Failure) 136M->136M(138M) 15.200ms
[2020-08-10T13:19:30.525+0300][2110.065s][debug][gc] GC(69312) Expanding ParOldGen from 139776K by 10752K to 150528K
[2020-08-10T13:19:30.525+0300][2110.065s][info ][gc] GC(69312) Pause Full (Ergonomics) 136M->136M(148M) 518.854ms
[2020-08-10T13:19:30.547+0300][2110.087s][info ][gc] GC(69313) Pause Young (Allocation Failure) 136M->136M(148M) 21.194ms
[2020-08-10T13:19:30.568+0300][2110.108s][info ][gc] GC(69314) Pause Young (Allocation Failure) 137M->137M(148M) 20.550ms
[2020-08-10T13:19:30.585+0300][2110.124s][info ][gc] GC(69315) Pause Young (Allocation Failure) 137M->137M(148M) 15.741ms
[2020-08-10T13:19:30.600+0300][2110.140s][info ][gc] GC(69316) Pause Young (Allocation Failure) 138M->138M(148M) 15.348ms
[2020-08-10T13:19:30.618+0300][2110.158s][info ][gc] GC(69317) Pause Young (Allocation Failure) 138M->138M(148M) 17.531ms
[2020-08-10T13:19:30.634+0300][2110.174s][info ][gc] GC(69318) Pause Young (Allocation Failure) 138M->138M(148M) 15.456ms
[2020-08-10T13:19:30.650+0300][2110.190s][info ][gc] GC(69319) Pause Young (Allocation Failure) 139M->139M(148M) 15.381ms
[2020-08-10T13:19:30.666+0300][2110.206s][info ][gc] GC(69320) Pause Young (Allocation Failure) 139M->139M(148M) 15.333ms
[2020-08-10T13:19:30.682+0300][2110.222s][info ][gc] GC(69321) Pause Young (Allocation Failure) 140M->140M(148M) 15.599ms
[2020-08-10T13:19:30.698+0300][2110.238s][info ][gc] GC(69322) Pause Young (Allocation Failure) 140M->140M(148M) 15.478ms
[2020-08-10T13:19:30.714+0300][2110.254s][info ][gc] GC(69323) Pause Young (Allocation Failure) 141M->141M(148M) 15.443ms
[2020-08-10T13:19:30.730+0300][2110.270s][info ][gc] GC(69324) Pause Young (Allocation Failure) 141M->141M(148M) 15.066ms
[2020-08-10T13:19:30.746+0300][2110.285s][info ][gc] GC(69325) Pause Young (Allocation Failure) 142M->142M(148M) 15.078ms
[2020-08-10T13:19:30.762+0300][2110.301s][info ][gc] GC(69326) Pause Young (Allocation Failure) 142M->142M(148M) 15.490ms
[2020-08-10T13:19:30.778+0300][2110.318s][info ][gc] GC(69327) Pause Young (Allocation Failure) 143M->142M(148M) 15.806ms
[2020-08-10T13:19:30.794+0300][2110.334s][info ][gc] GC(69328) Pause Young (Allocation Failure) 143M->143M(148M) 15.614ms
[2020-08-10T13:19:30.836+0300][2110.376s][info ][gc] GC(69329) Pause Young (Allocation Failure) 143M->143M(148M) 41.351ms
[2020-08-10T13:19:30.852+0300][2110.392s][info ][gc] GC(69330) Pause Young (Allocation Failure) 144M->144M(148M) 15.696ms
[2020-08-10T13:19:30.868+0300][2110.408s][info ][gc] GC(69331) Pause Young (Allocation Failure) 144M->144M(148M) 15.793ms
[2020-08-10T13:19:30.884+0300][2110.424s][info ][gc] GC(69332) Pause Young (Allocation Failure) 145M->145M(148M) 15.463ms
[2020-08-10T13:19:30.900+0300][2110.440s][info ][gc] GC(69333) Pause Young (Allocation Failure) 145M->145M(148M) 15.579ms
[2020-08-10T13:19:30.917+0300][2110.457s][info ][gc] GC(69334) Pause Young (Allocation Failure) 146M->146M(148M) 16.317ms
[2020-08-10T13:19:30.933+0300][2110.473s][info ][gc] GC(69335) Pause Young (Allocation Failure) 146M->146M(148M) 16.001ms
[2020-08-10T13:19:30.950+0300][2110.490s][info ][gc] GC(69336) Pause Young (Allocation Failure) 147M->147M(148M) 16.069ms
[2020-08-10T13:19:31.474+0300][2111.013s][debug][gc] GC(69337) Expanding ParOldGen from 150528K by 10752K to 161280K
[2020-08-10T13:19:31.474+0300][2111.013s][info ][gc] GC(69337) Pause Full (Ergonomics) 147M->146M(159M) 523.796ms
[2020-08-10T13:19:31.500+0300][2111.040s][info ][gc] GC(69338) Pause Young (Allocation Failure) 147M->147M(159M) 26.288ms
[2020-08-10T13:19:31.501+0300][2111.040s][debug][gc] Expanding ParOldGen from 161280K by 19968K to 181248K
[2020-08-10T13:19:31.524+0300][2111.064s][info ][gc] GC(69339) Pause Young (Allocation Failure) 166M->166M(178M) 15.306ms
[2020-08-10T13:19:31.538+0300][2111.078s][info ][gc] GC(69340) Pause Young (Allocation Failure) 166M->166M(178M) 13.370ms
[2020-08-10T13:19:31.566+0300][2111.106s][info ][gc] GC(69341) Pause Young (Allocation Failure) 167M->167M(178M) 27.265ms
[2020-08-10T13:19:31.587+0300][2111.127s][info ][gc] GC(69342) Pause Young (Allocation Failure) 167M->167M(178M) 20.941ms
[2020-08-10T13:19:31.605+0300][2111.145s][info ][gc] GC(69343) Pause Young (Allocation Failure) 168M->168M(178M) 17.531ms
[2020-08-10T13:19:31.619+0300][2111.159s][info ][gc] GC(69344) Pause Young (Allocation Failure) 168M->168M(178M) 13.675ms
[2020-08-10T13:19:31.636+0300][2111.175s][info ][gc] GC(69345) Pause Young (Allocation Failure) 169M->169M(178M) 16.230ms
[2020-08-10T13:19:31.650+0300][2111.190s][info ][gc] GC(69346) Pause Young (Allocation Failure) 169M->169M(178M) 13.553ms
[2020-08-10T13:19:31.664+0300][2111.204s][info ][gc] GC(69347) Pause Young (Allocation Failure) 170M->170M(178M) 13.965ms
[2020-08-10T13:19:31.679+0300][2111.219s][info ][gc] GC(69348) Pause Young (Allocation Failure) 170M->170M(178M) 14.325ms
[2020-08-10T13:19:31.709+0300][2111.249s][info ][gc] GC(69349) Pause Young (Allocation Failure) 171M->170M(178M) 29.348ms
[2020-08-10T13:19:31.728+0300][2111.267s][info ][gc] GC(69350) Pause Young (Allocation Failure) 171M->171M(178M) 18.247ms
[2020-08-10T13:19:31.742+0300][2111.282s][info ][gc] GC(69351) Pause Young (Allocation Failure) 171M->171M(178M) 13.809ms
[2020-08-10T13:19:31.756+0300][2111.296s][info ][gc] GC(69352) Pause Young (Allocation Failure) 172M->172M(178M) 14.057ms
[2020-08-10T13:19:31.771+0300][2111.310s][info ][gc] GC(69353) Pause Young (Allocation Failure) 172M->172M(178M) 13.634ms
[2020-08-10T13:19:31.785+0300][2111.324s][info ][gc] GC(69354) Pause Young (Allocation Failure) 173M->173M(178M) 13.717ms
[2020-08-10T13:19:31.799+0300][2111.339s][info ][gc] GC(69355) Pause Young (Allocation Failure) 173M->173M(178M) 14.031ms
[2020-08-10T13:19:31.813+0300][2111.353s][info ][gc] GC(69356) Pause Young (Allocation Failure) 174M->174M(178M) 13.700ms
[2020-08-10T13:19:31.828+0300][2111.367s][info ][gc] GC(69357) Pause Young (Allocation Failure) 174M->174M(178M) 13.810ms
[2020-08-10T13:19:31.842+0300][2111.382s][info ][gc] GC(69358) Pause Young (Allocation Failure) 175M->175M(178M) 13.812ms
[2020-08-10T13:19:31.856+0300][2111.395s][info ][gc] GC(69359) Pause Young (Allocation Failure) 175M->175M(178M) 13.614ms
[2020-08-10T13:19:31.870+0300][2111.409s][info ][gc] GC(69360) Pause Young (Allocation Failure) 176M->176M(178M) 13.627ms
[2020-08-10T13:19:31.884+0300][2111.424s][info ][gc] GC(69361) Pause Young (Allocation Failure) 176M->176M(178M) 13.693ms
[2020-08-10T13:19:31.898+0300][2111.438s][info ][gc] GC(69362) Pause Young (Allocation Failure) 177M->176M(178M) 13.570ms
[2020-08-10T13:19:32.015+0300][2111.554s][debug][gc] GC(69363) Shrinking ParOldGen from 181248K by 125952K to 55296K
[2020-08-10T13:19:32.015+0300][2111.554s][info ][gc] GC(69363) Pause Full (Ergonomics) 176M->43M(55M) 116.833ms
[2020-08-10T13:19:32.045+0300][2111.585s][info ][gc] GC(69364) Pause Young (Allocation Failure) 43M->43M(55M) 29.759ms
[2020-08-10T13:19:32.059+0300][2111.599s][info ][gc] GC(69365) Pause Young (Allocation Failure) 44M->44M(55M) 13.419ms
[2020-08-10T13:19:32.072+0300][2111.612s][info ][gc] GC(69366) Pause Young (Allocation Failure) 44M->44M(55M) 13.372ms
[2020-08-10T13:19:32.086+0300][2111.626s][info ][gc] GC(69367) Pause Young (Allocation Failure) 44M->44M(55M) 13.351ms
[2020-08-10T13:19:32.100+0300][2111.640s][info ][gc] GC(69368) Pause Young (Allocation Failure) 45M->45M(55M) 13.431ms
[2020-08-10T13:19:32.114+0300][2111.654s][info ][gc] GC(69369) Pause Young (Allocation Failure) 45M->45M(55M) 13.406ms
[2020-08-10T13:19:32.128+0300][2111.668s][info ][gc] GC(69370) Pause Young (Allocation Failure) 46M->46M(55M) 13.542ms
[2020-08-10T13:19:32.142+0300][2111.682s][info ][gc] GC(69371) Pause Young (Allocation Failure) 46M->46M(55M) 13.481ms
[2020-08-10T13:19:32.156+0300][2111.696s][info ][gc] GC(69372) Pause Young (Allocation Failure) 47M->47M(55M) 13.550ms
[2020-08-10T13:19:32.170+0300][2111.710s][info ][gc] GC(69373) Pause Young (Allocation Failure) 47M->47M(55M) 13.494ms
[2020-08-10T13:19:32.184+0300][2111.724s][info ][gc] GC(69374) Pause Young (Allocation Failure) 48M->48M(55M) 13.515ms
[2020-08-10T13:19:32.198+0300][2111.738s][info ][gc] GC(69375) Pause Young (Allocation Failure) 48M->48M(55M) 13.417ms
[2020-08-10T13:19:32.212+0300][2111.752s][info ][gc] GC(69376) Pause Young (Allocation Failure) 49M->49M(55M) 13.567ms
[2020-08-10T13:19:32.226+0300][2111.766s][info ][gc] GC(69377) Pause Young (Allocation Failure) 49M->49M(55M) 13.520ms
[2020-08-10T13:19:32.240+0300][2111.780s][info ][gc] GC(69378) Pause Young (Allocation Failure) 50M->50M(55M) 13.543ms
[2020-08-10T13:19:32.254+0300][2111.794s][info ][gc] GC(69379) Pause Young (Allocation Failure) 50M->50M(55M) 13.431ms
[2020-08-10T13:19:32.268+0300][2111.808s][info ][gc] GC(69380) Pause Young (Allocation Failure) 51M->51M(55M) 13.603ms
[2020-08-10T13:19:32.282+0300][2111.822s][info ][gc] GC(69381) Pause Young (Allocation Failure) 52M->52M(56M) 13.647ms
[2020-08-10T13:19:32.297+0300][2111.836s][info ][gc] GC(69382) Pause Young (Allocation Failure) 53M->53M(56M) 13.772ms
[2020-08-10T13:19:32.311+0300][2111.851s][info ][gc] GC(69383) Pause Young (Allocation Failure) 54M->54M(56M) 13.804ms
[2020-08-10T13:19:32.471+0300][2112.011s][debug][gc] GC(69384) Expanding ParOldGen from 55296K by 11264K to 66560K
[2020-08-10T13:19:32.471+0300][2112.011s][info ][gc] GC(69384) Pause Full (Ergonomics) 54M->53M(67M) 160.313ms
[2020-08-10T13:19:32.487+0300][2112.027s][info ][gc] GC(69385) Pause Young (Allocation Failure) 54M->54M(67M) 14.933ms
[2020-08-10T13:19:32.507+0300][2112.047s][info ][gc] GC(69386) Pause Young (Allocation Failure) 55M->55M(67M) 19.919ms
[2020-08-10T13:19:32.525+0300][2112.065s][info ][gc] GC(69387) Pause Young (Allocation Failure) 56M->56M(67M) 16.916ms
[2020-08-10T13:19:32.540+0300][2112.079s][info ][gc] GC(69388) Pause Young (Allocation Failure) 57M->57M(67M) 14.086ms
[2020-08-10T13:19:32.554+0300][2112.094s][info ][gc] GC(69389) Pause Young (Allocation Failure) 58M->58M(67M) 13.865ms
[2020-08-10T13:19:32.586+0300][2112.126s][info ][gc] GC(69390) Pause Young (Allocation Failure) 59M->59M(67M) 31.633ms
[2020-08-10T13:19:32.603+0300][2112.143s][info ][gc] GC(69391) Pause Young (Allocation Failure) 60M->60M(67M) 15.687ms
[2020-08-10T13:19:32.621+0300][2112.160s][info ][gc] GC(69392) Pause Young (Allocation Failure) 61M->61M(67M) 17.077ms
[2020-08-10T13:19:32.635+0300][2112.175s][info ][gc] GC(69393) Pause Young (Allocation Failure) 62M->62M(67M) 14.005ms
[2020-08-10T13:19:32.651+0300][2112.191s][info ][gc] GC(69394) Pause Young (Allocation Failure) 63M->63M(67M) 15.618ms
[2020-08-10T13:19:32.669+0300][2112.209s][info ][gc] GC(69395) Pause Young (Allocation Failure) 64M->63M(67M) 17.131ms
[2020-08-10T13:19:32.688+0300][2112.228s][info ][gc] GC(69396) Pause Young (Allocation Failure) 64M->64M(67M) 18.555ms
[2020-08-10T13:19:32.869+0300][2112.409s][debug][gc] GC(69397) Expanding ParOldGen from 66560K by 11264K to 77824K
[2020-08-10T13:19:32.869+0300][2112.409s][info ][gc] GC(69397) Pause Full (Ergonomics) 64M->64M(78M) 181.043ms
[2020-08-10T13:19:32.885+0300][2112.425s][info ][gc] GC(69398) Pause Young (Allocation Failure) 65M->65M(78M) 15.621ms
[2020-08-10T13:19:32.900+0300][2112.440s][info ][gc] GC(69399) Pause Young (Allocation Failure) 66M->66M(78M) 14.186ms
[2020-08-10T13:19:32.915+0300][2112.455s][info ][gc] GC(69400) Pause Young (Allocation Failure) 67M->67M(78M) 14.325ms
[2020-08-10T13:19:32.938+0300][2112.478s][info ][gc] GC(69401) Pause Young (Allocation Failure) 68M->68M(78M) 21.657ms
[2020-08-10T13:19:32.955+0300][2112.495s][info ][gc] GC(69402) Pause Young (Allocation Failure) 69M->69M(78M) 16.841ms
[2020-08-10T13:19:32.971+0300][2112.510s][info ][gc] GC(69403) Pause Young (Allocation Failure) 70M->70M(78M) 14.830ms
[2020-08-10T13:19:32.985+0300][2112.525s][info ][gc] GC(69404) Pause Young (Allocation Failure) 71M->71M(78M) 14.185ms
[2020-08-10T13:19:33.000+0300][2112.540s][info ][gc] GC(69405) Pause Young (Allocation Failure) 72M->72M(78M) 13.983ms
[2020-08-10T13:19:33.014+0300][2112.554s][info ][gc] GC(69406) Pause Young (Allocation Failure) 73M->73M(78M) 13.854ms
[2020-08-10T13:19:33.030+0300][2112.569s][info ][gc] GC(69407) Pause Young (Allocation Failure) 74M->74M(78M) 15.117ms
[2020-08-10T13:19:33.046+0300][2112.586s][info ][gc] GC(69408) Pause Young (Allocation Failure) 75M->75M(78M) 15.809ms
[2020-08-10T13:19:33.064+0300][2112.604s][info ][gc] GC(69409) Pause Young (Allocation Failure) 76M->76M(78M) 17.538ms
[2020-08-10T13:19:33.280+0300][2112.820s][debug][gc] GC(69410) Expanding ParOldGen from 77824K by 11776K to 89600K
[2020-08-10T13:19:33.280+0300][2112.820s][info ][gc] GC(69410) Pause Full (Ergonomics) 76M->75M(90M) 216.391ms
[2020-08-10T13:19:33.296+0300][2112.836s][info ][gc] GC(69411) Pause Young (Allocation Failure) 76M->76M(90M) 15.313ms
[2020-08-10T13:19:33.312+0300][2112.852s][info ][gc] GC(69412) Pause Young (Allocation Failure) 77M->77M(90M) 14.982ms
[2020-08-10T13:19:33.326+0300][2112.866s][info ][gc] GC(69413) Pause Young (Allocation Failure) 78M->78M(90M) 13.842ms
[2020-08-10T13:19:33.340+0300][2112.880s][info ][gc] GC(69414) Pause Young (Allocation Failure) 79M->79M(90M) 13.854ms
[2020-08-10T13:19:33.355+0300][2112.895s][info ][gc] GC(69415) Pause Young (Allocation Failure) 80M->80M(90M) 13.780ms
[2020-08-10T13:19:33.369+0300][2112.909s][info ][gc] GC(69416) Pause Young (Allocation Failure) 81M->81M(90M) 14.248ms
[2020-08-10T13:19:33.388+0300][2112.928s][info ][gc] GC(69417) Pause Young (Allocation Failure) 82M->82M(90M) 18.228ms
[2020-08-10T13:19:33.403+0300][2112.943s][info ][gc] GC(69418) Pause Young (Allocation Failure) 83M->83M(90M) 14.098ms
[2020-08-10T13:19:33.418+0300][2112.957s][info ][gc] GC(69419) Pause Young (Allocation Failure) 84M->84M(90M) 13.991ms
[2020-08-10T13:19:33.432+0300][2112.972s][info ][gc] GC(69420) Pause Young (Allocation Failure) 85M->85M(90M) 13.886ms
[2020-08-10T13:19:33.447+0300][2112.987s][info ][gc] GC(69421) Pause Young (Allocation Failure) 86M->86M(90M) 13.876ms
[2020-08-10T13:19:33.461+0300][2113.001s][info ][gc] GC(69422) Pause Young (Allocation Failure) 87M->87M(90M) 13.798ms
[2020-08-10T13:19:33.488+0300][2113.028s][info ][gc] GC(69423) Pause Young (Allocation Failure) 88M->88M(90M) 26.650ms
[2020-08-10T13:19:33.760+0300][2113.300s][debug][gc] GC(69424) Expanding ParOldGen from 89600K by 11776K to 101376K
[2020-08-10T13:19:33.760+0300][2113.300s][info ][gc] GC(69424) Pause Full (Ergonomics) 88M->87M(101M) 272.360ms
[2020-08-10T13:19:33.798+0300][2113.338s][info ][gc] GC(69425) Pause Young (Allocation Failure) 88M->88M(101M) 36.650ms
[2020-08-10T13:19:33.815+0300][2113.355s][info ][gc] GC(69426) Pause Young (Allocation Failure) 89M->89M(101M) 16.322ms
[2020-08-10T13:19:33.830+0300][2113.370s][info ][gc] GC(69427) Pause Young (Allocation Failure) 90M->90M(101M) 14.765ms
[2020-08-10T13:19:33.845+0300][2113.385s][info ][gc] GC(69428) Pause Young (Allocation Failure) 91M->91M(101M) 14.524ms
[2020-08-10T13:19:33.861+0300][2113.400s][info ][gc] GC(69429) Pause Young (Allocation Failure) 92M->92M(101M) 14.566ms
[2020-08-10T13:19:33.875+0300][2113.415s][info ][gc] GC(69430) Pause Young (Allocation Failure) 93M->93M(101M) 14.499ms
[2020-08-10T13:19:33.898+0300][2113.438s][info ][gc] GC(69431) Pause Young (Allocation Failure) 94M->94M(101M) 22.509ms
[2020-08-10T13:19:33.914+0300][2113.454s][info ][gc] GC(69432) Pause Young (Allocation Failure) 95M->95M(101M) 14.793ms
[2020-08-10T13:19:33.951+0300][2113.491s][info ][gc] GC(69433) Pause Young (Allocation Failure) 96M->96M(101M) 36.286ms
[2020-08-10T13:19:33.975+0300][2113.515s][info ][gc] GC(69434) Pause Young (Allocation Failure) 97M->97M(101M) 23.610ms
[2020-08-10T13:19:33.999+0300][2113.539s][info ][gc] GC(69435) Pause Young (Allocation Failure) 98M->98M(101M) 23.842ms
[2020-08-10T13:19:34.016+0300][2113.555s][info ][gc] GC(69436) Pause Young (Allocation Failure) 99M->99M(101M) 15.452ms
[2020-08-10T13:19:34.336+0300][2113.876s][debug][gc] GC(69437) Expanding ParOldGen from 101376K by 11264K to 112640K
[2020-08-10T13:19:34.336+0300][2113.876s][info ][gc] GC(69437) Pause Full (Ergonomics) 99M->99M(112M) 320.534ms
[2020-08-10T13:19:34.372+0300][2113.912s][info ][gc] GC(69438) Pause Young (Allocation Failure) 100M->100M(112M) 35.743ms
[2020-08-10T13:19:34.388+0300][2113.928s][info ][gc] GC(69439) Pause Young (Allocation Failure) 101M->101M(112M) 15.194ms
[2020-08-10T13:19:34.404+0300][2113.944s][info ][gc] GC(69440) Pause Young (Allocation Failure) 102M->102M(112M) 15.201ms
[2020-08-10T13:19:34.420+0300][2113.960s][info ][gc] GC(69441) Pause Young (Allocation Failure) 103M->102M(112M) 15.226ms
[2020-08-10T13:19:34.436+0300][2113.976s][info ][gc] GC(69442) Pause Young (Allocation Failure) 103M->103M(112M) 15.248ms
[2020-08-10T13:19:34.456+0300][2113.996s][info ][gc] GC(69443) Pause Young (Allocation Failure) 104M->104M(112M) 19.755ms
[2020-08-10T13:19:34.472+0300][2114.012s][info ][gc] GC(69444) Pause Young (Allocation Failure) 105M->105M(112M) 15.447ms
[2020-08-10T13:19:34.488+0300][2114.028s][info ][gc] GC(69445) Pause Young (Allocation Failure) 106M->106M(112M) 15.313ms
[2020-08-10T13:19:34.504+0300][2114.044s][info ][gc] GC(69446) Pause Young (Allocation Failure) 107M->107M(112M) 15.377ms
[2020-08-10T13:19:34.520+0300][2114.060s][info ][gc] GC(69447) Pause Young (Allocation Failure) 108M->108M(112M) 15.534ms
[2020-08-10T13:19:34.543+0300][2114.083s][info ][gc] GC(69448) Pause Young (Allocation Failure) 109M->109M(112M) 22.732ms
[2020-08-10T13:19:34.560+0300][2114.100s][info ][gc] GC(69449) Pause Young (Allocation Failure) 110M->110M(112M) 16.151ms
[2020-08-10T13:19:34.950+0300][2114.490s][debug][gc] GC(69450) Expanding ParOldGen from 112640K by 11264K to 123904K
[2020-08-10T13:19:34.950+0300][2114.490s][info ][gc] GC(69450) Pause Full (Ergonomics) 110M->110M(123M) 389.909ms
[2020-08-10T13:19:34.997+0300][2114.537s][info ][gc] GC(69451) Pause Young (Allocation Failure) 111M->111M(123M) 46.843ms
[2020-08-10T13:19:35.025+0300][2114.565s][info ][gc] GC(69452) Pause Young (Allocation Failure) 112M->112M(123M) 26.413ms
[2020-08-10T13:19:35.044+0300][2114.584s][info ][gc] GC(69453) Pause Young (Allocation Failure) 113M->113M(123M) 18.329ms
[2020-08-10T13:19:35.061+0300][2114.601s][info ][gc] GC(69454) Pause Young (Allocation Failure) 114M->114M(123M) 16.387ms
[2020-08-10T13:19:35.085+0300][2114.625s][info ][gc] GC(69455) Pause Young (Allocation Failure) 115M->115M(123M) 23.300ms
[2020-08-10T13:19:35.118+0300][2114.658s][info ][gc] GC(69456) Pause Young (Allocation Failure) 116M->116M(123M) 32.687ms
[2020-08-10T13:19:35.137+0300][2114.677s][info ][gc] GC(69457) Pause Young (Allocation Failure) 117M->116M(123M) 18.672ms
[2020-08-10T13:19:35.156+0300][2114.696s][info ][gc] GC(69458) Pause Young (Allocation Failure) 117M->117M(123M) 18.198ms
[2020-08-10T13:19:35.173+0300][2114.713s][info ][gc] GC(69459) Pause Young (Allocation Failure) 118M->118M(123M) 16.782ms
[2020-08-10T13:19:35.202+0300][2114.742s][info ][gc] GC(69460) Pause Young (Allocation Failure) 119M->119M(123M) 28.513ms
[2020-08-10T13:19:35.219+0300][2114.759s][info ][gc] GC(69461) Pause Young (Allocation Failure) 120M->120M(123M) 16.870ms
[2020-08-10T13:19:35.237+0300][2114.777s][info ][gc] GC(69462) Pause Young (Allocation Failure) 121M->121M(123M) 16.829ms
[2020-08-10T13:19:35.676+0300][2115.216s][debug][gc] GC(69463) Expanding ParOldGen from 123904K by 11264K to 135168K
[2020-08-10T13:19:35.676+0300][2115.216s][info ][gc] GC(69463) Pause Full (Ergonomics) 121M->121M(134M) 439.438ms
[2020-08-10T13:19:35.715+0300][2115.255s][info ][gc] GC(69464) Pause Young (Allocation Failure) 122M->122M(134M) 37.882ms
[2020-08-10T13:19:35.733+0300][2115.273s][info ][gc] GC(69465) Pause Young (Allocation Failure) 123M->123M(134M) 17.777ms
[2020-08-10T13:19:35.751+0300][2115.291s][info ][gc] GC(69466) Pause Young (Allocation Failure) 124M->124M(134M) 17.760ms
[2020-08-10T13:19:35.770+0300][2115.310s][info ][gc] GC(69467) Pause Young (Allocation Failure) 125M->125M(134M) 18.220ms
[2020-08-10T13:19:35.788+0300][2115.328s][info ][gc] GC(69468) Pause Young (Allocation Failure) 126M->126M(134M) 17.701ms
[2020-08-10T13:19:35.811+0300][2115.351s][info ][gc] GC(69469) Pause Young (Allocation Failure) 127M->127M(134M) 22.377ms
[2020-08-10T13:19:35.830+0300][2115.370s][info ][gc] GC(69470) Pause Young (Allocation Failure) 128M->128M(134M) 17.453ms
[2020-08-10T13:19:35.849+0300][2115.389s][info ][gc] GC(69471) Pause Young (Allocation Failure) 129M->129M(134M) 18.839ms
[2020-08-10T13:19:35.868+0300][2115.408s][info ][gc] GC(69472) Pause Young (Allocation Failure) 130M->130M(134M) 17.943ms
[2020-08-10T13:19:35.893+0300][2115.433s][info ][gc] GC(69473) Pause Young (Allocation Failure) 131M->131M(134M) 24.381ms
[2020-08-10T13:19:35.911+0300][2115.451s][info ][gc] GC(69474) Pause Young (Allocation Failure) 132M->132M(134M) 18.105ms
[2020-08-10T13:19:36.286+0300][2115.826s][debug][gc] GC(69475) Expanding ParOldGen from 135168K by 11264K to 146432K
[2020-08-10T13:19:36.287+0300][2115.826s][info ][gc] GC(69475) Pause Full (Ergonomics) 132M->131M(145M) 375.109ms
[2020-08-10T13:19:36.311+0300][2115.851s][info ][gc] GC(69476) Pause Young (Allocation Failure) 132M->132M(145M) 20.706ms
[2020-08-10T13:19:36.337+0300][2115.877s][info ][gc] GC(69477) Pause Young (Allocation Failure) 133M->133M(145M) 24.958ms
[2020-08-10T13:19:36.356+0300][2115.896s][info ][gc] GC(69478) Pause Young (Allocation Failure) 134M->134M(145M) 18.348ms
[2020-08-10T13:19:36.375+0300][2115.915s][info ][gc] GC(69479) Pause Young (Allocation Failure) 135M->135M(145M) 18.858ms
[2020-08-10T13:19:36.394+0300][2115.934s][info ][gc] GC(69480) Pause Young (Allocation Failure) 136M->136M(145M) 18.793ms
[2020-08-10T13:19:36.414+0300][2115.954s][info ][gc] GC(69481) Pause Young (Allocation Failure) 137M->137M(145M) 18.933ms
[2020-08-10T13:19:36.433+0300][2115.973s][info ][gc] GC(69482) Pause Young (Allocation Failure) 138M->138M(145M) 18.796ms
[2020-08-10T13:19:36.452+0300][2115.992s][info ][gc] GC(69483) Pause Young (Allocation Failure) 139M->139M(145M) 18.410ms
[2020-08-10T13:19:36.472+0300][2116.012s][info ][gc] GC(69484) Pause Young (Allocation Failure) 140M->140M(145M) 19.091ms
[2020-08-10T13:19:36.492+0300][2116.032s][info ][gc] GC(69485) Pause Young (Allocation Failure) 141M->141M(145M) 19.117ms
[2020-08-10T13:19:36.510+0300][2116.050s][info ][gc] GC(69486) Pause Young (Allocation Failure) 142M->142M(145M) 18.416ms
[2020-08-10T13:19:36.530+0300][2116.070s][info ][gc] GC(69487) Pause Young (Allocation Failure) 143M->143M(145M) 18.829ms
[2020-08-10T13:19:37.077+0300][2116.617s][debug][gc] GC(69488) Expanding ParOldGen from 146432K by 11264K to 157696K
[2020-08-10T13:19:37.077+0300][2116.617s][info ][gc] GC(69488) Pause Full (Ergonomics) 143M->142M(156M) 547.245ms
[2020-08-10T13:19:37.094+0300][2116.634s][info ][gc] GC(69489) Pause Young (Allocation Failure) 143M->143M(156M) 16.061ms
[2020-08-10T13:19:37.131+0300][2116.671s][info ][gc] GC(69490) Pause Young (Allocation Failure) 144M->144M(156M) 36.613ms
[2020-08-10T13:19:37.163+0300][2116.703s][info ][gc] GC(69491) Pause Young (Allocation Failure) 145M->145M(156M) 31.646ms
[2020-08-10T13:19:37.183+0300][2116.723s][info ][gc] GC(69492) Pause Young (Allocation Failure) 146M->146M(156M) 18.926ms
[2020-08-10T13:19:37.183+0300][2116.723s][debug][gc] Expanding ParOldGen from 157696K by 19968K to 177664K
[2020-08-10T13:19:37.229+0300][2116.769s][info ][gc] GC(69493) Pause Young (Allocation Failure) 166M->166M(176M) 33.927ms
[2020-08-10T13:19:37.275+0300][2116.815s][info ][gc] GC(69494) Pause Young (Allocation Failure) 167M->167M(176M) 45.695ms
[2020-08-10T13:19:37.304+0300][2116.844s][info ][gc] GC(69495) Pause Young (Allocation Failure) 168M->168M(176M) 28.190ms
[2020-08-10T13:19:37.338+0300][2116.878s][info ][gc] GC(69496) Pause Young (Allocation Failure) 169M->169M(176M) 33.688ms
[2020-08-10T13:19:37.388+0300][2116.928s][info ][gc] GC(69497) Pause Young (Allocation Failure) 170M->170M(176M) 49.682ms
[2020-08-10T13:19:37.419+0300][2116.959s][info ][gc] GC(69498) Pause Young (Allocation Failure) 171M->171M(176M) 30.239ms
[2020-08-10T13:19:37.448+0300][2116.988s][info ][gc] GC(69499) Pause Young (Allocation Failure) 172M->172M(176M) 28.147ms
[2020-08-10T13:19:37.490+0300][2117.030s][info ][gc] GC(69500) Pause Young (Allocation Failure) 173M->173M(176M) 41.697ms
[2020-08-10T13:19:37.597+0300][2117.137s][debug][gc] GC(69501) Shrinking ParOldGen from 177664K by 125440K to 52224K
[2020-08-10T13:19:37.597+0300][2117.137s][info ][gc] GC(69501) Pause Full (Ergonomics) 173M->39M(53M) 107.134ms
[2020-08-10T13:19:37.612+0300][2117.152s][info ][gc] GC(69502) Pause Young (Allocation Failure) 40M->40M(53M) 13.359ms
[2020-08-10T13:19:37.626+0300][2117.166s][info ][gc] GC(69503) Pause Young (Allocation Failure) 41M->41M(53M) 13.937ms
[2020-08-10T13:19:37.646+0300][2117.186s][info ][gc] GC(69504) Pause Young (Allocation Failure) 42M->42M(53M) 19.354ms
[2020-08-10T13:19:37.661+0300][2117.201s][info ][gc] GC(69505) Pause Young (Allocation Failure) 43M->43M(53M) 13.917ms
[2020-08-10T13:19:37.675+0300][2117.215s][info ][gc] GC(69506) Pause Young (Allocation Failure) 44M->44M(53M) 13.887ms
[2020-08-10T13:19:37.690+0300][2117.230s][info ][gc] GC(69507) Pause Young (Allocation Failure) 45M->45M(53M) 13.882ms
[2020-08-10T13:19:37.704+0300][2117.244s][info ][gc] GC(69508) Pause Young (Allocation Failure) 46M->46M(53M) 13.865ms
[2020-08-10T13:19:37.718+0300][2117.258s][info ][gc] GC(69509) Pause Young (Allocation Failure) 47M->47M(53M) 13.712ms
[2020-08-10T13:19:37.732+0300][2117.273s][info ][gc] GC(69510) Pause Young (Allocation Failure) 48M->48M(53M) 13.828ms
[2020-08-10T13:19:37.747+0300][2117.287s][info ][gc] GC(69511) Pause Young (Allocation Failure) 49M->49M(53M) 13.751ms
[2020-08-10T13:19:37.762+0300][2117.302s][info ][gc] GC(69512) Pause Young (Allocation Failure) 50M->50M(53M) 14.357ms
[2020-08-10T13:19:37.777+0300][2117.317s][info ][gc] GC(69513) Pause Young (Allocation Failure) 51M->51M(53M) 14.356ms
[2020-08-10T13:19:37.894+0300][2117.434s][debug][gc] GC(69514) Expanding ParOldGen from 52224K by 11264K to 63488K
[2020-08-10T13:19:37.894+0300][2117.434s][info ][gc] GC(69514) Pause Full (Ergonomics) 51M->50M(64M) 117.584ms
[2020-08-10T13:19:37.909+0300][2117.449s][info ][gc] GC(69515) Pause Young (Allocation Failure) 51M->51M(64M) 13.525ms
[2020-08-10T13:19:37.924+0300][2117.464s][info ][gc] GC(69516) Pause Young (Allocation Failure) 52M->52M(64M) 14.672ms
[2020-08-10T13:19:37.942+0300][2117.482s][info ][gc] GC(69517) Pause Young (Allocation Failure) 53M->53M(64M) 17.300ms
[2020-08-10T13:19:37.957+0300][2117.497s][info ][gc] GC(69518) Pause Young (Allocation Failure) 54M->54M(64M) 13.806ms
[2020-08-10T13:19:37.971+0300][2117.511s][info ][gc] GC(69519) Pause Young (Allocation Failure) 55M->55M(64M) 14.040ms
[2020-08-10T13:19:37.986+0300][2117.526s][info ][gc] GC(69520) Pause Young (Allocation Failure) 56M->56M(64M) 13.995ms
[2020-08-10T13:19:38.001+0300][2117.541s][info ][gc] GC(69521) Pause Young (Allocation Failure) 57M->57M(63M) 14.532ms
[2020-08-10T13:19:38.015+0300][2117.555s][info ][gc] GC(69522) Pause Young (Allocation Failure) 58M->58M(64M) 13.628ms
[2020-08-10T13:19:38.029+0300][2117.569s][info ][gc] GC(69523) Pause Young (Allocation Failure) 59M->59M(64M) 13.781ms
[2020-08-10T13:19:38.043+0300][2117.583s][info ][gc] GC(69524) Pause Young (Allocation Failure) 60M->60M(64M) 13.811ms
[2020-08-10T13:19:38.058+0300][2117.598s][info ][gc] GC(69525) Pause Young (Allocation Failure) 61M->61M(64M) 13.756ms
[2020-08-10T13:19:38.072+0300][2117.612s][info ][gc] GC(69526) Pause Young (Allocation Failure) 62M->62M(64M) 13.965ms
[2020-08-10T13:19:38.215+0300][2117.755s][debug][gc] GC(69527) Expanding ParOldGen from 63488K by 11776K to 75264K
[2020-08-10T13:19:38.215+0300][2117.755s][info ][gc] GC(69527) Pause Full (Ergonomics) 62M->61M(76M) 142.826ms
[2020-08-10T13:19:38.229+0300][2117.769s][info ][gc] GC(69528) Pause Young (Allocation Failure) 62M->62M(76M) 13.340ms
[2020-08-10T13:19:38.243+0300][2117.783s][info ][gc] GC(69529) Pause Young (Allocation Failure) 63M->63M(76M) 13.849ms
[2020-08-10T13:19:38.257+0300][2117.798s][info ][gc] GC(69530) Pause Young (Allocation Failure) 64M->64M(76M) 13.818ms
[2020-08-10T13:19:38.272+0300][2117.812s][info ][gc] GC(69531) Pause Young (Allocation Failure) 65M->65M(76M) 13.987ms
[2020-08-10T13:19:38.287+0300][2117.827s][info ][gc] GC(69532) Pause Young (Allocation Failure) 66M->66M(76M) 14.175ms
[2020-08-10T13:19:38.312+0300][2117.852s][info ][gc] GC(69533) Pause Young (Allocation Failure) 67M->67M(76M) 24.661ms
[2020-08-10T13:19:38.326+0300][2117.866s][info ][gc] GC(69534) Pause Young (Allocation Failure) 68M->68M(76M) 13.833ms
[2020-08-10T13:19:38.364+0300][2117.904s][info ][gc] GC(69535) Pause Young (Allocation Failure) 69M->69M(76M) 37.861ms
[2020-08-10T13:19:38.379+0300][2117.920s][info ][gc] GC(69536) Pause Young (Allocation Failure) 70M->70M(76M) 14.140ms
[2020-08-10T13:19:38.394+0300][2117.934s][info ][gc] GC(69537) Pause Young (Allocation Failure) 71M->71M(76M) 14.295ms
[2020-08-10T13:19:38.409+0300][2117.949s][info ][gc] GC(69538) Pause Young (Allocation Failure) 72M->72M(76M) 14.103ms
[2020-08-10T13:19:38.424+0300][2117.964s][info ][gc] GC(69539) Pause Young (Allocation Failure) 73M->73M(76M) 13.823ms
[2020-08-10T13:19:38.665+0300][2118.206s][debug][gc] GC(69540) Expanding ParOldGen from 75264K by 11264K to 86528K
[2020-08-10T13:19:38.666+0300][2118.206s][info ][gc] GC(69540) Pause Full (Ergonomics) 73M->73M(87M) 241.909ms
[2020-08-10T13:19:38.696+0300][2118.236s][info ][gc] GC(69541) Pause Young (Allocation Failure) 74M->74M(87M) 29.867ms
[2020-08-10T13:19:38.713+0300][2118.253s][info ][gc] GC(69542) Pause Young (Allocation Failure) 75M->75M(87M) 16.294ms
[2020-08-10T13:19:38.728+0300][2118.268s][info ][gc] GC(69543) Pause Young (Allocation Failure) 76M->76M(87M) 14.046ms
[2020-08-10T13:19:38.743+0300][2118.283s][info ][gc] GC(69544) Pause Young (Allocation Failure) 77M->77M(87M) 14.090ms
[2020-08-10T13:19:38.759+0300][2118.299s][info ][gc] GC(69545) Pause Young (Allocation Failure) 78M->77M(87M) 15.293ms
[2020-08-10T13:19:38.773+0300][2118.313s][info ][gc] GC(69546) Pause Young (Allocation Failure) 78M->78M(87M) 14.281ms
[2020-08-10T13:19:38.788+0300][2118.328s][info ][gc] GC(69547) Pause Young (Allocation Failure) 79M->79M(87M) 13.978ms
[2020-08-10T13:19:38.803+0300][2118.343s][info ][gc] GC(69548) Pause Young (Allocation Failure) 80M->80M(87M) 14.147ms
[2020-08-10T13:19:38.817+0300][2118.357s][info ][gc] GC(69549) Pause Young (Allocation Failure) 81M->81M(87M) 14.100ms
[2020-08-10T13:19:38.832+0300][2118.372s][info ][gc] GC(69550) Pause Young (Allocation Failure) 82M->82M(87M) 14.113ms
[2020-08-10T13:19:38.847+0300][2118.387s][info ][gc] GC(69551) Pause Young (Allocation Failure) 83M->83M(87M) 14.039ms
[2020-08-10T13:19:38.862+0300][2118.402s][info ][gc] GC(69552) Pause Young (Allocation Failure) 84M->84M(87M) 14.192ms
[2020-08-10T13:19:39.111+0300][2118.651s][debug][gc] GC(69553) Expanding ParOldGen from 86528K by 11776K to 98304K
[2020-08-10T13:19:39.111+0300][2118.651s][info ][gc] GC(69553) Pause Full (Ergonomics) 84M->84M(98M) 249.230ms
[2020-08-10T13:19:39.126+0300][2118.666s][info ][gc] GC(69554) Pause Young (Allocation Failure) 85M->85M(98M) 13.959ms
[2020-08-10T13:19:39.141+0300][2118.681s][info ][gc] GC(69555) Pause Young (Allocation Failure) 86M->86M(98M) 14.634ms
[2020-08-10T13:19:39.156+0300][2118.696s][info ][gc] GC(69556) Pause Young (Allocation Failure) 87M->87M(98M) 14.155ms
[2020-08-10T13:19:39.170+0300][2118.710s][info ][gc] GC(69557) Pause Young (Allocation Failure) 88M->88M(98M) 13.957ms
[2020-08-10T13:19:39.185+0300][2118.725s][info ][gc] GC(69558) Pause Young (Allocation Failure) 89M->89M(98M) 14.228ms
[2020-08-10T13:19:39.200+0300][2118.740s][info ][gc] GC(69559) Pause Young (Allocation Failure) 90M->90M(98M) 14.243ms
[2020-08-10T13:19:39.215+0300][2118.756s][info ][gc] GC(69560) Pause Young (Allocation Failure) 91M->91M(98M) 14.492ms
[2020-08-10T13:19:39.230+0300][2118.770s][info ][gc] GC(69561) Pause Young (Allocation Failure) 92M->92M(98M) 14.199ms
[2020-08-10T13:19:39.245+0300][2118.785s][info ][gc] GC(69562) Pause Young (Allocation Failure) 93M->93M(98M) 14.335ms
[2020-08-10T13:19:39.260+0300][2118.800s][info ][gc] GC(69563) Pause Young (Allocation Failure) 94M->93M(98M) 14.178ms
[2020-08-10T13:19:39.275+0300][2118.815s][info ][gc] GC(69564) Pause Young (Allocation Failure) 94M->94M(98M) 14.168ms
[2020-08-10T13:19:39.290+0300][2118.830s][info ][gc] GC(69565) Pause Young (Allocation Failure) 95M->95M(97M) 14.484ms
[2020-08-10T13:19:39.613+0300][2119.153s][debug][gc] GC(69566) Expanding ParOldGen from 98304K by 11264K to 109568K
[2020-08-10T13:19:39.613+0300][2119.153s][info ][gc] GC(69566) Pause Full (Ergonomics) 95M->95M(109M) 322.711ms
[2020-08-10T13:19:39.641+0300][2119.181s][info ][gc] GC(69567) Pause Young (Allocation Failure) 96M->96M(109M) 27.554ms
[2020-08-10T13:19:39.663+0300][2119.203s][info ][gc] GC(69568) Pause Young (Allocation Failure) 96M->96M(109M) 21.940ms
[2020-08-10T13:19:39.677+0300][2119.218s][info ][gc] GC(69569) Pause Young (Allocation Failure) 97M->97M(109M) 13.661ms
[2020-08-10T13:19:39.692+0300][2119.232s][info ][gc] GC(69570) Pause Young (Allocation Failure) 97M->97M(109M) 13.783ms
[2020-08-10T13:19:39.706+0300][2119.246s][info ][gc] GC(69571) Pause Young (Allocation Failure) 98M->97M(109M) 13.652ms
[2020-08-10T13:19:39.720+0300][2119.261s][info ][gc] GC(69572) Pause Young (Allocation Failure) 98M->98M(109M) 13.741ms
[2020-08-10T13:19:39.735+0300][2119.275s][info ][gc] GC(69573) Pause Young (Allocation Failure) 98M->98M(109M) 13.807ms
[2020-08-10T13:19:39.750+0300][2119.290s][info ][gc] GC(69574) Pause Young (Allocation Failure) 99M->99M(109M) 13.450ms
[2020-08-10T13:19:39.764+0300][2119.304s][info ][gc] GC(69575) Pause Young (Allocation Failure) 99M->99M(109M) 13.790ms
[2020-08-10T13:19:39.779+0300][2119.319s][info ][gc] GC(69576) Pause Young (Allocation Failure) 100M->100M(109M) 13.882ms
[2020-08-10T13:19:39.793+0300][2119.333s][info ][gc] GC(69577) Pause Young (Allocation Failure) 100M->100M(109M) 13.891ms
[2020-08-10T13:19:39.813+0300][2119.353s][info ][gc] GC(69578) Pause Young (Allocation Failure) 101M->101M(109M) 19.058ms
[2020-08-10T13:19:39.827+0300][2119.367s][info ][gc] GC(69579) Pause Young (Allocation Failure) 101M->101M(109M) 13.607ms
[2020-08-10T13:19:39.841+0300][2119.381s][info ][gc] GC(69580) Pause Young (Allocation Failure) 102M->102M(109M) 13.888ms
[2020-08-10T13:19:39.856+0300][2119.396s][info ][gc] GC(69581) Pause Young (Allocation Failure) 102M->102M(109M) 13.737ms
[2020-08-10T13:19:39.870+0300][2119.410s][info ][gc] GC(69582) Pause Young (Allocation Failure) 102M->102M(109M) 13.742ms
[2020-08-10T13:19:39.884+0300][2119.425s][info ][gc] GC(69583) Pause Young (Allocation Failure) 103M->103M(108M) 13.601ms
[2020-08-10T13:19:39.902+0300][2119.443s][info ][gc] GC(69584) Pause Young (Allocation Failure) 103M->103M(108M) 17.535ms
[2020-08-10T13:19:39.916+0300][2119.457s][info ][gc] GC(69585) Pause Young (Allocation Failure) 104M->104M(108M) 13.584ms
[2020-08-10T13:19:39.934+0300][2119.474s][info ][gc] GC(69586) Pause Young (Allocation Failure) 104M->104M(108M) 16.644ms
[2020-08-10T13:19:39.961+0300][2119.502s][info ][gc] GC(69587) Pause Young (Allocation Failure) 105M->105M(108M) 26.625ms
[2020-08-10T13:19:39.976+0300][2119.516s][info ][gc] GC(69588) Pause Young (Allocation Failure) 105M->105M(108M) 13.859ms
[2020-08-10T13:19:39.994+0300][2119.534s][info ][gc] GC(69589) Pause Young (Allocation Failure) 106M->106M(108M) 18.117ms
[2020-08-10T13:19:40.008+0300][2119.548s][info ][gc] GC(69590) Pause Young (Allocation Failure) 106M->106M(108M) 13.538ms
[2020-08-10T13:19:40.022+0300][2119.562s][info ][gc] GC(69591) Pause Young (Allocation Failure) 107M->107M(108M) 13.541ms
[2020-08-10T13:19:40.375+0300][2119.915s][debug][gc] GC(69592) Expanding ParOldGen from 109568K by 10752K to 120320K
[2020-08-10T13:19:40.375+0300][2119.915s][info ][gc] GC(69592) Pause Full (Ergonomics) 107M->106M(119M) 352.672ms
[2020-08-10T13:19:40.399+0300][2119.939s][info ][gc] GC(69593) Pause Young (Allocation Failure) 107M->107M(119M) 23.883ms
[2020-08-10T13:19:40.424+0300][2119.964s][info ][gc] GC(69594) Pause Young (Allocation Failure) 107M->107M(119M) 24.105ms
[2020-08-10T13:19:40.438+0300][2119.979s][info ][gc] GC(69595) Pause Young (Allocation Failure) 108M->108M(119M) 13.900ms
[2020-08-10T13:19:40.453+0300][2119.993s][info ][gc] GC(69596) Pause Young (Allocation Failure) 108M->108M(119M) 13.789ms
[2020-08-10T13:19:40.467+0300][2120.007s][info ][gc] GC(69597) Pause Young (Allocation Failure) 108M->108M(119M) 13.654ms
[2020-08-10T13:19:40.481+0300][2120.021s][info ][gc] GC(69598) Pause Young (Allocation Failure) 109M->109M(119M) 13.647ms
[2020-08-10T13:19:40.495+0300][2120.035s][info ][gc] GC(69599) Pause Young (Allocation Failure) 109M->109M(119M) 13.786ms
[2020-08-10T13:19:40.510+0300][2120.050s][info ][gc] GC(69600) Pause Young (Allocation Failure) 110M->110M(119M) 13.776ms
[2020-08-10T13:19:40.524+0300][2120.064s][info ][gc] GC(69601) Pause Young (Allocation Failure) 110M->110M(119M) 13.722ms
[2020-08-10T13:19:40.539+0300][2120.079s][info ][gc] GC(69602) Pause Young (Allocation Failure) 111M->111M(119M) 14.152ms
[2020-08-10T13:19:40.553+0300][2120.093s][info ][gc] GC(69603) Pause Young (Allocation Failure) 111M->111M(119M) 13.712ms
[2020-08-10T13:19:40.567+0300][2120.107s][info ][gc] GC(69604) Pause Young (Allocation Failure) 112M->112M(119M) 13.810ms
[2020-08-10T13:19:40.591+0300][2120.131s][info ][gc] GC(69605) Pause Young (Allocation Failure) 112M->112M(119M) 23.359ms
[2020-08-10T13:19:40.605+0300][2120.145s][info ][gc] GC(69606) Pause Young (Allocation Failure) 113M->113M(119M) 13.605ms
[2020-08-10T13:19:40.619+0300][2120.159s][info ][gc] GC(69607) Pause Young (Allocation Failure) 113M->113M(119M) 13.656ms
[2020-08-10T13:19:40.633+0300][2120.173s][info ][gc] GC(69608) Pause Young (Allocation Failure) 114M->114M(119M) 13.506ms
[2020-08-10T13:19:40.647+0300][2120.188s][info ][gc] GC(69609) Pause Young (Allocation Failure) 114M->114M(119M) 13.729ms
[2020-08-10T13:19:40.664+0300][2120.204s][info ][gc] GC(69610) Pause Young (Allocation Failure) 114M->114M(119M) 15.876ms
[2020-08-10T13:19:40.678+0300][2120.218s][info ][gc] GC(69611) Pause Young (Allocation Failure) 115M->115M(119M) 13.673ms
[2020-08-10T13:19:40.692+0300][2120.232s][info ][gc] GC(69612) Pause Young (Allocation Failure) 115M->115M(119M) 13.733ms
[2020-08-10T13:19:40.706+0300][2120.246s][info ][gc] GC(69613) Pause Young (Allocation Failure) 116M->116M(119M) 13.685ms
[2020-08-10T13:19:40.720+0300][2120.260s][info ][gc] GC(69614) Pause Young (Allocation Failure) 116M->116M(119M) 13.600ms
[2020-08-10T13:19:40.734+0300][2120.274s][info ][gc] GC(69615) Pause Young (Allocation Failure) 117M->117M(119M) 13.524ms
[2020-08-10T13:19:40.761+0300][2120.301s][info ][gc] GC(69616) Pause Young (Allocation Failure) 117M->117M(119M) 26.737ms
[2020-08-10T13:19:41.091+0300][2120.632s][debug][gc] GC(69617) Expanding ParOldGen from 120320K by 10752K to 131072K
[2020-08-10T13:19:41.091+0300][2120.632s][info ][gc] GC(69617) Pause Full (Ergonomics) 117M->117M(129M) 330.290ms
[2020-08-10T13:19:41.112+0300][2120.652s][info ][gc] GC(69618) Pause Young (Allocation Failure) 117M->117M(129M) 20.194ms
[2020-08-10T13:19:41.132+0300][2120.672s][info ][gc] GC(69619) Pause Young (Allocation Failure) 118M->118M(129M) 19.392ms
[2020-08-10T13:19:41.147+0300][2120.687s][info ][gc] GC(69620) Pause Young (Allocation Failure) 118M->118M(129M) 14.170ms
[2020-08-10T13:19:41.161+0300][2120.702s][info ][gc] GC(69621) Pause Young (Allocation Failure) 119M->119M(129M) 14.290ms
[2020-08-10T13:19:41.176+0300][2120.716s][info ][gc] GC(69622) Pause Young (Allocation Failure) 119M->119M(129M) 13.939ms
[2020-08-10T13:19:41.190+0300][2120.730s][info ][gc] GC(69623) Pause Young (Allocation Failure) 120M->120M(129M) 13.936ms
[2020-08-10T13:19:41.205+0300][2120.745s][info ][gc] GC(69624) Pause Young (Allocation Failure) 120M->120M(129M) 14.279ms
[2020-08-10T13:19:41.219+0300][2120.760s][info ][gc] GC(69625) Pause Young (Allocation Failure) 121M->120M(129M) 13.858ms
[2020-08-10T13:19:41.234+0300][2120.774s][info ][gc] GC(69626) Pause Young (Allocation Failure) 121M->121M(129M) 14.245ms
[2020-08-10T13:19:41.249+0300][2120.789s][info ][gc] GC(69627) Pause Young (Allocation Failure) 121M->121M(129M) 14.434ms
[2020-08-10T13:19:41.263+0300][2120.804s][info ][gc] GC(69628) Pause Young (Allocation Failure) 122M->122M(129M) 14.160ms
[2020-08-10T13:19:41.278+0300][2120.818s][info ][gc] GC(69629) Pause Young (Allocation Failure) 122M->122M(129M) 14.513ms
[2020-08-10T13:19:41.293+0300][2120.833s][info ][gc] GC(69630) Pause Young (Allocation Failure) 123M->123M(129M) 14.178ms
[2020-08-10T13:19:41.307+0300][2120.848s][info ][gc] GC(69631) Pause Young (Allocation Failure) 123M->123M(129M) 14.248ms
[2020-08-10T13:19:41.322+0300][2120.862s][info ][gc] GC(69632) Pause Young (Allocation Failure) 124M->124M(129M) 14.270ms
[2020-08-10T13:19:41.338+0300][2120.878s][info ][gc] GC(69633) Pause Young (Allocation Failure) 124M->124M(129M) 15.486ms
[2020-08-10T13:19:41.353+0300][2120.893s][info ][gc] GC(69634) Pause Young (Allocation Failure) 125M->125M(129M) 14.494ms
[2020-08-10T13:19:41.368+0300][2120.908s][info ][gc] GC(69635) Pause Young (Allocation Failure) 125M->125M(129M) 14.201ms
[2020-08-10T13:19:41.384+0300][2120.924s][info ][gc] GC(69636) Pause Young (Allocation Failure) 126M->126M(129M) 15.651ms
[2020-08-10T13:19:41.399+0300][2120.939s][info ][gc] GC(69637) Pause Young (Allocation Failure) 126M->126M(129M) 14.617ms
[2020-08-10T13:19:41.414+0300][2120.954s][info ][gc] GC(69638) Pause Young (Allocation Failure) 127M->127M(129M) 14.418ms
[2020-08-10T13:19:41.428+0300][2120.969s][info ][gc] GC(69639) Pause Young (Allocation Failure) 127M->127M(129M) 14.450ms
[2020-08-10T13:19:41.443+0300][2120.984s][info ][gc] GC(69640) Pause Young (Allocation Failure) 128M->127M(129M) 14.510ms
[2020-08-10T13:19:41.458+0300][2120.998s][info ][gc] GC(69641) Pause Young (Allocation Failure) 128M->128M(129M) 14.458ms
[2020-08-10T13:19:41.956+0300][2121.496s][debug][gc] GC(69642) Expanding ParOldGen from 131072K by 10752K to 141824K
[2020-08-10T13:19:41.956+0300][2121.496s][info ][gc] GC(69642) Pause Full (Ergonomics) 128M->127M(140M) 497.638ms
[2020-08-10T13:19:41.984+0300][2121.524s][info ][gc] GC(69643) Pause Young (Allocation Failure) 128M->128M(140M) 27.238ms
[2020-08-10T13:19:42.006+0300][2121.546s][info ][gc] GC(69644) Pause Young (Allocation Failure) 128M->128M(140M) 21.010ms
[2020-08-10T13:19:42.027+0300][2121.567s][info ][gc] GC(69645) Pause Young (Allocation Failure) 129M->129M(140M) 20.901ms
[2020-08-10T13:19:42.043+0300][2121.583s][info ][gc] GC(69646) Pause Young (Allocation Failure) 129M->129M(140M) 15.332ms
[2020-08-10T13:19:42.058+0300][2121.599s][info ][gc] GC(69647) Pause Young (Allocation Failure) 130M->130M(140M) 15.016ms
[2020-08-10T13:19:42.073+0300][2121.614s][info ][gc] GC(69648) Pause Young (Allocation Failure) 130M->130M(140M) 14.595ms
[2020-08-10T13:19:42.111+0300][2121.651s][info ][gc] GC(69649) Pause Young (Allocation Failure) 131M->131M(140M) 36.938ms
[2020-08-10T13:19:42.138+0300][2121.678s][info ][gc] GC(69650) Pause Young (Allocation Failure) 131M->131M(140M) 26.173ms
[2020-08-10T13:19:42.157+0300][2121.697s][info ][gc] GC(69651) Pause Young (Allocation Failure) 132M->132M(140M) 19.028ms
[2020-08-10T13:19:42.174+0300][2121.714s][info ][gc] GC(69652) Pause Young (Allocation Failure) 132M->132M(140M) 16.092ms
[2020-08-10T13:19:42.194+0300][2121.734s][info ][gc] GC(69653) Pause Young (Allocation Failure) 133M->132M(140M) 19.765ms
[2020-08-10T13:19:42.210+0300][2121.750s][info ][gc] GC(69654) Pause Young (Allocation Failure) 133M->133M(140M) 15.234ms
[2020-08-10T13:19:42.225+0300][2121.765s][info ][gc] GC(69655) Pause Young (Allocation Failure) 133M->133M(140M) 15.048ms
[2020-08-10T13:19:42.241+0300][2121.781s][info ][gc] GC(69656) Pause Young (Allocation Failure) 134M->134M(140M) 15.443ms
[2020-08-10T13:19:42.256+0300][2121.796s][info ][gc] GC(69657) Pause Young (Allocation Failure) 134M->134M(140M) 14.934ms
[2020-08-10T13:19:42.272+0300][2121.813s][info ][gc] GC(69658) Pause Young (Allocation Failure) 135M->135M(140M) 15.725ms
[2020-08-10T13:19:42.288+0300][2121.828s][info ][gc] GC(69659) Pause Young (Allocation Failure) 135M->135M(140M) 15.265ms
[2020-08-10T13:19:42.304+0300][2121.844s][info ][gc] GC(69660) Pause Young (Allocation Failure) 136M->136M(140M) 15.585ms
[2020-08-10T13:19:42.340+0300][2121.881s][info ][gc] GC(69661) Pause Young (Allocation Failure) 136M->136M(140M) 36.118ms
[2020-08-10T13:19:42.356+0300][2121.896s][info ][gc] GC(69662) Pause Young (Allocation Failure) 137M->137M(140M) 15.331ms
[2020-08-10T13:19:42.372+0300][2121.912s][info ][gc] GC(69663) Pause Young (Allocation Failure) 137M->137M(140M) 15.258ms
[2020-08-10T13:19:42.388+0300][2121.928s][info ][gc] GC(69664) Pause Young (Allocation Failure) 138M->138M(140M) 15.280ms
[2020-08-10T13:19:42.403+0300][2121.944s][info ][gc] GC(69665) Pause Young (Allocation Failure) 138M->138M(140M) 15.248ms
[2020-08-10T13:19:42.903+0300][2122.444s][debug][gc] GC(69666) Expanding ParOldGen from 141824K by 10752K to 152576K
[2020-08-10T13:19:42.903+0300][2122.444s][info ][gc] GC(69666) Pause Full (Ergonomics) 138M->138M(150M) 499.815ms
[2020-08-10T13:19:42.929+0300][2122.470s][info ][gc] GC(69667) Pause Young (Allocation Failure) 138M->138M(150M) 25.471ms
[2020-08-10T13:19:42.945+0300][2122.486s][info ][gc] GC(69668) Pause Young (Allocation Failure) 139M->139M(150M) 15.300ms
[2020-08-10T13:19:42.961+0300][2122.501s][info ][gc] GC(69669) Pause Young (Allocation Failure) 139M->139M(150M) 15.419ms
[2020-08-10T13:19:42.977+0300][2122.517s][info ][gc] GC(69670) Pause Young (Allocation Failure) 139M->139M(150M) 15.125ms
[2020-08-10T13:19:42.993+0300][2122.533s][info ][gc] GC(69671) Pause Young (Allocation Failure) 140M->140M(150M) 14.813ms
[2020-08-10T13:19:43.008+0300][2122.548s][info ][gc] GC(69672) Pause Young (Allocation Failure) 140M->140M(150M) 15.022ms
[2020-08-10T13:19:43.024+0300][2122.564s][info ][gc] GC(69673) Pause Young (Allocation Failure) 141M->141M(150M) 15.261ms
[2020-08-10T13:19:43.062+0300][2122.602s][info ][gc] GC(69674) Pause Young (Allocation Failure) 141M->141M(150M) 37.461ms
[2020-08-10T13:19:43.078+0300][2122.618s][info ][gc] GC(69675) Pause Young (Allocation Failure) 142M->142M(150M) 15.886ms
[2020-08-10T13:19:43.094+0300][2122.634s][info ][gc] GC(69676) Pause Young (Allocation Failure) 142M->142M(150M) 15.604ms
[2020-08-10T13:19:43.110+0300][2122.650s][info ][gc] GC(69677) Pause Young (Allocation Failure) 143M->143M(150M) 15.682ms
[2020-08-10T13:19:43.126+0300][2122.666s][info ][gc] GC(69678) Pause Young (Allocation Failure) 143M->143M(150M) 15.577ms
[2020-08-10T13:19:43.148+0300][2122.689s][info ][gc] GC(69679) Pause Young (Allocation Failure) 143M->143M(150M) 21.981ms
[2020-08-10T13:19:43.164+0300][2122.705s][info ][gc] GC(69680) Pause Young (Allocation Failure) 144M->144M(150M) 15.565ms
[2020-08-10T13:19:43.180+0300][2122.721s][info ][gc] GC(69681) Pause Young (Allocation Failure) 144M->144M(150M) 15.725ms
[2020-08-10T13:19:43.199+0300][2122.739s][info ][gc] GC(69682) Pause Young (Allocation Failure) 145M->145M(150M) 17.744ms
[2020-08-10T13:19:43.215+0300][2122.755s][info ][gc] GC(69683) Pause Young (Allocation Failure) 145M->145M(150M) 15.848ms
[2020-08-10T13:19:43.231+0300][2122.771s][info ][gc] GC(69684) Pause Young (Allocation Failure) 146M->146M(150M) 15.818ms
[2020-08-10T13:19:43.247+0300][2122.788s][info ][gc] GC(69685) Pause Young (Allocation Failure) 146M->146M(150M) 15.859ms
[2020-08-10T13:19:43.264+0300][2122.804s][info ][gc] GC(69686) Pause Young (Allocation Failure) 147M->147M(150M) 16.147ms
[2020-08-10T13:19:43.264+0300][2122.804s][debug][gc] Expanding ParOldGen from 152576K by 19968K to 172544K
[2020-08-10T13:19:43.306+0300][2122.846s][info ][gc] GC(69687) Pause Young (Allocation Failure) 166M->166M(170M) 33.145ms
[2020-08-10T13:19:43.320+0300][2122.861s][info ][gc] GC(69688) Pause Young (Allocation Failure) 167M->167M(170M) 14.018ms
[2020-08-10T13:19:43.338+0300][2122.879s][info ][gc] GC(69689) Pause Young (Allocation Failure) 167M->167M(170M) 17.303ms
[2020-08-10T13:19:43.355+0300][2122.895s][info ][gc] GC(69690) Pause Young (Allocation Failure) 168M->168M(170M) 16.085ms
[2020-08-10T13:19:43.372+0300][2122.912s][info ][gc] GC(69691) Pause Young (Allocation Failure) 168M->168M(170M) 16.305ms
[2020-08-10T13:19:43.429+0300][2122.969s][debug][gc] GC(69692) Shrinking ParOldGen from 172544K by 125952K to 46592K
[2020-08-10T13:19:43.429+0300][2122.969s][info ][gc] GC(69692) Pause Full (Ergonomics) 168M->34M(47M) 57.167ms
[2020-08-10T13:19:43.443+0300][2122.983s][info ][gc] GC(69693) Pause Young (Allocation Failure) 35M->35M(47M) 13.299ms
[2020-08-10T13:19:43.457+0300][2122.997s][info ][gc] GC(69694) Pause Young (Allocation Failure) 35M->35M(47M) 13.124ms
[2020-08-10T13:19:43.470+0300][2123.011s][info ][gc] GC(69695) Pause Young (Allocation Failure) 36M->36M(47M) 13.148ms
[2020-08-10T13:19:43.484+0300][2123.025s][info ][gc] GC(69696) Pause Young (Allocation Failure) 36M->36M(47M) 13.328ms
[2020-08-10T13:19:43.498+0300][2123.038s][info ][gc] GC(69697) Pause Young (Allocation Failure) 37M->37M(47M) 13.378ms
[2020-08-10T13:19:43.512+0300][2123.052s][info ][gc] GC(69698) Pause Young (Allocation Failure) 37M->37M(47M) 13.192ms
[2020-08-10T13:19:43.525+0300][2123.066s][info ][gc] GC(69699) Pause Young (Allocation Failure) 37M->37M(47M) 13.237ms
[2020-08-10T13:19:43.539+0300][2123.079s][info ][gc] GC(69700) Pause Young (Allocation Failure) 38M->38M(47M) 13.358ms
[2020-08-10T13:19:43.553+0300][2123.093s][info ][gc] GC(69701) Pause Young (Allocation Failure) 38M->38M(47M) 13.280ms
[2020-08-10T13:19:43.567+0300][2123.107s][info ][gc] GC(69702) Pause Young (Allocation Failure) 39M->39M(47M) 13.481ms
[2020-08-10T13:19:43.585+0300][2123.125s][info ][gc] GC(69703) Pause Young (Allocation Failure) 39M->39M(47M) 17.647ms
[2020-08-10T13:19:43.599+0300][2123.139s][info ][gc] GC(69704) Pause Young (Allocation Failure) 40M->40M(47M) 13.219ms
[2020-08-10T13:19:43.615+0300][2123.156s][info ][gc] GC(69705) Pause Young (Allocation Failure) 40M->40M(47M) 16.168ms
[2020-08-10T13:19:43.635+0300][2123.176s][info ][gc] GC(69706) Pause Young (Allocation Failure) 41M->41M(47M) 19.408ms
[2020-08-10T13:19:43.649+0300][2123.190s][info ][gc] GC(69707) Pause Young (Allocation Failure) 41M->41M(47M) 13.483ms
[2020-08-10T13:19:43.663+0300][2123.204s][info ][gc] GC(69708) Pause Young (Allocation Failure) 42M->42M(47M) 13.416ms
[2020-08-10T13:19:43.677+0300][2123.217s][info ][gc] GC(69709) Pause Young (Allocation Failure) 42M->42M(47M) 13.522ms
[2020-08-10T13:19:43.691+0300][2123.231s][info ][gc] GC(69710) Pause Young (Allocation Failure) 43M->43M(47M) 13.264ms
[2020-08-10T13:19:43.705+0300][2123.245s][info ][gc] GC(69711) Pause Young (Allocation Failure) 43M->43M(47M) 13.442ms
[2020-08-10T13:19:43.719+0300][2123.259s][info ][gc] GC(69712) Pause Young (Allocation Failure) 43M->43M(47M) 13.598ms
[2020-08-10T13:19:43.732+0300][2123.273s][info ][gc] GC(69713) Pause Young (Allocation Failure) 44M->44M(47M) 13.584ms
[2020-08-10T13:19:43.747+0300][2123.287s][info ][gc] GC(69714) Pause Young (Allocation Failure) 45M->45M(47M) 13.923ms
[2020-08-10T13:19:43.879+0300][2123.419s][debug][gc] GC(69715) Expanding ParOldGen from 46592K by 10240K to 56832K
[2020-08-10T13:19:43.879+0300][2123.419s][info ][gc] GC(69715) Pause Full (Ergonomics) 45M->44M(57M) 131.780ms
[2020-08-10T13:19:43.896+0300][2123.437s][info ][gc] GC(69716) Pause Young (Allocation Failure) 45M->45M(57M) 16.864ms
[2020-08-10T13:19:43.917+0300][2123.458s][info ][gc] GC(69717) Pause Young (Allocation Failure) 46M->46M(57M) 20.058ms
[2020-08-10T13:19:43.932+0300][2123.472s][info ][gc] GC(69718) Pause Young (Allocation Failure) 46M->46M(57M) 14.266ms
[2020-08-10T13:19:43.946+0300][2123.486s][info ][gc] GC(69719) Pause Young (Allocation Failure) 47M->47M(57M) 13.387ms
[2020-08-10T13:19:43.959+0300][2123.500s][info ][gc] GC(69720) Pause Young (Allocation Failure) 47M->47M(57M) 13.366ms
[2020-08-10T13:19:43.974+0300][2123.514s][info ][gc] GC(69721) Pause Young (Allocation Failure) 48M->48M(56M) 13.672ms
[2020-08-10T13:19:43.987+0300][2123.528s][info ][gc] GC(69722) Pause Young (Allocation Failure) 48M->48M(57M) 13.530ms
[2020-08-10T13:19:44.002+0300][2123.542s][info ][gc] GC(69723) Pause Young (Allocation Failure) 49M->49M(57M) 13.362ms
[2020-08-10T13:19:44.016+0300][2123.556s][info ][gc] GC(69724) Pause Young (Allocation Failure) 49M->49M(57M) 13.495ms
[2020-08-10T13:19:44.030+0300][2123.570s][info ][gc] GC(69725) Pause Young (Allocation Failure) 50M->50M(57M) 13.598ms
[2020-08-10T13:19:44.044+0300][2123.584s][info ][gc] GC(69726) Pause Young (Allocation Failure) 50M->50M(57M) 13.639ms
[2020-08-10T13:19:44.058+0300][2123.598s][info ][gc] GC(69727) Pause Young (Allocation Failure) 51M->51M(57M) 13.465ms
[2020-08-10T13:19:44.072+0300][2123.612s][info ][gc] GC(69728) Pause Young (Allocation Failure) 51M->51M(57M) 13.638ms
[2020-08-10T13:19:44.086+0300][2123.626s][info ][gc] GC(69729) Pause Young (Allocation Failure) 51M->51M(57M) 13.261ms
[2020-08-10T13:19:44.099+0300][2123.640s][info ][gc] GC(69730) Pause Young (Allocation Failure) 52M->52M(57M) 13.281ms
[2020-08-10T13:19:44.113+0300][2123.654s][info ][gc] GC(69731) Pause Young (Allocation Failure) 52M->52M(57M) 13.386ms
[2020-08-10T13:19:44.127+0300][2123.667s][info ][gc] GC(69732) Pause Young (Allocation Failure) 53M->53M(57M) 13.342ms
[2020-08-10T13:19:44.141+0300][2123.681s][info ][gc] GC(69733) Pause Young (Allocation Failure) 53M->53M(57M) 13.345ms
[2020-08-10T13:19:44.154+0300][2123.695s][info ][gc] GC(69734) Pause Young (Allocation Failure) 54M->54M(57M) 13.258ms
[2020-08-10T13:19:44.191+0300][2123.731s][info ][gc] GC(69735) Pause Young (Allocation Failure) 54M->54M(57M) 35.917ms
[2020-08-10T13:19:44.204+0300][2123.745s][info ][gc] GC(69736) Pause Young (Allocation Failure) 55M->55M(57M) 13.339ms
[2020-08-10T13:19:44.219+0300][2123.759s][info ][gc] GC(69737) Pause Young (Allocation Failure) 55M->55M(57M) 13.751ms
[2020-08-10T13:19:44.373+0300][2123.913s][debug][gc] GC(69738) Expanding ParOldGen from 56832K by 10752K to 67584K
[2020-08-10T13:19:44.373+0300][2123.913s][info ][gc] GC(69738) Pause Full (Ergonomics) 55M->55M(67M) 153.544ms
[2020-08-10T13:19:44.387+0300][2123.927s][info ][gc] GC(69739) Pause Young (Allocation Failure) 55M->55M(67M) 13.775ms
[2020-08-10T13:19:44.401+0300][2123.941s][info ][gc] GC(69740) Pause Young (Allocation Failure) 56M->56M(67M) 13.491ms
[2020-08-10T13:19:44.415+0300][2123.954s][info ][gc] GC(69741) Pause Young (Allocation Failure) 56M->56M(67M) 13.447ms
[2020-08-10T13:19:44.429+0300][2123.969s][info ][gc] GC(69742) Pause Young (Allocation Failure) 57M->57M(67M) 13.678ms
[2020-08-10T13:19:44.443+0300][2123.983s][info ][gc] GC(69743) Pause Young (Allocation Failure) 57M->57M(67M) 13.593ms
[2020-08-10T13:19:44.458+0300][2123.997s][info ][gc] GC(69744) Pause Young (Allocation Failure) 58M->58M(67M) 13.593ms
[2020-08-10T13:19:44.471+0300][2124.011s][info ][gc] GC(69745) Pause Young (Allocation Failure) 58M->58M(67M) 13.354ms
[2020-08-10T13:19:44.485+0300][2124.025s][info ][gc] GC(69746) Pause Young (Allocation Failure) 59M->59M(67M) 13.369ms
[2020-08-10T13:19:44.499+0300][2124.039s][info ][gc] GC(69747) Pause Young (Allocation Failure) 59M->59M(67M) 13.431ms
[2020-08-10T13:19:44.513+0300][2124.052s][info ][gc] GC(69748) Pause Young (Allocation Failure) 59M->59M(67M) 13.365ms
[2020-08-10T13:19:44.527+0300][2124.066s][info ][gc] GC(69749) Pause Young (Allocation Failure) 60M->60M(67M) 13.442ms
[2020-08-10T13:19:44.541+0300][2124.080s][info ][gc] GC(69750) Pause Young (Allocation Failure) 60M->60M(67M) 13.349ms
[2020-08-10T13:19:44.555+0300][2124.094s][info ][gc] GC(69751) Pause Young (Allocation Failure) 61M->61M(67M) 13.529ms
[2020-08-10T13:19:44.569+0300][2124.108s][info ][gc] GC(69752) Pause Young (Allocation Failure) 61M->61M(67M) 13.536ms
[2020-08-10T13:19:44.583+0300][2124.122s][info ][gc] GC(69753) Pause Young (Allocation Failure) 62M->62M(67M) 13.619ms
[2020-08-10T13:19:44.597+0300][2124.137s][info ][gc] GC(69754) Pause Young (Allocation Failure) 62M->62M(67M) 13.619ms
[2020-08-10T13:19:44.611+0300][2124.151s][info ][gc] GC(69755) Pause Young (Allocation Failure) 63M->63M(67M) 13.396ms
[2020-08-10T13:19:44.626+0300][2124.166s][info ][gc] GC(69756) Pause Young (Allocation Failure) 63M->63M(67M) 14.826ms
[2020-08-10T13:19:44.641+0300][2124.180s][info ][gc] GC(69757) Pause Young (Allocation Failure) 64M->64M(67M) 13.317ms
[2020-08-10T13:19:44.672+0300][2124.211s][info ][gc] GC(69758) Pause Young (Allocation Failure) 64M->64M(67M) 30.987ms
[2020-08-10T13:19:44.690+0300][2124.229s][info ][gc] GC(69759) Pause Young (Allocation Failure) 64M->64M(67M) 17.434ms
[2020-08-10T13:19:44.709+0300][2124.249s][info ][gc] GC(69760) Pause Young (Allocation Failure) 65M->65M(67M) 19.247ms
[2020-08-10T13:19:44.724+0300][2124.263s][info ][gc] GC(69761) Pause Young (Allocation Failure) 65M->65M(67M) 13.867ms
[2020-08-10T13:19:44.741+0300][2124.281s][info ][gc] GC(69762) Pause Young (Allocation Failure) 66M->66M(67M) 17.229ms
[2020-08-10T13:19:44.924+0300][2124.464s][debug][gc] GC(69763) Expanding ParOldGen from 67584K by 10752K to 78336K
[2020-08-10T13:19:44.925+0300][2124.464s][info ][gc] GC(69763) Pause Full (Ergonomics) 66M->65M(78M) 183.033ms
[2020-08-10T13:19:44.939+0300][2124.478s][info ][gc] GC(69764) Pause Young (Allocation Failure) 66M->66M(78M) 13.583ms
[2020-08-10T13:19:44.953+0300][2124.492s][info ][gc] GC(69765) Pause Young (Allocation Failure) 66M->66M(78M) 13.714ms
[2020-08-10T13:19:44.967+0300][2124.507s][info ][gc] GC(69766) Pause Young (Allocation Failure) 67M->67M(78M) 13.811ms
[2020-08-10T13:19:44.981+0300][2124.521s][info ][gc] GC(69767) Pause Young (Allocation Failure) 67M->67M(78M) 13.455ms
[2020-08-10T13:19:45.003+0300][2124.543s][info ][gc] GC(69768) Pause Young (Allocation Failure) 68M->68M(78M) 20.876ms
[2020-08-10T13:19:45.017+0300][2124.557s][info ][gc] GC(69769) Pause Young (Allocation Failure) 69M->69M(78M) 13.546ms
[2020-08-10T13:19:45.031+0300][2124.571s][info ][gc] GC(69770) Pause Young (Allocation Failure) 70M->70M(78M) 13.742ms
[2020-08-10T13:19:45.046+0300][2124.585s][info ][gc] GC(69771) Pause Young (Allocation Failure) 71M->71M(79M) 14.102ms
[2020-08-10T13:19:45.063+0300][2124.603s][info ][gc] GC(69772) Pause Young (Allocation Failure) 72M->72M(79M) 16.624ms
[2020-08-10T13:19:45.085+0300][2124.625s][info ][gc] GC(69773) Pause Young (Allocation Failure) 73M->73M(79M) 21.461ms
[2020-08-10T13:19:45.100+0300][2124.639s][info ][gc] GC(69774) Pause Young (Allocation Failure) 74M->74M(79M) 14.329ms
[2020-08-10T13:19:45.114+0300][2124.654s][info ][gc] GC(69775) Pause Young (Allocation Failure) 75M->75M(79M) 14.135ms
[2020-08-10T13:19:45.129+0300][2124.669s][info ][gc] GC(69776) Pause Young (Allocation Failure) 76M->76M(79M) 14.251ms
[2020-08-10T13:19:45.342+0300][2124.881s][debug][gc] GC(69777) Expanding ParOldGen from 78336K by 11264K to 89600K
[2020-08-10T13:19:45.342+0300][2124.881s][info ][gc] GC(69777) Pause Full (Ergonomics) 76M->75M(90M) 212.736ms
[2020-08-10T13:19:45.357+0300][2124.896s][info ][gc] GC(69778) Pause Young (Allocation Failure) 76M->76M(90M) 14.623ms
[2020-08-10T13:19:45.393+0300][2124.933s][info ][gc] GC(69779) Pause Young (Allocation Failure) 77M->77M(90M) 35.563ms
[2020-08-10T13:19:45.426+0300][2124.966s][info ][gc] GC(69780) Pause Young (Allocation Failure) 78M->78M(90M) 32.460ms
[2020-08-10T13:19:45.440+0300][2124.980s][info ][gc] GC(69781) Pause Young (Allocation Failure) 79M->79M(90M) 13.802ms
[2020-08-10T13:19:45.455+0300][2124.995s][info ][gc] GC(69782) Pause Young (Allocation Failure) 80M->80M(90M) 14.204ms
[2020-08-10T13:19:45.470+0300][2125.009s][info ][gc] GC(69783) Pause Young (Allocation Failure) 81M->81M(90M) 14.085ms
[2020-08-10T13:19:45.484+0300][2125.024s][info ][gc] GC(69784) Pause Young (Allocation Failure) 82M->82M(90M) 13.969ms
[2020-08-10T13:19:45.499+0300][2125.038s][info ][gc] GC(69785) Pause Young (Allocation Failure) 83M->83M(90M) 14.106ms
[2020-08-10T13:19:45.514+0300][2125.053s][info ][gc] GC(69786) Pause Young (Allocation Failure) 84M->84M(90M) 13.880ms
[2020-08-10T13:19:45.528+0300][2125.068s][info ][gc] GC(69787) Pause Young (Allocation Failure) 85M->85M(90M) 14.076ms
[2020-08-10T13:19:45.551+0300][2125.091s][info ][gc] GC(69788) Pause Young (Allocation Failure) 86M->86M(90M) 22.337ms
[2020-08-10T13:19:45.571+0300][2125.110s][info ][gc] GC(69789) Pause Young (Allocation Failure) 87M->87M(90M) 18.916ms
[2020-08-10T13:19:45.827+0300][2125.367s][debug][gc] GC(69790) Expanding ParOldGen from 89600K by 11264K to 100864K
[2020-08-10T13:19:45.827+0300][2125.367s][info ][gc] GC(69790) Pause Full (Ergonomics) 87M->86M(101M) 256.650ms
[2020-08-10T13:19:45.842+0300][2125.381s][info ][gc] GC(69791) Pause Young (Allocation Failure) 87M->87M(101M) 13.675ms
[2020-08-10T13:19:45.856+0300][2125.396s][info ][gc] GC(69792) Pause Young (Allocation Failure) 88M->88M(101M) 13.896ms
[2020-08-10T13:19:45.871+0300][2125.410s][info ][gc] GC(69793) Pause Young (Allocation Failure) 89M->89M(101M) 13.991ms
[2020-08-10T13:19:45.896+0300][2125.436s][info ][gc] GC(69794) Pause Young (Allocation Failure) 90M->90M(101M) 25.375ms
[2020-08-10T13:19:45.911+0300][2125.450s][info ][gc] GC(69795) Pause Young (Allocation Failure) 91M->91M(101M) 13.989ms
[2020-08-10T13:19:45.926+0300][2125.465s][info ][gc] GC(69796) Pause Young (Allocation Failure) 92M->92M(101M) 14.167ms
[2020-08-10T13:19:45.944+0300][2125.483s][info ][gc] GC(69797) Pause Young (Allocation Failure) 93M->93M(101M) 17.522ms
[2020-08-10T13:19:45.958+0300][2125.498s][info ][gc] GC(69798) Pause Young (Allocation Failure) 94M->94M(101M) 14.172ms
[2020-08-10T13:19:45.974+0300][2125.513s][info ][gc] GC(69799) Pause Young (Allocation Failure) 95M->95M(101M) 15.152ms
[2020-08-10T13:19:46.003+0300][2125.542s][info ][gc] GC(69800) Pause Young (Allocation Failure) 96M->96M(101M) 28.268ms
[2020-08-10T13:19:46.041+0300][2125.581s][info ][gc] GC(69801) Pause Young (Allocation Failure) 97M->97M(101M) 37.728ms
[2020-08-10T13:19:46.068+0300][2125.607s][info ][gc] GC(69802) Pause Young (Allocation Failure) 98M->98M(101M) 25.428ms
[2020-08-10T13:19:46.319+0300][2125.859s][debug][gc] GC(69803) Expanding ParOldGen from 100864K by 11264K to 112128K
[2020-08-10T13:19:46.320+0300][2125.859s][info ][gc] GC(69803) Pause Full (Ergonomics) 98M->97M(112M) 251.500ms
[2020-08-10T13:19:46.336+0300][2125.876s][info ][gc] GC(69804) Pause Young (Allocation Failure) 98M->98M(112M) 16.468ms
[2020-08-10T13:19:46.352+0300][2125.891s][info ][gc] GC(69805) Pause Young (Allocation Failure) 99M->99M(112M) 14.551ms
[2020-08-10T13:19:46.367+0300][2125.906s][info ][gc] GC(69806) Pause Young (Allocation Failure) 100M->100M(112M) 14.428ms
[2020-08-10T13:19:46.382+0300][2125.921s][info ][gc] GC(69807) Pause Young (Allocation Failure) 101M->101M(112M) 14.628ms
[2020-08-10T13:19:46.397+0300][2125.936s][info ][gc] GC(69808) Pause Young (Allocation Failure) 102M->102M(112M) 14.617ms
[2020-08-10T13:19:46.416+0300][2125.956s][info ][gc] GC(69809) Pause Young (Allocation Failure) 103M->103M(112M) 18.703ms
[2020-08-10T13:19:46.432+0300][2125.971s][info ][gc] GC(69810) Pause Young (Allocation Failure) 104M->104M(112M) 14.953ms
[2020-08-10T13:19:46.447+0300][2125.986s][info ][gc] GC(69811) Pause Young (Allocation Failure) 105M->105M(112M) 14.679ms
[2020-08-10T13:19:46.462+0300][2126.002s][info ][gc] GC(69812) Pause Young (Allocation Failure) 106M->106M(112M) 14.884ms
[2020-08-10T13:19:46.478+0300][2126.017s][info ][gc] GC(69813) Pause Young (Allocation Failure) 107M->107M(112M) 14.879ms
[2020-08-10T13:19:46.493+0300][2126.033s][info ][gc] GC(69814) Pause Young (Allocation Failure) 108M->108M(112M) 15.014ms
[2020-08-10T13:19:46.532+0300][2126.072s][info ][gc] GC(69815) Pause Young (Allocation Failure) 109M->109M(112M) 37.918ms
[2020-08-10T13:19:46.548+0300][2126.087s][info ][gc] GC(69816) Pause Young (Allocation Failure) 110M->110M(112M) 15.052ms
[2020-08-10T13:19:46.860+0300][2126.400s][debug][gc] GC(69817) Expanding ParOldGen from 112128K by 11264K to 123392K
[2020-08-10T13:19:46.860+0300][2126.400s][info ][gc] GC(69817) Pause Full (Ergonomics) 110M->109M(123M) 312.336ms
[2020-08-10T13:19:46.899+0300][2126.439s][info ][gc] GC(69818) Pause Young (Allocation Failure) 110M->110M(123M) 38.392ms
[2020-08-10T13:19:46.915+0300][2126.455s][info ][gc] GC(69819) Pause Young (Allocation Failure) 111M->111M(123M) 15.711ms
[2020-08-10T13:19:46.947+0300][2126.487s][info ][gc] GC(69820) Pause Young (Allocation Failure) 112M->112M(123M) 31.350ms
[2020-08-10T13:19:46.970+0300][2126.510s][info ][gc] GC(69821) Pause Young (Allocation Failure) 113M->113M(123M) 22.878ms
[2020-08-10T13:19:47.000+0300][2126.540s][info ][gc] GC(69822) Pause Young (Allocation Failure) 114M->114M(123M) 29.029ms
[2020-08-10T13:19:47.017+0300][2126.557s][info ][gc] GC(69823) Pause Young (Allocation Failure) 115M->115M(123M) 16.638ms
[2020-08-10T13:19:47.034+0300][2126.574s][info ][gc] GC(69824) Pause Young (Allocation Failure) 116M->116M(123M) 16.600ms
[2020-08-10T13:19:47.052+0300][2126.591s][info ][gc] GC(69825) Pause Young (Allocation Failure) 117M->117M(123M) 16.670ms
[2020-08-10T13:19:47.069+0300][2126.609s][info ][gc] GC(69826) Pause Young (Allocation Failure) 118M->118M(123M) 16.697ms
[2020-08-10T13:19:47.087+0300][2126.626s][info ][gc] GC(69827) Pause Young (Allocation Failure) 119M->119M(123M) 16.878ms
[2020-08-10T13:19:47.103+0300][2126.643s][info ][gc] GC(69828) Pause Young (Allocation Failure) 120M->120M(123M) 16.446ms
[2020-08-10T13:19:47.134+0300][2126.673s][info ][gc] GC(69829) Pause Young (Allocation Failure) 121M->121M(123M) 30.054ms
[2020-08-10T13:19:47.561+0300][2127.100s][debug][gc] GC(69830) Expanding ParOldGen from 123392K by 11264K to 134656K
[2020-08-10T13:19:47.561+0300][2127.100s][info ][gc] GC(69830) Pause Full (Ergonomics) 121M->120M(134M) 426.815ms
[2020-08-10T13:19:47.606+0300][2127.145s][info ][gc] GC(69831) Pause Young (Allocation Failure) 121M->121M(134M) 44.298ms
[2020-08-10T13:19:47.624+0300][2127.163s][info ][gc] GC(69832) Pause Young (Allocation Failure) 122M->122M(134M) 17.481ms
[2020-08-10T13:19:47.642+0300][2127.182s][info ][gc] GC(69833) Pause Young (Allocation Failure) 123M->123M(134M) 17.610ms
[2020-08-10T13:19:47.660+0300][2127.200s][info ][gc] GC(69834) Pause Young (Allocation Failure) 124M->124M(134M) 17.599ms
[2020-08-10T13:19:47.679+0300][2127.218s][info ][gc] GC(69835) Pause Young (Allocation Failure) 125M->125M(134M) 17.730ms
[2020-08-10T13:19:47.697+0300][2127.237s][info ][gc] GC(69836) Pause Young (Allocation Failure) 126M->126M(134M) 17.307ms
[2020-08-10T13:19:47.715+0300][2127.255s][info ][gc] GC(69837) Pause Young (Allocation Failure) 127M->127M(134M) 17.380ms
[2020-08-10T13:19:47.734+0300][2127.273s][info ][gc] GC(69838) Pause Young (Allocation Failure) 128M->128M(134M) 17.689ms
[2020-08-10T13:19:47.752+0300][2127.291s][info ][gc] GC(69839) Pause Young (Allocation Failure) 129M->129M(134M) 17.774ms
[2020-08-10T13:19:47.770+0300][2127.310s][info ][gc] GC(69840) Pause Young (Allocation Failure) 130M->130M(134M) 17.950ms
[2020-08-10T13:19:47.790+0300][2127.330s][info ][gc] GC(69841) Pause Young (Allocation Failure) 131M->131M(134M) 19.671ms
[2020-08-10T13:19:47.809+0300][2127.349s][info ][gc] GC(69842) Pause Young (Allocation Failure) 132M->132M(134M) 18.036ms
[2020-08-10T13:19:48.308+0300][2127.848s][debug][gc] GC(69843) Expanding ParOldGen from 134656K by 11776K to 146432K
[2020-08-10T13:19:48.308+0300][2127.848s][info ][gc] GC(69843) Pause Full (Ergonomics) 132M->131M(145M) 499.169ms
[2020-08-10T13:19:48.355+0300][2127.895s][info ][gc] GC(69844) Pause Young (Allocation Failure) 132M->132M(145M) 46.654ms
[2020-08-10T13:19:48.375+0300][2127.915s][info ][gc] GC(69845) Pause Young (Allocation Failure) 133M->133M(145M) 18.870ms
[2020-08-10T13:19:48.394+0300][2127.934s][info ][gc] GC(69846) Pause Young (Allocation Failure) 134M->134M(145M) 18.501ms
[2020-08-10T13:19:48.442+0300][2127.982s][info ][gc] GC(69847) Pause Young (Allocation Failure) 135M->135M(145M) 47.106ms
[2020-08-10T13:19:48.461+0300][2128.001s][info ][gc] GC(69848) Pause Young (Allocation Failure) 136M->136M(145M) 18.607ms
[2020-08-10T13:19:48.498+0300][2128.037s][info ][gc] GC(69849) Pause Young (Allocation Failure) 137M->137M(145M) 35.663ms
[2020-08-10T13:19:48.524+0300][2128.064s][info ][gc] GC(69850) Pause Young (Allocation Failure) 138M->138M(145M) 25.952ms
[2020-08-10T13:19:48.543+0300][2128.083s][info ][gc] GC(69851) Pause Young (Allocation Failure) 139M->139M(145M) 18.714ms
[2020-08-10T13:19:48.589+0300][2128.129s][info ][gc] GC(69852) Pause Young (Allocation Failure) 140M->140M(145M) 45.147ms
[2020-08-10T13:19:48.609+0300][2128.148s][info ][gc] GC(69853) Pause Young (Allocation Failure) 141M->141M(145M) 18.979ms
[2020-08-10T13:19:48.628+0300][2128.167s][info ][gc] GC(69854) Pause Young (Allocation Failure) 142M->142M(145M) 18.772ms
[2020-08-10T13:19:48.657+0300][2128.197s][info ][gc] GC(69855) Pause Young (Allocation Failure) 143M->143M(145M) 28.686ms
[2020-08-10T13:19:49.207+0300][2128.746s][debug][gc] GC(69856) Expanding ParOldGen from 146432K by 11264K to 157696K
[2020-08-10T13:19:49.207+0300][2128.747s][info ][gc] GC(69856) Pause Full (Ergonomics) 143M->143M(156M) 549.858ms
[2020-08-10T13:19:49.257+0300][2128.796s][info ][gc] GC(69857) Pause Young (Allocation Failure) 144M->144M(156M) 49.055ms
[2020-08-10T13:19:49.277+0300][2128.816s][info ][gc] GC(69858) Pause Young (Allocation Failure) 145M->144M(156M) 19.200ms
[2020-08-10T13:19:49.296+0300][2128.836s][info ][gc] GC(69859) Pause Young (Allocation Failure) 145M->145M(156M) 19.168ms
[2020-08-10T13:19:49.316+0300][2128.856s][info ][gc] GC(69860) Pause Young (Allocation Failure) 146M->146M(156M) 19.236ms
[2020-08-10T13:19:49.317+0300][2128.856s][debug][gc] Expanding ParOldGen from 157696K by 19968K to 177664K
[2020-08-10T13:19:49.344+0300][2128.884s][info ][gc] GC(69861) Pause Young (Allocation Failure) 166M->166M(176M) 19.555ms
[2020-08-10T13:19:49.360+0300][2128.900s][info ][gc] GC(69862) Pause Young (Allocation Failure) 167M->167M(176M) 15.332ms
[2020-08-10T13:19:49.380+0300][2128.920s][info ][gc] GC(69863) Pause Young (Allocation Failure) 168M->168M(176M) 19.436ms
[2020-08-10T13:19:49.400+0300][2128.940s][info ][gc] GC(69864) Pause Young (Allocation Failure) 169M->169M(176M) 19.388ms
[2020-08-10T13:19:49.422+0300][2128.962s][info ][gc] GC(69865) Pause Young (Allocation Failure) 170M->170M(176M) 21.438ms
[2020-08-10T13:19:49.439+0300][2128.978s][info ][gc] GC(69866) Pause Young (Allocation Failure) 171M->171M(176M) 16.087ms
[2020-08-10T13:19:49.455+0300][2128.995s][info ][gc] GC(69867) Pause Young (Allocation Failure) 172M->172M(176M) 15.891ms
[2020-08-10T13:19:49.472+0300][2129.012s][info ][gc] GC(69868) Pause Young (Allocation Failure) 173M->173M(176M) 16.838ms
[2020-08-10T13:19:49.567+0300][2129.107s][debug][gc] GC(69869) Shrinking ParOldGen from 177664K by 124928K to 52736K
[2020-08-10T13:19:49.567+0300][2129.107s][info ][gc] GC(69869) Pause Full (Ergonomics) 173M->40M(54M) 94.813ms
[2020-08-10T13:19:49.599+0300][2129.138s][info ][gc] GC(69870) Pause Young (Allocation Failure) 41M->41M(54M) 30.565ms
[2020-08-10T13:19:49.613+0300][2129.153s][info ][gc] GC(69871) Pause Young (Allocation Failure) 42M->41M(54M) 13.773ms
[2020-08-10T13:19:49.628+0300][2129.167s][info ][gc] GC(69872) Pause Young (Allocation Failure) 42M->42M(54M) 14.083ms
[2020-08-10T13:19:49.647+0300][2129.186s][info ][gc] GC(69873) Pause Young (Allocation Failure) 43M->43M(54M) 18.376ms
[2020-08-10T13:19:49.661+0300][2129.201s][info ][gc] GC(69874) Pause Young (Allocation Failure) 44M->44M(54M) 14.048ms
[2020-08-10T13:19:49.676+0300][2129.216s][info ][gc] GC(69875) Pause Young (Allocation Failure) 45M->45M(54M) 13.908ms
[2020-08-10T13:19:49.691+0300][2129.230s][info ][gc] GC(69876) Pause Young (Allocation Failure) 46M->46M(54M) 14.086ms
[2020-08-10T13:19:49.705+0300][2129.245s][info ][gc] GC(69877) Pause Young (Allocation Failure) 47M->47M(54M) 14.036ms
[2020-08-10T13:19:49.720+0300][2129.260s][info ][gc] GC(69878) Pause Young (Allocation Failure) 48M->48M(54M) 14.040ms
[2020-08-10T13:19:49.735+0300][2129.274s][info ][gc] GC(69879) Pause Young (Allocation Failure) 49M->49M(54M) 14.077ms
[2020-08-10T13:19:49.749+0300][2129.289s][info ][gc] GC(69880) Pause Young (Allocation Failure) 50M->50M(54M) 14.099ms
[2020-08-10T13:19:49.764+0300][2129.304s][info ][gc] GC(69881) Pause Young (Allocation Failure) 51M->51M(54M) 14.193ms
[2020-08-10T13:19:49.934+0300][2129.473s][debug][gc] GC(69882) Expanding ParOldGen from 52736K by 11264K to 64000K
[2020-08-10T13:19:49.934+0300][2129.473s][info ][gc] GC(69882) Pause Full (Ergonomics) 51M->50M(65M) 169.446ms
[2020-08-10T13:19:49.948+0300][2129.488s][info ][gc] GC(69883) Pause Young (Allocation Failure) 51M->51M(65M) 13.606ms
[2020-08-10T13:19:49.962+0300][2129.502s][info ][gc] GC(69884) Pause Young (Allocation Failure) 52M->52M(65M) 13.900ms
[2020-08-10T13:19:49.977+0300][2129.516s][info ][gc] GC(69885) Pause Young (Allocation Failure) 53M->53M(65M) 13.886ms
[2020-08-10T13:19:49.991+0300][2129.531s][info ][gc] GC(69886) Pause Young (Allocation Failure) 54M->54M(65M) 13.892ms
[2020-08-10T13:19:50.006+0300][2129.545s][info ][gc] GC(69887) Pause Young (Allocation Failure) 55M->55M(65M) 14.024ms
[2020-08-10T13:19:50.020+0300][2129.560s][info ][gc] GC(69888) Pause Young (Allocation Failure) 56M->56M(64M) 14.028ms
[2020-08-10T13:19:50.035+0300][2129.574s][info ][gc] GC(69889) Pause Young (Allocation Failure) 57M->57M(64M) 13.800ms
[2020-08-10T13:19:50.049+0300][2129.589s][info ][gc] GC(69890) Pause Young (Allocation Failure) 58M->58M(64M) 13.860ms
[2020-08-10T13:19:50.063+0300][2129.603s][info ][gc] GC(69891) Pause Young (Allocation Failure) 59M->59M(64M) 13.884ms
[2020-08-10T13:19:50.078+0300][2129.617s][info ][gc] GC(69892) Pause Young (Allocation Failure) 60M->60M(64M) 14.044ms
[2020-08-10T13:19:50.092+0300][2129.631s][info ][gc] GC(69893) Pause Young (Allocation Failure) 61M->61M(64M) 13.694ms
[2020-08-10T13:19:50.106+0300][2129.646s][info ][gc] GC(69894) Pause Young (Allocation Failure) 62M->62M(64M) 13.915ms
[2020-08-10T13:19:50.295+0300][2129.834s][debug][gc] GC(69895) Expanding ParOldGen from 64000K by 11264K to 75264K
[2020-08-10T13:19:50.295+0300][2129.834s][info ][gc] GC(69895) Pause Full (Ergonomics) 62M->62M(75M) 188.091ms
[2020-08-10T13:19:50.322+0300][2129.862s][info ][gc] GC(69896) Pause Young (Allocation Failure) 63M->63M(75M) 26.199ms
[2020-08-10T13:19:50.343+0300][2129.883s][info ][gc] GC(69897) Pause Young (Allocation Failure) 64M->64M(75M) 20.786ms
[2020-08-10T13:19:50.360+0300][2129.899s][info ][gc] GC(69898) Pause Young (Allocation Failure) 65M->65M(75M) 15.815ms
[2020-08-10T13:19:50.383+0300][2129.922s][info ][gc] GC(69899) Pause Young (Allocation Failure) 66M->66M(75M) 22.209ms
[2020-08-10T13:19:50.397+0300][2129.937s][info ][gc] GC(69900) Pause Young (Allocation Failure) 67M->67M(75M) 13.942ms
[2020-08-10T13:19:50.412+0300][2129.951s][info ][gc] GC(69901) Pause Young (Allocation Failure) 68M->67M(75M) 13.966ms
[2020-08-10T13:19:50.437+0300][2129.976s][info ][gc] GC(69902) Pause Young (Allocation Failure) 68M->68M(75M) 24.604ms
[2020-08-10T13:19:50.452+0300][2129.992s][info ][gc] GC(69903) Pause Young (Allocation Failure) 69M->69M(75M) 14.507ms
[2020-08-10T13:19:50.466+0300][2130.006s][info ][gc] GC(69904) Pause Young (Allocation Failure) 70M->70M(75M) 13.916ms
[2020-08-10T13:19:50.481+0300][2130.021s][info ][gc] GC(69905) Pause Young (Allocation Failure) 71M->71M(75M) 14.096ms
[2020-08-10T13:19:50.495+0300][2130.035s][info ][gc] GC(69906) Pause Young (Allocation Failure) 72M->72M(75M) 13.861ms
[2020-08-10T13:19:50.526+0300][2130.065s][info ][gc] GC(69907) Pause Young (Allocation Failure) 73M->73M(75M) 29.855ms
[2020-08-10T13:19:50.714+0300][2130.253s][debug][gc] GC(69908) Expanding ParOldGen from 75264K by 11264K to 86528K
[2020-08-10T13:19:50.714+0300][2130.253s][info ][gc] GC(69908) Pause Full (Ergonomics) 73M->73M(86M) 187.911ms
[2020-08-10T13:19:50.727+0300][2130.267s][info ][gc] GC(69909) Pause Young (Allocation Failure) 74M->74M(86M) 13.360ms
[2020-08-10T13:19:50.742+0300][2130.282s][info ][gc] GC(69910) Pause Young (Allocation Failure) 75M->75M(86M) 13.827ms
[2020-08-10T13:19:50.756+0300][2130.296s][info ][gc] GC(69911) Pause Young (Allocation Failure) 76M->76M(86M) 13.865ms
[2020-08-10T13:19:50.771+0300][2130.310s][info ][gc] GC(69912) Pause Young (Allocation Failure) 77M->77M(86M) 14.144ms
[2020-08-10T13:19:50.785+0300][2130.325s][info ][gc] GC(69913) Pause Young (Allocation Failure) 78M->78M(86M) 14.060ms
[2020-08-10T13:19:50.800+0300][2130.340s][info ][gc] GC(69914) Pause Young (Allocation Failure) 79M->79M(86M) 14.031ms
[2020-08-10T13:19:50.816+0300][2130.356s][info ][gc] GC(69915) Pause Young (Allocation Failure) 80M->80M(86M) 15.437ms
[2020-08-10T13:19:50.831+0300][2130.370s][info ][gc] GC(69916) Pause Young (Allocation Failure) 81M->81M(86M) 13.933ms
[2020-08-10T13:19:50.845+0300][2130.385s][info ][gc] GC(69917) Pause Young (Allocation Failure) 82M->81M(86M) 14.058ms
[2020-08-10T13:19:50.859+0300][2130.399s][info ][gc] GC(69918) Pause Young (Allocation Failure) 82M->82M(86M) 14.053ms
[2020-08-10T13:19:50.874+0300][2130.414s][info ][gc] GC(69919) Pause Young (Allocation Failure) 83M->83M(86M) 13.977ms
[2020-08-10T13:19:50.889+0300][2130.428s][info ][gc] GC(69920) Pause Young (Allocation Failure) 84M->84M(86M) 14.209ms
[2020-08-10T13:19:51.182+0300][2130.722s][debug][gc] GC(69921) Expanding ParOldGen from 86528K by 11264K to 97792K
[2020-08-10T13:19:51.182+0300][2130.722s][info ][gc] GC(69921) Pause Full (Ergonomics) 84M->84M(97M) 293.218ms
[2020-08-10T13:19:51.231+0300][2130.770s][info ][gc] GC(69922) Pause Young (Allocation Failure) 85M->85M(97M) 47.717ms
[2020-08-10T13:19:51.267+0300][2130.807s][info ][gc] GC(69923) Pause Young (Allocation Failure) 86M->86M(97M) 36.225ms
[2020-08-10T13:19:51.282+0300][2130.822s][info ][gc] GC(69924) Pause Young (Allocation Failure) 87M->87M(97M) 14.352ms
[2020-08-10T13:19:51.318+0300][2130.858s][info ][gc] GC(69925) Pause Young (Allocation Failure) 88M->88M(97M) 35.181ms
[2020-08-10T13:19:51.333+0300][2130.873s][info ][gc] GC(69926) Pause Young (Allocation Failure) 89M->89M(97M) 14.489ms
[2020-08-10T13:19:51.349+0300][2130.888s][info ][gc] GC(69927) Pause Young (Allocation Failure) 90M->90M(97M) 14.471ms
[2020-08-10T13:19:51.365+0300][2130.904s][info ][gc] GC(69928) Pause Young (Allocation Failure) 91M->91M(97M) 15.453ms
[2020-08-10T13:19:51.380+0300][2130.920s][info ][gc] GC(69929) Pause Young (Allocation Failure) 92M->92M(97M) 14.223ms
[2020-08-10T13:19:51.395+0300][2130.935s][info ][gc] GC(69930) Pause Young (Allocation Failure) 93M->93M(97M) 14.269ms
[2020-08-10T13:19:51.410+0300][2130.950s][info ][gc] GC(69931) Pause Young (Allocation Failure) 94M->94M(97M) 14.385ms
[2020-08-10T13:19:51.436+0300][2130.975s][info ][gc] GC(69932) Pause Young (Allocation Failure) 95M->95M(97M) 25.034ms
[2020-08-10T13:19:51.450+0300][2130.990s][info ][gc] GC(69933) Pause Young (Allocation Failure) 96M->96M(97M) 14.474ms
[2020-08-10T13:19:51.786+0300][2131.325s][debug][gc] GC(69934) Expanding ParOldGen from 97792K by 11264K to 109056K
[2020-08-10T13:19:51.786+0300][2131.325s][info ][gc] GC(69934) Pause Full (Ergonomics) 96M->95M(108M) 335.103ms
[2020-08-10T13:19:51.852+0300][2131.391s][info ][gc] GC(69935) Pause Young (Allocation Failure) 96M->96M(108M) 64.974ms
[2020-08-10T13:19:51.867+0300][2131.407s][info ][gc] GC(69936) Pause Young (Allocation Failure) 97M->97M(108M) 14.633ms
[2020-08-10T13:19:51.883+0300][2131.422s][info ][gc] GC(69937) Pause Young (Allocation Failure) 98M->98M(108M) 14.863ms
[2020-08-10T13:19:51.902+0300][2131.442s][info ][gc] GC(69938) Pause Young (Allocation Failure) 99M->99M(108M) 18.731ms
[2020-08-10T13:19:51.917+0300][2131.457s][info ][gc] GC(69939) Pause Young (Allocation Failure) 100M->100M(108M) 15.047ms
[2020-08-10T13:19:51.933+0300][2131.473s][info ][gc] GC(69940) Pause Young (Allocation Failure) 101M->101M(108M) 15.456ms
[2020-08-10T13:19:51.949+0300][2131.489s][info ][gc] GC(69941) Pause Young (Allocation Failure) 102M->102M(108M) 15.309ms
[2020-08-10T13:19:51.980+0300][2131.519s][info ][gc] GC(69942) Pause Young (Allocation Failure) 103M->103M(108M) 29.861ms
[2020-08-10T13:19:51.996+0300][2131.536s][info ][gc] GC(69943) Pause Young (Allocation Failure) 104M->104M(108M) 15.781ms
[2020-08-10T13:19:52.013+0300][2131.553s][info ][gc] GC(69944) Pause Young (Allocation Failure) 105M->105M(108M) 16.218ms
[2020-08-10T13:19:52.029+0300][2131.569s][info ][gc] GC(69945) Pause Young (Allocation Failure) 106M->106M(108M) 15.729ms
[2020-08-10T13:19:52.044+0300][2131.584s][info ][gc] GC(69946) Pause Young (Allocation Failure) 106M->106M(108M) 14.282ms
[2020-08-10T13:19:52.344+0300][2131.884s][debug][gc] GC(69947) Expanding ParOldGen from 109056K by 11776K to 120832K
[2020-08-10T13:19:52.344+0300][2131.884s][info ][gc] GC(69947) Pause Full (Ergonomics) 106M->106M(120M) 300.252ms
[2020-08-10T13:19:52.358+0300][2131.898s][info ][gc] GC(69948) Pause Young (Allocation Failure) 106M->106M(120M) 13.207ms
[2020-08-10T13:19:52.372+0300][2131.912s][info ][gc] GC(69949) Pause Young (Allocation Failure) 107M->107M(120M) 13.418ms
[2020-08-10T13:19:52.386+0300][2131.926s][info ][gc] GC(69950) Pause Young (Allocation Failure) 107M->107M(120M) 13.423ms
[2020-08-10T13:19:52.400+0300][2131.940s][info ][gc] GC(69951) Pause Young (Allocation Failure) 108M->108M(120M) 13.452ms
[2020-08-10T13:19:52.414+0300][2131.954s][info ][gc] GC(69952) Pause Young (Allocation Failure) 108M->108M(120M) 13.447ms
[2020-08-10T13:19:52.446+0300][2131.986s][info ][gc] GC(69953) Pause Young (Allocation Failure) 109M->109M(120M) 31.226ms
[2020-08-10T13:19:52.460+0300][2132.000s][info ][gc] GC(69954) Pause Young (Allocation Failure) 109M->109M(120M) 13.812ms
[2020-08-10T13:19:52.480+0300][2132.020s][info ][gc] GC(69955) Pause Young (Allocation Failure) 110M->110M(120M) 19.523ms
[2020-08-10T13:19:52.498+0300][2132.038s][info ][gc] GC(69956) Pause Young (Allocation Failure) 110M->110M(120M) 17.127ms
[2020-08-10T13:19:52.513+0300][2132.053s][info ][gc] GC(69957) Pause Young (Allocation Failure) 111M->111M(120M) 14.792ms
[2020-08-10T13:19:52.538+0300][2132.078s][info ][gc] GC(69958) Pause Young (Allocation Failure) 111M->111M(120M) 24.348ms
[2020-08-10T13:19:52.554+0300][2132.094s][info ][gc] GC(69959) Pause Young (Allocation Failure) 112M->112M(120M) 15.290ms
[2020-08-10T13:19:52.569+0300][2132.109s][info ][gc] GC(69960) Pause Young (Allocation Failure) 112M->112M(120M) 14.284ms
[2020-08-10T13:19:52.585+0300][2132.125s][info ][gc] GC(69961) Pause Young (Allocation Failure) 112M->112M(120M) 15.817ms
[2020-08-10T13:19:52.600+0300][2132.139s][info ][gc] GC(69962) Pause Young (Allocation Failure) 113M->113M(120M) 13.634ms
[2020-08-10T13:19:52.614+0300][2132.153s][info ][gc] GC(69963) Pause Young (Allocation Failure) 113M->113M(119M) 13.802ms
[2020-08-10T13:19:52.631+0300][2132.171s][info ][gc] GC(69964) Pause Young (Allocation Failure) 114M->114M(119M) 17.182ms
[2020-08-10T13:19:52.645+0300][2132.185s][info ][gc] GC(69965) Pause Young (Allocation Failure) 114M->114M(119M) 13.748ms
[2020-08-10T13:19:52.659+0300][2132.199s][info ][gc] GC(69966) Pause Young (Allocation Failure) 115M->115M(119M) 13.676ms
[2020-08-10T13:19:52.674+0300][2132.213s][info ][gc] GC(69967) Pause Young (Allocation Failure) 115M->115M(119M) 13.689ms
[2020-08-10T13:19:52.687+0300][2132.227s][info ][gc] GC(69968) Pause Young (Allocation Failure) 116M->116M(119M) 13.580ms
[2020-08-10T13:19:52.701+0300][2132.241s][info ][gc] GC(69969) Pause Young (Allocation Failure) 116M->116M(119M) 13.611ms
[2020-08-10T13:19:52.716+0300][2132.255s][info ][gc] GC(69970) Pause Young (Allocation Failure) 117M->117M(119M) 13.693ms
[2020-08-10T13:19:52.729+0300][2132.269s][info ][gc] GC(69971) Pause Young (Allocation Failure) 117M->117M(119M) 13.557ms
[2020-08-10T13:19:52.744+0300][2132.283s][info ][gc] GC(69972) Pause Young (Allocation Failure) 117M->117M(119M) 13.674ms
[2020-08-10T13:19:53.092+0300][2132.632s][debug][gc] GC(69973) Expanding ParOldGen from 120832K by 10752K to 131584K
[2020-08-10T13:19:53.093+0300][2132.632s][info ][gc] GC(69973) Pause Full (Ergonomics) 117M->117M(130M) 348.939ms
[2020-08-10T13:19:53.106+0300][2132.646s][info ][gc] GC(69974) Pause Young (Allocation Failure) 117M->117M(130M) 13.381ms
[2020-08-10T13:19:53.132+0300][2132.672s][info ][gc] GC(69975) Pause Young (Allocation Failure) 118M->118M(130M) 25.403ms
[2020-08-10T13:19:53.147+0300][2132.686s][info ][gc] GC(69976) Pause Young (Allocation Failure) 118M->118M(130M) 13.920ms
[2020-08-10T13:19:53.161+0300][2132.701s][info ][gc] GC(69977) Pause Young (Allocation Failure) 119M->119M(130M) 14.011ms
[2020-08-10T13:19:53.175+0300][2132.715s][info ][gc] GC(69978) Pause Young (Allocation Failure) 119M->119M(130M) 13.958ms
[2020-08-10T13:19:53.190+0300][2132.730s][info ][gc] GC(69979) Pause Young (Allocation Failure) 120M->120M(130M) 14.005ms
[2020-08-10T13:19:53.204+0300][2132.744s][info ][gc] GC(69980) Pause Young (Allocation Failure) 120M->120M(130M) 14.072ms
[2020-08-10T13:19:53.219+0300][2132.758s][info ][gc] GC(69981) Pause Young (Allocation Failure) 121M->121M(130M) 14.064ms
[2020-08-10T13:19:53.234+0300][2132.774s][info ][gc] GC(69982) Pause Young (Allocation Failure) 121M->121M(130M) 15.122ms
[2020-08-10T13:19:53.249+0300][2132.789s][info ][gc] GC(69983) Pause Young (Allocation Failure) 122M->122M(130M) 14.211ms
[2020-08-10T13:19:53.263+0300][2132.803s][info ][gc] GC(69984) Pause Young (Allocation Failure) 122M->122M(130M) 14.106ms
[2020-08-10T13:19:53.290+0300][2132.830s][info ][gc] GC(69985) Pause Young (Allocation Failure) 123M->123M(130M) 26.656ms
[2020-08-10T13:19:53.305+0300][2132.845s][info ][gc] GC(69986) Pause Young (Allocation Failure) 123M->123M(130M) 14.616ms
[2020-08-10T13:19:53.320+0300][2132.860s][info ][gc] GC(69987) Pause Young (Allocation Failure) 124M->124M(130M) 14.365ms
[2020-08-10T13:19:53.335+0300][2132.875s][info ][gc] GC(69988) Pause Young (Allocation Failure) 124M->124M(130M) 14.480ms
[2020-08-10T13:19:53.350+0300][2132.890s][info ][gc] GC(69989) Pause Young (Allocation Failure) 124M->124M(130M) 14.520ms
[2020-08-10T13:19:53.365+0300][2132.905s][info ][gc] GC(69990) Pause Young (Allocation Failure) 125M->125M(130M) 14.386ms
[2020-08-10T13:19:53.380+0300][2132.920s][info ][gc] GC(69991) Pause Young (Allocation Failure) 125M->125M(130M) 14.418ms
[2020-08-10T13:19:53.394+0300][2132.934s][info ][gc] GC(69992) Pause Young (Allocation Failure) 126M->126M(130M) 14.247ms
[2020-08-10T13:19:53.409+0300][2132.949s][info ][gc] GC(69993) Pause Young (Allocation Failure) 126M->126M(130M) 14.463ms
[2020-08-10T13:19:53.424+0300][2132.964s][info ][gc] GC(69994) Pause Young (Allocation Failure) 127M->127M(130M) 14.456ms
[2020-08-10T13:19:53.439+0300][2132.979s][info ][gc] GC(69995) Pause Young (Allocation Failure) 127M->127M(130M) 14.307ms
[2020-08-10T13:19:53.454+0300][2132.994s][info ][gc] GC(69996) Pause Young (Allocation Failure) 128M->128M(130M) 14.285ms
[2020-08-10T13:19:53.469+0300][2133.009s][info ][gc] GC(69997) Pause Young (Allocation Failure) 128M->128M(130M) 14.556ms
[2020-08-10T13:19:53.884+0300][2133.424s][debug][gc] GC(69998) Expanding ParOldGen from 131584K by 10752K to 142336K
[2020-08-10T13:19:53.884+0300][2133.424s][info ][gc] GC(69998) Pause Full (Ergonomics) 128M->128M(140M) 414.955ms
[2020-08-10T13:19:53.916+0300][2133.455s][info ][gc] GC(69999) Pause Young (Allocation Failure) 128M->128M(140M) 31.180ms
[2020-08-10T13:19:53.932+0300][2133.472s][info ][gc] GC(70000) Pause Young (Allocation Failure) 129M->129M(140M) 15.593ms
[2020-08-10T13:19:53.947+0300][2133.487s][info ][gc] GC(70001) Pause Young (Allocation Failure) 129M->129M(140M) 14.885ms
[2020-08-10T13:19:53.963+0300][2133.503s][info ][gc] GC(70002) Pause Young (Allocation Failure) 130M->129M(140M) 14.937ms
[2020-08-10T13:19:53.980+0300][2133.520s][info ][gc] GC(70003) Pause Young (Allocation Failure) 130M->130M(140M) 17.173ms
[2020-08-10T13:19:53.996+0300][2133.536s][info ][gc] GC(70004) Pause Young (Allocation Failure) 130M->130M(140M) 14.670ms
[2020-08-10T13:19:54.011+0300][2133.551s][info ][gc] GC(70005) Pause Young (Allocation Failure) 131M->131M(140M) 15.020ms
[2020-08-10T13:19:54.030+0300][2133.570s][info ][gc] GC(70006) Pause Young (Allocation Failure) 131M->131M(140M) 18.244ms
[2020-08-10T13:19:54.046+0300][2133.586s][info ][gc] GC(70007) Pause Young (Allocation Failure) 132M->132M(140M) 15.159ms
[2020-08-10T13:19:54.061+0300][2133.601s][info ][gc] GC(70008) Pause Young (Allocation Failure) 132M->132M(140M) 15.064ms
[2020-08-10T13:19:54.091+0300][2133.631s][info ][gc] GC(70009) Pause Young (Allocation Failure) 133M->133M(140M) 29.325ms
[2020-08-10T13:19:54.106+0300][2133.646s][info ][gc] GC(70010) Pause Young (Allocation Failure) 133M->133M(140M) 15.013ms
[2020-08-10T13:19:54.129+0300][2133.669s][info ][gc] GC(70011) Pause Young (Allocation Failure) 134M->134M(140M) 21.889ms
[2020-08-10T13:19:54.148+0300][2133.688s][info ][gc] GC(70012) Pause Young (Allocation Failure) 134M->134M(140M) 18.465ms
[2020-08-10T13:19:54.163+0300][2133.703s][info ][gc] GC(70013) Pause Young (Allocation Failure) 135M->135M(140M) 15.347ms
[2020-08-10T13:19:54.179+0300][2133.719s][info ][gc] GC(70014) Pause Young (Allocation Failure) 135M->135M(140M) 15.429ms
[2020-08-10T13:19:54.195+0300][2133.735s][info ][gc] GC(70015) Pause Young (Allocation Failure) 136M->136M(140M) 15.147ms
[2020-08-10T13:19:54.211+0300][2133.751s][info ][gc] GC(70016) Pause Young (Allocation Failure) 136M->136M(140M) 15.234ms
[2020-08-10T13:19:54.230+0300][2133.770s][info ][gc] GC(70017) Pause Young (Allocation Failure) 137M->137M(140M) 18.549ms
[2020-08-10T13:19:54.245+0300][2133.785s][info ][gc] GC(70018) Pause Young (Allocation Failure) 137M->137M(140M) 15.073ms
[2020-08-10T13:19:54.261+0300][2133.801s][info ][gc] GC(70019) Pause Young (Allocation Failure) 138M->137M(140M) 15.306ms
[2020-08-10T13:19:54.277+0300][2133.817s][info ][gc] GC(70020) Pause Young (Allocation Failure) 138M->138M(140M) 15.348ms
[2020-08-10T13:19:54.292+0300][2133.832s][info ][gc] GC(70021) Pause Young (Allocation Failure) 138M->138M(140M) 15.426ms
[2020-08-10T13:19:54.308+0300][2133.848s][info ][gc] GC(70022) Pause Young (Allocation Failure) 139M->139M(140M) 15.369ms
[2020-08-10T13:19:54.890+0300][2134.430s][debug][gc] GC(70023) Expanding ParOldGen from 142336K by 10752K to 153088K
[2020-08-10T13:19:54.890+0300][2134.430s][info ][gc] GC(70023) Pause Full (Ergonomics) 139M->138M(151M) 582.160ms
[2020-08-10T13:19:54.918+0300][2134.458s][info ][gc] GC(70024) Pause Young (Allocation Failure) 139M->139M(151M) 27.595ms
[2020-08-10T13:19:54.936+0300][2134.476s][info ][gc] GC(70025) Pause Young (Allocation Failure) 139M->139M(151M) 17.581ms
[2020-08-10T13:19:54.953+0300][2134.493s][info ][gc] GC(70026) Pause Young (Allocation Failure) 140M->140M(151M) 16.111ms
[2020-08-10T13:19:54.985+0300][2134.525s][info ][gc] GC(70027) Pause Young (Allocation Failure) 140M->140M(151M) 31.137ms
[2020-08-10T13:19:55.008+0300][2134.548s][info ][gc] GC(70028) Pause Young (Allocation Failure) 141M->141M(151M) 22.534ms
[2020-08-10T13:19:55.024+0300][2134.564s][info ][gc] GC(70029) Pause Young (Allocation Failure) 141M->141M(151M) 15.575ms
[2020-08-10T13:19:55.042+0300][2134.582s][info ][gc] GC(70030) Pause Young (Allocation Failure) 142M->142M(151M) 17.907ms
[2020-08-10T13:19:55.070+0300][2134.610s][info ][gc] GC(70031) Pause Young (Allocation Failure) 142M->142M(151M) 27.344ms
[2020-08-10T13:19:55.110+0300][2134.650s][info ][gc] GC(70032) Pause Young (Allocation Failure) 143M->143M(151M) 39.551ms
[2020-08-10T13:19:55.132+0300][2134.672s][info ][gc] GC(70033) Pause Young (Allocation Failure) 143M->143M(151M) 20.598ms
[2020-08-10T13:19:55.148+0300][2134.688s][info ][gc] GC(70034) Pause Young (Allocation Failure) 143M->143M(151M) 15.538ms
[2020-08-10T13:19:55.183+0300][2134.723s][info ][gc] GC(70035) Pause Young (Allocation Failure) 144M->144M(151M) 35.197ms
[2020-08-10T13:19:55.206+0300][2134.746s][info ][gc] GC(70036) Pause Young (Allocation Failure) 144M->144M(151M) 22.319ms
[2020-08-10T13:19:55.228+0300][2134.768s][info ][gc] GC(70037) Pause Young (Allocation Failure) 145M->145M(151M) 21.393ms
[2020-08-10T13:19:55.245+0300][2134.785s][info ][gc] GC(70038) Pause Young (Allocation Failure) 145M->145M(151M) 16.034ms
[2020-08-10T13:19:55.262+0300][2134.801s][info ][gc] GC(70039) Pause Young (Allocation Failure) 146M->146M(151M) 16.202ms
[2020-08-10T13:19:55.278+0300][2134.818s][info ][gc] GC(70040) Pause Young (Allocation Failure) 146M->146M(151M) 16.409ms
[2020-08-10T13:19:55.318+0300][2134.858s][info ][gc] GC(70041) Pause Young (Allocation Failure) 147M->147M(151M) 39.099ms
[2020-08-10T13:19:55.318+0300][2134.858s][debug][gc] Expanding ParOldGen from 153088K by 19968K to 173056K
[2020-08-10T13:19:55.365+0300][2134.905s][info ][gc] GC(70042) Pause Young (Allocation Failure) 166M->166M(170M) 38.632ms
[2020-08-10T13:19:55.387+0300][2134.927s][info ][gc] GC(70043) Pause Young (Allocation Failure) 167M->167M(170M) 21.657ms
[2020-08-10T13:19:55.408+0300][2134.948s][info ][gc] GC(70044) Pause Young (Allocation Failure) 167M->167M(170M) 20.383ms
[2020-08-10T13:19:55.425+0300][2134.965s][info ][gc] GC(70045) Pause Young (Allocation Failure) 168M->168M(170M) 15.948ms
[2020-08-10T13:19:55.440+0300][2134.980s][info ][gc] GC(70046) Pause Young (Allocation Failure) 168M->168M(170M) 15.396ms
[2020-08-10T13:19:55.460+0300][2135.000s][info ][gc] GC(70047) Pause Young (Allocation Failure) 168M->168M(170M) 19.000ms
[2020-08-10T13:19:55.474+0300][2135.014s][info ][gc] GC(70048) Pause Young (Allocation Failure) 169M->169M(170M) 13.475ms
[2020-08-10T13:19:55.535+0300][2135.075s][debug][gc] GC(70049) Shrinking ParOldGen from 173056K by 125440K to 47616K
[2020-08-10T13:19:55.535+0300][2135.075s][info ][gc] GC(70049) Pause Full (Ergonomics) 169M->35M(48M) 61.572ms
[2020-08-10T13:19:55.549+0300][2135.089s][info ][gc] GC(70050) Pause Young (Allocation Failure) 36M->36M(48M) 13.031ms
[2020-08-10T13:19:55.562+0300][2135.102s][info ][gc] GC(70051) Pause Young (Allocation Failure) 36M->36M(48M) 13.230ms
[2020-08-10T13:19:55.576+0300][2135.116s][info ][gc] GC(70052) Pause Young (Allocation Failure) 37M->36M(48M) 13.710ms
[2020-08-10T13:19:55.595+0300][2135.135s][info ][gc] GC(70053) Pause Young (Allocation Failure) 37M->37M(48M) 18.066ms
[2020-08-10T13:19:55.609+0300][2135.149s][info ][gc] GC(70054) Pause Young (Allocation Failure) 37M->37M(48M) 13.481ms
[2020-08-10T13:19:55.623+0300][2135.163s][info ][gc] GC(70055) Pause Young (Allocation Failure) 38M->38M(48M) 13.683ms
[2020-08-10T13:19:55.638+0300][2135.178s][info ][gc] GC(70056) Pause Young (Allocation Failure) 38M->38M(48M) 15.013ms
[2020-08-10T13:19:55.652+0300][2135.193s][info ][gc] GC(70057) Pause Young (Allocation Failure) 39M->39M(48M) 13.388ms
[2020-08-10T13:19:55.666+0300][2135.206s][info ][gc] GC(70058) Pause Young (Allocation Failure) 39M->39M(48M) 13.422ms
[2020-08-10T13:19:55.680+0300][2135.220s][info ][gc] GC(70059) Pause Young (Allocation Failure) 40M->40M(48M) 13.459ms
[2020-08-10T13:19:55.694+0300][2135.234s][info ][gc] GC(70060) Pause Young (Allocation Failure) 40M->40M(48M) 13.272ms
[2020-08-10T13:19:55.708+0300][2135.248s][info ][gc] GC(70061) Pause Young (Allocation Failure) 41M->41M(48M) 13.222ms
[2020-08-10T13:19:55.722+0300][2135.262s][info ][gc] GC(70062) Pause Young (Allocation Failure) 41M->41M(48M) 13.681ms
[2020-08-10T13:19:55.736+0300][2135.276s][info ][gc] GC(70063) Pause Young (Allocation Failure) 41M->41M(48M) 13.496ms
[2020-08-10T13:19:55.750+0300][2135.290s][info ][gc] GC(70064) Pause Young (Allocation Failure) 42M->42M(48M) 13.422ms
[2020-08-10T13:19:55.764+0300][2135.304s][info ][gc] GC(70065) Pause Young (Allocation Failure) 42M->42M(48M) 13.443ms
[2020-08-10T13:19:55.778+0300][2135.318s][info ][gc] GC(70066) Pause Young (Allocation Failure) 43M->43M(48M) 13.631ms
[2020-08-10T13:19:55.806+0300][2135.346s][info ][gc] GC(70067) Pause Young (Allocation Failure) 43M->43M(48M) 27.895ms
[2020-08-10T13:19:55.827+0300][2135.367s][info ][gc] GC(70068) Pause Young (Allocation Failure) 44M->44M(48M) 20.537ms
[2020-08-10T13:19:55.842+0300][2135.382s][info ][gc] GC(70069) Pause Young (Allocation Failure) 44M->44M(47M) 13.517ms
[2020-08-10T13:19:55.856+0300][2135.396s][info ][gc] GC(70070) Pause Young (Allocation Failure) 45M->45M(48M) 13.487ms
[2020-08-10T13:19:55.873+0300][2135.413s][info ][gc] GC(70071) Pause Young (Allocation Failure) 45M->45M(48M) 16.484ms
[2020-08-10T13:19:55.887+0300][2135.427s][info ][gc] GC(70072) Pause Young (Allocation Failure) 46M->46M(48M) 13.712ms
[2020-08-10T13:19:56.004+0300][2135.544s][debug][gc] GC(70073) Expanding ParOldGen from 47616K by 10240K to 57856K
[2020-08-10T13:19:56.004+0300][2135.545s][info ][gc] GC(70073) Pause Full (Ergonomics) 46M->45M(58M) 117.409ms
[2020-08-10T13:19:56.019+0300][2135.559s][info ][gc] GC(70074) Pause Young (Allocation Failure) 46M->46M(58M) 13.568ms
[2020-08-10T13:19:56.033+0300][2135.573s][info ][gc] GC(70075) Pause Young (Allocation Failure) 47M->47M(58M) 13.977ms
[2020-08-10T13:19:56.047+0300][2135.587s][info ][gc] GC(70076) Pause Young (Allocation Failure) 48M->48M(58M) 13.807ms
[2020-08-10T13:19:56.061+0300][2135.601s][info ][gc] GC(70077) Pause Young (Allocation Failure) 48M->48M(58M) 13.258ms
[2020-08-10T13:19:56.075+0300][2135.616s][info ][gc] GC(70078) Pause Young (Allocation Failure) 49M->49M(58M) 13.773ms
[2020-08-10T13:19:56.089+0300][2135.629s][info ][gc] GC(70079) Pause Young (Allocation Failure) 49M->49M(58M) 13.324ms
[2020-08-10T13:19:56.104+0300][2135.644s][info ][gc] GC(70080) Pause Young (Allocation Failure) 50M->49M(57M) 14.221ms
[2020-08-10T13:19:56.126+0300][2135.666s][info ][gc] GC(70081) Pause Young (Allocation Failure) 50M->50M(58M) 21.359ms
[2020-08-10T13:19:56.140+0300][2135.680s][info ][gc] GC(70082) Pause Young (Allocation Failure) 50M->50M(58M) 13.400ms
[2020-08-10T13:19:56.154+0300][2135.694s][info ][gc] GC(70083) Pause Young (Allocation Failure) 51M->51M(58M) 13.552ms
[2020-08-10T13:19:56.168+0300][2135.708s][info ][gc] GC(70084) Pause Young (Allocation Failure) 51M->51M(58M) 13.461ms
[2020-08-10T13:19:56.182+0300][2135.722s][info ][gc] GC(70085) Pause Young (Allocation Failure) 52M->52M(58M) 13.339ms
[2020-08-10T13:19:56.195+0300][2135.735s][info ][gc] GC(70086) Pause Young (Allocation Failure) 52M->52M(58M) 13.507ms
[2020-08-10T13:19:56.209+0300][2135.749s][info ][gc] GC(70087) Pause Young (Allocation Failure) 53M->53M(58M) 13.317ms
[2020-08-10T13:19:56.223+0300][2135.763s][info ][gc] GC(70088) Pause Young (Allocation Failure) 53M->53M(58M) 13.470ms
[2020-08-10T13:19:56.237+0300][2135.777s][info ][gc] GC(70089) Pause Young (Allocation Failure) 54M->54M(58M) 13.241ms
[2020-08-10T13:19:56.251+0300][2135.791s][info ][gc] GC(70090) Pause Young (Allocation Failure) 54M->54M(58M) 13.335ms
[2020-08-10T13:19:56.265+0300][2135.805s][info ][gc] GC(70091) Pause Young (Allocation Failure) 55M->55M(58M) 13.411ms
[2020-08-10T13:19:56.279+0300][2135.819s][info ][gc] GC(70092) Pause Young (Allocation Failure) 55M->55M(58M) 13.584ms
[2020-08-10T13:19:56.309+0300][2135.849s][info ][gc] GC(70093) Pause Young (Allocation Failure) 56M->55M(58M) 30.152ms
[2020-08-10T13:19:56.323+0300][2135.863s][info ][gc] GC(70094) Pause Young (Allocation Failure) 56M->56M(58M) 13.484ms
[2020-08-10T13:19:56.468+0300][2136.008s][debug][gc] GC(70095) Expanding ParOldGen from 57856K by 10752K to 68608K
[2020-08-10T13:19:56.468+0300][2136.008s][info ][gc] GC(70095) Pause Full (Ergonomics) 56M->56M(68M) 144.909ms
[2020-08-10T13:19:56.487+0300][2136.027s][info ][gc] GC(70096) Pause Young (Allocation Failure) 56M->56M(68M) 18.661ms
[2020-08-10T13:19:56.504+0300][2136.044s][info ][gc] GC(70097) Pause Young (Allocation Failure) 57M->57M(68M) 16.265ms
[2020-08-10T13:19:56.518+0300][2136.058s][info ][gc] GC(70098) Pause Young (Allocation Failure) 57M->57M(68M) 13.335ms
[2020-08-10T13:19:56.532+0300][2136.072s][info ][gc] GC(70099) Pause Young (Allocation Failure) 58M->57M(68M) 13.330ms
[2020-08-10T13:19:56.546+0300][2136.086s][info ][gc] GC(70100) Pause Young (Allocation Failure) 58M->58M(68M) 13.311ms
[2020-08-10T13:19:56.560+0300][2136.100s][info ][gc] GC(70101) Pause Young (Allocation Failure) 58M->58M(68M) 13.516ms
[2020-08-10T13:19:56.574+0300][2136.114s][info ][gc] GC(70102) Pause Young (Allocation Failure) 59M->59M(68M) 13.540ms
[2020-08-10T13:19:56.588+0300][2136.128s][info ][gc] GC(70103) Pause Young (Allocation Failure) 59M->59M(68M) 13.435ms
[2020-08-10T13:19:56.616+0300][2136.157s][info ][gc] GC(70104) Pause Young (Allocation Failure) 60M->60M(68M) 28.092ms
[2020-08-10T13:19:56.631+0300][2136.171s][info ][gc] GC(70105) Pause Young (Allocation Failure) 60M->60M(68M) 13.853ms
[2020-08-10T13:19:56.645+0300][2136.185s][info ][gc] GC(70106) Pause Young (Allocation Failure) 61M->61M(68M) 13.831ms
[2020-08-10T13:19:56.659+0300][2136.199s][info ][gc] GC(70107) Pause Young (Allocation Failure) 61M->61M(68M) 13.677ms
[2020-08-10T13:19:56.673+0300][2136.213s][info ][gc] GC(70108) Pause Young (Allocation Failure) 62M->62M(68M) 13.584ms
[2020-08-10T13:19:56.687+0300][2136.227s][info ][gc] GC(70109) Pause Young (Allocation Failure) 62M->62M(68M) 13.681ms
[2020-08-10T13:19:56.703+0300][2136.243s][info ][gc] GC(70110) Pause Young (Allocation Failure) 62M->62M(68M) 14.921ms
[2020-08-10T13:19:56.717+0300][2136.257s][info ][gc] GC(70111) Pause Young (Allocation Failure) 63M->63M(68M) 13.875ms
[2020-08-10T13:19:56.731+0300][2136.271s][info ][gc] GC(70112) Pause Young (Allocation Failure) 63M->63M(68M) 13.802ms
[2020-08-10T13:19:56.745+0300][2136.285s][info ][gc] GC(70113) Pause Young (Allocation Failure) 64M->64M(68M) 13.398ms
[2020-08-10T13:19:56.759+0300][2136.299s][info ][gc] GC(70114) Pause Young (Allocation Failure) 64M->64M(68M) 13.638ms
[2020-08-10T13:19:56.773+0300][2136.313s][info ][gc] GC(70115) Pause Young (Allocation Failure) 65M->65M(68M) 13.610ms
[2020-08-10T13:19:56.787+0300][2136.327s][info ][gc] GC(70116) Pause Young (Allocation Failure) 65M->65M(68M) 13.655ms
[2020-08-10T13:19:56.803+0300][2136.343s][info ][gc] GC(70117) Pause Young (Allocation Failure) 66M->66M(68M) 15.186ms
[2020-08-10T13:19:56.817+0300][2136.357s][info ][gc] GC(70118) Pause Young (Allocation Failure) 66M->66M(68M) 13.663ms
[2020-08-10T13:19:56.831+0300][2136.371s][info ][gc] GC(70119) Pause Young (Allocation Failure) 67M->67M(68M) 13.472ms
[2020-08-10T13:19:57.052+0300][2136.592s][debug][gc] GC(70120) Expanding ParOldGen from 68608K by 10752K to 79360K
[2020-08-10T13:19:57.052+0300][2136.592s][info ][gc] GC(70120) Pause Full (Ergonomics) 67M->66M(79M) 221.284ms
[2020-08-10T13:19:57.066+0300][2136.607s][info ][gc] GC(70121) Pause Young (Allocation Failure) 67M->67M(78M) 13.571ms
[2020-08-10T13:19:57.082+0300][2136.622s][info ][gc] GC(70122) Pause Young (Allocation Failure) 68M->68M(79M) 14.837ms
[2020-08-10T13:19:57.096+0300][2136.636s][info ][gc] GC(70123) Pause Young (Allocation Failure) 68M->68M(79M) 13.511ms
[2020-08-10T13:19:57.110+0300][2136.650s][info ][gc] GC(70124) Pause Young (Allocation Failure) 69M->69M(79M) 13.505ms
[2020-08-10T13:19:57.124+0300][2136.664s][info ][gc] GC(70125) Pause Young (Allocation Failure) 69M->69M(79M) 13.908ms
[2020-08-10T13:19:57.138+0300][2136.678s][info ][gc] GC(70126) Pause Young (Allocation Failure) 69M->69M(79M) 13.766ms
[2020-08-10T13:19:57.152+0300][2136.692s][info ][gc] GC(70127) Pause Young (Allocation Failure) 70M->70M(79M) 13.622ms
[2020-08-10T13:19:57.185+0300][2136.725s][info ][gc] GC(70128) Pause Young (Allocation Failure) 70M->70M(79M) 31.897ms
[2020-08-10T13:19:57.213+0300][2136.753s][info ][gc] GC(70129) Pause Young (Allocation Failure) 71M->71M(79M) 27.308ms
[2020-08-10T13:19:57.227+0300][2136.767s][info ][gc] GC(70130) Pause Young (Allocation Failure) 71M->71M(79M) 13.951ms
[2020-08-10T13:19:57.242+0300][2136.782s][info ][gc] GC(70131) Pause Young (Allocation Failure) 72M->72M(79M) 13.797ms
[2020-08-10T13:19:57.256+0300][2136.796s][info ][gc] GC(70132) Pause Young (Allocation Failure) 72M->72M(79M) 13.611ms
[2020-08-10T13:19:57.272+0300][2136.812s][info ][gc] GC(70133) Pause Young (Allocation Failure) 73M->73M(79M) 15.796ms
[2020-08-10T13:19:57.287+0300][2136.827s][info ][gc] GC(70134) Pause Young (Allocation Failure) 73M->73M(79M) 14.324ms
[2020-08-10T13:19:57.311+0300][2136.851s][info ][gc] GC(70135) Pause Young (Allocation Failure) 74M->74M(79M) 23.534ms
[2020-08-10T13:19:57.324+0300][2136.864s][info ][gc] GC(70136) Pause Young (Allocation Failure) 74M->74M(79M) 13.592ms
[2020-08-10T13:19:57.338+0300][2136.878s][info ][gc] GC(70137) Pause Young (Allocation Failure) 75M->75M(79M) 13.513ms
[2020-08-10T13:19:57.353+0300][2136.893s][info ][gc] GC(70138) Pause Young (Allocation Failure) 75M->75M(79M) 13.626ms
[2020-08-10T13:19:57.378+0300][2136.918s][info ][gc] GC(70139) Pause Young (Allocation Failure) 75M->75M(79M) 25.194ms
[2020-08-10T13:19:57.400+0300][2136.940s][info ][gc] GC(70140) Pause Young (Allocation Failure) 76M->76M(79M) 21.498ms
[2020-08-10T13:19:57.424+0300][2136.964s][info ][gc] GC(70141) Pause Young (Allocation Failure) 76M->76M(79M) 23.138ms
[2020-08-10T13:19:57.438+0300][2136.978s][info ][gc] GC(70142) Pause Young (Allocation Failure) 77M->77M(79M) 13.979ms
[2020-08-10T13:19:57.452+0300][2136.992s][info ][gc] GC(70143) Pause Young (Allocation Failure) 77M->77M(79M) 13.603ms
[2020-08-10T13:19:57.669+0300][2137.209s][debug][gc] GC(70144) Expanding ParOldGen from 79360K by 10752K to 90112K
[2020-08-10T13:19:57.669+0300][2137.209s][info ][gc] GC(70144) Pause Full (Ergonomics) 77M->77M(89M) 216.911ms
[2020-08-10T13:19:57.691+0300][2137.231s][info ][gc] GC(70145) Pause Young (Allocation Failure) 77M->77M(89M) 21.317ms
[2020-08-10T13:19:57.705+0300][2137.245s][info ][gc] GC(70146) Pause Young (Allocation Failure) 78M->78M(89M) 13.543ms
[2020-08-10T13:19:57.719+0300][2137.259s][info ][gc] GC(70147) Pause Young (Allocation Failure) 78M->78M(89M) 13.681ms
[2020-08-10T13:19:57.733+0300][2137.273s][info ][gc] GC(70148) Pause Young (Allocation Failure) 79M->79M(89M) 13.635ms
[2020-08-10T13:19:57.749+0300][2137.289s][info ][gc] GC(70149) Pause Young (Allocation Failure) 79M->79M(89M) 14.736ms
[2020-08-10T13:19:57.763+0300][2137.303s][info ][gc] GC(70150) Pause Young (Allocation Failure) 80M->80M(89M) 13.701ms
[2020-08-10T13:19:57.777+0300][2137.317s][info ][gc] GC(70151) Pause Young (Allocation Failure) 80M->80M(89M) 13.699ms
[2020-08-10T13:19:57.791+0300][2137.332s][info ][gc] GC(70152) Pause Young (Allocation Failure) 81M->81M(89M) 13.644ms
[2020-08-10T13:19:57.814+0300][2137.354s][info ][gc] GC(70153) Pause Young (Allocation Failure) 81M->81M(89M) 21.237ms
[2020-08-10T13:19:57.828+0300][2137.368s][info ][gc] GC(70154) Pause Young (Allocation Failure) 82M->81M(89M) 13.572ms
[2020-08-10T13:19:57.842+0300][2137.382s][info ][gc] GC(70155) Pause Young (Allocation Failure) 82M->82M(89M) 13.768ms
[2020-08-10T13:19:57.856+0300][2137.396s][info ][gc] GC(70156) Pause Young (Allocation Failure) 82M->82M(89M) 13.756ms
[2020-08-10T13:19:57.870+0300][2137.410s][info ][gc] GC(70157) Pause Young (Allocation Failure) 83M->83M(89M) 13.557ms
[2020-08-10T13:19:57.885+0300][2137.425s][info ][gc] GC(70158) Pause Young (Allocation Failure) 83M->83M(89M) 14.521ms
[2020-08-10T13:19:57.901+0300][2137.441s][info ][gc] GC(70159) Pause Young (Allocation Failure) 84M->84M(89M) 14.769ms
[2020-08-10T13:19:57.914+0300][2137.455s][info ][gc] GC(70160) Pause Young (Allocation Failure) 84M->84M(89M) 13.385ms
[2020-08-10T13:19:57.929+0300][2137.469s][info ][gc] GC(70161) Pause Young (Allocation Failure) 85M->85M(89M) 13.783ms
[2020-08-10T13:19:57.946+0300][2137.486s][info ][gc] GC(70162) Pause Young (Allocation Failure) 85M->85M(89M) 16.740ms
[2020-08-10T13:19:57.960+0300][2137.500s][info ][gc] GC(70163) Pause Young (Allocation Failure) 86M->86M(89M) 13.562ms
[2020-08-10T13:19:57.977+0300][2137.517s][info ][gc] GC(70164) Pause Young (Allocation Failure) 86M->86M(89M) 16.263ms
[2020-08-10T13:19:57.991+0300][2137.531s][info ][gc] GC(70165) Pause Young (Allocation Failure) 87M->86M(89M) 13.610ms
[2020-08-10T13:19:58.005+0300][2137.545s][info ][gc] GC(70166) Pause Young (Allocation Failure) 87M->87M(89M) 13.588ms
[2020-08-10T13:19:58.019+0300][2137.559s][info ][gc] GC(70167) Pause Young (Allocation Failure) 87M->87M(89M) 13.520ms
[2020-08-10T13:19:58.033+0300][2137.573s][info ][gc] GC(70168) Pause Young (Allocation Failure) 88M->88M(89M) 13.457ms
[2020-08-10T13:19:58.328+0300][2137.869s][debug][gc] GC(70169) Expanding ParOldGen from 90112K by 10752K to 100864K
[2020-08-10T13:19:58.329+0300][2137.869s][info ][gc] GC(70169) Pause Full (Ergonomics) 88M->87M(100M) 295.756ms
[2020-08-10T13:19:58.343+0300][2137.883s][info ][gc] GC(70170) Pause Young (Allocation Failure) 88M->88M(100M) 13.947ms
[2020-08-10T13:19:58.357+0300][2137.897s][info ][gc] GC(70171) Pause Young (Allocation Failure) 88M->88M(100M) 13.717ms
[2020-08-10T13:19:58.371+0300][2137.912s][info ][gc] GC(70172) Pause Young (Allocation Failure) 89M->89M(100M) 13.684ms
[2020-08-10T13:19:58.386+0300][2137.926s][info ][gc] GC(70173) Pause Young (Allocation Failure) 90M->90M(100M) 13.759ms
[2020-08-10T13:19:58.411+0300][2137.952s][info ][gc] GC(70174) Pause Young (Allocation Failure) 91M->91M(100M) 24.907ms
[2020-08-10T13:19:58.426+0300][2137.966s][info ][gc] GC(70175) Pause Young (Allocation Failure) 92M->92M(101M) 14.217ms
[2020-08-10T13:19:58.441+0300][2137.982s][info ][gc] GC(70176) Pause Young (Allocation Failure) 93M->93M(101M) 14.078ms
[2020-08-10T13:19:58.456+0300][2137.996s][info ][gc] GC(70177) Pause Young (Allocation Failure) 94M->94M(101M) 13.832ms
[2020-08-10T13:19:58.471+0300][2138.011s][info ][gc] GC(70178) Pause Young (Allocation Failure) 95M->95M(101M) 14.463ms
[2020-08-10T13:19:58.486+0300][2138.026s][info ][gc] GC(70179) Pause Young (Allocation Failure) 96M->96M(101M) 13.998ms
[2020-08-10T13:19:58.510+0300][2138.050s][info ][gc] GC(70180) Pause Young (Allocation Failure) 97M->97M(101M) 22.980ms
[2020-08-10T13:19:58.524+0300][2138.065s][info ][gc] GC(70181) Pause Young (Allocation Failure) 98M->98M(101M) 14.156ms
[2020-08-10T13:19:58.540+0300][2138.080s][info ][gc] GC(70182) Pause Young (Allocation Failure) 99M->99M(101M) 14.539ms
[2020-08-10T13:19:58.851+0300][2138.391s][debug][gc] GC(70183) Expanding ParOldGen from 100864K by 11776K to 112640K
[2020-08-10T13:19:58.851+0300][2138.391s][info ][gc] GC(70183) Pause Full (Ergonomics) 99M->98M(112M) 311.234ms
[2020-08-10T13:19:58.889+0300][2138.430s][info ][gc] GC(70184) Pause Young (Allocation Failure) 99M->99M(112M) 37.810ms
[2020-08-10T13:19:58.918+0300][2138.459s][info ][gc] GC(70185) Pause Young (Allocation Failure) 100M->100M(112M) 28.155ms
[2020-08-10T13:19:58.947+0300][2138.488s][info ][gc] GC(70186) Pause Young (Allocation Failure) 101M->101M(112M) 28.384ms
[2020-08-10T13:19:58.963+0300][2138.504s][info ][gc] GC(70187) Pause Young (Allocation Failure) 102M->102M(112M) 15.327ms
[2020-08-10T13:19:58.980+0300][2138.520s][info ][gc] GC(70188) Pause Young (Allocation Failure) 103M->103M(112M) 15.685ms
[2020-08-10T13:19:58.996+0300][2138.536s][info ][gc] GC(70189) Pause Young (Allocation Failure) 104M->104M(112M) 15.345ms
[2020-08-10T13:19:59.012+0300][2138.552s][info ][gc] GC(70190) Pause Young (Allocation Failure) 105M->105M(112M) 15.324ms
[2020-08-10T13:19:59.030+0300][2138.570s][info ][gc] GC(70191) Pause Young (Allocation Failure) 106M->106M(112M) 18.002ms
[2020-08-10T13:19:59.047+0300][2138.587s][info ][gc] GC(70192) Pause Young (Allocation Failure) 107M->107M(112M) 15.901ms
[2020-08-10T13:19:59.062+0300][2138.603s][info ][gc] GC(70193) Pause Young (Allocation Failure) 108M->108M(112M) 15.390ms
[2020-08-10T13:19:59.090+0300][2138.630s][info ][gc] GC(70194) Pause Young (Allocation Failure) 109M->109M(112M) 27.394ms
[2020-08-10T13:19:59.106+0300][2138.647s][info ][gc] GC(70195) Pause Young (Allocation Failure) 110M->110M(112M) 15.746ms
[2020-08-10T13:19:59.508+0300][2139.048s][debug][gc] GC(70196) Expanding ParOldGen from 112640K by 11776K to 124416K
[2020-08-10T13:19:59.508+0300][2139.048s][info ][gc] GC(70196) Pause Full (Ergonomics) 110M->109M(124M) 401.326ms
[2020-08-10T13:19:59.522+0300][2139.062s][info ][gc] GC(70197) Pause Young (Allocation Failure) 110M->110M(124M) 13.528ms
[2020-08-10T13:19:59.545+0300][2139.086s][info ][gc] GC(70198) Pause Young (Allocation Failure) 111M->111M(124M) 22.669ms
[2020-08-10T13:19:59.563+0300][2139.104s][info ][gc] GC(70199) Pause Young (Allocation Failure) 112M->112M(124M) 17.480ms
[2020-08-10T13:19:59.591+0300][2139.132s][info ][gc] GC(70200) Pause Young (Allocation Failure) 113M->113M(124M) 27.466ms
[2020-08-10T13:19:59.616+0300][2139.156s][info ][gc] GC(70201) Pause Young (Allocation Failure) 114M->114M(124M) 24.324ms
[2020-08-10T13:19:59.641+0300][2139.181s][info ][gc] GC(70202) Pause Young (Allocation Failure) 115M->115M(124M) 24.484ms
[2020-08-10T13:19:59.671+0300][2139.211s][info ][gc] GC(70203) Pause Young (Allocation Failure) 116M->116M(124M) 29.269ms
[2020-08-10T13:19:59.688+0300][2139.228s][info ][gc] GC(70204) Pause Young (Allocation Failure) 117M->117M(124M) 15.665ms
[2020-08-10T13:19:59.704+0300][2139.244s][info ][gc] GC(70205) Pause Young (Allocation Failure) 118M->118M(124M) 15.735ms
[2020-08-10T13:19:59.720+0300][2139.261s][info ][gc] GC(70206) Pause Young (Allocation Failure) 119M->119M(124M) 16.037ms
[2020-08-10T13:19:59.751+0300][2139.291s][info ][gc] GC(70207) Pause Young (Allocation Failure) 120M->120M(124M) 29.559ms
[2020-08-10T13:19:59.768+0300][2139.309s][info ][gc] GC(70208) Pause Young (Allocation Failure) 121M->121M(124M) 16.514ms
[2020-08-10T13:19:59.786+0300][2139.326s][info ][gc] GC(70209) Pause Young (Allocation Failure) 122M->122M(124M) 16.771ms
[2020-08-10T13:20:00.182+0300][2139.722s][debug][gc] GC(70210) Expanding ParOldGen from 124416K by 11264K to 135680K
[2020-08-10T13:20:00.182+0300][2139.722s][info ][gc] GC(70210) Pause Full (Ergonomics) 122M->121M(135M) 396.063ms
[2020-08-10T13:20:00.238+0300][2139.779s][info ][gc] GC(70211) Pause Young (Allocation Failure) 122M->122M(135M) 55.388ms
[2020-08-10T13:20:00.262+0300][2139.802s][info ][gc] GC(70212) Pause Young (Allocation Failure) 123M->123M(135M) 22.748ms
[2020-08-10T13:20:00.296+0300][2139.836s][info ][gc] GC(70213) Pause Young (Allocation Failure) 124M->124M(135M) 32.825ms
[2020-08-10T13:20:00.314+0300][2139.854s][info ][gc] GC(70214) Pause Young (Allocation Failure) 125M->125M(135M) 17.744ms
[2020-08-10T13:20:00.332+0300][2139.873s][info ][gc] GC(70215) Pause Young (Allocation Failure) 126M->126M(135M) 18.034ms
[2020-08-10T13:20:00.375+0300][2139.916s][info ][gc] GC(70216) Pause Young (Allocation Failure) 127M->127M(135M) 41.861ms
[2020-08-10T13:20:00.403+0300][2139.943s][info ][gc] GC(70217) Pause Young (Allocation Failure) 128M->128M(135M) 27.161ms
[2020-08-10T13:20:00.429+0300][2139.969s][info ][gc] GC(70218) Pause Young (Allocation Failure) 129M->129M(135M) 24.978ms
[2020-08-10T13:20:00.452+0300][2139.993s][info ][gc] GC(70219) Pause Young (Allocation Failure) 130M->130M(135M) 23.277ms
[2020-08-10T13:20:00.472+0300][2140.012s][info ][gc] GC(70220) Pause Young (Allocation Failure) 131M->131M(135M) 18.742ms
[2020-08-10T13:20:00.493+0300][2140.033s][info ][gc] GC(70221) Pause Young (Allocation Failure) 132M->132M(135M) 20.499ms
[2020-08-10T13:20:00.517+0300][2140.057s][info ][gc] GC(70222) Pause Young (Allocation Failure) 133M->132M(135M) 23.582ms
[2020-08-10T13:20:01.118+0300][2140.658s][debug][gc] GC(70223) Expanding ParOldGen from 135680K by 11776K to 147456K
[2020-08-10T13:20:01.118+0300][2140.658s][info ][gc] GC(70223) Pause Full (Ergonomics) 132M->132M(146M) 600.884ms
[2020-08-10T13:20:01.144+0300][2140.684s][info ][gc] GC(70224) Pause Young (Allocation Failure) 133M->133M(146M) 24.979ms
[2020-08-10T13:20:01.172+0300][2140.712s][info ][gc] GC(70225) Pause Young (Allocation Failure) 134M->134M(146M) 27.422ms
[2020-08-10T13:20:01.193+0300][2140.733s][info ][gc] GC(70226) Pause Young (Allocation Failure) 135M->135M(146M) 20.938ms
[2020-08-10T13:20:01.218+0300][2140.759s][info ][gc] GC(70227) Pause Young (Allocation Failure) 136M->136M(146M) 24.855ms
[2020-08-10T13:20:01.237+0300][2140.777s][info ][gc] GC(70228) Pause Young (Allocation Failure) 137M->137M(146M) 18.003ms
[2020-08-10T13:20:01.263+0300][2140.803s][info ][gc] GC(70229) Pause Young (Allocation Failure) 138M->138M(146M) 25.368ms
[2020-08-10T13:20:01.293+0300][2140.833s][info ][gc] GC(70230) Pause Young (Allocation Failure) 139M->139M(146M) 29.969ms
[2020-08-10T13:20:01.318+0300][2140.858s][info ][gc] GC(70231) Pause Young (Allocation Failure) 140M->140M(146M) 24.440ms
[2020-08-10T13:20:01.336+0300][2140.877s][info ][gc] GC(70232) Pause Young (Allocation Failure) 141M->141M(146M) 18.339ms
[2020-08-10T13:20:01.356+0300][2140.896s][info ][gc] GC(70233) Pause Young (Allocation Failure) 142M->142M(146M) 18.713ms
[2020-08-10T13:20:01.384+0300][2140.924s][info ][gc] GC(70234) Pause Young (Allocation Failure) 143M->142M(146M) 27.893ms
[2020-08-10T13:20:01.403+0300][2140.944s][info ][gc] GC(70235) Pause Young (Allocation Failure) 143M->143M(146M) 18.951ms
[2020-08-10T13:20:01.886+0300][2141.425s][debug][gc] GC(70236) Expanding ParOldGen from 147456K by 11264K to 158720K
[2020-08-10T13:20:01.886+0300][2141.425s][info ][gc] GC(70236) Pause Full (Ergonomics) 143M->143M(157M) 481.109ms
[2020-08-10T13:20:01.913+0300][2141.452s][info ][gc] GC(70237) Pause Young (Allocation Failure) 144M->144M(157M) 26.883ms
[2020-08-10T13:20:01.954+0300][2141.493s][info ][gc] GC(70238) Pause Young (Allocation Failure) 145M->145M(157M) 40.120ms
[2020-08-10T13:20:01.977+0300][2141.516s][info ][gc] GC(70239) Pause Young (Allocation Failure) 146M->146M(157M) 22.220ms
[2020-08-10T13:20:01.978+0300][2141.517s][debug][gc] Expanding ParOldGen from 158720K by 19968K to 178688K
[2020-08-10T13:20:02.038+0300][2141.577s][info ][gc] GC(70240) Pause Young (Allocation Failure) 166M->166M(177M) 48.870ms
[2020-08-10T13:20:02.073+0300][2141.612s][info ][gc] GC(70241) Pause Young (Allocation Failure) 167M->167M(177M) 33.883ms
[2020-08-10T13:20:02.103+0300][2141.643s][info ][gc] GC(70242) Pause Young (Allocation Failure) 168M->168M(177M) 30.220ms
[2020-08-10T13:20:02.134+0300][2141.673s][info ][gc] GC(70243) Pause Young (Allocation Failure) 169M->169M(177M) 29.742ms
[2020-08-10T13:20:02.163+0300][2141.702s][info ][gc] GC(70244) Pause Young (Allocation Failure) 170M->170M(177M) 28.434ms
[2020-08-10T13:20:02.192+0300][2141.731s][info ][gc] GC(70245) Pause Young (Allocation Failure) 171M->171M(177M) 28.372ms
[2020-08-10T13:20:02.220+0300][2141.760s][info ][gc] GC(70246) Pause Young (Allocation Failure) 172M->172M(177M) 28.426ms
[2020-08-10T13:20:02.249+0300][2141.789s][info ][gc] GC(70247) Pause Young (Allocation Failure) 173M->173M(177M) 28.370ms
[2020-08-10T13:20:02.277+0300][2141.816s][info ][gc] GC(70248) Pause Young (Allocation Failure) 174M->174M(177M) 27.241ms
[2020-08-10T13:20:02.305+0300][2141.844s][info ][gc] GC(70249) Pause Young (Allocation Failure) 175M->175M(177M) 27.215ms
[2020-08-10T13:20:02.426+0300][2141.965s][debug][gc] GC(70250) Shrinking ParOldGen from 178688K by 124928K to 53760K
[2020-08-10T13:20:02.426+0300][2141.965s][info ][gc] GC(70250) Pause Full (Ergonomics) 175M->41M(55M) 121.302ms
[2020-08-10T13:20:02.450+0300][2141.989s][info ][gc] GC(70251) Pause Young (Allocation Failure) 42M->42M(55M) 22.838ms
[2020-08-10T13:20:02.467+0300][2142.006s][info ][gc] GC(70252) Pause Young (Allocation Failure) 43M->43M(55M) 16.307ms
[2020-08-10T13:20:02.482+0300][2142.021s][info ][gc] GC(70253) Pause Young (Allocation Failure) 44M->44M(55M) 14.036ms
[2020-08-10T13:20:02.496+0300][2142.036s][info ][gc] GC(70254) Pause Young (Allocation Failure) 45M->45M(55M) 14.087ms
[2020-08-10T13:20:02.521+0300][2142.060s][info ][gc] GC(70255) Pause Young (Allocation Failure) 46M->45M(55M) 23.334ms
[2020-08-10T13:20:02.535+0300][2142.075s][info ][gc] GC(70256) Pause Young (Allocation Failure) 46M->46M(55M) 14.063ms
[2020-08-10T13:20:02.551+0300][2142.090s][info ][gc] GC(70257) Pause Young (Allocation Failure) 47M->47M(55M) 14.104ms
[2020-08-10T13:20:02.565+0300][2142.105s][info ][gc] GC(70258) Pause Young (Allocation Failure) 48M->48M(55M) 14.178ms
[2020-08-10T13:20:02.580+0300][2142.119s][info ][gc] GC(70259) Pause Young (Allocation Failure) 49M->49M(55M) 14.355ms
[2020-08-10T13:20:02.595+0300][2142.134s][info ][gc] GC(70260) Pause Young (Allocation Failure) 50M->50M(55M) 13.871ms
[2020-08-10T13:20:02.609+0300][2142.148s][info ][gc] GC(70261) Pause Young (Allocation Failure) 51M->51M(55M) 13.803ms
[2020-08-10T13:20:02.628+0300][2142.168s][info ][gc] GC(70262) Pause Young (Allocation Failure) 52M->52M(55M) 18.718ms
[2020-08-10T13:20:02.750+0300][2142.289s][debug][gc] GC(70263) Expanding ParOldGen from 53760K by 11264K to 65024K
[2020-08-10T13:20:02.750+0300][2142.289s][info ][gc] GC(70263) Pause Full (Ergonomics) 52M->52M(66M) 121.538ms
[2020-08-10T13:20:02.787+0300][2142.326s][info ][gc] GC(70264) Pause Young (Allocation Failure) 53M->53M(66M) 36.048ms
[2020-08-10T13:20:02.801+0300][2142.341s][info ][gc] GC(70265) Pause Young (Allocation Failure) 54M->54M(66M) 13.952ms
[2020-08-10T13:20:02.823+0300][2142.363s][info ][gc] GC(70266) Pause Young (Allocation Failure) 55M->55M(66M) 21.201ms
[2020-08-10T13:20:02.838+0300][2142.378s][info ][gc] GC(70267) Pause Young (Allocation Failure) 56M->56M(66M) 14.028ms
[2020-08-10T13:20:02.860+0300][2142.399s][info ][gc] GC(70268) Pause Young (Allocation Failure) 57M->57M(65M) 20.838ms
[2020-08-10T13:20:02.885+0300][2142.424s][info ][gc] GC(70269) Pause Young (Allocation Failure) 58M->58M(65M) 24.539ms
[2020-08-10T13:20:02.909+0300][2142.448s][info ][gc] GC(70270) Pause Young (Allocation Failure) 59M->58M(65M) 23.541ms
[2020-08-10T13:20:02.923+0300][2142.463s][info ][gc] GC(70271) Pause Young (Allocation Failure) 59M->59M(65M) 13.776ms
[2020-08-10T13:20:02.937+0300][2142.477s][info ][gc] GC(70272) Pause Young (Allocation Failure) 60M->60M(65M) 13.780ms
[2020-08-10T13:20:02.952+0300][2142.491s][info ][gc] GC(70273) Pause Young (Allocation Failure) 61M->61M(65M) 14.071ms
[2020-08-10T13:20:02.966+0300][2142.506s][info ][gc] GC(70274) Pause Young (Allocation Failure) 62M->62M(65M) 13.964ms
[2020-08-10T13:20:02.981+0300][2142.520s][info ][gc] GC(70275) Pause Young (Allocation Failure) 63M->63M(65M) 14.020ms
[2020-08-10T13:20:03.193+0300][2142.732s][debug][gc] GC(70276) Expanding ParOldGen from 65024K by 11264K to 76288K
[2020-08-10T13:20:03.193+0300][2142.732s][info ][gc] GC(70276) Pause Full (Ergonomics) 63M->63M(76M) 211.819ms
[2020-08-10T13:20:03.218+0300][2142.757s][info ][gc] GC(70277) Pause Young (Allocation Failure) 64M->64M(76M) 24.479ms
[2020-08-10T13:20:03.251+0300][2142.790s][info ][gc] GC(70278) Pause Young (Allocation Failure) 65M->65M(76M) 31.887ms
[2020-08-10T13:20:03.275+0300][2142.814s][info ][gc] GC(70279) Pause Young (Allocation Failure) 66M->66M(76M) 23.783ms
[2020-08-10T13:20:03.301+0300][2142.841s][info ][gc] GC(70280) Pause Young (Allocation Failure) 67M->67M(76M) 26.157ms
[2020-08-10T13:20:03.316+0300][2142.856s][info ][gc] GC(70281) Pause Young (Allocation Failure) 68M->68M(76M) 14.276ms
[2020-08-10T13:20:03.331+0300][2142.870s][info ][gc] GC(70282) Pause Young (Allocation Failure) 69M->69M(76M) 14.085ms
[2020-08-10T13:20:03.345+0300][2142.885s][info ][gc] GC(70283) Pause Young (Allocation Failure) 70M->70M(76M) 14.032ms
[2020-08-10T13:20:03.360+0300][2142.899s][info ][gc] GC(70284) Pause Young (Allocation Failure) 71M->71M(76M) 14.001ms
[2020-08-10T13:20:03.375+0300][2142.914s][info ][gc] GC(70285) Pause Young (Allocation Failure) 72M->72M(76M) 14.219ms
[2020-08-10T13:20:03.418+0300][2142.957s][info ][gc] GC(70286) Pause Young (Allocation Failure) 73M->73M(76M) 41.997ms
[2020-08-10T13:20:03.443+0300][2142.982s][info ][gc] GC(70287) Pause Young (Allocation Failure) 74M->74M(76M) 24.795ms
[2020-08-10T13:20:03.459+0300][2142.998s][info ][gc] GC(70288) Pause Young (Allocation Failure) 75M->74M(76M) 15.224ms
[2020-08-10T13:20:03.661+0300][2143.201s][debug][gc] GC(70289) Expanding ParOldGen from 76288K by 11264K to 87552K
[2020-08-10T13:20:03.661+0300][2143.201s][info ][gc] GC(70289) Pause Full (Ergonomics) 74M->74M(87M) 202.288ms
[2020-08-10T13:20:03.692+0300][2143.231s][info ][gc] GC(70290) Pause Young (Allocation Failure) 75M->75M(87M) 29.746ms
[2020-08-10T13:20:03.707+0300][2143.246s][info ][gc] GC(70291) Pause Young (Allocation Failure) 76M->76M(87M) 14.451ms
[2020-08-10T13:20:03.734+0300][2143.274s][info ][gc] GC(70292) Pause Young (Allocation Failure) 77M->77M(87M) 26.972ms
[2020-08-10T13:20:03.760+0300][2143.299s][info ][gc] GC(70293) Pause Young (Allocation Failure) 78M->78M(87M) 24.818ms
[2020-08-10T13:20:03.778+0300][2143.318s][info ][gc] GC(70294) Pause Young (Allocation Failure) 79M->79M(87M) 17.957ms
[2020-08-10T13:20:03.799+0300][2143.338s][info ][gc] GC(70295) Pause Young (Allocation Failure) 80M->80M(87M) 20.022ms
[2020-08-10T13:20:03.817+0300][2143.356s][info ][gc] GC(70296) Pause Young (Allocation Failure) 81M->81M(87M) 16.934ms
[2020-08-10T13:20:03.832+0300][2143.371s][info ][gc] GC(70297) Pause Young (Allocation Failure) 82M->82M(87M) 14.498ms
[2020-08-10T13:20:03.847+0300][2143.386s][info ][gc] GC(70298) Pause Young (Allocation Failure) 83M->83M(87M) 14.573ms
[2020-08-10T13:20:03.862+0300][2143.401s][info ][gc] GC(70299) Pause Young (Allocation Failure) 84M->84M(87M) 14.431ms
[2020-08-10T13:20:03.881+0300][2143.420s][info ][gc] GC(70300) Pause Young (Allocation Failure) 85M->85M(87M) 18.581ms
[2020-08-10T13:20:03.895+0300][2143.435s][info ][gc] GC(70301) Pause Young (Allocation Failure) 86M->86M(87M) 14.428ms
[2020-08-10T13:20:04.192+0300][2143.731s][debug][gc] GC(70302) Expanding ParOldGen from 87552K by 11776K to 99328K
[2020-08-10T13:20:04.192+0300][2143.732s][info ][gc] GC(70302) Pause Full (Ergonomics) 86M->85M(99M) 296.478ms
[2020-08-10T13:20:04.231+0300][2143.770s][info ][gc] GC(70303) Pause Young (Allocation Failure) 86M->86M(99M) 38.193ms
[2020-08-10T13:20:04.246+0300][2143.785s][info ][gc] GC(70304) Pause Young (Allocation Failure) 87M->87M(99M) 14.301ms
[2020-08-10T13:20:04.267+0300][2143.806s][info ][gc] GC(70305) Pause Young (Allocation Failure) 88M->88M(99M) 20.379ms
[2020-08-10T13:20:04.281+0300][2143.821s][info ][gc] GC(70306) Pause Young (Allocation Failure) 89M->89M(99M) 14.200ms
[2020-08-10T13:20:04.296+0300][2143.835s][info ][gc] GC(70307) Pause Young (Allocation Failure) 90M->90M(99M) 14.245ms
[2020-08-10T13:20:04.311+0300][2143.850s][info ][gc] GC(70308) Pause Young (Allocation Failure) 91M->91M(99M) 14.181ms
[2020-08-10T13:20:04.326+0300][2143.865s][info ][gc] GC(70309) Pause Young (Allocation Failure) 92M->92M(99M) 14.227ms
[2020-08-10T13:20:04.352+0300][2143.892s][info ][gc] GC(70310) Pause Young (Allocation Failure) 93M->93M(99M) 26.078ms
[2020-08-10T13:20:04.384+0300][2143.924s][info ][gc] GC(70311) Pause Young (Allocation Failure) 94M->94M(99M) 31.149ms
[2020-08-10T13:20:04.403+0300][2143.942s][info ][gc] GC(70312) Pause Young (Allocation Failure) 95M->95M(99M) 17.635ms
[2020-08-10T13:20:04.436+0300][2143.976s][info ][gc] GC(70313) Pause Young (Allocation Failure) 96M->96M(99M) 32.617ms
[2020-08-10T13:20:04.462+0300][2144.002s][info ][gc] GC(70314) Pause Young (Allocation Failure) 97M->97M(99M) 25.155ms
[2020-08-10T13:20:04.756+0300][2144.296s][debug][gc] GC(70315) Expanding ParOldGen from 99328K by 11264K to 110592K
[2020-08-10T13:20:04.756+0300][2144.296s][info ][gc] GC(70315) Pause Full (Ergonomics) 97M->97M(110M) 294.026ms
[2020-08-10T13:20:04.812+0300][2144.352s][info ][gc] GC(70316) Pause Young (Allocation Failure) 98M->98M(110M) 54.961ms
[2020-08-10T13:20:04.842+0300][2144.381s][info ][gc] GC(70317) Pause Young (Allocation Failure) 99M->99M(110M) 28.970ms
[2020-08-10T13:20:04.857+0300][2144.397s][info ][gc] GC(70318) Pause Young (Allocation Failure) 100M->99M(110M) 14.697ms
[2020-08-10T13:20:04.873+0300][2144.412s][info ][gc] GC(70319) Pause Young (Allocation Failure) 100M->100M(110M) 14.966ms
[2020-08-10T13:20:04.893+0300][2144.433s][info ][gc] GC(70320) Pause Young (Allocation Failure) 101M->101M(110M) 19.926ms
[2020-08-10T13:20:04.909+0300][2144.448s][info ][gc] GC(70321) Pause Young (Allocation Failure) 102M->102M(110M) 15.308ms
[2020-08-10T13:20:04.930+0300][2144.469s][info ][gc] GC(70322) Pause Young (Allocation Failure) 103M->103M(110M) 20.437ms
[2020-08-10T13:20:04.946+0300][2144.485s][info ][gc] GC(70323) Pause Young (Allocation Failure) 104M->104M(110M) 15.559ms
[2020-08-10T13:20:04.962+0300][2144.501s][info ][gc] GC(70324) Pause Young (Allocation Failure) 105M->105M(110M) 15.277ms
[2020-08-10T13:20:04.985+0300][2144.525s][info ][gc] GC(70325) Pause Young (Allocation Failure) 106M->106M(110M) 22.971ms
[2020-08-10T13:20:05.002+0300][2144.541s][info ][gc] GC(70326) Pause Young (Allocation Failure) 107M->107M(110M) 15.832ms
[2020-08-10T13:20:05.023+0300][2144.562s][info ][gc] GC(70327) Pause Young (Allocation Failure) 108M->108M(110M) 20.288ms
[2020-08-10T13:20:05.396+0300][2144.936s][debug][gc] GC(70328) Expanding ParOldGen from 110592K by 11264K to 121856K
[2020-08-10T13:20:05.396+0300][2144.936s][info ][gc] GC(70328) Pause Full (Ergonomics) 108M->108M(121M) 373.719ms
[2020-08-10T13:20:05.435+0300][2144.975s][info ][gc] GC(70329) Pause Young (Allocation Failure) 109M->109M(121M) 38.093ms
[2020-08-10T13:20:05.466+0300][2145.005s][info ][gc] GC(70330) Pause Young (Allocation Failure) 110M->110M(121M) 30.192ms
[2020-08-10T13:20:05.494+0300][2145.034s][info ][gc] GC(70331) Pause Young (Allocation Failure) 111M->111M(121M) 27.625ms
[2020-08-10T13:20:05.511+0300][2145.051s][info ][gc] GC(70332) Pause Young (Allocation Failure) 112M->112M(121M) 16.325ms
[2020-08-10T13:20:05.535+0300][2145.075s][info ][gc] GC(70333) Pause Young (Allocation Failure) 113M->113M(121M) 22.850ms
[2020-08-10T13:20:05.553+0300][2145.093s][info ][gc] GC(70334) Pause Young (Allocation Failure) 114M->114M(121M) 16.954ms
[2020-08-10T13:20:05.582+0300][2145.122s][info ][gc] GC(70335) Pause Young (Allocation Failure) 115M->114M(121M) 28.330ms
[2020-08-10T13:20:05.599+0300][2145.139s][info ][gc] GC(70336) Pause Young (Allocation Failure) 115M->115M(121M) 16.391ms
[2020-08-10T13:20:05.616+0300][2145.156s][info ][gc] GC(70337) Pause Young (Allocation Failure) 116M->116M(121M) 16.556ms
[2020-08-10T13:20:05.645+0300][2145.185s][info ][gc] GC(70338) Pause Young (Allocation Failure) 117M->117M(121M) 28.365ms
[2020-08-10T13:20:05.674+0300][2145.214s][info ][gc] GC(70339) Pause Young (Allocation Failure) 118M->118M(121M) 28.222ms
[2020-08-10T13:20:05.698+0300][2145.238s][info ][gc] GC(70340) Pause Young (Allocation Failure) 119M->119M(121M) 23.347ms
[2020-08-10T13:20:06.131+0300][2145.671s][debug][gc] GC(70341) Expanding ParOldGen from 121856K by 11776K to 133632K
[2020-08-10T13:20:06.132+0300][2145.671s][info ][gc] GC(70341) Pause Full (Ergonomics) 119M->119M(133M) 432.929ms
[2020-08-10T13:20:06.200+0300][2145.739s][info ][gc] GC(70342) Pause Young (Allocation Failure) 120M->120M(133M) 67.301ms
[2020-08-10T13:20:06.230+0300][2145.770s][info ][gc] GC(70343) Pause Young (Allocation Failure) 121M->121M(133M) 29.793ms
[2020-08-10T13:20:06.255+0300][2145.795s][info ][gc] GC(70344) Pause Young (Allocation Failure) 122M->122M(133M) 24.614ms
[2020-08-10T13:20:06.274+0300][2145.813s][info ][gc] GC(70345) Pause Young (Allocation Failure) 123M->123M(133M) 17.726ms
[2020-08-10T13:20:06.306+0300][2145.845s][info ][gc] GC(70346) Pause Young (Allocation Failure) 124M->124M(133M) 31.278ms
[2020-08-10T13:20:06.324+0300][2145.864s][info ][gc] GC(70347) Pause Young (Allocation Failure) 125M->125M(133M) 17.881ms
[2020-08-10T13:20:06.349+0300][2145.889s][info ][gc] GC(70348) Pause Young (Allocation Failure) 126M->126M(133M) 24.596ms
[2020-08-10T13:20:06.373+0300][2145.912s][info ][gc] GC(70349) Pause Young (Allocation Failure) 127M->127M(133M) 23.430ms
[2020-08-10T13:20:06.396+0300][2145.935s][info ][gc] GC(70350) Pause Young (Allocation Failure) 128M->128M(133M) 22.092ms
[2020-08-10T13:20:06.421+0300][2145.961s][info ][gc] GC(70351) Pause Young (Allocation Failure) 129M->129M(133M) 25.425ms
[2020-08-10T13:20:06.445+0300][2145.984s][info ][gc] GC(70352) Pause Young (Allocation Failure) 130M->129M(133M) 22.727ms
[2020-08-10T13:20:06.471+0300][2146.011s][info ][gc] GC(70353) Pause Young (Allocation Failure) 130M->130M(133M) 26.297ms
[2020-08-10T13:20:06.929+0300][2146.469s][debug][gc] GC(70354) Expanding ParOldGen from 133632K by 11264K to 144896K
[2020-08-10T13:20:06.929+0300][2146.469s][info ][gc] GC(70354) Pause Full (Ergonomics) 130M->130M(144M) 457.977ms
[2020-08-10T13:20:06.981+0300][2146.521s][info ][gc] GC(70355) Pause Young (Allocation Failure) 131M->131M(144M) 50.723ms
[2020-08-10T13:20:07.000+0300][2146.539s][info ][gc] GC(70356) Pause Young (Allocation Failure) 132M->132M(144M) 17.600ms
[2020-08-10T13:20:07.024+0300][2146.563s][info ][gc] GC(70357) Pause Young (Allocation Failure) 133M->133M(144M) 23.326ms
[2020-08-10T13:20:07.042+0300][2146.582s][info ][gc] GC(70358) Pause Young (Allocation Failure) 134M->134M(144M) 18.397ms
[2020-08-10T13:20:07.072+0300][2146.611s][info ][gc] GC(70359) Pause Young (Allocation Failure) 135M->135M(144M) 28.634ms
[2020-08-10T13:20:07.091+0300][2146.631s][info ][gc] GC(70360) Pause Young (Allocation Failure) 136M->136M(144M) 18.745ms
[2020-08-10T13:20:07.110+0300][2146.650s][info ][gc] GC(70361) Pause Young (Allocation Failure) 137M->137M(144M) 18.733ms
[2020-08-10T13:20:07.141+0300][2146.681s][info ][gc] GC(70362) Pause Young (Allocation Failure) 138M->138M(144M) 30.000ms
[2020-08-10T13:20:07.160+0300][2146.700s][info ][gc] GC(70363) Pause Young (Allocation Failure) 139M->139M(144M) 18.776ms
[2020-08-10T13:20:07.180+0300][2146.719s][info ][gc] GC(70364) Pause Young (Allocation Failure) 140M->140M(144M) 18.838ms
[2020-08-10T13:20:07.204+0300][2146.743s][info ][gc] GC(70365) Pause Young (Allocation Failure) 141M->141M(144M) 23.540ms
[2020-08-10T13:20:07.223+0300][2146.763s][info ][gc] GC(70366) Pause Young (Allocation Failure) 142M->142M(144M) 19.070ms
[2020-08-10T13:20:07.751+0300][2147.291s][debug][gc] GC(70367) Expanding ParOldGen from 144896K by 11264K to 156160K
[2020-08-10T13:20:07.752+0300][2147.291s][info ][gc] GC(70367) Pause Full (Ergonomics) 142M->141M(155M) 528.068ms
[2020-08-10T13:20:07.819+0300][2147.358s][info ][gc] GC(70368) Pause Young (Allocation Failure) 142M->142M(155M) 66.484ms
[2020-08-10T13:20:07.860+0300][2147.400s][info ][gc] GC(70369) Pause Young (Allocation Failure) 143M->143M(155M) 40.714ms
[2020-08-10T13:20:07.893+0300][2147.433s][info ][gc] GC(70370) Pause Young (Allocation Failure) 144M->144M(155M) 31.997ms
[2020-08-10T13:20:07.930+0300][2147.469s][info ][gc] GC(70371) Pause Young (Allocation Failure) 145M->145M(155M) 36.258ms
[2020-08-10T13:20:07.957+0300][2147.497s][info ][gc] GC(70372) Pause Young (Allocation Failure) 146M->146M(155M) 26.461ms
[2020-08-10T13:20:07.957+0300][2147.497s][debug][gc] Expanding ParOldGen from 156160K by 19968K to 176128K
[2020-08-10T13:20:08.009+0300][2147.548s][info ][gc] GC(70373) Pause Young (Allocation Failure) 166M->166M(174M) 43.031ms
[2020-08-10T13:20:08.041+0300][2147.581s][info ][gc] GC(70374) Pause Young (Allocation Failure) 167M->167M(174M) 31.927ms
[2020-08-10T13:20:08.077+0300][2147.616s][info ][gc] GC(70375) Pause Young (Allocation Failure) 168M->168M(174M) 35.099ms
[2020-08-10T13:20:08.109+0300][2147.649s][info ][gc] GC(70376) Pause Young (Allocation Failure) 169M->169M(174M) 31.845ms
[2020-08-10T13:20:08.145+0300][2147.685s][info ][gc] GC(70377) Pause Young (Allocation Failure) 170M->170M(174M) 35.709ms
[2020-08-10T13:20:08.179+0300][2147.718s][info ][gc] GC(70378) Pause Young (Allocation Failure) 171M->171M(174M) 32.972ms
[2020-08-10T13:20:08.213+0300][2147.753s][info ][gc] GC(70379) Pause Young (Allocation Failure) 172M->172M(174M) 33.973ms
[2020-08-10T13:20:08.305+0300][2147.845s][debug][gc] GC(70380) Shrinking ParOldGen from 176128K by 124928K to 51200K
[2020-08-10T13:20:08.305+0300][2147.845s][info ][gc] GC(70380) Pause Full (Ergonomics) 172M->38M(52M) 92.079ms
[2020-08-10T13:20:08.321+0300][2147.860s][info ][gc] GC(70381) Pause Young (Allocation Failure) 39M->39M(52M) 15.087ms
[2020-08-10T13:20:08.340+0300][2147.880s][info ][gc] GC(70382) Pause Young (Allocation Failure) 40M->40M(52M) 19.256ms
[2020-08-10T13:20:08.355+0300][2147.895s][info ][gc] GC(70383) Pause Young (Allocation Failure) 41M->41M(52M) 13.927ms
[2020-08-10T13:20:08.369+0300][2147.909s][info ][gc] GC(70384) Pause Young (Allocation Failure) 42M->42M(52M) 13.591ms
[2020-08-10T13:20:08.383+0300][2147.923s][info ][gc] GC(70385) Pause Young (Allocation Failure) 43M->43M(52M) 13.977ms
[2020-08-10T13:20:08.402+0300][2147.941s][info ][gc] GC(70386) Pause Young (Allocation Failure) 44M->44M(52M) 17.634ms
[2020-08-10T13:20:08.416+0300][2147.956s][info ][gc] GC(70387) Pause Young (Allocation Failure) 45M->45M(52M) 13.988ms
[2020-08-10T13:20:08.431+0300][2147.970s][info ][gc] GC(70388) Pause Young (Allocation Failure) 46M->46M(52M) 14.155ms
[2020-08-10T13:20:08.445+0300][2147.985s][info ][gc] GC(70389) Pause Young (Allocation Failure) 47M->47M(52M) 14.002ms
[2020-08-10T13:20:08.463+0300][2148.003s][info ][gc] GC(70390) Pause Young (Allocation Failure) 48M->48M(52M) 17.695ms
[2020-08-10T13:20:08.478+0300][2148.018s][info ][gc] GC(70391) Pause Young (Allocation Failure) 49M->49M(52M) 13.830ms
[2020-08-10T13:20:08.492+0300][2148.032s][info ][gc] GC(70392) Pause Young (Allocation Failure) 50M->50M(52M) 14.042ms
[2020-08-10T13:20:08.598+0300][2148.138s][debug][gc] GC(70393) Expanding ParOldGen from 51200K by 11264K to 62464K
[2020-08-10T13:20:08.598+0300][2148.138s][info ][gc] GC(70393) Pause Full (Ergonomics) 50M->49M(63M) 105.959ms
[2020-08-10T13:20:08.634+0300][2148.174s][info ][gc] GC(70394) Pause Young (Allocation Failure) 50M->50M(63M) 34.976ms
[2020-08-10T13:20:08.649+0300][2148.189s][info ][gc] GC(70395) Pause Young (Allocation Failure) 51M->51M(63M) 14.051ms
[2020-08-10T13:20:08.664+0300][2148.203s][info ][gc] GC(70396) Pause Young (Allocation Failure) 52M->52M(63M) 14.006ms
[2020-08-10T13:20:08.678+0300][2148.218s][info ][gc] GC(70397) Pause Young (Allocation Failure) 53M->53M(63M) 14.069ms
[2020-08-10T13:20:08.705+0300][2148.245s][info ][gc] GC(70398) Pause Young (Allocation Failure) 54M->54M(63M) 26.556ms
[2020-08-10T13:20:08.720+0300][2148.259s][info ][gc] GC(70399) Pause Young (Allocation Failure) 55M->55M(63M) 13.844ms
[2020-08-10T13:20:08.734+0300][2148.274s][info ][gc] GC(70400) Pause Young (Allocation Failure) 56M->56M(63M) 13.747ms
[2020-08-10T13:20:08.749+0300][2148.288s][info ][gc] GC(70401) Pause Young (Allocation Failure) 57M->57M(63M) 14.234ms
[2020-08-10T13:20:08.763+0300][2148.303s][info ][gc] GC(70402) Pause Young (Allocation Failure) 58M->58M(63M) 14.008ms
[2020-08-10T13:20:08.779+0300][2148.319s][info ][gc] GC(70403) Pause Young (Allocation Failure) 59M->59M(62M) 15.774ms
[2020-08-10T13:20:08.802+0300][2148.341s][info ][gc] GC(70404) Pause Young (Allocation Failure) 60M->60M(63M) 21.841ms
[2020-08-10T13:20:08.820+0300][2148.360s][info ][gc] GC(70405) Pause Young (Allocation Failure) 61M->61M(63M) 17.871ms
[2020-08-10T13:20:08.976+0300][2148.516s][debug][gc] GC(70406) Expanding ParOldGen from 62464K by 11776K to 74240K
[2020-08-10T13:20:08.976+0300][2148.516s][info ][gc] GC(70406) Pause Full (Ergonomics) 61M->60M(75M) 155.817ms
[2020-08-10T13:20:08.990+0300][2148.530s][info ][gc] GC(70407) Pause Young (Allocation Failure) 61M->61M(75M) 13.745ms
[2020-08-10T13:20:09.005+0300][2148.544s][info ][gc] GC(70408) Pause Young (Allocation Failure) 62M->62M(75M) 13.924ms
[2020-08-10T13:20:09.019+0300][2148.559s][info ][gc] GC(70409) Pause Young (Allocation Failure) 63M->63M(75M) 13.979ms
[2020-08-10T13:20:09.034+0300][2148.573s][info ][gc] GC(70410) Pause Young (Allocation Failure) 64M->64M(75M) 13.934ms
[2020-08-10T13:20:09.048+0300][2148.588s][info ][gc] GC(70411) Pause Young (Allocation Failure) 65M->65M(75M) 13.773ms
[2020-08-10T13:20:09.062+0300][2148.602s][info ][gc] GC(70412) Pause Young (Allocation Failure) 66M->66M(75M) 13.812ms
[2020-08-10T13:20:09.077+0300][2148.617s][info ][gc] GC(70413) Pause Young (Allocation Failure) 67M->67M(75M) 13.935ms
[2020-08-10T13:20:09.091+0300][2148.631s][info ][gc] GC(70414) Pause Young (Allocation Failure) 68M->68M(75M) 13.777ms
[2020-08-10T13:20:09.105+0300][2148.645s][info ][gc] GC(70415) Pause Young (Allocation Failure) 69M->69M(75M) 13.793ms
[2020-08-10T13:20:09.120+0300][2148.659s][info ][gc] GC(70416) Pause Young (Allocation Failure) 70M->70M(75M) 13.848ms
[2020-08-10T13:20:09.134+0300][2148.674s][info ][gc] GC(70417) Pause Young (Allocation Failure) 71M->71M(75M) 13.812ms
[2020-08-10T13:20:09.148+0300][2148.688s][info ][gc] GC(70418) Pause Young (Allocation Failure) 72M->72M(75M) 13.829ms
[2020-08-10T13:20:09.360+0300][2148.899s][debug][gc] GC(70419) Expanding ParOldGen from 74240K by 11264K to 85504K
[2020-08-10T13:20:09.360+0300][2148.900s][info ][gc] GC(70419) Pause Full (Ergonomics) 72M->72M(86M) 211.668ms
[2020-08-10T13:20:09.390+0300][2148.930s][info ][gc] GC(70420) Pause Young (Allocation Failure) 73M->73M(86M) 29.602ms
[2020-08-10T13:20:09.415+0300][2148.955s][info ][gc] GC(70421) Pause Young (Allocation Failure) 74M->73M(86M) 23.918ms
[2020-08-10T13:20:09.436+0300][2148.976s][info ][gc] GC(70422) Pause Young (Allocation Failure) 74M->74M(86M) 20.069ms
[2020-08-10T13:20:09.451+0300][2148.990s][info ][gc] GC(70423) Pause Young (Allocation Failure) 75M->75M(86M) 14.135ms
[2020-08-10T13:20:09.465+0300][2149.005s][info ][gc] GC(70424) Pause Young (Allocation Failure) 76M->76M(86M) 13.845ms
[2020-08-10T13:20:09.479+0300][2149.019s][info ][gc] GC(70425) Pause Young (Allocation Failure) 77M->77M(86M) 13.844ms
[2020-08-10T13:20:09.496+0300][2149.035s][info ][gc] GC(70426) Pause Young (Allocation Failure) 78M->78M(86M) 15.714ms
[2020-08-10T13:20:09.510+0300][2149.050s][info ][gc] GC(70427) Pause Young (Allocation Failure) 79M->79M(86M) 13.958ms
[2020-08-10T13:20:09.525+0300][2149.065s][info ][gc] GC(70428) Pause Young (Allocation Failure) 80M->80M(86M) 14.092ms
[2020-08-10T13:20:09.539+0300][2149.079s][info ][gc] GC(70429) Pause Young (Allocation Failure) 81M->81M(86M) 14.086ms
[2020-08-10T13:20:09.567+0300][2149.107s][info ][gc] GC(70430) Pause Young (Allocation Failure) 82M->82M(86M) 27.247ms
[2020-08-10T13:20:09.585+0300][2149.125s][info ][gc] GC(70431) Pause Young (Allocation Failure) 83M->83M(86M) 17.766ms
[2020-08-10T13:20:09.836+0300][2149.376s][debug][gc] GC(70432) Expanding ParOldGen from 85504K by 11264K to 96768K
[2020-08-10T13:20:09.836+0300][2149.376s][info ][gc] GC(70432) Pause Full (Ergonomics) 83M->83M(97M) 250.701ms
[2020-08-10T13:20:09.858+0300][2149.397s][info ][gc] GC(70433) Pause Young (Allocation Failure) 84M->84M(97M) 20.863ms
[2020-08-10T13:20:09.872+0300][2149.412s][info ][gc] GC(70434) Pause Young (Allocation Failure) 85M->85M(97M) 14.191ms
[2020-08-10T13:20:09.900+0300][2149.440s][info ][gc] GC(70435) Pause Young (Allocation Failure) 86M->86M(97M) 26.891ms
[2020-08-10T13:20:09.914+0300][2149.454s][info ][gc] GC(70436) Pause Young (Allocation Failure) 87M->87M(97M) 13.978ms
[2020-08-10T13:20:09.929+0300][2149.469s][info ][gc] GC(70437) Pause Young (Allocation Failure) 88M->88M(97M) 14.013ms
[2020-08-10T13:20:09.943+0300][2149.483s][info ][gc] GC(70438) Pause Young (Allocation Failure) 89M->88M(97M) 13.962ms
[2020-08-10T13:20:09.965+0300][2149.505s][info ][gc] GC(70439) Pause Young (Allocation Failure) 89M->89M(97M) 20.900ms
[2020-08-10T13:20:09.979+0300][2149.519s][info ][gc] GC(70440) Pause Young (Allocation Failure) 90M->90M(97M) 14.098ms
[2020-08-10T13:20:09.994+0300][2149.534s][info ][gc] GC(70441) Pause Young (Allocation Failure) 91M->91M(97M) 14.157ms
[2020-08-10T13:20:10.008+0300][2149.548s][info ][gc] GC(70442) Pause Young (Allocation Failure) 92M->92M(97M) 13.948ms
[2020-08-10T13:20:10.023+0300][2149.563s][info ][gc] GC(70443) Pause Young (Allocation Failure) 93M->93M(97M) 14.074ms
[2020-08-10T13:20:10.037+0300][2149.577s][info ][gc] GC(70444) Pause Young (Allocation Failure) 94M->94M(97M) 14.045ms
[2020-08-10T13:20:10.346+0300][2149.886s][debug][gc] GC(70445) Expanding ParOldGen from 96768K by 11776K to 108544K
[2020-08-10T13:20:10.346+0300][2149.886s][info ][gc] GC(70445) Pause Full (Ergonomics) 94M->94M(108M) 308.486ms
[2020-08-10T13:20:10.360+0300][2149.900s][info ][gc] GC(70446) Pause Young (Allocation Failure) 95M->95M(108M) 13.779ms
[2020-08-10T13:20:10.388+0300][2149.928s][info ][gc] GC(70447) Pause Young (Allocation Failure) 96M->96M(108M) 26.770ms
[2020-08-10T13:20:10.403+0300][2149.943s][info ][gc] GC(70448) Pause Young (Allocation Failure) 97M->97M(108M) 14.552ms
[2020-08-10T13:20:10.419+0300][2149.959s][info ][gc] GC(70449) Pause Young (Allocation Failure) 98M->98M(108M) 14.699ms
[2020-08-10T13:20:10.434+0300][2149.974s][info ][gc] GC(70450) Pause Young (Allocation Failure) 99M->99M(108M) 14.787ms
[2020-08-10T13:20:10.450+0300][2149.990s][info ][gc] GC(70451) Pause Young (Allocation Failure) 100M->100M(108M) 14.923ms
[2020-08-10T13:20:10.466+0300][2150.005s][info ][gc] GC(70452) Pause Young (Allocation Failure) 101M->101M(108M) 15.007ms
[2020-08-10T13:20:10.481+0300][2150.021s][info ][gc] GC(70453) Pause Young (Allocation Failure) 102M->102M(108M) 14.706ms
[2020-08-10T13:20:10.511+0300][2150.051s][info ][gc] GC(70454) Pause Young (Allocation Failure) 103M->103M(108M) 29.556ms
[2020-08-10T13:20:10.527+0300][2150.066s][info ][gc] GC(70455) Pause Young (Allocation Failure) 104M->103M(108M) 14.863ms
[2020-08-10T13:20:10.562+0300][2150.102s][info ][gc] GC(70456) Pause Young (Allocation Failure) 104M->104M(108M) 34.948ms
[2020-08-10T13:20:10.583+0300][2150.123s][info ][gc] GC(70457) Pause Young (Allocation Failure) 105M->105M(108M) 20.215ms
[2020-08-10T13:20:10.886+0300][2150.426s][debug][gc] GC(70458) Expanding ParOldGen from 108544K by 11264K to 119808K
[2020-08-10T13:20:10.886+0300][2150.426s][info ][gc] GC(70458) Pause Full (Ergonomics) 105M->105M(119M) 302.909ms
[2020-08-10T13:20:10.915+0300][2150.455s][info ][gc] GC(70459) Pause Young (Allocation Failure) 106M->106M(119M) 28.397ms
[2020-08-10T13:20:10.937+0300][2150.477s][info ][gc] GC(70460) Pause Young (Allocation Failure) 107M->107M(119M) 20.984ms
[2020-08-10T13:20:10.955+0300][2150.494s][info ][gc] GC(70461) Pause Young (Allocation Failure) 108M->108M(119M) 17.037ms
[2020-08-10T13:20:10.979+0300][2150.519s][info ][gc] GC(70462) Pause Young (Allocation Failure) 109M->109M(119M) 23.608ms
[2020-08-10T13:20:10.995+0300][2150.534s][info ][gc] GC(70463) Pause Young (Allocation Failure) 110M->110M(119M) 15.354ms
[2020-08-10T13:20:11.011+0300][2150.551s][info ][gc] GC(70464) Pause Young (Allocation Failure) 111M->111M(119M) 16.092ms
[2020-08-10T13:20:11.039+0300][2150.579s][info ][gc] GC(70465) Pause Young (Allocation Failure) 112M->112M(118M) 27.464ms
[2020-08-10T13:20:11.054+0300][2150.594s][info ][gc] GC(70466) Pause Young (Allocation Failure) 113M->113M(119M) 14.343ms
[2020-08-10T13:20:11.089+0300][2150.629s][info ][gc] GC(70467) Pause Young (Allocation Failure) 114M->114M(119M) 34.536ms
[2020-08-10T13:20:11.114+0300][2150.653s][info ][gc] GC(70468) Pause Young (Allocation Failure) 115M->115M(119M) 24.144ms
[2020-08-10T13:20:11.130+0300][2150.670s][info ][gc] GC(70469) Pause Young (Allocation Failure) 116M->116M(119M) 16.043ms
[2020-08-10T13:20:11.148+0300][2150.687s][info ][gc] GC(70470) Pause Young (Allocation Failure) 117M->117M(119M) 16.786ms
[2020-08-10T13:20:11.537+0300][2151.077s][debug][gc] GC(70471) Expanding ParOldGen from 119808K by 11776K to 131584K
[2020-08-10T13:20:11.538+0300][2151.077s][info ][gc] GC(70471) Pause Full (Ergonomics) 117M->116M(131M) 389.856ms
[2020-08-10T13:20:11.553+0300][2151.092s][info ][gc] GC(70472) Pause Young (Allocation Failure) 117M->117M(131M) 14.514ms
[2020-08-10T13:20:11.574+0300][2151.114s][info ][gc] GC(70473) Pause Young (Allocation Failure) 118M->118M(131M) 20.569ms
[2020-08-10T13:20:11.591+0300][2151.131s][info ][gc] GC(70474) Pause Young (Allocation Failure) 119M->119M(131M) 16.966ms
[2020-08-10T13:20:11.609+0300][2151.148s][info ][gc] GC(70475) Pause Young (Allocation Failure) 120M->120M(131M) 16.908ms
[2020-08-10T13:20:11.626+0300][2151.166s][info ][gc] GC(70476) Pause Young (Allocation Failure) 121M->121M(131M) 16.931ms
[2020-08-10T13:20:11.644+0300][2151.184s][info ][gc] GC(70477) Pause Young (Allocation Failure) 122M->122M(131M) 17.413ms
[2020-08-10T13:20:11.662+0300][2151.202s][info ][gc] GC(70478) Pause Young (Allocation Failure) 123M->123M(131M) 17.439ms
[2020-08-10T13:20:11.680+0300][2151.220s][info ][gc] GC(70479) Pause Young (Allocation Failure) 124M->124M(131M) 17.730ms
[2020-08-10T13:20:11.701+0300][2151.241s][info ][gc] GC(70480) Pause Young (Allocation Failure) 125M->125M(131M) 20.582ms
[2020-08-10T13:20:11.720+0300][2151.260s][info ][gc] GC(70481) Pause Young (Allocation Failure) 126M->126M(131M) 18.070ms
[2020-08-10T13:20:11.738+0300][2151.278s][info ][gc] GC(70482) Pause Young (Allocation Failure) 127M->127M(131M) 17.503ms
[2020-08-10T13:20:11.756+0300][2151.296s][info ][gc] GC(70483) Pause Young (Allocation Failure) 128M->128M(131M) 17.625ms
[2020-08-10T13:20:12.246+0300][2151.786s][debug][gc] GC(70484) Expanding ParOldGen from 131584K by 11264K to 142848K
[2020-08-10T13:20:12.247+0300][2151.786s][info ][gc] GC(70484) Pause Full (Ergonomics) 128M->127M(142M) 490.273ms
[2020-08-10T13:20:12.276+0300][2151.816s][info ][gc] GC(70485) Pause Young (Allocation Failure) 128M->128M(142M) 28.987ms
[2020-08-10T13:20:12.295+0300][2151.835s][info ][gc] GC(70486) Pause Young (Allocation Failure) 129M->129M(142M) 18.355ms
[2020-08-10T13:20:12.314+0300][2151.853s][info ][gc] GC(70487) Pause Young (Allocation Failure) 130M->130M(142M) 17.968ms
[2020-08-10T13:20:12.332+0300][2151.872s][info ][gc] GC(70488) Pause Young (Allocation Failure) 131M->131M(142M) 17.776ms
[2020-08-10T13:20:12.357+0300][2151.897s][info ][gc] GC(70489) Pause Young (Allocation Failure) 132M->132M(142M) 24.236ms
[2020-08-10T13:20:12.383+0300][2151.923s][info ][gc] GC(70490) Pause Young (Allocation Failure) 133M->133M(142M) 25.980ms
[2020-08-10T13:20:12.402+0300][2151.942s][info ][gc] GC(70491) Pause Young (Allocation Failure) 134M->134M(142M) 18.051ms
[2020-08-10T13:20:12.420+0300][2151.960s][info ][gc] GC(70492) Pause Young (Allocation Failure) 135M->135M(142M) 18.181ms
[2020-08-10T13:20:12.439+0300][2151.979s][info ][gc] GC(70493) Pause Young (Allocation Failure) 136M->136M(142M) 18.153ms
[2020-08-10T13:20:12.457+0300][2151.997s][info ][gc] GC(70494) Pause Young (Allocation Failure) 137M->137M(142M) 18.130ms
[2020-08-10T13:20:12.476+0300][2152.016s][info ][gc] GC(70495) Pause Young (Allocation Failure) 138M->138M(142M) 18.007ms
[2020-08-10T13:20:12.495+0300][2152.035s][info ][gc] GC(70496) Pause Young (Allocation Failure) 139M->139M(142M) 18.431ms
[2020-08-10T13:20:13.032+0300][2152.572s][debug][gc] GC(70497) Expanding ParOldGen from 142848K by 11264K to 154112K
[2020-08-10T13:20:13.032+0300][2152.572s][info ][gc] GC(70497) Pause Full (Ergonomics) 139M->139M(153M) 536.589ms
[2020-08-10T13:20:13.061+0300][2152.601s][info ][gc] GC(70498) Pause Young (Allocation Failure) 140M->140M(153M) 28.399ms
[2020-08-10T13:20:13.090+0300][2152.630s][info ][gc] GC(70499) Pause Young (Allocation Failure) 141M->141M(153M) 28.500ms
[2020-08-10T13:20:13.138+0300][2152.678s][info ][gc] GC(70500) Pause Young (Allocation Failure) 142M->142M(153M) 46.667ms
[2020-08-10T13:20:13.157+0300][2152.697s][info ][gc] GC(70501) Pause Young (Allocation Failure) 143M->142M(153M) 18.136ms
[2020-08-10T13:20:13.178+0300][2152.718s][info ][gc] GC(70502) Pause Young (Allocation Failure) 143M->143M(153M) 20.716ms
[2020-08-10T13:20:13.197+0300][2152.737s][info ][gc] GC(70503) Pause Young (Allocation Failure) 144M->144M(153M) 18.757ms
[2020-08-10T13:20:13.217+0300][2152.757s][info ][gc] GC(70504) Pause Young (Allocation Failure) 145M->145M(153M) 18.896ms
[2020-08-10T13:20:13.236+0300][2152.776s][info ][gc] GC(70505) Pause Young (Allocation Failure) 146M->146M(153M) 18.911ms
[2020-08-10T13:20:13.237+0300][2152.776s][debug][gc] Expanding ParOldGen from 154112K by 19968K to 174080K
[2020-08-10T13:20:13.292+0300][2152.832s][info ][gc] GC(70506) Pause Young (Allocation Failure) 166M->166M(172M) 39.601ms
[2020-08-10T13:20:13.310+0300][2152.850s][info ][gc] GC(70507) Pause Young (Allocation Failure) 167M->167M(172M) 17.379ms
[2020-08-10T13:20:13.329+0300][2152.869s][info ][gc] GC(70508) Pause Young (Allocation Failure) 168M->168M(172M) 18.156ms
[2020-08-10T13:20:13.349+0300][2152.889s][info ][gc] GC(70509) Pause Young (Allocation Failure) 169M->169M(172M) 19.319ms
[2020-08-10T13:20:13.365+0300][2152.905s][info ][gc] GC(70510) Pause Young (Allocation Failure) 170M->170M(172M) 15.893ms
[2020-08-10T13:20:13.438+0300][2152.977s][debug][gc] GC(70511) Shrinking ParOldGen from 174080K by 124416K to 49664K
[2020-08-10T13:20:13.438+0300][2152.978s][info ][gc] GC(70511) Pause Full (Ergonomics) 170M->36M(51M) 72.500ms
[2020-08-10T13:20:13.452+0300][2152.992s][info ][gc] GC(70512) Pause Young (Allocation Failure) 37M->37M(51M) 13.602ms
[2020-08-10T13:20:13.466+0300][2153.006s][info ][gc] GC(70513) Pause Young (Allocation Failure) 38M->38M(51M) 13.797ms
[2020-08-10T13:20:13.480+0300][2153.020s][info ][gc] GC(70514) Pause Young (Allocation Failure) 39M->39M(51M) 13.775ms
[2020-08-10T13:20:13.495+0300][2153.035s][info ][gc] GC(70515) Pause Young (Allocation Failure) 40M->40M(51M) 13.905ms
[2020-08-10T13:20:13.509+0300][2153.049s][info ][gc] GC(70516) Pause Young (Allocation Failure) 41M->41M(51M) 13.819ms
[2020-08-10T13:20:13.525+0300][2153.065s][info ][gc] GC(70517) Pause Young (Allocation Failure) 42M->42M(51M) 15.607ms
[2020-08-10T13:20:13.540+0300][2153.080s][info ][gc] GC(70518) Pause Young (Allocation Failure) 43M->43M(51M) 13.909ms
[2020-08-10T13:20:13.554+0300][2153.094s][info ][gc] GC(70519) Pause Young (Allocation Failure) 44M->44M(51M) 13.813ms
[2020-08-10T13:20:13.569+0300][2153.109s][info ][gc] GC(70520) Pause Young (Allocation Failure) 45M->45M(51M) 13.901ms
[2020-08-10T13:20:13.595+0300][2153.135s][info ][gc] GC(70521) Pause Young (Allocation Failure) 46M->46M(51M) 25.921ms
[2020-08-10T13:20:13.611+0300][2153.151s][info ][gc] GC(70522) Pause Young (Allocation Failure) 47M->47M(51M) 15.951ms
[2020-08-10T13:20:13.626+0300][2153.166s][info ][gc] GC(70523) Pause Young (Allocation Failure) 48M->48M(51M) 14.091ms
[2020-08-10T13:20:13.748+0300][2153.288s][debug][gc] GC(70524) Expanding ParOldGen from 49664K by 11264K to 60928K
[2020-08-10T13:20:13.748+0300][2153.288s][info ][gc] GC(70524) Pause Full (Ergonomics) 48M->47M(62M) 122.445ms
[2020-08-10T13:20:13.762+0300][2153.302s][info ][gc] GC(70525) Pause Young (Allocation Failure) 48M->48M(62M) 13.409ms
[2020-08-10T13:20:13.777+0300][2153.317s][info ][gc] GC(70526) Pause Young (Allocation Failure) 49M->49M(62M) 13.914ms
[2020-08-10T13:20:13.791+0300][2153.331s][info ][gc] GC(70527) Pause Young (Allocation Failure) 50M->50M(62M) 13.699ms
[2020-08-10T13:20:13.806+0300][2153.346s][info ][gc] GC(70528) Pause Young (Allocation Failure) 51M->51M(62M) 13.952ms
[2020-08-10T13:20:13.826+0300][2153.366s][info ][gc] GC(70529) Pause Young (Allocation Failure) 52M->52M(62M) 20.282ms
[2020-08-10T13:20:13.841+0300][2153.381s][info ][gc] GC(70530) Pause Young (Allocation Failure) 53M->53M(62M) 13.694ms
[2020-08-10T13:20:13.855+0300][2153.395s][info ][gc] GC(70531) Pause Young (Allocation Failure) 54M->54M(61M) 13.701ms
[2020-08-10T13:20:13.869+0300][2153.409s][info ][gc] GC(70532) Pause Young (Allocation Failure) 55M->55M(61M) 14.139ms
[2020-08-10T13:20:13.884+0300][2153.424s][info ][gc] GC(70533) Pause Young (Allocation Failure) 56M->56M(61M) 14.099ms
[2020-08-10T13:20:13.899+0300][2153.439s][info ][gc] GC(70534) Pause Young (Allocation Failure) 57M->57M(62M) 13.983ms
[2020-08-10T13:20:13.921+0300][2153.461s][info ][gc] GC(70535) Pause Young (Allocation Failure) 58M->58M(62M) 22.004ms
[2020-08-10T13:20:13.936+0300][2153.476s][info ][gc] GC(70536) Pause Young (Allocation Failure) 59M->59M(62M) 14.008ms
[2020-08-10T13:20:14.079+0300][2153.619s][debug][gc] GC(70537) Expanding ParOldGen from 60928K by 11776K to 72704K
[2020-08-10T13:20:14.079+0300][2153.619s][info ][gc] GC(70537) Pause Full (Ergonomics) 59M->59M(73M) 142.913ms
[2020-08-10T13:20:14.093+0300][2153.633s][info ][gc] GC(70538) Pause Young (Allocation Failure) 60M->60M(73M) 13.565ms
[2020-08-10T13:20:14.123+0300][2153.663s][info ][gc] GC(70539) Pause Young (Allocation Failure) 61M->61M(73M) 29.941ms
[2020-08-10T13:20:14.138+0300][2153.678s][info ][gc] GC(70540) Pause Young (Allocation Failure) 62M->62M(73M) 13.893ms
[2020-08-10T13:20:14.152+0300][2153.692s][info ][gc] GC(70541) Pause Young (Allocation Failure) 63M->63M(73M) 13.995ms
[2020-08-10T13:20:14.166+0300][2153.706s][info ][gc] GC(70542) Pause Young (Allocation Failure) 64M->64M(73M) 13.766ms
[2020-08-10T13:20:14.181+0300][2153.721s][info ][gc] GC(70543) Pause Young (Allocation Failure) 65M->64M(73M) 13.940ms
[2020-08-10T13:20:14.195+0300][2153.735s][info ][gc] GC(70544) Pause Young (Allocation Failure) 65M->65M(73M) 13.800ms
[2020-08-10T13:20:14.209+0300][2153.749s][info ][gc] GC(70545) Pause Young (Allocation Failure) 66M->66M(73M) 13.701ms
[2020-08-10T13:20:14.224+0300][2153.764s][info ][gc] GC(70546) Pause Young (Allocation Failure) 67M->67M(73M) 13.951ms
[2020-08-10T13:20:14.238+0300][2153.778s][info ][gc] GC(70547) Pause Young (Allocation Failure) 68M->68M(73M) 14.065ms
[2020-08-10T13:20:14.253+0300][2153.793s][info ][gc] GC(70548) Pause Young (Allocation Failure) 69M->69M(73M) 14.145ms
[2020-08-10T13:20:14.268+0300][2153.808s][info ][gc] GC(70549) Pause Young (Allocation Failure) 70M->70M(73M) 14.143ms
[2020-08-10T13:20:14.283+0300][2153.823s][info ][gc] GC(70550) Pause Young (Allocation Failure) 71M->71M(73M) 13.951ms
[2020-08-10T13:20:14.531+0300][2154.071s][debug][gc] GC(70551) Expanding ParOldGen from 72704K by 11776K to 84480K
[2020-08-10T13:20:14.531+0300][2154.071s][info ][gc] GC(70551) Pause Full (Ergonomics) 71M->71M(85M) 247.894ms
[2020-08-10T13:20:14.570+0300][2154.110s][info ][gc] GC(70552) Pause Young (Allocation Failure) 72M->72M(85M) 38.736ms
[2020-08-10T13:20:14.607+0300][2154.147s][info ][gc] GC(70553) Pause Young (Allocation Failure) 73M->73M(85M) 36.377ms
[2020-08-10T13:20:14.622+0300][2154.162s][info ][gc] GC(70554) Pause Young (Allocation Failure) 74M->74M(85M) 14.320ms
[2020-08-10T13:20:14.637+0300][2154.177s][info ][gc] GC(70555) Pause Young (Allocation Failure) 75M->75M(85M) 14.309ms
[2020-08-10T13:20:14.652+0300][2154.192s][info ][gc] GC(70556) Pause Young (Allocation Failure) 76M->76M(85M) 14.193ms
[2020-08-10T13:20:14.666+0300][2154.206s][info ][gc] GC(70557) Pause Young (Allocation Failure) 77M->77M(85M) 14.130ms
[2020-08-10T13:20:14.681+0300][2154.221s][info ][gc] GC(70558) Pause Young (Allocation Failure) 78M->78M(85M) 14.116ms
[2020-08-10T13:20:14.696+0300][2154.236s][info ][gc] GC(70559) Pause Young (Allocation Failure) 79M->79M(85M) 14.103ms
[2020-08-10T13:20:14.711+0300][2154.251s][info ][gc] GC(70560) Pause Young (Allocation Failure) 80M->79M(85M) 14.199ms
[2020-08-10T13:20:14.726+0300][2154.266s][info ][gc] GC(70561) Pause Young (Allocation Failure) 80M->80M(85M) 14.348ms
[2020-08-10T13:20:14.741+0300][2154.281s][info ][gc] GC(70562) Pause Young (Allocation Failure) 81M->81M(85M) 14.343ms
[2020-08-10T13:20:14.755+0300][2154.295s][info ][gc] GC(70563) Pause Young (Allocation Failure) 82M->82M(85M) 14.308ms
[2020-08-10T13:20:14.968+0300][2154.508s][debug][gc] GC(70564) Expanding ParOldGen from 84480K by 11264K to 95744K
[2020-08-10T13:20:14.968+0300][2154.508s][info ][gc] GC(70564) Pause Full (Ergonomics) 82M->82M(96M) 212.820ms
[2020-08-10T13:20:15.002+0300][2154.542s][info ][gc] GC(70565) Pause Young (Allocation Failure) 83M->83M(96M) 32.634ms
[2020-08-10T13:20:15.017+0300][2154.557s][info ][gc] GC(70566) Pause Young (Allocation Failure) 84M->84M(96M) 14.344ms
[2020-08-10T13:20:15.059+0300][2154.599s][info ][gc] GC(70567) Pause Young (Allocation Failure) 85M->85M(96M) 41.923ms
[2020-08-10T13:20:15.080+0300][2154.620s][info ][gc] GC(70568) Pause Young (Allocation Failure) 86M->86M(96M) 19.609ms
[2020-08-10T13:20:15.100+0300][2154.640s][info ][gc] GC(70569) Pause Young (Allocation Failure) 87M->87M(96M) 19.806ms
[2020-08-10T13:20:15.115+0300][2154.655s][info ][gc] GC(70570) Pause Young (Allocation Failure) 88M->88M(96M) 14.235ms
[2020-08-10T13:20:15.130+0300][2154.670s][info ][gc] GC(70571) Pause Young (Allocation Failure) 89M->89M(95M) 14.322ms
[2020-08-10T13:20:15.144+0300][2154.684s][info ][gc] GC(70572) Pause Young (Allocation Failure) 90M->90M(95M) 14.256ms
[2020-08-10T13:20:15.159+0300][2154.699s][info ][gc] GC(70573) Pause Young (Allocation Failure) 91M->91M(95M) 14.544ms
[2020-08-10T13:20:15.174+0300][2154.714s][info ][gc] GC(70574) Pause Young (Allocation Failure) 92M->92M(96M) 14.660ms
[2020-08-10T13:20:15.190+0300][2154.730s][info ][gc] GC(70575) Pause Young (Allocation Failure) 93M->93M(96M) 14.509ms
[2020-08-10T13:20:15.205+0300][2154.745s][info ][gc] GC(70576) Pause Young (Allocation Failure) 94M->94M(96M) 14.548ms
[2020-08-10T13:20:15.521+0300][2155.061s][debug][gc] GC(70577) Expanding ParOldGen from 95744K by 11776K to 107520K
[2020-08-10T13:20:15.521+0300][2155.061s][info ][gc] GC(70577) Pause Full (Ergonomics) 94M->93M(107M) 316.154ms
[2020-08-10T13:20:15.567+0300][2155.107s][info ][gc] GC(70578) Pause Young (Allocation Failure) 94M->94M(107M) 45.933ms
[2020-08-10T13:20:15.595+0300][2155.135s][info ][gc] GC(70579) Pause Young (Allocation Failure) 95M->95M(107M) 26.974ms
[2020-08-10T13:20:15.610+0300][2155.150s][info ][gc] GC(70580) Pause Young (Allocation Failure) 96M->96M(107M) 14.747ms
[2020-08-10T13:20:15.626+0300][2155.166s][info ][gc] GC(70581) Pause Young (Allocation Failure) 97M->97M(107M) 14.910ms
[2020-08-10T13:20:15.642+0300][2155.182s][info ][gc] GC(70582) Pause Young (Allocation Failure) 98M->98M(107M) 14.858ms
[2020-08-10T13:20:15.657+0300][2155.197s][info ][gc] GC(70583) Pause Young (Allocation Failure) 99M->99M(107M) 15.027ms
[2020-08-10T13:20:15.673+0300][2155.213s][info ][gc] GC(70584) Pause Young (Allocation Failure) 100M->100M(107M) 15.000ms
[2020-08-10T13:20:15.689+0300][2155.229s][info ][gc] GC(70585) Pause Young (Allocation Failure) 101M->101M(107M) 15.057ms
[2020-08-10T13:20:15.705+0300][2155.245s][info ][gc] GC(70586) Pause Young (Allocation Failure) 102M->102M(107M) 15.452ms
[2020-08-10T13:20:15.721+0300][2155.261s][info ][gc] GC(70587) Pause Young (Allocation Failure) 103M->103M(107M) 15.217ms
[2020-08-10T13:20:15.757+0300][2155.297s][info ][gc] GC(70588) Pause Young (Allocation Failure) 104M->104M(107M) 36.284ms
[2020-08-10T13:20:15.774+0300][2155.314s][info ][gc] GC(70589) Pause Young (Allocation Failure) 105M->105M(107M) 15.706ms
[2020-08-10T13:20:16.104+0300][2155.644s][debug][gc] GC(70590) Expanding ParOldGen from 107520K by 11776K to 119296K
[2020-08-10T13:20:16.104+0300][2155.644s][info ][gc] GC(70590) Pause Full (Ergonomics) 105M->104M(119M) 330.213ms
[2020-08-10T13:20:16.118+0300][2155.658s][info ][gc] GC(70591) Pause Young (Allocation Failure) 105M->105M(119M) 13.578ms
[2020-08-10T13:20:16.134+0300][2155.674s][info ][gc] GC(70592) Pause Young (Allocation Failure) 106M->106M(119M) 14.993ms
[2020-08-10T13:20:16.150+0300][2155.691s][info ][gc] GC(70593) Pause Young (Allocation Failure) 107M->107M(119M) 16.276ms
[2020-08-10T13:20:16.167+0300][2155.707s][info ][gc] GC(70594) Pause Young (Allocation Failure) 108M->108M(119M) 15.552ms
[2020-08-10T13:20:16.199+0300][2155.739s][info ][gc] GC(70595) Pause Young (Allocation Failure) 109M->109M(119M) 31.482ms
[2020-08-10T13:20:16.215+0300][2155.755s][info ][gc] GC(70596) Pause Young (Allocation Failure) 110M->110M(119M) 15.626ms
[2020-08-10T13:20:16.231+0300][2155.771s][info ][gc] GC(70597) Pause Young (Allocation Failure) 111M->111M(119M) 15.720ms
[2020-08-10T13:20:16.247+0300][2155.787s][info ][gc] GC(70598) Pause Young (Allocation Failure) 112M->112M(119M) 15.545ms
[2020-08-10T13:20:16.264+0300][2155.804s][info ][gc] GC(70599) Pause Young (Allocation Failure) 113M->113M(119M) 15.993ms
[2020-08-10T13:20:16.280+0300][2155.820s][info ][gc] GC(70600) Pause Young (Allocation Failure) 114M->114M(119M) 16.020ms
[2020-08-10T13:20:16.297+0300][2155.837s][info ][gc] GC(70601) Pause Young (Allocation Failure) 115M->115M(119M) 16.021ms
[2020-08-10T13:20:16.313+0300][2155.853s][info ][gc] GC(70602) Pause Young (Allocation Failure) 116M->116M(119M) 15.959ms
[2020-08-10T13:20:16.705+0300][2156.245s][debug][gc] GC(70603) Expanding ParOldGen from 119296K by 11264K to 130560K
[2020-08-10T13:20:16.705+0300][2156.245s][info ][gc] GC(70603) Pause Full (Ergonomics) 116M->116M(130M) 391.664ms
[2020-08-10T13:20:16.727+0300][2156.268s][info ][gc] GC(70604) Pause Young (Allocation Failure) 117M->117M(130M) 21.340ms
[2020-08-10T13:20:16.754+0300][2156.294s][info ][gc] GC(70605) Pause Young (Allocation Failure) 118M->118M(130M) 26.213ms
[2020-08-10T13:20:16.772+0300][2156.312s][info ][gc] GC(70606) Pause Young (Allocation Failure) 119M->119M(130M) 16.990ms
[2020-08-10T13:20:16.790+0300][2156.330s][info ][gc] GC(70607) Pause Young (Allocation Failure) 120M->119M(130M) 17.030ms
[2020-08-10T13:20:16.813+0300][2156.353s][info ][gc] GC(70608) Pause Young (Allocation Failure) 120M->120M(130M) 22.515ms
[2020-08-10T13:20:16.838+0300][2156.378s][info ][gc] GC(70609) Pause Young (Allocation Failure) 121M->121M(130M) 24.268ms
[2020-08-10T13:20:16.860+0300][2156.400s][info ][gc] GC(70610) Pause Young (Allocation Failure) 122M->122M(130M) 20.972ms
[2020-08-10T13:20:16.877+0300][2156.417s][info ][gc] GC(70611) Pause Young (Allocation Failure) 123M->123M(130M) 17.180ms
[2020-08-10T13:20:16.895+0300][2156.435s][info ][gc] GC(70612) Pause Young (Allocation Failure) 124M->124M(130M) 17.373ms
[2020-08-10T13:20:16.918+0300][2156.458s][info ][gc] GC(70613) Pause Young (Allocation Failure) 125M->125M(130M) 23.052ms
[2020-08-10T13:20:16.936+0300][2156.476s][info ][gc] GC(70614) Pause Young (Allocation Failure) 126M->126M(130M) 17.536ms
[2020-08-10T13:20:16.957+0300][2156.497s][info ][gc] GC(70615) Pause Young (Allocation Failure) 127M->127M(130M) 20.365ms
[2020-08-10T13:20:17.446+0300][2156.986s][debug][gc] GC(70616) Expanding ParOldGen from 130560K by 11264K to 141824K
[2020-08-10T13:20:17.446+0300][2156.986s][info ][gc] GC(70616) Pause Full (Ergonomics) 127M->127M(141M) 488.421ms
[2020-08-10T13:20:17.475+0300][2157.015s][info ][gc] GC(70617) Pause Young (Allocation Failure) 128M->128M(141M) 28.911ms
[2020-08-10T13:20:17.512+0300][2157.052s][info ][gc] GC(70618) Pause Young (Allocation Failure) 129M->129M(141M) 36.307ms
[2020-08-10T13:20:17.533+0300][2157.073s][info ][gc] GC(70619) Pause Young (Allocation Failure) 130M->130M(141M) 19.966ms
[2020-08-10T13:20:17.551+0300][2157.091s][info ][gc] GC(70620) Pause Young (Allocation Failure) 131M->131M(141M) 17.886ms
[2020-08-10T13:20:17.572+0300][2157.112s][info ][gc] GC(70621) Pause Young (Allocation Failure) 132M->132M(141M) 20.341ms
[2020-08-10T13:20:17.610+0300][2157.150s][info ][gc] GC(70622) Pause Young (Allocation Failure) 133M->133M(141M) 37.578ms
[2020-08-10T13:20:17.637+0300][2157.177s][info ][gc] GC(70623) Pause Young (Allocation Failure) 134M->133M(141M) 25.383ms
[2020-08-10T13:20:17.655+0300][2157.195s][info ][gc] GC(70624) Pause Young (Allocation Failure) 134M->134M(141M) 18.061ms
[2020-08-10T13:20:17.674+0300][2157.214s][info ][gc] GC(70625) Pause Young (Allocation Failure) 135M->135M(141M) 18.204ms
[2020-08-10T13:20:17.699+0300][2157.239s][info ][gc] GC(70626) Pause Young (Allocation Failure) 136M->136M(141M) 24.660ms
[2020-08-10T13:20:17.718+0300][2157.258s][info ][gc] GC(70627) Pause Young (Allocation Failure) 137M->137M(141M) 18.747ms
[2020-08-10T13:20:17.744+0300][2157.284s][info ][gc] GC(70628) Pause Young (Allocation Failure) 138M->138M(141M) 25.250ms
[2020-08-10T13:20:18.243+0300][2157.784s][debug][gc] GC(70629) Expanding ParOldGen from 141824K by 11776K to 153600K
[2020-08-10T13:20:18.244+0300][2157.784s][info ][gc] GC(70629) Pause Full (Ergonomics) 138M->138M(152M) 499.223ms
[2020-08-10T13:20:18.279+0300][2157.819s][info ][gc] GC(70630) Pause Young (Allocation Failure) 139M->139M(152M) 34.828ms
[2020-08-10T13:20:18.298+0300][2157.838s][info ][gc] GC(70631) Pause Young (Allocation Failure) 140M->140M(152M) 18.614ms
[2020-08-10T13:20:18.317+0300][2157.857s][info ][gc] GC(70632) Pause Young (Allocation Failure) 141M->141M(152M) 18.167ms
[2020-08-10T13:20:18.354+0300][2157.894s][info ][gc] GC(70633) Pause Young (Allocation Failure) 142M->142M(152M) 36.399ms
[2020-08-10T13:20:18.374+0300][2157.914s][info ][gc] GC(70634) Pause Young (Allocation Failure) 143M->143M(152M) 18.755ms
[2020-08-10T13:20:18.393+0300][2157.933s][info ][gc] GC(70635) Pause Young (Allocation Failure) 144M->144M(152M) 18.933ms
[2020-08-10T13:20:18.412+0300][2157.952s][info ][gc] GC(70636) Pause Young (Allocation Failure) 145M->145M(152M) 18.791ms
[2020-08-10T13:20:18.431+0300][2157.972s][info ][gc] GC(70637) Pause Young (Allocation Failure) 146M->146M(152M) 18.486ms
[2020-08-10T13:20:18.450+0300][2157.991s][info ][gc] GC(70638) Pause Young (Allocation Failure) 147M->147M(152M) 18.664ms
[2020-08-10T13:20:18.451+0300][2157.991s][debug][gc] Expanding ParOldGen from 153600K by 19968K to 173568K
[2020-08-10T13:20:18.478+0300][2158.018s][info ][gc] GC(70639) Pause Young (Allocation Failure) 167M->167M(172M) 19.249ms
[2020-08-10T13:20:18.496+0300][2158.036s][info ][gc] GC(70640) Pause Young (Allocation Failure) 168M->168M(172M) 17.143ms
[2020-08-10T13:20:18.516+0300][2158.056s][info ][gc] GC(70641) Pause Young (Allocation Failure) 169M->168M(172M) 19.997ms
[2020-08-10T13:20:18.537+0300][2158.077s][info ][gc] GC(70642) Pause Young (Allocation Failure) 169M->169M(172M) 20.292ms
[2020-08-10T13:20:18.605+0300][2158.146s][debug][gc] GC(70643) Shrinking ParOldGen from 173568K by 124928K to 48640K
[2020-08-10T13:20:18.606+0300][2158.146s][info ][gc] GC(70643) Pause Full (Ergonomics) 169M->36M(50M) 68.553ms
[2020-08-10T13:20:18.619+0300][2158.159s][info ][gc] GC(70644) Pause Young (Allocation Failure) 37M->37M(50M) 13.303ms
[2020-08-10T13:20:18.641+0300][2158.181s][info ][gc] GC(70645) Pause Young (Allocation Failure) 38M->38M(50M) 21.208ms
[2020-08-10T13:20:18.656+0300][2158.196s][info ][gc] GC(70646) Pause Young (Allocation Failure) 39M->39M(50M) 13.998ms
[2020-08-10T13:20:18.670+0300][2158.210s][info ][gc] GC(70647) Pause Young (Allocation Failure) 40M->40M(50M) 13.876ms
[2020-08-10T13:20:18.684+0300][2158.224s][info ][gc] GC(70648) Pause Young (Allocation Failure) 41M->40M(50M) 13.776ms
[2020-08-10T13:20:18.699+0300][2158.239s][info ][gc] GC(70649) Pause Young (Allocation Failure) 41M->41M(50M) 14.054ms
[2020-08-10T13:20:18.713+0300][2158.254s][info ][gc] GC(70650) Pause Young (Allocation Failure) 42M->42M(50M) 13.995ms
[2020-08-10T13:20:18.728+0300][2158.268s][info ][gc] GC(70651) Pause Young (Allocation Failure) 43M->43M(50M) 13.883ms
[2020-08-10T13:20:18.742+0300][2158.283s][info ][gc] GC(70652) Pause Young (Allocation Failure) 44M->44M(50M) 13.729ms
[2020-08-10T13:20:18.757+0300][2158.297s][info ][gc] GC(70653) Pause Young (Allocation Failure) 45M->45M(50M) 13.907ms
[2020-08-10T13:20:18.771+0300][2158.312s][info ][gc] GC(70654) Pause Young (Allocation Failure) 46M->46M(50M) 13.876ms
[2020-08-10T13:20:18.786+0300][2158.326s][info ][gc] GC(70655) Pause Young (Allocation Failure) 47M->47M(50M) 13.958ms
[2020-08-10T13:20:18.894+0300][2158.435s][debug][gc] GC(70656) Expanding ParOldGen from 48640K by 11264K to 59904K
[2020-08-10T13:20:18.895+0300][2158.435s][info ][gc] GC(70656) Pause Full (Ergonomics) 47M->47M(61M) 108.346ms
[2020-08-10T13:20:18.908+0300][2158.449s][info ][gc] GC(70657) Pause Young (Allocation Failure) 48M->48M(61M) 13.460ms
[2020-08-10T13:20:18.923+0300][2158.463s][info ][gc] GC(70658) Pause Young (Allocation Failure) 49M->49M(61M) 13.912ms
[2020-08-10T13:20:18.938+0300][2158.478s][info ][gc] GC(70659) Pause Young (Allocation Failure) 50M->50M(61M) 13.812ms
[2020-08-10T13:20:18.952+0300][2158.492s][info ][gc] GC(70660) Pause Young (Allocation Failure) 51M->51M(61M) 13.718ms
[2020-08-10T13:20:18.966+0300][2158.506s][info ][gc] GC(70661) Pause Young (Allocation Failure) 52M->52M(61M) 13.551ms
[2020-08-10T13:20:18.980+0300][2158.520s][info ][gc] GC(70662) Pause Young (Allocation Failure) 53M->53M(61M) 13.826ms
[2020-08-10T13:20:18.994+0300][2158.535s][info ][gc] GC(70663) Pause Young (Allocation Failure) 54M->54M(61M) 14.038ms
[2020-08-10T13:20:19.009+0300][2158.549s][info ][gc] GC(70664) Pause Young (Allocation Failure) 55M->54M(61M) 13.741ms
[2020-08-10T13:20:19.023+0300][2158.564s][info ][gc] GC(70665) Pause Young (Allocation Failure) 55M->55M(60M) 14.281ms
[2020-08-10T13:20:19.038+0300][2158.578s][info ][gc] GC(70666) Pause Young (Allocation Failure) 56M->56M(60M) 13.951ms
[2020-08-10T13:20:19.053+0300][2158.593s][info ][gc] GC(70667) Pause Young (Allocation Failure) 57M->57M(60M) 13.858ms
[2020-08-10T13:20:19.067+0300][2158.607s][info ][gc] GC(70668) Pause Young (Allocation Failure) 58M->58M(60M) 14.089ms
[2020-08-10T13:20:19.202+0300][2158.742s][debug][gc] GC(70669) Expanding ParOldGen from 59904K by 11264K to 71168K
[2020-08-10T13:20:19.202+0300][2158.742s][info ][gc] GC(70669) Pause Full (Ergonomics) 58M->58M(71M) 134.769ms
[2020-08-10T13:20:19.228+0300][2158.768s][info ][gc] GC(70670) Pause Young (Allocation Failure) 59M->59M(71M) 25.133ms
[2020-08-10T13:20:19.242+0300][2158.783s][info ][gc] GC(70671) Pause Young (Allocation Failure) 60M->60M(71M) 14.050ms
[2020-08-10T13:20:19.257+0300][2158.797s][info ][gc] GC(70672) Pause Young (Allocation Failure) 61M->61M(71M) 14.054ms
[2020-08-10T13:20:19.272+0300][2158.812s][info ][gc] GC(70673) Pause Young (Allocation Failure) 62M->62M(71M) 14.330ms
[2020-08-10T13:20:19.286+0300][2158.827s][info ][gc] GC(70674) Pause Young (Allocation Failure) 63M->63M(71M) 14.104ms
[2020-08-10T13:20:19.302+0300][2158.842s][info ][gc] GC(70675) Pause Young (Allocation Failure) 64M->64M(71M) 14.370ms
[2020-08-10T13:20:19.318+0300][2158.857s][info ][gc] GC(70676) Pause Young (Allocation Failure) 65M->65M(71M) 14.289ms
[2020-08-10T13:20:19.333+0300][2158.872s][info ][gc] GC(70677) Pause Young (Allocation Failure) 66M->66M(71M) 14.352ms
[2020-08-10T13:20:19.347+0300][2158.886s][info ][gc] GC(70678) Pause Young (Allocation Failure) 67M->67M(71M) 14.045ms
[2020-08-10T13:20:19.370+0300][2158.910s][info ][gc] GC(70679) Pause Young (Allocation Failure) 68M->68M(71M) 22.819ms
[2020-08-10T13:20:19.385+0300][2158.925s][info ][gc] GC(70680) Pause Young (Allocation Failure) 69M->69M(71M) 14.172ms
[2020-08-10T13:20:19.400+0300][2158.939s][info ][gc] GC(70681) Pause Young (Allocation Failure) 70M->70M(71M) 14.223ms
[2020-08-10T13:20:19.563+0300][2159.102s][debug][gc] GC(70682) Expanding ParOldGen from 71168K by 11264K to 82432K
[2020-08-10T13:20:19.563+0300][2159.102s][info ][gc] GC(70682) Pause Full (Ergonomics) 70M->69M(82M) 162.675ms
[2020-08-10T13:20:19.591+0300][2159.131s][info ][gc] GC(70683) Pause Young (Allocation Failure) 70M->70M(82M) 28.098ms
[2020-08-10T13:20:19.606+0300][2159.146s][info ][gc] GC(70684) Pause Young (Allocation Failure) 71M->71M(82M) 14.312ms
[2020-08-10T13:20:19.621+0300][2159.160s][info ][gc] GC(70685) Pause Young (Allocation Failure) 72M->72M(82M) 14.121ms
[2020-08-10T13:20:19.636+0300][2159.175s][info ][gc] GC(70686) Pause Young (Allocation Failure) 73M->73M(82M) 13.953ms
[2020-08-10T13:20:19.650+0300][2159.189s][info ][gc] GC(70687) Pause Young (Allocation Failure) 74M->74M(82M) 13.975ms
[2020-08-10T13:20:19.665+0300][2159.204s][info ][gc] GC(70688) Pause Young (Allocation Failure) 75M->75M(82M) 14.081ms
[2020-08-10T13:20:19.679+0300][2159.218s][info ][gc] GC(70689) Pause Young (Allocation Failure) 76M->76M(82M) 14.117ms
[2020-08-10T13:20:19.694+0300][2159.233s][info ][gc] GC(70690) Pause Young (Allocation Failure) 77M->77M(82M) 14.273ms
[2020-08-10T13:20:19.709+0300][2159.248s][info ][gc] GC(70691) Pause Young (Allocation Failure) 78M->78M(82M) 14.307ms
[2020-08-10T13:20:19.724+0300][2159.264s][info ][gc] GC(70692) Pause Young (Allocation Failure) 79M->79M(82M) 14.513ms
[2020-08-10T13:20:19.739+0300][2159.278s][info ][gc] GC(70693) Pause Young (Allocation Failure) 80M->80M(82M) 14.154ms
[2020-08-10T13:20:19.775+0300][2159.314s][info ][gc] GC(70694) Pause Young (Allocation Failure) 81M->81M(82M) 35.449ms
[2020-08-10T13:20:19.998+0300][2159.537s][debug][gc] GC(70695) Expanding ParOldGen from 82432K by 11264K to 93696K
[2020-08-10T13:20:19.998+0300][2159.538s][info ][gc] GC(70695) Pause Full (Ergonomics) 81M->80M(93M) 223.388ms
[2020-08-10T13:20:20.032+0300][2159.571s][info ][gc] GC(70696) Pause Young (Allocation Failure) 81M->81M(93M) 32.996ms
[2020-08-10T13:20:20.047+0300][2159.586s][info ][gc] GC(70697) Pause Young (Allocation Failure) 82M->82M(93M) 14.482ms
[2020-08-10T13:20:20.062+0300][2159.602s][info ][gc] GC(70698) Pause Young (Allocation Failure) 83M->83M(93M) 14.568ms
[2020-08-10T13:20:20.077+0300][2159.616s][info ][gc] GC(70699) Pause Young (Allocation Failure) 84M->84M(93M) 14.191ms
[2020-08-10T13:20:20.092+0300][2159.631s][info ][gc] GC(70700) Pause Young (Allocation Failure) 85M->85M(93M) 14.147ms
[2020-08-10T13:20:20.106+0300][2159.646s][info ][gc] GC(70701) Pause Young (Allocation Failure) 86M->86M(93M) 14.307ms
[2020-08-10T13:20:20.121+0300][2159.660s][info ][gc] GC(70702) Pause Young (Allocation Failure) 87M->87M(93M) 14.334ms
[2020-08-10T13:20:20.136+0300][2159.675s][info ][gc] GC(70703) Pause Young (Allocation Failure) 88M->88M(93M) 14.393ms
[2020-08-10T13:20:20.151+0300][2159.690s][info ][gc] GC(70704) Pause Young (Allocation Failure) 89M->89M(93M) 14.362ms
[2020-08-10T13:20:20.166+0300][2159.706s][info ][gc] GC(70705) Pause Young (Allocation Failure) 90M->90M(93M) 14.463ms
[2020-08-10T13:20:20.181+0300][2159.720s][info ][gc] GC(70706) Pause Young (Allocation Failure) 91M->91M(93M) 14.421ms
[2020-08-10T13:20:20.475+0300][2160.014s][debug][gc] GC(70707) Expanding ParOldGen from 93696K by 11264K to 104960K
[2020-08-10T13:20:20.475+0300][2160.014s][info ][gc] GC(70707) Pause Full (Ergonomics) 91M->91M(104M) 293.677ms
[2020-08-10T13:20:20.499+0300][2160.039s][info ][gc] GC(70708) Pause Young (Allocation Failure) 92M->92M(104M) 23.207ms
[2020-08-10T13:20:20.526+0300][2160.065s][info ][gc] GC(70709) Pause Young (Allocation Failure) 93M->93M(104M) 26.169ms
[2020-08-10T13:20:20.545+0300][2160.084s][info ][gc] GC(70710) Pause Young (Allocation Failure) 94M->94M(104M) 18.402ms
[2020-08-10T13:20:20.561+0300][2160.100s][info ][gc] GC(70711) Pause Young (Allocation Failure) 95M->95M(104M) 15.534ms
[2020-08-10T13:20:20.582+0300][2160.121s][info ][gc] GC(70712) Pause Young (Allocation Failure) 96M->96M(104M) 20.207ms
[2020-08-10T13:20:20.597+0300][2160.136s][info ][gc] GC(70713) Pause Young (Allocation Failure) 97M->96M(104M) 14.391ms
[2020-08-10T13:20:20.612+0300][2160.151s][info ][gc] GC(70714) Pause Young (Allocation Failure) 97M->97M(104M) 14.567ms
[2020-08-10T13:20:20.627+0300][2160.166s][info ][gc] GC(70715) Pause Young (Allocation Failure) 98M->98M(104M) 14.403ms
[2020-08-10T13:20:20.642+0300][2160.181s][info ][gc] GC(70716) Pause Young (Allocation Failure) 99M->99M(104M) 14.788ms
[2020-08-10T13:20:20.658+0300][2160.197s][info ][gc] GC(70717) Pause Young (Allocation Failure) 100M->100M(104M) 14.849ms
[2020-08-10T13:20:20.680+0300][2160.220s][info ][gc] GC(70718) Pause Young (Allocation Failure) 101M->101M(104M) 21.712ms
[2020-08-10T13:20:20.696+0300][2160.235s][info ][gc] GC(70719) Pause Young (Allocation Failure) 102M->102M(104M) 14.603ms
[2020-08-10T13:20:20.986+0300][2160.525s][debug][gc] GC(70720) Expanding ParOldGen from 104960K by 11264K to 116224K
[2020-08-10T13:20:20.986+0300][2160.525s][info ][gc] GC(70720) Pause Full (Ergonomics) 102M->102M(115M) 290.292ms
[2020-08-10T13:20:21.011+0300][2160.550s][info ][gc] GC(70721) Pause Young (Allocation Failure) 103M->103M(115M) 23.535ms
[2020-08-10T13:20:21.035+0300][2160.574s][info ][gc] GC(70722) Pause Young (Allocation Failure) 103M->103M(115M) 23.196ms
[2020-08-10T13:20:21.049+0300][2160.588s][info ][gc] GC(70723) Pause Young (Allocation Failure) 104M->104M(115M) 13.742ms
[2020-08-10T13:20:21.063+0300][2160.603s][info ][gc] GC(70724) Pause Young (Allocation Failure) 104M->104M(115M) 13.680ms
[2020-08-10T13:20:21.077+0300][2160.617s][info ][gc] GC(70725) Pause Young (Allocation Failure) 105M->105M(115M) 13.638ms
[2020-08-10T13:20:21.092+0300][2160.631s][info ][gc] GC(70726) Pause Young (Allocation Failure) 105M->105M(115M) 13.771ms
[2020-08-10T13:20:21.106+0300][2160.645s][info ][gc] GC(70727) Pause Young (Allocation Failure) 106M->106M(115M) 13.638ms
[2020-08-10T13:20:21.120+0300][2160.659s][info ][gc] GC(70728) Pause Young (Allocation Failure) 106M->106M(115M) 13.770ms
[2020-08-10T13:20:21.155+0300][2160.694s][info ][gc] GC(70729) Pause Young (Allocation Failure) 107M->107M(115M) 34.025ms
[2020-08-10T13:20:21.182+0300][2160.722s][info ][gc] GC(70730) Pause Young (Allocation Failure) 107M->107M(115M) 27.222ms
[2020-08-10T13:20:21.200+0300][2160.739s][info ][gc] GC(70731) Pause Young (Allocation Failure) 107M->107M(115M) 17.248ms
[2020-08-10T13:20:21.214+0300][2160.753s][info ][gc] GC(70732) Pause Young (Allocation Failure) 108M->108M(115M) 13.693ms
[2020-08-10T13:20:21.228+0300][2160.767s][info ][gc] GC(70733) Pause Young (Allocation Failure) 108M->108M(115M) 13.588ms
[2020-08-10T13:20:21.242+0300][2160.782s][info ][gc] GC(70734) Pause Young (Allocation Failure) 109M->109M(115M) 13.932ms
[2020-08-10T13:20:21.258+0300][2160.797s][info ][gc] GC(70735) Pause Young (Allocation Failure) 109M->109M(115M) 15.006ms
[2020-08-10T13:20:21.272+0300][2160.811s][info ][gc] GC(70736) Pause Young (Allocation Failure) 110M->110M(115M) 13.665ms
[2020-08-10T13:20:21.286+0300][2160.825s][info ][gc] GC(70737) Pause Young (Allocation Failure) 110M->110M(115M) 13.612ms
[2020-08-10T13:20:21.300+0300][2160.840s][info ][gc] GC(70738) Pause Young (Allocation Failure) 111M->111M(114M) 13.837ms
[2020-08-10T13:20:21.314+0300][2160.853s][info ][gc] GC(70739) Pause Young (Allocation Failure) 111M->111M(115M) 13.487ms
[2020-08-10T13:20:21.328+0300][2160.867s][info ][gc] GC(70740) Pause Young (Allocation Failure) 112M->112M(115M) 13.464ms
[2020-08-10T13:20:21.342+0300][2160.881s][info ][gc] GC(70741) Pause Young (Allocation Failure) 112M->112M(115M) 13.755ms
[2020-08-10T13:20:21.356+0300][2160.896s][info ][gc] GC(70742) Pause Young (Allocation Failure) 113M->113M(115M) 13.757ms
[2020-08-10T13:20:21.370+0300][2160.910s][info ][gc] GC(70743) Pause Young (Allocation Failure) 113M->113M(115M) 13.705ms
[2020-08-10T13:20:21.740+0300][2161.279s][debug][gc] GC(70744) Expanding ParOldGen from 116224K by 10752K to 126976K
[2020-08-10T13:20:21.740+0300][2161.279s][info ][gc] GC(70744) Pause Full (Ergonomics) 113M->113M(125M) 369.400ms
[2020-08-10T13:20:21.754+0300][2161.293s][info ][gc] GC(70745) Pause Young (Allocation Failure) 113M->113M(125M) 13.327ms
[2020-08-10T13:20:21.777+0300][2161.316s][info ][gc] GC(70746) Pause Young (Allocation Failure) 114M->114M(125M) 23.079ms
[2020-08-10T13:20:21.796+0300][2161.336s][info ][gc] GC(70747) Pause Young (Allocation Failure) 114M->114M(125M) 18.727ms
[2020-08-10T13:20:21.812+0300][2161.351s][info ][gc] GC(70748) Pause Young (Allocation Failure) 115M->114M(125M) 14.808ms
[2020-08-10T13:20:21.826+0300][2161.365s][info ][gc] GC(70749) Pause Young (Allocation Failure) 115M->115M(125M) 13.851ms
[2020-08-10T13:20:21.840+0300][2161.380s][info ][gc] GC(70750) Pause Young (Allocation Failure) 115M->115M(125M) 13.816ms
[2020-08-10T13:20:21.854+0300][2161.394s][info ][gc] GC(70751) Pause Young (Allocation Failure) 116M->116M(125M) 13.621ms
[2020-08-10T13:20:21.869+0300][2161.408s][info ][gc] GC(70752) Pause Young (Allocation Failure) 116M->116M(125M) 13.685ms
[2020-08-10T13:20:21.883+0300][2161.422s][info ][gc] GC(70753) Pause Young (Allocation Failure) 117M->117M(125M) 13.790ms
[2020-08-10T13:20:21.897+0300][2161.437s][info ][gc] GC(70754) Pause Young (Allocation Failure) 117M->117M(125M) 13.581ms
[2020-08-10T13:20:21.912+0300][2161.451s][info ][gc] GC(70755) Pause Young (Allocation Failure) 118M->118M(125M) 13.488ms
[2020-08-10T13:20:21.925+0300][2161.465s][info ][gc] GC(70756) Pause Young (Allocation Failure) 118M->118M(125M) 13.571ms
[2020-08-10T13:20:21.942+0300][2161.481s][info ][gc] GC(70757) Pause Young (Allocation Failure) 119M->119M(125M) 16.112ms
[2020-08-10T13:20:21.956+0300][2161.496s][info ][gc] GC(70758) Pause Young (Allocation Failure) 119M->119M(125M) 13.842ms
[2020-08-10T13:20:21.970+0300][2161.510s][info ][gc] GC(70759) Pause Young (Allocation Failure) 119M->119M(125M) 13.838ms
[2020-08-10T13:20:21.985+0300][2161.524s][info ][gc] GC(70760) Pause Young (Allocation Failure) 120M->120M(125M) 13.936ms
[2020-08-10T13:20:21.999+0300][2161.538s][info ][gc] GC(70761) Pause Young (Allocation Failure) 120M->120M(125M) 13.978ms
[2020-08-10T13:20:22.014+0300][2161.553s][info ][gc] GC(70762) Pause Young (Allocation Failure) 121M->121M(125M) 14.061ms
[2020-08-10T13:20:22.028+0300][2161.567s][info ][gc] GC(70763) Pause Young (Allocation Failure) 121M->121M(125M) 14.001ms
[2020-08-10T13:20:22.042+0300][2161.582s][info ][gc] GC(70764) Pause Young (Allocation Failure) 122M->122M(125M) 13.992ms
[2020-08-10T13:20:22.057+0300][2161.596s][info ][gc] GC(70765) Pause Young (Allocation Failure) 122M->122M(125M) 14.081ms
[2020-08-10T13:20:22.071+0300][2161.611s][info ][gc] GC(70766) Pause Young (Allocation Failure) 123M->123M(125M) 14.253ms
[2020-08-10T13:20:22.086+0300][2161.626s][info ][gc] GC(70767) Pause Young (Allocation Failure) 123M->123M(125M) 14.539ms
[2020-08-10T13:20:22.104+0300][2161.643s][info ][gc] GC(70768) Pause Young (Allocation Failure) 124M->124M(125M) 17.057ms
[2020-08-10T13:20:22.544+0300][2162.084s][debug][gc] GC(70769) Expanding ParOldGen from 126976K by 10752K to 137728K
[2020-08-10T13:20:22.544+0300][2162.084s][info ][gc] GC(70769) Pause Full (Ergonomics) 124M->123M(136M) 440.458ms
[2020-08-10T13:20:22.560+0300][2162.100s][info ][gc] GC(70770) Pause Young (Allocation Failure) 124M->124M(136M) 15.397ms
[2020-08-10T13:20:22.595+0300][2162.135s][info ][gc] GC(70771) Pause Young (Allocation Failure) 124M->124M(136M) 34.448ms
[2020-08-10T13:20:22.614+0300][2162.153s][info ][gc] GC(70772) Pause Young (Allocation Failure) 124M->124M(136M) 18.124ms
[2020-08-10T13:20:22.632+0300][2162.172s][info ][gc] GC(70773) Pause Young (Allocation Failure) 125M->125M(136M) 18.053ms
[2020-08-10T13:20:22.647+0300][2162.187s][info ][gc] GC(70774) Pause Young (Allocation Failure) 125M->125M(136M) 14.625ms
[2020-08-10T13:20:22.662+0300][2162.202s][info ][gc] GC(70775) Pause Young (Allocation Failure) 126M->126M(136M) 14.564ms
[2020-08-10T13:20:22.677+0300][2162.216s][info ][gc] GC(70776) Pause Young (Allocation Failure) 126M->126M(136M) 14.639ms
[2020-08-10T13:20:22.692+0300][2162.231s][info ][gc] GC(70777) Pause Young (Allocation Failure) 127M->127M(136M) 14.647ms
[2020-08-10T13:20:22.707+0300][2162.247s][info ][gc] GC(70778) Pause Young (Allocation Failure) 127M->127M(136M) 14.662ms
[2020-08-10T13:20:22.723+0300][2162.262s][info ][gc] GC(70779) Pause Young (Allocation Failure) 128M->128M(136M) 15.050ms
[2020-08-10T13:20:22.738+0300][2162.277s][info ][gc] GC(70780) Pause Young (Allocation Failure) 128M->128M(136M) 14.613ms
[2020-08-10T13:20:22.753+0300][2162.292s][info ][gc] GC(70781) Pause Young (Allocation Failure) 129M->129M(136M) 14.598ms
[2020-08-10T13:20:22.768+0300][2162.307s][info ][gc] GC(70782) Pause Young (Allocation Failure) 129M->129M(136M) 14.781ms
[2020-08-10T13:20:22.783+0300][2162.322s][info ][gc] GC(70783) Pause Young (Allocation Failure) 130M->130M(136M) 14.645ms
[2020-08-10T13:20:22.802+0300][2162.341s][info ][gc] GC(70784) Pause Young (Allocation Failure) 130M->130M(136M) 18.359ms
[2020-08-10T13:20:22.819+0300][2162.358s][info ][gc] GC(70785) Pause Young (Allocation Failure) 131M->130M(136M) 16.785ms
[2020-08-10T13:20:22.842+0300][2162.381s][info ][gc] GC(70786) Pause Young (Allocation Failure) 131M->131M(136M) 22.086ms
[2020-08-10T13:20:22.857+0300][2162.397s][info ][gc] GC(70787) Pause Young (Allocation Failure) 131M->131M(136M) 15.330ms
[2020-08-10T13:20:22.873+0300][2162.412s][info ][gc] GC(70788) Pause Young (Allocation Failure) 132M->132M(136M) 15.198ms
[2020-08-10T13:20:22.888+0300][2162.428s][info ][gc] GC(70789) Pause Young (Allocation Failure) 132M->132M(136M) 15.067ms
[2020-08-10T13:20:22.912+0300][2162.451s][info ][gc] GC(70790) Pause Young (Allocation Failure) 133M->133M(136M) 22.684ms
[2020-08-10T13:20:22.930+0300][2162.470s][info ][gc] GC(70791) Pause Young (Allocation Failure) 133M->133M(136M) 18.544ms
[2020-08-10T13:20:22.950+0300][2162.490s][info ][gc] GC(70792) Pause Young (Allocation Failure) 134M->134M(136M) 19.309ms
[2020-08-10T13:20:22.970+0300][2162.510s][info ][gc] GC(70793) Pause Young (Allocation Failure) 134M->134M(136M) 19.820ms
[2020-08-10T13:20:23.402+0300][2162.942s][debug][gc] GC(70794) Expanding ParOldGen from 137728K by 10752K to 148480K
[2020-08-10T13:20:23.402+0300][2162.942s][info ][gc] GC(70794) Pause Full (Ergonomics) 134M->134M(146M) 431.804ms
[2020-08-10T13:20:23.424+0300][2162.964s][info ][gc] GC(70795) Pause Young (Allocation Failure) 134M->134M(146M) 21.499ms
[2020-08-10T13:20:23.440+0300][2162.979s][info ][gc] GC(70796) Pause Young (Allocation Failure) 135M->135M(146M) 15.263ms
[2020-08-10T13:20:23.456+0300][2162.995s][info ][gc] GC(70797) Pause Young (Allocation Failure) 135M->135M(146M) 15.260ms
[2020-08-10T13:20:23.476+0300][2163.016s][info ][gc] GC(70798) Pause Young (Allocation Failure) 136M->136M(146M) 20.325ms
[2020-08-10T13:20:23.492+0300][2163.031s][info ][gc] GC(70799) Pause Young (Allocation Failure) 136M->136M(146M) 15.115ms
[2020-08-10T13:20:23.508+0300][2163.047s][info ][gc] GC(70800) Pause Young (Allocation Failure) 136M->136M(146M) 14.947ms
[2020-08-10T13:20:23.523+0300][2163.062s][info ][gc] GC(70801) Pause Young (Allocation Failure) 137M->137M(146M) 14.961ms
[2020-08-10T13:20:23.539+0300][2163.078s][info ][gc] GC(70802) Pause Young (Allocation Failure) 137M->137M(146M) 15.172ms
[2020-08-10T13:20:23.554+0300][2163.094s][info ][gc] GC(70803) Pause Young (Allocation Failure) 138M->138M(146M) 15.170ms
[2020-08-10T13:20:23.570+0300][2163.110s][info ][gc] GC(70804) Pause Young (Allocation Failure) 138M->138M(146M) 15.774ms
[2020-08-10T13:20:23.589+0300][2163.129s][info ][gc] GC(70805) Pause Young (Allocation Failure) 139M->139M(146M) 18.495ms
[2020-08-10T13:20:23.605+0300][2163.144s][info ][gc] GC(70806) Pause Young (Allocation Failure) 139M->139M(146M) 15.446ms
[2020-08-10T13:20:23.621+0300][2163.160s][info ][gc] GC(70807) Pause Young (Allocation Failure) 140M->140M(146M) 15.415ms
[2020-08-10T13:20:23.637+0300][2163.176s][info ][gc] GC(70808) Pause Young (Allocation Failure) 140M->140M(146M) 15.845ms
[2020-08-10T13:20:23.653+0300][2163.192s][info ][gc] GC(70809) Pause Young (Allocation Failure) 141M->141M(146M) 15.438ms
[2020-08-10T13:20:23.668+0300][2163.208s][info ][gc] GC(70810) Pause Young (Allocation Failure) 141M->141M(146M) 15.328ms
[2020-08-10T13:20:23.684+0300][2163.224s][info ][gc] GC(70811) Pause Young (Allocation Failure) 142M->142M(146M) 15.326ms
[2020-08-10T13:20:23.703+0300][2163.242s][info ][gc] GC(70812) Pause Young (Allocation Failure) 142M->142M(146M) 18.449ms
[2020-08-10T13:20:23.719+0300][2163.258s][info ][gc] GC(70813) Pause Young (Allocation Failure) 143M->142M(146M) 15.563ms
[2020-08-10T13:20:23.735+0300][2163.274s][info ][gc] GC(70814) Pause Young (Allocation Failure) 143M->143M(146M) 15.519ms
[2020-08-10T13:20:23.751+0300][2163.290s][info ][gc] GC(70815) Pause Young (Allocation Failure) 143M->143M(146M) 15.688ms
[2020-08-10T13:20:23.770+0300][2163.310s][info ][gc] GC(70816) Pause Young (Allocation Failure) 144M->144M(146M) 18.629ms
[2020-08-10T13:20:23.786+0300][2163.326s][info ][gc] GC(70817) Pause Young (Allocation Failure) 144M->144M(146M) 15.677ms
[2020-08-10T13:20:23.802+0300][2163.342s][info ][gc] GC(70818) Pause Young (Allocation Failure) 145M->145M(146M) 15.706ms
[2020-08-10T13:20:24.382+0300][2163.922s][debug][gc] GC(70819) Expanding ParOldGen from 148480K by 10752K to 159232K
[2020-08-10T13:20:24.382+0300][2163.922s][info ][gc] GC(70819) Pause Full (Ergonomics) 145M->144M(157M) 579.946ms
[2020-08-10T13:20:24.398+0300][2163.937s][info ][gc] GC(70820) Pause Young (Allocation Failure) 145M->145M(157M) 14.535ms
[2020-08-10T13:20:24.436+0300][2163.976s][info ][gc] GC(70821) Pause Young (Allocation Failure) 145M->145M(157M) 37.724ms
[2020-08-10T13:20:24.452+0300][2163.992s][info ][gc] GC(70822) Pause Young (Allocation Failure) 146M->146M(157M) 15.851ms
[2020-08-10T13:20:24.469+0300][2164.008s][info ][gc] GC(70823) Pause Young (Allocation Failure) 146M->146M(157M) 15.955ms
[2020-08-10T13:20:24.485+0300][2164.025s][info ][gc] GC(70824) Pause Young (Allocation Failure) 147M->146M(157M) 15.918ms
[2020-08-10T13:20:24.485+0300][2164.025s][debug][gc] Expanding ParOldGen from 159232K by 19968K to 179200K
[2020-08-10T13:20:24.529+0300][2164.069s][info ][gc] GC(70825) Pause Young (Allocation Failure) 166M->166M(176M) 35.398ms
[2020-08-10T13:20:24.578+0300][2164.118s][info ][gc] GC(70826) Pause Young (Allocation Failure) 166M->166M(176M) 48.513ms
[2020-08-10T13:20:24.611+0300][2164.150s][info ][gc] GC(70827) Pause Young (Allocation Failure) 167M->167M(176M) 32.249ms
[2020-08-10T13:20:24.638+0300][2164.178s][info ][gc] GC(70828) Pause Young (Allocation Failure) 167M->167M(176M) 26.922ms
[2020-08-10T13:20:24.675+0300][2164.214s][info ][gc] GC(70829) Pause Young (Allocation Failure) 168M->168M(176M) 36.083ms
[2020-08-10T13:20:24.720+0300][2164.260s][info ][gc] GC(70830) Pause Young (Allocation Failure) 168M->168M(176M) 44.995ms
[2020-08-10T13:20:24.765+0300][2164.305s][info ][gc] GC(70831) Pause Young (Allocation Failure) 169M->169M(176M) 44.570ms
[2020-08-10T13:20:24.794+0300][2164.333s][info ][gc] GC(70832) Pause Young (Allocation Failure) 169M->169M(176M) 27.806ms
[2020-08-10T13:20:24.821+0300][2164.360s][info ][gc] GC(70833) Pause Young (Allocation Failure) 170M->170M(176M) 26.526ms
[2020-08-10T13:20:24.867+0300][2164.406s][info ][gc] GC(70834) Pause Young (Allocation Failure) 170M->170M(176M) 45.685ms
[2020-08-10T13:20:24.895+0300][2164.435s][info ][gc] GC(70835) Pause Young (Allocation Failure) 171M->171M(176M) 28.213ms
[2020-08-10T13:20:24.923+0300][2164.463s][info ][gc] GC(70836) Pause Young (Allocation Failure) 171M->171M(176M) 27.512ms
[2020-08-10T13:20:24.951+0300][2164.490s][info ][gc] GC(70837) Pause Young (Allocation Failure) 172M->171M(176M) 26.880ms
[2020-08-10T13:20:24.977+0300][2164.517s][info ][gc] GC(70838) Pause Young (Allocation Failure) 172M->172M(176M) 26.331ms
[2020-08-10T13:20:25.029+0300][2164.568s][info ][gc] GC(70839) Pause Young (Allocation Failure) 172M->172M(176M) 51.126ms
[2020-08-10T13:20:25.056+0300][2164.595s][info ][gc] GC(70840) Pause Young (Allocation Failure) 173M->173M(176M) 26.406ms
[2020-08-10T13:20:25.086+0300][2164.626s][info ][gc] GC(70841) Pause Young (Allocation Failure) 173M->173M(176M) 30.073ms
[2020-08-10T13:20:25.114+0300][2164.654s][info ][gc] GC(70842) Pause Young (Allocation Failure) 174M->174M(176M) 27.469ms
[2020-08-10T13:20:25.141+0300][2164.681s][info ][gc] GC(70843) Pause Young (Allocation Failure) 174M->174M(176M) 26.607ms
[2020-08-10T13:20:25.187+0300][2164.727s][info ][gc] GC(70844) Pause Young (Allocation Failure) 175M->175M(176M) 45.914ms
[2020-08-10T13:20:25.319+0300][2164.858s][debug][gc] GC(70845) Shrinking ParOldGen from 179200K by 125952K to 53248K
[2020-08-10T13:20:25.319+0300][2164.858s][info ][gc] GC(70845) Pause Full (Ergonomics) 175M->41M(53M) 131.347ms
[2020-08-10T13:20:25.333+0300][2164.872s][info ][gc] GC(70846) Pause Young (Allocation Failure) 41M->41M(53M) 13.608ms
[2020-08-10T13:20:25.347+0300][2164.887s][info ][gc] GC(70847) Pause Young (Allocation Failure) 42M->42M(53M) 14.131ms
[2020-08-10T13:20:25.361+0300][2164.901s][info ][gc] GC(70848) Pause Young (Allocation Failure) 42M->42M(53M) 13.690ms
[2020-08-10T13:20:25.375+0300][2164.915s][info ][gc] GC(70849) Pause Young (Allocation Failure) 43M->43M(53M) 13.614ms
[2020-08-10T13:20:25.389+0300][2164.929s][info ][gc] GC(70850) Pause Young (Allocation Failure) 43M->43M(53M) 13.453ms
[2020-08-10T13:20:25.403+0300][2164.943s][info ][gc] GC(70851) Pause Young (Allocation Failure) 44M->44M(53M) 13.421ms
[2020-08-10T13:20:25.417+0300][2164.957s][info ][gc] GC(70852) Pause Young (Allocation Failure) 44M->44M(53M) 13.563ms
[2020-08-10T13:20:25.431+0300][2164.971s][info ][gc] GC(70853) Pause Young (Allocation Failure) 45M->45M(53M) 13.237ms
[2020-08-10T13:20:25.445+0300][2164.984s][info ][gc] GC(70854) Pause Young (Allocation Failure) 45M->45M(53M) 13.319ms
[2020-08-10T13:20:25.459+0300][2164.998s][info ][gc] GC(70855) Pause Young (Allocation Failure) 46M->45M(53M) 13.336ms
[2020-08-10T13:20:25.473+0300][2165.012s][info ][gc] GC(70856) Pause Young (Allocation Failure) 46M->46M(53M) 13.597ms
[2020-08-10T13:20:25.487+0300][2165.026s][info ][gc] GC(70857) Pause Young (Allocation Failure) 46M->46M(53M) 13.478ms
[2020-08-10T13:20:25.501+0300][2165.040s][info ][gc] GC(70858) Pause Young (Allocation Failure) 47M->47M(53M) 13.626ms
[2020-08-10T13:20:25.515+0300][2165.054s][info ][gc] GC(70859) Pause Young (Allocation Failure) 47M->47M(53M) 13.237ms
[2020-08-10T13:20:25.528+0300][2165.068s][info ][gc] GC(70860) Pause Young (Allocation Failure) 48M->48M(53M) 13.264ms
[2020-08-10T13:20:25.542+0300][2165.081s][info ][gc] GC(70861) Pause Young (Allocation Failure) 48M->48M(53M) 13.385ms
[2020-08-10T13:20:25.556+0300][2165.096s][info ][gc] GC(70862) Pause Young (Allocation Failure) 49M->49M(53M) 13.612ms
[2020-08-10T13:20:25.570+0300][2165.109s][info ][gc] GC(70863) Pause Young (Allocation Failure) 49M->49M(53M) 13.365ms
[2020-08-10T13:20:25.593+0300][2165.132s][info ][gc] GC(70864) Pause Young (Allocation Failure) 50M->50M(53M) 22.725ms
[2020-08-10T13:20:25.608+0300][2165.148s][info ][gc] GC(70865) Pause Young (Allocation Failure) 50M->50M(53M) 14.627ms
[2020-08-10T13:20:25.622+0300][2165.162s][info ][gc] GC(70866) Pause Young (Allocation Failure) 51M->51M(53M) 13.687ms
[2020-08-10T13:20:25.636+0300][2165.176s][info ][gc] GC(70867) Pause Young (Allocation Failure) 51M->51M(53M) 13.682ms
[2020-08-10T13:20:25.651+0300][2165.190s][info ][gc] GC(70868) Pause Young (Allocation Failure) 52M->52M(53M) 13.919ms
[2020-08-10T13:20:25.795+0300][2165.335s][debug][gc] GC(70869) Expanding ParOldGen from 53248K by 10752K to 64000K
[2020-08-10T13:20:25.795+0300][2165.335s][info ][gc] GC(70869) Pause Full (Ergonomics) 52M->51M(64M) 144.419ms
[2020-08-10T13:20:25.810+0300][2165.349s][info ][gc] GC(70870) Pause Young (Allocation Failure) 52M->52M(64M) 13.546ms
[2020-08-10T13:20:25.824+0300][2165.364s][info ][gc] GC(70871) Pause Young (Allocation Failure) 53M->53M(64M) 13.847ms
[2020-08-10T13:20:25.838+0300][2165.378s][info ][gc] GC(70872) Pause Young (Allocation Failure) 54M->54M(64M) 13.647ms
[2020-08-10T13:20:25.852+0300][2165.392s][info ][gc] GC(70873) Pause Young (Allocation Failure) 54M->54M(64M) 13.470ms
[2020-08-10T13:20:25.866+0300][2165.406s][info ][gc] GC(70874) Pause Young (Allocation Failure) 55M->54M(64M) 13.500ms
[2020-08-10T13:20:25.880+0300][2165.420s][info ][gc] GC(70875) Pause Young (Allocation Failure) 55M->55M(63M) 13.320ms
[2020-08-10T13:20:25.894+0300][2165.433s][info ][gc] GC(70876) Pause Young (Allocation Failure) 55M->55M(64M) 13.300ms
[2020-08-10T13:20:25.908+0300][2165.447s][info ][gc] GC(70877) Pause Young (Allocation Failure) 56M->56M(64M) 13.512ms
[2020-08-10T13:20:25.921+0300][2165.461s][info ][gc] GC(70878) Pause Young (Allocation Failure) 56M->56M(64M) 13.374ms
[2020-08-10T13:20:25.935+0300][2165.475s][info ][gc] GC(70879) Pause Young (Allocation Failure) 57M->57M(64M) 13.481ms
[2020-08-10T13:20:25.949+0300][2165.488s][info ][gc] GC(70880) Pause Young (Allocation Failure) 57M->57M(64M) 13.274ms
[2020-08-10T13:20:25.963+0300][2165.502s][info ][gc] GC(70881) Pause Young (Allocation Failure) 58M->58M(64M) 13.512ms
[2020-08-10T13:20:25.977+0300][2165.517s][info ][gc] GC(70882) Pause Young (Allocation Failure) 58M->58M(64M) 13.636ms
[2020-08-10T13:20:25.991+0300][2165.530s][info ][gc] GC(70883) Pause Young (Allocation Failure) 59M->59M(64M) 13.473ms
[2020-08-10T13:20:26.004+0300][2165.544s][info ][gc] GC(70884) Pause Young (Allocation Failure) 59M->59M(64M) 13.337ms
[2020-08-10T13:20:26.019+0300][2165.558s][info ][gc] GC(70885) Pause Young (Allocation Failure) 60M->60M(64M) 13.540ms
[2020-08-10T13:20:26.032+0300][2165.572s][info ][gc] GC(70886) Pause Young (Allocation Failure) 60M->60M(64M) 13.539ms
[2020-08-10T13:20:26.046+0300][2165.586s][info ][gc] GC(70887) Pause Young (Allocation Failure) 61M->61M(64M) 13.396ms
[2020-08-10T13:20:26.060+0300][2165.600s][info ][gc] GC(70888) Pause Young (Allocation Failure) 61M->61M(64M) 13.190ms
[2020-08-10T13:20:26.074+0300][2165.613s][info ][gc] GC(70889) Pause Young (Allocation Failure) 61M->61M(64M) 13.286ms
[2020-08-10T13:20:26.106+0300][2165.646s][info ][gc] GC(70890) Pause Young (Allocation Failure) 62M->62M(64M) 31.684ms
[2020-08-10T13:20:26.255+0300][2165.795s][debug][gc] GC(70891) Expanding ParOldGen from 64000K by 10752K to 74752K
[2020-08-10T13:20:26.255+0300][2165.795s][info ][gc] GC(70891) Pause Full (Ergonomics) 62M->61M(74M) 148.937ms
[2020-08-10T13:20:26.269+0300][2165.808s][info ][gc] GC(70892) Pause Young (Allocation Failure) 62M->62M(74M) 13.266ms
[2020-08-10T13:20:26.283+0300][2165.822s][info ][gc] GC(70893) Pause Young (Allocation Failure) 62M->62M(74M) 13.492ms
[2020-08-10T13:20:26.297+0300][2165.836s][info ][gc] GC(70894) Pause Young (Allocation Failure) 63M->63M(74M) 13.844ms
[2020-08-10T13:20:26.311+0300][2165.851s][info ][gc] GC(70895) Pause Young (Allocation Failure) 63M->63M(74M) 13.989ms
[2020-08-10T13:20:26.325+0300][2165.864s][info ][gc] GC(70896) Pause Young (Allocation Failure) 64M->64M(74M) 13.287ms
[2020-08-10T13:20:26.339+0300][2165.878s][info ][gc] GC(70897) Pause Young (Allocation Failure) 64M->64M(74M) 13.368ms
[2020-08-10T13:20:26.353+0300][2165.892s][info ][gc] GC(70898) Pause Young (Allocation Failure) 65M->65M(74M) 13.608ms
[2020-08-10T13:20:26.367+0300][2165.907s][info ][gc] GC(70899) Pause Young (Allocation Failure) 65M->65M(74M) 14.402ms
[2020-08-10T13:20:26.382+0300][2165.921s][info ][gc] GC(70900) Pause Young (Allocation Failure) 66M->66M(74M) 13.893ms
[2020-08-10T13:20:26.396+0300][2165.935s][info ][gc] GC(70901) Pause Young (Allocation Failure) 66M->66M(74M) 13.546ms
[2020-08-10T13:20:26.410+0300][2165.950s][info ][gc] GC(70902) Pause Young (Allocation Failure) 67M->67M(74M) 13.569ms
[2020-08-10T13:20:26.424+0300][2165.964s][info ][gc] GC(70903) Pause Young (Allocation Failure) 67M->67M(74M) 13.618ms
[2020-08-10T13:20:26.442+0300][2165.981s][info ][gc] GC(70904) Pause Young (Allocation Failure) 67M->67M(74M) 16.918ms
[2020-08-10T13:20:26.456+0300][2165.995s][info ][gc] GC(70905) Pause Young (Allocation Failure) 68M->68M(74M) 13.411ms
[2020-08-10T13:20:26.471+0300][2166.010s][info ][gc] GC(70906) Pause Young (Allocation Failure) 68M->68M(74M) 14.125ms
[2020-08-10T13:20:26.485+0300][2166.024s][info ][gc] GC(70907) Pause Young (Allocation Failure) 69M->69M(74M) 13.392ms
[2020-08-10T13:20:26.499+0300][2166.038s][info ][gc] GC(70908) Pause Young (Allocation Failure) 69M->69M(74M) 13.375ms
[2020-08-10T13:20:26.512+0300][2166.052s][info ][gc] GC(70909) Pause Young (Allocation Failure) 70M->70M(74M) 13.378ms
[2020-08-10T13:20:26.526+0300][2166.066s][info ][gc] GC(70910) Pause Young (Allocation Failure) 70M->70M(74M) 13.338ms
[2020-08-10T13:20:26.540+0300][2166.079s][info ][gc] GC(70911) Pause Young (Allocation Failure) 71M->71M(74M) 13.358ms
[2020-08-10T13:20:26.554+0300][2166.093s][info ][gc] GC(70912) Pause Young (Allocation Failure) 71M->71M(74M) 13.581ms
[2020-08-10T13:20:26.568+0300][2166.108s][info ][gc] GC(70913) Pause Young (Allocation Failure) 72M->72M(74M) 13.581ms
[2020-08-10T13:20:26.590+0300][2166.129s][info ][gc] GC(70914) Pause Young (Allocation Failure) 72M->72M(74M) 21.427ms
[2020-08-10T13:20:26.604+0300][2166.143s][info ][gc] GC(70915) Pause Young (Allocation Failure) 73M->72M(74M) 13.465ms
[2020-08-10T13:20:26.783+0300][2166.323s][debug][gc] GC(70916) Expanding ParOldGen from 74752K by 10752K to 85504K
[2020-08-10T13:20:26.783+0300][2166.323s][info ][gc] GC(70916) Pause Full (Ergonomics) 72M->72M(85M) 179.238ms
[2020-08-10T13:20:26.798+0300][2166.337s][info ][gc] GC(70917) Pause Young (Allocation Failure) 73M->73M(84M) 13.718ms
[2020-08-10T13:20:26.812+0300][2166.351s][info ][gc] GC(70918) Pause Young (Allocation Failure) 73M->73M(85M) 13.446ms
[2020-08-10T13:20:26.827+0300][2166.366s][info ][gc] GC(70919) Pause Young (Allocation Failure) 74M->74M(85M) 14.691ms
[2020-08-10T13:20:26.841+0300][2166.381s][info ][gc] GC(70920) Pause Young (Allocation Failure) 74M->74M(85M) 13.730ms
[2020-08-10T13:20:26.856+0300][2166.396s][info ][gc] GC(70921) Pause Young (Allocation Failure) 75M->75M(85M) 14.533ms
[2020-08-10T13:20:26.870+0300][2166.410s][info ][gc] GC(70922) Pause Young (Allocation Failure) 75M->75M(85M) 13.541ms
[2020-08-10T13:20:26.884+0300][2166.424s][info ][gc] GC(70923) Pause Young (Allocation Failure) 76M->76M(85M) 13.739ms
[2020-08-10T13:20:26.902+0300][2166.442s][info ][gc] GC(70924) Pause Young (Allocation Failure) 76M->76M(85M) 17.424ms
[2020-08-10T13:20:26.917+0300][2166.456s][info ][gc] GC(70925) Pause Young (Allocation Failure) 77M->77M(85M) 13.774ms
[2020-08-10T13:20:26.931+0300][2166.470s][info ][gc] GC(70926) Pause Young (Allocation Failure) 77M->77M(85M) 13.675ms
[2020-08-10T13:20:26.945+0300][2166.484s][info ][gc] GC(70927) Pause Young (Allocation Failure) 78M->78M(85M) 13.469ms
[2020-08-10T13:20:26.959+0300][2166.499s][info ][gc] GC(70928) Pause Young (Allocation Failure) 78M->78M(85M) 13.839ms
[2020-08-10T13:20:26.973+0300][2166.513s][info ][gc] GC(70929) Pause Young (Allocation Failure) 79M->79M(85M) 13.422ms
[2020-08-10T13:20:26.987+0300][2166.526s][info ][gc] GC(70930) Pause Young (Allocation Failure) 79M->79M(85M) 13.299ms
[2020-08-10T13:20:27.001+0300][2166.540s][info ][gc] GC(70931) Pause Young (Allocation Failure) 79M->79M(85M) 13.286ms
[2020-08-10T13:20:27.014+0300][2166.554s][info ][gc] GC(70932) Pause Young (Allocation Failure) 80M->80M(85M) 13.297ms
[2020-08-10T13:20:27.028+0300][2166.568s][info ][gc] GC(70933) Pause Young (Allocation Failure) 80M->80M(85M) 13.369ms
[2020-08-10T13:20:27.042+0300][2166.582s][info ][gc] GC(70934) Pause Young (Allocation Failure) 81M->81M(85M) 13.347ms
[2020-08-10T13:20:27.056+0300][2166.596s][info ][gc] GC(70935) Pause Young (Allocation Failure) 81M->81M(85M) 13.386ms
[2020-08-10T13:20:27.070+0300][2166.609s][info ][gc] GC(70936) Pause Young (Allocation Failure) 82M->82M(85M) 13.584ms
[2020-08-10T13:20:27.084+0300][2166.624s][info ][gc] GC(70937) Pause Young (Allocation Failure) 82M->82M(85M) 13.572ms
[2020-08-10T13:20:27.098+0300][2166.637s][info ][gc] GC(70938) Pause Young (Allocation Failure) 83M->83M(85M) 13.380ms
[2020-08-10T13:20:27.112+0300][2166.651s][info ][gc] GC(70939) Pause Young (Allocation Failure) 83M->83M(85M) 13.417ms
[2020-08-10T13:20:27.340+0300][2166.880s][debug][gc] GC(70940) Expanding ParOldGen from 85504K by 10752K to 96256K
[2020-08-10T13:20:27.340+0300][2166.880s][info ][gc] GC(70940) Pause Full (Ergonomics) 83M->83M(95M) 228.215ms
[2020-08-10T13:20:27.354+0300][2166.893s][info ][gc] GC(70941) Pause Young (Allocation Failure) 83M->83M(95M) 13.273ms
[2020-08-10T13:20:27.367+0300][2166.907s][info ][gc] GC(70942) Pause Young (Allocation Failure) 84M->84M(95M) 13.425ms
[2020-08-10T13:20:27.381+0300][2166.921s][info ][gc] GC(70943) Pause Young (Allocation Failure) 84M->84M(95M) 13.596ms
[2020-08-10T13:20:27.396+0300][2166.935s][info ][gc] GC(70944) Pause Young (Allocation Failure) 85M->85M(95M) 13.699ms
[2020-08-10T13:20:27.410+0300][2166.950s][info ][gc] GC(70945) Pause Young (Allocation Failure) 86M->86M(96M) 14.103ms
[2020-08-10T13:20:27.436+0300][2166.975s][info ][gc] GC(70946) Pause Young (Allocation Failure) 87M->87M(96M) 24.835ms
[2020-08-10T13:20:27.451+0300][2166.990s][info ][gc] GC(70947) Pause Young (Allocation Failure) 88M->88M(96M) 13.976ms
[2020-08-10T13:20:27.465+0300][2167.005s][info ][gc] GC(70948) Pause Young (Allocation Failure) 89M->89M(96M) 14.134ms
[2020-08-10T13:20:27.480+0300][2167.020s][info ][gc] GC(70949) Pause Young (Allocation Failure) 90M->90M(96M) 13.982ms
[2020-08-10T13:20:27.510+0300][2167.050s][info ][gc] GC(70950) Pause Young (Allocation Failure) 91M->91M(96M) 29.383ms
[2020-08-10T13:20:27.537+0300][2167.077s][info ][gc] GC(70951) Pause Young (Allocation Failure) 92M->91M(96M) 26.582ms
[2020-08-10T13:20:27.560+0300][2167.100s][info ][gc] GC(70952) Pause Young (Allocation Failure) 92M->92M(96M) 22.217ms
[2020-08-10T13:20:27.587+0300][2167.126s][info ][gc] GC(70953) Pause Young (Allocation Failure) 93M->93M(96M) 25.665ms
[2020-08-10T13:20:27.855+0300][2167.395s][debug][gc] GC(70954) Expanding ParOldGen from 96256K by 11264K to 107520K
[2020-08-10T13:20:27.855+0300][2167.395s][info ][gc] GC(70954) Pause Full (Ergonomics) 93M->93M(107M) 268.665ms
[2020-08-10T13:20:27.870+0300][2167.409s][info ][gc] GC(70955) Pause Young (Allocation Failure) 94M->94M(107M) 13.897ms
[2020-08-10T13:20:27.897+0300][2167.436s][info ][gc] GC(70956) Pause Young (Allocation Failure) 95M->95M(107M) 25.862ms
[2020-08-10T13:20:27.911+0300][2167.451s][info ][gc] GC(70957) Pause Young (Allocation Failure) 96M->96M(107M) 13.937ms
[2020-08-10T13:20:27.926+0300][2167.466s][info ][gc] GC(70958) Pause Young (Allocation Failure) 97M->97M(107M) 14.304ms
[2020-08-10T13:20:27.941+0300][2167.481s][info ][gc] GC(70959) Pause Young (Allocation Failure) 98M->98M(107M) 14.292ms
[2020-08-10T13:20:27.956+0300][2167.495s][info ][gc] GC(70960) Pause Young (Allocation Failure) 99M->99M(107M) 14.294ms
[2020-08-10T13:20:27.971+0300][2167.510s][info ][gc] GC(70961) Pause Young (Allocation Failure) 100M->99M(107M) 14.659ms
[2020-08-10T13:20:27.997+0300][2167.537s][info ][gc] GC(70962) Pause Young (Allocation Failure) 100M->100M(107M) 25.745ms
[2020-08-10T13:20:28.013+0300][2167.553s][info ][gc] GC(70963) Pause Young (Allocation Failure) 101M->101M(107M) 15.803ms
[2020-08-10T13:20:28.032+0300][2167.571s][info ][gc] GC(70964) Pause Young (Allocation Failure) 102M->102M(107M) 17.584ms
[2020-08-10T13:20:28.047+0300][2167.586s][info ][gc] GC(70965) Pause Young (Allocation Failure) 103M->103M(107M) 14.459ms
[2020-08-10T13:20:28.062+0300][2167.601s][info ][gc] GC(70966) Pause Young (Allocation Failure) 104M->104M(107M) 14.780ms
[2020-08-10T13:20:28.094+0300][2167.634s][info ][gc] GC(70967) Pause Young (Allocation Failure) 105M->105M(107M) 31.537ms
[2020-08-10T13:20:28.456+0300][2167.996s][debug][gc] GC(70968) Expanding ParOldGen from 107520K by 11264K to 118784K
[2020-08-10T13:20:28.456+0300][2167.996s][info ][gc] GC(70968) Pause Full (Ergonomics) 105M->105M(118M) 362.033ms
[2020-08-10T13:20:28.513+0300][2168.053s][info ][gc] GC(70969) Pause Young (Allocation Failure) 106M->106M(118M) 56.660ms
[2020-08-10T13:20:28.530+0300][2168.069s][info ][gc] GC(70970) Pause Young (Allocation Failure) 107M->107M(118M) 15.627ms
[2020-08-10T13:20:28.546+0300][2168.086s][info ][gc] GC(70971) Pause Young (Allocation Failure) 108M->107M(118M) 15.599ms
[2020-08-10T13:20:28.562+0300][2168.102s][info ][gc] GC(70972) Pause Young (Allocation Failure) 108M->108M(118M) 15.605ms
[2020-08-10T13:20:28.591+0300][2168.131s][info ][gc] GC(70973) Pause Young (Allocation Failure) 109M->109M(118M) 27.514ms
[2020-08-10T13:20:28.608+0300][2168.147s][info ][gc] GC(70974) Pause Young (Allocation Failure) 110M->110M(118M) 16.084ms
[2020-08-10T13:20:28.629+0300][2168.169s][info ][gc] GC(70975) Pause Young (Allocation Failure) 111M->111M(118M) 21.200ms
[2020-08-10T13:20:28.646+0300][2168.186s][info ][gc] GC(70976) Pause Young (Allocation Failure) 112M->112M(118M) 16.207ms
[2020-08-10T13:20:28.664+0300][2168.203s][info ][gc] GC(70977) Pause Young (Allocation Failure) 113M->113M(118M) 16.905ms
[2020-08-10T13:20:28.681+0300][2168.220s][info ][gc] GC(70978) Pause Young (Allocation Failure) 114M->114M(118M) 16.425ms
[2020-08-10T13:20:28.697+0300][2168.237s][info ][gc] GC(70979) Pause Young (Allocation Failure) 115M->115M(118M) 16.099ms
[2020-08-10T13:20:28.714+0300][2168.254s][info ][gc] GC(70980) Pause Young (Allocation Failure) 116M->116M(118M) 16.412ms
[2020-08-10T13:20:29.106+0300][2168.645s][debug][gc] GC(70981) Expanding ParOldGen from 118784K by 11264K to 130048K
[2020-08-10T13:20:29.106+0300][2168.645s][info ][gc] GC(70981) Pause Full (Ergonomics) 116M->116M(129M) 391.665ms
[2020-08-10T13:20:29.146+0300][2168.685s][info ][gc] GC(70982) Pause Young (Allocation Failure) 117M->117M(129M) 38.990ms
[2020-08-10T13:20:29.182+0300][2168.722s][info ][gc] GC(70983) Pause Young (Allocation Failure) 118M->118M(129M) 35.766ms
[2020-08-10T13:20:29.204+0300][2168.744s][info ][gc] GC(70984) Pause Young (Allocation Failure) 119M->119M(129M) 21.444ms
[2020-08-10T13:20:29.231+0300][2168.771s][info ][gc] GC(70985) Pause Young (Allocation Failure) 120M->120M(129M) 26.937ms
[2020-08-10T13:20:29.249+0300][2168.789s][info ][gc] GC(70986) Pause Young (Allocation Failure) 121M->121M(129M) 17.738ms
[2020-08-10T13:20:29.275+0300][2168.815s][info ][gc] GC(70987) Pause Young (Allocation Failure) 122M->121M(129M) 25.401ms
[2020-08-10T13:20:29.293+0300][2168.833s][info ][gc] GC(70988) Pause Young (Allocation Failure) 122M->122M(129M) 17.645ms
[2020-08-10T13:20:29.321+0300][2168.860s][info ][gc] GC(70989) Pause Young (Allocation Failure) 123M->123M(129M) 26.897ms
[2020-08-10T13:20:29.339+0300][2168.879s][info ][gc] GC(70990) Pause Young (Allocation Failure) 124M->124M(129M) 17.696ms
[2020-08-10T13:20:29.367+0300][2168.907s][info ][gc] GC(70991) Pause Young (Allocation Failure) 125M->125M(129M) 27.774ms
[2020-08-10T13:20:29.398+0300][2168.937s][info ][gc] GC(70992) Pause Young (Allocation Failure) 126M->126M(129M) 30.156ms
[2020-08-10T13:20:29.420+0300][2168.960s][info ][gc] GC(70993) Pause Young (Allocation Failure) 127M->127M(129M) 21.999ms
[2020-08-10T13:20:29.851+0300][2169.391s][debug][gc] GC(70994) Expanding ParOldGen from 130048K by 11776K to 141824K
[2020-08-10T13:20:29.851+0300][2169.391s][info ][gc] GC(70994) Pause Full (Ergonomics) 127M->127M(141M) 430.924ms
[2020-08-10T13:20:29.903+0300][2169.443s][info ][gc] GC(70995) Pause Young (Allocation Failure) 128M->128M(141M) 51.401ms
[2020-08-10T13:20:29.922+0300][2169.462s][info ][gc] GC(70996) Pause Young (Allocation Failure) 129M->129M(141M) 17.620ms
[2020-08-10T13:20:29.947+0300][2169.486s][info ][gc] GC(70997) Pause Young (Allocation Failure) 130M->130M(141M) 23.359ms
[2020-08-10T13:20:29.965+0300][2169.505s][info ][gc] GC(70998) Pause Young (Allocation Failure) 131M->131M(141M) 18.173ms
[2020-08-10T13:20:29.997+0300][2169.536s][info ][gc] GC(70999) Pause Young (Allocation Failure) 132M->132M(141M) 31.017ms
[2020-08-10T13:20:30.020+0300][2169.560s][info ][gc] GC(71000) Pause Young (Allocation Failure) 133M->133M(141M) 23.439ms
[2020-08-10T13:20:30.039+0300][2169.579s][info ][gc] GC(71001) Pause Young (Allocation Failure) 134M->133M(141M) 18.435ms
[2020-08-10T13:20:30.062+0300][2169.602s][info ][gc] GC(71002) Pause Young (Allocation Failure) 134M->134M(141M) 22.761ms
[2020-08-10T13:20:30.088+0300][2169.628s][info ][gc] GC(71003) Pause Young (Allocation Failure) 135M->135M(141M) 25.349ms
[2020-08-10T13:20:30.108+0300][2169.648s][info ][gc] GC(71004) Pause Young (Allocation Failure) 136M->136M(141M) 19.706ms
[2020-08-10T13:20:30.127+0300][2169.667s][info ][gc] GC(71005) Pause Young (Allocation Failure) 137M->137M(141M) 18.490ms
[2020-08-10T13:20:30.148+0300][2169.688s][info ][gc] GC(71006) Pause Young (Allocation Failure) 138M->138M(141M) 20.316ms
[2020-08-10T13:20:30.611+0300][2170.150s][debug][gc] GC(71007) Expanding ParOldGen from 141824K by 11264K to 153088K
[2020-08-10T13:20:30.611+0300][2170.151s][info ][gc] GC(71007) Pause Full (Ergonomics) 138M->138M(152M) 462.539ms
[2020-08-10T13:20:30.647+0300][2170.187s][info ][gc] GC(71008) Pause Young (Allocation Failure) 139M->139M(152M) 35.696ms
[2020-08-10T13:20:30.678+0300][2170.218s][info ][gc] GC(71009) Pause Young (Allocation Failure) 140M->140M(152M) 30.570ms
[2020-08-10T13:20:30.701+0300][2170.241s][info ][gc] GC(71010) Pause Young (Allocation Failure) 141M->141M(152M) 22.429ms
[2020-08-10T13:20:30.721+0300][2170.261s][info ][gc] GC(71011) Pause Young (Allocation Failure) 142M->142M(152M) 19.778ms
[2020-08-10T13:20:30.753+0300][2170.293s][info ][gc] GC(71012) Pause Young (Allocation Failure) 143M->143M(152M) 31.609ms
[2020-08-10T13:20:30.773+0300][2170.313s][info ][gc] GC(71013) Pause Young (Allocation Failure) 144M->144M(152M) 19.108ms
[2020-08-10T13:20:30.793+0300][2170.333s][info ][gc] GC(71014) Pause Young (Allocation Failure) 145M->145M(152M) 19.225ms
[2020-08-10T13:20:30.821+0300][2170.361s][info ][gc] GC(71015) Pause Young (Allocation Failure) 146M->146M(152M) 28.004ms
[2020-08-10T13:20:30.852+0300][2170.392s][info ][gc] GC(71016) Pause Young (Allocation Failure) 147M->147M(152M) 30.347ms
[2020-08-10T13:20:30.853+0300][2170.392s][debug][gc] Expanding ParOldGen from 153088K by 19968K to 173056K
[2020-08-10T13:20:30.896+0300][2170.436s][info ][gc] GC(71017) Pause Young (Allocation Failure) 167M->167M(171M) 36.017ms
[2020-08-10T13:20:30.932+0300][2170.472s][info ][gc] GC(71018) Pause Young (Allocation Failure) 168M->168M(171M) 35.816ms
[2020-08-10T13:20:30.967+0300][2170.507s][info ][gc] GC(71019) Pause Young (Allocation Failure) 169M->169M(171M) 33.853ms
[2020-08-10T13:20:31.031+0300][2170.570s][debug][gc] GC(71020) Shrinking ParOldGen from 173056K by 124928K to 48128K
[2020-08-10T13:20:31.031+0300][2170.570s][info ][gc] GC(71020) Pause Full (Ergonomics) 169M->35M(49M) 63.804ms
[2020-08-10T13:20:31.046+0300][2170.585s][info ][gc] GC(71021) Pause Young (Allocation Failure) 36M->36M(49M) 14.474ms
[2020-08-10T13:20:31.062+0300][2170.602s][info ][gc] GC(71022) Pause Young (Allocation Failure) 37M->37M(49M) 15.674ms
[2020-08-10T13:20:31.076+0300][2170.616s][info ][gc] GC(71023) Pause Young (Allocation Failure) 38M->38M(49M) 14.062ms
[2020-08-10T13:20:31.091+0300][2170.631s][info ][gc] GC(71024) Pause Young (Allocation Failure) 39M->39M(49M) 14.232ms
[2020-08-10T13:20:31.105+0300][2170.645s][info ][gc] GC(71025) Pause Young (Allocation Failure) 40M->40M(49M) 13.969ms
[2020-08-10T13:20:31.120+0300][2170.660s][info ][gc] GC(71026) Pause Young (Allocation Failure) 41M->41M(49M) 13.929ms
[2020-08-10T13:20:31.134+0300][2170.674s][info ][gc] GC(71027) Pause Young (Allocation Failure) 42M->42M(49M) 13.936ms
[2020-08-10T13:20:31.148+0300][2170.688s][info ][gc] GC(71028) Pause Young (Allocation Failure) 43M->43M(49M) 13.928ms
[2020-08-10T13:20:31.163+0300][2170.703s][info ][gc] GC(71029) Pause Young (Allocation Failure) 44M->44M(49M) 14.118ms
[2020-08-10T13:20:31.193+0300][2170.733s][info ][gc] GC(71030) Pause Young (Allocation Failure) 45M->45M(49M) 29.550ms
[2020-08-10T13:20:31.217+0300][2170.757s][info ][gc] GC(71031) Pause Young (Allocation Failure) 46M->46M(49M) 23.319ms
[2020-08-10T13:20:31.235+0300][2170.774s][info ][gc] GC(71032) Pause Young (Allocation Failure) 47M->47M(49M) 17.013ms
[2020-08-10T13:20:31.356+0300][2170.896s][debug][gc] GC(71033) Expanding ParOldGen from 48128K by 11264K to 59392K
[2020-08-10T13:20:31.356+0300][2170.896s][info ][gc] GC(71033) Pause Full (Ergonomics) 47M->46M(60M) 121.701ms
[2020-08-10T13:20:31.370+0300][2170.910s][info ][gc] GC(71034) Pause Young (Allocation Failure) 47M->47M(60M) 13.389ms
[2020-08-10T13:20:31.392+0300][2170.932s][info ][gc] GC(71035) Pause Young (Allocation Failure) 48M->48M(60M) 21.147ms
[2020-08-10T13:20:31.412+0300][2170.952s][info ][gc] GC(71036) Pause Young (Allocation Failure) 49M->49M(60M) 20.199ms
[2020-08-10T13:20:31.427+0300][2170.967s][info ][gc] GC(71037) Pause Young (Allocation Failure) 50M->50M(60M) 14.240ms
[2020-08-10T13:20:31.449+0300][2170.989s][info ][gc] GC(71038) Pause Young (Allocation Failure) 51M->51M(60M) 21.065ms
[2020-08-10T13:20:31.466+0300][2171.005s][info ][gc] GC(71039) Pause Young (Allocation Failure) 52M->52M(60M) 15.744ms
[2020-08-10T13:20:31.481+0300][2171.021s][info ][gc] GC(71040) Pause Young (Allocation Failure) 53M->53M(60M) 14.011ms
[2020-08-10T13:20:31.512+0300][2171.052s][info ][gc] GC(71041) Pause Young (Allocation Failure) 54M->54M(59M) 30.680ms
[2020-08-10T13:20:31.530+0300][2171.070s][info ][gc] GC(71042) Pause Young (Allocation Failure) 54M->54M(60M) 17.600ms
[2020-08-10T13:20:31.558+0300][2171.098s][info ][gc] GC(71043) Pause Young (Allocation Failure) 54M->54M(60M) 27.144ms
[2020-08-10T13:20:31.574+0300][2171.114s][info ][gc] GC(71044) Pause Young (Allocation Failure) 55M->55M(60M) 15.895ms
[2020-08-10T13:20:31.590+0300][2171.130s][info ][gc] GC(71045) Pause Young (Allocation Failure) 55M->55M(60M) 15.561ms
[2020-08-10T13:20:31.604+0300][2171.144s][info ][gc] GC(71046) Pause Young (Allocation Failure) 56M->56M(60M) 13.424ms
[2020-08-10T13:20:31.618+0300][2171.158s][info ][gc] GC(71047) Pause Young (Allocation Failure) 56M->56M(60M) 13.363ms
[2020-08-10T13:20:31.632+0300][2171.172s][info ][gc] GC(71048) Pause Young (Allocation Failure) 57M->57M(60M) 13.461ms
[2020-08-10T13:20:31.646+0300][2171.186s][info ][gc] GC(71049) Pause Young (Allocation Failure) 57M->57M(60M) 13.533ms
[2020-08-10T13:20:31.807+0300][2171.347s][debug][gc] GC(71050) Expanding ParOldGen from 59392K by 11264K to 70656K
[2020-08-10T13:20:31.807+0300][2171.347s][info ][gc] GC(71050) Pause Full (Ergonomics) 57M->57M(71M) 161.364ms
[2020-08-10T13:20:31.821+0300][2171.360s][info ][gc] GC(71051) Pause Young (Allocation Failure) 57M->57M(71M) 13.070ms
[2020-08-10T13:20:31.834+0300][2171.374s][info ][gc] GC(71052) Pause Young (Allocation Failure) 58M->58M(71M) 13.297ms
[2020-08-10T13:20:31.848+0300][2171.388s][info ][gc] GC(71053) Pause Young (Allocation Failure) 58M->58M(71M) 13.307ms
[2020-08-10T13:20:31.862+0300][2171.402s][info ][gc] GC(71054) Pause Young (Allocation Failure) 59M->59M(71M) 13.600ms
[2020-08-10T13:20:31.876+0300][2171.416s][info ][gc] GC(71055) Pause Young (Allocation Failure) 59M->59M(71M) 13.276ms
[2020-08-10T13:20:31.890+0300][2171.430s][info ][gc] GC(71056) Pause Young (Allocation Failure) 60M->60M(71M) 13.571ms
[2020-08-10T13:20:31.904+0300][2171.444s][info ][gc] GC(71057) Pause Young (Allocation Failure) 60M->60M(71M) 13.350ms
[2020-08-10T13:20:31.918+0300][2171.457s][info ][gc] GC(71058) Pause Young (Allocation Failure) 61M->61M(71M) 13.544ms
[2020-08-10T13:20:31.932+0300][2171.472s][info ][gc] GC(71059) Pause Young (Allocation Failure) 61M->61M(70M) 13.551ms
[2020-08-10T13:20:31.946+0300][2171.485s][info ][gc] GC(71060) Pause Young (Allocation Failure) 62M->62M(70M) 13.345ms
[2020-08-10T13:20:31.960+0300][2171.500s][info ][gc] GC(71061) Pause Young (Allocation Failure) 62M->62M(70M) 14.398ms
[2020-08-10T13:20:31.974+0300][2171.514s][info ][gc] GC(71062) Pause Young (Allocation Failure) 63M->62M(70M) 13.308ms
[2020-08-10T13:20:31.988+0300][2171.528s][info ][gc] GC(71063) Pause Young (Allocation Failure) 63M->63M(70M) 13.409ms
[2020-08-10T13:20:32.001+0300][2171.541s][info ][gc] GC(71064) Pause Young (Allocation Failure) 63M->63M(70M) 13.337ms
[2020-08-10T13:20:32.015+0300][2171.555s][info ][gc] GC(71065) Pause Young (Allocation Failure) 64M->64M(70M) 13.322ms
[2020-08-10T13:20:32.030+0300][2171.570s][info ][gc] GC(71066) Pause Young (Allocation Failure) 64M->64M(70M) 14.289ms
[2020-08-10T13:20:32.045+0300][2171.584s][info ][gc] GC(71067) Pause Young (Allocation Failure) 65M->65M(70M) 14.444ms
[2020-08-10T13:20:32.059+0300][2171.599s][info ][gc] GC(71068) Pause Young (Allocation Failure) 65M->65M(70M) 13.814ms
[2020-08-10T13:20:32.073+0300][2171.613s][info ][gc] GC(71069) Pause Young (Allocation Failure) 66M->66M(70M) 13.548ms
[2020-08-10T13:20:32.087+0300][2171.627s][info ][gc] GC(71070) Pause Young (Allocation Failure) 66M->66M(70M) 13.521ms
[2020-08-10T13:20:32.101+0300][2171.641s][info ][gc] GC(71071) Pause Young (Allocation Failure) 67M->67M(70M) 13.561ms
[2020-08-10T13:20:32.116+0300][2171.656s][info ][gc] GC(71072) Pause Young (Allocation Failure) 67M->67M(70M) 15.180ms
[2020-08-10T13:20:32.130+0300][2171.670s][info ][gc] GC(71073) Pause Young (Allocation Failure) 68M->68M(70M) 13.431ms
[2020-08-10T13:20:32.144+0300][2171.684s][info ][gc] GC(71074) Pause Young (Allocation Failure) 68M->68M(70M) 13.412ms
[2020-08-10T13:20:32.179+0300][2171.719s][info ][gc] GC(71075) Pause Young (Allocation Failure) 69M->69M(70M) 34.681ms
[2020-08-10T13:20:32.387+0300][2171.927s][debug][gc] GC(71076) Expanding ParOldGen from 70656K by 10752K to 81408K
[2020-08-10T13:20:32.388+0300][2171.927s][info ][gc] GC(71076) Pause Full (Ergonomics) 69M->68M(81M) 208.379ms
[2020-08-10T13:20:32.402+0300][2171.941s][info ][gc] GC(71077) Pause Young (Allocation Failure) 69M->69M(81M) 13.629ms
[2020-08-10T13:20:32.418+0300][2171.958s][info ][gc] GC(71078) Pause Young (Allocation Failure) 69M->69M(81M) 16.296ms
[2020-08-10T13:20:32.432+0300][2171.972s][info ][gc] GC(71079) Pause Young (Allocation Failure) 70M->70M(81M) 13.440ms
[2020-08-10T13:20:32.465+0300][2172.005s][info ][gc] GC(71080) Pause Young (Allocation Failure) 70M->70M(81M) 32.240ms
[2020-08-10T13:20:32.479+0300][2172.019s][info ][gc] GC(71081) Pause Young (Allocation Failure) 71M->70M(81M) 13.691ms
[2020-08-10T13:20:32.511+0300][2172.051s][info ][gc] GC(71082) Pause Young (Allocation Failure) 71M->71M(81M) 31.149ms
[2020-08-10T13:20:32.530+0300][2172.070s][info ][gc] GC(71083) Pause Young (Allocation Failure) 71M->71M(81M) 18.845ms
[2020-08-10T13:20:32.558+0300][2172.098s][info ][gc] GC(71084) Pause Young (Allocation Failure) 72M->72M(81M) 27.328ms
[2020-08-10T13:20:32.574+0300][2172.114s][info ][gc] GC(71085) Pause Young (Allocation Failure) 72M->72M(81M) 15.492ms
[2020-08-10T13:20:32.589+0300][2172.129s][info ][gc] GC(71086) Pause Young (Allocation Failure) 73M->73M(81M) 14.342ms
[2020-08-10T13:20:32.603+0300][2172.143s][info ][gc] GC(71087) Pause Young (Allocation Failure) 73M->73M(81M) 13.609ms
[2020-08-10T13:20:32.617+0300][2172.157s][info ][gc] GC(71088) Pause Young (Allocation Failure) 74M->74M(81M) 13.715ms
[2020-08-10T13:20:32.631+0300][2172.171s][info ][gc] GC(71089) Pause Young (Allocation Failure) 74M->74M(81M) 13.547ms
[2020-08-10T13:20:32.645+0300][2172.185s][info ][gc] GC(71090) Pause Young (Allocation Failure) 75M->75M(81M) 13.503ms
[2020-08-10T13:20:32.659+0300][2172.199s][info ][gc] GC(71091) Pause Young (Allocation Failure) 75M->75M(81M) 13.375ms
[2020-08-10T13:20:32.674+0300][2172.214s][info ][gc] GC(71092) Pause Young (Allocation Failure) 76M->76M(81M) 13.981ms
[2020-08-10T13:20:32.688+0300][2172.228s][info ][gc] GC(71093) Pause Young (Allocation Failure) 76M->76M(81M) 13.635ms
[2020-08-10T13:20:32.703+0300][2172.243s][info ][gc] GC(71094) Pause Young (Allocation Failure) 77M->76M(81M) 15.018ms
[2020-08-10T13:20:32.717+0300][2172.257s][info ][gc] GC(71095) Pause Young (Allocation Failure) 77M->77M(81M) 13.615ms
[2020-08-10T13:20:32.731+0300][2172.271s][info ][gc] GC(71096) Pause Young (Allocation Failure) 77M->77M(81M) 13.547ms
[2020-08-10T13:20:32.745+0300][2172.285s][info ][gc] GC(71097) Pause Young (Allocation Failure) 78M->78M(81M) 13.567ms
[2020-08-10T13:20:32.759+0300][2172.299s][info ][gc] GC(71098) Pause Young (Allocation Failure) 78M->78M(81M) 13.762ms
[2020-08-10T13:20:32.773+0300][2172.313s][info ][gc] GC(71099) Pause Young (Allocation Failure) 79M->79M(81M) 13.823ms
[2020-08-10T13:20:32.788+0300][2172.328s][info ][gc] GC(71100) Pause Young (Allocation Failure) 79M->79M(81M) 13.774ms
[2020-08-10T13:20:33.062+0300][2172.602s][debug][gc] GC(71101) Expanding ParOldGen from 81408K by 10752K to 92160K
[2020-08-10T13:20:33.062+0300][2172.602s][info ][gc] GC(71101) Pause Full (Ergonomics) 79M->79M(91M) 273.686ms
[2020-08-10T13:20:33.092+0300][2172.632s][info ][gc] GC(71102) Pause Young (Allocation Failure) 79M->79M(91M) 29.814ms
[2020-08-10T13:20:33.106+0300][2172.646s][info ][gc] GC(71103) Pause Young (Allocation Failure) 80M->80M(91M) 13.590ms
[2020-08-10T13:20:33.121+0300][2172.661s][info ][gc] GC(71104) Pause Young (Allocation Failure) 80M->80M(91M) 13.622ms
[2020-08-10T13:20:33.135+0300][2172.675s][info ][gc] GC(71105) Pause Young (Allocation Failure) 81M->81M(91M) 13.788ms
[2020-08-10T13:20:33.149+0300][2172.689s][info ][gc] GC(71106) Pause Young (Allocation Failure) 82M->82M(91M) 13.890ms
[2020-08-10T13:20:33.164+0300][2172.704s][info ][gc] GC(71107) Pause Young (Allocation Failure) 83M->83M(92M) 13.867ms
[2020-08-10T13:20:33.188+0300][2172.728s][info ][gc] GC(71108) Pause Young (Allocation Failure) 84M->83M(92M) 23.447ms
[2020-08-10T13:20:33.203+0300][2172.743s][info ][gc] GC(71109) Pause Young (Allocation Failure) 84M->84M(92M) 14.349ms
[2020-08-10T13:20:33.218+0300][2172.758s][info ][gc] GC(71110) Pause Young (Allocation Failure) 85M->85M(92M) 14.330ms
[2020-08-10T13:20:33.232+0300][2172.772s][info ][gc] GC(71111) Pause Young (Allocation Failure) 86M->86M(92M) 13.887ms
[2020-08-10T13:20:33.247+0300][2172.787s][info ][gc] GC(71112) Pause Young (Allocation Failure) 87M->87M(92M) 14.219ms
[2020-08-10T13:20:33.262+0300][2172.802s][info ][gc] GC(71113) Pause Young (Allocation Failure) 88M->88M(92M) 14.035ms
[2020-08-10T13:20:33.286+0300][2172.826s][info ][gc] GC(71114) Pause Young (Allocation Failure) 89M->89M(92M) 23.043ms
[2020-08-10T13:20:33.519+0300][2173.059s][debug][gc] GC(71115) Expanding ParOldGen from 92160K by 11264K to 103424K
[2020-08-10T13:20:33.519+0300][2173.059s][info ][gc] GC(71115) Pause Full (Ergonomics) 89M->89M(103M) 233.352ms
[2020-08-10T13:20:33.533+0300][2173.073s][info ][gc] GC(71116) Pause Young (Allocation Failure) 90M->90M(103M) 13.563ms
[2020-08-10T13:20:33.552+0300][2173.092s][info ][gc] GC(71117) Pause Young (Allocation Failure) 91M->91M(103M) 18.583ms
[2020-08-10T13:20:33.572+0300][2173.112s][info ][gc] GC(71118) Pause Young (Allocation Failure) 92M->92M(103M) 19.490ms
[2020-08-10T13:20:33.599+0300][2173.139s][info ][gc] GC(71119) Pause Young (Allocation Failure) 93M->93M(103M) 26.088ms
[2020-08-10T13:20:33.613+0300][2173.153s][info ][gc] GC(71120) Pause Young (Allocation Failure) 94M->94M(103M) 14.246ms
[2020-08-10T13:20:33.628+0300][2173.168s][info ][gc] GC(71121) Pause Young (Allocation Failure) 95M->95M(103M) 14.354ms
[2020-08-10T13:20:33.643+0300][2173.183s][info ][gc] GC(71122) Pause Young (Allocation Failure) 96M->96M(103M) 14.412ms
[2020-08-10T13:20:33.658+0300][2173.198s][info ][gc] GC(71123) Pause Young (Allocation Failure) 97M->97M(103M) 14.124ms
[2020-08-10T13:20:33.673+0300][2173.213s][info ][gc] GC(71124) Pause Young (Allocation Failure) 98M->97M(103M) 14.596ms
[2020-08-10T13:20:33.688+0300][2173.228s][info ][gc] GC(71125) Pause Young (Allocation Failure) 98M->98M(103M) 14.401ms
[2020-08-10T13:20:33.703+0300][2173.243s][info ][gc] GC(71126) Pause Young (Allocation Failure) 99M->99M(103M) 14.841ms
[2020-08-10T13:20:33.720+0300][2173.260s][info ][gc] GC(71127) Pause Young (Allocation Failure) 100M->100M(103M) 16.046ms
[2020-08-10T13:20:34.027+0300][2173.567s][debug][gc] GC(71128) Expanding ParOldGen from 103424K by 11264K to 114688K
[2020-08-10T13:20:34.028+0300][2173.567s][info ][gc] GC(71128) Pause Full (Ergonomics) 100M->100M(114M) 307.417ms
[2020-08-10T13:20:34.043+0300][2173.583s][info ][gc] GC(71129) Pause Young (Allocation Failure) 101M->101M(114M) 15.530ms
[2020-08-10T13:20:34.071+0300][2173.611s][info ][gc] GC(71130) Pause Young (Allocation Failure) 102M->102M(114M) 27.033ms
[2020-08-10T13:20:34.091+0300][2173.631s][info ][gc] GC(71131) Pause Young (Allocation Failure) 103M->103M(114M) 18.926ms
[2020-08-10T13:20:34.109+0300][2173.649s][info ][gc] GC(71132) Pause Young (Allocation Failure) 104M->104M(114M) 17.621ms
[2020-08-10T13:20:34.125+0300][2173.665s][info ][gc] GC(71133) Pause Young (Allocation Failure) 105M->105M(114M) 14.834ms
[2020-08-10T13:20:34.141+0300][2173.681s][info ][gc] GC(71134) Pause Young (Allocation Failure) 106M->106M(114M) 15.160ms
[2020-08-10T13:20:34.157+0300][2173.697s][info ][gc] GC(71135) Pause Young (Allocation Failure) 107M->107M(114M) 15.865ms
[2020-08-10T13:20:34.178+0300][2173.718s][info ][gc] GC(71136) Pause Young (Allocation Failure) 108M->108M(114M) 20.353ms
[2020-08-10T13:20:34.194+0300][2173.734s][info ][gc] GC(71137) Pause Young (Allocation Failure) 109M->109M(114M) 15.316ms
[2020-08-10T13:20:34.210+0300][2173.750s][info ][gc] GC(71138) Pause Young (Allocation Failure) 110M->109M(114M) 15.605ms
[2020-08-10T13:20:34.226+0300][2173.766s][info ][gc] GC(71139) Pause Young (Allocation Failure) 110M->110M(114M) 15.559ms
[2020-08-10T13:20:34.245+0300][2173.785s][info ][gc] GC(71140) Pause Young (Allocation Failure) 111M->111M(114M) 18.796ms
[2020-08-10T13:20:34.606+0300][2174.146s][debug][gc] GC(71141) Expanding ParOldGen from 114688K by 11264K to 125952K
[2020-08-10T13:20:34.606+0300][2174.146s][info ][gc] GC(71141) Pause Full (Ergonomics) 111M->111M(125M) 361.174ms
[2020-08-10T13:20:34.621+0300][2174.161s][info ][gc] GC(71142) Pause Young (Allocation Failure) 112M->112M(125M) 14.042ms
[2020-08-10T13:20:34.638+0300][2174.178s][info ][gc] GC(71143) Pause Young (Allocation Failure) 113M->113M(125M) 15.964ms
[2020-08-10T13:20:34.654+0300][2174.195s][info ][gc] GC(71144) Pause Young (Allocation Failure) 114M->114M(125M) 16.028ms
[2020-08-10T13:20:34.672+0300][2174.212s][info ][gc] GC(71145) Pause Young (Allocation Failure) 115M->115M(125M) 16.471ms
[2020-08-10T13:20:34.689+0300][2174.229s][info ][gc] GC(71146) Pause Young (Allocation Failure) 116M->116M(125M) 16.623ms
[2020-08-10T13:20:34.706+0300][2174.246s][info ][gc] GC(71147) Pause Young (Allocation Failure) 117M->117M(125M) 16.234ms
[2020-08-10T13:20:34.723+0300][2174.263s][info ][gc] GC(71148) Pause Young (Allocation Failure) 118M->118M(125M) 16.342ms
[2020-08-10T13:20:34.741+0300][2174.281s][info ][gc] GC(71149) Pause Young (Allocation Failure) 119M->119M(125M) 16.751ms
[2020-08-10T13:20:34.759+0300][2174.299s][info ][gc] GC(71150) Pause Young (Allocation Failure) 120M->119M(125M) 17.236ms
[2020-08-10T13:20:34.777+0300][2174.317s][info ][gc] GC(71151) Pause Young (Allocation Failure) 120M->120M(125M) 17.574ms
[2020-08-10T13:20:34.795+0300][2174.335s][info ][gc] GC(71152) Pause Young (Allocation Failure) 121M->121M(125M) 17.429ms
[2020-08-10T13:20:34.813+0300][2174.353s][info ][gc] GC(71153) Pause Young (Allocation Failure) 122M->122M(125M) 17.222ms
[2020-08-10T13:20:35.235+0300][2174.775s][debug][gc] GC(71154) Expanding ParOldGen from 125952K by 11264K to 137216K
[2020-08-10T13:20:35.235+0300][2174.775s][info ][gc] GC(71154) Pause Full (Ergonomics) 122M->122M(136M) 422.383ms
[2020-08-10T13:20:35.261+0300][2174.801s][info ][gc] GC(71155) Pause Young (Allocation Failure) 123M->123M(136M) 24.967ms
[2020-08-10T13:20:35.287+0300][2174.827s][info ][gc] GC(71156) Pause Young (Allocation Failure) 124M->124M(136M) 25.617ms
[2020-08-10T13:20:35.314+0300][2174.854s][info ][gc] GC(71157) Pause Young (Allocation Failure) 125M->125M(136M) 26.074ms
[2020-08-10T13:20:35.332+0300][2174.872s][info ][gc] GC(71158) Pause Young (Allocation Failure) 126M->126M(136M) 17.608ms
[2020-08-10T13:20:35.371+0300][2174.911s][info ][gc] GC(71159) Pause Young (Allocation Failure) 127M->127M(136M) 38.414ms
[2020-08-10T13:20:35.396+0300][2174.936s][info ][gc] GC(71160) Pause Young (Allocation Failure) 128M->128M(136M) 24.569ms
[2020-08-10T13:20:35.415+0300][2174.955s][info ][gc] GC(71161) Pause Young (Allocation Failure) 129M->129M(136M) 18.188ms
[2020-08-10T13:20:35.435+0300][2174.975s][info ][gc] GC(71162) Pause Young (Allocation Failure) 130M->130M(136M) 19.521ms
[2020-08-10T13:20:35.479+0300][2175.019s][info ][gc] GC(71163) Pause Young (Allocation Failure) 131M->131M(136M) 43.761ms
[2020-08-10T13:20:35.514+0300][2175.054s][info ][gc] GC(71164) Pause Young (Allocation Failure) 132M->132M(136M) 33.947ms
[2020-08-10T13:20:35.532+0300][2175.073s][info ][gc] GC(71165) Pause Young (Allocation Failure) 133M->133M(136M) 18.041ms
[2020-08-10T13:20:35.551+0300][2175.091s][info ][gc] GC(71166) Pause Young (Allocation Failure) 134M->133M(136M) 17.969ms
[2020-08-10T13:20:36.037+0300][2175.577s][debug][gc] GC(71167) Expanding ParOldGen from 137216K by 11264K to 148480K
[2020-08-10T13:20:36.037+0300][2175.577s][info ][gc] GC(71167) Pause Full (Ergonomics) 133M->133M(147M) 486.294ms
[2020-08-10T13:20:36.067+0300][2175.607s][info ][gc] GC(71168) Pause Young (Allocation Failure) 134M->134M(147M) 28.513ms
[2020-08-10T13:20:36.085+0300][2175.625s][info ][gc] GC(71169) Pause Young (Allocation Failure) 135M->135M(147M) 17.959ms
[2020-08-10T13:20:36.104+0300][2175.644s][info ][gc] GC(71170) Pause Young (Allocation Failure) 136M->136M(147M) 18.132ms
[2020-08-10T13:20:36.123+0300][2175.663s][info ][gc] GC(71171) Pause Young (Allocation Failure) 137M->137M(147M) 18.335ms
[2020-08-10T13:20:36.147+0300][2175.688s][info ][gc] GC(71172) Pause Young (Allocation Failure) 138M->138M(147M) 24.228ms
[2020-08-10T13:20:36.167+0300][2175.707s][info ][gc] GC(71173) Pause Young (Allocation Failure) 139M->139M(147M) 18.539ms
[2020-08-10T13:20:36.185+0300][2175.725s][info ][gc] GC(71174) Pause Young (Allocation Failure) 140M->140M(147M) 18.418ms
[2020-08-10T13:20:36.210+0300][2175.750s][info ][gc] GC(71175) Pause Young (Allocation Failure) 141M->141M(147M) 24.049ms
[2020-08-10T13:20:36.229+0300][2175.769s][info ][gc] GC(71176) Pause Young (Allocation Failure) 142M->142M(147M) 18.613ms
[2020-08-10T13:20:36.270+0300][2175.810s][info ][gc] GC(71177) Pause Young (Allocation Failure) 143M->143M(147M) 40.381ms
[2020-08-10T13:20:36.295+0300][2175.835s][info ][gc] GC(71178) Pause Young (Allocation Failure) 144M->144M(147M) 24.487ms
[2020-08-10T13:20:36.315+0300][2175.855s][info ][gc] GC(71179) Pause Young (Allocation Failure) 145M->145M(147M) 18.996ms
[2020-08-10T13:20:36.801+0300][2176.340s][debug][gc] GC(71180) Expanding ParOldGen from 148480K by 11264K to 159744K
[2020-08-10T13:20:36.801+0300][2176.340s][info ][gc] GC(71180) Pause Full (Ergonomics) 145M->144M(158M) 484.972ms
[2020-08-10T13:20:36.845+0300][2176.384s][info ][gc] GC(71181) Pause Young (Allocation Failure) 145M->145M(158M) 43.393ms
[2020-08-10T13:20:36.891+0300][2176.431s][info ][gc] GC(71182) Pause Young (Allocation Failure) 146M->146M(158M) 45.870ms
[2020-08-10T13:20:36.892+0300][2176.431s][debug][gc] Expanding ParOldGen from 159744K by 19968K to 179712K
[2020-08-10T13:20:36.935+0300][2176.474s][info ][gc] GC(71183) Pause Young (Allocation Failure) 166M->166M(178M) 28.238ms
[2020-08-10T13:20:36.953+0300][2176.492s][info ][gc] GC(71184) Pause Young (Allocation Failure) 167M->167M(178M) 17.039ms
[2020-08-10T13:20:36.974+0300][2176.513s][info ][gc] GC(71185) Pause Young (Allocation Failure) 168M->168M(178M) 20.158ms
[2020-08-10T13:20:36.992+0300][2176.531s][info ][gc] GC(71186) Pause Young (Allocation Failure) 169M->169M(178M) 17.905ms
[2020-08-10T13:20:37.015+0300][2176.554s][info ][gc] GC(71187) Pause Young (Allocation Failure) 170M->170M(178M) 22.493ms
[2020-08-10T13:20:37.034+0300][2176.573s][info ][gc] GC(71188) Pause Young (Allocation Failure) 171M->171M(178M) 18.546ms
[2020-08-10T13:20:37.057+0300][2176.597s][info ][gc] GC(71189) Pause Young (Allocation Failure) 172M->172M(178M) 22.509ms
[2020-08-10T13:20:37.079+0300][2176.618s][info ][gc] GC(71190) Pause Young (Allocation Failure) 173M->173M(178M) 20.527ms
[2020-08-10T13:20:37.097+0300][2176.636s][info ][gc] GC(71191) Pause Young (Allocation Failure) 174M->174M(178M) 17.564ms
[2020-08-10T13:20:37.112+0300][2176.652s][info ][gc] GC(71192) Pause Young (Allocation Failure) 175M->175M(178M) 15.082ms
[2020-08-10T13:20:37.130+0300][2176.669s][info ][gc] GC(71193) Pause Young (Allocation Failure) 176M->176M(178M) 17.195ms
[2020-08-10T13:20:37.239+0300][2176.779s][debug][gc] GC(71194) Shrinking ParOldGen from 179712K by 124416K to 55296K
[2020-08-10T13:20:37.240+0300][2176.779s][info ][gc] GC(71194) Pause Full (Ergonomics) 176M->42M(56M) 109.406ms
[2020-08-10T13:20:37.256+0300][2176.796s][info ][gc] GC(71195) Pause Young (Allocation Failure) 43M->43M(56M) 16.342ms
[2020-08-10T13:20:37.273+0300][2176.812s][info ][gc] GC(71196) Pause Young (Allocation Failure) 44M->44M(56M) 15.827ms
[2020-08-10T13:20:37.287+0300][2176.826s][info ][gc] GC(71197) Pause Young (Allocation Failure) 45M->45M(56M) 13.788ms
[2020-08-10T13:20:37.302+0300][2176.841s][info ][gc] GC(71198) Pause Young (Allocation Failure) 46M->46M(56M) 13.800ms
[2020-08-10T13:20:37.332+0300][2176.871s][info ][gc] GC(71199) Pause Young (Allocation Failure) 47M->47M(56M) 29.518ms
[2020-08-10T13:20:37.347+0300][2176.886s][info ][gc] GC(71200) Pause Young (Allocation Failure) 48M->48M(56M) 14.326ms
[2020-08-10T13:20:37.365+0300][2176.904s][info ][gc] GC(71201) Pause Young (Allocation Failure) 49M->49M(56M) 17.640ms
[2020-08-10T13:20:37.380+0300][2176.919s][info ][gc] GC(71202) Pause Young (Allocation Failure) 50M->50M(56M) 14.067ms
[2020-08-10T13:20:37.395+0300][2176.934s][info ][gc] GC(71203) Pause Young (Allocation Failure) 51M->51M(56M) 14.234ms
[2020-08-10T13:20:37.410+0300][2176.949s][info ][gc] GC(71204) Pause Young (Allocation Failure) 52M->52M(56M) 14.270ms
[2020-08-10T13:20:37.424+0300][2176.963s][info ][gc] GC(71205) Pause Young (Allocation Failure) 53M->53M(56M) 13.849ms
[2020-08-10T13:20:37.439+0300][2176.978s][info ][gc] GC(71206) Pause Young (Allocation Failure) 54M->54M(56M) 13.884ms
[2020-08-10T13:20:37.605+0300][2177.144s][debug][gc] GC(71207) Expanding ParOldGen from 55296K by 11264K to 66560K
[2020-08-10T13:20:37.605+0300][2177.144s][info ][gc] GC(71207) Pause Full (Ergonomics) 54M->53M(67M) 166.119ms
[2020-08-10T13:20:37.621+0300][2177.161s][info ][gc] GC(71208) Pause Young (Allocation Failure) 54M->54M(67M) 15.689ms
[2020-08-10T13:20:37.636+0300][2177.175s][info ][gc] GC(71209) Pause Young (Allocation Failure) 55M->55M(67M) 13.901ms
[2020-08-10T13:20:37.668+0300][2177.207s][info ][gc] GC(71210) Pause Young (Allocation Failure) 56M->56M(67M) 31.630ms
[2020-08-10T13:20:37.695+0300][2177.234s][info ][gc] GC(71211) Pause Young (Allocation Failure) 57M->57M(67M) 26.093ms
[2020-08-10T13:20:37.709+0300][2177.248s][info ][gc] GC(71212) Pause Young (Allocation Failure) 58M->58M(67M) 14.077ms
[2020-08-10T13:20:37.724+0300][2177.263s][info ][gc] GC(71213) Pause Young (Allocation Failure) 59M->59M(67M) 14.065ms
[2020-08-10T13:20:37.739+0300][2177.278s][info ][gc] GC(71214) Pause Young (Allocation Failure) 60M->60M(67M) 13.916ms
[2020-08-10T13:20:37.754+0300][2177.293s][info ][gc] GC(71215) Pause Young (Allocation Failure) 61M->61M(67M) 14.207ms
[2020-08-10T13:20:37.768+0300][2177.307s][info ][gc] GC(71216) Pause Young (Allocation Failure) 62M->62M(67M) 14.113ms
[2020-08-10T13:20:37.787+0300][2177.326s][info ][gc] GC(71217) Pause Young (Allocation Failure) 63M->63M(67M) 18.286ms
[2020-08-10T13:20:37.802+0300][2177.341s][info ][gc] GC(71218) Pause Young (Allocation Failure) 64M->64M(67M) 14.116ms
[2020-08-10T13:20:37.820+0300][2177.360s][info ][gc] GC(71219) Pause Young (Allocation Failure) 65M->65M(67M) 17.899ms
[2020-08-10T13:20:38.001+0300][2177.540s][debug][gc] GC(71220) Expanding ParOldGen from 66560K by 11264K to 77824K
[2020-08-10T13:20:38.001+0300][2177.540s][info ][gc] GC(71220) Pause Full (Ergonomics) 65M->64M(78M) 180.143ms
[2020-08-10T13:20:38.014+0300][2177.554s][info ][gc] GC(71221) Pause Young (Allocation Failure) 65M->65M(78M) 13.406ms
[2020-08-10T13:20:38.029+0300][2177.568s][info ][gc] GC(71222) Pause Young (Allocation Failure) 66M->66M(78M) 14.035ms
[2020-08-10T13:20:38.044+0300][2177.583s][info ][gc] GC(71223) Pause Young (Allocation Failure) 67M->67M(78M) 14.066ms
[2020-08-10T13:20:38.058+0300][2177.598s][info ][gc] GC(71224) Pause Young (Allocation Failure) 68M->68M(78M) 13.797ms
[2020-08-10T13:20:38.073+0300][2177.612s][info ][gc] GC(71225) Pause Young (Allocation Failure) 69M->69M(78M) 13.800ms
[2020-08-10T13:20:38.087+0300][2177.626s][info ][gc] GC(71226) Pause Young (Allocation Failure) 70M->70M(78M) 13.860ms
[2020-08-10T13:20:38.102+0300][2177.641s][info ][gc] GC(71227) Pause Young (Allocation Failure) 71M->71M(78M) 14.037ms
[2020-08-10T13:20:38.116+0300][2177.655s][info ][gc] GC(71228) Pause Young (Allocation Failure) 72M->72M(78M) 13.774ms
[2020-08-10T13:20:38.130+0300][2177.670s][info ][gc] GC(71229) Pause Young (Allocation Failure) 73M->73M(78M) 13.814ms
[2020-08-10T13:20:38.145+0300][2177.684s][info ][gc] GC(71230) Pause Young (Allocation Failure) 74M->74M(78M) 13.849ms
[2020-08-10T13:20:38.159+0300][2177.698s][info ][gc] GC(71231) Pause Young (Allocation Failure) 75M->75M(78M) 14.068ms
[2020-08-10T13:20:38.174+0300][2177.713s][info ][gc] GC(71232) Pause Young (Allocation Failure) 76M->76M(78M) 14.111ms
[2020-08-10T13:20:38.416+0300][2177.955s][debug][gc] GC(71233) Expanding ParOldGen from 77824K by 11264K to 89088K
[2020-08-10T13:20:38.416+0300][2177.955s][info ][gc] GC(71233) Pause Full (Ergonomics) 76M->76M(89M) 241.570ms
[2020-08-10T13:20:38.446+0300][2177.986s][info ][gc] GC(71234) Pause Young (Allocation Failure) 77M->77M(89M) 30.176ms
[2020-08-10T13:20:38.461+0300][2178.001s][info ][gc] GC(71235) Pause Young (Allocation Failure) 78M->77M(89M) 14.415ms
[2020-08-10T13:20:38.476+0300][2178.016s][info ][gc] GC(71236) Pause Young (Allocation Failure) 78M->78M(89M) 14.221ms
[2020-08-10T13:20:38.491+0300][2178.031s][info ][gc] GC(71237) Pause Young (Allocation Failure) 79M->79M(89M) 14.055ms
[2020-08-10T13:20:38.506+0300][2178.045s][info ][gc] GC(71238) Pause Young (Allocation Failure) 80M->80M(89M) 13.978ms
[2020-08-10T13:20:38.520+0300][2178.059s][info ][gc] GC(71239) Pause Young (Allocation Failure) 81M->81M(89M) 13.975ms
[2020-08-10T13:20:38.535+0300][2178.074s][info ][gc] GC(71240) Pause Young (Allocation Failure) 82M->82M(89M) 13.997ms
[2020-08-10T13:20:38.561+0300][2178.100s][info ][gc] GC(71241) Pause Young (Allocation Failure) 83M->83M(89M) 25.361ms
[2020-08-10T13:20:38.587+0300][2178.126s][info ][gc] GC(71242) Pause Young (Allocation Failure) 84M->84M(89M) 25.671ms
[2020-08-10T13:20:38.602+0300][2178.142s][info ][gc] GC(71243) Pause Young (Allocation Failure) 85M->85M(89M) 14.506ms
[2020-08-10T13:20:38.617+0300][2178.157s][info ][gc] GC(71244) Pause Young (Allocation Failure) 86M->86M(89M) 14.507ms
[2020-08-10T13:20:38.648+0300][2178.187s][info ][gc] GC(71245) Pause Young (Allocation Failure) 87M->87M(89M) 29.815ms
[2020-08-10T13:20:38.946+0300][2178.486s][debug][gc] GC(71246) Expanding ParOldGen from 89088K by 11264K to 100352K
[2020-08-10T13:20:38.946+0300][2178.486s][info ][gc] GC(71246) Pause Full (Ergonomics) 87M->87M(100M) 298.677ms
[2020-08-10T13:20:38.980+0300][2178.520s][info ][gc] GC(71247) Pause Young (Allocation Failure) 88M->88M(100M) 33.313ms
[2020-08-10T13:20:38.995+0300][2178.534s][info ][gc] GC(71248) Pause Young (Allocation Failure) 89M->89M(100M) 14.339ms
[2020-08-10T13:20:39.010+0300][2178.550s][info ][gc] GC(71249) Pause Young (Allocation Failure) 90M->90M(100M) 14.451ms
[2020-08-10T13:20:39.030+0300][2178.569s][info ][gc] GC(71250) Pause Young (Allocation Failure) 91M->91M(100M) 18.549ms
[2020-08-10T13:20:39.044+0300][2178.583s][info ][gc] GC(71251) Pause Young (Allocation Failure) 92M->91M(100M) 14.179ms
[2020-08-10T13:20:39.059+0300][2178.598s][info ][gc] GC(71252) Pause Young (Allocation Failure) 92M->92M(100M) 14.416ms
[2020-08-10T13:20:39.074+0300][2178.613s][info ][gc] GC(71253) Pause Young (Allocation Failure) 93M->93M(99M) 14.355ms
[2020-08-10T13:20:39.088+0300][2178.627s][info ][gc] GC(71254) Pause Young (Allocation Failure) 94M->94M(100M) 14.149ms
[2020-08-10T13:20:39.103+0300][2178.642s][info ][gc] GC(71255) Pause Young (Allocation Failure) 94M->94M(100M) 13.928ms
[2020-08-10T13:20:39.120+0300][2178.659s][info ][gc] GC(71256) Pause Young (Allocation Failure) 95M->95M(100M) 16.778ms
[2020-08-10T13:20:39.134+0300][2178.673s][info ][gc] GC(71257) Pause Young (Allocation Failure) 95M->95M(100M) 14.049ms
[2020-08-10T13:20:39.149+0300][2178.688s][info ][gc] GC(71258) Pause Young (Allocation Failure) 96M->96M(100M) 14.044ms
[2020-08-10T13:20:39.167+0300][2178.706s][info ][gc] GC(71259) Pause Young (Allocation Failure) 96M->96M(100M) 17.561ms
[2020-08-10T13:20:39.181+0300][2178.720s][info ][gc] GC(71260) Pause Young (Allocation Failure) 97M->97M(100M) 13.762ms
[2020-08-10T13:20:39.195+0300][2178.735s][info ][gc] GC(71261) Pause Young (Allocation Failure) 97M->97M(100M) 13.862ms
[2020-08-10T13:20:39.497+0300][2179.036s][debug][gc] GC(71262) Expanding ParOldGen from 100352K by 11264K to 111616K
[2020-08-10T13:20:39.497+0300][2179.036s][info ][gc] GC(71262) Pause Full (Ergonomics) 97M->97M(111M) 301.732ms
[2020-08-10T13:20:39.511+0300][2179.050s][info ][gc] GC(71263) Pause Young (Allocation Failure) 97M->97M(111M) 13.365ms
[2020-08-10T13:20:39.525+0300][2179.064s][info ][gc] GC(71264) Pause Young (Allocation Failure) 98M->98M(111M) 13.424ms
[2020-08-10T13:20:39.541+0300][2179.080s][info ][gc] GC(71265) Pause Young (Allocation Failure) 98M->98M(111M) 15.615ms
[2020-08-10T13:20:39.555+0300][2179.094s][info ][gc] GC(71266) Pause Young (Allocation Failure) 99M->99M(111M) 13.692ms
[2020-08-10T13:20:39.569+0300][2179.109s][info ][gc] GC(71267) Pause Young (Allocation Failure) 99M->99M(111M) 13.467ms
[2020-08-10T13:20:39.587+0300][2179.126s][info ][gc] GC(71268) Pause Young (Allocation Failure) 100M->100M(111M) 17.195ms
[2020-08-10T13:20:39.601+0300][2179.141s][info ][gc] GC(71269) Pause Young (Allocation Failure) 100M->100M(111M) 13.563ms
[2020-08-10T13:20:39.616+0300][2179.155s][info ][gc] GC(71270) Pause Young (Allocation Failure) 101M->100M(111M) 13.801ms
[2020-08-10T13:20:39.631+0300][2179.170s][info ][gc] GC(71271) Pause Young (Allocation Failure) 101M->101M(110M) 14.084ms
[2020-08-10T13:20:39.645+0300][2179.184s][info ][gc] GC(71272) Pause Young (Allocation Failure) 101M->101M(110M) 13.454ms
[2020-08-10T13:20:39.659+0300][2179.198s][info ][gc] GC(71273) Pause Young (Allocation Failure) 102M->102M(110M) 13.505ms
[2020-08-10T13:20:39.673+0300][2179.212s][info ][gc] GC(71274) Pause Young (Allocation Failure) 102M->102M(110M) 13.553ms
[2020-08-10T13:20:39.687+0300][2179.226s][info ][gc] GC(71275) Pause Young (Allocation Failure) 103M->103M(110M) 13.923ms
[2020-08-10T13:20:39.701+0300][2179.241s][info ][gc] GC(71276) Pause Young (Allocation Failure) 103M->103M(110M) 13.744ms
[2020-08-10T13:20:39.720+0300][2179.259s][info ][gc] GC(71277) Pause Young (Allocation Failure) 104M->104M(110M) 17.817ms
[2020-08-10T13:20:39.733+0300][2179.273s][info ][gc] GC(71278) Pause Young (Allocation Failure) 104M->104M(110M) 13.464ms
[2020-08-10T13:20:39.748+0300][2179.287s][info ][gc] GC(71279) Pause Young (Allocation Failure) 105M->105M(110M) 13.501ms
[2020-08-10T13:20:39.762+0300][2179.301s][info ][gc] GC(71280) Pause Young (Allocation Failure) 105M->105M(110M) 13.723ms
[2020-08-10T13:20:39.776+0300][2179.315s][info ][gc] GC(71281) Pause Young (Allocation Failure) 106M->106M(110M) 13.672ms
[2020-08-10T13:20:39.793+0300][2179.333s][info ][gc] GC(71282) Pause Young (Allocation Failure) 106M->106M(110M) 16.844ms
[2020-08-10T13:20:39.809+0300][2179.349s][info ][gc] GC(71283) Pause Young (Allocation Failure) 106M->106M(110M) 15.515ms
[2020-08-10T13:20:39.824+0300][2179.363s][info ][gc] GC(71284) Pause Young (Allocation Failure) 107M->107M(110M) 13.935ms
[2020-08-10T13:20:39.838+0300][2179.377s][info ][gc] GC(71285) Pause Young (Allocation Failure) 107M->107M(110M) 13.745ms
[2020-08-10T13:20:39.852+0300][2179.391s][info ][gc] GC(71286) Pause Young (Allocation Failure) 108M->108M(110M) 13.520ms
[2020-08-10T13:20:39.866+0300][2179.405s][info ][gc] GC(71287) Pause Young (Allocation Failure) 108M->108M(110M) 13.478ms
[2020-08-10T13:20:39.880+0300][2179.419s][info ][gc] GC(71288) Pause Young (Allocation Failure) 109M->109M(110M) 13.807ms
[2020-08-10T13:20:40.193+0300][2179.732s][debug][gc] GC(71289) Expanding ParOldGen from 111616K by 10752K to 122368K
[2020-08-10T13:20:40.193+0300][2179.732s][info ][gc] GC(71289) Pause Full (Ergonomics) 109M->108M(121M) 312.606ms
[2020-08-10T13:20:40.206+0300][2179.746s][info ][gc] GC(71290) Pause Young (Allocation Failure) 109M->109M(121M) 13.245ms
[2020-08-10T13:20:40.222+0300][2179.761s][info ][gc] GC(71291) Pause Young (Allocation Failure) 109M->109M(121M) 14.847ms
[2020-08-10T13:20:40.236+0300][2179.776s][info ][gc] GC(71292) Pause Young (Allocation Failure) 110M->110M(121M) 14.291ms
[2020-08-10T13:20:40.250+0300][2179.790s][info ][gc] GC(71293) Pause Young (Allocation Failure) 110M->110M(121M) 13.562ms
[2020-08-10T13:20:40.265+0300][2179.804s][info ][gc] GC(71294) Pause Young (Allocation Failure) 111M->111M(121M) 13.938ms
[2020-08-10T13:20:40.279+0300][2179.818s][info ][gc] GC(71295) Pause Young (Allocation Failure) 111M->111M(121M) 13.716ms
[2020-08-10T13:20:40.293+0300][2179.833s][info ][gc] GC(71296) Pause Young (Allocation Failure) 112M->112M(121M) 13.700ms
[2020-08-10T13:20:40.307+0300][2179.847s][info ][gc] GC(71297) Pause Young (Allocation Failure) 112M->112M(121M) 13.536ms
[2020-08-10T13:20:40.321+0300][2179.861s][info ][gc] GC(71298) Pause Young (Allocation Failure) 112M->112M(121M) 13.516ms
[2020-08-10T13:20:40.335+0300][2179.874s][info ][gc] GC(71299) Pause Young (Allocation Failure) 113M->113M(121M) 13.454ms
[2020-08-10T13:20:40.349+0300][2179.888s][info ][gc] GC(71300) Pause Young (Allocation Failure) 113M->113M(121M) 13.457ms
[2020-08-10T13:20:40.363+0300][2179.902s][info ][gc] GC(71301) Pause Young (Allocation Failure) 114M->114M(121M) 13.519ms
[2020-08-10T13:20:40.377+0300][2179.916s][info ][gc] GC(71302) Pause Young (Allocation Failure) 114M->114M(121M) 13.507ms
[2020-08-10T13:20:40.391+0300][2179.930s][info ][gc] GC(71303) Pause Young (Allocation Failure) 115M->115M(121M) 13.698ms
[2020-08-10T13:20:40.405+0300][2179.944s][info ][gc] GC(71304) Pause Young (Allocation Failure) 115M->115M(121M) 13.483ms
[2020-08-10T13:20:40.419+0300][2179.958s][info ][gc] GC(71305) Pause Young (Allocation Failure) 116M->116M(121M) 13.602ms
[2020-08-10T13:20:40.433+0300][2179.972s][info ][gc] GC(71306) Pause Young (Allocation Failure) 116M->116M(121M) 13.600ms
[2020-08-10T13:20:40.447+0300][2179.986s][info ][gc] GC(71307) Pause Young (Allocation Failure) 117M->117M(121M) 13.492ms
[2020-08-10T13:20:40.461+0300][2180.000s][info ][gc] GC(71308) Pause Young (Allocation Failure) 117M->117M(121M) 13.518ms
[2020-08-10T13:20:40.475+0300][2180.014s][info ][gc] GC(71309) Pause Young (Allocation Failure) 118M->117M(121M) 13.567ms
[2020-08-10T13:20:40.489+0300][2180.029s][info ][gc] GC(71310) Pause Young (Allocation Failure) 118M->118M(121M) 13.775ms
[2020-08-10T13:20:40.503+0300][2180.043s][info ][gc] GC(71311) Pause Young (Allocation Failure) 118M->118M(121M) 13.471ms
[2020-08-10T13:20:40.518+0300][2180.057s][info ][gc] GC(71312) Pause Young (Allocation Failure) 119M->119M(121M) 13.691ms
[2020-08-10T13:20:40.532+0300][2180.071s][info ][gc] GC(71313) Pause Young (Allocation Failure) 119M->119M(121M) 13.726ms
[2020-08-10T13:20:40.943+0300][2180.482s][debug][gc] GC(71314) Expanding ParOldGen from 122368K by 10752K to 133120K
[2020-08-10T13:20:40.943+0300][2180.482s][info ][gc] GC(71314) Pause Full (Ergonomics) 119M->119M(131M) 410.698ms
[2020-08-10T13:20:40.957+0300][2180.496s][info ][gc] GC(71315) Pause Young (Allocation Failure) 119M->119M(131M) 13.610ms
[2020-08-10T13:20:40.972+0300][2180.511s][info ][gc] GC(71316) Pause Young (Allocation Failure) 120M->120M(131M) 14.202ms
[2020-08-10T13:20:41.010+0300][2180.549s][info ][gc] GC(71317) Pause Young (Allocation Failure) 120M->120M(131M) 38.184ms
[2020-08-10T13:20:41.028+0300][2180.567s][info ][gc] GC(71318) Pause Young (Allocation Failure) 121M->121M(131M) 17.355ms
[2020-08-10T13:20:41.043+0300][2180.582s][info ][gc] GC(71319) Pause Young (Allocation Failure) 121M->121M(131M) 14.572ms
[2020-08-10T13:20:41.058+0300][2180.597s][info ][gc] GC(71320) Pause Young (Allocation Failure) 122M->122M(131M) 14.154ms
[2020-08-10T13:20:41.079+0300][2180.619s][info ][gc] GC(71321) Pause Young (Allocation Failure) 122M->122M(131M) 21.023ms
[2020-08-10T13:20:41.094+0300][2180.634s][info ][gc] GC(71322) Pause Young (Allocation Failure) 123M->123M(131M) 14.593ms
[2020-08-10T13:20:41.109+0300][2180.648s][info ][gc] GC(71323) Pause Young (Allocation Failure) 123M->123M(131M) 14.241ms
[2020-08-10T13:20:41.124+0300][2180.663s][info ][gc] GC(71324) Pause Young (Allocation Failure) 124M->124M(131M) 14.504ms
[2020-08-10T13:20:41.138+0300][2180.678s][info ][gc] GC(71325) Pause Young (Allocation Failure) 124M->124M(131M) 14.321ms
[2020-08-10T13:20:41.153+0300][2180.693s][info ][gc] GC(71326) Pause Young (Allocation Failure) 125M->125M(131M) 14.502ms
[2020-08-10T13:20:41.168+0300][2180.708s][info ][gc] GC(71327) Pause Young (Allocation Failure) 125M->125M(131M) 14.680ms
[2020-08-10T13:20:41.183+0300][2180.723s][info ][gc] GC(71328) Pause Young (Allocation Failure) 126M->125M(131M) 14.714ms
[2020-08-10T13:20:41.198+0300][2180.738s][info ][gc] GC(71329) Pause Young (Allocation Failure) 126M->126M(131M) 14.657ms
[2020-08-10T13:20:41.213+0300][2180.753s][info ][gc] GC(71330) Pause Young (Allocation Failure) 126M->126M(131M) 14.573ms
[2020-08-10T13:20:41.247+0300][2180.786s][info ][gc] GC(71331) Pause Young (Allocation Failure) 127M->127M(131M) 33.104ms
[2020-08-10T13:20:41.262+0300][2180.801s][info ][gc] GC(71332) Pause Young (Allocation Failure) 127M->127M(131M) 14.929ms
[2020-08-10T13:20:41.280+0300][2180.820s][info ][gc] GC(71333) Pause Young (Allocation Failure) 128M->128M(131M) 18.024ms
[2020-08-10T13:20:41.296+0300][2180.835s][info ][gc] GC(71334) Pause Young (Allocation Failure) 128M->128M(131M) 14.831ms
[2020-08-10T13:20:41.311+0300][2180.850s][info ][gc] GC(71335) Pause Young (Allocation Failure) 129M->129M(131M) 14.817ms
[2020-08-10T13:20:41.326+0300][2180.866s][info ][gc] GC(71336) Pause Young (Allocation Failure) 129M->129M(131M) 14.827ms
[2020-08-10T13:20:41.363+0300][2180.903s][info ][gc] GC(71337) Pause Young (Allocation Failure) 130M->130M(131M) 36.603ms
[2020-08-10T13:20:41.837+0300][2181.376s][debug][gc] GC(71338) Expanding ParOldGen from 133120K by 10752K to 143872K
[2020-08-10T13:20:41.837+0300][2181.376s][info ][gc] GC(71338) Pause Full (Ergonomics) 130M->129M(142M) 473.326ms
[2020-08-10T13:20:41.863+0300][2181.403s][info ][gc] GC(71339) Pause Young (Allocation Failure) 130M->130M(142M) 25.863ms
[2020-08-10T13:20:41.886+0300][2181.425s][info ][gc] GC(71340) Pause Young (Allocation Failure) 130M->130M(142M) 21.815ms
[2020-08-10T13:20:41.901+0300][2181.441s][info ][gc] GC(71341) Pause Young (Allocation Failure) 131M->131M(142M) 15.196ms
[2020-08-10T13:20:41.917+0300][2181.457s][info ][gc] GC(71342) Pause Young (Allocation Failure) 131M->131M(142M) 14.986ms
[2020-08-10T13:20:41.933+0300][2181.472s][info ][gc] GC(71343) Pause Young (Allocation Failure) 132M->132M(142M) 15.102ms
[2020-08-10T13:20:41.948+0300][2181.487s][info ][gc] GC(71344) Pause Young (Allocation Failure) 132M->132M(142M) 14.881ms
[2020-08-10T13:20:41.963+0300][2181.503s][info ][gc] GC(71345) Pause Young (Allocation Failure) 133M->132M(142M) 14.845ms
[2020-08-10T13:20:41.979+0300][2181.518s][info ][gc] GC(71346) Pause Young (Allocation Failure) 133M->133M(142M) 14.896ms
[2020-08-10T13:20:41.994+0300][2181.533s][info ][gc] GC(71347) Pause Young (Allocation Failure) 133M->133M(142M) 14.855ms
[2020-08-10T13:20:42.009+0300][2181.549s][info ][gc] GC(71348) Pause Young (Allocation Failure) 134M->134M(142M) 15.042ms
[2020-08-10T13:20:42.025+0300][2181.564s][info ][gc] GC(71349) Pause Young (Allocation Failure) 134M->134M(142M) 14.916ms
[2020-08-10T13:20:42.041+0300][2181.580s][info ][gc] GC(71350) Pause Young (Allocation Failure) 135M->135M(142M) 15.424ms
[2020-08-10T13:20:42.059+0300][2181.598s][info ][gc] GC(71351) Pause Young (Allocation Failure) 135M->135M(142M) 17.927ms
[2020-08-10T13:20:42.075+0300][2181.615s][info ][gc] GC(71352) Pause Young (Allocation Failure) 136M->136M(142M) 15.392ms
[2020-08-10T13:20:42.091+0300][2181.630s][info ][gc] GC(71353) Pause Young (Allocation Failure) 136M->136M(142M) 14.973ms
[2020-08-10T13:20:42.106+0300][2181.646s][info ][gc] GC(71354) Pause Young (Allocation Failure) 137M->137M(142M) 15.398ms
[2020-08-10T13:20:42.122+0300][2181.662s][info ][gc] GC(71355) Pause Young (Allocation Failure) 137M->137M(142M) 15.497ms
[2020-08-10T13:20:42.138+0300][2181.677s][info ][gc] GC(71356) Pause Young (Allocation Failure) 138M->138M(142M) 15.145ms
[2020-08-10T13:20:42.153+0300][2181.693s][info ][gc] GC(71357) Pause Young (Allocation Failure) 138M->138M(142M) 15.314ms
[2020-08-10T13:20:42.169+0300][2181.709s][info ][gc] GC(71358) Pause Young (Allocation Failure) 139M->138M(142M) 15.370ms
[2020-08-10T13:20:42.185+0300][2181.724s][info ][gc] GC(71359) Pause Young (Allocation Failure) 139M->139M(142M) 15.458ms
[2020-08-10T13:20:42.201+0300][2181.740s][info ][gc] GC(71360) Pause Young (Allocation Failure) 139M->139M(142M) 15.284ms
[2020-08-10T13:20:42.217+0300][2181.756s][info ][gc] GC(71361) Pause Young (Allocation Failure) 140M->140M(142M) 15.473ms
[2020-08-10T13:20:42.232+0300][2181.772s][info ][gc] GC(71362) Pause Young (Allocation Failure) 140M->140M(142M) 15.392ms
[2020-08-10T13:20:42.664+0300][2182.204s][debug][gc] GC(71363) Expanding ParOldGen from 143872K by 10752K to 154624K
[2020-08-10T13:20:42.664+0300][2182.204s][info ][gc] GC(71363) Pause Full (Ergonomics) 140M->140M(152M) 431.850ms
[2020-08-10T13:20:42.681+0300][2182.220s][info ][gc] GC(71364) Pause Young (Allocation Failure) 140M->140M(152M) 16.033ms
[2020-08-10T13:20:42.702+0300][2182.242s][info ][gc] GC(71365) Pause Young (Allocation Failure) 141M->141M(152M) 20.993ms
[2020-08-10T13:20:42.720+0300][2182.259s][info ][gc] GC(71366) Pause Young (Allocation Failure) 141M->141M(152M) 16.783ms
[2020-08-10T13:20:42.761+0300][2182.301s][info ][gc] GC(71367) Pause Young (Allocation Failure) 142M->142M(152M) 40.942ms
[2020-08-10T13:20:42.777+0300][2182.317s][info ][gc] GC(71368) Pause Young (Allocation Failure) 142M->142M(152M) 15.452ms
[2020-08-10T13:20:42.794+0300][2182.333s][info ][gc] GC(71369) Pause Young (Allocation Failure) 143M->143M(152M) 15.784ms
[2020-08-10T13:20:42.810+0300][2182.350s][info ][gc] GC(71370) Pause Young (Allocation Failure) 143M->143M(152M) 15.980ms
[2020-08-10T13:20:42.827+0300][2182.366s][info ][gc] GC(71371) Pause Young (Allocation Failure) 144M->144M(152M) 15.847ms
[2020-08-10T13:20:42.843+0300][2182.382s][info ][gc] GC(71372) Pause Young (Allocation Failure) 144M->144M(152M) 15.657ms
[2020-08-10T13:20:42.859+0300][2182.398s][info ][gc] GC(71373) Pause Young (Allocation Failure) 145M->144M(152M) 15.596ms
[2020-08-10T13:20:42.875+0300][2182.415s][info ][gc] GC(71374) Pause Young (Allocation Failure) 145M->145M(152M) 15.807ms
[2020-08-10T13:20:42.896+0300][2182.435s][info ][gc] GC(71375) Pause Young (Allocation Failure) 145M->145M(152M) 20.376ms
[2020-08-10T13:20:42.913+0300][2182.452s][info ][gc] GC(71376) Pause Young (Allocation Failure) 146M->146M(152M) 16.102ms
[2020-08-10T13:20:42.929+0300][2182.469s][info ][gc] GC(71377) Pause Young (Allocation Failure) 146M->146M(152M) 16.160ms
[2020-08-10T13:20:42.945+0300][2182.485s][info ][gc] GC(71378) Pause Young (Allocation Failure) 147M->147M(152M) 15.924ms
[2020-08-10T13:20:42.946+0300][2182.485s][debug][gc] Expanding ParOldGen from 154624K by 19968K to 174592K
[2020-08-10T13:20:42.978+0300][2182.517s][info ][gc] GC(71379) Pause Young (Allocation Failure) 166M->166M(172M) 15.060ms
[2020-08-10T13:20:42.992+0300][2182.531s][info ][gc] GC(71380) Pause Young (Allocation Failure) 167M->167M(172M) 13.807ms
[2020-08-10T13:20:43.005+0300][2182.545s][info ][gc] GC(71381) Pause Young (Allocation Failure) 167M->167M(172M) 13.283ms
[2020-08-10T13:20:43.019+0300][2182.558s][info ][gc] GC(71382) Pause Young (Allocation Failure) 168M->168M(172M) 13.103ms
[2020-08-10T13:20:43.037+0300][2182.576s][info ][gc] GC(71383) Pause Young (Allocation Failure) 168M->168M(172M) 17.445ms
[2020-08-10T13:20:43.051+0300][2182.590s][info ][gc] GC(71384) Pause Young (Allocation Failure) 169M->168M(172M) 13.702ms
[2020-08-10T13:20:43.065+0300][2182.605s][info ][gc] GC(71385) Pause Young (Allocation Failure) 169M->169M(172M) 14.015ms
[2020-08-10T13:20:43.081+0300][2182.620s][info ][gc] GC(71386) Pause Young (Allocation Failure) 169M->169M(172M) 15.198ms
[2020-08-10T13:20:43.095+0300][2182.635s][info ][gc] GC(71387) Pause Young (Allocation Failure) 170M->170M(172M) 13.979ms
[2020-08-10T13:20:43.110+0300][2182.650s][info ][gc] GC(71388) Pause Young (Allocation Failure) 170M->170M(172M) 14.525ms
[2020-08-10T13:20:43.184+0300][2182.724s][debug][gc] GC(71389) Shrinking ParOldGen from 174592K by 125440K to 49152K
[2020-08-10T13:20:43.184+0300][2182.724s][info ][gc] GC(71389) Pause Full (Ergonomics) 170M->37M(49M) 74.015ms
[2020-08-10T13:20:43.198+0300][2182.738s][info ][gc] GC(71390) Pause Young (Allocation Failure) 37M->37M(49M) 13.603ms
[2020-08-10T13:20:43.212+0300][2182.752s][info ][gc] GC(71391) Pause Young (Allocation Failure) 38M->38M(49M) 13.493ms
[2020-08-10T13:20:43.226+0300][2182.765s][info ][gc] GC(71392) Pause Young (Allocation Failure) 38M->38M(49M) 13.270ms
[2020-08-10T13:20:43.240+0300][2182.779s][info ][gc] GC(71393) Pause Young (Allocation Failure) 38M->38M(49M) 13.382ms
[2020-08-10T13:20:43.253+0300][2182.793s][info ][gc] GC(71394) Pause Young (Allocation Failure) 39M->39M(49M) 13.197ms
[2020-08-10T13:20:43.267+0300][2182.806s][info ][gc] GC(71395) Pause Young (Allocation Failure) 39M->39M(49M) 13.214ms
[2020-08-10T13:20:43.280+0300][2182.820s][info ][gc] GC(71396) Pause Young (Allocation Failure) 40M->40M(49M) 13.285ms
[2020-08-10T13:20:43.294+0300][2182.833s][info ][gc] GC(71397) Pause Young (Allocation Failure) 40M->40M(49M) 13.274ms
[2020-08-10T13:20:43.308+0300][2182.847s][info ][gc] GC(71398) Pause Young (Allocation Failure) 41M->41M(49M) 13.185ms
[2020-08-10T13:20:43.321+0300][2182.861s][info ][gc] GC(71399) Pause Young (Allocation Failure) 41M->41M(49M) 13.492ms
[2020-08-10T13:20:43.335+0300][2182.875s][info ][gc] GC(71400) Pause Young (Allocation Failure) 42M->42M(49M) 13.437ms
[2020-08-10T13:20:43.349+0300][2182.889s][info ][gc] GC(71401) Pause Young (Allocation Failure) 42M->42M(49M) 13.539ms
[2020-08-10T13:20:43.363+0300][2182.903s][info ][gc] GC(71402) Pause Young (Allocation Failure) 43M->43M(49M) 13.555ms
[2020-08-10T13:20:43.378+0300][2182.917s][info ][gc] GC(71403) Pause Young (Allocation Failure) 43M->43M(49M) 13.557ms
[2020-08-10T13:20:43.391+0300][2182.931s][info ][gc] GC(71404) Pause Young (Allocation Failure) 44M->44M(49M) 13.328ms
[2020-08-10T13:20:43.405+0300][2182.945s][info ][gc] GC(71405) Pause Young (Allocation Failure) 44M->44M(49M) 13.404ms
[2020-08-10T13:20:43.419+0300][2182.959s][info ][gc] GC(71406) Pause Young (Allocation Failure) 45M->44M(49M) 13.275ms
[2020-08-10T13:20:43.433+0300][2182.973s][info ][gc] GC(71407) Pause Young (Allocation Failure) 45M->45M(49M) 13.372ms
[2020-08-10T13:20:43.447+0300][2182.986s][info ][gc] GC(71408) Pause Young (Allocation Failure) 45M->45M(49M) 13.229ms
[2020-08-10T13:20:43.460+0300][2183.000s][info ][gc] GC(71409) Pause Young (Allocation Failure) 46M->46M(49M) 13.218ms
[2020-08-10T13:20:43.474+0300][2183.014s][info ][gc] GC(71410) Pause Young (Allocation Failure) 46M->46M(49M) 13.333ms
[2020-08-10T13:20:43.488+0300][2183.027s][info ][gc] GC(71411) Pause Young (Allocation Failure) 47M->47M(49M) 13.336ms
[2020-08-10T13:20:43.502+0300][2183.042s][info ][gc] GC(71412) Pause Young (Allocation Failure) 47M->47M(49M) 13.638ms
[2020-08-10T13:20:43.516+0300][2183.055s][info ][gc] GC(71413) Pause Young (Allocation Failure) 48M->48M(49M) 13.500ms
[2020-08-10T13:20:43.624+0300][2183.163s][debug][gc] GC(71414) Expanding ParOldGen from 49152K by 10240K to 59392K
[2020-08-10T13:20:43.624+0300][2183.163s][info ][gc] GC(71414) Pause Full (Ergonomics) 48M->47M(59M) 107.748ms
[2020-08-10T13:20:43.638+0300][2183.178s][info ][gc] GC(71415) Pause Young (Allocation Failure) 48M->48M(59M) 13.256ms
[2020-08-10T13:20:43.654+0300][2183.194s][info ][gc] GC(71416) Pause Young (Allocation Failure) 48M->48M(59M) 15.637ms
[2020-08-10T13:20:43.668+0300][2183.207s][info ][gc] GC(71417) Pause Young (Allocation Failure) 49M->48M(59M) 13.375ms
[2020-08-10T13:20:43.682+0300][2183.221s][info ][gc] GC(71418) Pause Young (Allocation Failure) 49M->49M(59M) 13.509ms
[2020-08-10T13:20:43.696+0300][2183.235s][info ][gc] GC(71419) Pause Young (Allocation Failure) 49M->49M(59M) 13.450ms
[2020-08-10T13:20:43.709+0300][2183.249s][info ][gc] GC(71420) Pause Young (Allocation Failure) 50M->50M(59M) 13.371ms
[2020-08-10T13:20:43.723+0300][2183.263s][info ][gc] GC(71421) Pause Young (Allocation Failure) 50M->50M(59M) 13.331ms
[2020-08-10T13:20:43.737+0300][2183.276s][info ][gc] GC(71422) Pause Young (Allocation Failure) 51M->51M(59M) 13.281ms
[2020-08-10T13:20:43.750+0300][2183.290s][info ][gc] GC(71423) Pause Young (Allocation Failure) 51M->51M(59M) 13.499ms
[2020-08-10T13:20:43.764+0300][2183.304s][info ][gc] GC(71424) Pause Young (Allocation Failure) 52M->52M(59M) 13.500ms
[2020-08-10T13:20:43.779+0300][2183.318s][info ][gc] GC(71425) Pause Young (Allocation Failure) 52M->52M(59M) 13.671ms
[2020-08-10T13:20:43.793+0300][2183.332s][info ][gc] GC(71426) Pause Young (Allocation Failure) 53M->53M(59M) 13.448ms
[2020-08-10T13:20:43.807+0300][2183.346s][info ][gc] GC(71427) Pause Young (Allocation Failure) 53M->53M(59M) 13.341ms
[2020-08-10T13:20:43.821+0300][2183.360s][info ][gc] GC(71428) Pause Young (Allocation Failure) 54M->54M(59M) 13.481ms
[2020-08-10T13:20:43.834+0300][2183.374s][info ][gc] GC(71429) Pause Young (Allocation Failure) 54M->54M(59M) 13.286ms
[2020-08-10T13:20:43.849+0300][2183.388s][info ][gc] GC(71430) Pause Young (Allocation Failure) 55M->55M(59M) 14.117ms
[2020-08-10T13:20:43.863+0300][2183.403s][info ][gc] GC(71431) Pause Young (Allocation Failure) 55M->55M(59M) 13.985ms
[2020-08-10T13:20:43.877+0300][2183.417s][info ][gc] GC(71432) Pause Young (Allocation Failure) 55M->55M(59M) 13.484ms
[2020-08-10T13:20:43.891+0300][2183.431s][info ][gc] GC(71433) Pause Young (Allocation Failure) 56M->56M(59M) 13.801ms
[2020-08-10T13:20:43.908+0300][2183.447s][info ][gc] GC(71434) Pause Young (Allocation Failure) 56M->56M(59M) 14.577ms
[2020-08-10T13:20:43.922+0300][2183.462s][info ][gc] GC(71435) Pause Young (Allocation Failure) 57M->57M(59M) 14.163ms
[2020-08-10T13:20:43.937+0300][2183.477s][info ][gc] GC(71436) Pause Young (Allocation Failure) 57M->57M(59M) 15.026ms
[2020-08-10T13:20:43.953+0300][2183.492s][info ][gc] GC(71437) Pause Young (Allocation Failure) 58M->58M(59M) 15.100ms
[2020-08-10T13:20:44.099+0300][2183.639s][debug][gc] GC(71438) Expanding ParOldGen from 59392K by 10240K to 69632K
[2020-08-10T13:20:44.099+0300][2183.639s][info ][gc] GC(71438) Pause Full (Ergonomics) 58M->57M(69M) 146.209ms
[2020-08-10T13:20:44.113+0300][2183.653s][info ][gc] GC(71439) Pause Young (Allocation Failure) 57M->57M(69M) 13.762ms
[2020-08-10T13:20:44.127+0300][2183.667s][info ][gc] GC(71440) Pause Young (Allocation Failure) 58M->58M(69M) 13.605ms
[2020-08-10T13:20:44.141+0300][2183.681s][info ][gc] GC(71441) Pause Young (Allocation Failure) 58M->58M(69M) 13.669ms
[2020-08-10T13:20:44.155+0300][2183.695s][info ][gc] GC(71442) Pause Young (Allocation Failure) 59M->59M(69M) 13.475ms
[2020-08-10T13:20:44.169+0300][2183.709s][info ][gc] GC(71443) Pause Young (Allocation Failure) 59M->59M(69M) 13.502ms
[2020-08-10T13:20:44.185+0300][2183.724s][info ][gc] GC(71444) Pause Young (Allocation Failure) 60M->60M(69M) 15.194ms
[2020-08-10T13:20:44.199+0300][2183.739s][info ][gc] GC(71445) Pause Young (Allocation Failure) 60M->60M(69M) 13.972ms
[2020-08-10T13:20:44.213+0300][2183.752s][info ][gc] GC(71446) Pause Young (Allocation Failure) 61M->61M(69M) 13.282ms
[2020-08-10T13:20:44.227+0300][2183.766s][info ][gc] GC(71447) Pause Young (Allocation Failure) 61M->61M(69M) 13.678ms
[2020-08-10T13:20:44.241+0300][2183.780s][info ][gc] GC(71448) Pause Young (Allocation Failure) 62M->62M(69M) 13.344ms
[2020-08-10T13:20:44.255+0300][2183.794s][info ][gc] GC(71449) Pause Young (Allocation Failure) 62M->62M(69M) 13.644ms
[2020-08-10T13:20:44.270+0300][2183.809s][info ][gc] GC(71450) Pause Young (Allocation Failure) 63M->63M(69M) 15.054ms
[2020-08-10T13:20:44.284+0300][2183.823s][info ][gc] GC(71451) Pause Young (Allocation Failure) 63M->63M(69M) 13.410ms
[2020-08-10T13:20:44.298+0300][2183.837s][info ][gc] GC(71452) Pause Young (Allocation Failure) 64M->64M(69M) 13.540ms
[2020-08-10T13:20:44.311+0300][2183.851s][info ][gc] GC(71453) Pause Young (Allocation Failure) 64M->64M(69M) 13.472ms
[2020-08-10T13:20:44.325+0300][2183.865s][info ][gc] GC(71454) Pause Young (Allocation Failure) 64M->64M(69M) 13.443ms
[2020-08-10T13:20:44.339+0300][2183.879s][info ][gc] GC(71455) Pause Young (Allocation Failure) 65M->65M(69M) 13.632ms
[2020-08-10T13:20:44.354+0300][2183.894s][info ][gc] GC(71456) Pause Young (Allocation Failure) 66M->66M(69M) 14.618ms
[2020-08-10T13:20:44.371+0300][2183.911s][info ][gc] GC(71457) Pause Young (Allocation Failure) 67M->67M(70M) 16.311ms
[2020-08-10T13:20:44.386+0300][2183.925s][info ][gc] GC(71458) Pause Young (Allocation Failure) 68M->68M(70M) 14.130ms
[2020-08-10T13:20:44.573+0300][2184.113s][debug][gc] GC(71459) Expanding ParOldGen from 69632K by 11264K to 80896K
[2020-08-10T13:20:44.573+0300][2184.113s][info ][gc] GC(71459) Pause Full (Ergonomics) 68M->67M(81M) 187.456ms
[2020-08-10T13:20:44.599+0300][2184.138s][info ][gc] GC(71460) Pause Young (Allocation Failure) 68M->68M(81M) 24.955ms
[2020-08-10T13:20:44.613+0300][2184.153s][info ][gc] GC(71461) Pause Young (Allocation Failure) 69M->69M(81M) 14.138ms
[2020-08-10T13:20:44.628+0300][2184.168s][info ][gc] GC(71462) Pause Young (Allocation Failure) 70M->70M(81M) 14.151ms
[2020-08-10T13:20:44.647+0300][2184.186s][info ][gc] GC(71463) Pause Young (Allocation Failure) 71M->71M(81M) 18.154ms
[2020-08-10T13:20:44.661+0300][2184.201s][info ][gc] GC(71464) Pause Young (Allocation Failure) 72M->72M(81M) 14.240ms
[2020-08-10T13:20:44.676+0300][2184.216s][info ][gc] GC(71465) Pause Young (Allocation Failure) 73M->73M(81M) 14.478ms
[2020-08-10T13:20:44.691+0300][2184.231s][info ][gc] GC(71466) Pause Young (Allocation Failure) 74M->74M(81M) 14.220ms
[2020-08-10T13:20:44.706+0300][2184.245s][info ][gc] GC(71467) Pause Young (Allocation Failure) 75M->75M(81M) 14.110ms
[2020-08-10T13:20:44.735+0300][2184.274s][info ][gc] GC(71468) Pause Young (Allocation Failure) 76M->76M(81M) 27.803ms
[2020-08-10T13:20:44.760+0300][2184.299s][info ][gc] GC(71469) Pause Young (Allocation Failure) 77M->77M(81M) 24.717ms
[2020-08-10T13:20:44.775+0300][2184.314s][info ][gc] GC(71470) Pause Young (Allocation Failure) 78M->78M(81M) 14.191ms
[2020-08-10T13:20:44.791+0300][2184.331s][info ][gc] GC(71471) Pause Young (Allocation Failure) 79M->79M(81M) 16.121ms
[2020-08-10T13:20:45.022+0300][2184.562s][debug][gc] GC(71472) Expanding ParOldGen from 80896K by 11776K to 92672K
[2020-08-10T13:20:45.023+0300][2184.562s][info ][gc] GC(71472) Pause Full (Ergonomics) 79M->78M(93M) 231.242ms
[2020-08-10T13:20:45.037+0300][2184.576s][info ][gc] GC(71473) Pause Young (Allocation Failure) 79M->79M(93M) 13.874ms
[2020-08-10T13:20:45.058+0300][2184.598s][info ][gc] GC(71474) Pause Young (Allocation Failure) 80M->80M(93M) 15.139ms
[2020-08-10T13:20:45.073+0300][2184.612s][info ][gc] GC(71475) Pause Young (Allocation Failure) 81M->81M(93M) 14.002ms
[2020-08-10T13:20:45.087+0300][2184.627s][info ][gc] GC(71476) Pause Young (Allocation Failure) 82M->82M(93M) 14.019ms
[2020-08-10T13:20:45.101+0300][2184.641s][info ][gc] GC(71477) Pause Young (Allocation Failure) 83M->83M(93M) 13.822ms
[2020-08-10T13:20:45.116+0300][2184.655s][info ][gc] GC(71478) Pause Young (Allocation Failure) 84M->84M(93M) 13.977ms
[2020-08-10T13:20:45.134+0300][2184.673s][info ][gc] GC(71479) Pause Young (Allocation Failure) 85M->85M(93M) 17.482ms
[2020-08-10T13:20:45.148+0300][2184.688s][info ][gc] GC(71480) Pause Young (Allocation Failure) 86M->86M(93M) 14.291ms
[2020-08-10T13:20:45.163+0300][2184.702s][info ][gc] GC(71481) Pause Young (Allocation Failure) 87M->87M(93M) 14.181ms
[2020-08-10T13:20:45.178+0300][2184.717s][info ][gc] GC(71482) Pause Young (Allocation Failure) 88M->88M(93M) 14.189ms
[2020-08-10T13:20:45.192+0300][2184.732s][info ][gc] GC(71483) Pause Young (Allocation Failure) 89M->89M(93M) 13.909ms
[2020-08-10T13:20:45.216+0300][2184.756s][info ][gc] GC(71484) Pause Young (Allocation Failure) 90M->90M(93M) 23.815ms
[2020-08-10T13:20:45.232+0300][2184.771s][info ][gc] GC(71485) Pause Young (Allocation Failure) 91M->90M(93M) 15.222ms
[2020-08-10T13:20:45.478+0300][2185.017s][debug][gc] GC(71486) Expanding ParOldGen from 92672K by 11264K to 103936K
[2020-08-10T13:20:45.478+0300][2185.017s][info ][gc] GC(71486) Pause Full (Ergonomics) 90M->90M(104M) 245.870ms
[2020-08-10T13:20:45.534+0300][2185.074s][info ][gc] GC(71487) Pause Young (Allocation Failure) 91M->91M(104M) 56.043ms
[2020-08-10T13:20:45.550+0300][2185.090s][info ][gc] GC(71488) Pause Young (Allocation Failure) 92M->92M(104M) 14.925ms
[2020-08-10T13:20:45.565+0300][2185.105s][info ][gc] GC(71489) Pause Young (Allocation Failure) 93M->93M(104M) 14.804ms
[2020-08-10T13:20:45.589+0300][2185.128s][info ][gc] GC(71490) Pause Young (Allocation Failure) 94M->94M(104M) 22.753ms
[2020-08-10T13:20:45.604+0300][2185.144s][info ][gc] GC(71491) Pause Young (Allocation Failure) 95M->95M(104M) 14.792ms
[2020-08-10T13:20:45.620+0300][2185.159s][info ][gc] GC(71492) Pause Young (Allocation Failure) 96M->96M(104M) 14.626ms
[2020-08-10T13:20:45.640+0300][2185.180s][info ][gc] GC(71493) Pause Young (Allocation Failure) 97M->97M(104M) 19.969ms
[2020-08-10T13:20:45.661+0300][2185.200s][info ][gc] GC(71494) Pause Young (Allocation Failure) 98M->98M(104M) 20.229ms
[2020-08-10T13:20:45.686+0300][2185.226s][info ][gc] GC(71495) Pause Young (Allocation Failure) 99M->99M(104M) 24.947ms
[2020-08-10T13:20:45.704+0300][2185.244s][info ][gc] GC(71496) Pause Young (Allocation Failure) 100M->100M(104M) 17.044ms
[2020-08-10T13:20:45.719+0300][2185.259s][info ][gc] GC(71497) Pause Young (Allocation Failure) 101M->101M(104M) 15.007ms
[2020-08-10T13:20:45.735+0300][2185.275s][info ][gc] GC(71498) Pause Young (Allocation Failure) 102M->102M(104M) 15.262ms
[2020-08-10T13:20:46.101+0300][2185.641s][debug][gc] GC(71499) Expanding ParOldGen from 103936K by 11264K to 115200K
[2020-08-10T13:20:46.101+0300][2185.641s][info ][gc] GC(71499) Pause Full (Ergonomics) 102M->101M(115M) 365.843ms
[2020-08-10T13:20:46.167+0300][2185.707s][info ][gc] GC(71500) Pause Young (Allocation Failure) 102M->102M(115M) 65.237ms
[2020-08-10T13:20:46.184+0300][2185.723s][info ][gc] GC(71501) Pause Young (Allocation Failure) 103M->103M(115M) 15.530ms
[2020-08-10T13:20:46.200+0300][2185.740s][info ][gc] GC(71502) Pause Young (Allocation Failure) 104M->104M(115M) 15.881ms
[2020-08-10T13:20:46.216+0300][2185.756s][info ][gc] GC(71503) Pause Young (Allocation Failure) 105M->105M(115M) 15.435ms
[2020-08-10T13:20:46.233+0300][2185.772s][info ][gc] GC(71504) Pause Young (Allocation Failure) 106M->106M(115M) 15.594ms
[2020-08-10T13:20:46.254+0300][2185.793s][info ][gc] GC(71505) Pause Young (Allocation Failure) 107M->107M(115M) 20.809ms
[2020-08-10T13:20:46.270+0300][2185.810s][info ][gc] GC(71506) Pause Young (Allocation Failure) 108M->108M(115M) 16.003ms
[2020-08-10T13:20:46.297+0300][2185.836s][info ][gc] GC(71507) Pause Young (Allocation Failure) 109M->109M(115M) 25.986ms
[2020-08-10T13:20:46.322+0300][2185.862s][info ][gc] GC(71508) Pause Young (Allocation Failure) 110M->110M(115M) 24.631ms
[2020-08-10T13:20:46.351+0300][2185.890s][info ][gc] GC(71509) Pause Young (Allocation Failure) 111M->111M(115M) 28.049ms
[2020-08-10T13:20:46.383+0300][2185.922s][info ][gc] GC(71510) Pause Young (Allocation Failure) 112M->112M(115M) 31.303ms
[2020-08-10T13:20:46.400+0300][2185.939s][info ][gc] GC(71511) Pause Young (Allocation Failure) 113M->113M(115M) 16.417ms
[2020-08-10T13:20:46.748+0300][2186.287s][debug][gc] GC(71512) Expanding ParOldGen from 115200K by 11264K to 126464K
[2020-08-10T13:20:46.748+0300][2186.287s][info ][gc] GC(71512) Pause Full (Ergonomics) 113M->112M(126M) 347.836ms
[2020-08-10T13:20:46.782+0300][2186.322s][info ][gc] GC(71513) Pause Young (Allocation Failure) 113M->113M(126M) 33.478ms
[2020-08-10T13:20:46.805+0300][2186.345s][info ][gc] GC(71514) Pause Young (Allocation Failure) 114M->114M(126M) 22.714ms
[2020-08-10T13:20:46.823+0300][2186.363s][info ][gc] GC(71515) Pause Young (Allocation Failure) 115M->115M(126M) 16.975ms
[2020-08-10T13:20:46.850+0300][2186.390s][info ][gc] GC(71516) Pause Young (Allocation Failure) 116M->116M(126M) 26.352ms
[2020-08-10T13:20:46.868+0300][2186.407s][info ][gc] GC(71517) Pause Young (Allocation Failure) 117M->117M(126M) 17.123ms
[2020-08-10T13:20:46.889+0300][2186.428s][info ][gc] GC(71518) Pause Young (Allocation Failure) 118M->118M(126M) 20.618ms
[2020-08-10T13:20:46.906+0300][2186.446s][info ][gc] GC(71519) Pause Young (Allocation Failure) 119M->119M(126M) 17.103ms
[2020-08-10T13:20:46.924+0300][2186.464s][info ][gc] GC(71520) Pause Young (Allocation Failure) 120M->120M(126M) 17.252ms
[2020-08-10T13:20:46.942+0300][2186.482s][info ][gc] GC(71521) Pause Young (Allocation Failure) 121M->121M(126M) 17.636ms
[2020-08-10T13:20:46.969+0300][2186.509s][info ][gc] GC(71522) Pause Young (Allocation Failure) 122M->122M(126M) 26.825ms
[2020-08-10T13:20:46.987+0300][2186.527s][info ][gc] GC(71523) Pause Young (Allocation Failure) 123M->123M(126M) 17.646ms
[2020-08-10T13:20:47.440+0300][2186.979s][debug][gc] GC(71524) Expanding ParOldGen from 126464K by 11264K to 137728K
[2020-08-10T13:20:47.440+0300][2186.980s][info ][gc] GC(71524) Pause Full (Ergonomics) 123M->123M(137M) 452.287ms
[2020-08-10T13:20:47.468+0300][2187.008s][info ][gc] GC(71525) Pause Young (Allocation Failure) 124M->124M(137M) 27.746ms
[2020-08-10T13:20:47.490+0300][2187.030s][info ][gc] GC(71526) Pause Young (Allocation Failure) 125M->125M(137M) 21.029ms
[2020-08-10T13:20:47.509+0300][2187.048s][info ][gc] GC(71527) Pause Young (Allocation Failure) 126M->126M(137M) 18.082ms
[2020-08-10T13:20:47.527+0300][2187.067s][info ][gc] GC(71528) Pause Young (Allocation Failure) 127M->127M(137M) 18.189ms
[2020-08-10T13:20:47.546+0300][2187.086s][info ][gc] GC(71529) Pause Young (Allocation Failure) 128M->127M(137M) 17.756ms
[2020-08-10T13:20:47.564+0300][2187.104s][info ][gc] GC(71530) Pause Young (Allocation Failure) 128M->128M(137M) 17.452ms
[2020-08-10T13:20:47.582+0300][2187.122s][info ][gc] GC(71531) Pause Young (Allocation Failure) 129M->129M(137M) 17.787ms
[2020-08-10T13:20:47.600+0300][2187.140s][info ][gc] GC(71532) Pause Young (Allocation Failure) 130M->130M(137M) 17.905ms
[2020-08-10T13:20:47.619+0300][2187.159s][info ][gc] GC(71533) Pause Young (Allocation Failure) 131M->131M(137M) 17.742ms
[2020-08-10T13:20:47.637+0300][2187.177s][info ][gc] GC(71534) Pause Young (Allocation Failure) 132M->132M(137M) 18.006ms
[2020-08-10T13:20:47.656+0300][2187.196s][info ][gc] GC(71535) Pause Young (Allocation Failure) 133M->133M(137M) 18.080ms
[2020-08-10T13:20:47.676+0300][2187.216s][info ][gc] GC(71536) Pause Young (Allocation Failure) 134M->134M(137M) 19.038ms
[2020-08-10T13:20:48.164+0300][2187.704s][debug][gc] GC(71537) Expanding ParOldGen from 137728K by 11264K to 148992K
[2020-08-10T13:20:48.164+0300][2187.704s][info ][gc] GC(71537) Pause Full (Ergonomics) 134M->134M(148M) 488.545ms
[2020-08-10T13:20:48.192+0300][2187.731s][info ][gc] GC(71538) Pause Young (Allocation Failure) 135M->135M(148M) 26.238ms
[2020-08-10T13:20:48.236+0300][2187.775s][info ][gc] GC(71539) Pause Young (Allocation Failure) 136M->136M(148M) 43.211ms
[2020-08-10T13:20:48.255+0300][2187.795s][info ][gc] GC(71540) Pause Young (Allocation Failure) 137M->137M(148M) 18.433ms
[2020-08-10T13:20:48.274+0300][2187.814s][info ][gc] GC(71541) Pause Young (Allocation Failure) 138M->138M(148M) 18.378ms
[2020-08-10T13:20:48.293+0300][2187.833s][info ][gc] GC(71542) Pause Young (Allocation Failure) 139M->139M(148M) 18.564ms
[2020-08-10T13:20:48.336+0300][2187.876s][info ][gc] GC(71543) Pause Young (Allocation Failure) 140M->140M(148M) 42.631ms
[2020-08-10T13:20:48.355+0300][2187.895s][info ][gc] GC(71544) Pause Young (Allocation Failure) 141M->140M(148M) 18.652ms
[2020-08-10T13:20:48.375+0300][2187.914s][info ][gc] GC(71545) Pause Young (Allocation Failure) 141M->141M(148M) 18.496ms
[2020-08-10T13:20:48.419+0300][2187.958s][info ][gc] GC(71546) Pause Young (Allocation Failure) 142M->142M(148M) 43.640ms
[2020-08-10T13:20:48.438+0300][2187.978s][info ][gc] GC(71547) Pause Young (Allocation Failure) 143M->143M(148M) 18.411ms
[2020-08-10T13:20:48.457+0300][2187.997s][info ][gc] GC(71548) Pause Young (Allocation Failure) 144M->144M(148M) 18.696ms
[2020-08-10T13:20:48.476+0300][2188.016s][info ][gc] GC(71549) Pause Young (Allocation Failure) 145M->145M(148M) 18.947ms
[2020-08-10T13:20:48.962+0300][2188.502s][debug][gc] GC(71550) Expanding ParOldGen from 148992K by 11776K to 160768K
[2020-08-10T13:20:48.963+0300][2188.502s][info ][gc] GC(71550) Pause Full (Ergonomics) 145M->145M(159M) 485.966ms
[2020-08-10T13:20:48.984+0300][2188.523s][info ][gc] GC(71551) Pause Young (Allocation Failure) 146M->146M(159M) 19.849ms
[2020-08-10T13:20:48.985+0300][2188.524s][debug][gc] Expanding ParOldGen from 160768K by 19968K to 180736K
[2020-08-10T13:20:49.033+0300][2188.573s][info ][gc] GC(71552) Pause Young (Allocation Failure) 166M->166M(179M) 36.158ms
[2020-08-10T13:20:49.050+0300][2188.590s][info ][gc] GC(71553) Pause Young (Allocation Failure) 167M->167M(179M) 16.757ms
[2020-08-10T13:20:49.066+0300][2188.606s][info ][gc] GC(71554) Pause Young (Allocation Failure) 168M->168M(179M) 15.363ms
[2020-08-10T13:20:49.089+0300][2188.629s][info ][gc] GC(71555) Pause Young (Allocation Failure) 169M->169M(179M) 22.610ms
[2020-08-10T13:20:49.109+0300][2188.649s][info ][gc] GC(71556) Pause Young (Allocation Failure) 170M->170M(179M) 19.541ms
[2020-08-10T13:20:49.143+0300][2188.683s][info ][gc] GC(71557) Pause Young (Allocation Failure) 171M->171M(179M) 33.236ms
[2020-08-10T13:20:49.176+0300][2188.715s][info ][gc] GC(71558) Pause Young (Allocation Failure) 172M->172M(179M) 31.733ms
[2020-08-10T13:20:49.197+0300][2188.737s][info ][gc] GC(71559) Pause Young (Allocation Failure) 173M->173M(179M) 20.810ms
[2020-08-10T13:20:49.213+0300][2188.753s][info ][gc] GC(71560) Pause Young (Allocation Failure) 174M->174M(179M) 15.676ms
[2020-08-10T13:20:49.234+0300][2188.774s][info ][gc] GC(71561) Pause Young (Allocation Failure) 175M->175M(179M) 20.656ms
[2020-08-10T13:20:49.250+0300][2188.790s][info ][gc] GC(71562) Pause Young (Allocation Failure) 176M->175M(179M) 15.361ms
[2020-08-10T13:20:49.266+0300][2188.805s][info ][gc] GC(71563) Pause Young (Allocation Failure) 176M->176M(179M) 15.200ms
[2020-08-10T13:20:49.376+0300][2188.916s][debug][gc] GC(71564) Shrinking ParOldGen from 180736K by 124928K to 55808K
[2020-08-10T13:20:49.376+0300][2188.916s][info ][gc] GC(71564) Pause Full (Ergonomics) 176M->43M(57M) 110.214ms
[2020-08-10T13:20:49.409+0300][2188.949s][info ][gc] GC(71565) Pause Young (Allocation Failure) 44M->44M(57M) 31.914ms
[2020-08-10T13:20:49.424+0300][2188.963s][info ][gc] GC(71566) Pause Young (Allocation Failure) 45M->45M(57M) 14.167ms
[2020-08-10T13:20:49.438+0300][2188.978s][info ][gc] GC(71567) Pause Young (Allocation Failure) 46M->46M(57M) 14.023ms
[2020-08-10T13:20:49.452+0300][2188.992s][info ][gc] GC(71568) Pause Young (Allocation Failure) 47M->47M(57M) 13.820ms
[2020-08-10T13:20:49.467+0300][2189.006s][info ][gc] GC(71569) Pause Young (Allocation Failure) 48M->48M(57M) 13.704ms
[2020-08-10T13:20:49.481+0300][2189.021s][info ][gc] GC(71570) Pause Young (Allocation Failure) 49M->48M(57M) 13.996ms
[2020-08-10T13:20:49.495+0300][2189.035s][info ][gc] GC(71571) Pause Young (Allocation Failure) 49M->49M(57M) 13.731ms
[2020-08-10T13:20:49.510+0300][2189.050s][info ][gc] GC(71572) Pause Young (Allocation Failure) 50M->50M(57M) 13.776ms
[2020-08-10T13:20:49.524+0300][2189.064s][info ][gc] GC(71573) Pause Young (Allocation Failure) 51M->51M(57M) 13.770ms
[2020-08-10T13:20:49.538+0300][2189.078s][info ][gc] GC(71574) Pause Young (Allocation Failure) 52M->52M(57M) 13.872ms
[2020-08-10T13:20:49.552+0300][2189.092s][info ][gc] GC(71575) Pause Young (Allocation Failure) 53M->53M(57M) 13.763ms
[2020-08-10T13:20:49.567+0300][2189.107s][info ][gc] GC(71576) Pause Young (Allocation Failure) 54M->54M(57M) 13.823ms
[2020-08-10T13:20:49.730+0300][2189.270s][debug][gc] GC(71577) Expanding ParOldGen from 55808K by 11264K to 67072K
[2020-08-10T13:20:49.730+0300][2189.270s][info ][gc] GC(71577) Pause Full (Ergonomics) 54M->54M(68M) 163.059ms
[2020-08-10T13:20:49.744+0300][2189.284s][info ][gc] GC(71578) Pause Young (Allocation Failure) 55M->55M(68M) 13.415ms
[2020-08-10T13:20:49.758+0300][2189.298s][info ][gc] GC(71579) Pause Young (Allocation Failure) 56M->56M(68M) 13.925ms
[2020-08-10T13:20:49.773+0300][2189.313s][info ][gc] GC(71580) Pause Young (Allocation Failure) 57M->57M(68M) 14.075ms
[2020-08-10T13:20:49.801+0300][2189.341s][info ][gc] GC(71581) Pause Young (Allocation Failure) 58M->58M(68M) 27.725ms
[2020-08-10T13:20:49.816+0300][2189.356s][info ][gc] GC(71582) Pause Young (Allocation Failure) 59M->59M(68M) 14.313ms
[2020-08-10T13:20:49.831+0300][2189.371s][info ][gc] GC(71583) Pause Young (Allocation Failure) 60M->59M(68M) 14.502ms
[2020-08-10T13:20:49.845+0300][2189.385s][info ][gc] GC(71584) Pause Young (Allocation Failure) 60M->60M(67M) 13.892ms
[2020-08-10T13:20:49.860+0300][2189.400s][info ][gc] GC(71585) Pause Young (Allocation Failure) 61M->61M(67M) 14.196ms
[2020-08-10T13:20:49.875+0300][2189.415s][info ][gc] GC(71586) Pause Young (Allocation Failure) 62M->62M(67M) 14.064ms
[2020-08-10T13:20:49.889+0300][2189.429s][info ][gc] GC(71587) Pause Young (Allocation Failure) 63M->63M(68M) 13.974ms
[2020-08-10T13:20:49.904+0300][2189.444s][info ][gc] GC(71588) Pause Young (Allocation Failure) 64M->64M(68M) 13.942ms
[2020-08-10T13:20:49.919+0300][2189.458s][info ][gc] GC(71589) Pause Young (Allocation Failure) 65M->65M(68M) 14.231ms
[2020-08-10T13:20:50.089+0300][2189.629s][debug][gc] GC(71590) Expanding ParOldGen from 67072K by 11264K to 78336K
[2020-08-10T13:20:50.089+0300][2189.629s][info ][gc] GC(71590) Pause Full (Ergonomics) 65M->65M(79M) 170.591ms
[2020-08-10T13:20:50.119+0300][2189.659s][info ][gc] GC(71591) Pause Young (Allocation Failure) 66M->66M(79M) 28.627ms
[2020-08-10T13:20:50.134+0300][2189.674s][info ][gc] GC(71592) Pause Young (Allocation Failure) 67M->67M(79M) 14.543ms
[2020-08-10T13:20:50.150+0300][2189.690s][info ][gc] GC(71593) Pause Young (Allocation Failure) 68M->68M(79M) 15.588ms
[2020-08-10T13:20:50.165+0300][2189.705s][info ][gc] GC(71594) Pause Young (Allocation Failure) 69M->69M(79M) 14.441ms
[2020-08-10T13:20:50.180+0300][2189.720s][info ][gc] GC(71595) Pause Young (Allocation Failure) 70M->70M(79M) 14.482ms
[2020-08-10T13:20:50.195+0300][2189.735s][info ][gc] GC(71596) Pause Young (Allocation Failure) 71M->71M(79M) 14.314ms
[2020-08-10T13:20:50.221+0300][2189.761s][info ][gc] GC(71597) Pause Young (Allocation Failure) 72M->72M(79M) 24.887ms
[2020-08-10T13:20:50.236+0300][2189.776s][info ][gc] GC(71598) Pause Young (Allocation Failure) 73M->73M(79M) 14.403ms
[2020-08-10T13:20:50.251+0300][2189.791s][info ][gc] GC(71599) Pause Young (Allocation Failure) 74M->74M(79M) 14.458ms
[2020-08-10T13:20:50.266+0300][2189.806s][info ][gc] GC(71600) Pause Young (Allocation Failure) 75M->75M(79M) 14.355ms
[2020-08-10T13:20:50.281+0300][2189.821s][info ][gc] GC(71601) Pause Young (Allocation Failure) 76M->76M(79M) 14.432ms
[2020-08-10T13:20:50.296+0300][2189.836s][info ][gc] GC(71602) Pause Young (Allocation Failure) 77M->77M(79M) 14.166ms
[2020-08-10T13:20:50.528+0300][2190.068s][debug][gc] GC(71603) Expanding ParOldGen from 78336K by 11264K to 89600K
[2020-08-10T13:20:50.528+0300][2190.068s][info ][gc] GC(71603) Pause Full (Ergonomics) 77M->76M(90M) 232.257ms
[2020-08-10T13:20:50.559+0300][2190.099s][info ][gc] GC(71604) Pause Young (Allocation Failure) 77M->77M(90M) 30.415ms
[2020-08-10T13:20:50.574+0300][2190.114s][info ][gc] GC(71605) Pause Young (Allocation Failure) 78M->78M(90M) 14.163ms
[2020-08-10T13:20:50.589+0300][2190.129s][info ][gc] GC(71606) Pause Young (Allocation Failure) 79M->79M(90M) 14.118ms
[2020-08-10T13:20:50.603+0300][2190.143s][info ][gc] GC(71607) Pause Young (Allocation Failure) 80M->80M(90M) 14.307ms
[2020-08-10T13:20:50.618+0300][2190.158s][info ][gc] GC(71608) Pause Young (Allocation Failure) 81M->81M(90M) 14.448ms
[2020-08-10T13:20:50.634+0300][2190.174s][info ][gc] GC(71609) Pause Young (Allocation Failure) 82M->82M(90M) 14.286ms
[2020-08-10T13:20:50.649+0300][2190.188s][info ][gc] GC(71610) Pause Young (Allocation Failure) 83M->83M(90M) 14.355ms
[2020-08-10T13:20:50.663+0300][2190.203s][info ][gc] GC(71611) Pause Young (Allocation Failure) 84M->84M(90M) 14.368ms
[2020-08-10T13:20:50.679+0300][2190.219s][info ][gc] GC(71612) Pause Young (Allocation Failure) 85M->85M(90M) 14.228ms
[2020-08-10T13:20:50.694+0300][2190.234s][info ][gc] GC(71613) Pause Young (Allocation Failure) 86M->86M(90M) 14.494ms
[2020-08-10T13:20:50.709+0300][2190.249s][info ][gc] GC(71614) Pause Young (Allocation Failure) 87M->87M(90M) 14.370ms
[2020-08-10T13:20:50.724+0300][2190.263s][info ][gc] GC(71615) Pause Young (Allocation Failure) 88M->88M(90M) 14.275ms
[2020-08-10T13:20:50.997+0300][2190.537s][debug][gc] GC(71616) Expanding ParOldGen from 89600K by 11776K to 101376K
[2020-08-10T13:20:50.997+0300][2190.537s][info ][gc] GC(71616) Pause Full (Ergonomics) 88M->87M(101M) 273.615ms
[2020-08-10T13:20:51.049+0300][2190.589s][info ][gc] GC(71617) Pause Young (Allocation Failure) 88M->88M(101M) 51.345ms
[2020-08-10T13:20:51.065+0300][2190.605s][info ][gc] GC(71618) Pause Young (Allocation Failure) 89M->89M(101M) 14.520ms
[2020-08-10T13:20:51.080+0300][2190.620s][info ][gc] GC(71619) Pause Young (Allocation Failure) 90M->90M(101M) 14.382ms
[2020-08-10T13:20:51.095+0300][2190.634s][info ][gc] GC(71620) Pause Young (Allocation Failure) 91M->91M(101M) 14.368ms
[2020-08-10T13:20:51.110+0300][2190.649s][info ][gc] GC(71621) Pause Young (Allocation Failure) 92M->92M(101M) 14.448ms
[2020-08-10T13:20:51.125+0300][2190.665s][info ][gc] GC(71622) Pause Young (Allocation Failure) 93M->93M(101M) 14.631ms
[2020-08-10T13:20:51.140+0300][2190.680s][info ][gc] GC(71623) Pause Young (Allocation Failure) 94M->94M(101M) 14.577ms
[2020-08-10T13:20:51.174+0300][2190.713s][info ][gc] GC(71624) Pause Young (Allocation Failure) 95M->95M(101M) 32.935ms
[2020-08-10T13:20:51.189+0300][2190.729s][info ][gc] GC(71625) Pause Young (Allocation Failure) 96M->96M(101M) 14.820ms
[2020-08-10T13:20:51.204+0300][2190.744s][info ][gc] GC(71626) Pause Young (Allocation Failure) 97M->97M(101M) 14.794ms
[2020-08-10T13:20:51.219+0300][2190.759s][info ][gc] GC(71627) Pause Young (Allocation Failure) 98M->98M(101M) 14.765ms
[2020-08-10T13:20:51.249+0300][2190.789s][info ][gc] GC(71628) Pause Young (Allocation Failure) 99M->99M(101M) 29.230ms
[2020-08-10T13:20:51.544+0300][2191.084s][debug][gc] GC(71629) Expanding ParOldGen from 101376K by 11264K to 112640K
[2020-08-10T13:20:51.544+0300][2191.084s][info ][gc] GC(71629) Pause Full (Ergonomics) 99M->99M(112M) 294.475ms
[2020-08-10T13:20:51.594+0300][2191.134s][info ][gc] GC(71630) Pause Young (Allocation Failure) 100M->100M(112M) 49.604ms
[2020-08-10T13:20:51.610+0300][2191.150s][info ][gc] GC(71631) Pause Young (Allocation Failure) 101M->101M(112M) 14.956ms
[2020-08-10T13:20:51.625+0300][2191.165s][info ][gc] GC(71632) Pause Young (Allocation Failure) 102M->102M(112M) 15.137ms
[2020-08-10T13:20:51.641+0300][2191.181s][info ][gc] GC(71633) Pause Young (Allocation Failure) 103M->102M(112M) 15.173ms
[2020-08-10T13:20:51.657+0300][2191.197s][info ][gc] GC(71634) Pause Young (Allocation Failure) 103M->103M(112M) 15.040ms
[2020-08-10T13:20:51.673+0300][2191.213s][info ][gc] GC(71635) Pause Young (Allocation Failure) 104M->104M(112M) 15.193ms
[2020-08-10T13:20:51.689+0300][2191.229s][info ][gc] GC(71636) Pause Young (Allocation Failure) 105M->105M(112M) 15.308ms
[2020-08-10T13:20:51.705+0300][2191.245s][info ][gc] GC(71637) Pause Young (Allocation Failure) 106M->106M(112M) 15.643ms
[2020-08-10T13:20:51.721+0300][2191.261s][info ][gc] GC(71638) Pause Young (Allocation Failure) 107M->107M(112M) 15.453ms
[2020-08-10T13:20:51.738+0300][2191.278s][info ][gc] GC(71639) Pause Young (Allocation Failure) 108M->108M(112M) 15.761ms
[2020-08-10T13:20:51.767+0300][2191.306s][info ][gc] GC(71640) Pause Young (Allocation Failure) 109M->109M(112M) 28.441ms
[2020-08-10T13:20:51.783+0300][2191.323s][info ][gc] GC(71641) Pause Young (Allocation Failure) 110M->110M(112M) 15.591ms
[2020-08-10T13:20:52.148+0300][2191.688s][debug][gc] GC(71642) Expanding ParOldGen from 112640K by 11264K to 123904K
[2020-08-10T13:20:52.148+0300][2191.688s][info ][gc] GC(71642) Pause Full (Ergonomics) 110M->110M(123M) 365.469ms
[2020-08-10T13:20:52.219+0300][2191.759s][info ][gc] GC(71643) Pause Young (Allocation Failure) 111M->111M(123M) 69.881ms
[2020-08-10T13:20:52.236+0300][2191.776s][info ][gc] GC(71644) Pause Young (Allocation Failure) 112M->112M(123M) 16.065ms
[2020-08-10T13:20:52.254+0300][2191.794s][info ][gc] GC(71645) Pause Young (Allocation Failure) 113M->113M(123M) 17.878ms
[2020-08-10T13:20:52.284+0300][2191.824s][info ][gc] GC(71646) Pause Young (Allocation Failure) 114M->114M(123M) 29.049ms
[2020-08-10T13:20:52.300+0300][2191.840s][info ][gc] GC(71647) Pause Young (Allocation Failure) 115M->115M(123M) 16.110ms
[2020-08-10T13:20:52.322+0300][2191.862s][info ][gc] GC(71648) Pause Young (Allocation Failure) 116M->116M(123M) 20.856ms
[2020-08-10T13:20:52.339+0300][2191.879s][info ][gc] GC(71649) Pause Young (Allocation Failure) 117M->117M(123M) 16.404ms
[2020-08-10T13:20:52.356+0300][2191.896s][info ][gc] GC(71650) Pause Young (Allocation Failure) 118M->118M(123M) 16.665ms
[2020-08-10T13:20:52.373+0300][2191.913s][info ][gc] GC(71651) Pause Young (Allocation Failure) 119M->118M(123M) 16.746ms
[2020-08-10T13:20:52.390+0300][2191.930s][info ][gc] GC(71652) Pause Young (Allocation Failure) 119M->119M(123M) 16.566ms
[2020-08-10T13:20:52.408+0300][2191.948s][info ][gc] GC(71653) Pause Young (Allocation Failure) 120M->120M(123M) 16.756ms
[2020-08-10T13:20:52.425+0300][2191.965s][info ][gc] GC(71654) Pause Young (Allocation Failure) 121M->121M(123M) 17.007ms
[2020-08-10T13:20:52.834+0300][2192.373s][debug][gc] GC(71655) Expanding ParOldGen from 123904K by 11264K to 135168K
[2020-08-10T13:20:52.834+0300][2192.374s][info ][gc] GC(71655) Pause Full (Ergonomics) 121M->121M(134M) 408.093ms
[2020-08-10T13:20:52.872+0300][2192.412s][info ][gc] GC(71656) Pause Young (Allocation Failure) 122M->122M(134M) 37.830ms
[2020-08-10T13:20:52.891+0300][2192.431s][info ][gc] GC(71657) Pause Young (Allocation Failure) 123M->123M(134M) 17.572ms
[2020-08-10T13:20:52.914+0300][2192.453s][info ][gc] GC(71658) Pause Young (Allocation Failure) 124M->124M(134M) 22.316ms
[2020-08-10T13:20:52.934+0300][2192.474s][info ][gc] GC(71659) Pause Young (Allocation Failure) 125M->125M(134M) 20.505ms
[2020-08-10T13:20:52.952+0300][2192.492s][info ][gc] GC(71660) Pause Young (Allocation Failure) 126M->126M(134M) 17.497ms
[2020-08-10T13:20:52.971+0300][2192.511s][info ][gc] GC(71661) Pause Young (Allocation Failure) 127M->127M(134M) 17.813ms
[2020-08-10T13:20:52.989+0300][2192.529s][info ][gc] GC(71662) Pause Young (Allocation Failure) 128M->128M(134M) 18.048ms
[2020-08-10T13:20:53.008+0300][2192.548s][info ][gc] GC(71663) Pause Young (Allocation Failure) 129M->129M(134M) 17.942ms
[2020-08-10T13:20:53.026+0300][2192.566s][info ][gc] GC(71664) Pause Young (Allocation Failure) 130M->130M(134M) 18.050ms
[2020-08-10T13:20:53.044+0300][2192.584s][info ][gc] GC(71665) Pause Young (Allocation Failure) 131M->131M(134M) 17.659ms
[2020-08-10T13:20:53.063+0300][2192.603s][info ][gc] GC(71666) Pause Young (Allocation Failure) 132M->132M(134M) 17.972ms
[2020-08-10T13:20:53.532+0300][2193.072s][debug][gc] GC(71667) Expanding ParOldGen from 135168K by 11264K to 146432K
[2020-08-10T13:20:53.532+0300][2193.072s][info ][gc] GC(71667) Pause Full (Ergonomics) 132M->131M(145M) 469.059ms
[2020-08-10T13:20:53.564+0300][2193.104s][info ][gc] GC(71668) Pause Young (Allocation Failure) 132M->132M(145M) 31.385ms
[2020-08-10T13:20:53.588+0300][2193.128s][info ][gc] GC(71669) Pause Young (Allocation Failure) 133M->133M(145M) 23.174ms
[2020-08-10T13:20:53.607+0300][2193.147s][info ][gc] GC(71670) Pause Young (Allocation Failure) 134M->134M(145M) 18.436ms
[2020-08-10T13:20:53.626+0300][2193.166s][info ][gc] GC(71671) Pause Young (Allocation Failure) 135M->135M(145M) 17.921ms
[2020-08-10T13:20:53.644+0300][2193.184s][info ][gc] GC(71672) Pause Young (Allocation Failure) 136M->136M(145M) 18.201ms
[2020-08-10T13:20:53.663+0300][2193.203s][info ][gc] GC(71673) Pause Young (Allocation Failure) 137M->137M(145M) 18.288ms
[2020-08-10T13:20:53.682+0300][2193.222s][info ][gc] GC(71674) Pause Young (Allocation Failure) 138M->138M(145M) 18.095ms
[2020-08-10T13:20:53.702+0300][2193.242s][info ][gc] GC(71675) Pause Young (Allocation Failure) 139M->139M(145M) 19.880ms
[2020-08-10T13:20:53.721+0300][2193.261s][info ][gc] GC(71676) Pause Young (Allocation Failure) 140M->140M(145M) 18.280ms
[2020-08-10T13:20:53.739+0300][2193.279s][info ][gc] GC(71677) Pause Young (Allocation Failure) 141M->141M(145M) 18.104ms
[2020-08-10T13:20:53.758+0300][2193.298s][info ][gc] GC(71678) Pause Young (Allocation Failure) 142M->142M(145M) 18.375ms
[2020-08-10T13:20:53.777+0300][2193.317s][info ][gc] GC(71679) Pause Young (Allocation Failure) 143M->143M(145M) 18.678ms
[2020-08-10T13:20:54.247+0300][2193.787s][debug][gc] GC(71680) Expanding ParOldGen from 146432K by 11264K to 157696K
[2020-08-10T13:20:54.247+0300][2193.787s][info ][gc] GC(71680) Pause Full (Ergonomics) 143M->142M(156M) 469.366ms
[2020-08-10T13:20:54.289+0300][2193.828s][info ][gc] GC(71681) Pause Young (Allocation Failure) 143M->143M(156M) 40.353ms
[2020-08-10T13:20:54.312+0300][2193.851s][info ][gc] GC(71682) Pause Young (Allocation Failure) 144M->144M(156M) 22.455ms
[2020-08-10T13:20:54.344+0300][2193.883s][info ][gc] GC(71683) Pause Young (Allocation Failure) 145M->145M(156M) 31.675ms
[2020-08-10T13:20:54.368+0300][2193.907s][info ][gc] GC(71684) Pause Young (Allocation Failure) 146M->146M(156M) 22.507ms
[2020-08-10T13:20:54.368+0300][2193.907s][debug][gc] Expanding ParOldGen from 157696K by 19968K to 177664K
[2020-08-10T13:20:54.398+0300][2193.937s][info ][gc] GC(71685) Pause Young (Allocation Failure) 166M->166M(176M) 21.547ms
[2020-08-10T13:20:54.414+0300][2193.953s][info ][gc] GC(71686) Pause Young (Allocation Failure) 167M->167M(176M) 16.056ms
[2020-08-10T13:20:54.436+0300][2193.975s][info ][gc] GC(71687) Pause Young (Allocation Failure) 168M->168M(176M) 21.129ms
[2020-08-10T13:20:54.464+0300][2194.003s][info ][gc] GC(71688) Pause Young (Allocation Failure) 169M->169M(176M) 15.477ms
[2020-08-10T13:20:54.479+0300][2194.018s][info ][gc] GC(71689) Pause Young (Allocation Failure) 170M->170M(176M) 14.978ms
[2020-08-10T13:20:54.502+0300][2194.041s][info ][gc] GC(71690) Pause Young (Allocation Failure) 171M->171M(176M) 22.599ms
[2020-08-10T13:20:54.517+0300][2194.056s][info ][gc] GC(71691) Pause Young (Allocation Failure) 172M->172M(176M) 14.183ms
[2020-08-10T13:20:54.540+0300][2194.079s][info ][gc] GC(71692) Pause Young (Allocation Failure) 173M->173M(176M) 23.364ms
[2020-08-10T13:20:54.639+0300][2194.178s][debug][gc] GC(71693) Shrinking ParOldGen from 177664K by 125440K to 52224K
[2020-08-10T13:20:54.639+0300][2194.178s][info ][gc] GC(71693) Pause Full (Ergonomics) 173M->39M(53M) 98.404ms
[2020-08-10T13:20:54.658+0300][2194.197s][info ][gc] GC(71694) Pause Young (Allocation Failure) 40M->40M(53M) 18.425ms
[2020-08-10T13:20:54.674+0300][2194.213s][info ][gc] GC(71695) Pause Young (Allocation Failure) 41M->41M(53M) 14.823ms
[2020-08-10T13:20:54.688+0300][2194.227s][info ][gc] GC(71696) Pause Young (Allocation Failure) 42M->42M(53M) 13.913ms
[2020-08-10T13:20:54.702+0300][2194.241s][info ][gc] GC(71697) Pause Young (Allocation Failure) 43M->43M(53M) 13.844ms
[2020-08-10T13:20:54.717+0300][2194.256s][info ][gc] GC(71698) Pause Young (Allocation Failure) 44M->44M(53M) 13.740ms
[2020-08-10T13:20:54.731+0300][2194.270s][info ][gc] GC(71699) Pause Young (Allocation Failure) 45M->45M(53M) 13.822ms
[2020-08-10T13:20:54.752+0300][2194.291s][info ][gc] GC(71700) Pause Young (Allocation Failure) 46M->46M(53M) 21.027ms
[2020-08-10T13:20:54.767+0300][2194.306s][info ][gc] GC(71701) Pause Young (Allocation Failure) 47M->47M(53M) 13.906ms
[2020-08-10T13:20:54.782+0300][2194.321s][info ][gc] GC(71702) Pause Young (Allocation Failure) 48M->48M(53M) 14.047ms
[2020-08-10T13:20:54.796+0300][2194.335s][info ][gc] GC(71703) Pause Young (Allocation Failure) 49M->49M(53M) 14.149ms
[2020-08-10T13:20:54.818+0300][2194.357s][info ][gc] GC(71704) Pause Young (Allocation Failure) 50M->50M(53M) 21.041ms
[2020-08-10T13:20:54.832+0300][2194.371s][info ][gc] GC(71705) Pause Young (Allocation Failure) 51M->51M(53M) 13.840ms
[2020-08-10T13:20:54.955+0300][2194.494s][debug][gc] GC(71706) Expanding ParOldGen from 52224K by 11264K to 63488K
[2020-08-10T13:20:54.955+0300][2194.495s][info ][gc] GC(71706) Pause Full (Ergonomics) 51M->50M(64M) 123.043ms
[2020-08-10T13:20:54.986+0300][2194.525s][info ][gc] GC(71707) Pause Young (Allocation Failure) 51M->51M(64M) 30.244ms
[2020-08-10T13:20:55.001+0300][2194.540s][info ][gc] GC(71708) Pause Young (Allocation Failure) 52M->52M(64M) 13.964ms
[2020-08-10T13:20:55.015+0300][2194.555s][info ][gc] GC(71709) Pause Young (Allocation Failure) 53M->53M(64M) 13.825ms
[2020-08-10T13:20:55.030+0300][2194.569s][info ][gc] GC(71710) Pause Young (Allocation Failure) 54M->54M(64M) 13.908ms
[2020-08-10T13:20:55.044+0300][2194.583s][info ][gc] GC(71711) Pause Young (Allocation Failure) 55M->55M(64M) 13.818ms
[2020-08-10T13:20:55.059+0300][2194.598s][info ][gc] GC(71712) Pause Young (Allocation Failure) 56M->56M(64M) 13.957ms
[2020-08-10T13:20:55.073+0300][2194.612s][info ][gc] GC(71713) Pause Young (Allocation Failure) 57M->57M(64M) 13.919ms
[2020-08-10T13:20:55.087+0300][2194.626s][info ][gc] GC(71714) Pause Young (Allocation Failure) 58M->58M(63M) 13.907ms
[2020-08-10T13:20:55.101+0300][2194.640s][info ][gc] GC(71715) Pause Young (Allocation Failure) 59M->59M(64M) 13.604ms
[2020-08-10T13:20:55.115+0300][2194.655s][info ][gc] GC(71716) Pause Young (Allocation Failure) 60M->60M(64M) 13.825ms
[2020-08-10T13:20:55.130+0300][2194.669s][info ][gc] GC(71717) Pause Young (Allocation Failure) 61M->61M(64M) 14.056ms
[2020-08-10T13:20:55.145+0300][2194.684s][info ][gc] GC(71718) Pause Young (Allocation Failure) 62M->62M(64M) 13.855ms
[2020-08-10T13:20:55.301+0300][2194.840s][debug][gc] GC(71719) Expanding ParOldGen from 63488K by 11264K to 74752K
[2020-08-10T13:20:55.301+0300][2194.840s][info ][gc] GC(71719) Pause Full (Ergonomics) 62M->62M(75M) 155.993ms
[2020-08-10T13:20:55.325+0300][2194.864s][info ][gc] GC(71720) Pause Young (Allocation Failure) 63M->63M(75M) 23.944ms
[2020-08-10T13:20:55.340+0300][2194.879s][info ][gc] GC(71721) Pause Young (Allocation Failure) 64M->63M(75M) 14.116ms
[2020-08-10T13:20:55.354+0300][2194.893s][info ][gc] GC(71722) Pause Young (Allocation Failure) 64M->64M(75M) 14.220ms
[2020-08-10T13:20:55.369+0300][2194.908s][info ][gc] GC(71723) Pause Young (Allocation Failure) 65M->65M(75M) 14.212ms
[2020-08-10T13:20:55.403+0300][2194.942s][info ][gc] GC(71724) Pause Young (Allocation Failure) 66M->66M(75M) 33.021ms
[2020-08-10T13:20:55.420+0300][2194.959s][info ][gc] GC(71725) Pause Young (Allocation Failure) 67M->67M(75M) 16.817ms
[2020-08-10T13:20:55.435+0300][2194.974s][info ][gc] GC(71726) Pause Young (Allocation Failure) 68M->68M(75M) 14.011ms
[2020-08-10T13:20:55.449+0300][2194.988s][info ][gc] GC(71727) Pause Young (Allocation Failure) 69M->69M(75M) 14.094ms
[2020-08-10T13:20:55.464+0300][2195.003s][info ][gc] GC(71728) Pause Young (Allocation Failure) 70M->70M(75M) 14.314ms
[2020-08-10T13:20:55.479+0300][2195.018s][info ][gc] GC(71729) Pause Young (Allocation Failure) 71M->71M(75M) 14.040ms
[2020-08-10T13:20:55.493+0300][2195.033s][info ][gc] GC(71730) Pause Young (Allocation Failure) 72M->72M(75M) 14.240ms
[2020-08-10T13:20:55.514+0300][2195.054s][info ][gc] GC(71731) Pause Young (Allocation Failure) 73M->73M(75M) 20.558ms
[2020-08-10T13:20:55.720+0300][2195.259s][debug][gc] GC(71732) Expanding ParOldGen from 74752K by 11776K to 86528K
[2020-08-10T13:20:55.720+0300][2195.259s][info ][gc] GC(71732) Pause Full (Ergonomics) 73M->73M(87M) 205.782ms
[2020-08-10T13:20:55.750+0300][2195.289s][info ][gc] GC(71733) Pause Young (Allocation Failure) 74M->74M(87M) 28.655ms
[2020-08-10T13:20:55.765+0300][2195.304s][info ][gc] GC(71734) Pause Young (Allocation Failure) 75M->75M(87M) 14.141ms
[2020-08-10T13:20:55.779+0300][2195.318s][info ][gc] GC(71735) Pause Young (Allocation Failure) 76M->76M(87M) 14.090ms
[2020-08-10T13:20:55.795+0300][2195.334s][info ][gc] GC(71736) Pause Young (Allocation Failure) 77M->77M(87M) 15.051ms
[2020-08-10T13:20:55.810+0300][2195.349s][info ][gc] GC(71737) Pause Young (Allocation Failure) 78M->78M(87M) 14.208ms
[2020-08-10T13:20:55.825+0300][2195.364s][info ][gc] GC(71738) Pause Young (Allocation Failure) 79M->78M(87M) 14.416ms
[2020-08-10T13:20:55.840+0300][2195.379s][info ][gc] GC(71739) Pause Young (Allocation Failure) 79M->79M(87M) 14.292ms
[2020-08-10T13:20:55.854+0300][2195.393s][info ][gc] GC(71740) Pause Young (Allocation Failure) 80M->80M(87M) 14.168ms
[2020-08-10T13:20:55.869+0300][2195.408s][info ][gc] GC(71741) Pause Young (Allocation Failure) 81M->81M(87M) 14.228ms
[2020-08-10T13:20:55.884+0300][2195.423s][info ][gc] GC(71742) Pause Young (Allocation Failure) 82M->82M(87M) 14.193ms
[2020-08-10T13:20:55.898+0300][2195.437s][info ][gc] GC(71743) Pause Young (Allocation Failure) 83M->83M(87M) 14.170ms
[2020-08-10T13:20:55.913+0300][2195.452s][info ][gc] GC(71744) Pause Young (Allocation Failure) 84M->84M(87M) 14.135ms
[2020-08-10T13:20:56.161+0300][2195.700s][debug][gc] GC(71745) Expanding ParOldGen from 86528K by 11776K to 98304K
[2020-08-10T13:20:56.161+0300][2195.700s][info ][gc] GC(71745) Pause Full (Ergonomics) 84M->84M(98M) 247.869ms
[2020-08-10T13:20:56.192+0300][2195.731s][info ][gc] GC(71746) Pause Young (Allocation Failure) 85M->85M(98M) 30.187ms
[2020-08-10T13:20:56.207+0300][2195.746s][info ][gc] GC(71747) Pause Young (Allocation Failure) 86M->86M(98M) 13.867ms
[2020-08-10T13:20:56.222+0300][2195.761s][info ][gc] GC(71748) Pause Young (Allocation Failure) 87M->87M(98M) 14.072ms
[2020-08-10T13:20:56.236+0300][2195.775s][info ][gc] GC(71749) Pause Young (Allocation Failure) 88M->88M(98M) 14.127ms
[2020-08-10T13:20:56.251+0300][2195.790s][info ][gc] GC(71750) Pause Young (Allocation Failure) 89M->89M(98M) 14.171ms
[2020-08-10T13:20:56.266+0300][2195.805s][info ][gc] GC(71751) Pause Young (Allocation Failure) 90M->90M(98M) 14.216ms
[2020-08-10T13:20:56.281+0300][2195.820s][info ][gc] GC(71752) Pause Young (Allocation Failure) 91M->91M(98M) 14.216ms
[2020-08-10T13:20:56.308+0300][2195.847s][info ][gc] GC(71753) Pause Young (Allocation Failure) 92M->92M(98M) 27.082ms
[2020-08-10T13:20:56.323+0300][2195.862s][info ][gc] GC(71754) Pause Young (Allocation Failure) 93M->93M(97M) 13.916ms
[2020-08-10T13:20:56.337+0300][2195.876s][info ][gc] GC(71755) Pause Young (Allocation Failure) 93M->93M(98M) 13.667ms
[2020-08-10T13:20:56.351+0300][2195.890s][info ][gc] GC(71756) Pause Young (Allocation Failure) 94M->94M(98M) 13.597ms
[2020-08-10T13:20:56.365+0300][2195.904s][info ][gc] GC(71757) Pause Young (Allocation Failure) 94M->94M(98M) 13.670ms
[2020-08-10T13:20:56.379+0300][2195.918s][info ][gc] GC(71758) Pause Young (Allocation Failure) 94M->94M(98M) 13.428ms
[2020-08-10T13:20:56.393+0300][2195.932s][info ][gc] GC(71759) Pause Young (Allocation Failure) 95M->95M(98M) 13.772ms
[2020-08-10T13:20:56.697+0300][2196.236s][debug][gc] GC(71760) Expanding ParOldGen from 98304K by 10752K to 109056K
[2020-08-10T13:20:56.697+0300][2196.236s][info ][gc] GC(71760) Pause Full (Ergonomics) 95M->95M(108M) 303.657ms
[2020-08-10T13:20:56.711+0300][2196.250s][info ][gc] GC(71761) Pause Young (Allocation Failure) 95M->95M(108M) 13.399ms
[2020-08-10T13:20:56.736+0300][2196.275s][info ][gc] GC(71762) Pause Young (Allocation Failure) 96M->96M(108M) 24.961ms
[2020-08-10T13:20:56.751+0300][2196.290s][info ][gc] GC(71763) Pause Young (Allocation Failure) 96M->96M(108M) 14.565ms
[2020-08-10T13:20:56.767+0300][2196.306s][info ][gc] GC(71764) Pause Young (Allocation Failure) 97M->97M(108M) 15.017ms
[2020-08-10T13:20:56.781+0300][2196.320s][info ][gc] GC(71765) Pause Young (Allocation Failure) 97M->97M(108M) 13.624ms
[2020-08-10T13:20:56.795+0300][2196.334s][info ][gc] GC(71766) Pause Young (Allocation Failure) 97M->97M(108M) 13.633ms
[2020-08-10T13:20:56.809+0300][2196.348s][info ][gc] GC(71767) Pause Young (Allocation Failure) 98M->98M(108M) 13.583ms
[2020-08-10T13:20:56.823+0300][2196.362s][info ][gc] GC(71768) Pause Young (Allocation Failure) 98M->98M(108M) 13.561ms
[2020-08-10T13:20:56.837+0300][2196.376s][info ][gc] GC(71769) Pause Young (Allocation Failure) 99M->99M(108M) 13.555ms
[2020-08-10T13:20:56.851+0300][2196.390s][info ][gc] GC(71770) Pause Young (Allocation Failure) 99M->99M(108M) 13.683ms
[2020-08-10T13:20:56.866+0300][2196.405s][info ][gc] GC(71771) Pause Young (Allocation Failure) 100M->100M(108M) 13.667ms
[2020-08-10T13:20:56.880+0300][2196.419s][info ][gc] GC(71772) Pause Young (Allocation Failure) 100M->100M(107M) 13.930ms
[2020-08-10T13:20:56.894+0300][2196.434s][info ][gc] GC(71773) Pause Young (Allocation Failure) 101M->101M(108M) 13.806ms
[2020-08-10T13:20:56.908+0300][2196.448s][info ][gc] GC(71774) Pause Young (Allocation Failure) 101M->101M(108M) 13.521ms
[2020-08-10T13:20:56.931+0300][2196.470s][info ][gc] GC(71775) Pause Young (Allocation Failure) 102M->102M(108M) 21.885ms
[2020-08-10T13:20:56.944+0300][2196.484s][info ][gc] GC(71776) Pause Young (Allocation Failure) 102M->102M(108M) 13.486ms
[2020-08-10T13:20:56.958+0300][2196.498s][info ][gc] GC(71777) Pause Young (Allocation Failure) 103M->103M(108M) 13.605ms
[2020-08-10T13:20:56.973+0300][2196.512s][info ][gc] GC(71778) Pause Young (Allocation Failure) 103M->103M(108M) 13.821ms
[2020-08-10T13:20:56.987+0300][2196.526s][info ][gc] GC(71779) Pause Young (Allocation Failure) 103M->103M(108M) 13.779ms
[2020-08-10T13:20:57.001+0300][2196.540s][info ][gc] GC(71780) Pause Young (Allocation Failure) 104M->104M(108M) 13.887ms
[2020-08-10T13:20:57.022+0300][2196.561s][info ][gc] GC(71781) Pause Young (Allocation Failure) 104M->104M(108M) 20.836ms
[2020-08-10T13:20:57.036+0300][2196.575s][info ][gc] GC(71782) Pause Young (Allocation Failure) 105M->105M(108M) 13.606ms
[2020-08-10T13:20:57.050+0300][2196.589s][info ][gc] GC(71783) Pause Young (Allocation Failure) 105M->105M(108M) 13.514ms
[2020-08-10T13:20:57.064+0300][2196.604s][info ][gc] GC(71784) Pause Young (Allocation Failure) 106M->106M(108M) 13.837ms
[2020-08-10T13:20:57.079+0300][2196.618s][info ][gc] GC(71785) Pause Young (Allocation Failure) 106M->106M(108M) 13.762ms
[2020-08-10T13:20:57.444+0300][2196.984s][debug][gc] GC(71786) Expanding ParOldGen from 109056K by 11264K to 120320K
[2020-08-10T13:20:57.444+0300][2196.984s][info ][gc] GC(71786) Pause Full (Ergonomics) 106M->106M(119M) 365.622ms
[2020-08-10T13:20:57.458+0300][2196.998s][info ][gc] GC(71787) Pause Young (Allocation Failure) 106M->106M(119M) 13.323ms
[2020-08-10T13:20:57.472+0300][2197.012s][info ][gc] GC(71788) Pause Young (Allocation Failure) 107M->107M(119M) 13.421ms
[2020-08-10T13:20:57.486+0300][2197.026s][info ][gc] GC(71789) Pause Young (Allocation Failure) 107M->107M(119M) 13.535ms
[2020-08-10T13:20:57.500+0300][2197.040s][info ][gc] GC(71790) Pause Young (Allocation Failure) 108M->108M(119M) 13.513ms
[2020-08-10T13:20:57.515+0300][2197.054s][info ][gc] GC(71791) Pause Young (Allocation Failure) 108M->108M(119M) 13.771ms
[2020-08-10T13:20:57.529+0300][2197.068s][info ][gc] GC(71792) Pause Young (Allocation Failure) 109M->109M(119M) 13.723ms
[2020-08-10T13:20:57.543+0300][2197.082s][info ][gc] GC(71793) Pause Young (Allocation Failure) 109M->109M(119M) 13.761ms
[2020-08-10T13:20:57.557+0300][2197.096s][info ][gc] GC(71794) Pause Young (Allocation Failure) 110M->110M(119M) 13.512ms
[2020-08-10T13:20:57.571+0300][2197.111s][info ][gc] GC(71795) Pause Young (Allocation Failure) 110M->110M(119M) 13.742ms
[2020-08-10T13:20:57.585+0300][2197.125s][info ][gc] GC(71796) Pause Young (Allocation Failure) 111M->111M(119M) 13.530ms
[2020-08-10T13:20:57.599+0300][2197.139s][info ][gc] GC(71797) Pause Young (Allocation Failure) 111M->111M(119M) 13.758ms
[2020-08-10T13:20:57.614+0300][2197.153s][info ][gc] GC(71798) Pause Young (Allocation Failure) 111M->111M(119M) 13.875ms
[2020-08-10T13:20:57.628+0300][2197.168s][info ][gc] GC(71799) Pause Young (Allocation Failure) 112M->112M(119M) 13.772ms
[2020-08-10T13:20:57.643+0300][2197.182s][info ][gc] GC(71800) Pause Young (Allocation Failure) 112M->112M(119M) 13.764ms
[2020-08-10T13:20:57.657+0300][2197.196s][info ][gc] GC(71801) Pause Young (Allocation Failure) 113M->113M(119M) 13.685ms
[2020-08-10T13:20:57.672+0300][2197.211s][info ][gc] GC(71802) Pause Young (Allocation Failure) 113M->113M(119M) 13.686ms
[2020-08-10T13:20:57.685+0300][2197.225s][info ][gc] GC(71803) Pause Young (Allocation Failure) 114M->114M(119M) 13.429ms
[2020-08-10T13:20:57.700+0300][2197.239s][info ][gc] GC(71804) Pause Young (Allocation Failure) 114M->114M(119M) 13.525ms
[2020-08-10T13:20:57.714+0300][2197.253s][info ][gc] GC(71805) Pause Young (Allocation Failure) 115M->115M(119M) 13.669ms
[2020-08-10T13:20:57.728+0300][2197.267s][info ][gc] GC(71806) Pause Young (Allocation Failure) 115M->115M(119M) 13.551ms
[2020-08-10T13:20:57.742+0300][2197.281s][info ][gc] GC(71807) Pause Young (Allocation Failure) 115M->115M(119M) 13.495ms
[2020-08-10T13:20:57.755+0300][2197.295s][info ][gc] GC(71808) Pause Young (Allocation Failure) 116M->116M(119M) 13.475ms
[2020-08-10T13:20:57.770+0300][2197.309s][info ][gc] GC(71809) Pause Young (Allocation Failure) 116M->116M(119M) 13.713ms
[2020-08-10T13:20:57.784+0300][2197.323s][info ][gc] GC(71810) Pause Young (Allocation Failure) 117M->117M(119M) 13.621ms
[2020-08-10T13:20:57.798+0300][2197.337s][info ][gc] GC(71811) Pause Young (Allocation Failure) 117M->117M(119M) 13.609ms
[2020-08-10T13:20:58.201+0300][2197.740s][debug][gc] GC(71812) Expanding ParOldGen from 120320K by 10752K to 131072K
[2020-08-10T13:20:58.201+0300][2197.740s][info ][gc] GC(71812) Pause Full (Ergonomics) 117M->117M(129M) 403.489ms
[2020-08-10T13:20:58.218+0300][2197.757s][info ][gc] GC(71813) Pause Young (Allocation Failure) 117M->117M(129M) 15.813ms
[2020-08-10T13:20:58.232+0300][2197.772s][info ][gc] GC(71814) Pause Young (Allocation Failure) 118M->118M(129M) 14.201ms
[2020-08-10T13:20:58.247+0300][2197.786s][info ][gc] GC(71815) Pause Young (Allocation Failure) 118M->118M(129M) 14.163ms
[2020-08-10T13:20:58.262+0300][2197.801s][info ][gc] GC(71816) Pause Young (Allocation Failure) 119M->119M(129M) 13.892ms
[2020-08-10T13:20:58.286+0300][2197.825s][info ][gc] GC(71817) Pause Young (Allocation Failure) 119M->119M(129M) 23.679ms
[2020-08-10T13:20:58.300+0300][2197.840s][info ][gc] GC(71818) Pause Young (Allocation Failure) 120M->120M(129M) 14.235ms
[2020-08-10T13:20:58.315+0300][2197.854s][info ][gc] GC(71819) Pause Young (Allocation Failure) 120M->120M(129M) 14.249ms
[2020-08-10T13:20:58.334+0300][2197.873s][info ][gc] GC(71820) Pause Young (Allocation Failure) 121M->121M(129M) 18.645ms
[2020-08-10T13:20:58.349+0300][2197.888s][info ][gc] GC(71821) Pause Young (Allocation Failure) 121M->121M(129M) 14.324ms
[2020-08-10T13:20:58.363+0300][2197.902s][info ][gc] GC(71822) Pause Young (Allocation Failure) 122M->122M(129M) 14.184ms
[2020-08-10T13:20:58.378+0300][2197.917s][info ][gc] GC(71823) Pause Young (Allocation Failure) 122M->122M(129M) 14.212ms
[2020-08-10T13:20:58.392+0300][2197.932s][info ][gc] GC(71824) Pause Young (Allocation Failure) 122M->122M(129M) 14.474ms
[2020-08-10T13:20:58.410+0300][2197.949s][info ][gc] GC(71825) Pause Young (Allocation Failure) 123M->123M(129M) 16.993ms
[2020-08-10T13:20:58.438+0300][2197.977s][info ][gc] GC(71826) Pause Young (Allocation Failure) 123M->123M(129M) 27.439ms
[2020-08-10T13:20:58.453+0300][2197.992s][info ][gc] GC(71827) Pause Young (Allocation Failure) 124M->124M(129M) 14.454ms
[2020-08-10T13:20:58.479+0300][2198.018s][info ][gc] GC(71828) Pause Young (Allocation Failure) 124M->124M(129M) 26.018ms
[2020-08-10T13:20:58.498+0300][2198.037s][info ][gc] GC(71829) Pause Young (Allocation Failure) 125M->125M(129M) 17.811ms
[2020-08-10T13:20:58.516+0300][2198.055s][info ][gc] GC(71830) Pause Young (Allocation Failure) 125M->125M(129M) 17.833ms
[2020-08-10T13:20:58.531+0300][2198.070s][info ][gc] GC(71831) Pause Young (Allocation Failure) 126M->126M(129M) 14.548ms
[2020-08-10T13:20:58.547+0300][2198.086s][info ][gc] GC(71832) Pause Young (Allocation Failure) 126M->126M(129M) 15.173ms
[2020-08-10T13:20:58.562+0300][2198.101s][info ][gc] GC(71833) Pause Young (Allocation Failure) 127M->127M(129M) 14.544ms
[2020-08-10T13:20:58.588+0300][2198.128s][info ][gc] GC(71834) Pause Young (Allocation Failure) 127M->127M(129M) 26.074ms
[2020-08-10T13:20:58.605+0300][2198.145s][info ][gc] GC(71835) Pause Young (Allocation Failure) 128M->127M(129M) 16.360ms
[2020-08-10T13:20:59.070+0300][2198.609s][debug][gc] GC(71836) Expanding ParOldGen from 131072K by 10752K to 141824K
[2020-08-10T13:20:59.070+0300][2198.609s][info ][gc] GC(71836) Pause Full (Ergonomics) 127M->127M(140M) 464.537ms
[2020-08-10T13:20:59.097+0300][2198.636s][info ][gc] GC(71837) Pause Young (Allocation Failure) 128M->127M(140M) 25.860ms
[2020-08-10T13:20:59.113+0300][2198.652s][info ][gc] GC(71838) Pause Young (Allocation Failure) 128M->128M(140M) 15.641ms
[2020-08-10T13:20:59.128+0300][2198.668s][info ][gc] GC(71839) Pause Young (Allocation Failure) 128M->128M(140M) 14.845ms
[2020-08-10T13:20:59.143+0300][2198.683s][info ][gc] GC(71840) Pause Young (Allocation Failure) 129M->129M(140M) 14.719ms
[2020-08-10T13:20:59.158+0300][2198.698s][info ][gc] GC(71841) Pause Young (Allocation Failure) 129M->129M(140M) 14.593ms
[2020-08-10T13:20:59.184+0300][2198.723s][info ][gc] GC(71842) Pause Young (Allocation Failure) 130M->130M(140M) 24.517ms
[2020-08-10T13:20:59.199+0300][2198.738s][info ][gc] GC(71843) Pause Young (Allocation Failure) 130M->130M(140M) 14.743ms
[2020-08-10T13:20:59.214+0300][2198.753s][info ][gc] GC(71844) Pause Young (Allocation Failure) 131M->131M(140M) 14.639ms
[2020-08-10T13:20:59.233+0300][2198.772s][info ][gc] GC(71845) Pause Young (Allocation Failure) 131M->131M(140M) 18.377ms
[2020-08-10T13:20:59.249+0300][2198.788s][info ][gc] GC(71846) Pause Young (Allocation Failure) 132M->132M(140M) 15.162ms
[2020-08-10T13:20:59.280+0300][2198.820s][info ][gc] GC(71847) Pause Young (Allocation Failure) 132M->132M(140M) 31.447ms
[2020-08-10T13:20:59.296+0300][2198.835s][info ][gc] GC(71848) Pause Young (Allocation Failure) 133M->133M(140M) 15.115ms
[2020-08-10T13:20:59.319+0300][2198.858s][info ][gc] GC(71849) Pause Young (Allocation Failure) 133M->133M(140M) 22.483ms
[2020-08-10T13:20:59.339+0300][2198.878s][info ][gc] GC(71850) Pause Young (Allocation Failure) 134M->134M(140M) 19.745ms
[2020-08-10T13:20:59.357+0300][2198.897s][info ][gc] GC(71851) Pause Young (Allocation Failure) 134M->134M(140M) 17.790ms
[2020-08-10T13:20:59.379+0300][2198.918s][info ][gc] GC(71852) Pause Young (Allocation Failure) 135M->134M(140M) 21.316ms
[2020-08-10T13:20:59.400+0300][2198.940s][info ][gc] GC(71853) Pause Young (Allocation Failure) 135M->135M(140M) 20.940ms
[2020-08-10T13:20:59.416+0300][2198.955s][info ][gc] GC(71854) Pause Young (Allocation Failure) 135M->135M(140M) 15.334ms
[2020-08-10T13:20:59.432+0300][2198.971s][info ][gc] GC(71855) Pause Young (Allocation Failure) 136M->136M(140M) 15.364ms
[2020-08-10T13:20:59.447+0300][2198.987s][info ][gc] GC(71856) Pause Young (Allocation Failure) 136M->136M(140M) 15.103ms
[2020-08-10T13:20:59.463+0300][2199.002s][info ][gc] GC(71857) Pause Young (Allocation Failure) 137M->137M(140M) 15.241ms
[2020-08-10T13:20:59.482+0300][2199.022s][info ][gc] GC(71858) Pause Young (Allocation Failure) 137M->137M(140M) 18.652ms
[2020-08-10T13:20:59.510+0300][2199.050s][info ][gc] GC(71859) Pause Young (Allocation Failure) 138M->138M(140M) 27.710ms
[2020-08-10T13:20:59.532+0300][2199.072s][info ][gc] GC(71860) Pause Young (Allocation Failure) 138M->138M(140M) 21.389ms
[2020-08-10T13:21:00.062+0300][2199.602s][debug][gc] GC(71861) Expanding ParOldGen from 141824K by 10752K to 152576K
[2020-08-10T13:21:00.063+0300][2199.602s][info ][gc] GC(71861) Pause Full (Ergonomics) 138M->138M(150M) 530.218ms
[2020-08-10T13:21:00.095+0300][2199.634s][info ][gc] GC(71862) Pause Young (Allocation Failure) 138M->138M(150M) 31.619ms
[2020-08-10T13:21:00.111+0300][2199.650s][info ][gc] GC(71863) Pause Young (Allocation Failure) 139M->139M(150M) 15.910ms
[2020-08-10T13:21:00.130+0300][2199.670s][info ][gc] GC(71864) Pause Young (Allocation Failure) 139M->139M(150M) 18.605ms
[2020-08-10T13:21:00.148+0300][2199.687s][info ][gc] GC(71865) Pause Young (Allocation Failure) 140M->140M(150M) 16.820ms
[2020-08-10T13:21:00.163+0300][2199.703s][info ][gc] GC(71866) Pause Young (Allocation Failure) 140M->140M(150M) 14.999ms
[2020-08-10T13:21:00.179+0300][2199.719s][info ][gc] GC(71867) Pause Young (Allocation Failure) 140M->140M(150M) 15.338ms
[2020-08-10T13:21:00.199+0300][2199.738s][info ][gc] GC(71868) Pause Young (Allocation Failure) 141M->141M(150M) 19.557ms
[2020-08-10T13:21:00.215+0300][2199.754s][info ][gc] GC(71869) Pause Young (Allocation Failure) 141M->141M(150M) 15.550ms
[2020-08-10T13:21:00.231+0300][2199.770s][info ][gc] GC(71870) Pause Young (Allocation Failure) 142M->142M(150M) 15.534ms
[2020-08-10T13:21:00.247+0300][2199.786s][info ][gc] GC(71871) Pause Young (Allocation Failure) 142M->142M(150M) 15.454ms
[2020-08-10T13:21:00.263+0300][2199.802s][info ][gc] GC(71872) Pause Young (Allocation Failure) 143M->143M(150M) 15.620ms
[2020-08-10T13:21:00.279+0300][2199.818s][info ][gc] GC(71873) Pause Young (Allocation Failure) 143M->143M(150M) 15.625ms
[2020-08-10T13:21:00.301+0300][2199.840s][info ][gc] GC(71874) Pause Young (Allocation Failure) 144M->144M(150M) 21.665ms
[2020-08-10T13:21:00.332+0300][2199.871s][info ][gc] GC(71875) Pause Young (Allocation Failure) 144M->144M(150M) 30.923ms
[2020-08-10T13:21:00.354+0300][2199.894s][info ][gc] GC(71876) Pause Young (Allocation Failure) 145M->145M(150M) 22.037ms
[2020-08-10T13:21:00.376+0300][2199.916s][info ][gc] GC(71877) Pause Young (Allocation Failure) 145M->145M(150M) 21.644ms
[2020-08-10T13:21:00.396+0300][2199.935s][info ][gc] GC(71878) Pause Young (Allocation Failure) 146M->146M(150M) 19.242ms
[2020-08-10T13:21:00.412+0300][2199.951s][info ][gc] GC(71879) Pause Young (Allocation Failure) 146M->146M(150M) 15.800ms
[2020-08-10T13:21:00.432+0300][2199.971s][info ][gc] GC(71880) Pause Young (Allocation Failure) 146M->146M(150M) 19.380ms
[2020-08-10T13:21:00.448+0300][2199.987s][info ][gc] GC(71881) Pause Young (Allocation Failure) 147M->147M(150M) 16.081ms
[2020-08-10T13:21:00.448+0300][2199.988s][debug][gc] Expanding ParOldGen from 152576K by 19968K to 172544K
[2020-08-10T13:21:00.477+0300][2200.017s][info ][gc] GC(71882) Pause Young (Allocation Failure) 166M->166M(170M) 18.579ms
[2020-08-10T13:21:00.507+0300][2200.046s][info ][gc] GC(71883) Pause Young (Allocation Failure) 167M->167M(170M) 29.087ms
[2020-08-10T13:21:00.538+0300][2200.078s][info ][gc] GC(71884) Pause Young (Allocation Failure) 167M->167M(170M) 31.405ms
[2020-08-10T13:21:00.566+0300][2200.105s][info ][gc] GC(71885) Pause Young (Allocation Failure) 168M->168M(170M) 26.926ms
[2020-08-10T13:21:00.594+0300][2200.133s][info ][gc] GC(71886) Pause Young (Allocation Failure) 168M->168M(170M) 27.344ms
[2020-08-10T13:21:00.657+0300][2200.196s][debug][gc] GC(71887) Shrinking ParOldGen from 172544K by 125952K to 46592K
[2020-08-10T13:21:00.657+0300][2200.196s][info ][gc] GC(71887) Pause Full (Ergonomics) 168M->34M(47M) 63.164ms
[2020-08-10T13:21:00.670+0300][2200.210s][info ][gc] GC(71888) Pause Young (Allocation Failure) 35M->35M(47M) 13.147ms
[2020-08-10T13:21:00.684+0300][2200.223s][info ][gc] GC(71889) Pause Young (Allocation Failure) 35M->35M(47M) 13.226ms
[2020-08-10T13:21:00.698+0300][2200.237s][info ][gc] GC(71890) Pause Young (Allocation Failure) 36M->36M(47M) 13.437ms
[2020-08-10T13:21:00.712+0300][2200.251s][info ][gc] GC(71891) Pause Young (Allocation Failure) 36M->36M(47M) 13.386ms
[2020-08-10T13:21:00.726+0300][2200.265s][info ][gc] GC(71892) Pause Young (Allocation Failure) 37M->37M(47M) 13.561ms
[2020-08-10T13:21:00.740+0300][2200.279s][info ][gc] GC(71893) Pause Young (Allocation Failure) 37M->37M(47M) 13.339ms
[2020-08-10T13:21:00.754+0300][2200.293s][info ][gc] GC(71894) Pause Young (Allocation Failure) 38M->38M(47M) 13.336ms
[2020-08-10T13:21:00.767+0300][2200.307s][info ][gc] GC(71895) Pause Young (Allocation Failure) 38M->38M(47M) 13.237ms
[2020-08-10T13:21:00.781+0300][2200.321s][info ][gc] GC(71896) Pause Young (Allocation Failure) 38M->38M(47M) 13.649ms
[2020-08-10T13:21:00.795+0300][2200.335s][info ][gc] GC(71897) Pause Young (Allocation Failure) 39M->39M(47M) 13.427ms
[2020-08-10T13:21:00.829+0300][2200.368s][info ][gc] GC(71898) Pause Young (Allocation Failure) 39M->39M(47M) 32.774ms
[2020-08-10T13:21:00.843+0300][2200.382s][info ][gc] GC(71899) Pause Young (Allocation Failure) 40M->40M(47M) 13.480ms
[2020-08-10T13:21:00.857+0300][2200.396s][info ][gc] GC(71900) Pause Young (Allocation Failure) 40M->40M(47M) 13.472ms
[2020-08-10T13:21:00.870+0300][2200.410s][info ][gc] GC(71901) Pause Young (Allocation Failure) 41M->41M(47M) 13.443ms
[2020-08-10T13:21:00.884+0300][2200.424s][info ][gc] GC(71902) Pause Young (Allocation Failure) 41M->41M(47M) 13.288ms
[2020-08-10T13:21:00.909+0300][2200.448s][info ][gc] GC(71903) Pause Young (Allocation Failure) 42M->42M(47M) 24.105ms
[2020-08-10T13:21:00.922+0300][2200.462s][info ][gc] GC(71904) Pause Young (Allocation Failure) 42M->42M(47M) 13.250ms
[2020-08-10T13:21:00.936+0300][2200.475s][info ][gc] GC(71905) Pause Young (Allocation Failure) 43M->43M(47M) 13.387ms
[2020-08-10T13:21:00.951+0300][2200.490s][info ][gc] GC(71906) Pause Young (Allocation Failure) 43M->43M(47M) 13.759ms
[2020-08-10T13:21:00.964+0300][2200.504s][info ][gc] GC(71907) Pause Young (Allocation Failure) 44M->43M(47M) 13.413ms
[2020-08-10T13:21:00.989+0300][2200.528s][info ][gc] GC(71908) Pause Young (Allocation Failure) 44M->44M(47M) 24.275ms
[2020-08-10T13:21:01.003+0300][2200.542s][info ][gc] GC(71909) Pause Young (Allocation Failure) 44M->44M(47M) 13.456ms
[2020-08-10T13:21:01.029+0300][2200.569s][info ][gc] GC(71910) Pause Young (Allocation Failure) 45M->45M(47M) 26.096ms
[2020-08-10T13:21:01.035+0300][2200.574s][debug][gc] GC(71911) Expanding ParOldGen from 46592K by 512K to 47104K
[2020-08-10T13:21:01.043+0300][2200.583s][info ][gc] GC(71911) Pause Young (Allocation Failure) 46M->46M(47M) 13.709ms
[2020-08-10T13:21:01.162+0300][2200.702s][debug][gc] GC(71912) Expanding ParOldGen from 47104K by 10752K to 57856K
[2020-08-10T13:21:01.162+0300][2200.702s][info ][gc] GC(71912) Pause Full (Ergonomics) 46M->45M(58M) 118.835ms
[2020-08-10T13:21:01.176+0300][2200.716s][info ][gc] GC(71913) Pause Young (Allocation Failure) 46M->46M(58M) 13.478ms
[2020-08-10T13:21:01.191+0300][2200.730s][info ][gc] GC(71914) Pause Young (Allocation Failure) 47M->47M(58M) 13.887ms
[2020-08-10T13:21:01.205+0300][2200.744s][info ][gc] GC(71915) Pause Young (Allocation Failure) 47M->47M(58M) 13.522ms
[2020-08-10T13:21:01.218+0300][2200.758s][info ][gc] GC(71916) Pause Young (Allocation Failure) 48M->48M(58M) 13.425ms
[2020-08-10T13:21:01.232+0300][2200.772s][info ][gc] GC(71917) Pause Young (Allocation Failure) 48M->48M(58M) 13.542ms
[2020-08-10T13:21:01.246+0300][2200.786s][info ][gc] GC(71918) Pause Young (Allocation Failure) 49M->49M(58M) 13.456ms
[2020-08-10T13:21:01.260+0300][2200.799s][info ][gc] GC(71919) Pause Young (Allocation Failure) 49M->49M(57M) 13.479ms
[2020-08-10T13:21:01.274+0300][2200.813s][info ][gc] GC(71920) Pause Young (Allocation Failure) 50M->50M(58M) 13.321ms
[2020-08-10T13:21:01.287+0300][2200.827s][info ][gc] GC(71921) Pause Young (Allocation Failure) 50M->50M(58M) 13.317ms
[2020-08-10T13:21:01.302+0300][2200.841s][info ][gc] GC(71922) Pause Young (Allocation Failure) 51M->51M(58M) 13.615ms
[2020-08-10T13:21:01.316+0300][2200.855s][info ][gc] GC(71923) Pause Young (Allocation Failure) 51M->51M(58M) 13.445ms
[2020-08-10T13:21:01.330+0300][2200.869s][info ][gc] GC(71924) Pause Young (Allocation Failure) 52M->51M(58M) 13.594ms
[2020-08-10T13:21:01.353+0300][2200.893s][info ][gc] GC(71925) Pause Young (Allocation Failure) 52M->52M(58M) 23.099ms
[2020-08-10T13:21:01.367+0300][2200.906s][info ][gc] GC(71926) Pause Young (Allocation Failure) 52M->52M(58M) 13.245ms
[2020-08-10T13:21:01.381+0300][2200.921s][info ][gc] GC(71927) Pause Young (Allocation Failure) 53M->53M(58M) 14.253ms
[2020-08-10T13:21:01.396+0300][2200.935s][info ][gc] GC(71928) Pause Young (Allocation Failure) 53M->53M(58M) 13.512ms
[2020-08-10T13:21:01.410+0300][2200.949s][info ][gc] GC(71929) Pause Young (Allocation Failure) 54M->54M(58M) 13.501ms
[2020-08-10T13:21:01.424+0300][2200.963s][info ][gc] GC(71930) Pause Young (Allocation Failure) 54M->54M(58M) 13.450ms
[2020-08-10T13:21:01.438+0300][2200.978s][info ][gc] GC(71931) Pause Young (Allocation Failure) 55M->55M(58M) 13.523ms
[2020-08-10T13:21:01.452+0300][2200.991s][info ][gc] GC(71932) Pause Young (Allocation Failure) 55M->55M(58M) 13.457ms
[2020-08-10T13:21:01.480+0300][2201.019s][info ][gc] GC(71933) Pause Young (Allocation Failure) 56M->56M(58M) 26.868ms
[2020-08-10T13:21:01.505+0300][2201.044s][info ][gc] GC(71934) Pause Young (Allocation Failure) 56M->56M(58M) 24.730ms
[2020-08-10T13:21:01.666+0300][2201.206s][debug][gc] GC(71935) Expanding ParOldGen from 57856K by 10752K to 68608K
[2020-08-10T13:21:01.666+0300][2201.206s][info ][gc] GC(71935) Pause Full (Ergonomics) 56M->55M(68M) 161.253ms
[2020-08-10T13:21:01.680+0300][2201.219s][info ][gc] GC(71936) Pause Young (Allocation Failure) 56M->56M(68M) 13.213ms
[2020-08-10T13:21:01.694+0300][2201.233s][info ][gc] GC(71937) Pause Young (Allocation Failure) 56M->56M(68M) 13.335ms
[2020-08-10T13:21:01.708+0300][2201.247s][info ][gc] GC(71938) Pause Young (Allocation Failure) 57M->57M(68M) 13.302ms
[2020-08-10T13:21:01.722+0300][2201.261s][info ][gc] GC(71939) Pause Young (Allocation Failure) 57M->57M(68M) 13.337ms
[2020-08-10T13:21:01.735+0300][2201.275s][info ][gc] GC(71940) Pause Young (Allocation Failure) 58M->58M(68M) 13.311ms
[2020-08-10T13:21:01.749+0300][2201.289s][info ][gc] GC(71941) Pause Young (Allocation Failure) 58M->58M(68M) 13.378ms
[2020-08-10T13:21:01.774+0300][2201.314s][info ][gc] GC(71942) Pause Young (Allocation Failure) 59M->59M(68M) 24.895ms
[2020-08-10T13:21:01.788+0300][2201.328s][info ][gc] GC(71943) Pause Young (Allocation Failure) 59M->59M(68M) 13.300ms
[2020-08-10T13:21:01.803+0300][2201.343s][info ][gc] GC(71944) Pause Young (Allocation Failure) 60M->60M(68M) 14.778ms
[2020-08-10T13:21:01.817+0300][2201.357s][info ][gc] GC(71945) Pause Young (Allocation Failure) 60M->60M(68M) 13.519ms
[2020-08-10T13:21:01.831+0300][2201.371s][info ][gc] GC(71946) Pause Young (Allocation Failure) 61M->61M(68M) 13.434ms
[2020-08-10T13:21:01.845+0300][2201.385s][info ][gc] GC(71947) Pause Young (Allocation Failure) 61M->61M(68M) 13.787ms
[2020-08-10T13:21:01.864+0300][2201.404s][info ][gc] GC(71948) Pause Young (Allocation Failure) 62M->61M(68M) 18.212ms
[2020-08-10T13:21:01.882+0300][2201.421s][info ][gc] GC(71949) Pause Young (Allocation Failure) 62M->62M(68M) 17.067ms
[2020-08-10T13:21:01.897+0300][2201.436s][info ][gc] GC(71950) Pause Young (Allocation Failure) 62M->62M(68M) 14.829ms
[2020-08-10T13:21:01.911+0300][2201.450s][info ][gc] GC(71951) Pause Young (Allocation Failure) 63M->63M(68M) 13.335ms
[2020-08-10T13:21:01.925+0300][2201.464s][info ][gc] GC(71952) Pause Young (Allocation Failure) 63M->63M(68M) 13.617ms
[2020-08-10T13:21:01.938+0300][2201.478s][info ][gc] GC(71953) Pause Young (Allocation Failure) 64M->64M(68M) 13.494ms
[2020-08-10T13:21:01.952+0300][2201.492s][info ][gc] GC(71954) Pause Young (Allocation Failure) 64M->64M(68M) 13.660ms
[2020-08-10T13:21:01.966+0300][2201.506s][info ][gc] GC(71955) Pause Young (Allocation Failure) 65M->65M(68M) 13.465ms
[2020-08-10T13:21:01.980+0300][2201.519s][info ][gc] GC(71956) Pause Young (Allocation Failure) 65M->65M(68M) 13.479ms
[2020-08-10T13:21:01.994+0300][2201.533s][info ][gc] GC(71957) Pause Young (Allocation Failure) 66M->66M(68M) 13.517ms
[2020-08-10T13:21:02.008+0300][2201.547s][info ][gc] GC(71958) Pause Young (Allocation Failure) 66M->66M(68M) 13.455ms
[2020-08-10T13:21:02.021+0300][2201.561s][info ][gc] GC(71959) Pause Young (Allocation Failure) 67M->67M(68M) 13.352ms
[2020-08-10T13:21:02.198+0300][2201.738s][debug][gc] GC(71960) Expanding ParOldGen from 68608K by 10752K to 79360K
[2020-08-10T13:21:02.198+0300][2201.738s][info ][gc] GC(71960) Pause Full (Ergonomics) 67M->66M(79M) 176.915ms
[2020-08-10T13:21:02.212+0300][2201.751s][info ][gc] GC(71961) Pause Young (Allocation Failure) 67M->67M(79M) 13.222ms
[2020-08-10T13:21:02.226+0300][2201.765s][info ][gc] GC(71962) Pause Young (Allocation Failure) 67M->67M(79M) 13.371ms
[2020-08-10T13:21:02.240+0300][2201.779s][info ][gc] GC(71963) Pause Young (Allocation Failure) 68M->68M(79M) 13.654ms
[2020-08-10T13:21:02.254+0300][2201.794s][info ][gc] GC(71964) Pause Young (Allocation Failure) 69M->69M(79M) 13.651ms
[2020-08-10T13:21:02.279+0300][2201.818s][info ][gc] GC(71965) Pause Young (Allocation Failure) 70M->70M(79M) 24.318ms
[2020-08-10T13:21:02.294+0300][2201.833s][info ][gc] GC(71966) Pause Young (Allocation Failure) 71M->71M(80M) 14.196ms
[2020-08-10T13:21:02.308+0300][2201.848s][info ][gc] GC(71967) Pause Young (Allocation Failure) 72M->72M(80M) 14.180ms
[2020-08-10T13:21:02.324+0300][2201.863s][info ][gc] GC(71968) Pause Young (Allocation Failure) 73M->73M(80M) 14.499ms
[2020-08-10T13:21:02.338+0300][2201.878s][info ][gc] GC(71969) Pause Young (Allocation Failure) 74M->74M(80M) 13.994ms
[2020-08-10T13:21:02.353+0300][2201.892s][info ][gc] GC(71970) Pause Young (Allocation Failure) 75M->75M(80M) 13.933ms
[2020-08-10T13:21:02.385+0300][2201.924s][info ][gc] GC(71971) Pause Young (Allocation Failure) 76M->76M(80M) 31.768ms
[2020-08-10T13:21:02.400+0300][2201.940s][info ][gc] GC(71972) Pause Young (Allocation Failure) 77M->77M(80M) 14.562ms
[2020-08-10T13:21:02.619+0300][2202.158s][debug][gc] GC(71973) Expanding ParOldGen from 79360K by 11264K to 90624K
[2020-08-10T13:21:02.619+0300][2202.158s][info ][gc] GC(71973) Pause Full (Ergonomics) 77M->76M(91M) 218.347ms
[2020-08-10T13:21:02.644+0300][2202.183s][info ][gc] GC(71974) Pause Young (Allocation Failure) 77M->77M(91M) 24.605ms
[2020-08-10T13:21:02.659+0300][2202.198s][info ][gc] GC(71975) Pause Young (Allocation Failure) 78M->78M(91M) 14.099ms
[2020-08-10T13:21:02.673+0300][2202.213s][info ][gc] GC(71976) Pause Young (Allocation Failure) 79M->79M(91M) 13.946ms
[2020-08-10T13:21:02.688+0300][2202.227s][info ][gc] GC(71977) Pause Young (Allocation Failure) 80M->80M(91M) 14.076ms
[2020-08-10T13:21:02.702+0300][2202.242s][info ][gc] GC(71978) Pause Young (Allocation Failure) 81M->81M(91M) 13.879ms
[2020-08-10T13:21:02.717+0300][2202.256s][info ][gc] GC(71979) Pause Young (Allocation Failure) 82M->82M(91M) 13.869ms
[2020-08-10T13:21:02.731+0300][2202.271s][info ][gc] GC(71980) Pause Young (Allocation Failure) 83M->83M(91M) 13.829ms
[2020-08-10T13:21:02.766+0300][2202.305s][info ][gc] GC(71981) Pause Young (Allocation Failure) 84M->84M(91M) 34.011ms
[2020-08-10T13:21:02.790+0300][2202.330s][info ][gc] GC(71982) Pause Young (Allocation Failure) 85M->85M(91M) 24.028ms
[2020-08-10T13:21:02.805+0300][2202.345s][info ][gc] GC(71983) Pause Young (Allocation Failure) 86M->86M(91M) 14.252ms
[2020-08-10T13:21:02.832+0300][2202.371s][info ][gc] GC(71984) Pause Young (Allocation Failure) 87M->87M(91M) 25.793ms
[2020-08-10T13:21:02.848+0300][2202.388s][info ][gc] GC(71985) Pause Young (Allocation Failure) 88M->88M(91M) 15.768ms
[2020-08-10T13:21:03.132+0300][2202.672s][debug][gc] GC(71986) Expanding ParOldGen from 90624K by 11264K to 101888K
[2020-08-10T13:21:03.132+0300][2202.672s][info ][gc] GC(71986) Pause Full (Ergonomics) 88M->87M(102M) 283.789ms
[2020-08-10T13:21:03.158+0300][2202.697s][info ][gc] GC(71987) Pause Young (Allocation Failure) 88M->88M(102M) 25.051ms
[2020-08-10T13:21:03.174+0300][2202.714s][info ][gc] GC(71988) Pause Young (Allocation Failure) 89M->89M(102M) 16.039ms
[2020-08-10T13:21:03.190+0300][2202.729s][info ][gc] GC(71989) Pause Young (Allocation Failure) 90M->90M(102M) 14.881ms
[2020-08-10T13:21:03.206+0300][2202.746s][info ][gc] GC(71990) Pause Young (Allocation Failure) 91M->91M(102M) 15.829ms
[2020-08-10T13:21:03.227+0300][2202.767s][info ][gc] GC(71991) Pause Young (Allocation Failure) 92M->92M(102M) 20.194ms
[2020-08-10T13:21:03.242+0300][2202.781s][info ][gc] GC(71992) Pause Young (Allocation Failure) 93M->93M(102M) 14.237ms
[2020-08-10T13:21:03.262+0300][2202.801s][info ][gc] GC(71993) Pause Young (Allocation Failure) 94M->94M(102M) 19.192ms
[2020-08-10T13:21:03.277+0300][2202.816s][info ][gc] GC(71994) Pause Young (Allocation Failure) 95M->95M(102M) 14.309ms
[2020-08-10T13:21:03.291+0300][2202.831s][info ][gc] GC(71995) Pause Young (Allocation Failure) 96M->96M(102M) 14.333ms
[2020-08-10T13:21:03.306+0300][2202.846s][info ][gc] GC(71996) Pause Young (Allocation Failure) 97M->97M(102M) 14.337ms
[2020-08-10T13:21:03.321+0300][2202.860s][info ][gc] GC(71997) Pause Young (Allocation Failure) 98M->98M(102M) 14.161ms
[2020-08-10T13:21:03.336+0300][2202.875s][info ][gc] GC(71998) Pause Young (Allocation Failure) 99M->99M(102M) 14.840ms
[2020-08-10T13:21:03.674+0300][2203.213s][debug][gc] GC(71999) Expanding ParOldGen from 101888K by 11264K to 113152K
[2020-08-10T13:21:03.674+0300][2203.213s][info ][gc] GC(71999) Pause Full (Ergonomics) 99M->98M(113M) 337.537ms
[2020-08-10T13:21:03.701+0300][2203.241s][info ][gc] GC(72000) Pause Young (Allocation Failure) 99M->99M(113M) 26.804ms
[2020-08-10T13:21:03.724+0300][2203.263s][info ][gc] GC(72001) Pause Young (Allocation Failure) 100M->100M(113M) 22.195ms
[2020-08-10T13:21:03.740+0300][2203.279s][info ][gc] GC(72002) Pause Young (Allocation Failure) 101M->101M(113M) 14.549ms
[2020-08-10T13:21:03.755+0300][2203.295s][info ][gc] GC(72003) Pause Young (Allocation Failure) 102M->102M(113M) 14.741ms
[2020-08-10T13:21:03.778+0300][2203.317s][info ][gc] GC(72004) Pause Young (Allocation Failure) 103M->103M(113M) 21.765ms
[2020-08-10T13:21:03.794+0300][2203.334s][info ][gc] GC(72005) Pause Young (Allocation Failure) 104M->104M(113M) 15.533ms
[2020-08-10T13:21:03.809+0300][2203.349s][info ][gc] GC(72006) Pause Young (Allocation Failure) 105M->105M(113M) 13.883ms
[2020-08-10T13:21:03.829+0300][2203.369s][info ][gc] GC(72007) Pause Young (Allocation Failure) 106M->106M(113M) 19.530ms
[2020-08-10T13:21:03.850+0300][2203.389s][info ][gc] GC(72008) Pause Young (Allocation Failure) 107M->107M(113M) 19.817ms
[2020-08-10T13:21:03.865+0300][2203.405s][info ][gc] GC(72009) Pause Young (Allocation Failure) 108M->108M(113M) 14.890ms
[2020-08-10T13:21:03.884+0300][2203.423s][info ][gc] GC(72010) Pause Young (Allocation Failure) 109M->109M(113M) 17.933ms
[2020-08-10T13:21:03.900+0300][2203.439s][info ][gc] GC(72011) Pause Young (Allocation Failure) 110M->110M(113M) 15.534ms
[2020-08-10T13:21:03.916+0300][2203.455s][info ][gc] GC(72012) Pause Young (Allocation Failure) 111M->110M(113M) 15.722ms
[2020-08-10T13:21:04.224+0300][2203.764s][debug][gc] GC(72013) Expanding ParOldGen from 113152K by 11776K to 124928K
[2020-08-10T13:21:04.224+0300][2203.764s][info ][gc] GC(72013) Pause Full (Ergonomics) 110M->110M(124M) 308.433ms
[2020-08-10T13:21:04.239+0300][2203.778s][info ][gc] GC(72014) Pause Young (Allocation Failure) 111M->111M(124M) 13.683ms
[2020-08-10T13:21:04.255+0300][2203.794s][info ][gc] GC(72015) Pause Young (Allocation Failure) 112M->112M(124M) 15.610ms
[2020-08-10T13:21:04.271+0300][2203.811s][info ][gc] GC(72016) Pause Young (Allocation Failure) 113M->113M(124M) 15.997ms
[2020-08-10T13:21:04.288+0300][2203.827s][info ][gc] GC(72017) Pause Young (Allocation Failure) 114M->114M(124M) 15.658ms
[2020-08-10T13:21:04.304+0300][2203.844s][info ][gc] GC(72018) Pause Young (Allocation Failure) 115M->115M(124M) 15.950ms
[2020-08-10T13:21:04.320+0300][2203.860s][info ][gc] GC(72019) Pause Young (Allocation Failure) 116M->116M(124M) 15.957ms
[2020-08-10T13:21:04.337+0300][2203.877s][info ][gc] GC(72020) Pause Young (Allocation Failure) 117M->117M(124M) 16.137ms
[2020-08-10T13:21:04.370+0300][2203.910s][info ][gc] GC(72021) Pause Young (Allocation Failure) 118M->118M(124M) 32.739ms
[2020-08-10T13:21:04.398+0300][2203.938s][info ][gc] GC(72022) Pause Young (Allocation Failure) 119M->119M(124M) 27.458ms
[2020-08-10T13:21:04.415+0300][2203.955s][info ][gc] GC(72023) Pause Young (Allocation Failure) 120M->120M(124M) 16.548ms
[2020-08-10T13:21:04.432+0300][2203.972s][info ][gc] GC(72024) Pause Young (Allocation Failure) 121M->121M(124M) 16.372ms
[2020-08-10T13:21:04.462+0300][2204.002s][info ][gc] GC(72025) Pause Young (Allocation Failure) 122M->121M(124M) 29.656ms
[2020-08-10T13:21:04.850+0300][2204.389s][debug][gc] GC(72026) Expanding ParOldGen from 124928K by 11264K to 136192K
[2020-08-10T13:21:04.850+0300][2204.389s][info ][gc] GC(72026) Pause Full (Ergonomics) 121M->121M(135M) 387.483ms
[2020-08-10T13:21:04.870+0300][2204.410s][info ][gc] GC(72027) Pause Young (Allocation Failure) 122M->122M(135M) 19.427ms
[2020-08-10T13:21:04.888+0300][2204.427s][info ][gc] GC(72028) Pause Young (Allocation Failure) 123M->123M(135M) 16.799ms
[2020-08-10T13:21:04.906+0300][2204.446s][info ][gc] GC(72029) Pause Young (Allocation Failure) 124M->124M(135M) 17.321ms
[2020-08-10T13:21:04.925+0300][2204.465s][info ][gc] GC(72030) Pause Young (Allocation Failure) 125M->125M(135M) 18.918ms
[2020-08-10T13:21:04.969+0300][2204.508s][info ][gc] GC(72031) Pause Young (Allocation Failure) 126M->126M(135M) 43.086ms
[2020-08-10T13:21:04.987+0300][2204.527s][info ][gc] GC(72032) Pause Young (Allocation Failure) 127M->127M(135M) 17.972ms
[2020-08-10T13:21:05.006+0300][2204.545s][info ][gc] GC(72033) Pause Young (Allocation Failure) 128M->128M(135M) 17.755ms
[2020-08-10T13:21:05.025+0300][2204.565s][info ][gc] GC(72034) Pause Young (Allocation Failure) 129M->129M(135M) 18.929ms
[2020-08-10T13:21:05.043+0300][2204.583s][info ][gc] GC(72035) Pause Young (Allocation Failure) 130M->130M(135M) 17.691ms
[2020-08-10T13:21:05.080+0300][2204.619s][info ][gc] GC(72036) Pause Young (Allocation Failure) 131M->131M(135M) 36.132ms
[2020-08-10T13:21:05.098+0300][2204.638s][info ][gc] GC(72037) Pause Young (Allocation Failure) 132M->132M(135M) 17.972ms
[2020-08-10T13:21:05.133+0300][2204.673s][info ][gc] GC(72038) Pause Young (Allocation Failure) 133M->133M(135M) 34.535ms
[2020-08-10T13:21:05.654+0300][2205.193s][debug][gc] GC(72039) Expanding ParOldGen from 136192K by 11264K to 147456K
[2020-08-10T13:21:05.654+0300][2205.193s][info ][gc] GC(72039) Pause Full (Ergonomics) 133M->132M(146M) 520.544ms
[2020-08-10T13:21:05.679+0300][2205.219s][info ][gc] GC(72040) Pause Young (Allocation Failure) 133M->133M(146M) 25.097ms
[2020-08-10T13:21:05.702+0300][2205.241s][info ][gc] GC(72041) Pause Young (Allocation Failure) 134M->134M(146M) 21.808ms
[2020-08-10T13:21:05.720+0300][2205.260s][info ][gc] GC(72042) Pause Young (Allocation Failure) 135M->135M(146M) 18.072ms
[2020-08-10T13:21:05.739+0300][2205.278s][info ][gc] GC(72043) Pause Young (Allocation Failure) 136M->136M(146M) 18.049ms
[2020-08-10T13:21:05.784+0300][2205.323s][info ][gc] GC(72044) Pause Young (Allocation Failure) 137M->137M(146M) 44.413ms
[2020-08-10T13:21:05.804+0300][2205.343s][info ][gc] GC(72045) Pause Young (Allocation Failure) 138M->138M(146M) 19.384ms
[2020-08-10T13:21:05.824+0300][2205.363s][info ][gc] GC(72046) Pause Young (Allocation Failure) 139M->139M(146M) 19.257ms
[2020-08-10T13:21:05.843+0300][2205.383s][info ][gc] GC(72047) Pause Young (Allocation Failure) 140M->140M(146M) 18.743ms
[2020-08-10T13:21:05.872+0300][2205.412s][info ][gc] GC(72048) Pause Young (Allocation Failure) 141M->141M(146M) 28.250ms
[2020-08-10T13:21:05.908+0300][2205.448s][info ][gc] GC(72049) Pause Young (Allocation Failure) 142M->142M(146M) 35.830ms
[2020-08-10T13:21:05.944+0300][2205.484s][info ][gc] GC(72050) Pause Young (Allocation Failure) 143M->143M(146M) 35.316ms
[2020-08-10T13:21:05.965+0300][2205.504s][info ][gc] GC(72051) Pause Young (Allocation Failure) 144M->144M(146M) 19.762ms
[2020-08-10T13:21:06.546+0300][2206.085s][debug][gc] GC(72052) Expanding ParOldGen from 147456K by 11776K to 159232K
[2020-08-10T13:21:06.546+0300][2206.085s][info ][gc] GC(72052) Pause Full (Ergonomics) 144M->143M(158M) 581.120ms
[2020-08-10T13:21:06.584+0300][2206.124s][info ][gc] GC(72053) Pause Young (Allocation Failure) 144M->144M(158M) 37.806ms
[2020-08-10T13:21:06.610+0300][2206.149s][info ][gc] GC(72054) Pause Young (Allocation Failure) 145M->145M(158M) 24.924ms
[2020-08-10T13:21:06.630+0300][2206.170s][info ][gc] GC(72055) Pause Young (Allocation Failure) 146M->146M(158M) 19.409ms
[2020-08-10T13:21:06.630+0300][2206.170s][debug][gc] Expanding ParOldGen from 159232K by 19968K to 179200K
[2020-08-10T13:21:06.656+0300][2206.195s][info ][gc] GC(72056) Pause Young (Allocation Failure) 166M->166M(177M) 16.819ms
[2020-08-10T13:21:06.689+0300][2206.229s][info ][gc] GC(72057) Pause Young (Allocation Failure) 167M->167M(177M) 33.034ms
[2020-08-10T13:21:06.711+0300][2206.251s][info ][gc] GC(72058) Pause Young (Allocation Failure) 168M->168M(177M) 21.459ms
[2020-08-10T13:21:06.733+0300][2206.273s][info ][gc] GC(72059) Pause Young (Allocation Failure) 169M->169M(177M) 21.428ms
[2020-08-10T13:21:06.755+0300][2206.295s][info ][gc] GC(72060) Pause Young (Allocation Failure) 170M->170M(177M) 21.358ms
[2020-08-10T13:21:06.770+0300][2206.310s][info ][gc] GC(72061) Pause Young (Allocation Failure) 171M->171M(177M) 14.355ms
[2020-08-10T13:21:06.794+0300][2206.334s][info ][gc] GC(72062) Pause Young (Allocation Failure) 172M->172M(177M) 23.237ms
[2020-08-10T13:21:06.817+0300][2206.357s][info ][gc] GC(72063) Pause Young (Allocation Failure) 173M->173M(177M) 22.551ms
[2020-08-10T13:21:06.839+0300][2206.378s][info ][gc] GC(72064) Pause Young (Allocation Failure) 174M->174M(177M) 21.362ms
[2020-08-10T13:21:06.862+0300][2206.401s][info ][gc] GC(72065) Pause Young (Allocation Failure) 175M->175M(177M) 22.352ms
[2020-08-10T13:21:06.973+0300][2206.512s][debug][gc] GC(72066) Shrinking ParOldGen from 179200K by 124928K to 54272K
[2020-08-10T13:21:06.973+0300][2206.513s][info ][gc] GC(72066) Pause Full (Ergonomics) 175M->41M(55M) 111.157ms
[2020-08-10T13:21:06.988+0300][2206.527s][info ][gc] GC(72067) Pause Young (Allocation Failure) 42M->42M(55M) 14.394ms
[2020-08-10T13:21:07.007+0300][2206.547s][info ][gc] GC(72068) Pause Young (Allocation Failure) 43M->43M(55M) 18.948ms
[2020-08-10T13:21:07.022+0300][2206.561s][info ][gc] GC(72069) Pause Young (Allocation Failure) 44M->44M(55M) 13.844ms
[2020-08-10T13:21:07.051+0300][2206.590s][info ][gc] GC(72070) Pause Young (Allocation Failure) 45M->45M(55M) 28.494ms
[2020-08-10T13:21:07.065+0300][2206.605s][info ][gc] GC(72071) Pause Young (Allocation Failure) 46M->46M(55M) 14.388ms
[2020-08-10T13:21:07.085+0300][2206.624s][info ][gc] GC(72072) Pause Young (Allocation Failure) 47M->47M(55M) 18.687ms
[2020-08-10T13:21:07.100+0300][2206.639s][info ][gc] GC(72073) Pause Young (Allocation Failure) 48M->48M(55M) 14.184ms
[2020-08-10T13:21:07.114+0300][2206.654s][info ][gc] GC(72074) Pause Young (Allocation Failure) 49M->49M(55M) 14.030ms
[2020-08-10T13:21:07.129+0300][2206.668s][info ][gc] GC(72075) Pause Young (Allocation Failure) 50M->50M(55M) 13.736ms
[2020-08-10T13:21:07.143+0300][2206.683s][info ][gc] GC(72076) Pause Young (Allocation Failure) 51M->51M(55M) 13.905ms
[2020-08-10T13:21:07.157+0300][2206.697s][info ][gc] GC(72077) Pause Young (Allocation Failure) 52M->52M(55M) 14.031ms
[2020-08-10T13:21:07.177+0300][2206.717s][info ][gc] GC(72078) Pause Young (Allocation Failure) 53M->53M(55M) 19.389ms
[2020-08-10T13:21:07.296+0300][2206.836s][debug][gc] GC(72079) Expanding ParOldGen from 54272K by 11264K to 65536K
[2020-08-10T13:21:07.296+0300][2206.836s][info ][gc] GC(72079) Pause Full (Ergonomics) 53M->52M(66M) 118.950ms
[2020-08-10T13:21:07.311+0300][2206.850s][info ][gc] GC(72080) Pause Young (Allocation Failure) 53M->53M(66M) 13.315ms
[2020-08-10T13:21:07.325+0300][2206.865s][info ][gc] GC(72081) Pause Young (Allocation Failure) 54M->54M(66M) 13.800ms
[2020-08-10T13:21:07.339+0300][2206.879s][info ][gc] GC(72082) Pause Young (Allocation Failure) 55M->55M(66M) 13.765ms
[2020-08-10T13:21:07.354+0300][2206.893s][info ][gc] GC(72083) Pause Young (Allocation Failure) 56M->56M(66M) 14.039ms
[2020-08-10T13:21:07.368+0300][2206.908s][info ][gc] GC(72084) Pause Young (Allocation Failure) 57M->57M(66M) 14.011ms
[2020-08-10T13:21:07.383+0300][2206.923s][info ][gc] GC(72085) Pause Young (Allocation Failure) 58M->58M(66M) 14.026ms
[2020-08-10T13:21:07.417+0300][2206.956s][info ][gc] GC(72086) Pause Young (Allocation Failure) 59M->59M(66M) 33.066ms
[2020-08-10T13:21:07.431+0300][2206.971s][info ][gc] GC(72087) Pause Young (Allocation Failure) 60M->60M(66M) 14.230ms
[2020-08-10T13:21:07.446+0300][2206.986s][info ][gc] GC(72088) Pause Young (Allocation Failure) 61M->61M(66M) 14.246ms
[2020-08-10T13:21:07.461+0300][2207.001s][info ][gc] GC(72089) Pause Young (Allocation Failure) 62M->62M(66M) 14.051ms
[2020-08-10T13:21:07.476+0300][2207.016s][info ][gc] GC(72090) Pause Young (Allocation Failure) 63M->63M(66M) 14.585ms
[2020-08-10T13:21:07.491+0300][2207.031s][info ][gc] GC(72091) Pause Young (Allocation Failure) 64M->64M(66M) 14.056ms
[2020-08-10T13:21:07.661+0300][2207.201s][debug][gc] GC(72092) Expanding ParOldGen from 65536K by 11264K to 76800K
[2020-08-10T13:21:07.661+0300][2207.201s][info ][gc] GC(72092) Pause Full (Ergonomics) 64M->64M(77M) 170.496ms
[2020-08-10T13:21:07.687+0300][2207.227s][info ][gc] GC(72093) Pause Young (Allocation Failure) 65M->65M(77M) 24.734ms
[2020-08-10T13:21:07.701+0300][2207.241s][info ][gc] GC(72094) Pause Young (Allocation Failure) 66M->65M(77M) 14.070ms
[2020-08-10T13:21:07.716+0300][2207.256s][info ][gc] GC(72095) Pause Young (Allocation Failure) 66M->66M(77M) 14.223ms
[2020-08-10T13:21:07.739+0300][2207.278s][info ][gc] GC(72096) Pause Young (Allocation Failure) 67M->67M(77M) 21.755ms
[2020-08-10T13:21:07.753+0300][2207.293s][info ][gc] GC(72097) Pause Young (Allocation Failure) 68M->68M(77M) 14.323ms
[2020-08-10T13:21:07.773+0300][2207.312s][info ][gc] GC(72098) Pause Young (Allocation Failure) 69M->69M(77M) 18.718ms
[2020-08-10T13:21:07.788+0300][2207.327s][info ][gc] GC(72099) Pause Young (Allocation Failure) 70M->70M(77M) 14.372ms
[2020-08-10T13:21:07.802+0300][2207.342s][info ][gc] GC(72100) Pause Young (Allocation Failure) 71M->71M(77M) 14.324ms
[2020-08-10T13:21:07.817+0300][2207.357s][info ][gc] GC(72101) Pause Young (Allocation Failure) 72M->72M(77M) 14.162ms
[2020-08-10T13:21:07.832+0300][2207.372s][info ][gc] GC(72102) Pause Young (Allocation Failure) 73M->73M(77M) 14.242ms
[2020-08-10T13:21:07.847+0300][2207.386s][info ][gc] GC(72103) Pause Young (Allocation Failure) 74M->74M(77M) 14.258ms
[2020-08-10T13:21:07.861+0300][2207.401s][info ][gc] GC(72104) Pause Young (Allocation Failure) 75M->75M(77M) 14.048ms
[2020-08-10T13:21:08.087+0300][2207.627s][debug][gc] GC(72105) Expanding ParOldGen from 76800K by 11264K to 88064K
[2020-08-10T13:21:08.087+0300][2207.627s][info ][gc] GC(72105) Pause Full (Ergonomics) 75M->75M(88M) 225.708ms
[2020-08-10T13:21:08.117+0300][2207.657s][info ][gc] GC(72106) Pause Young (Allocation Failure) 76M->76M(88M) 29.851ms
[2020-08-10T13:21:08.133+0300][2207.672s][info ][gc] GC(72107) Pause Young (Allocation Failure) 77M->77M(88M) 14.537ms
[2020-08-10T13:21:08.149+0300][2207.688s][info ][gc] GC(72108) Pause Young (Allocation Failure) 78M->78M(88M) 15.165ms
[2020-08-10T13:21:08.164+0300][2207.703s][info ][gc] GC(72109) Pause Young (Allocation Failure) 79M->79M(88M) 14.213ms
[2020-08-10T13:21:08.178+0300][2207.718s][info ][gc] GC(72110) Pause Young (Allocation Failure) 80M->79M(88M) 14.074ms
[2020-08-10T13:21:08.193+0300][2207.732s][info ][gc] GC(72111) Pause Young (Allocation Failure) 80M->80M(88M) 14.119ms
[2020-08-10T13:21:08.207+0300][2207.747s][info ][gc] GC(72112) Pause Young (Allocation Failure) 81M->81M(88M) 14.308ms
[2020-08-10T13:21:08.222+0300][2207.762s][info ][gc] GC(72113) Pause Young (Allocation Failure) 82M->82M(88M) 14.227ms
[2020-08-10T13:21:08.237+0300][2207.777s][info ][gc] GC(72114) Pause Young (Allocation Failure) 83M->83M(88M) 14.244ms
[2020-08-10T13:21:08.252+0300][2207.792s][info ][gc] GC(72115) Pause Young (Allocation Failure) 84M->84M(88M) 14.309ms
[2020-08-10T13:21:08.267+0300][2207.807s][info ][gc] GC(72116) Pause Young (Allocation Failure) 85M->85M(88M) 14.336ms
[2020-08-10T13:21:08.282+0300][2207.822s][info ][gc] GC(72117) Pause Young (Allocation Failure) 86M->86M(88M) 14.355ms
[2020-08-10T13:21:08.508+0300][2208.048s][debug][gc] GC(72118) Expanding ParOldGen from 88064K by 11264K to 99328K
[2020-08-10T13:21:08.509+0300][2208.048s][info ][gc] GC(72118) Pause Full (Ergonomics) 86M->86M(99M) 226.219ms
[2020-08-10T13:21:08.544+0300][2208.084s][info ][gc] GC(72119) Pause Young (Allocation Failure) 87M->87M(99M) 34.416ms
[2020-08-10T13:21:08.559+0300][2208.099s][info ][gc] GC(72120) Pause Young (Allocation Failure) 88M->88M(99M) 14.335ms
[2020-08-10T13:21:08.579+0300][2208.119s][info ][gc] GC(72121) Pause Young (Allocation Failure) 89M->89M(99M) 19.305ms
[2020-08-10T13:21:08.602+0300][2208.141s][info ][gc] GC(72122) Pause Young (Allocation Failure) 90M->90M(99M) 22.509ms
[2020-08-10T13:21:08.617+0300][2208.156s][info ][gc] GC(72123) Pause Young (Allocation Failure) 91M->91M(99M) 14.451ms
[2020-08-10T13:21:08.631+0300][2208.171s][info ][gc] GC(72124) Pause Young (Allocation Failure) 92M->92M(99M) 14.337ms
[2020-08-10T13:21:08.646+0300][2208.186s][info ][gc] GC(72125) Pause Young (Allocation Failure) 93M->93M(99M) 14.389ms
[2020-08-10T13:21:08.661+0300][2208.201s][info ][gc] GC(72126) Pause Young (Allocation Failure) 94M->94M(99M) 14.354ms
[2020-08-10T13:21:08.676+0300][2208.216s][info ][gc] GC(72127) Pause Young (Allocation Failure) 95M->95M(99M) 14.355ms
[2020-08-10T13:21:08.691+0300][2208.231s][info ][gc] GC(72128) Pause Young (Allocation Failure) 96M->96M(99M) 14.690ms
[2020-08-10T13:21:08.707+0300][2208.247s][info ][gc] GC(72129) Pause Young (Allocation Failure) 97M->96M(99M) 14.797ms
[2020-08-10T13:21:08.735+0300][2208.275s][info ][gc] GC(72130) Pause Young (Allocation Failure) 97M->97M(99M) 27.634ms
[2020-08-10T13:21:08.999+0300][2208.539s][debug][gc] GC(72131) Expanding ParOldGen from 99328K by 11264K to 110592K
[2020-08-10T13:21:09.000+0300][2208.539s][info ][gc] GC(72131) Pause Full (Ergonomics) 97M->97M(110M) 264.481ms
[2020-08-10T13:21:09.036+0300][2208.576s][info ][gc] GC(72132) Pause Young (Allocation Failure) 98M->98M(110M) 36.386ms
[2020-08-10T13:21:09.052+0300][2208.592s][info ][gc] GC(72133) Pause Young (Allocation Failure) 99M->99M(110M) 15.017ms
[2020-08-10T13:21:09.067+0300][2208.607s][info ][gc] GC(72134) Pause Young (Allocation Failure) 100M->100M(110M) 14.872ms
[2020-08-10T13:21:09.083+0300][2208.623s][info ][gc] GC(72135) Pause Young (Allocation Failure) 101M->101M(110M) 14.950ms
[2020-08-10T13:21:09.098+0300][2208.638s][info ][gc] GC(72136) Pause Young (Allocation Failure) 102M->102M(110M) 15.166ms
[2020-08-10T13:21:09.114+0300][2208.654s][info ][gc] GC(72137) Pause Young (Allocation Failure) 103M->103M(110M) 15.500ms
[2020-08-10T13:21:09.130+0300][2208.670s][info ][gc] GC(72138) Pause Young (Allocation Failure) 104M->104M(109M) 15.396ms
[2020-08-10T13:21:09.145+0300][2208.685s][info ][gc] GC(72139) Pause Young (Allocation Failure) 105M->105M(110M) 14.150ms
[2020-08-10T13:21:09.161+0300][2208.701s][info ][gc] GC(72140) Pause Young (Allocation Failure) 106M->106M(110M) 15.610ms
[2020-08-10T13:21:09.189+0300][2208.729s][info ][gc] GC(72141) Pause Young (Allocation Failure) 107M->107M(110M) 27.975ms
[2020-08-10T13:21:09.206+0300][2208.746s][info ][gc] GC(72142) Pause Young (Allocation Failure) 108M->108M(110M) 15.931ms
[2020-08-10T13:21:09.501+0300][2209.041s][debug][gc] GC(72143) Expanding ParOldGen from 110592K by 11776K to 122368K
[2020-08-10T13:21:09.501+0300][2209.041s][info ][gc] GC(72143) Pause Full (Ergonomics) 108M->107M(122M) 295.249ms
[2020-08-10T13:21:09.516+0300][2209.056s][info ][gc] GC(72144) Pause Young (Allocation Failure) 108M->108M(122M) 14.138ms
[2020-08-10T13:21:09.532+0300][2209.072s][info ][gc] GC(72145) Pause Young (Allocation Failure) 109M->109M(122M) 15.708ms
[2020-08-10T13:21:09.549+0300][2209.089s][info ][gc] GC(72146) Pause Young (Allocation Failure) 110M->110M(122M) 16.150ms
[2020-08-10T13:21:09.572+0300][2209.112s][info ][gc] GC(72147) Pause Young (Allocation Failure) 111M->111M(122M) 22.308ms
[2020-08-10T13:21:09.589+0300][2209.128s][info ][gc] GC(72148) Pause Young (Allocation Failure) 112M->112M(122M) 15.398ms
[2020-08-10T13:21:09.605+0300][2209.145s][info ][gc] GC(72149) Pause Young (Allocation Failure) 113M->113M(122M) 15.494ms
[2020-08-10T13:21:09.621+0300][2209.161s][info ][gc] GC(72150) Pause Young (Allocation Failure) 114M->114M(122M) 15.544ms
[2020-08-10T13:21:09.637+0300][2209.177s][info ][gc] GC(72151) Pause Young (Allocation Failure) 115M->115M(122M) 15.847ms
[2020-08-10T13:21:09.654+0300][2209.194s][info ][gc] GC(72152) Pause Young (Allocation Failure) 116M->116M(122M) 15.895ms
[2020-08-10T13:21:09.671+0300][2209.211s][info ][gc] GC(72153) Pause Young (Allocation Failure) 117M->117M(122M) 16.224ms
[2020-08-10T13:21:09.688+0300][2209.228s][info ][gc] GC(72154) Pause Young (Allocation Failure) 118M->118M(122M) 16.262ms
[2020-08-10T13:21:09.705+0300][2209.245s][info ][gc] GC(72155) Pause Young (Allocation Failure) 119M->119M(122M) 16.108ms
[2020-08-10T13:21:09.722+0300][2209.262s][info ][gc] GC(72156) Pause Young (Allocation Failure) 120M->120M(122M) 16.314ms
[2020-08-10T13:21:10.074+0300][2209.614s][debug][gc] GC(72157) Expanding ParOldGen from 122368K by 11264K to 133632K
[2020-08-10T13:21:10.074+0300][2209.614s][info ][gc] GC(72157) Pause Full (Ergonomics) 120M->120M(133M) 351.706ms
[2020-08-10T13:21:10.109+0300][2209.649s][info ][gc] GC(72158) Pause Young (Allocation Failure) 121M->121M(133M) 34.442ms
[2020-08-10T13:21:10.127+0300][2209.667s][info ][gc] GC(72159) Pause Young (Allocation Failure) 122M->121M(133M) 17.573ms
[2020-08-10T13:21:10.164+0300][2209.704s][info ][gc] GC(72160) Pause Young (Allocation Failure) 122M->122M(133M) 36.131ms
[2020-08-10T13:21:10.182+0300][2209.722s][info ][gc] GC(72161) Pause Young (Allocation Failure) 123M->123M(133M) 17.352ms
[2020-08-10T13:21:10.200+0300][2209.740s][info ][gc] GC(72162) Pause Young (Allocation Failure) 124M->124M(133M) 17.622ms
[2020-08-10T13:21:10.218+0300][2209.758s][info ][gc] GC(72163) Pause Young (Allocation Failure) 125M->125M(133M) 17.860ms
[2020-08-10T13:21:10.237+0300][2209.777s][info ][gc] GC(72164) Pause Young (Allocation Failure) 126M->126M(133M) 17.952ms
[2020-08-10T13:21:10.260+0300][2209.800s][info ][gc] GC(72165) Pause Young (Allocation Failure) 127M->127M(133M) 23.047ms
[2020-08-10T13:21:10.300+0300][2209.840s][info ][gc] GC(72166) Pause Young (Allocation Failure) 128M->128M(133M) 39.512ms
[2020-08-10T13:21:10.320+0300][2209.860s][info ][gc] GC(72167) Pause Young (Allocation Failure) 129M->129M(133M) 18.597ms
[2020-08-10T13:21:10.343+0300][2209.883s][info ][gc] GC(72168) Pause Young (Allocation Failure) 130M->130M(133M) 22.511ms
[2020-08-10T13:21:10.840+0300][2210.380s][debug][gc] GC(72169) Expanding ParOldGen from 133632K by 11264K to 144896K
[2020-08-10T13:21:10.840+0300][2210.380s][info ][gc] GC(72169) Pause Full (Ergonomics) 130M->130M(144M) 497.650ms
[2020-08-10T13:21:10.870+0300][2210.410s][info ][gc] GC(72170) Pause Young (Allocation Failure) 131M->131M(144M) 29.018ms
[2020-08-10T13:21:10.889+0300][2210.429s][info ][gc] GC(72171) Pause Young (Allocation Failure) 132M->132M(144M) 17.851ms
[2020-08-10T13:21:10.907+0300][2210.447s][info ][gc] GC(72172) Pause Young (Allocation Failure) 133M->133M(144M) 17.945ms
[2020-08-10T13:21:10.951+0300][2210.491s][info ][gc] GC(72173) Pause Young (Allocation Failure) 134M->134M(144M) 42.989ms
[2020-08-10T13:21:10.971+0300][2210.511s][info ][gc] GC(72174) Pause Young (Allocation Failure) 135M->135M(144M) 18.461ms
[2020-08-10T13:21:11.004+0300][2210.544s][info ][gc] GC(72175) Pause Young (Allocation Failure) 136M->135M(144M) 32.230ms
[2020-08-10T13:21:11.023+0300][2210.563s][info ][gc] GC(72176) Pause Young (Allocation Failure) 136M->136M(144M) 18.413ms
[2020-08-10T13:21:11.042+0300][2210.582s][info ][gc] GC(72177) Pause Young (Allocation Failure) 137M->137M(144M) 18.584ms
[2020-08-10T13:21:11.090+0300][2210.630s][info ][gc] GC(72178) Pause Young (Allocation Failure) 138M->138M(144M) 47.267ms
[2020-08-10T13:21:11.121+0300][2210.661s][info ][gc] GC(72179) Pause Young (Allocation Failure) 139M->139M(144M) 30.635ms
[2020-08-10T13:21:11.141+0300][2210.681s][info ][gc] GC(72180) Pause Young (Allocation Failure) 140M->140M(144M) 18.619ms
[2020-08-10T13:21:11.160+0300][2210.700s][info ][gc] GC(72181) Pause Young (Allocation Failure) 141M->141M(144M) 18.630ms
[2020-08-10T13:21:11.756+0300][2211.295s][debug][gc] GC(72182) Expanding ParOldGen from 144896K by 11264K to 156160K
[2020-08-10T13:21:11.756+0300][2211.295s][info ][gc] GC(72182) Pause Full (Ergonomics) 141M->141M(155M) 595.513ms
[2020-08-10T13:21:11.791+0300][2211.330s][info ][gc] GC(72183) Pause Young (Allocation Failure) 142M->142M(155M) 33.310ms
[2020-08-10T13:21:11.819+0300][2211.358s][info ][gc] GC(72184) Pause Young (Allocation Failure) 143M->143M(155M) 27.729ms
[2020-08-10T13:21:11.842+0300][2211.381s][info ][gc] GC(72185) Pause Young (Allocation Failure) 144M->144M(155M) 22.384ms
[2020-08-10T13:21:11.862+0300][2211.401s][info ][gc] GC(72186) Pause Young (Allocation Failure) 145M->145M(155M) 18.767ms
[2020-08-10T13:21:11.881+0300][2211.420s][info ][gc] GC(72187) Pause Young (Allocation Failure) 146M->146M(155M) 18.567ms
[2020-08-10T13:21:11.909+0300][2211.448s][info ][gc] GC(72188) Pause Young (Allocation Failure) 147M->147M(155M) 28.258ms
[2020-08-10T13:21:11.910+0300][2211.449s][debug][gc] Expanding ParOldGen from 156160K by 19968K to 176128K
[2020-08-10T13:21:11.938+0300][2211.477s][info ][gc] GC(72189) Pause Young (Allocation Failure) 167M->167M(174M) 20.726ms
[2020-08-10T13:21:11.954+0300][2211.493s][info ][gc] GC(72190) Pause Young (Allocation Failure) 168M->168M(174M) 15.393ms
[2020-08-10T13:21:11.969+0300][2211.508s][info ][gc] GC(72191) Pause Young (Allocation Failure) 169M->169M(174M) 14.209ms
[2020-08-10T13:21:11.985+0300][2211.524s][info ][gc] GC(72192) Pause Young (Allocation Failure) 170M->170M(174M) 15.488ms
[2020-08-10T13:21:12.001+0300][2211.540s][info ][gc] GC(72193) Pause Young (Allocation Failure) 171M->171M(174M) 15.619ms
[2020-08-10T13:21:12.016+0300][2211.555s][info ][gc] GC(72194) Pause Young (Allocation Failure) 172M->171M(174M) 14.383ms
[2020-08-10T13:21:12.093+0300][2211.632s][debug][gc] GC(72195) Shrinking ParOldGen from 176128K by 125440K to 50688K
[2020-08-10T13:21:12.093+0300][2211.632s][info ][gc] GC(72195) Pause Full (Ergonomics) 171M->38M(52M) 77.590ms
[2020-08-10T13:21:12.110+0300][2211.649s][info ][gc] GC(72196) Pause Young (Allocation Failure) 39M->39M(52M) 16.300ms
[2020-08-10T13:21:12.128+0300][2211.667s][info ][gc] GC(72197) Pause Young (Allocation Failure) 40M->40M(52M) 16.880ms
[2020-08-10T13:21:12.142+0300][2211.681s][info ][gc] GC(72198) Pause Young (Allocation Failure) 41M->41M(52M) 13.864ms
[2020-08-10T13:21:12.157+0300][2211.696s][info ][gc] GC(72199) Pause Young (Allocation Failure) 42M->42M(52M) 14.122ms
[2020-08-10T13:21:12.172+0300][2211.711s][info ][gc] GC(72200) Pause Young (Allocation Failure) 43M->43M(52M) 13.977ms
[2020-08-10T13:21:12.187+0300][2211.726s][info ][gc] GC(72201) Pause Young (Allocation Failure) 44M->43M(52M) 14.226ms
[2020-08-10T13:21:12.207+0300][2211.746s][info ][gc] GC(72202) Pause Young (Allocation Failure) 44M->44M(52M) 20.269ms
[2020-08-10T13:21:12.222+0300][2211.761s][info ][gc] GC(72203) Pause Young (Allocation Failure) 45M->45M(52M) 13.965ms
[2020-08-10T13:21:12.236+0300][2211.775s][info ][gc] GC(72204) Pause Young (Allocation Failure) 46M->46M(52M) 13.817ms
[2020-08-10T13:21:12.260+0300][2211.799s][info ][gc] GC(72205) Pause Young (Allocation Failure) 47M->47M(52M) 23.271ms
[2020-08-10T13:21:12.275+0300][2211.814s][info ][gc] GC(72206) Pause Young (Allocation Failure) 48M->48M(52M) 14.205ms
[2020-08-10T13:21:12.289+0300][2211.828s][info ][gc] GC(72207) Pause Young (Allocation Failure) 49M->49M(52M) 14.293ms
[2020-08-10T13:21:12.419+0300][2211.958s][debug][gc] GC(72208) Expanding ParOldGen from 50688K by 11264K to 61952K
[2020-08-10T13:21:12.419+0300][2211.958s][info ][gc] GC(72208) Pause Full (Ergonomics) 49M->49M(63M) 129.698ms
[2020-08-10T13:21:12.433+0300][2211.972s][info ][gc] GC(72209) Pause Young (Allocation Failure) 50M->50M(63M) 13.511ms
[2020-08-10T13:21:12.448+0300][2211.987s][info ][gc] GC(72210) Pause Young (Allocation Failure) 51M->51M(63M) 13.931ms
[2020-08-10T13:21:12.462+0300][2212.001s][info ][gc] GC(72211) Pause Young (Allocation Failure) 52M->52M(62M) 14.013ms
[2020-08-10T13:21:12.496+0300][2212.035s][info ][gc] GC(72212) Pause Young (Allocation Failure) 53M->53M(62M) 33.934ms
[2020-08-10T13:21:12.519+0300][2212.058s][info ][gc] GC(72213) Pause Young (Allocation Failure) 54M->54M(62M) 21.443ms
[2020-08-10T13:21:12.533+0300][2212.072s][info ][gc] GC(72214) Pause Young (Allocation Failure) 55M->55M(63M) 13.895ms
[2020-08-10T13:21:12.548+0300][2212.087s][info ][gc] GC(72215) Pause Young (Allocation Failure) 56M->56M(63M) 13.922ms
[2020-08-10T13:21:12.566+0300][2212.105s][info ][gc] GC(72216) Pause Young (Allocation Failure) 57M->56M(63M) 17.428ms
[2020-08-10T13:21:12.581+0300][2212.120s][info ][gc] GC(72217) Pause Young (Allocation Failure) 57M->57M(63M) 14.588ms
[2020-08-10T13:21:12.595+0300][2212.134s][info ][gc] GC(72218) Pause Young (Allocation Failure) 58M->58M(63M) 13.764ms
[2020-08-10T13:21:12.616+0300][2212.155s][info ][gc] GC(72219) Pause Young (Allocation Failure) 59M->59M(63M) 20.071ms
[2020-08-10T13:21:12.631+0300][2212.170s][info ][gc] GC(72220) Pause Young (Allocation Failure) 60M->60M(63M) 13.975ms
[2020-08-10T13:21:12.776+0300][2212.315s][debug][gc] GC(72221) Expanding ParOldGen from 61952K by 11264K to 73216K
[2020-08-10T13:21:12.776+0300][2212.315s][info ][gc] GC(72221) Pause Full (Ergonomics) 60M->60M(74M) 145.193ms
[2020-08-10T13:21:12.802+0300][2212.341s][info ][gc] GC(72222) Pause Young (Allocation Failure) 61M->61M(74M) 25.865ms
[2020-08-10T13:21:12.817+0300][2212.356s][info ][gc] GC(72223) Pause Young (Allocation Failure) 62M->62M(74M) 14.200ms
[2020-08-10T13:21:12.832+0300][2212.371s][info ][gc] GC(72224) Pause Young (Allocation Failure) 63M->63M(74M) 14.126ms
[2020-08-10T13:21:12.849+0300][2212.388s][info ][gc] GC(72225) Pause Young (Allocation Failure) 64M->64M(74M) 16.933ms
[2020-08-10T13:21:12.873+0300][2212.412s][info ][gc] GC(72226) Pause Young (Allocation Failure) 65M->65M(74M) 23.411ms
[2020-08-10T13:21:12.900+0300][2212.439s][info ][gc] GC(72227) Pause Young (Allocation Failure) 66M->66M(74M) 26.643ms
[2020-08-10T13:21:12.915+0300][2212.454s][info ][gc] GC(72228) Pause Young (Allocation Failure) 67M->67M(74M) 14.230ms
[2020-08-10T13:21:12.930+0300][2212.469s][info ][gc] GC(72229) Pause Young (Allocation Failure) 68M->68M(74M) 14.239ms
[2020-08-10T13:21:12.945+0300][2212.484s][info ][gc] GC(72230) Pause Young (Allocation Failure) 69M->69M(74M) 14.346ms
[2020-08-10T13:21:12.959+0300][2212.498s][info ][gc] GC(72231) Pause Young (Allocation Failure) 70M->70M(74M) 14.225ms
[2020-08-10T13:21:12.974+0300][2212.513s][info ][gc] GC(72232) Pause Young (Allocation Failure) 71M->71M(74M) 14.343ms
[2020-08-10T13:21:12.989+0300][2212.528s][info ][gc] GC(72233) Pause Young (Allocation Failure) 72M->72M(74M) 14.223ms
[2020-08-10T13:21:13.232+0300][2212.771s][debug][gc] GC(72234) Expanding ParOldGen from 73216K by 11264K to 84480K
[2020-08-10T13:21:13.232+0300][2212.771s][info ][gc] GC(72234) Pause Full (Ergonomics) 72M->71M(85M) 242.803ms
[2020-08-10T13:21:13.277+0300][2212.816s][info ][gc] GC(72235) Pause Young (Allocation Failure) 72M->72M(85M) 44.437ms
[2020-08-10T13:21:13.292+0300][2212.831s][info ][gc] GC(72236) Pause Young (Allocation Failure) 73M->73M(85M) 14.286ms
[2020-08-10T13:21:13.332+0300][2212.871s][info ][gc] GC(72237) Pause Young (Allocation Failure) 74M->74M(85M) 21.855ms
[2020-08-10T13:21:13.347+0300][2212.886s][info ][gc] GC(72238) Pause Young (Allocation Failure) 75M->75M(85M) 14.629ms
[2020-08-10T13:21:13.363+0300][2212.902s][info ][gc] GC(72239) Pause Young (Allocation Failure) 76M->76M(85M) 16.097ms
[2020-08-10T13:21:13.378+0300][2212.917s][info ][gc] GC(72240) Pause Young (Allocation Failure) 77M->77M(85M) 14.446ms
[2020-08-10T13:21:13.393+0300][2212.932s][info ][gc] GC(72241) Pause Young (Allocation Failure) 78M->78M(85M) 14.481ms
[2020-08-10T13:21:13.409+0300][2212.948s][info ][gc] GC(72242) Pause Young (Allocation Failure) 79M->79M(85M) 15.157ms
[2020-08-10T13:21:13.423+0300][2212.962s][info ][gc] GC(72243) Pause Young (Allocation Failure) 80M->80M(85M) 14.074ms
[2020-08-10T13:21:13.438+0300][2212.977s][info ][gc] GC(72244) Pause Young (Allocation Failure) 81M->81M(85M) 14.105ms
[2020-08-10T13:21:13.453+0300][2212.992s][info ][gc] GC(72245) Pause Young (Allocation Failure) 82M->82M(85M) 14.130ms
[2020-08-10T13:21:13.467+0300][2213.006s][info ][gc] GC(72246) Pause Young (Allocation Failure) 83M->83M(85M) 14.053ms
[2020-08-10T13:21:13.721+0300][2213.260s][debug][gc] GC(72247) Expanding ParOldGen from 84480K by 11264K to 95744K
[2020-08-10T13:21:13.721+0300][2213.261s][info ][gc] GC(72247) Pause Full (Ergonomics) 83M->82M(96M) 254.228ms
[2020-08-10T13:21:13.756+0300][2213.295s][info ][gc] GC(72248) Pause Young (Allocation Failure) 83M->83M(96M) 34.062ms
[2020-08-10T13:21:13.779+0300][2213.318s][info ][gc] GC(72249) Pause Young (Allocation Failure) 84M->84M(96M) 22.523ms
[2020-08-10T13:21:13.794+0300][2213.333s][info ][gc] GC(72250) Pause Young (Allocation Failure) 85M->85M(96M) 14.463ms
[2020-08-10T13:21:13.810+0300][2213.349s][info ][gc] GC(72251) Pause Young (Allocation Failure) 86M->86M(96M) 15.261ms
[2020-08-10T13:21:13.825+0300][2213.364s][info ][gc] GC(72252) Pause Young (Allocation Failure) 87M->87M(96M) 14.403ms
[2020-08-10T13:21:13.840+0300][2213.379s][info ][gc] GC(72253) Pause Young (Allocation Failure) 88M->88M(96M) 14.236ms
[2020-08-10T13:21:13.855+0300][2213.394s][info ][gc] GC(72254) Pause Young (Allocation Failure) 89M->89M(96M) 14.489ms
[2020-08-10T13:21:13.869+0300][2213.408s][info ][gc] GC(72255) Pause Young (Allocation Failure) 90M->90M(95M) 14.286ms
[2020-08-10T13:21:13.884+0300][2213.423s][info ][gc] GC(72256) Pause Young (Allocation Failure) 91M->91M(95M) 14.332ms
[2020-08-10T13:21:13.899+0300][2213.438s][info ][gc] GC(72257) Pause Young (Allocation Failure) 92M->92M(95M) 14.358ms
[2020-08-10T13:21:13.929+0300][2213.468s][info ][gc] GC(72258) Pause Young (Allocation Failure) 93M->93M(95M) 29.606ms
[2020-08-10T13:21:14.191+0300][2213.730s][debug][gc] GC(72259) Expanding ParOldGen from 95744K by 11264K to 107008K
[2020-08-10T13:21:14.191+0300][2213.731s][info ][gc] GC(72259) Pause Full (Ergonomics) 93M->93M(106M) 262.213ms
[2020-08-10T13:21:14.225+0300][2213.764s][info ][gc] GC(72260) Pause Young (Allocation Failure) 94M->94M(106M) 32.830ms
[2020-08-10T13:21:14.240+0300][2213.779s][info ][gc] GC(72261) Pause Young (Allocation Failure) 95M->95M(106M) 14.062ms
[2020-08-10T13:21:14.254+0300][2213.793s][info ][gc] GC(72262) Pause Young (Allocation Failure) 96M->96M(107M) 14.260ms
[2020-08-10T13:21:14.275+0300][2213.815s][info ][gc] GC(72263) Pause Young (Allocation Failure) 97M->97M(106M) 20.667ms
[2020-08-10T13:21:14.309+0300][2213.848s][info ][gc] GC(72264) Pause Young (Allocation Failure) 98M->97M(106M) 32.588ms
[2020-08-10T13:21:14.339+0300][2213.878s][info ][gc] GC(72265) Pause Young (Allocation Failure) 98M->98M(106M) 30.059ms
[2020-08-10T13:21:14.355+0300][2213.894s][info ][gc] GC(72266) Pause Young (Allocation Failure) 99M->99M(106M) 14.943ms
[2020-08-10T13:21:14.374+0300][2213.913s][info ][gc] GC(72267) Pause Young (Allocation Failure) 100M->100M(106M) 18.581ms
[2020-08-10T13:21:14.388+0300][2213.927s][info ][gc] GC(72268) Pause Young (Allocation Failure) 100M->100M(106M) 13.673ms
[2020-08-10T13:21:14.402+0300][2213.942s][info ][gc] GC(72269) Pause Young (Allocation Failure) 101M->101M(106M) 13.639ms
[2020-08-10T13:21:14.418+0300][2213.957s][info ][gc] GC(72270) Pause Young (Allocation Failure) 101M->101M(106M) 15.112ms
[2020-08-10T13:21:14.432+0300][2213.971s][info ][gc] GC(72271) Pause Young (Allocation Failure) 102M->102M(106M) 13.749ms
[2020-08-10T13:21:14.446+0300][2213.985s][info ][gc] GC(72272) Pause Young (Allocation Failure) 102M->102M(106M) 13.607ms
[2020-08-10T13:21:14.460+0300][2213.999s][info ][gc] GC(72273) Pause Young (Allocation Failure) 103M->103M(106M) 13.555ms
[2020-08-10T13:21:14.474+0300][2214.013s][info ][gc] GC(72274) Pause Young (Allocation Failure) 103M->103M(106M) 13.432ms
[2020-08-10T13:21:14.488+0300][2214.027s][info ][gc] GC(72275) Pause Young (Allocation Failure) 104M->104M(106M) 13.453ms
[2020-08-10T13:21:14.817+0300][2214.356s][debug][gc] GC(72276) Expanding ParOldGen from 107008K by 10752K to 117760K
[2020-08-10T13:21:14.817+0300][2214.356s][info ][gc] GC(72276) Pause Full (Ergonomics) 104M->103M(117M) 328.925ms
[2020-08-10T13:21:14.837+0300][2214.376s][info ][gc] GC(72277) Pause Young (Allocation Failure) 104M->104M(117M) 19.463ms
[2020-08-10T13:21:14.855+0300][2214.394s][info ][gc] GC(72278) Pause Young (Allocation Failure) 104M->104M(117M) 17.641ms
[2020-08-10T13:21:14.869+0300][2214.408s][info ][gc] GC(72279) Pause Young (Allocation Failure) 105M->105M(117M) 13.424ms
[2020-08-10T13:21:14.888+0300][2214.427s][info ][gc] GC(72280) Pause Young (Allocation Failure) 105M->105M(117M) 18.301ms
[2020-08-10T13:21:14.907+0300][2214.446s][info ][gc] GC(72281) Pause Young (Allocation Failure) 106M->105M(117M) 18.823ms
[2020-08-10T13:21:14.923+0300][2214.462s][info ][gc] GC(72282) Pause Young (Allocation Failure) 106M->106M(117M) 15.036ms
[2020-08-10T13:21:14.937+0300][2214.476s][info ][gc] GC(72283) Pause Young (Allocation Failure) 106M->106M(117M) 13.454ms
[2020-08-10T13:21:14.951+0300][2214.490s][info ][gc] GC(72284) Pause Young (Allocation Failure) 107M->107M(116M) 13.797ms
[2020-08-10T13:21:14.965+0300][2214.504s][info ][gc] GC(72285) Pause Young (Allocation Failure) 107M->107M(116M) 13.553ms
[2020-08-10T13:21:14.982+0300][2214.522s][info ][gc] GC(72286) Pause Young (Allocation Failure) 108M->108M(116M) 17.407ms
[2020-08-10T13:21:14.996+0300][2214.535s][info ][gc] GC(72287) Pause Young (Allocation Failure) 108M->108M(116M) 13.603ms
[2020-08-10T13:21:15.011+0300][2214.550s][info ][gc] GC(72288) Pause Young (Allocation Failure) 109M->109M(116M) 13.552ms
[2020-08-10T13:21:15.039+0300][2214.578s][info ][gc] GC(72289) Pause Young (Allocation Failure) 109M->109M(116M) 28.027ms
[2020-08-10T13:21:15.053+0300][2214.592s][info ][gc] GC(72290) Pause Young (Allocation Failure) 110M->110M(116M) 13.593ms
[2020-08-10T13:21:15.067+0300][2214.606s][info ][gc] GC(72291) Pause Young (Allocation Failure) 110M->110M(116M) 13.753ms
[2020-08-10T13:21:15.089+0300][2214.628s][info ][gc] GC(72292) Pause Young (Allocation Failure) 111M->111M(116M) 21.184ms
[2020-08-10T13:21:15.107+0300][2214.646s][info ][gc] GC(72293) Pause Young (Allocation Failure) 111M->111M(116M) 17.669ms
[2020-08-10T13:21:15.123+0300][2214.662s][info ][gc] GC(72294) Pause Young (Allocation Failure) 112M->112M(116M) 15.972ms
[2020-08-10T13:21:15.137+0300][2214.676s][info ][gc] GC(72295) Pause Young (Allocation Failure) 112M->112M(116M) 13.719ms
[2020-08-10T13:21:15.152+0300][2214.691s][info ][gc] GC(72296) Pause Young (Allocation Failure) 112M->112M(116M) 13.942ms
[2020-08-10T13:21:15.166+0300][2214.705s][info ][gc] GC(72297) Pause Young (Allocation Failure) 113M->113M(116M) 13.473ms
[2020-08-10T13:21:15.179+0300][2214.718s][info ][gc] GC(72298) Pause Young (Allocation Failure) 113M->113M(116M) 13.500ms
[2020-08-10T13:21:15.199+0300][2214.738s][info ][gc] GC(72299) Pause Young (Allocation Failure) 114M->114M(116M) 19.035ms
[2020-08-10T13:21:15.213+0300][2214.752s][info ][gc] GC(72300) Pause Young (Allocation Failure) 114M->114M(116M) 13.688ms
[2020-08-10T13:21:15.227+0300][2214.766s][info ][gc] GC(72301) Pause Young (Allocation Failure) 115M->115M(116M) 13.733ms
[2020-08-10T13:21:15.621+0300][2215.160s][debug][gc] GC(72302) Expanding ParOldGen from 117760K by 10752K to 128512K
[2020-08-10T13:21:15.621+0300][2215.160s][info ][gc] GC(72302) Pause Full (Ergonomics) 115M->114M(127M) 393.839ms
[2020-08-10T13:21:15.635+0300][2215.174s][info ][gc] GC(72303) Pause Young (Allocation Failure) 115M->115M(127M) 13.401ms
[2020-08-10T13:21:15.667+0300][2215.206s][info ][gc] GC(72304) Pause Young (Allocation Failure) 115M->115M(127M) 31.352ms
[2020-08-10T13:21:15.693+0300][2215.232s][info ][gc] GC(72305) Pause Young (Allocation Failure) 116M->116M(127M) 25.478ms
[2020-08-10T13:21:15.708+0300][2215.247s][info ][gc] GC(72306) Pause Young (Allocation Failure) 116M->116M(127M) 13.827ms
[2020-08-10T13:21:15.722+0300][2215.261s][info ][gc] GC(72307) Pause Young (Allocation Failure) 117M->117M(127M) 13.990ms
[2020-08-10T13:21:15.740+0300][2215.279s][info ][gc] GC(72308) Pause Young (Allocation Failure) 117M->117M(127M) 17.310ms
[2020-08-10T13:21:15.754+0300][2215.293s][info ][gc] GC(72309) Pause Young (Allocation Failure) 118M->117M(127M) 13.777ms
[2020-08-10T13:21:15.772+0300][2215.311s][info ][gc] GC(72310) Pause Young (Allocation Failure) 118M->118M(127M) 16.938ms
[2020-08-10T13:21:15.789+0300][2215.328s][info ][gc] GC(72311) Pause Young (Allocation Failure) 118M->118M(127M) 16.797ms
[2020-08-10T13:21:15.807+0300][2215.346s][info ][gc] GC(72312) Pause Young (Allocation Failure) 119M->119M(127M) 17.694ms
[2020-08-10T13:21:15.826+0300][2215.365s][info ][gc] GC(72313) Pause Young (Allocation Failure) 119M->119M(127M) 17.993ms
[2020-08-10T13:21:15.841+0300][2215.380s][info ][gc] GC(72314) Pause Young (Allocation Failure) 120M->120M(127M) 14.442ms
[2020-08-10T13:21:15.860+0300][2215.399s][info ][gc] GC(72315) Pause Young (Allocation Failure) 120M->120M(127M) 18.384ms
[2020-08-10T13:21:15.878+0300][2215.417s][info ][gc] GC(72316) Pause Young (Allocation Failure) 121M->121M(127M) 17.554ms
[2020-08-10T13:21:15.894+0300][2215.433s][info ][gc] GC(72317) Pause Young (Allocation Failure) 121M->121M(127M) 15.997ms
[2020-08-10T13:21:15.913+0300][2215.452s][info ][gc] GC(72318) Pause Young (Allocation Failure) 122M->122M(127M) 18.743ms
[2020-08-10T13:21:15.933+0300][2215.472s][info ][gc] GC(72319) Pause Young (Allocation Failure) 122M->122M(127M) 19.283ms
[2020-08-10T13:21:15.950+0300][2215.489s][info ][gc] GC(72320) Pause Young (Allocation Failure) 122M->122M(127M) 16.625ms
[2020-08-10T13:21:15.967+0300][2215.506s][info ][gc] GC(72321) Pause Young (Allocation Failure) 123M->123M(127M) 16.398ms
[2020-08-10T13:21:15.981+0300][2215.520s][info ][gc] GC(72322) Pause Young (Allocation Failure) 123M->123M(127M) 14.422ms
[2020-08-10T13:21:15.997+0300][2215.536s][info ][gc] GC(72323) Pause Young (Allocation Failure) 124M->124M(127M) 14.852ms
[2020-08-10T13:21:16.011+0300][2215.550s][info ][gc] GC(72324) Pause Young (Allocation Failure) 124M->124M(127M) 14.254ms
[2020-08-10T13:21:16.026+0300][2215.565s][info ][gc] GC(72325) Pause Young (Allocation Failure) 125M->125M(127M) 14.518ms
[2020-08-10T13:21:16.047+0300][2215.586s][info ][gc] GC(72326) Pause Young (Allocation Failure) 125M->125M(127M) 20.009ms
[2020-08-10T13:21:16.479+0300][2216.018s][debug][gc] GC(72327) Expanding ParOldGen from 128512K by 10752K to 139264K
[2020-08-10T13:21:16.479+0300][2216.018s][info ][gc] GC(72327) Pause Full (Ergonomics) 125M->125M(137M) 432.388ms
[2020-08-10T13:21:16.502+0300][2216.042s][info ][gc] GC(72328) Pause Young (Allocation Failure) 125M->125M(137M) 22.863ms
[2020-08-10T13:21:16.517+0300][2216.056s][info ][gc] GC(72329) Pause Young (Allocation Failure) 126M->126M(137M) 14.397ms
[2020-08-10T13:21:16.538+0300][2216.077s][info ][gc] GC(72330) Pause Young (Allocation Failure) 126M->126M(137M) 20.268ms
[2020-08-10T13:21:16.561+0300][2216.100s][info ][gc] GC(72331) Pause Young (Allocation Failure) 127M->127M(137M) 21.995ms
[2020-08-10T13:21:16.576+0300][2216.115s][info ][gc] GC(72332) Pause Young (Allocation Failure) 127M->127M(137M) 14.958ms
[2020-08-10T13:21:16.591+0300][2216.131s][info ][gc] GC(72333) Pause Young (Allocation Failure) 128M->127M(137M) 14.449ms
[2020-08-10T13:21:16.606+0300][2216.145s][info ][gc] GC(72334) Pause Young (Allocation Failure) 128M->128M(137M) 14.510ms
[2020-08-10T13:21:16.622+0300][2216.161s][info ][gc] GC(72335) Pause Young (Allocation Failure) 128M->128M(137M) 14.952ms
[2020-08-10T13:21:16.640+0300][2216.179s][info ][gc] GC(72336) Pause Young (Allocation Failure) 129M->129M(137M) 17.771ms
[2020-08-10T13:21:16.655+0300][2216.194s][info ][gc] GC(72337) Pause Young (Allocation Failure) 129M->129M(137M) 14.971ms
[2020-08-10T13:21:16.671+0300][2216.210s][info ][gc] GC(72338) Pause Young (Allocation Failure) 130M->130M(137M) 15.031ms
[2020-08-10T13:21:16.694+0300][2216.234s][info ][gc] GC(72339) Pause Young (Allocation Failure) 130M->130M(137M) 23.346ms
[2020-08-10T13:21:16.710+0300][2216.249s][info ][gc] GC(72340) Pause Young (Allocation Failure) 131M->131M(137M) 15.095ms
[2020-08-10T13:21:16.725+0300][2216.264s][info ][gc] GC(72341) Pause Young (Allocation Failure) 131M->131M(137M) 14.820ms
[2020-08-10T13:21:16.740+0300][2216.280s][info ][gc] GC(72342) Pause Young (Allocation Failure) 132M->132M(137M) 14.829ms
[2020-08-10T13:21:16.761+0300][2216.300s][info ][gc] GC(72343) Pause Young (Allocation Failure) 132M->132M(137M) 19.766ms
[2020-08-10T13:21:16.776+0300][2216.316s][info ][gc] GC(72344) Pause Young (Allocation Failure) 133M->132M(137M) 15.209ms
[2020-08-10T13:21:16.792+0300][2216.331s][info ][gc] GC(72345) Pause Young (Allocation Failure) 133M->133M(137M) 15.292ms
[2020-08-10T13:21:16.807+0300][2216.347s][info ][gc] GC(72346) Pause Young (Allocation Failure) 133M->133M(137M) 14.923ms
[2020-08-10T13:21:16.823+0300][2216.362s][info ][gc] GC(72347) Pause Young (Allocation Failure) 134M->134M(137M) 14.966ms
[2020-08-10T13:21:16.838+0300][2216.377s][info ][gc] GC(72348) Pause Young (Allocation Failure) 134M->134M(137M) 15.008ms
[2020-08-10T13:21:16.853+0300][2216.393s][info ][gc] GC(72349) Pause Young (Allocation Failure) 135M->135M(137M) 15.130ms
[2020-08-10T13:21:16.869+0300][2216.408s][info ][gc] GC(72350) Pause Young (Allocation Failure) 135M->135M(137M) 15.197ms
[2020-08-10T13:21:16.885+0300][2216.424s][info ][gc] GC(72351) Pause Young (Allocation Failure) 136M->136M(137M) 15.216ms
[2020-08-10T13:21:17.263+0300][2216.802s][debug][gc] GC(72352) Expanding ParOldGen from 139264K by 10752K to 150016K
[2020-08-10T13:21:17.263+0300][2216.802s][info ][gc] GC(72352) Pause Full (Ergonomics) 136M->135M(148M) 377.809ms
[2020-08-10T13:21:17.289+0300][2216.828s][info ][gc] GC(72353) Pause Young (Allocation Failure) 136M->136M(148M) 25.892ms
[2020-08-10T13:21:17.321+0300][2216.860s][info ][gc] GC(72354) Pause Young (Allocation Failure) 136M->136M(148M) 31.468ms
[2020-08-10T13:21:17.351+0300][2216.890s][info ][gc] GC(72355) Pause Young (Allocation Failure) 137M->137M(148M) 29.601ms
[2020-08-10T13:21:17.367+0300][2216.906s][info ][gc] GC(72356) Pause Young (Allocation Failure) 137M->137M(148M) 15.578ms
[2020-08-10T13:21:17.404+0300][2216.943s][info ][gc] GC(72357) Pause Young (Allocation Failure) 138M->137M(148M) 36.007ms
[2020-08-10T13:21:17.434+0300][2216.974s][info ][gc] GC(72358) Pause Young (Allocation Failure) 138M->138M(148M) 30.011ms
[2020-08-10T13:21:17.450+0300][2216.990s][info ][gc] GC(72359) Pause Young (Allocation Failure) 138M->138M(148M) 15.376ms
[2020-08-10T13:21:17.467+0300][2217.006s][info ][gc] GC(72360) Pause Young (Allocation Failure) 139M->139M(148M) 15.602ms
[2020-08-10T13:21:17.504+0300][2217.043s][info ][gc] GC(72361) Pause Young (Allocation Failure) 139M->139M(148M) 36.934ms
[2020-08-10T13:21:17.541+0300][2217.081s][info ][gc] GC(72362) Pause Young (Allocation Failure) 140M->140M(148M) 37.011ms
[2020-08-10T13:21:17.560+0300][2217.099s][info ][gc] GC(72363) Pause Young (Allocation Failure) 140M->140M(148M) 17.884ms
[2020-08-10T13:21:17.584+0300][2217.123s][info ][gc] GC(72364) Pause Young (Allocation Failure) 141M->141M(148M) 23.744ms
[2020-08-10T13:21:17.615+0300][2217.154s][info ][gc] GC(72365) Pause Young (Allocation Failure) 141M->141M(148M) 30.824ms
[2020-08-10T13:21:17.648+0300][2217.187s][info ][gc] GC(72366) Pause Young (Allocation Failure) 142M->142M(148M) 32.248ms
[2020-08-10T13:21:17.665+0300][2217.204s][info ][gc] GC(72367) Pause Young (Allocation Failure) 142M->142M(148M) 16.481ms
[2020-08-10T13:21:17.681+0300][2217.221s][info ][gc] GC(72368) Pause Young (Allocation Failure) 143M->143M(148M) 15.761ms
[2020-08-10T13:21:17.698+0300][2217.237s][info ][gc] GC(72369) Pause Young (Allocation Failure) 143M->143M(148M) 16.025ms
[2020-08-10T13:21:17.713+0300][2217.253s][info ][gc] GC(72370) Pause Young (Allocation Failure) 143M->143M(148M) 15.381ms
[2020-08-10T13:21:17.732+0300][2217.271s][info ][gc] GC(72371) Pause Young (Allocation Failure) 144M->144M(148M) 17.788ms
[2020-08-10T13:21:17.748+0300][2217.287s][info ][gc] GC(72372) Pause Young (Allocation Failure) 144M->144M(148M) 15.617ms
[2020-08-10T13:21:17.764+0300][2217.304s][info ][gc] GC(72373) Pause Young (Allocation Failure) 145M->145M(148M) 15.930ms
[2020-08-10T13:21:17.781+0300][2217.320s][info ][gc] GC(72374) Pause Young (Allocation Failure) 145M->145M(148M) 15.840ms
[2020-08-10T13:21:17.797+0300][2217.336s][info ][gc] GC(72375) Pause Young (Allocation Failure) 146M->146M(148M) 15.881ms
[2020-08-10T13:21:17.814+0300][2217.353s][info ][gc] GC(72376) Pause Young (Allocation Failure) 146M->146M(148M) 16.254ms
[2020-08-10T13:21:18.364+0300][2217.903s][debug][gc] GC(72377) Expanding ParOldGen from 150016K by 10752K to 160768K
[2020-08-10T13:21:18.364+0300][2217.903s][info ][gc] GC(72377) Pause Full (Ergonomics) 146M->146M(158M) 550.311ms
[2020-08-10T13:21:18.384+0300][2217.923s][info ][gc] GC(72378) Pause Young (Allocation Failure) 146M->146M(158M) 18.963ms
[2020-08-10T13:21:18.384+0300][2217.923s][debug][gc] Expanding ParOldGen from 160768K by 19968K to 180736K
[2020-08-10T13:21:18.423+0300][2217.963s][info ][gc] GC(72379) Pause Young (Allocation Failure) 166M->166M(178M) 28.743ms
[2020-08-10T13:21:18.455+0300][2217.994s][info ][gc] GC(72380) Pause Young (Allocation Failure) 166M->166M(178M) 30.725ms
[2020-08-10T13:21:18.499+0300][2218.038s][info ][gc] GC(72381) Pause Young (Allocation Failure) 167M->167M(178M) 43.830ms
[2020-08-10T13:21:18.528+0300][2218.068s][info ][gc] GC(72382) Pause Young (Allocation Failure) 167M->167M(178M) 28.899ms
[2020-08-10T13:21:18.556+0300][2218.095s][info ][gc] GC(72383) Pause Young (Allocation Failure) 168M->167M(178M) 26.790ms
[2020-08-10T13:21:18.598+0300][2218.137s][info ][gc] GC(72384) Pause Young (Allocation Failure) 168M->168M(178M) 42.035ms
[2020-08-10T13:21:18.625+0300][2218.165s][info ][gc] GC(72385) Pause Young (Allocation Failure) 168M->168M(178M) 26.845ms
[2020-08-10T13:21:18.653+0300][2218.192s][info ][gc] GC(72386) Pause Young (Allocation Failure) 169M->169M(178M) 26.742ms
[2020-08-10T13:21:18.692+0300][2218.231s][info ][gc] GC(72387) Pause Young (Allocation Failure) 169M->169M(178M) 39.040ms
[2020-08-10T13:21:18.720+0300][2218.259s][info ][gc] GC(72388) Pause Young (Allocation Failure) 170M->170M(178M) 26.890ms
[2020-08-10T13:21:18.763+0300][2218.303s][info ][gc] GC(72389) Pause Young (Allocation Failure) 170M->170M(178M) 43.306ms
[2020-08-10T13:21:18.790+0300][2218.330s][info ][gc] GC(72390) Pause Young (Allocation Failure) 171M->171M(178M) 26.494ms
[2020-08-10T13:21:18.819+0300][2218.359s][info ][gc] GC(72391) Pause Young (Allocation Failure) 171M->171M(178M) 28.519ms
[2020-08-10T13:21:18.848+0300][2218.387s][info ][gc] GC(72392) Pause Young (Allocation Failure) 172M->172M(178M) 27.995ms
[2020-08-10T13:21:18.874+0300][2218.414s][info ][gc] GC(72393) Pause Young (Allocation Failure) 172M->172M(178M) 26.366ms
[2020-08-10T13:21:18.904+0300][2218.443s][info ][gc] GC(72394) Pause Young (Allocation Failure) 173M->173M(178M) 29.077ms
[2020-08-10T13:21:18.933+0300][2218.473s][info ][gc] GC(72395) Pause Young (Allocation Failure) 173M->173M(178M) 28.722ms
[2020-08-10T13:21:18.960+0300][2218.500s][info ][gc] GC(72396) Pause Young (Allocation Failure) 173M->173M(178M) 26.662ms
[2020-08-10T13:21:18.988+0300][2218.527s][info ][gc] GC(72397) Pause Young (Allocation Failure) 174M->174M(178M) 27.097ms
[2020-08-10T13:21:19.022+0300][2218.561s][info ][gc] GC(72398) Pause Young (Allocation Failure) 174M->174M(178M) 33.602ms
[2020-08-10T13:21:19.050+0300][2218.589s][info ][gc] GC(72399) Pause Young (Allocation Failure) 175M->175M(178M) 27.552ms
[2020-08-10T13:21:19.077+0300][2218.616s][info ][gc] GC(72400) Pause Young (Allocation Failure) 175M->175M(178M) 27.049ms
[2020-08-10T13:21:19.104+0300][2218.643s][info ][gc] GC(72401) Pause Young (Allocation Failure) 176M->176M(178M) 26.769ms
[2020-08-10T13:21:19.132+0300][2218.672s][info ][gc] GC(72402) Pause Young (Allocation Failure) 176M->176M(178M) 27.931ms
[2020-08-10T13:21:19.265+0300][2218.804s][debug][gc] GC(72403) Shrinking ParOldGen from 180736K by 125952K to 54784K
[2020-08-10T13:21:19.265+0300][2218.804s][info ][gc] GC(72403) Pause Full (Ergonomics) 176M->42M(55M) 132.460ms
[2020-08-10T13:21:19.297+0300][2218.836s][info ][gc] GC(72404) Pause Young (Allocation Failure) 43M->43M(55M) 31.924ms
[2020-08-10T13:21:19.311+0300][2218.850s][info ][gc] GC(72405) Pause Young (Allocation Failure) 43M->43M(55M) 13.476ms
[2020-08-10T13:21:19.331+0300][2218.870s][info ][gc] GC(72406) Pause Young (Allocation Failure) 44M->44M(55M) 19.138ms
[2020-08-10T13:21:19.345+0300][2218.884s][info ][gc] GC(72407) Pause Young (Allocation Failure) 44M->44M(55M) 13.460ms
[2020-08-10T13:21:19.361+0300][2218.900s][info ][gc] GC(72408) Pause Young (Allocation Failure) 45M->45M(55M) 15.722ms
[2020-08-10T13:21:19.374+0300][2218.914s][info ][gc] GC(72409) Pause Young (Allocation Failure) 45M->45M(55M) 13.368ms
[2020-08-10T13:21:19.388+0300][2218.928s][info ][gc] GC(72410) Pause Young (Allocation Failure) 46M->46M(55M) 13.449ms
[2020-08-10T13:21:19.402+0300][2218.941s][info ][gc] GC(72411) Pause Young (Allocation Failure) 46M->46M(55M) 13.537ms
[2020-08-10T13:21:19.433+0300][2218.973s][info ][gc] GC(72412) Pause Young (Allocation Failure) 47M->47M(55M) 30.723ms
[2020-08-10T13:21:19.455+0300][2218.994s][info ][gc] GC(72413) Pause Young (Allocation Failure) 47M->47M(55M) 20.623ms
[2020-08-10T13:21:19.469+0300][2219.008s][info ][gc] GC(72414) Pause Young (Allocation Failure) 47M->47M(55M) 13.519ms
[2020-08-10T13:21:19.487+0300][2219.027s][info ][gc] GC(72415) Pause Young (Allocation Failure) 48M->48M(55M) 18.083ms
[2020-08-10T13:21:19.501+0300][2219.041s][info ][gc] GC(72416) Pause Young (Allocation Failure) 48M->48M(55M) 13.428ms
[2020-08-10T13:21:19.517+0300][2219.056s][info ][gc] GC(72417) Pause Young (Allocation Failure) 49M->49M(55M) 15.216ms
[2020-08-10T13:21:19.531+0300][2219.070s][info ][gc] GC(72418) Pause Young (Allocation Failure) 49M->49M(55M) 13.649ms
[2020-08-10T13:21:19.549+0300][2219.088s][info ][gc] GC(72419) Pause Young (Allocation Failure) 50M->50M(55M) 17.530ms
[2020-08-10T13:21:19.566+0300][2219.105s][info ][gc] GC(72420) Pause Young (Allocation Failure) 50M->50M(55M) 16.383ms
[2020-08-10T13:21:19.580+0300][2219.119s][info ][gc] GC(72421) Pause Young (Allocation Failure) 51M->51M(55M) 13.539ms
[2020-08-10T13:21:19.594+0300][2219.134s][info ][gc] GC(72422) Pause Young (Allocation Failure) 52M->52M(55M) 13.580ms
[2020-08-10T13:21:19.610+0300][2219.149s][info ][gc] GC(72423) Pause Young (Allocation Failure) 53M->53M(55M) 15.028ms
[2020-08-10T13:21:19.624+0300][2219.163s][info ][gc] GC(72424) Pause Young (Allocation Failure) 54M->54M(56M) 13.952ms
[2020-08-10T13:21:19.776+0300][2219.315s][debug][gc] GC(72425) Expanding ParOldGen from 54784K by 11264K to 66048K
[2020-08-10T13:21:19.776+0300][2219.316s][info ][gc] GC(72425) Pause Full (Ergonomics) 54M->53M(67M) 151.994ms
[2020-08-10T13:21:19.810+0300][2219.349s][info ][gc] GC(72426) Pause Young (Allocation Failure) 54M->54M(67M) 27.311ms
[2020-08-10T13:21:19.825+0300][2219.364s][info ][gc] GC(72427) Pause Young (Allocation Failure) 55M->55M(67M) 14.349ms
[2020-08-10T13:21:19.840+0300][2219.379s][info ][gc] GC(72428) Pause Young (Allocation Failure) 56M->56M(67M) 14.522ms
[2020-08-10T13:21:19.854+0300][2219.394s][info ][gc] GC(72429) Pause Young (Allocation Failure) 57M->57M(67M) 14.284ms
[2020-08-10T13:21:19.869+0300][2219.409s][info ][gc] GC(72430) Pause Young (Allocation Failure) 58M->58M(67M) 14.179ms
[2020-08-10T13:21:19.884+0300][2219.423s][info ][gc] GC(72431) Pause Young (Allocation Failure) 59M->59M(67M) 14.292ms
[2020-08-10T13:21:19.899+0300][2219.438s][info ][gc] GC(72432) Pause Young (Allocation Failure) 60M->60M(67M) 14.289ms
[2020-08-10T13:21:19.914+0300][2219.453s][info ][gc] GC(72433) Pause Young (Allocation Failure) 61M->61M(67M) 14.233ms
[2020-08-10T13:21:19.928+0300][2219.468s][info ][gc] GC(72434) Pause Young (Allocation Failure) 62M->62M(67M) 14.303ms
[2020-08-10T13:21:19.943+0300][2219.482s][info ][gc] GC(72435) Pause Young (Allocation Failure) 63M->63M(67M) 13.981ms
[2020-08-10T13:21:19.957+0300][2219.497s][info ][gc] GC(72436) Pause Young (Allocation Failure) 64M->64M(67M) 14.055ms
[2020-08-10T13:21:20.164+0300][2219.703s][debug][gc] GC(72437) Expanding ParOldGen from 66048K by 11264K to 77312K
[2020-08-10T13:21:20.164+0300][2219.703s][info ][gc] GC(72437) Pause Full (Ergonomics) 64M->63M(78M) 206.770ms
[2020-08-10T13:21:20.178+0300][2219.717s][info ][gc] GC(72438) Pause Young (Allocation Failure) 64M->64M(78M) 13.417ms
[2020-08-10T13:21:20.193+0300][2219.732s][info ][gc] GC(72439) Pause Young (Allocation Failure) 65M->65M(78M) 13.870ms
[2020-08-10T13:21:20.207+0300][2219.746s][info ][gc] GC(72440) Pause Young (Allocation Failure) 66M->66M(78M) 13.822ms
[2020-08-10T13:21:20.221+0300][2219.760s][info ][gc] GC(72441) Pause Young (Allocation Failure) 67M->67M(78M) 13.778ms
[2020-08-10T13:21:20.236+0300][2219.775s][info ][gc] GC(72442) Pause Young (Allocation Failure) 68M->68M(78M) 13.791ms
[2020-08-10T13:21:20.274+0300][2219.813s][info ][gc] GC(72443) Pause Young (Allocation Failure) 69M->69M(78M) 37.670ms
[2020-08-10T13:21:20.289+0300][2219.829s][info ][gc] GC(72444) Pause Young (Allocation Failure) 70M->70M(78M) 14.561ms
[2020-08-10T13:21:20.304+0300][2219.843s][info ][gc] GC(72445) Pause Young (Allocation Failure) 71M->71M(78M) 13.939ms
[2020-08-10T13:21:20.319+0300][2219.858s][info ][gc] GC(72446) Pause Young (Allocation Failure) 72M->72M(78M) 13.959ms
[2020-08-10T13:21:20.333+0300][2219.873s][info ][gc] GC(72447) Pause Young (Allocation Failure) 73M->73M(78M) 14.017ms
[2020-08-10T13:21:20.348+0300][2219.888s][info ][gc] GC(72448) Pause Young (Allocation Failure) 74M->74M(78M) 14.488ms
[2020-08-10T13:21:20.364+0300][2219.903s][info ][gc] GC(72449) Pause Young (Allocation Failure) 75M->75M(78M) 14.362ms
[2020-08-10T13:21:20.378+0300][2219.918s][info ][gc] GC(72450) Pause Young (Allocation Failure) 76M->76M(78M) 14.067ms
[2020-08-10T13:21:20.632+0300][2220.172s][debug][gc] GC(72451) Expanding ParOldGen from 77312K by 11776K to 89088K
[2020-08-10T13:21:20.632+0300][2220.172s][info ][gc] GC(72451) Pause Full (Ergonomics) 76M->75M(89M) 253.962ms
[2020-08-10T13:21:20.663+0300][2220.202s][info ][gc] GC(72452) Pause Young (Allocation Failure) 76M->76M(89M) 30.053ms
[2020-08-10T13:21:20.677+0300][2220.217s][info ][gc] GC(72453) Pause Young (Allocation Failure) 77M->77M(89M) 14.143ms
[2020-08-10T13:21:20.701+0300][2220.241s][info ][gc] GC(72454) Pause Young (Allocation Failure) 78M->78M(89M) 23.481ms
[2020-08-10T13:21:20.735+0300][2220.274s][info ][gc] GC(72455) Pause Young (Allocation Failure) 79M->79M(89M) 33.242ms
[2020-08-10T13:21:20.760+0300][2220.299s][info ][gc] GC(72456) Pause Young (Allocation Failure) 80M->80M(89M) 24.264ms
[2020-08-10T13:21:20.776+0300][2220.315s][info ][gc] GC(72457) Pause Young (Allocation Failure) 81M->81M(89M) 14.638ms
[2020-08-10T13:21:20.814+0300][2220.354s][info ][gc] GC(72458) Pause Young (Allocation Failure) 82M->82M(89M) 37.879ms
[2020-08-10T13:21:20.829+0300][2220.368s][info ][gc] GC(72459) Pause Young (Allocation Failure) 83M->83M(89M) 14.229ms
[2020-08-10T13:21:20.847+0300][2220.386s][info ][gc] GC(72460) Pause Young (Allocation Failure) 84M->84M(89M) 16.971ms
[2020-08-10T13:21:20.862+0300][2220.401s][info ][gc] GC(72461) Pause Young (Allocation Failure) 85M->85M(89M) 14.322ms
[2020-08-10T13:21:20.877+0300][2220.416s][info ][gc] GC(72462) Pause Young (Allocation Failure) 86M->86M(89M) 14.608ms
[2020-08-10T13:21:20.892+0300][2220.431s][info ][gc] GC(72463) Pause Young (Allocation Failure) 87M->87M(89M) 14.864ms
[2020-08-10T13:21:21.182+0300][2220.722s][debug][gc] GC(72464) Expanding ParOldGen from 89088K by 11776K to 100864K
[2020-08-10T13:21:21.182+0300][2220.722s][info ][gc] GC(72464) Pause Full (Ergonomics) 87M->86M(101M) 290.335ms
[2020-08-10T13:21:21.207+0300][2220.746s][info ][gc] GC(72465) Pause Young (Allocation Failure) 87M->87M(101M) 23.294ms
[2020-08-10T13:21:21.229+0300][2220.769s][info ][gc] GC(72466) Pause Young (Allocation Failure) 88M->88M(101M) 22.083ms
[2020-08-10T13:21:21.248+0300][2220.787s][info ][gc] GC(72467) Pause Young (Allocation Failure) 89M->89M(101M) 17.718ms
[2020-08-10T13:21:21.263+0300][2220.802s][info ][gc] GC(72468) Pause Young (Allocation Failure) 90M->90M(101M) 14.520ms
[2020-08-10T13:21:21.291+0300][2220.831s][info ][gc] GC(72469) Pause Young (Allocation Failure) 91M->91M(101M) 28.024ms
[2020-08-10T13:21:21.306+0300][2220.846s][info ][gc] GC(72470) Pause Young (Allocation Failure) 92M->92M(101M) 14.299ms
[2020-08-10T13:21:21.321+0300][2220.861s][info ][gc] GC(72471) Pause Young (Allocation Failure) 93M->93M(101M) 14.370ms
[2020-08-10T13:21:21.336+0300][2220.875s][info ][gc] GC(72472) Pause Young (Allocation Failure) 94M->94M(101M) 14.158ms
[2020-08-10T13:21:21.350+0300][2220.890s][info ][gc] GC(72473) Pause Young (Allocation Failure) 95M->95M(101M) 14.032ms
[2020-08-10T13:21:21.365+0300][2220.904s][info ][gc] GC(72474) Pause Young (Allocation Failure) 96M->96M(101M) 14.138ms
[2020-08-10T13:21:21.379+0300][2220.919s][info ][gc] GC(72475) Pause Young (Allocation Failure) 97M->97M(101M) 14.299ms
[2020-08-10T13:21:21.394+0300][2220.934s][info ][gc] GC(72476) Pause Young (Allocation Failure) 98M->98M(101M) 14.354ms
[2020-08-10T13:21:21.718+0300][2221.258s][debug][gc] GC(72477) Expanding ParOldGen from 100864K by 11264K to 112128K
[2020-08-10T13:21:21.718+0300][2221.258s][info ][gc] GC(72477) Pause Full (Ergonomics) 98M->98M(112M) 323.988ms
[2020-08-10T13:21:21.753+0300][2221.292s][info ][gc] GC(72478) Pause Young (Allocation Failure) 99M->99M(112M) 34.133ms
[2020-08-10T13:21:21.768+0300][2221.308s][info ][gc] GC(72479) Pause Young (Allocation Failure) 100M->100M(112M) 14.651ms
[2020-08-10T13:21:21.797+0300][2221.337s][info ][gc] GC(72480) Pause Young (Allocation Failure) 101M->100M(112M) 28.554ms
[2020-08-10T13:21:21.813+0300][2221.352s][info ][gc] GC(72481) Pause Young (Allocation Failure) 101M->101M(112M) 14.474ms
[2020-08-10T13:21:21.828+0300][2221.367s][info ][gc] GC(72482) Pause Young (Allocation Failure) 102M->102M(112M) 14.560ms
[2020-08-10T13:21:21.852+0300][2221.391s][info ][gc] GC(72483) Pause Young (Allocation Failure) 103M->103M(112M) 23.334ms
[2020-08-10T13:21:21.878+0300][2221.417s][info ][gc] GC(72484) Pause Young (Allocation Failure) 104M->104M(112M) 25.976ms
[2020-08-10T13:21:21.894+0300][2221.434s][info ][gc] GC(72485) Pause Young (Allocation Failure) 105M->105M(112M) 15.572ms
[2020-08-10T13:21:21.911+0300][2221.450s][info ][gc] GC(72486) Pause Young (Allocation Failure) 106M->106M(112M) 15.651ms
[2020-08-10T13:21:21.930+0300][2221.469s][info ][gc] GC(72487) Pause Young (Allocation Failure) 107M->107M(112M) 18.555ms
[2020-08-10T13:21:21.946+0300][2221.485s][info ][gc] GC(72488) Pause Young (Allocation Failure) 108M->108M(112M) 15.416ms
[2020-08-10T13:21:21.962+0300][2221.501s][info ][gc] GC(72489) Pause Young (Allocation Failure) 109M->109M(112M) 15.274ms
[2020-08-10T13:21:22.338+0300][2221.878s][debug][gc] GC(72490) Expanding ParOldGen from 112128K by 11264K to 123392K
[2020-08-10T13:21:22.338+0300][2221.878s][info ][gc] GC(72490) Pause Full (Ergonomics) 109M->109M(123M) 376.533ms
[2020-08-10T13:21:22.358+0300][2221.898s][info ][gc] GC(72491) Pause Young (Allocation Failure) 110M->110M(123M) 19.452ms
[2020-08-10T13:21:22.379+0300][2221.919s][info ][gc] GC(72492) Pause Young (Allocation Failure) 111M->111M(123M) 20.659ms
[2020-08-10T13:21:22.396+0300][2221.935s][info ][gc] GC(72493) Pause Young (Allocation Failure) 112M->112M(123M) 16.052ms
[2020-08-10T13:21:22.415+0300][2221.955s][info ][gc] GC(72494) Pause Young (Allocation Failure) 113M->113M(123M) 18.315ms
[2020-08-10T13:21:22.431+0300][2221.971s][info ][gc] GC(72495) Pause Young (Allocation Failure) 114M->114M(123M) 15.790ms
[2020-08-10T13:21:22.448+0300][2221.987s][info ][gc] GC(72496) Pause Young (Allocation Failure) 115M->115M(123M) 15.804ms
[2020-08-10T13:21:22.464+0300][2222.004s][info ][gc] GC(72497) Pause Young (Allocation Failure) 116M->115M(123M) 15.823ms
[2020-08-10T13:21:22.481+0300][2222.021s][info ][gc] GC(72498) Pause Young (Allocation Failure) 116M->116M(123M) 16.179ms
[2020-08-10T13:21:22.498+0300][2222.037s][info ][gc] GC(72499) Pause Young (Allocation Failure) 117M->117M(123M) 16.142ms
[2020-08-10T13:21:22.539+0300][2222.079s][info ][gc] GC(72500) Pause Young (Allocation Failure) 118M->118M(123M) 40.399ms
[2020-08-10T13:21:22.558+0300][2222.097s][info ][gc] GC(72501) Pause Young (Allocation Failure) 119M->119M(123M) 18.078ms
[2020-08-10T13:21:22.582+0300][2222.122s][info ][gc] GC(72502) Pause Young (Allocation Failure) 120M->120M(123M) 24.089ms
[2020-08-10T13:21:22.982+0300][2222.521s][debug][gc] GC(72503) Expanding ParOldGen from 123392K by 11776K to 135168K
[2020-08-10T13:21:22.982+0300][2222.521s][info ][gc] GC(72503) Pause Full (Ergonomics) 120M->120M(134M) 399.233ms
[2020-08-10T13:21:23.000+0300][2222.540s][info ][gc] GC(72504) Pause Young (Allocation Failure) 121M->121M(134M) 17.763ms
[2020-08-10T13:21:23.030+0300][2222.570s][info ][gc] GC(72505) Pause Young (Allocation Failure) 122M->122M(134M) 29.271ms
[2020-08-10T13:21:23.048+0300][2222.588s][info ][gc] GC(72506) Pause Young (Allocation Failure) 123M->123M(134M) 17.515ms
[2020-08-10T13:21:23.066+0300][2222.606s][info ][gc] GC(72507) Pause Young (Allocation Failure) 124M->124M(134M) 17.353ms
[2020-08-10T13:21:23.084+0300][2222.624s][info ][gc] GC(72508) Pause Young (Allocation Failure) 125M->125M(134M) 17.528ms
[2020-08-10T13:21:23.103+0300][2222.642s][info ][gc] GC(72509) Pause Young (Allocation Failure) 126M->126M(134M) 17.925ms
[2020-08-10T13:21:23.146+0300][2222.685s][info ][gc] GC(72510) Pause Young (Allocation Failure) 127M->127M(134M) 42.371ms
[2020-08-10T13:21:23.164+0300][2222.704s][info ][gc] GC(72511) Pause Young (Allocation Failure) 128M->128M(134M) 18.083ms
[2020-08-10T13:21:23.183+0300][2222.722s][info ][gc] GC(72512) Pause Young (Allocation Failure) 129M->129M(134M) 17.599ms
[2020-08-10T13:21:23.219+0300][2222.759s][info ][gc] GC(72513) Pause Young (Allocation Failure) 130M->130M(134M) 36.428ms
[2020-08-10T13:21:23.238+0300][2222.777s][info ][gc] GC(72514) Pause Young (Allocation Failure) 131M->131M(134M) 18.021ms
[2020-08-10T13:21:23.277+0300][2222.816s][info ][gc] GC(72515) Pause Young (Allocation Failure) 132M->131M(134M) 38.617ms
[2020-08-10T13:21:23.812+0300][2223.352s][debug][gc] GC(72516) Expanding ParOldGen from 135168K by 11264K to 146432K
[2020-08-10T13:21:23.813+0300][2223.352s][info ][gc] GC(72516) Pause Full (Ergonomics) 131M->131M(145M) 535.534ms
[2020-08-10T13:21:23.838+0300][2223.378s][info ][gc] GC(72517) Pause Young (Allocation Failure) 132M->132M(145M) 24.624ms
[2020-08-10T13:21:23.863+0300][2223.403s][info ][gc] GC(72518) Pause Young (Allocation Failure) 133M->133M(145M) 23.878ms
[2020-08-10T13:21:23.882+0300][2223.422s][info ][gc] GC(72519) Pause Young (Allocation Failure) 134M->134M(145M) 18.590ms
[2020-08-10T13:21:23.901+0300][2223.441s][info ][gc] GC(72520) Pause Young (Allocation Failure) 135M->135M(145M) 18.397ms
[2020-08-10T13:21:23.920+0300][2223.460s][info ][gc] GC(72521) Pause Young (Allocation Failure) 136M->136M(145M) 18.459ms
[2020-08-10T13:21:23.939+0300][2223.479s][info ][gc] GC(72522) Pause Young (Allocation Failure) 137M->137M(145M) 18.433ms
[2020-08-10T13:21:23.958+0300][2223.497s][info ][gc] GC(72523) Pause Young (Allocation Failure) 138M->138M(145M) 18.062ms
[2020-08-10T13:21:23.977+0300][2223.517s][info ][gc] GC(72524) Pause Young (Allocation Failure) 139M->139M(145M) 18.823ms
[2020-08-10T13:21:23.996+0300][2223.536s][info ][gc] GC(72525) Pause Young (Allocation Failure) 140M->140M(145M) 18.341ms
[2020-08-10T13:21:24.015+0300][2223.555s][info ][gc] GC(72526) Pause Young (Allocation Failure) 141M->141M(145M) 18.396ms
[2020-08-10T13:21:24.039+0300][2223.579s][info ][gc] GC(72527) Pause Young (Allocation Failure) 142M->142M(145M) 23.899ms
[2020-08-10T13:21:24.060+0300][2223.600s][info ][gc] GC(72528) Pause Young (Allocation Failure) 143M->143M(145M) 19.871ms
[2020-08-10T13:21:24.510+0300][2224.050s][debug][gc] GC(72529) Expanding ParOldGen from 146432K by 11264K to 157696K
[2020-08-10T13:21:24.510+0300][2224.050s][info ][gc] GC(72529) Pause Full (Ergonomics) 143M->142M(156M) 450.035ms
[2020-08-10T13:21:24.542+0300][2224.081s][info ][gc] GC(72530) Pause Young (Allocation Failure) 143M->143M(156M) 29.978ms
[2020-08-10T13:21:24.561+0300][2224.101s][info ][gc] GC(72531) Pause Young (Allocation Failure) 144M->144M(156M) 18.907ms
[2020-08-10T13:21:24.586+0300][2224.126s][info ][gc] GC(72532) Pause Young (Allocation Failure) 145M->145M(156M) 23.345ms
[2020-08-10T13:21:24.631+0300][2224.171s][info ][gc] GC(72533) Pause Young (Allocation Failure) 146M->146M(156M) 44.845ms
[2020-08-10T13:21:24.632+0300][2224.171s][debug][gc] Expanding ParOldGen from 157696K by 19968K to 177664K
[2020-08-10T13:21:24.685+0300][2224.225s][info ][gc] GC(72534) Pause Young (Allocation Failure) 166M->166M(176M) 44.774ms
[2020-08-10T13:21:24.702+0300][2224.242s][info ][gc] GC(72535) Pause Young (Allocation Failure) 167M->167M(176M) 16.825ms
[2020-08-10T13:21:24.721+0300][2224.261s][info ][gc] GC(72536) Pause Young (Allocation Failure) 168M->168M(176M) 17.614ms
[2020-08-10T13:21:24.736+0300][2224.275s][info ][gc] GC(72537) Pause Young (Allocation Failure) 169M->169M(176M) 14.252ms
[2020-08-10T13:21:24.750+0300][2224.290s][info ][gc] GC(72538) Pause Young (Allocation Failure) 170M->170M(176M) 14.101ms
[2020-08-10T13:21:24.767+0300][2224.307s][info ][gc] GC(72539) Pause Young (Allocation Failure) 171M->171M(176M) 16.545ms
[2020-08-10T13:21:24.789+0300][2224.329s][info ][gc] GC(72540) Pause Young (Allocation Failure) 172M->172M(176M) 21.450ms
[2020-08-10T13:21:24.812+0300][2224.352s][info ][gc] GC(72541) Pause Young (Allocation Failure) 173M->173M(176M) 22.389ms
[2020-08-10T13:21:24.834+0300][2224.374s][info ][gc] GC(72542) Pause Young (Allocation Failure) 174M->174M(176M) 21.257ms
[2020-08-10T13:21:24.925+0300][2224.464s][debug][gc] GC(72543) Shrinking ParOldGen from 177664K by 124416K to 53248K
[2020-08-10T13:21:24.925+0300][2224.464s][info ][gc] GC(72543) Pause Full (Ergonomics) 174M->40M(54M) 90.570ms
[2020-08-10T13:21:24.953+0300][2224.492s][info ][gc] GC(72544) Pause Young (Allocation Failure) 41M->41M(54M) 27.340ms
[2020-08-10T13:21:24.968+0300][2224.507s][info ][gc] GC(72545) Pause Young (Allocation Failure) 42M->42M(54M) 14.135ms
[2020-08-10T13:21:24.982+0300][2224.522s][info ][gc] GC(72546) Pause Young (Allocation Failure) 43M->43M(54M) 14.038ms
[2020-08-10T13:21:24.997+0300][2224.537s][info ][gc] GC(72547) Pause Young (Allocation Failure) 44M->44M(54M) 14.065ms
[2020-08-10T13:21:25.012+0300][2224.552s][info ][gc] GC(72548) Pause Young (Allocation Failure) 45M->45M(54M) 14.115ms
[2020-08-10T13:21:25.028+0300][2224.567s][info ][gc] GC(72549) Pause Young (Allocation Failure) 46M->46M(54M) 14.149ms
[2020-08-10T13:21:25.046+0300][2224.585s][info ][gc] GC(72550) Pause Young (Allocation Failure) 47M->47M(54M) 17.578ms
[2020-08-10T13:21:25.060+0300][2224.600s][info ][gc] GC(72551) Pause Young (Allocation Failure) 48M->48M(54M) 14.104ms
[2020-08-10T13:21:25.076+0300][2224.615s][info ][gc] GC(72552) Pause Young (Allocation Failure) 49M->49M(54M) 14.229ms
[2020-08-10T13:21:25.090+0300][2224.630s][info ][gc] GC(72553) Pause Young (Allocation Failure) 50M->50M(54M) 14.087ms
[2020-08-10T13:21:25.105+0300][2224.645s][info ][gc] GC(72554) Pause Young (Allocation Failure) 51M->51M(54M) 14.172ms
[2020-08-10T13:21:25.120+0300][2224.660s][info ][gc] GC(72555) Pause Young (Allocation Failure) 52M->52M(54M) 13.856ms
[2020-08-10T13:21:25.228+0300][2224.767s][debug][gc] GC(72556) Expanding ParOldGen from 53248K by 11264K to 64512K
[2020-08-10T13:21:25.228+0300][2224.767s][info ][gc] GC(72556) Pause Full (Ergonomics) 52M->51M(65M) 107.607ms
[2020-08-10T13:21:25.242+0300][2224.781s][info ][gc] GC(72557) Pause Young (Allocation Failure) 52M->52M(65M) 13.376ms
[2020-08-10T13:21:25.256+0300][2224.796s][info ][gc] GC(72558) Pause Young (Allocation Failure) 53M->53M(65M) 13.859ms
[2020-08-10T13:21:25.271+0300][2224.811s][info ][gc] GC(72559) Pause Young (Allocation Failure) 54M->54M(65M) 14.137ms
[2020-08-10T13:21:25.286+0300][2224.826s][info ][gc] GC(72560) Pause Young (Allocation Failure) 55M->55M(65M) 13.969ms
[2020-08-10T13:21:25.301+0300][2224.841s][info ][gc] GC(72561) Pause Young (Allocation Failure) 56M->56M(65M) 14.171ms
[2020-08-10T13:21:25.333+0300][2224.872s][info ][gc] GC(72562) Pause Young (Allocation Failure) 57M->57M(65M) 31.155ms
[2020-08-10T13:21:25.347+0300][2224.887s][info ][gc] GC(72563) Pause Young (Allocation Failure) 58M->58M(65M) 14.062ms
[2020-08-10T13:21:25.362+0300][2224.902s][info ][gc] GC(72564) Pause Young (Allocation Failure) 59M->59M(65M) 14.120ms
[2020-08-10T13:21:25.377+0300][2224.917s][info ][gc] GC(72565) Pause Young (Allocation Failure) 60M->60M(65M) 14.160ms
[2020-08-10T13:21:25.391+0300][2224.931s][info ][gc] GC(72566) Pause Young (Allocation Failure) 61M->61M(65M) 13.778ms
[2020-08-10T13:21:25.406+0300][2224.946s][info ][gc] GC(72567) Pause Young (Allocation Failure) 62M->62M(65M) 13.898ms
[2020-08-10T13:21:25.421+0300][2224.961s][info ][gc] GC(72568) Pause Young (Allocation Failure) 63M->63M(65M) 14.058ms
[2020-08-10T13:21:25.565+0300][2225.105s][debug][gc] GC(72569) Expanding ParOldGen from 64512K by 11776K to 76288K
[2020-08-10T13:21:25.566+0300][2225.105s][info ][gc] GC(72569) Pause Full (Ergonomics) 63M->62M(76M) 144.236ms
[2020-08-10T13:21:25.580+0300][2225.120s][info ][gc] GC(72570) Pause Young (Allocation Failure) 63M->63M(76M) 14.155ms
[2020-08-10T13:21:25.595+0300][2225.135s][info ][gc] GC(72571) Pause Young (Allocation Failure) 64M->64M(76M) 13.870ms
[2020-08-10T13:21:25.610+0300][2225.149s][info ][gc] GC(72572) Pause Young (Allocation Failure) 65M->65M(76M) 13.926ms
[2020-08-10T13:21:25.624+0300][2225.164s][info ][gc] GC(72573) Pause Young (Allocation Failure) 66M->66M(76M) 13.925ms
[2020-08-10T13:21:25.638+0300][2225.178s][info ][gc] GC(72574) Pause Young (Allocation Failure) 67M->67M(76M) 13.958ms
[2020-08-10T13:21:25.653+0300][2225.193s][info ][gc] GC(72575) Pause Young (Allocation Failure) 68M->68M(76M) 13.964ms
[2020-08-10T13:21:25.667+0300][2225.207s][info ][gc] GC(72576) Pause Young (Allocation Failure) 69M->69M(76M) 13.778ms
[2020-08-10T13:21:25.682+0300][2225.221s][info ][gc] GC(72577) Pause Young (Allocation Failure) 70M->70M(76M) 14.020ms
[2020-08-10T13:21:25.696+0300][2225.236s][info ][gc] GC(72578) Pause Young (Allocation Failure) 71M->71M(76M) 14.099ms
[2020-08-10T13:21:25.712+0300][2225.251s][info ][gc] GC(72579) Pause Young (Allocation Failure) 72M->72M(76M) 14.161ms
[2020-08-10T13:21:25.729+0300][2225.268s][info ][gc] GC(72580) Pause Young (Allocation Failure) 73M->73M(76M) 16.366ms
[2020-08-10T13:21:25.748+0300][2225.288s][info ][gc] GC(72581) Pause Young (Allocation Failure) 74M->74M(76M) 19.243ms
[2020-08-10T13:21:25.763+0300][2225.303s][info ][gc] GC(72582) Pause Young (Allocation Failure) 75M->75M(76M) 13.970ms
[2020-08-10T13:21:25.994+0300][2225.533s][debug][gc] GC(72583) Expanding ParOldGen from 76288K by 11264K to 87552K
[2020-08-10T13:21:25.994+0300][2225.533s][info ][gc] GC(72583) Pause Full (Ergonomics) 75M->75M(87M) 230.799ms
[2020-08-10T13:21:26.055+0300][2225.595s][info ][gc] GC(72584) Pause Young (Allocation Failure) 76M->75M(87M) 60.250ms
[2020-08-10T13:21:26.081+0300][2225.621s][info ][gc] GC(72585) Pause Young (Allocation Failure) 76M->76M(87M) 25.689ms
[2020-08-10T13:21:26.103+0300][2225.642s][info ][gc] GC(72586) Pause Young (Allocation Failure) 77M->77M(87M) 20.482ms
[2020-08-10T13:21:26.118+0300][2225.657s][info ][gc] GC(72587) Pause Young (Allocation Failure) 78M->78M(87M) 14.359ms
[2020-08-10T13:21:26.133+0300][2225.672s][info ][gc] GC(72588) Pause Young (Allocation Failure) 79M->79M(87M) 14.334ms
[2020-08-10T13:21:26.158+0300][2225.698s][info ][gc] GC(72589) Pause Young (Allocation Failure) 80M->80M(87M) 24.917ms
[2020-08-10T13:21:26.173+0300][2225.713s][info ][gc] GC(72590) Pause Young (Allocation Failure) 81M->81M(87M) 14.187ms
[2020-08-10T13:21:26.188+0300][2225.728s][info ][gc] GC(72591) Pause Young (Allocation Failure) 82M->82M(87M) 14.235ms
[2020-08-10T13:21:26.203+0300][2225.742s][info ][gc] GC(72592) Pause Young (Allocation Failure) 83M->83M(87M) 14.118ms
[2020-08-10T13:21:26.230+0300][2225.770s][info ][gc] GC(72593) Pause Young (Allocation Failure) 84M->84M(87M) 26.788ms
[2020-08-10T13:21:26.245+0300][2225.785s][info ][gc] GC(72594) Pause Young (Allocation Failure) 85M->85M(87M) 14.311ms
[2020-08-10T13:21:26.463+0300][2226.003s][debug][gc] GC(72595) Expanding ParOldGen from 87552K by 11264K to 98816K
[2020-08-10T13:21:26.464+0300][2226.003s][info ][gc] GC(72595) Pause Full (Ergonomics) 85M->85M(98M) 218.132ms
[2020-08-10T13:21:26.497+0300][2226.037s][info ][gc] GC(72596) Pause Young (Allocation Failure) 86M->86M(98M) 32.578ms
[2020-08-10T13:21:26.529+0300][2226.069s][info ][gc] GC(72597) Pause Young (Allocation Failure) 87M->87M(98M) 31.345ms
[2020-08-10T13:21:26.547+0300][2226.086s][info ][gc] GC(72598) Pause Young (Allocation Failure) 88M->88M(98M) 17.034ms
[2020-08-10T13:21:26.562+0300][2226.102s][info ][gc] GC(72599) Pause Young (Allocation Failure) 89M->89M(98M) 14.813ms
[2020-08-10T13:21:26.582+0300][2226.122s][info ][gc] GC(72600) Pause Young (Allocation Failure) 90M->90M(98M) 19.402ms
[2020-08-10T13:21:26.597+0300][2226.137s][info ][gc] GC(72601) Pause Young (Allocation Failure) 91M->91M(98M) 13.975ms
[2020-08-10T13:21:26.612+0300][2226.152s][info ][gc] GC(72602) Pause Young (Allocation Failure) 92M->91M(98M) 14.149ms
[2020-08-10T13:21:26.627+0300][2226.167s][info ][gc] GC(72603) Pause Young (Allocation Failure) 92M->92M(98M) 14.339ms
[2020-08-10T13:21:26.642+0300][2226.182s][info ][gc] GC(72604) Pause Young (Allocation Failure) 93M->93M(98M) 14.021ms
[2020-08-10T13:21:26.669+0300][2226.209s][info ][gc] GC(72605) Pause Young (Allocation Failure) 94M->94M(98M) 26.717ms
[2020-08-10T13:21:26.697+0300][2226.237s][info ][gc] GC(72606) Pause Young (Allocation Failure) 95M->95M(98M) 26.655ms
[2020-08-10T13:21:26.712+0300][2226.252s][info ][gc] GC(72607) Pause Young (Allocation Failure) 96M->96M(98M) 14.555ms
[2020-08-10T13:21:27.017+0300][2226.557s][debug][gc] GC(72608) Expanding ParOldGen from 98816K by 11776K to 110592K
[2020-08-10T13:21:27.017+0300][2226.557s][info ][gc] GC(72608) Pause Full (Ergonomics) 96M->96M(110M) 304.865ms
[2020-08-10T13:21:27.034+0300][2226.573s][info ][gc] GC(72609) Pause Young (Allocation Failure) 96M->96M(110M) 16.093ms
[2020-08-10T13:21:27.050+0300][2226.590s][info ][gc] GC(72610) Pause Young (Allocation Failure) 97M->97M(110M) 15.857ms
[2020-08-10T13:21:27.066+0300][2226.605s][info ][gc] GC(72611) Pause Young (Allocation Failure) 97M->97M(110M) 15.024ms
[2020-08-10T13:21:27.080+0300][2226.620s][info ][gc] GC(72612) Pause Young (Allocation Failure) 98M->98M(110M) 13.844ms
[2020-08-10T13:21:27.094+0300][2226.634s][info ][gc] GC(72613) Pause Young (Allocation Failure) 98M->98M(110M) 13.785ms
[2020-08-10T13:21:27.109+0300][2226.648s][info ][gc] GC(72614) Pause Young (Allocation Failure) 99M->99M(110M) 13.612ms
[2020-08-10T13:21:27.123+0300][2226.663s][info ][gc] GC(72615) Pause Young (Allocation Failure) 99M->99M(110M) 13.852ms
[2020-08-10T13:21:27.137+0300][2226.677s][info ][gc] GC(72616) Pause Young (Allocation Failure) 100M->100M(110M) 13.678ms
[2020-08-10T13:21:27.151+0300][2226.691s][info ][gc] GC(72617) Pause Young (Allocation Failure) 100M->100M(110M) 13.824ms
[2020-08-10T13:21:27.166+0300][2226.706s][info ][gc] GC(72618) Pause Young (Allocation Failure) 101M->101M(110M) 13.701ms
[2020-08-10T13:21:27.180+0300][2226.720s][info ][gc] GC(72619) Pause Young (Allocation Failure) 101M->101M(110M) 13.683ms
[2020-08-10T13:21:27.197+0300][2226.737s][info ][gc] GC(72620) Pause Young (Allocation Failure) 102M->102M(110M) 17.071ms
[2020-08-10T13:21:27.212+0300][2226.751s][info ][gc] GC(72621) Pause Young (Allocation Failure) 102M->102M(110M) 13.648ms
[2020-08-10T13:21:27.226+0300][2226.766s][info ][gc] GC(72622) Pause Young (Allocation Failure) 102M->102M(110M) 13.518ms
[2020-08-10T13:21:27.244+0300][2226.783s][info ][gc] GC(72623) Pause Young (Allocation Failure) 103M->103M(110M) 17.385ms
[2020-08-10T13:21:27.258+0300][2226.797s][info ][gc] GC(72624) Pause Young (Allocation Failure) 103M->103M(110M) 13.500ms
[2020-08-10T13:21:27.272+0300][2226.811s][info ][gc] GC(72625) Pause Young (Allocation Failure) 104M->104M(109M) 13.618ms
[2020-08-10T13:21:27.286+0300][2226.826s][info ][gc] GC(72626) Pause Young (Allocation Failure) 104M->104M(109M) 13.379ms
[2020-08-10T13:21:27.303+0300][2226.843s][info ][gc] GC(72627) Pause Young (Allocation Failure) 105M->105M(109M) 16.326ms
[2020-08-10T13:21:27.317+0300][2226.857s][info ][gc] GC(72628) Pause Young (Allocation Failure) 105M->105M(109M) 13.589ms
[2020-08-10T13:21:27.331+0300][2226.871s][info ][gc] GC(72629) Pause Young (Allocation Failure) 106M->106M(109M) 13.592ms
[2020-08-10T13:21:27.345+0300][2226.885s][info ][gc] GC(72630) Pause Young (Allocation Failure) 106M->106M(109M) 13.427ms
[2020-08-10T13:21:27.359+0300][2226.898s][info ][gc] GC(72631) Pause Young (Allocation Failure) 107M->107M(109M) 13.403ms
[2020-08-10T13:21:27.373+0300][2226.912s][info ][gc] GC(72632) Pause Young (Allocation Failure) 107M->107M(109M) 13.495ms
[2020-08-10T13:21:27.387+0300][2226.926s][info ][gc] GC(72633) Pause Young (Allocation Failure) 107M->107M(109M) 13.433ms
[2020-08-10T13:21:27.739+0300][2227.279s][debug][gc] GC(72634) Expanding ParOldGen from 110592K by 10752K to 121344K
[2020-08-10T13:21:27.739+0300][2227.279s][info ][gc] GC(72634) Pause Full (Ergonomics) 107M->107M(120M) 352.329ms
[2020-08-10T13:21:27.762+0300][2227.302s][info ][gc] GC(72635) Pause Young (Allocation Failure) 107M->107M(120M) 22.510ms
[2020-08-10T13:21:27.780+0300][2227.320s][info ][gc] GC(72636) Pause Young (Allocation Failure) 108M->108M(120M) 17.704ms
[2020-08-10T13:21:27.794+0300][2227.334s][info ][gc] GC(72637) Pause Young (Allocation Failure) 108M->108M(120M) 13.415ms
[2020-08-10T13:21:27.808+0300][2227.348s][info ][gc] GC(72638) Pause Young (Allocation Failure) 109M->109M(120M) 13.453ms
[2020-08-10T13:21:27.823+0300][2227.362s][info ][gc] GC(72639) Pause Young (Allocation Failure) 109M->109M(120M) 13.691ms
[2020-08-10T13:21:27.837+0300][2227.377s][info ][gc] GC(72640) Pause Young (Allocation Failure) 110M->110M(120M) 13.782ms
[2020-08-10T13:21:27.851+0300][2227.391s][info ][gc] GC(72641) Pause Young (Allocation Failure) 110M->110M(120M) 13.599ms
[2020-08-10T13:21:27.865+0300][2227.405s][info ][gc] GC(72642) Pause Young (Allocation Failure) 111M->111M(120M) 13.929ms
[2020-08-10T13:21:27.879+0300][2227.419s][info ][gc] GC(72643) Pause Young (Allocation Failure) 111M->111M(120M) 13.464ms
[2020-08-10T13:21:27.893+0300][2227.433s][info ][gc] GC(72644) Pause Young (Allocation Failure) 112M->111M(120M) 13.446ms
[2020-08-10T13:21:27.907+0300][2227.447s][info ][gc] GC(72645) Pause Young (Allocation Failure) 112M->112M(120M) 13.692ms
[2020-08-10T13:21:27.922+0300][2227.462s][info ][gc] GC(72646) Pause Young (Allocation Failure) 112M->112M(120M) 14.303ms
[2020-08-10T13:21:27.936+0300][2227.476s][info ][gc] GC(72647) Pause Young (Allocation Failure) 113M->113M(120M) 13.462ms
[2020-08-10T13:21:27.951+0300][2227.490s][info ][gc] GC(72648) Pause Young (Allocation Failure) 113M->113M(120M) 14.067ms
[2020-08-10T13:21:27.965+0300][2227.504s][info ][gc] GC(72649) Pause Young (Allocation Failure) 114M->114M(120M) 13.556ms
[2020-08-10T13:21:27.980+0300][2227.520s][info ][gc] GC(72650) Pause Young (Allocation Failure) 114M->114M(120M) 14.565ms
[2020-08-10T13:21:27.994+0300][2227.534s][info ][gc] GC(72651) Pause Young (Allocation Failure) 115M->115M(120M) 13.707ms
[2020-08-10T13:21:28.008+0300][2227.548s][info ][gc] GC(72652) Pause Young (Allocation Failure) 115M->115M(120M) 13.670ms
[2020-08-10T13:21:28.022+0300][2227.562s][info ][gc] GC(72653) Pause Young (Allocation Failure) 116M->116M(120M) 13.640ms
[2020-08-10T13:21:28.037+0300][2227.576s][info ][gc] GC(72654) Pause Young (Allocation Failure) 116M->116M(120M) 13.439ms
[2020-08-10T13:21:28.050+0300][2227.590s][info ][gc] GC(72655) Pause Young (Allocation Failure) 117M->116M(120M) 13.465ms
[2020-08-10T13:21:28.064+0300][2227.604s][info ][gc] GC(72656) Pause Young (Allocation Failure) 117M->117M(120M) 13.525ms
[2020-08-10T13:21:28.079+0300][2227.618s][info ][gc] GC(72657) Pause Young (Allocation Failure) 117M->117M(120M) 13.566ms
[2020-08-10T13:21:28.093+0300][2227.633s][info ][gc] GC(72658) Pause Young (Allocation Failure) 118M->118M(120M) 13.891ms
[2020-08-10T13:21:28.107+0300][2227.647s][info ][gc] GC(72659) Pause Young (Allocation Failure) 118M->118M(120M) 13.462ms
[2020-08-10T13:21:28.509+0300][2228.049s][debug][gc] GC(72660) Expanding ParOldGen from 121344K by 10752K to 132096K
[2020-08-10T13:21:28.509+0300][2228.049s][info ][gc] GC(72660) Pause Full (Ergonomics) 118M->118M(130M) 402.027ms
[2020-08-10T13:21:28.523+0300][2228.063s][info ][gc] GC(72661) Pause Young (Allocation Failure) 118M->118M(130M) 13.407ms
[2020-08-10T13:21:28.542+0300][2228.082s][info ][gc] GC(72662) Pause Young (Allocation Failure) 119M->119M(130M) 18.179ms
[2020-08-10T13:21:28.556+0300][2228.096s][info ][gc] GC(72663) Pause Young (Allocation Failure) 119M->119M(130M) 14.006ms
[2020-08-10T13:21:28.571+0300][2228.111s][info ][gc] GC(72664) Pause Young (Allocation Failure) 120M->120M(130M) 14.093ms
[2020-08-10T13:21:28.589+0300][2228.129s][info ][gc] GC(72665) Pause Young (Allocation Failure) 120M->120M(130M) 17.407ms
[2020-08-10T13:21:28.607+0300][2228.147s][info ][gc] GC(72666) Pause Young (Allocation Failure) 121M->121M(130M) 18.105ms
[2020-08-10T13:21:28.622+0300][2228.162s][info ][gc] GC(72667) Pause Young (Allocation Failure) 121M->121M(130M) 14.149ms
[2020-08-10T13:21:28.636+0300][2228.176s][info ][gc] GC(72668) Pause Young (Allocation Failure) 122M->122M(130M) 14.155ms
[2020-08-10T13:21:28.651+0300][2228.191s][info ][gc] GC(72669) Pause Young (Allocation Failure) 122M->122M(130M) 14.495ms
[2020-08-10T13:21:28.666+0300][2228.206s][info ][gc] GC(72670) Pause Young (Allocation Failure) 123M->123M(130M) 14.422ms
[2020-08-10T13:21:28.689+0300][2228.229s][info ][gc] GC(72671) Pause Young (Allocation Failure) 123M->123M(130M) 22.315ms
[2020-08-10T13:21:28.704+0300][2228.244s][info ][gc] GC(72672) Pause Young (Allocation Failure) 123M->123M(130M) 14.577ms
[2020-08-10T13:21:28.719+0300][2228.259s][info ][gc] GC(72673) Pause Young (Allocation Failure) 124M->124M(130M) 14.132ms
[2020-08-10T13:21:28.746+0300][2228.286s][info ][gc] GC(72674) Pause Young (Allocation Failure) 124M->124M(130M) 26.790ms
[2020-08-10T13:21:28.763+0300][2228.303s][info ][gc] GC(72675) Pause Young (Allocation Failure) 125M->125M(130M) 16.309ms
[2020-08-10T13:21:28.784+0300][2228.324s][info ][gc] GC(72676) Pause Young (Allocation Failure) 125M->125M(130M) 20.542ms
[2020-08-10T13:21:28.801+0300][2228.341s][info ][gc] GC(72677) Pause Young (Allocation Failure) 126M->126M(130M) 16.904ms
[2020-08-10T13:21:28.816+0300][2228.356s][info ][gc] GC(72678) Pause Young (Allocation Failure) 126M->126M(130M) 14.517ms
[2020-08-10T13:21:28.831+0300][2228.371s][info ][gc] GC(72679) Pause Young (Allocation Failure) 127M->127M(130M) 14.562ms
[2020-08-10T13:21:28.846+0300][2228.386s][info ][gc] GC(72680) Pause Young (Allocation Failure) 127M->127M(130M) 14.411ms
[2020-08-10T13:21:28.875+0300][2228.415s][info ][gc] GC(72681) Pause Young (Allocation Failure) 128M->128M(130M) 28.939ms
[2020-08-10T13:21:28.894+0300][2228.434s][info ][gc] GC(72682) Pause Young (Allocation Failure) 128M->128M(130M) 17.721ms
[2020-08-10T13:21:28.919+0300][2228.458s][info ][gc] GC(72683) Pause Young (Allocation Failure) 128M->128M(130M) 24.440ms
[2020-08-10T13:21:28.934+0300][2228.473s][info ][gc] GC(72684) Pause Young (Allocation Failure) 129M->129M(130M) 14.530ms
[2020-08-10T13:21:29.399+0300][2228.938s][debug][gc] GC(72685) Expanding ParOldGen from 132096K by 10752K to 142848K
[2020-08-10T13:21:29.399+0300][2228.938s][info ][gc] GC(72685) Pause Full (Ergonomics) 129M->128M(141M) 464.083ms
[2020-08-10T13:21:29.423+0300][2228.961s][info ][gc] GC(72686) Pause Young (Allocation Failure) 129M->129M(141M) 23.271ms
[2020-08-10T13:21:29.440+0300][2228.979s][info ][gc] GC(72687) Pause Young (Allocation Failure) 129M->129M(141M) 16.742ms
[2020-08-10T13:21:29.455+0300][2228.994s][info ][gc] GC(72688) Pause Young (Allocation Failure) 130M->130M(141M) 14.559ms
[2020-08-10T13:21:29.471+0300][2229.009s][info ][gc] GC(72689) Pause Young (Allocation Failure) 130M->130M(141M) 14.845ms
[2020-08-10T13:21:29.486+0300][2229.025s][info ][gc] GC(72690) Pause Young (Allocation Failure) 131M->131M(141M) 14.627ms
[2020-08-10T13:21:29.504+0300][2229.043s][info ][gc] GC(72691) Pause Young (Allocation Failure) 131M->131M(141M) 17.492ms
[2020-08-10T13:21:29.519+0300][2229.058s][info ][gc] GC(72692) Pause Young (Allocation Failure) 132M->132M(141M) 14.862ms
[2020-08-10T13:21:29.538+0300][2229.076s][info ][gc] GC(72693) Pause Young (Allocation Failure) 132M->132M(141M) 17.776ms
[2020-08-10T13:21:29.553+0300][2229.091s][info ][gc] GC(72694) Pause Young (Allocation Failure) 133M->132M(141M) 14.642ms
[2020-08-10T13:21:29.568+0300][2229.107s][info ][gc] GC(72695) Pause Young (Allocation Failure) 133M->133M(141M) 14.593ms
[2020-08-10T13:21:29.586+0300][2229.125s][info ][gc] GC(72696) Pause Young (Allocation Failure) 133M->133M(141M) 17.738ms
[2020-08-10T13:21:29.612+0300][2229.151s][info ][gc] GC(72697) Pause Young (Allocation Failure) 134M->134M(141M) 25.162ms
[2020-08-10T13:21:29.627+0300][2229.166s][info ][gc] GC(72698) Pause Young (Allocation Failure) 134M->134M(141M) 15.239ms
[2020-08-10T13:21:29.643+0300][2229.182s][info ][gc] GC(72699) Pause Young (Allocation Failure) 135M->135M(141M) 15.246ms
[2020-08-10T13:21:29.662+0300][2229.201s][info ][gc] GC(72700) Pause Young (Allocation Failure) 135M->135M(141M) 18.540ms
[2020-08-10T13:21:29.678+0300][2229.217s][info ][gc] GC(72701) Pause Young (Allocation Failure) 136M->136M(141M) 15.190ms
[2020-08-10T13:21:29.703+0300][2229.241s][info ][gc] GC(72702) Pause Young (Allocation Failure) 136M->136M(141M) 24.223ms
[2020-08-10T13:21:29.718+0300][2229.257s][info ][gc] GC(72703) Pause Young (Allocation Failure) 137M->137M(141M) 15.206ms
[2020-08-10T13:21:29.734+0300][2229.273s][info ][gc] GC(72704) Pause Young (Allocation Failure) 137M->137M(141M) 15.349ms
[2020-08-10T13:21:29.750+0300][2229.289s][info ][gc] GC(72705) Pause Young (Allocation Failure) 138M->137M(141M) 15.315ms
[2020-08-10T13:21:29.765+0300][2229.304s][info ][gc] GC(72706) Pause Young (Allocation Failure) 138M->138M(141M) 15.323ms
[2020-08-10T13:21:29.784+0300][2229.323s][info ][gc] GC(72707) Pause Young (Allocation Failure) 138M->138M(141M) 18.195ms
[2020-08-10T13:21:29.800+0300][2229.338s][info ][gc] GC(72708) Pause Young (Allocation Failure) 139M->139M(141M) 15.077ms
[2020-08-10T13:21:29.815+0300][2229.354s][info ][gc] GC(72709) Pause Young (Allocation Failure) 139M->139M(141M) 15.277ms
[2020-08-10T13:21:30.307+0300][2229.846s][debug][gc] GC(72710) Expanding ParOldGen from 142848K by 10752K to 153600K
[2020-08-10T13:21:30.307+0300][2229.846s][info ][gc] GC(72710) Pause Full (Ergonomics) 139M->139M(151M) 491.680ms
[2020-08-10T13:21:30.336+0300][2229.875s][info ][gc] GC(72711) Pause Young (Allocation Failure) 139M->139M(151M) 28.578ms
[2020-08-10T13:21:30.352+0300][2229.891s][info ][gc] GC(72712) Pause Young (Allocation Failure) 140M->140M(151M) 15.350ms
[2020-08-10T13:21:30.370+0300][2229.909s][info ][gc] GC(72713) Pause Young (Allocation Failure) 140M->140M(151M) 17.891ms
[2020-08-10T13:21:30.386+0300][2229.925s][info ][gc] GC(72714) Pause Young (Allocation Failure) 141M->141M(151M) 15.467ms
[2020-08-10T13:21:30.402+0300][2229.941s][info ][gc] GC(72715) Pause Young (Allocation Failure) 141M->141M(151M) 15.439ms
[2020-08-10T13:21:30.421+0300][2229.960s][info ][gc] GC(72716) Pause Young (Allocation Failure) 142M->142M(151M) 18.599ms
[2020-08-10T13:21:30.437+0300][2229.976s][info ][gc] GC(72717) Pause Young (Allocation Failure) 142M->142M(151M) 15.534ms
[2020-08-10T13:21:30.453+0300][2229.992s][info ][gc] GC(72718) Pause Young (Allocation Failure) 143M->142M(151M) 15.584ms
[2020-08-10T13:21:30.469+0300][2230.008s][info ][gc] GC(72719) Pause Young (Allocation Failure) 143M->143M(151M) 15.801ms
[2020-08-10T13:21:30.488+0300][2230.026s][info ][gc] GC(72720) Pause Young (Allocation Failure) 143M->143M(151M) 18.316ms
[2020-08-10T13:21:30.506+0300][2230.045s][info ][gc] GC(72721) Pause Young (Allocation Failure) 144M->144M(151M) 18.267ms
[2020-08-10T13:21:30.523+0300][2230.061s][info ][gc] GC(72722) Pause Young (Allocation Failure) 144M->144M(151M) 15.923ms
[2020-08-10T13:21:30.539+0300][2230.078s][info ][gc] GC(72723) Pause Young (Allocation Failure) 145M->145M(151M) 15.784ms
[2020-08-10T13:21:30.555+0300][2230.094s][info ][gc] GC(72724) Pause Young (Allocation Failure) 145M->145M(151M) 15.670ms
[2020-08-10T13:21:30.572+0300][2230.111s][info ][gc] GC(72725) Pause Young (Allocation Failure) 146M->146M(151M) 16.990ms
[2020-08-10T13:21:30.611+0300][2230.150s][info ][gc] GC(72726) Pause Young (Allocation Failure) 146M->146M(151M) 38.166ms
[2020-08-10T13:21:30.627+0300][2230.166s][info ][gc] GC(72727) Pause Young (Allocation Failure) 147M->147M(151M) 15.858ms
[2020-08-10T13:21:30.628+0300][2230.166s][debug][gc] Expanding ParOldGen from 153600K by 19968K to 173568K
[2020-08-10T13:21:30.672+0300][2230.211s][info ][gc] GC(72728) Pause Young (Allocation Failure) 166M->166M(171M) 36.373ms
[2020-08-10T13:21:30.714+0300][2230.253s][info ][gc] GC(72729) Pause Young (Allocation Failure) 167M->167M(171M) 41.075ms
[2020-08-10T13:21:30.749+0300][2230.288s][info ][gc] GC(72730) Pause Young (Allocation Failure) 167M->167M(171M) 34.544ms
[2020-08-10T13:21:30.778+0300][2230.317s][info ][gc] GC(72731) Pause Young (Allocation Failure) 167M->167M(171M) 28.985ms
[2020-08-10T13:21:30.805+0300][2230.344s][info ][gc] GC(72732) Pause Young (Allocation Failure) 168M->168M(171M) 26.562ms
[2020-08-10T13:21:30.844+0300][2230.383s][info ][gc] GC(72733) Pause Young (Allocation Failure) 168M->168M(171M) 38.253ms
[2020-08-10T13:21:30.872+0300][2230.411s][info ][gc] GC(72734) Pause Young (Allocation Failure) 169M->169M(171M) 27.312ms
[2020-08-10T13:21:30.899+0300][2230.438s][info ][gc] GC(72735) Pause Young (Allocation Failure) 169M->169M(171M) 26.485ms
[2020-08-10T13:21:30.978+0300][2230.517s][debug][gc] GC(72736) Shrinking ParOldGen from 173568K by 125952K to 47616K
[2020-08-10T13:21:30.978+0300][2230.517s][info ][gc] GC(72736) Pause Full (Ergonomics) 169M->35M(48M) 79.742ms
[2020-08-10T13:21:30.993+0300][2230.532s][info ][gc] GC(72737) Pause Young (Allocation Failure) 36M->36M(48M) 14.430ms
[2020-08-10T13:21:31.007+0300][2230.546s][info ][gc] GC(72738) Pause Young (Allocation Failure) 36M->36M(48M) 13.275ms
[2020-08-10T13:21:31.021+0300][2230.560s][info ][gc] GC(72739) Pause Young (Allocation Failure) 37M->37M(48M) 13.338ms
[2020-08-10T13:21:31.035+0300][2230.573s][info ][gc] GC(72740) Pause Young (Allocation Failure) 37M->37M(48M) 13.431ms
[2020-08-10T13:21:31.048+0300][2230.587s][info ][gc] GC(72741) Pause Young (Allocation Failure) 38M->38M(48M) 13.471ms
[2020-08-10T13:21:31.062+0300][2230.601s][info ][gc] GC(72742) Pause Young (Allocation Failure) 38M->38M(48M) 13.431ms
[2020-08-10T13:21:31.076+0300][2230.615s][info ][gc] GC(72743) Pause Young (Allocation Failure) 39M->39M(48M) 13.440ms
[2020-08-10T13:21:31.091+0300][2230.630s][info ][gc] GC(72744) Pause Young (Allocation Failure) 39M->39M(48M) 14.067ms
[2020-08-10T13:21:31.107+0300][2230.646s][info ][gc] GC(72745) Pause Young (Allocation Failure) 40M->40M(48M) 16.418ms
[2020-08-10T13:21:31.121+0300][2230.660s][info ][gc] GC(72746) Pause Young (Allocation Failure) 40M->40M(48M) 13.430ms
[2020-08-10T13:21:31.135+0300][2230.674s][info ][gc] GC(72747) Pause Young (Allocation Failure) 41M->41M(48M) 13.787ms
[2020-08-10T13:21:31.149+0300][2230.688s][info ][gc] GC(72748) Pause Young (Allocation Failure) 41M->41M(48M) 13.471ms
[2020-08-10T13:21:31.163+0300][2230.702s][info ][gc] GC(72749) Pause Young (Allocation Failure) 41M->41M(48M) 13.674ms
[2020-08-10T13:21:31.180+0300][2230.719s][info ][gc] GC(72750) Pause Young (Allocation Failure) 42M->42M(48M) 16.788ms
[2020-08-10T13:21:31.198+0300][2230.737s][info ][gc] GC(72751) Pause Young (Allocation Failure) 42M->42M(48M) 17.246ms
[2020-08-10T13:21:31.212+0300][2230.751s][info ][gc] GC(72752) Pause Young (Allocation Failure) 43M->43M(48M) 13.595ms
[2020-08-10T13:21:31.243+0300][2230.782s][info ][gc] GC(72753) Pause Young (Allocation Failure) 43M->43M(48M) 31.113ms
[2020-08-10T13:21:31.257+0300][2230.796s][info ][gc] GC(72754) Pause Young (Allocation Failure) 44M->44M(48M) 13.490ms
[2020-08-10T13:21:31.271+0300][2230.810s][info ][gc] GC(72755) Pause Young (Allocation Failure) 44M->44M(48M) 13.521ms
[2020-08-10T13:21:31.288+0300][2230.827s][info ][gc] GC(72756) Pause Young (Allocation Failure) 45M->45M(48M) 16.435ms
[2020-08-10T13:21:31.302+0300][2230.841s][info ][gc] GC(72757) Pause Young (Allocation Failure) 46M->46M(48M) 13.845ms
[2020-08-10T13:21:31.308+0300][2230.846s][debug][gc] GC(72758) Expanding ParOldGen from 47616K by 512K to 48128K
[2020-08-10T13:21:31.317+0300][2230.856s][info ][gc] GC(72758) Pause Young (Allocation Failure) 47M->47M(49M) 14.007ms
[2020-08-10T13:21:31.427+0300][2230.966s][debug][gc] GC(72759) Expanding ParOldGen from 48128K by 11264K to 59392K
[2020-08-10T13:21:31.427+0300][2230.966s][info ][gc] GC(72759) Pause Full (Ergonomics) 47M->46M(60M) 110.021ms
[2020-08-10T13:21:31.442+0300][2230.981s][info ][gc] GC(72760) Pause Young (Allocation Failure) 47M->47M(60M) 13.318ms
[2020-08-10T13:21:31.476+0300][2231.015s][info ][gc] GC(72761) Pause Young (Allocation Failure) 48M->48M(60M) 33.535ms
[2020-08-10T13:21:31.492+0300][2231.031s][info ][gc] GC(72762) Pause Young (Allocation Failure) 49M->49M(60M) 14.390ms
[2020-08-10T13:21:31.511+0300][2231.050s][info ][gc] GC(72763) Pause Young (Allocation Failure) 50M->50M(60M) 18.606ms
[2020-08-10T13:21:31.526+0300][2231.065s][info ][gc] GC(72764) Pause Young (Allocation Failure) 51M->51M(60M) 14.162ms
[2020-08-10T13:21:31.541+0300][2231.080s][info ][gc] GC(72765) Pause Young (Allocation Failure) 52M->52M(60M) 14.220ms
[2020-08-10T13:21:31.556+0300][2231.094s][info ][gc] GC(72766) Pause Young (Allocation Failure) 53M->53M(60M) 14.156ms
[2020-08-10T13:21:31.577+0300][2231.116s][info ][gc] GC(72767) Pause Young (Allocation Failure) 54M->54M(60M) 21.209ms
[2020-08-10T13:21:31.592+0300][2231.131s][info ][gc] GC(72768) Pause Young (Allocation Failure) 55M->55M(60M) 14.105ms
[2020-08-10T13:21:31.607+0300][2231.146s][info ][gc] GC(72769) Pause Young (Allocation Failure) 56M->56M(60M) 14.232ms
[2020-08-10T13:21:31.621+0300][2231.160s][info ][gc] GC(72770) Pause Young (Allocation Failure) 57M->57M(60M) 14.291ms
[2020-08-10T13:21:31.636+0300][2231.175s][info ][gc] GC(72771) Pause Young (Allocation Failure) 58M->58M(60M) 13.788ms
[2020-08-10T13:21:31.782+0300][2231.321s][debug][gc] GC(72772) Expanding ParOldGen from 59392K by 11776K to 71168K
[2020-08-10T13:21:31.782+0300][2231.321s][info ][gc] GC(72772) Pause Full (Ergonomics) 58M->57M(72M) 146.061ms
[2020-08-10T13:21:31.796+0300][2231.335s][info ][gc] GC(72773) Pause Young (Allocation Failure) 58M->58M(72M) 13.615ms
[2020-08-10T13:21:31.810+0300][2231.349s][info ][gc] GC(72774) Pause Young (Allocation Failure) 59M->59M(72M) 13.976ms
[2020-08-10T13:21:31.825+0300][2231.364s][info ][gc] GC(72775) Pause Young (Allocation Failure) 60M->60M(72M) 13.909ms
[2020-08-10T13:21:31.839+0300][2231.378s][info ][gc] GC(72776) Pause Young (Allocation Failure) 61M->61M(72M) 13.850ms
[2020-08-10T13:21:31.854+0300][2231.393s][info ][gc] GC(72777) Pause Young (Allocation Failure) 62M->62M(72M) 14.099ms
[2020-08-10T13:21:31.869+0300][2231.408s][info ][gc] GC(72778) Pause Young (Allocation Failure) 63M->63M(72M) 14.038ms
[2020-08-10T13:21:31.883+0300][2231.422s][info ][gc] GC(72779) Pause Young (Allocation Failure) 64M->64M(72M) 13.862ms
[2020-08-10T13:21:31.897+0300][2231.436s][info ][gc] GC(72780) Pause Young (Allocation Failure) 65M->65M(72M) 13.929ms
[2020-08-10T13:21:31.912+0300][2231.451s][info ][gc] GC(72781) Pause Young (Allocation Failure) 66M->66M(72M) 14.022ms
[2020-08-10T13:21:31.926+0300][2231.465s][info ][gc] GC(72782) Pause Young (Allocation Failure) 67M->67M(72M) 13.863ms
[2020-08-10T13:21:31.940+0300][2231.479s][info ][gc] GC(72783) Pause Young (Allocation Failure) 68M->68M(72M) 13.828ms
[2020-08-10T13:21:31.955+0300][2231.494s][info ][gc] GC(72784) Pause Young (Allocation Failure) 69M->69M(72M) 13.824ms
[2020-08-10T13:21:32.116+0300][2231.655s][debug][gc] GC(72785) Expanding ParOldGen from 71168K by 11264K to 82432K
[2020-08-10T13:21:32.117+0300][2231.656s][info ][gc] GC(72785) Pause Full (Ergonomics) 69M->68M(83M) 161.720ms
[2020-08-10T13:21:32.130+0300][2231.669s][info ][gc] GC(72786) Pause Young (Allocation Failure) 69M->69M(83M) 13.356ms
[2020-08-10T13:21:32.151+0300][2231.690s][info ][gc] GC(72787) Pause Young (Allocation Failure) 70M->70M(83M) 20.450ms
[2020-08-10T13:21:32.170+0300][2231.709s][info ][gc] GC(72788) Pause Young (Allocation Failure) 71M->71M(83M) 18.715ms
[2020-08-10T13:21:32.185+0300][2231.724s][info ][gc] GC(72789) Pause Young (Allocation Failure) 72M->72M(83M) 14.228ms
[2020-08-10T13:21:32.200+0300][2231.739s][info ][gc] GC(72790) Pause Young (Allocation Failure) 73M->73M(83M) 14.036ms
[2020-08-10T13:21:32.229+0300][2231.768s][info ][gc] GC(72791) Pause Young (Allocation Failure) 74M->74M(83M) 28.921ms
[2020-08-10T13:21:32.255+0300][2231.794s][info ][gc] GC(72792) Pause Young (Allocation Failure) 75M->75M(83M) 25.459ms
[2020-08-10T13:21:32.287+0300][2231.826s][info ][gc] GC(72793) Pause Young (Allocation Failure) 76M->76M(83M) 31.037ms
[2020-08-10T13:21:32.301+0300][2231.840s][info ][gc] GC(72794) Pause Young (Allocation Failure) 77M->77M(83M) 13.944ms
[2020-08-10T13:21:32.316+0300][2231.855s][info ][gc] GC(72795) Pause Young (Allocation Failure) 78M->78M(83M) 13.894ms
[2020-08-10T13:21:32.348+0300][2231.887s][info ][gc] GC(72796) Pause Young (Allocation Failure) 79M->79M(83M) 32.177ms
[2020-08-10T13:21:32.367+0300][2231.906s][info ][gc] GC(72797) Pause Young (Allocation Failure) 80M->80M(83M) 18.289ms
[2020-08-10T13:21:32.623+0300][2232.162s][debug][gc] GC(72798) Expanding ParOldGen from 82432K by 11264K to 93696K
[2020-08-10T13:21:32.623+0300][2232.162s][info ][gc] GC(72798) Pause Full (Ergonomics) 80M->80M(94M) 256.089ms
[2020-08-10T13:21:32.647+0300][2232.186s][info ][gc] GC(72799) Pause Young (Allocation Failure) 81M->81M(94M) 23.274ms
[2020-08-10T13:21:32.678+0300][2232.217s][info ][gc] GC(72800) Pause Young (Allocation Failure) 82M->82M(94M) 29.284ms
[2020-08-10T13:21:32.704+0300][2232.243s][info ][gc] GC(72801) Pause Young (Allocation Failure) 83M->83M(94M) 25.286ms
[2020-08-10T13:21:32.724+0300][2232.263s][info ][gc] GC(72802) Pause Young (Allocation Failure) 84M->84M(94M) 19.552ms
[2020-08-10T13:21:32.743+0300][2232.282s][info ][gc] GC(72803) Pause Young (Allocation Failure) 85M->85M(94M) 18.233ms
[2020-08-10T13:21:32.758+0300][2232.297s][info ][gc] GC(72804) Pause Young (Allocation Failure) 86M->85M(94M) 14.081ms
[2020-08-10T13:21:32.773+0300][2232.312s][info ][gc] GC(72805) Pause Young (Allocation Failure) 86M->86M(94M) 14.234ms
[2020-08-10T13:21:32.787+0300][2232.326s][info ][gc] GC(72806) Pause Young (Allocation Failure) 87M->87M(94M) 14.143ms
[2020-08-10T13:21:32.802+0300][2232.341s][info ][gc] GC(72807) Pause Young (Allocation Failure) 88M->88M(94M) 13.895ms
[2020-08-10T13:21:32.832+0300][2232.371s][info ][gc] GC(72808) Pause Young (Allocation Failure) 89M->89M(94M) 29.956ms
[2020-08-10T13:21:32.847+0300][2232.386s][info ][gc] GC(72809) Pause Young (Allocation Failure) 90M->90M(94M) 14.030ms
[2020-08-10T13:21:32.861+0300][2232.400s][info ][gc] GC(72810) Pause Young (Allocation Failure) 91M->91M(94M) 13.878ms
[2020-08-10T13:21:33.162+0300][2232.701s][debug][gc] GC(72811) Expanding ParOldGen from 93696K by 11776K to 105472K
[2020-08-10T13:21:33.162+0300][2232.701s][info ][gc] GC(72811) Pause Full (Ergonomics) 91M->91M(105M) 300.112ms
[2020-08-10T13:21:33.185+0300][2232.724s][info ][gc] GC(72812) Pause Young (Allocation Failure) 92M->92M(105M) 23.040ms
[2020-08-10T13:21:33.202+0300][2232.741s][info ][gc] GC(72813) Pause Young (Allocation Failure) 93M->93M(105M) 16.011ms
[2020-08-10T13:21:33.218+0300][2232.757s][info ][gc] GC(72814) Pause Young (Allocation Failure) 94M->94M(105M) 15.324ms
[2020-08-10T13:21:33.233+0300][2232.772s][info ][gc] GC(72815) Pause Young (Allocation Failure) 95M->95M(105M) 14.478ms
[2020-08-10T13:21:33.248+0300][2232.787s][info ][gc] GC(72816) Pause Young (Allocation Failure) 96M->96M(105M) 14.545ms
[2020-08-10T13:21:33.262+0300][2232.801s][info ][gc] GC(72817) Pause Young (Allocation Failure) 97M->97M(105M) 14.235ms
[2020-08-10T13:21:33.277+0300][2232.816s][info ][gc] GC(72818) Pause Young (Allocation Failure) 98M->98M(105M) 14.322ms
[2020-08-10T13:21:33.306+0300][2232.845s][info ][gc] GC(72819) Pause Young (Allocation Failure) 99M->99M(105M) 28.411ms
[2020-08-10T13:21:33.321+0300][2232.860s][info ][gc] GC(72820) Pause Young (Allocation Failure) 100M->100M(105M) 14.703ms
[2020-08-10T13:21:33.336+0300][2232.875s][info ][gc] GC(72821) Pause Young (Allocation Failure) 101M->100M(105M) 14.882ms
[2020-08-10T13:21:33.361+0300][2232.900s][info ][gc] GC(72822) Pause Young (Allocation Failure) 101M->101M(105M) 23.701ms
[2020-08-10T13:21:33.376+0300][2232.915s][info ][gc] GC(72823) Pause Young (Allocation Failure) 102M->102M(105M) 15.003ms
[2020-08-10T13:21:33.738+0300][2233.277s][debug][gc] GC(72824) Expanding ParOldGen from 105472K by 11264K to 116736K
[2020-08-10T13:21:33.738+0300][2233.278s][info ][gc] GC(72824) Pause Full (Ergonomics) 102M->102M(116M) 361.909ms
[2020-08-10T13:21:33.773+0300][2233.312s][info ][gc] GC(72825) Pause Young (Allocation Failure) 103M->103M(116M) 33.910ms
[2020-08-10T13:21:33.810+0300][2233.349s][info ][gc] GC(72826) Pause Young (Allocation Failure) 104M->104M(116M) 36.418ms
[2020-08-10T13:21:33.841+0300][2233.380s][info ][gc] GC(72827) Pause Young (Allocation Failure) 105M->105M(116M) 30.335ms
[2020-08-10T13:21:33.857+0300][2233.396s][info ][gc] GC(72828) Pause Young (Allocation Failure) 106M->106M(116M) 15.094ms
[2020-08-10T13:21:33.883+0300][2233.422s][info ][gc] GC(72829) Pause Young (Allocation Failure) 107M->107M(116M) 25.451ms
[2020-08-10T13:21:33.900+0300][2233.439s][info ][gc] GC(72830) Pause Young (Allocation Failure) 108M->108M(116M) 16.665ms
[2020-08-10T13:21:33.918+0300][2233.457s][info ][gc] GC(72831) Pause Young (Allocation Failure) 109M->109M(116M) 17.518ms
[2020-08-10T13:21:33.935+0300][2233.475s][info ][gc] GC(72832) Pause Young (Allocation Failure) 110M->110M(116M) 16.796ms
[2020-08-10T13:21:33.952+0300][2233.491s][info ][gc] GC(72833) Pause Young (Allocation Failure) 111M->111M(116M) 15.785ms
[2020-08-10T13:21:33.971+0300][2233.510s][info ][gc] GC(72834) Pause Young (Allocation Failure) 112M->112M(116M) 18.515ms
[2020-08-10T13:21:33.988+0300][2233.527s][info ][gc] GC(72835) Pause Young (Allocation Failure) 113M->113M(116M) 16.012ms
[2020-08-10T13:21:34.004+0300][2233.543s][info ][gc] GC(72836) Pause Young (Allocation Failure) 114M->114M(116M) 16.014ms
[2020-08-10T13:21:34.388+0300][2233.927s][debug][gc] GC(72837) Expanding ParOldGen from 116736K by 11264K to 128000K
[2020-08-10T13:21:34.388+0300][2233.927s][info ][gc] GC(72837) Pause Full (Ergonomics) 114M->113M(127M) 383.975ms
[2020-08-10T13:21:34.410+0300][2233.949s][info ][gc] GC(72838) Pause Young (Allocation Failure) 114M->114M(127M) 21.557ms
[2020-08-10T13:21:34.428+0300][2233.967s][info ][gc] GC(72839) Pause Young (Allocation Failure) 115M->115M(127M) 16.840ms
[2020-08-10T13:21:34.463+0300][2234.002s][info ][gc] GC(72840) Pause Young (Allocation Failure) 116M->116M(127M) 34.421ms
[2020-08-10T13:21:34.480+0300][2234.019s][info ][gc] GC(72841) Pause Young (Allocation Failure) 117M->117M(127M) 16.891ms
[2020-08-10T13:21:34.516+0300][2234.055s][info ][gc] GC(72842) Pause Young (Allocation Failure) 118M->118M(127M) 35.092ms
[2020-08-10T13:21:34.551+0300][2234.090s][info ][gc] GC(72843) Pause Young (Allocation Failure) 119M->119M(127M) 33.849ms
[2020-08-10T13:21:34.568+0300][2234.107s][info ][gc] GC(72844) Pause Young (Allocation Failure) 120M->120M(127M) 16.983ms
[2020-08-10T13:21:34.595+0300][2234.134s][info ][gc] GC(72845) Pause Young (Allocation Failure) 121M->121M(127M) 26.500ms
[2020-08-10T13:21:34.613+0300][2234.152s][info ][gc] GC(72846) Pause Young (Allocation Failure) 122M->122M(127M) 17.346ms
[2020-08-10T13:21:34.631+0300][2234.170s][info ][gc] GC(72847) Pause Young (Allocation Failure) 123M->123M(127M) 17.464ms
[2020-08-10T13:21:34.658+0300][2234.197s][info ][gc] GC(72848) Pause Young (Allocation Failure) 124M->124M(127M) 26.892ms
[2020-08-10T13:21:34.682+0300][2234.221s][info ][gc] GC(72849) Pause Young (Allocation Failure) 125M->125M(127M) 22.829ms
[2020-08-10T13:21:35.184+0300][2234.723s][debug][gc] GC(72850) Expanding ParOldGen from 128000K by 11776K to 139776K
[2020-08-10T13:21:35.184+0300][2234.723s][info ][gc] GC(72850) Pause Full (Ergonomics) 125M->124M(139M) 502.388ms
[2020-08-10T13:21:35.204+0300][2234.744s][info ][gc] GC(72851) Pause Young (Allocation Failure) 125M->125M(139M) 19.646ms
[2020-08-10T13:21:35.225+0300][2234.765s][info ][gc] GC(72852) Pause Young (Allocation Failure) 126M->126M(139M) 20.442ms
[2020-08-10T13:21:35.243+0300][2234.782s][info ][gc] GC(72853) Pause Young (Allocation Failure) 127M->127M(139M) 17.301ms
[2020-08-10T13:21:35.281+0300][2234.820s][info ][gc] GC(72854) Pause Young (Allocation Failure) 128M->128M(139M) 37.278ms
[2020-08-10T13:21:35.312+0300][2234.851s][info ][gc] GC(72855) Pause Young (Allocation Failure) 129M->129M(139M) 30.012ms
[2020-08-10T13:21:35.341+0300][2234.880s][info ][gc] GC(72856) Pause Young (Allocation Failure) 130M->130M(139M) 28.297ms
[2020-08-10T13:21:35.364+0300][2234.903s][info ][gc] GC(72857) Pause Young (Allocation Failure) 131M->131M(139M) 22.853ms
[2020-08-10T13:21:35.383+0300][2234.922s][info ][gc] GC(72858) Pause Young (Allocation Failure) 132M->132M(139M) 18.272ms
[2020-08-10T13:21:35.401+0300][2234.940s][info ][gc] GC(72859) Pause Young (Allocation Failure) 133M->133M(139M) 17.967ms
[2020-08-10T13:21:35.430+0300][2234.970s][info ][gc] GC(72860) Pause Young (Allocation Failure) 134M->134M(139M) 28.918ms
[2020-08-10T13:21:35.474+0300][2235.013s][info ][gc] GC(72861) Pause Young (Allocation Failure) 135M->135M(139M) 42.676ms
[2020-08-10T13:21:35.507+0300][2235.046s][info ][gc] GC(72862) Pause Young (Allocation Failure) 136M->136M(139M) 32.547ms
[2020-08-10T13:21:36.041+0300][2235.580s][debug][gc] GC(72863) Expanding ParOldGen from 139776K by 11264K to 151040K
[2020-08-10T13:21:36.041+0300][2235.580s][info ][gc] GC(72863) Pause Full (Ergonomics) 136M->136M(150M) 533.812ms
[2020-08-10T13:21:36.076+0300][2235.615s][info ][gc] GC(72864) Pause Young (Allocation Failure) 137M->137M(150M) 34.234ms
[2020-08-10T13:21:36.098+0300][2235.637s][info ][gc] GC(72865) Pause Young (Allocation Failure) 138M->138M(150M) 20.608ms
[2020-08-10T13:21:36.142+0300][2235.681s][info ][gc] GC(72866) Pause Young (Allocation Failure) 139M->138M(150M) 43.375ms
[2020-08-10T13:21:36.171+0300][2235.711s][info ][gc] GC(72867) Pause Young (Allocation Failure) 139M->139M(150M) 28.995ms
[2020-08-10T13:21:36.196+0300][2235.735s][info ][gc] GC(72868) Pause Young (Allocation Failure) 140M->140M(150M) 23.951ms
[2020-08-10T13:21:36.228+0300][2235.767s][info ][gc] GC(72869) Pause Young (Allocation Failure) 141M->141M(150M) 31.282ms
[2020-08-10T13:21:36.254+0300][2235.793s][info ][gc] GC(72870) Pause Young (Allocation Failure) 142M->142M(150M) 25.434ms
[2020-08-10T13:21:36.288+0300][2235.828s][info ][gc] GC(72871) Pause Young (Allocation Failure) 143M->143M(150M) 34.511ms
[2020-08-10T13:21:36.315+0300][2235.854s][info ][gc] GC(72872) Pause Young (Allocation Failure) 144M->144M(150M) 26.310ms
[2020-08-10T13:21:36.337+0300][2235.876s][info ][gc] GC(72873) Pause Young (Allocation Failure) 145M->145M(150M) 21.202ms
[2020-08-10T13:21:36.356+0300][2235.896s][info ][gc] GC(72874) Pause Young (Allocation Failure) 146M->146M(150M) 19.103ms
[2020-08-10T13:21:36.357+0300][2235.896s][debug][gc] Expanding ParOldGen from 151040K by 19968K to 171008K
[2020-08-10T13:21:36.423+0300][2235.963s][info ][gc] GC(72875) Pause Young (Allocation Failure) 166M->166M(169M) 58.685ms
[2020-08-10T13:21:36.459+0300][2235.998s][info ][gc] GC(72876) Pause Young (Allocation Failure) 167M->167M(169M) 34.829ms
[2020-08-10T13:21:36.517+0300][2236.056s][debug][gc] GC(72877) Shrinking ParOldGen from 171008K by 124416K to 46592K
[2020-08-10T13:21:36.517+0300][2236.056s][info ][gc] GC(72877) Pause Full (Ergonomics) 167M->34M(48M) 57.902ms
[2020-08-10T13:21:36.532+0300][2236.071s][info ][gc] GC(72878) Pause Young (Allocation Failure) 35M->34M(48M) 14.843ms
[2020-08-10T13:21:36.548+0300][2236.087s][info ][gc] GC(72879) Pause Young (Allocation Failure) 35M->35M(48M) 15.064ms
[2020-08-10T13:21:36.562+0300][2236.101s][info ][gc] GC(72880) Pause Young (Allocation Failure) 36M->36M(48M) 13.763ms
[2020-08-10T13:21:36.576+0300][2236.116s][info ][gc] GC(72881) Pause Young (Allocation Failure) 37M->37M(48M) 13.949ms
[2020-08-10T13:21:36.591+0300][2236.130s][info ][gc] GC(72882) Pause Young (Allocation Failure) 38M->38M(48M) 13.843ms
[2020-08-10T13:21:36.605+0300][2236.144s][info ][gc] GC(72883) Pause Young (Allocation Failure) 39M->39M(48M) 13.814ms
[2020-08-10T13:21:36.619+0300][2236.158s][info ][gc] GC(72884) Pause Young (Allocation Failure) 40M->40M(48M) 13.782ms
[2020-08-10T13:21:36.634+0300][2236.173s][info ][gc] GC(72885) Pause Young (Allocation Failure) 41M->41M(48M) 13.885ms
[2020-08-10T13:21:36.648+0300][2236.187s][info ][gc] GC(72886) Pause Young (Allocation Failure) 42M->42M(48M) 13.833ms
[2020-08-10T13:21:36.662+0300][2236.202s][info ][gc] GC(72887) Pause Young (Allocation Failure) 43M->43M(48M) 13.721ms
[2020-08-10T13:21:36.677+0300][2236.216s][info ][gc] GC(72888) Pause Young (Allocation Failure) 44M->44M(48M) 13.762ms
[2020-08-10T13:21:36.691+0300][2236.230s][info ][gc] GC(72889) Pause Young (Allocation Failure) 45M->45M(48M) 13.746ms
[2020-08-10T13:21:36.781+0300][2236.320s][debug][gc] GC(72890) Expanding ParOldGen from 46592K by 11264K to 57856K
[2020-08-10T13:21:36.781+0300][2236.320s][info ][gc] GC(72890) Pause Full (Ergonomics) 45M->44M(59M) 89.819ms
[2020-08-10T13:21:36.794+0300][2236.334s][info ][gc] GC(72891) Pause Young (Allocation Failure) 45M->45M(59M) 13.469ms
[2020-08-10T13:21:36.809+0300][2236.349s][info ][gc] GC(72892) Pause Young (Allocation Failure) 46M->46M(59M) 14.011ms
[2020-08-10T13:21:36.824+0300][2236.363s][info ][gc] GC(72893) Pause Young (Allocation Failure) 47M->47M(59M) 13.940ms
[2020-08-10T13:21:36.845+0300][2236.384s][info ][gc] GC(72894) Pause Young (Allocation Failure) 48M->48M(59M) 20.825ms
[2020-08-10T13:21:36.868+0300][2236.407s][info ][gc] GC(72895) Pause Young (Allocation Failure) 49M->49M(58M) 21.998ms
[2020-08-10T13:21:36.887+0300][2236.426s][info ][gc] GC(72896) Pause Young (Allocation Failure) 50M->50M(58M) 18.753ms
[2020-08-10T13:21:36.902+0300][2236.441s][info ][gc] GC(72897) Pause Young (Allocation Failure) 51M->51M(59M) 14.060ms
[2020-08-10T13:21:36.933+0300][2236.472s][info ][gc] GC(72898) Pause Young (Allocation Failure) 52M->52M(59M) 30.432ms
[2020-08-10T13:21:36.965+0300][2236.504s][info ][gc] GC(72899) Pause Young (Allocation Failure) 53M->53M(59M) 31.327ms
[2020-08-10T13:21:36.980+0300][2236.519s][info ][gc] GC(72900) Pause Young (Allocation Failure) 54M->54M(58M) 14.376ms
[2020-08-10T13:21:36.994+0300][2236.533s][info ][gc] GC(72901) Pause Young (Allocation Failure) 55M->55M(58M) 14.002ms
[2020-08-10T13:21:37.009+0300][2236.548s][info ][gc] GC(72902) Pause Young (Allocation Failure) 56M->56M(58M) 14.296ms
[2020-08-10T13:21:37.177+0300][2236.716s][debug][gc] GC(72903) Expanding ParOldGen from 57856K by 11264K to 69120K
[2020-08-10T13:21:37.177+0300][2236.716s][info ][gc] GC(72903) Pause Full (Ergonomics) 56M->56M(69M) 167.792ms
[2020-08-10T13:21:37.190+0300][2236.730s][info ][gc] GC(72904) Pause Young (Allocation Failure) 57M->57M(69M) 13.320ms
[2020-08-10T13:21:37.211+0300][2236.751s][info ][gc] GC(72905) Pause Young (Allocation Failure) 58M->58M(69M) 20.404ms
[2020-08-10T13:21:37.225+0300][2236.765s][info ][gc] GC(72906) Pause Young (Allocation Failure) 59M->59M(69M) 13.798ms
[2020-08-10T13:21:37.240+0300][2236.779s][info ][gc] GC(72907) Pause Young (Allocation Failure) 60M->59M(69M) 13.824ms
[2020-08-10T13:21:37.254+0300][2236.793s][info ][gc] GC(72908) Pause Young (Allocation Failure) 60M->60M(69M) 13.891ms
[2020-08-10T13:21:37.268+0300][2236.808s][info ][gc] GC(72909) Pause Young (Allocation Failure) 61M->61M(69M) 13.746ms
[2020-08-10T13:21:37.299+0300][2236.838s][info ][gc] GC(72910) Pause Young (Allocation Failure) 62M->62M(69M) 29.729ms
[2020-08-10T13:21:37.326+0300][2236.865s][info ][gc] GC(72911) Pause Young (Allocation Failure) 63M->63M(69M) 26.436ms
[2020-08-10T13:21:37.341+0300][2236.880s][info ][gc] GC(72912) Pause Young (Allocation Failure) 64M->64M(69M) 14.358ms
[2020-08-10T13:21:37.356+0300][2236.895s][info ][gc] GC(72913) Pause Young (Allocation Failure) 65M->65M(69M) 13.970ms
[2020-08-10T13:21:37.370+0300][2236.909s][info ][gc] GC(72914) Pause Young (Allocation Failure) 66M->66M(69M) 14.058ms
[2020-08-10T13:21:37.385+0300][2236.924s][info ][gc] GC(72915) Pause Young (Allocation Failure) 67M->67M(69M) 13.846ms
[2020-08-10T13:21:37.545+0300][2237.085s][debug][gc] GC(72916) Expanding ParOldGen from 69120K by 11776K to 80896K
[2020-08-10T13:21:37.545+0300][2237.085s][info ][gc] GC(72916) Pause Full (Ergonomics) 67M->67M(81M) 160.731ms
[2020-08-10T13:21:37.560+0300][2237.099s][info ][gc] GC(72917) Pause Young (Allocation Failure) 68M->68M(81M) 13.400ms
[2020-08-10T13:21:37.577+0300][2237.116s][info ][gc] GC(72918) Pause Young (Allocation Failure) 69M->69M(81M) 16.892ms
[2020-08-10T13:21:37.592+0300][2237.131s][info ][gc] GC(72919) Pause Young (Allocation Failure) 70M->70M(81M) 13.669ms
[2020-08-10T13:21:37.606+0300][2237.145s][info ][gc] GC(72920) Pause Young (Allocation Failure) 71M->71M(81M) 13.842ms
[2020-08-10T13:21:37.620+0300][2237.159s][info ][gc] GC(72921) Pause Young (Allocation Failure) 72M->72M(81M) 13.805ms
[2020-08-10T13:21:37.635+0300][2237.174s][info ][gc] GC(72922) Pause Young (Allocation Failure) 73M->73M(81M) 13.866ms
[2020-08-10T13:21:37.650+0300][2237.189s][info ][gc] GC(72923) Pause Young (Allocation Failure) 74M->74M(81M) 13.965ms
[2020-08-10T13:21:37.665+0300][2237.204s][info ][gc] GC(72924) Pause Young (Allocation Failure) 75M->74M(81M) 14.105ms
[2020-08-10T13:21:37.679+0300][2237.219s][info ][gc] GC(72925) Pause Young (Allocation Failure) 75M->75M(81M) 14.187ms
[2020-08-10T13:21:37.694+0300][2237.233s][info ][gc] GC(72926) Pause Young (Allocation Failure) 76M->76M(81M) 13.929ms
[2020-08-10T13:21:37.708+0300][2237.248s][info ][gc] GC(72927) Pause Young (Allocation Failure) 77M->77M(81M) 14.209ms
[2020-08-10T13:21:37.723+0300][2237.262s][info ][gc] GC(72928) Pause Young (Allocation Failure) 78M->78M(81M) 13.904ms
[2020-08-10T13:21:37.737+0300][2237.277s][info ][gc] GC(72929) Pause Young (Allocation Failure) 79M->79M(81M) 14.064ms
[2020-08-10T13:21:38.014+0300][2237.553s][debug][gc] GC(72930) Expanding ParOldGen from 80896K by 11264K to 92160K
[2020-08-10T13:21:38.014+0300][2237.553s][info ][gc] GC(72930) Pause Full (Ergonomics) 79M->79M(92M) 276.177ms
[2020-08-10T13:21:38.060+0300][2237.600s][info ][gc] GC(72931) Pause Young (Allocation Failure) 80M->80M(92M) 45.836ms
[2020-08-10T13:21:38.086+0300][2237.625s][info ][gc] GC(72932) Pause Young (Allocation Failure) 81M->81M(92M) 25.284ms
[2020-08-10T13:21:38.101+0300][2237.640s][info ][gc] GC(72933) Pause Young (Allocation Failure) 82M->82M(92M) 14.276ms
[2020-08-10T13:21:38.129+0300][2237.669s][info ][gc] GC(72934) Pause Young (Allocation Failure) 83M->83M(92M) 27.428ms
[2020-08-10T13:21:38.145+0300][2237.684s][info ][gc] GC(72935) Pause Young (Allocation Failure) 84M->84M(92M) 15.295ms
[2020-08-10T13:21:38.160+0300][2237.699s][info ][gc] GC(72936) Pause Young (Allocation Failure) 85M->85M(92M) 14.326ms
[2020-08-10T13:21:38.175+0300][2237.714s][info ][gc] GC(72937) Pause Young (Allocation Failure) 86M->86M(92M) 14.139ms
[2020-08-10T13:21:38.195+0300][2237.734s][info ][gc] GC(72938) Pause Young (Allocation Failure) 87M->87M(92M) 19.672ms
[2020-08-10T13:21:38.210+0300][2237.749s][info ][gc] GC(72939) Pause Young (Allocation Failure) 88M->88M(92M) 14.470ms
[2020-08-10T13:21:38.225+0300][2237.764s][info ][gc] GC(72940) Pause Young (Allocation Failure) 89M->89M(92M) 14.406ms
[2020-08-10T13:21:38.239+0300][2237.779s][info ][gc] GC(72941) Pause Young (Allocation Failure) 90M->90M(92M) 14.089ms
[2020-08-10T13:21:38.544+0300][2238.083s][debug][gc] GC(72942) Expanding ParOldGen from 92160K by 11264K to 103424K
[2020-08-10T13:21:38.544+0300][2238.083s][info ][gc] GC(72942) Pause Full (Ergonomics) 90M->89M(103M) 304.565ms
[2020-08-10T13:21:38.572+0300][2238.111s][info ][gc] GC(72943) Pause Young (Allocation Failure) 90M->90M(103M) 26.606ms
[2020-08-10T13:21:38.594+0300][2238.134s][info ][gc] GC(72944) Pause Young (Allocation Failure) 91M->91M(103M) 22.407ms
[2020-08-10T13:21:38.612+0300][2238.151s][info ][gc] GC(72945) Pause Young (Allocation Failure) 92M->92M(103M) 16.841ms
[2020-08-10T13:21:38.643+0300][2238.182s][info ][gc] GC(72946) Pause Young (Allocation Failure) 93M->93M(103M) 30.315ms
[2020-08-10T13:21:38.658+0300][2238.197s][info ][gc] GC(72947) Pause Young (Allocation Failure) 94M->94M(103M) 14.296ms
[2020-08-10T13:21:38.680+0300][2238.219s][info ][gc] GC(72948) Pause Young (Allocation Failure) 95M->95M(103M) 21.096ms
[2020-08-10T13:21:38.694+0300][2238.234s][info ][gc] GC(72949) Pause Young (Allocation Failure) 96M->96M(103M) 14.099ms
[2020-08-10T13:21:38.712+0300][2238.252s][info ][gc] GC(72950) Pause Young (Allocation Failure) 97M->97M(102M) 17.519ms
[2020-08-10T13:21:38.726+0300][2238.266s][info ][gc] GC(72951) Pause Young (Allocation Failure) 97M->97M(103M) 13.656ms
[2020-08-10T13:21:38.740+0300][2238.280s][info ][gc] GC(72952) Pause Young (Allocation Failure) 98M->98M(103M) 13.670ms
[2020-08-10T13:21:38.761+0300][2238.300s][info ][gc] GC(72953) Pause Young (Allocation Failure) 98M->98M(103M) 20.230ms
[2020-08-10T13:21:38.776+0300][2238.315s][info ][gc] GC(72954) Pause Young (Allocation Failure) 99M->99M(103M) 13.924ms
[2020-08-10T13:21:38.790+0300][2238.329s][info ][gc] GC(72955) Pause Young (Allocation Failure) 99M->99M(103M) 13.638ms
[2020-08-10T13:21:38.803+0300][2238.343s][info ][gc] GC(72956) Pause Young (Allocation Failure) 100M->100M(103M) 13.501ms
[2020-08-10T13:21:38.817+0300][2238.357s][info ][gc] GC(72957) Pause Young (Allocation Failure) 100M->100M(103M) 13.566ms
[2020-08-10T13:21:39.147+0300][2238.686s][debug][gc] GC(72958) Expanding ParOldGen from 103424K by 11264K to 114688K
[2020-08-10T13:21:39.147+0300][2238.686s][info ][gc] GC(72958) Pause Full (Ergonomics) 100M->100M(114M) 329.236ms
[2020-08-10T13:21:39.161+0300][2238.700s][info ][gc] GC(72959) Pause Young (Allocation Failure) 100M->100M(114M) 13.478ms
[2020-08-10T13:21:39.179+0300][2238.718s][info ][gc] GC(72960) Pause Young (Allocation Failure) 101M->101M(114M) 17.597ms
[2020-08-10T13:21:39.193+0300][2238.733s][info ][gc] GC(72961) Pause Young (Allocation Failure) 101M->101M(114M) 13.768ms
[2020-08-10T13:21:39.216+0300][2238.755s][info ][gc] GC(72962) Pause Young (Allocation Failure) 102M->102M(114M) 21.781ms
[2020-08-10T13:21:39.245+0300][2238.784s][info ][gc] GC(72963) Pause Young (Allocation Failure) 102M->102M(114M) 28.250ms
[2020-08-10T13:21:39.259+0300][2238.798s][info ][gc] GC(72964) Pause Young (Allocation Failure) 103M->103M(114M) 13.482ms
[2020-08-10T13:21:39.272+0300][2238.812s][info ][gc] GC(72965) Pause Young (Allocation Failure) 103M->103M(114M) 13.556ms
[2020-08-10T13:21:39.286+0300][2238.826s][info ][gc] GC(72966) Pause Young (Allocation Failure) 104M->104M(114M) 13.597ms
[2020-08-10T13:21:39.300+0300][2238.840s][info ][gc] GC(72967) Pause Young (Allocation Failure) 104M->104M(114M) 13.610ms
[2020-08-10T13:21:39.315+0300][2238.854s][info ][gc] GC(72968) Pause Young (Allocation Failure) 105M->104M(113M) 13.930ms
[2020-08-10T13:21:39.329+0300][2238.868s][info ][gc] GC(72969) Pause Young (Allocation Failure) 105M->105M(113M) 13.725ms
[2020-08-10T13:21:39.343+0300][2238.882s][info ][gc] GC(72970) Pause Young (Allocation Failure) 105M->105M(113M) 13.453ms
[2020-08-10T13:21:39.373+0300][2238.912s][info ][gc] GC(72971) Pause Young (Allocation Failure) 106M->106M(113M) 29.573ms
[2020-08-10T13:21:39.387+0300][2238.927s][info ][gc] GC(72972) Pause Young (Allocation Failure) 106M->106M(113M) 14.234ms
[2020-08-10T13:21:39.401+0300][2238.940s][info ][gc] GC(72973) Pause Young (Allocation Failure) 107M->107M(113M) 13.456ms
[2020-08-10T13:21:39.431+0300][2238.970s][info ][gc] GC(72974) Pause Young (Allocation Failure) 107M->107M(113M) 29.390ms
[2020-08-10T13:21:39.445+0300][2238.984s][info ][gc] GC(72975) Pause Young (Allocation Failure) 108M->108M(113M) 13.866ms
[2020-08-10T13:21:39.466+0300][2239.006s][info ][gc] GC(72976) Pause Young (Allocation Failure) 108M->108M(113M) 20.888ms
[2020-08-10T13:21:39.480+0300][2239.020s][info ][gc] GC(72977) Pause Young (Allocation Failure) 109M->109M(113M) 13.669ms
[2020-08-10T13:21:39.495+0300][2239.034s][info ][gc] GC(72978) Pause Young (Allocation Failure) 109M->109M(113M) 13.967ms
[2020-08-10T13:21:39.519+0300][2239.059s][info ][gc] GC(72979) Pause Young (Allocation Failure) 110M->110M(113M) 23.999ms
[2020-08-10T13:21:39.534+0300][2239.073s][info ][gc] GC(72980) Pause Young (Allocation Failure) 110M->110M(113M) 13.898ms
[2020-08-10T13:21:39.564+0300][2239.104s][info ][gc] GC(72981) Pause Young (Allocation Failure) 111M->111M(113M) 30.090ms
[2020-08-10T13:21:39.581+0300][2239.120s][info ][gc] GC(72982) Pause Young (Allocation Failure) 111M->111M(113M) 15.510ms
[2020-08-10T13:21:39.595+0300][2239.134s][info ][gc] GC(72983) Pause Young (Allocation Failure) 111M->111M(113M) 13.498ms
[2020-08-10T13:21:39.979+0300][2239.519s][debug][gc] GC(72984) Expanding ParOldGen from 114688K by 10752K to 125440K
[2020-08-10T13:21:39.980+0300][2239.519s][info ][gc] GC(72984) Pause Full (Ergonomics) 111M->111M(124M) 384.827ms
[2020-08-10T13:21:39.993+0300][2239.533s][info ][gc] GC(72985) Pause Young (Allocation Failure) 112M->111M(124M) 13.639ms
[2020-08-10T13:21:40.008+0300][2239.547s][info ][gc] GC(72986) Pause Young (Allocation Failure) 112M->112M(124M) 13.523ms
[2020-08-10T13:21:40.022+0300][2239.561s][info ][gc] GC(72987) Pause Young (Allocation Failure) 112M->112M(124M) 13.778ms
[2020-08-10T13:21:40.036+0300][2239.576s][info ][gc] GC(72988) Pause Young (Allocation Failure) 113M->113M(124M) 13.838ms
[2020-08-10T13:21:40.051+0300][2239.590s][info ][gc] GC(72989) Pause Young (Allocation Failure) 113M->113M(124M) 13.784ms
[2020-08-10T13:21:40.065+0300][2239.605s][info ][gc] GC(72990) Pause Young (Allocation Failure) 114M->114M(124M) 13.509ms
[2020-08-10T13:21:40.079+0300][2239.619s][info ][gc] GC(72991) Pause Young (Allocation Failure) 114M->114M(124M) 13.771ms
[2020-08-10T13:21:40.094+0300][2239.633s][info ][gc] GC(72992) Pause Young (Allocation Failure) 115M->115M(124M) 13.799ms
[2020-08-10T13:21:40.108+0300][2239.648s][info ][gc] GC(72993) Pause Young (Allocation Failure) 115M->115M(124M) 13.766ms
[2020-08-10T13:21:40.123+0300][2239.662s][info ][gc] GC(72994) Pause Young (Allocation Failure) 116M->116M(124M) 13.832ms
[2020-08-10T13:21:40.137+0300][2239.676s][info ][gc] GC(72995) Pause Young (Allocation Failure) 116M->116M(124M) 13.641ms
[2020-08-10T13:21:40.151+0300][2239.691s][info ][gc] GC(72996) Pause Young (Allocation Failure) 116M->116M(124M) 13.957ms
[2020-08-10T13:21:40.166+0300][2239.705s][info ][gc] GC(72997) Pause Young (Allocation Failure) 117M->117M(124M) 13.870ms
[2020-08-10T13:21:40.180+0300][2239.719s][info ][gc] GC(72998) Pause Young (Allocation Failure) 117M->117M(124M) 13.711ms
[2020-08-10T13:21:40.200+0300][2239.739s][info ][gc] GC(72999) Pause Young (Allocation Failure) 118M->118M(124M) 19.744ms
[2020-08-10T13:21:40.214+0300][2239.753s][info ][gc] GC(73000) Pause Young (Allocation Failure) 118M->118M(124M) 13.610ms
[2020-08-10T13:21:40.228+0300][2239.768s][info ][gc] GC(73001) Pause Young (Allocation Failure) 119M->119M(124M) 13.494ms
[2020-08-10T13:21:40.242+0300][2239.782s][info ][gc] GC(73002) Pause Young (Allocation Failure) 119M->119M(124M) 13.639ms
[2020-08-10T13:21:40.268+0300][2239.808s][info ][gc] GC(73003) Pause Young (Allocation Failure) 120M->120M(124M) 25.537ms
[2020-08-10T13:21:40.288+0300][2239.827s][info ][gc] GC(73004) Pause Young (Allocation Failure) 120M->120M(124M) 19.459ms
[2020-08-10T13:21:40.302+0300][2239.842s][info ][gc] GC(73005) Pause Young (Allocation Failure) 121M->121M(124M) 13.822ms
[2020-08-10T13:21:40.317+0300][2239.856s][info ][gc] GC(73006) Pause Young (Allocation Failure) 121M->121M(124M) 13.886ms
[2020-08-10T13:21:40.331+0300][2239.870s][info ][gc] GC(73007) Pause Young (Allocation Failure) 122M->122M(124M) 13.829ms
[2020-08-10T13:21:40.345+0300][2239.884s][info ][gc] GC(73008) Pause Young (Allocation Failure) 122M->122M(124M) 13.563ms
[2020-08-10T13:21:40.776+0300][2240.316s][debug][gc] GC(73009) Expanding ParOldGen from 125440K by 10752K to 136192K
[2020-08-10T13:21:40.776+0300][2240.316s][info ][gc] GC(73009) Pause Full (Ergonomics) 122M->122M(134M) 431.155ms
[2020-08-10T13:21:40.792+0300][2240.331s][info ][gc] GC(73010) Pause Young (Allocation Failure) 122M->122M(134M) 15.119ms
[2020-08-10T13:21:40.811+0300][2240.351s][info ][gc] GC(73011) Pause Young (Allocation Failure) 123M->123M(134M) 18.817ms
[2020-08-10T13:21:40.826+0300][2240.366s][info ][gc] GC(73012) Pause Young (Allocation Failure) 123M->123M(134M) 14.787ms
[2020-08-10T13:21:40.844+0300][2240.383s][info ][gc] GC(73013) Pause Young (Allocation Failure) 124M->123M(134M) 17.026ms
[2020-08-10T13:21:40.859+0300][2240.398s][info ][gc] GC(73014) Pause Young (Allocation Failure) 124M->124M(134M) 14.273ms
[2020-08-10T13:21:40.880+0300][2240.419s][info ][gc] GC(73015) Pause Young (Allocation Failure) 124M->124M(134M) 20.219ms
[2020-08-10T13:21:40.894+0300][2240.434s][info ][gc] GC(73016) Pause Young (Allocation Failure) 125M->125M(134M) 13.955ms
[2020-08-10T13:21:40.913+0300][2240.452s][info ][gc] GC(73017) Pause Young (Allocation Failure) 125M->125M(134M) 18.164ms
[2020-08-10T13:21:40.928+0300][2240.467s][info ][gc] GC(73018) Pause Young (Allocation Failure) 126M->126M(134M) 14.508ms
[2020-08-10T13:21:40.943+0300][2240.482s][info ][gc] GC(73019) Pause Young (Allocation Failure) 126M->126M(134M) 14.638ms
[2020-08-10T13:21:40.960+0300][2240.500s][info ][gc] GC(73020) Pause Young (Allocation Failure) 127M->127M(134M) 16.888ms
[2020-08-10T13:21:40.975+0300][2240.515s][info ][gc] GC(73021) Pause Young (Allocation Failure) 127M->127M(134M) 14.625ms
[2020-08-10T13:21:40.993+0300][2240.532s][info ][gc] GC(73022) Pause Young (Allocation Failure) 128M->128M(134M) 17.225ms
[2020-08-10T13:21:41.010+0300][2240.550s][info ][gc] GC(73023) Pause Young (Allocation Failure) 128M->128M(134M) 17.263ms
[2020-08-10T13:21:41.028+0300][2240.568s][info ][gc] GC(73024) Pause Young (Allocation Failure) 129M->129M(134M) 17.400ms
[2020-08-10T13:21:41.051+0300][2240.591s][info ][gc] GC(73025) Pause Young (Allocation Failure) 129M->129M(134M) 22.400ms
[2020-08-10T13:21:41.066+0300][2240.606s][info ][gc] GC(73026) Pause Young (Allocation Failure) 129M->129M(134M) 14.924ms
[2020-08-10T13:21:41.082+0300][2240.621s][info ][gc] GC(73027) Pause Young (Allocation Failure) 130M->130M(134M) 14.890ms
[2020-08-10T13:21:41.097+0300][2240.637s][info ][gc] GC(73028) Pause Young (Allocation Failure) 130M->130M(134M) 14.948ms
[2020-08-10T13:21:41.112+0300][2240.652s][info ][gc] GC(73029) Pause Young (Allocation Failure) 131M->131M(134M) 14.958ms
[2020-08-10T13:21:41.127+0300][2240.667s][info ][gc] GC(73030) Pause Young (Allocation Failure) 131M->131M(134M) 14.823ms
[2020-08-10T13:21:41.145+0300][2240.685s][info ][gc] GC(73031) Pause Young (Allocation Failure) 132M->132M(134M) 17.228ms
[2020-08-10T13:21:41.160+0300][2240.700s][info ][gc] GC(73032) Pause Young (Allocation Failure) 132M->132M(134M) 14.769ms
[2020-08-10T13:21:41.175+0300][2240.715s][info ][gc] GC(73033) Pause Young (Allocation Failure) 133M->133M(134M) 14.932ms
[2020-08-10T13:21:41.660+0300][2241.200s][debug][gc] GC(73034) Expanding ParOldGen from 136192K by 10752K to 146944K
[2020-08-10T13:21:41.660+0300][2241.200s][info ][gc] GC(73034) Pause Full (Ergonomics) 133M->132M(145M) 484.780ms
[2020-08-10T13:21:41.675+0300][2241.214s][info ][gc] GC(73035) Pause Young (Allocation Failure) 133M->133M(145M) 13.763ms
[2020-08-10T13:21:41.696+0300][2241.236s][info ][gc] GC(73036) Pause Young (Allocation Failure) 133M->133M(145M) 21.067ms
[2020-08-10T13:21:41.712+0300][2241.251s][info ][gc] GC(73037) Pause Young (Allocation Failure) 134M->134M(145M) 14.911ms
[2020-08-10T13:21:41.730+0300][2241.269s][info ][gc] GC(73038) Pause Young (Allocation Failure) 134M->134M(145M) 17.726ms
[2020-08-10T13:21:41.757+0300][2241.296s][info ][gc] GC(73039) Pause Young (Allocation Failure) 135M->135M(145M) 26.664ms
[2020-08-10T13:21:41.774+0300][2241.314s][info ][gc] GC(73040) Pause Young (Allocation Failure) 135M->135M(145M) 16.858ms
[2020-08-10T13:21:41.790+0300][2241.329s][info ][gc] GC(73041) Pause Young (Allocation Failure) 136M->135M(145M) 15.231ms
[2020-08-10T13:21:41.808+0300][2241.347s][info ][gc] GC(73042) Pause Young (Allocation Failure) 136M->136M(145M) 17.241ms
[2020-08-10T13:21:41.831+0300][2241.371s][info ][gc] GC(73043) Pause Young (Allocation Failure) 136M->136M(145M) 23.396ms
[2020-08-10T13:21:41.847+0300][2241.386s][info ][gc] GC(73044) Pause Young (Allocation Failure) 137M->137M(145M) 15.299ms
[2020-08-10T13:21:41.863+0300][2241.402s][info ][gc] GC(73045) Pause Young (Allocation Failure) 137M->137M(145M) 15.274ms
[2020-08-10T13:21:41.883+0300][2241.422s][info ][gc] GC(73046) Pause Young (Allocation Failure) 138M->138M(145M) 19.611ms
[2020-08-10T13:21:41.899+0300][2241.438s][info ][gc] GC(73047) Pause Young (Allocation Failure) 138M->138M(145M) 15.163ms
[2020-08-10T13:21:41.920+0300][2241.459s][info ][gc] GC(73048) Pause Young (Allocation Failure) 139M->139M(145M) 20.274ms
[2020-08-10T13:21:41.936+0300][2241.475s][info ][gc] GC(73049) Pause Young (Allocation Failure) 139M->139M(145M) 15.354ms
[2020-08-10T13:21:41.952+0300][2241.491s][info ][gc] GC(73050) Pause Young (Allocation Failure) 140M->140M(145M) 15.593ms
[2020-08-10T13:21:41.968+0300][2241.507s][info ][gc] GC(73051) Pause Young (Allocation Failure) 140M->140M(145M) 15.729ms
[2020-08-10T13:21:41.984+0300][2241.524s][info ][gc] GC(73052) Pause Young (Allocation Failure) 141M->140M(145M) 15.996ms
[2020-08-10T13:21:42.000+0300][2241.540s][info ][gc] GC(73053) Pause Young (Allocation Failure) 141M->141M(145M) 15.896ms
[2020-08-10T13:21:42.016+0300][2241.556s][info ][gc] GC(73054) Pause Young (Allocation Failure) 141M->141M(145M) 15.644ms
[2020-08-10T13:21:42.035+0300][2241.574s][info ][gc] GC(73055) Pause Young (Allocation Failure) 142M->142M(145M) 18.022ms
[2020-08-10T13:21:42.051+0300][2241.590s][info ][gc] GC(73056) Pause Young (Allocation Failure) 142M->142M(145M) 15.718ms
[2020-08-10T13:21:42.071+0300][2241.611s][info ][gc] GC(73057) Pause Young (Allocation Failure) 143M->143M(145M) 20.337ms
[2020-08-10T13:21:42.088+0300][2241.627s][info ][gc] GC(73058) Pause Young (Allocation Failure) 143M->143M(145M) 16.010ms
[2020-08-10T13:21:42.703+0300][2242.243s][debug][gc] GC(73059) Expanding ParOldGen from 146944K by 10752K to 157696K
[2020-08-10T13:21:42.703+0300][2242.243s][info ][gc] GC(73059) Pause Full (Ergonomics) 143M->143M(155M) 615.602ms
[2020-08-10T13:21:42.736+0300][2242.276s][info ][gc] GC(73060) Pause Young (Allocation Failure) 143M->143M(155M) 32.505ms
[2020-08-10T13:21:42.753+0300][2242.292s][info ][gc] GC(73061) Pause Young (Allocation Failure) 144M->144M(155M) 15.807ms
[2020-08-10T13:21:42.769+0300][2242.309s][info ][gc] GC(73062) Pause Young (Allocation Failure) 144M->144M(155M) 15.932ms
[2020-08-10T13:21:42.786+0300][2242.325s][info ][gc] GC(73063) Pause Young (Allocation Failure) 145M->145M(155M) 15.887ms
[2020-08-10T13:21:42.802+0300][2242.341s][info ][gc] GC(73064) Pause Young (Allocation Failure) 145M->145M(155M) 15.503ms
[2020-08-10T13:21:42.818+0300][2242.358s][info ][gc] GC(73065) Pause Young (Allocation Failure) 146M->145M(155M) 16.171ms
[2020-08-10T13:21:42.835+0300][2242.374s][info ][gc] GC(73066) Pause Young (Allocation Failure) 146M->146M(155M) 15.862ms
[2020-08-10T13:21:42.851+0300][2242.390s][info ][gc] GC(73067) Pause Young (Allocation Failure) 146M->146M(155M) 15.625ms
[2020-08-10T13:21:42.851+0300][2242.390s][debug][gc] Expanding ParOldGen from 157696K by 19968K to 177664K
[2020-08-10T13:21:42.875+0300][2242.415s][info ][gc] GC(73068) Pause Young (Allocation Failure) 166M->166M(175M) 15.587ms
[2020-08-10T13:21:42.896+0300][2242.436s][info ][gc] GC(73069) Pause Young (Allocation Failure) 166M->166M(175M) 20.652ms
[2020-08-10T13:21:42.915+0300][2242.455s][info ][gc] GC(73070) Pause Young (Allocation Failure) 167M->167M(175M) 18.285ms
[2020-08-10T13:21:42.934+0300][2242.473s][info ][gc] GC(73071) Pause Young (Allocation Failure) 167M->167M(175M) 17.936ms
[2020-08-10T13:21:42.948+0300][2242.488s][info ][gc] GC(73072) Pause Young (Allocation Failure) 168M->168M(175M) 14.075ms
[2020-08-10T13:21:42.962+0300][2242.502s][info ][gc] GC(73073) Pause Young (Allocation Failure) 168M->168M(175M) 13.716ms
[2020-08-10T13:21:42.976+0300][2242.516s][info ][gc] GC(73074) Pause Young (Allocation Failure) 169M->169M(175M) 13.777ms
[2020-08-10T13:21:42.991+0300][2242.531s][info ][gc] GC(73075) Pause Young (Allocation Failure) 169M->169M(175M) 14.525ms
[2020-08-10T13:21:43.006+0300][2242.545s][info ][gc] GC(73076) Pause Young (Allocation Failure) 170M->170M(175M) 13.992ms
[2020-08-10T13:21:43.020+0300][2242.559s][info ][gc] GC(73077) Pause Young (Allocation Failure) 170M->170M(175M) 13.771ms
[2020-08-10T13:21:43.034+0300][2242.574s][info ][gc] GC(73078) Pause Young (Allocation Failure) 171M->171M(175M) 13.909ms
[2020-08-10T13:21:43.049+0300][2242.588s][info ][gc] GC(73079) Pause Young (Allocation Failure) 171M->171M(175M) 14.277ms
[2020-08-10T13:21:43.063+0300][2242.603s][info ][gc] GC(73080) Pause Young (Allocation Failure) 171M->171M(175M) 13.789ms
[2020-08-10T13:21:43.078+0300][2242.617s][info ][gc] GC(73081) Pause Young (Allocation Failure) 172M->172M(175M) 14.379ms
[2020-08-10T13:21:43.092+0300][2242.632s][info ][gc] GC(73082) Pause Young (Allocation Failure) 172M->172M(175M) 13.668ms
[2020-08-10T13:21:43.107+0300][2242.646s][info ][gc] GC(73083) Pause Young (Allocation Failure) 173M->173M(175M) 14.259ms
[2020-08-10T13:21:43.124+0300][2242.664s][info ][gc] GC(73084) Pause Young (Allocation Failure) 173M->173M(175M) 17.210ms
[2020-08-10T13:21:43.215+0300][2242.754s][debug][gc] GC(73085) Shrinking ParOldGen from 177664K by 125440K to 52224K
[2020-08-10T13:21:43.215+0300][2242.755s][info ][gc] GC(73085) Pause Full (Ergonomics) 173M->39M(52M) 90.785ms
[2020-08-10T13:21:43.230+0300][2242.769s][info ][gc] GC(73086) Pause Young (Allocation Failure) 40M->40M(52M) 14.127ms
[2020-08-10T13:21:43.243+0300][2242.783s][info ][gc] GC(73087) Pause Young (Allocation Failure) 40M->40M(52M) 13.278ms
[2020-08-10T13:21:43.257+0300][2242.797s][info ][gc] GC(73088) Pause Young (Allocation Failure) 41M->41M(52M) 13.393ms
[2020-08-10T13:21:43.275+0300][2242.815s][info ][gc] GC(73089) Pause Young (Allocation Failure) 41M->41M(52M) 17.675ms
[2020-08-10T13:21:43.290+0300][2242.830s][info ][gc] GC(73090) Pause Young (Allocation Failure) 42M->42M(52M) 14.703ms
[2020-08-10T13:21:43.318+0300][2242.857s][info ][gc] GC(73091) Pause Young (Allocation Failure) 42M->42M(52M) 27.024ms
[2020-08-10T13:21:43.332+0300][2242.871s][info ][gc] GC(73092) Pause Young (Allocation Failure) 43M->43M(52M) 13.486ms
[2020-08-10T13:21:43.346+0300][2242.885s][info ][gc] GC(73093) Pause Young (Allocation Failure) 43M->43M(52M) 13.304ms
[2020-08-10T13:21:43.359+0300][2242.899s][info ][gc] GC(73094) Pause Young (Allocation Failure) 44M->44M(52M) 13.381ms
[2020-08-10T13:21:43.373+0300][2242.913s][info ][gc] GC(73095) Pause Young (Allocation Failure) 44M->44M(52M) 13.307ms
[2020-08-10T13:21:43.388+0300][2242.928s][info ][gc] GC(73096) Pause Young (Allocation Failure) 45M->45M(52M) 14.411ms
[2020-08-10T13:21:43.402+0300][2242.942s][info ][gc] GC(73097) Pause Young (Allocation Failure) 45M->45M(52M) 13.612ms
[2020-08-10T13:21:43.416+0300][2242.956s][info ][gc] GC(73098) Pause Young (Allocation Failure) 46M->46M(52M) 13.538ms
[2020-08-10T13:21:43.442+0300][2242.982s][info ][gc] GC(73099) Pause Young (Allocation Failure) 46M->46M(52M) 25.359ms
[2020-08-10T13:21:43.456+0300][2242.996s][info ][gc] GC(73100) Pause Young (Allocation Failure) 47M->46M(52M) 13.465ms
[2020-08-10T13:21:43.470+0300][2243.009s][info ][gc] GC(73101) Pause Young (Allocation Failure) 47M->47M(52M) 13.476ms
[2020-08-10T13:21:43.484+0300][2243.023s][info ][gc] GC(73102) Pause Young (Allocation Failure) 47M->47M(52M) 13.501ms
[2020-08-10T13:21:43.507+0300][2243.046s][info ][gc] GC(73103) Pause Young (Allocation Failure) 48M->48M(52M) 22.243ms
[2020-08-10T13:21:43.521+0300][2243.060s][info ][gc] GC(73104) Pause Young (Allocation Failure) 48M->48M(52M) 13.683ms
[2020-08-10T13:21:43.535+0300][2243.074s][info ][gc] GC(73105) Pause Young (Allocation Failure) 49M->49M(52M) 13.633ms
[2020-08-10T13:21:43.549+0300][2243.089s][info ][gc] GC(73106) Pause Young (Allocation Failure) 49M->49M(52M) 13.789ms
[2020-08-10T13:21:43.563+0300][2243.103s][info ][gc] GC(73107) Pause Young (Allocation Failure) 50M->50M(52M) 13.869ms
[2020-08-10T13:21:43.584+0300][2243.124s][info ][gc] GC(73108) Pause Young (Allocation Failure) 50M->50M(52M) 20.374ms
[2020-08-10T13:21:43.592+0300][2243.131s][debug][gc] GC(73109) Expanding ParOldGen from 52224K by 512K to 52736K
[2020-08-10T13:21:43.599+0300][2243.139s][info ][gc] GC(73109) Pause Young (Allocation Failure) 51M->51M(53M) 13.845ms
[2020-08-10T13:21:43.737+0300][2243.277s][debug][gc] GC(73110) Expanding ParOldGen from 52736K by 10752K to 63488K
[2020-08-10T13:21:43.738+0300][2243.277s][info ][gc] GC(73110) Pause Full (Ergonomics) 51M->50M(64M) 138.448ms
[2020-08-10T13:21:43.752+0300][2243.291s][info ][gc] GC(73111) Pause Young (Allocation Failure) 51M->51M(64M) 13.455ms
[2020-08-10T13:21:43.766+0300][2243.306s][info ][gc] GC(73112) Pause Young (Allocation Failure) 52M->52M(63M) 14.066ms
[2020-08-10T13:21:43.780+0300][2243.320s][info ][gc] GC(73113) Pause Young (Allocation Failure) 53M->53M(64M) 13.657ms
[2020-08-10T13:21:43.796+0300][2243.335s][info ][gc] GC(73114) Pause Young (Allocation Failure) 53M->53M(64M) 15.004ms
[2020-08-10T13:21:43.810+0300][2243.349s][info ][gc] GC(73115) Pause Young (Allocation Failure) 54M->54M(63M) 13.369ms
[2020-08-10T13:21:43.825+0300][2243.365s][info ][gc] GC(73116) Pause Young (Allocation Failure) 54M->54M(63M) 14.724ms
[2020-08-10T13:21:43.839+0300][2243.378s][info ][gc] GC(73117) Pause Young (Allocation Failure) 55M->55M(63M) 13.396ms
[2020-08-10T13:21:43.861+0300][2243.400s][info ][gc] GC(73118) Pause Young (Allocation Failure) 55M->55M(63M) 21.522ms
[2020-08-10T13:21:43.875+0300][2243.414s][info ][gc] GC(73119) Pause Young (Allocation Failure) 56M->56M(63M) 13.354ms
[2020-08-10T13:21:43.888+0300][2243.428s][info ][gc] GC(73120) Pause Young (Allocation Failure) 56M->56M(63M) 13.372ms
[2020-08-10T13:21:43.902+0300][2243.442s][info ][gc] GC(73121) Pause Young (Allocation Failure) 57M->57M(63M) 13.533ms
[2020-08-10T13:21:43.917+0300][2243.456s][info ][gc] GC(73122) Pause Young (Allocation Failure) 57M->57M(63M) 13.921ms
[2020-08-10T13:21:43.931+0300][2243.471s][info ][gc] GC(73123) Pause Young (Allocation Failure) 57M->57M(63M) 13.897ms
[2020-08-10T13:21:43.945+0300][2243.484s][info ][gc] GC(73124) Pause Young (Allocation Failure) 58M->58M(63M) 13.295ms
[2020-08-10T13:21:43.959+0300][2243.499s][info ][gc] GC(73125) Pause Young (Allocation Failure) 58M->58M(63M) 13.729ms
[2020-08-10T13:21:43.973+0300][2243.512s][info ][gc] GC(73126) Pause Young (Allocation Failure) 59M->59M(63M) 13.337ms
[2020-08-10T13:21:43.987+0300][2243.526s][info ][gc] GC(73127) Pause Young (Allocation Failure) 59M->59M(63M) 13.455ms
[2020-08-10T13:21:44.001+0300][2243.540s][info ][gc] GC(73128) Pause Young (Allocation Failure) 60M->60M(63M) 13.383ms
[2020-08-10T13:21:44.014+0300][2243.554s][info ][gc] GC(73129) Pause Young (Allocation Failure) 60M->60M(63M) 13.320ms
[2020-08-10T13:21:44.028+0300][2243.567s][info ][gc] GC(73130) Pause Young (Allocation Failure) 61M->61M(63M) 13.317ms
[2020-08-10T13:21:44.042+0300][2243.581s][info ][gc] GC(73131) Pause Young (Allocation Failure) 61M->61M(63M) 13.659ms
[2020-08-10T13:21:44.056+0300][2243.596s][info ][gc] GC(73132) Pause Young (Allocation Failure) 62M->62M(63M) 13.602ms
[2020-08-10T13:21:44.257+0300][2243.796s][debug][gc] GC(73133) Expanding ParOldGen from 63488K by 10752K to 74240K
[2020-08-10T13:21:44.257+0300][2243.796s][info ][gc] GC(73133) Pause Full (Ergonomics) 62M->61M(74M) 200.713ms
[2020-08-10T13:21:44.287+0300][2243.827s][info ][gc] GC(73134) Pause Young (Allocation Failure) 62M->62M(74M) 30.068ms
[2020-08-10T13:21:44.302+0300][2243.841s][info ][gc] GC(73135) Pause Young (Allocation Failure) 62M->62M(74M) 13.778ms
[2020-08-10T13:21:44.321+0300][2243.860s][info ][gc] GC(73136) Pause Young (Allocation Failure) 63M->63M(74M) 18.538ms
[2020-08-10T13:21:44.335+0300][2243.875s][info ][gc] GC(73137) Pause Young (Allocation Failure) 63M->63M(74M) 13.827ms
[2020-08-10T13:21:44.349+0300][2243.889s][info ][gc] GC(73138) Pause Young (Allocation Failure) 64M->64M(74M) 13.729ms
[2020-08-10T13:21:44.363+0300][2243.903s][info ][gc] GC(73139) Pause Young (Allocation Failure) 64M->64M(74M) 13.448ms
[2020-08-10T13:21:44.377+0300][2243.917s][info ][gc] GC(73140) Pause Young (Allocation Failure) 65M->65M(74M) 13.361ms
[2020-08-10T13:21:44.391+0300][2243.931s][info ][gc] GC(73141) Pause Young (Allocation Failure) 65M->65M(74M) 13.338ms
[2020-08-10T13:21:44.405+0300][2243.944s][info ][gc] GC(73142) Pause Young (Allocation Failure) 65M->65M(74M) 13.379ms
[2020-08-10T13:21:44.436+0300][2243.976s][info ][gc] GC(73143) Pause Young (Allocation Failure) 66M->66M(74M) 31.277ms
[2020-08-10T13:21:44.450+0300][2243.990s][info ][gc] GC(73144) Pause Young (Allocation Failure) 66M->66M(74M) 13.429ms
[2020-08-10T13:21:44.464+0300][2244.004s][info ][gc] GC(73145) Pause Young (Allocation Failure) 67M->67M(74M) 13.516ms
[2020-08-10T13:21:44.478+0300][2244.018s][info ][gc] GC(73146) Pause Young (Allocation Failure) 67M->67M(74M) 13.598ms
[2020-08-10T13:21:44.492+0300][2244.032s][info ][gc] GC(73147) Pause Young (Allocation Failure) 68M->68M(74M) 13.420ms
[2020-08-10T13:21:44.506+0300][2244.046s][info ][gc] GC(73148) Pause Young (Allocation Failure) 68M->68M(74M) 13.264ms
[2020-08-10T13:21:44.545+0300][2244.085s][info ][gc] GC(73149) Pause Young (Allocation Failure) 69M->69M(74M) 38.268ms
[2020-08-10T13:21:44.560+0300][2244.099s][info ][gc] GC(73150) Pause Young (Allocation Failure) 69M->69M(74M) 14.322ms
[2020-08-10T13:21:44.574+0300][2244.114s][info ][gc] GC(73151) Pause Young (Allocation Failure) 70M->70M(74M) 14.092ms
[2020-08-10T13:21:44.588+0300][2244.128s][info ][gc] GC(73152) Pause Young (Allocation Failure) 70M->70M(74M) 13.426ms
[2020-08-10T13:21:44.602+0300][2244.142s][info ][gc] GC(73153) Pause Young (Allocation Failure) 71M->70M(74M) 13.618ms
[2020-08-10T13:21:44.616+0300][2244.156s][info ][gc] GC(73154) Pause Young (Allocation Failure) 71M->71M(74M) 13.511ms
[2020-08-10T13:21:44.630+0300][2244.169s][info ][gc] GC(73155) Pause Young (Allocation Failure) 71M->71M(74M) 13.452ms
[2020-08-10T13:21:44.644+0300][2244.183s][info ][gc] GC(73156) Pause Young (Allocation Failure) 72M->72M(74M) 13.384ms
[2020-08-10T13:21:44.660+0300][2244.199s][info ][gc] GC(73157) Pause Young (Allocation Failure) 72M->72M(74M) 15.717ms
[2020-08-10T13:21:44.899+0300][2244.439s][debug][gc] GC(73158) Expanding ParOldGen from 74240K by 10752K to 84992K
[2020-08-10T13:21:44.899+0300][2244.439s][info ][gc] GC(73158) Pause Full (Ergonomics) 72M->72M(84M) 239.774ms
[2020-08-10T13:21:44.914+0300][2244.453s][info ][gc] GC(73159) Pause Young (Allocation Failure) 72M->72M(84M) 13.661ms
[2020-08-10T13:21:44.928+0300][2244.467s][info ][gc] GC(73160) Pause Young (Allocation Failure) 73M->73M(84M) 13.286ms
[2020-08-10T13:21:44.942+0300][2244.481s][info ][gc] GC(73161) Pause Young (Allocation Failure) 73M->73M(84M) 13.427ms
[2020-08-10T13:21:44.955+0300][2244.495s][info ][gc] GC(73162) Pause Young (Allocation Failure) 74M->74M(84M) 13.388ms
[2020-08-10T13:21:44.970+0300][2244.510s][info ][gc] GC(73163) Pause Young (Allocation Failure) 74M->74M(84M) 14.310ms
[2020-08-10T13:21:44.984+0300][2244.524s][info ][gc] GC(73164) Pause Young (Allocation Failure) 75M->75M(84M) 13.525ms
[2020-08-10T13:21:44.998+0300][2244.538s][info ][gc] GC(73165) Pause Young (Allocation Failure) 75M->75M(84M) 13.671ms
[2020-08-10T13:21:45.019+0300][2244.559s][info ][gc] GC(73166) Pause Young (Allocation Failure) 76M->76M(84M) 20.832ms
[2020-08-10T13:21:45.040+0300][2244.580s][info ][gc] GC(73167) Pause Young (Allocation Failure) 77M->77M(84M) 20.385ms
[2020-08-10T13:21:45.055+0300][2244.594s][info ][gc] GC(73168) Pause Young (Allocation Failure) 78M->78M(85M) 14.015ms
[2020-08-10T13:21:45.069+0300][2244.609s][info ][gc] GC(73169) Pause Young (Allocation Failure) 79M->78M(85M) 14.094ms
[2020-08-10T13:21:45.086+0300][2244.626s][info ][gc] GC(73170) Pause Young (Allocation Failure) 79M->79M(85M) 16.351ms
[2020-08-10T13:21:45.101+0300][2244.640s][info ][gc] GC(73171) Pause Young (Allocation Failure) 80M->80M(85M) 14.207ms
[2020-08-10T13:21:45.116+0300][2244.655s][info ][gc] GC(73172) Pause Young (Allocation Failure) 81M->81M(85M) 14.285ms
[2020-08-10T13:21:45.130+0300][2244.670s][info ][gc] GC(73173) Pause Young (Allocation Failure) 82M->82M(85M) 14.064ms
[2020-08-10T13:21:45.145+0300][2244.685s][info ][gc] GC(73174) Pause Young (Allocation Failure) 83M->83M(85M) 14.379ms
[2020-08-10T13:21:45.361+0300][2244.901s][debug][gc] GC(73175) Expanding ParOldGen from 84992K by 11776K to 96768K
[2020-08-10T13:21:45.361+0300][2244.901s][info ][gc] GC(73175) Pause Full (Ergonomics) 83M->83M(97M) 216.006ms
[2020-08-10T13:21:45.401+0300][2244.941s][info ][gc] GC(73176) Pause Young (Allocation Failure) 84M->84M(97M) 39.507ms
[2020-08-10T13:21:45.416+0300][2244.956s][info ][gc] GC(73177) Pause Young (Allocation Failure) 85M->85M(97M) 14.518ms
[2020-08-10T13:21:45.433+0300][2244.972s][info ][gc] GC(73178) Pause Young (Allocation Failure) 86M->86M(97M) 15.495ms
[2020-08-10T13:21:45.448+0300][2244.987s][info ][gc] GC(73179) Pause Young (Allocation Failure) 87M->87M(97M) 14.571ms
[2020-08-10T13:21:45.463+0300][2245.002s][info ][gc] GC(73180) Pause Young (Allocation Failure) 88M->88M(97M) 14.430ms
[2020-08-10T13:21:45.483+0300][2245.023s][info ][gc] GC(73181) Pause Young (Allocation Failure) 89M->89M(97M) 19.795ms
[2020-08-10T13:21:45.498+0300][2245.037s][info ][gc] GC(73182) Pause Young (Allocation Failure) 90M->89M(97M) 14.235ms
[2020-08-10T13:21:45.513+0300][2245.052s][info ][gc] GC(73183) Pause Young (Allocation Failure) 90M->90M(97M) 14.322ms
[2020-08-10T13:21:45.528+0300][2245.067s][info ][gc] GC(73184) Pause Young (Allocation Failure) 91M->91M(97M) 14.484ms
[2020-08-10T13:21:45.543+0300][2245.082s][info ][gc] GC(73185) Pause Young (Allocation Failure) 92M->92M(97M) 14.388ms
[2020-08-10T13:21:45.557+0300][2245.097s][info ][gc] GC(73186) Pause Young (Allocation Failure) 93M->93M(97M) 14.381ms
[2020-08-10T13:21:45.572+0300][2245.112s][info ][gc] GC(73187) Pause Young (Allocation Failure) 94M->94M(97M) 14.372ms
[2020-08-10T13:21:45.871+0300][2245.410s][debug][gc] GC(73188) Expanding ParOldGen from 96768K by 11776K to 108544K
[2020-08-10T13:21:45.871+0300][2245.410s][info ][gc] GC(73188) Pause Full (Ergonomics) 94M->94M(108M) 298.437ms
[2020-08-10T13:21:45.900+0300][2245.440s][info ][gc] GC(73189) Pause Young (Allocation Failure) 95M->95M(108M) 28.464ms
[2020-08-10T13:21:45.914+0300][2245.454s][info ][gc] GC(73190) Pause Young (Allocation Failure) 96M->96M(108M) 13.816ms
[2020-08-10T13:21:45.929+0300][2245.469s][info ][gc] GC(73191) Pause Young (Allocation Failure) 97M->97M(108M) 14.120ms
[2020-08-10T13:21:45.950+0300][2245.489s][info ][gc] GC(73192) Pause Young (Allocation Failure) 98M->98M(108M) 19.923ms
[2020-08-10T13:21:45.965+0300][2245.504s][info ][gc] GC(73193) Pause Young (Allocation Failure) 99M->99M(108M) 14.623ms
[2020-08-10T13:21:45.980+0300][2245.520s][info ][gc] GC(73194) Pause Young (Allocation Failure) 100M->100M(108M) 14.655ms
[2020-08-10T13:21:45.998+0300][2245.537s][info ][gc] GC(73195) Pause Young (Allocation Failure) 101M->101M(108M) 17.439ms
[2020-08-10T13:21:46.022+0300][2245.562s][info ][gc] GC(73196) Pause Young (Allocation Failure) 102M->101M(108M) 23.595ms
[2020-08-10T13:21:46.038+0300][2245.577s][info ][gc] GC(73197) Pause Young (Allocation Failure) 102M->102M(108M) 15.118ms
[2020-08-10T13:21:46.058+0300][2245.598s][info ][gc] GC(73198) Pause Young (Allocation Failure) 103M->103M(108M) 19.877ms
[2020-08-10T13:21:46.085+0300][2245.625s][info ][gc] GC(73199) Pause Young (Allocation Failure) 104M->104M(108M) 26.854ms
[2020-08-10T13:21:46.101+0300][2245.640s][info ][gc] GC(73200) Pause Young (Allocation Failure) 105M->105M(108M) 14.887ms
[2020-08-10T13:21:46.477+0300][2246.017s][debug][gc] GC(73201) Expanding ParOldGen from 108544K by 11264K to 119808K
[2020-08-10T13:21:46.477+0300][2246.017s][info ][gc] GC(73201) Pause Full (Ergonomics) 105M->105M(119M) 376.406ms
[2020-08-10T13:21:46.491+0300][2246.031s][info ][gc] GC(73202) Pause Young (Allocation Failure) 106M->106M(119M) 13.578ms
[2020-08-10T13:21:46.519+0300][2246.059s][info ][gc] GC(73203) Pause Young (Allocation Failure) 107M->107M(119M) 27.599ms
[2020-08-10T13:21:46.548+0300][2246.088s][info ][gc] GC(73204) Pause Young (Allocation Failure) 108M->108M(119M) 28.555ms
[2020-08-10T13:21:46.564+0300][2246.104s][info ][gc] GC(73205) Pause Young (Allocation Failure) 109M->109M(119M) 15.223ms
[2020-08-10T13:21:46.590+0300][2246.130s][info ][gc] GC(73206) Pause Young (Allocation Failure) 110M->110M(119M) 24.963ms
[2020-08-10T13:21:46.616+0300][2246.155s][info ][gc] GC(73207) Pause Young (Allocation Failure) 111M->111M(119M) 25.277ms
[2020-08-10T13:21:46.639+0300][2246.179s][info ][gc] GC(73208) Pause Young (Allocation Failure) 112M->112M(119M) 22.689ms
[2020-08-10T13:21:46.656+0300][2246.196s][info ][gc] GC(73209) Pause Young (Allocation Failure) 113M->113M(119M) 15.811ms
[2020-08-10T13:21:46.672+0300][2246.212s][info ][gc] GC(73210) Pause Young (Allocation Failure) 114M->113M(119M) 15.699ms
[2020-08-10T13:21:46.689+0300][2246.229s][info ][gc] GC(73211) Pause Young (Allocation Failure) 114M->114M(119M) 16.064ms
[2020-08-10T13:21:46.707+0300][2246.246s][info ][gc] GC(73212) Pause Young (Allocation Failure) 115M->115M(119M) 16.295ms
[2020-08-10T13:21:46.724+0300][2246.262s][info ][gc] GC(73213) Pause Young (Allocation Failure) 116M->116M(119M) 16.235ms
[2020-08-10T13:21:46.755+0300][2246.294s][info ][gc] GC(73214) Pause Young (Allocation Failure) 117M->117M(119M) 30.979ms
[2020-08-10T13:21:47.135+0300][2246.674s][debug][gc] GC(73215) Expanding ParOldGen from 119808K by 11776K to 131584K
[2020-08-10T13:21:47.136+0300][2246.674s][info ][gc] GC(73215) Pause Full (Ergonomics) 117M->117M(131M) 380.347ms
[2020-08-10T13:21:47.169+0300][2246.708s][info ][gc] GC(73216) Pause Young (Allocation Failure) 118M->118M(131M) 33.508ms
[2020-08-10T13:21:47.196+0300][2246.734s][info ][gc] GC(73217) Pause Young (Allocation Failure) 119M->119M(131M) 25.764ms
[2020-08-10T13:21:47.213+0300][2246.752s][info ][gc] GC(73218) Pause Young (Allocation Failure) 120M->120M(131M) 17.347ms
[2020-08-10T13:21:47.234+0300][2246.773s][info ][gc] GC(73219) Pause Young (Allocation Failure) 121M->121M(131M) 20.571ms
[2020-08-10T13:21:47.252+0300][2246.791s][info ][gc] GC(73220) Pause Young (Allocation Failure) 122M->122M(131M) 17.441ms
[2020-08-10T13:21:47.281+0300][2246.819s][info ][gc] GC(73221) Pause Young (Allocation Failure) 123M->123M(131M) 27.677ms
[2020-08-10T13:21:47.299+0300][2246.837s][info ][gc] GC(73222) Pause Young (Allocation Failure) 124M->124M(131M) 17.517ms
[2020-08-10T13:21:47.322+0300][2246.861s][info ][gc] GC(73223) Pause Young (Allocation Failure) 125M->125M(131M) 22.749ms
[2020-08-10T13:21:47.340+0300][2246.879s][info ][gc] GC(73224) Pause Young (Allocation Failure) 126M->126M(131M) 17.830ms
[2020-08-10T13:21:47.358+0300][2246.897s][info ][gc] GC(73225) Pause Young (Allocation Failure) 127M->126M(131M) 17.587ms
[2020-08-10T13:21:47.400+0300][2246.939s][info ][gc] GC(73226) Pause Young (Allocation Failure) 127M->127M(131M) 41.743ms
[2020-08-10T13:21:47.431+0300][2246.970s][info ][gc] GC(73227) Pause Young (Allocation Failure) 128M->128M(131M) 30.562ms
[2020-08-10T13:21:47.944+0300][2247.483s][debug][gc] GC(73228) Expanding ParOldGen from 131584K by 11776K to 143360K
[2020-08-10T13:21:47.944+0300][2247.483s][info ][gc] GC(73228) Pause Full (Ergonomics) 128M->128M(142M) 512.724ms
[2020-08-10T13:21:47.976+0300][2247.515s][info ][gc] GC(73229) Pause Young (Allocation Failure) 129M->129M(142M) 30.581ms
[2020-08-10T13:21:48.017+0300][2247.556s][info ][gc] GC(73230) Pause Young (Allocation Failure) 130M->130M(142M) 40.275ms
[2020-08-10T13:21:48.036+0300][2247.574s][info ][gc] GC(73231) Pause Young (Allocation Failure) 131M->131M(142M) 17.835ms
[2020-08-10T13:21:48.054+0300][2247.593s][info ][gc] GC(73232) Pause Young (Allocation Failure) 132M->132M(142M) 18.200ms
[2020-08-10T13:21:48.073+0300][2247.612s][info ][gc] GC(73233) Pause Young (Allocation Failure) 133M->133M(142M) 17.870ms
[2020-08-10T13:21:48.093+0300][2247.631s][info ][gc] GC(73234) Pause Young (Allocation Failure) 134M->134M(142M) 18.885ms
[2020-08-10T13:21:48.111+0300][2247.649s][info ][gc] GC(73235) Pause Young (Allocation Failure) 135M->135M(142M) 17.390ms
[2020-08-10T13:21:48.133+0300][2247.671s][info ][gc] GC(73236) Pause Young (Allocation Failure) 136M->135M(142M) 21.682ms
[2020-08-10T13:21:48.151+0300][2247.690s][info ][gc] GC(73237) Pause Young (Allocation Failure) 136M->136M(142M) 18.211ms
[2020-08-10T13:21:48.183+0300][2247.722s][info ][gc] GC(73238) Pause Young (Allocation Failure) 137M->137M(142M) 30.953ms
[2020-08-10T13:21:48.202+0300][2247.740s][info ][gc] GC(73239) Pause Young (Allocation Failure) 138M->138M(142M) 18.287ms
[2020-08-10T13:21:48.228+0300][2247.767s][info ][gc] GC(73240) Pause Young (Allocation Failure) 139M->139M(142M) 26.305ms
[2020-08-10T13:21:48.247+0300][2247.786s][info ][gc] GC(73241) Pause Young (Allocation Failure) 140M->140M(142M) 18.350ms
[2020-08-10T13:21:48.785+0300][2248.324s][debug][gc] GC(73242) Expanding ParOldGen from 143360K by 11264K to 154624K
[2020-08-10T13:21:48.785+0300][2248.324s][info ][gc] GC(73242) Pause Full (Ergonomics) 140M->140M(153M) 538.152ms
[2020-08-10T13:21:48.828+0300][2248.367s][info ][gc] GC(73243) Pause Young (Allocation Failure) 141M->141M(153M) 41.633ms
[2020-08-10T13:21:48.847+0300][2248.386s][info ][gc] GC(73244) Pause Young (Allocation Failure) 142M->142M(153M) 18.882ms
[2020-08-10T13:21:48.875+0300][2248.414s][info ][gc] GC(73245) Pause Young (Allocation Failure) 143M->143M(153M) 26.356ms
[2020-08-10T13:21:48.894+0300][2248.433s][info ][gc] GC(73246) Pause Young (Allocation Failure) 144M->143M(153M) 19.055ms
[2020-08-10T13:21:48.914+0300][2248.453s][info ][gc] GC(73247) Pause Young (Allocation Failure) 144M->144M(153M) 18.933ms
[2020-08-10T13:21:48.933+0300][2248.472s][info ][gc] GC(73248) Pause Young (Allocation Failure) 145M->145M(153M) 18.917ms
[2020-08-10T13:21:48.953+0300][2248.492s][info ][gc] GC(73249) Pause Young (Allocation Failure) 146M->146M(153M) 18.600ms
[2020-08-10T13:21:48.953+0300][2248.492s][debug][gc] Expanding ParOldGen from 154624K by 19968K to 174592K
[2020-08-10T13:21:49.009+0300][2248.548s][info ][gc] GC(73250) Pause Young (Allocation Failure) 166M->166M(173M) 47.663ms
[2020-08-10T13:21:49.029+0300][2248.568s][info ][gc] GC(73251) Pause Young (Allocation Failure) 167M->167M(173M) 19.407ms
[2020-08-10T13:21:49.044+0300][2248.583s][info ][gc] GC(73252) Pause Young (Allocation Failure) 168M->168M(173M) 14.222ms
[2020-08-10T13:21:49.060+0300][2248.599s][info ][gc] GC(73253) Pause Young (Allocation Failure) 169M->169M(173M) 15.934ms
[2020-08-10T13:21:49.077+0300][2248.616s][info ][gc] GC(73254) Pause Young (Allocation Failure) 170M->170M(173M) 16.197ms
[2020-08-10T13:21:49.146+0300][2248.685s][debug][gc] GC(73255) Shrinking ParOldGen from 174592K by 125440K to 49152K
[2020-08-10T13:21:49.146+0300][2248.685s][info ][gc] GC(73255) Pause Full (Ergonomics) 170M->36M(50M) 69.191ms
[2020-08-10T13:21:49.177+0300][2248.716s][info ][gc] GC(73256) Pause Young (Allocation Failure) 37M->37M(50M) 30.727ms
[2020-08-10T13:21:49.191+0300][2248.730s][info ][gc] GC(73257) Pause Young (Allocation Failure) 38M->38M(50M) 13.686ms
[2020-08-10T13:21:49.205+0300][2248.744s][info ][gc] GC(73258) Pause Young (Allocation Failure) 39M->39M(50M) 13.830ms
[2020-08-10T13:21:49.220+0300][2248.759s][info ][gc] GC(73259) Pause Young (Allocation Failure) 40M->40M(50M) 13.904ms
[2020-08-10T13:21:49.234+0300][2248.773s][info ][gc] GC(73260) Pause Young (Allocation Failure) 41M->41M(50M) 14.007ms
[2020-08-10T13:21:49.249+0300][2248.788s][info ][gc] GC(73261) Pause Young (Allocation Failure) 42M->42M(50M) 14.243ms
[2020-08-10T13:21:49.264+0300][2248.802s][info ][gc] GC(73262) Pause Young (Allocation Failure) 43M->43M(50M) 14.045ms
[2020-08-10T13:21:49.278+0300][2248.817s][info ][gc] GC(73263) Pause Young (Allocation Failure) 44M->44M(50M) 13.768ms
[2020-08-10T13:21:49.292+0300][2248.831s][info ][gc] GC(73264) Pause Young (Allocation Failure) 45M->45M(50M) 13.842ms
[2020-08-10T13:21:49.307+0300][2248.846s][info ][gc] GC(73265) Pause Young (Allocation Failure) 46M->46M(50M) 14.569ms
[2020-08-10T13:21:49.322+0300][2248.861s][info ][gc] GC(73266) Pause Young (Allocation Failure) 47M->47M(50M) 13.982ms
[2020-08-10T13:21:49.337+0300][2248.875s][info ][gc] GC(73267) Pause Young (Allocation Failure) 48M->48M(50M) 14.205ms
[2020-08-10T13:21:49.441+0300][2248.980s][debug][gc] GC(73268) Expanding ParOldGen from 49152K by 11264K to 60416K
[2020-08-10T13:21:49.442+0300][2248.981s][info ][gc] GC(73268) Pause Full (Ergonomics) 48M->47M(60M) 104.969ms
[2020-08-10T13:21:49.457+0300][2248.995s][info ][gc] GC(73269) Pause Young (Allocation Failure) 48M->48M(61M) 14.429ms
[2020-08-10T13:21:49.474+0300][2249.013s][info ][gc] GC(73270) Pause Young (Allocation Failure) 49M->49M(61M) 17.068ms
[2020-08-10T13:21:49.489+0300][2249.028s][info ][gc] GC(73271) Pause Young (Allocation Failure) 50M->50M(61M) 14.397ms
[2020-08-10T13:21:49.504+0300][2249.043s][info ][gc] GC(73272) Pause Young (Allocation Failure) 51M->51M(61M) 14.728ms
[2020-08-10T13:21:49.519+0300][2249.058s][info ][gc] GC(73273) Pause Young (Allocation Failure) 52M->52M(61M) 13.855ms
[2020-08-10T13:21:49.533+0300][2249.072s][info ][gc] GC(73274) Pause Young (Allocation Failure) 53M->53M(61M) 13.647ms
[2020-08-10T13:21:49.547+0300][2249.086s][info ][gc] GC(73275) Pause Young (Allocation Failure) 54M->54M(61M) 13.832ms
[2020-08-10T13:21:49.562+0300][2249.101s][info ][gc] GC(73276) Pause Young (Allocation Failure) 55M->55M(61M) 14.007ms
[2020-08-10T13:21:49.589+0300][2249.128s][info ][gc] GC(73277) Pause Young (Allocation Failure) 56M->56M(61M) 25.420ms
[2020-08-10T13:21:49.604+0300][2249.143s][info ][gc] GC(73278) Pause Young (Allocation Failure) 57M->57M(61M) 14.011ms
[2020-08-10T13:21:49.619+0300][2249.158s][info ][gc] GC(73279) Pause Young (Allocation Failure) 58M->58M(61M) 13.956ms
[2020-08-10T13:21:49.634+0300][2249.173s][info ][gc] GC(73280) Pause Young (Allocation Failure) 59M->58M(61M) 14.069ms
[2020-08-10T13:21:49.778+0300][2249.317s][debug][gc] GC(73281) Expanding ParOldGen from 60416K by 11264K to 71680K
[2020-08-10T13:21:49.778+0300][2249.317s][info ][gc] GC(73281) Pause Full (Ergonomics) 58M->58M(72M) 144.183ms
[2020-08-10T13:21:49.792+0300][2249.331s][info ][gc] GC(73282) Pause Young (Allocation Failure) 59M->59M(72M) 13.472ms
[2020-08-10T13:21:49.807+0300][2249.346s][info ][gc] GC(73283) Pause Young (Allocation Failure) 60M->60M(72M) 13.935ms
[2020-08-10T13:21:49.821+0300][2249.360s][info ][gc] GC(73284) Pause Young (Allocation Failure) 61M->61M(72M) 13.959ms
[2020-08-10T13:21:49.836+0300][2249.375s][info ][gc] GC(73285) Pause Young (Allocation Failure) 62M->62M(72M) 14.109ms
[2020-08-10T13:21:49.851+0300][2249.390s][info ][gc] GC(73286) Pause Young (Allocation Failure) 63M->63M(72M) 14.064ms
[2020-08-10T13:21:49.865+0300][2249.404s][info ][gc] GC(73287) Pause Young (Allocation Failure) 64M->64M(72M) 14.128ms
[2020-08-10T13:21:49.880+0300][2249.419s][info ][gc] GC(73288) Pause Young (Allocation Failure) 65M->65M(72M) 14.037ms
[2020-08-10T13:21:49.895+0300][2249.434s][info ][gc] GC(73289) Pause Young (Allocation Failure) 66M->66M(72M) 14.115ms
[2020-08-10T13:21:49.920+0300][2249.459s][info ][gc] GC(73290) Pause Young (Allocation Failure) 67M->67M(72M) 24.481ms
[2020-08-10T13:21:49.948+0300][2249.487s][info ][gc] GC(73291) Pause Young (Allocation Failure) 68M->68M(72M) 27.773ms
[2020-08-10T13:21:49.978+0300][2249.517s][info ][gc] GC(73292) Pause Young (Allocation Failure) 69M->69M(72M) 29.041ms
[2020-08-10T13:21:49.992+0300][2249.531s][info ][gc] GC(73293) Pause Young (Allocation Failure) 70M->70M(72M) 13.889ms
[2020-08-10T13:21:50.221+0300][2249.760s][debug][gc] GC(73294) Expanding ParOldGen from 71680K by 11776K to 83456K
[2020-08-10T13:21:50.221+0300][2249.760s][info ][gc] GC(73294) Pause Full (Ergonomics) 70M->69M(83M) 228.581ms
[2020-08-10T13:21:50.252+0300][2249.791s][info ][gc] GC(73295) Pause Young (Allocation Failure) 70M->70M(83M) 30.770ms
[2020-08-10T13:21:50.270+0300][2249.808s][info ][gc] GC(73296) Pause Young (Allocation Failure) 71M->71M(83M) 16.381ms
[2020-08-10T13:21:50.284+0300][2249.823s][info ][gc] GC(73297) Pause Young (Allocation Failure) 72M->72M(83M) 14.071ms
[2020-08-10T13:21:50.299+0300][2249.838s][info ][gc] GC(73298) Pause Young (Allocation Failure) 73M->73M(83M) 14.053ms
[2020-08-10T13:21:50.313+0300][2249.852s][info ][gc] GC(73299) Pause Young (Allocation Failure) 74M->74M(83M) 14.027ms
[2020-08-10T13:21:50.329+0300][2249.868s][info ][gc] GC(73300) Pause Young (Allocation Failure) 75M->75M(83M) 14.362ms
[2020-08-10T13:21:50.344+0300][2249.883s][info ][gc] GC(73301) Pause Young (Allocation Failure) 76M->76M(83M) 14.620ms
[2020-08-10T13:21:50.359+0300][2249.898s][info ][gc] GC(73302) Pause Young (Allocation Failure) 77M->77M(83M) 14.074ms
[2020-08-10T13:21:50.374+0300][2249.913s][info ][gc] GC(73303) Pause Young (Allocation Failure) 78M->78M(83M) 14.507ms
[2020-08-10T13:21:50.389+0300][2249.928s][info ][gc] GC(73304) Pause Young (Allocation Failure) 79M->79M(83M) 14.081ms
[2020-08-10T13:21:50.403+0300][2249.942s][info ][gc] GC(73305) Pause Young (Allocation Failure) 80M->80M(83M) 14.127ms
[2020-08-10T13:21:50.418+0300][2249.957s][info ][gc] GC(73306) Pause Young (Allocation Failure) 81M->81M(83M) 14.086ms
[2020-08-10T13:21:50.664+0300][2250.203s][debug][gc] GC(73307) Expanding ParOldGen from 83456K by 11264K to 94720K
[2020-08-10T13:21:50.664+0300][2250.203s][info ][gc] GC(73307) Pause Full (Ergonomics) 81M->81M(94M) 245.336ms
[2020-08-10T13:21:50.692+0300][2250.231s][info ][gc] GC(73308) Pause Young (Allocation Failure) 82M->82M(94M) 27.763ms
[2020-08-10T13:21:50.710+0300][2250.249s][info ][gc] GC(73309) Pause Young (Allocation Failure) 83M->83M(94M) 17.717ms
[2020-08-10T13:21:50.736+0300][2250.275s][info ][gc] GC(73310) Pause Young (Allocation Failure) 84M->84M(94M) 24.845ms
[2020-08-10T13:21:50.752+0300][2250.291s][info ][gc] GC(73311) Pause Young (Allocation Failure) 85M->85M(94M) 15.418ms
[2020-08-10T13:21:50.767+0300][2250.306s][info ][gc] GC(73312) Pause Young (Allocation Failure) 86M->85M(94M) 14.006ms
[2020-08-10T13:21:50.781+0300][2250.320s][info ][gc] GC(73313) Pause Young (Allocation Failure) 86M->86M(94M) 14.067ms
[2020-08-10T13:21:50.796+0300][2250.335s][info ][gc] GC(73314) Pause Young (Allocation Failure) 87M->87M(94M) 13.915ms
[2020-08-10T13:21:50.824+0300][2250.363s][info ][gc] GC(73315) Pause Young (Allocation Failure) 88M->88M(94M) 27.706ms
[2020-08-10T13:21:50.838+0300][2250.377s][info ][gc] GC(73316) Pause Young (Allocation Failure) 89M->89M(94M) 13.806ms
[2020-08-10T13:21:50.852+0300][2250.391s][info ][gc] GC(73317) Pause Young (Allocation Failure) 90M->90M(94M) 13.827ms
[2020-08-10T13:21:50.867+0300][2250.406s][info ][gc] GC(73318) Pause Young (Allocation Failure) 91M->91M(94M) 13.880ms
[2020-08-10T13:21:50.881+0300][2250.420s][info ][gc] GC(73319) Pause Young (Allocation Failure) 92M->92M(94M) 13.887ms
[2020-08-10T13:21:51.140+0300][2250.679s][debug][gc] GC(73320) Expanding ParOldGen from 94720K by 11264K to 105984K
[2020-08-10T13:21:51.140+0300][2250.679s][info ][gc] GC(73320) Pause Full (Ergonomics) 92M->92M(105M) 258.579ms
[2020-08-10T13:21:51.154+0300][2250.693s][info ][gc] GC(73321) Pause Young (Allocation Failure) 93M->93M(105M) 13.564ms
[2020-08-10T13:21:51.168+0300][2250.707s][info ][gc] GC(73322) Pause Young (Allocation Failure) 94M->94M(105M) 14.075ms
[2020-08-10T13:21:51.183+0300][2250.722s][info ][gc] GC(73323) Pause Young (Allocation Failure) 95M->95M(105M) 14.234ms
[2020-08-10T13:21:51.198+0300][2250.737s][info ][gc] GC(73324) Pause Young (Allocation Failure) 96M->96M(105M) 14.330ms
[2020-08-10T13:21:51.213+0300][2250.752s][info ][gc] GC(73325) Pause Young (Allocation Failure) 97M->97M(105M) 14.233ms
[2020-08-10T13:21:51.228+0300][2250.767s][info ][gc] GC(73326) Pause Young (Allocation Failure) 98M->98M(105M) 14.556ms
[2020-08-10T13:21:51.244+0300][2250.783s][info ][gc] GC(73327) Pause Young (Allocation Failure) 99M->99M(105M) 14.899ms
[2020-08-10T13:21:51.259+0300][2250.798s][info ][gc] GC(73328) Pause Young (Allocation Failure) 100M->100M(105M) 14.702ms
[2020-08-10T13:21:51.274+0300][2250.813s][info ][gc] GC(73329) Pause Young (Allocation Failure) 101M->101M(105M) 14.674ms
[2020-08-10T13:21:51.290+0300][2250.829s][info ][gc] GC(73330) Pause Young (Allocation Failure) 102M->101M(105M) 14.742ms
[2020-08-10T13:21:51.305+0300][2250.844s][info ][gc] GC(73331) Pause Young (Allocation Failure) 102M->102M(105M) 14.979ms
[2020-08-10T13:21:51.320+0300][2250.859s][info ][gc] GC(73332) Pause Young (Allocation Failure) 103M->103M(105M) 13.970ms
[2020-08-10T13:21:51.683+0300][2251.222s][debug][gc] GC(73333) Expanding ParOldGen from 105984K by 11264K to 117248K
[2020-08-10T13:21:51.683+0300][2251.222s][info ][gc] GC(73333) Pause Full (Ergonomics) 103M->103M(116M) 362.999ms
[2020-08-10T13:21:51.705+0300][2251.244s][info ][gc] GC(73334) Pause Young (Allocation Failure) 103M->103M(116M) 21.290ms
[2020-08-10T13:21:51.724+0300][2251.263s][info ][gc] GC(73335) Pause Young (Allocation Failure) 104M->104M(116M) 18.584ms
[2020-08-10T13:21:51.741+0300][2251.280s][info ][gc] GC(73336) Pause Young (Allocation Failure) 104M->104M(116M) 16.299ms
[2020-08-10T13:21:51.755+0300][2251.294s][info ][gc] GC(73337) Pause Young (Allocation Failure) 105M->104M(116M) 13.826ms
[2020-08-10T13:21:51.770+0300][2251.309s][info ][gc] GC(73338) Pause Young (Allocation Failure) 105M->105M(116M) 13.815ms
[2020-08-10T13:21:51.784+0300][2251.323s][info ][gc] GC(73339) Pause Young (Allocation Failure) 106M->105M(116M) 13.700ms
[2020-08-10T13:21:51.798+0300][2251.337s][info ][gc] GC(73340) Pause Young (Allocation Failure) 106M->106M(116M) 13.575ms
[2020-08-10T13:21:51.812+0300][2251.351s][info ][gc] GC(73341) Pause Young (Allocation Failure) 106M->106M(116M) 13.482ms
[2020-08-10T13:21:51.826+0300][2251.365s][info ][gc] GC(73342) Pause Young (Allocation Failure) 107M->107M(116M) 13.495ms
[2020-08-10T13:21:51.840+0300][2251.379s][info ][gc] GC(73343) Pause Young (Allocation Failure) 107M->107M(116M) 13.500ms
[2020-08-10T13:21:51.854+0300][2251.393s][info ][gc] GC(73344) Pause Young (Allocation Failure) 108M->108M(116M) 13.695ms
[2020-08-10T13:21:51.868+0300][2251.407s][info ][gc] GC(73345) Pause Young (Allocation Failure) 108M->108M(116M) 13.778ms
[2020-08-10T13:21:51.883+0300][2251.422s][info ][gc] GC(73346) Pause Young (Allocation Failure) 109M->109M(116M) 13.821ms
[2020-08-10T13:21:51.897+0300][2251.436s][info ][gc] GC(73347) Pause Young (Allocation Failure) 109M->109M(116M) 13.650ms
[2020-08-10T13:21:51.911+0300][2251.450s][info ][gc] GC(73348) Pause Young (Allocation Failure) 110M->110M(116M) 13.734ms
[2020-08-10T13:21:51.925+0300][2251.464s][info ][gc] GC(73349) Pause Young (Allocation Failure) 110M->110M(115M) 13.785ms
[2020-08-10T13:21:51.939+0300][2251.478s][info ][gc] GC(73350) Pause Young (Allocation Failure) 111M->111M(116M) 13.524ms
[2020-08-10T13:21:51.953+0300][2251.492s][info ][gc] GC(73351) Pause Young (Allocation Failure) 111M->111M(116M) 13.438ms
[2020-08-10T13:21:51.967+0300][2251.506s][info ][gc] GC(73352) Pause Young (Allocation Failure) 112M->111M(116M) 13.646ms
[2020-08-10T13:21:51.981+0300][2251.520s][info ][gc] GC(73353) Pause Young (Allocation Failure) 112M->112M(116M) 13.488ms
[2020-08-10T13:21:51.995+0300][2251.534s][info ][gc] GC(73354) Pause Young (Allocation Failure) 112M->112M(116M) 13.727ms
[2020-08-10T13:21:52.009+0300][2251.548s][info ][gc] GC(73355) Pause Young (Allocation Failure) 113M->113M(116M) 13.733ms
[2020-08-10T13:21:52.023+0300][2251.562s][info ][gc] GC(73356) Pause Young (Allocation Failure) 113M->113M(116M) 13.577ms
[2020-08-10T13:21:52.037+0300][2251.576s][info ][gc] GC(73357) Pause Young (Allocation Failure) 114M->114M(116M) 13.548ms
[2020-08-10T13:21:52.388+0300][2251.927s][debug][gc] GC(73358) Expanding ParOldGen from 117248K by 10752K to 128000K
[2020-08-10T13:21:52.389+0300][2251.928s][info ][gc] GC(73358) Pause Full (Ergonomics) 114M->113M(126M) 351.105ms
[2020-08-10T13:21:52.415+0300][2251.955s][info ][gc] GC(73359) Pause Young (Allocation Failure) 114M->114M(126M) 26.290ms
[2020-08-10T13:21:52.429+0300][2251.969s][info ][gc] GC(73360) Pause Young (Allocation Failure) 114M->114M(126M) 13.618ms
[2020-08-10T13:21:52.444+0300][2251.983s][info ][gc] GC(73361) Pause Young (Allocation Failure) 115M->115M(126M) 13.745ms
[2020-08-10T13:21:52.458+0300][2251.997s][info ][gc] GC(73362) Pause Young (Allocation Failure) 115M->115M(126M) 13.712ms
[2020-08-10T13:21:52.472+0300][2252.011s][info ][gc] GC(73363) Pause Young (Allocation Failure) 116M->116M(126M) 13.723ms
[2020-08-10T13:21:52.486+0300][2252.025s][info ][gc] GC(73364) Pause Young (Allocation Failure) 116M->116M(126M) 13.857ms
[2020-08-10T13:21:52.507+0300][2252.046s][info ][gc] GC(73365) Pause Young (Allocation Failure) 117M->117M(126M) 20.533ms
[2020-08-10T13:21:52.522+0300][2252.061s][info ][gc] GC(73366) Pause Young (Allocation Failure) 117M->117M(126M) 14.240ms
[2020-08-10T13:21:52.537+0300][2252.076s][info ][gc] GC(73367) Pause Young (Allocation Failure) 118M->118M(126M) 14.264ms
[2020-08-10T13:21:52.552+0300][2252.091s][info ][gc] GC(73368) Pause Young (Allocation Failure) 118M->118M(126M) 14.288ms
[2020-08-10T13:21:52.566+0300][2252.106s][info ][gc] GC(73369) Pause Young (Allocation Failure) 119M->119M(126M) 14.190ms
[2020-08-10T13:21:52.583+0300][2252.122s][info ][gc] GC(73370) Pause Young (Allocation Failure) 119M->119M(126M) 15.621ms
[2020-08-10T13:21:52.605+0300][2252.145s][info ][gc] GC(73371) Pause Young (Allocation Failure) 120M->119M(126M) 21.921ms
[2020-08-10T13:21:52.620+0300][2252.159s][info ][gc] GC(73372) Pause Young (Allocation Failure) 120M->120M(126M) 13.860ms
[2020-08-10T13:21:52.637+0300][2252.176s][info ][gc] GC(73373) Pause Young (Allocation Failure) 120M->120M(126M) 16.731ms
[2020-08-10T13:21:52.655+0300][2252.195s][info ][gc] GC(73374) Pause Young (Allocation Failure) 121M->121M(126M) 18.128ms
[2020-08-10T13:21:52.670+0300][2252.210s][info ][gc] GC(73375) Pause Young (Allocation Failure) 121M->121M(126M) 14.521ms
[2020-08-10T13:21:52.689+0300][2252.228s][info ][gc] GC(73376) Pause Young (Allocation Failure) 122M->122M(126M) 18.153ms
[2020-08-10T13:21:52.719+0300][2252.258s][info ][gc] GC(73377) Pause Young (Allocation Failure) 122M->122M(126M) 29.192ms
[2020-08-10T13:21:52.733+0300][2252.273s][info ][gc] GC(73378) Pause Young (Allocation Failure) 123M->123M(126M) 14.289ms
[2020-08-10T13:21:52.748+0300][2252.288s][info ][gc] GC(73379) Pause Young (Allocation Failure) 123M->123M(126M) 14.630ms
[2020-08-10T13:21:52.764+0300][2252.303s][info ][gc] GC(73380) Pause Young (Allocation Failure) 124M->124M(126M) 15.164ms
[2020-08-10T13:21:52.779+0300][2252.318s][info ][gc] GC(73381) Pause Young (Allocation Failure) 124M->124M(126M) 14.236ms
[2020-08-10T13:21:52.793+0300][2252.332s][info ][gc] GC(73382) Pause Young (Allocation Failure) 124M->124M(126M) 14.210ms
[2020-08-10T13:21:52.808+0300][2252.348s][info ][gc] GC(73383) Pause Young (Allocation Failure) 125M->125M(126M) 14.617ms
[2020-08-10T13:21:53.307+0300][2252.846s][debug][gc] GC(73384) Expanding ParOldGen from 128000K by 10752K to 138752K
[2020-08-10T13:21:53.307+0300][2252.846s][info ][gc] GC(73384) Pause Full (Ergonomics) 125M->124M(137M) 498.393ms
[2020-08-10T13:21:53.321+0300][2252.860s][info ][gc] GC(73385) Pause Young (Allocation Failure) 125M->125M(137M) 13.811ms
[2020-08-10T13:21:53.344+0300][2252.883s][info ][gc] GC(73386) Pause Young (Allocation Failure) 125M->125M(137M) 22.758ms
[2020-08-10T13:21:53.376+0300][2252.915s][info ][gc] GC(73387) Pause Young (Allocation Failure) 126M->126M(137M) 31.020ms
[2020-08-10T13:21:53.394+0300][2252.933s][info ][gc] GC(73388) Pause Young (Allocation Failure) 126M->126M(137M) 17.747ms
[2020-08-10T13:21:53.410+0300][2252.949s][info ][gc] GC(73389) Pause Young (Allocation Failure) 127M->127M(137M) 15.950ms
[2020-08-10T13:21:53.426+0300][2252.965s][info ][gc] GC(73390) Pause Young (Allocation Failure) 127M->127M(137M) 15.793ms
[2020-08-10T13:21:53.444+0300][2252.983s][info ][gc] GC(73391) Pause Young (Allocation Failure) 128M->128M(137M) 17.567ms
[2020-08-10T13:21:53.459+0300][2252.998s][info ][gc] GC(73392) Pause Young (Allocation Failure) 128M->128M(137M) 14.570ms
[2020-08-10T13:21:53.476+0300][2253.015s][info ][gc] GC(73393) Pause Young (Allocation Failure) 129M->129M(137M) 16.184ms
[2020-08-10T13:21:53.494+0300][2253.034s][info ][gc] GC(73394) Pause Young (Allocation Failure) 129M->129M(137M) 18.279ms
[2020-08-10T13:21:53.514+0300][2253.053s][info ][gc] GC(73395) Pause Young (Allocation Failure) 130M->130M(137M) 18.989ms
[2020-08-10T13:21:53.535+0300][2253.074s][info ][gc] GC(73396) Pause Young (Allocation Failure) 130M->130M(137M) 20.781ms
[2020-08-10T13:21:53.551+0300][2253.090s][info ][gc] GC(73397) Pause Young (Allocation Failure) 130M->130M(137M) 15.603ms
[2020-08-10T13:21:53.569+0300][2253.109s][info ][gc] GC(73398) Pause Young (Allocation Failure) 131M->131M(137M) 18.051ms
[2020-08-10T13:21:53.590+0300][2253.129s][info ][gc] GC(73399) Pause Young (Allocation Failure) 131M->131M(137M) 19.863ms
[2020-08-10T13:21:53.609+0300][2253.148s][info ][gc] GC(73400) Pause Young (Allocation Failure) 132M->132M(137M) 18.704ms
[2020-08-10T13:21:53.624+0300][2253.163s][info ][gc] GC(73401) Pause Young (Allocation Failure) 132M->132M(137M) 14.829ms
[2020-08-10T13:21:53.639+0300][2253.179s][info ][gc] GC(73402) Pause Young (Allocation Failure) 133M->133M(137M) 14.879ms
[2020-08-10T13:21:53.655+0300][2253.194s][info ][gc] GC(73403) Pause Young (Allocation Failure) 133M->133M(137M) 14.872ms
[2020-08-10T13:21:53.670+0300][2253.209s][info ][gc] GC(73404) Pause Young (Allocation Failure) 134M->134M(137M) 15.049ms
[2020-08-10T13:21:53.686+0300][2253.225s][info ][gc] GC(73405) Pause Young (Allocation Failure) 134M->134M(137M) 15.053ms
[2020-08-10T13:21:53.704+0300][2253.243s][info ][gc] GC(73406) Pause Young (Allocation Failure) 135M->135M(137M) 18.369ms
[2020-08-10T13:21:53.720+0300][2253.259s][info ][gc] GC(73407) Pause Young (Allocation Failure) 135M->135M(137M) 15.119ms
[2020-08-10T13:21:54.267+0300][2253.806s][debug][gc] GC(73408) Expanding ParOldGen from 138752K by 10240K to 148992K
[2020-08-10T13:21:54.267+0300][2253.806s][info ][gc] GC(73408) Pause Full (Ergonomics) 135M->135M(147M) 546.545ms
[2020-08-10T13:21:54.281+0300][2253.820s][info ][gc] GC(73409) Pause Young (Allocation Failure) 135M->135M(147M) 13.874ms
[2020-08-10T13:21:54.307+0300][2253.846s][info ][gc] GC(73410) Pause Young (Allocation Failure) 136M->135M(147M) 25.225ms
[2020-08-10T13:21:54.325+0300][2253.865s][info ][gc] GC(73411) Pause Young (Allocation Failure) 136M->136M(147M) 17.717ms
[2020-08-10T13:21:54.341+0300][2253.880s][info ][gc] GC(73412) Pause Young (Allocation Failure) 136M->136M(147M) 14.964ms
[2020-08-10T13:21:54.357+0300][2253.896s][info ][gc] GC(73413) Pause Young (Allocation Failure) 137M->137M(147M) 14.986ms
[2020-08-10T13:21:54.374+0300][2253.913s][info ][gc] GC(73414) Pause Young (Allocation Failure) 137M->137M(147M) 16.669ms
[2020-08-10T13:21:54.392+0300][2253.932s][info ][gc] GC(73415) Pause Young (Allocation Failure) 138M->138M(147M) 18.038ms
[2020-08-10T13:21:54.408+0300][2253.947s][info ][gc] GC(73416) Pause Young (Allocation Failure) 138M->138M(147M) 15.485ms
[2020-08-10T13:21:54.424+0300][2253.963s][info ][gc] GC(73417) Pause Young (Allocation Failure) 139M->139M(147M) 15.500ms
[2020-08-10T13:21:54.440+0300][2253.979s][info ][gc] GC(73418) Pause Young (Allocation Failure) 139M->139M(147M) 15.628ms
[2020-08-10T13:21:54.459+0300][2253.998s][info ][gc] GC(73419) Pause Young (Allocation Failure) 140M->140M(147M) 17.946ms
[2020-08-10T13:21:54.492+0300][2254.031s][info ][gc] GC(73420) Pause Young (Allocation Failure) 140M->140M(147M) 33.019ms
[2020-08-10T13:21:54.511+0300][2254.050s][info ][gc] GC(73421) Pause Young (Allocation Failure) 141M->141M(147M) 17.573ms
[2020-08-10T13:21:54.529+0300][2254.069s][info ][gc] GC(73422) Pause Young (Allocation Failure) 141M->141M(147M) 18.095ms
[2020-08-10T13:21:54.546+0300][2254.085s][info ][gc] GC(73423) Pause Young (Allocation Failure) 141M->141M(147M) 15.446ms
[2020-08-10T13:21:54.562+0300][2254.101s][info ][gc] GC(73424) Pause Young (Allocation Failure) 142M->142M(147M) 15.374ms
[2020-08-10T13:21:54.580+0300][2254.119s][info ][gc] GC(73425) Pause Young (Allocation Failure) 142M->142M(147M) 17.455ms
[2020-08-10T13:21:54.596+0300][2254.135s][info ][gc] GC(73426) Pause Young (Allocation Failure) 143M->143M(147M) 15.681ms
[2020-08-10T13:21:54.612+0300][2254.151s][info ][gc] GC(73427) Pause Young (Allocation Failure) 143M->143M(147M) 15.870ms
[2020-08-10T13:21:54.629+0300][2254.168s][info ][gc] GC(73428) Pause Young (Allocation Failure) 144M->144M(147M) 15.571ms
[2020-08-10T13:21:54.645+0300][2254.184s][info ][gc] GC(73429) Pause Young (Allocation Failure) 144M->144M(147M) 15.541ms
[2020-08-10T13:21:54.661+0300][2254.200s][info ][gc] GC(73430) Pause Young (Allocation Failure) 145M->145M(147M) 15.708ms
[2020-08-10T13:21:54.678+0300][2254.218s][info ][gc] GC(73431) Pause Young (Allocation Failure) 145M->145M(147M) 17.188ms
[2020-08-10T13:21:55.222+0300][2254.761s][debug][gc] GC(73432) Expanding ParOldGen from 148992K by 10752K to 159744K
[2020-08-10T13:21:55.222+0300][2254.761s][info ][gc] GC(73432) Pause Full (Ergonomics) 145M->145M(157M) 543.257ms
[2020-08-10T13:21:55.237+0300][2254.776s][info ][gc] GC(73433) Pause Young (Allocation Failure) 145M->145M(157M) 14.519ms
[2020-08-10T13:21:55.260+0300][2254.799s][info ][gc] GC(73434) Pause Young (Allocation Failure) 146M->145M(157M) 21.854ms
[2020-08-10T13:21:55.278+0300][2254.817s][info ][gc] GC(73435) Pause Young (Allocation Failure) 146M->146M(157M) 17.469ms
[2020-08-10T13:21:55.294+0300][2254.834s][info ][gc] GC(73436) Pause Young (Allocation Failure) 146M->146M(157M) 15.903ms
[2020-08-10T13:21:55.295+0300][2254.834s][debug][gc] Expanding ParOldGen from 159744K by 19968K to 179712K
[2020-08-10T13:21:55.325+0300][2254.865s][info ][gc] GC(73437) Pause Young (Allocation Failure) 166M->166M(177M) 21.744ms
[2020-08-10T13:21:55.343+0300][2254.883s][info ][gc] GC(73438) Pause Young (Allocation Failure) 166M->166M(177M) 17.527ms
[2020-08-10T13:21:55.358+0300][2254.898s][info ][gc] GC(73439) Pause Young (Allocation Failure) 167M->167M(177M) 14.700ms
[2020-08-10T13:21:55.372+0300][2254.911s][info ][gc] GC(73440) Pause Young (Allocation Failure) 167M->167M(177M) 13.453ms
[2020-08-10T13:21:55.386+0300][2254.926s][info ][gc] GC(73441) Pause Young (Allocation Failure) 168M->168M(177M) 13.554ms
[2020-08-10T13:21:55.400+0300][2254.940s][info ][gc] GC(73442) Pause Young (Allocation Failure) 168M->168M(177M) 13.652ms
[2020-08-10T13:21:55.414+0300][2254.954s][info ][gc] GC(73443) Pause Young (Allocation Failure) 169M->169M(177M) 13.467ms
[2020-08-10T13:21:55.429+0300][2254.968s][info ][gc] GC(73444) Pause Young (Allocation Failure) 169M->169M(177M) 13.605ms
[2020-08-10T13:21:55.450+0300][2254.989s][info ][gc] GC(73445) Pause Young (Allocation Failure) 170M->170M(177M) 20.640ms
[2020-08-10T13:21:55.468+0300][2255.008s][info ][gc] GC(73446) Pause Young (Allocation Failure) 170M->170M(177M) 18.126ms
[2020-08-10T13:21:55.482+0300][2255.022s][info ][gc] GC(73447) Pause Young (Allocation Failure) 171M->171M(177M) 13.646ms
[2020-08-10T13:21:55.509+0300][2255.048s][info ][gc] GC(73448) Pause Young (Allocation Failure) 171M->171M(177M) 26.089ms
[2020-08-10T13:21:55.534+0300][2255.073s][info ][gc] GC(73449) Pause Young (Allocation Failure) 171M->171M(177M) 24.487ms
[2020-08-10T13:21:55.549+0300][2255.088s][info ][gc] GC(73450) Pause Young (Allocation Failure) 172M->172M(177M) 14.473ms
[2020-08-10T13:21:55.567+0300][2255.106s][info ][gc] GC(73451) Pause Young (Allocation Failure) 172M->172M(177M) 17.391ms
[2020-08-10T13:21:55.581+0300][2255.121s][info ][gc] GC(73452) Pause Young (Allocation Failure) 173M->173M(177M) 13.878ms
[2020-08-10T13:21:55.596+0300][2255.135s][info ][gc] GC(73453) Pause Young (Allocation Failure) 173M->173M(177M) 14.352ms
[2020-08-10T13:21:55.610+0300][2255.149s][info ][gc] GC(73454) Pause Young (Allocation Failure) 174M->174M(177M) 13.646ms
[2020-08-10T13:21:55.625+0300][2255.164s][info ][gc] GC(73455) Pause Young (Allocation Failure) 174M->174M(177M) 14.352ms
[2020-08-10T13:21:55.640+0300][2255.179s][info ][gc] GC(73456) Pause Young (Allocation Failure) 175M->175M(177M) 14.495ms
[2020-08-10T13:21:55.655+0300][2255.194s][info ][gc] GC(73457) Pause Young (Allocation Failure) 175M->175M(177M) 14.464ms
[2020-08-10T13:21:55.751+0300][2255.290s][debug][gc] GC(73458) Shrinking ParOldGen from 179712K by 125952K to 53760K
[2020-08-10T13:21:55.751+0300][2255.290s][info ][gc] GC(73458) Pause Full (Ergonomics) 175M->41M(54M) 95.739ms
[2020-08-10T13:21:55.765+0300][2255.304s][info ][gc] GC(73459) Pause Young (Allocation Failure) 42M->42M(54M) 13.192ms
[2020-08-10T13:21:55.796+0300][2255.336s][info ][gc] GC(73460) Pause Young (Allocation Failure) 42M->42M(54M) 31.496ms
[2020-08-10T13:21:55.826+0300][2255.366s][info ][gc] GC(73461) Pause Young (Allocation Failure) 43M->43M(54M) 29.215ms
[2020-08-10T13:21:55.843+0300][2255.382s][info ][gc] GC(73462) Pause Young (Allocation Failure) 43M->43M(54M) 15.601ms
[2020-08-10T13:21:55.857+0300][2255.396s][info ][gc] GC(73463) Pause Young (Allocation Failure) 43M->43M(54M) 13.482ms
[2020-08-10T13:21:55.872+0300][2255.411s][info ][gc] GC(73464) Pause Young (Allocation Failure) 44M->44M(54M) 14.684ms
[2020-08-10T13:21:55.885+0300][2255.425s][info ][gc] GC(73465) Pause Young (Allocation Failure) 44M->44M(54M) 13.298ms
[2020-08-10T13:21:55.899+0300][2255.439s][info ][gc] GC(73466) Pause Young (Allocation Failure) 45M->45M(54M) 13.438ms
[2020-08-10T13:21:55.913+0300][2255.452s][info ][gc] GC(73467) Pause Young (Allocation Failure) 45M->45M(54M) 13.303ms
[2020-08-10T13:21:55.927+0300][2255.466s][info ][gc] GC(73468) Pause Young (Allocation Failure) 46M->46M(54M) 13.431ms
[2020-08-10T13:21:55.941+0300][2255.480s][info ][gc] GC(73469) Pause Young (Allocation Failure) 46M->46M(54M) 13.346ms
[2020-08-10T13:21:55.955+0300][2255.494s][info ][gc] GC(73470) Pause Young (Allocation Failure) 47M->47M(54M) 13.322ms
[2020-08-10T13:21:55.969+0300][2255.508s][info ][gc] GC(73471) Pause Young (Allocation Failure) 47M->47M(54M) 13.400ms
[2020-08-10T13:21:55.983+0300][2255.522s][info ][gc] GC(73472) Pause Young (Allocation Failure) 48M->48M(54M) 13.375ms
[2020-08-10T13:21:55.997+0300][2255.536s][info ][gc] GC(73473) Pause Young (Allocation Failure) 48M->48M(54M) 13.392ms
[2020-08-10T13:21:56.010+0300][2255.550s][info ][gc] GC(73474) Pause Young (Allocation Failure) 49M->49M(54M) 13.408ms
[2020-08-10T13:21:56.024+0300][2255.564s][info ][gc] GC(73475) Pause Young (Allocation Failure) 49M->49M(53M) 13.451ms
[2020-08-10T13:21:56.038+0300][2255.577s][info ][gc] GC(73476) Pause Young (Allocation Failure) 50M->49M(54M) 13.369ms
[2020-08-10T13:21:56.052+0300][2255.591s][info ][gc] GC(73477) Pause Young (Allocation Failure) 50M->50M(54M) 13.296ms
[2020-08-10T13:21:56.066+0300][2255.605s][info ][gc] GC(73478) Pause Young (Allocation Failure) 50M->50M(54M) 13.282ms
[2020-08-10T13:21:56.079+0300][2255.619s][info ][gc] GC(73479) Pause Young (Allocation Failure) 51M->51M(54M) 13.267ms
[2020-08-10T13:21:56.093+0300][2255.632s][info ][gc] GC(73480) Pause Young (Allocation Failure) 51M->51M(54M) 13.345ms
[2020-08-10T13:21:56.107+0300][2255.646s][info ][gc] GC(73481) Pause Young (Allocation Failure) 52M->52M(54M) 13.343ms
[2020-08-10T13:21:56.114+0300][2255.653s][debug][gc] GC(73482) Expanding ParOldGen from 53760K by 512K to 54272K
[2020-08-10T13:21:56.121+0300][2255.661s][info ][gc] GC(73482) Pause Young (Allocation Failure) 53M->53M(54M) 13.744ms
[2020-08-10T13:21:56.257+0300][2255.797s][debug][gc] GC(73483) Expanding ParOldGen from 54272K by 10752K to 65024K
[2020-08-10T13:21:56.258+0300][2255.797s][info ][gc] GC(73483) Pause Full (Ergonomics) 53M->52M(65M) 136.184ms
[2020-08-10T13:21:56.273+0300][2255.812s][info ][gc] GC(73484) Pause Young (Allocation Failure) 53M->53M(65M) 14.302ms
[2020-08-10T13:21:56.287+0300][2255.827s][info ][gc] GC(73485) Pause Young (Allocation Failure) 54M->54M(65M) 13.808ms
[2020-08-10T13:21:56.302+0300][2255.841s][info ][gc] GC(73486) Pause Young (Allocation Failure) 54M->54M(65M) 13.756ms
[2020-08-10T13:21:56.316+0300][2255.855s][info ][gc] GC(73487) Pause Young (Allocation Failure) 55M->55M(65M) 13.281ms
[2020-08-10T13:21:56.330+0300][2255.869s][info ][gc] GC(73488) Pause Young (Allocation Failure) 55M->55M(65M) 13.227ms
[2020-08-10T13:21:56.344+0300][2255.883s][info ][gc] GC(73489) Pause Young (Allocation Failure) 56M->56M(64M) 13.422ms
[2020-08-10T13:21:56.357+0300][2255.897s][info ][gc] GC(73490) Pause Young (Allocation Failure) 56M->56M(65M) 13.340ms
[2020-08-10T13:21:56.371+0300][2255.911s][info ][gc] GC(73491) Pause Young (Allocation Failure) 57M->57M(65M) 13.583ms
[2020-08-10T13:21:56.385+0300][2255.924s][info ][gc] GC(73492) Pause Young (Allocation Failure) 57M->57M(65M) 13.433ms
[2020-08-10T13:21:56.399+0300][2255.939s][info ][gc] GC(73493) Pause Young (Allocation Failure) 58M->57M(65M) 13.418ms
[2020-08-10T13:21:56.413+0300][2255.953s][info ][gc] GC(73494) Pause Young (Allocation Failure) 58M->58M(65M) 13.533ms
[2020-08-10T13:21:56.427+0300][2255.967s][info ][gc] GC(73495) Pause Young (Allocation Failure) 58M->58M(65M) 13.646ms
[2020-08-10T13:21:56.441+0300][2255.981s][info ][gc] GC(73496) Pause Young (Allocation Failure) 59M->59M(65M) 13.619ms
[2020-08-10T13:21:56.456+0300][2255.995s][info ][gc] GC(73497) Pause Young (Allocation Failure) 59M->59M(65M) 13.305ms
[2020-08-10T13:21:56.470+0300][2256.009s][info ][gc] GC(73498) Pause Young (Allocation Failure) 60M->60M(65M) 13.323ms
[2020-08-10T13:21:56.483+0300][2256.023s][info ][gc] GC(73499) Pause Young (Allocation Failure) 60M->60M(65M) 13.312ms
[2020-08-10T13:21:56.498+0300][2256.037s][info ][gc] GC(73500) Pause Young (Allocation Failure) 61M->61M(65M) 14.199ms
[2020-08-10T13:21:56.512+0300][2256.052s][info ][gc] GC(73501) Pause Young (Allocation Failure) 61M->61M(65M) 13.501ms
[2020-08-10T13:21:56.526+0300][2256.065s][info ][gc] GC(73502) Pause Young (Allocation Failure) 62M->62M(65M) 13.432ms
[2020-08-10T13:21:56.541+0300][2256.080s][info ][gc] GC(73503) Pause Young (Allocation Failure) 62M->62M(65M) 13.328ms
[2020-08-10T13:21:56.564+0300][2256.103s][info ][gc] GC(73504) Pause Young (Allocation Failure) 63M->62M(65M) 22.988ms
[2020-08-10T13:21:56.582+0300][2256.121s][info ][gc] GC(73505) Pause Young (Allocation Failure) 63M->63M(65M) 17.362ms
[2020-08-10T13:21:56.727+0300][2256.266s][debug][gc] GC(73506) Expanding ParOldGen from 65024K by 10752K to 75776K
[2020-08-10T13:21:56.727+0300][2256.266s][info ][gc] GC(73506) Pause Full (Ergonomics) 63M->62M(75M) 144.542ms
[2020-08-10T13:21:56.762+0300][2256.301s][info ][gc] GC(73507) Pause Young (Allocation Failure) 63M->63M(75M) 34.512ms
[2020-08-10T13:21:56.776+0300][2256.316s][info ][gc] GC(73508) Pause Young (Allocation Failure) 63M->63M(75M) 14.095ms
[2020-08-10T13:21:56.791+0300][2256.330s][info ][gc] GC(73509) Pause Young (Allocation Failure) 64M->64M(75M) 14.068ms
[2020-08-10T13:21:56.805+0300][2256.345s][info ][gc] GC(73510) Pause Young (Allocation Failure) 64M->64M(75M) 13.743ms
[2020-08-10T13:21:56.820+0300][2256.359s][info ][gc] GC(73511) Pause Young (Allocation Failure) 65M->65M(75M) 13.749ms
[2020-08-10T13:21:56.834+0300][2256.373s][info ][gc] GC(73512) Pause Young (Allocation Failure) 65M->65M(75M) 13.837ms
[2020-08-10T13:21:56.860+0300][2256.400s][info ][gc] GC(73513) Pause Young (Allocation Failure) 66M->66M(75M) 25.745ms
[2020-08-10T13:21:56.874+0300][2256.414s][info ][gc] GC(73514) Pause Young (Allocation Failure) 66M->66M(75M) 13.375ms
[2020-08-10T13:21:56.890+0300][2256.430s][info ][gc] GC(73515) Pause Young (Allocation Failure) 67M->66M(75M) 15.635ms
[2020-08-10T13:21:56.905+0300][2256.444s][info ][gc] GC(73516) Pause Young (Allocation Failure) 67M->67M(75M) 14.182ms
[2020-08-10T13:21:56.920+0300][2256.460s][info ][gc] GC(73517) Pause Young (Allocation Failure) 67M->67M(75M) 14.796ms
[2020-08-10T13:21:56.934+0300][2256.473s][info ][gc] GC(73518) Pause Young (Allocation Failure) 68M->68M(75M) 13.404ms
[2020-08-10T13:21:56.948+0300][2256.487s][info ][gc] GC(73519) Pause Young (Allocation Failure) 68M->68M(75M) 13.356ms
[2020-08-10T13:21:56.962+0300][2256.501s][info ][gc] GC(73520) Pause Young (Allocation Failure) 69M->69M(75M) 13.926ms
[2020-08-10T13:21:56.976+0300][2256.515s][info ][gc] GC(73521) Pause Young (Allocation Failure) 69M->69M(75M) 13.604ms
[2020-08-10T13:21:56.990+0300][2256.530s][info ][gc] GC(73522) Pause Young (Allocation Failure) 70M->70M(75M) 14.060ms
[2020-08-10T13:21:57.004+0300][2256.544s][info ][gc] GC(73523) Pause Young (Allocation Failure) 70M->70M(75M) 13.415ms
[2020-08-10T13:21:57.018+0300][2256.557s][info ][gc] GC(73524) Pause Young (Allocation Failure) 71M->71M(75M) 13.281ms
[2020-08-10T13:21:57.032+0300][2256.571s][info ][gc] GC(73525) Pause Young (Allocation Failure) 71M->71M(75M) 13.469ms
[2020-08-10T13:21:57.065+0300][2256.604s][info ][gc] GC(73526) Pause Young (Allocation Failure) 72M->72M(75M) 32.153ms
[2020-08-10T13:21:57.093+0300][2256.633s][info ][gc] GC(73527) Pause Young (Allocation Failure) 72M->72M(75M) 28.044ms
[2020-08-10T13:21:57.108+0300][2256.647s][info ][gc] GC(73528) Pause Young (Allocation Failure) 73M->73M(75M) 13.763ms
[2020-08-10T13:21:57.122+0300][2256.661s][info ][gc] GC(73529) Pause Young (Allocation Failure) 73M->73M(75M) 13.642ms
[2020-08-10T13:21:57.136+0300][2256.675s][info ][gc] GC(73530) Pause Young (Allocation Failure) 74M->73M(75M) 13.497ms
[2020-08-10T13:21:57.150+0300][2256.689s][info ][gc] GC(73531) Pause Young (Allocation Failure) 74M->74M(75M) 13.516ms
[2020-08-10T13:21:57.369+0300][2256.908s][debug][gc] GC(73532) Expanding ParOldGen from 75776K by 10752K to 86528K
[2020-08-10T13:21:57.369+0300][2256.908s][info ][gc] GC(73532) Pause Full (Ergonomics) 74M->73M(86M) 218.666ms
[2020-08-10T13:21:57.396+0300][2256.935s][info ][gc] GC(73533) Pause Young (Allocation Failure) 74M->74M(85M) 26.062ms
[2020-08-10T13:21:57.411+0300][2256.950s][info ][gc] GC(73534) Pause Young (Allocation Failure) 75M->75M(86M) 14.886ms
[2020-08-10T13:21:57.426+0300][2256.965s][info ][gc] GC(73535) Pause Young (Allocation Failure) 75M->75M(86M) 14.490ms
[2020-08-10T13:21:57.440+0300][2256.979s][info ][gc] GC(73536) Pause Young (Allocation Failure) 76M->76M(86M) 13.375ms
[2020-08-10T13:21:57.454+0300][2256.993s][info ][gc] GC(73537) Pause Young (Allocation Failure) 76M->76M(86M) 13.528ms
[2020-08-10T13:21:57.468+0300][2257.007s][info ][gc] GC(73538) Pause Young (Allocation Failure) 77M->77M(86M) 13.414ms
[2020-08-10T13:21:57.482+0300][2257.021s][info ][gc] GC(73539) Pause Young (Allocation Failure) 77M->77M(86M) 13.600ms
[2020-08-10T13:21:57.515+0300][2257.054s][info ][gc] GC(73540) Pause Young (Allocation Failure) 78M->78M(86M) 32.473ms
[2020-08-10T13:21:57.529+0300][2257.069s][info ][gc] GC(73541) Pause Young (Allocation Failure) 78M->78M(86M) 13.737ms
[2020-08-10T13:21:57.549+0300][2257.089s][info ][gc] GC(73542) Pause Young (Allocation Failure) 79M->79M(86M) 19.324ms
[2020-08-10T13:21:57.564+0300][2257.103s][info ][gc] GC(73543) Pause Young (Allocation Failure) 79M->79M(86M) 13.610ms
[2020-08-10T13:21:57.578+0300][2257.118s][info ][gc] GC(73544) Pause Young (Allocation Failure) 79M->79M(86M) 13.586ms
[2020-08-10T13:21:57.592+0300][2257.132s][info ][gc] GC(73545) Pause Young (Allocation Failure) 80M->80M(86M) 13.367ms
[2020-08-10T13:21:57.606+0300][2257.145s][info ][gc] GC(73546) Pause Young (Allocation Failure) 80M->80M(86M) 13.320ms
[2020-08-10T13:21:57.620+0300][2257.159s][info ][gc] GC(73547) Pause Young (Allocation Failure) 81M->81M(86M) 13.415ms
[2020-08-10T13:21:57.634+0300][2257.173s][info ][gc] GC(73548) Pause Young (Allocation Failure) 81M->81M(86M) 13.622ms
[2020-08-10T13:21:57.648+0300][2257.187s][info ][gc] GC(73549) Pause Young (Allocation Failure) 82M->82M(86M) 13.376ms
[2020-08-10T13:21:57.661+0300][2257.201s][info ][gc] GC(73550) Pause Young (Allocation Failure) 82M->82M(86M) 13.378ms
[2020-08-10T13:21:57.675+0300][2257.215s][info ][gc] GC(73551) Pause Young (Allocation Failure) 83M->83M(86M) 13.466ms
[2020-08-10T13:21:57.690+0300][2257.229s][info ][gc] GC(73552) Pause Young (Allocation Failure) 83M->83M(86M) 13.831ms
[2020-08-10T13:21:57.704+0300][2257.243s][info ][gc] GC(73553) Pause Young (Allocation Failure) 84M->84M(86M) 13.526ms
[2020-08-10T13:21:57.718+0300][2257.257s][info ][gc] GC(73554) Pause Young (Allocation Failure) 84M->84M(86M) 13.543ms
[2020-08-10T13:21:58.001+0300][2257.541s][debug][gc] GC(73555) Expanding ParOldGen from 86528K by 10752K to 97280K
[2020-08-10T13:21:58.001+0300][2257.541s][info ][gc] GC(73555) Pause Full (Ergonomics) 84M->84M(96M) 283.722ms
[2020-08-10T13:21:58.015+0300][2257.555s][info ][gc] GC(73556) Pause Young (Allocation Failure) 84M->84M(96M) 13.226ms
[2020-08-10T13:21:58.031+0300][2257.570s][info ][gc] GC(73557) Pause Young (Allocation Failure) 85M->84M(96M) 15.022ms
[2020-08-10T13:21:58.047+0300][2257.586s][info ][gc] GC(73558) Pause Young (Allocation Failure) 85M->85M(96M) 15.514ms
[2020-08-10T13:21:58.061+0300][2257.600s][info ][gc] GC(73559) Pause Young (Allocation Failure) 85M->85M(96M) 13.518ms
[2020-08-10T13:21:58.075+0300][2257.614s][info ][gc] GC(73560) Pause Young (Allocation Failure) 86M->86M(96M) 13.498ms
[2020-08-10T13:21:58.089+0300][2257.628s][info ][gc] GC(73561) Pause Young (Allocation Failure) 86M->86M(96M) 13.705ms
[2020-08-10T13:21:58.103+0300][2257.642s][info ][gc] GC(73562) Pause Young (Allocation Failure) 87M->87M(96M) 13.451ms
[2020-08-10T13:21:58.117+0300][2257.656s][info ][gc] GC(73563) Pause Young (Allocation Failure) 87M->87M(96M) 13.563ms
[2020-08-10T13:21:58.131+0300][2257.670s][info ][gc] GC(73564) Pause Young (Allocation Failure) 88M->88M(96M) 13.716ms
[2020-08-10T13:21:58.145+0300][2257.685s][info ][gc] GC(73565) Pause Young (Allocation Failure) 88M->88M(96M) 13.738ms
[2020-08-10T13:21:58.160+0300][2257.699s][info ][gc] GC(73566) Pause Young (Allocation Failure) 89M->89M(96M) 13.866ms
[2020-08-10T13:21:58.174+0300][2257.713s][info ][gc] GC(73567) Pause Young (Allocation Failure) 89M->89M(96M) 13.731ms
[2020-08-10T13:21:58.189+0300][2257.728s][info ][gc] GC(73568) Pause Young (Allocation Failure) 90M->90M(96M) 13.962ms
[2020-08-10T13:21:58.204+0300][2257.743s][info ][gc] GC(73569) Pause Young (Allocation Failure) 91M->91M(97M) 13.976ms
[2020-08-10T13:21:58.218+0300][2257.758s][info ][gc] GC(73570) Pause Young (Allocation Failure) 92M->92M(97M) 13.966ms
[2020-08-10T13:21:58.233+0300][2257.772s][info ][gc] GC(73571) Pause Young (Allocation Failure) 93M->93M(97M) 13.885ms
[2020-08-10T13:21:58.247+0300][2257.787s][info ][gc] GC(73572) Pause Young (Allocation Failure) 94M->94M(97M) 13.894ms
[2020-08-10T13:21:58.262+0300][2257.801s][info ][gc] GC(73573) Pause Young (Allocation Failure) 95M->95M(97M) 14.079ms
[2020-08-10T13:21:58.573+0300][2258.113s][debug][gc] GC(73574) Expanding ParOldGen from 97280K by 11776K to 109056K
[2020-08-10T13:21:58.573+0300][2258.113s][info ][gc] GC(73574) Pause Full (Ergonomics) 95M->94M(109M) 311.425ms
[2020-08-10T13:21:58.588+0300][2258.127s][info ][gc] GC(73575) Pause Young (Allocation Failure) 95M->95M(109M) 13.704ms
[2020-08-10T13:21:58.604+0300][2258.144s][info ][gc] GC(73576) Pause Young (Allocation Failure) 96M->96M(109M) 15.845ms
[2020-08-10T13:21:58.619+0300][2258.158s][info ][gc] GC(73577) Pause Young (Allocation Failure) 97M->97M(109M) 14.406ms
[2020-08-10T13:21:58.651+0300][2258.190s][info ][gc] GC(73578) Pause Young (Allocation Failure) 98M->98M(109M) 30.660ms
[2020-08-10T13:21:58.666+0300][2258.205s][info ][gc] GC(73579) Pause Young (Allocation Failure) 99M->99M(109M) 14.124ms
[2020-08-10T13:21:58.681+0300][2258.220s][info ][gc] GC(73580) Pause Young (Allocation Failure) 100M->100M(109M) 14.591ms
[2020-08-10T13:21:58.696+0300][2258.235s][info ][gc] GC(73581) Pause Young (Allocation Failure) 101M->101M(109M) 14.640ms
[2020-08-10T13:21:58.712+0300][2258.251s][info ][gc] GC(73582) Pause Young (Allocation Failure) 102M->102M(109M) 15.046ms
[2020-08-10T13:21:58.727+0300][2258.267s][info ][gc] GC(73583) Pause Young (Allocation Failure) 103M->103M(109M) 15.055ms
[2020-08-10T13:21:58.743+0300][2258.282s][info ][gc] GC(73584) Pause Young (Allocation Failure) 104M->104M(109M) 14.581ms
[2020-08-10T13:21:58.758+0300][2258.297s][info ][gc] GC(73585) Pause Young (Allocation Failure) 105M->105M(109M) 14.352ms
[2020-08-10T13:21:58.774+0300][2258.313s][info ][gc] GC(73586) Pause Young (Allocation Failure) 106M->106M(109M) 15.211ms
[2020-08-10T13:21:58.792+0300][2258.332s][info ][gc] GC(73587) Pause Young (Allocation Failure) 107M->107M(109M) 18.068ms
[2020-08-10T13:21:59.166+0300][2258.706s][debug][gc] GC(73588) Expanding ParOldGen from 109056K by 11264K to 120320K
[2020-08-10T13:21:59.167+0300][2258.706s][info ][gc] GC(73588) Pause Full (Ergonomics) 107M->106M(120M) 374.208ms
[2020-08-10T13:21:59.221+0300][2258.760s][info ][gc] GC(73589) Pause Young (Allocation Failure) 107M->107M(120M) 53.623ms
[2020-08-10T13:21:59.237+0300][2258.777s][info ][gc] GC(73590) Pause Young (Allocation Failure) 108M->108M(120M) 15.866ms
[2020-08-10T13:21:59.254+0300][2258.793s][info ][gc] GC(73591) Pause Young (Allocation Failure) 109M->109M(120M) 15.799ms
[2020-08-10T13:21:59.270+0300][2258.810s][info ][gc] GC(73592) Pause Young (Allocation Failure) 110M->110M(120M) 15.774ms
[2020-08-10T13:21:59.287+0300][2258.827s][info ][gc] GC(73593) Pause Young (Allocation Failure) 111M->111M(120M) 16.163ms
[2020-08-10T13:21:59.304+0300][2258.844s][info ][gc] GC(73594) Pause Young (Allocation Failure) 112M->112M(120M) 16.487ms
[2020-08-10T13:21:59.321+0300][2258.861s][info ][gc] GC(73595) Pause Young (Allocation Failure) 113M->113M(120M) 16.422ms
[2020-08-10T13:21:59.338+0300][2258.878s][info ][gc] GC(73596) Pause Young (Allocation Failure) 114M->114M(120M) 16.388ms
[2020-08-10T13:21:59.355+0300][2258.895s][info ][gc] GC(73597) Pause Young (Allocation Failure) 115M->115M(120M) 16.330ms
[2020-08-10T13:21:59.372+0300][2258.912s][info ][gc] GC(73598) Pause Young (Allocation Failure) 116M->116M(120M) 16.217ms
[2020-08-10T13:21:59.389+0300][2258.928s][info ][gc] GC(73599) Pause Young (Allocation Failure) 117M->117M(120M) 16.446ms
[2020-08-10T13:21:59.406+0300][2258.945s][info ][gc] GC(73600) Pause Young (Allocation Failure) 118M->118M(120M) 16.485ms
[2020-08-10T13:21:59.813+0300][2259.352s][debug][gc] GC(73601) Expanding ParOldGen from 120320K by 11776K to 132096K
[2020-08-10T13:21:59.813+0300][2259.352s][info ][gc] GC(73601) Pause Full (Ergonomics) 118M->117M(131M) 406.860ms
[2020-08-10T13:21:59.848+0300][2259.387s][info ][gc] GC(73602) Pause Young (Allocation Failure) 118M->118M(131M) 34.251ms
[2020-08-10T13:21:59.866+0300][2259.405s][info ][gc] GC(73603) Pause Young (Allocation Failure) 119M->119M(131M) 17.267ms
[2020-08-10T13:21:59.884+0300][2259.423s][info ][gc] GC(73604) Pause Young (Allocation Failure) 120M->120M(131M) 17.339ms
[2020-08-10T13:21:59.901+0300][2259.441s][info ][gc] GC(73605) Pause Young (Allocation Failure) 121M->121M(131M) 17.115ms
[2020-08-10T13:21:59.919+0300][2259.458s][info ][gc] GC(73606) Pause Young (Allocation Failure) 122M->122M(131M) 16.917ms
[2020-08-10T13:21:59.944+0300][2259.483s][info ][gc] GC(73607) Pause Young (Allocation Failure) 123M->123M(131M) 23.972ms
[2020-08-10T13:21:59.961+0300][2259.501s][info ][gc] GC(73608) Pause Young (Allocation Failure) 124M->124M(131M) 17.354ms
[2020-08-10T13:21:59.989+0300][2259.528s][info ][gc] GC(73609) Pause Young (Allocation Failure) 125M->125M(131M) 26.769ms
[2020-08-10T13:22:00.007+0300][2259.546s][info ][gc] GC(73610) Pause Young (Allocation Failure) 126M->126M(131M) 17.555ms
[2020-08-10T13:22:00.033+0300][2259.572s][info ][gc] GC(73611) Pause Young (Allocation Failure) 127M->127M(131M) 25.645ms
[2020-08-10T13:22:00.061+0300][2259.600s][info ][gc] GC(73612) Pause Young (Allocation Failure) 128M->128M(131M) 27.094ms
[2020-08-10T13:22:00.079+0300][2259.619s][info ][gc] GC(73613) Pause Young (Allocation Failure) 129M->129M(131M) 18.019ms
[2020-08-10T13:22:00.636+0300][2260.176s][debug][gc] GC(73614) Expanding ParOldGen from 132096K by 11264K to 143360K
[2020-08-10T13:22:00.636+0300][2260.176s][info ][gc] GC(73614) Pause Full (Ergonomics) 129M->128M(142M) 556.948ms
[2020-08-10T13:22:00.665+0300][2260.205s][info ][gc] GC(73615) Pause Young (Allocation Failure) 129M->129M(142M) 28.204ms
[2020-08-10T13:22:00.684+0300][2260.223s][info ][gc] GC(73616) Pause Young (Allocation Failure) 130M->130M(142M) 17.402ms
[2020-08-10T13:22:00.701+0300][2260.241s][info ][gc] GC(73617) Pause Young (Allocation Failure) 131M->131M(142M) 16.996ms
[2020-08-10T13:22:00.719+0300][2260.259s][info ][gc] GC(73618) Pause Young (Allocation Failure) 132M->132M(142M) 17.331ms
[2020-08-10T13:22:00.769+0300][2260.308s][info ][gc] GC(73619) Pause Young (Allocation Failure) 133M->133M(142M) 49.311ms
[2020-08-10T13:22:00.792+0300][2260.332s][info ][gc] GC(73620) Pause Young (Allocation Failure) 134M->134M(142M) 22.434ms
[2020-08-10T13:22:00.811+0300][2260.351s][info ][gc] GC(73621) Pause Young (Allocation Failure) 135M->135M(142M) 18.307ms
[2020-08-10T13:22:00.830+0300][2260.369s][info ][gc] GC(73622) Pause Young (Allocation Failure) 136M->136M(142M) 18.260ms
[2020-08-10T13:22:00.849+0300][2260.388s][info ][gc] GC(73623) Pause Young (Allocation Failure) 137M->137M(142M) 18.397ms
[2020-08-10T13:22:00.868+0300][2260.407s][info ][gc] GC(73624) Pause Young (Allocation Failure) 138M->138M(142M) 17.936ms
[2020-08-10T13:22:00.886+0300][2260.426s][info ][gc] GC(73625) Pause Young (Allocation Failure) 139M->139M(142M) 18.002ms
[2020-08-10T13:22:00.939+0300][2260.479s][info ][gc] GC(73626) Pause Young (Allocation Failure) 140M->140M(142M) 52.986ms
[2020-08-10T13:22:01.441+0300][2260.981s][debug][gc] GC(73627) Expanding ParOldGen from 143360K by 11264K to 154624K
[2020-08-10T13:22:01.441+0300][2260.981s][info ][gc] GC(73627) Pause Full (Ergonomics) 140M->139M(153M) 501.795ms
[2020-08-10T13:22:01.473+0300][2261.013s][info ][gc] GC(73628) Pause Young (Allocation Failure) 140M->140M(153M) 31.280ms
[2020-08-10T13:22:01.500+0300][2261.040s][info ][gc] GC(73629) Pause Young (Allocation Failure) 141M->141M(153M) 26.551ms
[2020-08-10T13:22:01.536+0300][2261.076s][info ][gc] GC(73630) Pause Young (Allocation Failure) 142M->142M(153M) 35.254ms
[2020-08-10T13:22:01.562+0300][2261.101s][info ][gc] GC(73631) Pause Young (Allocation Failure) 143M->143M(153M) 24.931ms
[2020-08-10T13:22:01.589+0300][2261.128s][info ][gc] GC(73632) Pause Young (Allocation Failure) 144M->144M(153M) 26.511ms
[2020-08-10T13:22:01.615+0300][2261.154s][info ][gc] GC(73633) Pause Young (Allocation Failure) 145M->145M(153M) 25.470ms
[2020-08-10T13:22:01.649+0300][2261.188s][info ][gc] GC(73634) Pause Young (Allocation Failure) 146M->146M(153M) 33.024ms
[2020-08-10T13:22:01.649+0300][2261.189s][debug][gc] Expanding ParOldGen from 154624K by 19968K to 174592K
[2020-08-10T13:22:01.699+0300][2261.238s][info ][gc] GC(73635) Pause Young (Allocation Failure) 166M->166M(173M) 41.704ms
[2020-08-10T13:22:01.749+0300][2261.288s][info ][gc] GC(73636) Pause Young (Allocation Failure) 167M->167M(173M) 49.400ms
[2020-08-10T13:22:01.788+0300][2261.327s][info ][gc] GC(73637) Pause Young (Allocation Failure) 168M->168M(173M) 38.679ms
[2020-08-10T13:22:01.822+0300][2261.362s][info ][gc] GC(73638) Pause Young (Allocation Failure) 169M->169M(173M) 34.039ms
[2020-08-10T13:22:01.857+0300][2261.397s][info ][gc] GC(73639) Pause Young (Allocation Failure) 170M->170M(173M) 34.199ms
[2020-08-10T13:22:01.887+0300][2261.426s][info ][gc] GC(73640) Pause Young (Allocation Failure) 171M->171M(173M) 29.150ms
[2020-08-10T13:22:01.984+0300][2261.524s][debug][gc] GC(73641) Shrinking ParOldGen from 174592K by 124416K to 50176K
[2020-08-10T13:22:01.984+0300][2261.524s][info ][gc] GC(73641) Pause Full (Ergonomics) 171M->37M(51M) 97.462ms
[2020-08-10T13:22:01.998+0300][2261.538s][info ][gc] GC(73642) Pause Young (Allocation Failure) 38M->38M(51M) 13.729ms
[2020-08-10T13:22:02.013+0300][2261.552s][info ][gc] GC(73643) Pause Young (Allocation Failure) 39M->39M(51M) 13.832ms
[2020-08-10T13:22:02.027+0300][2261.567s][info ][gc] GC(73644) Pause Young (Allocation Failure) 40M->40M(51M) 14.143ms
[2020-08-10T13:22:02.042+0300][2261.582s][info ][gc] GC(73645) Pause Young (Allocation Failure) 41M->41M(51M) 14.088ms
[2020-08-10T13:22:02.056+0300][2261.596s][info ][gc] GC(73646) Pause Young (Allocation Failure) 42M->42M(51M) 13.913ms
[2020-08-10T13:22:02.071+0300][2261.610s][info ][gc] GC(73647) Pause Young (Allocation Failure) 43M->43M(51M) 13.930ms
[2020-08-10T13:22:02.105+0300][2261.645s][info ][gc] GC(73648) Pause Young (Allocation Failure) 44M->44M(51M) 33.716ms
[2020-08-10T13:22:02.136+0300][2261.675s][info ][gc] GC(73649) Pause Young (Allocation Failure) 45M->45M(51M) 30.253ms
[2020-08-10T13:22:02.150+0300][2261.690s][info ][gc] GC(73650) Pause Young (Allocation Failure) 46M->46M(51M) 14.036ms
[2020-08-10T13:22:02.165+0300][2261.704s][info ][gc] GC(73651) Pause Young (Allocation Failure) 47M->47M(51M) 14.144ms
[2020-08-10T13:22:02.179+0300][2261.719s][info ][gc] GC(73652) Pause Young (Allocation Failure) 48M->48M(51M) 14.093ms
[2020-08-10T13:22:02.194+0300][2261.733s][info ][gc] GC(73653) Pause Young (Allocation Failure) 49M->49M(51M) 13.990ms
[2020-08-10T13:22:02.304+0300][2261.843s][debug][gc] GC(73654) Expanding ParOldGen from 50176K by 11264K to 61440K
[2020-08-10T13:22:02.304+0300][2261.843s][info ][gc] GC(73654) Pause Full (Ergonomics) 49M->48M(62M) 109.873ms
[2020-08-10T13:22:02.318+0300][2261.857s][info ][gc] GC(73655) Pause Young (Allocation Failure) 49M->49M(62M) 13.426ms
[2020-08-10T13:22:02.332+0300][2261.871s][info ][gc] GC(73656) Pause Young (Allocation Failure) 50M->50M(62M) 13.820ms
[2020-08-10T13:22:02.354+0300][2261.894s][info ][gc] GC(73657) Pause Young (Allocation Failure) 51M->51M(62M) 21.862ms
[2020-08-10T13:22:02.368+0300][2261.908s][info ][gc] GC(73658) Pause Young (Allocation Failure) 52M->52M(62M) 13.752ms
[2020-08-10T13:22:02.383+0300][2261.922s][info ][gc] GC(73659) Pause Young (Allocation Failure) 53M->53M(62M) 13.894ms
[2020-08-10T13:22:02.397+0300][2261.937s][info ][gc] GC(73660) Pause Young (Allocation Failure) 54M->54M(62M) 14.120ms
[2020-08-10T13:22:02.414+0300][2261.954s][info ][gc] GC(73661) Pause Young (Allocation Failure) 55M->55M(62M) 16.422ms
[2020-08-10T13:22:02.429+0300][2261.969s][info ][gc] GC(73662) Pause Young (Allocation Failure) 56M->56M(62M) 14.222ms
[2020-08-10T13:22:02.444+0300][2261.983s][info ][gc] GC(73663) Pause Young (Allocation Failure) 57M->57M(62M) 13.861ms
[2020-08-10T13:22:02.459+0300][2261.998s][info ][gc] GC(73664) Pause Young (Allocation Failure) 58M->58M(62M) 14.132ms
[2020-08-10T13:22:02.473+0300][2262.013s][info ][gc] GC(73665) Pause Young (Allocation Failure) 59M->59M(61M) 13.832ms
[2020-08-10T13:22:02.507+0300][2262.046s][info ][gc] GC(73666) Pause Young (Allocation Failure) 60M->60M(62M) 32.837ms
[2020-08-10T13:22:02.658+0300][2262.197s][debug][gc] GC(73667) Expanding ParOldGen from 61440K by 11776K to 73216K
[2020-08-10T13:22:02.658+0300][2262.197s][info ][gc] GC(73667) Pause Full (Ergonomics) 60M->59M(74M) 150.905ms
[2020-08-10T13:22:02.672+0300][2262.211s][info ][gc] GC(73668) Pause Young (Allocation Failure) 60M->60M(74M) 13.476ms
[2020-08-10T13:22:02.686+0300][2262.225s][info ][gc] GC(73669) Pause Young (Allocation Failure) 61M->61M(74M) 13.766ms
[2020-08-10T13:22:02.700+0300][2262.240s][info ][gc] GC(73670) Pause Young (Allocation Failure) 62M->62M(74M) 13.879ms
[2020-08-10T13:22:02.716+0300][2262.256s][info ][gc] GC(73671) Pause Young (Allocation Failure) 63M->63M(74M) 15.715ms
[2020-08-10T13:22:02.732+0300][2262.272s][info ][gc] GC(73672) Pause Young (Allocation Failure) 64M->64M(74M) 15.155ms
[2020-08-10T13:22:02.747+0300][2262.286s][info ][gc] GC(73673) Pause Young (Allocation Failure) 65M->65M(74M) 14.141ms
[2020-08-10T13:22:02.761+0300][2262.301s][info ][gc] GC(73674) Pause Young (Allocation Failure) 66M->66M(74M) 14.053ms
[2020-08-10T13:22:02.779+0300][2262.319s][info ][gc] GC(73675) Pause Young (Allocation Failure) 67M->67M(74M) 17.303ms
[2020-08-10T13:22:02.794+0300][2262.333s][info ][gc] GC(73676) Pause Young (Allocation Failure) 68M->68M(74M) 14.078ms
[2020-08-10T13:22:02.808+0300][2262.348s][info ][gc] GC(73677) Pause Young (Allocation Failure) 69M->69M(74M) 14.101ms
[2020-08-10T13:22:02.823+0300][2262.363s][info ][gc] GC(73678) Pause Young (Allocation Failure) 70M->70M(74M) 14.009ms
[2020-08-10T13:22:02.838+0300][2262.377s][info ][gc] GC(73679) Pause Young (Allocation Failure) 71M->71M(74M) 13.941ms
[2020-08-10T13:22:02.852+0300][2262.392s][info ][gc] GC(73680) Pause Young (Allocation Failure) 72M->72M(74M) 13.800ms
[2020-08-10T13:22:03.091+0300][2262.630s][debug][gc] GC(73681) Expanding ParOldGen from 73216K by 11776K to 84992K
[2020-08-10T13:22:03.091+0300][2262.630s][info ][gc] GC(73681) Pause Full (Ergonomics) 72M->71M(85M) 238.597ms
[2020-08-10T13:22:03.128+0300][2262.667s][info ][gc] GC(73682) Pause Young (Allocation Failure) 72M->72M(85M) 36.303ms
[2020-08-10T13:22:03.155+0300][2262.694s][info ][gc] GC(73683) Pause Young (Allocation Failure) 73M->73M(85M) 26.247ms
[2020-08-10T13:22:03.185+0300][2262.725s][info ][gc] GC(73684) Pause Young (Allocation Failure) 74M->74M(85M) 29.792ms
[2020-08-10T13:22:03.200+0300][2262.739s][info ][gc] GC(73685) Pause Young (Allocation Failure) 75M->75M(85M) 14.175ms
[2020-08-10T13:22:03.216+0300][2262.756s][info ][gc] GC(73686) Pause Young (Allocation Failure) 76M->76M(85M) 16.006ms
[2020-08-10T13:22:03.234+0300][2262.773s][info ][gc] GC(73687) Pause Young (Allocation Failure) 77M->77M(85M) 17.067ms
[2020-08-10T13:22:03.251+0300][2262.790s][info ][gc] GC(73688) Pause Young (Allocation Failure) 78M->78M(85M) 16.249ms
[2020-08-10T13:22:03.271+0300][2262.810s][info ][gc] GC(73689) Pause Young (Allocation Failure) 79M->79M(85M) 19.441ms
[2020-08-10T13:22:03.290+0300][2262.830s][info ][gc] GC(73690) Pause Young (Allocation Failure) 80M->80M(85M) 19.111ms
[2020-08-10T13:22:03.307+0300][2262.847s][info ][gc] GC(73691) Pause Young (Allocation Failure) 81M->81M(85M) 16.473ms
[2020-08-10T13:22:03.322+0300][2262.862s][info ][gc] GC(73692) Pause Young (Allocation Failure) 82M->82M(85M) 14.401ms
[2020-08-10T13:22:03.347+0300][2262.886s][info ][gc] GC(73693) Pause Young (Allocation Failure) 83M->83M(85M) 23.967ms
[2020-08-10T13:22:03.616+0300][2263.155s][debug][gc] GC(73694) Expanding ParOldGen from 84992K by 11264K to 96256K
[2020-08-10T13:22:03.616+0300][2263.155s][info ][gc] GC(73694) Pause Full (Ergonomics) 83M->83M(96M) 268.768ms
[2020-08-10T13:22:03.648+0300][2263.188s][info ][gc] GC(73695) Pause Young (Allocation Failure) 84M->84M(96M) 31.767ms
[2020-08-10T13:22:03.687+0300][2263.227s][info ][gc] GC(73696) Pause Young (Allocation Failure) 85M->85M(96M) 38.482ms
[2020-08-10T13:22:03.720+0300][2263.260s][info ][gc] GC(73697) Pause Young (Allocation Failure) 86M->86M(96M) 32.143ms
[2020-08-10T13:22:03.738+0300][2263.278s][info ][gc] GC(73698) Pause Young (Allocation Failure) 87M->87M(96M) 17.822ms
[2020-08-10T13:22:03.753+0300][2263.293s][info ][gc] GC(73699) Pause Young (Allocation Failure) 88M->87M(96M) 14.235ms
[2020-08-10T13:22:03.768+0300][2263.307s][info ][gc] GC(73700) Pause Young (Allocation Failure) 88M->88M(96M) 14.169ms
[2020-08-10T13:22:03.785+0300][2263.325s][info ][gc] GC(73701) Pause Young (Allocation Failure) 89M->89M(96M) 16.932ms
[2020-08-10T13:22:03.812+0300][2263.351s][info ][gc] GC(73702) Pause Young (Allocation Failure) 90M->90M(96M) 25.475ms
[2020-08-10T13:22:03.827+0300][2263.367s][info ][gc] GC(73703) Pause Young (Allocation Failure) 91M->91M(96M) 14.861ms
[2020-08-10T13:22:03.843+0300][2263.383s][info ][gc] GC(73704) Pause Young (Allocation Failure) 92M->92M(96M) 16.042ms
[2020-08-10T13:22:03.858+0300][2263.398s][info ][gc] GC(73705) Pause Young (Allocation Failure) 93M->93M(96M) 14.552ms
[2020-08-10T13:22:03.877+0300][2263.416s][info ][gc] GC(73706) Pause Young (Allocation Failure) 94M->94M(96M) 17.806ms
[2020-08-10T13:22:04.176+0300][2263.716s][debug][gc] GC(73707) Expanding ParOldGen from 96256K by 11264K to 107520K
[2020-08-10T13:22:04.176+0300][2263.716s][info ][gc] GC(73707) Pause Full (Ergonomics) 94M->94M(107M) 299.086ms
[2020-08-10T13:22:04.212+0300][2263.751s][info ][gc] GC(73708) Pause Young (Allocation Failure) 95M->95M(107M) 34.525ms
[2020-08-10T13:22:04.227+0300][2263.766s][info ][gc] GC(73709) Pause Young (Allocation Failure) 96M->96M(107M) 14.566ms
[2020-08-10T13:22:04.242+0300][2263.781s][info ][gc] GC(73710) Pause Young (Allocation Failure) 97M->97M(107M) 14.526ms
[2020-08-10T13:22:04.257+0300][2263.796s][info ][gc] GC(73711) Pause Young (Allocation Failure) 98M->98M(107M) 14.668ms
[2020-08-10T13:22:04.272+0300][2263.811s][info ][gc] GC(73712) Pause Young (Allocation Failure) 99M->99M(107M) 14.873ms
[2020-08-10T13:22:04.312+0300][2263.850s][info ][gc] GC(73713) Pause Young (Allocation Failure) 100M->100M(107M) 39.041ms
[2020-08-10T13:22:04.327+0300][2263.866s][info ][gc] GC(73714) Pause Young (Allocation Failure) 101M->101M(107M) 14.997ms
[2020-08-10T13:22:04.348+0300][2263.886s][info ][gc] GC(73715) Pause Young (Allocation Failure) 102M->102M(107M) 20.058ms
[2020-08-10T13:22:04.375+0300][2263.913s][info ][gc] GC(73716) Pause Young (Allocation Failure) 103M->102M(107M) 26.247ms
[2020-08-10T13:22:04.398+0300][2263.937s][info ][gc] GC(73717) Pause Young (Allocation Failure) 103M->103M(107M) 23.042ms
[2020-08-10T13:22:04.425+0300][2263.964s][info ][gc] GC(73718) Pause Young (Allocation Failure) 104M->104M(107M) 26.116ms
[2020-08-10T13:22:04.772+0300][2264.311s][debug][gc] GC(73719) Expanding ParOldGen from 107520K by 11264K to 118784K
[2020-08-10T13:22:04.772+0300][2264.311s][info ][gc] GC(73719) Pause Full (Ergonomics) 104M->104M(118M) 346.834ms
[2020-08-10T13:22:04.805+0300][2264.344s][info ][gc] GC(73720) Pause Young (Allocation Failure) 105M->105M(118M) 32.053ms
[2020-08-10T13:22:04.823+0300][2264.361s][info ][gc] GC(73721) Pause Young (Allocation Failure) 106M->106M(118M) 16.908ms
[2020-08-10T13:22:04.839+0300][2264.378s][info ][gc] GC(73722) Pause Young (Allocation Failure) 107M->107M(118M) 15.558ms
[2020-08-10T13:22:04.859+0300][2264.398s][info ][gc] GC(73723) Pause Young (Allocation Failure) 108M->108M(118M) 19.178ms
[2020-08-10T13:22:04.875+0300][2264.414s][info ][gc] GC(73724) Pause Young (Allocation Failure) 109M->109M(118M) 15.548ms
[2020-08-10T13:22:04.894+0300][2264.433s][info ][gc] GC(73725) Pause Young (Allocation Failure) 110M->110M(118M) 18.448ms
[2020-08-10T13:22:04.911+0300][2264.449s][info ][gc] GC(73726) Pause Young (Allocation Failure) 111M->111M(118M) 15.587ms
[2020-08-10T13:22:04.927+0300][2264.466s][info ][gc] GC(73727) Pause Young (Allocation Failure) 112M->112M(118M) 15.733ms
[2020-08-10T13:22:04.946+0300][2264.485s][info ][gc] GC(73728) Pause Young (Allocation Failure) 113M->113M(118M) 18.577ms
[2020-08-10T13:22:04.968+0300][2264.507s][info ][gc] GC(73729) Pause Young (Allocation Failure) 114M->114M(118M) 22.077ms
[2020-08-10T13:22:04.990+0300][2264.529s][info ][gc] GC(73730) Pause Young (Allocation Failure) 115M->115M(118M) 21.576ms
[2020-08-10T13:22:05.013+0300][2264.551s][info ][gc] GC(73731) Pause Young (Allocation Failure) 116M->116M(118M) 21.669ms
[2020-08-10T13:22:05.380+0300][2264.919s][debug][gc] GC(73732) Expanding ParOldGen from 118784K by 11264K to 130048K
[2020-08-10T13:22:05.380+0300][2264.919s][info ][gc] GC(73732) Pause Full (Ergonomics) 116M->115M(129M) 367.435ms
[2020-08-10T13:22:05.395+0300][2264.933s][info ][gc] GC(73733) Pause Young (Allocation Failure) 116M->116M(129M) 14.081ms
[2020-08-10T13:22:05.418+0300][2264.957s][info ][gc] GC(73734) Pause Young (Allocation Failure) 117M->117M(129M) 22.712ms
[2020-08-10T13:22:05.436+0300][2264.975s][info ][gc] GC(73735) Pause Young (Allocation Failure) 118M->118M(129M) 17.474ms
[2020-08-10T13:22:05.459+0300][2264.998s][info ][gc] GC(73736) Pause Young (Allocation Failure) 119M->119M(129M) 22.578ms
[2020-08-10T13:22:05.485+0300][2265.023s][info ][gc] GC(73737) Pause Young (Allocation Failure) 120M->120M(129M) 24.953ms
[2020-08-10T13:22:05.509+0300][2265.048s][info ][gc] GC(73738) Pause Young (Allocation Failure) 121M->121M(129M) 24.144ms
[2020-08-10T13:22:05.535+0300][2265.074s][info ][gc] GC(73739) Pause Young (Allocation Failure) 122M->122M(129M) 25.397ms
[2020-08-10T13:22:05.553+0300][2265.092s][info ][gc] GC(73740) Pause Young (Allocation Failure) 123M->123M(129M) 16.890ms
[2020-08-10T13:22:05.572+0300][2265.111s][info ][gc] GC(73741) Pause Young (Allocation Failure) 124M->124M(129M) 18.441ms
[2020-08-10T13:22:05.607+0300][2265.145s][info ][gc] GC(73742) Pause Young (Allocation Failure) 125M->125M(129M) 34.202ms
[2020-08-10T13:22:05.631+0300][2265.170s][info ][gc] GC(73743) Pause Young (Allocation Failure) 126M->126M(129M) 23.996ms
[2020-08-10T13:22:05.660+0300][2265.198s][info ][gc] GC(73744) Pause Young (Allocation Failure) 127M->127M(129M) 28.289ms
[2020-08-10T13:22:06.111+0300][2265.650s][debug][gc] GC(73745) Expanding ParOldGen from 130048K by 11776K to 141824K
[2020-08-10T13:22:06.111+0300][2265.650s][info ][gc] GC(73745) Pause Full (Ergonomics) 127M->126M(141M) 451.521ms
[2020-08-10T13:22:06.129+0300][2265.668s][info ][gc] GC(73746) Pause Young (Allocation Failure) 127M->127M(141M) 17.182ms
[2020-08-10T13:22:06.161+0300][2265.699s][info ][gc] GC(73747) Pause Young (Allocation Failure) 128M->128M(141M) 31.161ms
[2020-08-10T13:22:06.187+0300][2265.726s][info ][gc] GC(73748) Pause Young (Allocation Failure) 129M->129M(141M) 26.186ms
[2020-08-10T13:22:06.208+0300][2265.747s][info ][gc] GC(73749) Pause Young (Allocation Failure) 130M->130M(141M) 20.153ms
[2020-08-10T13:22:06.237+0300][2265.776s][info ][gc] GC(73750) Pause Young (Allocation Failure) 131M->131M(141M) 28.451ms
[2020-08-10T13:22:06.259+0300][2265.798s][info ][gc] GC(73751) Pause Young (Allocation Failure) 132M->132M(141M) 21.317ms
[2020-08-10T13:22:06.278+0300][2265.817s][info ][gc] GC(73752) Pause Young (Allocation Failure) 133M->133M(141M) 18.904ms
[2020-08-10T13:22:06.309+0300][2265.847s][info ][gc] GC(73753) Pause Young (Allocation Failure) 134M->134M(141M) 30.096ms
[2020-08-10T13:22:06.331+0300][2265.870s][info ][gc] GC(73754) Pause Young (Allocation Failure) 135M->135M(141M) 21.635ms
[2020-08-10T13:22:06.350+0300][2265.888s][info ][gc] GC(73755) Pause Young (Allocation Failure) 136M->136M(141M) 18.308ms
[2020-08-10T13:22:06.368+0300][2265.907s][info ][gc] GC(73756) Pause Young (Allocation Failure) 137M->137M(141M) 18.100ms
[2020-08-10T13:22:06.387+0300][2265.926s][info ][gc] GC(73757) Pause Young (Allocation Failure) 138M->138M(141M) 18.324ms
[2020-08-10T13:22:06.897+0300][2266.436s][debug][gc] GC(73758) Expanding ParOldGen from 141824K by 11264K to 153088K
[2020-08-10T13:22:06.897+0300][2266.436s][info ][gc] GC(73758) Pause Full (Ergonomics) 138M->138M(152M) 509.867ms
[2020-08-10T13:22:06.922+0300][2266.461s][info ][gc] GC(73759) Pause Young (Allocation Failure) 139M->139M(152M) 24.706ms
[2020-08-10T13:22:06.948+0300][2266.486s][info ][gc] GC(73760) Pause Young (Allocation Failure) 140M->140M(152M) 24.743ms
[2020-08-10T13:22:06.966+0300][2266.505s][info ][gc] GC(73761) Pause Young (Allocation Failure) 141M->141M(152M) 18.375ms
[2020-08-10T13:22:06.989+0300][2266.527s][info ][gc] GC(73762) Pause Young (Allocation Failure) 142M->141M(152M) 21.593ms
[2020-08-10T13:22:07.007+0300][2266.546s][info ][gc] GC(73763) Pause Young (Allocation Failure) 142M->142M(152M) 18.034ms
[2020-08-10T13:22:07.027+0300][2266.566s][info ][gc] GC(73764) Pause Young (Allocation Failure) 143M->143M(152M) 19.929ms
[2020-08-10T13:22:07.059+0300][2266.598s][info ][gc] GC(73765) Pause Young (Allocation Failure) 144M->144M(152M) 31.033ms
[2020-08-10T13:22:07.078+0300][2266.617s][info ][gc] GC(73766) Pause Young (Allocation Failure) 145M->145M(152M) 18.955ms
[2020-08-10T13:22:07.110+0300][2266.649s][info ][gc] GC(73767) Pause Young (Allocation Failure) 146M->146M(152M) 31.640ms
[2020-08-10T13:22:07.111+0300][2266.649s][debug][gc] Expanding ParOldGen from 153088K by 19968K to 173056K
[2020-08-10T13:22:07.148+0300][2266.687s][info ][gc] GC(73768) Pause Young (Allocation Failure) 166M->166M(171M) 29.379ms
[2020-08-10T13:22:07.164+0300][2266.703s][info ][gc] GC(73769) Pause Young (Allocation Failure) 167M->167M(171M) 15.421ms
[2020-08-10T13:22:07.182+0300][2266.721s][info ][gc] GC(73770) Pause Young (Allocation Failure) 168M->168M(171M) 17.375ms
[2020-08-10T13:22:07.198+0300][2266.737s][info ][gc] GC(73771) Pause Young (Allocation Failure) 169M->169M(171M) 15.304ms
[2020-08-10T13:22:07.263+0300][2266.802s][debug][gc] GC(73772) Shrinking ParOldGen from 173056K by 124416K to 48640K
[2020-08-10T13:22:07.263+0300][2266.802s][info ][gc] GC(73772) Pause Full (Ergonomics) 169M->35M(50M) 65.234ms
[2020-08-10T13:22:07.278+0300][2266.817s][info ][gc] GC(73773) Pause Young (Allocation Failure) 36M->36M(50M) 14.093ms
[2020-08-10T13:22:07.292+0300][2266.831s][info ][gc] GC(73774) Pause Young (Allocation Failure) 37M->37M(50M) 13.971ms
[2020-08-10T13:22:07.307+0300][2266.846s][info ][gc] GC(73775) Pause Young (Allocation Failure) 38M->38M(50M) 14.509ms
[2020-08-10T13:22:07.329+0300][2266.867s][info ][gc] GC(73776) Pause Young (Allocation Failure) 39M->39M(50M) 20.784ms
[2020-08-10T13:22:07.345+0300][2266.884s][info ][gc] GC(73777) Pause Young (Allocation Failure) 40M->40M(50M) 15.975ms
[2020-08-10T13:22:07.360+0300][2266.898s][info ][gc] GC(73778) Pause Young (Allocation Failure) 41M->41M(50M) 13.902ms
[2020-08-10T13:22:07.375+0300][2266.914s][info ][gc] GC(73779) Pause Young (Allocation Failure) 42M->42M(50M) 15.427ms
[2020-08-10T13:22:07.390+0300][2266.929s][info ][gc] GC(73780) Pause Young (Allocation Failure) 43M->43M(50M) 14.215ms
[2020-08-10T13:22:07.406+0300][2266.944s][info ][gc] GC(73781) Pause Young (Allocation Failure) 44M->44M(50M) 14.952ms
[2020-08-10T13:22:07.420+0300][2266.959s][info ][gc] GC(73782) Pause Young (Allocation Failure) 45M->45M(50M) 14.010ms
[2020-08-10T13:22:07.434+0300][2266.973s][info ][gc] GC(73783) Pause Young (Allocation Failure) 46M->46M(50M) 13.839ms
[2020-08-10T13:22:07.449+0300][2266.988s][info ][gc] GC(73784) Pause Young (Allocation Failure) 47M->47M(50M) 14.182ms
[2020-08-10T13:22:07.553+0300][2267.092s][debug][gc] GC(73785) Expanding ParOldGen from 48640K by 11264K to 59904K
[2020-08-10T13:22:07.553+0300][2267.092s][info ][gc] GC(73785) Pause Full (Ergonomics) 47M->47M(61M) 103.573ms
[2020-08-10T13:22:07.567+0300][2267.106s][info ][gc] GC(73786) Pause Young (Allocation Failure) 48M->47M(61M) 13.496ms
[2020-08-10T13:22:07.584+0300][2267.123s][info ][gc] GC(73787) Pause Young (Allocation Failure) 48M->48M(61M) 16.644ms
[2020-08-10T13:22:07.604+0300][2267.143s][info ][gc] GC(73788) Pause Young (Allocation Failure) 49M->49M(61M) 19.605ms
[2020-08-10T13:22:07.622+0300][2267.160s][info ][gc] GC(73789) Pause Young (Allocation Failure) 50M->50M(61M) 16.632ms
[2020-08-10T13:22:07.636+0300][2267.175s][info ][gc] GC(73790) Pause Young (Allocation Failure) 51M->51M(61M) 13.988ms
[2020-08-10T13:22:07.654+0300][2267.192s][info ][gc] GC(73791) Pause Young (Allocation Failure) 52M->52M(61M) 16.958ms
[2020-08-10T13:22:07.668+0300][2267.207s][info ][gc] GC(73792) Pause Young (Allocation Failure) 53M->53M(61M) 14.202ms
[2020-08-10T13:22:07.686+0300][2267.225s][info ][gc] GC(73793) Pause Young (Allocation Failure) 54M->54M(61M) 17.263ms
[2020-08-10T13:22:07.701+0300][2267.240s][info ][gc] GC(73794) Pause Young (Allocation Failure) 55M->55M(61M) 14.183ms
[2020-08-10T13:22:07.718+0300][2267.257s][info ][gc] GC(73795) Pause Young (Allocation Failure) 56M->56M(60M) 17.168ms
[2020-08-10T13:22:07.733+0300][2267.272s][info ][gc] GC(73796) Pause Young (Allocation Failure) 57M->57M(60M) 14.052ms
[2020-08-10T13:22:07.747+0300][2267.286s][info ][gc] GC(73797) Pause Young (Allocation Failure) 58M->58M(60M) 14.099ms
[2020-08-10T13:22:07.881+0300][2267.420s][debug][gc] GC(73798) Expanding ParOldGen from 59904K by 11264K to 71168K
[2020-08-10T13:22:07.881+0300][2267.420s][info ][gc] GC(73798) Pause Full (Ergonomics) 58M->58M(71M) 133.742ms
[2020-08-10T13:22:07.895+0300][2267.434s][info ][gc] GC(73799) Pause Young (Allocation Failure) 59M->59M(71M) 13.826ms
[2020-08-10T13:22:07.910+0300][2267.449s][info ][gc] GC(73800) Pause Young (Allocation Failure) 60M->60M(71M) 13.983ms
[2020-08-10T13:22:07.924+0300][2267.463s][info ][gc] GC(73801) Pause Young (Allocation Failure) 61M->60M(71M) 14.065ms
[2020-08-10T13:22:07.938+0300][2267.477s][info ][gc] GC(73802) Pause Young (Allocation Failure) 61M->61M(71M) 13.762ms
[2020-08-10T13:22:07.953+0300][2267.492s][info ][gc] GC(73803) Pause Young (Allocation Failure) 62M->62M(71M) 14.628ms
[2020-08-10T13:22:07.968+0300][2267.507s][info ][gc] GC(73804) Pause Young (Allocation Failure) 63M->63M(71M) 14.195ms
[2020-08-10T13:22:07.983+0300][2267.522s][info ][gc] GC(73805) Pause Young (Allocation Failure) 64M->64M(71M) 14.052ms
[2020-08-10T13:22:07.997+0300][2267.536s][info ][gc] GC(73806) Pause Young (Allocation Failure) 65M->65M(71M) 14.294ms
[2020-08-10T13:22:08.012+0300][2267.551s][info ][gc] GC(73807) Pause Young (Allocation Failure) 66M->66M(71M) 14.105ms
[2020-08-10T13:22:08.027+0300][2267.566s][info ][gc] GC(73808) Pause Young (Allocation Failure) 67M->67M(71M) 14.117ms
[2020-08-10T13:22:08.041+0300][2267.580s][info ][gc] GC(73809) Pause Young (Allocation Failure) 68M->68M(71M) 13.902ms
[2020-08-10T13:22:08.056+0300][2267.594s][info ][gc] GC(73810) Pause Young (Allocation Failure) 69M->69M(71M) 13.905ms
[2020-08-10T13:22:08.236+0300][2267.775s][debug][gc] GC(73811) Expanding ParOldGen from 71168K by 11264K to 82432K
[2020-08-10T13:22:08.236+0300][2267.775s][info ][gc] GC(73811) Pause Full (Ergonomics) 69M->69M(82M) 180.594ms
[2020-08-10T13:22:08.250+0300][2267.789s][info ][gc] GC(73812) Pause Young (Allocation Failure) 70M->70M(82M) 13.358ms
[2020-08-10T13:22:08.264+0300][2267.803s][info ][gc] GC(73813) Pause Young (Allocation Failure) 71M->71M(82M) 13.955ms
[2020-08-10T13:22:08.279+0300][2267.818s][info ][gc] GC(73814) Pause Young (Allocation Failure) 72M->72M(82M) 14.049ms
[2020-08-10T13:22:08.294+0300][2267.833s][info ][gc] GC(73815) Pause Young (Allocation Failure) 73M->73M(82M) 13.952ms
[2020-08-10T13:22:08.316+0300][2267.855s][info ][gc] GC(73816) Pause Young (Allocation Failure) 74M->74M(82M) 21.941ms
[2020-08-10T13:22:08.331+0300][2267.870s][info ][gc] GC(73817) Pause Young (Allocation Failure) 75M->75M(82M) 14.156ms
[2020-08-10T13:22:08.345+0300][2267.884s][info ][gc] GC(73818) Pause Young (Allocation Failure) 76M->76M(82M) 13.883ms
[2020-08-10T13:22:08.360+0300][2267.899s][info ][gc] GC(73819) Pause Young (Allocation Failure) 77M->77M(82M) 13.968ms
[2020-08-10T13:22:08.374+0300][2267.913s][info ][gc] GC(73820) Pause Young (Allocation Failure) 78M->78M(82M) 13.946ms
[2020-08-10T13:22:08.388+0300][2267.927s][info ][gc] GC(73821) Pause Young (Allocation Failure) 79M->78M(82M) 13.886ms
[2020-08-10T13:22:08.403+0300][2267.942s][info ][gc] GC(73822) Pause Young (Allocation Failure) 79M->79M(82M) 13.901ms
[2020-08-10T13:22:08.417+0300][2267.956s][info ][gc] GC(73823) Pause Young (Allocation Failure) 80M->80M(82M) 13.834ms
