[2020-08-10T13:05:31.518+0300][1271.063s][info ][gc] GC(41057) Pause Young (Allocation Failure) 24M->24M(34M) 13.409ms
[2020-08-10T13:05:31.532+0300][1271.077s][info ][gc] GC(41058) Pause Young (Allocation Failure) 24M->24M(34M) 13.390ms
[2020-08-10T13:05:31.546+0300][1271.091s][info ][gc] GC(41059) Pause Young (Allocation Failure) 25M->25M(34M) 13.423ms
[2020-08-10T13:05:31.560+0300][1271.105s][info ][gc] GC(41060) Pause Young (Allocation Failure) 25M->25M(34M) 13.215ms
[2020-08-10T13:05:31.574+0300][1271.118s][info ][gc] GC(41061) Pause Young (Allocation Failure) 26M->26M(34M) 13.306ms
[2020-08-10T13:05:31.588+0300][1271.132s][info ][gc] GC(41062) Pause Young (Allocation Failure) 26M->26M(34M) 13.321ms
[2020-08-10T13:05:31.601+0300][1271.146s][info ][gc] GC(41063) Pause Young (Allocation Failure) 27M->27M(34M) 13.456ms
[2020-08-10T13:05:31.615+0300][1271.160s][info ][gc] GC(41064) Pause Young (Allocation Failure) 27M->27M(34M) 13.502ms
[2020-08-10T13:05:31.629+0300][1271.174s][info ][gc] GC(41065) Pause Young (Allocation Failure) 27M->27M(34M) 13.427ms
[2020-08-10T13:05:31.643+0300][1271.188s][info ][gc] GC(41066) Pause Young (Allocation Failure) 28M->28M(34M) 13.571ms
[2020-08-10T13:05:31.658+0300][1271.202s][info ][gc] GC(41067) Pause Young (Allocation Failure) 29M->29M(34M) 13.702ms
[2020-08-10T13:05:31.672+0300][1271.217s][info ][gc] GC(41068) Pause Young (Allocation Failure) 30M->30M(35M) 13.627ms
[2020-08-10T13:05:31.686+0300][1271.231s][info ][gc] GC(41069) Pause Young (Allocation Failure) 31M->31M(35M) 13.864ms
[2020-08-10T13:05:31.701+0300][1271.245s][info ][gc] GC(41070) Pause Young (Allocation Failure) 32M->32M(35M) 13.693ms
[2020-08-10T13:05:31.715+0300][1271.260s][info ][gc] GC(41071) Pause Young (Allocation Failure) 33M->33M(35M) 13.970ms
[2020-08-10T13:05:31.775+0300][1271.320s][debug][gc] GC(41072) Expanding ParOldGen from 33792K by 11264K to 45056K
[2020-08-10T13:05:31.775+0300][1271.320s][info ][gc] GC(41072) Pause Full (Ergonomics) 33M->32M(46M) 59.431ms
[2020-08-10T13:05:31.789+0300][1271.334s][info ][gc] GC(41073) Pause Young (Allocation Failure) 33M->33M(46M) 13.338ms
[2020-08-10T13:05:31.803+0300][1271.348s][info ][gc] GC(41074) Pause Young (Allocation Failure) 34M->34M(46M) 13.809ms
[2020-08-10T13:05:31.817+0300][1271.362s][info ][gc] GC(41075) Pause Young (Allocation Failure) 35M->35M(46M) 13.820ms
[2020-08-10T13:05:31.832+0300][1271.377s][info ][gc] GC(41076) Pause Young (Allocation Failure) 36M->36M(46M) 13.931ms
[2020-08-10T13:05:31.846+0300][1271.391s][info ][gc] GC(41077) Pause Young (Allocation Failure) 37M->37M(46M) 13.804ms
[2020-08-10T13:05:31.861+0300][1271.406s][info ][gc] GC(41078) Pause Young (Allocation Failure) 38M->38M(46M) 13.946ms
[2020-08-10T13:05:31.876+0300][1271.420s][info ][gc] GC(41079) Pause Young (Allocation Failure) 39M->39M(46M) 14.057ms
[2020-08-10T13:05:31.890+0300][1271.435s][info ][gc] GC(41080) Pause Young (Allocation Failure) 40M->40M(46M) 13.946ms
[2020-08-10T13:05:31.904+0300][1271.449s][info ][gc] GC(41081) Pause Young (Allocation Failure) 41M->41M(46M) 13.777ms
[2020-08-10T13:05:31.919+0300][1271.464s][info ][gc] GC(41082) Pause Young (Allocation Failure) 42M->42M(46M) 13.926ms
[2020-08-10T13:05:31.934+0300][1271.478s][info ][gc] GC(41083) Pause Young (Allocation Failure) 43M->43M(46M) 14.002ms
[2020-08-10T13:05:31.948+0300][1271.493s][info ][gc] GC(41084) Pause Young (Allocation Failure) 44M->44M(46M) 13.984ms
[2020-08-10T13:05:32.036+0300][1271.581s][debug][gc] GC(41085) Expanding ParOldGen from 45056K by 11776K to 56832K
[2020-08-10T13:05:32.037+0300][1271.581s][info ][gc] GC(41085) Pause Full (Ergonomics) 44M->43M(58M) 88.097ms
[2020-08-10T13:05:32.051+0300][1271.595s][info ][gc] GC(41086) Pause Young (Allocation Failure) 44M->44M(58M) 13.528ms
[2020-08-10T13:05:32.065+0300][1271.610s][info ][gc] GC(41087) Pause Young (Allocation Failure) 45M->45M(58M) 13.925ms
[2020-08-10T13:05:32.080+0300][1271.625s][info ][gc] GC(41088) Pause Young (Allocation Failure) 46M->46M(58M) 13.959ms
[2020-08-10T13:05:32.094+0300][1271.639s][info ][gc] GC(41089) Pause Young (Allocation Failure) 47M->47M(58M) 13.976ms
[2020-08-10T13:05:32.109+0300][1271.654s][info ][gc] GC(41090) Pause Young (Allocation Failure) 48M->48M(58M) 13.952ms
[2020-08-10T13:05:32.123+0300][1271.668s][info ][gc] GC(41091) Pause Young (Allocation Failure) 49M->49M(58M) 13.939ms
[2020-08-10T13:05:32.138+0300][1271.683s][info ][gc] GC(41092) Pause Young (Allocation Failure) 50M->50M(58M) 13.935ms
[2020-08-10T13:05:32.152+0300][1271.697s][info ][gc] GC(41093) Pause Young (Allocation Failure) 51M->51M(58M) 13.947ms
[2020-08-10T13:05:32.167+0300][1271.712s][info ][gc] GC(41094) Pause Young (Allocation Failure) 52M->52M(58M) 14.004ms
[2020-08-10T13:05:32.182+0300][1271.727s][info ][gc] GC(41095) Pause Young (Allocation Failure) 53M->53M(58M) 14.031ms
[2020-08-10T13:05:32.196+0300][1271.741s][info ][gc] GC(41096) Pause Young (Allocation Failure) 54M->54M(58M) 13.985ms
[2020-08-10T13:05:32.211+0300][1271.756s][info ][gc] GC(41097) Pause Young (Allocation Failure) 55M->55M(58M) 13.924ms
[2020-08-10T13:05:32.225+0300][1271.770s][info ][gc] GC(41098) Pause Young (Allocation Failure) 56M->56M(58M) 13.927ms
[2020-08-10T13:05:32.347+0300][1271.892s][debug][gc] GC(41099) Expanding ParOldGen from 56832K by 11264K to 68096K
[2020-08-10T13:05:32.348+0300][1271.892s][info ][gc] GC(41099) Pause Full (Ergonomics) 56M->55M(69M) 121.921ms
[2020-08-10T13:05:32.372+0300][1271.917s][info ][gc] GC(41100) Pause Young (Allocation Failure) 56M->56M(69M) 24.021ms
[2020-08-10T13:05:32.387+0300][1271.932s][info ][gc] GC(41101) Pause Young (Allocation Failure) 57M->57M(69M) 14.049ms
[2020-08-10T13:05:32.401+0300][1271.946s][info ][gc] GC(41102) Pause Young (Allocation Failure) 58M->58M(69M) 14.117ms
[2020-08-10T13:05:32.416+0300][1271.961s][info ][gc] GC(41103) Pause Young (Allocation Failure) 59M->59M(69M) 14.140ms
[2020-08-10T13:05:32.431+0300][1271.975s][info ][gc] GC(41104) Pause Young (Allocation Failure) 60M->60M(69M) 14.035ms
[2020-08-10T13:05:32.445+0300][1271.990s][info ][gc] GC(41105) Pause Young (Allocation Failure) 61M->61M(69M) 14.004ms
[2020-08-10T13:05:32.460+0300][1272.005s][info ][gc] GC(41106) Pause Young (Allocation Failure) 62M->62M(69M) 14.382ms
[2020-08-10T13:05:32.475+0300][1272.020s][info ][gc] GC(41107) Pause Young (Allocation Failure) 63M->63M(69M) 14.245ms
[2020-08-10T13:05:32.490+0300][1272.034s][info ][gc] GC(41108) Pause Young (Allocation Failure) 64M->64M(69M) 14.249ms
[2020-08-10T13:05:32.505+0300][1272.049s][info ][gc] GC(41109) Pause Young (Allocation Failure) 65M->65M(69M) 14.276ms
[2020-08-10T13:05:32.519+0300][1272.064s][info ][gc] GC(41110) Pause Young (Allocation Failure) 66M->66M(69M) 14.097ms
[2020-08-10T13:05:32.534+0300][1272.079s][info ][gc] GC(41111) Pause Young (Allocation Failure) 67M->67M(69M) 14.167ms
[2020-08-10T13:05:32.689+0300][1272.234s][debug][gc] GC(41112) Expanding ParOldGen from 68096K by 11264K to 79360K
[2020-08-10T13:05:32.689+0300][1272.234s][info ][gc] GC(41112) Pause Full (Ergonomics) 67M->67M(80M) 155.041ms
[2020-08-10T13:05:32.719+0300][1272.263s][info ][gc] GC(41113) Pause Young (Allocation Failure) 68M->68M(80M) 28.916ms
[2020-08-10T13:05:32.734+0300][1272.278s][info ][gc] GC(41114) Pause Young (Allocation Failure) 69M->69M(80M) 14.308ms
[2020-08-10T13:05:32.748+0300][1272.293s][info ][gc] GC(41115) Pause Young (Allocation Failure) 70M->70M(80M) 14.190ms
[2020-08-10T13:05:32.763+0300][1272.308s][info ][gc] GC(41116) Pause Young (Allocation Failure) 71M->70M(80M) 14.288ms
[2020-08-10T13:05:32.778+0300][1272.323s][info ][gc] GC(41117) Pause Young (Allocation Failure) 71M->71M(80M) 14.345ms
[2020-08-10T13:05:32.793+0300][1272.338s][info ][gc] GC(41118) Pause Young (Allocation Failure) 72M->72M(80M) 14.276ms
[2020-08-10T13:05:32.808+0300][1272.353s][info ][gc] GC(41119) Pause Young (Allocation Failure) 73M->73M(80M) 14.097ms
[2020-08-10T13:05:32.823+0300][1272.367s][info ][gc] GC(41120) Pause Young (Allocation Failure) 74M->74M(80M) 14.302ms
[2020-08-10T13:05:32.837+0300][1272.382s][info ][gc] GC(41121) Pause Young (Allocation Failure) 75M->75M(80M) 14.291ms
[2020-08-10T13:05:32.853+0300][1272.397s][info ][gc] GC(41122) Pause Young (Allocation Failure) 76M->76M(80M) 14.341ms
[2020-08-10T13:05:32.867+0300][1272.412s][info ][gc] GC(41123) Pause Young (Allocation Failure) 77M->77M(80M) 14.343ms
[2020-08-10T13:05:33.044+0300][1272.589s][debug][gc] GC(41124) Expanding ParOldGen from 79360K by 11264K to 90624K
[2020-08-10T13:05:33.044+0300][1272.589s][info ][gc] GC(41124) Pause Full (Ergonomics) 77M->77M(91M) 176.392ms
[2020-08-10T13:05:33.076+0300][1272.620s][info ][gc] GC(41125) Pause Young (Allocation Failure) 78M->78M(91M) 30.923ms
[2020-08-10T13:05:33.091+0300][1272.636s][info ][gc] GC(41126) Pause Young (Allocation Failure) 79M->79M(91M) 14.534ms
[2020-08-10T13:05:33.106+0300][1272.651s][info ][gc] GC(41127) Pause Young (Allocation Failure) 80M->80M(91M) 14.407ms
[2020-08-10T13:05:33.121+0300][1272.666s][info ][gc] GC(41128) Pause Young (Allocation Failure) 81M->81M(90M) 14.718ms
[2020-08-10T13:05:33.136+0300][1272.681s][info ][gc] GC(41129) Pause Young (Allocation Failure) 82M->82M(90M) 14.415ms
[2020-08-10T13:05:33.151+0300][1272.696s][info ][gc] GC(41130) Pause Young (Allocation Failure) 83M->83M(90M) 14.411ms
[2020-08-10T13:05:33.166+0300][1272.711s][info ][gc] GC(41131) Pause Young (Allocation Failure) 84M->84M(90M) 14.657ms
[2020-08-10T13:05:33.181+0300][1272.726s][info ][gc] GC(41132) Pause Young (Allocation Failure) 84M->84M(90M) 14.093ms
[2020-08-10T13:05:33.195+0300][1272.740s][info ][gc] GC(41133) Pause Young (Allocation Failure) 85M->85M(90M) 13.886ms
[2020-08-10T13:05:33.210+0300][1272.755s][info ][gc] GC(41134) Pause Young (Allocation Failure) 85M->85M(90M) 13.902ms
[2020-08-10T13:05:33.224+0300][1272.769s][info ][gc] GC(41135) Pause Young (Allocation Failure) 86M->86M(90M) 13.853ms
[2020-08-10T13:05:33.238+0300][1272.783s][info ][gc] GC(41136) Pause Young (Allocation Failure) 86M->86M(90M) 13.921ms
[2020-08-10T13:05:33.253+0300][1272.798s][info ][gc] GC(41137) Pause Young (Allocation Failure) 86M->86M(90M) 13.904ms
[2020-08-10T13:05:33.267+0300][1272.812s][info ][gc] GC(41138) Pause Young (Allocation Failure) 87M->87M(90M) 13.860ms
[2020-08-10T13:05:33.281+0300][1272.826s][info ][gc] GC(41139) Pause Young (Allocation Failure) 87M->87M(90M) 13.863ms
[2020-08-10T13:05:33.492+0300][1273.037s][debug][gc] GC(41140) Expanding ParOldGen from 90624K by 10752K to 101376K
[2020-08-10T13:05:33.492+0300][1273.037s][info ][gc] GC(41140) Pause Full (Ergonomics) 87M->87M(101M) 210.611ms
[2020-08-10T13:05:33.506+0300][1273.051s][info ][gc] GC(41141) Pause Young (Allocation Failure) 88M->88M(101M) 13.425ms
[2020-08-10T13:05:33.520+0300][1273.065s][info ][gc] GC(41142) Pause Young (Allocation Failure) 88M->88M(101M) 13.657ms
[2020-08-10T13:05:33.535+0300][1273.079s][info ][gc] GC(41143) Pause Young (Allocation Failure) 89M->89M(101M) 13.638ms
[2020-08-10T13:05:33.549+0300][1273.094s][info ][gc] GC(41144) Pause Young (Allocation Failure) 89M->89M(101M) 13.582ms
[2020-08-10T13:05:33.563+0300][1273.108s][info ][gc] GC(41145) Pause Young (Allocation Failure) 90M->90M(101M) 13.475ms
[2020-08-10T13:05:33.577+0300][1273.122s][info ][gc] GC(41146) Pause Young (Allocation Failure) 90M->90M(101M) 13.572ms
[2020-08-10T13:05:33.591+0300][1273.136s][info ][gc] GC(41147) Pause Young (Allocation Failure) 91M->90M(101M) 13.569ms
[2020-08-10T13:05:33.605+0300][1273.149s][info ][gc] GC(41148) Pause Young (Allocation Failure) 91M->91M(101M) 13.478ms
[2020-08-10T13:05:33.618+0300][1273.163s][info ][gc] GC(41149) Pause Young (Allocation Failure) 91M->91M(100M) 13.493ms
[2020-08-10T13:05:33.632+0300][1273.177s][info ][gc] GC(41150) Pause Young (Allocation Failure) 92M->92M(100M) 13.627ms
[2020-08-10T13:05:33.646+0300][1273.191s][info ][gc] GC(41151) Pause Young (Allocation Failure) 92M->92M(100M) 13.584ms
[2020-08-10T13:05:33.661+0300][1273.206s][info ][gc] GC(41152) Pause Young (Allocation Failure) 93M->93M(100M) 13.657ms
[2020-08-10T13:05:33.675+0300][1273.220s][info ][gc] GC(41153) Pause Young (Allocation Failure) 93M->93M(100M) 13.640ms
[2020-08-10T13:05:33.689+0300][1273.234s][info ][gc] GC(41154) Pause Young (Allocation Failure) 94M->94M(100M) 13.608ms
[2020-08-10T13:05:33.703+0300][1273.248s][info ][gc] GC(41155) Pause Young (Allocation Failure) 94M->94M(100M) 13.673ms
[2020-08-10T13:05:33.717+0300][1273.262s][info ][gc] GC(41156) Pause Young (Allocation Failure) 95M->95M(100M) 13.682ms
[2020-08-10T13:05:33.731+0300][1273.276s][info ][gc] GC(41157) Pause Young (Allocation Failure) 95M->95M(100M) 13.678ms
[2020-08-10T13:05:33.745+0300][1273.290s][info ][gc] GC(41158) Pause Young (Allocation Failure) 96M->96M(100M) 13.646ms
[2020-08-10T13:05:33.760+0300][1273.304s][info ][gc] GC(41159) Pause Young (Allocation Failure) 96M->96M(100M) 13.664ms
[2020-08-10T13:05:33.774+0300][1273.319s][info ][gc] GC(41160) Pause Young (Allocation Failure) 97M->96M(100M) 13.582ms
[2020-08-10T13:05:33.788+0300][1273.333s][info ][gc] GC(41161) Pause Young (Allocation Failure) 97M->97M(100M) 13.668ms
[2020-08-10T13:05:33.802+0300][1273.347s][info ][gc] GC(41162) Pause Young (Allocation Failure) 97M->97M(100M) 13.599ms
[2020-08-10T13:05:33.816+0300][1273.361s][info ][gc] GC(41163) Pause Young (Allocation Failure) 98M->98M(100M) 13.613ms
[2020-08-10T13:05:33.830+0300][1273.375s][info ][gc] GC(41164) Pause Young (Allocation Failure) 98M->98M(100M) 13.675ms
[2020-08-10T13:05:33.844+0300][1273.389s][info ][gc] GC(41165) Pause Young (Allocation Failure) 99M->99M(100M) 13.611ms
[2020-08-10T13:05:34.090+0300][1273.635s][debug][gc] GC(41166) Expanding ParOldGen from 101376K by 10752K to 112128K
[2020-08-10T13:05:34.090+0300][1273.635s][info ][gc] GC(41166) Pause Full (Ergonomics) 99M->99M(111M) 245.843ms
[2020-08-10T13:05:34.125+0300][1273.670s][info ][gc] GC(41167) Pause Young (Allocation Failure) 99M->99M(111M) 34.686ms
[2020-08-10T13:05:34.140+0300][1273.685s][info ][gc] GC(41168) Pause Young (Allocation Failure) 100M->99M(111M) 14.065ms
[2020-08-10T13:05:34.154+0300][1273.699s][info ][gc] GC(41169) Pause Young (Allocation Failure) 100M->100M(111M) 14.006ms
[2020-08-10T13:05:34.169+0300][1273.714s][info ][gc] GC(41170) Pause Young (Allocation Failure) 100M->100M(111M) 14.015ms
[2020-08-10T13:05:34.183+0300][1273.728s][info ][gc] GC(41171) Pause Young (Allocation Failure) 101M->101M(111M) 14.130ms
[2020-08-10T13:05:34.198+0300][1273.743s][info ][gc] GC(41172) Pause Young (Allocation Failure) 101M->101M(111M) 14.090ms
[2020-08-10T13:05:34.213+0300][1273.758s][info ][gc] GC(41173) Pause Young (Allocation Failure) 102M->102M(111M) 14.100ms
[2020-08-10T13:05:34.227+0300][1273.772s][info ][gc] GC(41174) Pause Young (Allocation Failure) 102M->102M(111M) 14.015ms
[2020-08-10T13:05:34.242+0300][1273.787s][info ][gc] GC(41175) Pause Young (Allocation Failure) 103M->103M(111M) 14.081ms
[2020-08-10T13:05:34.256+0300][1273.801s][info ][gc] GC(41176) Pause Young (Allocation Failure) 103M->103M(111M) 14.045ms
[2020-08-10T13:05:34.271+0300][1273.816s][info ][gc] GC(41177) Pause Young (Allocation Failure) 104M->104M(111M) 14.075ms
[2020-08-10T13:05:34.285+0300][1273.830s][info ][gc] GC(41178) Pause Young (Allocation Failure) 104M->104M(111M) 14.024ms
[2020-08-10T13:05:34.300+0300][1273.845s][info ][gc] GC(41179) Pause Young (Allocation Failure) 105M->104M(111M) 14.081ms
[2020-08-10T13:05:34.315+0300][1273.859s][info ][gc] GC(41180) Pause Young (Allocation Failure) 105M->105M(111M) 14.030ms
[2020-08-10T13:05:34.329+0300][1273.874s][info ][gc] GC(41181) Pause Young (Allocation Failure) 105M->105M(111M) 13.841ms
[2020-08-10T13:05:34.343+0300][1273.888s][info ][gc] GC(41182) Pause Young (Allocation Failure) 106M->106M(111M) 14.021ms
[2020-08-10T13:05:34.358+0300][1273.903s][info ][gc] GC(41183) Pause Young (Allocation Failure) 106M->106M(111M) 14.061ms
[2020-08-10T13:05:34.372+0300][1273.917s][info ][gc] GC(41184) Pause Young (Allocation Failure) 107M->107M(111M) 14.006ms
[2020-08-10T13:05:34.387+0300][1273.932s][info ][gc] GC(41185) Pause Young (Allocation Failure) 107M->107M(111M) 14.086ms
[2020-08-10T13:05:34.401+0300][1273.946s][info ][gc] GC(41186) Pause Young (Allocation Failure) 108M->108M(111M) 14.084ms
[2020-08-10T13:05:34.416+0300][1273.961s][info ][gc] GC(41187) Pause Young (Allocation Failure) 108M->108M(111M) 14.109ms
[2020-08-10T13:05:34.431+0300][1273.975s][info ][gc] GC(41188) Pause Young (Allocation Failure) 109M->109M(111M) 13.901ms
[2020-08-10T13:05:34.445+0300][1273.990s][info ][gc] GC(41189) Pause Young (Allocation Failure) 109M->109M(111M) 14.000ms
[2020-08-10T13:05:34.706+0300][1274.251s][debug][gc] GC(41190) Expanding ParOldGen from 112128K by 10752K to 122880K
[2020-08-10T13:05:34.706+0300][1274.251s][info ][gc] GC(41190) Pause Full (Ergonomics) 109M->109M(121M) 260.519ms
[2020-08-10T13:05:34.720+0300][1274.265s][info ][gc] GC(41191) Pause Young (Allocation Failure) 109M->109M(121M) 13.489ms
[2020-08-10T13:05:34.734+0300][1274.279s][info ][gc] GC(41192) Pause Young (Allocation Failure) 110M->110M(121M) 13.782ms
[2020-08-10T13:05:34.748+0300][1274.293s][info ][gc] GC(41193) Pause Young (Allocation Failure) 110M->110M(121M) 13.807ms
[2020-08-10T13:05:34.763+0300][1274.308s][info ][gc] GC(41194) Pause Young (Allocation Failure) 111M->111M(121M) 14.244ms
[2020-08-10T13:05:34.777+0300][1274.322s][info ][gc] GC(41195) Pause Young (Allocation Failure) 111M->111M(121M) 13.909ms
[2020-08-10T13:05:34.792+0300][1274.337s][info ][gc] GC(41196) Pause Young (Allocation Failure) 112M->112M(121M) 14.150ms
[2020-08-10T13:05:34.807+0300][1274.352s][info ][gc] GC(41197) Pause Young (Allocation Failure) 112M->112M(121M) 14.033ms
[2020-08-10T13:05:34.821+0300][1274.366s][info ][gc] GC(41198) Pause Young (Allocation Failure) 113M->113M(121M) 14.107ms
[2020-08-10T13:05:34.836+0300][1274.381s][info ][gc] GC(41199) Pause Young (Allocation Failure) 113M->113M(121M) 14.330ms
[2020-08-10T13:05:34.851+0300][1274.396s][info ][gc] GC(41200) Pause Young (Allocation Failure) 114M->113M(121M) 14.053ms
[2020-08-10T13:05:34.865+0300][1274.410s][info ][gc] GC(41201) Pause Young (Allocation Failure) 114M->114M(121M) 14.137ms
[2020-08-10T13:05:34.880+0300][1274.425s][info ][gc] GC(41202) Pause Young (Allocation Failure) 114M->114M(121M) 14.343ms
[2020-08-10T13:05:34.895+0300][1274.440s][info ][gc] GC(41203) Pause Young (Allocation Failure) 115M->115M(121M) 14.350ms
[2020-08-10T13:05:34.910+0300][1274.455s][info ][gc] GC(41204) Pause Young (Allocation Failure) 115M->115M(121M) 14.353ms
[2020-08-10T13:05:34.925+0300][1274.470s][info ][gc] GC(41205) Pause Young (Allocation Failure) 116M->116M(121M) 14.292ms
[2020-08-10T13:05:34.940+0300][1274.485s][info ][gc] GC(41206) Pause Young (Allocation Failure) 116M->116M(121M) 14.536ms
[2020-08-10T13:05:34.954+0300][1274.499s][info ][gc] GC(41207) Pause Young (Allocation Failure) 117M->117M(121M) 14.130ms
[2020-08-10T13:05:34.969+0300][1274.514s][info ][gc] GC(41208) Pause Young (Allocation Failure) 117M->117M(121M) 14.344ms
[2020-08-10T13:05:34.984+0300][1274.529s][info ][gc] GC(41209) Pause Young (Allocation Failure) 118M->118M(121M) 14.478ms
[2020-08-10T13:05:34.999+0300][1274.544s][info ][gc] GC(41210) Pause Young (Allocation Failure) 118M->118M(121M) 14.455ms
[2020-08-10T13:05:35.014+0300][1274.559s][info ][gc] GC(41211) Pause Young (Allocation Failure) 119M->119M(121M) 14.380ms
[2020-08-10T13:05:35.028+0300][1274.573s][info ][gc] GC(41212) Pause Young (Allocation Failure) 119M->119M(121M) 14.246ms
[2020-08-10T13:05:35.043+0300][1274.588s][info ][gc] GC(41213) Pause Young (Allocation Failure) 120M->120M(121M) 14.819ms
[2020-08-10T13:05:35.331+0300][1274.876s][debug][gc] GC(41214) Expanding ParOldGen from 122880K by 10752K to 133632K
[2020-08-10T13:05:35.332+0300][1274.877s][info ][gc] GC(41214) Pause Full (Ergonomics) 120M->119M(132M) 287.962ms
[2020-08-10T13:05:35.346+0300][1274.891s][info ][gc] GC(41215) Pause Young (Allocation Failure) 120M->120M(132M) 14.095ms
[2020-08-10T13:05:35.361+0300][1274.906s][info ][gc] GC(41216) Pause Young (Allocation Failure) 120M->120M(132M) 15.018ms
[2020-08-10T13:05:35.377+0300][1274.922s][info ][gc] GC(41217) Pause Young (Allocation Failure) 121M->121M(132M) 15.078ms
[2020-08-10T13:05:35.392+0300][1274.937s][info ][gc] GC(41218) Pause Young (Allocation Failure) 121M->121M(132M) 14.825ms
[2020-08-10T13:05:35.408+0300][1274.953s][info ][gc] GC(41219) Pause Young (Allocation Failure) 122M->122M(132M) 15.026ms
[2020-08-10T13:05:35.423+0300][1274.968s][info ][gc] GC(41220) Pause Young (Allocation Failure) 122M->122M(132M) 15.194ms
[2020-08-10T13:05:35.439+0300][1274.984s][info ][gc] GC(41221) Pause Young (Allocation Failure) 123M->123M(132M) 15.128ms
[2020-08-10T13:05:35.472+0300][1275.017s][info ][gc] GC(41222) Pause Young (Allocation Failure) 123M->123M(132M) 32.982ms
[2020-08-10T13:05:35.488+0300][1275.033s][info ][gc] GC(41223) Pause Young (Allocation Failure) 124M->123M(132M) 15.176ms
[2020-08-10T13:05:35.527+0300][1275.072s][info ][gc] GC(41224) Pause Young (Allocation Failure) 124M->124M(132M) 38.972ms
[2020-08-10T13:05:35.544+0300][1275.089s][info ][gc] GC(41225) Pause Young (Allocation Failure) 124M->124M(132M) 15.725ms
[2020-08-10T13:05:35.559+0300][1275.104s][info ][gc] GC(41226) Pause Young (Allocation Failure) 125M->125M(132M) 15.228ms
[2020-08-10T13:05:35.592+0300][1275.137s][info ][gc] GC(41227) Pause Young (Allocation Failure) 125M->125M(132M) 31.995ms
[2020-08-10T13:05:35.607+0300][1275.152s][info ][gc] GC(41228) Pause Young (Allocation Failure) 126M->126M(132M) 15.215ms
[2020-08-10T13:05:35.623+0300][1275.168s][info ][gc] GC(41229) Pause Young (Allocation Failure) 126M->126M(132M) 15.242ms
[2020-08-10T13:05:35.638+0300][1275.183s][info ][gc] GC(41230) Pause Young (Allocation Failure) 127M->127M(132M) 15.126ms
[2020-08-10T13:05:35.654+0300][1275.199s][info ][gc] GC(41231) Pause Young (Allocation Failure) 127M->127M(132M) 15.398ms
[2020-08-10T13:05:35.670+0300][1275.215s][info ][gc] GC(41232) Pause Young (Allocation Failure) 128M->128M(132M) 15.457ms
[2020-08-10T13:05:35.686+0300][1275.231s][info ][gc] GC(41233) Pause Young (Allocation Failure) 128M->128M(132M) 15.243ms
[2020-08-10T13:05:35.701+0300][1275.246s][info ][gc] GC(41234) Pause Young (Allocation Failure) 129M->129M(132M) 15.226ms
[2020-08-10T13:05:35.741+0300][1275.286s][info ][gc] GC(41235) Pause Young (Allocation Failure) 129M->129M(132M) 39.198ms
[2020-08-10T13:05:35.757+0300][1275.302s][info ][gc] GC(41236) Pause Young (Allocation Failure) 129M->129M(132M) 15.942ms
[2020-08-10T13:05:35.773+0300][1275.318s][info ][gc] GC(41237) Pause Young (Allocation Failure) 130M->130M(132M) 15.516ms
[2020-08-10T13:05:35.789+0300][1275.334s][info ][gc] GC(41238) Pause Young (Allocation Failure) 130M->130M(132M) 15.628ms
[2020-08-10T13:05:36.137+0300][1275.682s][debug][gc] GC(41239) Expanding ParOldGen from 133632K by 10752K to 144384K
[2020-08-10T13:05:36.137+0300][1275.682s][info ][gc] GC(41239) Pause Full (Ergonomics) 130M->130M(142M) 347.587ms
[2020-08-10T13:05:36.199+0300][1275.744s][info ][gc] GC(41240) Pause Young (Allocation Failure) 131M->131M(142M) 61.786ms
[2020-08-10T13:05:36.216+0300][1275.761s][info ][gc] GC(41241) Pause Young (Allocation Failure) 131M->131M(142M) 16.533ms
[2020-08-10T13:05:36.233+0300][1275.778s][info ][gc] GC(41242) Pause Young (Allocation Failure) 132M->131M(142M) 16.140ms
[2020-08-10T13:05:36.250+0300][1275.795s][info ][gc] GC(41243) Pause Young (Allocation Failure) 132M->132M(142M) 16.153ms
[2020-08-10T13:05:36.289+0300][1275.834s][info ][gc] GC(41244) Pause Young (Allocation Failure) 132M->132M(142M) 38.678ms
[2020-08-10T13:05:36.306+0300][1275.851s][info ][gc] GC(41245) Pause Young (Allocation Failure) 133M->133M(142M) 16.301ms
[2020-08-10T13:05:36.323+0300][1275.868s][info ][gc] GC(41246) Pause Young (Allocation Failure) 133M->133M(142M) 16.414ms
[2020-08-10T13:05:36.353+0300][1275.898s][info ][gc] GC(41247) Pause Young (Allocation Failure) 134M->134M(142M) 30.368ms
[2020-08-10T13:05:36.370+0300][1275.915s][info ][gc] GC(41248) Pause Young (Allocation Failure) 134M->134M(142M) 16.284ms
[2020-08-10T13:05:36.387+0300][1275.932s][info ][gc] GC(41249) Pause Young (Allocation Failure) 135M->135M(142M) 16.219ms
[2020-08-10T13:05:36.404+0300][1275.949s][info ][gc] GC(41250) Pause Young (Allocation Failure) 135M->135M(142M) 16.297ms
[2020-08-10T13:05:36.404+0300][1275.949s][debug][gc] Expanding ParOldGen from 144384K by 19968K to 164352K
[2020-08-10T13:05:36.428+0300][1275.973s][info ][gc] GC(41251) Pause Young (Allocation Failure) 155M->154M(162M) 15.452ms
[2020-08-10T13:05:36.443+0300][1275.988s][info ][gc] GC(41252) Pause Young (Allocation Failure) 155M->155M(162M) 13.929ms
[2020-08-10T13:05:36.457+0300][1276.002s][info ][gc] GC(41253) Pause Young (Allocation Failure) 155M->155M(162M) 13.701ms
[2020-08-10T13:05:36.471+0300][1276.016s][info ][gc] GC(41254) Pause Young (Allocation Failure) 156M->156M(162M) 13.987ms
[2020-08-10T13:05:36.486+0300][1276.031s][info ][gc] GC(41255) Pause Young (Allocation Failure) 156M->156M(162M) 13.927ms
[2020-08-10T13:05:36.500+0300][1276.045s][info ][gc] GC(41256) Pause Young (Allocation Failure) 157M->157M(162M) 13.864ms
[2020-08-10T13:05:36.515+0300][1276.060s][info ][gc] GC(41257) Pause Young (Allocation Failure) 157M->157M(162M) 14.140ms
[2020-08-10T13:05:36.529+0300][1276.074s][info ][gc] GC(41258) Pause Young (Allocation Failure) 158M->158M(162M) 13.866ms
[2020-08-10T13:05:36.564+0300][1276.109s][info ][gc] GC(41259) Pause Young (Allocation Failure) 158M->158M(162M) 34.132ms
[2020-08-10T13:05:36.578+0300][1276.123s][info ][gc] GC(41260) Pause Young (Allocation Failure) 159M->158M(162M) 13.746ms
[2020-08-10T13:05:36.592+0300][1276.137s][info ][gc] GC(41261) Pause Young (Allocation Failure) 159M->159M(162M) 13.850ms
[2020-08-10T13:05:36.606+0300][1276.151s][info ][gc] GC(41262) Pause Young (Allocation Failure) 159M->159M(162M) 13.828ms
[2020-08-10T13:05:36.620+0300][1276.165s][info ][gc] GC(41263) Pause Young (Allocation Failure) 160M->160M(162M) 13.785ms
[2020-08-10T13:05:36.634+0300][1276.179s][info ][gc] GC(41264) Pause Young (Allocation Failure) 160M->160M(162M) 13.877ms
[2020-08-10T13:05:36.707+0300][1276.252s][debug][gc] GC(41265) Shrinking ParOldGen from 164352K by 125440K to 38912K
[2020-08-10T13:05:36.707+0300][1276.252s][info ][gc] GC(41265) Pause Full (Ergonomics) 160M->27M(39M) 72.682ms
[2020-08-10T13:05:36.721+0300][1276.266s][info ][gc] GC(41266) Pause Young (Allocation Failure) 27M->27M(39M) 13.100ms
[2020-08-10T13:05:36.734+0300][1276.279s][info ][gc] GC(41267) Pause Young (Allocation Failure) 27M->27M(39M) 13.342ms
[2020-08-10T13:05:36.748+0300][1276.293s][info ][gc] GC(41268) Pause Young (Allocation Failure) 28M->28M(39M) 13.468ms
[2020-08-10T13:05:36.762+0300][1276.307s][info ][gc] GC(41269) Pause Young (Allocation Failure) 29M->29M(40M) 13.482ms
[2020-08-10T13:05:36.776+0300][1276.321s][info ][gc] GC(41270) Pause Young (Allocation Failure) 30M->30M(40M) 13.623ms
[2020-08-10T13:05:36.790+0300][1276.335s][info ][gc] GC(41271) Pause Young (Allocation Failure) 31M->31M(40M) 13.810ms
[2020-08-10T13:05:36.805+0300][1276.351s][info ][gc] GC(41272) Pause Young (Allocation Failure) 32M->32M(40M) 13.919ms
[2020-08-10T13:05:36.820+0300][1276.365s][info ][gc] GC(41273) Pause Young (Allocation Failure) 33M->33M(40M) 13.888ms
[2020-08-10T13:05:36.834+0300][1276.379s][info ][gc] GC(41274) Pause Young (Allocation Failure) 34M->34M(40M) 13.840ms
[2020-08-10T13:05:36.849+0300][1276.394s][info ][gc] GC(41275) Pause Young (Allocation Failure) 35M->35M(40M) 13.650ms
[2020-08-10T13:05:36.863+0300][1276.408s][info ][gc] GC(41276) Pause Young (Allocation Failure) 36M->36M(40M) 13.903ms
[2020-08-10T13:05:36.878+0300][1276.423s][info ][gc] GC(41277) Pause Young (Allocation Failure) 37M->37M(40M) 13.945ms
[2020-08-10T13:05:36.892+0300][1276.437s][info ][gc] GC(41278) Pause Young (Allocation Failure) 38M->38M(40M) 13.830ms
[2020-08-10T13:05:36.959+0300][1276.504s][debug][gc] GC(41279) Expanding ParOldGen from 38912K by 11776K to 50688K
[2020-08-10T13:05:36.960+0300][1276.505s][info ][gc] GC(41279) Pause Full (Ergonomics) 38M->37M(52M) 67.218ms
[2020-08-10T13:05:36.974+0300][1276.519s][info ][gc] GC(41280) Pause Young (Allocation Failure) 38M->38M(52M) 13.541ms
[2020-08-10T13:05:36.988+0300][1276.533s][info ][gc] GC(41281) Pause Young (Allocation Failure) 39M->39M(52M) 13.849ms
[2020-08-10T13:05:37.003+0300][1276.548s][info ][gc] GC(41282) Pause Young (Allocation Failure) 40M->40M(52M) 13.883ms
[2020-08-10T13:05:37.017+0300][1276.562s][info ][gc] GC(41283) Pause Young (Allocation Failure) 41M->41M(52M) 13.981ms
[2020-08-10T13:05:37.032+0300][1276.577s][info ][gc] GC(41284) Pause Young (Allocation Failure) 42M->42M(52M) 13.934ms
[2020-08-10T13:05:37.046+0300][1276.591s][info ][gc] GC(41285) Pause Young (Allocation Failure) 43M->43M(52M) 13.988ms
[2020-08-10T13:05:37.061+0300][1276.606s][info ][gc] GC(41286) Pause Young (Allocation Failure) 44M->44M(52M) 13.858ms
[2020-08-10T13:05:37.076+0300][1276.621s][info ][gc] GC(41287) Pause Young (Allocation Failure) 45M->45M(52M) 14.401ms
[2020-08-10T13:05:37.090+0300][1276.635s][info ][gc] GC(41288) Pause Young (Allocation Failure) 46M->46M(52M) 13.855ms
[2020-08-10T13:05:37.113+0300][1276.658s][info ][gc] GC(41289) Pause Young (Allocation Failure) 47M->47M(52M) 22.342ms
[2020-08-10T13:05:37.127+0300][1276.673s][info ][gc] GC(41290) Pause Young (Allocation Failure) 48M->48M(52M) 13.921ms
[2020-08-10T13:05:37.142+0300][1276.687s][info ][gc] GC(41291) Pause Young (Allocation Failure) 49M->49M(52M) 14.017ms
[2020-08-10T13:05:37.157+0300][1276.702s][info ][gc] GC(41292) Pause Young (Allocation Failure) 50M->50M(52M) 13.988ms
[2020-08-10T13:05:37.262+0300][1276.807s][debug][gc] GC(41293) Expanding ParOldGen from 50688K by 11264K to 61952K
[2020-08-10T13:05:37.262+0300][1276.807s][info ][gc] GC(41293) Pause Full (Ergonomics) 50M->49M(63M) 105.459ms
[2020-08-10T13:05:37.284+0300][1276.829s][info ][gc] GC(41294) Pause Young (Allocation Failure) 50M->50M(63M) 21.405ms
[2020-08-10T13:05:37.299+0300][1276.844s][info ][gc] GC(41295) Pause Young (Allocation Failure) 51M->51M(63M) 14.275ms
[2020-08-10T13:05:37.314+0300][1276.859s][info ][gc] GC(41296) Pause Young (Allocation Failure) 52M->52M(63M) 14.019ms
[2020-08-10T13:05:37.329+0300][1276.874s][info ][gc] GC(41297) Pause Young (Allocation Failure) 53M->53M(63M) 13.992ms
[2020-08-10T13:05:37.343+0300][1276.888s][info ][gc] GC(41298) Pause Young (Allocation Failure) 54M->54M(63M) 13.886ms
[2020-08-10T13:05:37.358+0300][1276.903s][info ][gc] GC(41299) Pause Young (Allocation Failure) 55M->55M(63M) 14.042ms
[2020-08-10T13:05:37.372+0300][1276.917s][info ][gc] GC(41300) Pause Young (Allocation Failure) 56M->56M(63M) 13.906ms
[2020-08-10T13:05:37.386+0300][1276.932s][info ][gc] GC(41301) Pause Young (Allocation Failure) 57M->57M(63M) 13.934ms
[2020-08-10T13:05:37.401+0300][1276.946s][info ][gc] GC(41302) Pause Young (Allocation Failure) 58M->58M(63M) 13.930ms
[2020-08-10T13:05:37.416+0300][1276.961s][info ][gc] GC(41303) Pause Young (Allocation Failure) 59M->59M(63M) 14.247ms
[2020-08-10T13:05:37.430+0300][1276.975s][info ][gc] GC(41304) Pause Young (Allocation Failure) 60M->60M(63M) 14.049ms
[2020-08-10T13:05:37.445+0300][1276.990s][info ][gc] GC(41305) Pause Young (Allocation Failure) 61M->61M(63M) 14.072ms
[2020-08-10T13:05:37.587+0300][1277.132s][debug][gc] GC(41306) Expanding ParOldGen from 61952K by 11776K to 73728K
[2020-08-10T13:05:37.587+0300][1277.132s][info ][gc] GC(41306) Pause Full (Ergonomics) 61M->60M(74M) 141.872ms
[2020-08-10T13:05:37.613+0300][1277.158s][info ][gc] GC(41307) Pause Young (Allocation Failure) 61M->61M(74M) 25.455ms
[2020-08-10T13:05:37.627+0300][1277.172s][info ][gc] GC(41308) Pause Young (Allocation Failure) 62M->62M(74M) 13.845ms
[2020-08-10T13:05:37.642+0300][1277.187s][info ][gc] GC(41309) Pause Young (Allocation Failure) 63M->63M(74M) 14.144ms
[2020-08-10T13:05:37.656+0300][1277.202s][info ][gc] GC(41310) Pause Young (Allocation Failure) 64M->64M(74M) 14.141ms
[2020-08-10T13:05:37.671+0300][1277.216s][info ][gc] GC(41311) Pause Young (Allocation Failure) 65M->65M(74M) 14.117ms
[2020-08-10T13:05:37.686+0300][1277.231s][info ][gc] GC(41312) Pause Young (Allocation Failure) 66M->66M(74M) 14.169ms
[2020-08-10T13:05:37.700+0300][1277.245s][info ][gc] GC(41313) Pause Young (Allocation Failure) 67M->67M(74M) 14.133ms
[2020-08-10T13:05:37.715+0300][1277.260s][info ][gc] GC(41314) Pause Young (Allocation Failure) 68M->68M(74M) 14.248ms
[2020-08-10T13:05:37.730+0300][1277.275s][info ][gc] GC(41315) Pause Young (Allocation Failure) 69M->69M(74M) 13.921ms
[2020-08-10T13:05:37.744+0300][1277.289s][info ][gc] GC(41316) Pause Young (Allocation Failure) 70M->70M(74M) 14.048ms
[2020-08-10T13:05:37.758+0300][1277.303s][info ][gc] GC(41317) Pause Young (Allocation Failure) 71M->71M(74M) 13.872ms
[2020-08-10T13:05:37.773+0300][1277.318s][info ][gc] GC(41318) Pause Young (Allocation Failure) 72M->72M(74M) 14.204ms
[2020-08-10T13:05:37.938+0300][1277.483s][debug][gc] GC(41319) Expanding ParOldGen from 73728K by 11264K to 84992K
[2020-08-10T13:05:37.938+0300][1277.483s][info ][gc] GC(41319) Pause Full (Ergonomics) 72M->72M(85M) 164.883ms
[2020-08-10T13:05:37.971+0300][1277.516s][info ][gc] GC(41320) Pause Young (Allocation Failure) 73M->73M(85M) 32.342ms
[2020-08-10T13:05:37.986+0300][1277.531s][info ][gc] GC(41321) Pause Young (Allocation Failure) 74M->74M(85M) 14.275ms
[2020-08-10T13:05:38.000+0300][1277.546s][info ][gc] GC(41322) Pause Young (Allocation Failure) 75M->75M(85M) 14.186ms
[2020-08-10T13:05:38.015+0300][1277.561s][info ][gc] GC(41323) Pause Young (Allocation Failure) 76M->76M(85M) 14.418ms
[2020-08-10T13:05:38.030+0300][1277.575s][info ][gc] GC(41324) Pause Young (Allocation Failure) 77M->76M(85M) 14.347ms
[2020-08-10T13:05:38.045+0300][1277.590s][info ][gc] GC(41325) Pause Young (Allocation Failure) 77M->77M(85M) 14.373ms
[2020-08-10T13:05:38.060+0300][1277.605s][info ][gc] GC(41326) Pause Young (Allocation Failure) 78M->78M(85M) 14.280ms
[2020-08-10T13:05:38.075+0300][1277.620s][info ][gc] GC(41327) Pause Young (Allocation Failure) 79M->79M(85M) 14.383ms
[2020-08-10T13:05:38.090+0300][1277.635s][info ][gc] GC(41328) Pause Young (Allocation Failure) 80M->80M(85M) 14.454ms
[2020-08-10T13:05:38.105+0300][1277.650s][info ][gc] GC(41329) Pause Young (Allocation Failure) 81M->81M(85M) 14.534ms
[2020-08-10T13:05:38.120+0300][1277.665s][info ][gc] GC(41330) Pause Young (Allocation Failure) 82M->82M(85M) 14.382ms
[2020-08-10T13:05:38.135+0300][1277.681s][info ][gc] GC(41331) Pause Young (Allocation Failure) 83M->83M(85M) 14.682ms
[2020-08-10T13:05:38.340+0300][1277.885s][debug][gc] GC(41332) Expanding ParOldGen from 84992K by 11264K to 96256K
[2020-08-10T13:05:38.340+0300][1277.886s][info ][gc] GC(41332) Pause Full (Ergonomics) 83M->83M(96M) 204.783ms
[2020-08-10T13:05:38.374+0300][1277.919s][info ][gc] GC(41333) Pause Young (Allocation Failure) 84M->84M(95M) 33.132ms
[2020-08-10T13:05:38.389+0300][1277.934s][info ][gc] GC(41334) Pause Young (Allocation Failure) 84M->84M(96M) 14.214ms
[2020-08-10T13:05:38.403+0300][1277.948s][info ][gc] GC(41335) Pause Young (Allocation Failure) 85M->85M(96M) 13.852ms
[2020-08-10T13:05:38.417+0300][1277.963s][info ][gc] GC(41336) Pause Young (Allocation Failure) 85M->85M(96M) 13.812ms
[2020-08-10T13:05:38.432+0300][1277.977s][info ][gc] GC(41337) Pause Young (Allocation Failure) 86M->86M(96M) 13.908ms
[2020-08-10T13:05:38.446+0300][1277.991s][info ][gc] GC(41338) Pause Young (Allocation Failure) 86M->86M(96M) 14.003ms
[2020-08-10T13:05:38.461+0300][1278.006s][info ][gc] GC(41339) Pause Young (Allocation Failure) 87M->87M(96M) 13.887ms
[2020-08-10T13:05:38.475+0300][1278.020s][info ][gc] GC(41340) Pause Young (Allocation Failure) 87M->87M(96M) 13.843ms
[2020-08-10T13:05:38.489+0300][1278.034s][info ][gc] GC(41341) Pause Young (Allocation Failure) 88M->88M(96M) 13.831ms
[2020-08-10T13:05:38.504+0300][1278.049s][info ][gc] GC(41342) Pause Young (Allocation Failure) 88M->88M(96M) 13.877ms
[2020-08-10T13:05:38.518+0300][1278.063s][info ][gc] GC(41343) Pause Young (Allocation Failure) 88M->88M(96M) 13.885ms
[2020-08-10T13:05:38.532+0300][1278.078s][info ][gc] GC(41344) Pause Young (Allocation Failure) 89M->89M(96M) 13.884ms
[2020-08-10T13:05:38.550+0300][1278.096s][info ][gc] GC(41345) Pause Young (Allocation Failure) 89M->89M(96M) 17.458ms
[2020-08-10T13:05:38.565+0300][1278.110s][info ][gc] GC(41346) Pause Young (Allocation Failure) 90M->90M(96M) 13.713ms
[2020-08-10T13:05:38.597+0300][1278.142s][info ][gc] GC(41347) Pause Young (Allocation Failure) 90M->90M(96M) 31.637ms
[2020-08-10T13:05:38.611+0300][1278.156s][info ][gc] GC(41348) Pause Young (Allocation Failure) 91M->91M(96M) 13.938ms
[2020-08-10T13:05:38.625+0300][1278.171s][info ][gc] GC(41349) Pause Young (Allocation Failure) 91M->91M(96M) 13.864ms
[2020-08-10T13:05:38.640+0300][1278.185s][info ][gc] GC(41350) Pause Young (Allocation Failure) 92M->92M(95M) 13.846ms
[2020-08-10T13:05:38.654+0300][1278.200s][info ][gc] GC(41351) Pause Young (Allocation Failure) 92M->92M(95M) 13.946ms
[2020-08-10T13:05:38.669+0300][1278.214s][info ][gc] GC(41352) Pause Young (Allocation Failure) 92M->92M(95M) 13.716ms
[2020-08-10T13:05:38.683+0300][1278.228s][info ][gc] GC(41353) Pause Young (Allocation Failure) 93M->93M(95M) 13.838ms
[2020-08-10T13:05:38.697+0300][1278.243s][info ][gc] GC(41354) Pause Young (Allocation Failure) 93M->93M(95M) 13.960ms
[2020-08-10T13:05:38.939+0300][1278.484s][debug][gc] GC(41355) Expanding ParOldGen from 96256K by 11264K to 107520K
[2020-08-10T13:05:38.939+0300][1278.484s][info ][gc] GC(41355) Pause Full (Ergonomics) 93M->93M(106M) 241.509ms
[2020-08-10T13:05:38.953+0300][1278.498s][info ][gc] GC(41356) Pause Young (Allocation Failure) 94M->94M(106M) 13.485ms
[2020-08-10T13:05:38.967+0300][1278.513s][info ][gc] GC(41357) Pause Young (Allocation Failure) 94M->94M(106M) 13.694ms
[2020-08-10T13:05:38.982+0300][1278.527s][info ][gc] GC(41358) Pause Young (Allocation Failure) 95M->95M(106M) 13.722ms
[2020-08-10T13:05:38.996+0300][1278.541s][info ][gc] GC(41359) Pause Young (Allocation Failure) 95M->95M(106M) 13.540ms
[2020-08-10T13:05:39.010+0300][1278.555s][info ][gc] GC(41360) Pause Young (Allocation Failure) 96M->96M(106M) 13.678ms
[2020-08-10T13:05:39.024+0300][1278.569s][info ][gc] GC(41361) Pause Young (Allocation Failure) 96M->96M(106M) 13.700ms
[2020-08-10T13:05:39.038+0300][1278.583s][info ][gc] GC(41362) Pause Young (Allocation Failure) 97M->97M(106M) 13.614ms
[2020-08-10T13:05:39.052+0300][1278.597s][info ][gc] GC(41363) Pause Young (Allocation Failure) 97M->97M(106M) 13.481ms
[2020-08-10T13:05:39.066+0300][1278.611s][info ][gc] GC(41364) Pause Young (Allocation Failure) 97M->97M(106M) 13.365ms
[2020-08-10T13:05:39.080+0300][1278.625s][info ][gc] GC(41365) Pause Young (Allocation Failure) 98M->98M(106M) 13.508ms
[2020-08-10T13:05:39.094+0300][1278.639s][info ][gc] GC(41366) Pause Young (Allocation Failure) 98M->98M(106M) 13.643ms
[2020-08-10T13:05:39.108+0300][1278.653s][info ][gc] GC(41367) Pause Young (Allocation Failure) 99M->99M(106M) 13.665ms
[2020-08-10T13:05:39.122+0300][1278.667s][info ][gc] GC(41368) Pause Young (Allocation Failure) 99M->99M(106M) 13.701ms
[2020-08-10T13:05:39.136+0300][1278.681s][info ][gc] GC(41369) Pause Young (Allocation Failure) 100M->100M(106M) 13.653ms
[2020-08-10T13:05:39.150+0300][1278.696s][info ][gc] GC(41370) Pause Young (Allocation Failure) 100M->100M(106M) 13.706ms
[2020-08-10T13:05:39.165+0300][1278.710s][info ][gc] GC(41371) Pause Young (Allocation Failure) 101M->101M(106M) 13.671ms
[2020-08-10T13:05:39.179+0300][1278.724s][info ][gc] GC(41372) Pause Young (Allocation Failure) 101M->101M(106M) 13.691ms
[2020-08-10T13:05:39.193+0300][1278.738s][info ][gc] GC(41373) Pause Young (Allocation Failure) 102M->102M(106M) 13.727ms
[2020-08-10T13:05:39.207+0300][1278.752s][info ][gc] GC(41374) Pause Young (Allocation Failure) 102M->102M(106M) 13.669ms
[2020-08-10T13:05:39.221+0300][1278.767s][info ][gc] GC(41375) Pause Young (Allocation Failure) 103M->103M(106M) 13.701ms
[2020-08-10T13:05:39.236+0300][1278.781s][info ][gc] GC(41376) Pause Young (Allocation Failure) 103M->103M(106M) 13.733ms
[2020-08-10T13:05:39.250+0300][1278.795s][info ][gc] GC(41377) Pause Young (Allocation Failure) 103M->103M(106M) 13.702ms
[2020-08-10T13:05:39.264+0300][1278.809s][info ][gc] GC(41378) Pause Young (Allocation Failure) 104M->104M(106M) 13.722ms
[2020-08-10T13:05:39.278+0300][1278.824s][info ][gc] GC(41379) Pause Young (Allocation Failure) 104M->104M(106M) 13.670ms
[2020-08-10T13:05:39.292+0300][1278.838s][info ][gc] GC(41380) Pause Young (Allocation Failure) 105M->105M(106M) 13.640ms
[2020-08-10T13:05:39.559+0300][1279.104s][debug][gc] GC(41381) Expanding ParOldGen from 107520K by 10752K to 118272K
[2020-08-10T13:05:39.559+0300][1279.104s][info ][gc] GC(41381) Pause Full (Ergonomics) 105M->105M(117M) 266.526ms
[2020-08-10T13:05:39.600+0300][1279.145s][info ][gc] GC(41382) Pause Young (Allocation Failure) 105M->105M(117M) 39.848ms
[2020-08-10T13:05:39.614+0300][1279.159s][info ][gc] GC(41383) Pause Young (Allocation Failure) 106M->106M(117M) 14.048ms
[2020-08-10T13:05:39.628+0300][1279.174s][info ][gc] GC(41384) Pause Young (Allocation Failure) 106M->106M(117M) 14.022ms
[2020-08-10T13:05:39.643+0300][1279.188s][info ][gc] GC(41385) Pause Young (Allocation Failure) 107M->106M(117M) 14.031ms
[2020-08-10T13:05:39.657+0300][1279.203s][info ][gc] GC(41386) Pause Young (Allocation Failure) 107M->107M(117M) 14.042ms
[2020-08-10T13:05:39.672+0300][1279.217s][info ][gc] GC(41387) Pause Young (Allocation Failure) 107M->107M(117M) 13.957ms
[2020-08-10T13:05:39.686+0300][1279.232s][info ][gc] GC(41388) Pause Young (Allocation Failure) 108M->108M(117M) 14.061ms
[2020-08-10T13:05:39.701+0300][1279.246s][info ][gc] GC(41389) Pause Young (Allocation Failure) 108M->108M(117M) 14.052ms
[2020-08-10T13:05:39.716+0300][1279.261s][info ][gc] GC(41390) Pause Young (Allocation Failure) 109M->109M(117M) 14.129ms
[2020-08-10T13:05:39.730+0300][1279.275s][info ][gc] GC(41391) Pause Young (Allocation Failure) 109M->109M(117M) 14.102ms
[2020-08-10T13:05:39.745+0300][1279.290s][info ][gc] GC(41392) Pause Young (Allocation Failure) 110M->110M(117M) 14.006ms
[2020-08-10T13:05:39.759+0300][1279.304s][info ][gc] GC(41393) Pause Young (Allocation Failure) 110M->110M(117M) 14.093ms
[2020-08-10T13:05:39.774+0300][1279.319s][info ][gc] GC(41394) Pause Young (Allocation Failure) 111M->111M(117M) 14.229ms
[2020-08-10T13:05:39.789+0300][1279.334s][info ][gc] GC(41395) Pause Young (Allocation Failure) 111M->111M(117M) 14.226ms
[2020-08-10T13:05:39.803+0300][1279.348s][info ][gc] GC(41396) Pause Young (Allocation Failure) 112M->112M(117M) 13.974ms
[2020-08-10T13:05:39.818+0300][1279.363s][info ][gc] GC(41397) Pause Young (Allocation Failure) 112M->112M(117M) 14.263ms
[2020-08-10T13:05:39.833+0300][1279.378s][info ][gc] GC(41398) Pause Young (Allocation Failure) 113M->112M(117M) 14.384ms
[2020-08-10T13:05:39.848+0300][1279.393s][info ][gc] GC(41399) Pause Young (Allocation Failure) 113M->113M(117M) 14.393ms
[2020-08-10T13:05:39.862+0300][1279.408s][info ][gc] GC(41400) Pause Young (Allocation Failure) 113M->113M(117M) 14.379ms
[2020-08-10T13:05:39.877+0300][1279.423s][info ][gc] GC(41401) Pause Young (Allocation Failure) 114M->114M(117M) 14.538ms
[2020-08-10T13:05:39.892+0300][1279.438s][info ][gc] GC(41402) Pause Young (Allocation Failure) 114M->114M(117M) 14.555ms
[2020-08-10T13:05:39.908+0300][1279.453s][info ][gc] GC(41403) Pause Young (Allocation Failure) 115M->115M(117M) 14.627ms
[2020-08-10T13:05:39.923+0300][1279.468s][info ][gc] GC(41404) Pause Young (Allocation Failure) 115M->115M(117M) 14.685ms
[2020-08-10T13:05:40.216+0300][1279.761s][debug][gc] GC(41405) Expanding ParOldGen from 118272K by 10752K to 129024K
[2020-08-10T13:05:40.216+0300][1279.761s][info ][gc] GC(41405) Pause Full (Ergonomics) 115M->115M(127M) 293.055ms
[2020-08-10T13:05:40.247+0300][1279.793s][info ][gc] GC(41406) Pause Young (Allocation Failure) 116M->116M(127M) 31.040ms
[2020-08-10T13:05:40.263+0300][1279.808s][info ][gc] GC(41407) Pause Young (Allocation Failure) 116M->116M(127M) 15.154ms
[2020-08-10T13:05:40.279+0300][1279.824s][info ][gc] GC(41408) Pause Young (Allocation Failure) 117M->116M(127M) 15.037ms
[2020-08-10T13:05:40.294+0300][1279.840s][info ][gc] GC(41409) Pause Young (Allocation Failure) 117M->117M(127M) 15.119ms
[2020-08-10T13:05:40.310+0300][1279.855s][info ][gc] GC(41410) Pause Young (Allocation Failure) 117M->117M(127M) 15.051ms
[2020-08-10T13:05:40.326+0300][1279.871s][info ][gc] GC(41411) Pause Young (Allocation Failure) 118M->118M(127M) 15.163ms
[2020-08-10T13:05:40.341+0300][1279.887s][info ][gc] GC(41412) Pause Young (Allocation Failure) 118M->118M(127M) 15.144ms
[2020-08-10T13:05:40.357+0300][1279.902s][info ][gc] GC(41413) Pause Young (Allocation Failure) 119M->119M(127M) 15.225ms
[2020-08-10T13:05:40.373+0300][1279.918s][info ][gc] GC(41414) Pause Young (Allocation Failure) 119M->119M(127M) 15.118ms
[2020-08-10T13:05:40.388+0300][1279.934s][info ][gc] GC(41415) Pause Young (Allocation Failure) 120M->120M(127M) 15.304ms
[2020-08-10T13:05:40.404+0300][1279.949s][info ][gc] GC(41416) Pause Young (Allocation Failure) 120M->120M(127M) 15.374ms
[2020-08-10T13:05:40.420+0300][1279.965s][info ][gc] GC(41417) Pause Young (Allocation Failure) 121M->121M(127M) 15.331ms
[2020-08-10T13:05:40.436+0300][1279.981s][info ][gc] GC(41418) Pause Young (Allocation Failure) 121M->121M(127M) 15.315ms
[2020-08-10T13:05:40.451+0300][1279.996s][info ][gc] GC(41419) Pause Young (Allocation Failure) 122M->122M(127M) 14.986ms
[2020-08-10T13:05:40.467+0300][1280.012s][info ][gc] GC(41420) Pause Young (Allocation Failure) 122M->122M(127M) 15.119ms
[2020-08-10T13:05:40.482+0300][1280.028s][info ][gc] GC(41421) Pause Young (Allocation Failure) 123M->122M(127M) 15.518ms
[2020-08-10T13:05:40.498+0300][1280.043s][info ][gc] GC(41422) Pause Young (Allocation Failure) 123M->123M(127M) 15.201ms
[2020-08-10T13:05:40.514+0300][1280.059s][info ][gc] GC(41423) Pause Young (Allocation Failure) 124M->123M(127M) 15.412ms
[2020-08-10T13:05:40.530+0300][1280.075s][info ][gc] GC(41424) Pause Young (Allocation Failure) 124M->124M(127M) 15.525ms
[2020-08-10T13:05:40.546+0300][1280.091s][info ][gc] GC(41425) Pause Young (Allocation Failure) 124M->124M(127M) 15.341ms
[2020-08-10T13:05:40.562+0300][1280.107s][info ][gc] GC(41426) Pause Young (Allocation Failure) 125M->125M(127M) 15.528ms
[2020-08-10T13:05:40.580+0300][1280.125s][info ][gc] GC(41427) Pause Young (Allocation Failure) 125M->125M(127M) 18.056ms
[2020-08-10T13:05:40.615+0300][1280.160s][info ][gc] GC(41428) Pause Young (Allocation Failure) 126M->126M(127M) 34.142ms
[2020-08-10T13:05:40.945+0300][1280.490s][debug][gc] GC(41429) Expanding ParOldGen from 129024K by 10752K to 139776K
[2020-08-10T13:05:40.945+0300][1280.490s][info ][gc] GC(41429) Pause Full (Ergonomics) 126M->125M(138M) 330.402ms
[2020-08-10T13:05:40.962+0300][1280.507s][info ][gc] GC(41430) Pause Young (Allocation Failure) 126M->126M(138M) 16.574ms
[2020-08-10T13:05:40.978+0300][1280.523s][info ][gc] GC(41431) Pause Young (Allocation Failure) 126M->126M(138M) 15.590ms
[2020-08-10T13:05:40.994+0300][1280.539s][info ][gc] GC(41432) Pause Young (Allocation Failure) 127M->127M(138M) 15.352ms
[2020-08-10T13:05:41.009+0300][1280.555s][info ][gc] GC(41433) Pause Young (Allocation Failure) 127M->127M(138M) 15.236ms
[2020-08-10T13:05:41.025+0300][1280.570s][info ][gc] GC(41434) Pause Young (Allocation Failure) 128M->128M(138M) 15.422ms
[2020-08-10T13:05:41.041+0300][1280.586s][info ][gc] GC(41435) Pause Young (Allocation Failure) 128M->128M(138M) 15.601ms
[2020-08-10T13:05:41.057+0300][1280.602s][info ][gc] GC(41436) Pause Young (Allocation Failure) 129M->129M(138M) 15.409ms
[2020-08-10T13:05:41.073+0300][1280.618s][info ][gc] GC(41437) Pause Young (Allocation Failure) 129M->129M(138M) 15.376ms
[2020-08-10T13:05:41.089+0300][1280.634s][info ][gc] GC(41438) Pause Young (Allocation Failure) 130M->130M(138M) 15.973ms
[2020-08-10T13:05:41.132+0300][1280.678s][info ][gc] GC(41439) Pause Young (Allocation Failure) 130M->130M(138M) 42.640ms
[2020-08-10T13:05:41.148+0300][1280.693s][info ][gc] GC(41440) Pause Young (Allocation Failure) 131M->131M(138M) 15.522ms
[2020-08-10T13:05:41.164+0300][1280.710s][info ][gc] GC(41441) Pause Young (Allocation Failure) 131M->131M(138M) 15.772ms
[2020-08-10T13:05:41.203+0300][1280.748s][info ][gc] GC(41442) Pause Young (Allocation Failure) 131M->131M(138M) 38.659ms
[2020-08-10T13:05:41.220+0300][1280.765s][info ][gc] GC(41443) Pause Young (Allocation Failure) 132M->132M(138M) 15.850ms
[2020-08-10T13:05:41.236+0300][1280.781s][info ][gc] GC(41444) Pause Young (Allocation Failure) 132M->132M(138M) 15.714ms
[2020-08-10T13:05:41.252+0300][1280.798s][info ][gc] GC(41445) Pause Young (Allocation Failure) 133M->133M(138M) 16.190ms
[2020-08-10T13:05:41.269+0300][1280.814s][info ][gc] GC(41446) Pause Young (Allocation Failure) 133M->133M(138M) 15.959ms
[2020-08-10T13:05:41.285+0300][1280.831s][info ][gc] GC(41447) Pause Young (Allocation Failure) 134M->134M(138M) 15.991ms
[2020-08-10T13:05:41.302+0300][1280.847s][info ][gc] GC(41448) Pause Young (Allocation Failure) 134M->134M(138M) 15.884ms
[2020-08-10T13:05:41.318+0300][1280.864s][info ][gc] GC(41449) Pause Young (Allocation Failure) 135M->135M(138M) 15.996ms
[2020-08-10T13:05:41.335+0300][1280.880s][info ][gc] GC(41450) Pause Young (Allocation Failure) 135M->135M(138M) 16.075ms
[2020-08-10T13:05:41.335+0300][1280.880s][debug][gc] Expanding ParOldGen from 139776K by 19968K to 159744K
[2020-08-10T13:05:41.359+0300][1280.904s][info ][gc] GC(41451) Pause Young (Allocation Failure) 155M->154M(157M) 15.117ms
[2020-08-10T13:05:41.386+0300][1280.931s][info ][gc] GC(41452) Pause Young (Allocation Failure) 155M->155M(157M) 26.677ms
[2020-08-10T13:05:41.413+0300][1280.958s][info ][gc] GC(41453) Pause Young (Allocation Failure) 155M->155M(157M) 26.305ms
[2020-08-10T13:05:41.439+0300][1280.985s][info ][gc] GC(41454) Pause Young (Allocation Failure) 156M->156M(157M) 26.260ms
[2020-08-10T13:05:41.475+0300][1281.021s][debug][gc] GC(41455) Shrinking ParOldGen from 159744K by 125440K to 34304K
[2020-08-10T13:05:41.475+0300][1281.021s][info ][gc] GC(41455) Pause Full (Ergonomics) 156M->22M(35M) 35.733ms
[2020-08-10T13:05:41.489+0300][1281.034s][info ][gc] GC(41456) Pause Young (Allocation Failure) 22M->22M(35M) 12.983ms
[2020-08-10T13:05:41.502+0300][1281.048s][info ][gc] GC(41457) Pause Young (Allocation Failure) 23M->23M(35M) 13.290ms
[2020-08-10T13:05:41.516+0300][1281.061s][info ][gc] GC(41458) Pause Young (Allocation Failure) 23M->23M(35M) 13.200ms
[2020-08-10T13:05:41.530+0300][1281.075s][info ][gc] GC(41459) Pause Young (Allocation Failure) 24M->24M(35M) 13.386ms
[2020-08-10T13:05:41.543+0300][1281.088s][info ][gc] GC(41460) Pause Young (Allocation Failure) 24M->24M(35M) 13.194ms
[2020-08-10T13:05:41.557+0300][1281.102s][info ][gc] GC(41461) Pause Young (Allocation Failure) 25M->25M(35M) 13.437ms
[2020-08-10T13:05:41.571+0300][1281.116s][info ][gc] GC(41462) Pause Young (Allocation Failure) 25M->25M(35M) 13.375ms
[2020-08-10T13:05:41.585+0300][1281.130s][info ][gc] GC(41463) Pause Young (Allocation Failure) 26M->26M(35M) 13.435ms
[2020-08-10T13:05:41.599+0300][1281.144s][info ][gc] GC(41464) Pause Young (Allocation Failure) 26M->26M(35M) 13.468ms
[2020-08-10T13:05:41.613+0300][1281.158s][info ][gc] GC(41465) Pause Young (Allocation Failure) 27M->27M(35M) 13.526ms
[2020-08-10T13:05:41.627+0300][1281.172s][info ][gc] GC(41466) Pause Young (Allocation Failure) 27M->27M(35M) 13.473ms
[2020-08-10T13:05:41.640+0300][1281.186s][info ][gc] GC(41467) Pause Young (Allocation Failure) 28M->28M(35M) 13.371ms
[2020-08-10T13:05:41.654+0300][1281.199s][info ][gc] GC(41468) Pause Young (Allocation Failure) 28M->28M(35M) 13.316ms
[2020-08-10T13:05:41.668+0300][1281.213s][info ][gc] GC(41469) Pause Young (Allocation Failure) 28M->28M(35M) 13.367ms
[2020-08-10T13:05:41.682+0300][1281.227s][info ][gc] GC(41470) Pause Young (Allocation Failure) 29M->29M(35M) 13.380ms
[2020-08-10T13:05:41.695+0300][1281.241s][info ][gc] GC(41471) Pause Young (Allocation Failure) 29M->29M(35M) 13.400ms
[2020-08-10T13:05:41.709+0300][1281.255s][info ][gc] GC(41472) Pause Young (Allocation Failure) 30M->30M(35M) 13.408ms
[2020-08-10T13:05:41.723+0300][1281.269s][info ][gc] GC(41473) Pause Young (Allocation Failure) 30M->30M(35M) 13.446ms
[2020-08-10T13:05:41.737+0300][1281.283s][info ][gc] GC(41474) Pause Young (Allocation Failure) 31M->31M(35M) 13.466ms
[2020-08-10T13:05:41.751+0300][1281.297s][info ][gc] GC(41475) Pause Young (Allocation Failure) 31M->31M(35M) 13.494ms
[2020-08-10T13:05:41.766+0300][1281.311s][info ][gc] GC(41476) Pause Young (Allocation Failure) 32M->32M(35M) 13.616ms
[2020-08-10T13:05:41.780+0300][1281.325s][info ][gc] GC(41477) Pause Young (Allocation Failure) 33M->33M(35M) 13.682ms
[2020-08-10T13:05:41.794+0300][1281.340s][info ][gc] GC(41478) Pause Young (Allocation Failure) 34M->34M(35M) 13.980ms
[2020-08-10T13:05:41.856+0300][1281.401s][debug][gc] GC(41479) Expanding ParOldGen from 34304K by 11264K to 45568K
[2020-08-10T13:05:41.856+0300][1281.401s][info ][gc] GC(41479) Pause Full (Ergonomics) 34M->34M(46M) 61.264ms
[2020-08-10T13:05:41.873+0300][1281.419s][info ][gc] GC(41480) Pause Young (Allocation Failure) 35M->35M(47M) 16.990ms
[2020-08-10T13:05:41.898+0300][1281.443s][info ][gc] GC(41481) Pause Young (Allocation Failure) 36M->36M(47M) 23.647ms
[2020-08-10T13:05:41.912+0300][1281.458s][info ][gc] GC(41482) Pause Young (Allocation Failure) 37M->37M(47M) 14.076ms
[2020-08-10T13:05:41.927+0300][1281.472s][info ][gc] GC(41483) Pause Young (Allocation Failure) 38M->37M(47M) 14.103ms
[2020-08-10T13:05:41.942+0300][1281.487s][info ][gc] GC(41484) Pause Young (Allocation Failure) 38M->38M(47M) 14.041ms
[2020-08-10T13:05:41.956+0300][1281.501s][info ][gc] GC(41485) Pause Young (Allocation Failure) 39M->39M(47M) 13.916ms
[2020-08-10T13:05:41.971+0300][1281.516s][info ][gc] GC(41486) Pause Young (Allocation Failure) 40M->40M(47M) 13.983ms
[2020-08-10T13:05:41.985+0300][1281.530s][info ][gc] GC(41487) Pause Young (Allocation Failure) 41M->41M(47M) 13.986ms
[2020-08-10T13:05:42.000+0300][1281.545s][info ][gc] GC(41488) Pause Young (Allocation Failure) 42M->42M(47M) 13.967ms
[2020-08-10T13:05:42.014+0300][1281.559s][info ][gc] GC(41489) Pause Young (Allocation Failure) 43M->43M(47M) 13.838ms
[2020-08-10T13:05:42.028+0300][1281.574s][info ][gc] GC(41490) Pause Young (Allocation Failure) 44M->44M(47M) 13.936ms
[2020-08-10T13:05:42.117+0300][1281.662s][debug][gc] GC(41491) Expanding ParOldGen from 45568K by 11776K to 57344K
[2020-08-10T13:05:42.117+0300][1281.662s][info ][gc] GC(41491) Pause Full (Ergonomics) 44M->44M(58M) 88.057ms
[2020-08-10T13:05:42.131+0300][1281.676s][info ][gc] GC(41492) Pause Young (Allocation Failure) 45M->45M(58M) 13.403ms
[2020-08-10T13:05:42.145+0300][1281.691s][info ][gc] GC(41493) Pause Young (Allocation Failure) 46M->46M(58M) 14.030ms
[2020-08-10T13:05:42.160+0300][1281.705s][info ][gc] GC(41494) Pause Young (Allocation Failure) 47M->47M(58M) 13.950ms
[2020-08-10T13:05:42.175+0300][1281.720s][info ][gc] GC(41495) Pause Young (Allocation Failure) 48M->48M(58M) 13.932ms
[2020-08-10T13:05:42.189+0300][1281.734s][info ][gc] GC(41496) Pause Young (Allocation Failure) 49M->48M(58M) 14.023ms
[2020-08-10T13:05:42.204+0300][1281.749s][info ][gc] GC(41497) Pause Young (Allocation Failure) 49M->49M(58M) 13.994ms
[2020-08-10T13:05:42.218+0300][1281.764s][info ][gc] GC(41498) Pause Young (Allocation Failure) 50M->50M(58M) 13.983ms
[2020-08-10T13:05:42.233+0300][1281.778s][info ][gc] GC(41499) Pause Young (Allocation Failure) 51M->51M(58M) 14.034ms
[2020-08-10T13:05:42.248+0300][1281.793s][info ][gc] GC(41500) Pause Young (Allocation Failure) 52M->52M(58M) 13.998ms
[2020-08-10T13:05:42.262+0300][1281.808s][info ][gc] GC(41501) Pause Young (Allocation Failure) 53M->53M(58M) 14.014ms
[2020-08-10T13:05:42.277+0300][1281.822s][info ][gc] GC(41502) Pause Young (Allocation Failure) 54M->54M(58M) 14.105ms
[2020-08-10T13:05:42.292+0300][1281.837s][info ][gc] GC(41503) Pause Young (Allocation Failure) 55M->55M(58M) 14.007ms
[2020-08-10T13:05:42.306+0300][1281.851s][info ][gc] GC(41504) Pause Young (Allocation Failure) 56M->56M(58M) 13.835ms
[2020-08-10T13:05:42.427+0300][1281.973s][debug][gc] GC(41505) Expanding ParOldGen from 57344K by 11776K to 69120K
[2020-08-10T13:05:42.427+0300][1281.973s][info ][gc] GC(41505) Pause Full (Ergonomics) 56M->56M(70M) 121.291ms
[2020-08-10T13:05:42.452+0300][1281.998s][info ][gc] GC(41506) Pause Young (Allocation Failure) 57M->57M(70M) 24.296ms
[2020-08-10T13:05:42.467+0300][1282.012s][info ][gc] GC(41507) Pause Young (Allocation Failure) 58M->58M(70M) 13.987ms
[2020-08-10T13:05:42.481+0300][1282.027s][info ][gc] GC(41508) Pause Young (Allocation Failure) 59M->59M(70M) 13.925ms
[2020-08-10T13:05:42.496+0300][1282.041s][info ][gc] GC(41509) Pause Young (Allocation Failure) 60M->60M(70M) 14.089ms
[2020-08-10T13:05:42.511+0300][1282.056s][info ][gc] GC(41510) Pause Young (Allocation Failure) 61M->60M(70M) 13.943ms
[2020-08-10T13:05:42.525+0300][1282.070s][info ][gc] GC(41511) Pause Young (Allocation Failure) 61M->61M(70M) 14.060ms
[2020-08-10T13:05:42.539+0300][1282.085s][info ][gc] GC(41512) Pause Young (Allocation Failure) 62M->62M(70M) 13.915ms
[2020-08-10T13:05:42.554+0300][1282.099s][info ][gc] GC(41513) Pause Young (Allocation Failure) 63M->63M(70M) 14.085ms
[2020-08-10T13:05:42.569+0300][1282.114s][info ][gc] GC(41514) Pause Young (Allocation Failure) 64M->64M(70M) 14.076ms
[2020-08-10T13:05:42.583+0300][1282.129s][info ][gc] GC(41515) Pause Young (Allocation Failure) 65M->65M(70M) 14.263ms
[2020-08-10T13:05:42.598+0300][1282.143s][info ][gc] GC(41516) Pause Young (Allocation Failure) 66M->66M(70M) 14.102ms
[2020-08-10T13:05:42.613+0300][1282.158s][info ][gc] GC(41517) Pause Young (Allocation Failure) 67M->67M(70M) 14.023ms
[2020-08-10T13:05:42.765+0300][1282.311s][debug][gc] GC(41518) Expanding ParOldGen from 69120K by 11264K to 80384K
[2020-08-10T13:05:42.765+0300][1282.311s][info ][gc] GC(41518) Pause Full (Ergonomics) 67M->67M(81M) 152.389ms
[2020-08-10T13:05:42.780+0300][1282.325s][info ][gc] GC(41519) Pause Young (Allocation Failure) 68M->68M(81M) 13.646ms
[2020-08-10T13:05:42.794+0300][1282.340s][info ][gc] GC(41520) Pause Young (Allocation Failure) 69M->69M(81M) 14.087ms
[2020-08-10T13:05:42.809+0300][1282.354s][info ][gc] GC(41521) Pause Young (Allocation Failure) 70M->70M(81M) 14.061ms
[2020-08-10T13:05:42.824+0300][1282.369s][info ][gc] GC(41522) Pause Young (Allocation Failure) 71M->71M(81M) 14.014ms
[2020-08-10T13:05:42.838+0300][1282.384s][info ][gc] GC(41523) Pause Young (Allocation Failure) 72M->71M(80M) 14.085ms
[2020-08-10T13:05:42.853+0300][1282.399s][info ][gc] GC(41524) Pause Young (Allocation Failure) 72M->72M(80M) 14.195ms
[2020-08-10T13:05:42.868+0300][1282.413s][info ][gc] GC(41525) Pause Young (Allocation Failure) 73M->73M(80M) 14.160ms
[2020-08-10T13:05:42.882+0300][1282.428s][info ][gc] GC(41526) Pause Young (Allocation Failure) 74M->74M(81M) 13.875ms
[2020-08-10T13:05:42.897+0300][1282.442s][info ][gc] GC(41527) Pause Young (Allocation Failure) 75M->75M(81M) 14.117ms
[2020-08-10T13:05:42.912+0300][1282.457s][info ][gc] GC(41528) Pause Young (Allocation Failure) 76M->76M(81M) 14.150ms
[2020-08-10T13:05:42.927+0300][1282.472s][info ][gc] GC(41529) Pause Young (Allocation Failure) 77M->77M(81M) 14.088ms
[2020-08-10T13:05:42.941+0300][1282.487s][info ][gc] GC(41530) Pause Young (Allocation Failure) 78M->78M(81M) 14.173ms
[2020-08-10T13:05:43.126+0300][1282.672s][debug][gc] GC(41531) Expanding ParOldGen from 80384K by 11776K to 92160K
[2020-08-10T13:05:43.126+0300][1282.672s][info ][gc] GC(41531) Pause Full (Ergonomics) 78M->78M(92M) 184.749ms
[2020-08-10T13:05:43.141+0300][1282.686s][info ][gc] GC(41532) Pause Young (Allocation Failure) 79M->79M(92M) 13.635ms
[2020-08-10T13:05:43.155+0300][1282.701s][info ][gc] GC(41533) Pause Young (Allocation Failure) 80M->80M(92M) 14.121ms
[2020-08-10T13:05:43.170+0300][1282.715s][info ][gc] GC(41534) Pause Young (Allocation Failure) 81M->81M(92M) 14.156ms
[2020-08-10T13:05:43.185+0300][1282.730s][info ][gc] GC(41535) Pause Young (Allocation Failure) 82M->82M(92M) 14.130ms
[2020-08-10T13:05:43.200+0300][1282.745s][info ][gc] GC(41536) Pause Young (Allocation Failure) 83M->83M(92M) 14.179ms
[2020-08-10T13:05:43.215+0300][1282.760s][info ][gc] GC(41537) Pause Young (Allocation Failure) 84M->84M(92M) 14.255ms
[2020-08-10T13:05:43.230+0300][1282.775s][info ][gc] GC(41538) Pause Young (Allocation Failure) 85M->85M(92M) 14.531ms
[2020-08-10T13:05:43.245+0300][1282.790s][info ][gc] GC(41539) Pause Young (Allocation Failure) 86M->86M(92M) 14.427ms
[2020-08-10T13:05:43.260+0300][1282.805s][info ][gc] GC(41540) Pause Young (Allocation Failure) 87M->87M(92M) 14.778ms
[2020-08-10T13:05:43.275+0300][1282.821s][info ][gc] GC(41541) Pause Young (Allocation Failure) 88M->88M(92M) 14.740ms
[2020-08-10T13:05:43.290+0300][1282.836s][info ][gc] GC(41542) Pause Young (Allocation Failure) 89M->88M(92M) 14.629ms
[2020-08-10T13:05:43.306+0300][1282.851s][info ][gc] GC(41543) Pause Young (Allocation Failure) 89M->89M(92M) 14.808ms
[2020-08-10T13:05:43.530+0300][1283.076s][debug][gc] GC(41544) Expanding ParOldGen from 92160K by 11264K to 103424K
[2020-08-10T13:05:43.531+0300][1283.076s][info ][gc] GC(41544) Pause Full (Ergonomics) 89M->89M(103M) 224.479ms
[2020-08-10T13:05:43.545+0300][1283.090s][info ][gc] GC(41545) Pause Young (Allocation Failure) 90M->90M(103M) 13.707ms
[2020-08-10T13:05:43.560+0300][1283.106s][info ][gc] GC(41546) Pause Young (Allocation Failure) 91M->91M(103M) 14.773ms
[2020-08-10T13:05:43.576+0300][1283.121s][info ][gc] GC(41547) Pause Young (Allocation Failure) 92M->92M(103M) 14.774ms
[2020-08-10T13:05:43.591+0300][1283.137s][info ][gc] GC(41548) Pause Young (Allocation Failure) 93M->93M(103M) 15.095ms
[2020-08-10T13:05:43.607+0300][1283.152s][info ][gc] GC(41549) Pause Young (Allocation Failure) 94M->94M(103M) 15.237ms
[2020-08-10T13:05:43.623+0300][1283.168s][info ][gc] GC(41550) Pause Young (Allocation Failure) 95M->95M(103M) 15.100ms
[2020-08-10T13:05:43.638+0300][1283.184s][info ][gc] GC(41551) Pause Young (Allocation Failure) 96M->96M(103M) 15.270ms
[2020-08-10T13:05:43.655+0300][1283.200s][info ][gc] GC(41552) Pause Young (Allocation Failure) 97M->97M(103M) 15.544ms
[2020-08-10T13:05:43.671+0300][1283.216s][info ][gc] GC(41553) Pause Young (Allocation Failure) 98M->98M(103M) 15.490ms
[2020-08-10T13:05:43.687+0300][1283.232s][info ][gc] GC(41554) Pause Young (Allocation Failure) 99M->99M(103M) 15.575ms
[2020-08-10T13:05:43.703+0300][1283.249s][info ][gc] GC(41555) Pause Young (Allocation Failure) 100M->100M(103M) 15.777ms
[2020-08-10T13:05:43.720+0300][1283.265s][info ][gc] GC(41556) Pause Young (Allocation Failure) 101M->101M(103M) 15.996ms
[2020-08-10T13:05:43.961+0300][1283.507s][debug][gc] GC(41557) Expanding ParOldGen from 103424K by 11264K to 114688K
[2020-08-10T13:05:43.962+0300][1283.507s][info ][gc] GC(41557) Pause Full (Ergonomics) 101M->101M(114M) 241.480ms
[2020-08-10T13:05:43.998+0300][1283.544s][info ][gc] GC(41558) Pause Young (Allocation Failure) 102M->102M(114M) 36.188ms
[2020-08-10T13:05:44.015+0300][1283.561s][info ][gc] GC(41559) Pause Young (Allocation Failure) 103M->102M(114M) 16.228ms
[2020-08-10T13:05:44.032+0300][1283.578s][info ][gc] GC(41560) Pause Young (Allocation Failure) 103M->103M(114M) 16.254ms
[2020-08-10T13:05:44.049+0300][1283.595s][info ][gc] GC(41561) Pause Young (Allocation Failure) 104M->104M(114M) 16.556ms
[2020-08-10T13:05:44.066+0300][1283.612s][info ][gc] GC(41562) Pause Young (Allocation Failure) 105M->105M(114M) 16.570ms
[2020-08-10T13:05:44.084+0300][1283.629s][info ][gc] GC(41563) Pause Young (Allocation Failure) 106M->106M(114M) 16.510ms
[2020-08-10T13:05:44.101+0300][1283.646s][info ][gc] GC(41564) Pause Young (Allocation Failure) 107M->107M(114M) 16.678ms
[2020-08-10T13:05:44.118+0300][1283.664s][info ][gc] GC(41565) Pause Young (Allocation Failure) 108M->108M(114M) 16.863ms
[2020-08-10T13:05:44.137+0300][1283.682s][info ][gc] GC(41566) Pause Young (Allocation Failure) 109M->109M(114M) 17.196ms
[2020-08-10T13:05:44.154+0300][1283.699s][info ][gc] GC(41567) Pause Young (Allocation Failure) 110M->110M(114M) 16.877ms
[2020-08-10T13:05:44.183+0300][1283.729s][info ][gc] GC(41568) Pause Young (Allocation Failure) 111M->111M(114M) 28.708ms
[2020-08-10T13:05:44.201+0300][1283.746s][info ][gc] GC(41569) Pause Young (Allocation Failure) 112M->112M(114M) 17.075ms
[2020-08-10T13:05:44.475+0300][1284.021s][debug][gc] GC(41570) Expanding ParOldGen from 114688K by 11776K to 126464K
[2020-08-10T13:05:44.476+0300][1284.021s][info ][gc] GC(41570) Pause Full (Ergonomics) 112M->112M(126M) 274.570ms
[2020-08-10T13:05:44.508+0300][1284.053s][info ][gc] GC(41571) Pause Young (Allocation Failure) 113M->113M(126M) 31.318ms
[2020-08-10T13:05:44.526+0300][1284.071s][info ][gc] GC(41572) Pause Young (Allocation Failure) 114M->114M(126M) 17.794ms
[2020-08-10T13:05:44.544+0300][1284.090s][info ][gc] GC(41573) Pause Young (Allocation Failure) 115M->115M(126M) 17.945ms
[2020-08-10T13:05:44.563+0300][1284.108s][info ][gc] GC(41574) Pause Young (Allocation Failure) 116M->116M(126M) 18.066ms
[2020-08-10T13:05:44.581+0300][1284.127s][info ][gc] GC(41575) Pause Young (Allocation Failure) 117M->117M(126M) 17.760ms
[2020-08-10T13:05:44.600+0300][1284.145s][info ][gc] GC(41576) Pause Young (Allocation Failure) 118M->118M(126M) 17.963ms
[2020-08-10T13:05:44.618+0300][1284.164s][info ][gc] GC(41577) Pause Young (Allocation Failure) 119M->119M(126M) 18.183ms
[2020-08-10T13:05:44.637+0300][1284.183s][info ][gc] GC(41578) Pause Young (Allocation Failure) 120M->119M(126M) 18.346ms
[2020-08-10T13:05:44.656+0300][1284.202s][info ][gc] GC(41579) Pause Young (Allocation Failure) 120M->120M(126M) 18.391ms
[2020-08-10T13:05:44.705+0300][1284.251s][info ][gc] GC(41580) Pause Young (Allocation Failure) 121M->121M(126M) 48.424ms
[2020-08-10T13:05:44.725+0300][1284.270s][info ][gc] GC(41581) Pause Young (Allocation Failure) 122M->122M(126M) 18.914ms
[2020-08-10T13:05:44.744+0300][1284.290s][info ][gc] GC(41582) Pause Young (Allocation Failure) 123M->123M(126M) 18.615ms
[2020-08-10T13:05:45.077+0300][1284.623s][debug][gc] GC(41583) Expanding ParOldGen from 126464K by 11264K to 137728K
[2020-08-10T13:05:45.078+0300][1284.623s][info ][gc] GC(41583) Pause Full (Ergonomics) 123M->123M(137M) 333.187ms
[2020-08-10T13:05:45.110+0300][1284.656s][info ][gc] GC(41584) Pause Young (Allocation Failure) 124M->124M(137M) 32.147ms
[2020-08-10T13:05:45.130+0300][1284.674s][info ][gc] GC(41585) Pause Young (Allocation Failure) 125M->125M(137M) 17.782ms
[2020-08-10T13:05:45.148+0300][1284.692s][info ][gc] GC(41586) Pause Young (Allocation Failure) 126M->126M(137M) 17.631ms
[2020-08-10T13:05:45.166+0300][1284.711s][info ][gc] GC(41587) Pause Young (Allocation Failure) 127M->127M(137M) 18.005ms
[2020-08-10T13:05:45.184+0300][1284.729s][info ][gc] GC(41588) Pause Young (Allocation Failure) 128M->128M(137M) 17.868ms
[2020-08-10T13:05:45.203+0300][1284.747s][info ][gc] GC(41589) Pause Young (Allocation Failure) 129M->129M(137M) 17.870ms
[2020-08-10T13:05:45.221+0300][1284.766s][info ][gc] GC(41590) Pause Young (Allocation Failure) 130M->130M(137M) 18.360ms
[2020-08-10T13:05:45.240+0300][1284.785s][info ][gc] GC(41591) Pause Young (Allocation Failure) 131M->131M(137M) 18.391ms
[2020-08-10T13:05:45.259+0300][1284.804s][info ][gc] GC(41592) Pause Young (Allocation Failure) 132M->132M(137M) 18.499ms
[2020-08-10T13:05:45.278+0300][1284.823s][info ][gc] GC(41593) Pause Young (Allocation Failure) 133M->133M(137M) 18.550ms
[2020-08-10T13:05:45.298+0300][1284.842s][info ][gc] GC(41594) Pause Young (Allocation Failure) 134M->134M(137M) 18.578ms
[2020-08-10T13:05:45.317+0300][1284.862s][info ][gc] GC(41595) Pause Young (Allocation Failure) 135M->135M(137M) 19.058ms
[2020-08-10T13:05:45.737+0300][1285.281s][debug][gc] GC(41596) Expanding ParOldGen from 137728K by 11776K to 149504K
[2020-08-10T13:05:45.737+0300][1285.281s][info ][gc] GC(41596) Pause Full (Ergonomics) 135M->134M(148M) 419.732ms
[2020-08-10T13:05:45.737+0300][1285.282s][debug][gc] Expanding ParOldGen from 149504K by 19968K to 169472K
[2020-08-10T13:05:45.774+0300][1285.319s][info ][gc] GC(41597) Pause Young (Allocation Failure) 155M->154M(168M) 28.981ms
[2020-08-10T13:05:45.812+0300][1285.356s][info ][gc] GC(41598) Pause Young (Allocation Failure) 155M->155M(168M) 37.342ms
[2020-08-10T13:05:45.829+0300][1285.374s][info ][gc] GC(41599) Pause Young (Allocation Failure) 156M->156M(168M) 17.001ms
[2020-08-10T13:05:45.851+0300][1285.396s][info ][gc] GC(41600) Pause Young (Allocation Failure) 157M->157M(168M) 21.864ms
[2020-08-10T13:05:45.868+0300][1285.412s][info ][gc] GC(41601) Pause Young (Allocation Failure) 158M->158M(168M) 15.652ms
[2020-08-10T13:05:45.882+0300][1285.427s][info ][gc] GC(41602) Pause Young (Allocation Failure) 159M->159M(168M) 14.020ms
[2020-08-10T13:05:45.898+0300][1285.443s][info ][gc] GC(41603) Pause Young (Allocation Failure) 160M->160M(168M) 15.430ms
[2020-08-10T13:05:45.914+0300][1285.459s][info ][gc] GC(41604) Pause Young (Allocation Failure) 161M->161M(168M) 15.524ms
[2020-08-10T13:05:45.930+0300][1285.475s][info ][gc] GC(41605) Pause Young (Allocation Failure) 162M->162M(168M) 15.504ms
[2020-08-10T13:05:45.946+0300][1285.491s][info ][gc] GC(41606) Pause Young (Allocation Failure) 163M->163M(168M) 15.592ms
[2020-08-10T13:05:45.962+0300][1285.507s][info ][gc] GC(41607) Pause Young (Allocation Failure) 164M->164M(168M) 15.573ms
[2020-08-10T13:05:45.978+0300][1285.523s][info ][gc] GC(41608) Pause Young (Allocation Failure) 165M->165M(168M) 15.558ms
[2020-08-10T13:05:46.112+0300][1285.656s][debug][gc] GC(41609) Shrinking ParOldGen from 169472K by 125440K to 44032K
[2020-08-10T13:05:46.112+0300][1285.656s][info ][gc] GC(41609) Pause Full (Ergonomics) 165M->31M(45M) 133.238ms
[2020-08-10T13:05:46.144+0300][1285.689s][info ][gc] GC(41610) Pause Young (Allocation Failure) 32M->32M(45M) 31.939ms
[2020-08-10T13:05:46.158+0300][1285.703s][info ][gc] GC(41611) Pause Young (Allocation Failure) 33M->33M(45M) 13.338ms
[2020-08-10T13:05:46.172+0300][1285.716s][info ][gc] GC(41612) Pause Young (Allocation Failure) 34M->34M(45M) 13.256ms
[2020-08-10T13:05:46.185+0300][1285.730s][info ][gc] GC(41613) Pause Young (Allocation Failure) 35M->35M(45M) 13.305ms
[2020-08-10T13:05:46.199+0300][1285.744s][info ][gc] GC(41614) Pause Young (Allocation Failure) 36M->36M(45M) 13.328ms
[2020-08-10T13:05:46.213+0300][1285.757s][info ][gc] GC(41615) Pause Young (Allocation Failure) 37M->37M(45M) 13.329ms
[2020-08-10T13:05:46.227+0300][1285.771s][info ][gc] GC(41616) Pause Young (Allocation Failure) 38M->38M(45M) 13.349ms
[2020-08-10T13:05:46.240+0300][1285.785s][info ][gc] GC(41617) Pause Young (Allocation Failure) 39M->39M(45M) 13.278ms
[2020-08-10T13:05:46.255+0300][1285.799s][info ][gc] GC(41618) Pause Young (Allocation Failure) 40M->40M(45M) 13.518ms
[2020-08-10T13:05:46.268+0300][1285.813s][info ][gc] GC(41619) Pause Young (Allocation Failure) 41M->41M(45M) 13.370ms
[2020-08-10T13:05:46.282+0300][1285.827s][info ][gc] GC(41620) Pause Young (Allocation Failure) 42M->42M(45M) 13.466ms
[2020-08-10T13:05:46.296+0300][1285.841s][info ][gc] GC(41621) Pause Young (Allocation Failure) 43M->43M(45M) 13.371ms
[2020-08-10T13:05:46.425+0300][1285.970s][debug][gc] GC(41622) Expanding ParOldGen from 44032K by 11264K to 55296K
[2020-08-10T13:05:46.426+0300][1285.970s][info ][gc] GC(41622) Pause Full (Ergonomics) 43M->43M(56M) 129.057ms
[2020-08-10T13:05:46.446+0300][1285.991s][info ][gc] GC(41623) Pause Young (Allocation Failure) 44M->44M(56M) 19.949ms
[2020-08-10T13:05:46.460+0300][1286.005s][info ][gc] GC(41624) Pause Young (Allocation Failure) 45M->44M(56M) 13.662ms
[2020-08-10T13:05:46.475+0300][1286.019s][info ][gc] GC(41625) Pause Young (Allocation Failure) 45M->45M(56M) 13.766ms
[2020-08-10T13:05:46.489+0300][1286.033s][info ][gc] GC(41626) Pause Young (Allocation Failure) 46M->46M(56M) 13.517ms
[2020-08-10T13:05:46.503+0300][1286.047s][info ][gc] GC(41627) Pause Young (Allocation Failure) 47M->47M(56M) 13.507ms
[2020-08-10T13:05:46.517+0300][1286.062s][info ][gc] GC(41628) Pause Young (Allocation Failure) 48M->48M(56M) 13.551ms
[2020-08-10T13:05:46.531+0300][1286.076s][info ][gc] GC(41629) Pause Young (Allocation Failure) 49M->49M(56M) 13.659ms
[2020-08-10T13:05:46.545+0300][1286.090s][info ][gc] GC(41630) Pause Young (Allocation Failure) 50M->50M(56M) 13.487ms
[2020-08-10T13:05:46.559+0300][1286.104s][info ][gc] GC(41631) Pause Young (Allocation Failure) 51M->51M(56M) 13.494ms
[2020-08-10T13:05:46.574+0300][1286.118s][info ][gc] GC(41632) Pause Young (Allocation Failure) 52M->52M(56M) 13.806ms
[2020-08-10T13:05:46.588+0300][1286.132s][info ][gc] GC(41633) Pause Young (Allocation Failure) 53M->53M(56M) 13.475ms
[2020-08-10T13:05:46.602+0300][1286.146s][info ][gc] GC(41634) Pause Young (Allocation Failure) 54M->54M(56M) 13.470ms
[2020-08-10T13:05:46.710+0300][1286.255s][debug][gc] GC(41635) Expanding ParOldGen from 55296K by 11776K to 67072K
[2020-08-10T13:05:46.711+0300][1286.255s][info ][gc] GC(41635) Pause Full (Ergonomics) 54M->54M(67M) 108.743ms
[2020-08-10T13:05:46.732+0300][1286.277s][info ][gc] GC(41636) Pause Young (Allocation Failure) 55M->55M(67M) 21.464ms
[2020-08-10T13:05:46.751+0300][1286.295s][info ][gc] GC(41637) Pause Young (Allocation Failure) 56M->56M(67M) 17.764ms
[2020-08-10T13:05:46.765+0300][1286.310s][info ][gc] GC(41638) Pause Young (Allocation Failure) 57M->57M(67M) 13.682ms
[2020-08-10T13:05:46.779+0300][1286.324s][info ][gc] GC(41639) Pause Young (Allocation Failure) 58M->58M(67M) 13.701ms
[2020-08-10T13:05:46.793+0300][1286.338s][info ][gc] GC(41640) Pause Young (Allocation Failure) 59M->59M(67M) 13.540ms
[2020-08-10T13:05:46.807+0300][1286.352s][info ][gc] GC(41641) Pause Young (Allocation Failure) 60M->60M(67M) 13.573ms
[2020-08-10T13:05:46.821+0300][1286.366s][info ][gc] GC(41642) Pause Young (Allocation Failure) 61M->61M(67M) 13.444ms
[2020-08-10T13:05:46.835+0300][1286.380s][info ][gc] GC(41643) Pause Young (Allocation Failure) 62M->61M(67M) 13.543ms
[2020-08-10T13:05:46.849+0300][1286.393s][info ][gc] GC(41644) Pause Young (Allocation Failure) 62M->62M(67M) 13.415ms
[2020-08-10T13:05:46.863+0300][1286.407s][info ][gc] GC(41645) Pause Young (Allocation Failure) 63M->63M(67M) 13.662ms
[2020-08-10T13:05:46.877+0300][1286.422s][info ][gc] GC(41646) Pause Young (Allocation Failure) 64M->64M(67M) 13.745ms
[2020-08-10T13:05:46.891+0300][1286.436s][info ][gc] GC(41647) Pause Young (Allocation Failure) 65M->65M(67M) 13.740ms
[2020-08-10T13:05:47.032+0300][1286.577s][debug][gc] GC(41648) Expanding ParOldGen from 67072K by 11264K to 78336K
[2020-08-10T13:05:47.032+0300][1286.577s][info ][gc] GC(41648) Pause Full (Ergonomics) 65M->65M(78M) 140.722ms
[2020-08-10T13:05:47.059+0300][1286.604s][info ][gc] GC(41649) Pause Young (Allocation Failure) 66M->66M(78M) 26.303ms
[2020-08-10T13:05:47.073+0300][1286.618s][info ][gc] GC(41650) Pause Young (Allocation Failure) 67M->67M(78M) 13.701ms
[2020-08-10T13:05:47.087+0300][1286.632s][info ][gc] GC(41651) Pause Young (Allocation Failure) 68M->68M(78M) 13.595ms
[2020-08-10T13:05:47.102+0300][1286.646s][info ][gc] GC(41652) Pause Young (Allocation Failure) 69M->69M(78M) 13.754ms
[2020-08-10T13:05:47.116+0300][1286.660s][info ][gc] GC(41653) Pause Young (Allocation Failure) 70M->70M(78M) 13.663ms
[2020-08-10T13:05:47.130+0300][1286.675s][info ][gc] GC(41654) Pause Young (Allocation Failure) 71M->71M(78M) 13.779ms
[2020-08-10T13:05:47.144+0300][1286.689s][info ][gc] GC(41655) Pause Young (Allocation Failure) 72M->72M(78M) 13.876ms
[2020-08-10T13:05:47.159+0300][1286.703s][info ][gc] GC(41656) Pause Young (Allocation Failure) 73M->73M(78M) 13.724ms
[2020-08-10T13:05:47.173+0300][1286.717s][info ][gc] GC(41657) Pause Young (Allocation Failure) 74M->74M(78M) 13.807ms
[2020-08-10T13:05:47.187+0300][1286.732s][info ][gc] GC(41658) Pause Young (Allocation Failure) 75M->75M(78M) 13.786ms
[2020-08-10T13:05:47.202+0300][1286.746s][info ][gc] GC(41659) Pause Young (Allocation Failure) 76M->76M(78M) 13.825ms
[2020-08-10T13:05:47.216+0300][1286.761s][info ][gc] GC(41660) Pause Young (Allocation Failure) 77M->77M(78M) 13.847ms
[2020-08-10T13:05:47.401+0300][1286.945s][debug][gc] GC(41661) Expanding ParOldGen from 78336K by 11264K to 89600K
[2020-08-10T13:05:47.401+0300][1286.946s][info ][gc] GC(41661) Pause Full (Ergonomics) 77M->76M(89M) 184.788ms
[2020-08-10T13:05:47.435+0300][1286.980s][info ][gc] GC(41662) Pause Young (Allocation Failure) 77M->77M(89M) 33.642ms
[2020-08-10T13:05:47.450+0300][1286.994s][info ][gc] GC(41663) Pause Young (Allocation Failure) 78M->78M(89M) 13.954ms
[2020-08-10T13:05:47.464+0300][1287.008s][info ][gc] GC(41664) Pause Young (Allocation Failure) 79M->79M(89M) 13.731ms
[2020-08-10T13:05:47.478+0300][1287.023s][info ][gc] GC(41665) Pause Young (Allocation Failure) 80M->80M(89M) 13.884ms
[2020-08-10T13:05:47.493+0300][1287.037s][info ][gc] GC(41666) Pause Young (Allocation Failure) 81M->81M(89M) 13.896ms
[2020-08-10T13:05:47.507+0300][1287.052s][info ][gc] GC(41667) Pause Young (Allocation Failure) 82M->82M(89M) 13.878ms
[2020-08-10T13:05:47.521+0300][1287.066s][info ][gc] GC(41668) Pause Young (Allocation Failure) 83M->83M(89M) 13.886ms
[2020-08-10T13:05:47.536+0300][1287.080s][info ][gc] GC(41669) Pause Young (Allocation Failure) 84M->84M(89M) 13.680ms
[2020-08-10T13:05:47.551+0300][1287.095s][info ][gc] GC(41670) Pause Young (Allocation Failure) 85M->85M(89M) 14.339ms
[2020-08-10T13:05:47.565+0300][1287.110s][info ][gc] GC(41671) Pause Young (Allocation Failure) 86M->86M(89M) 14.118ms
[2020-08-10T13:05:47.587+0300][1287.132s][info ][gc] GC(41672) Pause Young (Allocation Failure) 87M->87M(89M) 21.695ms
[2020-08-10T13:05:47.602+0300][1287.146s][info ][gc] GC(41673) Pause Young (Allocation Failure) 88M->88M(89M) 14.083ms
[2020-08-10T13:05:47.807+0300][1287.351s][debug][gc] GC(41674) Expanding ParOldGen from 89600K by 11264K to 100864K
[2020-08-10T13:05:47.807+0300][1287.351s][info ][gc] GC(41674) Pause Full (Ergonomics) 88M->88M(100M) 204.724ms
[2020-08-10T13:05:47.840+0300][1287.385s][info ][gc] GC(41675) Pause Young (Allocation Failure) 89M->89M(100M) 32.831ms
[2020-08-10T13:05:47.855+0300][1287.400s][info ][gc] GC(41676) Pause Young (Allocation Failure) 90M->90M(100M) 14.499ms
[2020-08-10T13:05:47.870+0300][1287.415s][info ][gc] GC(41677) Pause Young (Allocation Failure) 91M->91M(100M) 14.646ms
[2020-08-10T13:05:47.886+0300][1287.430s][info ][gc] GC(41678) Pause Young (Allocation Failure) 92M->92M(100M) 14.705ms
[2020-08-10T13:05:47.901+0300][1287.446s][info ][gc] GC(41679) Pause Young (Allocation Failure) 93M->92M(100M) 14.797ms
[2020-08-10T13:05:47.916+0300][1287.461s][info ][gc] GC(41680) Pause Young (Allocation Failure) 93M->93M(100M) 14.821ms
[2020-08-10T13:05:47.932+0300][1287.476s][info ][gc] GC(41681) Pause Young (Allocation Failure) 94M->94M(100M) 14.966ms
[2020-08-10T13:05:47.948+0300][1287.492s][info ][gc] GC(41682) Pause Young (Allocation Failure) 95M->95M(100M) 15.326ms
[2020-08-10T13:05:47.963+0300][1287.508s][info ][gc] GC(41683) Pause Young (Allocation Failure) 96M->96M(100M) 15.084ms
[2020-08-10T13:05:47.979+0300][1287.523s][info ][gc] GC(41684) Pause Young (Allocation Failure) 97M->97M(100M) 15.165ms
[2020-08-10T13:05:47.995+0300][1287.539s][info ][gc] GC(41685) Pause Young (Allocation Failure) 98M->98M(100M) 15.338ms
[2020-08-10T13:05:48.245+0300][1287.790s][debug][gc] GC(41686) Expanding ParOldGen from 100864K by 11264K to 112128K
[2020-08-10T13:05:48.245+0300][1287.790s][info ][gc] GC(41686) Pause Full (Ergonomics) 98M->98M(111M) 250.294ms
[2020-08-10T13:05:48.296+0300][1287.841s][info ][gc] GC(41687) Pause Young (Allocation Failure) 99M->99M(111M) 50.184ms
[2020-08-10T13:05:48.313+0300][1287.858s][info ][gc] GC(41688) Pause Young (Allocation Failure) 100M->100M(111M) 16.377ms
[2020-08-10T13:05:48.329+0300][1287.874s][info ][gc] GC(41689) Pause Young (Allocation Failure) 101M->101M(111M) 15.662ms
[2020-08-10T13:05:48.344+0300][1287.889s][info ][gc] GC(41690) Pause Young (Allocation Failure) 101M->101M(111M) 14.221ms
[2020-08-10T13:05:48.358+0300][1287.902s][info ][gc] GC(41691) Pause Young (Allocation Failure) 102M->102M(111M) 13.311ms
[2020-08-10T13:05:48.372+0300][1287.916s][info ][gc] GC(41692) Pause Young (Allocation Failure) 102M->102M(111M) 13.490ms
[2020-08-10T13:05:48.386+0300][1287.930s][info ][gc] GC(41693) Pause Young (Allocation Failure) 103M->103M(111M) 13.439ms
[2020-08-10T13:05:48.399+0300][1287.944s][info ][gc] GC(41694) Pause Young (Allocation Failure) 103M->103M(111M) 13.469ms
[2020-08-10T13:05:48.413+0300][1287.958s][info ][gc] GC(41695) Pause Young (Allocation Failure) 104M->104M(111M) 13.458ms
[2020-08-10T13:05:48.427+0300][1287.972s][info ][gc] GC(41696) Pause Young (Allocation Failure) 104M->104M(111M) 13.436ms
[2020-08-10T13:05:48.441+0300][1287.986s][info ][gc] GC(41697) Pause Young (Allocation Failure) 105M->105M(111M) 13.544ms
[2020-08-10T13:05:48.455+0300][1288.000s][info ][gc] GC(41698) Pause Young (Allocation Failure) 105M->105M(111M) 13.484ms
[2020-08-10T13:05:48.469+0300][1288.013s][info ][gc] GC(41699) Pause Young (Allocation Failure) 106M->106M(111M) 13.448ms
[2020-08-10T13:05:48.483+0300][1288.027s][info ][gc] GC(41700) Pause Young (Allocation Failure) 106M->106M(111M) 13.474ms
[2020-08-10T13:05:48.497+0300][1288.041s][info ][gc] GC(41701) Pause Young (Allocation Failure) 106M->106M(111M) 13.554ms
[2020-08-10T13:05:48.510+0300][1288.055s][info ][gc] GC(41702) Pause Young (Allocation Failure) 107M->107M(111M) 13.526ms
[2020-08-10T13:05:48.524+0300][1288.069s][info ][gc] GC(41703) Pause Young (Allocation Failure) 107M->107M(111M) 13.402ms
[2020-08-10T13:05:48.538+0300][1288.083s][info ][gc] GC(41704) Pause Young (Allocation Failure) 108M->108M(111M) 13.492ms
[2020-08-10T13:05:48.552+0300][1288.097s][info ][gc] GC(41705) Pause Young (Allocation Failure) 108M->108M(111M) 13.387ms
[2020-08-10T13:05:48.566+0300][1288.111s][info ][gc] GC(41706) Pause Young (Allocation Failure) 109M->109M(110M) 13.441ms
[2020-08-10T13:05:48.871+0300][1288.416s][debug][gc] GC(41707) Expanding ParOldGen from 112128K by 11264K to 123392K
[2020-08-10T13:05:48.871+0300][1288.416s][info ][gc] GC(41707) Pause Full (Ergonomics) 109M->109M(122M) 305.156ms
[2020-08-10T13:05:48.885+0300][1288.429s][info ][gc] GC(41708) Pause Young (Allocation Failure) 109M->109M(122M) 13.006ms
[2020-08-10T13:05:48.898+0300][1288.443s][info ][gc] GC(41709) Pause Young (Allocation Failure) 110M->110M(122M) 13.246ms
[2020-08-10T13:05:48.912+0300][1288.457s][info ][gc] GC(41710) Pause Young (Allocation Failure) 110M->110M(122M) 13.287ms
[2020-08-10T13:05:48.926+0300][1288.471s][info ][gc] GC(41711) Pause Young (Allocation Failure) 110M->110M(122M) 13.207ms
[2020-08-10T13:05:48.940+0300][1288.485s][info ][gc] GC(41712) Pause Young (Allocation Failure) 111M->111M(122M) 13.664ms
[2020-08-10T13:05:48.954+0300][1288.499s][info ][gc] GC(41713) Pause Young (Allocation Failure) 111M->111M(122M) 13.760ms
[2020-08-10T13:05:48.968+0300][1288.513s][info ][gc] GC(41714) Pause Young (Allocation Failure) 112M->112M(122M) 13.274ms
[2020-08-10T13:05:48.982+0300][1288.527s][info ][gc] GC(41715) Pause Young (Allocation Failure) 112M->112M(122M) 13.964ms
[2020-08-10T13:05:48.996+0300][1288.541s][info ][gc] GC(41716) Pause Young (Allocation Failure) 113M->113M(122M) 13.607ms
[2020-08-10T13:05:49.010+0300][1288.555s][info ][gc] GC(41717) Pause Young (Allocation Failure) 113M->113M(122M) 13.423ms
[2020-08-10T13:05:49.024+0300][1288.569s][info ][gc] GC(41718) Pause Young (Allocation Failure) 114M->114M(122M) 13.491ms
[2020-08-10T13:05:49.039+0300][1288.583s][info ][gc] GC(41719) Pause Young (Allocation Failure) 114M->114M(122M) 13.719ms
[2020-08-10T13:05:49.053+0300][1288.598s][info ][gc] GC(41720) Pause Young (Allocation Failure) 115M->115M(122M) 13.900ms
[2020-08-10T13:05:49.067+0300][1288.612s][info ][gc] GC(41721) Pause Young (Allocation Failure) 115M->115M(122M) 13.730ms
[2020-08-10T13:05:49.081+0300][1288.626s][info ][gc] GC(41722) Pause Young (Allocation Failure) 116M->115M(122M) 13.712ms
[2020-08-10T13:05:49.095+0300][1288.640s][info ][gc] GC(41723) Pause Young (Allocation Failure) 116M->116M(122M) 13.653ms
[2020-08-10T13:05:49.110+0300][1288.654s][info ][gc] GC(41724) Pause Young (Allocation Failure) 116M->116M(122M) 13.801ms
[2020-08-10T13:05:49.124+0300][1288.669s][info ][gc] GC(41725) Pause Young (Allocation Failure) 117M->117M(122M) 13.799ms
[2020-08-10T13:05:49.138+0300][1288.683s][info ][gc] GC(41726) Pause Young (Allocation Failure) 117M->117M(122M) 13.829ms
[2020-08-10T13:05:49.152+0300][1288.697s][info ][gc] GC(41727) Pause Young (Allocation Failure) 118M->118M(122M) 13.778ms
[2020-08-10T13:05:49.167+0300][1288.711s][info ][gc] GC(41728) Pause Young (Allocation Failure) 118M->118M(122M) 13.873ms
[2020-08-10T13:05:49.181+0300][1288.726s][info ][gc] GC(41729) Pause Young (Allocation Failure) 119M->119M(122M) 14.035ms
[2020-08-10T13:05:49.199+0300][1288.743s][info ][gc] GC(41730) Pause Young (Allocation Failure) 119M->119M(122M) 17.020ms
[2020-08-10T13:05:49.213+0300][1288.758s][info ][gc] GC(41731) Pause Young (Allocation Failure) 120M->120M(122M) 14.083ms
[2020-08-10T13:05:49.228+0300][1288.772s][info ][gc] GC(41732) Pause Young (Allocation Failure) 120M->120M(122M) 14.110ms
[2020-08-10T13:05:49.567+0300][1289.111s][debug][gc] GC(41733) Expanding ParOldGen from 123392K by 10752K to 134144K
[2020-08-10T13:05:49.567+0300][1289.111s][info ][gc] GC(41733) Pause Full (Ergonomics) 120M->120M(132M) 338.880ms
[2020-08-10T13:05:49.582+0300][1289.127s][info ][gc] GC(41734) Pause Young (Allocation Failure) 120M->120M(132M) 14.634ms
[2020-08-10T13:05:49.597+0300][1289.141s][info ][gc] GC(41735) Pause Young (Allocation Failure) 121M->121M(132M) 14.276ms
[2020-08-10T13:05:49.611+0300][1289.156s][info ][gc] GC(41736) Pause Young (Allocation Failure) 121M->121M(132M) 14.478ms
[2020-08-10T13:05:49.626+0300][1289.171s][info ][gc] GC(41737) Pause Young (Allocation Failure) 122M->122M(132M) 14.345ms
[2020-08-10T13:05:49.641+0300][1289.185s][info ][gc] GC(41738) Pause Young (Allocation Failure) 122M->122M(132M) 14.408ms
[2020-08-10T13:05:49.656+0300][1289.200s][info ][gc] GC(41739) Pause Young (Allocation Failure) 123M->123M(132M) 14.648ms
[2020-08-10T13:05:49.671+0300][1289.215s][info ][gc] GC(41740) Pause Young (Allocation Failure) 123M->123M(132M) 14.593ms
[2020-08-10T13:05:49.686+0300][1289.231s][info ][gc] GC(41741) Pause Young (Allocation Failure) 124M->124M(132M) 14.730ms
[2020-08-10T13:05:49.701+0300][1289.246s][info ][gc] GC(41742) Pause Young (Allocation Failure) 124M->124M(132M) 14.730ms
[2020-08-10T13:05:49.716+0300][1289.261s][info ][gc] GC(41743) Pause Young (Allocation Failure) 125M->125M(132M) 14.535ms
[2020-08-10T13:05:49.731+0300][1289.276s][info ][gc] GC(41744) Pause Young (Allocation Failure) 125M->125M(132M) 14.806ms
[2020-08-10T13:05:49.746+0300][1289.291s][info ][gc] GC(41745) Pause Young (Allocation Failure) 126M->125M(132M) 14.759ms
[2020-08-10T13:05:49.761+0300][1289.306s][info ][gc] GC(41746) Pause Young (Allocation Failure) 126M->126M(132M) 14.744ms
[2020-08-10T13:05:49.777+0300][1289.322s][info ][gc] GC(41747) Pause Young (Allocation Failure) 126M->126M(132M) 14.909ms
[2020-08-10T13:05:49.792+0300][1289.337s][info ][gc] GC(41748) Pause Young (Allocation Failure) 127M->127M(132M) 14.902ms
[2020-08-10T13:05:49.832+0300][1289.377s][info ][gc] GC(41749) Pause Young (Allocation Failure) 127M->127M(132M) 39.418ms
[2020-08-10T13:05:49.862+0300][1289.406s][info ][gc] GC(41750) Pause Young (Allocation Failure) 128M->128M(132M) 29.391ms
[2020-08-10T13:05:49.900+0300][1289.445s][info ][gc] GC(41751) Pause Young (Allocation Failure) 128M->128M(132M) 38.144ms
[2020-08-10T13:05:49.928+0300][1289.473s][info ][gc] GC(41752) Pause Young (Allocation Failure) 129M->129M(132M) 27.367ms
[2020-08-10T13:05:49.944+0300][1289.488s][info ][gc] GC(41753) Pause Young (Allocation Failure) 129M->129M(132M) 14.939ms
[2020-08-10T13:05:49.959+0300][1289.504s][info ][gc] GC(41754) Pause Young (Allocation Failure) 130M->130M(132M) 15.013ms
[2020-08-10T13:05:49.993+0300][1289.538s][info ][gc] GC(41755) Pause Young (Allocation Failure) 130M->130M(132M) 34.030ms
[2020-08-10T13:05:50.009+0300][1289.553s][info ][gc] GC(41756) Pause Young (Allocation Failure) 130M->130M(132M) 14.931ms
[2020-08-10T13:05:50.024+0300][1289.569s][info ][gc] GC(41757) Pause Young (Allocation Failure) 131M->131M(132M) 14.915ms
[2020-08-10T13:05:50.362+0300][1289.907s][debug][gc] GC(41758) Expanding ParOldGen from 134144K by 10752K to 144896K
[2020-08-10T13:05:50.362+0300][1289.907s][info ][gc] GC(41758) Pause Full (Ergonomics) 131M->131M(143M) 338.129ms
[2020-08-10T13:05:50.395+0300][1289.939s][info ][gc] GC(41759) Pause Young (Allocation Failure) 131M->131M(143M) 32.131ms
[2020-08-10T13:05:50.410+0300][1289.955s][info ][gc] GC(41760) Pause Young (Allocation Failure) 132M->132M(143M) 15.542ms
[2020-08-10T13:05:50.427+0300][1289.971s][info ][gc] GC(41761) Pause Young (Allocation Failure) 132M->132M(143M) 15.804ms
[2020-08-10T13:05:50.443+0300][1289.987s][info ][gc] GC(41762) Pause Young (Allocation Failure) 132M->132M(143M) 15.645ms
[2020-08-10T13:05:50.459+0300][1290.003s][info ][gc] GC(41763) Pause Young (Allocation Failure) 133M->133M(143M) 15.454ms
[2020-08-10T13:05:50.475+0300][1290.019s][info ][gc] GC(41764) Pause Young (Allocation Failure) 133M->133M(143M) 15.746ms
[2020-08-10T13:05:50.491+0300][1290.036s][info ][gc] GC(41765) Pause Young (Allocation Failure) 134M->134M(143M) 16.094ms
[2020-08-10T13:05:50.507+0300][1290.052s][info ][gc] GC(41766) Pause Young (Allocation Failure) 134M->134M(143M) 15.810ms
[2020-08-10T13:05:50.523+0300][1290.068s][info ][gc] GC(41767) Pause Young (Allocation Failure) 135M->135M(143M) 15.638ms
[2020-08-10T13:05:50.539+0300][1290.084s][info ][gc] GC(41768) Pause Young (Allocation Failure) 135M->135M(143M) 15.563ms
[2020-08-10T13:05:50.539+0300][1290.084s][debug][gc] Expanding ParOldGen from 144896K by 19968K to 164864K
[2020-08-10T13:05:50.562+0300][1290.107s][info ][gc] GC(41769) Pause Young (Allocation Failure) 155M->154M(162M) 14.523ms
[2020-08-10T13:05:50.591+0300][1290.136s][info ][gc] GC(41770) Pause Young (Allocation Failure) 155M->155M(162M) 28.240ms
[2020-08-10T13:05:50.605+0300][1290.149s][info ][gc] GC(41771) Pause Young (Allocation Failure) 155M->155M(162M) 13.338ms
[2020-08-10T13:05:50.618+0300][1290.163s][info ][gc] GC(41772) Pause Young (Allocation Failure) 156M->156M(162M) 13.468ms
[2020-08-10T13:05:50.632+0300][1290.177s][info ][gc] GC(41773) Pause Young (Allocation Failure) 156M->156M(162M) 13.375ms
[2020-08-10T13:05:50.646+0300][1290.191s][info ][gc] GC(41774) Pause Young (Allocation Failure) 157M->157M(162M) 13.362ms
[2020-08-10T13:05:50.660+0300][1290.205s][info ][gc] GC(41775) Pause Young (Allocation Failure) 157M->157M(162M) 13.376ms
[2020-08-10T13:05:50.674+0300][1290.218s][info ][gc] GC(41776) Pause Young (Allocation Failure) 158M->158M(162M) 13.370ms
[2020-08-10T13:05:50.687+0300][1290.232s][info ][gc] GC(41777) Pause Young (Allocation Failure) 158M->158M(162M) 13.380ms
[2020-08-10T13:05:50.701+0300][1290.246s][info ][gc] GC(41778) Pause Young (Allocation Failure) 158M->158M(162M) 13.306ms
[2020-08-10T13:05:50.715+0300][1290.260s][info ][gc] GC(41779) Pause Young (Allocation Failure) 159M->159M(162M) 13.462ms
[2020-08-10T13:05:50.729+0300][1290.274s][info ][gc] GC(41780) Pause Young (Allocation Failure) 159M->159M(162M) 13.385ms
[2020-08-10T13:05:50.743+0300][1290.287s][info ][gc] GC(41781) Pause Young (Allocation Failure) 160M->160M(162M) 13.391ms
[2020-08-10T13:05:50.756+0300][1290.301s][info ][gc] GC(41782) Pause Young (Allocation Failure) 160M->160M(162M) 13.377ms
[2020-08-10T13:05:50.770+0300][1290.315s][info ][gc] GC(41783) Pause Young (Allocation Failure) 161M->161M(162M) 13.456ms
[2020-08-10T13:05:50.835+0300][1290.379s][debug][gc] GC(41784) Shrinking ParOldGen from 164864K by 125952K to 38912K
[2020-08-10T13:05:50.835+0300][1290.379s][info ][gc] GC(41784) Pause Full (Ergonomics) 161M->27M(39M) 64.059ms
[2020-08-10T13:05:50.848+0300][1290.392s][info ][gc] GC(41785) Pause Young (Allocation Failure) 27M->27M(39M) 12.601ms
[2020-08-10T13:05:50.861+0300][1290.405s][info ][gc] GC(41786) Pause Young (Allocation Failure) 28M->28M(39M) 12.789ms
[2020-08-10T13:05:50.874+0300][1290.419s][info ][gc] GC(41787) Pause Young (Allocation Failure) 28M->28M(39M) 12.772ms
[2020-08-10T13:05:50.887+0300][1290.432s][info ][gc] GC(41788) Pause Young (Allocation Failure) 29M->29M(39M) 13.270ms
[2020-08-10T13:05:50.901+0300][1290.446s][info ][gc] GC(41789) Pause Young (Allocation Failure) 30M->30M(39M) 13.226ms
[2020-08-10T13:05:50.915+0300][1290.460s][info ][gc] GC(41790) Pause Young (Allocation Failure) 31M->31M(40M) 13.267ms
[2020-08-10T13:05:50.929+0300][1290.474s][info ][gc] GC(41791) Pause Young (Allocation Failure) 32M->32M(40M) 13.519ms
[2020-08-10T13:05:50.943+0300][1290.488s][info ][gc] GC(41792) Pause Young (Allocation Failure) 33M->33M(40M) 13.511ms
[2020-08-10T13:05:50.957+0300][1290.502s][info ][gc] GC(41793) Pause Young (Allocation Failure) 34M->33M(40M) 13.446ms
[2020-08-10T13:05:50.971+0300][1290.516s][info ][gc] GC(41794) Pause Young (Allocation Failure) 34M->34M(40M) 13.420ms
[2020-08-10T13:05:50.985+0300][1290.530s][info ][gc] GC(41795) Pause Young (Allocation Failure) 35M->35M(40M) 13.479ms
[2020-08-10T13:05:50.999+0300][1290.544s][info ][gc] GC(41796) Pause Young (Allocation Failure) 36M->36M(40M) 13.610ms
[2020-08-10T13:05:51.013+0300][1290.558s][info ][gc] GC(41797) Pause Young (Allocation Failure) 37M->37M(40M) 13.422ms
[2020-08-10T13:05:51.027+0300][1290.572s][info ][gc] GC(41798) Pause Young (Allocation Failure) 38M->38M(40M) 13.524ms
[2020-08-10T13:05:51.097+0300][1290.642s][debug][gc] GC(41799) Expanding ParOldGen from 38912K by 11264K to 50176K
[2020-08-10T13:05:51.097+0300][1290.642s][info ][gc] GC(41799) Pause Full (Ergonomics) 38M->38M(51M) 69.812ms
[2020-08-10T13:05:51.116+0300][1290.661s][info ][gc] GC(41800) Pause Young (Allocation Failure) 39M->39M(51M) 17.416ms
[2020-08-10T13:05:51.130+0300][1290.675s][info ][gc] GC(41801) Pause Young (Allocation Failure) 40M->40M(51M) 13.625ms
[2020-08-10T13:05:51.144+0300][1290.689s][info ][gc] GC(41802) Pause Young (Allocation Failure) 41M->41M(51M) 13.496ms
[2020-08-10T13:05:51.158+0300][1290.703s][info ][gc] GC(41803) Pause Young (Allocation Failure) 42M->42M(51M) 13.473ms
[2020-08-10T13:05:51.172+0300][1290.717s][info ][gc] GC(41804) Pause Young (Allocation Failure) 43M->43M(51M) 13.524ms
[2020-08-10T13:05:51.186+0300][1290.731s][info ][gc] GC(41805) Pause Young (Allocation Failure) 44M->44M(51M) 13.594ms
[2020-08-10T13:05:51.200+0300][1290.745s][info ][gc] GC(41806) Pause Young (Allocation Failure) 45M->44M(51M) 13.414ms
[2020-08-10T13:05:51.214+0300][1290.759s][info ][gc] GC(41807) Pause Young (Allocation Failure) 45M->45M(51M) 13.492ms
[2020-08-10T13:05:51.228+0300][1290.773s][info ][gc] GC(41808) Pause Young (Allocation Failure) 46M->46M(51M) 13.596ms
[2020-08-10T13:05:51.242+0300][1290.787s][info ][gc] GC(41809) Pause Young (Allocation Failure) 47M->47M(51M) 13.598ms
[2020-08-10T13:05:51.257+0300][1290.801s][info ][gc] GC(41810) Pause Young (Allocation Failure) 48M->48M(51M) 13.582ms
[2020-08-10T13:05:51.351+0300][1290.896s][debug][gc] GC(41811) Expanding ParOldGen from 50176K by 11264K to 61440K
[2020-08-10T13:05:51.352+0300][1290.896s][info ][gc] GC(41811) Pause Full (Ergonomics) 48M->48M(62M) 94.822ms
[2020-08-10T13:05:51.365+0300][1290.910s][info ][gc] GC(41812) Pause Young (Allocation Failure) 49M->49M(62M) 13.070ms
[2020-08-10T13:05:51.379+0300][1290.924s][info ][gc] GC(41813) Pause Young (Allocation Failure) 50M->50M(62M) 13.424ms
[2020-08-10T13:05:51.393+0300][1290.938s][info ][gc] GC(41814) Pause Young (Allocation Failure) 51M->51M(62M) 13.541ms
[2020-08-10T13:05:51.407+0300][1290.952s][info ][gc] GC(41815) Pause Young (Allocation Failure) 52M->52M(62M) 13.420ms
[2020-08-10T13:05:51.421+0300][1290.966s][info ][gc] GC(41816) Pause Young (Allocation Failure) 53M->53M(62M) 13.459ms
[2020-08-10T13:05:51.435+0300][1290.980s][info ][gc] GC(41817) Pause Young (Allocation Failure) 54M->54M(62M) 13.358ms
[2020-08-10T13:05:51.449+0300][1290.994s][info ][gc] GC(41818) Pause Young (Allocation Failure) 55M->55M(62M) 13.580ms
[2020-08-10T13:05:51.463+0300][1291.008s][info ][gc] GC(41819) Pause Young (Allocation Failure) 56M->56M(62M) 13.597ms
[2020-08-10T13:05:51.477+0300][1291.022s][info ][gc] GC(41820) Pause Young (Allocation Failure) 57M->57M(62M) 13.584ms
[2020-08-10T13:05:51.491+0300][1291.036s][info ][gc] GC(41821) Pause Young (Allocation Failure) 58M->58M(62M) 13.588ms
[2020-08-10T13:05:51.506+0300][1291.051s][info ][gc] GC(41822) Pause Young (Allocation Failure) 59M->59M(62M) 13.642ms
[2020-08-10T13:05:51.520+0300][1291.065s][info ][gc] GC(41823) Pause Young (Allocation Failure) 60M->60M(62M) 13.650ms
[2020-08-10T13:05:51.648+0300][1291.193s][debug][gc] GC(41824) Expanding ParOldGen from 61440K by 11776K to 73216K
[2020-08-10T13:05:51.648+0300][1291.193s][info ][gc] GC(41824) Pause Full (Ergonomics) 60M->59M(74M) 127.864ms
[2020-08-10T13:05:51.661+0300][1291.206s][info ][gc] GC(41825) Pause Young (Allocation Failure) 60M->60M(74M) 12.810ms
[2020-08-10T13:05:51.675+0300][1291.220s][info ][gc] GC(41826) Pause Young (Allocation Failure) 61M->61M(74M) 13.391ms
[2020-08-10T13:05:51.689+0300][1291.234s][info ][gc] GC(41827) Pause Young (Allocation Failure) 62M->62M(74M) 13.298ms
[2020-08-10T13:05:51.703+0300][1291.248s][info ][gc] GC(41828) Pause Young (Allocation Failure) 63M->63M(74M) 13.500ms
[2020-08-10T13:05:51.717+0300][1291.262s][info ][gc] GC(41829) Pause Young (Allocation Failure) 64M->64M(74M) 13.649ms
[2020-08-10T13:05:51.731+0300][1291.276s][info ][gc] GC(41830) Pause Young (Allocation Failure) 65M->65M(74M) 13.584ms
[2020-08-10T13:05:51.745+0300][1291.290s][info ][gc] GC(41831) Pause Young (Allocation Failure) 66M->66M(74M) 13.523ms
[2020-08-10T13:05:51.759+0300][1291.304s][info ][gc] GC(41832) Pause Young (Allocation Failure) 67M->67M(74M) 13.661ms
[2020-08-10T13:05:51.774+0300][1291.318s][info ][gc] GC(41833) Pause Young (Allocation Failure) 68M->68M(74M) 13.533ms
[2020-08-10T13:05:51.787+0300][1291.332s][info ][gc] GC(41834) Pause Young (Allocation Failure) 69M->69M(74M) 13.463ms
[2020-08-10T13:05:51.801+0300][1291.346s][info ][gc] GC(41835) Pause Young (Allocation Failure) 70M->70M(74M) 13.472ms
[2020-08-10T13:05:51.815+0300][1291.360s][info ][gc] GC(41836) Pause Young (Allocation Failure) 71M->71M(74M) 13.485ms
[2020-08-10T13:05:51.974+0300][1291.519s][debug][gc] GC(41837) Expanding ParOldGen from 73216K by 11264K to 84480K
[2020-08-10T13:05:51.975+0300][1291.519s][info ][gc] GC(41837) Pause Full (Ergonomics) 71M->71M(85M) 158.950ms
[2020-08-10T13:05:51.988+0300][1291.533s][info ][gc] GC(41838) Pause Young (Allocation Failure) 72M->72M(85M) 13.059ms
[2020-08-10T13:05:52.002+0300][1291.547s][info ][gc] GC(41839) Pause Young (Allocation Failure) 73M->73M(85M) 13.572ms
[2020-08-10T13:05:52.016+0300][1291.561s][info ][gc] GC(41840) Pause Young (Allocation Failure) 74M->74M(85M) 13.534ms
[2020-08-10T13:05:52.030+0300][1291.575s][info ][gc] GC(41841) Pause Young (Allocation Failure) 75M->75M(85M) 13.398ms
[2020-08-10T13:05:52.044+0300][1291.589s][info ][gc] GC(41842) Pause Young (Allocation Failure) 76M->75M(85M) 13.466ms
[2020-08-10T13:05:52.058+0300][1291.603s][info ][gc] GC(41843) Pause Young (Allocation Failure) 76M->76M(85M) 13.603ms
[2020-08-10T13:05:52.072+0300][1291.617s][info ][gc] GC(41844) Pause Young (Allocation Failure) 77M->77M(85M) 13.339ms
[2020-08-10T13:05:52.086+0300][1291.631s][info ][gc] GC(41845) Pause Young (Allocation Failure) 78M->78M(85M) 13.558ms
[2020-08-10T13:05:52.100+0300][1291.645s][info ][gc] GC(41846) Pause Young (Allocation Failure) 79M->79M(85M) 13.576ms
[2020-08-10T13:05:52.114+0300][1291.659s][info ][gc] GC(41847) Pause Young (Allocation Failure) 80M->80M(85M) 13.606ms
[2020-08-10T13:05:52.129+0300][1291.674s][info ][gc] GC(41848) Pause Young (Allocation Failure) 81M->81M(84M) 13.847ms
[2020-08-10T13:05:52.143+0300][1291.688s][info ][gc] GC(41849) Pause Young (Allocation Failure) 82M->82M(84M) 14.029ms
[2020-08-10T13:05:52.330+0300][1291.875s][debug][gc] GC(41850) Expanding ParOldGen from 84480K by 11264K to 95744K
[2020-08-10T13:05:52.330+0300][1291.875s][info ][gc] GC(41850) Pause Full (Ergonomics) 82M->82M(95M) 186.342ms
[2020-08-10T13:05:52.363+0300][1291.908s][info ][gc] GC(41851) Pause Young (Allocation Failure) 83M->83M(95M) 32.863ms
[2020-08-10T13:05:52.377+0300][1291.922s][info ][gc] GC(41852) Pause Young (Allocation Failure) 84M->84M(95M) 13.858ms
[2020-08-10T13:05:52.392+0300][1291.937s][info ][gc] GC(41853) Pause Young (Allocation Failure) 85M->85M(95M) 13.898ms
[2020-08-10T13:05:52.406+0300][1291.951s][info ][gc] GC(41854) Pause Young (Allocation Failure) 86M->86M(95M) 13.861ms
[2020-08-10T13:05:52.421+0300][1291.965s][info ][gc] GC(41855) Pause Young (Allocation Failure) 87M->87M(95M) 14.229ms
[2020-08-10T13:05:52.436+0300][1291.981s][info ][gc] GC(41856) Pause Young (Allocation Failure) 88M->88M(95M) 14.452ms
[2020-08-10T13:05:52.451+0300][1291.996s][info ][gc] GC(41857) Pause Young (Allocation Failure) 89M->89M(95M) 14.614ms
[2020-08-10T13:05:52.466+0300][1292.011s][info ][gc] GC(41858) Pause Young (Allocation Failure) 90M->90M(95M) 14.436ms
[2020-08-10T13:05:52.481+0300][1292.026s][info ][gc] GC(41859) Pause Young (Allocation Failure) 91M->91M(95M) 14.556ms
[2020-08-10T13:05:52.496+0300][1292.041s][info ][gc] GC(41860) Pause Young (Allocation Failure) 92M->92M(95M) 14.744ms
[2020-08-10T13:05:52.511+0300][1292.056s][info ][gc] GC(41861) Pause Young (Allocation Failure) 93M->92M(95M) 14.672ms
[2020-08-10T13:05:52.527+0300][1292.072s][info ][gc] GC(41862) Pause Young (Allocation Failure) 93M->93M(95M) 14.885ms
[2020-08-10T13:05:52.752+0300][1292.296s][debug][gc] GC(41863) Expanding ParOldGen from 95744K by 11264K to 107008K
[2020-08-10T13:05:52.752+0300][1292.297s][info ][gc] GC(41863) Pause Full (Ergonomics) 93M->93M(106M) 224.903ms
[2020-08-10T13:05:52.786+0300][1292.330s][info ][gc] GC(41864) Pause Young (Allocation Failure) 94M->94M(106M) 33.266ms
[2020-08-10T13:05:52.801+0300][1292.346s][info ][gc] GC(41865) Pause Young (Allocation Failure) 95M->95M(106M) 15.020ms
[2020-08-10T13:05:52.817+0300][1292.362s][info ][gc] GC(41866) Pause Young (Allocation Failure) 96M->96M(106M) 15.004ms
[2020-08-10T13:05:52.832+0300][1292.377s][info ][gc] GC(41867) Pause Young (Allocation Failure) 97M->97M(106M) 15.096ms
[2020-08-10T13:05:52.848+0300][1292.393s][info ][gc] GC(41868) Pause Young (Allocation Failure) 98M->98M(106M) 15.060ms
[2020-08-10T13:05:52.864+0300][1292.409s][info ][gc] GC(41869) Pause Young (Allocation Failure) 99M->99M(106M) 15.544ms
[2020-08-10T13:05:52.880+0300][1292.425s][info ][gc] GC(41870) Pause Young (Allocation Failure) 100M->100M(106M) 15.735ms
[2020-08-10T13:05:52.896+0300][1292.441s][info ][gc] GC(41871) Pause Young (Allocation Failure) 101M->101M(106M) 15.558ms
[2020-08-10T13:05:52.912+0300][1292.457s][info ][gc] GC(41872) Pause Young (Allocation Failure) 102M->102M(106M) 15.555ms
[2020-08-10T13:05:52.928+0300][1292.473s][info ][gc] GC(41873) Pause Young (Allocation Failure) 103M->103M(106M) 15.661ms
[2020-08-10T13:05:52.945+0300][1292.489s][info ][gc] GC(41874) Pause Young (Allocation Failure) 104M->104M(106M) 15.701ms
[2020-08-10T13:05:52.961+0300][1292.506s][info ][gc] GC(41875) Pause Young (Allocation Failure) 105M->105M(106M) 15.776ms
[2020-08-10T13:05:53.214+0300][1292.758s][debug][gc] GC(41876) Expanding ParOldGen from 107008K by 11264K to 118272K
[2020-08-10T13:05:53.214+0300][1292.759s][info ][gc] GC(41876) Pause Full (Ergonomics) 105M->105M(117M) 252.674ms
[2020-08-10T13:05:53.251+0300][1292.796s][info ][gc] GC(41877) Pause Young (Allocation Failure) 106M->106M(117M) 36.917ms
[2020-08-10T13:05:53.268+0300][1292.813s][info ][gc] GC(41878) Pause Young (Allocation Failure) 107M->106M(117M) 15.973ms
[2020-08-10T13:05:53.284+0300][1292.829s][info ][gc] GC(41879) Pause Young (Allocation Failure) 107M->107M(117M) 16.149ms
[2020-08-10T13:05:53.302+0300][1292.847s][info ][gc] GC(41880) Pause Young (Allocation Failure) 108M->108M(117M) 16.610ms
[2020-08-10T13:05:53.318+0300][1292.863s][info ][gc] GC(41881) Pause Young (Allocation Failure) 109M->109M(117M) 16.283ms
[2020-08-10T13:05:53.335+0300][1292.880s][info ][gc] GC(41882) Pause Young (Allocation Failure) 110M->110M(117M) 16.562ms
[2020-08-10T13:05:53.352+0300][1292.897s][info ][gc] GC(41883) Pause Young (Allocation Failure) 111M->111M(117M) 16.260ms
[2020-08-10T13:05:53.369+0300][1292.914s][info ][gc] GC(41884) Pause Young (Allocation Failure) 112M->112M(117M) 16.349ms
[2020-08-10T13:05:53.387+0300][1292.932s][info ][gc] GC(41885) Pause Young (Allocation Failure) 113M->113M(117M) 16.790ms
[2020-08-10T13:05:53.404+0300][1292.949s][info ][gc] GC(41886) Pause Young (Allocation Failure) 114M->114M(117M) 16.556ms
[2020-08-10T13:05:53.421+0300][1292.966s][info ][gc] GC(41887) Pause Young (Allocation Failure) 115M->115M(117M) 16.821ms
[2020-08-10T13:05:53.701+0300][1293.245s][debug][gc] GC(41888) Expanding ParOldGen from 118272K by 11264K to 129536K
[2020-08-10T13:05:53.701+0300][1293.246s][info ][gc] GC(41888) Pause Full (Ergonomics) 115M->115M(128M) 279.386ms
[2020-08-10T13:05:53.716+0300][1293.261s][info ][gc] GC(41889) Pause Young (Allocation Failure) 116M->116M(128M) 14.740ms
[2020-08-10T13:05:53.734+0300][1293.279s][info ][gc] GC(41890) Pause Young (Allocation Failure) 117M->117M(128M) 17.214ms
[2020-08-10T13:05:53.751+0300][1293.296s][info ][gc] GC(41891) Pause Young (Allocation Failure) 118M->118M(128M) 16.706ms
[2020-08-10T13:05:53.769+0300][1293.313s][info ][gc] GC(41892) Pause Young (Allocation Failure) 119M->119M(129M) 17.043ms
[2020-08-10T13:05:53.786+0300][1293.331s][info ][gc] GC(41893) Pause Young (Allocation Failure) 120M->120M(129M) 17.103ms
[2020-08-10T13:05:53.804+0300][1293.349s][info ][gc] GC(41894) Pause Young (Allocation Failure) 121M->121M(129M) 17.548ms
[2020-08-10T13:05:53.822+0300][1293.367s][info ][gc] GC(41895) Pause Young (Allocation Failure) 122M->122M(129M) 17.664ms
[2020-08-10T13:05:53.840+0300][1293.385s][info ][gc] GC(41896) Pause Young (Allocation Failure) 123M->123M(129M) 17.157ms
[2020-08-10T13:05:53.858+0300][1293.403s][info ][gc] GC(41897) Pause Young (Allocation Failure) 124M->124M(129M) 18.030ms
[2020-08-10T13:05:53.876+0300][1293.421s][info ][gc] GC(41898) Pause Young (Allocation Failure) 125M->124M(129M) 17.346ms
[2020-08-10T13:05:53.894+0300][1293.439s][info ][gc] GC(41899) Pause Young (Allocation Failure) 125M->125M(129M) 17.871ms
[2020-08-10T13:05:53.912+0300][1293.457s][info ][gc] GC(41900) Pause Young (Allocation Failure) 126M->126M(129M) 17.630ms
[2020-08-10T13:05:54.241+0300][1293.786s][debug][gc] GC(41901) Expanding ParOldGen from 129536K by 11264K to 140800K
[2020-08-10T13:05:54.242+0300][1293.787s][info ][gc] GC(41901) Pause Full (Ergonomics) 126M->126M(140M) 329.230ms
[2020-08-10T13:05:54.275+0300][1293.820s][info ][gc] GC(41902) Pause Young (Allocation Failure) 127M->127M(140M) 33.005ms
[2020-08-10T13:05:54.296+0300][1293.841s][info ][gc] GC(41903) Pause Young (Allocation Failure) 128M->128M(140M) 20.820ms
[2020-08-10T13:05:54.315+0300][1293.860s][info ][gc] GC(41904) Pause Young (Allocation Failure) 129M->129M(140M) 18.168ms
[2020-08-10T13:05:54.333+0300][1293.878s][info ][gc] GC(41905) Pause Young (Allocation Failure) 130M->130M(140M) 17.733ms
[2020-08-10T13:05:54.352+0300][1293.897s][info ][gc] GC(41906) Pause Young (Allocation Failure) 131M->131M(140M) 18.173ms
[2020-08-10T13:05:54.370+0300][1293.915s][info ][gc] GC(41907) Pause Young (Allocation Failure) 132M->132M(140M) 18.040ms
[2020-08-10T13:05:54.388+0300][1293.933s][info ][gc] GC(41908) Pause Young (Allocation Failure) 133M->133M(140M) 18.039ms
[2020-08-10T13:05:54.407+0300][1293.952s][info ][gc] GC(41909) Pause Young (Allocation Failure) 134M->134M(140M) 18.352ms
[2020-08-10T13:05:54.463+0300][1294.008s][info ][gc] GC(41910) Pause Young (Allocation Failure) 135M->135M(140M) 55.308ms
[2020-08-10T13:05:54.463+0300][1294.008s][debug][gc] Expanding ParOldGen from 140800K by 19968K to 160768K
[2020-08-10T13:05:54.496+0300][1294.041s][info ][gc] GC(41911) Pause Young (Allocation Failure) 155M->155M(159M) 17.056ms
[2020-08-10T13:05:54.514+0300][1294.059s][info ][gc] GC(41912) Pause Young (Allocation Failure) 156M->156M(159M) 17.216ms
[2020-08-10T13:05:54.528+0300][1294.073s][info ][gc] GC(41913) Pause Young (Allocation Failure) 157M->157M(159M) 13.950ms
[2020-08-10T13:05:54.563+0300][1294.108s][debug][gc] GC(41914) Shrinking ParOldGen from 160768K by 124928K to 35840K
[2020-08-10T13:05:54.563+0300][1294.108s][info ][gc] GC(41914) Pause Full (Ergonomics) 157M->23M(37M) 34.979ms
[2020-08-10T13:05:54.577+0300][1294.122s][info ][gc] GC(41915) Pause Young (Allocation Failure) 24M->24M(37M) 13.064ms
[2020-08-10T13:05:54.596+0300][1294.141s][info ][gc] GC(41916) Pause Young (Allocation Failure) 25M->25M(37M) 18.728ms
[2020-08-10T13:05:54.610+0300][1294.155s][info ][gc] GC(41917) Pause Young (Allocation Failure) 26M->26M(37M) 13.528ms
[2020-08-10T13:05:54.624+0300][1294.169s][info ][gc] GC(41918) Pause Young (Allocation Failure) 27M->27M(37M) 13.477ms
[2020-08-10T13:05:54.638+0300][1294.183s][info ][gc] GC(41919) Pause Young (Allocation Failure) 28M->28M(37M) 13.369ms
[2020-08-10T13:05:54.652+0300][1294.197s][info ][gc] GC(41920) Pause Young (Allocation Failure) 29M->29M(37M) 13.177ms
[2020-08-10T13:05:54.666+0300][1294.210s][info ][gc] GC(41921) Pause Young (Allocation Failure) 30M->30M(37M) 13.378ms
[2020-08-10T13:05:54.679+0300][1294.224s][info ][gc] GC(41922) Pause Young (Allocation Failure) 31M->31M(37M) 13.327ms
[2020-08-10T13:05:54.693+0300][1294.238s][info ][gc] GC(41923) Pause Young (Allocation Failure) 32M->32M(37M) 13.311ms
[2020-08-10T13:05:54.707+0300][1294.252s][info ][gc] GC(41924) Pause Young (Allocation Failure) 33M->33M(37M) 13.292ms
[2020-08-10T13:05:54.720+0300][1294.265s][info ][gc] GC(41925) Pause Young (Allocation Failure) 34M->34M(37M) 13.229ms
[2020-08-10T13:05:54.734+0300][1294.279s][info ][gc] GC(41926) Pause Young (Allocation Failure) 35M->34M(37M) 13.560ms
[2020-08-10T13:05:54.811+0300][1294.356s][debug][gc] GC(41927) Expanding ParOldGen from 35840K by 11264K to 47104K
[2020-08-10T13:05:54.811+0300][1294.356s][info ][gc] GC(41927) Pause Full (Ergonomics) 34M->34M(47M) 77.256ms
[2020-08-10T13:05:54.843+0300][1294.388s][info ][gc] GC(41928) Pause Young (Allocation Failure) 35M->35M(48M) 31.223ms
[2020-08-10T13:05:54.859+0300][1294.404s][info ][gc] GC(41929) Pause Young (Allocation Failure) 36M->36M(48M) 15.162ms
[2020-08-10T13:05:54.874+0300][1294.419s][info ][gc] GC(41930) Pause Young (Allocation Failure) 37M->37M(48M) 14.642ms
[2020-08-10T13:05:54.899+0300][1294.444s][info ][gc] GC(41931) Pause Young (Allocation Failure) 38M->38M(48M) 24.354ms
[2020-08-10T13:05:54.913+0300][1294.458s][info ][gc] GC(41932) Pause Young (Allocation Failure) 39M->39M(48M) 13.857ms
[2020-08-10T13:05:54.928+0300][1294.473s][info ][gc] GC(41933) Pause Young (Allocation Failure) 40M->40M(48M) 13.658ms
[2020-08-10T13:05:54.942+0300][1294.487s][info ][gc] GC(41934) Pause Young (Allocation Failure) 41M->41M(48M) 13.921ms
[2020-08-10T13:05:54.960+0300][1294.505s][info ][gc] GC(41935) Pause Young (Allocation Failure) 42M->42M(48M) 17.846ms
[2020-08-10T13:05:54.975+0300][1294.520s][info ][gc] GC(41936) Pause Young (Allocation Failure) 43M->43M(48M) 13.995ms
[2020-08-10T13:05:54.989+0300][1294.534s][info ][gc] GC(41937) Pause Young (Allocation Failure) 44M->44M(48M) 13.885ms
[2020-08-10T13:05:55.004+0300][1294.549s][info ][gc] GC(41938) Pause Young (Allocation Failure) 45M->45M(48M) 13.875ms
[2020-08-10T13:05:55.018+0300][1294.563s][info ][gc] GC(41939) Pause Young (Allocation Failure) 46M->46M(48M) 13.720ms
[2020-08-10T13:05:55.111+0300][1294.656s][debug][gc] GC(41940) Expanding ParOldGen from 47104K by 11264K to 58368K
[2020-08-10T13:05:55.111+0300][1294.656s][info ][gc] GC(41940) Pause Full (Ergonomics) 46M->46M(59M) 93.115ms
[2020-08-10T13:05:55.132+0300][1294.677s][info ][gc] GC(41941) Pause Young (Allocation Failure) 47M->47M(59M) 20.007ms
[2020-08-10T13:05:55.147+0300][1294.692s][info ][gc] GC(41942) Pause Young (Allocation Failure) 48M->48M(59M) 14.198ms
[2020-08-10T13:05:55.161+0300][1294.706s][info ][gc] GC(41943) Pause Young (Allocation Failure) 49M->48M(59M) 13.862ms
[2020-08-10T13:05:55.176+0300][1294.721s][info ][gc] GC(41944) Pause Young (Allocation Failure) 49M->49M(59M) 14.042ms
[2020-08-10T13:05:55.190+0300][1294.735s][info ][gc] GC(41945) Pause Young (Allocation Failure) 50M->50M(59M) 14.152ms
[2020-08-10T13:05:55.205+0300][1294.750s][info ][gc] GC(41946) Pause Young (Allocation Failure) 51M->51M(59M) 14.179ms
[2020-08-10T13:05:55.220+0300][1294.765s][info ][gc] GC(41947) Pause Young (Allocation Failure) 52M->52M(59M) 13.929ms
[2020-08-10T13:05:55.234+0300][1294.779s][info ][gc] GC(41948) Pause Young (Allocation Failure) 53M->53M(59M) 13.968ms
[2020-08-10T13:05:55.248+0300][1294.793s][info ][gc] GC(41949) Pause Young (Allocation Failure) 54M->54M(59M) 13.831ms
[2020-08-10T13:05:55.263+0300][1294.808s][info ][gc] GC(41950) Pause Young (Allocation Failure) 55M->55M(59M) 13.858ms
[2020-08-10T13:05:55.278+0300][1294.823s][info ][gc] GC(41951) Pause Young (Allocation Failure) 56M->56M(59M) 13.995ms
[2020-08-10T13:05:55.292+0300][1294.837s][info ][gc] GC(41952) Pause Young (Allocation Failure) 57M->57M(59M) 14.001ms
[2020-08-10T13:05:55.424+0300][1294.969s][debug][gc] GC(41953) Expanding ParOldGen from 58368K by 11776K to 70144K
[2020-08-10T13:05:55.425+0300][1294.970s][info ][gc] GC(41953) Pause Full (Ergonomics) 57M->57M(70M) 132.192ms
[2020-08-10T13:05:55.449+0300][1294.994s][info ][gc] GC(41954) Pause Young (Allocation Failure) 58M->58M(70M) 23.730ms
[2020-08-10T13:05:55.464+0300][1295.009s][info ][gc] GC(41955) Pause Young (Allocation Failure) 59M->59M(70M) 14.204ms
[2020-08-10T13:05:55.478+0300][1295.023s][info ][gc] GC(41956) Pause Young (Allocation Failure) 60M->60M(70M) 13.910ms
[2020-08-10T13:05:55.492+0300][1295.037s][info ][gc] GC(41957) Pause Young (Allocation Failure) 61M->61M(70M) 13.935ms
[2020-08-10T13:05:55.507+0300][1295.052s][info ][gc] GC(41958) Pause Young (Allocation Failure) 62M->62M(70M) 13.937ms
[2020-08-10T13:05:55.521+0300][1295.066s][info ][gc] GC(41959) Pause Young (Allocation Failure) 63M->63M(70M) 14.053ms
[2020-08-10T13:05:55.536+0300][1295.081s][info ][gc] GC(41960) Pause Young (Allocation Failure) 64M->64M(70M) 14.255ms
[2020-08-10T13:05:55.551+0300][1295.096s][info ][gc] GC(41961) Pause Young (Allocation Failure) 65M->65M(70M) 14.184ms
[2020-08-10T13:05:55.565+0300][1295.110s][info ][gc] GC(41962) Pause Young (Allocation Failure) 66M->66M(70M) 14.000ms
[2020-08-10T13:05:55.592+0300][1295.137s][info ][gc] GC(41963) Pause Young (Allocation Failure) 67M->66M(70M) 26.409ms
[2020-08-10T13:05:55.607+0300][1295.152s][info ][gc] GC(41964) Pause Young (Allocation Failure) 67M->67M(70M) 14.078ms
[2020-08-10T13:05:55.621+0300][1295.166s][info ][gc] GC(41965) Pause Young (Allocation Failure) 68M->68M(70M) 14.129ms
[2020-08-10T13:05:55.774+0300][1295.319s][debug][gc] GC(41966) Expanding ParOldGen from 70144K by 11264K to 81408K
[2020-08-10T13:05:55.774+0300][1295.319s][info ][gc] GC(41966) Pause Full (Ergonomics) 68M->68M(81M) 152.288ms
[2020-08-10T13:05:55.803+0300][1295.348s][info ][gc] GC(41967) Pause Young (Allocation Failure) 69M->69M(81M) 28.554ms
[2020-08-10T13:05:55.818+0300][1295.363s][info ][gc] GC(41968) Pause Young (Allocation Failure) 70M->70M(81M) 14.147ms
[2020-08-10T13:05:55.833+0300][1295.378s][info ][gc] GC(41969) Pause Young (Allocation Failure) 71M->71M(81M) 14.202ms
[2020-08-10T13:05:55.847+0300][1295.392s][info ][gc] GC(41970) Pause Young (Allocation Failure) 72M->72M(81M) 14.295ms
[2020-08-10T13:05:55.862+0300][1295.407s][info ][gc] GC(41971) Pause Young (Allocation Failure) 73M->73M(81M) 14.397ms
[2020-08-10T13:05:55.877+0300][1295.422s][info ][gc] GC(41972) Pause Young (Allocation Failure) 74M->74M(81M) 14.234ms
[2020-08-10T13:05:55.892+0300][1295.437s][info ][gc] GC(41973) Pause Young (Allocation Failure) 75M->75M(81M) 14.184ms
[2020-08-10T13:05:55.907+0300][1295.452s][info ][gc] GC(41974) Pause Young (Allocation Failure) 76M->76M(81M) 14.128ms
[2020-08-10T13:05:55.921+0300][1295.466s][info ][gc] GC(41975) Pause Young (Allocation Failure) 77M->77M(81M) 14.235ms
[2020-08-10T13:05:55.936+0300][1295.481s][info ][gc] GC(41976) Pause Young (Allocation Failure) 78M->78M(81M) 14.225ms
[2020-08-10T13:05:55.951+0300][1295.496s][info ][gc] GC(41977) Pause Young (Allocation Failure) 79M->79M(81M) 14.235ms
[2020-08-10T13:05:55.966+0300][1295.511s][info ][gc] GC(41978) Pause Young (Allocation Failure) 80M->80M(81M) 14.390ms
[2020-08-10T13:05:56.198+0300][1295.743s][debug][gc] GC(41979) Expanding ParOldGen from 81408K by 11264K to 92672K
[2020-08-10T13:05:56.198+0300][1295.743s][info ][gc] GC(41979) Pause Full (Ergonomics) 80M->80M(92M) 231.993ms
[2020-08-10T13:05:56.231+0300][1295.776s][info ][gc] GC(41980) Pause Young (Allocation Failure) 81M->80M(92M) 32.909ms
[2020-08-10T13:05:56.246+0300][1295.791s][info ][gc] GC(41981) Pause Young (Allocation Failure) 81M->81M(92M) 14.449ms
[2020-08-10T13:05:56.262+0300][1295.807s][info ][gc] GC(41982) Pause Young (Allocation Failure) 82M->82M(92M) 14.518ms
[2020-08-10T13:05:56.277+0300][1295.822s][info ][gc] GC(41983) Pause Young (Allocation Failure) 83M->83M(92M) 14.423ms
[2020-08-10T13:05:56.292+0300][1295.837s][info ][gc] GC(41984) Pause Young (Allocation Failure) 84M->84M(92M) 14.532ms
[2020-08-10T13:05:56.307+0300][1295.852s][info ][gc] GC(41985) Pause Young (Allocation Failure) 85M->85M(92M) 14.585ms
[2020-08-10T13:05:56.322+0300][1295.867s][info ][gc] GC(41986) Pause Young (Allocation Failure) 86M->86M(92M) 15.093ms
[2020-08-10T13:05:56.338+0300][1295.883s][info ][gc] GC(41987) Pause Young (Allocation Failure) 87M->87M(92M) 14.962ms
[2020-08-10T13:05:56.353+0300][1295.898s][info ][gc] GC(41988) Pause Young (Allocation Failure) 88M->88M(92M) 14.836ms
[2020-08-10T13:05:56.369+0300][1295.914s][info ][gc] GC(41989) Pause Young (Allocation Failure) 89M->89M(92M) 15.034ms
[2020-08-10T13:05:56.384+0300][1295.929s][info ][gc] GC(41990) Pause Young (Allocation Failure) 90M->90M(92M) 15.109ms
[2020-08-10T13:05:56.615+0300][1296.160s][debug][gc] GC(41991) Expanding ParOldGen from 92672K by 11264K to 103936K
[2020-08-10T13:05:56.615+0300][1296.160s][info ][gc] GC(41991) Pause Full (Ergonomics) 90M->90M(103M) 230.706ms
[2020-08-10T13:05:56.629+0300][1296.174s][info ][gc] GC(41992) Pause Young (Allocation Failure) 91M->91M(103M) 13.414ms
[2020-08-10T13:05:56.645+0300][1296.190s][info ][gc] GC(41993) Pause Young (Allocation Failure) 92M->92M(103M) 14.957ms
[2020-08-10T13:05:56.660+0300][1296.205s][info ][gc] GC(41994) Pause Young (Allocation Failure) 93M->93M(103M) 15.085ms
[2020-08-10T13:05:56.676+0300][1296.221s][info ][gc] GC(41995) Pause Young (Allocation Failure) 94M->94M(103M) 15.184ms
[2020-08-10T13:05:56.692+0300][1296.237s][info ][gc] GC(41996) Pause Young (Allocation Failure) 95M->95M(103M) 15.248ms
[2020-08-10T13:05:56.708+0300][1296.253s][info ][gc] GC(41997) Pause Young (Allocation Failure) 96M->96M(103M) 15.187ms
[2020-08-10T13:05:56.724+0300][1296.269s][info ][gc] GC(41998) Pause Young (Allocation Failure) 97M->97M(103M) 15.326ms
[2020-08-10T13:05:56.739+0300][1296.285s][info ][gc] GC(41999) Pause Young (Allocation Failure) 98M->97M(103M) 15.412ms
[2020-08-10T13:05:56.756+0300][1296.301s][info ][gc] GC(42000) Pause Young (Allocation Failure) 98M->98M(103M) 16.030ms
[2020-08-10T13:05:56.772+0300][1296.317s][info ][gc] GC(42001) Pause Young (Allocation Failure) 99M->99M(103M) 15.768ms
[2020-08-10T13:05:56.788+0300][1296.333s][info ][gc] GC(42002) Pause Young (Allocation Failure) 100M->100M(103M) 15.701ms
[2020-08-10T13:05:56.805+0300][1296.350s][info ][gc] GC(42003) Pause Young (Allocation Failure) 101M->101M(103M) 15.938ms
[2020-08-10T13:05:57.046+0300][1296.591s][debug][gc] GC(42004) Expanding ParOldGen from 103936K by 11264K to 115200K
[2020-08-10T13:05:57.047+0300][1296.592s][info ][gc] GC(42004) Pause Full (Ergonomics) 101M->101M(114M) 241.343ms
[2020-08-10T13:05:57.083+0300][1296.628s][info ][gc] GC(42005) Pause Young (Allocation Failure) 102M->102M(114M) 36.296ms
[2020-08-10T13:05:57.100+0300][1296.645s][info ][gc] GC(42006) Pause Young (Allocation Failure) 103M->103M(114M) 16.343ms
[2020-08-10T13:05:57.117+0300][1296.662s][info ][gc] GC(42007) Pause Young (Allocation Failure) 104M->104M(114M) 16.162ms
[2020-08-10T13:05:57.134+0300][1296.679s][info ][gc] GC(42008) Pause Young (Allocation Failure) 105M->105M(114M) 16.394ms
[2020-08-10T13:05:57.151+0300][1296.696s][info ][gc] GC(42009) Pause Young (Allocation Failure) 106M->106M(114M) 16.665ms
[2020-08-10T13:05:57.169+0300][1296.714s][info ][gc] GC(42010) Pause Young (Allocation Failure) 107M->107M(114M) 17.175ms
[2020-08-10T13:05:57.186+0300][1296.731s][info ][gc] GC(42011) Pause Young (Allocation Failure) 108M->108M(114M) 16.861ms
[2020-08-10T13:05:57.204+0300][1296.749s][info ][gc] GC(42012) Pause Young (Allocation Failure) 109M->109M(114M) 16.803ms
[2020-08-10T13:05:57.221+0300][1296.766s][info ][gc] GC(42013) Pause Young (Allocation Failure) 110M->110M(114M) 16.842ms
[2020-08-10T13:05:57.239+0300][1296.784s][info ][gc] GC(42014) Pause Young (Allocation Failure) 111M->111M(114M) 16.991ms
[2020-08-10T13:05:57.255+0300][1296.800s][info ][gc] GC(42015) Pause Young (Allocation Failure) 111M->111M(114M) 15.619ms
[2020-08-10T13:05:57.270+0300][1296.815s][info ][gc] GC(42016) Pause Young (Allocation Failure) 112M->112M(114M) 14.275ms
[2020-08-10T13:05:57.557+0300][1297.102s][debug][gc] GC(42017) Expanding ParOldGen from 115200K by 11264K to 126464K
[2020-08-10T13:05:57.557+0300][1297.102s][info ][gc] GC(42017) Pause Full (Ergonomics) 112M->111M(125M) 287.210ms
[2020-08-10T13:05:57.573+0300][1297.118s][info ][gc] GC(42018) Pause Young (Allocation Failure) 112M->112M(125M) 15.192ms
[2020-08-10T13:05:57.587+0300][1297.133s][info ][gc] GC(42019) Pause Young (Allocation Failure) 112M->112M(125M) 14.369ms
[2020-08-10T13:05:57.602+0300][1297.147s][info ][gc] GC(42020) Pause Young (Allocation Failure) 113M->113M(125M) 14.261ms
[2020-08-10T13:05:57.617+0300][1297.162s][info ][gc] GC(42021) Pause Young (Allocation Failure) 113M->113M(125M) 14.344ms
[2020-08-10T13:05:57.632+0300][1297.177s][info ][gc] GC(42022) Pause Young (Allocation Failure) 114M->114M(125M) 14.465ms
[2020-08-10T13:05:57.646+0300][1297.192s][info ][gc] GC(42023) Pause Young (Allocation Failure) 114M->114M(125M) 14.425ms
[2020-08-10T13:05:57.661+0300][1297.206s][info ][gc] GC(42024) Pause Young (Allocation Failure) 115M->115M(125M) 14.536ms
[2020-08-10T13:05:57.677+0300][1297.222s][info ][gc] GC(42025) Pause Young (Allocation Failure) 115M->115M(125M) 14.731ms
[2020-08-10T13:05:57.692+0300][1297.237s][info ][gc] GC(42026) Pause Young (Allocation Failure) 116M->116M(125M) 14.506ms
[2020-08-10T13:05:57.707+0300][1297.252s][info ][gc] GC(42027) Pause Young (Allocation Failure) 116M->116M(125M) 14.723ms
[2020-08-10T13:05:57.722+0300][1297.267s][info ][gc] GC(42028) Pause Young (Allocation Failure) 117M->117M(125M) 14.733ms
[2020-08-10T13:05:57.737+0300][1297.282s][info ][gc] GC(42029) Pause Young (Allocation Failure) 117M->117M(125M) 14.708ms
[2020-08-10T13:05:57.752+0300][1297.297s][info ][gc] GC(42030) Pause Young (Allocation Failure) 118M->118M(125M) 14.814ms
[2020-08-10T13:05:57.767+0300][1297.313s][info ][gc] GC(42031) Pause Young (Allocation Failure) 118M->118M(125M) 14.806ms
[2020-08-10T13:05:57.783+0300][1297.328s][info ][gc] GC(42032) Pause Young (Allocation Failure) 118M->118M(124M) 14.759ms
[2020-08-10T13:05:57.797+0300][1297.342s][info ][gc] GC(42033) Pause Young (Allocation Failure) 119M->119M(125M) 14.373ms
[2020-08-10T13:05:57.813+0300][1297.358s][info ][gc] GC(42034) Pause Young (Allocation Failure) 119M->119M(125M) 14.926ms
[2020-08-10T13:05:57.828+0300][1297.373s][info ][gc] GC(42035) Pause Young (Allocation Failure) 120M->120M(125M) 14.946ms
[2020-08-10T13:05:57.866+0300][1297.411s][info ][gc] GC(42036) Pause Young (Allocation Failure) 120M->120M(125M) 37.159ms
[2020-08-10T13:05:57.882+0300][1297.427s][info ][gc] GC(42037) Pause Young (Allocation Failure) 121M->121M(125M) 15.437ms
[2020-08-10T13:05:57.898+0300][1297.443s][info ][gc] GC(42038) Pause Young (Allocation Failure) 121M->121M(125M) 15.418ms
[2020-08-10T13:05:57.913+0300][1297.458s][info ][gc] GC(42039) Pause Young (Allocation Failure) 122M->122M(125M) 15.132ms
[2020-08-10T13:05:57.929+0300][1297.474s][info ][gc] GC(42040) Pause Young (Allocation Failure) 122M->122M(125M) 14.916ms
[2020-08-10T13:05:57.944+0300][1297.489s][info ][gc] GC(42041) Pause Young (Allocation Failure) 123M->123M(125M) 15.176ms
[2020-08-10T13:05:57.960+0300][1297.505s][info ][gc] GC(42042) Pause Young (Allocation Failure) 123M->123M(125M) 14.916ms
[2020-08-10T13:05:58.315+0300][1297.861s][debug][gc] GC(42043) Expanding ParOldGen from 126464K by 10752K to 137216K
[2020-08-10T13:05:58.316+0300][1297.861s][info ][gc] GC(42043) Pause Full (Ergonomics) 123M->123M(135M) 355.833ms
[2020-08-10T13:05:58.333+0300][1297.878s][info ][gc] GC(42044) Pause Young (Allocation Failure) 123M->123M(135M) 17.281ms
[2020-08-10T13:05:58.349+0300][1297.894s][info ][gc] GC(42045) Pause Young (Allocation Failure) 124M->124M(135M) 15.101ms
[2020-08-10T13:05:58.364+0300][1297.909s][info ][gc] GC(42046) Pause Young (Allocation Failure) 124M->124M(135M) 15.269ms
[2020-08-10T13:05:58.380+0300][1297.925s][info ][gc] GC(42047) Pause Young (Allocation Failure) 125M->125M(135M) 15.141ms
[2020-08-10T13:05:58.395+0300][1297.941s][info ][gc] GC(42048) Pause Young (Allocation Failure) 125M->125M(135M) 15.106ms
[2020-08-10T13:05:58.411+0300][1297.956s][info ][gc] GC(42049) Pause Young (Allocation Failure) 126M->126M(135M) 15.307ms
[2020-08-10T13:05:58.427+0300][1297.972s][info ][gc] GC(42050) Pause Young (Allocation Failure) 126M->126M(135M) 15.246ms
[2020-08-10T13:05:58.442+0300][1297.988s][info ][gc] GC(42051) Pause Young (Allocation Failure) 127M->127M(135M) 15.405ms
[2020-08-10T13:05:58.458+0300][1298.003s][info ][gc] GC(42052) Pause Young (Allocation Failure) 127M->127M(135M) 15.382ms
[2020-08-10T13:05:58.474+0300][1298.019s][info ][gc] GC(42053) Pause Young (Allocation Failure) 128M->127M(135M) 15.247ms
[2020-08-10T13:05:58.490+0300][1298.035s][info ][gc] GC(42054) Pause Young (Allocation Failure) 128M->128M(135M) 15.320ms
[2020-08-10T13:05:58.506+0300][1298.051s][info ][gc] GC(42055) Pause Young (Allocation Failure) 128M->128M(135M) 15.564ms
[2020-08-10T13:05:58.522+0300][1298.067s][info ][gc] GC(42056) Pause Young (Allocation Failure) 129M->129M(135M) 15.375ms
[2020-08-10T13:05:58.538+0300][1298.083s][info ][gc] GC(42057) Pause Young (Allocation Failure) 129M->129M(135M) 15.633ms
[2020-08-10T13:05:58.573+0300][1298.118s][info ][gc] GC(42058) Pause Young (Allocation Failure) 130M->130M(135M) 35.225ms
[2020-08-10T13:05:58.590+0300][1298.135s][info ][gc] GC(42059) Pause Young (Allocation Failure) 130M->130M(135M) 15.707ms
[2020-08-10T13:05:58.606+0300][1298.151s][info ][gc] GC(42060) Pause Young (Allocation Failure) 131M->131M(135M) 15.670ms
[2020-08-10T13:05:58.622+0300][1298.167s][info ][gc] GC(42061) Pause Young (Allocation Failure) 131M->131M(135M) 15.942ms
[2020-08-10T13:05:58.638+0300][1298.183s][info ][gc] GC(42062) Pause Young (Allocation Failure) 132M->132M(135M) 15.549ms
[2020-08-10T13:05:58.654+0300][1298.199s][info ][gc] GC(42063) Pause Young (Allocation Failure) 132M->132M(135M) 15.699ms
[2020-08-10T13:05:58.670+0300][1298.215s][info ][gc] GC(42064) Pause Young (Allocation Failure) 133M->133M(135M) 16.048ms
[2020-08-10T13:05:58.686+0300][1298.231s][info ][gc] GC(42065) Pause Young (Allocation Failure) 133M->133M(135M) 15.715ms
[2020-08-10T13:05:58.702+0300][1298.247s][info ][gc] GC(42066) Pause Young (Allocation Failure) 134M->134M(135M) 15.769ms
[2020-08-10T13:05:59.061+0300][1298.606s][debug][gc] GC(42067) Expanding ParOldGen from 137216K by 10752K to 147968K
[2020-08-10T13:05:59.061+0300][1298.606s][info ][gc] GC(42067) Pause Full (Ergonomics) 134M->133M(146M) 358.867ms
[2020-08-10T13:05:59.076+0300][1298.621s][info ][gc] GC(42068) Pause Young (Allocation Failure) 134M->134M(146M) 14.360ms
[2020-08-10T13:05:59.092+0300][1298.637s][info ][gc] GC(42069) Pause Young (Allocation Failure) 134M->134M(146M) 15.854ms
[2020-08-10T13:05:59.108+0300][1298.653s][info ][gc] GC(42070) Pause Young (Allocation Failure) 135M->135M(146M) 15.837ms
[2020-08-10T13:05:59.124+0300][1298.670s][info ][gc] GC(42071) Pause Young (Allocation Failure) 135M->135M(146M) 15.886ms
[2020-08-10T13:05:59.125+0300][1298.670s][debug][gc] Expanding ParOldGen from 147968K by 19968K to 167936K
[2020-08-10T13:05:59.147+0300][1298.693s][info ][gc] GC(42072) Pause Young (Allocation Failure) 155M->154M(165M) 14.757ms
[2020-08-10T13:05:59.161+0300][1298.706s][info ][gc] GC(42073) Pause Young (Allocation Failure) 155M->155M(165M) 13.195ms
[2020-08-10T13:05:59.175+0300][1298.720s][info ][gc] GC(42074) Pause Young (Allocation Failure) 155M->155M(165M) 13.470ms
[2020-08-10T13:05:59.210+0300][1298.755s][info ][gc] GC(42075) Pause Young (Allocation Failure) 156M->156M(165M) 34.987ms
[2020-08-10T13:05:59.225+0300][1298.770s][info ][gc] GC(42076) Pause Young (Allocation Failure) 156M->156M(165M) 13.682ms
[2020-08-10T13:05:59.239+0300][1298.784s][info ][gc] GC(42077) Pause Young (Allocation Failure) 157M->156M(165M) 13.634ms
[2020-08-10T13:05:59.253+0300][1298.798s][info ][gc] GC(42078) Pause Young (Allocation Failure) 157M->157M(165M) 13.696ms
[2020-08-10T13:05:59.284+0300][1298.829s][info ][gc] GC(42079) Pause Young (Allocation Failure) 157M->157M(165M) 31.011ms
[2020-08-10T13:05:59.298+0300][1298.844s][info ][gc] GC(42080) Pause Young (Allocation Failure) 158M->158M(165M) 13.711ms
[2020-08-10T13:05:59.313+0300][1298.858s][info ][gc] GC(42081) Pause Young (Allocation Failure) 158M->158M(165M) 13.723ms
[2020-08-10T13:05:59.327+0300][1298.872s][info ][gc] GC(42082) Pause Young (Allocation Failure) 159M->159M(165M) 13.485ms
[2020-08-10T13:05:59.341+0300][1298.886s][info ][gc] GC(42083) Pause Young (Allocation Failure) 159M->159M(165M) 13.686ms
[2020-08-10T13:05:59.355+0300][1298.900s][info ][gc] GC(42084) Pause Young (Allocation Failure) 160M->160M(165M) 14.476ms
[2020-08-10T13:05:59.369+0300][1298.914s][info ][gc] GC(42085) Pause Young (Allocation Failure) 160M->160M(165M) 13.503ms
[2020-08-10T13:05:59.383+0300][1298.928s][info ][gc] GC(42086) Pause Young (Allocation Failure) 161M->161M(165M) 13.825ms
[2020-08-10T13:05:59.397+0300][1298.942s][info ][gc] GC(42087) Pause Young (Allocation Failure) 161M->161M(165M) 13.397ms
[2020-08-10T13:05:59.411+0300][1298.956s][info ][gc] GC(42088) Pause Young (Allocation Failure) 162M->162M(165M) 13.336ms
[2020-08-10T13:05:59.424+0300][1298.970s][info ][gc] GC(42089) Pause Young (Allocation Failure) 162M->162M(165M) 13.460ms
[2020-08-10T13:05:59.438+0300][1298.983s][info ][gc] GC(42090) Pause Young (Allocation Failure) 162M->162M(165M) 13.575ms
[2020-08-10T13:05:59.453+0300][1298.998s][info ][gc] GC(42091) Pause Young (Allocation Failure) 163M->163M(165M) 14.033ms
[2020-08-10T13:05:59.467+0300][1299.013s][info ][gc] GC(42092) Pause Young (Allocation Failure) 164M->164M(166M) 13.940ms
[2020-08-10T13:05:59.535+0300][1299.081s][debug][gc] GC(42093) Shrinking ParOldGen from 167936K by 124928K to 43008K
[2020-08-10T13:05:59.536+0300][1299.081s][info ][gc] GC(42093) Pause Full (Ergonomics) 164M->31M(44M) 67.964ms
[2020-08-10T13:05:59.549+0300][1299.094s][info ][gc] GC(42094) Pause Young (Allocation Failure) 32M->31M(43M) 13.281ms
[2020-08-10T13:05:59.563+0300][1299.108s][info ][gc] GC(42095) Pause Young (Allocation Failure) 32M->32M(44M) 13.573ms
[2020-08-10T13:05:59.578+0300][1299.123s][info ][gc] GC(42096) Pause Young (Allocation Failure) 32M->32M(44M) 14.320ms
[2020-08-10T13:05:59.592+0300][1299.137s][info ][gc] GC(42097) Pause Young (Allocation Failure) 33M->33M(43M) 13.330ms
[2020-08-10T13:05:59.605+0300][1299.151s][info ][gc] GC(42098) Pause Young (Allocation Failure) 33M->33M(43M) 13.225ms
[2020-08-10T13:05:59.619+0300][1299.164s][info ][gc] GC(42099) Pause Young (Allocation Failure) 34M->34M(43M) 13.297ms
[2020-08-10T13:05:59.633+0300][1299.178s][info ][gc] GC(42100) Pause Young (Allocation Failure) 34M->34M(43M) 13.345ms
[2020-08-10T13:05:59.647+0300][1299.192s][info ][gc] GC(42101) Pause Young (Allocation Failure) 35M->35M(43M) 13.433ms
[2020-08-10T13:05:59.661+0300][1299.206s][info ][gc] GC(42102) Pause Young (Allocation Failure) 35M->35M(43M) 13.426ms
[2020-08-10T13:05:59.675+0300][1299.220s][info ][gc] GC(42103) Pause Young (Allocation Failure) 36M->36M(43M) 13.504ms
[2020-08-10T13:05:59.688+0300][1299.234s][info ][gc] GC(42104) Pause Young (Allocation Failure) 36M->36M(43M) 13.506ms
[2020-08-10T13:05:59.702+0300][1299.248s][info ][gc] GC(42105) Pause Young (Allocation Failure) 37M->37M(43M) 13.501ms
[2020-08-10T13:05:59.717+0300][1299.262s][info ][gc] GC(42106) Pause Young (Allocation Failure) 37M->37M(43M) 13.508ms
[2020-08-10T13:05:59.730+0300][1299.276s][info ][gc] GC(42107) Pause Young (Allocation Failure) 37M->37M(43M) 13.432ms
[2020-08-10T13:05:59.744+0300][1299.290s][info ][gc] GC(42108) Pause Young (Allocation Failure) 38M->38M(43M) 13.447ms
[2020-08-10T13:05:59.758+0300][1299.303s][info ][gc] GC(42109) Pause Young (Allocation Failure) 38M->38M(43M) 13.429ms
[2020-08-10T13:05:59.772+0300][1299.317s][info ][gc] GC(42110) Pause Young (Allocation Failure) 39M->39M(43M) 13.475ms
[2020-08-10T13:05:59.786+0300][1299.331s][info ][gc] GC(42111) Pause Young (Allocation Failure) 39M->39M(43M) 13.447ms
[2020-08-10T13:05:59.801+0300][1299.346s][info ][gc] GC(42112) Pause Young (Allocation Failure) 40M->40M(43M) 14.556ms
[2020-08-10T13:05:59.815+0300][1299.360s][info ][gc] GC(42113) Pause Young (Allocation Failure) 40M->40M(43M) 13.499ms
[2020-08-10T13:05:59.829+0300][1299.374s][info ][gc] GC(42114) Pause Young (Allocation Failure) 41M->41M(43M) 13.431ms
[2020-08-10T13:05:59.843+0300][1299.388s][info ][gc] GC(42115) Pause Young (Allocation Failure) 41M->41M(43M) 13.447ms
[2020-08-10T13:05:59.857+0300][1299.402s][info ][gc] GC(42116) Pause Young (Allocation Failure) 42M->41M(43M) 13.529ms
[2020-08-10T13:05:59.938+0300][1299.484s][debug][gc] GC(42117) Expanding ParOldGen from 43008K by 10752K to 53760K
[2020-08-10T13:05:59.939+0300][1299.484s][info ][gc] GC(42117) Pause Full (Ergonomics) 41M->41M(54M) 81.308ms
[2020-08-10T13:05:59.952+0300][1299.498s][info ][gc] GC(42118) Pause Young (Allocation Failure) 42M->42M(54M) 13.265ms
[2020-08-10T13:05:59.966+0300][1299.512s][info ][gc] GC(42119) Pause Young (Allocation Failure) 42M->42M(54M) 13.417ms
[2020-08-10T13:05:59.980+0300][1299.526s][info ][gc] GC(42120) Pause Young (Allocation Failure) 43M->43M(54M) 13.516ms
[2020-08-10T13:05:59.994+0300][1299.540s][info ][gc] GC(42121) Pause Young (Allocation Failure) 43M->43M(54M) 13.499ms
[2020-08-10T13:06:00.009+0300][1299.554s][info ][gc] GC(42122) Pause Young (Allocation Failure) 44M->44M(54M) 13.512ms
[2020-08-10T13:06:00.023+0300][1299.568s][info ][gc] GC(42123) Pause Young (Allocation Failure) 44M->44M(54M) 13.452ms
[2020-08-10T13:06:00.037+0300][1299.582s][info ][gc] GC(42124) Pause Young (Allocation Failure) 45M->45M(54M) 13.496ms
[2020-08-10T13:06:00.050+0300][1299.596s][info ][gc] GC(42125) Pause Young (Allocation Failure) 45M->45M(54M) 13.472ms
[2020-08-10T13:06:00.064+0300][1299.610s][info ][gc] GC(42126) Pause Young (Allocation Failure) 46M->45M(54M) 13.475ms
[2020-08-10T13:06:00.078+0300][1299.624s][info ][gc] GC(42127) Pause Young (Allocation Failure) 46M->46M(54M) 13.529ms
[2020-08-10T13:06:00.092+0300][1299.638s][info ][gc] GC(42128) Pause Young (Allocation Failure) 46M->46M(54M) 13.517ms
[2020-08-10T13:06:00.106+0300][1299.652s][info ][gc] GC(42129) Pause Young (Allocation Failure) 47M->47M(54M) 13.464ms
[2020-08-10T13:06:00.120+0300][1299.666s][info ][gc] GC(42130) Pause Young (Allocation Failure) 47M->47M(54M) 13.494ms
[2020-08-10T13:06:00.134+0300][1299.680s][info ][gc] GC(42131) Pause Young (Allocation Failure) 48M->48M(54M) 13.524ms
[2020-08-10T13:06:00.148+0300][1299.694s][info ][gc] GC(42132) Pause Young (Allocation Failure) 48M->48M(54M) 13.534ms
[2020-08-10T13:06:00.163+0300][1299.708s][info ][gc] GC(42133) Pause Young (Allocation Failure) 49M->49M(54M) 13.525ms
[2020-08-10T13:06:00.177+0300][1299.722s][info ][gc] GC(42134) Pause Young (Allocation Failure) 49M->49M(54M) 13.507ms
[2020-08-10T13:06:00.191+0300][1299.736s][info ][gc] GC(42135) Pause Young (Allocation Failure) 50M->50M(54M) 13.527ms
[2020-08-10T13:06:00.205+0300][1299.750s][info ][gc] GC(42136) Pause Young (Allocation Failure) 50M->50M(54M) 13.522ms
[2020-08-10T13:06:00.219+0300][1299.764s][info ][gc] GC(42137) Pause Young (Allocation Failure) 51M->51M(54M) 13.468ms
[2020-08-10T13:06:00.233+0300][1299.778s][info ][gc] GC(42138) Pause Young (Allocation Failure) 51M->51M(54M) 13.669ms
[2020-08-10T13:06:00.247+0300][1299.792s][info ][gc] GC(42139) Pause Young (Allocation Failure) 52M->52M(54M) 13.790ms
[2020-08-10T13:06:00.362+0300][1299.907s][debug][gc] GC(42140) Expanding ParOldGen from 53760K by 10752K to 64512K
[2020-08-10T13:06:00.362+0300][1299.907s][info ][gc] GC(42140) Pause Full (Ergonomics) 52M->52M(65M) 114.530ms
[2020-08-10T13:06:00.376+0300][1299.921s][info ][gc] GC(42141) Pause Young (Allocation Failure) 53M->53M(65M) 13.560ms
[2020-08-10T13:06:00.391+0300][1299.936s][info ][gc] GC(42142) Pause Young (Allocation Failure) 54M->54M(64M) 13.994ms
[2020-08-10T13:06:00.405+0300][1299.950s][info ][gc] GC(42143) Pause Young (Allocation Failure) 54M->54M(65M) 13.576ms
[2020-08-10T13:06:00.419+0300][1299.964s][info ][gc] GC(42144) Pause Young (Allocation Failure) 55M->55M(65M) 13.533ms
[2020-08-10T13:06:00.433+0300][1299.978s][info ][gc] GC(42145) Pause Young (Allocation Failure) 55M->55M(65M) 13.495ms
[2020-08-10T13:06:00.447+0300][1299.992s][info ][gc] GC(42146) Pause Young (Allocation Failure) 56M->56M(64M) 13.648ms
[2020-08-10T13:06:00.461+0300][1300.006s][info ][gc] GC(42147) Pause Young (Allocation Failure) 56M->56M(64M) 13.543ms
[2020-08-10T13:06:00.475+0300][1300.020s][info ][gc] GC(42148) Pause Young (Allocation Failure) 56M->56M(64M) 13.469ms
[2020-08-10T13:06:00.489+0300][1300.034s][info ][gc] GC(42149) Pause Young (Allocation Failure) 57M->57M(64M) 13.538ms
[2020-08-10T13:06:00.503+0300][1300.048s][info ][gc] GC(42150) Pause Young (Allocation Failure) 57M->57M(64M) 13.536ms
[2020-08-10T13:06:00.517+0300][1300.062s][info ][gc] GC(42151) Pause Young (Allocation Failure) 58M->58M(64M) 13.569ms
[2020-08-10T13:06:00.531+0300][1300.076s][info ][gc] GC(42152) Pause Young (Allocation Failure) 58M->58M(64M) 13.531ms
[2020-08-10T13:06:00.545+0300][1300.090s][info ][gc] GC(42153) Pause Young (Allocation Failure) 59M->59M(64M) 13.465ms
[2020-08-10T13:06:00.559+0300][1300.104s][info ][gc] GC(42154) Pause Young (Allocation Failure) 59M->59M(64M) 13.497ms
[2020-08-10T13:06:00.573+0300][1300.118s][info ][gc] GC(42155) Pause Young (Allocation Failure) 60M->60M(64M) 13.369ms
[2020-08-10T13:06:00.604+0300][1300.149s][info ][gc] GC(42156) Pause Young (Allocation Failure) 60M->60M(64M) 30.420ms
[2020-08-10T13:06:00.632+0300][1300.178s][info ][gc] GC(42157) Pause Young (Allocation Failure) 60M->60M(64M) 27.988ms
[2020-08-10T13:06:00.646+0300][1300.192s][info ][gc] GC(42158) Pause Young (Allocation Failure) 61M->61M(64M) 13.472ms
[2020-08-10T13:06:00.661+0300][1300.206s][info ][gc] GC(42159) Pause Young (Allocation Failure) 61M->61M(64M) 13.577ms
[2020-08-10T13:06:00.675+0300][1300.220s][info ][gc] GC(42160) Pause Young (Allocation Failure) 62M->62M(64M) 13.537ms
[2020-08-10T13:06:00.689+0300][1300.234s][info ][gc] GC(42161) Pause Young (Allocation Failure) 62M->62M(64M) 13.545ms
[2020-08-10T13:06:00.703+0300][1300.248s][info ][gc] GC(42162) Pause Young (Allocation Failure) 63M->63M(64M) 13.592ms
[2020-08-10T13:06:00.841+0300][1300.386s][debug][gc] GC(42163) Expanding ParOldGen from 64512K by 10752K to 75264K
[2020-08-10T13:06:00.841+0300][1300.386s][info ][gc] GC(42163) Pause Full (Ergonomics) 63M->63M(75M) 137.839ms
[2020-08-10T13:06:00.866+0300][1300.411s][info ][gc] GC(42164) Pause Young (Allocation Failure) 63M->63M(75M) 24.898ms
[2020-08-10T13:06:00.881+0300][1300.426s][info ][gc] GC(42165) Pause Young (Allocation Failure) 64M->63M(75M) 13.865ms
[2020-08-10T13:06:00.895+0300][1300.440s][info ][gc] GC(42166) Pause Young (Allocation Failure) 64M->64M(75M) 13.851ms
[2020-08-10T13:06:00.909+0300][1300.455s][info ][gc] GC(42167) Pause Young (Allocation Failure) 64M->64M(75M) 13.766ms
[2020-08-10T13:06:00.923+0300][1300.469s][info ][gc] GC(42168) Pause Young (Allocation Failure) 65M->65M(75M) 13.729ms
[2020-08-10T13:06:00.938+0300][1300.483s][info ][gc] GC(42169) Pause Young (Allocation Failure) 65M->65M(75M) 13.720ms
[2020-08-10T13:06:00.952+0300][1300.497s][info ][gc] GC(42170) Pause Young (Allocation Failure) 66M->66M(75M) 13.875ms
[2020-08-10T13:06:00.966+0300][1300.512s][info ][gc] GC(42171) Pause Young (Allocation Failure) 66M->66M(75M) 13.791ms
[2020-08-10T13:06:00.981+0300][1300.526s][info ][gc] GC(42172) Pause Young (Allocation Failure) 67M->67M(75M) 13.757ms
[2020-08-10T13:06:00.995+0300][1300.540s][info ][gc] GC(42173) Pause Young (Allocation Failure) 67M->67M(75M) 13.738ms
[2020-08-10T13:06:01.009+0300][1300.554s][info ][gc] GC(42174) Pause Young (Allocation Failure) 68M->68M(75M) 13.703ms
[2020-08-10T13:06:01.023+0300][1300.569s][info ][gc] GC(42175) Pause Young (Allocation Failure) 68M->68M(75M) 13.736ms
[2020-08-10T13:06:01.038+0300][1300.583s][info ][gc] GC(42176) Pause Young (Allocation Failure) 69M->69M(75M) 13.755ms
[2020-08-10T13:06:01.052+0300][1300.597s][info ][gc] GC(42177) Pause Young (Allocation Failure) 69M->69M(75M) 13.756ms
[2020-08-10T13:06:01.066+0300][1300.611s][info ][gc] GC(42178) Pause Young (Allocation Failure) 70M->69M(75M) 13.768ms
[2020-08-10T13:06:01.080+0300][1300.626s][info ][gc] GC(42179) Pause Young (Allocation Failure) 70M->70M(75M) 13.717ms
[2020-08-10T13:06:01.095+0300][1300.640s][info ][gc] GC(42180) Pause Young (Allocation Failure) 70M->70M(75M) 13.845ms
[2020-08-10T13:06:01.109+0300][1300.654s][info ][gc] GC(42181) Pause Young (Allocation Failure) 71M->71M(75M) 13.780ms
[2020-08-10T13:06:01.123+0300][1300.669s][info ][gc] GC(42182) Pause Young (Allocation Failure) 71M->71M(75M) 13.806ms
[2020-08-10T13:06:01.138+0300][1300.683s][info ][gc] GC(42183) Pause Young (Allocation Failure) 72M->72M(75M) 13.801ms
[2020-08-10T13:06:01.152+0300][1300.697s][info ][gc] GC(42184) Pause Young (Allocation Failure) 72M->72M(75M) 13.733ms
[2020-08-10T13:06:01.166+0300][1300.711s][info ][gc] GC(42185) Pause Young (Allocation Failure) 73M->73M(75M) 13.806ms
[2020-08-10T13:06:01.181+0300][1300.726s][info ][gc] GC(42186) Pause Young (Allocation Failure) 73M->73M(75M) 13.969ms
[2020-08-10T13:06:01.350+0300][1300.896s][debug][gc] GC(42187) Expanding ParOldGen from 75264K by 10752K to 86016K
[2020-08-10T13:06:01.351+0300][1300.896s][info ][gc] GC(42187) Pause Full (Ergonomics) 73M->73M(85M) 169.780ms
[2020-08-10T13:06:01.365+0300][1300.910s][info ][gc] GC(42188) Pause Young (Allocation Failure) 74M->74M(85M) 13.619ms
[2020-08-10T13:06:01.379+0300][1300.925s][info ][gc] GC(42189) Pause Young (Allocation Failure) 75M->75M(86M) 13.773ms
[2020-08-10T13:06:01.394+0300][1300.939s][info ][gc] GC(42190) Pause Young (Allocation Failure) 76M->76M(86M) 13.916ms
[2020-08-10T13:06:01.409+0300][1300.954s][info ][gc] GC(42191) Pause Young (Allocation Failure) 77M->77M(85M) 14.014ms
[2020-08-10T13:06:01.423+0300][1300.968s][info ][gc] GC(42192) Pause Young (Allocation Failure) 77M->77M(86M) 13.860ms
[2020-08-10T13:06:01.437+0300][1300.982s][info ][gc] GC(42193) Pause Young (Allocation Failure) 78M->78M(85M) 13.630ms
[2020-08-10T13:06:01.451+0300][1300.996s][info ][gc] GC(42194) Pause Young (Allocation Failure) 78M->78M(85M) 13.513ms
[2020-08-10T13:06:01.465+0300][1301.010s][info ][gc] GC(42195) Pause Young (Allocation Failure) 79M->79M(85M) 13.551ms
[2020-08-10T13:06:01.479+0300][1301.024s][info ][gc] GC(42196) Pause Young (Allocation Failure) 79M->79M(85M) 13.644ms
[2020-08-10T13:06:01.493+0300][1301.039s][info ][gc] GC(42197) Pause Young (Allocation Failure) 79M->79M(85M) 13.637ms
[2020-08-10T13:06:01.507+0300][1301.053s][info ][gc] GC(42198) Pause Young (Allocation Failure) 80M->80M(85M) 13.592ms
[2020-08-10T13:06:01.521+0300][1301.067s][info ][gc] GC(42199) Pause Young (Allocation Failure) 80M->80M(85M) 13.637ms
[2020-08-10T13:06:01.536+0300][1301.081s][info ][gc] GC(42200) Pause Young (Allocation Failure) 81M->81M(85M) 13.615ms
[2020-08-10T13:06:01.550+0300][1301.095s][info ][gc] GC(42201) Pause Young (Allocation Failure) 81M->81M(85M) 13.635ms
[2020-08-10T13:06:01.564+0300][1301.109s][info ][gc] GC(42202) Pause Young (Allocation Failure) 82M->82M(85M) 13.542ms
[2020-08-10T13:06:01.577+0300][1301.123s][info ][gc] GC(42203) Pause Young (Allocation Failure) 82M->82M(85M) 13.393ms
[2020-08-10T13:06:01.592+0300][1301.137s][info ][gc] GC(42204) Pause Young (Allocation Failure) 83M->83M(85M) 13.604ms
[2020-08-10T13:06:01.606+0300][1301.151s][info ][gc] GC(42205) Pause Young (Allocation Failure) 83M->83M(85M) 13.530ms
[2020-08-10T13:06:01.620+0300][1301.165s][info ][gc] GC(42206) Pause Young (Allocation Failure) 84M->84M(85M) 13.642ms
[2020-08-10T13:06:01.827+0300][1301.372s][debug][gc] GC(42207) Expanding ParOldGen from 86016K by 11264K to 97280K
[2020-08-10T13:06:01.827+0300][1301.373s][info ][gc] GC(42207) Pause Full (Ergonomics) 84M->83M(96M) 207.305ms
[2020-08-10T13:06:01.841+0300][1301.387s][info ][gc] GC(42208) Pause Young (Allocation Failure) 84M->84M(96M) 13.440ms
[2020-08-10T13:06:01.855+0300][1301.401s][info ][gc] GC(42209) Pause Young (Allocation Failure) 84M->84M(96M) 13.576ms
[2020-08-10T13:06:01.869+0300][1301.415s][info ][gc] GC(42210) Pause Young (Allocation Failure) 85M->85M(96M) 13.664ms
[2020-08-10T13:06:01.884+0300][1301.429s][info ][gc] GC(42211) Pause Young (Allocation Failure) 85M->85M(96M) 13.570ms
[2020-08-10T13:06:01.898+0300][1301.443s][info ][gc] GC(42212) Pause Young (Allocation Failure) 86M->86M(96M) 13.674ms
[2020-08-10T13:06:01.912+0300][1301.457s][info ][gc] GC(42213) Pause Young (Allocation Failure) 86M->86M(96M) 13.656ms
[2020-08-10T13:06:01.926+0300][1301.471s][info ][gc] GC(42214) Pause Young (Allocation Failure) 87M->87M(96M) 13.653ms
[2020-08-10T13:06:01.940+0300][1301.486s][info ][gc] GC(42215) Pause Young (Allocation Failure) 87M->87M(96M) 13.665ms
[2020-08-10T13:06:01.954+0300][1301.500s][info ][gc] GC(42216) Pause Young (Allocation Failure) 88M->88M(96M) 13.635ms
[2020-08-10T13:06:01.969+0300][1301.514s][info ][gc] GC(42217) Pause Young (Allocation Failure) 88M->88M(96M) 13.693ms
[2020-08-10T13:06:01.983+0300][1301.528s][info ][gc] GC(42218) Pause Young (Allocation Failure) 88M->88M(96M) 13.667ms
[2020-08-10T13:06:01.997+0300][1301.542s][info ][gc] GC(42219) Pause Young (Allocation Failure) 89M->89M(96M) 13.632ms
[2020-08-10T13:06:02.011+0300][1301.556s][info ][gc] GC(42220) Pause Young (Allocation Failure) 89M->89M(96M) 13.691ms
[2020-08-10T13:06:02.025+0300][1301.571s][info ][gc] GC(42221) Pause Young (Allocation Failure) 90M->90M(96M) 13.655ms
[2020-08-10T13:06:02.039+0300][1301.585s][info ][gc] GC(42222) Pause Young (Allocation Failure) 90M->90M(96M) 13.681ms
[2020-08-10T13:06:02.054+0300][1301.599s][info ][gc] GC(42223) Pause Young (Allocation Failure) 91M->91M(96M) 13.643ms
[2020-08-10T13:06:02.068+0300][1301.613s][info ][gc] GC(42224) Pause Young (Allocation Failure) 91M->91M(96M) 13.539ms
[2020-08-10T13:06:02.082+0300][1301.627s][info ][gc] GC(42225) Pause Young (Allocation Failure) 92M->92M(96M) 13.651ms
[2020-08-10T13:06:02.096+0300][1301.641s][info ][gc] GC(42226) Pause Young (Allocation Failure) 92M->92M(96M) 13.553ms
[2020-08-10T13:06:02.110+0300][1301.655s][info ][gc] GC(42227) Pause Young (Allocation Failure) 93M->93M(96M) 13.642ms
[2020-08-10T13:06:02.124+0300][1301.669s][info ][gc] GC(42228) Pause Young (Allocation Failure) 93M->93M(96M) 13.674ms
[2020-08-10T13:06:02.138+0300][1301.684s][info ][gc] GC(42229) Pause Young (Allocation Failure) 93M->93M(96M) 13.647ms
[2020-08-10T13:06:02.152+0300][1301.698s][info ][gc] GC(42230) Pause Young (Allocation Failure) 94M->94M(96M) 13.657ms
[2020-08-10T13:06:02.166+0300][1301.712s][info ][gc] GC(42231) Pause Young (Allocation Failure) 94M->94M(96M) 13.641ms
[2020-08-10T13:06:02.181+0300][1301.726s][info ][gc] GC(42232) Pause Young (Allocation Failure) 95M->95M(96M) 13.667ms
[2020-08-10T13:06:02.415+0300][1301.960s][debug][gc] GC(42233) Expanding ParOldGen from 97280K by 10752K to 108032K
[2020-08-10T13:06:02.415+0300][1301.960s][info ][gc] GC(42233) Pause Full (Ergonomics) 95M->95M(107M) 234.196ms
[2020-08-10T13:06:02.449+0300][1301.995s][info ][gc] GC(42234) Pause Young (Allocation Failure) 95M->95M(107M) 33.941ms
[2020-08-10T13:06:02.464+0300][1302.010s][info ][gc] GC(42235) Pause Young (Allocation Failure) 96M->96M(107M) 14.157ms
[2020-08-10T13:06:02.479+0300][1302.024s][info ][gc] GC(42236) Pause Young (Allocation Failure) 96M->96M(107M) 13.995ms
[2020-08-10T13:06:02.493+0300][1302.039s][info ][gc] GC(42237) Pause Young (Allocation Failure) 97M->96M(107M) 14.040ms
[2020-08-10T13:06:02.508+0300][1302.053s][info ][gc] GC(42238) Pause Young (Allocation Failure) 97M->97M(107M) 14.002ms
[2020-08-10T13:06:02.523+0300][1302.068s][info ][gc] GC(42239) Pause Young (Allocation Failure) 97M->97M(107M) 14.132ms
[2020-08-10T13:06:02.537+0300][1302.082s][info ][gc] GC(42240) Pause Young (Allocation Failure) 98M->98M(107M) 14.024ms
[2020-08-10T13:06:02.552+0300][1302.098s][info ][gc] GC(42241) Pause Young (Allocation Failure) 99M->99M(107M) 14.502ms
[2020-08-10T13:06:02.568+0300][1302.113s][info ][gc] GC(42242) Pause Young (Allocation Failure) 100M->100M(107M) 14.572ms
[2020-08-10T13:06:02.584+0300][1302.130s][info ][gc] GC(42243) Pause Young (Allocation Failure) 101M->101M(107M) 15.939ms
[2020-08-10T13:06:02.602+0300][1302.146s][info ][gc] GC(42244) Pause Young (Allocation Failure) 102M->101M(108M) 15.848ms
[2020-08-10T13:06:02.618+0300][1302.163s][info ][gc] GC(42245) Pause Young (Allocation Failure) 102M->102M(108M) 16.032ms
[2020-08-10T13:06:02.635+0300][1302.180s][info ][gc] GC(42246) Pause Young (Allocation Failure) 103M->103M(108M) 16.119ms
[2020-08-10T13:06:02.652+0300][1302.196s][info ][gc] GC(42247) Pause Young (Allocation Failure) 104M->104M(108M) 16.164ms
[2020-08-10T13:06:02.669+0300][1302.213s][info ][gc] GC(42248) Pause Young (Allocation Failure) 105M->105M(108M) 16.422ms
[2020-08-10T13:06:02.932+0300][1302.476s][debug][gc] GC(42249) Expanding ParOldGen from 108032K by 11776K to 119808K
[2020-08-10T13:06:02.932+0300][1302.476s][info ][gc] GC(42249) Pause Full (Ergonomics) 105M->105M(119M) 262.752ms
[2020-08-10T13:06:02.946+0300][1302.491s][info ][gc] GC(42250) Pause Young (Allocation Failure) 106M->106M(119M) 13.804ms
[2020-08-10T13:06:02.963+0300][1302.508s][info ][gc] GC(42251) Pause Young (Allocation Failure) 107M->107M(119M) 16.513ms
[2020-08-10T13:06:02.980+0300][1302.525s][info ][gc] GC(42252) Pause Young (Allocation Failure) 108M->108M(119M) 16.336ms
[2020-08-10T13:06:02.997+0300][1302.542s][info ][gc] GC(42253) Pause Young (Allocation Failure) 109M->109M(119M) 16.643ms
[2020-08-10T13:06:03.015+0300][1302.559s][info ][gc] GC(42254) Pause Young (Allocation Failure) 110M->110M(119M) 16.557ms
[2020-08-10T13:06:03.032+0300][1302.576s][info ][gc] GC(42255) Pause Young (Allocation Failure) 111M->111M(119M) 16.496ms
[2020-08-10T13:06:03.049+0300][1302.593s][info ][gc] GC(42256) Pause Young (Allocation Failure) 112M->112M(119M) 16.509ms
[2020-08-10T13:06:03.066+0300][1302.610s][info ][gc] GC(42257) Pause Young (Allocation Failure) 113M->113M(119M) 16.649ms
[2020-08-10T13:06:03.083+0300][1302.627s][info ][gc] GC(42258) Pause Young (Allocation Failure) 114M->113M(119M) 16.497ms
[2020-08-10T13:06:03.100+0300][1302.645s][info ][gc] GC(42259) Pause Young (Allocation Failure) 114M->114M(119M) 16.619ms
[2020-08-10T13:06:03.117+0300][1302.662s][info ][gc] GC(42260) Pause Young (Allocation Failure) 115M->115M(119M) 16.845ms
[2020-08-10T13:06:03.135+0300][1302.680s][info ][gc] GC(42261) Pause Young (Allocation Failure) 116M->116M(119M) 17.071ms
[2020-08-10T13:06:03.428+0300][1302.972s][debug][gc] GC(42262) Expanding ParOldGen from 119808K by 11264K to 131072K
[2020-08-10T13:06:03.428+0300][1302.972s][info ][gc] GC(42262) Pause Full (Ergonomics) 116M->116M(130M) 292.500ms
[2020-08-10T13:06:03.443+0300][1302.988s][info ][gc] GC(42263) Pause Young (Allocation Failure) 117M->117M(130M) 15.018ms
[2020-08-10T13:06:03.462+0300][1303.006s][info ][gc] GC(42264) Pause Young (Allocation Failure) 118M->118M(130M) 17.609ms
[2020-08-10T13:06:03.480+0300][1303.025s][info ][gc] GC(42265) Pause Young (Allocation Failure) 119M->119M(130M) 18.002ms
[2020-08-10T13:06:03.498+0300][1303.043s][info ][gc] GC(42266) Pause Young (Allocation Failure) 120M->120M(130M) 17.692ms
[2020-08-10T13:06:03.516+0300][1303.061s][info ][gc] GC(42267) Pause Young (Allocation Failure) 121M->121M(130M) 17.420ms
[2020-08-10T13:06:03.534+0300][1303.078s][info ][gc] GC(42268) Pause Young (Allocation Failure) 122M->122M(130M) 17.404ms
[2020-08-10T13:06:03.552+0300][1303.097s][info ][gc] GC(42269) Pause Young (Allocation Failure) 123M->123M(130M) 17.945ms
[2020-08-10T13:06:03.573+0300][1303.117s][info ][gc] GC(42270) Pause Young (Allocation Failure) 124M->124M(130M) 19.618ms
[2020-08-10T13:06:03.591+0300][1303.135s][info ][gc] GC(42271) Pause Young (Allocation Failure) 125M->125M(130M) 17.936ms
[2020-08-10T13:06:03.609+0300][1303.154s][info ][gc] GC(42272) Pause Young (Allocation Failure) 126M->125M(130M) 17.945ms
[2020-08-10T13:06:03.627+0300][1303.172s][info ][gc] GC(42273) Pause Young (Allocation Failure) 126M->126M(130M) 17.708ms
[2020-08-10T13:06:03.646+0300][1303.190s][info ][gc] GC(42274) Pause Young (Allocation Failure) 127M->127M(130M) 18.148ms
[2020-08-10T13:06:03.987+0300][1303.532s][debug][gc] GC(42275) Expanding ParOldGen from 131072K by 11264K to 142336K
[2020-08-10T13:06:03.987+0300][1303.532s][info ][gc] GC(42275) Pause Full (Ergonomics) 127M->127M(141M) 341.358ms
[2020-08-10T13:06:04.004+0300][1303.548s][info ][gc] GC(42276) Pause Young (Allocation Failure) 128M->128M(141M) 15.663ms
[2020-08-10T13:06:04.022+0300][1303.567s][info ][gc] GC(42277) Pause Young (Allocation Failure) 129M->129M(141M) 18.366ms
[2020-08-10T13:06:04.041+0300][1303.586s][info ][gc] GC(42278) Pause Young (Allocation Failure) 130M->130M(141M) 18.407ms
[2020-08-10T13:06:04.060+0300][1303.605s][info ][gc] GC(42279) Pause Young (Allocation Failure) 131M->131M(141M) 18.690ms
[2020-08-10T13:06:04.080+0300][1303.624s][info ][gc] GC(42280) Pause Young (Allocation Failure) 132M->132M(141M) 19.243ms
[2020-08-10T13:06:04.099+0300][1303.643s][info ][gc] GC(42281) Pause Young (Allocation Failure) 133M->133M(141M) 18.319ms
[2020-08-10T13:06:04.118+0300][1303.662s][info ][gc] GC(42282) Pause Young (Allocation Failure) 134M->134M(141M) 18.309ms
[2020-08-10T13:06:04.137+0300][1303.681s][info ][gc] GC(42283) Pause Young (Allocation Failure) 135M->135M(141M) 18.712ms
[2020-08-10T13:06:04.137+0300][1303.682s][debug][gc] Expanding ParOldGen from 142336K by 19968K to 162304K
[2020-08-10T13:06:04.169+0300][1303.714s][info ][gc] GC(42284) Pause Young (Allocation Failure) 155M->154M(161M) 17.636ms
[2020-08-10T13:06:04.185+0300][1303.729s][info ][gc] GC(42285) Pause Young (Allocation Failure) 155M->155M(161M) 14.965ms
[2020-08-10T13:06:04.200+0300][1303.744s][info ][gc] GC(42286) Pause Young (Allocation Failure) 156M->156M(161M) 14.231ms
[2020-08-10T13:06:04.214+0300][1303.759s][info ][gc] GC(42287) Pause Young (Allocation Failure) 157M->157M(161M) 14.170ms
[2020-08-10T13:06:04.229+0300][1303.774s][info ][gc] GC(42288) Pause Young (Allocation Failure) 158M->158M(161M) 14.232ms
[2020-08-10T13:06:04.284+0300][1303.829s][debug][gc] GC(42289) Shrinking ParOldGen from 162304K by 124928K to 37376K
[2020-08-10T13:06:04.284+0300][1303.829s][info ][gc] GC(42289) Pause Full (Ergonomics) 158M->24M(39M) 54.865ms
[2020-08-10T13:06:04.298+0300][1303.842s][info ][gc] GC(42290) Pause Young (Allocation Failure) 25M->25M(39M) 13.245ms
[2020-08-10T13:06:04.312+0300][1303.857s][info ][gc] GC(42291) Pause Young (Allocation Failure) 26M->26M(39M) 13.784ms
[2020-08-10T13:06:04.327+0300][1303.871s][info ][gc] GC(42292) Pause Young (Allocation Failure) 27M->27M(39M) 13.990ms
[2020-08-10T13:06:04.341+0300][1303.885s][info ][gc] GC(42293) Pause Young (Allocation Failure) 28M->28M(39M) 13.904ms
[2020-08-10T13:06:04.356+0300][1303.900s][info ][gc] GC(42294) Pause Young (Allocation Failure) 29M->29M(39M) 14.042ms
[2020-08-10T13:06:04.370+0300][1303.915s][info ][gc] GC(42295) Pause Young (Allocation Failure) 30M->30M(39M) 13.937ms
[2020-08-10T13:06:04.385+0300][1303.929s][info ][gc] GC(42296) Pause Young (Allocation Failure) 31M->31M(39M) 14.063ms
[2020-08-10T13:06:04.399+0300][1303.944s][info ][gc] GC(42297) Pause Young (Allocation Failure) 32M->32M(39M) 14.037ms
[2020-08-10T13:06:04.414+0300][1303.958s][info ][gc] GC(42298) Pause Young (Allocation Failure) 33M->33M(39M) 13.898ms
[2020-08-10T13:06:04.428+0300][1303.973s][info ][gc] GC(42299) Pause Young (Allocation Failure) 34M->34M(39M) 14.001ms
[2020-08-10T13:06:04.443+0300][1303.988s][info ][gc] GC(42300) Pause Young (Allocation Failure) 35M->35M(39M) 14.040ms
[2020-08-10T13:06:04.458+0300][1304.002s][info ][gc] GC(42301) Pause Young (Allocation Failure) 36M->36M(39M) 14.045ms
[2020-08-10T13:06:04.472+0300][1304.017s][info ][gc] GC(42302) Pause Young (Allocation Failure) 37M->37M(39M) 14.026ms
[2020-08-10T13:06:04.542+0300][1304.086s][debug][gc] GC(42303) Expanding ParOldGen from 37376K by 11264K to 48640K
[2020-08-10T13:06:04.542+0300][1304.086s][info ][gc] GC(42303) Pause Full (Ergonomics) 37M->37M(50M) 69.194ms
[2020-08-10T13:06:04.560+0300][1304.105s][info ][gc] GC(42304) Pause Young (Allocation Failure) 38M->38M(50M) 17.729ms
[2020-08-10T13:06:04.575+0300][1304.119s][info ][gc] GC(42305) Pause Young (Allocation Failure) 39M->38M(50M) 14.142ms
[2020-08-10T13:06:04.590+0300][1304.134s][info ][gc] GC(42306) Pause Young (Allocation Failure) 39M->39M(50M) 14.066ms
[2020-08-10T13:06:04.604+0300][1304.149s][info ][gc] GC(42307) Pause Young (Allocation Failure) 40M->40M(50M) 13.994ms
[2020-08-10T13:06:04.619+0300][1304.163s][info ][gc] GC(42308) Pause Young (Allocation Failure) 41M->41M(50M) 14.086ms
[2020-08-10T13:06:04.633+0300][1304.178s][info ][gc] GC(42309) Pause Young (Allocation Failure) 42M->42M(50M) 14.085ms
[2020-08-10T13:06:04.648+0300][1304.193s][info ][gc] GC(42310) Pause Young (Allocation Failure) 43M->43M(50M) 14.090ms
[2020-08-10T13:06:04.663+0300][1304.207s][info ][gc] GC(42311) Pause Young (Allocation Failure) 44M->44M(50M) 14.098ms
[2020-08-10T13:06:04.677+0300][1304.222s][info ][gc] GC(42312) Pause Young (Allocation Failure) 45M->45M(50M) 13.966ms
[2020-08-10T13:06:04.692+0300][1304.236s][info ][gc] GC(42313) Pause Young (Allocation Failure) 46M->46M(50M) 13.988ms
[2020-08-10T13:06:04.707+0300][1304.251s][info ][gc] GC(42314) Pause Young (Allocation Failure) 47M->47M(49M) 14.276ms
[2020-08-10T13:06:04.804+0300][1304.349s][debug][gc] GC(42315) Expanding ParOldGen from 48640K by 11776K to 60416K
[2020-08-10T13:06:04.805+0300][1304.349s][info ][gc] GC(42315) Pause Full (Ergonomics) 47M->47M(61M) 97.780ms
[2020-08-10T13:06:04.819+0300][1304.363s][info ][gc] GC(42316) Pause Young (Allocation Failure) 48M->48M(61M) 13.479ms
[2020-08-10T13:06:04.833+0300][1304.378s][info ][gc] GC(42317) Pause Young (Allocation Failure) 49M->49M(61M) 13.942ms
[2020-08-10T13:06:04.847+0300][1304.392s][info ][gc] GC(42318) Pause Young (Allocation Failure) 50M->50M(61M) 13.853ms
[2020-08-10T13:06:04.862+0300][1304.407s][info ][gc] GC(42319) Pause Young (Allocation Failure) 51M->51M(61M) 14.049ms
[2020-08-10T13:06:04.877+0300][1304.421s][info ][gc] GC(42320) Pause Young (Allocation Failure) 52M->52M(61M) 14.050ms
[2020-08-10T13:06:04.891+0300][1304.436s][info ][gc] GC(42321) Pause Young (Allocation Failure) 53M->53M(61M) 13.935ms
[2020-08-10T13:06:04.906+0300][1304.450s][info ][gc] GC(42322) Pause Young (Allocation Failure) 54M->54M(61M) 13.946ms
[2020-08-10T13:06:04.920+0300][1304.465s][info ][gc] GC(42323) Pause Young (Allocation Failure) 55M->55M(61M) 13.994ms
[2020-08-10T13:06:04.935+0300][1304.479s][info ][gc] GC(42324) Pause Young (Allocation Failure) 56M->55M(61M) 13.975ms
[2020-08-10T13:06:04.949+0300][1304.494s][info ][gc] GC(42325) Pause Young (Allocation Failure) 56M->56M(61M) 14.055ms
[2020-08-10T13:06:04.964+0300][1304.508s][info ][gc] GC(42326) Pause Young (Allocation Failure) 57M->57M(61M) 13.739ms
[2020-08-10T13:06:04.978+0300][1304.523s][info ][gc] GC(42327) Pause Young (Allocation Failure) 58M->58M(61M) 14.005ms
[2020-08-10T13:06:04.993+0300][1304.537s][info ][gc] GC(42328) Pause Young (Allocation Failure) 59M->59M(61M) 14.039ms
[2020-08-10T13:06:05.124+0300][1304.669s][debug][gc] GC(42329) Expanding ParOldGen from 60416K by 11264K to 71680K
[2020-08-10T13:06:05.125+0300][1304.669s][info ][gc] GC(42329) Pause Full (Ergonomics) 59M->59M(72M) 131.638ms
[2020-08-10T13:06:05.151+0300][1304.695s][info ][gc] GC(42330) Pause Young (Allocation Failure) 60M->60M(72M) 25.735ms
[2020-08-10T13:06:05.166+0300][1304.710s][info ][gc] GC(42331) Pause Young (Allocation Failure) 61M->61M(72M) 14.255ms
[2020-08-10T13:06:05.181+0300][1304.725s][info ][gc] GC(42332) Pause Young (Allocation Failure) 62M->62M(72M) 14.212ms
[2020-08-10T13:06:05.195+0300][1304.740s][info ][gc] GC(42333) Pause Young (Allocation Failure) 63M->63M(72M) 14.148ms
[2020-08-10T13:06:05.210+0300][1304.754s][info ][gc] GC(42334) Pause Young (Allocation Failure) 64M->64M(72M) 14.055ms
[2020-08-10T13:06:05.225+0300][1304.769s][info ][gc] GC(42335) Pause Young (Allocation Failure) 65M->65M(72M) 14.135ms
[2020-08-10T13:06:05.239+0300][1304.784s][info ][gc] GC(42336) Pause Young (Allocation Failure) 66M->66M(72M) 14.221ms
[2020-08-10T13:06:05.254+0300][1304.799s][info ][gc] GC(42337) Pause Young (Allocation Failure) 67M->67M(72M) 14.311ms
[2020-08-10T13:06:05.269+0300][1304.814s][info ][gc] GC(42338) Pause Young (Allocation Failure) 68M->68M(72M) 14.231ms
[2020-08-10T13:06:05.284+0300][1304.828s][info ][gc] GC(42339) Pause Young (Allocation Failure) 69M->69M(72M) 14.237ms
[2020-08-10T13:06:05.299+0300][1304.843s][info ][gc] GC(42340) Pause Young (Allocation Failure) 70M->70M(72M) 14.168ms
[2020-08-10T13:06:05.453+0300][1304.997s][debug][gc] GC(42341) Expanding ParOldGen from 71680K by 11264K to 82944K
[2020-08-10T13:06:05.453+0300][1304.997s][info ][gc] GC(42341) Pause Full (Ergonomics) 70M->70M(83M) 153.858ms
[2020-08-10T13:06:05.482+0300][1305.027s][info ][gc] GC(42342) Pause Young (Allocation Failure) 71M->70M(83M) 28.974ms
[2020-08-10T13:06:05.497+0300][1305.042s][info ][gc] GC(42343) Pause Young (Allocation Failure) 71M->71M(83M) 14.383ms
[2020-08-10T13:06:05.512+0300][1305.057s][info ][gc] GC(42344) Pause Young (Allocation Failure) 72M->72M(83M) 14.157ms
[2020-08-10T13:06:05.527+0300][1305.072s][info ][gc] GC(42345) Pause Young (Allocation Failure) 73M->73M(83M) 14.331ms
[2020-08-10T13:06:05.542+0300][1305.086s][info ][gc] GC(42346) Pause Young (Allocation Failure) 74M->74M(83M) 14.347ms
[2020-08-10T13:06:05.557+0300][1305.101s][info ][gc] GC(42347) Pause Young (Allocation Failure) 75M->75M(83M) 14.295ms
[2020-08-10T13:06:05.572+0300][1305.116s][info ][gc] GC(42348) Pause Young (Allocation Failure) 76M->76M(83M) 14.330ms
[2020-08-10T13:06:05.587+0300][1305.131s][info ][gc] GC(42349) Pause Young (Allocation Failure) 77M->77M(83M) 14.279ms
[2020-08-10T13:06:05.602+0300][1305.146s][info ][gc] GC(42350) Pause Young (Allocation Failure) 78M->78M(83M) 14.356ms
[2020-08-10T13:06:05.617+0300][1305.161s][info ][gc] GC(42351) Pause Young (Allocation Failure) 79M->79M(83M) 14.418ms
[2020-08-10T13:06:05.631+0300][1305.176s][info ][gc] GC(42352) Pause Young (Allocation Failure) 80M->80M(83M) 14.396ms
[2020-08-10T13:06:05.646+0300][1305.191s][info ][gc] GC(42353) Pause Young (Allocation Failure) 81M->81M(83M) 14.291ms
[2020-08-10T13:06:05.837+0300][1305.382s][debug][gc] GC(42354) Expanding ParOldGen from 82944K by 11264K to 94208K
[2020-08-10T13:06:05.838+0300][1305.382s][info ][gc] GC(42354) Pause Full (Ergonomics) 81M->81M(94M) 191.066ms
[2020-08-10T13:06:05.870+0300][1305.414s][info ][gc] GC(42355) Pause Young (Allocation Failure) 82M->82M(94M) 31.414ms
[2020-08-10T13:06:05.885+0300][1305.429s][info ][gc] GC(42356) Pause Young (Allocation Failure) 83M->83M(94M) 14.409ms
[2020-08-10T13:06:05.900+0300][1305.444s][info ][gc] GC(42357) Pause Young (Allocation Failure) 84M->84M(94M) 14.452ms
[2020-08-10T13:06:05.915+0300][1305.459s][info ][gc] GC(42358) Pause Young (Allocation Failure) 85M->85M(94M) 14.660ms
[2020-08-10T13:06:05.930+0300][1305.475s][info ][gc] GC(42359) Pause Young (Allocation Failure) 86M->86M(94M) 14.673ms
[2020-08-10T13:06:05.946+0300][1305.490s][info ][gc] GC(42360) Pause Young (Allocation Failure) 87M->87M(94M) 14.881ms
[2020-08-10T13:06:05.961+0300][1305.506s][info ][gc] GC(42361) Pause Young (Allocation Failure) 88M->87M(94M) 15.078ms
[2020-08-10T13:06:05.977+0300][1305.522s][info ][gc] GC(42362) Pause Young (Allocation Failure) 88M->88M(93M) 15.290ms
[2020-08-10T13:06:05.992+0300][1305.537s][info ][gc] GC(42363) Pause Young (Allocation Failure) 89M->89M(94M) 14.185ms
[2020-08-10T13:06:06.008+0300][1305.552s][info ][gc] GC(42364) Pause Young (Allocation Failure) 90M->90M(94M) 14.949ms
[2020-08-10T13:06:06.024+0300][1305.568s][info ][gc] GC(42365) Pause Young (Allocation Failure) 91M->91M(94M) 15.227ms
[2020-08-10T13:06:06.251+0300][1305.796s][debug][gc] GC(42366) Expanding ParOldGen from 94208K by 11264K to 105472K
[2020-08-10T13:06:06.252+0300][1305.796s][info ][gc] GC(42366) Pause Full (Ergonomics) 91M->91M(105M) 227.770ms
[2020-08-10T13:06:06.266+0300][1305.810s][info ][gc] GC(42367) Pause Young (Allocation Failure) 92M->92M(105M) 13.739ms
[2020-08-10T13:06:06.282+0300][1305.826s][info ][gc] GC(42368) Pause Young (Allocation Failure) 93M->93M(105M) 15.041ms
[2020-08-10T13:06:06.297+0300][1305.842s][info ][gc] GC(42369) Pause Young (Allocation Failure) 94M->94M(105M) 15.224ms
[2020-08-10T13:06:06.313+0300][1305.858s][info ][gc] GC(42370) Pause Young (Allocation Failure) 95M->95M(105M) 15.365ms
[2020-08-10T13:06:06.329+0300][1305.874s][info ][gc] GC(42371) Pause Young (Allocation Failure) 96M->96M(105M) 15.419ms
[2020-08-10T13:06:06.345+0300][1305.890s][info ][gc] GC(42372) Pause Young (Allocation Failure) 97M->97M(105M) 15.471ms
[2020-08-10T13:06:06.361+0300][1305.906s][info ][gc] GC(42373) Pause Young (Allocation Failure) 98M->98M(105M) 15.471ms
[2020-08-10T13:06:06.378+0300][1305.922s][info ][gc] GC(42374) Pause Young (Allocation Failure) 99M->99M(105M) 15.691ms
[2020-08-10T13:06:06.394+0300][1305.939s][info ][gc] GC(42375) Pause Young (Allocation Failure) 100M->100M(105M) 15.658ms
[2020-08-10T13:06:06.410+0300][1305.955s][info ][gc] GC(42376) Pause Young (Allocation Failure) 101M->101M(105M) 15.750ms
[2020-08-10T13:06:06.427+0300][1305.971s][info ][gc] GC(42377) Pause Young (Allocation Failure) 102M->102M(105M) 15.844ms
[2020-08-10T13:06:06.443+0300][1305.988s][info ][gc] GC(42378) Pause Young (Allocation Failure) 103M->103M(105M) 16.134ms
[2020-08-10T13:06:06.695+0300][1306.240s][debug][gc] GC(42379) Expanding ParOldGen from 105472K by 11776K to 117248K
[2020-08-10T13:06:06.695+0300][1306.240s][info ][gc] GC(42379) Pause Full (Ergonomics) 103M->102M(117M) 251.601ms
[2020-08-10T13:06:06.710+0300][1306.254s][info ][gc] GC(42380) Pause Young (Allocation Failure) 103M->103M(117M) 13.751ms
[2020-08-10T13:06:06.726+0300][1306.271s][info ][gc] GC(42381) Pause Young (Allocation Failure) 104M->104M(117M) 16.021ms
[2020-08-10T13:06:06.743+0300][1306.287s][info ][gc] GC(42382) Pause Young (Allocation Failure) 105M->105M(117M) 16.023ms
[2020-08-10T13:06:06.760+0300][1306.304s][info ][gc] GC(42383) Pause Young (Allocation Failure) 106M->106M(117M) 16.357ms
[2020-08-10T13:06:06.777+0300][1306.321s][info ][gc] GC(42384) Pause Young (Allocation Failure) 107M->107M(117M) 16.347ms
[2020-08-10T13:06:06.794+0300][1306.338s][info ][gc] GC(42385) Pause Young (Allocation Failure) 108M->108M(117M) 16.407ms
[2020-08-10T13:06:06.811+0300][1306.355s][info ][gc] GC(42386) Pause Young (Allocation Failure) 109M->109M(117M) 16.477ms
[2020-08-10T13:06:06.828+0300][1306.372s][info ][gc] GC(42387) Pause Young (Allocation Failure) 110M->110M(117M) 16.699ms
[2020-08-10T13:06:06.845+0300][1306.390s][info ][gc] GC(42388) Pause Young (Allocation Failure) 111M->111M(117M) 16.938ms
[2020-08-10T13:06:06.863+0300][1306.407s][info ][gc] GC(42389) Pause Young (Allocation Failure) 112M->112M(117M) 16.831ms
[2020-08-10T13:06:06.880+0300][1306.425s][info ][gc] GC(42390) Pause Young (Allocation Failure) 113M->113M(117M) 16.721ms
[2020-08-10T13:06:06.897+0300][1306.442s][info ][gc] GC(42391) Pause Young (Allocation Failure) 114M->114M(117M) 16.616ms
[2020-08-10T13:06:06.915+0300][1306.459s][info ][gc] GC(42392) Pause Young (Allocation Failure) 115M->115M(117M) 16.797ms
[2020-08-10T13:06:07.206+0300][1306.750s][debug][gc] GC(42393) Expanding ParOldGen from 117248K by 11264K to 128512K
[2020-08-10T13:06:07.206+0300][1306.751s][info ][gc] GC(42393) Pause Full (Ergonomics) 115M->115M(128M) 291.281ms
[2020-08-10T13:06:07.243+0300][1306.788s][info ][gc] GC(42394) Pause Young (Allocation Failure) 116M->116M(128M) 36.849ms
[2020-08-10T13:06:07.261+0300][1306.806s][info ][gc] GC(42395) Pause Young (Allocation Failure) 117M->117M(128M) 17.706ms
[2020-08-10T13:06:07.280+0300][1306.824s][info ][gc] GC(42396) Pause Young (Allocation Failure) 118M->118M(128M) 17.860ms
[2020-08-10T13:06:07.298+0300][1306.843s][info ][gc] GC(42397) Pause Young (Allocation Failure) 119M->119M(128M) 17.754ms
[2020-08-10T13:06:07.317+0300][1306.861s][info ][gc] GC(42398) Pause Young (Allocation Failure) 120M->119M(128M) 18.047ms
[2020-08-10T13:06:07.335+0300][1306.880s][info ][gc] GC(42399) Pause Young (Allocation Failure) 120M->120M(128M) 18.208ms
[2020-08-10T13:06:07.354+0300][1306.899s][info ][gc] GC(42400) Pause Young (Allocation Failure) 121M->121M(128M) 18.087ms
[2020-08-10T13:06:07.372+0300][1306.917s][info ][gc] GC(42401) Pause Young (Allocation Failure) 122M->122M(128M) 17.955ms
[2020-08-10T13:06:07.391+0300][1306.936s][info ][gc] GC(42402) Pause Young (Allocation Failure) 123M->123M(128M) 18.418ms
[2020-08-10T13:06:07.410+0300][1306.955s][info ][gc] GC(42403) Pause Young (Allocation Failure) 124M->124M(128M) 18.442ms
[2020-08-10T13:06:07.461+0300][1307.005s][info ][gc] GC(42404) Pause Young (Allocation Failure) 125M->125M(128M) 50.155ms
[2020-08-10T13:06:07.799+0300][1307.344s][debug][gc] GC(42405) Expanding ParOldGen from 128512K by 11264K to 139776K
[2020-08-10T13:06:07.799+0300][1307.344s][info ][gc] GC(42405) Pause Full (Ergonomics) 125M->125M(139M) 338.596ms
[2020-08-10T13:06:07.833+0300][1307.378s][info ][gc] GC(42406) Pause Young (Allocation Failure) 126M->126M(139M) 33.751ms
[2020-08-10T13:06:07.853+0300][1307.397s][info ][gc] GC(42407) Pause Young (Allocation Failure) 127M->127M(139M) 18.821ms
[2020-08-10T13:06:07.872+0300][1307.417s][info ][gc] GC(42408) Pause Young (Allocation Failure) 128M->128M(139M) 18.601ms
[2020-08-10T13:06:07.891+0300][1307.436s][info ][gc] GC(42409) Pause Young (Allocation Failure) 129M->129M(139M) 18.742ms
[2020-08-10T13:06:07.910+0300][1307.455s][info ][gc] GC(42410) Pause Young (Allocation Failure) 130M->130M(139M) 18.910ms
[2020-08-10T13:06:07.929+0300][1307.474s][info ][gc] GC(42411) Pause Young (Allocation Failure) 131M->131M(139M) 18.722ms
[2020-08-10T13:06:07.949+0300][1307.494s][info ][gc] GC(42412) Pause Young (Allocation Failure) 132M->132M(139M) 19.337ms
[2020-08-10T13:06:07.969+0300][1307.513s][info ][gc] GC(42413) Pause Young (Allocation Failure) 133M->133M(139M) 19.199ms
[2020-08-10T13:06:07.988+0300][1307.533s][info ][gc] GC(42414) Pause Young (Allocation Failure) 134M->134M(139M) 19.384ms
[2020-08-10T13:06:08.008+0300][1307.553s][info ][gc] GC(42415) Pause Young (Allocation Failure) 135M->135M(139M) 19.217ms
[2020-08-10T13:06:08.009+0300][1307.553s][debug][gc] Expanding ParOldGen from 139776K by 19968K to 159744K
[2020-08-10T13:06:08.035+0300][1307.580s][info ][gc] GC(42416) Pause Young (Allocation Failure) 155M->155M(158M) 18.405ms
[2020-08-10T13:06:08.052+0300][1307.596s][info ][gc] GC(42417) Pause Young (Allocation Failure) 156M->156M(158M) 15.744ms
[2020-08-10T13:06:08.094+0300][1307.639s][debug][gc] GC(42418) Shrinking ParOldGen from 159744K by 125440K to 34304K
[2020-08-10T13:06:08.094+0300][1307.639s][info ][gc] GC(42418) Pause Full (Ergonomics) 156M->22M(36M) 42.101ms
[2020-08-10T13:06:08.108+0300][1307.652s][info ][gc] GC(42419) Pause Young (Allocation Failure) 23M->23M(36M) 13.137ms
[2020-08-10T13:06:08.122+0300][1307.666s][info ][gc] GC(42420) Pause Young (Allocation Failure) 24M->24M(36M) 13.777ms
[2020-08-10T13:06:08.136+0300][1307.681s][info ][gc] GC(42421) Pause Young (Allocation Failure) 25M->25M(36M) 13.920ms
[2020-08-10T13:06:08.151+0300][1307.695s][info ][gc] GC(42422) Pause Young (Allocation Failure) 26M->26M(36M) 13.985ms
[2020-08-10T13:06:08.165+0300][1307.710s][info ][gc] GC(42423) Pause Young (Allocation Failure) 27M->27M(36M) 13.988ms
[2020-08-10T13:06:08.180+0300][1307.724s][info ][gc] GC(42424) Pause Young (Allocation Failure) 28M->28M(36M) 13.952ms
[2020-08-10T13:06:08.194+0300][1307.739s][info ][gc] GC(42425) Pause Young (Allocation Failure) 29M->29M(36M) 14.047ms
[2020-08-10T13:06:08.209+0300][1307.754s][info ][gc] GC(42426) Pause Young (Allocation Failure) 30M->29M(36M) 13.934ms
[2020-08-10T13:06:08.224+0300][1307.768s][info ][gc] GC(42427) Pause Young (Allocation Failure) 30M->30M(36M) 14.047ms
[2020-08-10T13:06:08.238+0300][1307.783s][info ][gc] GC(42428) Pause Young (Allocation Failure) 31M->31M(36M) 13.909ms
[2020-08-10T13:06:08.252+0300][1307.797s][info ][gc] GC(42429) Pause Young (Allocation Failure) 32M->32M(36M) 13.659ms
[2020-08-10T13:06:08.266+0300][1307.811s][info ][gc] GC(42430) Pause Young (Allocation Failure) 33M->33M(36M) 13.814ms
[2020-08-10T13:06:08.327+0300][1307.872s][debug][gc] GC(42431) Expanding ParOldGen from 34304K by 11264K to 45568K
[2020-08-10T13:06:08.328+0300][1307.872s][info ][gc] GC(42431) Pause Full (Ergonomics) 33M->33M(47M) 61.176ms
[2020-08-10T13:06:08.345+0300][1307.890s][info ][gc] GC(42432) Pause Young (Allocation Failure) 34M->34M(47M) 16.785ms
[2020-08-10T13:06:08.360+0300][1307.904s][info ][gc] GC(42433) Pause Young (Allocation Failure) 35M->35M(47M) 14.022ms
[2020-08-10T13:06:08.374+0300][1307.919s][info ][gc] GC(42434) Pause Young (Allocation Failure) 36M->36M(47M) 14.046ms
[2020-08-10T13:06:08.389+0300][1307.934s][info ][gc] GC(42435) Pause Young (Allocation Failure) 37M->37M(47M) 14.046ms
[2020-08-10T13:06:08.404+0300][1307.948s][info ][gc] GC(42436) Pause Young (Allocation Failure) 38M->38M(47M) 14.072ms
[2020-08-10T13:06:08.418+0300][1307.963s][info ][gc] GC(42437) Pause Young (Allocation Failure) 39M->39M(46M) 14.168ms
[2020-08-10T13:06:08.433+0300][1307.978s][info ][gc] GC(42438) Pause Young (Allocation Failure) 40M->40M(46M) 14.295ms
[2020-08-10T13:06:08.448+0300][1307.992s][info ][gc] GC(42439) Pause Young (Allocation Failure) 41M->41M(46M) 14.050ms
[2020-08-10T13:06:08.462+0300][1308.007s][info ][gc] GC(42440) Pause Young (Allocation Failure) 42M->42M(47M) 14.043ms
[2020-08-10T13:06:08.477+0300][1308.021s][info ][gc] GC(42441) Pause Young (Allocation Failure) 43M->43M(47M) 13.964ms
[2020-08-10T13:06:08.491+0300][1308.036s][info ][gc] GC(42442) Pause Young (Allocation Failure) 44M->44M(47M) 13.882ms
[2020-08-10T13:06:08.505+0300][1308.050s][info ][gc] GC(42443) Pause Young (Allocation Failure) 45M->45M(47M) 14.001ms
[2020-08-10T13:06:08.616+0300][1308.160s][debug][gc] GC(42444) Expanding ParOldGen from 45568K by 11776K to 57344K
[2020-08-10T13:06:08.616+0300][1308.161s][info ][gc] GC(42444) Pause Full (Ergonomics) 45M->44M(58M) 110.206ms
[2020-08-10T13:06:08.651+0300][1308.196s][info ][gc] GC(42445) Pause Young (Allocation Failure) 45M->45M(58M) 34.099ms
[2020-08-10T13:06:08.668+0300][1308.213s][info ][gc] GC(42446) Pause Young (Allocation Failure) 46M->46M(58M) 16.745ms
[2020-08-10T13:06:08.683+0300][1308.227s][info ][gc] GC(42447) Pause Young (Allocation Failure) 47M->47M(58M) 13.940ms
[2020-08-10T13:06:08.706+0300][1308.250s][info ][gc] GC(42448) Pause Young (Allocation Failure) 48M->48M(58M) 22.620ms
[2020-08-10T13:06:08.720+0300][1308.265s][info ][gc] GC(42449) Pause Young (Allocation Failure) 49M->49M(58M) 13.788ms
[2020-08-10T13:06:08.734+0300][1308.279s][info ][gc] GC(42450) Pause Young (Allocation Failure) 50M->50M(58M) 13.972ms
[2020-08-10T13:06:08.749+0300][1308.294s][info ][gc] GC(42451) Pause Young (Allocation Failure) 51M->51M(58M) 13.991ms
[2020-08-10T13:06:08.763+0300][1308.308s][info ][gc] GC(42452) Pause Young (Allocation Failure) 52M->52M(58M) 13.899ms
[2020-08-10T13:06:08.778+0300][1308.322s][info ][gc] GC(42453) Pause Young (Allocation Failure) 53M->53M(58M) 13.829ms
[2020-08-10T13:06:08.792+0300][1308.337s][info ][gc] GC(42454) Pause Young (Allocation Failure) 54M->54M(58M) 14.015ms
[2020-08-10T13:06:08.807+0300][1308.351s][info ][gc] GC(42455) Pause Young (Allocation Failure) 55M->55M(58M) 14.007ms
[2020-08-10T13:06:08.821+0300][1308.366s][info ][gc] GC(42456) Pause Young (Allocation Failure) 56M->56M(58M) 14.116ms
[2020-08-10T13:06:08.942+0300][1308.486s][debug][gc] GC(42457) Expanding ParOldGen from 57344K by 11264K to 68608K
[2020-08-10T13:06:08.942+0300][1308.486s][info ][gc] GC(42457) Pause Full (Ergonomics) 56M->56M(69M) 120.127ms
[2020-08-10T13:06:08.965+0300][1308.510s][info ][gc] GC(42458) Pause Young (Allocation Failure) 57M->57M(69M) 22.919ms
[2020-08-10T13:06:08.980+0300][1308.525s][info ][gc] GC(42459) Pause Young (Allocation Failure) 58M->58M(69M) 14.302ms
[2020-08-10T13:06:08.995+0300][1308.540s][info ][gc] GC(42460) Pause Young (Allocation Failure) 59M->59M(69M) 14.091ms
[2020-08-10T13:06:09.010+0300][1308.554s][info ][gc] GC(42461) Pause Young (Allocation Failure) 60M->60M(69M) 14.292ms
[2020-08-10T13:06:09.024+0300][1308.569s][info ][gc] GC(42462) Pause Young (Allocation Failure) 61M->60M(69M) 14.058ms
[2020-08-10T13:06:09.039+0300][1308.584s][info ][gc] GC(42463) Pause Young (Allocation Failure) 61M->61M(69M) 14.262ms
[2020-08-10T13:06:09.054+0300][1308.599s][info ][gc] GC(42464) Pause Young (Allocation Failure) 62M->62M(69M) 14.076ms
[2020-08-10T13:06:09.069+0300][1308.613s][info ][gc] GC(42465) Pause Young (Allocation Failure) 63M->63M(69M) 14.185ms
[2020-08-10T13:06:09.083+0300][1308.628s][info ][gc] GC(42466) Pause Young (Allocation Failure) 64M->64M(69M) 13.933ms
[2020-08-10T13:06:09.098+0300][1308.642s][info ][gc] GC(42467) Pause Young (Allocation Failure) 65M->65M(69M) 14.105ms
[2020-08-10T13:06:09.112+0300][1308.657s][info ][gc] GC(42468) Pause Young (Allocation Failure) 66M->66M(69M) 14.028ms
[2020-08-10T13:06:09.127+0300][1308.672s][info ][gc] GC(42469) Pause Young (Allocation Failure) 67M->67M(69M) 14.302ms
[2020-08-10T13:06:09.285+0300][1308.829s][debug][gc] GC(42470) Expanding ParOldGen from 68608K by 11264K to 79872K
[2020-08-10T13:06:09.285+0300][1308.829s][info ][gc] GC(42470) Pause Full (Ergonomics) 67M->67M(80M) 157.570ms
[2020-08-10T13:06:09.314+0300][1308.859s][info ][gc] GC(42471) Pause Young (Allocation Failure) 68M->68M(80M) 29.226ms
[2020-08-10T13:06:09.329+0300][1308.874s][info ][gc] GC(42472) Pause Young (Allocation Failure) 69M->69M(80M) 14.381ms
[2020-08-10T13:06:09.344+0300][1308.889s][info ][gc] GC(42473) Pause Young (Allocation Failure) 70M->70M(80M) 14.170ms
[2020-08-10T13:06:09.359+0300][1308.904s][info ][gc] GC(42474) Pause Young (Allocation Failure) 71M->71M(80M) 14.255ms
[2020-08-10T13:06:09.395+0300][1308.940s][info ][gc] GC(42475) Pause Young (Allocation Failure) 72M->72M(80M) 35.569ms
[2020-08-10T13:06:09.410+0300][1308.955s][info ][gc] GC(42476) Pause Young (Allocation Failure) 73M->73M(80M) 14.374ms
[2020-08-10T13:06:09.425+0300][1308.970s][info ][gc] GC(42477) Pause Young (Allocation Failure) 74M->74M(80M) 14.436ms
[2020-08-10T13:06:09.440+0300][1308.985s][info ][gc] GC(42478) Pause Young (Allocation Failure) 75M->75M(80M) 14.278ms
[2020-08-10T13:06:09.455+0300][1309.000s][info ][gc] GC(42479) Pause Young (Allocation Failure) 76M->76M(80M) 14.474ms
[2020-08-10T13:06:09.470+0300][1309.014s][info ][gc] GC(42480) Pause Young (Allocation Failure) 77M->77M(79M) 14.084ms
[2020-08-10T13:06:09.484+0300][1309.029s][info ][gc] GC(42481) Pause Young (Allocation Failure) 78M->77M(80M) 14.400ms
[2020-08-10T13:06:09.664+0300][1309.209s][debug][gc] GC(42482) Expanding ParOldGen from 79872K by 11776K to 91648K
[2020-08-10T13:06:09.664+0300][1309.209s][info ][gc] GC(42482) Pause Full (Ergonomics) 77M->77M(92M) 179.685ms
[2020-08-10T13:06:09.695+0300][1309.239s][info ][gc] GC(42483) Pause Young (Allocation Failure) 78M->78M(92M) 29.572ms
[2020-08-10T13:06:09.711+0300][1309.255s][info ][gc] GC(42484) Pause Young (Allocation Failure) 79M->79M(92M) 15.343ms
[2020-08-10T13:06:09.726+0300][1309.271s][info ][gc] GC(42485) Pause Young (Allocation Failure) 80M->80M(92M) 14.919ms
[2020-08-10T13:06:09.741+0300][1309.285s][info ][gc] GC(42486) Pause Young (Allocation Failure) 81M->81M(92M) 14.010ms
[2020-08-10T13:06:09.756+0300][1309.301s][info ][gc] GC(42487) Pause Young (Allocation Failure) 82M->82M(92M) 15.302ms
[2020-08-10T13:06:09.772+0300][1309.317s][info ][gc] GC(42488) Pause Young (Allocation Failure) 83M->83M(92M) 15.326ms
[2020-08-10T13:06:09.788+0300][1309.332s][info ][gc] GC(42489) Pause Young (Allocation Failure) 84M->84M(92M) 14.815ms
[2020-08-10T13:06:09.803+0300][1309.347s][info ][gc] GC(42490) Pause Young (Allocation Failure) 85M->85M(92M) 14.342ms
[2020-08-10T13:06:09.818+0300][1309.363s][info ][gc] GC(42491) Pause Young (Allocation Failure) 86M->86M(92M) 14.603ms
[2020-08-10T13:06:09.833+0300][1309.378s][info ][gc] GC(42492) Pause Young (Allocation Failure) 87M->87M(92M) 14.704ms
[2020-08-10T13:06:09.849+0300][1309.393s][info ][gc] GC(42493) Pause Young (Allocation Failure) 88M->88M(92M) 14.826ms
[2020-08-10T13:06:09.864+0300][1309.409s][info ][gc] GC(42494) Pause Young (Allocation Failure) 89M->89M(92M) 14.633ms
[2020-08-10T13:06:09.879+0300][1309.424s][info ][gc] GC(42495) Pause Young (Allocation Failure) 90M->90M(92M) 14.810ms
[2020-08-10T13:06:10.095+0300][1309.640s][debug][gc] GC(42496) Expanding ParOldGen from 91648K by 11264K to 102912K
[2020-08-10T13:06:10.096+0300][1309.640s][info ][gc] GC(42496) Pause Full (Ergonomics) 90M->90M(103M) 216.264ms
[2020-08-10T13:06:10.131+0300][1309.675s][info ][gc] GC(42497) Pause Young (Allocation Failure) 91M->91M(103M) 34.337ms
[2020-08-10T13:06:10.146+0300][1309.691s][info ][gc] GC(42498) Pause Young (Allocation Failure) 92M->91M(103M) 15.214ms
[2020-08-10T13:06:10.162+0300][1309.707s][info ][gc] GC(42499) Pause Young (Allocation Failure) 92M->92M(103M) 15.133ms
[2020-08-10T13:06:10.178+0300][1309.723s][info ][gc] GC(42500) Pause Young (Allocation Failure) 93M->93M(103M) 15.483ms
[2020-08-10T13:06:10.194+0300][1309.739s][info ][gc] GC(42501) Pause Young (Allocation Failure) 94M->94M(103M) 15.735ms
[2020-08-10T13:06:10.211+0300][1309.756s][info ][gc] GC(42502) Pause Young (Allocation Failure) 95M->95M(103M) 15.919ms
[2020-08-10T13:06:10.227+0300][1309.772s][info ][gc] GC(42503) Pause Young (Allocation Failure) 96M->96M(103M) 15.683ms
[2020-08-10T13:06:10.243+0300][1309.788s][info ][gc] GC(42504) Pause Young (Allocation Failure) 97M->97M(103M) 15.823ms
[2020-08-10T13:06:10.260+0300][1309.805s][info ][gc] GC(42505) Pause Young (Allocation Failure) 98M->98M(103M) 16.025ms
[2020-08-10T13:06:10.277+0300][1309.822s][info ][gc] GC(42506) Pause Young (Allocation Failure) 99M->99M(103M) 16.141ms
[2020-08-10T13:06:10.294+0300][1309.838s][info ][gc] GC(42507) Pause Young (Allocation Failure) 100M->100M(103M) 16.214ms
[2020-08-10T13:06:10.541+0300][1310.086s][debug][gc] GC(42508) Expanding ParOldGen from 102912K by 11264K to 114176K
[2020-08-10T13:06:10.541+0300][1310.086s][info ][gc] GC(42508) Pause Full (Ergonomics) 100M->100M(114M) 247.266ms
[2020-08-10T13:06:10.555+0300][1310.100s][info ][gc] GC(42509) Pause Young (Allocation Failure) 101M->101M(114M) 13.620ms
[2020-08-10T13:06:10.572+0300][1310.116s][info ][gc] GC(42510) Pause Young (Allocation Failure) 102M->102M(114M) 15.770ms
[2020-08-10T13:06:10.588+0300][1310.133s][info ][gc] GC(42511) Pause Young (Allocation Failure) 103M->103M(114M) 16.127ms
[2020-08-10T13:06:10.605+0300][1310.149s][info ][gc] GC(42512) Pause Young (Allocation Failure) 104M->104M(114M) 16.057ms
[2020-08-10T13:06:10.621+0300][1310.166s][info ][gc] GC(42513) Pause Young (Allocation Failure) 105M->105M(114M) 16.224ms
[2020-08-10T13:06:10.638+0300][1310.183s][info ][gc] GC(42514) Pause Young (Allocation Failure) 106M->106M(114M) 16.043ms
[2020-08-10T13:06:10.655+0300][1310.200s][info ][gc] GC(42515) Pause Young (Allocation Failure) 107M->107M(114M) 16.336ms
[2020-08-10T13:06:10.672+0300][1310.216s][info ][gc] GC(42516) Pause Young (Allocation Failure) 108M->108M(114M) 16.381ms
[2020-08-10T13:06:10.689+0300][1310.233s][info ][gc] GC(42517) Pause Young (Allocation Failure) 109M->109M(114M) 16.268ms
[2020-08-10T13:06:10.705+0300][1310.250s][info ][gc] GC(42518) Pause Young (Allocation Failure) 110M->109M(114M) 16.456ms
[2020-08-10T13:06:10.722+0300][1310.267s][info ][gc] GC(42519) Pause Young (Allocation Failure) 110M->110M(114M) 16.528ms
[2020-08-10T13:06:10.740+0300][1310.284s][info ][gc] GC(42520) Pause Young (Allocation Failure) 111M->111M(114M) 16.712ms
[2020-08-10T13:06:11.017+0300][1310.562s][debug][gc] GC(42521) Expanding ParOldGen from 114176K by 11264K to 125440K
[2020-08-10T13:06:11.018+0300][1310.562s][info ][gc] GC(42521) Pause Full (Ergonomics) 111M->111M(125M) 277.998ms
[2020-08-10T13:06:11.051+0300][1310.596s][info ][gc] GC(42522) Pause Young (Allocation Failure) 112M->112M(125M) 32.852ms
[2020-08-10T13:06:11.069+0300][1310.613s][info ][gc] GC(42523) Pause Young (Allocation Failure) 113M->113M(125M) 17.001ms
[2020-08-10T13:06:11.086+0300][1310.631s][info ][gc] GC(42524) Pause Young (Allocation Failure) 114M->114M(125M) 16.838ms
[2020-08-10T13:06:11.103+0300][1310.648s][info ][gc] GC(42525) Pause Young (Allocation Failure) 115M->115M(125M) 16.866ms
[2020-08-10T13:06:11.121+0300][1310.666s][info ][gc] GC(42526) Pause Young (Allocation Failure) 116M->116M(125M) 17.112ms
[2020-08-10T13:06:11.138+0300][1310.683s][info ][gc] GC(42527) Pause Young (Allocation Failure) 117M->117M(125M) 17.243ms
[2020-08-10T13:06:11.156+0300][1310.701s][info ][gc] GC(42528) Pause Young (Allocation Failure) 118M->118M(125M) 17.335ms
[2020-08-10T13:06:11.174+0300][1310.719s][info ][gc] GC(42529) Pause Young (Allocation Failure) 119M->119M(125M) 17.240ms
[2020-08-10T13:06:11.192+0300][1310.737s][info ][gc] GC(42530) Pause Young (Allocation Failure) 120M->120M(125M) 17.710ms
[2020-08-10T13:06:11.210+0300][1310.755s][info ][gc] GC(42531) Pause Young (Allocation Failure) 121M->121M(125M) 17.445ms
[2020-08-10T13:06:11.228+0300][1310.772s][info ][gc] GC(42532) Pause Young (Allocation Failure) 122M->122M(125M) 17.457ms
[2020-08-10T13:06:11.245+0300][1310.790s][info ][gc] GC(42533) Pause Young (Allocation Failure) 123M->123M(125M) 17.407ms
[2020-08-10T13:06:11.695+0300][1311.240s][debug][gc] GC(42534) Expanding ParOldGen from 125440K by 11264K to 136704K
[2020-08-10T13:06:11.695+0300][1311.240s][info ][gc] GC(42534) Pause Full (Ergonomics) 123M->123M(136M) 449.881ms
[2020-08-10T13:06:11.729+0300][1311.274s][info ][gc] GC(42535) Pause Young (Allocation Failure) 124M->123M(136M) 33.148ms
[2020-08-10T13:06:11.747+0300][1311.292s][info ][gc] GC(42536) Pause Young (Allocation Failure) 124M->124M(136M) 17.795ms
[2020-08-10T13:06:11.765+0300][1311.310s][info ][gc] GC(42537) Pause Young (Allocation Failure) 125M->125M(136M) 17.905ms
[2020-08-10T13:06:11.785+0300][1311.330s][info ][gc] GC(42538) Pause Young (Allocation Failure) 126M->126M(136M) 18.667ms
[2020-08-10T13:06:11.803+0300][1311.348s][info ][gc] GC(42539) Pause Young (Allocation Failure) 127M->127M(136M) 17.946ms
[2020-08-10T13:06:11.822+0300][1311.367s][info ][gc] GC(42540) Pause Young (Allocation Failure) 128M->128M(136M) 18.047ms
[2020-08-10T13:06:11.841+0300][1311.386s][info ][gc] GC(42541) Pause Young (Allocation Failure) 129M->129M(136M) 18.378ms
[2020-08-10T13:06:11.859+0300][1311.404s][info ][gc] GC(42542) Pause Young (Allocation Failure) 130M->130M(136M) 18.001ms
[2020-08-10T13:06:11.878+0300][1311.423s][info ][gc] GC(42543) Pause Young (Allocation Failure) 131M->131M(136M) 18.277ms
[2020-08-10T13:06:11.897+0300][1311.442s][info ][gc] GC(42544) Pause Young (Allocation Failure) 132M->132M(136M) 18.342ms
[2020-08-10T13:06:11.915+0300][1311.460s][info ][gc] GC(42545) Pause Young (Allocation Failure) 133M->133M(136M) 18.302ms
[2020-08-10T13:06:12.258+0300][1311.803s][debug][gc] GC(42546) Expanding ParOldGen from 136704K by 11264K to 147968K
[2020-08-10T13:06:12.258+0300][1311.803s][info ][gc] GC(42546) Pause Full (Ergonomics) 133M->133M(147M) 342.842ms
[2020-08-10T13:06:12.274+0300][1311.819s][info ][gc] GC(42547) Pause Young (Allocation Failure) 134M->134M(147M) 15.336ms
[2020-08-10T13:06:12.293+0300][1311.838s][info ][gc] GC(42548) Pause Young (Allocation Failure) 135M->135M(147M) 18.303ms
[2020-08-10T13:06:12.293+0300][1311.838s][debug][gc] Expanding ParOldGen from 147968K by 19968K to 167936K
[2020-08-10T13:06:12.331+0300][1311.876s][info ][gc] GC(42549) Pause Young (Allocation Failure) 155M->155M(166M) 30.377ms
[2020-08-10T13:06:12.359+0300][1311.904s][info ][gc] GC(42550) Pause Young (Allocation Failure) 156M->156M(166M) 27.347ms
[2020-08-10T13:06:12.386+0300][1311.931s][info ][gc] GC(42551) Pause Young (Allocation Failure) 157M->157M(166M) 26.160ms
[2020-08-10T13:06:12.413+0300][1311.957s][info ][gc] GC(42552) Pause Young (Allocation Failure) 158M->158M(166M) 26.065ms
[2020-08-10T13:06:12.439+0300][1311.984s][info ][gc] GC(42553) Pause Young (Allocation Failure) 159M->159M(166M) 25.838ms
[2020-08-10T13:06:12.465+0300][1312.010s][info ][gc] GC(42554) Pause Young (Allocation Failure) 160M->160M(166M) 25.806ms
[2020-08-10T13:06:12.491+0300][1312.036s][info ][gc] GC(42555) Pause Young (Allocation Failure) 161M->161M(166M) 25.842ms
[2020-08-10T13:06:12.518+0300][1312.063s][info ][gc] GC(42556) Pause Young (Allocation Failure) 162M->162M(166M) 26.428ms
[2020-08-10T13:06:12.544+0300][1312.089s][info ][gc] GC(42557) Pause Young (Allocation Failure) 163M->162M(166M) 26.105ms
[2020-08-10T13:06:12.571+0300][1312.116s][info ][gc] GC(42558) Pause Young (Allocation Failure) 163M->163M(166M) 26.137ms
[2020-08-10T13:06:12.696+0300][1312.241s][debug][gc] GC(42559) Shrinking ParOldGen from 167936K by 125440K to 42496K
[2020-08-10T13:06:12.696+0300][1312.241s][info ][gc] GC(42559) Pause Full (Ergonomics) 163M->30M(44M) 125.139ms
[2020-08-10T13:06:12.725+0300][1312.269s][info ][gc] GC(42560) Pause Young (Allocation Failure) 31M->31M(44M) 27.537ms
[2020-08-10T13:06:12.738+0300][1312.283s][info ][gc] GC(42561) Pause Young (Allocation Failure) 32M->32M(44M) 13.392ms
[2020-08-10T13:06:12.752+0300][1312.297s][info ][gc] GC(42562) Pause Young (Allocation Failure) 33M->33M(44M) 13.457ms
[2020-08-10T13:06:12.766+0300][1312.311s][info ][gc] GC(42563) Pause Young (Allocation Failure) 34M->34M(44M) 13.520ms
[2020-08-10T13:06:12.780+0300][1312.325s][info ][gc] GC(42564) Pause Young (Allocation Failure) 35M->34M(44M) 13.450ms
[2020-08-10T13:06:12.794+0300][1312.339s][info ][gc] GC(42565) Pause Young (Allocation Failure) 35M->35M(44M) 13.477ms
[2020-08-10T13:06:12.808+0300][1312.353s][info ][gc] GC(42566) Pause Young (Allocation Failure) 36M->36M(44M) 13.358ms
[2020-08-10T13:06:12.822+0300][1312.367s][info ][gc] GC(42567) Pause Young (Allocation Failure) 37M->37M(44M) 13.484ms
[2020-08-10T13:06:12.836+0300][1312.381s][info ][gc] GC(42568) Pause Young (Allocation Failure) 38M->38M(44M) 13.504ms
[2020-08-10T13:06:12.850+0300][1312.395s][info ][gc] GC(42569) Pause Young (Allocation Failure) 39M->39M(44M) 13.517ms
[2020-08-10T13:06:12.864+0300][1312.409s][info ][gc] GC(42570) Pause Young (Allocation Failure) 40M->40M(44M) 13.375ms
[2020-08-10T13:06:12.878+0300][1312.423s][info ][gc] GC(42571) Pause Young (Allocation Failure) 41M->41M(44M) 13.375ms
[2020-08-10T13:06:12.961+0300][1312.506s][debug][gc] GC(42572) Expanding ParOldGen from 42496K by 11776K to 54272K
[2020-08-10T13:06:12.961+0300][1312.506s][info ][gc] GC(42572) Pause Full (Ergonomics) 41M->41M(55M) 82.372ms
[2020-08-10T13:06:12.974+0300][1312.519s][info ][gc] GC(42573) Pause Young (Allocation Failure) 42M->42M(55M) 13.041ms
[2020-08-10T13:06:12.988+0300][1312.533s][info ][gc] GC(42574) Pause Young (Allocation Failure) 43M->43M(55M) 13.405ms
[2020-08-10T13:06:13.003+0300][1312.547s][info ][gc] GC(42575) Pause Young (Allocation Failure) 44M->44M(55M) 13.473ms
[2020-08-10T13:06:13.017+0300][1312.562s][info ][gc] GC(42576) Pause Young (Allocation Failure) 45M->45M(55M) 13.585ms
[2020-08-10T13:06:13.031+0300][1312.575s][info ][gc] GC(42577) Pause Young (Allocation Failure) 46M->46M(55M) 13.485ms
[2020-08-10T13:06:13.044+0300][1312.589s][info ][gc] GC(42578) Pause Young (Allocation Failure) 47M->47M(55M) 13.402ms
[2020-08-10T13:06:13.058+0300][1312.603s][info ][gc] GC(42579) Pause Young (Allocation Failure) 48M->48M(55M) 13.414ms
[2020-08-10T13:06:13.072+0300][1312.617s][info ][gc] GC(42580) Pause Young (Allocation Failure) 49M->49M(55M) 13.412ms
[2020-08-10T13:06:13.087+0300][1312.631s][info ][gc] GC(42581) Pause Young (Allocation Failure) 50M->50M(55M) 13.613ms
[2020-08-10T13:06:13.101+0300][1312.645s][info ][gc] GC(42582) Pause Young (Allocation Failure) 51M->51M(55M) 13.495ms
[2020-08-10T13:06:13.115+0300][1312.660s][info ][gc] GC(42583) Pause Young (Allocation Failure) 52M->51M(55M) 13.511ms
[2020-08-10T13:06:13.129+0300][1312.674s][info ][gc] GC(42584) Pause Young (Allocation Failure) 52M->52M(55M) 13.498ms
[2020-08-10T13:06:13.241+0300][1312.786s][debug][gc] GC(42585) Expanding ParOldGen from 54272K by 11264K to 65536K
[2020-08-10T13:06:13.241+0300][1312.786s][info ][gc] GC(42585) Pause Full (Ergonomics) 52M->52M(66M) 112.000ms
[2020-08-10T13:06:13.254+0300][1312.799s][info ][gc] GC(42586) Pause Young (Allocation Failure) 53M->53M(66M) 12.992ms
[2020-08-10T13:06:13.269+0300][1312.813s][info ][gc] GC(42587) Pause Young (Allocation Failure) 54M->54M(66M) 13.533ms
[2020-08-10T13:06:13.282+0300][1312.827s][info ][gc] GC(42588) Pause Young (Allocation Failure) 55M->55M(66M) 13.438ms
[2020-08-10T13:06:13.296+0300][1312.841s][info ][gc] GC(42589) Pause Young (Allocation Failure) 56M->56M(66M) 13.577ms
[2020-08-10T13:06:13.310+0300][1312.855s][info ][gc] GC(42590) Pause Young (Allocation Failure) 57M->57M(66M) 13.490ms
[2020-08-10T13:06:13.324+0300][1312.869s][info ][gc] GC(42591) Pause Young (Allocation Failure) 58M->58M(66M) 13.510ms
[2020-08-10T13:06:13.338+0300][1312.883s][info ][gc] GC(42592) Pause Young (Allocation Failure) 59M->59M(66M) 13.588ms
[2020-08-10T13:06:13.359+0300][1312.903s][info ][gc] GC(42593) Pause Young (Allocation Failure) 60M->60M(66M) 19.657ms
[2020-08-10T13:06:13.372+0300][1312.917s][info ][gc] GC(42594) Pause Young (Allocation Failure) 61M->61M(66M) 13.435ms
[2020-08-10T13:06:13.386+0300][1312.931s][info ][gc] GC(42595) Pause Young (Allocation Failure) 62M->62M(66M) 13.593ms
[2020-08-10T13:06:13.400+0300][1312.945s][info ][gc] GC(42596) Pause Young (Allocation Failure) 63M->63M(66M) 13.329ms
[2020-08-10T13:06:13.414+0300][1312.959s][info ][gc] GC(42597) Pause Young (Allocation Failure) 64M->64M(66M) 13.513ms
[2020-08-10T13:06:13.555+0300][1313.100s][debug][gc] GC(42598) Expanding ParOldGen from 65536K by 11264K to 76800K
[2020-08-10T13:06:13.555+0300][1313.100s][info ][gc] GC(42598) Pause Full (Ergonomics) 64M->64M(77M) 140.005ms
[2020-08-10T13:06:13.590+0300][1313.135s][info ][gc] GC(42599) Pause Young (Allocation Failure) 65M->65M(77M) 35.275ms
[2020-08-10T13:06:13.605+0300][1313.150s][info ][gc] GC(42600) Pause Young (Allocation Failure) 66M->65M(77M) 13.823ms
[2020-08-10T13:06:13.619+0300][1313.164s][info ][gc] GC(42601) Pause Young (Allocation Failure) 66M->66M(77M) 13.789ms
[2020-08-10T13:06:13.633+0300][1313.178s][info ][gc] GC(42602) Pause Young (Allocation Failure) 67M->67M(77M) 13.776ms
[2020-08-10T13:06:13.648+0300][1313.193s][info ][gc] GC(42603) Pause Young (Allocation Failure) 68M->68M(77M) 13.706ms
[2020-08-10T13:06:13.662+0300][1313.207s][info ][gc] GC(42604) Pause Young (Allocation Failure) 69M->69M(77M) 13.759ms
[2020-08-10T13:06:13.676+0300][1313.221s][info ][gc] GC(42605) Pause Young (Allocation Failure) 70M->70M(77M) 13.703ms
[2020-08-10T13:06:13.690+0300][1313.235s][info ][gc] GC(42606) Pause Young (Allocation Failure) 71M->71M(77M) 13.741ms
[2020-08-10T13:06:13.705+0300][1313.250s][info ][gc] GC(42607) Pause Young (Allocation Failure) 72M->72M(77M) 13.938ms
[2020-08-10T13:06:13.719+0300][1313.264s][info ][gc] GC(42608) Pause Young (Allocation Failure) 73M->73M(77M) 13.803ms
[2020-08-10T13:06:13.733+0300][1313.278s][info ][gc] GC(42609) Pause Young (Allocation Failure) 74M->74M(77M) 13.836ms
[2020-08-10T13:06:13.748+0300][1313.293s][info ][gc] GC(42610) Pause Young (Allocation Failure) 75M->75M(77M) 13.649ms
[2020-08-10T13:06:13.920+0300][1313.465s][debug][gc] GC(42611) Expanding ParOldGen from 76800K by 11776K to 88576K
[2020-08-10T13:06:13.920+0300][1313.465s][info ][gc] GC(42611) Pause Full (Ergonomics) 75M->75M(88M) 172.381ms
[2020-08-10T13:06:13.950+0300][1313.495s][info ][gc] GC(42612) Pause Young (Allocation Failure) 76M->76M(88M) 29.486ms
[2020-08-10T13:06:13.965+0300][1313.510s][info ][gc] GC(42613) Pause Young (Allocation Failure) 77M->77M(88M) 13.908ms
[2020-08-10T13:06:13.979+0300][1313.524s][info ][gc] GC(42614) Pause Young (Allocation Failure) 78M->78M(88M) 13.802ms
[2020-08-10T13:06:13.994+0300][1313.539s][info ][gc] GC(42615) Pause Young (Allocation Failure) 79M->79M(88M) 13.852ms
[2020-08-10T13:06:14.008+0300][1313.553s][info ][gc] GC(42616) Pause Young (Allocation Failure) 80M->80M(88M) 13.863ms
[2020-08-10T13:06:14.023+0300][1313.568s][info ][gc] GC(42617) Pause Young (Allocation Failure) 81M->81M(88M) 13.897ms
[2020-08-10T13:06:14.037+0300][1313.582s][info ][gc] GC(42618) Pause Young (Allocation Failure) 82M->82M(88M) 13.871ms
[2020-08-10T13:06:14.052+0300][1313.596s][info ][gc] GC(42619) Pause Young (Allocation Failure) 83M->83M(88M) 13.964ms
[2020-08-10T13:06:14.066+0300][1313.611s][info ][gc] GC(42620) Pause Young (Allocation Failure) 84M->83M(88M) 13.988ms
[2020-08-10T13:06:14.081+0300][1313.626s][info ][gc] GC(42621) Pause Young (Allocation Failure) 84M->84M(88M) 14.294ms
[2020-08-10T13:06:14.096+0300][1313.641s][info ][gc] GC(42622) Pause Young (Allocation Failure) 85M->85M(88M) 14.207ms
[2020-08-10T13:06:14.111+0300][1313.656s][info ][gc] GC(42623) Pause Young (Allocation Failure) 86M->86M(88M) 14.403ms
[2020-08-10T13:06:14.319+0300][1313.864s][debug][gc] GC(42624) Expanding ParOldGen from 88576K by 11264K to 99840K
[2020-08-10T13:06:14.320+0300][1313.865s][info ][gc] GC(42624) Pause Full (Ergonomics) 86M->86M(99M) 208.643ms
[2020-08-10T13:06:14.352+0300][1313.897s][info ][gc] GC(42625) Pause Young (Allocation Failure) 87M->87M(99M) 31.560ms
[2020-08-10T13:06:14.367+0300][1313.912s][info ][gc] GC(42626) Pause Young (Allocation Failure) 88M->88M(99M) 14.560ms
[2020-08-10T13:06:14.382+0300][1313.927s][info ][gc] GC(42627) Pause Young (Allocation Failure) 89M->89M(99M) 14.509ms
[2020-08-10T13:06:14.397+0300][1313.942s][info ][gc] GC(42628) Pause Young (Allocation Failure) 90M->90M(99M) 14.646ms
[2020-08-10T13:06:14.412+0300][1313.957s][info ][gc] GC(42629) Pause Young (Allocation Failure) 91M->91M(99M) 14.649ms
[2020-08-10T13:06:14.428+0300][1313.973s][info ][gc] GC(42630) Pause Young (Allocation Failure) 92M->92M(99M) 14.711ms
[2020-08-10T13:06:14.443+0300][1313.988s][info ][gc] GC(42631) Pause Young (Allocation Failure) 93M->93M(99M) 14.804ms
[2020-08-10T13:06:14.459+0300][1314.004s][info ][gc] GC(42632) Pause Young (Allocation Failure) 94M->94M(99M) 15.022ms
[2020-08-10T13:06:14.474+0300][1314.019s][info ][gc] GC(42633) Pause Young (Allocation Failure) 95M->95M(99M) 15.246ms
[2020-08-10T13:06:14.490+0300][1314.035s][info ][gc] GC(42634) Pause Young (Allocation Failure) 96M->96M(100M) 15.088ms
[2020-08-10T13:06:14.506+0300][1314.051s][info ][gc] GC(42635) Pause Young (Allocation Failure) 97M->97M(100M) 15.213ms
[2020-08-10T13:06:14.521+0300][1314.066s][info ][gc] GC(42636) Pause Young (Allocation Failure) 98M->98M(100M) 15.178ms
[2020-08-10T13:06:14.812+0300][1314.357s][debug][gc] GC(42637) Expanding ParOldGen from 99840K by 11776K to 111616K
[2020-08-10T13:06:14.812+0300][1314.357s][info ][gc] GC(42637) Pause Full (Ergonomics) 98M->97M(111M) 290.576ms
[2020-08-10T13:06:14.847+0300][1314.392s][info ][gc] GC(42638) Pause Young (Allocation Failure) 98M->98M(111M) 34.309ms
[2020-08-10T13:06:14.863+0300][1314.408s][info ][gc] GC(42639) Pause Young (Allocation Failure) 99M->99M(111M) 15.566ms
[2020-08-10T13:06:14.879+0300][1314.424s][info ][gc] GC(42640) Pause Young (Allocation Failure) 100M->100M(111M) 15.601ms
[2020-08-10T13:06:14.896+0300][1314.441s][info ][gc] GC(42641) Pause Young (Allocation Failure) 101M->101M(111M) 15.812ms
[2020-08-10T13:06:14.912+0300][1314.457s][info ][gc] GC(42642) Pause Young (Allocation Failure) 102M->102M(111M) 15.995ms
[2020-08-10T13:06:14.929+0300][1314.474s][info ][gc] GC(42643) Pause Young (Allocation Failure) 103M->103M(111M) 15.812ms
[2020-08-10T13:06:14.945+0300][1314.490s][info ][gc] GC(42644) Pause Young (Allocation Failure) 104M->104M(111M) 15.854ms
[2020-08-10T13:06:14.961+0300][1314.506s][info ][gc] GC(42645) Pause Young (Allocation Failure) 105M->105M(111M) 15.940ms
[2020-08-10T13:06:14.978+0300][1314.523s][info ][gc] GC(42646) Pause Young (Allocation Failure) 106M->106M(111M) 16.077ms
[2020-08-10T13:06:14.995+0300][1314.540s][info ][gc] GC(42647) Pause Young (Allocation Failure) 107M->107M(111M) 16.025ms
[2020-08-10T13:06:15.011+0300][1314.556s][info ][gc] GC(42648) Pause Young (Allocation Failure) 108M->108M(111M) 16.134ms
[2020-08-10T13:06:15.028+0300][1314.573s][info ][gc] GC(42649) Pause Young (Allocation Failure) 109M->109M(111M) 16.249ms
[2020-08-10T13:06:15.292+0300][1314.837s][debug][gc] GC(42650) Expanding ParOldGen from 111616K by 11264K to 122880K
[2020-08-10T13:06:15.292+0300][1314.837s][info ][gc] GC(42650) Pause Full (Ergonomics) 109M->109M(122M) 263.821ms
[2020-08-10T13:06:15.330+0300][1314.875s][info ][gc] GC(42651) Pause Young (Allocation Failure) 110M->110M(122M) 36.961ms
[2020-08-10T13:06:15.347+0300][1314.892s][info ][gc] GC(42652) Pause Young (Allocation Failure) 111M->111M(122M) 16.603ms
[2020-08-10T13:06:15.364+0300][1314.909s][info ][gc] GC(42653) Pause Young (Allocation Failure) 112M->112M(122M) 16.683ms
[2020-08-10T13:06:15.382+0300][1314.927s][info ][gc] GC(42654) Pause Young (Allocation Failure) 113M->113M(122M) 16.650ms
[2020-08-10T13:06:15.399+0300][1314.944s][info ][gc] GC(42655) Pause Young (Allocation Failure) 114M->113M(122M) 16.741ms
[2020-08-10T13:06:15.417+0300][1314.962s][info ][gc] GC(42656) Pause Young (Allocation Failure) 114M->114M(122M) 17.406ms
[2020-08-10T13:06:15.434+0300][1314.979s][info ][gc] GC(42657) Pause Young (Allocation Failure) 115M->115M(122M) 16.829ms
[2020-08-10T13:06:15.452+0300][1314.997s][info ][gc] GC(42658) Pause Young (Allocation Failure) 116M->116M(122M) 17.214ms
[2020-08-10T13:06:15.469+0300][1315.014s][info ][gc] GC(42659) Pause Young (Allocation Failure) 117M->117M(122M) 17.069ms
[2020-08-10T13:06:15.487+0300][1315.032s][info ][gc] GC(42660) Pause Young (Allocation Failure) 118M->118M(122M) 17.130ms
[2020-08-10T13:06:15.505+0300][1315.050s][info ][gc] GC(42661) Pause Young (Allocation Failure) 119M->119M(122M) 17.328ms
[2020-08-10T13:06:15.523+0300][1315.068s][info ][gc] GC(42662) Pause Young (Allocation Failure) 120M->120M(122M) 17.317ms
[2020-08-10T13:06:15.817+0300][1315.363s][debug][gc] GC(42663) Expanding ParOldGen from 122880K by 11264K to 134144K
[2020-08-10T13:06:15.818+0300][1315.363s][info ][gc] GC(42663) Pause Full (Ergonomics) 120M->120M(133M) 294.722ms
[2020-08-10T13:06:15.853+0300][1315.398s][info ][gc] GC(42664) Pause Young (Allocation Failure) 121M->121M(133M) 35.170ms
[2020-08-10T13:06:15.871+0300][1315.417s][info ][gc] GC(42665) Pause Young (Allocation Failure) 122M->122M(133M) 17.639ms
[2020-08-10T13:06:15.890+0300][1315.435s][info ][gc] GC(42666) Pause Young (Allocation Failure) 123M->123M(133M) 17.677ms
[2020-08-10T13:06:15.908+0300][1315.453s][info ][gc] GC(42667) Pause Young (Allocation Failure) 124M->124M(133M) 17.510ms
[2020-08-10T13:06:15.926+0300][1315.471s][info ][gc] GC(42668) Pause Young (Allocation Failure) 125M->125M(133M) 17.841ms
[2020-08-10T13:06:15.944+0300][1315.490s][info ][gc] GC(42669) Pause Young (Allocation Failure) 126M->126M(133M) 18.077ms
[2020-08-10T13:06:15.963+0300][1315.508s][info ][gc] GC(42670) Pause Young (Allocation Failure) 127M->127M(133M) 17.938ms
[2020-08-10T13:06:15.981+0300][1315.526s][info ][gc] GC(42671) Pause Young (Allocation Failure) 128M->128M(133M) 17.981ms
[2020-08-10T13:06:16.000+0300][1315.545s][info ][gc] GC(42672) Pause Young (Allocation Failure) 129M->129M(133M) 18.280ms
[2020-08-10T13:06:16.019+0300][1315.564s][info ][gc] GC(42673) Pause Young (Allocation Failure) 130M->130M(133M) 17.994ms
[2020-08-10T13:06:16.071+0300][1315.616s][info ][gc] GC(42674) Pause Young (Allocation Failure) 131M->131M(133M) 52.109ms
[2020-08-10T13:06:16.548+0300][1316.093s][debug][gc] GC(42675) Expanding ParOldGen from 134144K by 11264K to 145408K
[2020-08-10T13:06:16.549+0300][1316.094s][info ][gc] GC(42675) Pause Full (Ergonomics) 131M->130M(144M) 477.378ms
[2020-08-10T13:06:16.564+0300][1316.109s][info ][gc] GC(42676) Pause Young (Allocation Failure) 131M->131M(144M) 15.063ms
[2020-08-10T13:06:16.583+0300][1316.128s][info ][gc] GC(42677) Pause Young (Allocation Failure) 132M->132M(144M) 18.480ms
[2020-08-10T13:06:16.602+0300][1316.147s][info ][gc] GC(42678) Pause Young (Allocation Failure) 133M->133M(144M) 18.318ms
[2020-08-10T13:06:16.621+0300][1316.166s][info ][gc] GC(42679) Pause Young (Allocation Failure) 134M->134M(144M) 18.351ms
[2020-08-10T13:06:16.640+0300][1316.185s][info ][gc] GC(42680) Pause Young (Allocation Failure) 135M->135M(144M) 18.679ms
[2020-08-10T13:06:16.640+0300][1316.185s][debug][gc] Expanding ParOldGen from 145408K by 19968K to 165376K
[2020-08-10T13:06:16.669+0300][1316.214s][info ][gc] GC(42681) Pause Young (Allocation Failure) 155M->155M(164M) 15.795ms
[2020-08-10T13:06:16.683+0300][1316.228s][info ][gc] GC(42682) Pause Young (Allocation Failure) 156M->156M(164M) 13.228ms
[2020-08-10T13:06:16.697+0300][1316.242s][info ][gc] GC(42683) Pause Young (Allocation Failure) 157M->157M(164M) 13.595ms
[2020-08-10T13:06:16.711+0300][1316.256s][info ][gc] GC(42684) Pause Young (Allocation Failure) 158M->158M(164M) 13.650ms
[2020-08-10T13:06:16.725+0300][1316.270s][info ][gc] GC(42685) Pause Young (Allocation Failure) 159M->159M(164M) 13.400ms
[2020-08-10T13:06:16.739+0300][1316.284s][info ][gc] GC(42686) Pause Young (Allocation Failure) 160M->160M(164M) 13.599ms
[2020-08-10T13:06:16.753+0300][1316.298s][info ][gc] GC(42687) Pause Young (Allocation Failure) 161M->161M(164M) 13.485ms
[2020-08-10T13:06:16.767+0300][1316.312s][info ][gc] GC(42688) Pause Young (Allocation Failure) 162M->162M(164M) 13.591ms
[2020-08-10T13:06:16.826+0300][1316.371s][debug][gc] GC(42689) Shrinking ParOldGen from 165376K by 124416K to 40960K
[2020-08-10T13:06:16.826+0300][1316.371s][info ][gc] GC(42689) Pause Full (Ergonomics) 162M->28M(42M) 58.517ms
[2020-08-10T13:06:16.839+0300][1316.384s][info ][gc] GC(42690) Pause Young (Allocation Failure) 29M->29M(42M) 12.834ms
[2020-08-10T13:06:16.853+0300][1316.398s][info ][gc] GC(42691) Pause Young (Allocation Failure) 30M->30M(42M) 13.218ms
[2020-08-10T13:06:16.866+0300][1316.411s][info ][gc] GC(42692) Pause Young (Allocation Failure) 31M->31M(42M) 13.112ms
[2020-08-10T13:06:16.880+0300][1316.425s][info ][gc] GC(42693) Pause Young (Allocation Failure) 32M->32M(42M) 13.291ms
[2020-08-10T13:06:16.894+0300][1316.439s][info ][gc] GC(42694) Pause Young (Allocation Failure) 33M->33M(42M) 13.437ms
[2020-08-10T13:06:16.908+0300][1316.453s][info ][gc] GC(42695) Pause Young (Allocation Failure) 34M->34M(42M) 13.409ms
[2020-08-10T13:06:16.922+0300][1316.467s][info ][gc] GC(42696) Pause Young (Allocation Failure) 35M->35M(42M) 13.455ms
[2020-08-10T13:06:16.936+0300][1316.481s][info ][gc] GC(42697) Pause Young (Allocation Failure) 36M->36M(42M) 13.614ms
[2020-08-10T13:06:16.950+0300][1316.495s][info ][gc] GC(42698) Pause Young (Allocation Failure) 37M->37M(42M) 13.664ms
[2020-08-10T13:06:16.964+0300][1316.509s][info ][gc] GC(42699) Pause Young (Allocation Failure) 38M->38M(41M) 13.569ms
[2020-08-10T13:06:16.978+0300][1316.523s][info ][gc] GC(42700) Pause Young (Allocation Failure) 39M->39M(42M) 13.195ms
[2020-08-10T13:06:16.992+0300][1316.537s][info ][gc] GC(42701) Pause Young (Allocation Failure) 40M->40M(42M) 13.355ms
[2020-08-10T13:06:17.067+0300][1316.612s][debug][gc] GC(42702) Expanding ParOldGen from 40960K by 11776K to 52736K
[2020-08-10T13:06:17.067+0300][1316.612s][info ][gc] GC(42702) Pause Full (Ergonomics) 40M->39M(54M) 74.966ms
[2020-08-10T13:06:17.080+0300][1316.625s][info ][gc] GC(42703) Pause Young (Allocation Failure) 40M->40M(54M) 13.037ms
[2020-08-10T13:06:17.094+0300][1316.639s][info ][gc] GC(42704) Pause Young (Allocation Failure) 41M->41M(54M) 13.454ms
[2020-08-10T13:06:17.108+0300][1316.653s][info ][gc] GC(42705) Pause Young (Allocation Failure) 42M->42M(54M) 13.450ms
[2020-08-10T13:06:17.122+0300][1316.667s][info ][gc] GC(42706) Pause Young (Allocation Failure) 43M->43M(54M) 13.364ms
[2020-08-10T13:06:17.136+0300][1316.681s][info ][gc] GC(42707) Pause Young (Allocation Failure) 44M->44M(54M) 13.478ms
[2020-08-10T13:06:17.150+0300][1316.695s][info ][gc] GC(42708) Pause Young (Allocation Failure) 45M->45M(54M) 13.474ms
[2020-08-10T13:06:17.164+0300][1316.709s][info ][gc] GC(42709) Pause Young (Allocation Failure) 46M->46M(54M) 13.475ms
[2020-08-10T13:06:17.178+0300][1316.723s][info ][gc] GC(42710) Pause Young (Allocation Failure) 47M->47M(54M) 13.414ms
[2020-08-10T13:06:17.192+0300][1316.737s][info ][gc] GC(42711) Pause Young (Allocation Failure) 48M->48M(54M) 13.461ms
[2020-08-10T13:06:17.206+0300][1316.751s][info ][gc] GC(42712) Pause Young (Allocation Failure) 49M->49M(54M) 13.351ms
[2020-08-10T13:06:17.220+0300][1316.765s][info ][gc] GC(42713) Pause Young (Allocation Failure) 50M->50M(54M) 13.557ms
[2020-08-10T13:06:17.234+0300][1316.779s][info ][gc] GC(42714) Pause Young (Allocation Failure) 51M->51M(54M) 13.546ms
[2020-08-10T13:06:17.342+0300][1316.887s][debug][gc] GC(42715) Expanding ParOldGen from 52736K by 11264K to 64000K
[2020-08-10T13:06:17.342+0300][1316.888s][info ][gc] GC(42715) Pause Full (Ergonomics) 51M->51M(65M) 108.228ms
[2020-08-10T13:06:17.356+0300][1316.901s][info ][gc] GC(42716) Pause Young (Allocation Failure) 52M->52M(65M) 12.896ms
[2020-08-10T13:06:17.370+0300][1316.915s][info ][gc] GC(42717) Pause Young (Allocation Failure) 53M->53M(65M) 13.551ms
[2020-08-10T13:06:17.384+0300][1316.929s][info ][gc] GC(42718) Pause Young (Allocation Failure) 54M->54M(65M) 13.512ms
[2020-08-10T13:06:17.398+0300][1316.943s][info ][gc] GC(42719) Pause Young (Allocation Failure) 55M->55M(65M) 13.344ms
[2020-08-10T13:06:17.412+0300][1316.957s][info ][gc] GC(42720) Pause Young (Allocation Failure) 56M->55M(65M) 13.422ms
[2020-08-10T13:06:17.426+0300][1316.971s][info ][gc] GC(42721) Pause Young (Allocation Failure) 56M->56M(65M) 13.539ms
[2020-08-10T13:06:17.440+0300][1316.985s][info ][gc] GC(42722) Pause Young (Allocation Failure) 57M->57M(65M) 13.531ms
[2020-08-10T13:06:17.454+0300][1316.999s][info ][gc] GC(42723) Pause Young (Allocation Failure) 58M->58M(65M) 13.612ms
[2020-08-10T13:06:17.469+0300][1317.014s][info ][gc] GC(42724) Pause Young (Allocation Failure) 59M->59M(65M) 13.722ms
[2020-08-10T13:06:17.483+0300][1317.028s][info ][gc] GC(42725) Pause Young (Allocation Failure) 60M->60M(65M) 13.450ms
[2020-08-10T13:06:17.497+0300][1317.042s][info ][gc] GC(42726) Pause Young (Allocation Failure) 61M->61M(65M) 13.446ms
[2020-08-10T13:06:17.511+0300][1317.056s][info ][gc] GC(42727) Pause Young (Allocation Failure) 62M->62M(65M) 13.423ms
[2020-08-10T13:06:17.658+0300][1317.203s][debug][gc] GC(42728) Expanding ParOldGen from 64000K by 11264K to 75264K
[2020-08-10T13:06:17.658+0300][1317.203s][info ][gc] GC(42728) Pause Full (Ergonomics) 62M->62M(76M) 147.089ms
[2020-08-10T13:06:17.683+0300][1317.228s][info ][gc] GC(42729) Pause Young (Allocation Failure) 63M->63M(76M) 25.017ms
[2020-08-10T13:06:17.698+0300][1317.243s][info ][gc] GC(42730) Pause Young (Allocation Failure) 64M->64M(76M) 13.853ms
[2020-08-10T13:06:17.712+0300][1317.257s][info ][gc] GC(42731) Pause Young (Allocation Failure) 65M->65M(76M) 13.723ms
[2020-08-10T13:06:17.726+0300][1317.271s][info ][gc] GC(42732) Pause Young (Allocation Failure) 66M->66M(76M) 13.725ms
[2020-08-10T13:06:17.741+0300][1317.286s][info ][gc] GC(42733) Pause Young (Allocation Failure) 67M->67M(76M) 13.740ms
[2020-08-10T13:06:17.755+0300][1317.300s][info ][gc] GC(42734) Pause Young (Allocation Failure) 68M->68M(76M) 13.819ms
[2020-08-10T13:06:17.769+0300][1317.315s][info ][gc] GC(42735) Pause Young (Allocation Failure) 69M->69M(76M) 13.797ms
[2020-08-10T13:06:17.784+0300][1317.329s][info ][gc] GC(42736) Pause Young (Allocation Failure) 70M->70M(76M) 13.828ms
[2020-08-10T13:06:17.798+0300][1317.344s][info ][gc] GC(42737) Pause Young (Allocation Failure) 71M->71M(75M) 13.989ms
[2020-08-10T13:06:17.813+0300][1317.358s][info ][gc] GC(42738) Pause Young (Allocation Failure) 72M->72M(75M) 13.774ms
[2020-08-10T13:06:17.827+0300][1317.372s][info ][gc] GC(42739) Pause Young (Allocation Failure) 73M->72M(75M) 13.735ms
[2020-08-10T13:06:17.841+0300][1317.386s][info ][gc] GC(42740) Pause Young (Allocation Failure) 73M->73M(75M) 13.732ms
[2020-08-10T13:06:18.010+0300][1317.555s][debug][gc] GC(42741) Expanding ParOldGen from 75264K by 11264K to 86528K
[2020-08-10T13:06:18.010+0300][1317.555s][info ][gc] GC(42741) Pause Full (Ergonomics) 73M->73M(86M) 168.198ms
[2020-08-10T13:06:18.039+0300][1317.585s][info ][gc] GC(42742) Pause Young (Allocation Failure) 74M->74M(86M) 29.172ms
[2020-08-10T13:06:18.054+0300][1317.599s][info ][gc] GC(42743) Pause Young (Allocation Failure) 75M->75M(86M) 13.732ms
[2020-08-10T13:06:18.068+0300][1317.614s][info ][gc] GC(42744) Pause Young (Allocation Failure) 76M->76M(86M) 13.796ms
[2020-08-10T13:06:18.083+0300][1317.628s][info ][gc] GC(42745) Pause Young (Allocation Failure) 77M->77M(86M) 13.891ms
[2020-08-10T13:06:18.097+0300][1317.643s][info ][gc] GC(42746) Pause Young (Allocation Failure) 78M->78M(86M) 13.795ms
[2020-08-10T13:06:18.112+0300][1317.657s][info ][gc] GC(42747) Pause Young (Allocation Failure) 79M->79M(86M) 13.728ms
[2020-08-10T13:06:18.126+0300][1317.671s][info ][gc] GC(42748) Pause Young (Allocation Failure) 80M->80M(86M) 13.928ms
[2020-08-10T13:06:18.141+0300][1317.686s][info ][gc] GC(42749) Pause Young (Allocation Failure) 81M->81M(86M) 13.919ms
[2020-08-10T13:06:18.155+0300][1317.700s][info ][gc] GC(42750) Pause Young (Allocation Failure) 82M->82M(86M) 13.888ms
[2020-08-10T13:06:18.170+0300][1317.715s][info ][gc] GC(42751) Pause Young (Allocation Failure) 83M->83M(86M) 14.227ms
[2020-08-10T13:06:18.184+0300][1317.729s][info ][gc] GC(42752) Pause Young (Allocation Failure) 84M->84M(86M) 13.959ms
[2020-08-10T13:06:18.199+0300][1317.744s][info ][gc] GC(42753) Pause Young (Allocation Failure) 85M->85M(86M) 14.124ms
[2020-08-10T13:06:18.399+0300][1317.944s][debug][gc] GC(42754) Expanding ParOldGen from 86528K by 11264K to 97792K
[2020-08-10T13:06:18.399+0300][1317.944s][info ][gc] GC(42754) Pause Full (Ergonomics) 85M->85M(97M) 200.227ms
[2020-08-10T13:06:18.432+0300][1317.977s][info ][gc] GC(42755) Pause Young (Allocation Failure) 86M->86M(97M) 32.413ms
[2020-08-10T13:06:18.447+0300][1317.992s][info ][gc] GC(42756) Pause Young (Allocation Failure) 87M->87M(97M) 14.337ms
[2020-08-10T13:06:18.462+0300][1318.007s][info ][gc] GC(42757) Pause Young (Allocation Failure) 88M->87M(97M) 14.374ms
[2020-08-10T13:06:18.477+0300][1318.022s][info ][gc] GC(42758) Pause Young (Allocation Failure) 88M->88M(98M) 14.447ms
[2020-08-10T13:06:18.492+0300][1318.037s][info ][gc] GC(42759) Pause Young (Allocation Failure) 89M->89M(98M) 14.738ms
[2020-08-10T13:06:18.507+0300][1318.053s][info ][gc] GC(42760) Pause Young (Allocation Failure) 90M->90M(97M) 14.706ms
[2020-08-10T13:06:18.523+0300][1318.068s][info ][gc] GC(42761) Pause Young (Allocation Failure) 91M->91M(97M) 14.933ms
[2020-08-10T13:06:18.538+0300][1318.083s][info ][gc] GC(42762) Pause Young (Allocation Failure) 92M->92M(97M) 14.884ms
[2020-08-10T13:06:18.552+0300][1318.098s][info ][gc] GC(42763) Pause Young (Allocation Failure) 93M->93M(98M) 13.741ms
[2020-08-10T13:06:18.571+0300][1318.116s][info ][gc] GC(42764) Pause Young (Allocation Failure) 94M->94M(98M) 17.651ms
[2020-08-10T13:06:18.586+0300][1318.131s][info ][gc] GC(42765) Pause Young (Allocation Failure) 95M->95M(98M) 14.997ms
[2020-08-10T13:06:18.845+0300][1318.390s][debug][gc] GC(42766) Expanding ParOldGen from 97792K by 11776K to 109568K
[2020-08-10T13:06:18.845+0300][1318.390s][info ][gc] GC(42766) Pause Full (Ergonomics) 95M->95M(109M) 258.566ms
[2020-08-10T13:06:18.859+0300][1318.404s][info ][gc] GC(42767) Pause Young (Allocation Failure) 96M->96M(109M) 13.223ms
[2020-08-10T13:06:18.874+0300][1318.419s][info ][gc] GC(42768) Pause Young (Allocation Failure) 97M->97M(109M) 14.889ms
[2020-08-10T13:06:18.889+0300][1318.434s][info ][gc] GC(42769) Pause Young (Allocation Failure) 98M->98M(109M) 14.669ms
[2020-08-10T13:06:18.905+0300][1318.450s][info ][gc] GC(42770) Pause Young (Allocation Failure) 99M->99M(109M) 15.364ms
[2020-08-10T13:06:18.921+0300][1318.466s][info ][gc] GC(42771) Pause Young (Allocation Failure) 100M->100M(109M) 15.205ms
[2020-08-10T13:06:18.937+0300][1318.482s][info ][gc] GC(42772) Pause Young (Allocation Failure) 101M->101M(109M) 15.421ms
[2020-08-10T13:06:18.953+0300][1318.498s][info ][gc] GC(42773) Pause Young (Allocation Failure) 102M->102M(109M) 15.434ms
[2020-08-10T13:06:18.968+0300][1318.514s][info ][gc] GC(42774) Pause Young (Allocation Failure) 103M->103M(109M) 15.203ms
[2020-08-10T13:06:18.984+0300][1318.529s][info ][gc] GC(42775) Pause Young (Allocation Failure) 104M->104M(109M) 15.357ms
[2020-08-10T13:06:19.000+0300][1318.545s][info ][gc] GC(42776) Pause Young (Allocation Failure) 105M->104M(109M) 15.466ms
[2020-08-10T13:06:19.016+0300][1318.561s][info ][gc] GC(42777) Pause Young (Allocation Failure) 105M->105M(109M) 15.752ms
[2020-08-10T13:06:19.033+0300][1318.578s][info ][gc] GC(42778) Pause Young (Allocation Failure) 106M->106M(109M) 16.038ms
[2020-08-10T13:06:19.314+0300][1318.859s][debug][gc] GC(42779) Expanding ParOldGen from 109568K by 11264K to 120832K
[2020-08-10T13:06:19.314+0300][1318.859s][info ][gc] GC(42779) Pause Full (Ergonomics) 106M->106M(120M) 281.210ms
[2020-08-10T13:06:19.328+0300][1318.874s][info ][gc] GC(42780) Pause Young (Allocation Failure) 107M->107M(120M) 13.274ms
[2020-08-10T13:06:19.345+0300][1318.890s][info ][gc] GC(42781) Pause Young (Allocation Failure) 108M->108M(120M) 15.971ms
[2020-08-10T13:06:19.362+0300][1318.907s][info ][gc] GC(42782) Pause Young (Allocation Failure) 109M->109M(120M) 16.175ms
[2020-08-10T13:06:19.378+0300][1318.923s][info ][gc] GC(42783) Pause Young (Allocation Failure) 110M->110M(120M) 15.923ms
[2020-08-10T13:06:19.395+0300][1318.940s][info ][gc] GC(42784) Pause Young (Allocation Failure) 111M->111M(120M) 16.224ms
[2020-08-10T13:06:19.412+0300][1318.957s][info ][gc] GC(42785) Pause Young (Allocation Failure) 112M->112M(120M) 16.263ms
[2020-08-10T13:06:19.429+0300][1318.974s][info ][gc] GC(42786) Pause Young (Allocation Failure) 113M->113M(120M) 16.597ms
[2020-08-10T13:06:19.446+0300][1318.991s][info ][gc] GC(42787) Pause Young (Allocation Failure) 114M->114M(120M) 16.401ms
[2020-08-10T13:06:19.462+0300][1319.008s][info ][gc] GC(42788) Pause Young (Allocation Failure) 115M->115M(120M) 16.192ms
[2020-08-10T13:06:19.480+0300][1319.025s][info ][gc] GC(42789) Pause Young (Allocation Failure) 116M->116M(120M) 16.693ms
[2020-08-10T13:06:19.497+0300][1319.042s][info ][gc] GC(42790) Pause Young (Allocation Failure) 117M->117M(120M) 17.193ms
[2020-08-10T13:06:19.515+0300][1319.060s][info ][gc] GC(42791) Pause Young (Allocation Failure) 118M->118M(120M) 16.731ms
[2020-08-10T13:06:19.804+0300][1319.349s][debug][gc] GC(42792) Expanding ParOldGen from 120832K by 11264K to 132096K
[2020-08-10T13:06:19.804+0300][1319.350s][info ][gc] GC(42792) Pause Full (Ergonomics) 118M->118M(131M) 289.623ms
[2020-08-10T13:06:19.836+0300][1319.381s][info ][gc] GC(42793) Pause Young (Allocation Failure) 119M->119M(131M) 31.077ms
[2020-08-10T13:06:19.854+0300][1319.399s][info ][gc] GC(42794) Pause Young (Allocation Failure) 120M->119M(131M) 17.463ms
[2020-08-10T13:06:19.871+0300][1319.417s][info ][gc] GC(42795) Pause Young (Allocation Failure) 120M->120M(131M) 17.188ms
[2020-08-10T13:06:19.889+0300][1319.434s][info ][gc] GC(42796) Pause Young (Allocation Failure) 121M->121M(131M) 17.092ms
[2020-08-10T13:06:19.907+0300][1319.452s][info ][gc] GC(42797) Pause Young (Allocation Failure) 122M->122M(131M) 17.395ms
[2020-08-10T13:06:19.924+0300][1319.470s][info ][gc] GC(42798) Pause Young (Allocation Failure) 123M->123M(131M) 17.339ms
[2020-08-10T13:06:19.942+0300][1319.488s][info ][gc] GC(42799) Pause Young (Allocation Failure) 124M->124M(131M) 17.682ms
[2020-08-10T13:06:19.961+0300][1319.506s][info ][gc] GC(42800) Pause Young (Allocation Failure) 125M->125M(131M) 17.962ms
[2020-08-10T13:06:19.980+0300][1319.525s][info ][gc] GC(42801) Pause Young (Allocation Failure) 126M->126M(131M) 18.428ms
[2020-08-10T13:06:19.998+0300][1319.543s][info ][gc] GC(42802) Pause Young (Allocation Failure) 127M->127M(131M) 17.910ms
[2020-08-10T13:06:20.016+0300][1319.561s][info ][gc] GC(42803) Pause Young (Allocation Failure) 128M->128M(131M) 17.924ms
[2020-08-10T13:06:20.035+0300][1319.580s][info ][gc] GC(42804) Pause Young (Allocation Failure) 129M->129M(131M) 17.949ms
[2020-08-10T13:06:20.369+0300][1319.913s][debug][gc] GC(42805) Expanding ParOldGen from 132096K by 11264K to 143360K
[2020-08-10T13:06:20.369+0300][1319.913s][info ][gc] GC(42805) Pause Full (Ergonomics) 129M->129M(142M) 333.195ms
[2020-08-10T13:06:20.403+0300][1319.947s][info ][gc] GC(42806) Pause Young (Allocation Failure) 130M->130M(142M) 33.469ms
[2020-08-10T13:06:20.421+0300][1319.966s][info ][gc] GC(42807) Pause Young (Allocation Failure) 131M->131M(142M) 18.044ms
[2020-08-10T13:06:20.440+0300][1319.984s][info ][gc] GC(42808) Pause Young (Allocation Failure) 132M->132M(142M) 18.104ms
[2020-08-10T13:06:20.459+0300][1320.003s][info ][gc] GC(42809) Pause Young (Allocation Failure) 133M->133M(142M) 18.339ms
[2020-08-10T13:06:20.477+0300][1320.022s][info ][gc] GC(42810) Pause Young (Allocation Failure) 134M->134M(142M) 18.280ms
[2020-08-10T13:06:20.496+0300][1320.040s][info ][gc] GC(42811) Pause Young (Allocation Failure) 135M->135M(142M) 18.468ms
[2020-08-10T13:06:20.496+0300][1320.041s][debug][gc] Expanding ParOldGen from 143360K by 19968K to 163328K
[2020-08-10T13:06:20.522+0300][1320.066s][info ][gc] GC(42812) Pause Young (Allocation Failure) 155M->155M(162M) 17.804ms
[2020-08-10T13:06:20.537+0300][1320.082s][info ][gc] GC(42813) Pause Young (Allocation Failure) 156M->156M(162M) 14.846ms
[2020-08-10T13:06:20.552+0300][1320.096s][info ][gc] GC(42814) Pause Young (Allocation Failure) 157M->156M(162M) 13.841ms
[2020-08-10T13:06:20.566+0300][1320.110s][info ][gc] GC(42815) Pause Young (Allocation Failure) 157M->157M(162M) 14.043ms
[2020-08-10T13:06:20.581+0300][1320.125s][info ][gc] GC(42816) Pause Young (Allocation Failure) 158M->158M(162M) 14.108ms
[2020-08-10T13:06:20.595+0300][1320.139s][info ][gc] GC(42817) Pause Young (Allocation Failure) 159M->159M(162M) 13.635ms
[2020-08-10T13:06:20.657+0300][1320.202s][debug][gc] GC(42818) Shrinking ParOldGen from 163328K by 124928K to 38400K
[2020-08-10T13:06:20.658+0300][1320.202s][info ][gc] GC(42818) Pause Full (Ergonomics) 159M->26M(40M) 62.463ms
[2020-08-10T13:06:20.671+0300][1320.216s][info ][gc] GC(42819) Pause Young (Allocation Failure) 27M->27M(40M) 13.174ms
[2020-08-10T13:06:20.685+0300][1320.230s][info ][gc] GC(42820) Pause Young (Allocation Failure) 28M->28M(40M) 13.525ms
[2020-08-10T13:06:20.699+0300][1320.244s][info ][gc] GC(42821) Pause Young (Allocation Failure) 29M->29M(40M) 13.486ms
[2020-08-10T13:06:20.713+0300][1320.258s][info ][gc] GC(42822) Pause Young (Allocation Failure) 30M->29M(40M) 13.341ms
[2020-08-10T13:06:20.727+0300][1320.271s][info ][gc] GC(42823) Pause Young (Allocation Failure) 30M->30M(40M) 13.438ms
[2020-08-10T13:06:20.741+0300][1320.286s][info ][gc] GC(42824) Pause Young (Allocation Failure) 31M->31M(40M) 13.621ms
[2020-08-10T13:06:20.755+0300][1320.300s][info ][gc] GC(42825) Pause Young (Allocation Failure) 32M->32M(40M) 13.421ms
[2020-08-10T13:06:20.769+0300][1320.314s][info ][gc] GC(42826) Pause Young (Allocation Failure) 33M->33M(40M) 13.547ms
[2020-08-10T13:06:20.783+0300][1320.328s][info ][gc] GC(42827) Pause Young (Allocation Failure) 34M->34M(39M) 13.423ms
[2020-08-10T13:06:20.797+0300][1320.341s][info ][gc] GC(42828) Pause Young (Allocation Failure) 35M->35M(39M) 13.478ms
[2020-08-10T13:06:20.811+0300][1320.356s][info ][gc] GC(42829) Pause Young (Allocation Failure) 36M->36M(39M) 13.516ms
[2020-08-10T13:06:20.825+0300][1320.370s][info ][gc] GC(42830) Pause Young (Allocation Failure) 37M->37M(39M) 13.500ms
[2020-08-10T13:06:20.893+0300][1320.437s][debug][gc] GC(42831) Expanding ParOldGen from 38400K by 11776K to 50176K
[2020-08-10T13:06:20.893+0300][1320.437s][info ][gc] GC(42831) Pause Full (Ergonomics) 37M->37M(51M) 67.439ms
[2020-08-10T13:06:20.906+0300][1320.450s][info ][gc] GC(42832) Pause Young (Allocation Failure) 38M->38M(51M) 12.750ms
[2020-08-10T13:06:20.920+0300][1320.464s][info ][gc] GC(42833) Pause Young (Allocation Failure) 39M->39M(51M) 13.295ms
[2020-08-10T13:06:20.934+0300][1320.478s][info ][gc] GC(42834) Pause Young (Allocation Failure) 40M->40M(51M) 13.404ms
[2020-08-10T13:06:20.948+0300][1320.492s][info ][gc] GC(42835) Pause Young (Allocation Failure) 41M->41M(51M) 13.561ms
[2020-08-10T13:06:20.962+0300][1320.506s][info ][gc] GC(42836) Pause Young (Allocation Failure) 42M->42M(51M) 13.397ms
[2020-08-10T13:06:20.976+0300][1320.520s][info ][gc] GC(42837) Pause Young (Allocation Failure) 43M->43M(51M) 13.559ms
[2020-08-10T13:06:20.990+0300][1320.534s][info ][gc] GC(42838) Pause Young (Allocation Failure) 44M->44M(51M) 13.315ms
[2020-08-10T13:06:21.004+0300][1320.548s][info ][gc] GC(42839) Pause Young (Allocation Failure) 45M->45M(51M) 13.437ms
[2020-08-10T13:06:21.018+0300][1320.562s][info ][gc] GC(42840) Pause Young (Allocation Failure) 46M->46M(51M) 13.400ms
[2020-08-10T13:06:21.032+0300][1320.576s][info ][gc] GC(42841) Pause Young (Allocation Failure) 47M->46M(51M) 13.490ms
[2020-08-10T13:06:21.046+0300][1320.590s][info ][gc] GC(42842) Pause Young (Allocation Failure) 47M->47M(51M) 13.501ms
[2020-08-10T13:06:21.059+0300][1320.604s][info ][gc] GC(42843) Pause Young (Allocation Failure) 48M->48M(51M) 13.396ms
[2020-08-10T13:06:21.155+0300][1320.700s][debug][gc] GC(42844) Expanding ParOldGen from 50176K by 11264K to 61440K
[2020-08-10T13:06:21.155+0300][1320.700s][info ][gc] GC(42844) Pause Full (Ergonomics) 48M->48M(62M) 95.698ms
[2020-08-10T13:06:21.169+0300][1320.713s][info ][gc] GC(42845) Pause Young (Allocation Failure) 49M->49M(62M) 13.024ms
[2020-08-10T13:06:21.183+0300][1320.727s][info ][gc] GC(42846) Pause Young (Allocation Failure) 50M->50M(62M) 13.359ms
[2020-08-10T13:06:21.197+0300][1320.741s][info ][gc] GC(42847) Pause Young (Allocation Failure) 51M->51M(62M) 13.465ms
[2020-08-10T13:06:21.211+0300][1320.755s][info ][gc] GC(42848) Pause Young (Allocation Failure) 52M->52M(62M) 13.446ms
[2020-08-10T13:06:21.225+0300][1320.769s][info ][gc] GC(42849) Pause Young (Allocation Failure) 53M->53M(62M) 13.498ms
[2020-08-10T13:06:21.239+0300][1320.783s][info ][gc] GC(42850) Pause Young (Allocation Failure) 54M->54M(62M) 13.436ms
[2020-08-10T13:06:21.253+0300][1320.797s][info ][gc] GC(42851) Pause Young (Allocation Failure) 55M->55M(62M) 13.425ms
[2020-08-10T13:06:21.267+0300][1320.811s][info ][gc] GC(42852) Pause Young (Allocation Failure) 56M->56M(62M) 13.478ms
[2020-08-10T13:06:21.281+0300][1320.825s][info ][gc] GC(42853) Pause Young (Allocation Failure) 57M->57M(62M) 13.522ms
[2020-08-10T13:06:21.295+0300][1320.839s][info ][gc] GC(42854) Pause Young (Allocation Failure) 58M->58M(62M) 13.525ms
[2020-08-10T13:06:21.309+0300][1320.853s][info ][gc] GC(42855) Pause Young (Allocation Failure) 59M->59M(62M) 13.513ms
[2020-08-10T13:06:21.323+0300][1320.867s][info ][gc] GC(42856) Pause Young (Allocation Failure) 60M->60M(62M) 13.542ms
[2020-08-10T13:06:21.466+0300][1321.010s][debug][gc] GC(42857) Expanding ParOldGen from 61440K by 11264K to 72704K
[2020-08-10T13:06:21.466+0300][1321.010s][info ][gc] GC(42857) Pause Full (Ergonomics) 60M->60M(73M) 143.194ms
[2020-08-10T13:06:21.492+0300][1321.036s][info ][gc] GC(42858) Pause Young (Allocation Failure) 61M->60M(73M) 25.060ms
[2020-08-10T13:06:21.506+0300][1321.051s][info ][gc] GC(42859) Pause Young (Allocation Failure) 61M->61M(73M) 13.816ms
[2020-08-10T13:06:21.521+0300][1321.065s][info ][gc] GC(42860) Pause Young (Allocation Failure) 62M->62M(73M) 13.727ms
[2020-08-10T13:06:21.535+0300][1321.079s][info ][gc] GC(42861) Pause Young (Allocation Failure) 63M->63M(73M) 13.529ms
[2020-08-10T13:06:21.549+0300][1321.093s][info ][gc] GC(42862) Pause Young (Allocation Failure) 64M->64M(73M) 13.726ms
[2020-08-10T13:06:21.563+0300][1321.107s][info ][gc] GC(42863) Pause Young (Allocation Failure) 65M->65M(73M) 13.708ms
[2020-08-10T13:06:21.577+0300][1321.122s][info ][gc] GC(42864) Pause Young (Allocation Failure) 66M->66M(73M) 13.850ms
[2020-08-10T13:06:21.592+0300][1321.136s][info ][gc] GC(42865) Pause Young (Allocation Failure) 67M->67M(73M) 14.142ms
[2020-08-10T13:06:21.606+0300][1321.150s][info ][gc] GC(42866) Pause Young (Allocation Failure) 68M->68M(73M) 13.796ms
[2020-08-10T13:06:21.620+0300][1321.164s][info ][gc] GC(42867) Pause Young (Allocation Failure) 69M->69M(73M) 13.579ms
[2020-08-10T13:06:21.634+0300][1321.179s][info ][gc] GC(42868) Pause Young (Allocation Failure) 70M->70M(73M) 13.885ms
[2020-08-10T13:06:21.649+0300][1321.193s][info ][gc] GC(42869) Pause Young (Allocation Failure) 71M->71M(73M) 13.924ms
[2020-08-10T13:06:21.802+0300][1321.347s][debug][gc] GC(42870) Expanding ParOldGen from 72704K by 11264K to 83968K
[2020-08-10T13:06:21.802+0300][1321.347s][info ][gc] GC(42870) Pause Full (Ergonomics) 71M->71M(84M) 153.071ms
[2020-08-10T13:06:21.831+0300][1321.376s][info ][gc] GC(42871) Pause Young (Allocation Failure) 72M->72M(84M) 28.648ms
[2020-08-10T13:06:21.846+0300][1321.390s][info ][gc] GC(42872) Pause Young (Allocation Failure) 73M->73M(84M) 13.821ms
[2020-08-10T13:06:21.860+0300][1321.404s][info ][gc] GC(42873) Pause Young (Allocation Failure) 74M->74M(84M) 13.712ms
[2020-08-10T13:06:21.874+0300][1321.419s][info ][gc] GC(42874) Pause Young (Allocation Failure) 75M->75M(84M) 13.789ms
[2020-08-10T13:06:21.888+0300][1321.433s][info ][gc] GC(42875) Pause Young (Allocation Failure) 76M->76M(84M) 13.624ms
[2020-08-10T13:06:21.903+0300][1321.447s][info ][gc] GC(42876) Pause Young (Allocation Failure) 77M->77M(84M) 13.792ms
[2020-08-10T13:06:21.917+0300][1321.461s][info ][gc] GC(42877) Pause Young (Allocation Failure) 78M->77M(84M) 13.803ms
[2020-08-10T13:06:21.931+0300][1321.476s][info ][gc] GC(42878) Pause Young (Allocation Failure) 78M->78M(84M) 13.954ms
[2020-08-10T13:06:21.946+0300][1321.490s][info ][gc] GC(42879) Pause Young (Allocation Failure) 79M->79M(84M) 13.913ms
[2020-08-10T13:06:21.960+0300][1321.505s][info ][gc] GC(42880) Pause Young (Allocation Failure) 80M->80M(84M) 13.961ms
[2020-08-10T13:06:21.975+0300][1321.519s][info ][gc] GC(42881) Pause Young (Allocation Failure) 81M->81M(84M) 13.912ms
[2020-08-10T13:06:21.989+0300][1321.534s][info ][gc] GC(42882) Pause Young (Allocation Failure) 82M->82M(84M) 13.890ms
[2020-08-10T13:06:22.180+0300][1321.724s][debug][gc] GC(42883) Expanding ParOldGen from 83968K by 11264K to 95232K
[2020-08-10T13:06:22.180+0300][1321.724s][info ][gc] GC(42883) Pause Full (Ergonomics) 82M->82M(95M) 190.259ms
[2020-08-10T13:06:22.225+0300][1321.769s][info ][gc] GC(42884) Pause Young (Allocation Failure) 83M->83M(95M) 44.689ms
[2020-08-10T13:06:22.239+0300][1321.784s][info ][gc] GC(42885) Pause Young (Allocation Failure) 84M->84M(95M) 14.211ms
[2020-08-10T13:06:22.254+0300][1321.798s][info ][gc] GC(42886) Pause Young (Allocation Failure) 85M->85M(95M) 13.904ms
[2020-08-10T13:06:22.272+0300][1321.816s][info ][gc] GC(42887) Pause Young (Allocation Failure) 86M->86M(95M) 17.370ms
[2020-08-10T13:06:22.286+0300][1321.831s][info ][gc] GC(42888) Pause Young (Allocation Failure) 87M->87M(95M) 14.289ms
[2020-08-10T13:06:22.301+0300][1321.846s][info ][gc] GC(42889) Pause Young (Allocation Failure) 88M->88M(95M) 14.460ms
[2020-08-10T13:06:22.317+0300][1321.861s][info ][gc] GC(42890) Pause Young (Allocation Failure) 89M->89M(95M) 14.815ms
[2020-08-10T13:06:22.332+0300][1321.876s][info ][gc] GC(42891) Pause Young (Allocation Failure) 90M->90M(95M) 14.576ms
[2020-08-10T13:06:22.347+0300][1321.891s][info ][gc] GC(42892) Pause Young (Allocation Failure) 91M->91M(95M) 14.262ms
[2020-08-10T13:06:22.362+0300][1321.906s][info ][gc] GC(42893) Pause Young (Allocation Failure) 92M->92M(95M) 14.654ms
[2020-08-10T13:06:22.377+0300][1321.922s][info ][gc] GC(42894) Pause Young (Allocation Failure) 93M->93M(95M) 14.984ms
[2020-08-10T13:06:22.593+0300][1322.137s][debug][gc] GC(42895) Expanding ParOldGen from 95232K by 11264K to 106496K
[2020-08-10T13:06:22.593+0300][1322.138s][info ][gc] GC(42895) Pause Full (Ergonomics) 93M->92M(106M) 215.582ms
[2020-08-10T13:06:22.607+0300][1322.151s][info ][gc] GC(42896) Pause Young (Allocation Failure) 93M->93M(106M) 13.053ms
[2020-08-10T13:06:22.622+0300][1322.167s][info ][gc] GC(42897) Pause Young (Allocation Failure) 94M->94M(106M) 14.906ms
[2020-08-10T13:06:22.638+0300][1322.182s][info ][gc] GC(42898) Pause Young (Allocation Failure) 95M->95M(106M) 14.728ms
[2020-08-10T13:06:22.653+0300][1322.197s][info ][gc] GC(42899) Pause Young (Allocation Failure) 96M->96M(106M) 14.829ms
[2020-08-10T13:06:22.668+0300][1322.213s][info ][gc] GC(42900) Pause Young (Allocation Failure) 97M->97M(106M) 14.946ms
[2020-08-10T13:06:22.684+0300][1322.228s][info ][gc] GC(42901) Pause Young (Allocation Failure) 98M->98M(106M) 14.954ms
[2020-08-10T13:06:22.699+0300][1322.244s][info ][gc] GC(42902) Pause Young (Allocation Failure) 99M->99M(106M) 15.029ms
[2020-08-10T13:06:22.715+0300][1322.259s][info ][gc] GC(42903) Pause Young (Allocation Failure) 100M->100M(106M) 15.226ms
[2020-08-10T13:06:22.731+0300][1322.275s][info ][gc] GC(42904) Pause Young (Allocation Failure) 101M->101M(106M) 15.266ms
[2020-08-10T13:06:22.747+0300][1322.291s][info ][gc] GC(42905) Pause Young (Allocation Failure) 102M->102M(106M) 15.238ms
[2020-08-10T13:06:22.762+0300][1322.307s][info ][gc] GC(42906) Pause Young (Allocation Failure) 103M->103M(106M) 15.258ms
[2020-08-10T13:06:22.778+0300][1322.323s][info ][gc] GC(42907) Pause Young (Allocation Failure) 104M->104M(106M) 15.424ms
[2020-08-10T13:06:23.040+0300][1322.584s][debug][gc] GC(42908) Expanding ParOldGen from 106496K by 11264K to 117760K
[2020-08-10T13:06:23.040+0300][1322.585s][info ][gc] GC(42908) Pause Full (Ergonomics) 104M->104M(117M) 261.864ms
[2020-08-10T13:06:23.076+0300][1322.621s][info ][gc] GC(42909) Pause Young (Allocation Failure) 105M->105M(117M) 35.737ms
[2020-08-10T13:06:23.093+0300][1322.638s][info ][gc] GC(42910) Pause Young (Allocation Failure) 106M->106M(117M) 16.333ms
[2020-08-10T13:06:23.110+0300][1322.654s][info ][gc] GC(42911) Pause Young (Allocation Failure) 107M->107M(117M) 15.998ms
[2020-08-10T13:06:23.126+0300][1322.670s][info ][gc] GC(42912) Pause Young (Allocation Failure) 108M->108M(117M) 15.957ms
[2020-08-10T13:06:23.143+0300][1322.687s][info ][gc] GC(42913) Pause Young (Allocation Failure) 109M->109M(117M) 16.261ms
[2020-08-10T13:06:23.159+0300][1322.704s][info ][gc] GC(42914) Pause Young (Allocation Failure) 110M->109M(117M) 16.224ms
[2020-08-10T13:06:23.176+0300][1322.721s][info ][gc] GC(42915) Pause Young (Allocation Failure) 110M->110M(117M) 16.350ms
[2020-08-10T13:06:23.193+0300][1322.738s][info ][gc] GC(42916) Pause Young (Allocation Failure) 111M->111M(117M) 16.436ms
[2020-08-10T13:06:23.210+0300][1322.755s][info ][gc] GC(42917) Pause Young (Allocation Failure) 112M->112M(117M) 16.329ms
[2020-08-10T13:06:23.228+0300][1322.772s][info ][gc] GC(42918) Pause Young (Allocation Failure) 113M->113M(117M) 16.900ms
[2020-08-10T13:06:23.245+0300][1322.789s][info ][gc] GC(42919) Pause Young (Allocation Failure) 114M->114M(117M) 16.817ms
[2020-08-10T13:06:23.262+0300][1322.807s][info ][gc] GC(42920) Pause Young (Allocation Failure) 115M->115M(117M) 16.915ms
[2020-08-10T13:06:23.543+0300][1323.088s][debug][gc] GC(42921) Expanding ParOldGen from 117760K by 11264K to 129024K
[2020-08-10T13:06:23.543+0300][1323.088s][info ][gc] GC(42921) Pause Full (Ergonomics) 115M->115M(128M) 280.758ms
[2020-08-10T13:06:23.576+0300][1323.120s][info ][gc] GC(42922) Pause Young (Allocation Failure) 116M->116M(128M) 32.007ms
[2020-08-10T13:06:23.593+0300][1323.138s][info ][gc] GC(42923) Pause Young (Allocation Failure) 117M->117M(128M) 16.994ms
[2020-08-10T13:06:23.611+0300][1323.156s][info ][gc] GC(42924) Pause Young (Allocation Failure) 118M->118M(128M) 17.487ms
[2020-08-10T13:06:23.629+0300][1323.173s][info ][gc] GC(42925) Pause Young (Allocation Failure) 119M->119M(128M) 17.463ms
[2020-08-10T13:06:23.676+0300][1323.220s][info ][gc] GC(42926) Pause Young (Allocation Failure) 120M->120M(128M) 46.542ms
[2020-08-10T13:06:23.694+0300][1323.239s][info ][gc] GC(42927) Pause Young (Allocation Failure) 121M->121M(128M) 17.874ms
[2020-08-10T13:06:23.713+0300][1323.257s][info ][gc] GC(42928) Pause Young (Allocation Failure) 122M->122M(128M) 17.866ms
[2020-08-10T13:06:23.731+0300][1323.276s][info ][gc] GC(42929) Pause Young (Allocation Failure) 123M->123M(128M) 17.987ms
[2020-08-10T13:06:23.749+0300][1323.293s][info ][gc] GC(42930) Pause Young (Allocation Failure) 124M->124M(128M) 17.487ms
[2020-08-10T13:06:23.793+0300][1323.337s][info ][gc] GC(42931) Pause Young (Allocation Failure) 125M->125M(128M) 43.055ms
[2020-08-10T13:06:23.811+0300][1323.355s][info ][gc] GC(42932) Pause Young (Allocation Failure) 126M->126M(128M) 17.896ms
[2020-08-10T13:06:24.135+0300][1323.680s][debug][gc] GC(42933) Expanding ParOldGen from 129024K by 11264K to 140288K
[2020-08-10T13:06:24.136+0300][1323.680s][info ][gc] GC(42933) Pause Full (Ergonomics) 126M->125M(139M) 324.413ms
[2020-08-10T13:06:24.151+0300][1323.696s][info ][gc] GC(42934) Pause Young (Allocation Failure) 126M->126M(139M) 14.919ms
[2020-08-10T13:06:24.169+0300][1323.713s][info ][gc] GC(42935) Pause Young (Allocation Failure) 127M->127M(139M) 17.436ms
[2020-08-10T13:06:24.187+0300][1323.732s][info ][gc] GC(42936) Pause Young (Allocation Failure) 128M->128M(139M) 17.934ms
[2020-08-10T13:06:24.206+0300][1323.750s][info ][gc] GC(42937) Pause Young (Allocation Failure) 129M->129M(139M) 17.777ms
[2020-08-10T13:06:24.224+0300][1323.769s][info ][gc] GC(42938) Pause Young (Allocation Failure) 130M->130M(139M) 17.848ms
[2020-08-10T13:06:24.243+0300][1323.787s][info ][gc] GC(42939) Pause Young (Allocation Failure) 131M->131M(139M) 18.087ms
[2020-08-10T13:06:24.261+0300][1323.806s][info ][gc] GC(42940) Pause Young (Allocation Failure) 132M->132M(139M) 18.232ms
[2020-08-10T13:06:24.280+0300][1323.824s][info ][gc] GC(42941) Pause Young (Allocation Failure) 133M->133M(139M) 18.005ms
[2020-08-10T13:06:24.299+0300][1323.843s][info ][gc] GC(42942) Pause Young (Allocation Failure) 134M->134M(139M) 18.360ms
[2020-08-10T13:06:24.318+0300][1323.862s][info ][gc] GC(42943) Pause Young (Allocation Failure) 135M->135M(139M) 18.411ms
[2020-08-10T13:06:24.318+0300][1323.863s][debug][gc] Expanding ParOldGen from 140288K by 19968K to 160256K
[2020-08-10T13:06:24.361+0300][1323.906s][info ][gc] GC(42944) Pause Young (Allocation Failure) 155M->155M(159M) 28.831ms
[2020-08-10T13:06:24.388+0300][1323.933s][info ][gc] GC(42945) Pause Young (Allocation Failure) 156M->156M(159M) 26.561ms
[2020-08-10T13:06:24.414+0300][1323.959s][info ][gc] GC(42946) Pause Young (Allocation Failure) 157M->157M(159M) 25.757ms
[2020-08-10T13:06:24.459+0300][1324.004s][debug][gc] GC(42947) Shrinking ParOldGen from 160256K by 124416K to 35840K
[2020-08-10T13:06:24.459+0300][1324.004s][info ][gc] GC(42947) Pause Full (Ergonomics) 157M->23M(37M) 45.039ms
[2020-08-10T13:06:24.472+0300][1324.017s][info ][gc] GC(42948) Pause Young (Allocation Failure) 24M->24M(37M) 12.764ms
[2020-08-10T13:06:24.486+0300][1324.031s][info ][gc] GC(42949) Pause Young (Allocation Failure) 25M->25M(37M) 13.267ms
[2020-08-10T13:06:24.500+0300][1324.044s][info ][gc] GC(42950) Pause Young (Allocation Failure) 26M->26M(37M) 13.312ms
[2020-08-10T13:06:24.514+0300][1324.058s][info ][gc] GC(42951) Pause Young (Allocation Failure) 27M->27M(37M) 13.420ms
[2020-08-10T13:06:24.527+0300][1324.072s][info ][gc] GC(42952) Pause Young (Allocation Failure) 28M->28M(37M) 13.438ms
[2020-08-10T13:06:24.541+0300][1324.086s][info ][gc] GC(42953) Pause Young (Allocation Failure) 29M->29M(37M) 13.448ms
[2020-08-10T13:06:24.555+0300][1324.100s][info ][gc] GC(42954) Pause Young (Allocation Failure) 30M->30M(37M) 13.446ms
[2020-08-10T13:06:24.569+0300][1324.114s][info ][gc] GC(42955) Pause Young (Allocation Failure) 31M->31M(37M) 13.337ms
[2020-08-10T13:06:24.590+0300][1324.134s][info ][gc] GC(42956) Pause Young (Allocation Failure) 32M->32M(37M) 19.855ms
[2020-08-10T13:06:24.604+0300][1324.148s][info ][gc] GC(42957) Pause Young (Allocation Failure) 33M->33M(37M) 13.563ms
[2020-08-10T13:06:24.618+0300][1324.162s][info ][gc] GC(42958) Pause Young (Allocation Failure) 34M->34M(37M) 13.441ms
[2020-08-10T13:06:24.632+0300][1324.176s][info ][gc] GC(42959) Pause Young (Allocation Failure) 35M->35M(37M) 13.469ms
[2020-08-10T13:06:24.691+0300][1324.235s][debug][gc] GC(42960) Expanding ParOldGen from 35840K by 11776K to 47616K
[2020-08-10T13:06:24.691+0300][1324.235s][info ][gc] GC(42960) Pause Full (Ergonomics) 35M->34M(49M) 59.075ms
[2020-08-10T13:06:24.704+0300][1324.249s][info ][gc] GC(42961) Pause Young (Allocation Failure) 35M->35M(48M) 13.035ms
[2020-08-10T13:06:24.718+0300][1324.262s][info ][gc] GC(42962) Pause Young (Allocation Failure) 36M->36M(48M) 13.291ms
[2020-08-10T13:06:24.732+0300][1324.276s][info ][gc] GC(42963) Pause Young (Allocation Failure) 37M->37M(48M) 13.307ms
[2020-08-10T13:06:24.746+0300][1324.290s][info ][gc] GC(42964) Pause Young (Allocation Failure) 38M->38M(48M) 13.585ms
[2020-08-10T13:06:24.760+0300][1324.304s][info ][gc] GC(42965) Pause Young (Allocation Failure) 39M->39M(48M) 13.502ms
[2020-08-10T13:06:24.774+0300][1324.318s][info ][gc] GC(42966) Pause Young (Allocation Failure) 40M->40M(49M) 13.349ms
[2020-08-10T13:06:24.788+0300][1324.332s][info ][gc] GC(42967) Pause Young (Allocation Failure) 41M->41M(49M) 13.531ms
[2020-08-10T13:06:24.802+0300][1324.346s][info ][gc] GC(42968) Pause Young (Allocation Failure) 42M->42M(49M) 13.444ms
[2020-08-10T13:06:24.816+0300][1324.360s][info ][gc] GC(42969) Pause Young (Allocation Failure) 43M->43M(49M) 13.465ms
[2020-08-10T13:06:24.829+0300][1324.374s][info ][gc] GC(42970) Pause Young (Allocation Failure) 44M->44M(49M) 13.376ms
[2020-08-10T13:06:24.843+0300][1324.388s][info ][gc] GC(42971) Pause Young (Allocation Failure) 45M->45M(49M) 13.428ms
[2020-08-10T13:06:24.857+0300][1324.402s][info ][gc] GC(42972) Pause Young (Allocation Failure) 46M->46M(49M) 13.521ms
[2020-08-10T13:06:24.948+0300][1324.492s][debug][gc] GC(42973) Expanding ParOldGen from 47616K by 11264K to 58880K
[2020-08-10T13:06:24.948+0300][1324.492s][info ][gc] GC(42973) Pause Full (Ergonomics) 46M->46M(60M) 90.289ms
[2020-08-10T13:06:24.961+0300][1324.506s][info ][gc] GC(42974) Pause Young (Allocation Failure) 47M->47M(60M) 13.033ms
[2020-08-10T13:06:24.975+0300][1324.520s][info ][gc] GC(42975) Pause Young (Allocation Failure) 48M->48M(60M) 13.311ms
[2020-08-10T13:06:24.989+0300][1324.534s][info ][gc] GC(42976) Pause Young (Allocation Failure) 49M->49M(60M) 13.493ms
[2020-08-10T13:06:25.003+0300][1324.548s][info ][gc] GC(42977) Pause Young (Allocation Failure) 50M->50M(60M) 13.504ms
[2020-08-10T13:06:25.017+0300][1324.562s][info ][gc] GC(42978) Pause Young (Allocation Failure) 51M->51M(60M) 13.472ms
[2020-08-10T13:06:25.031+0300][1324.576s][info ][gc] GC(42979) Pause Young (Allocation Failure) 52M->51M(60M) 13.536ms
[2020-08-10T13:06:25.045+0300][1324.590s][info ][gc] GC(42980) Pause Young (Allocation Failure) 52M->52M(60M) 13.349ms
[2020-08-10T13:06:25.059+0300][1324.604s][info ][gc] GC(42981) Pause Young (Allocation Failure) 53M->53M(60M) 13.516ms
[2020-08-10T13:06:25.073+0300][1324.618s][info ][gc] GC(42982) Pause Young (Allocation Failure) 54M->54M(60M) 13.522ms
[2020-08-10T13:06:25.087+0300][1324.632s][info ][gc] GC(42983) Pause Young (Allocation Failure) 55M->55M(60M) 13.484ms
[2020-08-10T13:06:25.101+0300][1324.646s][info ][gc] GC(42984) Pause Young (Allocation Failure) 56M->56M(60M) 13.501ms
[2020-08-10T13:06:25.115+0300][1324.660s][info ][gc] GC(42985) Pause Young (Allocation Failure) 57M->57M(60M) 13.483ms
[2020-08-10T13:06:25.246+0300][1324.791s][debug][gc] GC(42986) Expanding ParOldGen from 58880K by 11264K to 70144K
[2020-08-10T13:06:25.246+0300][1324.791s][info ][gc] GC(42986) Pause Full (Ergonomics) 57M->57M(71M) 130.575ms
[2020-08-10T13:06:25.270+0300][1324.814s][info ][gc] GC(42987) Pause Young (Allocation Failure) 58M->58M(71M) 22.897ms
[2020-08-10T13:06:25.284+0300][1324.828s][info ][gc] GC(42988) Pause Young (Allocation Failure) 59M->59M(71M) 13.585ms
[2020-08-10T13:06:25.298+0300][1324.842s][info ][gc] GC(42989) Pause Young (Allocation Failure) 60M->60M(71M) 13.668ms
[2020-08-10T13:06:25.312+0300][1324.856s][info ][gc] GC(42990) Pause Young (Allocation Failure) 61M->61M(71M) 13.468ms
[2020-08-10T13:06:25.326+0300][1324.870s][info ][gc] GC(42991) Pause Young (Allocation Failure) 62M->62M(71M) 13.623ms
[2020-08-10T13:06:25.340+0300][1324.884s][info ][gc] GC(42992) Pause Young (Allocation Failure) 63M->63M(71M) 13.514ms
[2020-08-10T13:06:25.354+0300][1324.899s][info ][gc] GC(42993) Pause Young (Allocation Failure) 64M->64M(71M) 13.761ms
[2020-08-10T13:06:25.368+0300][1324.913s][info ][gc] GC(42994) Pause Young (Allocation Failure) 65M->65M(71M) 13.681ms
[2020-08-10T13:06:25.383+0300][1324.927s][info ][gc] GC(42995) Pause Young (Allocation Failure) 66M->66M(71M) 13.611ms
[2020-08-10T13:06:25.397+0300][1324.941s][info ][gc] GC(42996) Pause Young (Allocation Failure) 67M->67M(71M) 13.740ms
[2020-08-10T13:06:25.411+0300][1324.956s][info ][gc] GC(42997) Pause Young (Allocation Failure) 68M->68M(71M) 13.676ms
[2020-08-10T13:06:25.425+0300][1324.970s][info ][gc] GC(42998) Pause Young (Allocation Failure) 69M->68M(71M) 13.661ms
[2020-08-10T13:06:25.572+0300][1325.117s][debug][gc] GC(42999) Expanding ParOldGen from 70144K by 11776K to 81920K
[2020-08-10T13:06:25.572+0300][1325.117s][info ][gc] GC(42999) Pause Full (Ergonomics) 68M->68M(82M) 146.603ms
[2020-08-10T13:06:25.600+0300][1325.145s][info ][gc] GC(43000) Pause Young (Allocation Failure) 69M->69M(82M) 27.924ms
[2020-08-10T13:06:25.615+0300][1325.159s][info ][gc] GC(43001) Pause Young (Allocation Failure) 70M->70M(82M) 13.795ms
[2020-08-10T13:06:25.629+0300][1325.174s][info ][gc] GC(43002) Pause Young (Allocation Failure) 71M->71M(82M) 13.759ms
[2020-08-10T13:06:25.643+0300][1325.188s][info ][gc] GC(43003) Pause Young (Allocation Failure) 72M->72M(82M) 13.762ms
[2020-08-10T13:06:25.658+0300][1325.202s][info ][gc] GC(43004) Pause Young (Allocation Failure) 73M->73M(82M) 13.764ms
[2020-08-10T13:06:25.672+0300][1325.217s][info ][gc] GC(43005) Pause Young (Allocation Failure) 74M->74M(82M) 13.947ms
[2020-08-10T13:06:25.686+0300][1325.231s][info ][gc] GC(43006) Pause Young (Allocation Failure) 75M->75M(82M) 13.993ms
[2020-08-10T13:06:25.701+0300][1325.245s][info ][gc] GC(43007) Pause Young (Allocation Failure) 76M->76M(81M) 13.862ms
[2020-08-10T13:06:25.715+0300][1325.260s][info ][gc] GC(43008) Pause Young (Allocation Failure) 77M->77M(82M) 13.584ms
[2020-08-10T13:06:25.730+0300][1325.274s][info ][gc] GC(43009) Pause Young (Allocation Failure) 78M->78M(82M) 14.067ms
[2020-08-10T13:06:25.744+0300][1325.288s][info ][gc] GC(43010) Pause Young (Allocation Failure) 79M->79M(82M) 13.769ms
[2020-08-10T13:06:25.758+0300][1325.303s][info ][gc] GC(43011) Pause Young (Allocation Failure) 80M->80M(82M) 13.801ms
[2020-08-10T13:06:25.939+0300][1325.483s][debug][gc] GC(43012) Expanding ParOldGen from 81920K by 11264K to 93184K
[2020-08-10T13:06:25.939+0300][1325.484s][info ][gc] GC(43012) Pause Full (Ergonomics) 80M->80M(93M) 180.537ms
[2020-08-10T13:06:25.970+0300][1325.514s][info ][gc] GC(43013) Pause Young (Allocation Failure) 81M->81M(93M) 30.131ms
[2020-08-10T13:06:25.984+0300][1325.529s][info ][gc] GC(43014) Pause Young (Allocation Failure) 82M->82M(93M) 13.880ms
[2020-08-10T13:06:25.998+0300][1325.543s][info ][gc] GC(43015) Pause Young (Allocation Failure) 83M->83M(93M) 13.831ms
[2020-08-10T13:06:26.013+0300][1325.558s][info ][gc] GC(43016) Pause Young (Allocation Failure) 84M->83M(93M) 14.074ms
[2020-08-10T13:06:26.028+0300][1325.572s][info ][gc] GC(43017) Pause Young (Allocation Failure) 84M->84M(93M) 13.925ms
[2020-08-10T13:06:26.042+0300][1325.587s][info ][gc] GC(43018) Pause Young (Allocation Failure) 85M->85M(93M) 14.132ms
[2020-08-10T13:06:26.057+0300][1325.602s][info ][gc] GC(43019) Pause Young (Allocation Failure) 86M->86M(93M) 14.600ms
[2020-08-10T13:06:26.072+0300][1325.617s][info ][gc] GC(43020) Pause Young (Allocation Failure) 87M->87M(93M) 14.373ms
[2020-08-10T13:06:26.088+0300][1325.632s][info ][gc] GC(43021) Pause Young (Allocation Failure) 88M->88M(93M) 14.613ms
[2020-08-10T13:06:26.103+0300][1325.647s][info ][gc] GC(43022) Pause Young (Allocation Failure) 89M->89M(93M) 14.497ms
[2020-08-10T13:06:26.118+0300][1325.662s][info ][gc] GC(43023) Pause Young (Allocation Failure) 90M->90M(93M) 14.505ms
[2020-08-10T13:06:26.133+0300][1325.678s][info ][gc] GC(43024) Pause Young (Allocation Failure) 91M->91M(93M) 14.730ms
[2020-08-10T13:06:26.345+0300][1325.890s][debug][gc] GC(43025) Expanding ParOldGen from 93184K by 11776K to 104960K
[2020-08-10T13:06:26.345+0300][1325.890s][info ][gc] GC(43025) Pause Full (Ergonomics) 91M->91M(105M) 212.011ms
[2020-08-10T13:06:26.378+0300][1325.923s][info ][gc] GC(43026) Pause Young (Allocation Failure) 92M->92M(105M) 32.642ms
[2020-08-10T13:06:26.394+0300][1325.938s][info ][gc] GC(43027) Pause Young (Allocation Failure) 93M->93M(105M) 14.750ms
[2020-08-10T13:06:26.409+0300][1325.954s][info ][gc] GC(43028) Pause Young (Allocation Failure) 94M->94M(105M) 14.988ms
[2020-08-10T13:06:26.425+0300][1325.970s][info ][gc] GC(43029) Pause Young (Allocation Failure) 95M->95M(105M) 15.204ms
[2020-08-10T13:06:26.441+0300][1325.985s][info ][gc] GC(43030) Pause Young (Allocation Failure) 96M->96M(105M) 14.994ms
[2020-08-10T13:06:26.456+0300][1326.001s][info ][gc] GC(43031) Pause Young (Allocation Failure) 97M->97M(105M) 15.154ms
[2020-08-10T13:06:26.472+0300][1326.017s][info ][gc] GC(43032) Pause Young (Allocation Failure) 98M->98M(105M) 15.204ms
[2020-08-10T13:06:26.488+0300][1326.033s][info ][gc] GC(43033) Pause Young (Allocation Failure) 99M->99M(105M) 15.429ms
[2020-08-10T13:06:26.504+0300][1326.049s][info ][gc] GC(43034) Pause Young (Allocation Failure) 100M->99M(105M) 15.541ms
[2020-08-10T13:06:26.520+0300][1326.065s][info ][gc] GC(43035) Pause Young (Allocation Failure) 100M->100M(105M) 15.461ms
[2020-08-10T13:06:26.536+0300][1326.081s][info ][gc] GC(43036) Pause Young (Allocation Failure) 101M->101M(105M) 15.552ms
[2020-08-10T13:06:26.553+0300][1326.097s][info ][gc] GC(43037) Pause Young (Allocation Failure) 102M->102M(105M) 15.635ms
[2020-08-10T13:06:26.792+0300][1326.337s][debug][gc] GC(43038) Expanding ParOldGen from 104960K by 11264K to 116224K
[2020-08-10T13:06:26.792+0300][1326.337s][info ][gc] GC(43038) Pause Full (Ergonomics) 102M->102M(116M) 239.500ms
[2020-08-10T13:06:26.828+0300][1326.373s][info ][gc] GC(43039) Pause Young (Allocation Failure) 103M->103M(116M) 35.191ms
[2020-08-10T13:06:26.844+0300][1326.389s][info ][gc] GC(43040) Pause Young (Allocation Failure) 104M->104M(116M) 15.879ms
[2020-08-10T13:06:26.861+0300][1326.405s][info ][gc] GC(43041) Pause Young (Allocation Failure) 105M->105M(116M) 15.750ms
[2020-08-10T13:06:26.877+0300][1326.422s][info ][gc] GC(43042) Pause Young (Allocation Failure) 106M->106M(116M) 15.940ms
[2020-08-10T13:06:26.894+0300][1326.438s][info ][gc] GC(43043) Pause Young (Allocation Failure) 107M->107M(116M) 16.094ms
[2020-08-10T13:06:26.910+0300][1326.455s][info ][gc] GC(43044) Pause Young (Allocation Failure) 108M->108M(116M) 16.213ms
[2020-08-10T13:06:26.928+0300][1326.472s][info ][gc] GC(43045) Pause Young (Allocation Failure) 109M->109M(116M) 16.636ms
[2020-08-10T13:06:26.944+0300][1326.489s][info ][gc] GC(43046) Pause Young (Allocation Failure) 110M->110M(116M) 16.350ms
[2020-08-10T13:06:26.961+0300][1326.506s][info ][gc] GC(43047) Pause Young (Allocation Failure) 111M->111M(116M) 16.399ms
[2020-08-10T13:06:26.978+0300][1326.523s][info ][gc] GC(43048) Pause Young (Allocation Failure) 112M->112M(116M) 16.540ms
[2020-08-10T13:06:26.995+0300][1326.540s][info ][gc] GC(43049) Pause Young (Allocation Failure) 113M->113M(116M) 16.323ms
[2020-08-10T13:06:27.012+0300][1326.557s][info ][gc] GC(43050) Pause Young (Allocation Failure) 114M->114M(116M) 16.213ms
[2020-08-10T13:06:27.293+0300][1326.837s][debug][gc] GC(43051) Expanding ParOldGen from 116224K by 11264K to 127488K
[2020-08-10T13:06:27.293+0300][1326.837s][info ][gc] GC(43051) Pause Full (Ergonomics) 114M->113M(127M) 280.653ms
[2020-08-10T13:06:27.325+0300][1326.870s][info ][gc] GC(43052) Pause Young (Allocation Failure) 114M->114M(127M) 31.752ms
[2020-08-10T13:06:27.342+0300][1326.887s][info ][gc] GC(43053) Pause Young (Allocation Failure) 115M->115M(127M) 16.942ms
[2020-08-10T13:06:27.360+0300][1326.905s][info ][gc] GC(43054) Pause Young (Allocation Failure) 116M->116M(127M) 17.180ms
[2020-08-10T13:06:27.378+0300][1326.922s][info ][gc] GC(43055) Pause Young (Allocation Failure) 117M->117M(127M) 17.107ms
[2020-08-10T13:06:27.395+0300][1326.940s][info ][gc] GC(43056) Pause Young (Allocation Failure) 118M->118M(127M) 16.992ms
[2020-08-10T13:06:27.413+0300][1326.957s][info ][gc] GC(43057) Pause Young (Allocation Failure) 119M->119M(127M) 17.345ms
[2020-08-10T13:06:27.431+0300][1326.975s][info ][gc] GC(43058) Pause Young (Allocation Failure) 120M->120M(127M) 17.542ms
[2020-08-10T13:06:27.448+0300][1326.993s][info ][gc] GC(43059) Pause Young (Allocation Failure) 121M->121M(127M) 17.422ms
[2020-08-10T13:06:27.466+0300][1327.011s][info ][gc] GC(43060) Pause Young (Allocation Failure) 122M->122M(127M) 17.343ms
[2020-08-10T13:06:27.484+0300][1327.029s][info ][gc] GC(43061) Pause Young (Allocation Failure) 123M->123M(127M) 17.448ms
[2020-08-10T13:06:27.502+0300][1327.047s][info ][gc] GC(43062) Pause Young (Allocation Failure) 124M->124M(127M) 17.679ms
[2020-08-10T13:06:27.891+0300][1327.436s][debug][gc] GC(43063) Expanding ParOldGen from 127488K by 11264K to 138752K
[2020-08-10T13:06:27.891+0300][1327.436s][info ][gc] GC(43063) Pause Full (Ergonomics) 124M->124M(138M) 388.752ms
[2020-08-10T13:06:27.906+0300][1327.451s][info ][gc] GC(43064) Pause Young (Allocation Failure) 125M->125M(138M) 14.842ms
[2020-08-10T13:06:27.925+0300][1327.469s][info ][gc] GC(43065) Pause Young (Allocation Failure) 126M->126M(138M) 17.546ms
[2020-08-10T13:06:27.943+0300][1327.487s][info ][gc] GC(43066) Pause Young (Allocation Failure) 127M->127M(138M) 17.573ms
[2020-08-10T13:06:27.961+0300][1327.506s][info ][gc] GC(43067) Pause Young (Allocation Failure) 128M->128M(138M) 17.877ms
[2020-08-10T13:06:28.010+0300][1327.555s][info ][gc] GC(43068) Pause Young (Allocation Failure) 129M->129M(138M) 48.393ms
[2020-08-10T13:06:28.028+0300][1327.573s][info ][gc] GC(43069) Pause Young (Allocation Failure) 130M->130M(138M) 17.673ms
[2020-08-10T13:06:28.047+0300][1327.591s][info ][gc] GC(43070) Pause Young (Allocation Failure) 131M->131M(138M) 17.913ms
[2020-08-10T13:06:28.065+0300][1327.610s][info ][gc] GC(43071) Pause Young (Allocation Failure) 132M->131M(138M) 18.278ms
[2020-08-10T13:06:28.084+0300][1327.628s][info ][gc] GC(43072) Pause Young (Allocation Failure) 132M->132M(138M) 17.891ms
[2020-08-10T13:06:28.103+0300][1327.647s][info ][gc] GC(43073) Pause Young (Allocation Failure) 133M->133M(138M) 18.316ms
[2020-08-10T13:06:28.121+0300][1327.666s][info ][gc] GC(43074) Pause Young (Allocation Failure) 134M->134M(138M) 18.023ms
[2020-08-10T13:06:28.121+0300][1327.666s][debug][gc] Expanding ParOldGen from 138752K by 19968K to 158720K
[2020-08-10T13:06:28.182+0300][1327.726s][info ][gc] GC(43075) Pause Young (Allocation Failure) 154M->154M(157M) 52.538ms
[2020-08-10T13:06:28.226+0300][1327.771s][info ][gc] GC(43076) Pause Young (Allocation Failure) 155M->155M(157M) 43.985ms
[2020-08-10T13:06:28.263+0300][1327.808s][debug][gc] GC(43077) Shrinking ParOldGen from 158720K by 124416K to 34304K
[2020-08-10T13:06:28.264+0300][1327.808s][info ][gc] GC(43077) Pause Full (Ergonomics) 155M->22M(36M) 37.000ms
[2020-08-10T13:06:28.292+0300][1327.836s][info ][gc] GC(43078) Pause Young (Allocation Failure) 23M->23M(36M) 27.420ms
[2020-08-10T13:06:28.306+0300][1327.850s][info ][gc] GC(43079) Pause Young (Allocation Failure) 24M->24M(36M) 13.401ms
[2020-08-10T13:06:28.320+0300][1327.864s][info ][gc] GC(43080) Pause Young (Allocation Failure) 25M->24M(36M) 13.623ms
[2020-08-10T13:06:28.334+0300][1327.878s][info ][gc] GC(43081) Pause Young (Allocation Failure) 25M->25M(36M) 13.519ms
[2020-08-10T13:06:28.347+0300][1327.892s][info ][gc] GC(43082) Pause Young (Allocation Failure) 26M->26M(36M) 13.370ms
[2020-08-10T13:06:28.362+0300][1327.906s][info ][gc] GC(43083) Pause Young (Allocation Failure) 27M->27M(36M) 13.561ms
[2020-08-10T13:06:28.376+0300][1327.920s][info ][gc] GC(43084) Pause Young (Allocation Failure) 28M->28M(36M) 13.370ms
[2020-08-10T13:06:28.390+0300][1327.934s][info ][gc] GC(43085) Pause Young (Allocation Failure) 29M->29M(36M) 13.381ms
[2020-08-10T13:06:28.403+0300][1327.948s][info ][gc] GC(43086) Pause Young (Allocation Failure) 30M->30M(36M) 13.303ms
[2020-08-10T13:06:28.417+0300][1327.962s][info ][gc] GC(43087) Pause Young (Allocation Failure) 31M->31M(36M) 13.496ms
[2020-08-10T13:06:28.432+0300][1327.977s][info ][gc] GC(43088) Pause Young (Allocation Failure) 32M->32M(36M) 13.523ms
[2020-08-10T13:06:28.446+0300][1327.991s][info ][gc] GC(43089) Pause Young (Allocation Failure) 33M->33M(36M) 13.479ms
[2020-08-10T13:06:28.505+0300][1328.049s][debug][gc] GC(43090) Expanding ParOldGen from 34304K by 11264K to 45568K
[2020-08-10T13:06:28.505+0300][1328.050s][info ][gc] GC(43090) Pause Full (Ergonomics) 33M->33M(47M) 58.782ms
[2020-08-10T13:06:28.518+0300][1328.063s][info ][gc] GC(43091) Pause Young (Allocation Failure) 34M->34M(47M) 12.882ms
[2020-08-10T13:06:28.532+0300][1328.077s][info ][gc] GC(43092) Pause Young (Allocation Failure) 35M->35M(47M) 13.315ms
[2020-08-10T13:06:28.546+0300][1328.091s][info ][gc] GC(43093) Pause Young (Allocation Failure) 36M->36M(47M) 13.413ms
[2020-08-10T13:06:28.560+0300][1328.104s][info ][gc] GC(43094) Pause Young (Allocation Failure) 37M->37M(47M) 13.445ms
[2020-08-10T13:06:28.574+0300][1328.118s][info ][gc] GC(43095) Pause Young (Allocation Failure) 38M->38M(47M) 13.507ms
[2020-08-10T13:06:28.588+0300][1328.132s][info ][gc] GC(43096) Pause Young (Allocation Failure) 39M->39M(46M) 13.519ms
[2020-08-10T13:06:28.602+0300][1328.146s][info ][gc] GC(43097) Pause Young (Allocation Failure) 40M->40M(46M) 13.445ms
[2020-08-10T13:06:28.616+0300][1328.160s][info ][gc] GC(43098) Pause Young (Allocation Failure) 41M->41M(46M) 13.540ms
[2020-08-10T13:06:28.630+0300][1328.174s][info ][gc] GC(43099) Pause Young (Allocation Failure) 42M->41M(46M) 13.457ms
[2020-08-10T13:06:28.644+0300][1328.188s][info ][gc] GC(43100) Pause Young (Allocation Failure) 42M->42M(46M) 13.358ms
[2020-08-10T13:06:28.657+0300][1328.202s][info ][gc] GC(43101) Pause Young (Allocation Failure) 43M->43M(46M) 13.409ms
[2020-08-10T13:06:28.671+0300][1328.216s][info ][gc] GC(43102) Pause Young (Allocation Failure) 44M->44M(46M) 13.369ms
[2020-08-10T13:06:28.756+0300][1328.301s][debug][gc] GC(43103) Expanding ParOldGen from 45568K by 11264K to 56832K
[2020-08-10T13:06:28.756+0300][1328.301s][info ][gc] GC(43103) Pause Full (Ergonomics) 44M->44M(57M) 84.597ms
[2020-08-10T13:06:28.776+0300][1328.320s][info ][gc] GC(43104) Pause Young (Allocation Failure) 45M->45M(57M) 19.009ms
[2020-08-10T13:06:28.790+0300][1328.335s][info ][gc] GC(43105) Pause Young (Allocation Failure) 46M->46M(57M) 13.637ms
[2020-08-10T13:06:28.804+0300][1328.349s][info ][gc] GC(43106) Pause Young (Allocation Failure) 47M->47M(57M) 13.567ms
[2020-08-10T13:06:28.818+0300][1328.363s][info ][gc] GC(43107) Pause Young (Allocation Failure) 48M->48M(57M) 13.602ms
[2020-08-10T13:06:28.832+0300][1328.377s][info ][gc] GC(43108) Pause Young (Allocation Failure) 49M->49M(57M) 13.602ms
[2020-08-10T13:06:28.846+0300][1328.391s][info ][gc] GC(43109) Pause Young (Allocation Failure) 50M->50M(57M) 13.625ms
[2020-08-10T13:06:28.860+0300][1328.405s][info ][gc] GC(43110) Pause Young (Allocation Failure) 51M->51M(57M) 13.650ms
[2020-08-10T13:06:28.874+0300][1328.419s][info ][gc] GC(43111) Pause Young (Allocation Failure) 52M->52M(57M) 13.570ms
[2020-08-10T13:06:28.889+0300][1328.433s][info ][gc] GC(43112) Pause Young (Allocation Failure) 53M->53M(57M) 13.673ms
[2020-08-10T13:06:28.903+0300][1328.448s][info ][gc] GC(43113) Pause Young (Allocation Failure) 54M->54M(57M) 13.674ms
[2020-08-10T13:06:28.917+0300][1328.462s][info ][gc] GC(43114) Pause Young (Allocation Failure) 55M->55M(57M) 13.600ms
[2020-08-10T13:06:28.931+0300][1328.476s][info ][gc] GC(43115) Pause Young (Allocation Failure) 56M->56M(57M) 13.577ms
[2020-08-10T13:06:29.050+0300][1328.595s][debug][gc] GC(43116) Expanding ParOldGen from 56832K by 11264K to 68096K
[2020-08-10T13:06:29.050+0300][1328.595s][info ][gc] GC(43116) Pause Full (Ergonomics) 56M->55M(68M) 118.720ms
[2020-08-10T13:06:29.075+0300][1328.620s][info ][gc] GC(43117) Pause Young (Allocation Failure) 56M->56M(68M) 24.364ms
[2020-08-10T13:06:29.089+0300][1328.634s][info ][gc] GC(43118) Pause Young (Allocation Failure) 57M->57M(68M) 13.742ms
[2020-08-10T13:06:29.104+0300][1328.648s][info ][gc] GC(43119) Pause Young (Allocation Failure) 58M->58M(68M) 13.729ms
[2020-08-10T13:06:29.118+0300][1328.663s][info ][gc] GC(43120) Pause Young (Allocation Failure) 59M->59M(68M) 13.714ms
[2020-08-10T13:06:29.132+0300][1328.677s][info ][gc] GC(43121) Pause Young (Allocation Failure) 60M->60M(68M) 13.689ms
[2020-08-10T13:06:29.146+0300][1328.691s][info ][gc] GC(43122) Pause Young (Allocation Failure) 61M->61M(68M) 13.577ms
[2020-08-10T13:06:29.160+0300][1328.705s][info ][gc] GC(43123) Pause Young (Allocation Failure) 62M->62M(68M) 13.715ms
[2020-08-10T13:06:29.175+0300][1328.719s][info ][gc] GC(43124) Pause Young (Allocation Failure) 63M->63M(68M) 13.772ms
[2020-08-10T13:06:29.189+0300][1328.734s][info ][gc] GC(43125) Pause Young (Allocation Failure) 64M->64M(68M) 13.567ms
[2020-08-10T13:06:29.203+0300][1328.748s][info ][gc] GC(43126) Pause Young (Allocation Failure) 65M->65M(68M) 13.794ms
[2020-08-10T13:06:29.217+0300][1328.762s][info ][gc] GC(43127) Pause Young (Allocation Failure) 66M->66M(68M) 13.729ms
[2020-08-10T13:06:29.355+0300][1328.900s][debug][gc] GC(43128) Expanding ParOldGen from 68096K by 11264K to 79360K
[2020-08-10T13:06:29.356+0300][1328.900s][info ][gc] GC(43128) Pause Full (Ergonomics) 66M->66M(79M) 138.010ms
[2020-08-10T13:06:29.370+0300][1328.914s][info ][gc] GC(43129) Pause Young (Allocation Failure) 67M->67M(79M) 13.087ms
[2020-08-10T13:06:29.384+0300][1328.928s][info ][gc] GC(43130) Pause Young (Allocation Failure) 68M->68M(79M) 13.578ms
[2020-08-10T13:06:29.398+0300][1328.942s][info ][gc] GC(43131) Pause Young (Allocation Failure) 69M->69M(79M) 13.492ms
[2020-08-10T13:06:29.412+0300][1328.956s][info ][gc] GC(43132) Pause Young (Allocation Failure) 70M->70M(79M) 13.439ms
[2020-08-10T13:06:29.426+0300][1328.970s][info ][gc] GC(43133) Pause Young (Allocation Failure) 71M->71M(79M) 13.474ms
[2020-08-10T13:06:29.440+0300][1328.985s][info ][gc] GC(43134) Pause Young (Allocation Failure) 72M->72M(79M) 13.675ms
[2020-08-10T13:06:29.454+0300][1328.999s][info ][gc] GC(43135) Pause Young (Allocation Failure) 73M->72M(79M) 13.607ms
[2020-08-10T13:06:29.468+0300][1329.013s][info ][gc] GC(43136) Pause Young (Allocation Failure) 73M->73M(79M) 13.692ms
[2020-08-10T13:06:29.482+0300][1329.027s][info ][gc] GC(43137) Pause Young (Allocation Failure) 74M->74M(79M) 13.540ms
[2020-08-10T13:06:29.496+0300][1329.041s][info ][gc] GC(43138) Pause Young (Allocation Failure) 75M->75M(79M) 13.571ms
[2020-08-10T13:06:29.510+0300][1329.055s][info ][gc] GC(43139) Pause Young (Allocation Failure) 76M->76M(79M) 13.334ms
[2020-08-10T13:06:29.524+0300][1329.069s][info ][gc] GC(43140) Pause Young (Allocation Failure) 77M->77M(79M) 13.557ms
[2020-08-10T13:06:29.708+0300][1329.253s][debug][gc] GC(43141) Expanding ParOldGen from 79360K by 11264K to 90624K
[2020-08-10T13:06:29.708+0300][1329.253s][info ][gc] GC(43141) Pause Full (Ergonomics) 77M->77M(90M) 183.998ms
[2020-08-10T13:06:29.739+0300][1329.283s][info ][gc] GC(43142) Pause Young (Allocation Failure) 78M->78M(90M) 29.973ms
[2020-08-10T13:06:29.753+0300][1329.298s][info ][gc] GC(43143) Pause Young (Allocation Failure) 79M->79M(90M) 13.812ms
[2020-08-10T13:06:29.767+0300][1329.312s][info ][gc] GC(43144) Pause Young (Allocation Failure) 80M->80M(90M) 13.959ms
[2020-08-10T13:06:29.782+0300][1329.327s][info ][gc] GC(43145) Pause Young (Allocation Failure) 81M->81M(90M) 13.896ms
[2020-08-10T13:06:29.796+0300][1329.341s][info ][gc] GC(43146) Pause Young (Allocation Failure) 82M->82M(90M) 13.969ms
[2020-08-10T13:06:29.811+0300][1329.356s][info ][gc] GC(43147) Pause Young (Allocation Failure) 83M->83M(90M) 13.898ms
[2020-08-10T13:06:29.825+0300][1329.370s][info ][gc] GC(43148) Pause Young (Allocation Failure) 84M->84M(90M) 13.976ms
[2020-08-10T13:06:29.840+0300][1329.385s][info ][gc] GC(43149) Pause Young (Allocation Failure) 85M->85M(90M) 14.032ms
[2020-08-10T13:06:29.855+0300][1329.400s][info ][gc] GC(43150) Pause Young (Allocation Failure) 86M->86M(90M) 14.515ms
[2020-08-10T13:06:29.870+0300][1329.415s][info ][gc] GC(43151) Pause Young (Allocation Failure) 87M->87M(90M) 14.351ms
[2020-08-10T13:06:29.885+0300][1329.429s][info ][gc] GC(43152) Pause Young (Allocation Failure) 88M->88M(90M) 14.364ms
[2020-08-10T13:06:29.900+0300][1329.444s][info ][gc] GC(43153) Pause Young (Allocation Failure) 89M->89M(90M) 14.376ms
[2020-08-10T13:06:30.109+0300][1329.654s][debug][gc] GC(43154) Expanding ParOldGen from 90624K by 11776K to 102400K
[2020-08-10T13:06:30.109+0300][1329.654s][info ][gc] GC(43154) Pause Full (Ergonomics) 89M->88M(102M) 209.465ms
[2020-08-10T13:06:30.142+0300][1329.687s][info ][gc] GC(43155) Pause Young (Allocation Failure) 89M->89M(102M) 32.028ms
[2020-08-10T13:06:30.157+0300][1329.702s][info ][gc] GC(43156) Pause Young (Allocation Failure) 90M->90M(102M) 14.504ms
[2020-08-10T13:06:30.172+0300][1329.717s][info ][gc] GC(43157) Pause Young (Allocation Failure) 91M->91M(102M) 14.664ms
[2020-08-10T13:06:30.187+0300][1329.732s][info ][gc] GC(43158) Pause Young (Allocation Failure) 92M->92M(102M) 14.821ms
[2020-08-10T13:06:30.203+0300][1329.747s][info ][gc] GC(43159) Pause Young (Allocation Failure) 93M->93M(102M) 14.893ms
[2020-08-10T13:06:30.218+0300][1329.763s][info ][gc] GC(43160) Pause Young (Allocation Failure) 94M->94M(102M) 15.235ms
[2020-08-10T13:06:30.234+0300][1329.779s][info ][gc] GC(43161) Pause Young (Allocation Failure) 95M->95M(102M) 14.739ms
[2020-08-10T13:06:30.250+0300][1329.794s][info ][gc] GC(43162) Pause Young (Allocation Failure) 96M->96M(102M) 15.158ms
[2020-08-10T13:06:30.265+0300][1329.810s][info ][gc] GC(43163) Pause Young (Allocation Failure) 97M->97M(101M) 15.328ms
[2020-08-10T13:06:30.280+0300][1329.825s][info ][gc] GC(43164) Pause Young (Allocation Failure) 98M->97M(102M) 13.896ms
[2020-08-10T13:06:30.294+0300][1329.838s][info ][gc] GC(43165) Pause Young (Allocation Failure) 98M->98M(102M) 13.453ms
[2020-08-10T13:06:30.308+0300][1329.852s][info ][gc] GC(43166) Pause Young (Allocation Failure) 98M->98M(102M) 13.457ms
[2020-08-10T13:06:30.321+0300][1329.866s][info ][gc] GC(43167) Pause Young (Allocation Failure) 99M->99M(102M) 13.430ms
[2020-08-10T13:06:30.551+0300][1330.096s][debug][gc] GC(43168) Expanding ParOldGen from 102400K by 10752K to 113152K
[2020-08-10T13:06:30.552+0300][1330.096s][info ][gc] GC(43168) Pause Full (Ergonomics) 99M->99M(112M) 230.095ms
[2020-08-10T13:06:30.565+0300][1330.109s][info ][gc] GC(43169) Pause Young (Allocation Failure) 99M->99M(112M) 12.751ms
[2020-08-10T13:06:30.584+0300][1330.129s][info ][gc] GC(43170) Pause Young (Allocation Failure) 100M->100M(112M) 18.561ms
[2020-08-10T13:06:30.597+0300][1330.142s][info ][gc] GC(43171) Pause Young (Allocation Failure) 100M->100M(112M) 13.065ms
[2020-08-10T13:06:30.611+0300][1330.155s][info ][gc] GC(43172) Pause Young (Allocation Failure) 101M->101M(112M) 13.050ms
[2020-08-10T13:06:30.634+0300][1330.179s][info ][gc] GC(43173) Pause Young (Allocation Failure) 101M->101M(112M) 23.103ms
[2020-08-10T13:06:30.648+0300][1330.192s][info ][gc] GC(43174) Pause Young (Allocation Failure) 102M->101M(112M) 13.117ms
[2020-08-10T13:06:30.661+0300][1330.206s][info ][gc] GC(43175) Pause Young (Allocation Failure) 102M->102M(112M) 13.098ms
[2020-08-10T13:06:30.675+0300][1330.220s][info ][gc] GC(43176) Pause Young (Allocation Failure) 102M->102M(112M) 13.090ms
[2020-08-10T13:06:30.688+0300][1330.233s][info ][gc] GC(43177) Pause Young (Allocation Failure) 103M->103M(112M) 13.159ms
[2020-08-10T13:06:30.702+0300][1330.247s][info ][gc] GC(43178) Pause Young (Allocation Failure) 103M->103M(112M) 13.187ms
[2020-08-10T13:06:30.716+0300][1330.260s][info ][gc] GC(43179) Pause Young (Allocation Failure) 104M->104M(112M) 13.119ms
[2020-08-10T13:06:30.729+0300][1330.274s][info ][gc] GC(43180) Pause Young (Allocation Failure) 104M->104M(112M) 13.221ms
[2020-08-10T13:06:30.743+0300][1330.288s][info ][gc] GC(43181) Pause Young (Allocation Failure) 105M->105M(111M) 13.330ms
[2020-08-10T13:06:30.757+0300][1330.302s][info ][gc] GC(43182) Pause Young (Allocation Failure) 105M->105M(112M) 13.230ms
[2020-08-10T13:06:30.770+0300][1330.315s][info ][gc] GC(43183) Pause Young (Allocation Failure) 106M->106M(112M) 12.910ms
[2020-08-10T13:06:30.784+0300][1330.328s][info ][gc] GC(43184) Pause Young (Allocation Failure) 106M->106M(112M) 13.157ms
[2020-08-10T13:06:30.797+0300][1330.342s][info ][gc] GC(43185) Pause Young (Allocation Failure) 107M->107M(112M) 13.153ms
[2020-08-10T13:06:30.811+0300][1330.356s][info ][gc] GC(43186) Pause Young (Allocation Failure) 107M->107M(112M) 13.123ms
[2020-08-10T13:06:30.824+0300][1330.369s][info ][gc] GC(43187) Pause Young (Allocation Failure) 107M->107M(112M) 13.151ms
[2020-08-10T13:06:30.838+0300][1330.383s][info ][gc] GC(43188) Pause Young (Allocation Failure) 108M->108M(112M) 13.213ms
[2020-08-10T13:06:30.852+0300][1330.396s][info ][gc] GC(43189) Pause Young (Allocation Failure) 108M->108M(112M) 13.188ms
[2020-08-10T13:06:30.865+0300][1330.410s][info ][gc] GC(43190) Pause Young (Allocation Failure) 109M->109M(112M) 13.155ms
[2020-08-10T13:06:30.879+0300][1330.424s][info ][gc] GC(43191) Pause Young (Allocation Failure) 109M->109M(112M) 13.289ms
[2020-08-10T13:06:30.893+0300][1330.438s][info ][gc] GC(43192) Pause Young (Allocation Failure) 110M->110M(112M) 13.650ms
[2020-08-10T13:06:30.907+0300][1330.452s][info ][gc] GC(43193) Pause Young (Allocation Failure) 110M->110M(112M) 13.375ms
[2020-08-10T13:06:31.210+0300][1330.755s][debug][gc] GC(43194) Expanding ParOldGen from 113152K by 11264K to 124416K
[2020-08-10T13:06:31.210+0300][1330.755s][info ][gc] GC(43194) Pause Full (Ergonomics) 110M->110M(123M) 302.896ms
[2020-08-10T13:06:31.223+0300][1330.768s][info ][gc] GC(43195) Pause Young (Allocation Failure) 110M->110M(123M) 12.962ms
[2020-08-10T13:06:31.237+0300][1330.782s][info ][gc] GC(43196) Pause Young (Allocation Failure) 111M->111M(123M) 13.448ms
[2020-08-10T13:06:31.251+0300][1330.796s][info ][gc] GC(43197) Pause Young (Allocation Failure) 111M->111M(123M) 13.435ms
[2020-08-10T13:06:31.265+0300][1330.810s][info ][gc] GC(43198) Pause Young (Allocation Failure) 112M->112M(123M) 13.524ms
[2020-08-10T13:06:31.279+0300][1330.824s][info ][gc] GC(43199) Pause Young (Allocation Failure) 112M->112M(123M) 13.594ms
[2020-08-10T13:06:31.293+0300][1330.838s][info ][gc] GC(43200) Pause Young (Allocation Failure) 113M->113M(123M) 13.475ms
[2020-08-10T13:06:31.307+0300][1330.852s][info ][gc] GC(43201) Pause Young (Allocation Failure) 113M->113M(123M) 13.529ms
[2020-08-10T13:06:31.321+0300][1330.866s][info ][gc] GC(43202) Pause Young (Allocation Failure) 114M->114M(123M) 13.608ms
[2020-08-10T13:06:31.335+0300][1330.880s][info ][gc] GC(43203) Pause Young (Allocation Failure) 114M->114M(123M) 13.540ms
[2020-08-10T13:06:31.349+0300][1330.894s][info ][gc] GC(43204) Pause Young (Allocation Failure) 115M->115M(123M) 13.700ms
[2020-08-10T13:06:31.363+0300][1330.908s][info ][gc] GC(43205) Pause Young (Allocation Failure) 115M->115M(123M) 13.746ms
[2020-08-10T13:06:31.377+0300][1330.922s][info ][gc] GC(43206) Pause Young (Allocation Failure) 116M->115M(123M) 13.640ms
[2020-08-10T13:06:31.392+0300][1330.936s][info ][gc] GC(43207) Pause Young (Allocation Failure) 116M->116M(123M) 13.708ms
[2020-08-10T13:06:31.406+0300][1330.951s][info ][gc] GC(43208) Pause Young (Allocation Failure) 116M->116M(123M) 13.848ms
[2020-08-10T13:06:31.420+0300][1330.965s][info ][gc] GC(43209) Pause Young (Allocation Failure) 117M->117M(123M) 13.899ms
[2020-08-10T13:06:31.435+0300][1330.979s][info ][gc] GC(43210) Pause Young (Allocation Failure) 117M->117M(123M) 13.885ms
[2020-08-10T13:06:31.449+0300][1330.994s][info ][gc] GC(43211) Pause Young (Allocation Failure) 118M->118M(123M) 13.894ms
[2020-08-10T13:06:31.463+0300][1331.008s][info ][gc] GC(43212) Pause Young (Allocation Failure) 118M->118M(123M) 13.898ms
[2020-08-10T13:06:31.478+0300][1331.022s][info ][gc] GC(43213) Pause Young (Allocation Failure) 119M->119M(123M) 14.015ms
[2020-08-10T13:06:31.492+0300][1331.037s][info ][gc] GC(43214) Pause Young (Allocation Failure) 119M->119M(123M) 14.112ms
[2020-08-10T13:06:31.507+0300][1331.052s][info ][gc] GC(43215) Pause Young (Allocation Failure) 120M->120M(123M) 14.292ms
[2020-08-10T13:06:31.521+0300][1331.066s][info ][gc] GC(43216) Pause Young (Allocation Failure) 120M->120M(123M) 14.031ms
[2020-08-10T13:06:31.536+0300][1331.081s][info ][gc] GC(43217) Pause Young (Allocation Failure) 121M->121M(123M) 14.118ms
[2020-08-10T13:06:31.551+0300][1331.095s][info ][gc] GC(43218) Pause Young (Allocation Failure) 121M->121M(123M) 14.138ms
[2020-08-10T13:06:31.910+0300][1331.455s][debug][gc] GC(43219) Expanding ParOldGen from 124416K by 10752K to 135168K
[2020-08-10T13:06:31.910+0300][1331.455s][info ][gc] GC(43219) Pause Full (Ergonomics) 121M->121M(133M) 359.199ms
[2020-08-10T13:06:31.924+0300][1331.469s][info ][gc] GC(43220) Pause Young (Allocation Failure) 121M->121M(133M) 13.583ms
[2020-08-10T13:06:31.939+0300][1331.484s][info ][gc] GC(43221) Pause Young (Allocation Failure) 122M->122M(133M) 14.522ms
[2020-08-10T13:06:31.954+0300][1331.499s][info ][gc] GC(43222) Pause Young (Allocation Failure) 122M->122M(133M) 14.552ms
[2020-08-10T13:06:31.969+0300][1331.514s][info ][gc] GC(43223) Pause Young (Allocation Failure) 123M->123M(133M) 14.573ms
[2020-08-10T13:06:31.984+0300][1331.529s][info ][gc] GC(43224) Pause Young (Allocation Failure) 123M->123M(133M) 14.600ms
[2020-08-10T13:06:31.999+0300][1331.544s][info ][gc] GC(43225) Pause Young (Allocation Failure) 124M->124M(133M) 14.687ms
[2020-08-10T13:06:32.014+0300][1331.559s][info ][gc] GC(43226) Pause Young (Allocation Failure) 124M->124M(133M) 14.668ms
[2020-08-10T13:06:32.030+0300][1331.575s][info ][gc] GC(43227) Pause Young (Allocation Failure) 125M->125M(133M) 15.098ms
[2020-08-10T13:06:32.045+0300][1331.590s][info ][gc] GC(43228) Pause Young (Allocation Failure) 125M->125M(133M) 15.362ms
[2020-08-10T13:06:32.061+0300][1331.605s][info ][gc] GC(43229) Pause Young (Allocation Failure) 126M->125M(133M) 14.689ms
[2020-08-10T13:06:32.076+0300][1331.621s][info ][gc] GC(43230) Pause Young (Allocation Failure) 126M->126M(133M) 14.940ms
[2020-08-10T13:06:32.091+0300][1331.636s][info ][gc] GC(43231) Pause Young (Allocation Failure) 126M->126M(133M) 14.867ms
[2020-08-10T13:06:32.107+0300][1331.651s][info ][gc] GC(43232) Pause Young (Allocation Failure) 127M->127M(133M) 14.860ms
[2020-08-10T13:06:32.122+0300][1331.667s][info ][gc] GC(43233) Pause Young (Allocation Failure) 127M->127M(133M) 14.864ms
[2020-08-10T13:06:32.137+0300][1331.682s][info ][gc] GC(43234) Pause Young (Allocation Failure) 128M->128M(133M) 14.733ms
[2020-08-10T13:06:32.152+0300][1331.697s][info ][gc] GC(43235) Pause Young (Allocation Failure) 128M->128M(133M) 15.049ms
[2020-08-10T13:06:32.168+0300][1331.713s][info ][gc] GC(43236) Pause Young (Allocation Failure) 129M->129M(133M) 15.049ms
[2020-08-10T13:06:32.183+0300][1331.728s][info ][gc] GC(43237) Pause Young (Allocation Failure) 129M->129M(133M) 15.054ms
[2020-08-10T13:06:32.199+0300][1331.744s][info ][gc] GC(43238) Pause Young (Allocation Failure) 130M->130M(133M) 15.157ms
[2020-08-10T13:06:32.215+0300][1331.760s][info ][gc] GC(43239) Pause Young (Allocation Failure) 130M->130M(133M) 15.522ms
[2020-08-10T13:06:32.230+0300][1331.775s][info ][gc] GC(43240) Pause Young (Allocation Failure) 131M->131M(133M) 15.242ms
[2020-08-10T13:06:32.246+0300][1331.791s][info ][gc] GC(43241) Pause Young (Allocation Failure) 131M->131M(133M) 15.260ms
[2020-08-10T13:06:32.262+0300][1331.807s][info ][gc] GC(43242) Pause Young (Allocation Failure) 132M->131M(133M) 15.292ms
[2020-08-10T13:06:32.300+0300][1331.845s][info ][gc] GC(43243) Pause Young (Allocation Failure) 132M->132M(133M) 37.693ms
[2020-08-10T13:06:32.645+0300][1332.190s][debug][gc] GC(43244) Expanding ParOldGen from 135168K by 10752K to 145920K
[2020-08-10T13:06:32.645+0300][1332.190s][info ][gc] GC(43244) Pause Full (Ergonomics) 132M->132M(144M) 344.872ms
[2020-08-10T13:06:32.678+0300][1332.222s][info ][gc] GC(43245) Pause Young (Allocation Failure) 132M->132M(144M) 32.249ms
[2020-08-10T13:06:32.693+0300][1332.238s][info ][gc] GC(43246) Pause Young (Allocation Failure) 133M->133M(144M) 15.306ms
[2020-08-10T13:06:32.709+0300][1332.254s][info ][gc] GC(43247) Pause Young (Allocation Failure) 133M->133M(144M) 15.466ms
[2020-08-10T13:06:32.724+0300][1332.269s][info ][gc] GC(43248) Pause Young (Allocation Failure) 134M->134M(144M) 15.311ms
[2020-08-10T13:06:32.740+0300][1332.285s][info ][gc] GC(43249) Pause Young (Allocation Failure) 134M->134M(144M) 15.502ms
[2020-08-10T13:06:32.756+0300][1332.301s][info ][gc] GC(43250) Pause Young (Allocation Failure) 135M->134M(144M) 15.703ms
[2020-08-10T13:06:32.801+0300][1332.346s][info ][gc] GC(43251) Pause Young (Allocation Failure) 135M->135M(144M) 43.919ms
[2020-08-10T13:06:32.801+0300][1332.346s][debug][gc] Expanding ParOldGen from 145920K by 19968K to 165888K
[2020-08-10T13:06:32.836+0300][1332.381s][info ][gc] GC(43252) Pause Young (Allocation Failure) 154M->154M(163M) 26.961ms
[2020-08-10T13:06:32.854+0300][1332.399s][info ][gc] GC(43253) Pause Young (Allocation Failure) 155M->155M(163M) 17.914ms
[2020-08-10T13:06:32.868+0300][1332.413s][info ][gc] GC(43254) Pause Young (Allocation Failure) 155M->155M(163M) 13.439ms
[2020-08-10T13:06:32.882+0300][1332.427s][info ][gc] GC(43255) Pause Young (Allocation Failure) 156M->156M(163M) 13.621ms
[2020-08-10T13:06:32.896+0300][1332.441s][info ][gc] GC(43256) Pause Young (Allocation Failure) 156M->156M(163M) 13.341ms
[2020-08-10T13:06:32.910+0300][1332.455s][info ][gc] GC(43257) Pause Young (Allocation Failure) 157M->157M(163M) 13.480ms
[2020-08-10T13:06:32.924+0300][1332.469s][info ][gc] GC(43258) Pause Young (Allocation Failure) 157M->157M(163M) 13.503ms
[2020-08-10T13:06:32.937+0300][1332.482s][info ][gc] GC(43259) Pause Young (Allocation Failure) 158M->157M(163M) 13.339ms
[2020-08-10T13:06:32.951+0300][1332.496s][info ][gc] GC(43260) Pause Young (Allocation Failure) 158M->158M(163M) 13.644ms
[2020-08-10T13:06:32.965+0300][1332.510s][info ][gc] GC(43261) Pause Young (Allocation Failure) 158M->158M(163M) 13.364ms
[2020-08-10T13:06:32.979+0300][1332.524s][info ][gc] GC(43262) Pause Young (Allocation Failure) 159M->159M(163M) 13.378ms
[2020-08-10T13:06:32.993+0300][1332.537s][info ][gc] GC(43263) Pause Young (Allocation Failure) 159M->159M(163M) 13.358ms
[2020-08-10T13:06:33.006+0300][1332.551s][info ][gc] GC(43264) Pause Young (Allocation Failure) 160M->160M(163M) 13.505ms
[2020-08-10T13:06:33.020+0300][1332.565s][info ][gc] GC(43265) Pause Young (Allocation Failure) 160M->160M(163M) 13.523ms
[2020-08-10T13:06:33.034+0300][1332.579s][info ][gc] GC(43266) Pause Young (Allocation Failure) 161M->161M(163M) 13.545ms
[2020-08-10T13:06:33.048+0300][1332.593s][info ][gc] GC(43267) Pause Young (Allocation Failure) 161M->161M(163M) 13.503ms
[2020-08-10T13:06:33.062+0300][1332.607s][info ][gc] GC(43268) Pause Young (Allocation Failure) 162M->162M(163M) 13.493ms
[2020-08-10T13:06:33.135+0300][1332.680s][debug][gc] GC(43269) Shrinking ParOldGen from 165888K by 125952K to 39936K
[2020-08-10T13:06:33.136+0300][1332.680s][info ][gc] GC(43269) Pause Full (Ergonomics) 162M->28M(40M) 73.358ms
[2020-08-10T13:06:33.169+0300][1332.714s][info ][gc] GC(43270) Pause Young (Allocation Failure) 28M->28M(40M) 33.182ms
[2020-08-10T13:06:33.190+0300][1332.735s][info ][gc] GC(43271) Pause Young (Allocation Failure) 29M->29M(40M) 20.344ms
[2020-08-10T13:06:33.214+0300][1332.759s][info ][gc] GC(43272) Pause Young (Allocation Failure) 29M->29M(40M) 23.750ms
[2020-08-10T13:06:33.227+0300][1332.772s][info ][gc] GC(43273) Pause Young (Allocation Failure) 30M->30M(40M) 12.586ms
[2020-08-10T13:06:33.242+0300][1332.787s][info ][gc] GC(43274) Pause Young (Allocation Failure) 30M->30M(40M) 13.971ms
[2020-08-10T13:06:33.255+0300][1332.800s][info ][gc] GC(43275) Pause Young (Allocation Failure) 31M->31M(40M) 13.004ms
[2020-08-10T13:06:33.269+0300][1332.814s][info ][gc] GC(43276) Pause Young (Allocation Failure) 31M->31M(40M) 12.956ms
[2020-08-10T13:06:33.282+0300][1332.827s][info ][gc] GC(43277) Pause Young (Allocation Failure) 32M->32M(40M) 13.166ms
[2020-08-10T13:06:33.296+0300][1332.841s][info ][gc] GC(43278) Pause Young (Allocation Failure) 33M->33M(41M) 13.314ms
[2020-08-10T13:06:33.310+0300][1332.855s][info ][gc] GC(43279) Pause Young (Allocation Failure) 34M->34M(41M) 13.449ms
[2020-08-10T13:06:33.325+0300][1332.869s][info ][gc] GC(43280) Pause Young (Allocation Failure) 35M->35M(41M) 13.493ms
[2020-08-10T13:06:33.338+0300][1332.883s][info ][gc] GC(43281) Pause Young (Allocation Failure) 36M->36M(41M) 13.203ms
[2020-08-10T13:06:33.352+0300][1332.897s][info ][gc] GC(43282) Pause Young (Allocation Failure) 37M->37M(41M) 13.159ms
[2020-08-10T13:06:33.366+0300][1332.910s][info ][gc] GC(43283) Pause Young (Allocation Failure) 38M->38M(41M) 13.209ms
[2020-08-10T13:06:33.379+0300][1332.924s][info ][gc] GC(43284) Pause Young (Allocation Failure) 39M->39M(41M) 13.298ms
[2020-08-10T13:06:33.451+0300][1332.996s][debug][gc] GC(43285) Expanding ParOldGen from 39936K by 11776K to 51712K
[2020-08-10T13:06:33.451+0300][1332.996s][info ][gc] GC(43285) Pause Full (Ergonomics) 39M->38M(53M) 71.378ms
[2020-08-10T13:06:33.472+0300][1333.017s][info ][gc] GC(43286) Pause Young (Allocation Failure) 39M->39M(53M) 20.446ms
[2020-08-10T13:06:33.486+0300][1333.031s][info ][gc] GC(43287) Pause Young (Allocation Failure) 40M->40M(53M) 13.498ms
[2020-08-10T13:06:33.500+0300][1333.045s][info ][gc] GC(43288) Pause Young (Allocation Failure) 41M->41M(53M) 13.380ms
[2020-08-10T13:06:33.514+0300][1333.059s][info ][gc] GC(43289) Pause Young (Allocation Failure) 42M->42M(53M) 13.434ms
[2020-08-10T13:06:33.528+0300][1333.073s][info ][gc] GC(43290) Pause Young (Allocation Failure) 43M->43M(53M) 13.500ms
[2020-08-10T13:06:33.542+0300][1333.087s][info ][gc] GC(43291) Pause Young (Allocation Failure) 44M->44M(53M) 13.269ms
[2020-08-10T13:06:33.555+0300][1333.100s][info ][gc] GC(43292) Pause Young (Allocation Failure) 45M->45M(53M) 13.286ms
[2020-08-10T13:06:33.569+0300][1333.114s][info ][gc] GC(43293) Pause Young (Allocation Failure) 46M->46M(53M) 13.389ms
[2020-08-10T13:06:33.583+0300][1333.128s][info ][gc] GC(43294) Pause Young (Allocation Failure) 47M->47M(53M) 13.309ms
[2020-08-10T13:06:33.597+0300][1333.142s][info ][gc] GC(43295) Pause Young (Allocation Failure) 48M->48M(53M) 13.370ms
[2020-08-10T13:06:33.611+0300][1333.155s][info ][gc] GC(43296) Pause Young (Allocation Failure) 49M->49M(53M) 13.343ms
[2020-08-10T13:06:33.624+0300][1333.169s][info ][gc] GC(43297) Pause Young (Allocation Failure) 50M->50M(53M) 13.473ms
[2020-08-10T13:06:33.638+0300][1333.183s][info ][gc] GC(43298) Pause Young (Allocation Failure) 51M->51M(53M) 13.285ms
[2020-08-10T13:06:33.743+0300][1333.288s][debug][gc] GC(43299) Expanding ParOldGen from 51712K by 11776K to 63488K
[2020-08-10T13:06:33.743+0300][1333.288s][info ][gc] GC(43299) Pause Full (Ergonomics) 51M->50M(64M) 104.993ms
[2020-08-10T13:06:33.764+0300][1333.309s][info ][gc] GC(43300) Pause Young (Allocation Failure) 51M->51M(64M) 20.469ms
[2020-08-10T13:06:33.778+0300][1333.323s][info ][gc] GC(43301) Pause Young (Allocation Failure) 52M->52M(64M) 13.444ms
[2020-08-10T13:06:33.792+0300][1333.337s][info ][gc] GC(43302) Pause Young (Allocation Failure) 53M->53M(64M) 13.492ms
[2020-08-10T13:06:33.806+0300][1333.351s][info ][gc] GC(43303) Pause Young (Allocation Failure) 54M->54M(64M) 13.425ms
[2020-08-10T13:06:33.820+0300][1333.365s][info ][gc] GC(43304) Pause Young (Allocation Failure) 55M->55M(64M) 13.542ms
[2020-08-10T13:06:33.834+0300][1333.379s][info ][gc] GC(43305) Pause Young (Allocation Failure) 56M->56M(64M) 13.561ms
[2020-08-10T13:06:33.849+0300][1333.394s][info ][gc] GC(43306) Pause Young (Allocation Failure) 57M->57M(64M) 13.625ms
[2020-08-10T13:06:33.863+0300][1333.408s][info ][gc] GC(43307) Pause Young (Allocation Failure) 58M->58M(64M) 13.453ms
[2020-08-10T13:06:33.876+0300][1333.421s][info ][gc] GC(43308) Pause Young (Allocation Failure) 59M->59M(64M) 13.421ms
[2020-08-10T13:06:33.890+0300][1333.435s][info ][gc] GC(43309) Pause Young (Allocation Failure) 60M->60M(64M) 13.494ms
[2020-08-10T13:06:33.904+0300][1333.449s][info ][gc] GC(43310) Pause Young (Allocation Failure) 61M->61M(64M) 13.330ms
[2020-08-10T13:06:33.918+0300][1333.463s][info ][gc] GC(43311) Pause Young (Allocation Failure) 62M->62M(64M) 13.542ms
[2020-08-10T13:06:34.051+0300][1333.596s][debug][gc] GC(43312) Expanding ParOldGen from 63488K by 11264K to 74752K
[2020-08-10T13:06:34.051+0300][1333.596s][info ][gc] GC(43312) Pause Full (Ergonomics) 62M->62M(75M) 132.567ms
[2020-08-10T13:06:34.094+0300][1333.639s][info ][gc] GC(43313) Pause Young (Allocation Failure) 63M->63M(75M) 43.301ms
[2020-08-10T13:06:34.109+0300][1333.654s][info ][gc] GC(43314) Pause Young (Allocation Failure) 64M->63M(75M) 14.244ms
[2020-08-10T13:06:34.124+0300][1333.669s][info ][gc] GC(43315) Pause Young (Allocation Failure) 64M->64M(75M) 13.759ms
[2020-08-10T13:06:34.138+0300][1333.683s][info ][gc] GC(43316) Pause Young (Allocation Failure) 65M->65M(75M) 13.674ms
[2020-08-10T13:06:34.152+0300][1333.697s][info ][gc] GC(43317) Pause Young (Allocation Failure) 66M->66M(75M) 13.512ms
[2020-08-10T13:06:34.166+0300][1333.711s][info ][gc] GC(43318) Pause Young (Allocation Failure) 67M->67M(75M) 13.644ms
[2020-08-10T13:06:34.180+0300][1333.725s][info ][gc] GC(43319) Pause Young (Allocation Failure) 68M->68M(75M) 13.649ms
[2020-08-10T13:06:34.194+0300][1333.739s][info ][gc] GC(43320) Pause Young (Allocation Failure) 69M->69M(75M) 13.450ms
[2020-08-10T13:06:34.208+0300][1333.753s][info ][gc] GC(43321) Pause Young (Allocation Failure) 70M->70M(75M) 13.656ms
[2020-08-10T13:06:34.222+0300][1333.767s][info ][gc] GC(43322) Pause Young (Allocation Failure) 71M->71M(75M) 13.533ms
[2020-08-10T13:06:34.237+0300][1333.782s][info ][gc] GC(43323) Pause Young (Allocation Failure) 72M->72M(75M) 13.877ms
[2020-08-10T13:06:34.251+0300][1333.796s][info ][gc] GC(43324) Pause Young (Allocation Failure) 73M->73M(74M) 13.587ms
[2020-08-10T13:06:34.421+0300][1333.966s][debug][gc] GC(43325) Expanding ParOldGen from 74752K by 11264K to 86016K
[2020-08-10T13:06:34.421+0300][1333.966s][info ][gc] GC(43325) Pause Full (Ergonomics) 73M->73M(85M) 170.152ms
[2020-08-10T13:06:34.454+0300][1333.999s][info ][gc] GC(43326) Pause Young (Allocation Failure) 74M->74M(86M) 31.632ms
[2020-08-10T13:06:34.468+0300][1334.013s][info ][gc] GC(43327) Pause Young (Allocation Failure) 75M->75M(86M) 13.891ms
[2020-08-10T13:06:34.482+0300][1334.027s][info ][gc] GC(43328) Pause Young (Allocation Failure) 76M->75M(86M) 13.868ms
[2020-08-10T13:06:34.497+0300][1334.042s][info ][gc] GC(43329) Pause Young (Allocation Failure) 76M->76M(86M) 13.680ms
[2020-08-10T13:06:34.511+0300][1334.056s][info ][gc] GC(43330) Pause Young (Allocation Failure) 77M->77M(86M) 13.886ms
[2020-08-10T13:06:34.525+0300][1334.070s][info ][gc] GC(43331) Pause Young (Allocation Failure) 78M->78M(86M) 13.775ms
[2020-08-10T13:06:34.540+0300][1334.085s][info ][gc] GC(43332) Pause Young (Allocation Failure) 79M->79M(86M) 13.765ms
[2020-08-10T13:06:34.554+0300][1334.099s][info ][gc] GC(43333) Pause Young (Allocation Failure) 80M->80M(86M) 13.926ms
[2020-08-10T13:06:34.569+0300][1334.114s][info ][gc] GC(43334) Pause Young (Allocation Failure) 81M->81M(86M) 13.670ms
[2020-08-10T13:06:34.583+0300][1334.128s][info ][gc] GC(43335) Pause Young (Allocation Failure) 82M->82M(86M) 13.869ms
[2020-08-10T13:06:34.597+0300][1334.142s][info ][gc] GC(43336) Pause Young (Allocation Failure) 83M->83M(86M) 13.824ms
[2020-08-10T13:06:34.612+0300][1334.157s][info ][gc] GC(43337) Pause Young (Allocation Failure) 84M->84M(86M) 13.836ms
[2020-08-10T13:06:34.801+0300][1334.346s][debug][gc] GC(43338) Expanding ParOldGen from 86016K by 11264K to 97280K
[2020-08-10T13:06:34.801+0300][1334.346s][info ][gc] GC(43338) Pause Full (Ergonomics) 84M->84M(97M) 189.084ms
[2020-08-10T13:06:34.833+0300][1334.378s][info ][gc] GC(43339) Pause Young (Allocation Failure) 85M->85M(97M) 31.338ms
[2020-08-10T13:06:34.848+0300][1334.393s][info ][gc] GC(43340) Pause Young (Allocation Failure) 86M->86M(97M) 14.501ms
[2020-08-10T13:06:34.863+0300][1334.408s][info ][gc] GC(43341) Pause Young (Allocation Failure) 87M->87M(97M) 14.460ms
[2020-08-10T13:06:34.878+0300][1334.423s][info ][gc] GC(43342) Pause Young (Allocation Failure) 88M->88M(97M) 14.341ms
[2020-08-10T13:06:34.893+0300][1334.438s][info ][gc] GC(43343) Pause Young (Allocation Failure) 89M->89M(97M) 14.468ms
[2020-08-10T13:06:34.908+0300][1334.453s][info ][gc] GC(43344) Pause Young (Allocation Failure) 90M->89M(97M) 14.556ms
[2020-08-10T13:06:34.923+0300][1334.468s][info ][gc] GC(43345) Pause Young (Allocation Failure) 90M->90M(97M) 14.487ms
[2020-08-10T13:06:34.938+0300][1334.483s][info ][gc] GC(43346) Pause Young (Allocation Failure) 91M->91M(97M) 14.514ms
[2020-08-10T13:06:34.953+0300][1334.498s][info ][gc] GC(43347) Pause Young (Allocation Failure) 92M->92M(97M) 14.732ms
[2020-08-10T13:06:34.968+0300][1334.513s][info ][gc] GC(43348) Pause Young (Allocation Failure) 93M->93M(97M) 14.842ms
[2020-08-10T13:06:34.984+0300][1334.529s][info ][gc] GC(43349) Pause Young (Allocation Failure) 94M->94M(97M) 15.230ms
[2020-08-10T13:06:35.000+0300][1334.545s][info ][gc] GC(43350) Pause Young (Allocation Failure) 95M->95M(97M) 15.039ms
[2020-08-10T13:06:35.227+0300][1334.772s][debug][gc] GC(43351) Expanding ParOldGen from 97280K by 11264K to 108544K
[2020-08-10T13:06:35.227+0300][1334.772s][info ][gc] GC(43351) Pause Full (Ergonomics) 95M->95M(108M) 227.417ms
[2020-08-10T13:06:35.262+0300][1334.807s][info ][gc] GC(43352) Pause Young (Allocation Failure) 96M->96M(108M) 34.594ms
[2020-08-10T13:06:35.278+0300][1334.823s][info ][gc] GC(43353) Pause Young (Allocation Failure) 97M->97M(108M) 15.247ms
[2020-08-10T13:06:35.294+0300][1334.839s][info ][gc] GC(43354) Pause Young (Allocation Failure) 98M->98M(108M) 15.247ms
[2020-08-10T13:06:35.310+0300][1334.855s][info ][gc] GC(43355) Pause Young (Allocation Failure) 99M->99M(108M) 15.339ms
[2020-08-10T13:06:35.326+0300][1334.871s][info ][gc] GC(43356) Pause Young (Allocation Failure) 100M->100M(108M) 15.452ms
[2020-08-10T13:06:35.342+0300][1334.887s][info ][gc] GC(43357) Pause Young (Allocation Failure) 101M->101M(108M) 15.591ms
[2020-08-10T13:06:35.358+0300][1334.903s][info ][gc] GC(43358) Pause Young (Allocation Failure) 102M->102M(108M) 15.694ms
[2020-08-10T13:06:35.374+0300][1334.919s][info ][gc] GC(43359) Pause Young (Allocation Failure) 103M->103M(108M) 15.792ms
[2020-08-10T13:06:35.390+0300][1334.935s][info ][gc] GC(43360) Pause Young (Allocation Failure) 104M->104M(108M) 15.919ms
[2020-08-10T13:06:35.407+0300][1334.952s][info ][gc] GC(43361) Pause Young (Allocation Failure) 105M->105M(108M) 15.917ms
[2020-08-10T13:06:35.423+0300][1334.968s][info ][gc] GC(43362) Pause Young (Allocation Failure) 106M->106M(108M) 15.968ms
[2020-08-10T13:06:35.672+0300][1335.217s][debug][gc] GC(43363) Expanding ParOldGen from 108544K by 11264K to 119808K
[2020-08-10T13:06:35.672+0300][1335.217s][info ][gc] GC(43363) Pause Full (Ergonomics) 106M->105M(119M) 248.835ms
[2020-08-10T13:06:35.686+0300][1335.231s][info ][gc] GC(43364) Pause Young (Allocation Failure) 106M->106M(119M) 13.125ms
[2020-08-10T13:06:35.702+0300][1335.247s][info ][gc] GC(43365) Pause Young (Allocation Failure) 107M->107M(119M) 15.636ms
[2020-08-10T13:06:35.719+0300][1335.264s][info ][gc] GC(43366) Pause Young (Allocation Failure) 108M->108M(119M) 16.175ms
[2020-08-10T13:06:35.735+0300][1335.280s][info ][gc] GC(43367) Pause Young (Allocation Failure) 109M->109M(119M) 16.011ms
[2020-08-10T13:06:35.752+0300][1335.297s][info ][gc] GC(43368) Pause Young (Allocation Failure) 110M->110M(119M) 15.893ms
[2020-08-10T13:06:35.769+0300][1335.314s][info ][gc] GC(43369) Pause Young (Allocation Failure) 111M->111M(118M) 16.207ms
[2020-08-10T13:06:35.784+0300][1335.329s][info ][gc] GC(43370) Pause Young (Allocation Failure) 112M->112M(119M) 14.779ms
[2020-08-10T13:06:35.798+0300][1335.343s][info ][gc] GC(43371) Pause Young (Allocation Failure) 112M->112M(119M) 13.510ms
[2020-08-10T13:06:35.812+0300][1335.357s][info ][gc] GC(43372) Pause Young (Allocation Failure) 113M->112M(119M) 13.739ms
[2020-08-10T13:06:35.826+0300][1335.371s][info ][gc] GC(43373) Pause Young (Allocation Failure) 113M->113M(119M) 13.278ms
[2020-08-10T13:06:35.840+0300][1335.385s][info ][gc] GC(43374) Pause Young (Allocation Failure) 113M->113M(119M) 13.946ms
[2020-08-10T13:06:35.854+0300][1335.399s][info ][gc] GC(43375) Pause Young (Allocation Failure) 114M->114M(119M) 13.428ms
[2020-08-10T13:06:35.868+0300][1335.413s][info ][gc] GC(43376) Pause Young (Allocation Failure) 114M->114M(119M) 13.593ms
[2020-08-10T13:06:35.882+0300][1335.427s][info ][gc] GC(43377) Pause Young (Allocation Failure) 115M->115M(119M) 13.841ms
[2020-08-10T13:06:35.896+0300][1335.441s][info ][gc] GC(43378) Pause Young (Allocation Failure) 115M->115M(119M) 13.432ms
[2020-08-10T13:06:35.910+0300][1335.455s][info ][gc] GC(43379) Pause Young (Allocation Failure) 116M->116M(119M) 13.731ms
[2020-08-10T13:06:35.924+0300][1335.469s][info ][gc] GC(43380) Pause Young (Allocation Failure) 116M->116M(119M) 13.703ms
[2020-08-10T13:06:36.206+0300][1335.751s][debug][gc] GC(43381) Expanding ParOldGen from 119808K by 11264K to 131072K
[2020-08-10T13:06:36.206+0300][1335.751s][info ][gc] GC(43381) Pause Full (Ergonomics) 116M->116M(130M) 281.616ms
[2020-08-10T13:06:36.220+0300][1335.765s][info ][gc] GC(43382) Pause Young (Allocation Failure) 116M->116M(130M) 13.536ms
[2020-08-10T13:06:36.235+0300][1335.780s][info ][gc] GC(43383) Pause Young (Allocation Failure) 117M->117M(130M) 14.865ms
[2020-08-10T13:06:36.250+0300][1335.795s][info ][gc] GC(43384) Pause Young (Allocation Failure) 117M->117M(130M) 14.333ms
[2020-08-10T13:06:36.265+0300][1335.810s][info ][gc] GC(43385) Pause Young (Allocation Failure) 118M->118M(130M) 14.360ms
[2020-08-10T13:06:36.280+0300][1335.825s][info ][gc] GC(43386) Pause Young (Allocation Failure) 118M->118M(130M) 14.419ms
[2020-08-10T13:06:36.312+0300][1335.857s][info ][gc] GC(43387) Pause Young (Allocation Failure) 119M->119M(129M) 31.885ms
[2020-08-10T13:06:36.327+0300][1335.872s][info ][gc] GC(43388) Pause Young (Allocation Failure) 119M->119M(129M) 14.209ms
[2020-08-10T13:06:36.341+0300][1335.886s][info ][gc] GC(43389) Pause Young (Allocation Failure) 120M->120M(129M) 14.346ms
[2020-08-10T13:06:36.356+0300][1335.901s][info ][gc] GC(43390) Pause Young (Allocation Failure) 120M->120M(129M) 14.691ms
[2020-08-10T13:06:36.371+0300][1335.917s][info ][gc] GC(43391) Pause Young (Allocation Failure) 121M->121M(129M) 14.584ms
[2020-08-10T13:06:36.386+0300][1335.931s][info ][gc] GC(43392) Pause Young (Allocation Failure) 121M->121M(129M) 14.498ms
[2020-08-10T13:06:36.401+0300][1335.946s][info ][gc] GC(43393) Pause Young (Allocation Failure) 122M->122M(129M) 14.583ms
[2020-08-10T13:06:36.416+0300][1335.961s][info ][gc] GC(43394) Pause Young (Allocation Failure) 122M->122M(129M) 14.405ms
[2020-08-10T13:06:36.456+0300][1336.001s][info ][gc] GC(43395) Pause Young (Allocation Failure) 123M->122M(129M) 39.136ms
[2020-08-10T13:06:36.471+0300][1336.016s][info ][gc] GC(43396) Pause Young (Allocation Failure) 123M->123M(129M) 14.687ms
[2020-08-10T13:06:36.486+0300][1336.031s][info ][gc] GC(43397) Pause Young (Allocation Failure) 123M->123M(129M) 14.597ms
[2020-08-10T13:06:36.501+0300][1336.046s][info ][gc] GC(43398) Pause Young (Allocation Failure) 124M->124M(129M) 14.482ms
[2020-08-10T13:06:36.516+0300][1336.061s][info ][gc] GC(43399) Pause Young (Allocation Failure) 124M->124M(129M) 14.661ms
[2020-08-10T13:06:36.550+0300][1336.095s][info ][gc] GC(43400) Pause Young (Allocation Failure) 125M->125M(129M) 34.205ms
[2020-08-10T13:06:36.565+0300][1336.110s][info ][gc] GC(43401) Pause Young (Allocation Failure) 125M->125M(129M) 14.593ms
[2020-08-10T13:06:36.581+0300][1336.127s][info ][gc] GC(43402) Pause Young (Allocation Failure) 126M->126M(129M) 15.505ms
[2020-08-10T13:06:36.597+0300][1336.142s][info ][gc] GC(43403) Pause Young (Allocation Failure) 126M->126M(129M) 14.992ms
[2020-08-10T13:06:36.612+0300][1336.157s][info ][gc] GC(43404) Pause Young (Allocation Failure) 127M->127M(129M) 14.737ms
[2020-08-10T13:06:36.628+0300][1336.173s][info ][gc] GC(43405) Pause Young (Allocation Failure) 127M->127M(129M) 15.493ms
[2020-08-10T13:06:36.643+0300][1336.188s][info ][gc] GC(43406) Pause Young (Allocation Failure) 127M->127M(129M) 15.013ms
[2020-08-10T13:06:37.078+0300][1336.623s][debug][gc] GC(43407) Expanding ParOldGen from 131072K by 10752K to 141824K
[2020-08-10T13:06:37.078+0300][1336.623s][info ][gc] GC(43407) Pause Full (Ergonomics) 127M->127M(140M) 434.489ms
[2020-08-10T13:06:37.092+0300][1336.637s][info ][gc] GC(43408) Pause Young (Allocation Failure) 128M->128M(140M) 13.713ms
[2020-08-10T13:06:37.107+0300][1336.653s][info ][gc] GC(43409) Pause Young (Allocation Failure) 128M->128M(140M) 14.952ms
[2020-08-10T13:06:37.123+0300][1336.668s][info ][gc] GC(43410) Pause Young (Allocation Failure) 129M->129M(140M) 15.126ms
[2020-08-10T13:06:37.138+0300][1336.683s][info ][gc] GC(43411) Pause Young (Allocation Failure) 129M->129M(140M) 14.855ms
[2020-08-10T13:06:37.159+0300][1336.704s][info ][gc] GC(43412) Pause Young (Allocation Failure) 129M->129M(140M) 20.760ms
[2020-08-10T13:06:37.175+0300][1336.720s][info ][gc] GC(43413) Pause Young (Allocation Failure) 130M->130M(140M) 14.991ms
[2020-08-10T13:06:37.211+0300][1336.756s][info ][gc] GC(43414) Pause Young (Allocation Failure) 130M->130M(140M) 35.656ms
[2020-08-10T13:06:37.238+0300][1336.783s][info ][gc] GC(43415) Pause Young (Allocation Failure) 131M->131M(140M) 26.727ms
[2020-08-10T13:06:37.259+0300][1336.804s][info ][gc] GC(43416) Pause Young (Allocation Failure) 131M->131M(140M) 20.915ms
[2020-08-10T13:06:37.275+0300][1336.820s][info ][gc] GC(43417) Pause Young (Allocation Failure) 132M->132M(140M) 15.324ms
[2020-08-10T13:06:37.290+0300][1336.835s][info ][gc] GC(43418) Pause Young (Allocation Failure) 132M->132M(140M) 15.298ms
[2020-08-10T13:06:37.306+0300][1336.851s][info ][gc] GC(43419) Pause Young (Allocation Failure) 133M->133M(140M) 15.290ms
[2020-08-10T13:06:37.351+0300][1336.896s][info ][gc] GC(43420) Pause Young (Allocation Failure) 133M->133M(140M) 44.165ms
[2020-08-10T13:06:37.366+0300][1336.911s][info ][gc] GC(43421) Pause Young (Allocation Failure) 134M->134M(140M) 15.313ms
[2020-08-10T13:06:37.382+0300][1336.927s][info ][gc] GC(43422) Pause Young (Allocation Failure) 134M->134M(140M) 15.418ms
[2020-08-10T13:06:37.425+0300][1336.970s][info ][gc] GC(43423) Pause Young (Allocation Failure) 134M->134M(140M) 42.028ms
[2020-08-10T13:06:37.441+0300][1336.986s][info ][gc] GC(43424) Pause Young (Allocation Failure) 135M->135M(140M) 15.963ms
[2020-08-10T13:06:37.441+0300][1336.987s][debug][gc] Expanding ParOldGen from 141824K by 19968K to 161792K
[2020-08-10T13:06:37.465+0300][1337.010s][info ][gc] GC(43425) Pause Young (Allocation Failure) 155M->154M(159M) 14.987ms
[2020-08-10T13:06:37.498+0300][1337.043s][info ][gc] GC(43426) Pause Young (Allocation Failure) 155M->155M(159M) 33.038ms
[2020-08-10T13:06:37.512+0300][1337.057s][info ][gc] GC(43427) Pause Young (Allocation Failure) 155M->155M(159M) 13.236ms
[2020-08-10T13:06:37.528+0300][1337.073s][info ][gc] GC(43428) Pause Young (Allocation Failure) 156M->156M(159M) 15.488ms
[2020-08-10T13:06:37.541+0300][1337.086s][info ][gc] GC(43429) Pause Young (Allocation Failure) 156M->156M(159M) 13.421ms
[2020-08-10T13:06:37.555+0300][1337.100s][info ][gc] GC(43430) Pause Young (Allocation Failure) 157M->157M(159M) 13.345ms
[2020-08-10T13:06:37.570+0300][1337.114s][info ][gc] GC(43431) Pause Young (Allocation Failure) 157M->157M(159M) 13.241ms
[2020-08-10T13:06:37.583+0300][1337.127s][info ][gc] GC(43432) Pause Young (Allocation Failure) 158M->158M(159M) 13.059ms
[2020-08-10T13:06:37.620+0300][1337.164s][debug][gc] GC(43433) Shrinking ParOldGen from 161792K by 125952K to 35840K
[2020-08-10T13:06:37.620+0300][1337.164s][info ][gc] GC(43433) Pause Full (Ergonomics) 158M->24M(36M) 36.464ms
[2020-08-10T13:06:37.633+0300][1337.177s][info ][gc] GC(43434) Pause Young (Allocation Failure) 24M->24M(36M) 12.606ms
[2020-08-10T13:06:37.646+0300][1337.190s][info ][gc] GC(43435) Pause Young (Allocation Failure) 25M->25M(36M) 12.870ms
[2020-08-10T13:06:37.659+0300][1337.203s][info ][gc] GC(43436) Pause Young (Allocation Failure) 25M->25M(36M) 12.766ms
[2020-08-10T13:06:37.672+0300][1337.216s][info ][gc] GC(43437) Pause Young (Allocation Failure) 26M->26M(36M) 12.729ms
[2020-08-10T13:06:37.685+0300][1337.229s][info ][gc] GC(43438) Pause Young (Allocation Failure) 26M->26M(36M) 12.829ms
[2020-08-10T13:06:37.699+0300][1337.243s][info ][gc] GC(43439) Pause Young (Allocation Failure) 27M->27M(36M) 12.859ms
[2020-08-10T13:06:37.712+0300][1337.256s][info ][gc] GC(43440) Pause Young (Allocation Failure) 27M->27M(36M) 12.945ms
[2020-08-10T13:06:37.725+0300][1337.269s][info ][gc] GC(43441) Pause Young (Allocation Failure) 27M->27M(36M) 12.896ms
[2020-08-10T13:06:37.739+0300][1337.283s][info ][gc] GC(43442) Pause Young (Allocation Failure) 28M->28M(36M) 12.861ms
[2020-08-10T13:06:37.752+0300][1337.296s][info ][gc] GC(43443) Pause Young (Allocation Failure) 28M->28M(36M) 13.126ms
[2020-08-10T13:06:37.766+0300][1337.310s][info ][gc] GC(43444) Pause Young (Allocation Failure) 29M->29M(36M) 13.290ms
[2020-08-10T13:06:37.780+0300][1337.324s][info ][gc] GC(43445) Pause Young (Allocation Failure) 30M->30M(37M) 13.174ms
[2020-08-10T13:06:37.794+0300][1337.338s][info ][gc] GC(43446) Pause Young (Allocation Failure) 31M->31M(37M) 13.444ms
[2020-08-10T13:06:37.808+0300][1337.352s][info ][gc] GC(43447) Pause Young (Allocation Failure) 32M->32M(37M) 13.417ms
[2020-08-10T13:06:37.821+0300][1337.366s][info ][gc] GC(43448) Pause Young (Allocation Failure) 33M->33M(37M) 13.274ms
[2020-08-10T13:06:37.835+0300][1337.379s][info ][gc] GC(43449) Pause Young (Allocation Failure) 34M->34M(37M) 13.386ms
[2020-08-10T13:06:37.849+0300][1337.393s][info ][gc] GC(43450) Pause Young (Allocation Failure) 35M->35M(37M) 13.398ms
[2020-08-10T13:06:37.911+0300][1337.455s][debug][gc] GC(43451) Expanding ParOldGen from 35840K by 11264K to 47104K
[2020-08-10T13:06:37.911+0300][1337.455s][info ][gc] GC(43451) Pause Full (Ergonomics) 35M->35M(48M) 61.388ms
[2020-08-10T13:06:37.928+0300][1337.472s][info ][gc] GC(43452) Pause Young (Allocation Failure) 36M->36M(48M) 16.539ms
[2020-08-10T13:06:37.942+0300][1337.486s][info ][gc] GC(43453) Pause Young (Allocation Failure) 37M->37M(48M) 13.482ms
[2020-08-10T13:06:37.956+0300][1337.500s][info ][gc] GC(43454) Pause Young (Allocation Failure) 38M->38M(48M) 13.409ms
[2020-08-10T13:06:37.970+0300][1337.514s][info ][gc] GC(43455) Pause Young (Allocation Failure) 39M->38M(48M) 13.481ms
[2020-08-10T13:06:37.984+0300][1337.528s][info ][gc] GC(43456) Pause Young (Allocation Failure) 39M->39M(48M) 13.430ms
[2020-08-10T13:06:37.998+0300][1337.542s][info ][gc] GC(43457) Pause Young (Allocation Failure) 40M->40M(48M) 13.490ms
[2020-08-10T13:06:38.012+0300][1337.556s][info ][gc] GC(43458) Pause Young (Allocation Failure) 41M->41M(48M) 13.459ms
[2020-08-10T13:06:38.026+0300][1337.570s][info ][gc] GC(43459) Pause Young (Allocation Failure) 42M->42M(48M) 13.416ms
[2020-08-10T13:06:38.040+0300][1337.584s][info ][gc] GC(43460) Pause Young (Allocation Failure) 43M->43M(48M) 13.362ms
[2020-08-10T13:06:38.054+0300][1337.598s][info ][gc] GC(43461) Pause Young (Allocation Failure) 44M->44M(48M) 13.568ms
[2020-08-10T13:06:38.068+0300][1337.612s][info ][gc] GC(43462) Pause Young (Allocation Failure) 45M->45M(48M) 13.567ms
[2020-08-10T13:06:38.082+0300][1337.626s][info ][gc] GC(43463) Pause Young (Allocation Failure) 46M->46M(48M) 13.534ms
[2020-08-10T13:06:38.171+0300][1337.716s][debug][gc] GC(43464) Expanding ParOldGen from 47104K by 11776K to 58880K
[2020-08-10T13:06:38.172+0300][1337.716s][info ][gc] GC(43464) Pause Full (Ergonomics) 46M->46M(60M) 89.221ms
[2020-08-10T13:06:38.191+0300][1337.735s][info ][gc] GC(43465) Pause Young (Allocation Failure) 47M->47M(60M) 19.221ms
[2020-08-10T13:06:38.205+0300][1337.749s][info ][gc] GC(43466) Pause Young (Allocation Failure) 48M->48M(60M) 13.375ms
[2020-08-10T13:06:38.219+0300][1337.763s][info ][gc] GC(43467) Pause Young (Allocation Failure) 49M->49M(60M) 13.438ms
[2020-08-10T13:06:38.233+0300][1337.777s][info ][gc] GC(43468) Pause Young (Allocation Failure) 50M->50M(60M) 13.490ms
[2020-08-10T13:06:38.246+0300][1337.791s][info ][gc] GC(43469) Pause Young (Allocation Failure) 51M->51M(60M) 13.484ms
[2020-08-10T13:06:38.260+0300][1337.805s][info ][gc] GC(43470) Pause Young (Allocation Failure) 52M->51M(60M) 13.512ms
[2020-08-10T13:06:38.274+0300][1337.819s][info ][gc] GC(43471) Pause Young (Allocation Failure) 52M->52M(60M) 13.505ms
[2020-08-10T13:06:38.288+0300][1337.833s][info ][gc] GC(43472) Pause Young (Allocation Failure) 53M->53M(60M) 13.508ms
[2020-08-10T13:06:38.302+0300][1337.847s][info ][gc] GC(43473) Pause Young (Allocation Failure) 54M->54M(60M) 13.480ms
[2020-08-10T13:06:38.317+0300][1337.861s][info ][gc] GC(43474) Pause Young (Allocation Failure) 55M->55M(60M) 13.634ms
[2020-08-10T13:06:38.330+0300][1337.875s][info ][gc] GC(43475) Pause Young (Allocation Failure) 56M->56M(60M) 13.370ms
[2020-08-10T13:06:38.344+0300][1337.888s][info ][gc] GC(43476) Pause Young (Allocation Failure) 57M->57M(60M) 13.366ms
[2020-08-10T13:06:38.467+0300][1338.011s][debug][gc] GC(43477) Expanding ParOldGen from 58880K by 11264K to 70144K
[2020-08-10T13:06:38.467+0300][1338.011s][info ][gc] GC(43477) Pause Full (Ergonomics) 57M->57M(71M) 122.631ms
[2020-08-10T13:06:38.490+0300][1338.035s][info ][gc] GC(43478) Pause Young (Allocation Failure) 58M->58M(71M) 22.869ms
[2020-08-10T13:06:38.504+0300][1338.049s][info ][gc] GC(43479) Pause Young (Allocation Failure) 59M->59M(71M) 13.516ms
[2020-08-10T13:06:38.518+0300][1338.063s][info ][gc] GC(43480) Pause Young (Allocation Failure) 60M->60M(71M) 13.429ms
[2020-08-10T13:06:38.532+0300][1338.077s][info ][gc] GC(43481) Pause Young (Allocation Failure) 61M->61M(71M) 13.631ms
[2020-08-10T13:06:38.547+0300][1338.091s][info ][gc] GC(43482) Pause Young (Allocation Failure) 62M->62M(71M) 13.612ms
[2020-08-10T13:06:38.561+0300][1338.105s][info ][gc] GC(43483) Pause Young (Allocation Failure) 63M->63M(71M) 13.793ms
[2020-08-10T13:06:38.575+0300][1338.120s][info ][gc] GC(43484) Pause Young (Allocation Failure) 64M->64M(71M) 13.828ms
[2020-08-10T13:06:38.590+0300][1338.134s][info ][gc] GC(43485) Pause Young (Allocation Failure) 65M->65M(71M) 13.930ms
[2020-08-10T13:06:38.604+0300][1338.148s][info ][gc] GC(43486) Pause Young (Allocation Failure) 66M->66M(71M) 13.682ms
[2020-08-10T13:06:38.618+0300][1338.163s][info ][gc] GC(43487) Pause Young (Allocation Failure) 67M->67M(71M) 13.721ms
[2020-08-10T13:06:38.632+0300][1338.177s][info ][gc] GC(43488) Pause Young (Allocation Failure) 68M->68M(71M) 13.600ms
[2020-08-10T13:06:38.646+0300][1338.191s][info ][gc] GC(43489) Pause Young (Allocation Failure) 69M->69M(71M) 13.614ms
[2020-08-10T13:06:38.799+0300][1338.344s][debug][gc] GC(43490) Expanding ParOldGen from 70144K by 11776K to 81920K
[2020-08-10T13:06:38.800+0300][1338.344s][info ][gc] GC(43490) Pause Full (Ergonomics) 69M->68M(82M) 153.054ms
[2020-08-10T13:06:38.828+0300][1338.372s][info ][gc] GC(43491) Pause Young (Allocation Failure) 69M->69M(82M) 27.396ms
[2020-08-10T13:06:38.842+0300][1338.386s][info ][gc] GC(43492) Pause Young (Allocation Failure) 70M->70M(82M) 13.627ms
[2020-08-10T13:06:38.856+0300][1338.400s][info ][gc] GC(43493) Pause Young (Allocation Failure) 71M->71M(82M) 13.673ms
[2020-08-10T13:06:38.870+0300][1338.414s][info ][gc] GC(43494) Pause Young (Allocation Failure) 72M->72M(82M) 13.682ms
[2020-08-10T13:06:38.884+0300][1338.428s][info ][gc] GC(43495) Pause Young (Allocation Failure) 73M->73M(82M) 13.694ms
[2020-08-10T13:06:38.898+0300][1338.442s][info ][gc] GC(43496) Pause Young (Allocation Failure) 74M->74M(82M) 13.730ms
[2020-08-10T13:06:38.912+0300][1338.456s][info ][gc] GC(43497) Pause Young (Allocation Failure) 75M->75M(82M) 13.874ms
[2020-08-10T13:06:38.927+0300][1338.471s][info ][gc] GC(43498) Pause Young (Allocation Failure) 76M->76M(82M) 13.845ms
[2020-08-10T13:06:38.941+0300][1338.485s][info ][gc] GC(43499) Pause Young (Allocation Failure) 77M->77M(82M) 13.831ms
[2020-08-10T13:06:38.955+0300][1338.500s][info ][gc] GC(43500) Pause Young (Allocation Failure) 78M->78M(82M) 13.759ms
[2020-08-10T13:06:38.970+0300][1338.514s][info ][gc] GC(43501) Pause Young (Allocation Failure) 79M->79M(82M) 14.022ms
[2020-08-10T13:06:38.984+0300][1338.529s][info ][gc] GC(43502) Pause Young (Allocation Failure) 80M->80M(82M) 13.933ms
[2020-08-10T13:06:39.169+0300][1338.713s][debug][gc] GC(43503) Expanding ParOldGen from 81920K by 11264K to 93184K
[2020-08-10T13:06:39.169+0300][1338.713s][info ][gc] GC(43503) Pause Full (Ergonomics) 80M->80M(92M) 184.386ms
[2020-08-10T13:06:39.200+0300][1338.744s][info ][gc] GC(43504) Pause Young (Allocation Failure) 81M->81M(93M) 30.233ms
[2020-08-10T13:06:39.214+0300][1338.758s][info ][gc] GC(43505) Pause Young (Allocation Failure) 82M->82M(93M) 13.908ms
[2020-08-10T13:06:39.228+0300][1338.773s][info ][gc] GC(43506) Pause Young (Allocation Failure) 83M->83M(93M) 13.862ms
[2020-08-10T13:06:39.243+0300][1338.787s][info ][gc] GC(43507) Pause Young (Allocation Failure) 84M->83M(93M) 14.032ms
[2020-08-10T13:06:39.258+0300][1338.802s][info ][gc] GC(43508) Pause Young (Allocation Failure) 84M->84M(93M) 14.066ms
[2020-08-10T13:06:39.273+0300][1338.817s][info ][gc] GC(43509) Pause Young (Allocation Failure) 85M->85M(93M) 14.508ms
[2020-08-10T13:06:39.288+0300][1338.832s][info ][gc] GC(43510) Pause Young (Allocation Failure) 86M->86M(93M) 14.225ms
[2020-08-10T13:06:39.303+0300][1338.847s][info ][gc] GC(43511) Pause Young (Allocation Failure) 87M->87M(93M) 14.250ms
[2020-08-10T13:06:39.317+0300][1338.862s][info ][gc] GC(43512) Pause Young (Allocation Failure) 88M->88M(93M) 14.437ms
[2020-08-10T13:06:39.332+0300][1338.877s][info ][gc] GC(43513) Pause Young (Allocation Failure) 89M->89M(93M) 14.430ms
[2020-08-10T13:06:39.347+0300][1338.892s][info ][gc] GC(43514) Pause Young (Allocation Failure) 90M->90M(93M) 14.543ms
[2020-08-10T13:06:39.363+0300][1338.907s][info ][gc] GC(43515) Pause Young (Allocation Failure) 91M->91M(93M) 14.680ms
[2020-08-10T13:06:39.598+0300][1339.142s][debug][gc] GC(43516) Expanding ParOldGen from 93184K by 11264K to 104448K
[2020-08-10T13:06:39.598+0300][1339.142s][info ][gc] GC(43516) Pause Full (Ergonomics) 91M->91M(104M) 234.814ms
[2020-08-10T13:06:39.632+0300][1339.176s][info ][gc] GC(43517) Pause Young (Allocation Failure) 92M->92M(104M) 33.634ms
[2020-08-10T13:06:39.648+0300][1339.192s][info ][gc] GC(43518) Pause Young (Allocation Failure) 93M->93M(104M) 15.105ms
[2020-08-10T13:06:39.663+0300][1339.207s][info ][gc] GC(43519) Pause Young (Allocation Failure) 94M->94M(104M) 14.991ms
[2020-08-10T13:06:39.678+0300][1339.223s][info ][gc] GC(43520) Pause Young (Allocation Failure) 95M->95M(104M) 14.903ms
[2020-08-10T13:06:39.694+0300][1339.238s][info ][gc] GC(43521) Pause Young (Allocation Failure) 96M->96M(103M) 15.375ms
[2020-08-10T13:06:39.708+0300][1339.253s][info ][gc] GC(43522) Pause Young (Allocation Failure) 97M->97M(104M) 13.834ms
[2020-08-10T13:06:39.724+0300][1339.269s][info ][gc] GC(43523) Pause Young (Allocation Failure) 98M->98M(104M) 15.306ms
[2020-08-10T13:06:39.740+0300][1339.284s][info ][gc] GC(43524) Pause Young (Allocation Failure) 99M->99M(104M) 15.243ms
[2020-08-10T13:06:39.756+0300][1339.300s][info ][gc] GC(43525) Pause Young (Allocation Failure) 100M->100M(104M) 15.425ms
[2020-08-10T13:06:39.772+0300][1339.316s][info ][gc] GC(43526) Pause Young (Allocation Failure) 101M->101M(104M) 15.415ms
[2020-08-10T13:06:39.788+0300][1339.333s][info ][gc] GC(43527) Pause Young (Allocation Failure) 102M->101M(104M) 15.719ms
[2020-08-10T13:06:40.041+0300][1339.585s][debug][gc] GC(43528) Expanding ParOldGen from 104448K by 11264K to 115712K
[2020-08-10T13:06:40.041+0300][1339.585s][info ][gc] GC(43528) Pause Full (Ergonomics) 101M->101M(115M) 252.534ms
[2020-08-10T13:06:40.055+0300][1339.599s][info ][gc] GC(43529) Pause Young (Allocation Failure) 102M->102M(115M) 13.254ms
[2020-08-10T13:06:40.071+0300][1339.615s][info ][gc] GC(43530) Pause Young (Allocation Failure) 103M->103M(115M) 15.349ms
[2020-08-10T13:06:40.087+0300][1339.631s][info ][gc] GC(43531) Pause Young (Allocation Failure) 104M->104M(115M) 15.443ms
[2020-08-10T13:06:40.103+0300][1339.647s][info ][gc] GC(43532) Pause Young (Allocation Failure) 105M->105M(115M) 15.491ms
[2020-08-10T13:06:40.119+0300][1339.663s][info ][gc] GC(43533) Pause Young (Allocation Failure) 106M->106M(115M) 15.616ms
[2020-08-10T13:06:40.135+0300][1339.679s][info ][gc] GC(43534) Pause Young (Allocation Failure) 107M->107M(115M) 15.573ms
[2020-08-10T13:06:40.151+0300][1339.696s][info ][gc] GC(43535) Pause Young (Allocation Failure) 108M->108M(115M) 15.838ms
[2020-08-10T13:06:40.167+0300][1339.712s][info ][gc] GC(43536) Pause Young (Allocation Failure) 109M->109M(115M) 15.725ms
[2020-08-10T13:06:40.184+0300][1339.728s][info ][gc] GC(43537) Pause Young (Allocation Failure) 110M->110M(115M) 16.092ms
[2020-08-10T13:06:40.201+0300][1339.745s][info ][gc] GC(43538) Pause Young (Allocation Failure) 111M->111M(115M) 16.347ms
[2020-08-10T13:06:40.218+0300][1339.762s][info ][gc] GC(43539) Pause Young (Allocation Failure) 112M->112M(115M) 16.158ms
[2020-08-10T13:06:40.234+0300][1339.779s][info ][gc] GC(43540) Pause Young (Allocation Failure) 113M->113M(115M) 16.294ms
[2020-08-10T13:06:40.511+0300][1340.055s][debug][gc] GC(43541) Expanding ParOldGen from 115712K by 11264K to 126976K
[2020-08-10T13:06:40.511+0300][1340.055s][info ][gc] GC(43541) Pause Full (Ergonomics) 113M->113M(126M) 276.189ms
[2020-08-10T13:06:40.544+0300][1340.088s][info ][gc] GC(43542) Pause Young (Allocation Failure) 114M->114M(126M) 32.679ms
[2020-08-10T13:06:40.561+0300][1340.105s][info ][gc] GC(43543) Pause Young (Allocation Failure) 115M->114M(126M) 16.566ms
[2020-08-10T13:06:40.579+0300][1340.124s][info ][gc] GC(43544) Pause Young (Allocation Failure) 115M->115M(126M) 18.083ms
[2020-08-10T13:06:40.597+0300][1340.141s][info ][gc] GC(43545) Pause Young (Allocation Failure) 116M->116M(126M) 17.120ms
[2020-08-10T13:06:40.614+0300][1340.159s][info ][gc] GC(43546) Pause Young (Allocation Failure) 117M->117M(126M) 17.015ms
[2020-08-10T13:06:40.632+0300][1340.176s][info ][gc] GC(43547) Pause Young (Allocation Failure) 118M->118M(126M) 17.328ms
[2020-08-10T13:06:40.650+0300][1340.194s][info ][gc] GC(43548) Pause Young (Allocation Failure) 119M->119M(126M) 17.246ms
[2020-08-10T13:06:40.668+0300][1340.212s][info ][gc] GC(43549) Pause Young (Allocation Failure) 120M->120M(126M) 18.100ms
[2020-08-10T13:06:40.686+0300][1340.230s][info ][gc] GC(43550) Pause Young (Allocation Failure) 121M->121M(126M) 17.559ms
[2020-08-10T13:06:40.704+0300][1340.248s][info ][gc] GC(43551) Pause Young (Allocation Failure) 122M->122M(126M) 17.560ms
[2020-08-10T13:06:40.722+0300][1340.266s][info ][gc] GC(43552) Pause Young (Allocation Failure) 123M->123M(126M) 17.468ms
[2020-08-10T13:06:40.740+0300][1340.284s][info ][gc] GC(43553) Pause Young (Allocation Failure) 124M->124M(126M) 17.386ms
[2020-08-10T13:06:41.159+0300][1340.703s][debug][gc] GC(43554) Expanding ParOldGen from 126976K by 11776K to 138752K
[2020-08-10T13:06:41.159+0300][1340.704s][info ][gc] GC(43554) Pause Full (Ergonomics) 124M->124M(138M) 419.280ms
[2020-08-10T13:06:41.192+0300][1340.736s][info ][gc] GC(43555) Pause Young (Allocation Failure) 125M->125M(138M) 32.134ms
[2020-08-10T13:06:41.210+0300][1340.754s][info ][gc] GC(43556) Pause Young (Allocation Failure) 126M->126M(138M) 17.829ms
[2020-08-10T13:06:41.252+0300][1340.796s][info ][gc] GC(43557) Pause Young (Allocation Failure) 127M->127M(138M) 41.550ms
[2020-08-10T13:06:41.272+0300][1340.816s][info ][gc] GC(43558) Pause Young (Allocation Failure) 128M->128M(138M) 19.127ms
[2020-08-10T13:06:41.291+0300][1340.835s][info ][gc] GC(43559) Pause Young (Allocation Failure) 129M->129M(138M) 18.184ms
[2020-08-10T13:06:41.310+0300][1340.854s][info ][gc] GC(43560) Pause Young (Allocation Failure) 130M->130M(138M) 18.636ms
[2020-08-10T13:06:41.328+0300][1340.873s][info ][gc] GC(43561) Pause Young (Allocation Failure) 131M->131M(138M) 18.368ms
[2020-08-10T13:06:41.347+0300][1340.892s][info ][gc] GC(43562) Pause Young (Allocation Failure) 132M->132M(138M) 18.536ms
[2020-08-10T13:06:41.367+0300][1340.911s][info ][gc] GC(43563) Pause Young (Allocation Failure) 133M->132M(138M) 18.846ms
[2020-08-10T13:06:41.386+0300][1340.930s][info ][gc] GC(43564) Pause Young (Allocation Failure) 133M->133M(138M) 18.219ms
[2020-08-10T13:06:41.404+0300][1340.949s][info ][gc] GC(43565) Pause Young (Allocation Failure) 134M->134M(138M) 18.502ms
[2020-08-10T13:06:41.405+0300][1340.949s][debug][gc] Expanding ParOldGen from 138752K by 19968K to 158720K
[2020-08-10T13:06:41.431+0300][1340.975s][info ][gc] GC(43566) Pause Young (Allocation Failure) 154M->154M(157M) 18.483ms
[2020-08-10T13:06:41.471+0300][1341.015s][debug][gc] GC(43567) Shrinking ParOldGen from 158720K by 125440K to 33280K
[2020-08-10T13:06:41.471+0300][1341.015s][info ][gc] GC(43567) Pause Full (Ergonomics) 154M->21M(35M) 39.522ms
[2020-08-10T13:06:41.484+0300][1341.028s][info ][gc] GC(43568) Pause Young (Allocation Failure) 22M->22M(35M) 12.642ms
[2020-08-10T13:06:41.497+0300][1341.042s][info ][gc] GC(43569) Pause Young (Allocation Failure) 23M->23M(35M) 13.147ms
[2020-08-10T13:06:41.511+0300][1341.056s][info ][gc] GC(43570) Pause Young (Allocation Failure) 24M->24M(35M) 13.329ms
[2020-08-10T13:06:41.525+0300][1341.069s][info ][gc] GC(43571) Pause Young (Allocation Failure) 25M->25M(35M) 13.421ms
[2020-08-10T13:06:41.539+0300][1341.083s][info ][gc] GC(43572) Pause Young (Allocation Failure) 26M->25M(35M) 13.456ms
[2020-08-10T13:06:41.553+0300][1341.097s][info ][gc] GC(43573) Pause Young (Allocation Failure) 26M->26M(35M) 13.498ms
[2020-08-10T13:06:41.567+0300][1341.111s][info ][gc] GC(43574) Pause Young (Allocation Failure) 27M->27M(35M) 13.304ms
[2020-08-10T13:06:41.580+0300][1341.125s][info ][gc] GC(43575) Pause Young (Allocation Failure) 28M->28M(35M) 13.218ms
[2020-08-10T13:06:41.595+0300][1341.139s][info ][gc] GC(43576) Pause Young (Allocation Failure) 29M->29M(35M) 13.643ms
[2020-08-10T13:06:41.608+0300][1341.153s][info ][gc] GC(43577) Pause Young (Allocation Failure) 30M->30M(35M) 13.409ms
[2020-08-10T13:06:41.622+0300][1341.167s][info ][gc] GC(43578) Pause Young (Allocation Failure) 31M->31M(35M) 13.481ms
[2020-08-10T13:06:41.636+0300][1341.181s][info ][gc] GC(43579) Pause Young (Allocation Failure) 32M->32M(35M) 13.530ms
[2020-08-10T13:06:41.692+0300][1341.236s][debug][gc] GC(43580) Expanding ParOldGen from 33280K by 11264K to 44544K
[2020-08-10T13:06:41.692+0300][1341.236s][info ][gc] GC(43580) Pause Full (Ergonomics) 32M->32M(46M) 55.039ms
[2020-08-10T13:06:41.709+0300][1341.253s][info ][gc] GC(43581) Pause Young (Allocation Failure) 33M->33M(46M) 16.550ms
[2020-08-10T13:06:41.723+0300][1341.267s][info ][gc] GC(43582) Pause Young (Allocation Failure) 34M->34M(46M) 13.577ms
[2020-08-10T13:06:41.737+0300][1341.281s][info ][gc] GC(43583) Pause Young (Allocation Failure) 35M->35M(46M) 13.609ms
[2020-08-10T13:06:41.751+0300][1341.295s][info ][gc] GC(43584) Pause Young (Allocation Failure) 36M->36M(45M) 13.398ms
[2020-08-10T13:06:41.765+0300][1341.310s][info ][gc] GC(43585) Pause Young (Allocation Failure) 37M->37M(45M) 13.764ms
[2020-08-10T13:06:41.779+0300][1341.323s][info ][gc] GC(43586) Pause Young (Allocation Failure) 38M->38M(45M) 13.232ms
[2020-08-10T13:06:41.792+0300][1341.337s][info ][gc] GC(43587) Pause Young (Allocation Failure) 39M->39M(46M) 13.247ms
[2020-08-10T13:06:41.806+0300][1341.351s][info ][gc] GC(43588) Pause Young (Allocation Failure) 40M->40M(46M) 13.381ms
[2020-08-10T13:06:41.820+0300][1341.365s][info ][gc] GC(43589) Pause Young (Allocation Failure) 41M->41M(46M) 13.509ms
[2020-08-10T13:06:41.834+0300][1341.379s][info ][gc] GC(43590) Pause Young (Allocation Failure) 42M->42M(46M) 13.492ms
[2020-08-10T13:06:41.848+0300][1341.393s][info ][gc] GC(43591) Pause Young (Allocation Failure) 43M->42M(46M) 13.229ms
[2020-08-10T13:06:41.862+0300][1341.406s][info ][gc] GC(43592) Pause Young (Allocation Failure) 43M->43M(46M) 13.311ms
[2020-08-10T13:06:41.946+0300][1341.491s][debug][gc] GC(43593) Expanding ParOldGen from 44544K by 11776K to 56320K
[2020-08-10T13:06:41.947+0300][1341.491s][info ][gc] GC(43593) Pause Full (Ergonomics) 43M->43M(57M) 84.603ms
[2020-08-10T13:06:41.966+0300][1341.510s][info ][gc] GC(43594) Pause Young (Allocation Failure) 44M->44M(57M) 18.706ms
[2020-08-10T13:06:41.980+0300][1341.524s][info ][gc] GC(43595) Pause Young (Allocation Failure) 45M->45M(57M) 13.502ms
[2020-08-10T13:06:41.994+0300][1341.538s][info ][gc] GC(43596) Pause Young (Allocation Failure) 46M->46M(57M) 13.428ms
[2020-08-10T13:06:42.008+0300][1341.552s][info ][gc] GC(43597) Pause Young (Allocation Failure) 47M->47M(57M) 13.466ms
[2020-08-10T13:06:42.022+0300][1341.566s][info ][gc] GC(43598) Pause Young (Allocation Failure) 48M->48M(57M) 13.610ms
[2020-08-10T13:06:42.036+0300][1341.580s][info ][gc] GC(43599) Pause Young (Allocation Failure) 49M->49M(57M) 13.302ms
[2020-08-10T13:06:42.050+0300][1341.594s][info ][gc] GC(43600) Pause Young (Allocation Failure) 50M->50M(57M) 13.523ms
[2020-08-10T13:06:42.064+0300][1341.609s][info ][gc] GC(43601) Pause Young (Allocation Failure) 51M->51M(57M) 13.608ms
[2020-08-10T13:06:42.078+0300][1341.623s][info ][gc] GC(43602) Pause Young (Allocation Failure) 52M->52M(57M) 13.618ms
[2020-08-10T13:06:42.092+0300][1341.637s][info ][gc] GC(43603) Pause Young (Allocation Failure) 53M->53M(57M) 13.510ms
[2020-08-10T13:06:42.106+0300][1341.651s][info ][gc] GC(43604) Pause Young (Allocation Failure) 54M->54M(57M) 13.542ms
[2020-08-10T13:06:42.121+0300][1341.665s][info ][gc] GC(43605) Pause Young (Allocation Failure) 55M->55M(57M) 13.675ms
[2020-08-10T13:06:42.240+0300][1341.784s][debug][gc] GC(43606) Expanding ParOldGen from 56320K by 11264K to 67584K
[2020-08-10T13:06:42.240+0300][1341.784s][info ][gc] GC(43606) Pause Full (Ergonomics) 55M->55M(68M) 119.066ms
[2020-08-10T13:06:42.263+0300][1341.807s][info ][gc] GC(43607) Pause Young (Allocation Failure) 56M->56M(68M) 22.291ms
[2020-08-10T13:06:42.277+0300][1341.821s][info ][gc] GC(43608) Pause Young (Allocation Failure) 57M->56M(68M) 13.686ms
[2020-08-10T13:06:42.291+0300][1341.835s][info ][gc] GC(43609) Pause Young (Allocation Failure) 57M->57M(68M) 13.542ms
[2020-08-10T13:06:42.305+0300][1341.850s][info ][gc] GC(43610) Pause Young (Allocation Failure) 58M->58M(68M) 13.678ms
[2020-08-10T13:06:42.319+0300][1341.864s][info ][gc] GC(43611) Pause Young (Allocation Failure) 59M->59M(68M) 13.700ms
[2020-08-10T13:06:42.334+0300][1341.878s][info ][gc] GC(43612) Pause Young (Allocation Failure) 60M->60M(68M) 13.809ms
[2020-08-10T13:06:42.348+0300][1341.892s][info ][gc] GC(43613) Pause Young (Allocation Failure) 61M->61M(68M) 13.761ms
[2020-08-10T13:06:42.362+0300][1341.907s][info ][gc] GC(43614) Pause Young (Allocation Failure) 62M->62M(68M) 13.680ms
[2020-08-10T13:06:42.376+0300][1341.921s][info ][gc] GC(43615) Pause Young (Allocation Failure) 63M->63M(68M) 13.651ms
[2020-08-10T13:06:42.391+0300][1341.935s][info ][gc] GC(43616) Pause Young (Allocation Failure) 64M->64M(68M) 13.751ms
[2020-08-10T13:06:42.405+0300][1341.949s][info ][gc] GC(43617) Pause Young (Allocation Failure) 65M->65M(68M) 13.626ms
[2020-08-10T13:06:42.419+0300][1341.963s][info ][gc] GC(43618) Pause Young (Allocation Failure) 66M->66M(68M) 13.489ms
[2020-08-10T13:06:42.558+0300][1342.103s][debug][gc] GC(43619) Expanding ParOldGen from 67584K by 11776K to 79360K
[2020-08-10T13:06:42.558+0300][1342.103s][info ][gc] GC(43619) Pause Full (Ergonomics) 66M->66M(80M) 139.647ms
[2020-08-10T13:06:42.586+0300][1342.130s][info ][gc] GC(43620) Pause Young (Allocation Failure) 67M->67M(80M) 26.857ms
[2020-08-10T13:06:42.600+0300][1342.144s][info ][gc] GC(43621) Pause Young (Allocation Failure) 68M->68M(80M) 13.797ms
[2020-08-10T13:06:42.614+0300][1342.159s][info ][gc] GC(43622) Pause Young (Allocation Failure) 69M->69M(80M) 13.827ms
[2020-08-10T13:06:42.629+0300][1342.173s][info ][gc] GC(43623) Pause Young (Allocation Failure) 70M->70M(80M) 13.849ms
[2020-08-10T13:06:42.643+0300][1342.187s][info ][gc] GC(43624) Pause Young (Allocation Failure) 71M->71M(80M) 13.805ms
[2020-08-10T13:06:42.657+0300][1342.202s][info ][gc] GC(43625) Pause Young (Allocation Failure) 72M->72M(80M) 13.780ms
[2020-08-10T13:06:42.672+0300][1342.216s][info ][gc] GC(43626) Pause Young (Allocation Failure) 73M->73M(79M) 14.055ms
[2020-08-10T13:06:42.686+0300][1342.231s][info ][gc] GC(43627) Pause Young (Allocation Failure) 74M->73M(79M) 13.861ms
[2020-08-10T13:06:42.701+0300][1342.245s][info ][gc] GC(43628) Pause Young (Allocation Failure) 74M->74M(79M) 13.752ms
[2020-08-10T13:06:42.715+0300][1342.260s][info ][gc] GC(43629) Pause Young (Allocation Failure) 75M->75M(79M) 13.731ms
[2020-08-10T13:06:42.729+0300][1342.274s][info ][gc] GC(43630) Pause Young (Allocation Failure) 76M->76M(79M) 13.893ms
[2020-08-10T13:06:42.744+0300][1342.288s][info ][gc] GC(43631) Pause Young (Allocation Failure) 77M->77M(79M) 13.898ms
[2020-08-10T13:06:42.921+0300][1342.465s][debug][gc] GC(43632) Expanding ParOldGen from 79360K by 11264K to 90624K
[2020-08-10T13:06:42.921+0300][1342.465s][info ][gc] GC(43632) Pause Full (Ergonomics) 77M->77M(90M) 176.641ms
[2020-08-10T13:06:42.951+0300][1342.495s][info ][gc] GC(43633) Pause Young (Allocation Failure) 78M->78M(90M) 29.655ms
[2020-08-10T13:06:42.965+0300][1342.510s][info ][gc] GC(43634) Pause Young (Allocation Failure) 79M->79M(90M) 13.767ms
[2020-08-10T13:06:42.979+0300][1342.524s][info ][gc] GC(43635) Pause Young (Allocation Failure) 80M->80M(90M) 13.734ms
[2020-08-10T13:06:42.994+0300][1342.538s][info ][gc] GC(43636) Pause Young (Allocation Failure) 81M->81M(90M) 13.873ms
[2020-08-10T13:06:43.008+0300][1342.553s][info ][gc] GC(43637) Pause Young (Allocation Failure) 82M->82M(90M) 13.998ms
[2020-08-10T13:06:43.023+0300][1342.567s][info ][gc] GC(43638) Pause Young (Allocation Failure) 83M->83M(90M) 14.015ms
[2020-08-10T13:06:43.037+0300][1342.582s][info ][gc] GC(43639) Pause Young (Allocation Failure) 84M->84M(90M) 13.905ms
[2020-08-10T13:06:43.052+0300][1342.596s][info ][gc] GC(43640) Pause Young (Allocation Failure) 85M->85M(90M) 14.159ms
[2020-08-10T13:06:43.067+0300][1342.611s][info ][gc] GC(43641) Pause Young (Allocation Failure) 86M->86M(90M) 14.261ms
[2020-08-10T13:06:43.081+0300][1342.626s][info ][gc] GC(43642) Pause Young (Allocation Failure) 87M->87M(90M) 14.330ms
[2020-08-10T13:06:43.096+0300][1342.641s][info ][gc] GC(43643) Pause Young (Allocation Failure) 88M->88M(90M) 14.181ms
[2020-08-10T13:06:43.111+0300][1342.656s][info ][gc] GC(43644) Pause Young (Allocation Failure) 89M->89M(90M) 14.471ms
[2020-08-10T13:06:43.322+0300][1342.867s][debug][gc] GC(43645) Expanding ParOldGen from 90624K by 11264K to 101888K
[2020-08-10T13:06:43.322+0300][1342.867s][info ][gc] GC(43645) Pause Full (Ergonomics) 89M->88M(101M) 210.900ms
[2020-08-10T13:06:43.356+0300][1342.900s][info ][gc] GC(43646) Pause Young (Allocation Failure) 89M->89M(101M) 33.134ms
[2020-08-10T13:06:43.371+0300][1342.916s][info ][gc] GC(43647) Pause Young (Allocation Failure) 90M->90M(101M) 14.836ms
[2020-08-10T13:06:43.387+0300][1342.931s][info ][gc] GC(43648) Pause Young (Allocation Failure) 91M->91M(101M) 14.777ms
[2020-08-10T13:06:43.402+0300][1342.947s][info ][gc] GC(43649) Pause Young (Allocation Failure) 92M->92M(101M) 14.970ms
[2020-08-10T13:06:43.417+0300][1342.962s][info ][gc] GC(43650) Pause Young (Allocation Failure) 93M->93M(101M) 14.839ms
[2020-08-10T13:06:43.433+0300][1342.977s][info ][gc] GC(43651) Pause Young (Allocation Failure) 94M->94M(101M) 14.869ms
[2020-08-10T13:06:43.447+0300][1342.992s][info ][gc] GC(43652) Pause Young (Allocation Failure) 95M->95M(101M) 13.668ms
[2020-08-10T13:06:43.461+0300][1343.005s][info ][gc] GC(43653) Pause Young (Allocation Failure) 95M->95M(101M) 13.471ms
[2020-08-10T13:06:43.475+0300][1343.019s][info ][gc] GC(43654) Pause Young (Allocation Failure) 96M->96M(101M) 13.313ms
[2020-08-10T13:06:43.489+0300][1343.033s][info ][gc] GC(43655) Pause Young (Allocation Failure) 96M->96M(101M) 13.509ms
[2020-08-10T13:06:43.502+0300][1343.047s][info ][gc] GC(43656) Pause Young (Allocation Failure) 96M->96M(101M) 13.213ms
[2020-08-10T13:06:43.516+0300][1343.060s][info ][gc] GC(43657) Pause Young (Allocation Failure) 97M->97M(101M) 13.319ms
[2020-08-10T13:06:43.530+0300][1343.074s][info ][gc] GC(43658) Pause Young (Allocation Failure) 97M->97M(101M) 13.319ms
[2020-08-10T13:06:43.543+0300][1343.088s][info ][gc] GC(43659) Pause Young (Allocation Failure) 98M->98M(101M) 13.431ms
[2020-08-10T13:06:43.557+0300][1343.102s][info ][gc] GC(43660) Pause Young (Allocation Failure) 98M->98M(101M) 13.396ms
[2020-08-10T13:06:43.793+0300][1343.338s][debug][gc] GC(43661) Expanding ParOldGen from 101888K by 10752K to 112640K
[2020-08-10T13:06:43.793+0300][1343.338s][info ][gc] GC(43661) Pause Full (Ergonomics) 98M->98M(112M) 235.952ms
[2020-08-10T13:06:43.807+0300][1343.351s][info ][gc] GC(43662) Pause Young (Allocation Failure) 99M->99M(112M) 12.994ms
[2020-08-10T13:06:43.820+0300][1343.365s][info ][gc] GC(43663) Pause Young (Allocation Failure) 99M->99M(112M) 13.146ms
[2020-08-10T13:06:43.834+0300][1343.378s][info ][gc] GC(43664) Pause Young (Allocation Failure) 100M->100M(112M) 13.169ms
[2020-08-10T13:06:43.848+0300][1343.392s][info ][gc] GC(43665) Pause Young (Allocation Failure) 100M->100M(112M) 13.109ms
[2020-08-10T13:06:43.861+0300][1343.405s][info ][gc] GC(43666) Pause Young (Allocation Failure) 100M->100M(112M) 13.102ms
[2020-08-10T13:06:43.875+0300][1343.419s][info ][gc] GC(43667) Pause Young (Allocation Failure) 101M->101M(112M) 13.161ms
[2020-08-10T13:06:43.888+0300][1343.433s][info ][gc] GC(43668) Pause Young (Allocation Failure) 101M->101M(112M) 13.156ms
[2020-08-10T13:06:43.902+0300][1343.447s][info ][gc] GC(43669) Pause Young (Allocation Failure) 102M->102M(111M) 13.509ms
[2020-08-10T13:06:43.916+0300][1343.460s][info ][gc] GC(43670) Pause Young (Allocation Failure) 102M->102M(111M) 13.157ms
[2020-08-10T13:06:43.930+0300][1343.474s][info ][gc] GC(43671) Pause Young (Allocation Failure) 103M->103M(111M) 13.241ms
[2020-08-10T13:06:43.943+0300][1343.488s][info ][gc] GC(43672) Pause Young (Allocation Failure) 103M->103M(111M) 13.240ms
[2020-08-10T13:06:43.957+0300][1343.502s][info ][gc] GC(43673) Pause Young (Allocation Failure) 104M->104M(111M) 13.462ms
[2020-08-10T13:06:43.971+0300][1343.515s][info ][gc] GC(43674) Pause Young (Allocation Failure) 104M->104M(111M) 13.129ms
[2020-08-10T13:06:43.984+0300][1343.529s][info ][gc] GC(43675) Pause Young (Allocation Failure) 105M->105M(111M) 13.105ms
[2020-08-10T13:06:43.998+0300][1343.542s][info ][gc] GC(43676) Pause Young (Allocation Failure) 105M->105M(111M) 13.131ms
[2020-08-10T13:06:44.011+0300][1343.556s][info ][gc] GC(43677) Pause Young (Allocation Failure) 106M->105M(111M) 13.033ms
[2020-08-10T13:06:44.025+0300][1343.569s][info ][gc] GC(43678) Pause Young (Allocation Failure) 106M->106M(111M) 13.003ms
[2020-08-10T13:06:44.038+0300][1343.582s][info ][gc] GC(43679) Pause Young (Allocation Failure) 106M->106M(111M) 13.008ms
[2020-08-10T13:06:44.051+0300][1343.596s][info ][gc] GC(43680) Pause Young (Allocation Failure) 107M->107M(111M) 13.175ms
[2020-08-10T13:06:44.065+0300][1343.610s][info ][gc] GC(43681) Pause Young (Allocation Failure) 107M->107M(111M) 13.310ms
[2020-08-10T13:06:44.079+0300][1343.623s][info ][gc] GC(43682) Pause Young (Allocation Failure) 108M->108M(111M) 13.064ms
[2020-08-10T13:06:44.092+0300][1343.637s][info ][gc] GC(43683) Pause Young (Allocation Failure) 108M->108M(111M) 13.214ms
[2020-08-10T13:06:44.106+0300][1343.650s][info ][gc] GC(43684) Pause Young (Allocation Failure) 109M->109M(111M) 13.141ms
[2020-08-10T13:06:44.119+0300][1343.664s][info ][gc] GC(43685) Pause Young (Allocation Failure) 109M->109M(111M) 13.179ms
[2020-08-10T13:06:44.133+0300][1343.677s][info ][gc] GC(43686) Pause Young (Allocation Failure) 110M->110M(111M) 13.179ms
[2020-08-10T13:06:44.414+0300][1343.958s][debug][gc] GC(43687) Expanding ParOldGen from 112640K by 11264K to 123904K
[2020-08-10T13:06:44.414+0300][1343.958s][info ][gc] GC(43687) Pause Full (Ergonomics) 110M->109M(122M) 280.719ms
[2020-08-10T13:06:44.427+0300][1343.972s][info ][gc] GC(43688) Pause Young (Allocation Failure) 110M->110M(122M) 13.035ms
[2020-08-10T13:06:44.441+0300][1343.986s][info ][gc] GC(43689) Pause Young (Allocation Failure) 110M->110M(122M) 13.357ms
[2020-08-10T13:06:44.455+0300][1343.999s][info ][gc] GC(43690) Pause Young (Allocation Failure) 111M->111M(122M) 13.309ms
[2020-08-10T13:06:44.469+0300][1344.013s][info ][gc] GC(43691) Pause Young (Allocation Failure) 111M->111M(122M) 13.573ms
[2020-08-10T13:06:44.483+0300][1344.028s][info ][gc] GC(43692) Pause Young (Allocation Failure) 112M->112M(122M) 13.782ms
[2020-08-10T13:06:44.497+0300][1344.042s][info ][gc] GC(43693) Pause Young (Allocation Failure) 112M->112M(122M) 13.510ms
[2020-08-10T13:06:44.511+0300][1344.055s][info ][gc] GC(43694) Pause Young (Allocation Failure) 113M->113M(122M) 13.456ms
[2020-08-10T13:06:44.525+0300][1344.069s][info ][gc] GC(43695) Pause Young (Allocation Failure) 113M->113M(122M) 13.625ms
[2020-08-10T13:06:44.539+0300][1344.083s][info ][gc] GC(43696) Pause Young (Allocation Failure) 114M->114M(122M) 13.566ms
[2020-08-10T13:06:44.553+0300][1344.098s][info ][gc] GC(43697) Pause Young (Allocation Failure) 114M->114M(122M) 13.623ms
[2020-08-10T13:06:44.568+0300][1344.113s][info ][gc] GC(43698) Pause Young (Allocation Failure) 115M->115M(122M) 14.837ms
[2020-08-10T13:06:44.583+0300][1344.127s][info ][gc] GC(43699) Pause Young (Allocation Failure) 115M->115M(122M) 13.711ms
[2020-08-10T13:06:44.597+0300][1344.141s][info ][gc] GC(43700) Pause Young (Allocation Failure) 116M->115M(122M) 13.967ms
[2020-08-10T13:06:44.611+0300][1344.156s][info ][gc] GC(43701) Pause Young (Allocation Failure) 116M->116M(122M) 13.745ms
[2020-08-10T13:06:44.625+0300][1344.170s][info ][gc] GC(43702) Pause Young (Allocation Failure) 116M->116M(122M) 13.592ms
[2020-08-10T13:06:44.640+0300][1344.184s][info ][gc] GC(43703) Pause Young (Allocation Failure) 117M->117M(122M) 13.708ms
[2020-08-10T13:06:44.654+0300][1344.198s][info ][gc] GC(43704) Pause Young (Allocation Failure) 117M->117M(122M) 13.868ms
[2020-08-10T13:06:44.668+0300][1344.213s][info ][gc] GC(43705) Pause Young (Allocation Failure) 118M->118M(122M) 13.867ms
[2020-08-10T13:06:44.682+0300][1344.227s][info ][gc] GC(43706) Pause Young (Allocation Failure) 118M->118M(122M) 13.800ms
[2020-08-10T13:06:44.697+0300][1344.241s][info ][gc] GC(43707) Pause Young (Allocation Failure) 119M->119M(122M) 13.861ms
[2020-08-10T13:06:44.711+0300][1344.255s][info ][gc] GC(43708) Pause Young (Allocation Failure) 119M->119M(122M) 13.953ms
[2020-08-10T13:06:44.725+0300][1344.270s][info ][gc] GC(43709) Pause Young (Allocation Failure) 120M->120M(122M) 13.925ms
[2020-08-10T13:06:44.740+0300][1344.284s][info ][gc] GC(43710) Pause Young (Allocation Failure) 120M->120M(122M) 14.029ms
[2020-08-10T13:06:44.754+0300][1344.299s][info ][gc] GC(43711) Pause Young (Allocation Failure) 121M->120M(122M) 14.216ms
[2020-08-10T13:06:44.769+0300][1344.313s][info ][gc] GC(43712) Pause Young (Allocation Failure) 121M->121M(122M) 14.038ms
[2020-08-10T13:06:45.058+0300][1344.603s][debug][gc] GC(43713) Expanding ParOldGen from 123904K by 10752K to 134656K
[2020-08-10T13:06:45.058+0300][1344.603s][info ][gc] GC(43713) Pause Full (Ergonomics) 121M->121M(133M) 289.294ms
[2020-08-10T13:06:45.090+0300][1344.635s][info ][gc] GC(43714) Pause Young (Allocation Failure) 121M->121M(133M) 31.492ms
[2020-08-10T13:06:45.131+0300][1344.675s][info ][gc] GC(43715) Pause Young (Allocation Failure) 122M->122M(133M) 40.258ms
[2020-08-10T13:06:45.146+0300][1344.691s][info ][gc] GC(43716) Pause Young (Allocation Failure) 122M->122M(133M) 14.840ms
[2020-08-10T13:06:45.161+0300][1344.706s][info ][gc] GC(43717) Pause Young (Allocation Failure) 123M->123M(133M) 14.997ms
[2020-08-10T13:06:45.177+0300][1344.722s][info ][gc] GC(43718) Pause Young (Allocation Failure) 123M->123M(133M) 15.537ms
[2020-08-10T13:06:45.194+0300][1344.739s][info ][gc] GC(43719) Pause Young (Allocation Failure) 124M->124M(133M) 16.648ms
[2020-08-10T13:06:45.235+0300][1344.780s][info ][gc] GC(43720) Pause Young (Allocation Failure) 124M->124M(133M) 40.167ms
[2020-08-10T13:06:45.250+0300][1344.795s][info ][gc] GC(43721) Pause Young (Allocation Failure) 124M->124M(133M) 14.854ms
[2020-08-10T13:06:45.268+0300][1344.813s][info ][gc] GC(43722) Pause Young (Allocation Failure) 125M->125M(133M) 17.533ms
[2020-08-10T13:06:45.285+0300][1344.829s][info ][gc] GC(43723) Pause Young (Allocation Failure) 125M->125M(133M) 15.777ms
[2020-08-10T13:06:45.301+0300][1344.845s][info ][gc] GC(43724) Pause Young (Allocation Failure) 126M->126M(133M) 15.411ms
[2020-08-10T13:06:45.340+0300][1344.884s][info ][gc] GC(43725) Pause Young (Allocation Failure) 126M->126M(133M) 38.582ms
[2020-08-10T13:06:45.356+0300][1344.900s][info ][gc] GC(43726) Pause Young (Allocation Failure) 127M->127M(133M) 15.589ms
[2020-08-10T13:06:45.371+0300][1344.916s][info ][gc] GC(43727) Pause Young (Allocation Failure) 127M->127M(133M) 15.190ms
[2020-08-10T13:06:45.387+0300][1344.931s][info ][gc] GC(43728) Pause Young (Allocation Failure) 128M->128M(133M) 15.124ms
[2020-08-10T13:06:45.403+0300][1344.947s][info ][gc] GC(43729) Pause Young (Allocation Failure) 128M->128M(133M) 15.328ms
[2020-08-10T13:06:45.418+0300][1344.963s][info ][gc] GC(43730) Pause Young (Allocation Failure) 129M->129M(133M) 15.337ms
[2020-08-10T13:06:45.460+0300][1345.004s][info ][gc] GC(43731) Pause Young (Allocation Failure) 129M->129M(133M) 41.119ms
[2020-08-10T13:06:45.476+0300][1345.021s][info ][gc] GC(43732) Pause Young (Allocation Failure) 129M->129M(133M) 15.619ms
[2020-08-10T13:06:45.491+0300][1345.036s][info ][gc] GC(43733) Pause Young (Allocation Failure) 130M->130M(133M) 15.033ms
[2020-08-10T13:06:45.507+0300][1345.052s][info ][gc] GC(43734) Pause Young (Allocation Failure) 130M->130M(133M) 15.392ms
[2020-08-10T13:06:45.523+0300][1345.068s][info ][gc] GC(43735) Pause Young (Allocation Failure) 131M->131M(133M) 15.402ms
[2020-08-10T13:06:45.561+0300][1345.106s][info ][gc] GC(43736) Pause Young (Allocation Failure) 131M->131M(133M) 37.801ms
[2020-08-10T13:06:46.014+0300][1345.559s][debug][gc] GC(43737) Expanding ParOldGen from 134656K by 10752K to 145408K
[2020-08-10T13:06:46.014+0300][1345.559s][info ][gc] GC(43737) Pause Full (Ergonomics) 131M->131M(143M) 452.855ms
[2020-08-10T13:06:46.029+0300][1345.573s][info ][gc] GC(43738) Pause Young (Allocation Failure) 131M->131M(143M) 13.903ms
[2020-08-10T13:06:46.045+0300][1345.589s][info ][gc] GC(43739) Pause Young (Allocation Failure) 132M->132M(143M) 15.695ms
[2020-08-10T13:06:46.089+0300][1345.633s][info ][gc] GC(43740) Pause Young (Allocation Failure) 132M->132M(143M) 43.440ms
[2020-08-10T13:06:46.118+0300][1345.662s][info ][gc] GC(43741) Pause Young (Allocation Failure) 133M->133M(143M) 28.463ms
[2020-08-10T13:06:46.134+0300][1345.678s][info ][gc] GC(43742) Pause Young (Allocation Failure) 133M->133M(143M) 15.780ms
[2020-08-10T13:06:46.149+0300][1345.694s][info ][gc] GC(43743) Pause Young (Allocation Failure) 134M->134M(143M) 15.361ms
[2020-08-10T13:06:46.165+0300][1345.709s][info ][gc] GC(43744) Pause Young (Allocation Failure) 134M->134M(143M) 15.172ms
[2020-08-10T13:06:46.180+0300][1345.725s][info ][gc] GC(43745) Pause Young (Allocation Failure) 135M->135M(143M) 15.231ms
[2020-08-10T13:06:46.196+0300][1345.741s][info ][gc] GC(43746) Pause Young (Allocation Failure) 135M->135M(143M) 15.402ms
[2020-08-10T13:06:46.196+0300][1345.741s][debug][gc] Expanding ParOldGen from 145408K by 19968K to 165376K
[2020-08-10T13:06:46.219+0300][1345.764s][info ][gc] GC(43747) Pause Young (Allocation Failure) 155M->154M(163M) 14.265ms
[2020-08-10T13:06:46.245+0300][1345.789s][info ][gc] GC(43748) Pause Young (Allocation Failure) 155M->155M(163M) 25.250ms
[2020-08-10T13:06:46.270+0300][1345.815s][info ][gc] GC(43749) Pause Young (Allocation Failure) 155M->155M(163M) 25.423ms
[2020-08-10T13:06:46.296+0300][1345.841s][info ][gc] GC(43750) Pause Young (Allocation Failure) 156M->156M(163M) 25.180ms
[2020-08-10T13:06:46.322+0300][1345.866s][info ][gc] GC(43751) Pause Young (Allocation Failure) 156M->156M(163M) 25.293ms
[2020-08-10T13:06:46.369+0300][1345.913s][info ][gc] GC(43752) Pause Young (Allocation Failure) 157M->157M(163M) 46.478ms
[2020-08-10T13:06:46.394+0300][1345.939s][info ][gc] GC(43753) Pause Young (Allocation Failure) 157M->157M(163M) 25.414ms
[2020-08-10T13:06:46.421+0300][1345.966s][info ][gc] GC(43754) Pause Young (Allocation Failure) 158M->157M(163M) 26.376ms
[2020-08-10T13:06:46.447+0300][1345.992s][info ][gc] GC(43755) Pause Young (Allocation Failure) 158M->158M(163M) 25.406ms
[2020-08-10T13:06:46.473+0300][1346.017s][info ][gc] GC(43756) Pause Young (Allocation Failure) 158M->158M(163M) 25.323ms
[2020-08-10T13:06:46.499+0300][1346.043s][info ][gc] GC(43757) Pause Young (Allocation Failure) 159M->159M(163M) 25.345ms
[2020-08-10T13:06:46.547+0300][1346.092s][info ][gc] GC(43758) Pause Young (Allocation Failure) 159M->159M(163M) 48.282ms
[2020-08-10T13:06:46.576+0300][1346.121s][info ][gc] GC(43759) Pause Young (Allocation Failure) 160M->160M(163M) 28.656ms
[2020-08-10T13:06:46.602+0300][1346.147s][info ][gc] GC(43760) Pause Young (Allocation Failure) 160M->160M(163M) 25.435ms
[2020-08-10T13:06:46.630+0300][1346.174s][info ][gc] GC(43761) Pause Young (Allocation Failure) 161M->161M(163M) 27.280ms
[2020-08-10T13:06:46.655+0300][1346.200s][info ][gc] GC(43762) Pause Young (Allocation Failure) 161M->161M(163M) 25.282ms
[2020-08-10T13:06:46.735+0300][1346.280s][debug][gc] GC(43763) Shrinking ParOldGen from 165376K by 125952K to 39424K
[2020-08-10T13:06:46.735+0300][1346.280s][info ][gc] GC(43763) Pause Full (Ergonomics) 161M->27M(40M) 79.747ms
[2020-08-10T13:06:46.749+0300][1346.293s][info ][gc] GC(43764) Pause Young (Allocation Failure) 28M->28M(40M) 12.990ms
[2020-08-10T13:06:46.762+0300][1346.306s][info ][gc] GC(43765) Pause Young (Allocation Failure) 28M->28M(40M) 12.818ms
[2020-08-10T13:06:46.780+0300][1346.325s][info ][gc] GC(43766) Pause Young (Allocation Failure) 29M->29M(40M) 17.648ms
[2020-08-10T13:06:46.793+0300][1346.338s][info ][gc] GC(43767) Pause Young (Allocation Failure) 29M->29M(40M) 12.762ms
[2020-08-10T13:06:46.806+0300][1346.351s][info ][gc] GC(43768) Pause Young (Allocation Failure) 30M->30M(40M) 12.925ms
[2020-08-10T13:06:46.820+0300][1346.364s][info ][gc] GC(43769) Pause Young (Allocation Failure) 30M->30M(40M) 12.969ms
[2020-08-10T13:06:46.833+0300][1346.378s][info ][gc] GC(43770) Pause Young (Allocation Failure) 31M->31M(40M) 13.006ms
[2020-08-10T13:06:46.847+0300][1346.391s][info ][gc] GC(43771) Pause Young (Allocation Failure) 31M->31M(40M) 12.917ms
[2020-08-10T13:06:46.860+0300][1346.405s][info ][gc] GC(43772) Pause Young (Allocation Failure) 32M->31M(40M) 12.974ms
[2020-08-10T13:06:46.873+0300][1346.418s][info ][gc] GC(43773) Pause Young (Allocation Failure) 32M->32M(40M) 12.870ms
[2020-08-10T13:06:46.887+0300][1346.431s][info ][gc] GC(43774) Pause Young (Allocation Failure) 32M->32M(40M) 13.024ms
[2020-08-10T13:06:46.900+0300][1346.445s][info ][gc] GC(43775) Pause Young (Allocation Failure) 33M->33M(40M) 13.085ms
[2020-08-10T13:06:46.914+0300][1346.458s][info ][gc] GC(43776) Pause Young (Allocation Failure) 33M->33M(40M) 12.961ms
[2020-08-10T13:06:46.927+0300][1346.472s][info ][gc] GC(43777) Pause Young (Allocation Failure) 34M->34M(40M) 12.880ms
[2020-08-10T13:06:46.941+0300][1346.485s][info ][gc] GC(43778) Pause Young (Allocation Failure) 34M->34M(40M) 12.981ms
[2020-08-10T13:06:46.954+0300][1346.499s][info ][gc] GC(43779) Pause Young (Allocation Failure) 35M->35M(40M) 13.239ms
[2020-08-10T13:06:46.968+0300][1346.513s][info ][gc] GC(43780) Pause Young (Allocation Failure) 36M->36M(40M) 13.187ms
[2020-08-10T13:06:46.982+0300][1346.527s][info ][gc] GC(43781) Pause Young (Allocation Failure) 37M->37M(40M) 13.555ms
[2020-08-10T13:06:46.996+0300][1346.541s][info ][gc] GC(43782) Pause Young (Allocation Failure) 38M->38M(41M) 13.747ms
[2020-08-10T13:06:47.002+0300][1346.547s][debug][gc] GC(43783) Expanding ParOldGen from 39424K by 512K to 39936K
[2020-08-10T13:06:47.011+0300][1346.555s][info ][gc] GC(43783) Pause Young (Allocation Failure) 39M->39M(41M) 13.479ms
[2020-08-10T13:06:47.080+0300][1346.625s][debug][gc] GC(43784) Expanding ParOldGen from 39936K by 11264K to 51200K
[2020-08-10T13:06:47.080+0300][1346.625s][info ][gc] GC(43784) Pause Full (Ergonomics) 39M->39M(52M) 69.534ms
[2020-08-10T13:06:47.098+0300][1346.643s][info ][gc] GC(43785) Pause Young (Allocation Failure) 40M->40M(52M) 17.665ms
[2020-08-10T13:06:47.112+0300][1346.657s][info ][gc] GC(43786) Pause Young (Allocation Failure) 41M->41M(52M) 13.537ms
[2020-08-10T13:06:47.127+0300][1346.671s][info ][gc] GC(43787) Pause Young (Allocation Failure) 42M->42M(52M) 13.527ms
[2020-08-10T13:06:47.141+0300][1346.685s][info ][gc] GC(43788) Pause Young (Allocation Failure) 43M->43M(52M) 13.529ms
[2020-08-10T13:06:47.155+0300][1346.699s][info ][gc] GC(43789) Pause Young (Allocation Failure) 44M->43M(52M) 13.572ms
[2020-08-10T13:06:47.169+0300][1346.714s][info ][gc] GC(43790) Pause Young (Allocation Failure) 44M->44M(52M) 13.567ms
[2020-08-10T13:06:47.183+0300][1346.728s][info ][gc] GC(43791) Pause Young (Allocation Failure) 45M->45M(52M) 13.554ms
[2020-08-10T13:06:47.197+0300][1346.742s][info ][gc] GC(43792) Pause Young (Allocation Failure) 46M->46M(52M) 13.503ms
[2020-08-10T13:06:47.211+0300][1346.756s][info ][gc] GC(43793) Pause Young (Allocation Failure) 47M->47M(52M) 13.576ms
[2020-08-10T13:06:47.225+0300][1346.770s][info ][gc] GC(43794) Pause Young (Allocation Failure) 48M->48M(52M) 13.473ms
[2020-08-10T13:06:47.239+0300][1346.784s][info ][gc] GC(43795) Pause Young (Allocation Failure) 49M->49M(52M) 13.582ms
[2020-08-10T13:06:47.253+0300][1346.798s][info ][gc] GC(43796) Pause Young (Allocation Failure) 50M->50M(52M) 13.535ms
[2020-08-10T13:06:47.362+0300][1346.907s][debug][gc] GC(43797) Expanding ParOldGen from 51200K by 11776K to 62976K
[2020-08-10T13:06:47.362+0300][1346.907s][info ][gc] GC(43797) Pause Full (Ergonomics) 50M->50M(64M) 108.806ms
[2020-08-10T13:06:47.384+0300][1346.929s][info ][gc] GC(43798) Pause Young (Allocation Failure) 51M->51M(64M) 21.564ms
[2020-08-10T13:06:47.399+0300][1346.943s][info ][gc] GC(43799) Pause Young (Allocation Failure) 52M->52M(64M) 13.641ms
[2020-08-10T13:06:47.413+0300][1346.957s][info ][gc] GC(43800) Pause Young (Allocation Failure) 53M->53M(64M) 13.614ms
[2020-08-10T13:06:47.427+0300][1346.971s][info ][gc] GC(43801) Pause Young (Allocation Failure) 54M->54M(64M) 13.479ms
[2020-08-10T13:06:47.441+0300][1346.986s][info ][gc] GC(43802) Pause Young (Allocation Failure) 55M->55M(64M) 13.778ms
[2020-08-10T13:06:47.455+0300][1347.000s][info ][gc] GC(43803) Pause Young (Allocation Failure) 56M->56M(64M) 13.337ms
[2020-08-10T13:06:47.469+0300][1347.014s][info ][gc] GC(43804) Pause Young (Allocation Failure) 57M->56M(64M) 13.838ms
[2020-08-10T13:06:47.483+0300][1347.028s][info ][gc] GC(43805) Pause Young (Allocation Failure) 57M->57M(64M) 13.586ms
[2020-08-10T13:06:47.498+0300][1347.042s][info ][gc] GC(43806) Pause Young (Allocation Failure) 58M->58M(64M) 13.603ms
[2020-08-10T13:06:47.512+0300][1347.057s][info ][gc] GC(43807) Pause Young (Allocation Failure) 59M->59M(64M) 13.653ms
[2020-08-10T13:06:47.526+0300][1347.071s][info ][gc] GC(43808) Pause Young (Allocation Failure) 60M->60M(64M) 13.588ms
[2020-08-10T13:06:47.540+0300][1347.085s][info ][gc] GC(43809) Pause Young (Allocation Failure) 61M->61M(64M) 13.592ms
[2020-08-10T13:06:47.685+0300][1347.229s][debug][gc] GC(43810) Expanding ParOldGen from 62976K by 11264K to 74240K
[2020-08-10T13:06:47.685+0300][1347.230s][info ][gc] GC(43810) Pause Full (Ergonomics) 61M->61M(75M) 144.529ms
[2020-08-10T13:06:47.710+0300][1347.255s][info ][gc] GC(43811) Pause Young (Allocation Failure) 62M->62M(75M) 24.813ms
[2020-08-10T13:06:47.724+0300][1347.269s][info ][gc] GC(43812) Pause Young (Allocation Failure) 63M->63M(75M) 13.550ms
[2020-08-10T13:06:47.739+0300][1347.283s][info ][gc] GC(43813) Pause Young (Allocation Failure) 64M->64M(75M) 13.608ms
[2020-08-10T13:06:47.753+0300][1347.298s][info ][gc] GC(43814) Pause Young (Allocation Failure) 65M->65M(75M) 13.751ms
[2020-08-10T13:06:47.767+0300][1347.312s][info ][gc] GC(43815) Pause Young (Allocation Failure) 66M->66M(75M) 13.664ms
[2020-08-10T13:06:47.782+0300][1347.326s][info ][gc] GC(43816) Pause Young (Allocation Failure) 67M->67M(75M) 13.711ms
[2020-08-10T13:06:47.796+0300][1347.341s][info ][gc] GC(43817) Pause Young (Allocation Failure) 68M->68M(75M) 13.680ms
[2020-08-10T13:06:47.810+0300][1347.355s][info ][gc] GC(43818) Pause Young (Allocation Failure) 69M->68M(75M) 13.733ms
[2020-08-10T13:06:47.824+0300][1347.369s][info ][gc] GC(43819) Pause Young (Allocation Failure) 69M->69M(75M) 13.633ms
[2020-08-10T13:06:47.839+0300][1347.383s][info ][gc] GC(43820) Pause Young (Allocation Failure) 70M->70M(75M) 13.689ms
[2020-08-10T13:06:47.853+0300][1347.397s][info ][gc] GC(43821) Pause Young (Allocation Failure) 71M->71M(74M) 13.535ms
[2020-08-10T13:06:47.867+0300][1347.411s][info ][gc] GC(43822) Pause Young (Allocation Failure) 72M->72M(74M) 13.749ms
[2020-08-10T13:06:48.025+0300][1347.570s][debug][gc] GC(43823) Expanding ParOldGen from 74240K by 11264K to 85504K
[2020-08-10T13:06:48.025+0300][1347.570s][info ][gc] GC(43823) Pause Full (Ergonomics) 72M->72M(85M) 158.304ms
[2020-08-10T13:06:48.057+0300][1347.602s][info ][gc] GC(43824) Pause Young (Allocation Failure) 73M->73M(86M) 31.325ms
[2020-08-10T13:06:48.071+0300][1347.616s][info ][gc] GC(43825) Pause Young (Allocation Failure) 74M->74M(86M) 13.918ms
[2020-08-10T13:06:48.086+0300][1347.630s][info ][gc] GC(43826) Pause Young (Allocation Failure) 75M->75M(86M) 13.690ms
[2020-08-10T13:06:48.100+0300][1347.645s][info ][gc] GC(43827) Pause Young (Allocation Failure) 76M->76M(86M) 13.897ms
[2020-08-10T13:06:48.114+0300][1347.659s][info ][gc] GC(43828) Pause Young (Allocation Failure) 77M->77M(86M) 13.758ms
[2020-08-10T13:06:48.129+0300][1347.674s][info ][gc] GC(43829) Pause Young (Allocation Failure) 78M->78M(86M) 13.842ms
[2020-08-10T13:06:48.143+0300][1347.688s][info ][gc] GC(43830) Pause Young (Allocation Failure) 79M->79M(86M) 13.654ms
[2020-08-10T13:06:48.157+0300][1347.702s][info ][gc] GC(43831) Pause Young (Allocation Failure) 80M->80M(86M) 13.844ms
[2020-08-10T13:06:48.171+0300][1347.716s][info ][gc] GC(43832) Pause Young (Allocation Failure) 81M->81M(86M) 13.739ms
[2020-08-10T13:06:48.186+0300][1347.730s][info ][gc] GC(43833) Pause Young (Allocation Failure) 82M->82M(86M) 13.784ms
[2020-08-10T13:06:48.200+0300][1347.745s][info ][gc] GC(43834) Pause Young (Allocation Failure) 83M->83M(86M) 13.882ms
[2020-08-10T13:06:48.214+0300][1347.759s][info ][gc] GC(43835) Pause Young (Allocation Failure) 84M->84M(86M) 13.900ms
[2020-08-10T13:06:48.405+0300][1347.950s][debug][gc] GC(43836) Expanding ParOldGen from 85504K by 11776K to 97280K
[2020-08-10T13:06:48.405+0300][1347.950s][info ][gc] GC(43836) Pause Full (Ergonomics) 84M->83M(97M) 190.393ms
[2020-08-10T13:06:48.436+0300][1347.981s][info ][gc] GC(43837) Pause Young (Allocation Failure) 84M->84M(97M) 30.800ms
[2020-08-10T13:06:48.451+0300][1347.996s][info ][gc] GC(43838) Pause Young (Allocation Failure) 85M->85M(97M) 14.091ms
[2020-08-10T13:06:48.466+0300][1348.010s][info ][gc] GC(43839) Pause Young (Allocation Failure) 86M->86M(97M) 14.251ms
[2020-08-10T13:06:48.481+0300][1348.025s][info ][gc] GC(43840) Pause Young (Allocation Failure) 87M->87M(97M) 14.433ms
[2020-08-10T13:06:48.496+0300][1348.040s][info ][gc] GC(43841) Pause Young (Allocation Failure) 88M->88M(97M) 14.507ms
[2020-08-10T13:06:48.511+0300][1348.055s][info ][gc] GC(43842) Pause Young (Allocation Failure) 89M->89M(97M) 14.472ms
[2020-08-10T13:06:48.526+0300][1348.070s][info ][gc] GC(43843) Pause Young (Allocation Failure) 90M->90M(97M) 14.582ms
[2020-08-10T13:06:48.541+0300][1348.086s][info ][gc] GC(43844) Pause Young (Allocation Failure) 91M->91M(97M) 14.637ms
[2020-08-10T13:06:48.556+0300][1348.101s][info ][gc] GC(43845) Pause Young (Allocation Failure) 92M->92M(97M) 14.691ms
[2020-08-10T13:06:48.571+0300][1348.116s][info ][gc] GC(43846) Pause Young (Allocation Failure) 93M->93M(97M) 14.558ms
[2020-08-10T13:06:48.586+0300][1348.131s][info ][gc] GC(43847) Pause Young (Allocation Failure) 94M->94M(97M) 14.808ms
[2020-08-10T13:06:48.602+0300][1348.146s][info ][gc] GC(43848) Pause Young (Allocation Failure) 95M->95M(97M) 14.943ms
[2020-08-10T13:06:48.822+0300][1348.367s][debug][gc] GC(43849) Expanding ParOldGen from 97280K by 11264K to 108544K
[2020-08-10T13:06:48.822+0300][1348.367s][info ][gc] GC(43849) Pause Full (Ergonomics) 95M->95M(108M) 220.203ms
[2020-08-10T13:06:48.856+0300][1348.401s][info ][gc] GC(43850) Pause Young (Allocation Failure) 96M->96M(108M) 33.618ms
[2020-08-10T13:06:48.872+0300][1348.417s][info ][gc] GC(43851) Pause Young (Allocation Failure) 97M->97M(108M) 15.404ms
[2020-08-10T13:06:48.888+0300][1348.433s][info ][gc] GC(43852) Pause Young (Allocation Failure) 98M->98M(107M) 15.221ms
[2020-08-10T13:06:48.902+0300][1348.447s][info ][gc] GC(43853) Pause Young (Allocation Failure) 98M->98M(108M) 13.925ms
[2020-08-10T13:06:48.916+0300][1348.461s][info ][gc] GC(43854) Pause Young (Allocation Failure) 98M->98M(108M) 13.465ms
[2020-08-10T13:06:48.930+0300][1348.475s][info ][gc] GC(43855) Pause Young (Allocation Failure) 99M->99M(108M) 13.501ms
[2020-08-10T13:06:48.944+0300][1348.489s][info ][gc] GC(43856) Pause Young (Allocation Failure) 99M->99M(108M) 13.467ms
[2020-08-10T13:06:48.958+0300][1348.503s][info ][gc] GC(43857) Pause Young (Allocation Failure) 100M->100M(108M) 13.490ms
[2020-08-10T13:06:48.972+0300][1348.517s][info ][gc] GC(43858) Pause Young (Allocation Failure) 100M->100M(108M) 13.493ms
[2020-08-10T13:06:48.986+0300][1348.531s][info ][gc] GC(43859) Pause Young (Allocation Failure) 101M->101M(108M) 13.418ms
[2020-08-10T13:06:49.000+0300][1348.545s][info ][gc] GC(43860) Pause Young (Allocation Failure) 101M->101M(108M) 13.488ms
[2020-08-10T13:06:49.014+0300][1348.558s][info ][gc] GC(43861) Pause Young (Allocation Failure) 102M->102M(108M) 13.421ms
[2020-08-10T13:06:49.028+0300][1348.572s][info ][gc] GC(43862) Pause Young (Allocation Failure) 102M->102M(108M) 13.722ms
[2020-08-10T13:06:49.042+0300][1348.586s][info ][gc] GC(43863) Pause Young (Allocation Failure) 103M->103M(108M) 13.492ms
[2020-08-10T13:06:49.055+0300][1348.600s][info ][gc] GC(43864) Pause Young (Allocation Failure) 103M->103M(108M) 13.407ms
[2020-08-10T13:06:49.069+0300][1348.614s][info ][gc] GC(43865) Pause Young (Allocation Failure) 104M->104M(108M) 13.364ms
[2020-08-10T13:06:49.083+0300][1348.628s][info ][gc] GC(43866) Pause Young (Allocation Failure) 104M->104M(108M) 13.540ms
[2020-08-10T13:06:49.097+0300][1348.641s][info ][gc] GC(43867) Pause Young (Allocation Failure) 104M->104M(108M) 13.297ms
[2020-08-10T13:06:49.111+0300][1348.655s][info ][gc] GC(43868) Pause Young (Allocation Failure) 105M->105M(108M) 13.480ms
[2020-08-10T13:06:49.125+0300][1348.669s][info ][gc] GC(43869) Pause Young (Allocation Failure) 105M->105M(107M) 13.627ms
[2020-08-10T13:06:49.375+0300][1348.920s][debug][gc] GC(43870) Expanding ParOldGen from 108544K by 11264K to 119808K
[2020-08-10T13:06:49.376+0300][1348.920s][info ][gc] GC(43870) Pause Full (Ergonomics) 105M->105M(118M) 250.874ms
[2020-08-10T13:06:49.389+0300][1348.934s][info ][gc] GC(43871) Pause Young (Allocation Failure) 106M->106M(118M) 13.030ms
[2020-08-10T13:06:49.403+0300][1348.948s][info ][gc] GC(43872) Pause Young (Allocation Failure) 106M->106M(118M) 13.116ms
[2020-08-10T13:06:49.417+0300][1348.961s][info ][gc] GC(43873) Pause Young (Allocation Failure) 107M->107M(118M) 13.170ms
[2020-08-10T13:06:49.430+0300][1348.975s][info ][gc] GC(43874) Pause Young (Allocation Failure) 107M->107M(118M) 13.268ms
[2020-08-10T13:06:49.444+0300][1348.989s][info ][gc] GC(43875) Pause Young (Allocation Failure) 108M->107M(118M) 13.194ms
[2020-08-10T13:06:49.458+0300][1349.003s][info ][gc] GC(43876) Pause Young (Allocation Failure) 108M->108M(118M) 13.264ms
[2020-08-10T13:06:49.472+0300][1349.016s][info ][gc] GC(43877) Pause Young (Allocation Failure) 108M->108M(118M) 13.223ms
[2020-08-10T13:06:49.485+0300][1349.030s][info ][gc] GC(43878) Pause Young (Allocation Failure) 109M->109M(118M) 13.204ms
[2020-08-10T13:06:49.499+0300][1349.044s][info ][gc] GC(43879) Pause Young (Allocation Failure) 109M->109M(118M) 13.268ms
[2020-08-10T13:06:49.513+0300][1349.058s][info ][gc] GC(43880) Pause Young (Allocation Failure) 110M->110M(118M) 13.403ms
[2020-08-10T13:06:49.527+0300][1349.072s][info ][gc] GC(43881) Pause Young (Allocation Failure) 110M->110M(118M) 13.328ms
[2020-08-10T13:06:49.541+0300][1349.085s][info ][gc] GC(43882) Pause Young (Allocation Failure) 111M->111M(118M) 13.387ms
[2020-08-10T13:06:49.554+0300][1349.099s][info ][gc] GC(43883) Pause Young (Allocation Failure) 111M->111M(118M) 13.381ms
[2020-08-10T13:06:49.568+0300][1349.113s][info ][gc] GC(43884) Pause Young (Allocation Failure) 112M->112M(118M) 13.381ms
[2020-08-10T13:06:49.588+0300][1349.133s][info ][gc] GC(43885) Pause Young (Allocation Failure) 112M->112M(118M) 19.322ms
[2020-08-10T13:06:49.602+0300][1349.147s][info ][gc] GC(43886) Pause Young (Allocation Failure) 113M->113M(118M) 13.703ms
[2020-08-10T13:06:49.616+0300][1349.161s][info ][gc] GC(43887) Pause Young (Allocation Failure) 113M->113M(118M) 13.857ms
[2020-08-10T13:06:49.630+0300][1349.175s][info ][gc] GC(43888) Pause Young (Allocation Failure) 114M->114M(118M) 13.668ms
[2020-08-10T13:06:49.644+0300][1349.189s][info ][gc] GC(43889) Pause Young (Allocation Failure) 114M->114M(118M) 13.504ms
[2020-08-10T13:06:49.658+0300][1349.203s][info ][gc] GC(43890) Pause Young (Allocation Failure) 114M->114M(118M) 13.564ms
[2020-08-10T13:06:49.672+0300][1349.217s][info ][gc] GC(43891) Pause Young (Allocation Failure) 115M->115M(118M) 13.419ms
[2020-08-10T13:06:49.692+0300][1349.237s][info ][gc] GC(43892) Pause Young (Allocation Failure) 115M->115M(118M) 19.311ms
[2020-08-10T13:06:49.706+0300][1349.251s][info ][gc] GC(43893) Pause Young (Allocation Failure) 116M->116M(118M) 13.824ms
[2020-08-10T13:06:49.720+0300][1349.265s][info ][gc] GC(43894) Pause Young (Allocation Failure) 116M->116M(118M) 13.968ms
[2020-08-10T13:06:49.735+0300][1349.280s][info ][gc] GC(43895) Pause Young (Allocation Failure) 117M->117M(118M) 14.086ms
[2020-08-10T13:06:50.021+0300][1349.565s][debug][gc] GC(43896) Expanding ParOldGen from 119808K by 10752K to 130560K
[2020-08-10T13:06:50.021+0300][1349.565s][info ][gc] GC(43896) Pause Full (Ergonomics) 117M->117M(129M) 285.516ms
[2020-08-10T13:06:50.051+0300][1349.596s][info ][gc] GC(43897) Pause Young (Allocation Failure) 117M->117M(129M) 30.099ms
[2020-08-10T13:06:50.066+0300][1349.611s][info ][gc] GC(43898) Pause Young (Allocation Failure) 118M->117M(129M) 14.657ms
[2020-08-10T13:06:50.081+0300][1349.626s][info ][gc] GC(43899) Pause Young (Allocation Failure) 118M->118M(129M) 14.612ms
[2020-08-10T13:06:50.096+0300][1349.641s][info ][gc] GC(43900) Pause Young (Allocation Failure) 118M->118M(129M) 14.610ms
[2020-08-10T13:06:50.112+0300][1349.656s][info ][gc] GC(43901) Pause Young (Allocation Failure) 119M->119M(129M) 14.625ms
[2020-08-10T13:06:50.127+0300][1349.671s][info ][gc] GC(43902) Pause Young (Allocation Failure) 119M->119M(129M) 14.545ms
[2020-08-10T13:06:50.142+0300][1349.687s][info ][gc] GC(43903) Pause Young (Allocation Failure) 120M->120M(129M) 15.361ms
[2020-08-10T13:06:50.180+0300][1349.725s][info ][gc] GC(43904) Pause Young (Allocation Failure) 120M->120M(129M) 36.953ms
[2020-08-10T13:06:50.195+0300][1349.740s][info ][gc] GC(43905) Pause Young (Allocation Failure) 121M->121M(129M) 14.851ms
[2020-08-10T13:06:50.220+0300][1349.765s][info ][gc] GC(43906) Pause Young (Allocation Failure) 121M->121M(129M) 24.986ms
[2020-08-10T13:06:50.236+0300][1349.781s][info ][gc] GC(43907) Pause Young (Allocation Failure) 122M->122M(129M) 15.433ms
[2020-08-10T13:06:50.251+0300][1349.796s][info ][gc] GC(43908) Pause Young (Allocation Failure) 122M->122M(129M) 14.622ms
[2020-08-10T13:06:50.289+0300][1349.834s][info ][gc] GC(43909) Pause Young (Allocation Failure) 123M->123M(129M) 37.493ms
[2020-08-10T13:06:50.305+0300][1349.850s][info ][gc] GC(43910) Pause Young (Allocation Failure) 123M->123M(129M) 15.115ms
[2020-08-10T13:06:50.320+0300][1349.865s][info ][gc] GC(43911) Pause Young (Allocation Failure) 123M->123M(129M) 14.830ms
[2020-08-10T13:06:50.336+0300][1349.881s][info ][gc] GC(43912) Pause Young (Allocation Failure) 124M->124M(129M) 15.097ms
[2020-08-10T13:06:50.351+0300][1349.896s][info ][gc] GC(43913) Pause Young (Allocation Failure) 124M->124M(129M) 14.790ms
[2020-08-10T13:06:50.384+0300][1349.929s][info ][gc] GC(43914) Pause Young (Allocation Failure) 125M->125M(129M) 32.511ms
[2020-08-10T13:06:50.399+0300][1349.944s][info ][gc] GC(43915) Pause Young (Allocation Failure) 125M->125M(129M) 14.994ms
[2020-08-10T13:06:50.415+0300][1349.959s][info ][gc] GC(43916) Pause Young (Allocation Failure) 126M->126M(129M) 14.986ms
[2020-08-10T13:06:50.430+0300][1349.975s][info ][gc] GC(43917) Pause Young (Allocation Failure) 126M->126M(129M) 15.216ms
[2020-08-10T13:06:50.446+0300][1349.991s][info ][gc] GC(43918) Pause Young (Allocation Failure) 127M->127M(129M) 15.082ms
[2020-08-10T13:06:50.461+0300][1350.006s][info ][gc] GC(43919) Pause Young (Allocation Failure) 127M->127M(129M) 15.166ms
[2020-08-10T13:06:50.477+0300][1350.022s][info ][gc] GC(43920) Pause Young (Allocation Failure) 128M->127M(129M) 15.053ms
[2020-08-10T13:06:50.912+0300][1350.457s][debug][gc] GC(43921) Expanding ParOldGen from 130560K by 10752K to 141312K
[2020-08-10T13:06:50.912+0300][1350.457s][info ][gc] GC(43921) Pause Full (Ergonomics) 127M->127M(139M) 435.069ms
[2020-08-10T13:06:50.944+0300][1350.489s][info ][gc] GC(43922) Pause Young (Allocation Failure) 128M->128M(139M) 31.897ms
[2020-08-10T13:06:50.960+0300][1350.505s][info ][gc] GC(43923) Pause Young (Allocation Failure) 128M->128M(139M) 15.372ms
[2020-08-10T13:06:50.976+0300][1350.520s][info ][gc] GC(43924) Pause Young (Allocation Failure) 129M->129M(139M) 15.165ms
[2020-08-10T13:06:50.991+0300][1350.536s][info ][gc] GC(43925) Pause Young (Allocation Failure) 129M->129M(139M) 15.296ms
[2020-08-10T13:06:51.007+0300][1350.552s][info ][gc] GC(43926) Pause Young (Allocation Failure) 130M->130M(139M) 15.340ms
[2020-08-10T13:06:51.023+0300][1350.568s][info ][gc] GC(43927) Pause Young (Allocation Failure) 130M->130M(139M) 15.564ms
[2020-08-10T13:06:51.039+0300][1350.584s][info ][gc] GC(43928) Pause Young (Allocation Failure) 131M->130M(139M) 15.280ms
[2020-08-10T13:06:51.054+0300][1350.599s][info ][gc] GC(43929) Pause Young (Allocation Failure) 131M->131M(139M) 15.269ms
[2020-08-10T13:06:51.070+0300][1350.615s][info ][gc] GC(43930) Pause Young (Allocation Failure) 131M->131M(139M) 15.367ms
[2020-08-10T13:06:51.086+0300][1350.631s][info ][gc] GC(43931) Pause Young (Allocation Failure) 132M->132M(139M) 15.268ms
[2020-08-10T13:06:51.102+0300][1350.647s][info ][gc] GC(43932) Pause Young (Allocation Failure) 132M->132M(139M) 15.979ms
[2020-08-10T13:06:51.118+0300][1350.663s][info ][gc] GC(43933) Pause Young (Allocation Failure) 133M->133M(139M) 15.426ms
[2020-08-10T13:06:51.134+0300][1350.678s][info ][gc] GC(43934) Pause Young (Allocation Failure) 133M->133M(139M) 15.460ms
[2020-08-10T13:06:51.150+0300][1350.694s][info ][gc] GC(43935) Pause Young (Allocation Failure) 134M->134M(139M) 15.629ms
[2020-08-10T13:06:51.166+0300][1350.710s][info ][gc] GC(43936) Pause Young (Allocation Failure) 134M->134M(139M) 15.590ms
[2020-08-10T13:06:51.182+0300][1350.727s][info ][gc] GC(43937) Pause Young (Allocation Failure) 135M->135M(139M) 15.991ms
[2020-08-10T13:06:51.198+0300][1350.743s][info ][gc] GC(43938) Pause Young (Allocation Failure) 135M->135M(139M) 15.597ms
[2020-08-10T13:06:51.198+0300][1350.743s][debug][gc] Expanding ParOldGen from 141312K by 19968K to 161280K
[2020-08-10T13:06:51.248+0300][1350.793s][info ][gc] GC(43939) Pause Young (Allocation Failure) 155M->154M(159M) 41.700ms
[2020-08-10T13:06:51.263+0300][1350.807s][info ][gc] GC(43940) Pause Young (Allocation Failure) 155M->155M(159M) 13.730ms
[2020-08-10T13:06:51.276+0300][1350.821s][info ][gc] GC(43941) Pause Young (Allocation Failure) 155M->155M(159M) 13.426ms
[2020-08-10T13:06:51.292+0300][1350.837s][info ][gc] GC(43942) Pause Young (Allocation Failure) 156M->156M(159M) 15.096ms
[2020-08-10T13:06:51.306+0300][1350.850s][info ][gc] GC(43943) Pause Young (Allocation Failure) 156M->156M(159M) 13.260ms
[2020-08-10T13:06:51.319+0300][1350.864s][info ][gc] GC(43944) Pause Young (Allocation Failure) 157M->157M(159M) 13.485ms
[2020-08-10T13:06:51.333+0300][1350.878s][info ][gc] GC(43945) Pause Young (Allocation Failure) 157M->157M(159M) 13.304ms
[2020-08-10T13:06:51.371+0300][1350.915s][debug][gc] GC(43946) Shrinking ParOldGen from 161280K by 125952K to 35328K
[2020-08-10T13:06:51.371+0300][1350.916s][info ][gc] GC(43946) Pause Full (Ergonomics) 157M->23M(36M) 37.481ms
[2020-08-10T13:06:51.383+0300][1350.928s][info ][gc] GC(43947) Pause Young (Allocation Failure) 24M->24M(36M) 12.517ms
[2020-08-10T13:06:51.397+0300][1350.941s][info ][gc] GC(43948) Pause Young (Allocation Failure) 24M->24M(36M) 12.814ms
[2020-08-10T13:06:51.410+0300][1350.954s][info ][gc] GC(43949) Pause Young (Allocation Failure) 25M->25M(36M) 12.762ms
[2020-08-10T13:06:51.423+0300][1350.968s][info ][gc] GC(43950) Pause Young (Allocation Failure) 25M->25M(36M) 12.911ms
[2020-08-10T13:06:51.436+0300][1350.981s][info ][gc] GC(43951) Pause Young (Allocation Failure) 26M->26M(36M) 13.076ms
[2020-08-10T13:06:51.450+0300][1350.995s][info ][gc] GC(43952) Pause Young (Allocation Failure) 26M->26M(36M) 12.991ms
[2020-08-10T13:06:51.463+0300][1351.008s][info ][gc] GC(43953) Pause Young (Allocation Failure) 27M->27M(36M) 12.902ms
[2020-08-10T13:06:51.477+0300][1351.021s][info ][gc] GC(43954) Pause Young (Allocation Failure) 27M->27M(36M) 12.927ms
[2020-08-10T13:06:51.490+0300][1351.035s][info ][gc] GC(43955) Pause Young (Allocation Failure) 28M->27M(36M) 12.937ms
[2020-08-10T13:06:51.503+0300][1351.048s][info ][gc] GC(43956) Pause Young (Allocation Failure) 28M->28M(36M) 12.998ms
[2020-08-10T13:06:51.517+0300][1351.062s][info ][gc] GC(43957) Pause Young (Allocation Failure) 28M->28M(36M) 12.879ms
[2020-08-10T13:06:51.530+0300][1351.075s][info ][gc] GC(43958) Pause Young (Allocation Failure) 29M->29M(36M) 13.026ms
[2020-08-10T13:06:51.544+0300][1351.089s][info ][gc] GC(43959) Pause Young (Allocation Failure) 30M->30M(36M) 13.002ms
[2020-08-10T13:06:51.558+0300][1351.102s][info ][gc] GC(43960) Pause Young (Allocation Failure) 31M->31M(36M) 13.196ms
[2020-08-10T13:06:51.571+0300][1351.116s][info ][gc] GC(43961) Pause Young (Allocation Failure) 32M->32M(36M) 13.356ms
[2020-08-10T13:06:51.585+0300][1351.130s][info ][gc] GC(43962) Pause Young (Allocation Failure) 33M->32M(37M) 13.318ms
[2020-08-10T13:06:51.599+0300][1351.144s][info ][gc] GC(43963) Pause Young (Allocation Failure) 33M->33M(37M) 13.141ms
[2020-08-10T13:06:51.613+0300][1351.157s][info ][gc] GC(43964) Pause Young (Allocation Failure) 34M->34M(37M) 13.358ms
[2020-08-10T13:06:51.675+0300][1351.220s][debug][gc] GC(43965) Expanding ParOldGen from 35328K by 11264K to 46592K
[2020-08-10T13:06:51.675+0300][1351.220s][info ][gc] GC(43965) Pause Full (Ergonomics) 34M->34M(48M) 62.670ms
[2020-08-10T13:06:51.693+0300][1351.238s][info ][gc] GC(43966) Pause Young (Allocation Failure) 35M->35M(48M) 17.206ms
[2020-08-10T13:06:51.707+0300][1351.252s][info ][gc] GC(43967) Pause Young (Allocation Failure) 36M->36M(48M) 13.632ms
[2020-08-10T13:06:51.721+0300][1351.266s][info ][gc] GC(43968) Pause Young (Allocation Failure) 37M->37M(48M) 13.355ms
[2020-08-10T13:06:51.735+0300][1351.280s][info ][gc] GC(43969) Pause Young (Allocation Failure) 38M->38M(48M) 13.385ms
[2020-08-10T13:06:51.749+0300][1351.294s][info ][gc] GC(43970) Pause Young (Allocation Failure) 39M->39M(48M) 13.513ms
[2020-08-10T13:06:51.763+0300][1351.308s][info ][gc] GC(43971) Pause Young (Allocation Failure) 40M->40M(48M) 13.464ms
[2020-08-10T13:06:51.778+0300][1351.322s][info ][gc] GC(43972) Pause Young (Allocation Failure) 41M->41M(48M) 13.555ms
[2020-08-10T13:06:51.792+0300][1351.337s][info ][gc] GC(43973) Pause Young (Allocation Failure) 42M->42M(48M) 13.482ms
[2020-08-10T13:06:51.806+0300][1351.350s][info ][gc] GC(43974) Pause Young (Allocation Failure) 43M->43M(48M) 13.458ms
[2020-08-10T13:06:51.820+0300][1351.364s][info ][gc] GC(43975) Pause Young (Allocation Failure) 44M->44M(48M) 13.500ms
[2020-08-10T13:06:51.834+0300][1351.379s][info ][gc] GC(43976) Pause Young (Allocation Failure) 45M->45M(48M) 13.502ms
[2020-08-10T13:06:51.848+0300][1351.393s][info ][gc] GC(43977) Pause Young (Allocation Failure) 46M->45M(48M) 13.418ms
[2020-08-10T13:06:51.940+0300][1351.485s][debug][gc] GC(43978) Expanding ParOldGen from 46592K by 11776K to 58368K
[2020-08-10T13:06:51.940+0300][1351.485s][info ][gc] GC(43978) Pause Full (Ergonomics) 45M->45M(59M) 92.201ms
[2020-08-10T13:06:51.960+0300][1351.505s][info ][gc] GC(43979) Pause Young (Allocation Failure) 46M->46M(59M) 19.263ms
[2020-08-10T13:06:51.974+0300][1351.519s][info ][gc] GC(43980) Pause Young (Allocation Failure) 47M->47M(59M) 13.624ms
[2020-08-10T13:06:51.988+0300][1351.533s][info ][gc] GC(43981) Pause Young (Allocation Failure) 48M->48M(59M) 13.370ms
[2020-08-10T13:06:52.002+0300][1351.547s][info ][gc] GC(43982) Pause Young (Allocation Failure) 49M->49M(59M) 13.550ms
[2020-08-10T13:06:52.016+0300][1351.561s][info ][gc] GC(43983) Pause Young (Allocation Failure) 50M->50M(59M) 13.371ms
[2020-08-10T13:06:52.030+0300][1351.575s][info ][gc] GC(43984) Pause Young (Allocation Failure) 51M->51M(59M) 13.612ms
[2020-08-10T13:06:52.044+0300][1351.589s][info ][gc] GC(43985) Pause Young (Allocation Failure) 52M->52M(59M) 13.494ms
[2020-08-10T13:06:52.058+0300][1351.603s][info ][gc] GC(43986) Pause Young (Allocation Failure) 53M->53M(59M) 13.562ms
[2020-08-10T13:06:52.072+0300][1351.617s][info ][gc] GC(43987) Pause Young (Allocation Failure) 54M->54M(59M) 13.543ms
[2020-08-10T13:06:52.086+0300][1351.631s][info ][gc] GC(43988) Pause Young (Allocation Failure) 55M->55M(59M) 13.536ms
[2020-08-10T13:06:52.100+0300][1351.645s][info ][gc] GC(43989) Pause Young (Allocation Failure) 56M->56M(59M) 13.481ms
[2020-08-10T13:06:52.114+0300][1351.659s][info ][gc] GC(43990) Pause Young (Allocation Failure) 57M->57M(59M) 13.404ms
[2020-08-10T13:06:52.229+0300][1351.773s][debug][gc] GC(43991) Expanding ParOldGen from 58368K by 11776K to 70144K
[2020-08-10T13:06:52.229+0300][1351.774s][info ][gc] GC(43991) Pause Full (Ergonomics) 57M->56M(71M) 114.820ms
[2020-08-10T13:06:52.242+0300][1351.787s][info ][gc] GC(43992) Pause Young (Allocation Failure) 57M->57M(71M) 13.085ms
[2020-08-10T13:06:52.256+0300][1351.801s][info ][gc] GC(43993) Pause Young (Allocation Failure) 58M->58M(71M) 13.531ms
[2020-08-10T13:06:52.270+0300][1351.815s][info ][gc] GC(43994) Pause Young (Allocation Failure) 59M->59M(71M) 13.527ms
[2020-08-10T13:06:52.284+0300][1351.829s][info ][gc] GC(43995) Pause Young (Allocation Failure) 60M->60M(71M) 13.527ms
[2020-08-10T13:06:52.298+0300][1351.843s][info ][gc] GC(43996) Pause Young (Allocation Failure) 61M->61M(71M) 13.458ms
[2020-08-10T13:06:52.312+0300][1351.857s][info ][gc] GC(43997) Pause Young (Allocation Failure) 62M->62M(71M) 13.263ms
[2020-08-10T13:06:52.326+0300][1351.871s][info ][gc] GC(43998) Pause Young (Allocation Failure) 63M->63M(71M) 13.499ms
[2020-08-10T13:06:52.340+0300][1351.885s][info ][gc] GC(43999) Pause Young (Allocation Failure) 64M->64M(71M) 13.579ms
[2020-08-10T13:06:52.354+0300][1351.899s][info ][gc] GC(44000) Pause Young (Allocation Failure) 65M->65M(71M) 13.334ms
[2020-08-10T13:06:52.368+0300][1351.913s][info ][gc] GC(44001) Pause Young (Allocation Failure) 66M->66M(71M) 13.534ms
[2020-08-10T13:06:52.382+0300][1351.927s][info ][gc] GC(44002) Pause Young (Allocation Failure) 67M->67M(71M) 13.460ms
[2020-08-10T13:06:52.396+0300][1351.941s][info ][gc] GC(44003) Pause Young (Allocation Failure) 68M->68M(71M) 13.450ms
[2020-08-10T13:06:52.410+0300][1351.955s][info ][gc] GC(44004) Pause Young (Allocation Failure) 69M->69M(71M) 13.435ms
[2020-08-10T13:06:52.567+0300][1352.112s][debug][gc] GC(44005) Expanding ParOldGen from 70144K by 11264K to 81408K
[2020-08-10T13:06:52.567+0300][1352.112s][info ][gc] GC(44005) Pause Full (Ergonomics) 69M->69M(82M) 157.070ms
[2020-08-10T13:06:52.598+0300][1352.143s][info ][gc] GC(44006) Pause Young (Allocation Failure) 70M->69M(82M) 30.496ms
[2020-08-10T13:06:52.612+0300][1352.157s][info ][gc] GC(44007) Pause Young (Allocation Failure) 70M->70M(82M) 13.942ms
[2020-08-10T13:06:52.627+0300][1352.172s][info ][gc] GC(44008) Pause Young (Allocation Failure) 71M->71M(82M) 13.859ms
[2020-08-10T13:06:52.641+0300][1352.186s][info ][gc] GC(44009) Pause Young (Allocation Failure) 72M->72M(82M) 13.695ms
[2020-08-10T13:06:52.655+0300][1352.200s][info ][gc] GC(44010) Pause Young (Allocation Failure) 73M->73M(82M) 13.726ms
[2020-08-10T13:06:52.685+0300][1352.229s][info ][gc] GC(44011) Pause Young (Allocation Failure) 74M->74M(82M) 28.550ms
[2020-08-10T13:06:52.698+0300][1352.243s][info ][gc] GC(44012) Pause Young (Allocation Failure) 75M->75M(82M) 13.350ms
[2020-08-10T13:06:52.713+0300][1352.257s][info ][gc] GC(44013) Pause Young (Allocation Failure) 76M->76M(82M) 13.576ms
[2020-08-10T13:06:52.727+0300][1352.272s][info ][gc] GC(44014) Pause Young (Allocation Failure) 77M->77M(82M) 13.692ms
[2020-08-10T13:06:52.741+0300][1352.286s][info ][gc] GC(44015) Pause Young (Allocation Failure) 78M->78M(82M) 13.627ms
[2020-08-10T13:06:52.755+0300][1352.300s][info ][gc] GC(44016) Pause Young (Allocation Failure) 79M->79M(82M) 13.845ms
[2020-08-10T13:06:52.934+0300][1352.479s][debug][gc] GC(44017) Expanding ParOldGen from 81408K by 11264K to 92672K
[2020-08-10T13:06:52.935+0300][1352.480s][info ][gc] GC(44017) Pause Full (Ergonomics) 79M->79M(93M) 178.868ms
[2020-08-10T13:06:52.948+0300][1352.493s][info ][gc] GC(44018) Pause Young (Allocation Failure) 80M->80M(93M) 13.090ms
[2020-08-10T13:06:52.963+0300][1352.508s][info ][gc] GC(44019) Pause Young (Allocation Failure) 81M->81M(93M) 14.539ms
[2020-08-10T13:06:52.977+0300][1352.522s][info ][gc] GC(44020) Pause Young (Allocation Failure) 82M->82M(93M) 13.559ms
[2020-08-10T13:06:52.992+0300][1352.537s][info ][gc] GC(44021) Pause Young (Allocation Failure) 83M->83M(93M) 14.069ms
[2020-08-10T13:06:53.006+0300][1352.551s][info ][gc] GC(44022) Pause Young (Allocation Failure) 84M->84M(93M) 13.996ms
[2020-08-10T13:06:53.021+0300][1352.566s][info ][gc] GC(44023) Pause Young (Allocation Failure) 85M->85M(93M) 13.868ms
[2020-08-10T13:06:53.035+0300][1352.580s][info ][gc] GC(44024) Pause Young (Allocation Failure) 86M->86M(93M) 14.098ms
[2020-08-10T13:06:53.050+0300][1352.595s][info ][gc] GC(44025) Pause Young (Allocation Failure) 87M->86M(93M) 14.059ms
[2020-08-10T13:06:53.065+0300][1352.610s][info ][gc] GC(44026) Pause Young (Allocation Failure) 87M->87M(93M) 14.204ms
[2020-08-10T13:06:53.079+0300][1352.624s][info ][gc] GC(44027) Pause Young (Allocation Failure) 88M->88M(93M) 14.135ms
[2020-08-10T13:06:53.094+0300][1352.639s][info ][gc] GC(44028) Pause Young (Allocation Failure) 89M->89M(92M) 14.172ms
[2020-08-10T13:06:53.109+0300][1352.654s][info ][gc] GC(44029) Pause Young (Allocation Failure) 90M->90M(92M) 14.224ms
[2020-08-10T13:06:53.315+0300][1352.860s][debug][gc] GC(44030) Expanding ParOldGen from 92672K by 11264K to 103936K
[2020-08-10T13:06:53.315+0300][1352.860s][info ][gc] GC(44030) Pause Full (Ergonomics) 90M->90M(103M) 206.482ms
[2020-08-10T13:06:53.348+0300][1352.893s][info ][gc] GC(44031) Pause Young (Allocation Failure) 91M->91M(103M) 32.441ms
[2020-08-10T13:06:53.364+0300][1352.909s][info ][gc] GC(44032) Pause Young (Allocation Failure) 92M->92M(103M) 14.762ms
[2020-08-10T13:06:53.379+0300][1352.924s][info ][gc] GC(44033) Pause Young (Allocation Failure) 93M->93M(103M) 14.755ms
[2020-08-10T13:06:53.394+0300][1352.939s][info ][gc] GC(44034) Pause Young (Allocation Failure) 94M->94M(103M) 14.895ms
[2020-08-10T13:06:53.410+0300][1352.954s][info ][gc] GC(44035) Pause Young (Allocation Failure) 95M->95M(103M) 14.998ms
[2020-08-10T13:06:53.425+0300][1352.970s][info ][gc] GC(44036) Pause Young (Allocation Failure) 96M->96M(103M) 14.912ms
[2020-08-10T13:06:53.441+0300][1352.986s][info ][gc] GC(44037) Pause Young (Allocation Failure) 97M->97M(103M) 15.447ms
[2020-08-10T13:06:53.457+0300][1353.002s][info ][gc] GC(44038) Pause Young (Allocation Failure) 98M->98M(103M) 15.408ms
[2020-08-10T13:06:53.473+0300][1353.018s][info ][gc] GC(44039) Pause Young (Allocation Failure) 99M->99M(103M) 15.512ms
[2020-08-10T13:06:53.489+0300][1353.034s][info ][gc] GC(44040) Pause Young (Allocation Failure) 100M->100M(104M) 15.486ms
[2020-08-10T13:06:53.505+0300][1353.050s][info ][gc] GC(44041) Pause Young (Allocation Failure) 101M->101M(103M) 15.667ms
[2020-08-10T13:06:53.521+0300][1353.066s][info ][gc] GC(44042) Pause Young (Allocation Failure) 102M->102M(103M) 15.711ms
[2020-08-10T13:06:53.769+0300][1353.314s][debug][gc] GC(44043) Expanding ParOldGen from 103936K by 11776K to 115712K
[2020-08-10T13:06:53.769+0300][1353.314s][info ][gc] GC(44043) Pause Full (Ergonomics) 102M->101M(115M) 247.976ms
[2020-08-10T13:06:53.805+0300][1353.350s][info ][gc] GC(44044) Pause Young (Allocation Failure) 102M->102M(115M) 35.159ms
[2020-08-10T13:06:53.821+0300][1353.366s][info ][gc] GC(44045) Pause Young (Allocation Failure) 103M->103M(115M) 15.680ms
[2020-08-10T13:06:53.838+0300][1353.383s][info ][gc] GC(44046) Pause Young (Allocation Failure) 104M->104M(115M) 15.829ms
[2020-08-10T13:06:53.854+0300][1353.399s][info ][gc] GC(44047) Pause Young (Allocation Failure) 105M->105M(115M) 16.001ms
[2020-08-10T13:06:53.871+0300][1353.416s][info ][gc] GC(44048) Pause Young (Allocation Failure) 106M->106M(115M) 16.010ms
[2020-08-10T13:06:53.887+0300][1353.432s][info ][gc] GC(44049) Pause Young (Allocation Failure) 107M->107M(115M) 16.241ms
[2020-08-10T13:06:53.904+0300][1353.449s][info ][gc] GC(44050) Pause Young (Allocation Failure) 108M->108M(115M) 15.870ms
[2020-08-10T13:06:53.921+0300][1353.466s][info ][gc] GC(44051) Pause Young (Allocation Failure) 109M->109M(114M) 16.457ms
[2020-08-10T13:06:53.936+0300][1353.481s][info ][gc] GC(44052) Pause Young (Allocation Failure) 110M->110M(115M) 14.713ms
[2020-08-10T13:06:53.950+0300][1353.495s][info ][gc] GC(44053) Pause Young (Allocation Failure) 110M->110M(115M) 13.683ms
[2020-08-10T13:06:53.964+0300][1353.509s][info ][gc] GC(44054) Pause Young (Allocation Failure) 110M->110M(115M) 13.509ms
[2020-08-10T13:06:53.978+0300][1353.523s][info ][gc] GC(44055) Pause Young (Allocation Failure) 111M->111M(115M) 13.648ms
[2020-08-10T13:06:53.992+0300][1353.537s][info ][gc] GC(44056) Pause Young (Allocation Failure) 111M->111M(115M) 13.644ms
[2020-08-10T13:06:54.006+0300][1353.551s][info ][gc] GC(44057) Pause Young (Allocation Failure) 112M->112M(115M) 13.709ms
[2020-08-10T13:06:54.285+0300][1353.830s][debug][gc] GC(44058) Expanding ParOldGen from 115712K by 10752K to 126464K
[2020-08-10T13:06:54.285+0300][1353.830s][info ][gc] GC(44058) Pause Full (Ergonomics) 112M->112M(125M) 278.346ms
[2020-08-10T13:06:54.299+0300][1353.844s][info ][gc] GC(44059) Pause Young (Allocation Failure) 112M->112M(125M) 13.319ms
[2020-08-10T13:06:54.313+0300][1353.858s][info ][gc] GC(44060) Pause Young (Allocation Failure) 113M->113M(125M) 13.944ms
[2020-08-10T13:06:54.328+0300][1353.873s][info ][gc] GC(44061) Pause Young (Allocation Failure) 113M->113M(125M) 14.159ms
[2020-08-10T13:06:54.342+0300][1353.887s][info ][gc] GC(44062) Pause Young (Allocation Failure) 114M->114M(125M) 13.820ms
[2020-08-10T13:06:54.357+0300][1353.902s][info ][gc] GC(44063) Pause Young (Allocation Failure) 114M->114M(125M) 14.266ms
[2020-08-10T13:06:54.371+0300][1353.916s][info ][gc] GC(44064) Pause Young (Allocation Failure) 115M->114M(125M) 14.181ms
[2020-08-10T13:06:54.386+0300][1353.931s][info ][gc] GC(44065) Pause Young (Allocation Failure) 115M->115M(125M) 14.128ms
[2020-08-10T13:06:54.400+0300][1353.945s][info ][gc] GC(44066) Pause Young (Allocation Failure) 115M->115M(125M) 14.012ms
[2020-08-10T13:06:54.415+0300][1353.960s][info ][gc] GC(44067) Pause Young (Allocation Failure) 116M->116M(125M) 13.933ms
[2020-08-10T13:06:54.451+0300][1353.996s][info ][gc] GC(44068) Pause Young (Allocation Failure) 116M->116M(125M) 36.195ms
[2020-08-10T13:06:54.478+0300][1354.023s][info ][gc] GC(44069) Pause Young (Allocation Failure) 117M->117M(124M) 26.644ms
[2020-08-10T13:06:54.493+0300][1354.039s][info ][gc] GC(44070) Pause Young (Allocation Failure) 117M->117M(125M) 14.817ms
[2020-08-10T13:06:54.508+0300][1354.053s][info ][gc] GC(44071) Pause Young (Allocation Failure) 118M->118M(125M) 14.282ms
[2020-08-10T13:06:54.523+0300][1354.068s][info ][gc] GC(44072) Pause Young (Allocation Failure) 118M->118M(125M) 14.109ms
[2020-08-10T13:06:54.557+0300][1354.102s][info ][gc] GC(44073) Pause Young (Allocation Failure) 119M->119M(125M) 33.719ms
[2020-08-10T13:06:54.572+0300][1354.117s][info ][gc] GC(44074) Pause Young (Allocation Failure) 119M->119M(125M) 15.237ms
[2020-08-10T13:06:54.593+0300][1354.138s][info ][gc] GC(44075) Pause Young (Allocation Failure) 120M->120M(125M) 20.287ms
[2020-08-10T13:06:54.608+0300][1354.153s][info ][gc] GC(44076) Pause Young (Allocation Failure) 120M->120M(125M) 14.281ms
[2020-08-10T13:06:54.622+0300][1354.167s][info ][gc] GC(44077) Pause Young (Allocation Failure) 120M->120M(125M) 14.242ms
[2020-08-10T13:06:54.637+0300][1354.182s][info ][gc] GC(44078) Pause Young (Allocation Failure) 121M->121M(125M) 14.406ms
[2020-08-10T13:06:54.652+0300][1354.197s][info ][gc] GC(44079) Pause Young (Allocation Failure) 121M->121M(125M) 14.548ms
[2020-08-10T13:06:54.667+0300][1354.212s][info ][gc] GC(44080) Pause Young (Allocation Failure) 122M->122M(125M) 14.651ms
[2020-08-10T13:06:54.701+0300][1354.246s][info ][gc] GC(44081) Pause Young (Allocation Failure) 122M->122M(125M) 33.457ms
[2020-08-10T13:06:54.716+0300][1354.261s][info ][gc] GC(44082) Pause Young (Allocation Failure) 123M->123M(125M) 15.158ms
[2020-08-10T13:06:54.732+0300][1354.277s][info ][gc] GC(44083) Pause Young (Allocation Failure) 123M->123M(125M) 14.696ms
[2020-08-10T13:06:55.053+0300][1354.597s][debug][gc] GC(44084) Expanding ParOldGen from 126464K by 10752K to 137216K
[2020-08-10T13:06:55.053+0300][1354.597s][info ][gc] GC(44084) Pause Full (Ergonomics) 123M->123M(135M) 320.297ms
[2020-08-10T13:06:55.067+0300][1354.611s][info ][gc] GC(44085) Pause Young (Allocation Failure) 123M->123M(135M) 13.303ms
[2020-08-10T13:06:55.082+0300][1354.626s][info ][gc] GC(44086) Pause Young (Allocation Failure) 124M->124M(135M) 15.163ms
[2020-08-10T13:06:55.098+0300][1354.642s][info ][gc] GC(44087) Pause Young (Allocation Failure) 124M->124M(135M) 14.774ms
[2020-08-10T13:06:55.113+0300][1354.657s][info ][gc] GC(44088) Pause Young (Allocation Failure) 125M->125M(135M) 15.078ms
[2020-08-10T13:06:55.129+0300][1354.673s][info ][gc] GC(44089) Pause Young (Allocation Failure) 125M->125M(135M) 15.119ms
[2020-08-10T13:06:55.144+0300][1354.688s][info ][gc] GC(44090) Pause Young (Allocation Failure) 126M->126M(135M) 14.939ms
[2020-08-10T13:06:55.159+0300][1354.703s][info ][gc] GC(44091) Pause Young (Allocation Failure) 126M->126M(135M) 14.828ms
[2020-08-10T13:06:55.175+0300][1354.719s][info ][gc] GC(44092) Pause Young (Allocation Failure) 127M->127M(135M) 14.847ms
[2020-08-10T13:06:55.190+0300][1354.734s][info ][gc] GC(44093) Pause Young (Allocation Failure) 127M->127M(135M) 14.838ms
[2020-08-10T13:06:55.205+0300][1354.749s][info ][gc] GC(44094) Pause Young (Allocation Failure) 128M->128M(135M) 14.916ms
[2020-08-10T13:06:55.221+0300][1354.765s][info ][gc] GC(44095) Pause Young (Allocation Failure) 128M->128M(135M) 14.908ms
[2020-08-10T13:06:55.236+0300][1354.780s][info ][gc] GC(44096) Pause Young (Allocation Failure) 129M->128M(135M) 15.013ms
[2020-08-10T13:06:55.252+0300][1354.796s][info ][gc] GC(44097) Pause Young (Allocation Failure) 129M->129M(135M) 15.287ms
[2020-08-10T13:06:55.267+0300][1354.812s][info ][gc] GC(44098) Pause Young (Allocation Failure) 129M->129M(135M) 15.201ms
[2020-08-10T13:06:55.283+0300][1354.827s][info ][gc] GC(44099) Pause Young (Allocation Failure) 130M->130M(135M) 14.992ms
[2020-08-10T13:06:55.298+0300][1354.842s][info ][gc] GC(44100) Pause Young (Allocation Failure) 130M->130M(135M) 15.223ms
[2020-08-10T13:06:55.314+0300][1354.858s][info ][gc] GC(44101) Pause Young (Allocation Failure) 131M->131M(135M) 15.222ms
[2020-08-10T13:06:55.330+0300][1354.874s][info ][gc] GC(44102) Pause Young (Allocation Failure) 131M->131M(135M) 15.045ms
[2020-08-10T13:06:55.345+0300][1354.889s][info ][gc] GC(44103) Pause Young (Allocation Failure) 132M->132M(135M) 14.957ms
[2020-08-10T13:06:55.360+0300][1354.904s][info ][gc] GC(44104) Pause Young (Allocation Failure) 132M->132M(135M) 15.106ms
[2020-08-10T13:06:55.376+0300][1354.920s][info ][gc] GC(44105) Pause Young (Allocation Failure) 133M->133M(135M) 15.335ms
[2020-08-10T13:06:55.392+0300][1354.936s][info ][gc] GC(44106) Pause Young (Allocation Failure) 133M->133M(135M) 15.200ms
[2020-08-10T13:06:55.407+0300][1354.951s][info ][gc] GC(44107) Pause Young (Allocation Failure) 134M->134M(135M) 15.221ms
[2020-08-10T13:06:55.757+0300][1355.301s][debug][gc] GC(44108) Expanding ParOldGen from 137216K by 10752K to 147968K
[2020-08-10T13:06:55.757+0300][1355.301s][info ][gc] GC(44108) Pause Full (Ergonomics) 134M->133M(146M) 349.421ms
[2020-08-10T13:06:55.771+0300][1355.315s][info ][gc] GC(44109) Pause Young (Allocation Failure) 134M->134M(146M) 14.088ms
[2020-08-10T13:06:55.787+0300][1355.331s][info ][gc] GC(44110) Pause Young (Allocation Failure) 134M->134M(146M) 15.129ms
[2020-08-10T13:06:55.802+0300][1355.347s][info ][gc] GC(44111) Pause Young (Allocation Failure) 135M->135M(146M) 15.409ms
[2020-08-10T13:06:55.818+0300][1355.362s][info ][gc] GC(44112) Pause Young (Allocation Failure) 135M->135M(146M) 15.518ms
[2020-08-10T13:06:55.819+0300][1355.363s][debug][gc] Expanding ParOldGen from 147968K by 19968K to 167936K
[2020-08-10T13:06:55.841+0300][1355.385s][info ][gc] GC(44113) Pause Young (Allocation Failure) 155M->154M(165M) 14.252ms
[2020-08-10T13:06:55.854+0300][1355.398s][info ][gc] GC(44114) Pause Young (Allocation Failure) 155M->155M(165M) 13.052ms
[2020-08-10T13:06:55.868+0300][1355.412s][info ][gc] GC(44115) Pause Young (Allocation Failure) 155M->155M(165M) 13.094ms
[2020-08-10T13:06:55.881+0300][1355.426s][info ][gc] GC(44116) Pause Young (Allocation Failure) 156M->156M(165M) 13.288ms
[2020-08-10T13:06:55.895+0300][1355.439s][info ][gc] GC(44117) Pause Young (Allocation Failure) 156M->156M(165M) 13.307ms
[2020-08-10T13:06:55.909+0300][1355.453s][info ][gc] GC(44118) Pause Young (Allocation Failure) 157M->156M(165M) 13.233ms
[2020-08-10T13:06:55.923+0300][1355.467s][info ][gc] GC(44119) Pause Young (Allocation Failure) 157M->157M(165M) 13.273ms
[2020-08-10T13:06:55.936+0300][1355.480s][info ][gc] GC(44120) Pause Young (Allocation Failure) 157M->157M(165M) 13.236ms
[2020-08-10T13:06:55.950+0300][1355.494s][info ][gc] GC(44121) Pause Young (Allocation Failure) 158M->158M(165M) 13.220ms
[2020-08-10T13:06:55.964+0300][1355.508s][info ][gc] GC(44122) Pause Young (Allocation Failure) 158M->158M(165M) 13.799ms
[2020-08-10T13:06:55.978+0300][1355.522s][info ][gc] GC(44123) Pause Young (Allocation Failure) 159M->159M(165M) 13.220ms
[2020-08-10T13:06:55.991+0300][1355.536s][info ][gc] GC(44124) Pause Young (Allocation Failure) 159M->159M(165M) 13.220ms
[2020-08-10T13:06:56.005+0300][1355.549s][info ][gc] GC(44125) Pause Young (Allocation Failure) 160M->160M(165M) 13.193ms
[2020-08-10T13:06:56.019+0300][1355.563s][info ][gc] GC(44126) Pause Young (Allocation Failure) 160M->160M(165M) 13.205ms
[2020-08-10T13:06:56.032+0300][1355.576s][info ][gc] GC(44127) Pause Young (Allocation Failure) 161M->161M(165M) 13.265ms
[2020-08-10T13:06:56.046+0300][1355.590s][info ][gc] GC(44128) Pause Young (Allocation Failure) 161M->161M(165M) 13.169ms
[2020-08-10T13:06:56.060+0300][1355.604s][info ][gc] GC(44129) Pause Young (Allocation Failure) 162M->162M(165M) 13.556ms
[2020-08-10T13:06:56.074+0300][1355.618s][info ][gc] GC(44130) Pause Young (Allocation Failure) 163M->162M(165M) 13.539ms
[2020-08-10T13:06:56.088+0300][1355.632s][info ][gc] GC(44131) Pause Young (Allocation Failure) 163M->163M(166M) 13.507ms
[2020-08-10T13:06:56.102+0300][1355.646s][info ][gc] GC(44132) Pause Young (Allocation Failure) 164M->164M(166M) 13.755ms
[2020-08-10T13:06:56.185+0300][1355.729s][debug][gc] GC(44133) Shrinking ParOldGen from 167936K by 124928K to 43008K
[2020-08-10T13:06:56.185+0300][1355.729s][info ][gc] GC(44133) Pause Full (Ergonomics) 164M->31M(44M) 82.159ms
[2020-08-10T13:06:56.198+0300][1355.742s][info ][gc] GC(44134) Pause Young (Allocation Failure) 32M->32M(44M) 12.927ms
[2020-08-10T13:06:56.212+0300][1355.756s][info ][gc] GC(44135) Pause Young (Allocation Failure) 33M->32M(44M) 13.241ms
[2020-08-10T13:06:56.226+0300][1355.770s][info ][gc] GC(44136) Pause Young (Allocation Failure) 33M->33M(44M) 13.432ms
[2020-08-10T13:06:56.239+0300][1355.784s][info ][gc] GC(44137) Pause Young (Allocation Failure) 34M->34M(44M) 13.486ms
[2020-08-10T13:06:56.254+0300][1355.798s][info ][gc] GC(44138) Pause Young (Allocation Failure) 35M->35M(44M) 13.525ms
[2020-08-10T13:06:56.267+0300][1355.812s][info ][gc] GC(44139) Pause Young (Allocation Failure) 36M->36M(44M) 13.352ms
[2020-08-10T13:06:56.281+0300][1355.826s][info ][gc] GC(44140) Pause Young (Allocation Failure) 37M->37M(44M) 13.474ms
[2020-08-10T13:06:56.296+0300][1355.840s][info ][gc] GC(44141) Pause Young (Allocation Failure) 38M->38M(44M) 13.473ms
[2020-08-10T13:06:56.309+0300][1355.854s][info ][gc] GC(44142) Pause Young (Allocation Failure) 39M->39M(44M) 13.442ms
[2020-08-10T13:06:56.324+0300][1355.868s][info ][gc] GC(44143) Pause Young (Allocation Failure) 40M->40M(44M) 13.546ms
[2020-08-10T13:06:56.338+0300][1355.882s][info ][gc] GC(44144) Pause Young (Allocation Failure) 41M->41M(44M) 13.594ms
[2020-08-10T13:06:56.352+0300][1355.896s][info ][gc] GC(44145) Pause Young (Allocation Failure) 42M->42M(44M) 13.465ms
[2020-08-10T13:06:56.431+0300][1355.975s][debug][gc] GC(44146) Expanding ParOldGen from 43008K by 11776K to 54784K
[2020-08-10T13:06:56.431+0300][1355.976s][info ][gc] GC(44146) Pause Full (Ergonomics) 42M->42M(56M) 79.652ms
[2020-08-10T13:06:56.450+0300][1355.994s][info ][gc] GC(44147) Pause Young (Allocation Failure) 43M->43M(56M) 18.420ms
[2020-08-10T13:06:56.465+0300][1356.009s][info ][gc] GC(44148) Pause Young (Allocation Failure) 44M->44M(56M) 13.680ms
[2020-08-10T13:06:56.479+0300][1356.023s][info ][gc] GC(44149) Pause Young (Allocation Failure) 45M->45M(56M) 13.561ms
[2020-08-10T13:06:56.493+0300][1356.037s][info ][gc] GC(44150) Pause Young (Allocation Failure) 46M->46M(56M) 13.442ms
[2020-08-10T13:06:56.507+0300][1356.051s][info ][gc] GC(44151) Pause Young (Allocation Failure) 47M->47M(56M) 13.474ms
[2020-08-10T13:06:56.521+0300][1356.065s][info ][gc] GC(44152) Pause Young (Allocation Failure) 48M->47M(56M) 13.613ms
[2020-08-10T13:06:56.535+0300][1356.079s][info ][gc] GC(44153) Pause Young (Allocation Failure) 48M->48M(56M) 13.516ms
[2020-08-10T13:06:56.549+0300][1356.093s][info ][gc] GC(44154) Pause Young (Allocation Failure) 49M->49M(56M) 13.474ms
[2020-08-10T13:06:56.563+0300][1356.107s][info ][gc] GC(44155) Pause Young (Allocation Failure) 50M->50M(56M) 13.562ms
[2020-08-10T13:06:56.577+0300][1356.121s][info ][gc] GC(44156) Pause Young (Allocation Failure) 51M->51M(56M) 13.572ms
[2020-08-10T13:06:56.591+0300][1356.135s][info ][gc] GC(44157) Pause Young (Allocation Failure) 52M->52M(56M) 13.718ms
[2020-08-10T13:06:56.605+0300][1356.149s][info ][gc] GC(44158) Pause Young (Allocation Failure) 53M->53M(56M) 13.648ms
[2020-08-10T13:06:56.718+0300][1356.262s][debug][gc] GC(44159) Expanding ParOldGen from 54784K by 11264K to 66048K
[2020-08-10T13:06:56.718+0300][1356.262s][info ][gc] GC(44159) Pause Full (Ergonomics) 53M->53M(67M) 112.662ms
[2020-08-10T13:06:56.740+0300][1356.284s][info ][gc] GC(44160) Pause Young (Allocation Failure) 54M->54M(67M) 21.091ms
[2020-08-10T13:06:56.754+0300][1356.298s][info ][gc] GC(44161) Pause Young (Allocation Failure) 55M->55M(67M) 13.853ms
[2020-08-10T13:06:56.768+0300][1356.312s][info ][gc] GC(44162) Pause Young (Allocation Failure) 56M->56M(67M) 13.553ms
[2020-08-10T13:06:56.782+0300][1356.326s][info ][gc] GC(44163) Pause Young (Allocation Failure) 57M->57M(67M) 13.509ms
[2020-08-10T13:06:56.796+0300][1356.340s][info ][gc] GC(44164) Pause Young (Allocation Failure) 58M->58M(67M) 13.761ms
[2020-08-10T13:06:56.810+0300][1356.355s][info ][gc] GC(44165) Pause Young (Allocation Failure) 59M->59M(67M) 13.746ms
[2020-08-10T13:06:56.825+0300][1356.369s][info ][gc] GC(44166) Pause Young (Allocation Failure) 60M->60M(67M) 13.789ms
[2020-08-10T13:06:56.839+0300][1356.383s][info ][gc] GC(44167) Pause Young (Allocation Failure) 61M->61M(67M) 13.611ms
[2020-08-10T13:06:56.853+0300][1356.398s][info ][gc] GC(44168) Pause Young (Allocation Failure) 62M->62M(67M) 13.704ms
[2020-08-10T13:06:56.868+0300][1356.412s][info ][gc] GC(44169) Pause Young (Allocation Failure) 63M->63M(67M) 13.762ms
[2020-08-10T13:06:56.882+0300][1356.426s][info ][gc] GC(44170) Pause Young (Allocation Failure) 64M->64M(67M) 13.652ms
[2020-08-10T13:06:56.896+0300][1356.440s][info ][gc] GC(44171) Pause Young (Allocation Failure) 65M->64M(67M) 13.483ms
[2020-08-10T13:06:57.048+0300][1356.592s][debug][gc] GC(44172) Expanding ParOldGen from 66048K by 11776K to 77824K
[2020-08-10T13:06:57.048+0300][1356.593s][info ][gc] GC(44172) Pause Full (Ergonomics) 64M->64M(78M) 152.431ms
[2020-08-10T13:06:57.075+0300][1356.619s][info ][gc] GC(44173) Pause Young (Allocation Failure) 65M->65M(78M) 26.162ms
[2020-08-10T13:06:57.089+0300][1356.633s][info ][gc] GC(44174) Pause Young (Allocation Failure) 66M->66M(78M) 13.668ms
[2020-08-10T13:06:57.104+0300][1356.648s][info ][gc] GC(44175) Pause Young (Allocation Failure) 67M->67M(78M) 13.754ms
[2020-08-10T13:06:57.118+0300][1356.662s][info ][gc] GC(44176) Pause Young (Allocation Failure) 68M->68M(78M) 13.703ms
[2020-08-10T13:06:57.132+0300][1356.676s][info ][gc] GC(44177) Pause Young (Allocation Failure) 69M->69M(78M) 13.806ms
[2020-08-10T13:06:57.146+0300][1356.691s][info ][gc] GC(44178) Pause Young (Allocation Failure) 70M->70M(78M) 13.637ms
[2020-08-10T13:06:57.161+0300][1356.705s][info ][gc] GC(44179) Pause Young (Allocation Failure) 71M->71M(78M) 13.797ms
[2020-08-10T13:06:57.175+0300][1356.719s][info ][gc] GC(44180) Pause Young (Allocation Failure) 72M->72M(78M) 13.883ms
[2020-08-10T13:06:57.189+0300][1356.733s][info ][gc] GC(44181) Pause Young (Allocation Failure) 73M->73M(78M) 13.537ms
[2020-08-10T13:06:57.203+0300][1356.747s][info ][gc] GC(44182) Pause Young (Allocation Failure) 74M->74M(78M) 13.576ms
[2020-08-10T13:06:57.217+0300][1356.761s][info ][gc] GC(44183) Pause Young (Allocation Failure) 75M->75M(78M) 13.669ms
[2020-08-10T13:06:57.231+0300][1356.775s][info ][gc] GC(44184) Pause Young (Allocation Failure) 76M->76M(78M) 13.725ms
[2020-08-10T13:06:57.403+0300][1356.947s][debug][gc] GC(44185) Expanding ParOldGen from 77824K by 11264K to 89088K
[2020-08-10T13:06:57.403+0300][1356.948s][info ][gc] GC(44185) Pause Full (Ergonomics) 76M->76M(89M) 172.028ms
[2020-08-10T13:06:57.434+0300][1356.978s][info ][gc] GC(44186) Pause Young (Allocation Failure) 77M->77M(89M) 29.745ms
[2020-08-10T13:06:57.448+0300][1356.992s][info ][gc] GC(44187) Pause Young (Allocation Failure) 78M->78M(89M) 13.582ms
[2020-08-10T13:06:57.462+0300][1357.006s][info ][gc] GC(44188) Pause Young (Allocation Failure) 79M->79M(89M) 13.627ms
[2020-08-10T13:06:57.477+0300][1357.021s][info ][gc] GC(44189) Pause Young (Allocation Failure) 80M->79M(89M) 13.806ms
[2020-08-10T13:06:57.491+0300][1357.035s][info ][gc] GC(44190) Pause Young (Allocation Failure) 80M->80M(89M) 13.921ms
[2020-08-10T13:06:57.506+0300][1357.050s][info ][gc] GC(44191) Pause Young (Allocation Failure) 81M->81M(89M) 13.901ms
[2020-08-10T13:06:57.520+0300][1357.064s][info ][gc] GC(44192) Pause Young (Allocation Failure) 82M->82M(89M) 13.979ms
[2020-08-10T13:06:57.535+0300][1357.079s][info ][gc] GC(44193) Pause Young (Allocation Failure) 83M->83M(89M) 14.054ms
[2020-08-10T13:06:57.550+0300][1357.094s][info ][gc] GC(44194) Pause Young (Allocation Failure) 84M->84M(89M) 14.045ms
[2020-08-10T13:06:57.565+0300][1357.109s][info ][gc] GC(44195) Pause Young (Allocation Failure) 85M->85M(89M) 14.414ms
[2020-08-10T13:06:57.580+0300][1357.124s][info ][gc] GC(44196) Pause Young (Allocation Failure) 86M->86M(89M) 15.065ms
[2020-08-10T13:06:57.598+0300][1357.142s][info ][gc] GC(44197) Pause Young (Allocation Failure) 87M->87M(89M) 17.393ms
[2020-08-10T13:06:57.810+0300][1357.354s][debug][gc] GC(44198) Expanding ParOldGen from 89088K by 11776K to 100864K
[2020-08-10T13:06:57.810+0300][1357.354s][info ][gc] GC(44198) Pause Full (Ergonomics) 87M->87M(101M) 211.899ms
[2020-08-10T13:06:57.842+0300][1357.386s][info ][gc] GC(44199) Pause Young (Allocation Failure) 88M->88M(101M) 31.733ms
[2020-08-10T13:06:57.857+0300][1357.401s][info ][gc] GC(44200) Pause Young (Allocation Failure) 89M->89M(101M) 14.323ms
[2020-08-10T13:06:57.872+0300][1357.416s][info ][gc] GC(44201) Pause Young (Allocation Failure) 90M->90M(101M) 14.594ms
[2020-08-10T13:06:57.887+0300][1357.431s][info ][gc] GC(44202) Pause Young (Allocation Failure) 91M->91M(101M) 14.572ms
[2020-08-10T13:06:57.903+0300][1357.447s][info ][gc] GC(44203) Pause Young (Allocation Failure) 92M->92M(101M) 14.905ms
[2020-08-10T13:06:57.918+0300][1357.462s][info ][gc] GC(44204) Pause Young (Allocation Failure) 93M->93M(101M) 14.686ms
[2020-08-10T13:06:57.933+0300][1357.477s][info ][gc] GC(44205) Pause Young (Allocation Failure) 94M->94M(101M) 14.844ms
[2020-08-10T13:06:57.949+0300][1357.493s][info ][gc] GC(44206) Pause Young (Allocation Failure) 95M->95M(101M) 14.849ms
[2020-08-10T13:06:57.964+0300][1357.508s][info ][gc] GC(44207) Pause Young (Allocation Failure) 96M->96M(101M) 14.986ms
[2020-08-10T13:06:57.979+0300][1357.524s][info ][gc] GC(44208) Pause Young (Allocation Failure) 97M->96M(101M) 15.082ms
[2020-08-10T13:06:57.995+0300][1357.539s][info ][gc] GC(44209) Pause Young (Allocation Failure) 97M->97M(101M) 15.264ms
[2020-08-10T13:06:58.011+0300][1357.555s][info ][gc] GC(44210) Pause Young (Allocation Failure) 98M->98M(101M) 15.084ms
[2020-08-10T13:06:58.281+0300][1357.825s][debug][gc] GC(44211) Expanding ParOldGen from 100864K by 11264K to 112128K
[2020-08-10T13:06:58.281+0300][1357.825s][info ][gc] GC(44211) Pause Full (Ergonomics) 98M->98M(112M) 270.121ms
[2020-08-10T13:06:58.317+0300][1357.861s][info ][gc] GC(44212) Pause Young (Allocation Failure) 99M->99M(112M) 35.611ms
[2020-08-10T13:06:58.334+0300][1357.878s][info ][gc] GC(44213) Pause Young (Allocation Failure) 100M->100M(112M) 16.212ms
[2020-08-10T13:06:58.350+0300][1357.895s][info ][gc] GC(44214) Pause Young (Allocation Failure) 101M->101M(112M) 16.025ms
[2020-08-10T13:06:58.367+0300][1357.911s][info ][gc] GC(44215) Pause Young (Allocation Failure) 102M->102M(112M) 15.925ms
[2020-08-10T13:06:58.384+0300][1357.928s][info ][gc] GC(44216) Pause Young (Allocation Failure) 103M->103M(112M) 16.138ms
[2020-08-10T13:06:58.400+0300][1357.945s][info ][gc] GC(44217) Pause Young (Allocation Failure) 104M->104M(112M) 16.249ms
[2020-08-10T13:06:58.417+0300][1357.961s][info ][gc] GC(44218) Pause Young (Allocation Failure) 105M->105M(112M) 16.189ms
[2020-08-10T13:06:58.434+0300][1357.978s][info ][gc] GC(44219) Pause Young (Allocation Failure) 106M->106M(112M) 16.309ms
[2020-08-10T13:06:58.451+0300][1357.995s][info ][gc] GC(44220) Pause Young (Allocation Failure) 107M->107M(112M) 16.628ms
[2020-08-10T13:06:58.468+0300][1358.012s][info ][gc] GC(44221) Pause Young (Allocation Failure) 108M->108M(112M) 16.868ms
[2020-08-10T13:06:58.486+0300][1358.030s][info ][gc] GC(44222) Pause Young (Allocation Failure) 109M->109M(112M) 16.894ms
[2020-08-10T13:06:58.503+0300][1358.047s][info ][gc] GC(44223) Pause Young (Allocation Failure) 110M->110M(112M) 17.102ms
[2020-08-10T13:06:58.873+0300][1358.417s][debug][gc] GC(44224) Expanding ParOldGen from 112128K by 11264K to 123392K
[2020-08-10T13:06:58.873+0300][1358.417s][info ][gc] GC(44224) Pause Full (Ergonomics) 110M->109M(123M) 369.286ms
[2020-08-10T13:06:58.913+0300][1358.457s][info ][gc] GC(44225) Pause Young (Allocation Failure) 110M->110M(123M) 39.411ms
[2020-08-10T13:06:58.931+0300][1358.475s][info ][gc] GC(44226) Pause Young (Allocation Failure) 111M->111M(123M) 17.311ms
[2020-08-10T13:06:58.949+0300][1358.493s][info ][gc] GC(44227) Pause Young (Allocation Failure) 112M->112M(123M) 17.431ms
[2020-08-10T13:06:58.967+0300][1358.511s][info ][gc] GC(44228) Pause Young (Allocation Failure) 113M->113M(123M) 17.444ms
[2020-08-10T13:06:58.985+0300][1358.529s][info ][gc] GC(44229) Pause Young (Allocation Failure) 114M->114M(123M) 17.563ms
[2020-08-10T13:06:59.003+0300][1358.547s][info ][gc] GC(44230) Pause Young (Allocation Failure) 115M->115M(123M) 17.420ms
[2020-08-10T13:06:59.021+0300][1358.565s][info ][gc] GC(44231) Pause Young (Allocation Failure) 116M->116M(123M) 17.416ms
[2020-08-10T13:06:59.039+0300][1358.583s][info ][gc] GC(44232) Pause Young (Allocation Failure) 117M->117M(122M) 17.713ms
[2020-08-10T13:06:59.058+0300][1358.602s][info ][gc] GC(44233) Pause Young (Allocation Failure) 118M->118M(122M) 17.812ms
[2020-08-10T13:06:59.076+0300][1358.620s][info ][gc] GC(44234) Pause Young (Allocation Failure) 119M->119M(122M) 17.849ms
[2020-08-10T13:06:59.093+0300][1358.637s][info ][gc] GC(44235) Pause Young (Allocation Failure) 120M->120M(123M) 16.590ms
[2020-08-10T13:06:59.391+0300][1358.936s][debug][gc] GC(44236) Expanding ParOldGen from 123392K by 11776K to 135168K
[2020-08-10T13:06:59.392+0300][1358.936s][info ][gc] GC(44236) Pause Full (Ergonomics) 120M->120M(134M) 298.226ms
[2020-08-10T13:06:59.407+0300][1358.952s][info ][gc] GC(44237) Pause Young (Allocation Failure) 121M->121M(134M) 15.168ms
[2020-08-10T13:06:59.426+0300][1358.970s][info ][gc] GC(44238) Pause Young (Allocation Failure) 122M->122M(134M) 18.027ms
[2020-08-10T13:06:59.445+0300][1358.989s][info ][gc] GC(44239) Pause Young (Allocation Failure) 123M->123M(134M) 18.349ms
[2020-08-10T13:06:59.492+0300][1359.037s][info ][gc] GC(44240) Pause Young (Allocation Failure) 124M->124M(134M) 46.813ms
[2020-08-10T13:06:59.512+0300][1359.056s][info ][gc] GC(44241) Pause Young (Allocation Failure) 125M->125M(134M) 18.810ms
[2020-08-10T13:06:59.530+0300][1359.075s][info ][gc] GC(44242) Pause Young (Allocation Failure) 126M->126M(134M) 17.871ms
[2020-08-10T13:06:59.549+0300][1359.093s][info ][gc] GC(44243) Pause Young (Allocation Failure) 127M->126M(134M) 18.310ms
[2020-08-10T13:06:59.568+0300][1359.112s][info ][gc] GC(44244) Pause Young (Allocation Failure) 127M->127M(134M) 18.484ms
[2020-08-10T13:06:59.621+0300][1359.166s][info ][gc] GC(44245) Pause Young (Allocation Failure) 128M->128M(134M) 52.754ms
[2020-08-10T13:06:59.641+0300][1359.185s][info ][gc] GC(44246) Pause Young (Allocation Failure) 129M->129M(134M) 18.866ms
[2020-08-10T13:06:59.659+0300][1359.204s][info ][gc] GC(44247) Pause Young (Allocation Failure) 130M->130M(134M) 18.012ms
[2020-08-10T13:06:59.678+0300][1359.223s][info ][gc] GC(44248) Pause Young (Allocation Failure) 131M->131M(134M) 18.601ms
[2020-08-10T13:06:59.698+0300][1359.242s][info ][gc] GC(44249) Pause Young (Allocation Failure) 132M->132M(134M) 18.690ms
[2020-08-10T13:07:00.056+0300][1359.600s][debug][gc] GC(44250) Expanding ParOldGen from 135168K by 11264K to 146432K
[2020-08-10T13:07:00.056+0300][1359.600s][info ][gc] GC(44250) Pause Full (Ergonomics) 132M->132M(145M) 358.075ms
[2020-08-10T13:07:00.092+0300][1359.636s][info ][gc] GC(44251) Pause Young (Allocation Failure) 133M->133M(145M) 35.634ms
[2020-08-10T13:07:00.112+0300][1359.656s][info ][gc] GC(44252) Pause Young (Allocation Failure) 134M->134M(145M) 19.025ms
[2020-08-10T13:07:00.132+0300][1359.676s][info ][gc] GC(44253) Pause Young (Allocation Failure) 135M->135M(145M) 19.460ms
[2020-08-10T13:07:00.132+0300][1359.676s][debug][gc] Expanding ParOldGen from 146432K by 19968K to 166400K
[2020-08-10T13:07:00.157+0300][1359.702s][info ][gc] GC(44254) Pause Young (Allocation Failure) 155M->155M(165M) 17.264ms
[2020-08-10T13:07:00.172+0300][1359.716s][info ][gc] GC(44255) Pause Young (Allocation Failure) 156M->156M(165M) 14.215ms
[2020-08-10T13:07:00.187+0300][1359.731s][info ][gc] GC(44256) Pause Young (Allocation Failure) 157M->157M(165M) 14.123ms
[2020-08-10T13:07:00.202+0300][1359.746s][info ][gc] GC(44257) Pause Young (Allocation Failure) 158M->158M(165M) 14.435ms
[2020-08-10T13:07:00.216+0300][1359.761s][info ][gc] GC(44258) Pause Young (Allocation Failure) 159M->159M(165M) 14.152ms
[2020-08-10T13:07:00.231+0300][1359.775s][info ][gc] GC(44259) Pause Young (Allocation Failure) 160M->160M(165M) 14.198ms
[2020-08-10T13:07:00.246+0300][1359.790s][info ][gc] GC(44260) Pause Young (Allocation Failure) 161M->161M(165M) 14.258ms
[2020-08-10T13:07:00.261+0300][1359.805s][info ][gc] GC(44261) Pause Young (Allocation Failure) 162M->162M(165M) 14.396ms
[2020-08-10T13:07:00.275+0300][1359.820s][info ][gc] GC(44262) Pause Young (Allocation Failure) 163M->163M(165M) 14.156ms
[2020-08-10T13:07:00.350+0300][1359.895s][debug][gc] GC(44263) Shrinking ParOldGen from 166400K by 124928K to 41472K
[2020-08-10T13:07:00.351+0300][1359.895s][info ][gc] GC(44263) Pause Full (Ergonomics) 163M->29M(43M) 74.864ms
[2020-08-10T13:07:00.364+0300][1359.908s][info ][gc] GC(44264) Pause Young (Allocation Failure) 30M->30M(43M) 13.273ms
[2020-08-10T13:07:00.378+0300][1359.923s][info ][gc] GC(44265) Pause Young (Allocation Failure) 31M->31M(43M) 13.878ms
[2020-08-10T13:07:00.393+0300][1359.937s][info ][gc] GC(44266) Pause Young (Allocation Failure) 32M->32M(43M) 13.964ms
[2020-08-10T13:07:00.407+0300][1359.951s][info ][gc] GC(44267) Pause Young (Allocation Failure) 33M->33M(43M) 13.691ms
[2020-08-10T13:07:00.421+0300][1359.965s][info ][gc] GC(44268) Pause Young (Allocation Failure) 34M->34M(43M) 13.888ms
[2020-08-10T13:07:00.435+0300][1359.980s][info ][gc] GC(44269) Pause Young (Allocation Failure) 35M->35M(43M) 13.793ms
[2020-08-10T13:07:00.450+0300][1359.994s][info ][gc] GC(44270) Pause Young (Allocation Failure) 36M->36M(43M) 14.073ms
[2020-08-10T13:07:00.465+0300][1360.009s][info ][gc] GC(44271) Pause Young (Allocation Failure) 37M->37M(43M) 13.814ms
[2020-08-10T13:07:00.479+0300][1360.023s][info ][gc] GC(44272) Pause Young (Allocation Failure) 38M->37M(43M) 13.948ms
[2020-08-10T13:07:00.494+0300][1360.038s][info ][gc] GC(44273) Pause Young (Allocation Failure) 38M->38M(43M) 13.970ms
[2020-08-10T13:07:00.508+0300][1360.052s][info ][gc] GC(44274) Pause Young (Allocation Failure) 39M->39M(43M) 13.869ms
[2020-08-10T13:07:00.523+0300][1360.067s][info ][gc] GC(44275) Pause Young (Allocation Failure) 40M->40M(43M) 14.050ms
[2020-08-10T13:07:00.616+0300][1360.161s][debug][gc] GC(44276) Expanding ParOldGen from 41472K by 11264K to 52736K
[2020-08-10T13:07:00.617+0300][1360.161s][info ][gc] GC(44276) Pause Full (Ergonomics) 40M->40M(54M) 93.661ms
[2020-08-10T13:07:00.636+0300][1360.180s][info ][gc] GC(44277) Pause Young (Allocation Failure) 41M->41M(54M) 18.561ms
[2020-08-10T13:07:00.650+0300][1360.194s][info ][gc] GC(44278) Pause Young (Allocation Failure) 42M->42M(54M) 13.805ms
[2020-08-10T13:07:00.664+0300][1360.208s][info ][gc] GC(44279) Pause Young (Allocation Failure) 43M->43M(54M) 13.905ms
[2020-08-10T13:07:00.679+0300][1360.223s][info ][gc] GC(44280) Pause Young (Allocation Failure) 44M->44M(54M) 13.996ms
[2020-08-10T13:07:00.694+0300][1360.238s][info ][gc] GC(44281) Pause Young (Allocation Failure) 45M->45M(53M) 14.324ms
[2020-08-10T13:07:00.708+0300][1360.253s][info ][gc] GC(44282) Pause Young (Allocation Failure) 46M->46M(53M) 14.069ms
[2020-08-10T13:07:00.723+0300][1360.267s][info ][gc] GC(44283) Pause Young (Allocation Failure) 47M->47M(53M) 14.162ms
[2020-08-10T13:07:00.738+0300][1360.282s][info ][gc] GC(44284) Pause Young (Allocation Failure) 48M->48M(53M) 14.086ms
[2020-08-10T13:07:00.752+0300][1360.297s][info ][gc] GC(44285) Pause Young (Allocation Failure) 49M->49M(53M) 14.065ms
[2020-08-10T13:07:00.767+0300][1360.312s][info ][gc] GC(44286) Pause Young (Allocation Failure) 50M->50M(53M) 14.097ms
[2020-08-10T13:07:00.782+0300][1360.326s][info ][gc] GC(44287) Pause Young (Allocation Failure) 51M->51M(53M) 14.125ms
[2020-08-10T13:07:00.797+0300][1360.341s][info ][gc] GC(44288) Pause Young (Allocation Failure) 52M->52M(53M) 14.151ms
[2020-08-10T13:07:00.905+0300][1360.449s][debug][gc] GC(44289) Expanding ParOldGen from 52736K by 11264K to 64000K
[2020-08-10T13:07:00.905+0300][1360.449s][info ][gc] GC(44289) Pause Full (Ergonomics) 52M->51M(64M) 107.865ms
[2020-08-10T13:07:00.928+0300][1360.472s][info ][gc] GC(44290) Pause Young (Allocation Failure) 52M->52M(64M) 22.156ms
[2020-08-10T13:07:00.943+0300][1360.487s][info ][gc] GC(44291) Pause Young (Allocation Failure) 53M->53M(64M) 14.298ms
[2020-08-10T13:07:00.958+0300][1360.502s][info ][gc] GC(44292) Pause Young (Allocation Failure) 54M->54M(64M) 14.274ms
[2020-08-10T13:07:00.972+0300][1360.517s][info ][gc] GC(44293) Pause Young (Allocation Failure) 55M->55M(64M) 14.167ms
[2020-08-10T13:07:00.987+0300][1360.532s][info ][gc] GC(44294) Pause Young (Allocation Failure) 56M->56M(64M) 14.174ms
[2020-08-10T13:07:01.002+0300][1360.547s][info ][gc] GC(44295) Pause Young (Allocation Failure) 57M->57M(64M) 14.219ms
[2020-08-10T13:07:01.017+0300][1360.561s][info ][gc] GC(44296) Pause Young (Allocation Failure) 58M->58M(64M) 14.233ms
[2020-08-10T13:07:01.032+0300][1360.576s][info ][gc] GC(44297) Pause Young (Allocation Failure) 59M->59M(64M) 13.864ms
[2020-08-10T13:07:01.046+0300][1360.591s][info ][gc] GC(44298) Pause Young (Allocation Failure) 60M->60M(64M) 14.183ms
[2020-08-10T13:07:01.061+0300][1360.605s][info ][gc] GC(44299) Pause Young (Allocation Failure) 61M->61M(64M) 14.224ms
[2020-08-10T13:07:01.076+0300][1360.620s][info ][gc] GC(44300) Pause Young (Allocation Failure) 62M->62M(64M) 14.184ms
[2020-08-10T13:07:01.213+0300][1360.758s][debug][gc] GC(44301) Expanding ParOldGen from 64000K by 11264K to 75264K
[2020-08-10T13:07:01.213+0300][1360.758s][info ][gc] GC(44301) Pause Full (Ergonomics) 62M->62M(75M) 137.190ms
[2020-08-10T13:07:01.227+0300][1360.772s][info ][gc] GC(44302) Pause Young (Allocation Failure) 63M->63M(75M) 13.600ms
[2020-08-10T13:07:01.242+0300][1360.787s][info ][gc] GC(44303) Pause Young (Allocation Failure) 64M->64M(75M) 14.034ms
[2020-08-10T13:07:01.257+0300][1360.801s][info ][gc] GC(44304) Pause Young (Allocation Failure) 65M->65M(75M) 14.058ms
[2020-08-10T13:07:01.272+0300][1360.816s][info ][gc] GC(44305) Pause Young (Allocation Failure) 66M->66M(75M) 14.104ms
[2020-08-10T13:07:01.286+0300][1360.831s][info ][gc] GC(44306) Pause Young (Allocation Failure) 67M->67M(75M) 14.031ms
[2020-08-10T13:07:01.301+0300][1360.845s][info ][gc] GC(44307) Pause Young (Allocation Failure) 68M->68M(75M) 14.061ms
[2020-08-10T13:07:01.316+0300][1360.860s][info ][gc] GC(44308) Pause Young (Allocation Failure) 69M->68M(75M) 13.997ms
[2020-08-10T13:07:01.330+0300][1360.875s][info ][gc] GC(44309) Pause Young (Allocation Failure) 69M->69M(75M) 14.074ms
[2020-08-10T13:07:01.345+0300][1360.889s][info ][gc] GC(44310) Pause Young (Allocation Failure) 70M->70M(75M) 14.099ms
[2020-08-10T13:07:01.360+0300][1360.904s][info ][gc] GC(44311) Pause Young (Allocation Failure) 71M->71M(75M) 14.092ms
[2020-08-10T13:07:01.374+0300][1360.919s][info ][gc] GC(44312) Pause Young (Allocation Failure) 72M->72M(75M) 14.075ms
[2020-08-10T13:07:01.389+0300][1360.933s][info ][gc] GC(44313) Pause Young (Allocation Failure) 73M->73M(75M) 14.058ms
[2020-08-10T13:07:01.562+0300][1361.106s][debug][gc] GC(44314) Expanding ParOldGen from 75264K by 11264K to 86528K
[2020-08-10T13:07:01.562+0300][1361.107s][info ][gc] GC(44314) Pause Full (Ergonomics) 73M->73M(86M) 173.123ms
[2020-08-10T13:07:01.593+0300][1361.137s][info ][gc] GC(44315) Pause Young (Allocation Failure) 74M->74M(86M) 30.065ms
[2020-08-10T13:07:01.608+0300][1361.152s][info ][gc] GC(44316) Pause Young (Allocation Failure) 75M->75M(86M) 14.234ms
[2020-08-10T13:07:01.623+0300][1361.167s][info ][gc] GC(44317) Pause Young (Allocation Failure) 76M->76M(86M) 14.328ms
[2020-08-10T13:07:01.638+0300][1361.182s][info ][gc] GC(44318) Pause Young (Allocation Failure) 77M->77M(86M) 14.326ms
[2020-08-10T13:07:01.653+0300][1361.197s][info ][gc] GC(44319) Pause Young (Allocation Failure) 78M->78M(86M) 14.382ms
[2020-08-10T13:07:01.668+0300][1361.212s][info ][gc] GC(44320) Pause Young (Allocation Failure) 79M->79M(86M) 14.304ms
[2020-08-10T13:07:01.682+0300][1361.227s][info ][gc] GC(44321) Pause Young (Allocation Failure) 80M->80M(86M) 14.334ms
[2020-08-10T13:07:01.697+0300][1361.242s][info ][gc] GC(44322) Pause Young (Allocation Failure) 81M->81M(86M) 14.327ms
[2020-08-10T13:07:01.712+0300][1361.257s][info ][gc] GC(44323) Pause Young (Allocation Failure) 82M->82M(86M) 14.416ms
[2020-08-10T13:07:01.728+0300][1361.272s][info ][gc] GC(44324) Pause Young (Allocation Failure) 83M->83M(86M) 14.654ms
[2020-08-10T13:07:01.743+0300][1361.287s][info ][gc] GC(44325) Pause Young (Allocation Failure) 84M->84M(86M) 14.603ms
[2020-08-10T13:07:01.758+0300][1361.302s][info ][gc] GC(44326) Pause Young (Allocation Failure) 85M->85M(86M) 14.554ms
[2020-08-10T13:07:01.972+0300][1361.517s][debug][gc] GC(44327) Expanding ParOldGen from 86528K by 11776K to 98304K
[2020-08-10T13:07:01.972+0300][1361.517s][info ][gc] GC(44327) Pause Full (Ergonomics) 85M->84M(98M) 214.109ms
[2020-08-10T13:07:02.005+0300][1361.550s][info ][gc] GC(44328) Pause Young (Allocation Failure) 85M->85M(98M) 32.160ms
[2020-08-10T13:07:02.021+0300][1361.565s][info ][gc] GC(44329) Pause Young (Allocation Failure) 86M->86M(98M) 14.759ms
[2020-08-10T13:07:02.036+0300][1361.581s][info ][gc] GC(44330) Pause Young (Allocation Failure) 87M->87M(98M) 14.764ms
[2020-08-10T13:07:02.052+0300][1361.596s][info ][gc] GC(44331) Pause Young (Allocation Failure) 88M->88M(98M) 14.911ms
[2020-08-10T13:07:02.067+0300][1361.612s][info ][gc] GC(44332) Pause Young (Allocation Failure) 89M->89M(98M) 14.996ms
[2020-08-10T13:07:02.083+0300][1361.628s][info ][gc] GC(44333) Pause Young (Allocation Failure) 90M->90M(98M) 15.262ms
[2020-08-10T13:07:02.099+0300][1361.644s][info ][gc] GC(44334) Pause Young (Allocation Failure) 91M->91M(98M) 15.461ms
[2020-08-10T13:07:02.115+0300][1361.660s][info ][gc] GC(44335) Pause Young (Allocation Failure) 92M->92M(98M) 15.295ms
[2020-08-10T13:07:02.131+0300][1361.676s][info ][gc] GC(44336) Pause Young (Allocation Failure) 93M->93M(98M) 15.314ms
[2020-08-10T13:07:02.147+0300][1361.692s][info ][gc] GC(44337) Pause Young (Allocation Failure) 94M->94M(98M) 15.371ms
[2020-08-10T13:07:02.163+0300][1361.708s][info ][gc] GC(44338) Pause Young (Allocation Failure) 95M->95M(98M) 15.601ms
[2020-08-10T13:07:02.179+0300][1361.724s][info ][gc] GC(44339) Pause Young (Allocation Failure) 96M->96M(98M) 15.545ms
[2020-08-10T13:07:02.412+0300][1361.956s][debug][gc] GC(44340) Expanding ParOldGen from 98304K by 11264K to 109568K
[2020-08-10T13:07:02.412+0300][1361.956s][info ][gc] GC(44340) Pause Full (Ergonomics) 96M->96M(109M) 232.215ms
[2020-08-10T13:07:02.447+0300][1361.992s][info ][gc] GC(44341) Pause Young (Allocation Failure) 97M->97M(109M) 35.061ms
[2020-08-10T13:07:02.464+0300][1362.008s][info ][gc] GC(44342) Pause Young (Allocation Failure) 98M->98M(109M) 15.959ms
[2020-08-10T13:07:02.481+0300][1362.025s][info ][gc] GC(44343) Pause Young (Allocation Failure) 99M->99M(109M) 16.053ms
[2020-08-10T13:07:02.497+0300][1362.042s][info ][gc] GC(44344) Pause Young (Allocation Failure) 100M->100M(109M) 16.143ms
[2020-08-10T13:07:02.514+0300][1362.058s][info ][gc] GC(44345) Pause Young (Allocation Failure) 101M->100M(109M) 16.061ms
[2020-08-10T13:07:02.531+0300][1362.075s][info ][gc] GC(44346) Pause Young (Allocation Failure) 101M->101M(109M) 16.087ms
[2020-08-10T13:07:02.548+0300][1362.092s][info ][gc] GC(44347) Pause Young (Allocation Failure) 102M->102M(109M) 16.330ms
[2020-08-10T13:07:02.565+0300][1362.109s][info ][gc] GC(44348) Pause Young (Allocation Failure) 103M->103M(109M) 16.394ms
[2020-08-10T13:07:02.581+0300][1362.126s][info ][gc] GC(44349) Pause Young (Allocation Failure) 104M->104M(109M) 16.456ms
[2020-08-10T13:07:02.598+0300][1362.143s][info ][gc] GC(44350) Pause Young (Allocation Failure) 105M->105M(109M) 16.464ms
[2020-08-10T13:07:02.616+0300][1362.160s][info ][gc] GC(44351) Pause Young (Allocation Failure) 106M->106M(109M) 16.572ms
[2020-08-10T13:07:02.633+0300][1362.177s][info ][gc] GC(44352) Pause Young (Allocation Failure) 107M->107M(109M) 16.736ms
[2020-08-10T13:07:02.908+0300][1362.453s][debug][gc] GC(44353) Expanding ParOldGen from 109568K by 11264K to 120832K
[2020-08-10T13:07:02.909+0300][1362.453s][info ][gc] GC(44353) Pause Full (Ergonomics) 107M->107M(120M) 275.445ms
[2020-08-10T13:07:02.948+0300][1362.492s][info ][gc] GC(44354) Pause Young (Allocation Failure) 108M->108M(120M) 38.826ms
[2020-08-10T13:07:02.966+0300][1362.510s][info ][gc] GC(44355) Pause Young (Allocation Failure) 109M->109M(120M) 17.419ms
[2020-08-10T13:07:02.984+0300][1362.528s][info ][gc] GC(44356) Pause Young (Allocation Failure) 110M->110M(120M) 17.288ms
[2020-08-10T13:07:03.001+0300][1362.546s][info ][gc] GC(44357) Pause Young (Allocation Failure) 111M->111M(120M) 17.016ms
[2020-08-10T13:07:03.019+0300][1362.564s][info ][gc] GC(44358) Pause Young (Allocation Failure) 112M->112M(120M) 17.451ms
[2020-08-10T13:07:03.037+0300][1362.582s][info ][gc] GC(44359) Pause Young (Allocation Failure) 113M->113M(120M) 17.215ms
[2020-08-10T13:07:03.055+0300][1362.600s][info ][gc] GC(44360) Pause Young (Allocation Failure) 114M->114M(120M) 17.306ms
[2020-08-10T13:07:03.073+0300][1362.618s][info ][gc] GC(44361) Pause Young (Allocation Failure) 115M->115M(120M) 17.512ms
[2020-08-10T13:07:03.091+0300][1362.636s][info ][gc] GC(44362) Pause Young (Allocation Failure) 116M->116M(120M) 17.303ms
[2020-08-10T13:07:03.125+0300][1362.670s][info ][gc] GC(44363) Pause Young (Allocation Failure) 117M->117M(120M) 33.579ms
[2020-08-10T13:07:03.154+0300][1362.698s][info ][gc] GC(44364) Pause Young (Allocation Failure) 118M->117M(120M) 27.668ms
[2020-08-10T13:07:03.445+0300][1362.990s][debug][gc] GC(44365) Expanding ParOldGen from 120832K by 11264K to 132096K
[2020-08-10T13:07:03.446+0300][1362.990s][info ][gc] GC(44365) Pause Full (Ergonomics) 117M->117M(131M) 292.003ms
[2020-08-10T13:07:03.462+0300][1363.006s][info ][gc] GC(44366) Pause Young (Allocation Failure) 118M->118M(131M) 15.379ms
[2020-08-10T13:07:03.481+0300][1363.025s][info ][gc] GC(44367) Pause Young (Allocation Failure) 119M->119M(131M) 18.233ms
[2020-08-10T13:07:03.499+0300][1363.044s][info ][gc] GC(44368) Pause Young (Allocation Failure) 120M->120M(131M) 18.109ms
[2020-08-10T13:07:03.518+0300][1363.063s][info ][gc] GC(44369) Pause Young (Allocation Failure) 121M->121M(131M) 18.183ms
[2020-08-10T13:07:03.537+0300][1363.081s][info ][gc] GC(44370) Pause Young (Allocation Failure) 122M->122M(131M) 18.248ms
[2020-08-10T13:07:03.556+0300][1363.100s][info ][gc] GC(44371) Pause Young (Allocation Failure) 123M->123M(131M) 18.223ms
[2020-08-10T13:07:03.579+0300][1363.124s][info ][gc] GC(44372) Pause Young (Allocation Failure) 124M->124M(131M) 23.268ms
[2020-08-10T13:07:03.598+0300][1363.143s][info ][gc] GC(44373) Pause Young (Allocation Failure) 125M->125M(131M) 18.221ms
[2020-08-10T13:07:03.617+0300][1363.162s][info ][gc] GC(44374) Pause Young (Allocation Failure) 126M->126M(131M) 18.471ms
[2020-08-10T13:07:03.636+0300][1363.180s][info ][gc] GC(44375) Pause Young (Allocation Failure) 127M->127M(131M) 17.969ms
[2020-08-10T13:07:03.654+0300][1363.198s][info ][gc] GC(44376) Pause Young (Allocation Failure) 128M->128M(131M) 17.876ms
[2020-08-10T13:07:03.672+0300][1363.217s][info ][gc] GC(44377) Pause Young (Allocation Failure) 129M->129M(131M) 18.061ms
[2020-08-10T13:07:04.014+0300][1363.559s][debug][gc] GC(44378) Expanding ParOldGen from 132096K by 11264K to 143360K
[2020-08-10T13:07:04.014+0300][1363.559s][info ][gc] GC(44378) Pause Full (Ergonomics) 129M->129M(142M) 341.786ms
[2020-08-10T13:07:04.048+0300][1363.592s][info ][gc] GC(44379) Pause Young (Allocation Failure) 130M->130M(142M) 32.859ms
[2020-08-10T13:07:04.066+0300][1363.611s][info ][gc] GC(44380) Pause Young (Allocation Failure) 131M->131M(142M) 18.334ms
[2020-08-10T13:07:04.085+0300][1363.629s][info ][gc] GC(44381) Pause Young (Allocation Failure) 132M->132M(142M) 18.251ms
[2020-08-10T13:07:04.104+0300][1363.648s][info ][gc] GC(44382) Pause Young (Allocation Failure) 133M->132M(142M) 18.360ms
[2020-08-10T13:07:04.123+0300][1363.667s][info ][gc] GC(44383) Pause Young (Allocation Failure) 133M->133M(142M) 18.493ms
[2020-08-10T13:07:04.142+0300][1363.686s][info ][gc] GC(44384) Pause Young (Allocation Failure) 134M->134M(142M) 18.537ms
[2020-08-10T13:07:04.142+0300][1363.686s][debug][gc] Expanding ParOldGen from 143360K by 19968K to 163328K
[2020-08-10T13:07:04.168+0300][1363.712s][info ][gc] GC(44385) Pause Young (Allocation Failure) 154M->154M(162M) 18.054ms
[2020-08-10T13:07:04.184+0300][1363.728s][info ][gc] GC(44386) Pause Young (Allocation Failure) 155M->155M(162M) 15.576ms
[2020-08-10T13:07:04.198+0300][1363.743s][info ][gc] GC(44387) Pause Young (Allocation Failure) 156M->156M(162M) 13.820ms
[2020-08-10T13:07:04.212+0300][1363.757s][info ][gc] GC(44388) Pause Young (Allocation Failure) 157M->157M(162M) 13.705ms
[2020-08-10T13:07:04.226+0300][1363.771s][info ][gc] GC(44389) Pause Young (Allocation Failure) 158M->158M(162M) 13.610ms
[2020-08-10T13:07:04.241+0300][1363.785s][info ][gc] GC(44390) Pause Young (Allocation Failure) 159M->159M(162M) 13.931ms
[2020-08-10T13:07:04.303+0300][1363.847s][debug][gc] GC(44391) Shrinking ParOldGen from 163328K by 124928K to 38400K
[2020-08-10T13:07:04.303+0300][1363.847s][info ][gc] GC(44391) Pause Full (Ergonomics) 159M->25M(40M) 62.155ms
[2020-08-10T13:07:04.316+0300][1363.861s][info ][gc] GC(44392) Pause Young (Allocation Failure) 26M->26M(40M) 13.025ms
[2020-08-10T13:07:04.331+0300][1363.875s][info ][gc] GC(44393) Pause Young (Allocation Failure) 27M->27M(40M) 13.538ms
[2020-08-10T13:07:04.357+0300][1363.901s][info ][gc] GC(44394) Pause Young (Allocation Failure) 28M->28M(40M) 25.357ms
[2020-08-10T13:07:04.371+0300][1363.915s][info ][gc] GC(44395) Pause Young (Allocation Failure) 29M->29M(40M) 13.505ms
[2020-08-10T13:07:04.385+0300][1363.929s][info ][gc] GC(44396) Pause Young (Allocation Failure) 30M->30M(40M) 13.477ms
[2020-08-10T13:07:04.399+0300][1363.943s][info ][gc] GC(44397) Pause Young (Allocation Failure) 31M->31M(40M) 13.412ms
[2020-08-10T13:07:04.413+0300][1363.957s][info ][gc] GC(44398) Pause Young (Allocation Failure) 32M->32M(40M) 13.449ms
[2020-08-10T13:07:04.427+0300][1363.971s][info ][gc] GC(44399) Pause Young (Allocation Failure) 33M->33M(40M) 13.371ms
[2020-08-10T13:07:04.441+0300][1363.985s][info ][gc] GC(44400) Pause Young (Allocation Failure) 34M->34M(39M) 13.610ms
[2020-08-10T13:07:04.454+0300][1363.999s][info ][gc] GC(44401) Pause Young (Allocation Failure) 35M->35M(39M) 13.406ms
[2020-08-10T13:07:04.468+0300][1364.013s][info ][gc] GC(44402) Pause Young (Allocation Failure) 36M->36M(39M) 13.271ms
[2020-08-10T13:07:04.482+0300][1364.026s][info ][gc] GC(44403) Pause Young (Allocation Failure) 37M->37M(40M) 13.246ms
[2020-08-10T13:07:04.557+0300][1364.101s][debug][gc] GC(44404) Expanding ParOldGen from 38400K by 11776K to 50176K
[2020-08-10T13:07:04.557+0300][1364.101s][info ][gc] GC(44404) Pause Full (Ergonomics) 37M->37M(51M) 74.810ms
[2020-08-10T13:07:04.571+0300][1364.115s][info ][gc] GC(44405) Pause Young (Allocation Failure) 38M->38M(51M) 13.020ms
[2020-08-10T13:07:04.584+0300][1364.129s][info ][gc] GC(44406) Pause Young (Allocation Failure) 39M->39M(51M) 13.464ms
[2020-08-10T13:07:04.598+0300][1364.143s][info ][gc] GC(44407) Pause Young (Allocation Failure) 40M->40M(51M) 13.463ms
[2020-08-10T13:07:04.613+0300][1364.157s][info ][gc] GC(44408) Pause Young (Allocation Failure) 41M->41M(51M) 13.489ms
[2020-08-10T13:07:04.627+0300][1364.171s][info ][gc] GC(44409) Pause Young (Allocation Failure) 42M->42M(51M) 13.469ms
[2020-08-10T13:07:04.641+0300][1364.185s][info ][gc] GC(44410) Pause Young (Allocation Failure) 43M->42M(51M) 13.571ms
[2020-08-10T13:07:04.655+0300][1364.199s][info ][gc] GC(44411) Pause Young (Allocation Failure) 43M->43M(51M) 13.488ms
[2020-08-10T13:07:04.669+0300][1364.213s][info ][gc] GC(44412) Pause Young (Allocation Failure) 44M->44M(51M) 13.387ms
[2020-08-10T13:07:04.683+0300][1364.227s][info ][gc] GC(44413) Pause Young (Allocation Failure) 45M->45M(51M) 13.500ms
[2020-08-10T13:07:04.696+0300][1364.241s][info ][gc] GC(44414) Pause Young (Allocation Failure) 46M->46M(51M) 13.334ms
[2020-08-10T13:07:04.710+0300][1364.255s][info ][gc] GC(44415) Pause Young (Allocation Failure) 47M->47M(51M) 13.539ms
[2020-08-10T13:07:04.724+0300][1364.269s][info ][gc] GC(44416) Pause Young (Allocation Failure) 48M->48M(51M) 13.487ms
[2020-08-10T13:07:04.738+0300][1364.283s][info ][gc] GC(44417) Pause Young (Allocation Failure) 49M->49M(51M) 13.488ms
[2020-08-10T13:07:04.839+0300][1364.384s][debug][gc] GC(44418) Expanding ParOldGen from 50176K by 11264K to 61440K
[2020-08-10T13:07:04.840+0300][1364.384s][info ][gc] GC(44418) Pause Full (Ergonomics) 49M->49M(62M) 101.113ms
[2020-08-10T13:07:04.861+0300][1364.406s][info ][gc] GC(44419) Pause Young (Allocation Failure) 50M->50M(62M) 21.439ms
[2020-08-10T13:07:04.876+0300][1364.420s][info ][gc] GC(44420) Pause Young (Allocation Failure) 51M->51M(62M) 13.722ms
[2020-08-10T13:07:04.890+0300][1364.434s][info ][gc] GC(44421) Pause Young (Allocation Failure) 52M->52M(62M) 13.605ms
[2020-08-10T13:07:04.904+0300][1364.448s][info ][gc] GC(44422) Pause Young (Allocation Failure) 53M->53M(62M) 13.489ms
[2020-08-10T13:07:04.918+0300][1364.462s][info ][gc] GC(44423) Pause Young (Allocation Failure) 54M->54M(62M) 13.708ms
[2020-08-10T13:07:04.932+0300][1364.477s][info ][gc] GC(44424) Pause Young (Allocation Failure) 55M->55M(62M) 13.655ms
[2020-08-10T13:07:04.946+0300][1364.491s][info ][gc] GC(44425) Pause Young (Allocation Failure) 56M->56M(62M) 13.495ms
[2020-08-10T13:07:04.960+0300][1364.505s][info ][gc] GC(44426) Pause Young (Allocation Failure) 57M->57M(62M) 13.685ms
[2020-08-10T13:07:04.974+0300][1364.519s][info ][gc] GC(44427) Pause Young (Allocation Failure) 58M->58M(62M) 13.563ms
[2020-08-10T13:07:04.989+0300][1364.533s][info ][gc] GC(44428) Pause Young (Allocation Failure) 59M->59M(62M) 13.737ms
[2020-08-10T13:07:05.003+0300][1364.547s][info ][gc] GC(44429) Pause Young (Allocation Failure) 60M->59M(62M) 13.623ms
[2020-08-10T13:07:05.140+0300][1364.684s][debug][gc] GC(44430) Expanding ParOldGen from 61440K by 11264K to 72704K
[2020-08-10T13:07:05.140+0300][1364.684s][info ][gc] GC(44430) Pause Full (Ergonomics) 59M->59M(73M) 136.950ms
[2020-08-10T13:07:05.153+0300][1364.698s][info ][gc] GC(44431) Pause Young (Allocation Failure) 60M->60M(73M) 13.094ms
[2020-08-10T13:07:05.168+0300][1364.712s][info ][gc] GC(44432) Pause Young (Allocation Failure) 61M->61M(73M) 13.619ms
[2020-08-10T13:07:05.182+0300][1364.726s][info ][gc] GC(44433) Pause Young (Allocation Failure) 62M->62M(73M) 13.533ms
[2020-08-10T13:07:05.196+0300][1364.740s][info ][gc] GC(44434) Pause Young (Allocation Failure) 63M->63M(73M) 13.520ms
[2020-08-10T13:07:05.210+0300][1364.754s][info ][gc] GC(44435) Pause Young (Allocation Failure) 64M->64M(73M) 13.444ms
[2020-08-10T13:07:05.224+0300][1364.768s][info ][gc] GC(44436) Pause Young (Allocation Failure) 65M->65M(73M) 13.602ms
[2020-08-10T13:07:05.238+0300][1364.782s][info ][gc] GC(44437) Pause Young (Allocation Failure) 66M->66M(73M) 13.652ms
[2020-08-10T13:07:05.252+0300][1364.796s][info ][gc] GC(44438) Pause Young (Allocation Failure) 67M->67M(73M) 13.502ms
[2020-08-10T13:07:05.266+0300][1364.810s][info ][gc] GC(44439) Pause Young (Allocation Failure) 68M->68M(73M) 13.554ms
[2020-08-10T13:07:05.280+0300][1364.824s][info ][gc] GC(44440) Pause Young (Allocation Failure) 69M->69M(73M) 13.355ms
[2020-08-10T13:07:05.294+0300][1364.838s][info ][gc] GC(44441) Pause Young (Allocation Failure) 70M->70M(73M) 13.678ms
[2020-08-10T13:07:05.308+0300][1364.853s][info ][gc] GC(44442) Pause Young (Allocation Failure) 71M->71M(73M) 13.776ms
[2020-08-10T13:07:05.471+0300][1365.016s][debug][gc] GC(44443) Expanding ParOldGen from 72704K by 11264K to 83968K
[2020-08-10T13:07:05.471+0300][1365.016s][info ][gc] GC(44443) Pause Full (Ergonomics) 71M->71M(83M) 162.858ms
[2020-08-10T13:07:05.503+0300][1365.047s][info ][gc] GC(44444) Pause Young (Allocation Failure) 72M->72M(84M) 30.884ms
[2020-08-10T13:07:05.517+0300][1365.062s][info ][gc] GC(44445) Pause Young (Allocation Failure) 73M->73M(84M) 13.892ms
[2020-08-10T13:07:05.531+0300][1365.076s][info ][gc] GC(44446) Pause Young (Allocation Failure) 74M->73M(84M) 13.808ms
[2020-08-10T13:07:05.546+0300][1365.090s][info ][gc] GC(44447) Pause Young (Allocation Failure) 74M->74M(84M) 13.702ms
[2020-08-10T13:07:05.560+0300][1365.105s][info ][gc] GC(44448) Pause Young (Allocation Failure) 75M->75M(84M) 13.901ms
[2020-08-10T13:07:05.574+0300][1365.119s][info ][gc] GC(44449) Pause Young (Allocation Failure) 76M->76M(84M) 13.842ms
[2020-08-10T13:07:05.589+0300][1365.133s][info ][gc] GC(44450) Pause Young (Allocation Failure) 77M->77M(84M) 13.897ms
[2020-08-10T13:07:05.603+0300][1365.148s][info ][gc] GC(44451) Pause Young (Allocation Failure) 78M->78M(84M) 13.811ms
[2020-08-10T13:07:05.617+0300][1365.162s][info ][gc] GC(44452) Pause Young (Allocation Failure) 79M->79M(84M) 13.841ms
[2020-08-10T13:07:05.632+0300][1365.176s][info ][gc] GC(44453) Pause Young (Allocation Failure) 80M->80M(84M) 13.567ms
[2020-08-10T13:07:05.646+0300][1365.190s][info ][gc] GC(44454) Pause Young (Allocation Failure) 81M->81M(84M) 13.813ms
[2020-08-10T13:07:05.660+0300][1365.204s][info ][gc] GC(44455) Pause Young (Allocation Failure) 82M->82M(84M) 13.692ms
[2020-08-10T13:07:05.848+0300][1365.392s][debug][gc] GC(44456) Expanding ParOldGen from 83968K by 11776K to 95744K
[2020-08-10T13:07:05.848+0300][1365.393s][info ][gc] GC(44456) Pause Full (Ergonomics) 82M->82M(95M) 187.962ms
[2020-08-10T13:07:05.879+0300][1365.423s][info ][gc] GC(44457) Pause Young (Allocation Failure) 83M->83M(95M) 30.447ms
[2020-08-10T13:07:05.894+0300][1365.438s][info ][gc] GC(44458) Pause Young (Allocation Failure) 84M->84M(95M) 14.149ms
[2020-08-10T13:07:05.908+0300][1365.453s][info ][gc] GC(44459) Pause Young (Allocation Failure) 85M->85M(95M) 14.112ms
[2020-08-10T13:07:05.923+0300][1365.468s][info ][gc] GC(44460) Pause Young (Allocation Failure) 86M->86M(95M) 14.226ms
[2020-08-10T13:07:05.938+0300][1365.482s][info ][gc] GC(44461) Pause Young (Allocation Failure) 87M->87M(95M) 14.246ms
[2020-08-10T13:07:05.953+0300][1365.497s][info ][gc] GC(44462) Pause Young (Allocation Failure) 88M->88M(95M) 14.514ms
[2020-08-10T13:07:05.968+0300][1365.513s][info ][gc] GC(44463) Pause Young (Allocation Failure) 89M->89M(95M) 14.720ms
[2020-08-10T13:07:05.983+0300][1365.528s][info ][gc] GC(44464) Pause Young (Allocation Failure) 90M->90M(95M) 14.644ms
[2020-08-10T13:07:05.998+0300][1365.543s][info ][gc] GC(44465) Pause Young (Allocation Failure) 91M->91M(95M) 14.637ms
[2020-08-10T13:07:06.013+0300][1365.558s][info ][gc] GC(44466) Pause Young (Allocation Failure) 92M->91M(95M) 14.539ms
[2020-08-10T13:07:06.029+0300][1365.573s][info ][gc] GC(44467) Pause Young (Allocation Failure) 92M->92M(95M) 14.671ms
[2020-08-10T13:07:06.044+0300][1365.589s][info ][gc] GC(44468) Pause Young (Allocation Failure) 93M->93M(95M) 14.927ms
[2020-08-10T13:07:06.275+0300][1365.820s][debug][gc] GC(44469) Expanding ParOldGen from 95744K by 11264K to 107008K
[2020-08-10T13:07:06.276+0300][1365.820s][info ][gc] GC(44469) Pause Full (Ergonomics) 93M->93M(106M) 231.431ms
[2020-08-10T13:07:06.309+0300][1365.854s][info ][gc] GC(44470) Pause Young (Allocation Failure) 94M->94M(106M) 33.226ms
[2020-08-10T13:07:06.325+0300][1365.870s][info ][gc] GC(44471) Pause Young (Allocation Failure) 95M->95M(106M) 15.013ms
[2020-08-10T13:07:06.341+0300][1365.885s][info ][gc] GC(44472) Pause Young (Allocation Failure) 96M->96M(106M) 15.143ms
[2020-08-10T13:07:06.356+0300][1365.901s][info ][gc] GC(44473) Pause Young (Allocation Failure) 97M->97M(106M) 15.183ms
[2020-08-10T13:07:06.372+0300][1365.917s][info ][gc] GC(44474) Pause Young (Allocation Failure) 98M->98M(106M) 15.358ms
[2020-08-10T13:07:06.388+0300][1365.932s][info ][gc] GC(44475) Pause Young (Allocation Failure) 99M->99M(106M) 15.351ms
[2020-08-10T13:07:06.404+0300][1365.948s][info ][gc] GC(44476) Pause Young (Allocation Failure) 100M->100M(106M) 15.433ms
[2020-08-10T13:07:06.420+0300][1365.964s][info ][gc] GC(44477) Pause Young (Allocation Failure) 101M->101M(106M) 15.605ms
[2020-08-10T13:07:06.436+0300][1365.981s][info ][gc] GC(44478) Pause Young (Allocation Failure) 102M->102M(106M) 15.572ms
[2020-08-10T13:07:06.452+0300][1365.996s][info ][gc] GC(44479) Pause Young (Allocation Failure) 103M->103M(106M) 15.513ms
[2020-08-10T13:07:06.468+0300][1366.013s][info ][gc] GC(44480) Pause Young (Allocation Failure) 104M->104M(106M) 15.731ms
[2020-08-10T13:07:06.484+0300][1366.029s][info ][gc] GC(44481) Pause Young (Allocation Failure) 105M->105M(106M) 16.022ms
[2020-08-10T13:07:06.739+0300][1366.284s][debug][gc] GC(44482) Expanding ParOldGen from 107008K by 11264K to 118272K
[2020-08-10T13:07:06.739+0300][1366.284s][info ][gc] GC(44482) Pause Full (Ergonomics) 105M->105M(117M) 254.669ms
[2020-08-10T13:07:06.777+0300][1366.321s][info ][gc] GC(44483) Pause Young (Allocation Failure) 106M->105M(117M) 36.885ms
[2020-08-10T13:07:06.793+0300][1366.338s][info ][gc] GC(44484) Pause Young (Allocation Failure) 106M->106M(117M) 15.972ms
[2020-08-10T13:07:06.811+0300][1366.356s][info ][gc] GC(44485) Pause Young (Allocation Failure) 107M->107M(117M) 17.622ms
[2020-08-10T13:07:06.828+0300][1366.373s][info ][gc] GC(44486) Pause Young (Allocation Failure) 108M->108M(117M) 16.348ms
[2020-08-10T13:07:06.845+0300][1366.389s][info ][gc] GC(44487) Pause Young (Allocation Failure) 109M->109M(117M) 16.240ms
[2020-08-10T13:07:06.862+0300][1366.406s][info ][gc] GC(44488) Pause Young (Allocation Failure) 110M->110M(117M) 16.397ms
[2020-08-10T13:07:06.879+0300][1366.423s][info ][gc] GC(44489) Pause Young (Allocation Failure) 111M->111M(117M) 16.575ms
[2020-08-10T13:07:06.896+0300][1366.441s][info ][gc] GC(44490) Pause Young (Allocation Failure) 112M->112M(117M) 16.803ms
[2020-08-10T13:07:06.913+0300][1366.458s][info ][gc] GC(44491) Pause Young (Allocation Failure) 113M->113M(117M) 16.622ms
[2020-08-10T13:07:06.930+0300][1366.475s][info ][gc] GC(44492) Pause Young (Allocation Failure) 114M->114M(117M) 16.607ms
[2020-08-10T13:07:06.948+0300][1366.492s][info ][gc] GC(44493) Pause Young (Allocation Failure) 115M->115M(117M) 16.912ms
[2020-08-10T13:07:07.224+0300][1366.769s][debug][gc] GC(44494) Expanding ParOldGen from 118272K by 11264K to 129536K
[2020-08-10T13:07:07.225+0300][1366.769s][info ][gc] GC(44494) Pause Full (Ergonomics) 115M->115M(128M) 276.490ms
[2020-08-10T13:07:07.239+0300][1366.784s][info ][gc] GC(44495) Pause Young (Allocation Failure) 116M->116M(128M) 14.123ms
[2020-08-10T13:07:07.258+0300][1366.803s][info ][gc] GC(44496) Pause Young (Allocation Failure) 116M->116M(128M) 18.728ms
[2020-08-10T13:07:07.295+0300][1366.840s][info ][gc] GC(44497) Pause Young (Allocation Failure) 117M->117M(128M) 37.004ms
[2020-08-10T13:07:07.311+0300][1366.855s][info ][gc] GC(44498) Pause Young (Allocation Failure) 117M->117M(128M) 14.592ms
[2020-08-10T13:07:07.326+0300][1366.870s][info ][gc] GC(44499) Pause Young (Allocation Failure) 118M->118M(128M) 14.476ms
[2020-08-10T13:07:07.340+0300][1366.885s][info ][gc] GC(44500) Pause Young (Allocation Failure) 118M->118M(128M) 14.424ms
[2020-08-10T13:07:07.355+0300][1366.900s][info ][gc] GC(44501) Pause Young (Allocation Failure) 119M->119M(128M) 14.097ms
[2020-08-10T13:07:07.370+0300][1366.914s][info ][gc] GC(44502) Pause Young (Allocation Failure) 119M->119M(128M) 14.440ms
[2020-08-10T13:07:07.385+0300][1366.929s][info ][gc] GC(44503) Pause Young (Allocation Failure) 120M->120M(128M) 14.438ms
[2020-08-10T13:07:07.399+0300][1366.944s][info ][gc] GC(44504) Pause Young (Allocation Failure) 120M->120M(128M) 14.143ms
[2020-08-10T13:07:07.414+0300][1366.959s][info ][gc] GC(44505) Pause Young (Allocation Failure) 121M->120M(128M) 14.502ms
[2020-08-10T13:07:07.429+0300][1366.973s][info ][gc] GC(44506) Pause Young (Allocation Failure) 121M->121M(128M) 14.249ms
[2020-08-10T13:07:07.444+0300][1366.988s][info ][gc] GC(44507) Pause Young (Allocation Failure) 121M->121M(128M) 14.448ms
[2020-08-10T13:07:07.480+0300][1367.024s][info ][gc] GC(44508) Pause Young (Allocation Failure) 122M->122M(128M) 35.808ms
[2020-08-10T13:07:07.495+0300][1367.039s][info ][gc] GC(44509) Pause Young (Allocation Failure) 122M->122M(128M) 14.492ms
[2020-08-10T13:07:07.509+0300][1367.054s][info ][gc] GC(44510) Pause Young (Allocation Failure) 123M->123M(128M) 14.451ms
[2020-08-10T13:07:07.524+0300][1367.069s][info ][gc] GC(44511) Pause Young (Allocation Failure) 123M->123M(128M) 14.591ms
[2020-08-10T13:07:07.540+0300][1367.084s][info ][gc] GC(44512) Pause Young (Allocation Failure) 124M->124M(127M) 14.802ms
[2020-08-10T13:07:07.555+0300][1367.099s][info ][gc] GC(44513) Pause Young (Allocation Failure) 124M->124M(128M) 14.577ms
[2020-08-10T13:07:07.573+0300][1367.117s][info ][gc] GC(44514) Pause Young (Allocation Failure) 125M->125M(128M) 17.592ms
[2020-08-10T13:07:07.588+0300][1367.132s][info ][gc] GC(44515) Pause Young (Allocation Failure) 125M->125M(128M) 14.656ms
[2020-08-10T13:07:07.603+0300][1367.147s][info ][gc] GC(44516) Pause Young (Allocation Failure) 125M->126M(128M) 14.584ms
[2020-08-10T13:07:07.618+0300][1367.162s][info ][gc] GC(44517) Pause Young (Allocation Failure) 126M->126M(128M) 14.658ms
[2020-08-10T13:07:07.947+0300][1367.491s][debug][gc] GC(44518) Expanding ParOldGen from 129536K by 10752K to 140288K
[2020-08-10T13:07:07.947+0300][1367.491s][info ][gc] GC(44518) Pause Full (Ergonomics) 126M->126M(138M) 329.096ms
[2020-08-10T13:07:07.961+0300][1367.505s][info ][gc] GC(44519) Pause Young (Allocation Failure) 126M->126M(138M) 13.482ms
[2020-08-10T13:07:07.976+0300][1367.520s][info ][gc] GC(44520) Pause Young (Allocation Failure) 127M->127M(138M) 14.798ms
[2020-08-10T13:07:07.991+0300][1367.536s][info ][gc] GC(44521) Pause Young (Allocation Failure) 127M->127M(138M) 14.989ms
[2020-08-10T13:07:08.007+0300][1367.552s][info ][gc] GC(44522) Pause Young (Allocation Failure) 128M->128M(138M) 15.215ms
[2020-08-10T13:07:08.022+0300][1367.567s][info ][gc] GC(44523) Pause Young (Allocation Failure) 128M->128M(138M) 14.954ms
[2020-08-10T13:07:08.038+0300][1367.582s][info ][gc] GC(44524) Pause Young (Allocation Failure) 129M->128M(138M) 14.860ms
[2020-08-10T13:07:08.053+0300][1367.598s][info ][gc] GC(44525) Pause Young (Allocation Failure) 129M->129M(138M) 14.989ms
[2020-08-10T13:07:08.068+0300][1367.613s][info ][gc] GC(44526) Pause Young (Allocation Failure) 129M->129M(138M) 15.034ms
[2020-08-10T13:07:08.109+0300][1367.654s][info ][gc] GC(44527) Pause Young (Allocation Failure) 130M->130M(138M) 40.629ms
[2020-08-10T13:07:08.125+0300][1367.669s][info ][gc] GC(44528) Pause Young (Allocation Failure) 130M->130M(138M) 15.091ms
[2020-08-10T13:07:08.140+0300][1367.685s][info ][gc] GC(44529) Pause Young (Allocation Failure) 131M->131M(138M) 15.161ms
[2020-08-10T13:07:08.177+0300][1367.722s][info ][gc] GC(44530) Pause Young (Allocation Failure) 131M->131M(138M) 36.261ms
[2020-08-10T13:07:08.193+0300][1367.737s][info ][gc] GC(44531) Pause Young (Allocation Failure) 132M->132M(138M) 15.354ms
[2020-08-10T13:07:08.208+0300][1367.753s][info ][gc] GC(44532) Pause Young (Allocation Failure) 132M->132M(138M) 15.093ms
[2020-08-10T13:07:08.224+0300][1367.769s][info ][gc] GC(44533) Pause Young (Allocation Failure) 133M->133M(138M) 15.464ms
[2020-08-10T13:07:08.240+0300][1367.785s][info ][gc] GC(44534) Pause Young (Allocation Failure) 133M->133M(138M) 15.319ms
[2020-08-10T13:07:08.256+0300][1367.800s][info ][gc] GC(44535) Pause Young (Allocation Failure) 134M->134M(138M) 15.234ms
[2020-08-10T13:07:08.271+0300][1367.816s][info ][gc] GC(44536) Pause Young (Allocation Failure) 134M->134M(138M) 15.432ms
[2020-08-10T13:07:08.287+0300][1367.832s][info ][gc] GC(44537) Pause Young (Allocation Failure) 135M->134M(138M) 15.480ms
[2020-08-10T13:07:08.303+0300][1367.848s][info ][gc] GC(44538) Pause Young (Allocation Failure) 135M->135M(138M) 15.395ms
[2020-08-10T13:07:08.304+0300][1367.848s][debug][gc] Expanding ParOldGen from 140288K by 19968K to 160256K
[2020-08-10T13:07:08.327+0300][1367.871s][info ][gc] GC(44539) Pause Young (Allocation Failure) 155M->154M(158M) 15.084ms
[2020-08-10T13:07:08.378+0300][1367.922s][info ][gc] GC(44540) Pause Young (Allocation Failure) 155M->155M(158M) 50.624ms
[2020-08-10T13:07:08.405+0300][1367.950s][info ][gc] GC(44541) Pause Young (Allocation Failure) 155M->155M(158M) 27.328ms
[2020-08-10T13:07:08.431+0300][1367.976s][info ][gc] GC(44542) Pause Young (Allocation Failure) 156M->156M(158M) 25.706ms
[2020-08-10T13:07:08.457+0300][1368.002s][info ][gc] GC(44543) Pause Young (Allocation Failure) 156M->156M(158M) 25.286ms
[2020-08-10T13:07:08.510+0300][1368.054s][debug][gc] GC(44544) Shrinking ParOldGen from 160256K by 125952K to 34304K
[2020-08-10T13:07:08.510+0300][1368.055s][info ][gc] GC(44544) Pause Full (Ergonomics) 156M->22M(35M) 52.603ms
[2020-08-10T13:07:08.523+0300][1368.067s][info ][gc] GC(44545) Pause Young (Allocation Failure) 23M->23M(35M) 12.533ms
[2020-08-10T13:07:08.536+0300][1368.080s][info ][gc] GC(44546) Pause Young (Allocation Failure) 23M->23M(35M) 12.743ms
[2020-08-10T13:07:08.549+0300][1368.094s][info ][gc] GC(44547) Pause Young (Allocation Failure) 24M->24M(35M) 12.776ms
[2020-08-10T13:07:08.562+0300][1368.107s][info ][gc] GC(44548) Pause Young (Allocation Failure) 24M->24M(35M) 12.945ms
[2020-08-10T13:07:08.576+0300][1368.120s][info ][gc] GC(44549) Pause Young (Allocation Failure) 25M->25M(35M) 12.960ms
[2020-08-10T13:07:08.589+0300][1368.134s][info ][gc] GC(44550) Pause Young (Allocation Failure) 25M->25M(35M) 12.991ms
[2020-08-10T13:07:08.602+0300][1368.147s][info ][gc] GC(44551) Pause Young (Allocation Failure) 26M->26M(35M) 12.892ms
[2020-08-10T13:07:08.616+0300][1368.160s][info ][gc] GC(44552) Pause Young (Allocation Failure) 26M->26M(35M) 12.789ms
[2020-08-10T13:07:08.629+0300][1368.174s][info ][gc] GC(44553) Pause Young (Allocation Failure) 27M->27M(35M) 12.898ms
[2020-08-10T13:07:08.642+0300][1368.187s][info ][gc] GC(44554) Pause Young (Allocation Failure) 27M->27M(35M) 12.917ms
[2020-08-10T13:07:08.656+0300][1368.201s][info ][gc] GC(44555) Pause Young (Allocation Failure) 27M->27M(35M) 13.002ms
[2020-08-10T13:07:08.669+0300][1368.214s][info ][gc] GC(44556) Pause Young (Allocation Failure) 28M->28M(35M) 12.961ms
[2020-08-10T13:07:08.683+0300][1368.227s][info ][gc] GC(44557) Pause Young (Allocation Failure) 28M->28M(35M) 12.926ms
[2020-08-10T13:07:08.696+0300][1368.241s][info ][gc] GC(44558) Pause Young (Allocation Failure) 29M->29M(35M) 12.905ms
[2020-08-10T13:07:08.709+0300][1368.254s][info ][gc] GC(44559) Pause Young (Allocation Failure) 29M->29M(35M) 12.936ms
[2020-08-10T13:07:08.723+0300][1368.267s][info ][gc] GC(44560) Pause Young (Allocation Failure) 30M->30M(35M) 12.953ms
[2020-08-10T13:07:08.736+0300][1368.281s][info ][gc] GC(44561) Pause Young (Allocation Failure) 30M->30M(35M) 12.900ms
[2020-08-10T13:07:08.749+0300][1368.294s][info ][gc] GC(44562) Pause Young (Allocation Failure) 31M->31M(35M) 12.893ms
[2020-08-10T13:07:08.763+0300][1368.308s][info ][gc] GC(44563) Pause Young (Allocation Failure) 31M->31M(35M) 12.998ms
[2020-08-10T13:07:08.777+0300][1368.321s][info ][gc] GC(44564) Pause Young (Allocation Failure) 32M->32M(35M) 13.090ms
[2020-08-10T13:07:08.790+0300][1368.335s][info ][gc] GC(44565) Pause Young (Allocation Failure) 32M->32M(35M) 12.850ms
[2020-08-10T13:07:08.804+0300][1368.348s][info ][gc] GC(44566) Pause Young (Allocation Failure) 33M->33M(35M) 13.233ms
[2020-08-10T13:07:08.860+0300][1368.404s][debug][gc] GC(44567) Expanding ParOldGen from 34304K by 10752K to 45056K
[2020-08-10T13:07:08.860+0300][1368.404s][info ][gc] GC(44567) Pause Full (Ergonomics) 33M->33M(46M) 55.793ms
[2020-08-10T13:07:08.873+0300][1368.418s][info ][gc] GC(44568) Pause Young (Allocation Failure) 34M->34M(46M) 12.971ms
[2020-08-10T13:07:08.887+0300][1368.432s][info ][gc] GC(44569) Pause Young (Allocation Failure) 35M->35M(45M) 13.426ms
[2020-08-10T13:07:08.900+0300][1368.445s][info ][gc] GC(44570) Pause Young (Allocation Failure) 35M->35M(46M) 12.922ms
[2020-08-10T13:07:08.914+0300][1368.459s][info ][gc] GC(44571) Pause Young (Allocation Failure) 36M->36M(46M) 13.001ms
[2020-08-10T13:07:08.927+0300][1368.472s][info ][gc] GC(44572) Pause Young (Allocation Failure) 36M->36M(45M) 13.116ms
[2020-08-10T13:07:08.941+0300][1368.486s][info ][gc] GC(44573) Pause Young (Allocation Failure) 37M->36M(45M) 13.012ms
[2020-08-10T13:07:08.954+0300][1368.499s][info ][gc] GC(44574) Pause Young (Allocation Failure) 37M->37M(45M) 12.850ms
[2020-08-10T13:07:08.968+0300][1368.512s][info ][gc] GC(44575) Pause Young (Allocation Failure) 37M->37M(45M) 12.903ms
[2020-08-10T13:07:08.981+0300][1368.526s][info ][gc] GC(44576) Pause Young (Allocation Failure) 38M->38M(45M) 12.972ms
[2020-08-10T13:07:08.994+0300][1368.539s][info ][gc] GC(44577) Pause Young (Allocation Failure) 38M->38M(45M) 12.979ms
[2020-08-10T13:07:09.008+0300][1368.552s][info ][gc] GC(44578) Pause Young (Allocation Failure) 39M->39M(45M) 12.880ms
[2020-08-10T13:07:09.021+0300][1368.566s][info ][gc] GC(44579) Pause Young (Allocation Failure) 39M->39M(45M) 12.947ms
[2020-08-10T13:07:09.034+0300][1368.579s][info ][gc] GC(44580) Pause Young (Allocation Failure) 40M->40M(45M) 12.957ms
[2020-08-10T13:07:09.048+0300][1368.593s][info ][gc] GC(44581) Pause Young (Allocation Failure) 40M->40M(45M) 12.906ms
[2020-08-10T13:07:09.061+0300][1368.606s][info ][gc] GC(44582) Pause Young (Allocation Failure) 41M->41M(45M) 12.962ms
[2020-08-10T13:07:09.074+0300][1368.619s][info ][gc] GC(44583) Pause Young (Allocation Failure) 41M->41M(45M) 12.930ms
[2020-08-10T13:07:09.088+0300][1368.632s][info ][gc] GC(44584) Pause Young (Allocation Failure) 42M->41M(45M) 12.786ms
[2020-08-10T13:07:09.101+0300][1368.646s][info ][gc] GC(44585) Pause Young (Allocation Failure) 42M->42M(45M) 12.936ms
[2020-08-10T13:07:09.114+0300][1368.659s][info ][gc] GC(44586) Pause Young (Allocation Failure) 42M->42M(45M) 12.973ms
[2020-08-10T13:07:09.128+0300][1368.673s][info ][gc] GC(44587) Pause Young (Allocation Failure) 43M->43M(45M) 12.906ms
[2020-08-10T13:07:09.141+0300][1368.686s][info ][gc] GC(44588) Pause Young (Allocation Failure) 43M->43M(45M) 12.967ms
[2020-08-10T13:07:09.154+0300][1368.699s][info ][gc] GC(44589) Pause Young (Allocation Failure) 44M->44M(45M) 12.934ms
[2020-08-10T13:07:09.248+0300][1368.792s][debug][gc] GC(44590) Expanding ParOldGen from 45056K by 10752K to 55808K
[2020-08-10T13:07:09.248+0300][1368.793s][info ][gc] GC(44590) Pause Full (Ergonomics) 44M->44M(56M) 93.084ms
[2020-08-10T13:07:09.267+0300][1368.812s][info ][gc] GC(44591) Pause Young (Allocation Failure) 44M->44M(56M) 18.648ms
[2020-08-10T13:07:09.280+0300][1368.825s][info ][gc] GC(44592) Pause Young (Allocation Failure) 45M->45M(56M) 13.222ms
[2020-08-10T13:07:09.294+0300][1368.839s][info ][gc] GC(44593) Pause Young (Allocation Failure) 45M->45M(56M) 13.083ms
[2020-08-10T13:07:09.307+0300][1368.852s][info ][gc] GC(44594) Pause Young (Allocation Failure) 45M->45M(56M) 13.126ms
[2020-08-10T13:07:09.321+0300][1368.866s][info ][gc] GC(44595) Pause Young (Allocation Failure) 46M->46M(56M) 13.084ms
[2020-08-10T13:07:09.334+0300][1368.879s][info ][gc] GC(44596) Pause Young (Allocation Failure) 46M->46M(56M) 13.152ms
[2020-08-10T13:07:09.348+0300][1368.893s][info ][gc] GC(44597) Pause Young (Allocation Failure) 47M->47M(56M) 13.079ms
[2020-08-10T13:07:09.362+0300][1368.906s][info ][gc] GC(44598) Pause Young (Allocation Failure) 47M->47M(56M) 13.039ms
[2020-08-10T13:07:09.375+0300][1368.920s][info ][gc] GC(44599) Pause Young (Allocation Failure) 48M->48M(56M) 12.934ms
[2020-08-10T13:07:09.389+0300][1368.933s][info ][gc] GC(44600) Pause Young (Allocation Failure) 48M->48M(56M) 13.019ms
[2020-08-10T13:07:09.402+0300][1368.947s][info ][gc] GC(44601) Pause Young (Allocation Failure) 49M->49M(56M) 13.142ms
[2020-08-10T13:07:09.416+0300][1368.961s][info ][gc] GC(44602) Pause Young (Allocation Failure) 49M->49M(56M) 13.102ms
[2020-08-10T13:07:09.429+0300][1368.974s][info ][gc] GC(44603) Pause Young (Allocation Failure) 50M->50M(56M) 13.016ms
[2020-08-10T13:07:09.443+0300][1368.987s][info ][gc] GC(44604) Pause Young (Allocation Failure) 50M->50M(56M) 13.033ms
[2020-08-10T13:07:09.456+0300][1369.001s][info ][gc] GC(44605) Pause Young (Allocation Failure) 51M->50M(56M) 13.145ms
[2020-08-10T13:07:09.470+0300][1369.015s][info ][gc] GC(44606) Pause Young (Allocation Failure) 51M->51M(56M) 13.095ms
[2020-08-10T13:07:09.483+0300][1369.028s][info ][gc] GC(44607) Pause Young (Allocation Failure) 51M->51M(56M) 13.034ms
[2020-08-10T13:07:09.497+0300][1369.041s][info ][gc] GC(44608) Pause Young (Allocation Failure) 52M->52M(56M) 13.001ms
[2020-08-10T13:07:09.510+0300][1369.055s][info ][gc] GC(44609) Pause Young (Allocation Failure) 52M->52M(56M) 13.108ms
[2020-08-10T13:07:09.524+0300][1369.069s][info ][gc] GC(44610) Pause Young (Allocation Failure) 53M->53M(56M) 13.115ms
[2020-08-10T13:07:09.537+0300][1369.082s][info ][gc] GC(44611) Pause Young (Allocation Failure) 53M->53M(56M) 13.106ms
[2020-08-10T13:07:09.551+0300][1369.096s][info ][gc] GC(44612) Pause Young (Allocation Failure) 54M->54M(56M) 13.106ms
[2020-08-10T13:07:09.564+0300][1369.109s][info ][gc] GC(44613) Pause Young (Allocation Failure) 54M->54M(56M) 13.129ms
[2020-08-10T13:07:09.678+0300][1369.223s][debug][gc] GC(44614) Expanding ParOldGen from 55808K by 10752K to 66560K
[2020-08-10T13:07:09.678+0300][1369.223s][info ][gc] GC(44614) Pause Full (Ergonomics) 54M->54M(66M) 113.668ms
[2020-08-10T13:07:09.692+0300][1369.236s][info ][gc] GC(44615) Pause Young (Allocation Failure) 55M->55M(66M) 12.979ms
[2020-08-10T13:07:09.705+0300][1369.250s][info ][gc] GC(44616) Pause Young (Allocation Failure) 56M->56M(67M) 13.250ms
[2020-08-10T13:07:09.719+0300][1369.264s][info ][gc] GC(44617) Pause Young (Allocation Failure) 57M->57M(67M) 13.381ms
[2020-08-10T13:07:09.733+0300][1369.278s][info ][gc] GC(44618) Pause Young (Allocation Failure) 58M->58M(66M) 13.517ms
[2020-08-10T13:07:09.747+0300][1369.292s][info ][gc] GC(44619) Pause Young (Allocation Failure) 58M->58M(67M) 13.287ms
[2020-08-10T13:07:09.761+0300][1369.306s][info ][gc] GC(44620) Pause Young (Allocation Failure) 59M->59M(67M) 13.033ms
[2020-08-10T13:07:09.774+0300][1369.319s][info ][gc] GC(44621) Pause Young (Allocation Failure) 59M->59M(67M) 13.013ms
[2020-08-10T13:07:09.788+0300][1369.333s][info ][gc] GC(44622) Pause Young (Allocation Failure) 60M->60M(66M) 13.146ms
[2020-08-10T13:07:09.801+0300][1369.346s][info ][gc] GC(44623) Pause Young (Allocation Failure) 60M->60M(66M) 13.100ms
[2020-08-10T13:07:09.815+0300][1369.360s][info ][gc] GC(44624) Pause Young (Allocation Failure) 61M->61M(66M) 13.109ms
[2020-08-10T13:07:09.828+0300][1369.373s][info ][gc] GC(44625) Pause Young (Allocation Failure) 61M->61M(66M) 13.156ms
[2020-08-10T13:07:09.842+0300][1369.387s][info ][gc] GC(44626) Pause Young (Allocation Failure) 61M->61M(66M) 13.063ms
[2020-08-10T13:07:09.855+0300][1369.400s][info ][gc] GC(44627) Pause Young (Allocation Failure) 62M->62M(66M) 13.041ms
[2020-08-10T13:07:09.869+0300][1369.414s][info ][gc] GC(44628) Pause Young (Allocation Failure) 62M->62M(66M) 13.090ms
[2020-08-10T13:07:09.883+0300][1369.427s][info ][gc] GC(44629) Pause Young (Allocation Failure) 63M->63M(66M) 13.096ms
[2020-08-10T13:07:09.896+0300][1369.441s][info ][gc] GC(44630) Pause Young (Allocation Failure) 63M->63M(66M) 12.965ms
[2020-08-10T13:07:09.910+0300][1369.454s][info ][gc] GC(44631) Pause Young (Allocation Failure) 64M->64M(66M) 13.058ms
[2020-08-10T13:07:09.923+0300][1369.468s][info ][gc] GC(44632) Pause Young (Allocation Failure) 64M->64M(66M) 12.994ms
[2020-08-10T13:07:09.937+0300][1369.481s][info ][gc] GC(44633) Pause Young (Allocation Failure) 65M->65M(66M) 13.032ms
[2020-08-10T13:07:10.073+0300][1369.618s][debug][gc] GC(44634) Expanding ParOldGen from 66560K by 11264K to 77824K
[2020-08-10T13:07:10.074+0300][1369.618s][info ][gc] GC(44634) Pause Full (Ergonomics) 65M->64M(77M) 136.674ms
[2020-08-10T13:07:10.087+0300][1369.632s][info ][gc] GC(44635) Pause Young (Allocation Failure) 65M->65M(77M) 12.883ms
[2020-08-10T13:07:10.100+0300][1369.645s][info ][gc] GC(44636) Pause Young (Allocation Failure) 65M->65M(77M) 13.029ms
[2020-08-10T13:07:10.114+0300][1369.659s][info ][gc] GC(44637) Pause Young (Allocation Failure) 66M->66M(77M) 13.059ms
[2020-08-10T13:07:10.127+0300][1369.672s][info ][gc] GC(44638) Pause Young (Allocation Failure) 66M->66M(77M) 13.047ms
[2020-08-10T13:07:10.141+0300][1369.686s][info ][gc] GC(44639) Pause Young (Allocation Failure) 67M->67M(77M) 13.090ms
[2020-08-10T13:07:10.154+0300][1369.699s][info ][gc] GC(44640) Pause Young (Allocation Failure) 67M->67M(77M) 12.859ms
[2020-08-10T13:07:10.182+0300][1369.727s][info ][gc] GC(44641) Pause Young (Allocation Failure) 68M->68M(77M) 27.688ms
[2020-08-10T13:07:10.202+0300][1369.747s][info ][gc] GC(44642) Pause Young (Allocation Failure) 68M->68M(77M) 19.529ms
[2020-08-10T13:07:10.222+0300][1369.766s][info ][gc] GC(44643) Pause Young (Allocation Failure) 69M->69M(77M) 18.676ms
[2020-08-10T13:07:10.237+0300][1369.782s][info ][gc] GC(44644) Pause Young (Allocation Failure) 69M->69M(77M) 15.209ms
[2020-08-10T13:07:10.251+0300][1369.795s][info ][gc] GC(44645) Pause Young (Allocation Failure) 70M->70M(77M) 12.932ms
[2020-08-10T13:07:10.264+0300][1369.809s][info ][gc] GC(44646) Pause Young (Allocation Failure) 70M->70M(77M) 13.067ms
[2020-08-10T13:07:10.278+0300][1369.822s][info ][gc] GC(44647) Pause Young (Allocation Failure) 70M->70M(77M) 13.043ms
[2020-08-10T13:07:10.291+0300][1369.836s][info ][gc] GC(44648) Pause Young (Allocation Failure) 71M->71M(77M) 13.092ms
[2020-08-10T13:07:10.305+0300][1369.849s][info ][gc] GC(44649) Pause Young (Allocation Failure) 71M->71M(77M) 13.055ms
[2020-08-10T13:07:10.318+0300][1369.863s][info ][gc] GC(44650) Pause Young (Allocation Failure) 72M->72M(77M) 13.080ms
[2020-08-10T13:07:10.352+0300][1369.897s][info ][gc] GC(44651) Pause Young (Allocation Failure) 72M->72M(77M) 33.787ms
[2020-08-10T13:07:10.383+0300][1369.928s][info ][gc] GC(44652) Pause Young (Allocation Failure) 73M->73M(77M) 29.997ms
[2020-08-10T13:07:10.398+0300][1369.943s][info ][gc] GC(44653) Pause Young (Allocation Failure) 73M->73M(77M) 14.705ms
[2020-08-10T13:07:10.413+0300][1369.958s][info ][gc] GC(44654) Pause Young (Allocation Failure) 74M->74M(77M) 14.360ms
[2020-08-10T13:07:10.427+0300][1369.971s][info ][gc] GC(44655) Pause Young (Allocation Failure) 74M->74M(77M) 13.578ms
[2020-08-10T13:07:10.441+0300][1369.986s][info ][gc] GC(44656) Pause Young (Allocation Failure) 75M->75M(77M) 13.596ms
[2020-08-10T13:07:10.455+0300][1370.000s][info ][gc] GC(44657) Pause Young (Allocation Failure) 75M->75M(77M) 13.548ms
[2020-08-10T13:07:10.469+0300][1370.014s][info ][gc] GC(44658) Pause Young (Allocation Failure) 76M->75M(77M) 13.543ms
[2020-08-10T13:07:10.646+0300][1370.191s][debug][gc] GC(44659) Expanding ParOldGen from 77824K by 10752K to 88576K
[2020-08-10T13:07:10.646+0300][1370.191s][info ][gc] GC(44659) Pause Full (Ergonomics) 75M->75M(88M) 177.065ms
[2020-08-10T13:07:10.660+0300][1370.204s][info ][gc] GC(44660) Pause Young (Allocation Failure) 76M->76M(88M) 13.153ms
[2020-08-10T13:07:10.674+0300][1370.218s][info ][gc] GC(44661) Pause Young (Allocation Failure) 76M->76M(88M) 13.412ms
[2020-08-10T13:07:10.687+0300][1370.232s][info ][gc] GC(44662) Pause Young (Allocation Failure) 77M->77M(88M) 13.499ms
[2020-08-10T13:07:10.701+0300][1370.246s][info ][gc] GC(44663) Pause Young (Allocation Failure) 77M->77M(88M) 13.680ms
[2020-08-10T13:07:10.715+0300][1370.260s][info ][gc] GC(44664) Pause Young (Allocation Failure) 78M->78M(88M) 13.608ms
[2020-08-10T13:07:10.730+0300][1370.275s][info ][gc] GC(44665) Pause Young (Allocation Failure) 79M->79M(88M) 13.914ms
[2020-08-10T13:07:10.744+0300][1370.289s][info ][gc] GC(44666) Pause Young (Allocation Failure) 80M->80M(88M) 13.793ms
[2020-08-10T13:07:10.759+0300][1370.304s][info ][gc] GC(44667) Pause Young (Allocation Failure) 81M->80M(88M) 14.076ms
[2020-08-10T13:07:10.774+0300][1370.319s][info ][gc] GC(44668) Pause Young (Allocation Failure) 81M->81M(89M) 14.130ms
[2020-08-10T13:07:10.788+0300][1370.333s][info ][gc] GC(44669) Pause Young (Allocation Failure) 82M->82M(89M) 14.153ms
[2020-08-10T13:07:10.803+0300][1370.348s][info ][gc] GC(44670) Pause Young (Allocation Failure) 83M->83M(89M) 14.484ms
[2020-08-10T13:07:10.818+0300][1370.363s][info ][gc] GC(44671) Pause Young (Allocation Failure) 84M->84M(89M) 14.235ms
[2020-08-10T13:07:10.833+0300][1370.378s][info ][gc] GC(44672) Pause Young (Allocation Failure) 85M->85M(89M) 14.369ms
[2020-08-10T13:07:10.848+0300][1370.393s][info ][gc] GC(44673) Pause Young (Allocation Failure) 86M->86M(89M) 14.259ms
[2020-08-10T13:07:11.123+0300][1370.668s][debug][gc] GC(44674) Expanding ParOldGen from 88576K by 11776K to 100352K
[2020-08-10T13:07:11.123+0300][1370.668s][info ][gc] GC(44674) Pause Full (Ergonomics) 86M->86M(100M) 274.753ms
[2020-08-10T13:07:11.137+0300][1370.682s][info ][gc] GC(44675) Pause Young (Allocation Failure) 87M->87M(100M) 13.652ms
[2020-08-10T13:07:11.152+0300][1370.697s][info ][gc] GC(44676) Pause Young (Allocation Failure) 88M->88M(100M) 14.595ms
[2020-08-10T13:07:11.167+0300][1370.712s][info ][gc] GC(44677) Pause Young (Allocation Failure) 89M->89M(100M) 14.427ms
[2020-08-10T13:07:11.183+0300][1370.728s][info ][gc] GC(44678) Pause Young (Allocation Failure) 90M->90M(100M) 14.827ms
[2020-08-10T13:07:11.198+0300][1370.743s][info ][gc] GC(44679) Pause Young (Allocation Failure) 91M->91M(100M) 14.716ms
[2020-08-10T13:07:11.213+0300][1370.758s][info ][gc] GC(44680) Pause Young (Allocation Failure) 92M->92M(100M) 14.895ms
[2020-08-10T13:07:11.229+0300][1370.774s][info ][gc] GC(44681) Pause Young (Allocation Failure) 93M->93M(100M) 15.000ms
[2020-08-10T13:07:11.244+0300][1370.789s][info ][gc] GC(44682) Pause Young (Allocation Failure) 94M->93M(100M) 14.658ms
[2020-08-10T13:07:11.260+0300][1370.805s][info ][gc] GC(44683) Pause Young (Allocation Failure) 94M->94M(100M) 15.439ms
[2020-08-10T13:07:11.276+0300][1370.820s][info ][gc] GC(44684) Pause Young (Allocation Failure) 95M->95M(100M) 15.247ms
[2020-08-10T13:07:11.291+0300][1370.836s][info ][gc] GC(44685) Pause Young (Allocation Failure) 96M->96M(100M) 15.210ms
[2020-08-10T13:07:11.307+0300][1370.852s][info ][gc] GC(44686) Pause Young (Allocation Failure) 97M->97M(100M) 15.479ms
[2020-08-10T13:07:11.544+0300][1371.089s][debug][gc] GC(44687) Expanding ParOldGen from 100352K by 11264K to 111616K
[2020-08-10T13:07:11.544+0300][1371.089s][info ][gc] GC(44687) Pause Full (Ergonomics) 97M->97M(111M) 236.750ms
[2020-08-10T13:07:11.559+0300][1371.104s][info ][gc] GC(44688) Pause Young (Allocation Failure) 98M->98M(111M) 13.724ms
[2020-08-10T13:07:11.575+0300][1371.120s][info ][gc] GC(44689) Pause Young (Allocation Failure) 99M->99M(111M) 15.613ms
[2020-08-10T13:07:11.591+0300][1371.136s][info ][gc] GC(44690) Pause Young (Allocation Failure) 100M->100M(111M) 15.535ms
[2020-08-10T13:07:11.607+0300][1371.152s][info ][gc] GC(44691) Pause Young (Allocation Failure) 101M->101M(111M) 15.597ms
[2020-08-10T13:07:11.623+0300][1371.168s][info ][gc] GC(44692) Pause Young (Allocation Failure) 102M->102M(111M) 15.669ms
[2020-08-10T13:07:11.639+0300][1371.184s][info ][gc] GC(44693) Pause Young (Allocation Failure) 103M->103M(111M) 15.698ms
[2020-08-10T13:07:11.655+0300][1371.200s][info ][gc] GC(44694) Pause Young (Allocation Failure) 104M->104M(111M) 16.006ms
[2020-08-10T13:07:11.672+0300][1371.216s][info ][gc] GC(44695) Pause Young (Allocation Failure) 105M->105M(111M) 15.607ms
[2020-08-10T13:07:11.688+0300][1371.233s][info ][gc] GC(44696) Pause Young (Allocation Failure) 106M->106M(111M) 15.816ms
[2020-08-10T13:07:11.704+0300][1371.249s][info ][gc] GC(44697) Pause Young (Allocation Failure) 107M->106M(111M) 16.112ms
[2020-08-10T13:07:11.721+0300][1371.266s][info ][gc] GC(44698) Pause Young (Allocation Failure) 107M->107M(111M) 16.232ms
[2020-08-10T13:07:11.738+0300][1371.283s][info ][gc] GC(44699) Pause Young (Allocation Failure) 108M->108M(111M) 16.659ms
[2020-08-10T13:07:12.016+0300][1371.561s][debug][gc] GC(44700) Expanding ParOldGen from 111616K by 11264K to 122880K
[2020-08-10T13:07:12.016+0300][1371.561s][info ][gc] GC(44700) Pause Full (Ergonomics) 108M->108M(122M) 277.563ms
[2020-08-10T13:07:12.030+0300][1371.575s][info ][gc] GC(44701) Pause Young (Allocation Failure) 109M->109M(122M) 13.776ms
[2020-08-10T13:07:12.047+0300][1371.592s][info ][gc] GC(44702) Pause Young (Allocation Failure) 110M->110M(122M) 16.414ms
[2020-08-10T13:07:12.065+0300][1371.609s][info ][gc] GC(44703) Pause Young (Allocation Failure) 111M->111M(122M) 16.716ms
[2020-08-10T13:07:12.081+0300][1371.626s][info ][gc] GC(44704) Pause Young (Allocation Failure) 112M->112M(122M) 16.287ms
[2020-08-10T13:07:12.099+0300][1371.644s][info ][gc] GC(44705) Pause Young (Allocation Failure) 113M->113M(122M) 16.814ms
[2020-08-10T13:07:12.116+0300][1371.661s][info ][gc] GC(44706) Pause Young (Allocation Failure) 114M->114M(122M) 17.079ms
[2020-08-10T13:07:12.134+0300][1371.679s][info ][gc] GC(44707) Pause Young (Allocation Failure) 115M->115M(122M) 16.903ms
[2020-08-10T13:07:12.152+0300][1371.697s][info ][gc] GC(44708) Pause Young (Allocation Failure) 116M->116M(122M) 17.250ms
[2020-08-10T13:07:12.169+0300][1371.714s][info ][gc] GC(44709) Pause Young (Allocation Failure) 117M->117M(122M) 17.153ms
[2020-08-10T13:07:12.187+0300][1371.732s][info ][gc] GC(44710) Pause Young (Allocation Failure) 118M->118M(122M) 17.274ms
[2020-08-10T13:07:12.205+0300][1371.750s][info ][gc] GC(44711) Pause Young (Allocation Failure) 119M->119M(122M) 17.402ms
[2020-08-10T13:07:12.223+0300][1371.768s][info ][gc] GC(44712) Pause Young (Allocation Failure) 120M->120M(122M) 17.468ms
[2020-08-10T13:07:12.523+0300][1372.067s][debug][gc] GC(44713) Expanding ParOldGen from 122880K by 11776K to 134656K
[2020-08-10T13:07:12.523+0300][1372.068s][info ][gc] GC(44713) Pause Full (Ergonomics) 120M->119M(134M) 299.208ms
[2020-08-10T13:07:12.540+0300][1372.084s][info ][gc] GC(44714) Pause Young (Allocation Failure) 120M->120M(134M) 15.432ms
[2020-08-10T13:07:12.558+0300][1372.102s][info ][gc] GC(44715) Pause Young (Allocation Failure) 121M->121M(134M) 17.580ms
[2020-08-10T13:07:12.576+0300][1372.120s][info ][gc] GC(44716) Pause Young (Allocation Failure) 122M->122M(134M) 17.912ms
[2020-08-10T13:07:12.594+0300][1372.138s][info ][gc] GC(44717) Pause Young (Allocation Failure) 123M->123M(134M) 17.872ms
[2020-08-10T13:07:12.613+0300][1372.157s][info ][gc] GC(44718) Pause Young (Allocation Failure) 124M->124M(134M) 18.124ms
[2020-08-10T13:07:12.632+0300][1372.175s][info ][gc] GC(44719) Pause Young (Allocation Failure) 125M->125M(134M) 18.228ms
[2020-08-10T13:07:12.650+0300][1372.194s][info ][gc] GC(44720) Pause Young (Allocation Failure) 126M->126M(134M) 18.196ms
[2020-08-10T13:07:12.669+0300][1372.213s][info ][gc] GC(44721) Pause Young (Allocation Failure) 127M->127M(134M) 18.255ms
[2020-08-10T13:07:12.688+0300][1372.232s][info ][gc] GC(44722) Pause Young (Allocation Failure) 128M->128M(134M) 18.358ms
[2020-08-10T13:07:12.707+0300][1372.251s][info ][gc] GC(44723) Pause Young (Allocation Failure) 129M->129M(134M) 18.524ms
[2020-08-10T13:07:12.726+0300][1372.270s][info ][gc] GC(44724) Pause Young (Allocation Failure) 130M->130M(134M) 18.341ms
[2020-08-10T13:07:12.745+0300][1372.289s][info ][gc] GC(44725) Pause Young (Allocation Failure) 131M->131M(134M) 18.435ms
[2020-08-10T13:07:12.764+0300][1372.308s][info ][gc] GC(44726) Pause Young (Allocation Failure) 132M->132M(134M) 18.646ms
[2020-08-10T13:07:13.120+0300][1372.664s][debug][gc] GC(44727) Expanding ParOldGen from 134656K by 11264K to 145920K
[2020-08-10T13:07:13.120+0300][1372.664s][info ][gc] GC(44727) Pause Full (Ergonomics) 132M->132M(145M) 355.895ms
[2020-08-10T13:07:13.159+0300][1372.703s][info ][gc] GC(44728) Pause Young (Allocation Failure) 133M->132M(145M) 38.651ms
[2020-08-10T13:07:13.179+0300][1372.723s][info ][gc] GC(44729) Pause Young (Allocation Failure) 133M->133M(145M) 19.189ms
[2020-08-10T13:07:13.198+0300][1372.742s][info ][gc] GC(44730) Pause Young (Allocation Failure) 134M->134M(145M) 19.077ms
[2020-08-10T13:07:13.199+0300][1372.743s][debug][gc] Expanding ParOldGen from 145920K by 19968K to 165888K
[2020-08-10T13:07:13.225+0300][1372.769s][info ][gc] GC(44731) Pause Young (Allocation Failure) 154M->154M(164M) 18.751ms
[2020-08-10T13:07:13.242+0300][1372.786s][info ][gc] GC(44732) Pause Young (Allocation Failure) 155M->155M(164M) 16.035ms
[2020-08-10T13:07:13.257+0300][1372.801s][info ][gc] GC(44733) Pause Young (Allocation Failure) 156M->156M(164M) 14.251ms
[2020-08-10T13:07:13.271+0300][1372.815s][info ][gc] GC(44734) Pause Young (Allocation Failure) 157M->157M(164M) 14.047ms
[2020-08-10T13:07:13.286+0300][1372.830s][info ][gc] GC(44735) Pause Young (Allocation Failure) 158M->158M(164M) 14.232ms
[2020-08-10T13:07:13.300+0300][1372.844s][info ][gc] GC(44736) Pause Young (Allocation Failure) 159M->159M(164M) 14.173ms
[2020-08-10T13:07:13.315+0300][1372.859s][info ][gc] GC(44737) Pause Young (Allocation Failure) 160M->160M(164M) 14.182ms
[2020-08-10T13:07:13.330+0300][1372.874s][info ][gc] GC(44738) Pause Young (Allocation Failure) 161M->161M(164M) 14.213ms
[2020-08-10T13:07:13.344+0300][1372.888s][info ][gc] GC(44739) Pause Young (Allocation Failure) 162M->162M(164M) 14.297ms
[2020-08-10T13:07:13.439+0300][1372.982s][debug][gc] GC(44740) Shrinking ParOldGen from 165888K by 124928K to 40960K
[2020-08-10T13:07:13.439+0300][1372.983s][info ][gc] GC(44740) Pause Full (Ergonomics) 162M->28M(42M) 94.116ms
[2020-08-10T13:07:13.471+0300][1373.015s][info ][gc] GC(44741) Pause Young (Allocation Failure) 29M->29M(42M) 32.205ms
[2020-08-10T13:07:13.487+0300][1373.031s][info ][gc] GC(44742) Pause Young (Allocation Failure) 30M->30M(42M) 14.738ms
[2020-08-10T13:07:13.502+0300][1373.046s][info ][gc] GC(44743) Pause Young (Allocation Failure) 31M->31M(42M) 14.664ms
[2020-08-10T13:07:13.516+0300][1373.060s][info ][gc] GC(44744) Pause Young (Allocation Failure) 32M->32M(42M) 13.905ms
[2020-08-10T13:07:13.532+0300][1373.076s][info ][gc] GC(44745) Pause Young (Allocation Failure) 33M->33M(42M) 14.659ms
[2020-08-10T13:07:13.546+0300][1373.090s][info ][gc] GC(44746) Pause Young (Allocation Failure) 34M->34M(42M) 13.621ms
[2020-08-10T13:07:13.560+0300][1373.104s][info ][gc] GC(44747) Pause Young (Allocation Failure) 35M->34M(42M) 13.765ms
[2020-08-10T13:07:13.575+0300][1373.119s][info ][gc] GC(44748) Pause Young (Allocation Failure) 35M->35M(42M) 13.837ms
[2020-08-10T13:07:13.589+0300][1373.133s][info ][gc] GC(44749) Pause Young (Allocation Failure) 36M->36M(42M) 13.672ms
[2020-08-10T13:07:13.604+0300][1373.148s][info ][gc] GC(44750) Pause Young (Allocation Failure) 37M->37M(42M) 13.961ms
[2020-08-10T13:07:13.618+0300][1373.162s][info ][gc] GC(44751) Pause Young (Allocation Failure) 38M->38M(42M) 13.774ms
[2020-08-10T13:07:13.632+0300][1373.176s][info ][gc] GC(44752) Pause Young (Allocation Failure) 39M->39M(42M) 13.750ms
[2020-08-10T13:07:13.656+0300][1373.200s][info ][gc] GC(44753) Pause Young (Allocation Failure) 40M->40M(42M) 23.276ms
[2020-08-10T13:07:13.740+0300][1373.284s][debug][gc] GC(44754) Expanding ParOldGen from 40960K by 11264K to 52224K
[2020-08-10T13:07:13.740+0300][1373.284s][info ][gc] GC(44754) Pause Full (Ergonomics) 40M->40M(53M) 84.359ms
[2020-08-10T13:07:13.777+0300][1373.321s][info ][gc] GC(44755) Pause Young (Allocation Failure) 41M->41M(53M) 36.385ms
[2020-08-10T13:07:13.792+0300][1373.336s][info ][gc] GC(44756) Pause Young (Allocation Failure) 42M->42M(53M) 13.918ms
[2020-08-10T13:07:13.806+0300][1373.350s][info ][gc] GC(44757) Pause Young (Allocation Failure) 43M->43M(53M) 13.926ms
[2020-08-10T13:07:13.820+0300][1373.364s][info ][gc] GC(44758) Pause Young (Allocation Failure) 44M->44M(53M) 13.887ms
[2020-08-10T13:07:13.835+0300][1373.379s][info ][gc] GC(44759) Pause Young (Allocation Failure) 45M->45M(53M) 14.118ms
[2020-08-10T13:07:13.849+0300][1373.394s][info ][gc] GC(44760) Pause Young (Allocation Failure) 46M->46M(53M) 14.069ms
[2020-08-10T13:07:13.864+0300][1373.408s][info ][gc] GC(44761) Pause Young (Allocation Failure) 47M->47M(53M) 14.089ms
[2020-08-10T13:07:13.879+0300][1373.423s][info ][gc] GC(44762) Pause Young (Allocation Failure) 48M->48M(53M) 14.062ms
[2020-08-10T13:07:13.894+0300][1373.438s][info ][gc] GC(44763) Pause Young (Allocation Failure) 49M->49M(53M) 14.086ms
[2020-08-10T13:07:13.908+0300][1373.452s][info ][gc] GC(44764) Pause Young (Allocation Failure) 50M->50M(53M) 13.947ms
[2020-08-10T13:07:13.923+0300][1373.467s][info ][gc] GC(44765) Pause Young (Allocation Failure) 51M->50M(53M) 13.971ms
[2020-08-10T13:07:14.025+0300][1373.569s][debug][gc] GC(44766) Expanding ParOldGen from 52224K by 11264K to 63488K
[2020-08-10T13:07:14.025+0300][1373.569s][info ][gc] GC(44766) Pause Full (Ergonomics) 50M->50M(64M) 102.456ms
[2020-08-10T13:07:14.039+0300][1373.583s][info ][gc] GC(44767) Pause Young (Allocation Failure) 51M->51M(64M) 13.270ms
[2020-08-10T13:07:14.053+0300][1373.597s][info ][gc] GC(44768) Pause Young (Allocation Failure) 52M->52M(64M) 13.848ms
[2020-08-10T13:07:14.068+0300][1373.612s][info ][gc] GC(44769) Pause Young (Allocation Failure) 53M->53M(64M) 14.297ms
[2020-08-10T13:07:14.083+0300][1373.627s][info ][gc] GC(44770) Pause Young (Allocation Failure) 54M->54M(64M) 13.961ms
[2020-08-10T13:07:14.097+0300][1373.641s][info ][gc] GC(44771) Pause Young (Allocation Failure) 55M->55M(64M) 14.055ms
[2020-08-10T13:07:14.112+0300][1373.656s][info ][gc] GC(44772) Pause Young (Allocation Failure) 56M->56M(64M) 13.967ms
[2020-08-10T13:07:14.126+0300][1373.670s][info ][gc] GC(44773) Pause Young (Allocation Failure) 57M->57M(64M) 13.977ms
[2020-08-10T13:07:14.141+0300][1373.685s][info ][gc] GC(44774) Pause Young (Allocation Failure) 58M->58M(64M) 13.895ms
[2020-08-10T13:07:14.156+0300][1373.700s][info ][gc] GC(44775) Pause Young (Allocation Failure) 59M->59M(64M) 14.030ms
[2020-08-10T13:07:14.170+0300][1373.714s][info ][gc] GC(44776) Pause Young (Allocation Failure) 60M->60M(64M) 14.072ms
[2020-08-10T13:07:14.185+0300][1373.729s][info ][gc] GC(44777) Pause Young (Allocation Failure) 61M->61M(64M) 14.083ms
[2020-08-10T13:07:14.199+0300][1373.743s][info ][gc] GC(44778) Pause Young (Allocation Failure) 62M->62M(64M) 13.906ms
[2020-08-10T13:07:14.334+0300][1373.878s][debug][gc] GC(44779) Expanding ParOldGen from 63488K by 11264K to 74752K
[2020-08-10T13:07:14.334+0300][1373.878s][info ][gc] GC(44779) Pause Full (Ergonomics) 62M->62M(75M) 134.667ms
[2020-08-10T13:07:14.360+0300][1373.905s][info ][gc] GC(44780) Pause Young (Allocation Failure) 63M->63M(75M) 25.681ms
[2020-08-10T13:07:14.397+0300][1373.941s][info ][gc] GC(44781) Pause Young (Allocation Failure) 64M->64M(75M) 35.868ms
[2020-08-10T13:07:14.429+0300][1373.973s][info ][gc] GC(44782) Pause Young (Allocation Failure) 65M->64M(75M) 31.753ms
[2020-08-10T13:07:14.446+0300][1373.990s][info ][gc] GC(44783) Pause Young (Allocation Failure) 65M->65M(75M) 15.545ms
[2020-08-10T13:07:14.462+0300][1374.006s][info ][gc] GC(44784) Pause Young (Allocation Failure) 66M->66M(75M) 15.243ms
[2020-08-10T13:07:14.476+0300][1374.020s][info ][gc] GC(44785) Pause Young (Allocation Failure) 67M->67M(75M) 14.202ms
[2020-08-10T13:07:14.491+0300][1374.035s][info ][gc] GC(44786) Pause Young (Allocation Failure) 68M->68M(75M) 14.191ms
[2020-08-10T13:07:14.506+0300][1374.050s][info ][gc] GC(44787) Pause Young (Allocation Failure) 69M->69M(75M) 14.218ms
[2020-08-10T13:07:14.521+0300][1374.065s][info ][gc] GC(44788) Pause Young (Allocation Failure) 70M->70M(75M) 14.227ms
[2020-08-10T13:07:14.536+0300][1374.080s][info ][gc] GC(44789) Pause Young (Allocation Failure) 71M->71M(75M) 14.209ms
[2020-08-10T13:07:14.550+0300][1374.094s][info ][gc] GC(44790) Pause Young (Allocation Failure) 72M->72M(75M) 13.990ms
[2020-08-10T13:07:14.565+0300][1374.109s][info ][gc] GC(44791) Pause Young (Allocation Failure) 73M->73M(75M) 14.064ms
[2020-08-10T13:07:14.797+0300][1374.342s][debug][gc] GC(44792) Expanding ParOldGen from 74752K by 11776K to 86528K
[2020-08-10T13:07:14.798+0300][1374.342s][info ][gc] GC(44792) Pause Full (Ergonomics) 73M->73M(86M) 232.936ms
[2020-08-10T13:07:14.828+0300][1374.372s][info ][gc] GC(44793) Pause Young (Allocation Failure) 74M->74M(86M) 30.190ms
[2020-08-10T13:07:14.843+0300][1374.387s][info ][gc] GC(44794) Pause Young (Allocation Failure) 75M->75M(86M) 14.268ms
[2020-08-10T13:07:14.858+0300][1374.402s][info ][gc] GC(44795) Pause Young (Allocation Failure) 76M->76M(86M) 14.020ms
[2020-08-10T13:07:14.872+0300][1374.416s][info ][gc] GC(44796) Pause Young (Allocation Failure) 77M->77M(86M) 14.144ms
[2020-08-10T13:07:14.887+0300][1374.431s][info ][gc] GC(44797) Pause Young (Allocation Failure) 78M->78M(86M) 14.252ms
[2020-08-10T13:07:14.901+0300][1374.445s][info ][gc] GC(44798) Pause Young (Allocation Failure) 79M->79M(86M) 14.053ms
[2020-08-10T13:07:14.916+0300][1374.460s][info ][gc] GC(44799) Pause Young (Allocation Failure) 80M->80M(86M) 14.120ms
[2020-08-10T13:07:14.930+0300][1374.474s][info ][gc] GC(44800) Pause Young (Allocation Failure) 81M->81M(86M) 14.093ms
[2020-08-10T13:07:14.945+0300][1374.489s][info ][gc] GC(44801) Pause Young (Allocation Failure) 82M->81M(86M) 14.188ms
[2020-08-10T13:07:14.960+0300][1374.504s][info ][gc] GC(44802) Pause Young (Allocation Failure) 82M->82M(86M) 14.292ms
[2020-08-10T13:07:14.975+0300][1374.519s][info ][gc] GC(44803) Pause Young (Allocation Failure) 83M->83M(86M) 14.461ms
[2020-08-10T13:07:14.989+0300][1374.533s][info ][gc] GC(44804) Pause Young (Allocation Failure) 84M->84M(86M) 14.427ms
[2020-08-10T13:07:15.203+0300][1374.747s][debug][gc] GC(44805) Expanding ParOldGen from 86528K by 11264K to 97792K
[2020-08-10T13:07:15.203+0300][1374.747s][info ][gc] GC(44805) Pause Full (Ergonomics) 84M->84M(97M) 213.608ms
[2020-08-10T13:07:15.236+0300][1374.780s][info ][gc] GC(44806) Pause Young (Allocation Failure) 85M->85M(97M) 32.041ms
[2020-08-10T13:07:15.251+0300][1374.795s][info ][gc] GC(44807) Pause Young (Allocation Failure) 86M->86M(97M) 14.675ms
[2020-08-10T13:07:15.267+0300][1374.811s][info ][gc] GC(44808) Pause Young (Allocation Failure) 87M->87M(97M) 15.044ms
[2020-08-10T13:07:15.282+0300][1374.826s][info ][gc] GC(44809) Pause Young (Allocation Failure) 88M->88M(97M) 15.045ms
[2020-08-10T13:07:15.298+0300][1374.842s][info ][gc] GC(44810) Pause Young (Allocation Failure) 89M->89M(97M) 14.844ms
[2020-08-10T13:07:15.313+0300][1374.857s][info ][gc] GC(44811) Pause Young (Allocation Failure) 90M->90M(97M) 14.842ms
[2020-08-10T13:07:15.328+0300][1374.872s][info ][gc] GC(44812) Pause Young (Allocation Failure) 91M->91M(97M) 15.023ms
[2020-08-10T13:07:15.344+0300][1374.888s][info ][gc] GC(44813) Pause Young (Allocation Failure) 92M->92M(98M) 15.293ms
[2020-08-10T13:07:15.360+0300][1374.904s][info ][gc] GC(44814) Pause Young (Allocation Failure) 93M->93M(97M) 15.476ms
[2020-08-10T13:07:15.376+0300][1374.920s][info ][gc] GC(44815) Pause Young (Allocation Failure) 94M->94M(97M) 15.379ms
[2020-08-10T13:07:15.392+0300][1374.936s][info ][gc] GC(44816) Pause Young (Allocation Failure) 95M->95M(97M) 15.499ms
[2020-08-10T13:07:15.409+0300][1374.953s][info ][gc] GC(44817) Pause Young (Allocation Failure) 96M->96M(98M) 15.904ms
[2020-08-10T13:07:15.669+0300][1375.213s][debug][gc] GC(44818) Expanding ParOldGen from 97792K by 11264K to 109056K
[2020-08-10T13:07:15.669+0300][1375.213s][info ][gc] GC(44818) Pause Full (Ergonomics) 96M->95M(109M) 260.176ms
[2020-08-10T13:07:15.709+0300][1375.253s][info ][gc] GC(44819) Pause Young (Allocation Failure) 96M->96M(109M) 39.168ms
[2020-08-10T13:07:15.725+0300][1375.269s][info ][gc] GC(44820) Pause Young (Allocation Failure) 97M->97M(109M) 15.802ms
[2020-08-10T13:07:15.741+0300][1375.286s][info ][gc] GC(44821) Pause Young (Allocation Failure) 98M->98M(109M) 15.803ms
[2020-08-10T13:07:15.758+0300][1375.302s][info ][gc] GC(44822) Pause Young (Allocation Failure) 99M->99M(108M) 16.135ms
[2020-08-10T13:07:15.775+0300][1375.319s][info ][gc] GC(44823) Pause Young (Allocation Failure) 100M->100M(108M) 16.149ms
[2020-08-10T13:07:15.792+0300][1375.336s][info ][gc] GC(44824) Pause Young (Allocation Failure) 101M->101M(108M) 16.343ms
[2020-08-10T13:07:15.807+0300][1375.351s][info ][gc] GC(44825) Pause Young (Allocation Failure) 102M->102M(109M) 14.872ms
[2020-08-10T13:07:15.824+0300][1375.368s][info ][gc] GC(44826) Pause Young (Allocation Failure) 103M->103M(109M) 16.518ms
[2020-08-10T13:07:15.841+0300][1375.386s][info ][gc] GC(44827) Pause Young (Allocation Failure) 104M->104M(109M) 16.677ms
[2020-08-10T13:07:15.858+0300][1375.403s][info ][gc] GC(44828) Pause Young (Allocation Failure) 105M->105M(109M) 16.462ms
[2020-08-10T13:07:15.876+0300][1375.420s][info ][gc] GC(44829) Pause Young (Allocation Failure) 106M->106M(109M) 16.529ms
[2020-08-10T13:07:16.136+0300][1375.680s][debug][gc] GC(44830) Expanding ParOldGen from 109056K by 11776K to 120832K
[2020-08-10T13:07:16.136+0300][1375.680s][info ][gc] GC(44830) Pause Full (Ergonomics) 106M->106M(120M) 260.351ms
[2020-08-10T13:07:16.156+0300][1375.700s][info ][gc] GC(44831) Pause Young (Allocation Failure) 107M->107M(120M) 19.531ms
[2020-08-10T13:07:16.173+0300][1375.717s][info ][gc] GC(44832) Pause Young (Allocation Failure) 108M->108M(120M) 16.309ms
[2020-08-10T13:07:16.190+0300][1375.734s][info ][gc] GC(44833) Pause Young (Allocation Failure) 109M->109M(120M) 16.415ms
[2020-08-10T13:07:16.207+0300][1375.752s][info ][gc] GC(44834) Pause Young (Allocation Failure) 110M->110M(120M) 16.455ms
[2020-08-10T13:07:16.225+0300][1375.769s][info ][gc] GC(44835) Pause Young (Allocation Failure) 111M->111M(120M) 16.606ms
[2020-08-10T13:07:16.242+0300][1375.786s][info ][gc] GC(44836) Pause Young (Allocation Failure) 112M->112M(120M) 16.893ms
[2020-08-10T13:07:16.259+0300][1375.803s][info ][gc] GC(44837) Pause Young (Allocation Failure) 113M->112M(120M) 16.593ms
[2020-08-10T13:07:16.277+0300][1375.821s][info ][gc] GC(44838) Pause Young (Allocation Failure) 113M->113M(120M) 16.765ms
[2020-08-10T13:07:16.294+0300][1375.838s][info ][gc] GC(44839) Pause Young (Allocation Failure) 114M->114M(120M) 16.793ms
[2020-08-10T13:07:16.311+0300][1375.856s][info ][gc] GC(44840) Pause Young (Allocation Failure) 115M->115M(120M) 16.942ms
[2020-08-10T13:07:16.329+0300][1375.873s][info ][gc] GC(44841) Pause Young (Allocation Failure) 116M->116M(120M) 17.269ms
[2020-08-10T13:07:16.347+0300][1375.891s][info ][gc] GC(44842) Pause Young (Allocation Failure) 117M->117M(120M) 16.753ms
[2020-08-10T13:07:16.364+0300][1375.908s][info ][gc] GC(44843) Pause Young (Allocation Failure) 118M->118M(120M) 17.067ms
[2020-08-10T13:07:16.742+0300][1376.286s][debug][gc] GC(44844) Expanding ParOldGen from 120832K by 11264K to 132096K
[2020-08-10T13:07:16.742+0300][1376.286s][info ][gc] GC(44844) Pause Full (Ergonomics) 118M->118M(131M) 377.719ms
[2020-08-10T13:07:16.780+0300][1376.324s][info ][gc] GC(44845) Pause Young (Allocation Failure) 119M->119M(131M) 37.366ms
[2020-08-10T13:07:16.798+0300][1376.343s][info ][gc] GC(44846) Pause Young (Allocation Failure) 120M->120M(131M) 17.950ms
[2020-08-10T13:07:16.817+0300][1376.361s][info ][gc] GC(44847) Pause Young (Allocation Failure) 121M->121M(131M) 17.818ms
[2020-08-10T13:07:16.835+0300][1376.379s][info ][gc] GC(44848) Pause Young (Allocation Failure) 122M->122M(131M) 17.985ms
[2020-08-10T13:07:16.854+0300][1376.398s][info ][gc] GC(44849) Pause Young (Allocation Failure) 123M->123M(131M) 18.093ms
[2020-08-10T13:07:16.873+0300][1376.417s][info ][gc] GC(44850) Pause Young (Allocation Failure) 124M->124M(131M) 18.554ms
[2020-08-10T13:07:16.892+0300][1376.436s][info ][gc] GC(44851) Pause Young (Allocation Failure) 125M->125M(131M) 18.358ms
[2020-08-10T13:07:16.910+0300][1376.454s][info ][gc] GC(44852) Pause Young (Allocation Failure) 126M->126M(131M) 18.323ms
[2020-08-10T13:07:16.929+0300][1376.474s][info ][gc] GC(44853) Pause Young (Allocation Failure) 127M->127M(131M) 18.635ms
[2020-08-10T13:07:16.949+0300][1376.493s][info ][gc] GC(44854) Pause Young (Allocation Failure) 128M->128M(131M) 19.153ms
[2020-08-10T13:07:16.968+0300][1376.512s][info ][gc] GC(44855) Pause Young (Allocation Failure) 129M->129M(131M) 18.561ms
[2020-08-10T13:07:17.308+0300][1376.853s][debug][gc] GC(44856) Expanding ParOldGen from 132096K by 11264K to 143360K
[2020-08-10T13:07:17.309+0300][1376.853s][info ][gc] GC(44856) Pause Full (Ergonomics) 129M->128M(142M) 340.470ms
[2020-08-10T13:07:17.325+0300][1376.869s][info ][gc] GC(44857) Pause Young (Allocation Failure) 129M->129M(142M) 15.936ms
[2020-08-10T13:07:17.344+0300][1376.888s][info ][gc] GC(44858) Pause Young (Allocation Failure) 130M->130M(142M) 18.747ms
[2020-08-10T13:07:17.363+0300][1376.907s][info ][gc] GC(44859) Pause Young (Allocation Failure) 131M->131M(142M) 18.426ms
[2020-08-10T13:07:17.382+0300][1376.926s][info ][gc] GC(44860) Pause Young (Allocation Failure) 132M->132M(142M) 18.510ms
[2020-08-10T13:07:17.401+0300][1376.945s][info ][gc] GC(44861) Pause Young (Allocation Failure) 133M->133M(142M) 18.646ms
[2020-08-10T13:07:17.420+0300][1376.964s][info ][gc] GC(44862) Pause Young (Allocation Failure) 134M->134M(142M) 18.816ms
[2020-08-10T13:07:17.439+0300][1376.984s][info ][gc] GC(44863) Pause Young (Allocation Failure) 135M->135M(142M) 18.834ms
[2020-08-10T13:07:17.439+0300][1376.984s][debug][gc] Expanding ParOldGen from 143360K by 19968K to 163328K
[2020-08-10T13:07:17.493+0300][1377.037s][info ][gc] GC(44864) Pause Young (Allocation Failure) 155M->155M(162M) 45.520ms
[2020-08-10T13:07:17.535+0300][1377.079s][info ][gc] GC(44865) Pause Young (Allocation Failure) 156M->156M(162M) 41.730ms
[2020-08-10T13:07:17.563+0300][1377.108s][info ][gc] GC(44866) Pause Young (Allocation Failure) 157M->157M(162M) 27.578ms
[2020-08-10T13:07:17.619+0300][1377.163s][info ][gc] GC(44867) Pause Young (Allocation Failure) 158M->158M(162M) 55.145ms
[2020-08-10T13:07:17.647+0300][1377.191s][info ][gc] GC(44868) Pause Young (Allocation Failure) 159M->159M(162M) 27.202ms
[2020-08-10T13:07:17.726+0300][1377.270s][debug][gc] GC(44869) Shrinking ParOldGen from 163328K by 125440K to 37888K
[2020-08-10T13:07:17.726+0300][1377.271s][info ][gc] GC(44869) Pause Full (Ergonomics) 159M->25M(39M) 79.128ms
[2020-08-10T13:07:17.745+0300][1377.289s][info ][gc] GC(44870) Pause Young (Allocation Failure) 26M->26M(39M) 17.626ms
[2020-08-10T13:07:17.766+0300][1377.310s][info ][gc] GC(44871) Pause Young (Allocation Failure) 27M->27M(39M) 20.787ms
[2020-08-10T13:07:17.780+0300][1377.324s][info ][gc] GC(44872) Pause Young (Allocation Failure) 28M->28M(39M) 13.819ms
[2020-08-10T13:07:17.795+0300][1377.339s][info ][gc] GC(44873) Pause Young (Allocation Failure) 29M->29M(39M) 13.972ms
[2020-08-10T13:07:17.809+0300][1377.353s][info ][gc] GC(44874) Pause Young (Allocation Failure) 30M->30M(39M) 14.027ms
[2020-08-10T13:07:17.824+0300][1377.368s][info ][gc] GC(44875) Pause Young (Allocation Failure) 31M->31M(39M) 13.885ms
[2020-08-10T13:07:17.838+0300][1377.382s][info ][gc] GC(44876) Pause Young (Allocation Failure) 32M->32M(39M) 13.709ms
[2020-08-10T13:07:17.853+0300][1377.397s][info ][gc] GC(44877) Pause Young (Allocation Failure) 33M->33M(39M) 14.054ms
[2020-08-10T13:07:17.867+0300][1377.411s][info ][gc] GC(44878) Pause Young (Allocation Failure) 34M->34M(39M) 13.971ms
[2020-08-10T13:07:17.882+0300][1377.426s][info ][gc] GC(44879) Pause Young (Allocation Failure) 35M->35M(39M) 13.974ms
[2020-08-10T13:07:17.896+0300][1377.440s][info ][gc] GC(44880) Pause Young (Allocation Failure) 36M->36M(39M) 13.865ms
[2020-08-10T13:07:17.911+0300][1377.455s][info ][gc] GC(44881) Pause Young (Allocation Failure) 37M->37M(39M) 14.005ms
[2020-08-10T13:07:17.978+0300][1377.522s][debug][gc] GC(44882) Expanding ParOldGen from 37888K by 11264K to 49152K
[2020-08-10T13:07:17.978+0300][1377.523s][info ][gc] GC(44882) Pause Full (Ergonomics) 37M->37M(50M) 67.288ms
[2020-08-10T13:07:17.997+0300][1377.541s][info ][gc] GC(44883) Pause Young (Allocation Failure) 38M->38M(50M) 17.751ms
[2020-08-10T13:07:18.011+0300][1377.556s][info ][gc] GC(44884) Pause Young (Allocation Failure) 39M->38M(50M) 14.122ms
[2020-08-10T13:07:18.026+0300][1377.571s][info ][gc] GC(44885) Pause Young (Allocation Failure) 39M->39M(50M) 14.386ms
[2020-08-10T13:07:18.041+0300][1377.585s][info ][gc] GC(44886) Pause Young (Allocation Failure) 40M->40M(50M) 14.041ms
[2020-08-10T13:07:18.056+0300][1377.600s][info ][gc] GC(44887) Pause Young (Allocation Failure) 41M->41M(50M) 13.977ms
[2020-08-10T13:07:18.070+0300][1377.615s][info ][gc] GC(44888) Pause Young (Allocation Failure) 42M->42M(50M) 14.080ms
[2020-08-10T13:07:18.085+0300][1377.629s][info ][gc] GC(44889) Pause Young (Allocation Failure) 43M->43M(50M) 14.058ms
[2020-08-10T13:07:18.100+0300][1377.644s][info ][gc] GC(44890) Pause Young (Allocation Failure) 44M->44M(50M) 14.128ms
[2020-08-10T13:07:18.114+0300][1377.659s][info ][gc] GC(44891) Pause Young (Allocation Failure) 45M->45M(50M) 14.047ms
[2020-08-10T13:07:18.129+0300][1377.673s][info ][gc] GC(44892) Pause Young (Allocation Failure) 46M->46M(50M) 14.093ms
[2020-08-10T13:07:18.144+0300][1377.688s][info ][gc] GC(44893) Pause Young (Allocation Failure) 47M->47M(50M) 13.917ms
[2020-08-10T13:07:18.158+0300][1377.703s][info ][gc] GC(44894) Pause Young (Allocation Failure) 48M->48M(50M) 14.061ms
[2020-08-10T13:07:18.259+0300][1377.803s][debug][gc] GC(44895) Expanding ParOldGen from 49152K by 11776K to 60928K
[2020-08-10T13:07:18.259+0300][1377.803s][info ][gc] GC(44895) Pause Full (Ergonomics) 48M->48M(61M) 100.174ms
[2020-08-10T13:07:18.280+0300][1377.824s][info ][gc] GC(44896) Pause Young (Allocation Failure) 49M->49M(61M) 20.517ms
[2020-08-10T13:07:18.295+0300][1377.839s][info ][gc] GC(44897) Pause Young (Allocation Failure) 50M->50M(61M) 14.132ms
[2020-08-10T13:07:18.309+0300][1377.854s][info ][gc] GC(44898) Pause Young (Allocation Failure) 51M->51M(61M) 14.118ms
[2020-08-10T13:07:18.324+0300][1377.868s][info ][gc] GC(44899) Pause Young (Allocation Failure) 52M->52M(61M) 14.180ms
[2020-08-10T13:07:18.339+0300][1377.883s][info ][gc] GC(44900) Pause Young (Allocation Failure) 53M->53M(61M) 14.101ms
[2020-08-10T13:07:18.354+0300][1377.898s][info ][gc] GC(44901) Pause Young (Allocation Failure) 54M->54M(61M) 14.168ms
[2020-08-10T13:07:18.368+0300][1377.912s][info ][gc] GC(44902) Pause Young (Allocation Failure) 55M->55M(61M) 14.151ms
[2020-08-10T13:07:18.383+0300][1377.927s][info ][gc] GC(44903) Pause Young (Allocation Failure) 56M->55M(61M) 14.221ms
[2020-08-10T13:07:18.398+0300][1377.942s][info ][gc] GC(44904) Pause Young (Allocation Failure) 56M->56M(61M) 14.198ms
[2020-08-10T13:07:18.413+0300][1377.957s][info ][gc] GC(44905) Pause Young (Allocation Failure) 57M->57M(61M) 14.147ms
[2020-08-10T13:07:18.427+0300][1377.972s][info ][gc] GC(44906) Pause Young (Allocation Failure) 58M->58M(61M) 14.187ms
[2020-08-10T13:07:18.442+0300][1377.986s][info ][gc] GC(44907) Pause Young (Allocation Failure) 59M->59M(61M) 14.107ms
[2020-08-10T13:07:18.582+0300][1378.127s][debug][gc] GC(44908) Expanding ParOldGen from 60928K by 11264K to 72192K
[2020-08-10T13:07:18.583+0300][1378.127s][info ][gc] GC(44908) Pause Full (Ergonomics) 59M->59M(72M) 140.390ms
[2020-08-10T13:07:18.608+0300][1378.152s][info ][gc] GC(44909) Pause Young (Allocation Failure) 60M->60M(72M) 24.512ms
[2020-08-10T13:07:18.623+0300][1378.167s][info ][gc] GC(44910) Pause Young (Allocation Failure) 61M->61M(72M) 14.288ms
[2020-08-10T13:07:18.637+0300][1378.182s][info ][gc] GC(44911) Pause Young (Allocation Failure) 62M->62M(72M) 14.275ms
[2020-08-10T13:07:18.652+0300][1378.196s][info ][gc] GC(44912) Pause Young (Allocation Failure) 63M->63M(72M) 14.225ms
[2020-08-10T13:07:18.667+0300][1378.211s][info ][gc] GC(44913) Pause Young (Allocation Failure) 64M->64M(72M) 14.283ms
[2020-08-10T13:07:18.682+0300][1378.226s][info ][gc] GC(44914) Pause Young (Allocation Failure) 65M->65M(72M) 14.230ms
[2020-08-10T13:07:18.697+0300][1378.241s][info ][gc] GC(44915) Pause Young (Allocation Failure) 66M->66M(72M) 14.271ms
[2020-08-10T13:07:18.712+0300][1378.256s][info ][gc] GC(44916) Pause Young (Allocation Failure) 67M->67M(72M) 14.100ms
[2020-08-10T13:07:18.726+0300][1378.271s][info ][gc] GC(44917) Pause Young (Allocation Failure) 68M->68M(72M) 14.214ms
[2020-08-10T13:07:18.741+0300][1378.285s][info ][gc] GC(44918) Pause Young (Allocation Failure) 69M->69M(72M) 14.277ms
[2020-08-10T13:07:18.756+0300][1378.300s][info ][gc] GC(44919) Pause Young (Allocation Failure) 70M->70M(72M) 14.328ms
[2020-08-10T13:07:18.771+0300][1378.315s][info ][gc] GC(44920) Pause Young (Allocation Failure) 71M->71M(72M) 14.257ms
[2020-08-10T13:07:18.938+0300][1378.482s][debug][gc] GC(44921) Expanding ParOldGen from 72192K by 11776K to 83968K
[2020-08-10T13:07:18.938+0300][1378.482s][info ][gc] GC(44921) Pause Full (Ergonomics) 71M->70M(84M) 166.863ms
[2020-08-10T13:07:18.968+0300][1378.512s][info ][gc] GC(44922) Pause Young (Allocation Failure) 71M->71M(84M) 29.644ms
[2020-08-10T13:07:18.983+0300][1378.527s][info ][gc] GC(44923) Pause Young (Allocation Failure) 72M->72M(84M) 14.303ms
[2020-08-10T13:07:18.998+0300][1378.542s][info ][gc] GC(44924) Pause Young (Allocation Failure) 73M->73M(84M) 14.328ms
[2020-08-10T13:07:19.013+0300][1378.557s][info ][gc] GC(44925) Pause Young (Allocation Failure) 74M->74M(84M) 14.212ms
[2020-08-10T13:07:19.028+0300][1378.572s][info ][gc] GC(44926) Pause Young (Allocation Failure) 75M->75M(84M) 14.283ms
[2020-08-10T13:07:19.042+0300][1378.587s][info ][gc] GC(44927) Pause Young (Allocation Failure) 76M->76M(84M) 14.330ms
[2020-08-10T13:07:19.057+0300][1378.602s][info ][gc] GC(44928) Pause Young (Allocation Failure) 77M->77M(84M) 14.312ms
[2020-08-10T13:07:19.072+0300][1378.617s][info ][gc] GC(44929) Pause Young (Allocation Failure) 78M->78M(84M) 14.363ms
[2020-08-10T13:07:19.087+0300][1378.631s][info ][gc] GC(44930) Pause Young (Allocation Failure) 79M->79M(84M) 14.352ms
[2020-08-10T13:07:19.102+0300][1378.646s][info ][gc] GC(44931) Pause Young (Allocation Failure) 80M->80M(84M) 14.337ms
[2020-08-10T13:07:19.117+0300][1378.661s][info ][gc] GC(44932) Pause Young (Allocation Failure) 81M->81M(84M) 14.384ms
[2020-08-10T13:07:19.132+0300][1378.676s][info ][gc] GC(44933) Pause Young (Allocation Failure) 82M->82M(84M) 14.339ms
[2020-08-10T13:07:19.327+0300][1378.871s][debug][gc] GC(44934) Expanding ParOldGen from 83968K by 11264K to 95232K
[2020-08-10T13:07:19.327+0300][1378.871s][info ][gc] GC(44934) Pause Full (Ergonomics) 82M->82M(95M) 194.800ms
[2020-08-10T13:07:19.359+0300][1378.903s][info ][gc] GC(44935) Pause Young (Allocation Failure) 83M->83M(95M) 31.494ms
[2020-08-10T13:07:19.374+0300][1378.919s][info ][gc] GC(44936) Pause Young (Allocation Failure) 84M->84M(95M) 14.823ms
[2020-08-10T13:07:19.390+0300][1378.934s][info ][gc] GC(44937) Pause Young (Allocation Failure) 85M->85M(95M) 14.895ms
[2020-08-10T13:07:19.405+0300][1378.949s][info ][gc] GC(44938) Pause Young (Allocation Failure) 86M->86M(95M) 14.666ms
[2020-08-10T13:07:19.420+0300][1378.965s][info ][gc] GC(44939) Pause Young (Allocation Failure) 87M->86M(95M) 14.756ms
[2020-08-10T13:07:19.436+0300][1378.980s][info ][gc] GC(44940) Pause Young (Allocation Failure) 87M->87M(95M) 14.660ms
[2020-08-10T13:07:19.473+0300][1379.018s][info ][gc] GC(44941) Pause Young (Allocation Failure) 88M->88M(95M) 37.351ms
[2020-08-10T13:07:19.493+0300][1379.037s][info ][gc] GC(44942) Pause Young (Allocation Failure) 89M->89M(95M) 18.532ms
[2020-08-10T13:07:19.512+0300][1379.057s][info ][gc] GC(44943) Pause Young (Allocation Failure) 90M->90M(95M) 18.636ms
[2020-08-10T13:07:19.528+0300][1379.072s][info ][gc] GC(44944) Pause Young (Allocation Failure) 91M->91M(95M) 15.225ms
[2020-08-10T13:07:19.544+0300][1379.088s][info ][gc] GC(44945) Pause Young (Allocation Failure) 92M->92M(95M) 15.551ms
[2020-08-10T13:07:19.560+0300][1379.104s][info ][gc] GC(44946) Pause Young (Allocation Failure) 93M->93M(95M) 15.506ms
[2020-08-10T13:07:19.785+0300][1379.329s][debug][gc] GC(44947) Expanding ParOldGen from 95232K by 11264K to 106496K
[2020-08-10T13:07:19.785+0300][1379.330s][info ][gc] GC(44947) Pause Full (Ergonomics) 93M->93M(106M) 224.963ms
[2020-08-10T13:07:19.821+0300][1379.365s][info ][gc] GC(44948) Pause Young (Allocation Failure) 94M->94M(106M) 35.206ms
[2020-08-10T13:07:19.837+0300][1379.382s][info ][gc] GC(44949) Pause Young (Allocation Failure) 95M->95M(105M) 15.610ms
[2020-08-10T13:07:19.852+0300][1379.396s][info ][gc] GC(44950) Pause Young (Allocation Failure) 95M->95M(106M) 14.330ms
[2020-08-10T13:07:19.867+0300][1379.411s][info ][gc] GC(44951) Pause Young (Allocation Failure) 96M->96M(106M) 14.023ms
[2020-08-10T13:07:19.881+0300][1379.425s][info ][gc] GC(44952) Pause Young (Allocation Failure) 96M->96M(106M) 13.987ms
[2020-08-10T13:07:19.896+0300][1379.440s][info ][gc] GC(44953) Pause Young (Allocation Failure) 97M->97M(106M) 13.926ms
[2020-08-10T13:07:19.910+0300][1379.454s][info ][gc] GC(44954) Pause Young (Allocation Failure) 97M->97M(106M) 14.017ms
[2020-08-10T13:07:19.925+0300][1379.469s][info ][gc] GC(44955) Pause Young (Allocation Failure) 98M->98M(106M) 14.019ms
[2020-08-10T13:07:19.939+0300][1379.483s][info ][gc] GC(44956) Pause Young (Allocation Failure) 98M->98M(106M) 14.003ms
[2020-08-10T13:07:19.954+0300][1379.498s][info ][gc] GC(44957) Pause Young (Allocation Failure) 99M->99M(106M) 13.974ms
[2020-08-10T13:07:19.968+0300][1379.512s][info ][gc] GC(44958) Pause Young (Allocation Failure) 99M->99M(106M) 13.996ms
[2020-08-10T13:07:19.983+0300][1379.527s][info ][gc] GC(44959) Pause Young (Allocation Failure) 100M->100M(106M) 14.036ms
[2020-08-10T13:07:19.997+0300][1379.541s][info ][gc] GC(44960) Pause Young (Allocation Failure) 100M->100M(106M) 14.026ms
[2020-08-10T13:07:20.012+0300][1379.556s][info ][gc] GC(44961) Pause Young (Allocation Failure) 100M->100M(106M) 13.998ms
[2020-08-10T13:07:20.026+0300][1379.570s][info ][gc] GC(44962) Pause Young (Allocation Failure) 101M->101M(106M) 13.964ms
[2020-08-10T13:07:20.041+0300][1379.585s][info ][gc] GC(44963) Pause Young (Allocation Failure) 101M->101M(106M) 14.045ms
[2020-08-10T13:07:20.055+0300][1379.600s][info ][gc] GC(44964) Pause Young (Allocation Failure) 102M->102M(106M) 14.036ms
[2020-08-10T13:07:20.070+0300][1379.614s][info ][gc] GC(44965) Pause Young (Allocation Failure) 102M->102M(106M) 14.048ms
[2020-08-10T13:07:20.085+0300][1379.629s][info ][gc] GC(44966) Pause Young (Allocation Failure) 103M->103M(105M) 14.148ms
[2020-08-10T13:07:20.099+0300][1379.643s][info ][gc] GC(44967) Pause Young (Allocation Failure) 103M->103M(105M) 13.998ms
[2020-08-10T13:07:20.379+0300][1379.923s][debug][gc] GC(44968) Expanding ParOldGen from 106496K by 11264K to 117760K
[2020-08-10T13:07:20.379+0300][1379.923s][info ][gc] GC(44968) Pause Full (Ergonomics) 103M->103M(116M) 279.910ms
[2020-08-10T13:07:20.393+0300][1379.937s][info ][gc] GC(44969) Pause Young (Allocation Failure) 104M->104M(116M) 13.474ms
[2020-08-10T13:07:20.407+0300][1379.952s][info ][gc] GC(44970) Pause Young (Allocation Failure) 104M->104M(116M) 13.696ms
[2020-08-10T13:07:20.421+0300][1379.966s][info ][gc] GC(44971) Pause Young (Allocation Failure) 105M->104M(116M) 13.547ms
[2020-08-10T13:07:20.436+0300][1379.980s][info ][gc] GC(44972) Pause Young (Allocation Failure) 105M->105M(116M) 13.758ms
[2020-08-10T13:07:20.450+0300][1379.994s][info ][gc] GC(44973) Pause Young (Allocation Failure) 105M->105M(116M) 13.692ms
[2020-08-10T13:07:20.464+0300][1380.008s][info ][gc] GC(44974) Pause Young (Allocation Failure) 106M->106M(116M) 13.775ms
[2020-08-10T13:07:20.478+0300][1380.022s][info ][gc] GC(44975) Pause Young (Allocation Failure) 106M->106M(116M) 13.703ms
[2020-08-10T13:07:20.492+0300][1380.037s][info ][gc] GC(44976) Pause Young (Allocation Failure) 107M->107M(116M) 13.669ms
[2020-08-10T13:07:20.506+0300][1380.051s][info ][gc] GC(44977) Pause Young (Allocation Failure) 107M->107M(116M) 13.679ms
[2020-08-10T13:07:20.521+0300][1380.065s][info ][gc] GC(44978) Pause Young (Allocation Failure) 108M->108M(116M) 13.678ms
[2020-08-10T13:07:20.535+0300][1380.079s][info ][gc] GC(44979) Pause Young (Allocation Failure) 108M->108M(116M) 13.672ms
[2020-08-10T13:07:20.549+0300][1380.093s][info ][gc] GC(44980) Pause Young (Allocation Failure) 109M->109M(116M) 13.744ms
[2020-08-10T13:07:20.563+0300][1380.107s][info ][gc] GC(44981) Pause Young (Allocation Failure) 109M->109M(116M) 13.699ms
[2020-08-10T13:07:20.577+0300][1380.122s][info ][gc] GC(44982) Pause Young (Allocation Failure) 110M->110M(116M) 13.662ms
[2020-08-10T13:07:20.592+0300][1380.136s][info ][gc] GC(44983) Pause Young (Allocation Failure) 110M->110M(116M) 14.207ms
[2020-08-10T13:07:20.606+0300][1380.151s][info ][gc] GC(44984) Pause Young (Allocation Failure) 110M->110M(116M) 13.845ms
[2020-08-10T13:07:20.620+0300][1380.165s][info ][gc] GC(44985) Pause Young (Allocation Failure) 111M->111M(116M) 13.756ms
[2020-08-10T13:07:20.635+0300][1380.179s][info ][gc] GC(44986) Pause Young (Allocation Failure) 111M->111M(116M) 13.948ms
[2020-08-10T13:07:20.649+0300][1380.194s][info ][gc] GC(44987) Pause Young (Allocation Failure) 112M->112M(116M) 13.975ms
[2020-08-10T13:07:20.664+0300][1380.208s][info ][gc] GC(44988) Pause Young (Allocation Failure) 112M->112M(116M) 14.376ms
[2020-08-10T13:07:20.679+0300][1380.223s][info ][gc] GC(44989) Pause Young (Allocation Failure) 113M->113M(116M) 14.048ms
[2020-08-10T13:07:20.693+0300][1380.237s][info ][gc] GC(44990) Pause Young (Allocation Failure) 113M->113M(116M) 13.995ms
[2020-08-10T13:07:20.707+0300][1380.252s][info ][gc] GC(44991) Pause Young (Allocation Failure) 114M->114M(116M) 13.864ms
[2020-08-10T13:07:20.722+0300][1380.266s][info ][gc] GC(44992) Pause Young (Allocation Failure) 114M->114M(116M) 14.300ms
[2020-08-10T13:07:20.737+0300][1380.281s][info ][gc] GC(44993) Pause Young (Allocation Failure) 115M->115M(116M) 14.182ms
[2020-08-10T13:07:21.036+0300][1380.580s][debug][gc] GC(44994) Expanding ParOldGen from 117760K by 10752K to 128512K
[2020-08-10T13:07:21.036+0300][1380.581s][info ][gc] GC(44994) Pause Full (Ergonomics) 115M->114M(127M) 299.242ms
[2020-08-10T13:07:21.052+0300][1380.596s][info ][gc] GC(44995) Pause Young (Allocation Failure) 115M->115M(127M) 15.166ms
[2020-08-10T13:07:21.067+0300][1380.611s][info ][gc] GC(44996) Pause Young (Allocation Failure) 115M->115M(127M) 14.679ms
[2020-08-10T13:07:21.082+0300][1380.626s][info ][gc] GC(44997) Pause Young (Allocation Failure) 116M->116M(127M) 14.756ms
[2020-08-10T13:07:21.097+0300][1380.641s][info ][gc] GC(44998) Pause Young (Allocation Failure) 116M->116M(127M) 14.591ms
[2020-08-10T13:07:21.112+0300][1380.657s][info ][gc] GC(44999) Pause Young (Allocation Failure) 117M->117M(127M) 14.802ms
[2020-08-10T13:07:21.128+0300][1380.672s][info ][gc] GC(45000) Pause Young (Allocation Failure) 117M->117M(127M) 14.897ms
[2020-08-10T13:07:21.161+0300][1380.705s][info ][gc] GC(45001) Pause Young (Allocation Failure) 118M->118M(127M) 32.790ms
[2020-08-10T13:07:21.176+0300][1380.720s][info ][gc] GC(45002) Pause Young (Allocation Failure) 118M->118M(127M) 14.625ms
[2020-08-10T13:07:21.198+0300][1380.742s][info ][gc] GC(45003) Pause Young (Allocation Failure) 119M->119M(127M) 21.612ms
[2020-08-10T13:07:21.213+0300][1380.757s][info ][gc] GC(45004) Pause Young (Allocation Failure) 119M->119M(127M) 14.949ms
[2020-08-10T13:07:21.236+0300][1380.780s][info ][gc] GC(45005) Pause Young (Allocation Failure) 120M->119M(127M) 22.571ms
[2020-08-10T13:07:21.251+0300][1380.796s][info ][gc] GC(45006) Pause Young (Allocation Failure) 120M->120M(127M) 14.877ms
[2020-08-10T13:07:21.267+0300][1380.811s][info ][gc] GC(45007) Pause Young (Allocation Failure) 120M->120M(127M) 15.135ms
[2020-08-10T13:07:21.282+0300][1380.827s][info ][gc] GC(45008) Pause Young (Allocation Failure) 121M->121M(127M) 15.120ms
[2020-08-10T13:07:21.316+0300][1380.860s][info ][gc] GC(45009) Pause Young (Allocation Failure) 121M->121M(127M) 32.906ms
[2020-08-10T13:07:21.331+0300][1380.876s][info ][gc] GC(45010) Pause Young (Allocation Failure) 122M->122M(127M) 15.111ms
[2020-08-10T13:07:21.358+0300][1380.902s][info ][gc] GC(45011) Pause Young (Allocation Failure) 122M->122M(127M) 25.762ms
[2020-08-10T13:07:21.373+0300][1380.918s][info ][gc] GC(45012) Pause Young (Allocation Failure) 123M->123M(127M) 15.069ms
[2020-08-10T13:07:21.397+0300][1380.941s][info ][gc] GC(45013) Pause Young (Allocation Failure) 123M->123M(127M) 22.880ms
[2020-08-10T13:07:21.432+0300][1380.977s][info ][gc] GC(45014) Pause Young (Allocation Failure) 124M->124M(127M) 35.291ms
[2020-08-10T13:07:21.448+0300][1380.992s][info ][gc] GC(45015) Pause Young (Allocation Failure) 124M->124M(127M) 15.197ms
[2020-08-10T13:07:21.464+0300][1381.008s][info ][gc] GC(45016) Pause Young (Allocation Failure) 124M->124M(127M) 15.128ms
[2020-08-10T13:07:21.479+0300][1381.024s][info ][gc] GC(45017) Pause Young (Allocation Failure) 125M->125M(127M) 15.509ms
[2020-08-10T13:07:21.519+0300][1381.063s][info ][gc] GC(45018) Pause Young (Allocation Failure) 125M->125M(127M) 38.947ms
[2020-08-10T13:07:21.941+0300][1381.485s][debug][gc] GC(45019) Expanding ParOldGen from 128512K by 10752K to 139264K
[2020-08-10T13:07:21.941+0300][1381.485s][info ][gc] GC(45019) Pause Full (Ergonomics) 125M->125M(137M) 421.707ms
[2020-08-10T13:07:21.974+0300][1381.518s][info ][gc] GC(45020) Pause Young (Allocation Failure) 126M->126M(137M) 32.508ms
[2020-08-10T13:07:21.990+0300][1381.534s][info ][gc] GC(45021) Pause Young (Allocation Failure) 126M->126M(137M) 15.688ms
[2020-08-10T13:07:22.006+0300][1381.550s][info ][gc] GC(45022) Pause Young (Allocation Failure) 127M->127M(137M) 15.870ms
[2020-08-10T13:07:22.022+0300][1381.567s][info ][gc] GC(45023) Pause Young (Allocation Failure) 127M->127M(137M) 15.800ms
[2020-08-10T13:07:22.039+0300][1381.583s][info ][gc] GC(45024) Pause Young (Allocation Failure) 127M->127M(137M) 16.059ms
[2020-08-10T13:07:22.055+0300][1381.599s][info ][gc] GC(45025) Pause Young (Allocation Failure) 128M->128M(137M) 15.825ms
[2020-08-10T13:07:22.071+0300][1381.616s][info ][gc] GC(45026) Pause Young (Allocation Failure) 128M->128M(137M) 15.903ms
[2020-08-10T13:07:22.088+0300][1381.632s][info ][gc] GC(45027) Pause Young (Allocation Failure) 129M->129M(137M) 15.753ms
[2020-08-10T13:07:22.104+0300][1381.648s][info ][gc] GC(45028) Pause Young (Allocation Failure) 129M->129M(137M) 15.892ms
[2020-08-10T13:07:22.120+0300][1381.665s][info ][gc] GC(45029) Pause Young (Allocation Failure) 130M->130M(137M) 16.008ms
[2020-08-10T13:07:22.136+0300][1381.681s][info ][gc] GC(45030) Pause Young (Allocation Failure) 130M->130M(137M) 15.804ms
[2020-08-10T13:07:22.153+0300][1381.697s][info ][gc] GC(45031) Pause Young (Allocation Failure) 131M->131M(137M) 15.889ms
[2020-08-10T13:07:22.169+0300][1381.714s][info ][gc] GC(45032) Pause Young (Allocation Failure) 131M->131M(137M) 16.137ms
[2020-08-10T13:07:22.186+0300][1381.730s][info ][gc] GC(45033) Pause Young (Allocation Failure) 132M->132M(137M) 15.953ms
[2020-08-10T13:07:22.202+0300][1381.747s][info ][gc] GC(45034) Pause Young (Allocation Failure) 132M->132M(137M) 16.034ms
[2020-08-10T13:07:22.219+0300][1381.764s][info ][gc] GC(45035) Pause Young (Allocation Failure) 133M->132M(137M) 16.718ms
[2020-08-10T13:07:22.236+0300][1381.780s][info ][gc] GC(45036) Pause Young (Allocation Failure) 133M->133M(137M) 15.850ms
[2020-08-10T13:07:22.274+0300][1381.818s][info ][gc] GC(45037) Pause Young (Allocation Failure) 133M->133M(137M) 37.594ms
[2020-08-10T13:07:22.290+0300][1381.835s][info ][gc] GC(45038) Pause Young (Allocation Failure) 134M->134M(137M) 16.267ms
[2020-08-10T13:07:22.307+0300][1381.851s][info ][gc] GC(45039) Pause Young (Allocation Failure) 134M->134M(137M) 15.983ms
[2020-08-10T13:07:22.324+0300][1381.868s][info ][gc] GC(45040) Pause Young (Allocation Failure) 135M->135M(137M) 16.513ms
[2020-08-10T13:07:22.341+0300][1381.885s][info ][gc] GC(45041) Pause Young (Allocation Failure) 135M->135M(137M) 16.333ms
[2020-08-10T13:07:22.341+0300][1381.885s][debug][gc] Expanding ParOldGen from 139264K by 19968K to 159232K
[2020-08-10T13:07:22.365+0300][1381.910s][info ][gc] GC(45042) Pause Young (Allocation Failure) 155M->154M(157M) 15.568ms
[2020-08-10T13:07:22.393+0300][1381.937s][info ][gc] GC(45043) Pause Young (Allocation Failure) 155M->155M(157M) 26.910ms
[2020-08-10T13:07:22.420+0300][1381.964s][info ][gc] GC(45044) Pause Young (Allocation Failure) 155M->155M(157M) 26.524ms
[2020-08-10T13:07:22.453+0300][1381.998s][debug][gc] GC(45045) Shrinking ParOldGen from 159232K by 125440K to 33792K
[2020-08-10T13:07:22.454+0300][1381.998s][info ][gc] GC(45045) Pause Full (Ergonomics) 155M->22M(34M) 33.573ms
[2020-08-10T13:07:22.467+0300][1382.011s][info ][gc] GC(45046) Pause Young (Allocation Failure) 22M->22M(34M) 13.145ms
[2020-08-10T13:07:22.481+0300][1382.025s][info ][gc] GC(45047) Pause Young (Allocation Failure) 22M->22M(34M) 13.282ms
[2020-08-10T13:07:22.495+0300][1382.039s][info ][gc] GC(45048) Pause Young (Allocation Failure) 23M->23M(34M) 13.353ms
[2020-08-10T13:07:22.509+0300][1382.053s][info ][gc] GC(45049) Pause Young (Allocation Failure) 23M->23M(34M) 13.517ms
[2020-08-10T13:07:22.523+0300][1382.067s][info ][gc] GC(45050) Pause Young (Allocation Failure) 24M->24M(34M) 13.432ms
[2020-08-10T13:07:22.537+0300][1382.081s][info ][gc] GC(45051) Pause Young (Allocation Failure) 24M->24M(34M) 13.535ms
[2020-08-10T13:07:22.551+0300][1382.095s][info ][gc] GC(45052) Pause Young (Allocation Failure) 25M->25M(34M) 13.461ms
[2020-08-10T13:07:22.565+0300][1382.109s][info ][gc] GC(45053) Pause Young (Allocation Failure) 25M->25M(34M) 13.490ms
[2020-08-10T13:07:22.578+0300][1382.123s][info ][gc] GC(45054) Pause Young (Allocation Failure) 26M->26M(34M) 13.215ms
[2020-08-10T13:07:22.592+0300][1382.137s][info ][gc] GC(45055) Pause Young (Allocation Failure) 26M->26M(34M) 13.455ms
[2020-08-10T13:07:22.606+0300][1382.151s][info ][gc] GC(45056) Pause Young (Allocation Failure) 27M->27M(34M) 13.747ms
[2020-08-10T13:07:22.620+0300][1382.165s][info ][gc] GC(45057) Pause Young (Allocation Failure) 27M->27M(34M) 13.401ms
[2020-08-10T13:07:22.634+0300][1382.179s][info ][gc] GC(45058) Pause Young (Allocation Failure) 28M->27M(34M) 13.476ms
[2020-08-10T13:07:22.648+0300][1382.193s][info ][gc] GC(45059) Pause Young (Allocation Failure) 28M->28M(34M) 13.432ms
[2020-08-10T13:07:22.662+0300][1382.206s][info ][gc] GC(45060) Pause Young (Allocation Failure) 28M->28M(34M) 13.470ms
[2020-08-10T13:07:22.676+0300][1382.221s][info ][gc] GC(45061) Pause Young (Allocation Failure) 29M->29M(34M) 13.670ms
[2020-08-10T13:07:22.690+0300][1382.235s][info ][gc] GC(45062) Pause Young (Allocation Failure) 29M->29M(34M) 13.468ms
[2020-08-10T13:07:22.704+0300][1382.249s][info ][gc] GC(45063) Pause Young (Allocation Failure) 30M->30M(34M) 13.753ms
[2020-08-10T13:07:22.719+0300][1382.263s][info ][gc] GC(45064) Pause Young (Allocation Failure) 31M->31M(35M) 13.657ms
[2020-08-10T13:07:22.733+0300][1382.278s][info ][gc] GC(45065) Pause Young (Allocation Failure) 32M->32M(35M) 14.003ms
[2020-08-10T13:07:22.748+0300][1382.292s][info ][gc] GC(45066) Pause Young (Allocation Failure) 33M->33M(35M) 13.887ms
[2020-08-10T13:07:22.812+0300][1382.357s][debug][gc] GC(45067) Expanding ParOldGen from 33792K by 11264K to 45056K
[2020-08-10T13:07:22.813+0300][1382.357s][info ][gc] GC(45067) Pause Full (Ergonomics) 33M->33M(46M) 64.801ms
[2020-08-10T13:07:22.830+0300][1382.374s][info ][gc] GC(45068) Pause Young (Allocation Failure) 34M->34M(46M) 16.830ms
[2020-08-10T13:07:22.845+0300][1382.389s][info ][gc] GC(45069) Pause Young (Allocation Failure) 35M->35M(46M) 13.929ms
[2020-08-10T13:07:22.859+0300][1382.404s][info ][gc] GC(45070) Pause Young (Allocation Failure) 36M->36M(46M) 14.042ms
[2020-08-10T13:07:22.874+0300][1382.418s][info ][gc] GC(45071) Pause Young (Allocation Failure) 37M->37M(46M) 13.847ms
[2020-08-10T13:07:22.888+0300][1382.433s][info ][gc] GC(45072) Pause Young (Allocation Failure) 38M->38M(46M) 13.983ms
[2020-08-10T13:07:22.903+0300][1382.447s][info ][gc] GC(45073) Pause Young (Allocation Failure) 39M->39M(46M) 13.843ms
[2020-08-10T13:07:22.917+0300][1382.461s][info ][gc] GC(45074) Pause Young (Allocation Failure) 40M->39M(46M) 13.920ms
[2020-08-10T13:07:22.931+0300][1382.476s][info ][gc] GC(45075) Pause Young (Allocation Failure) 40M->40M(46M) 13.839ms
[2020-08-10T13:07:22.946+0300][1382.490s][info ][gc] GC(45076) Pause Young (Allocation Failure) 41M->41M(46M) 13.724ms
[2020-08-10T13:07:22.960+0300][1382.504s][info ][gc] GC(45077) Pause Young (Allocation Failure) 42M->42M(46M) 13.741ms
[2020-08-10T13:07:22.974+0300][1382.518s][info ][gc] GC(45078) Pause Young (Allocation Failure) 43M->43M(46M) 13.873ms
[2020-08-10T13:07:23.058+0300][1382.603s][debug][gc] GC(45079) Expanding ParOldGen from 45056K by 11264K to 56320K
[2020-08-10T13:07:23.058+0300][1382.603s][info ][gc] GC(45079) Pause Full (Ergonomics) 43M->43M(57M) 84.206ms
[2020-08-10T13:07:23.072+0300][1382.617s][info ][gc] GC(45080) Pause Young (Allocation Failure) 44M->44M(57M) 13.523ms
[2020-08-10T13:07:23.087+0300][1382.631s][info ][gc] GC(45081) Pause Young (Allocation Failure) 45M->45M(57M) 13.680ms
[2020-08-10T13:07:23.101+0300][1382.645s][info ][gc] GC(45082) Pause Young (Allocation Failure) 46M->46M(57M) 13.951ms
[2020-08-10T13:07:23.116+0300][1382.660s][info ][gc] GC(45083) Pause Young (Allocation Failure) 47M->47M(57M) 14.006ms
[2020-08-10T13:07:23.130+0300][1382.675s][info ][gc] GC(45084) Pause Young (Allocation Failure) 48M->48M(57M) 14.053ms
[2020-08-10T13:07:23.145+0300][1382.689s][info ][gc] GC(45085) Pause Young (Allocation Failure) 49M->49M(57M) 13.880ms
[2020-08-10T13:07:23.159+0300][1382.704s][info ][gc] GC(45086) Pause Young (Allocation Failure) 50M->50M(57M) 13.932ms
[2020-08-10T13:07:23.174+0300][1382.718s][info ][gc] GC(45087) Pause Young (Allocation Failure) 51M->51M(57M) 14.036ms
[2020-08-10T13:07:23.188+0300][1382.733s][info ][gc] GC(45088) Pause Young (Allocation Failure) 52M->52M(57M) 14.031ms
[2020-08-10T13:07:23.203+0300][1382.748s][info ][gc] GC(45089) Pause Young (Allocation Failure) 53M->53M(57M) 14.053ms
[2020-08-10T13:07:23.218+0300][1382.762s][info ][gc] GC(45090) Pause Young (Allocation Failure) 54M->53M(57M) 13.983ms
[2020-08-10T13:07:23.233+0300][1382.777s][info ][gc] GC(45091) Pause Young (Allocation Failure) 54M->54M(57M) 13.999ms
[2020-08-10T13:07:23.349+0300][1382.893s][debug][gc] GC(45092) Expanding ParOldGen from 56320K by 11264K to 67584K
[2020-08-10T13:07:23.349+0300][1382.893s][info ][gc] GC(45092) Pause Full (Ergonomics) 54M->54M(68M) 116.095ms
[2020-08-10T13:07:23.363+0300][1382.907s][info ][gc] GC(45093) Pause Young (Allocation Failure) 55M->55M(68M) 13.597ms
[2020-08-10T13:07:23.377+0300][1382.922s][info ][gc] GC(45094) Pause Young (Allocation Failure) 56M->56M(68M) 13.835ms
[2020-08-10T13:07:23.392+0300][1382.936s][info ][gc] GC(45095) Pause Young (Allocation Failure) 57M->57M(68M) 13.911ms
[2020-08-10T13:07:23.407+0300][1382.951s][info ][gc] GC(45096) Pause Young (Allocation Failure) 58M->58M(68M) 13.924ms
[2020-08-10T13:07:23.421+0300][1382.966s][info ][gc] GC(45097) Pause Young (Allocation Failure) 59M->59M(68M) 14.020ms
[2020-08-10T13:07:23.436+0300][1382.980s][info ][gc] GC(45098) Pause Young (Allocation Failure) 60M->60M(68M) 14.165ms
[2020-08-10T13:07:23.451+0300][1382.995s][info ][gc] GC(45099) Pause Young (Allocation Failure) 61M->61M(68M) 14.026ms
[2020-08-10T13:07:23.465+0300][1383.010s][info ][gc] GC(45100) Pause Young (Allocation Failure) 62M->62M(68M) 14.008ms
[2020-08-10T13:07:23.480+0300][1383.024s][info ][gc] GC(45101) Pause Young (Allocation Failure) 63M->63M(68M) 14.014ms
[2020-08-10T13:07:23.495+0300][1383.039s][info ][gc] GC(45102) Pause Young (Allocation Failure) 64M->64M(68M) 14.010ms
[2020-08-10T13:07:23.509+0300][1383.054s][info ][gc] GC(45103) Pause Young (Allocation Failure) 65M->64M(68M) 13.949ms
[2020-08-10T13:07:23.524+0300][1383.068s][info ][gc] GC(45104) Pause Young (Allocation Failure) 65M->65M(68M) 13.877ms
[2020-08-10T13:07:23.680+0300][1383.225s][debug][gc] GC(45105) Expanding ParOldGen from 67584K by 11264K to 78848K
[2020-08-10T13:07:23.680+0300][1383.225s][info ][gc] GC(45105) Pause Full (Ergonomics) 65M->65M(79M) 156.754ms
[2020-08-10T13:07:23.695+0300][1383.239s][info ][gc] GC(45106) Pause Young (Allocation Failure) 66M->66M(79M) 13.651ms
[2020-08-10T13:07:23.709+0300][1383.254s][info ][gc] GC(45107) Pause Young (Allocation Failure) 67M->67M(79M) 13.915ms
[2020-08-10T13:07:23.724+0300][1383.268s][info ][gc] GC(45108) Pause Young (Allocation Failure) 68M->68M(79M) 13.976ms
[2020-08-10T13:07:23.738+0300][1383.283s][info ][gc] GC(45109) Pause Young (Allocation Failure) 69M->69M(79M) 14.083ms
[2020-08-10T13:07:23.753+0300][1383.298s][info ][gc] GC(45110) Pause Young (Allocation Failure) 70M->70M(79M) 14.098ms
[2020-08-10T13:07:23.768+0300][1383.312s][info ][gc] GC(45111) Pause Young (Allocation Failure) 71M->71M(79M) 14.118ms
[2020-08-10T13:07:23.783+0300][1383.327s][info ][gc] GC(45112) Pause Young (Allocation Failure) 72M->72M(79M) 14.142ms
[2020-08-10T13:07:23.797+0300][1383.342s][info ][gc] GC(45113) Pause Young (Allocation Failure) 73M->73M(79M) 14.060ms
[2020-08-10T13:07:23.812+0300][1383.356s][info ][gc] GC(45114) Pause Young (Allocation Failure) 74M->74M(79M) 13.997ms
[2020-08-10T13:07:23.826+0300][1383.371s][info ][gc] GC(45115) Pause Young (Allocation Failure) 75M->75M(79M) 14.098ms
[2020-08-10T13:07:23.841+0300][1383.386s][info ][gc] GC(45116) Pause Young (Allocation Failure) 76M->76M(79M) 14.150ms
[2020-08-10T13:07:23.856+0300][1383.401s][info ][gc] GC(45117) Pause Young (Allocation Failure) 77M->77M(79M) 14.182ms
[2020-08-10T13:07:24.037+0300][1383.581s][debug][gc] GC(45118) Expanding ParOldGen from 78848K by 11264K to 90112K
[2020-08-10T13:07:24.037+0300][1383.582s][info ][gc] GC(45118) Pause Full (Ergonomics) 77M->77M(90M) 180.803ms
[2020-08-10T13:07:24.068+0300][1383.613s][info ][gc] GC(45119) Pause Young (Allocation Failure) 78M->78M(90M) 30.811ms
[2020-08-10T13:07:24.084+0300][1383.628s][info ][gc] GC(45120) Pause Young (Allocation Failure) 79M->78M(90M) 14.486ms
[2020-08-10T13:07:24.099+0300][1383.643s][info ][gc] GC(45121) Pause Young (Allocation Failure) 79M->79M(90M) 14.394ms
[2020-08-10T13:07:24.114+0300][1383.658s][info ][gc] GC(45122) Pause Young (Allocation Failure) 80M->80M(90M) 14.388ms
[2020-08-10T13:07:24.129+0300][1383.673s][info ][gc] GC(45123) Pause Young (Allocation Failure) 81M->81M(90M) 14.437ms
[2020-08-10T13:07:24.144+0300][1383.689s][info ][gc] GC(45124) Pause Young (Allocation Failure) 82M->82M(90M) 14.750ms
[2020-08-10T13:07:24.159+0300][1383.704s][info ][gc] GC(45125) Pause Young (Allocation Failure) 83M->83M(90M) 14.515ms
[2020-08-10T13:07:24.175+0300][1383.719s][info ][gc] GC(45126) Pause Young (Allocation Failure) 84M->84M(90M) 14.731ms
[2020-08-10T13:07:24.190+0300][1383.734s][info ][gc] GC(45127) Pause Young (Allocation Failure) 85M->85M(90M) 14.849ms
[2020-08-10T13:07:24.205+0300][1383.750s][info ][gc] GC(45128) Pause Young (Allocation Failure) 86M->86M(90M) 14.699ms
[2020-08-10T13:07:24.221+0300][1383.765s][info ][gc] GC(45129) Pause Young (Allocation Failure) 87M->87M(90M) 14.782ms
[2020-08-10T13:07:24.236+0300][1383.781s][info ][gc] GC(45130) Pause Young (Allocation Failure) 88M->88M(90M) 14.928ms
[2020-08-10T13:07:24.445+0300][1383.990s][debug][gc] GC(45131) Expanding ParOldGen from 90112K by 11776K to 101888K
[2020-08-10T13:07:24.445+0300][1383.990s][info ][gc] GC(45131) Pause Full (Ergonomics) 88M->88M(102M) 209.006ms
[2020-08-10T13:07:24.479+0300][1384.024s][info ][gc] GC(45132) Pause Young (Allocation Failure) 89M->89M(102M) 33.026ms
[2020-08-10T13:07:24.495+0300][1384.039s][info ][gc] GC(45133) Pause Young (Allocation Failure) 90M->90M(102M) 15.054ms
[2020-08-10T13:07:24.511+0300][1384.055s][info ][gc] GC(45134) Pause Young (Allocation Failure) 91M->91M(102M) 15.541ms
[2020-08-10T13:07:24.527+0300][1384.071s][info ][gc] GC(45135) Pause Young (Allocation Failure) 92M->92M(101M) 15.415ms
[2020-08-10T13:07:24.543+0300][1384.087s][info ][gc] GC(45136) Pause Young (Allocation Failure) 93M->93M(101M) 15.403ms
[2020-08-10T13:07:24.559+0300][1384.103s][info ][gc] GC(45137) Pause Young (Allocation Failure) 94M->94M(101M) 15.584ms
[2020-08-10T13:07:24.583+0300][1384.127s][info ][gc] GC(45138) Pause Young (Allocation Failure) 95M->95M(102M) 23.296ms
[2020-08-10T13:07:24.599+0300][1384.143s][info ][gc] GC(45139) Pause Young (Allocation Failure) 96M->95M(102M) 15.637ms
[2020-08-10T13:07:24.615+0300][1384.160s][info ][gc] GC(45140) Pause Young (Allocation Failure) 96M->96M(102M) 15.701ms
[2020-08-10T13:07:24.631+0300][1384.176s][info ][gc] GC(45141) Pause Young (Allocation Failure) 97M->97M(102M) 15.694ms
[2020-08-10T13:07:24.648+0300][1384.192s][info ][gc] GC(45142) Pause Young (Allocation Failure) 98M->98M(102M) 15.738ms
[2020-08-10T13:07:24.664+0300][1384.209s][info ][gc] GC(45143) Pause Young (Allocation Failure) 99M->99M(102M) 16.071ms
[2020-08-10T13:07:24.910+0300][1384.455s][debug][gc] GC(45144) Expanding ParOldGen from 101888K by 11264K to 113152K
[2020-08-10T13:07:24.911+0300][1384.455s][info ][gc] GC(45144) Pause Full (Ergonomics) 99M->99M(113M) 245.960ms
[2020-08-10T13:07:24.959+0300][1384.503s][info ][gc] GC(45145) Pause Young (Allocation Failure) 100M->100M(113M) 47.765ms
[2020-08-10T13:07:24.975+0300][1384.520s][info ][gc] GC(45146) Pause Young (Allocation Failure) 101M->101M(113M) 15.980ms
[2020-08-10T13:07:24.992+0300][1384.537s][info ][gc] GC(45147) Pause Young (Allocation Failure) 102M->102M(113M) 16.534ms
[2020-08-10T13:07:25.009+0300][1384.554s][info ][gc] GC(45148) Pause Young (Allocation Failure) 103M->103M(113M) 16.294ms
[2020-08-10T13:07:25.026+0300][1384.570s][info ][gc] GC(45149) Pause Young (Allocation Failure) 104M->104M(113M) 16.267ms
[2020-08-10T13:07:25.043+0300][1384.587s][info ][gc] GC(45150) Pause Young (Allocation Failure) 105M->105M(113M) 16.283ms
[2020-08-10T13:07:25.060+0300][1384.604s][info ][gc] GC(45151) Pause Young (Allocation Failure) 106M->106M(113M) 16.389ms
[2020-08-10T13:07:25.077+0300][1384.621s][info ][gc] GC(45152) Pause Young (Allocation Failure) 107M->107M(113M) 16.635ms
[2020-08-10T13:07:25.094+0300][1384.638s][info ][gc] GC(45153) Pause Young (Allocation Failure) 108M->108M(113M) 16.602ms
[2020-08-10T13:07:25.111+0300][1384.655s][info ][gc] GC(45154) Pause Young (Allocation Failure) 109M->109M(113M) 16.491ms
[2020-08-10T13:07:25.128+0300][1384.673s][info ][gc] GC(45155) Pause Young (Allocation Failure) 110M->110M(113M) 16.837ms
[2020-08-10T13:07:25.145+0300][1384.690s][info ][gc] GC(45156) Pause Young (Allocation Failure) 111M->111M(113M) 16.910ms
[2020-08-10T13:07:25.432+0300][1384.977s][debug][gc] GC(45157) Expanding ParOldGen from 113152K by 11776K to 124928K
[2020-08-10T13:07:25.432+0300][1384.977s][info ][gc] GC(45157) Pause Full (Ergonomics) 111M->110M(124M) 286.802ms
[2020-08-10T13:07:25.472+0300][1385.017s][info ][gc] GC(45158) Pause Young (Allocation Failure) 111M->111M(124M) 38.627ms
[2020-08-10T13:07:25.489+0300][1385.034s][info ][gc] GC(45159) Pause Young (Allocation Failure) 112M->112M(124M) 16.690ms
[2020-08-10T13:07:25.507+0300][1385.052s][info ][gc] GC(45160) Pause Young (Allocation Failure) 113M->113M(124M) 17.191ms
[2020-08-10T13:07:25.543+0300][1385.087s][info ][gc] GC(45161) Pause Young (Allocation Failure) 114M->114M(124M) 35.175ms
[2020-08-10T13:07:25.561+0300][1385.105s][info ][gc] GC(45162) Pause Young (Allocation Failure) 115M->115M(124M) 17.478ms
[2020-08-10T13:07:25.592+0300][1385.136s][info ][gc] GC(45163) Pause Young (Allocation Failure) 116M->116M(124M) 30.407ms
[2020-08-10T13:07:25.610+0300][1385.155s][info ][gc] GC(45164) Pause Young (Allocation Failure) 117M->117M(124M) 18.080ms
[2020-08-10T13:07:25.629+0300][1385.173s][info ][gc] GC(45165) Pause Young (Allocation Failure) 118M->118M(124M) 17.786ms
[2020-08-10T13:07:25.647+0300][1385.192s][info ][gc] GC(45166) Pause Young (Allocation Failure) 119M->119M(124M) 17.848ms
[2020-08-10T13:07:25.665+0300][1385.210s][info ][gc] GC(45167) Pause Young (Allocation Failure) 120M->120M(124M) 17.886ms
[2020-08-10T13:07:25.683+0300][1385.228s][info ][gc] GC(45168) Pause Young (Allocation Failure) 121M->121M(124M) 17.426ms
[2020-08-10T13:07:25.702+0300][1385.247s][info ][gc] GC(45169) Pause Young (Allocation Failure) 122M->122M(124M) 17.830ms
[2020-08-10T13:07:26.022+0300][1385.567s][debug][gc] GC(45170) Expanding ParOldGen from 124928K by 11264K to 136192K
[2020-08-10T13:07:26.022+0300][1385.567s][info ][gc] GC(45170) Pause Full (Ergonomics) 122M->122M(135M) 320.058ms
[2020-08-10T13:07:26.056+0300][1385.600s][info ][gc] GC(45171) Pause Young (Allocation Failure) 123M->123M(135M) 32.714ms
[2020-08-10T13:07:26.074+0300][1385.619s][info ][gc] GC(45172) Pause Young (Allocation Failure) 124M->124M(135M) 18.326ms
[2020-08-10T13:07:26.093+0300][1385.638s][info ][gc] GC(45173) Pause Young (Allocation Failure) 125M->125M(135M) 18.401ms
[2020-08-10T13:07:26.112+0300][1385.657s][info ][gc] GC(45174) Pause Young (Allocation Failure) 126M->126M(135M) 18.207ms
[2020-08-10T13:07:26.131+0300][1385.676s][info ][gc] GC(45175) Pause Young (Allocation Failure) 127M->127M(135M) 18.489ms
[2020-08-10T13:07:26.150+0300][1385.694s][info ][gc] GC(45176) Pause Young (Allocation Failure) 128M->127M(135M) 18.535ms
[2020-08-10T13:07:26.169+0300][1385.713s][info ][gc] GC(45177) Pause Young (Allocation Failure) 128M->128M(135M) 18.482ms
[2020-08-10T13:07:26.188+0300][1385.732s][info ][gc] GC(45178) Pause Young (Allocation Failure) 129M->129M(135M) 18.678ms
[2020-08-10T13:07:26.207+0300][1385.751s][info ][gc] GC(45179) Pause Young (Allocation Failure) 130M->130M(135M) 18.515ms
[2020-08-10T13:07:26.226+0300][1385.770s][info ][gc] GC(45180) Pause Young (Allocation Failure) 131M->131M(135M) 18.358ms
[2020-08-10T13:07:26.245+0300][1385.790s][info ][gc] GC(45181) Pause Young (Allocation Failure) 132M->132M(135M) 18.991ms
[2020-08-10T13:07:26.264+0300][1385.809s][info ][gc] GC(45182) Pause Young (Allocation Failure) 133M->133M(135M) 18.949ms
[2020-08-10T13:07:26.618+0300][1386.162s][debug][gc] GC(45183) Expanding ParOldGen from 136192K by 11264K to 147456K
[2020-08-10T13:07:26.618+0300][1386.163s][info ][gc] GC(45183) Pause Full (Ergonomics) 133M->133M(146M) 353.353ms
[2020-08-10T13:07:26.654+0300][1386.199s][info ][gc] GC(45184) Pause Young (Allocation Failure) 134M->134M(146M) 35.785ms
[2020-08-10T13:07:26.674+0300][1386.219s][info ][gc] GC(45185) Pause Young (Allocation Failure) 135M->135M(146M) 19.378ms
[2020-08-10T13:07:26.674+0300][1386.219s][debug][gc] Expanding ParOldGen from 147456K by 19968K to 167424K
[2020-08-10T13:07:26.699+0300][1386.244s][info ][gc] GC(45186) Pause Young (Allocation Failure) 155M->155M(166M) 16.942ms
[2020-08-10T13:07:26.714+0300][1386.259s][info ][gc] GC(45187) Pause Young (Allocation Failure) 156M->156M(166M) 14.202ms
[2020-08-10T13:07:26.729+0300][1386.273s][info ][gc] GC(45188) Pause Young (Allocation Failure) 157M->157M(166M) 14.247ms
[2020-08-10T13:07:26.744+0300][1386.288s][info ][gc] GC(45189) Pause Young (Allocation Failure) 158M->158M(166M) 14.395ms
[2020-08-10T13:07:26.759+0300][1386.303s][info ][gc] GC(45190) Pause Young (Allocation Failure) 159M->159M(166M) 14.382ms
[2020-08-10T13:07:26.773+0300][1386.318s][info ][gc] GC(45191) Pause Young (Allocation Failure) 160M->160M(166M) 14.306ms
[2020-08-10T13:07:26.788+0300][1386.333s][info ][gc] GC(45192) Pause Young (Allocation Failure) 161M->161M(166M) 14.235ms
[2020-08-10T13:07:26.803+0300][1386.347s][info ][gc] GC(45193) Pause Young (Allocation Failure) 162M->162M(166M) 14.113ms
[2020-08-10T13:07:26.817+0300][1386.362s][info ][gc] GC(45194) Pause Young (Allocation Failure) 163M->163M(166M) 14.174ms
[2020-08-10T13:07:26.832+0300][1386.377s][info ][gc] GC(45195) Pause Young (Allocation Failure) 164M->164M(166M) 14.270ms
[2020-08-10T13:07:26.914+0300][1386.459s][debug][gc] GC(45196) Shrinking ParOldGen from 167424K by 124928K to 42496K
[2020-08-10T13:07:26.914+0300][1386.459s][info ][gc] GC(45196) Pause Full (Ergonomics) 164M->30M(44M) 82.158ms
[2020-08-10T13:07:26.928+0300][1386.473s][info ][gc] GC(45197) Pause Young (Allocation Failure) 31M->31M(44M) 13.275ms
[2020-08-10T13:07:26.942+0300][1386.487s][info ][gc] GC(45198) Pause Young (Allocation Failure) 32M->32M(44M) 13.718ms
[2020-08-10T13:07:26.957+0300][1386.501s][info ][gc] GC(45199) Pause Young (Allocation Failure) 33M->33M(44M) 13.816ms
[2020-08-10T13:07:26.971+0300][1386.515s][info ][gc] GC(45200) Pause Young (Allocation Failure) 34M->34M(43M) 13.879ms
[2020-08-10T13:07:26.985+0300][1386.530s][info ][gc] GC(45201) Pause Young (Allocation Failure) 35M->35M(43M) 13.812ms
[2020-08-10T13:07:26.999+0300][1386.544s][info ][gc] GC(45202) Pause Young (Allocation Failure) 36M->36M(43M) 13.785ms
[2020-08-10T13:07:27.013+0300][1386.558s][info ][gc] GC(45203) Pause Young (Allocation Failure) 37M->37M(43M) 13.860ms
[2020-08-10T13:07:27.028+0300][1386.573s][info ][gc] GC(45204) Pause Young (Allocation Failure) 38M->37M(43M) 13.912ms
[2020-08-10T13:07:27.042+0300][1386.587s][info ][gc] GC(45205) Pause Young (Allocation Failure) 38M->38M(43M) 13.857ms
[2020-08-10T13:07:27.057+0300][1386.601s][info ][gc] GC(45206) Pause Young (Allocation Failure) 39M->39M(43M) 13.912ms
[2020-08-10T13:07:27.071+0300][1386.616s][info ][gc] GC(45207) Pause Young (Allocation Failure) 40M->40M(43M) 14.050ms
[2020-08-10T13:07:27.099+0300][1386.643s][info ][gc] GC(45208) Pause Young (Allocation Failure) 41M->41M(43M) 26.916ms
[2020-08-10T13:07:27.185+0300][1386.730s][debug][gc] GC(45209) Expanding ParOldGen from 42496K by 11264K to 53760K
[2020-08-10T13:07:27.186+0300][1386.730s][info ][gc] GC(45209) Pause Full (Ergonomics) 41M->41M(54M) 86.828ms
[2020-08-10T13:07:27.205+0300][1386.749s][info ][gc] GC(45210) Pause Young (Allocation Failure) 42M->42M(54M) 18.809ms
[2020-08-10T13:07:27.220+0300][1386.764s][info ][gc] GC(45211) Pause Young (Allocation Failure) 43M->43M(54M) 14.091ms
[2020-08-10T13:07:27.234+0300][1386.779s][info ][gc] GC(45212) Pause Young (Allocation Failure) 44M->44M(54M) 14.064ms
[2020-08-10T13:07:27.249+0300][1386.793s][info ][gc] GC(45213) Pause Young (Allocation Failure) 45M->45M(54M) 14.070ms
[2020-08-10T13:07:27.263+0300][1386.808s][info ][gc] GC(45214) Pause Young (Allocation Failure) 46M->46M(54M) 14.117ms
[2020-08-10T13:07:27.278+0300][1386.823s][info ][gc] GC(45215) Pause Young (Allocation Failure) 47M->47M(54M) 14.008ms
[2020-08-10T13:07:27.293+0300][1386.837s][info ][gc] GC(45216) Pause Young (Allocation Failure) 48M->48M(54M) 14.094ms
[2020-08-10T13:07:27.307+0300][1386.852s][info ][gc] GC(45217) Pause Young (Allocation Failure) 49M->49M(54M) 14.073ms
[2020-08-10T13:07:27.322+0300][1386.867s][info ][gc] GC(45218) Pause Young (Allocation Failure) 50M->50M(54M) 14.081ms
[2020-08-10T13:07:27.337+0300][1386.882s][info ][gc] GC(45219) Pause Young (Allocation Failure) 51M->51M(54M) 14.168ms
[2020-08-10T13:07:27.352+0300][1386.896s][info ][gc] GC(45220) Pause Young (Allocation Failure) 52M->52M(54M) 14.106ms
[2020-08-10T13:07:27.366+0300][1386.911s][info ][gc] GC(45221) Pause Young (Allocation Failure) 53M->53M(54M) 14.126ms
[2020-08-10T13:07:27.482+0300][1387.026s][debug][gc] GC(45222) Expanding ParOldGen from 53760K by 11776K to 65536K
[2020-08-10T13:07:27.482+0300][1387.027s][info ][gc] GC(45222) Pause Full (Ergonomics) 53M->52M(66M) 115.359ms
[2020-08-10T13:07:27.506+0300][1387.050s][info ][gc] GC(45223) Pause Young (Allocation Failure) 53M->53M(66M) 23.118ms
[2020-08-10T13:07:27.520+0300][1387.065s][info ][gc] GC(45224) Pause Young (Allocation Failure) 54M->54M(66M) 14.171ms
[2020-08-10T13:07:27.535+0300][1387.080s][info ][gc] GC(45225) Pause Young (Allocation Failure) 55M->55M(66M) 14.211ms
[2020-08-10T13:07:27.550+0300][1387.095s][info ][gc] GC(45226) Pause Young (Allocation Failure) 56M->56M(66M) 14.028ms
[2020-08-10T13:07:27.565+0300][1387.109s][info ][gc] GC(45227) Pause Young (Allocation Failure) 57M->57M(66M) 14.131ms
[2020-08-10T13:07:27.580+0300][1387.125s][info ][gc] GC(45228) Pause Young (Allocation Failure) 58M->58M(66M) 14.681ms
[2020-08-10T13:07:27.595+0300][1387.140s][info ][gc] GC(45229) Pause Young (Allocation Failure) 59M->59M(66M) 14.403ms
[2020-08-10T13:07:27.610+0300][1387.154s][info ][gc] GC(45230) Pause Young (Allocation Failure) 60M->60M(66M) 14.156ms
[2020-08-10T13:07:27.625+0300][1387.169s][info ][gc] GC(45231) Pause Young (Allocation Failure) 61M->61M(66M) 14.268ms
[2020-08-10T13:07:27.639+0300][1387.184s][info ][gc] GC(45232) Pause Young (Allocation Failure) 62M->62M(66M) 14.245ms
[2020-08-10T13:07:27.654+0300][1387.199s][info ][gc] GC(45233) Pause Young (Allocation Failure) 63M->63M(66M) 14.279ms
[2020-08-10T13:07:27.669+0300][1387.214s][info ][gc] GC(45234) Pause Young (Allocation Failure) 64M->64M(66M) 14.250ms
[2020-08-10T13:07:27.814+0300][1387.359s][debug][gc] GC(45235) Expanding ParOldGen from 65536K by 11264K to 76800K
[2020-08-10T13:07:27.815+0300][1387.359s][info ][gc] GC(45235) Pause Full (Ergonomics) 64M->64M(77M) 145.323ms
[2020-08-10T13:07:27.842+0300][1387.387s][info ][gc] GC(45236) Pause Young (Allocation Failure) 65M->65M(77M) 26.829ms
[2020-08-10T13:07:27.857+0300][1387.402s][info ][gc] GC(45237) Pause Young (Allocation Failure) 66M->66M(77M) 14.270ms
[2020-08-10T13:07:27.872+0300][1387.416s][info ][gc] GC(45238) Pause Young (Allocation Failure) 67M->67M(77M) 14.223ms
[2020-08-10T13:07:27.887+0300][1387.431s][info ][gc] GC(45239) Pause Young (Allocation Failure) 68M->68M(77M) 14.309ms
[2020-08-10T13:07:27.901+0300][1387.446s][info ][gc] GC(45240) Pause Young (Allocation Failure) 69M->68M(77M) 14.273ms
[2020-08-10T13:07:27.916+0300][1387.461s][info ][gc] GC(45241) Pause Young (Allocation Failure) 69M->69M(77M) 14.265ms
[2020-08-10T13:07:27.931+0300][1387.476s][info ][gc] GC(45242) Pause Young (Allocation Failure) 70M->70M(77M) 14.363ms
[2020-08-10T13:07:27.946+0300][1387.490s][info ][gc] GC(45243) Pause Young (Allocation Failure) 71M->71M(77M) 13.990ms
[2020-08-10T13:07:27.961+0300][1387.505s][info ][gc] GC(45244) Pause Young (Allocation Failure) 72M->72M(77M) 14.331ms
[2020-08-10T13:07:27.975+0300][1387.520s][info ][gc] GC(45245) Pause Young (Allocation Failure) 73M->73M(77M) 14.272ms
[2020-08-10T13:07:27.990+0300][1387.535s][info ][gc] GC(45246) Pause Young (Allocation Failure) 74M->74M(77M) 14.201ms
[2020-08-10T13:07:28.005+0300][1387.550s][info ][gc] GC(45247) Pause Young (Allocation Failure) 75M->75M(77M) 14.347ms
[2020-08-10T13:07:28.177+0300][1387.722s][debug][gc] GC(45248) Expanding ParOldGen from 76800K by 11264K to 88064K
[2020-08-10T13:07:28.177+0300][1387.722s][info ][gc] GC(45248) Pause Full (Ergonomics) 75M->75M(88M) 171.586ms
[2020-08-10T13:07:28.209+0300][1387.753s][info ][gc] GC(45249) Pause Young (Allocation Failure) 76M->76M(88M) 31.003ms
[2020-08-10T13:07:28.224+0300][1387.768s][info ][gc] GC(45250) Pause Young (Allocation Failure) 77M->77M(88M) 14.420ms
[2020-08-10T13:07:28.239+0300][1387.783s][info ][gc] GC(45251) Pause Young (Allocation Failure) 78M->78M(88M) 14.425ms
[2020-08-10T13:07:28.254+0300][1387.798s][info ][gc] GC(45252) Pause Young (Allocation Failure) 79M->79M(88M) 14.344ms
[2020-08-10T13:07:28.269+0300][1387.813s][info ][gc] GC(45253) Pause Young (Allocation Failure) 80M->80M(88M) 14.370ms
[2020-08-10T13:07:28.284+0300][1387.828s][info ][gc] GC(45254) Pause Young (Allocation Failure) 81M->81M(88M) 14.369ms
[2020-08-10T13:07:28.299+0300][1387.843s][info ][gc] GC(45255) Pause Young (Allocation Failure) 82M->82M(88M) 14.559ms
[2020-08-10T13:07:28.314+0300][1387.859s][info ][gc] GC(45256) Pause Young (Allocation Failure) 83M->83M(88M) 14.440ms
[2020-08-10T13:07:28.329+0300][1387.874s][info ][gc] GC(45257) Pause Young (Allocation Failure) 84M->84M(88M) 14.458ms
[2020-08-10T13:07:28.344+0300][1387.889s][info ][gc] GC(45258) Pause Young (Allocation Failure) 85M->85M(88M) 14.595ms
[2020-08-10T13:07:28.359+0300][1387.904s][info ][gc] GC(45259) Pause Young (Allocation Failure) 86M->85M(88M) 14.681ms
[2020-08-10T13:07:28.578+0300][1388.123s][debug][gc] GC(45260) Expanding ParOldGen from 88064K by 11264K to 99328K
[2020-08-10T13:07:28.578+0300][1388.123s][info ][gc] GC(45260) Pause Full (Ergonomics) 85M->85M(99M) 218.850ms
[2020-08-10T13:07:28.593+0300][1388.137s][info ][gc] GC(45261) Pause Young (Allocation Failure) 86M->86M(99M) 13.647ms
[2020-08-10T13:07:28.608+0300][1388.152s][info ][gc] GC(45262) Pause Young (Allocation Failure) 87M->87M(99M) 14.425ms
[2020-08-10T13:07:28.623+0300][1388.167s][info ][gc] GC(45263) Pause Young (Allocation Failure) 88M->88M(99M) 14.637ms
[2020-08-10T13:07:28.638+0300][1388.183s][info ][gc] GC(45264) Pause Young (Allocation Failure) 89M->89M(99M) 14.809ms
[2020-08-10T13:07:28.653+0300][1388.198s][info ][gc] GC(45265) Pause Young (Allocation Failure) 90M->90M(99M) 14.805ms
[2020-08-10T13:07:28.669+0300][1388.214s][info ][gc] GC(45266) Pause Young (Allocation Failure) 91M->91M(99M) 15.006ms
[2020-08-10T13:07:28.685+0300][1388.229s][info ][gc] GC(45267) Pause Young (Allocation Failure) 92M->92M(99M) 15.069ms
[2020-08-10T13:07:28.701+0300][1388.245s][info ][gc] GC(45268) Pause Young (Allocation Failure) 93M->93M(99M) 15.279ms
[2020-08-10T13:07:28.716+0300][1388.261s][info ][gc] GC(45269) Pause Young (Allocation Failure) 94M->94M(99M) 15.211ms
[2020-08-10T13:07:28.732+0300][1388.277s][info ][gc] GC(45270) Pause Young (Allocation Failure) 95M->95M(99M) 15.307ms
[2020-08-10T13:07:28.748+0300][1388.293s][info ][gc] GC(45271) Pause Young (Allocation Failure) 96M->96M(99M) 15.450ms
[2020-08-10T13:07:28.764+0300][1388.309s][info ][gc] GC(45272) Pause Young (Allocation Failure) 97M->97M(99M) 15.358ms
[2020-08-10T13:07:29.043+0300][1388.588s][debug][gc] GC(45273) Expanding ParOldGen from 99328K by 11264K to 110592K
[2020-08-10T13:07:29.043+0300][1388.588s][info ][gc] GC(45273) Pause Full (Ergonomics) 97M->97M(110M) 278.539ms
[2020-08-10T13:07:29.082+0300][1388.627s][info ][gc] GC(45274) Pause Young (Allocation Failure) 98M->98M(110M) 38.448ms
[2020-08-10T13:07:29.110+0300][1388.654s][info ][gc] GC(45275) Pause Young (Allocation Failure) 99M->99M(110M) 27.141ms
[2020-08-10T13:07:29.127+0300][1388.671s][info ][gc] GC(45276) Pause Young (Allocation Failure) 100M->100M(110M) 16.192ms
[2020-08-10T13:07:29.143+0300][1388.688s][info ][gc] GC(45277) Pause Young (Allocation Failure) 101M->100M(110M) 16.328ms
[2020-08-10T13:07:29.160+0300][1388.705s][info ][gc] GC(45278) Pause Young (Allocation Failure) 101M->101M(110M) 16.470ms
[2020-08-10T13:07:29.177+0300][1388.722s][info ][gc] GC(45279) Pause Young (Allocation Failure) 102M->102M(110M) 16.255ms
[2020-08-10T13:07:29.194+0300][1388.739s][info ][gc] GC(45280) Pause Young (Allocation Failure) 103M->103M(110M) 16.440ms
[2020-08-10T13:07:29.211+0300][1388.756s][info ][gc] GC(45281) Pause Young (Allocation Failure) 104M->104M(110M) 16.403ms
[2020-08-10T13:07:29.229+0300][1388.773s][info ][gc] GC(45282) Pause Young (Allocation Failure) 105M->105M(110M) 16.506ms
[2020-08-10T13:07:29.246+0300][1388.791s][info ][gc] GC(45283) Pause Young (Allocation Failure) 106M->106M(110M) 16.451ms
[2020-08-10T13:07:29.263+0300][1388.808s][info ][gc] GC(45284) Pause Young (Allocation Failure) 107M->107M(110M) 16.758ms
[2020-08-10T13:07:29.281+0300][1388.825s][info ][gc] GC(45285) Pause Young (Allocation Failure) 108M->108M(110M) 16.995ms
[2020-08-10T13:07:29.553+0300][1389.097s][debug][gc] GC(45286) Expanding ParOldGen from 110592K by 11776K to 122368K
[2020-08-10T13:07:29.553+0300][1389.098s][info ][gc] GC(45286) Pause Full (Ergonomics) 108M->108M(121M) 272.081ms
[2020-08-10T13:07:29.592+0300][1389.137s][info ][gc] GC(45287) Pause Young (Allocation Failure) 109M->109M(122M) 38.441ms
[2020-08-10T13:07:29.609+0300][1389.154s][info ][gc] GC(45288) Pause Young (Allocation Failure) 110M->110M(122M) 16.910ms
[2020-08-10T13:07:29.632+0300][1389.177s][info ][gc] GC(45289) Pause Young (Allocation Failure) 111M->111M(122M) 22.713ms
[2020-08-10T13:07:29.650+0300][1389.195s][info ][gc] GC(45290) Pause Young (Allocation Failure) 112M->112M(122M) 16.861ms
[2020-08-10T13:07:29.667+0300][1389.212s][info ][gc] GC(45291) Pause Young (Allocation Failure) 113M->113M(122M) 16.992ms
[2020-08-10T13:07:29.685+0300][1389.230s][info ][gc] GC(45292) Pause Young (Allocation Failure) 114M->114M(122M) 17.302ms
[2020-08-10T13:07:29.703+0300][1389.248s][info ][gc] GC(45293) Pause Young (Allocation Failure) 115M->115M(122M) 17.584ms
[2020-08-10T13:07:29.722+0300][1389.266s][info ][gc] GC(45294) Pause Young (Allocation Failure) 116M->116M(122M) 17.651ms
[2020-08-10T13:07:29.740+0300][1389.285s][info ][gc] GC(45295) Pause Young (Allocation Failure) 117M->117M(122M) 17.726ms
[2020-08-10T13:07:29.758+0300][1389.303s][info ][gc] GC(45296) Pause Young (Allocation Failure) 118M->117M(121M) 17.742ms
[2020-08-10T13:07:29.776+0300][1389.321s][info ][gc] GC(45297) Pause Young (Allocation Failure) 118M->118M(121M) 17.654ms
[2020-08-10T13:07:29.795+0300][1389.340s][info ][gc] GC(45298) Pause Young (Allocation Failure) 119M->119M(121M) 17.835ms
[2020-08-10T13:07:30.094+0300][1389.637s][debug][gc] GC(45299) Expanding ParOldGen from 122368K by 11264K to 133632K
[2020-08-10T13:07:30.094+0300][1389.638s][info ][gc] GC(45299) Pause Full (Ergonomics) 119M->119M(132M) 297.757ms
[2020-08-10T13:07:30.132+0300][1389.676s][info ][gc] GC(45300) Pause Young (Allocation Failure) 120M->120M(133M) 37.877ms
[2020-08-10T13:07:30.151+0300][1389.695s][info ][gc] GC(45301) Pause Young (Allocation Failure) 121M->121M(133M) 18.101ms
[2020-08-10T13:07:30.169+0300][1389.713s][info ][gc] GC(45302) Pause Young (Allocation Failure) 122M->122M(133M) 18.050ms
[2020-08-10T13:07:30.188+0300][1389.731s][info ][gc] GC(45303) Pause Young (Allocation Failure) 123M->123M(133M) 17.994ms
[2020-08-10T13:07:30.207+0300][1389.750s][info ][gc] GC(45304) Pause Young (Allocation Failure) 124M->124M(133M) 18.627ms
[2020-08-10T13:07:30.226+0300][1389.770s][info ][gc] GC(45305) Pause Young (Allocation Failure) 125M->125M(133M) 18.695ms
[2020-08-10T13:07:30.245+0300][1389.789s][info ][gc] GC(45306) Pause Young (Allocation Failure) 126M->126M(133M) 18.161ms
[2020-08-10T13:07:30.264+0300][1389.808s][info ][gc] GC(45307) Pause Young (Allocation Failure) 127M->127M(133M) 18.827ms
[2020-08-10T13:07:30.283+0300][1389.827s][info ][gc] GC(45308) Pause Young (Allocation Failure) 128M->128M(133M) 18.588ms
[2020-08-10T13:07:30.303+0300][1389.846s][info ][gc] GC(45309) Pause Young (Allocation Failure) 129M->129M(133M) 18.743ms
[2020-08-10T13:07:30.322+0300][1389.866s][info ][gc] GC(45310) Pause Young (Allocation Failure) 130M->130M(133M) 18.799ms
[2020-08-10T13:07:30.341+0300][1389.885s][info ][gc] GC(45311) Pause Young (Allocation Failure) 131M->131M(133M) 18.820ms
[2020-08-10T13:07:30.694+0300][1390.238s][debug][gc] GC(45312) Expanding ParOldGen from 133632K by 11264K to 144896K
[2020-08-10T13:07:30.694+0300][1390.238s][info ][gc] GC(45312) Pause Full (Ergonomics) 131M->131M(144M) 352.568ms
[2020-08-10T13:07:30.733+0300][1390.277s][info ][gc] GC(45313) Pause Young (Allocation Failure) 132M->131M(144M) 38.403ms
[2020-08-10T13:07:30.752+0300][1390.296s][info ][gc] GC(45314) Pause Young (Allocation Failure) 132M->132M(144M) 19.037ms
[2020-08-10T13:07:30.771+0300][1390.315s][info ][gc] GC(45315) Pause Young (Allocation Failure) 133M->133M(144M) 18.826ms
[2020-08-10T13:07:30.791+0300][1390.335s][info ][gc] GC(45316) Pause Young (Allocation Failure) 134M->134M(144M) 18.894ms
[2020-08-10T13:07:30.791+0300][1390.335s][debug][gc] Expanding ParOldGen from 144896K by 19968K to 164864K
[2020-08-10T13:07:30.836+0300][1390.380s][info ][gc] GC(45317) Pause Young (Allocation Failure) 154M->154M(163M) 31.281ms
[2020-08-10T13:07:30.865+0300][1390.409s][info ][gc] GC(45318) Pause Young (Allocation Failure) 155M->155M(163M) 29.231ms
[2020-08-10T13:07:30.893+0300][1390.437s][info ][gc] GC(45319) Pause Young (Allocation Failure) 156M->156M(163M) 27.261ms
[2020-08-10T13:07:30.921+0300][1390.464s][info ][gc] GC(45320) Pause Young (Allocation Failure) 157M->157M(163M) 27.025ms
[2020-08-10T13:07:30.949+0300][1390.492s][info ][gc] GC(45321) Pause Young (Allocation Failure) 158M->158M(163M) 27.428ms
[2020-08-10T13:07:30.977+0300][1390.520s][info ][gc] GC(45322) Pause Young (Allocation Failure) 159M->159M(163M) 27.445ms
[2020-08-10T13:07:31.004+0300][1390.548s][info ][gc] GC(45323) Pause Young (Allocation Failure) 160M->160M(163M) 27.158ms
[2020-08-10T13:07:31.032+0300][1390.576s][info ][gc] GC(45324) Pause Young (Allocation Failure) 161M->161M(163M) 27.275ms
[2020-08-10T13:07:31.121+0300][1390.665s][debug][gc] GC(45325) Shrinking ParOldGen from 164864K by 124928K to 39936K
[2020-08-10T13:07:31.122+0300][1390.665s][info ][gc] GC(45325) Pause Full (Ergonomics) 161M->27M(41M) 89.129ms
[2020-08-10T13:07:31.136+0300][1390.679s][info ][gc] GC(45326) Pause Young (Allocation Failure) 28M->28M(41M) 13.379ms
[2020-08-10T13:07:31.158+0300][1390.702s][info ][gc] GC(45327) Pause Young (Allocation Failure) 29M->29M(41M) 22.059ms
[2020-08-10T13:07:31.177+0300][1390.721s][info ][gc] GC(45328) Pause Young (Allocation Failure) 30M->30M(41M) 17.696ms
[2020-08-10T13:07:31.191+0300][1390.735s][info ][gc] GC(45329) Pause Young (Allocation Failure) 31M->31M(41M) 13.894ms
[2020-08-10T13:07:31.206+0300][1390.750s][info ][gc] GC(45330) Pause Young (Allocation Failure) 32M->32M(41M) 14.070ms
[2020-08-10T13:07:31.221+0300][1390.764s][info ][gc] GC(45331) Pause Young (Allocation Failure) 33M->33M(41M) 14.029ms
[2020-08-10T13:07:31.235+0300][1390.779s][info ][gc] GC(45332) Pause Young (Allocation Failure) 34M->34M(41M) 14.006ms
[2020-08-10T13:07:31.250+0300][1390.793s][info ][gc] GC(45333) Pause Young (Allocation Failure) 35M->35M(41M) 13.925ms
[2020-08-10T13:07:31.264+0300][1390.808s][info ][gc] GC(45334) Pause Young (Allocation Failure) 36M->36M(41M) 14.207ms
[2020-08-10T13:07:31.279+0300][1390.823s][info ][gc] GC(45335) Pause Young (Allocation Failure) 37M->37M(41M) 13.984ms
[2020-08-10T13:07:31.294+0300][1390.838s][info ][gc] GC(45336) Pause Young (Allocation Failure) 38M->38M(41M) 14.064ms
[2020-08-10T13:07:31.308+0300][1390.852s][info ][gc] GC(45337) Pause Young (Allocation Failure) 39M->39M(41M) 14.028ms
[2020-08-10T13:07:31.382+0300][1390.926s][debug][gc] GC(45338) Expanding ParOldGen from 39936K by 11264K to 51200K
[2020-08-10T13:07:31.382+0300][1390.926s][info ][gc] GC(45338) Pause Full (Ergonomics) 39M->39M(52M) 73.271ms
[2020-08-10T13:07:31.401+0300][1390.945s][info ][gc] GC(45339) Pause Young (Allocation Failure) 40M->40M(52M) 18.221ms
[2020-08-10T13:07:31.415+0300][1390.959s][info ][gc] GC(45340) Pause Young (Allocation Failure) 41M->41M(52M) 13.990ms
[2020-08-10T13:07:31.430+0300][1390.974s][info ][gc] GC(45341) Pause Young (Allocation Failure) 42M->41M(52M) 14.084ms
[2020-08-10T13:07:31.444+0300][1390.988s][info ][gc] GC(45342) Pause Young (Allocation Failure) 42M->42M(52M) 13.858ms
[2020-08-10T13:07:31.459+0300][1391.003s][info ][gc] GC(45343) Pause Young (Allocation Failure) 43M->43M(52M) 14.030ms
[2020-08-10T13:07:31.473+0300][1391.017s][info ][gc] GC(45344) Pause Young (Allocation Failure) 44M->44M(52M) 13.846ms
[2020-08-10T13:07:31.488+0300][1391.032s][info ][gc] GC(45345) Pause Young (Allocation Failure) 45M->45M(52M) 13.922ms
[2020-08-10T13:07:31.502+0300][1391.046s][info ][gc] GC(45346) Pause Young (Allocation Failure) 46M->46M(52M) 13.974ms
[2020-08-10T13:07:31.517+0300][1391.060s][info ][gc] GC(45347) Pause Young (Allocation Failure) 47M->47M(52M) 13.944ms
[2020-08-10T13:07:31.531+0300][1391.075s][info ][gc] GC(45348) Pause Young (Allocation Failure) 48M->48M(52M) 14.023ms
[2020-08-10T13:07:31.546+0300][1391.090s][info ][gc] GC(45349) Pause Young (Allocation Failure) 49M->49M(52M) 14.020ms
[2020-08-10T13:07:31.560+0300][1391.104s][info ][gc] GC(45350) Pause Young (Allocation Failure) 50M->50M(52M) 14.090ms
[2020-08-10T13:07:31.665+0300][1391.209s][debug][gc] GC(45351) Expanding ParOldGen from 51200K by 11776K to 62976K
[2020-08-10T13:07:31.665+0300][1391.209s][info ][gc] GC(45351) Pause Full (Ergonomics) 50M->50M(63M) 104.901ms
[2020-08-10T13:07:31.687+0300][1391.231s][info ][gc] GC(45352) Pause Young (Allocation Failure) 51M->51M(63M) 21.082ms
[2020-08-10T13:07:31.702+0300][1391.246s][info ][gc] GC(45353) Pause Young (Allocation Failure) 52M->52M(63M) 14.026ms
[2020-08-10T13:07:31.716+0300][1391.260s][info ][gc] GC(45354) Pause Young (Allocation Failure) 53M->53M(63M) 14.026ms
[2020-08-10T13:07:31.731+0300][1391.275s][info ][gc] GC(45355) Pause Young (Allocation Failure) 54M->54M(63M) 14.067ms
[2020-08-10T13:07:31.745+0300][1391.289s][info ][gc] GC(45356) Pause Young (Allocation Failure) 55M->55M(63M) 14.035ms
[2020-08-10T13:07:31.760+0300][1391.304s][info ][gc] GC(45357) Pause Young (Allocation Failure) 56M->56M(63M) 13.804ms
[2020-08-10T13:07:31.774+0300][1391.318s][info ][gc] GC(45358) Pause Young (Allocation Failure) 57M->57M(63M) 14.070ms
[2020-08-10T13:07:31.789+0300][1391.333s][info ][gc] GC(45359) Pause Young (Allocation Failure) 58M->58M(63M) 14.069ms
[2020-08-10T13:07:31.803+0300][1391.347s][info ][gc] GC(45360) Pause Young (Allocation Failure) 59M->59M(63M) 13.910ms
[2020-08-10T13:07:31.817+0300][1391.361s][info ][gc] GC(45361) Pause Young (Allocation Failure) 60M->59M(63M) 13.857ms
[2020-08-10T13:07:31.832+0300][1391.376s][info ][gc] GC(45362) Pause Young (Allocation Failure) 60M->60M(63M) 14.069ms
[2020-08-10T13:07:31.847+0300][1391.391s][info ][gc] GC(45363) Pause Young (Allocation Failure) 61M->61M(63M) 14.092ms
[2020-08-10T13:07:31.986+0300][1391.530s][debug][gc] GC(45364) Expanding ParOldGen from 62976K by 11264K to 74240K
[2020-08-10T13:07:31.986+0300][1391.530s][info ][gc] GC(45364) Pause Full (Ergonomics) 61M->61M(74M) 139.536ms
[2020-08-10T13:07:32.014+0300][1391.558s][info ][gc] GC(45365) Pause Young (Allocation Failure) 62M->62M(74M) 26.882ms
[2020-08-10T13:07:32.029+0300][1391.573s][info ][gc] GC(45366) Pause Young (Allocation Failure) 63M->63M(74M) 14.309ms
[2020-08-10T13:07:32.043+0300][1391.587s][info ][gc] GC(45367) Pause Young (Allocation Failure) 64M->64M(74M) 14.224ms
[2020-08-10T13:07:32.058+0300][1391.602s][info ][gc] GC(45368) Pause Young (Allocation Failure) 65M->65M(74M) 14.201ms
[2020-08-10T13:07:32.073+0300][1391.617s][info ][gc] GC(45369) Pause Young (Allocation Failure) 66M->66M(74M) 14.284ms
[2020-08-10T13:07:32.088+0300][1391.632s][info ][gc] GC(45370) Pause Young (Allocation Failure) 67M->67M(74M) 14.246ms
[2020-08-10T13:07:32.103+0300][1391.647s][info ][gc] GC(45371) Pause Young (Allocation Failure) 68M->68M(74M) 14.305ms
[2020-08-10T13:07:32.118+0300][1391.662s][info ][gc] GC(45372) Pause Young (Allocation Failure) 69M->69M(74M) 14.151ms
[2020-08-10T13:07:32.132+0300][1391.676s][info ][gc] GC(45373) Pause Young (Allocation Failure) 70M->70M(74M) 14.294ms
[2020-08-10T13:07:32.147+0300][1391.691s][info ][gc] GC(45374) Pause Young (Allocation Failure) 71M->71M(74M) 14.311ms
[2020-08-10T13:07:32.162+0300][1391.706s][info ][gc] GC(45375) Pause Young (Allocation Failure) 72M->72M(74M) 14.322ms
[2020-08-10T13:07:32.177+0300][1391.721s][info ][gc] GC(45376) Pause Young (Allocation Failure) 73M->73M(74M) 14.187ms
[2020-08-10T13:07:32.342+0300][1391.886s][debug][gc] GC(45377) Expanding ParOldGen from 74240K by 11264K to 85504K
[2020-08-10T13:07:32.342+0300][1391.886s][info ][gc] GC(45377) Pause Full (Ergonomics) 73M->73M(85M) 164.997ms
[2020-08-10T13:07:32.374+0300][1391.918s][info ][gc] GC(45378) Pause Young (Allocation Failure) 74M->74M(85M) 31.537ms
[2020-08-10T13:07:32.389+0300][1391.933s][info ][gc] GC(45379) Pause Young (Allocation Failure) 75M->74M(85M) 14.449ms
[2020-08-10T13:07:32.404+0300][1391.948s][info ][gc] GC(45380) Pause Young (Allocation Failure) 75M->75M(85M) 14.352ms
[2020-08-10T13:07:32.419+0300][1391.963s][info ][gc] GC(45381) Pause Young (Allocation Failure) 76M->76M(85M) 14.273ms
[2020-08-10T13:07:32.434+0300][1391.978s][info ][gc] GC(45382) Pause Young (Allocation Failure) 77M->77M(85M) 14.402ms
[2020-08-10T13:07:32.449+0300][1391.993s][info ][gc] GC(45383) Pause Young (Allocation Failure) 78M->78M(85M) 14.385ms
[2020-08-10T13:07:32.464+0300][1392.008s][info ][gc] GC(45384) Pause Young (Allocation Failure) 79M->79M(85M) 14.440ms
[2020-08-10T13:07:32.479+0300][1392.023s][info ][gc] GC(45385) Pause Young (Allocation Failure) 80M->80M(85M) 14.244ms
[2020-08-10T13:07:32.494+0300][1392.038s][info ][gc] GC(45386) Pause Young (Allocation Failure) 81M->81M(85M) 14.288ms
[2020-08-10T13:07:32.509+0300][1392.053s][info ][gc] GC(45387) Pause Young (Allocation Failure) 82M->82M(85M) 14.293ms
[2020-08-10T13:07:32.524+0300][1392.068s][info ][gc] GC(45388) Pause Young (Allocation Failure) 83M->83M(85M) 14.547ms
[2020-08-10T13:07:32.724+0300][1392.268s][debug][gc] GC(45389) Expanding ParOldGen from 85504K by 11264K to 96768K
[2020-08-10T13:07:32.725+0300][1392.269s][info ][gc] GC(45389) Pause Full (Ergonomics) 83M->83M(96M) 200.667ms
[2020-08-10T13:07:32.739+0300][1392.283s][info ][gc] GC(45390) Pause Young (Allocation Failure) 84M->84M(96M) 13.669ms
[2020-08-10T13:07:32.754+0300][1392.298s][info ][gc] GC(45391) Pause Young (Allocation Failure) 85M->85M(96M) 14.373ms
[2020-08-10T13:07:32.769+0300][1392.313s][info ][gc] GC(45392) Pause Young (Allocation Failure) 86M->86M(96M) 14.397ms
[2020-08-10T13:07:32.784+0300][1392.328s][info ][gc] GC(45393) Pause Young (Allocation Failure) 87M->87M(96M) 14.500ms
[2020-08-10T13:07:32.799+0300][1392.343s][info ][gc] GC(45394) Pause Young (Allocation Failure) 88M->88M(96M) 14.776ms
[2020-08-10T13:07:32.815+0300][1392.359s][info ][gc] GC(45395) Pause Young (Allocation Failure) 89M->89M(96M) 14.647ms
[2020-08-10T13:07:32.830+0300][1392.374s][info ][gc] GC(45396) Pause Young (Allocation Failure) 90M->90M(96M) 14.821ms
[2020-08-10T13:07:32.846+0300][1392.390s][info ][gc] GC(45397) Pause Young (Allocation Failure) 91M->90M(96M) 14.923ms
[2020-08-10T13:07:32.861+0300][1392.405s][info ][gc] GC(45398) Pause Young (Allocation Failure) 91M->91M(96M) 15.229ms
[2020-08-10T13:07:32.877+0300][1392.421s][info ][gc] GC(45399) Pause Young (Allocation Failure) 92M->92M(96M) 15.161ms
[2020-08-10T13:07:32.893+0300][1392.437s][info ][gc] GC(45400) Pause Young (Allocation Failure) 93M->93M(96M) 15.078ms
[2020-08-10T13:07:32.909+0300][1392.453s][info ][gc] GC(45401) Pause Young (Allocation Failure) 94M->94M(96M) 15.229ms
[2020-08-10T13:07:33.136+0300][1392.680s][debug][gc] GC(45402) Expanding ParOldGen from 96768K by 11264K to 108032K
[2020-08-10T13:07:33.136+0300][1392.680s][info ][gc] GC(45402) Pause Full (Ergonomics) 94M->94M(107M) 227.296ms
[2020-08-10T13:07:33.171+0300][1392.715s][info ][gc] GC(45403) Pause Young (Allocation Failure) 95M->95M(107M) 34.411ms
[2020-08-10T13:07:33.187+0300][1392.731s][info ][gc] GC(45404) Pause Young (Allocation Failure) 96M->96M(107M) 15.669ms
[2020-08-10T13:07:33.204+0300][1392.748s][info ][gc] GC(45405) Pause Young (Allocation Failure) 97M->97M(107M) 15.664ms
[2020-08-10T13:07:33.220+0300][1392.764s][info ][gc] GC(45406) Pause Young (Allocation Failure) 98M->98M(107M) 15.951ms
[2020-08-10T13:07:33.237+0300][1392.781s][info ][gc] GC(45407) Pause Young (Allocation Failure) 99M->99M(107M) 15.906ms
[2020-08-10T13:07:33.254+0300][1392.798s][info ][gc] GC(45408) Pause Young (Allocation Failure) 100M->100M(107M) 16.523ms
[2020-08-10T13:07:33.270+0300][1392.814s][info ][gc] GC(45409) Pause Young (Allocation Failure) 101M->101M(107M) 16.009ms
[2020-08-10T13:07:33.287+0300][1392.831s][info ][gc] GC(45410) Pause Young (Allocation Failure) 102M->102M(107M) 16.136ms
[2020-08-10T13:07:33.304+0300][1392.848s][info ][gc] GC(45411) Pause Young (Allocation Failure) 103M->103M(107M) 16.399ms
[2020-08-10T13:07:33.321+0300][1392.865s][info ][gc] GC(45412) Pause Young (Allocation Failure) 104M->104M(107M) 16.363ms
[2020-08-10T13:07:33.338+0300][1392.882s][info ][gc] GC(45413) Pause Young (Allocation Failure) 105M->105M(107M) 16.384ms
[2020-08-10T13:07:33.367+0300][1392.911s][info ][gc] GC(45414) Pause Young (Allocation Failure) 106M->106M(107M) 28.835ms
[2020-08-10T13:07:33.633+0300][1393.177s][debug][gc] GC(45415) Expanding ParOldGen from 108032K by 11264K to 119296K
[2020-08-10T13:07:33.633+0300][1393.177s][info ][gc] GC(45415) Pause Full (Ergonomics) 106M->105M(118M) 265.750ms
[2020-08-10T13:07:33.692+0300][1393.236s][info ][gc] GC(45416) Pause Young (Allocation Failure) 106M->106M(118M) 58.368ms
[2020-08-10T13:07:33.709+0300][1393.253s][info ][gc] GC(45417) Pause Young (Allocation Failure) 107M->107M(118M) 16.624ms
[2020-08-10T13:07:33.726+0300][1393.270s][info ][gc] GC(45418) Pause Young (Allocation Failure) 108M->108M(118M) 16.726ms
[2020-08-10T13:07:33.743+0300][1393.287s][info ][gc] GC(45419) Pause Young (Allocation Failure) 109M->109M(118M) 16.814ms
[2020-08-10T13:07:33.765+0300][1393.309s][info ][gc] GC(45420) Pause Young (Allocation Failure) 110M->110M(118M) 20.832ms
[2020-08-10T13:07:33.782+0300][1393.326s][info ][gc] GC(45421) Pause Young (Allocation Failure) 111M->111M(118M) 16.650ms
[2020-08-10T13:07:33.799+0300][1393.343s][info ][gc] GC(45422) Pause Young (Allocation Failure) 112M->112M(118M) 16.983ms
[2020-08-10T13:07:33.817+0300][1393.361s][info ][gc] GC(45423) Pause Young (Allocation Failure) 113M->113M(118M) 17.217ms
[2020-08-10T13:07:33.835+0300][1393.379s][info ][gc] GC(45424) Pause Young (Allocation Failure) 114M->114M(118M) 17.135ms
[2020-08-10T13:07:33.855+0300][1393.399s][info ][gc] GC(45425) Pause Young (Allocation Failure) 115M->115M(118M) 19.907ms
[2020-08-10T13:07:33.873+0300][1393.417s][info ][gc] GC(45426) Pause Young (Allocation Failure) 116M->116M(118M) 17.600ms
[2020-08-10T13:07:33.891+0300][1393.435s][info ][gc] GC(45427) Pause Young (Allocation Failure) 117M->117M(118M) 17.412ms
[2020-08-10T13:07:34.195+0300][1393.739s][debug][gc] GC(45428) Expanding ParOldGen from 119296K by 11264K to 130560K
[2020-08-10T13:07:34.195+0300][1393.739s][info ][gc] GC(45428) Pause Full (Ergonomics) 117M->117M(129M) 304.514ms
[2020-08-10T13:07:34.230+0300][1393.774s][info ][gc] GC(45429) Pause Young (Allocation Failure) 118M->118M(129M) 33.947ms
[2020-08-10T13:07:34.248+0300][1393.793s][info ][gc] GC(45430) Pause Young (Allocation Failure) 119M->119M(129M) 17.942ms
[2020-08-10T13:07:34.265+0300][1393.809s][info ][gc] GC(45431) Pause Young (Allocation Failure) 119M->119M(129M) 16.263ms
[2020-08-10T13:07:34.281+0300][1393.825s][info ][gc] GC(45432) Pause Young (Allocation Failure) 120M->120M(129M) 15.269ms
[2020-08-10T13:07:34.297+0300][1393.841s][info ][gc] GC(45433) Pause Young (Allocation Failure) 120M->120M(129M) 15.291ms
[2020-08-10T13:07:34.312+0300][1393.856s][info ][gc] GC(45434) Pause Young (Allocation Failure) 121M->121M(129M) 15.055ms
[2020-08-10T13:07:34.328+0300][1393.872s][info ][gc] GC(45435) Pause Young (Allocation Failure) 121M->121M(129M) 15.365ms
[2020-08-10T13:07:34.344+0300][1393.888s][info ][gc] GC(45436) Pause Young (Allocation Failure) 121M->121M(129M) 15.313ms
[2020-08-10T13:07:34.359+0300][1393.903s][info ][gc] GC(45437) Pause Young (Allocation Failure) 122M->122M(129M) 15.250ms
[2020-08-10T13:07:34.375+0300][1393.919s][info ][gc] GC(45438) Pause Young (Allocation Failure) 122M->122M(129M) 15.293ms
[2020-08-10T13:07:34.391+0300][1393.935s][info ][gc] GC(45439) Pause Young (Allocation Failure) 123M->123M(129M) 15.327ms
[2020-08-10T13:07:34.406+0300][1393.950s][info ][gc] GC(45440) Pause Young (Allocation Failure) 123M->123M(129M) 15.111ms
[2020-08-10T13:07:34.422+0300][1393.966s][info ][gc] GC(45441) Pause Young (Allocation Failure) 124M->124M(129M) 15.617ms
[2020-08-10T13:07:34.439+0300][1393.983s][info ][gc] GC(45442) Pause Young (Allocation Failure) 124M->124M(129M) 15.867ms
[2020-08-10T13:07:34.467+0300][1394.011s][info ][gc] GC(45443) Pause Young (Allocation Failure) 125M->125M(129M) 27.656ms
[2020-08-10T13:07:34.483+0300][1394.027s][info ][gc] GC(45444) Pause Young (Allocation Failure) 125M->125M(129M) 15.800ms
[2020-08-10T13:07:34.516+0300][1394.060s][info ][gc] GC(45445) Pause Young (Allocation Failure) 126M->126M(129M) 32.272ms
[2020-08-10T13:07:34.540+0300][1394.084s][info ][gc] GC(45446) Pause Young (Allocation Failure) 126M->126M(129M) 23.988ms
[2020-08-10T13:07:34.556+0300][1394.100s][info ][gc] GC(45447) Pause Young (Allocation Failure) 126M->126M(128M) 15.774ms
[2020-08-10T13:07:34.577+0300][1394.121s][info ][gc] GC(45448) Pause Young (Allocation Failure) 127M->127M(129M) 20.558ms
[2020-08-10T13:07:34.961+0300][1394.505s][debug][gc] GC(45449) Expanding ParOldGen from 130560K by 11264K to 141824K
[2020-08-10T13:07:34.961+0300][1394.505s][info ][gc] GC(45449) Pause Full (Ergonomics) 127M->127M(140M) 383.394ms
[2020-08-10T13:07:34.975+0300][1394.519s][info ][gc] GC(45450) Pause Young (Allocation Failure) 127M->127M(140M) 14.028ms
[2020-08-10T13:07:34.991+0300][1394.535s][info ][gc] GC(45451) Pause Young (Allocation Failure) 128M->128M(140M) 15.592ms
[2020-08-10T13:07:35.007+0300][1394.551s][info ][gc] GC(45452) Pause Young (Allocation Failure) 128M->128M(140M) 15.536ms
[2020-08-10T13:07:35.023+0300][1394.567s][info ][gc] GC(45453) Pause Young (Allocation Failure) 129M->129M(140M) 15.513ms
[2020-08-10T13:07:35.039+0300][1394.583s][info ][gc] GC(45454) Pause Young (Allocation Failure) 129M->129M(140M) 15.254ms
[2020-08-10T13:07:35.054+0300][1394.599s][info ][gc] GC(45455) Pause Young (Allocation Failure) 129M->129M(140M) 15.387ms
[2020-08-10T13:07:35.098+0300][1394.642s][info ][gc] GC(45456) Pause Young (Allocation Failure) 130M->130M(140M) 42.930ms
[2020-08-10T13:07:35.114+0300][1394.658s][info ][gc] GC(45457) Pause Young (Allocation Failure) 130M->130M(140M) 15.749ms
[2020-08-10T13:07:35.139+0300][1394.683s][info ][gc] GC(45458) Pause Young (Allocation Failure) 131M->131M(140M) 24.120ms
[2020-08-10T13:07:35.155+0300][1394.699s][info ][gc] GC(45459) Pause Young (Allocation Failure) 131M->131M(140M) 15.730ms
[2020-08-10T13:07:35.171+0300][1394.715s][info ][gc] GC(45460) Pause Young (Allocation Failure) 132M->132M(140M) 15.928ms
[2020-08-10T13:07:35.194+0300][1394.738s][info ][gc] GC(45461) Pause Young (Allocation Failure) 132M->132M(140M) 22.663ms
[2020-08-10T13:07:35.210+0300][1394.754s][info ][gc] GC(45462) Pause Young (Allocation Failure) 133M->133M(140M) 15.590ms
[2020-08-10T13:07:35.226+0300][1394.770s][info ][gc] GC(45463) Pause Young (Allocation Failure) 133M->133M(140M) 15.607ms
[2020-08-10T13:07:35.242+0300][1394.787s][info ][gc] GC(45464) Pause Young (Allocation Failure) 134M->134M(140M) 15.970ms
[2020-08-10T13:07:35.287+0300][1394.831s][info ][gc] GC(45465) Pause Young (Allocation Failure) 134M->134M(140M) 44.383ms
[2020-08-10T13:07:35.304+0300][1394.848s][info ][gc] GC(45466) Pause Young (Allocation Failure) 135M->134M(140M) 16.002ms
[2020-08-10T13:07:35.320+0300][1394.864s][info ][gc] GC(45467) Pause Young (Allocation Failure) 135M->135M(140M) 16.054ms
[2020-08-10T13:07:35.321+0300][1394.865s][debug][gc] Expanding ParOldGen from 141824K by 19968K to 161792K
[2020-08-10T13:07:35.345+0300][1394.889s][info ][gc] GC(45468) Pause Young (Allocation Failure) 155M->154M(159M) 15.887ms
[2020-08-10T13:07:35.359+0300][1394.903s][info ][gc] GC(45469) Pause Young (Allocation Failure) 155M->155M(159M) 14.168ms
[2020-08-10T13:07:35.389+0300][1394.933s][info ][gc] GC(45470) Pause Young (Allocation Failure) 155M->155M(159M) 29.496ms
[2020-08-10T13:07:35.403+0300][1394.947s][info ][gc] GC(45471) Pause Young (Allocation Failure) 156M->156M(159M) 13.759ms
[2020-08-10T13:07:35.426+0300][1394.970s][info ][gc] GC(45472) Pause Young (Allocation Failure) 156M->156M(159M) 22.184ms
[2020-08-10T13:07:35.440+0300][1394.984s][info ][gc] GC(45473) Pause Young (Allocation Failure) 157M->157M(159M) 13.666ms
[2020-08-10T13:07:35.454+0300][1394.998s][info ][gc] GC(45474) Pause Young (Allocation Failure) 157M->157M(159M) 13.816ms
[2020-08-10T13:07:35.475+0300][1395.019s][info ][gc] GC(45475) Pause Young (Allocation Failure) 158M->157M(159M) 20.644ms
[2020-08-10T13:07:35.517+0300][1395.062s][debug][gc] GC(45476) Shrinking ParOldGen from 161792K by 125952K to 35840K
[2020-08-10T13:07:35.518+0300][1395.062s][info ][gc] GC(45476) Pause Full (Ergonomics) 157M->24M(36M) 42.036ms
[2020-08-10T13:07:35.531+0300][1395.075s][info ][gc] GC(45477) Pause Young (Allocation Failure) 24M->24M(36M) 13.071ms
[2020-08-10T13:07:35.545+0300][1395.089s][info ][gc] GC(45478) Pause Young (Allocation Failure) 25M->25M(36M) 13.267ms
[2020-08-10T13:07:35.558+0300][1395.102s][info ][gc] GC(45479) Pause Young (Allocation Failure) 25M->25M(36M) 13.446ms
[2020-08-10T13:07:35.572+0300][1395.116s][info ][gc] GC(45480) Pause Young (Allocation Failure) 26M->26M(36M) 13.377ms
[2020-08-10T13:07:35.586+0300][1395.130s][info ][gc] GC(45481) Pause Young (Allocation Failure) 26M->26M(36M) 13.629ms
[2020-08-10T13:07:35.600+0300][1395.144s][info ][gc] GC(45482) Pause Young (Allocation Failure) 26M->26M(36M) 13.334ms
[2020-08-10T13:07:35.614+0300][1395.158s][info ][gc] GC(45483) Pause Young (Allocation Failure) 27M->27M(36M) 13.510ms
[2020-08-10T13:07:35.628+0300][1395.172s][info ][gc] GC(45484) Pause Young (Allocation Failure) 27M->27M(36M) 13.204ms
[2020-08-10T13:07:35.641+0300][1395.185s][info ][gc] GC(45485) Pause Young (Allocation Failure) 28M->28M(36M) 13.235ms
[2020-08-10T13:07:35.655+0300][1395.199s][info ][gc] GC(45486) Pause Young (Allocation Failure) 28M->28M(36M) 13.136ms
[2020-08-10T13:07:35.668+0300][1395.213s][info ][gc] GC(45487) Pause Young (Allocation Failure) 29M->29M(36M) 13.454ms
[2020-08-10T13:07:35.682+0300][1395.226s][info ][gc] GC(45488) Pause Young (Allocation Failure) 29M->29M(36M) 13.363ms
[2020-08-10T13:07:35.696+0300][1395.240s][info ][gc] GC(45489) Pause Young (Allocation Failure) 30M->30M(36M) 13.488ms
[2020-08-10T13:07:35.710+0300][1395.254s][info ][gc] GC(45490) Pause Young (Allocation Failure) 30M->30M(36M) 13.441ms
[2020-08-10T13:07:35.724+0300][1395.268s][info ][gc] GC(45491) Pause Young (Allocation Failure) 31M->31M(36M) 13.414ms
[2020-08-10T13:07:35.738+0300][1395.282s][info ][gc] GC(45492) Pause Young (Allocation Failure) 31M->31M(36M) 13.517ms
[2020-08-10T13:07:35.752+0300][1395.296s][info ][gc] GC(45493) Pause Young (Allocation Failure) 32M->32M(36M) 13.729ms
[2020-08-10T13:07:35.767+0300][1395.311s][info ][gc] GC(45494) Pause Young (Allocation Failure) 33M->33M(37M) 13.744ms
[2020-08-10T13:07:35.782+0300][1395.326s][info ][gc] GC(45495) Pause Young (Allocation Failure) 34M->34M(37M) 13.904ms
[2020-08-10T13:07:35.796+0300][1395.340s][info ][gc] GC(45496) Pause Young (Allocation Failure) 35M->35M(36M) 13.933ms
[2020-08-10T13:07:35.862+0300][1395.406s][debug][gc] GC(45497) Expanding ParOldGen from 35840K by 11264K to 47104K
[2020-08-10T13:07:35.862+0300][1395.406s][info ][gc] GC(45497) Pause Full (Ergonomics) 35M->34M(48M) 65.499ms
[2020-08-10T13:07:35.875+0300][1395.419s][info ][gc] GC(45498) Pause Young (Allocation Failure) 35M->35M(48M) 13.073ms
[2020-08-10T13:07:35.889+0300][1395.433s][info ][gc] GC(45499) Pause Young (Allocation Failure) 35M->35M(48M) 13.331ms
[2020-08-10T13:07:35.903+0300][1395.447s][info ][gc] GC(45500) Pause Young (Allocation Failure) 36M->36M(48M) 13.229ms
[2020-08-10T13:07:35.916+0300][1395.460s][info ][gc] GC(45501) Pause Young (Allocation Failure) 36M->36M(48M) 13.411ms
[2020-08-10T13:07:35.930+0300][1395.475s][info ][gc] GC(45502) Pause Young (Allocation Failure) 37M->37M(47M) 13.584ms
[2020-08-10T13:07:35.944+0300][1395.489s][info ][gc] GC(45503) Pause Young (Allocation Failure) 37M->37M(47M) 13.475ms
[2020-08-10T13:07:35.958+0300][1395.503s][info ][gc] GC(45504) Pause Young (Allocation Failure) 38M->38M(47M) 13.469ms
[2020-08-10T13:07:35.972+0300][1395.517s][info ][gc] GC(45505) Pause Young (Allocation Failure) 38M->38M(47M) 13.476ms
[2020-08-10T13:07:35.986+0300][1395.531s][info ][gc] GC(45506) Pause Young (Allocation Failure) 39M->39M(47M) 13.494ms
[2020-08-10T13:07:36.000+0300][1395.545s][info ][gc] GC(45507) Pause Young (Allocation Failure) 39M->39M(47M) 13.482ms
[2020-08-10T13:07:36.014+0300][1395.559s][info ][gc] GC(45508) Pause Young (Allocation Failure) 40M->40M(47M) 13.500ms
[2020-08-10T13:07:36.029+0300][1395.573s][info ][gc] GC(45509) Pause Young (Allocation Failure) 40M->40M(47M) 13.514ms
[2020-08-10T13:07:36.043+0300][1395.587s][info ][gc] GC(45510) Pause Young (Allocation Failure) 41M->40M(47M) 13.495ms
[2020-08-10T13:07:36.057+0300][1395.601s][info ][gc] GC(45511) Pause Young (Allocation Failure) 41M->41M(47M) 13.596ms
[2020-08-10T13:07:36.071+0300][1395.615s][info ][gc] GC(45512) Pause Young (Allocation Failure) 41M->41M(47M) 13.478ms
[2020-08-10T13:07:36.085+0300][1395.629s][info ][gc] GC(45513) Pause Young (Allocation Failure) 42M->42M(47M) 13.492ms
[2020-08-10T13:07:36.099+0300][1395.643s][info ][gc] GC(45514) Pause Young (Allocation Failure) 42M->42M(47M) 13.532ms
[2020-08-10T13:07:36.113+0300][1395.657s][info ][gc] GC(45515) Pause Young (Allocation Failure) 43M->43M(47M) 13.491ms
[2020-08-10T13:07:36.127+0300][1395.671s][info ][gc] GC(45516) Pause Young (Allocation Failure) 43M->43M(47M) 13.537ms
[2020-08-10T13:07:36.141+0300][1395.685s][info ][gc] GC(45517) Pause Young (Allocation Failure) 44M->44M(47M) 13.462ms
[2020-08-10T13:07:36.155+0300][1395.699s][info ][gc] GC(45518) Pause Young (Allocation Failure) 44M->44M(47M) 13.397ms
[2020-08-10T13:07:36.169+0300][1395.713s][info ][gc] GC(45519) Pause Young (Allocation Failure) 45M->45M(47M) 13.469ms
[2020-08-10T13:07:36.183+0300][1395.727s][info ][gc] GC(45520) Pause Young (Allocation Failure) 45M->45M(47M) 13.527ms
[2020-08-10T13:07:36.197+0300][1395.741s][info ][gc] GC(45521) Pause Young (Allocation Failure) 46M->46M(47M) 13.522ms
[2020-08-10T13:07:36.297+0300][1395.841s][debug][gc] GC(45522) Expanding ParOldGen from 47104K by 10752K to 57856K
[2020-08-10T13:07:36.297+0300][1395.841s][info ][gc] GC(45522) Pause Full (Ergonomics) 46M->45M(58M) 99.759ms
[2020-08-10T13:07:36.311+0300][1395.855s][info ][gc] GC(45523) Pause Young (Allocation Failure) 46M->46M(58M) 13.293ms
[2020-08-10T13:07:36.325+0300][1395.869s][info ][gc] GC(45524) Pause Young (Allocation Failure) 46M->46M(58M) 13.501ms
[2020-08-10T13:07:36.339+0300][1395.883s][info ][gc] GC(45525) Pause Young (Allocation Failure) 47M->47M(58M) 13.528ms
[2020-08-10T13:07:36.352+0300][1395.897s][info ][gc] GC(45526) Pause Young (Allocation Failure) 47M->47M(58M) 13.421ms
[2020-08-10T13:07:36.366+0300][1395.910s][info ][gc] GC(45527) Pause Young (Allocation Failure) 48M->48M(58M) 13.248ms
[2020-08-10T13:07:36.380+0300][1395.924s][info ][gc] GC(45528) Pause Young (Allocation Failure) 48M->48M(58M) 13.498ms
[2020-08-10T13:07:36.394+0300][1395.938s][info ][gc] GC(45529) Pause Young (Allocation Failure) 49M->48M(58M) 13.471ms
[2020-08-10T13:07:36.408+0300][1395.952s][info ][gc] GC(45530) Pause Young (Allocation Failure) 49M->49M(58M) 13.521ms
[2020-08-10T13:07:36.422+0300][1395.966s][info ][gc] GC(45531) Pause Young (Allocation Failure) 49M->49M(58M) 13.503ms
[2020-08-10T13:07:36.436+0300][1395.980s][info ][gc] GC(45532) Pause Young (Allocation Failure) 50M->50M(58M) 13.463ms
[2020-08-10T13:07:36.450+0300][1395.994s][info ][gc] GC(45533) Pause Young (Allocation Failure) 50M->50M(58M) 13.512ms
[2020-08-10T13:07:36.464+0300][1396.008s][info ][gc] GC(45534) Pause Young (Allocation Failure) 51M->51M(58M) 13.512ms
[2020-08-10T13:07:36.478+0300][1396.022s][info ][gc] GC(45535) Pause Young (Allocation Failure) 51M->51M(58M) 13.526ms
[2020-08-10T13:07:36.492+0300][1396.036s][info ][gc] GC(45536) Pause Young (Allocation Failure) 52M->52M(58M) 13.269ms
[2020-08-10T13:07:36.506+0300][1396.050s][info ][gc] GC(45537) Pause Young (Allocation Failure) 52M->52M(58M) 13.442ms
[2020-08-10T13:07:36.520+0300][1396.064s][info ][gc] GC(45538) Pause Young (Allocation Failure) 53M->53M(58M) 13.547ms
[2020-08-10T13:07:36.534+0300][1396.078s][info ][gc] GC(45539) Pause Young (Allocation Failure) 53M->53M(58M) 13.511ms
[2020-08-10T13:07:36.548+0300][1396.092s][info ][gc] GC(45540) Pause Young (Allocation Failure) 54M->54M(58M) 13.540ms
[2020-08-10T13:07:36.562+0300][1396.106s][info ][gc] GC(45541) Pause Young (Allocation Failure) 54M->54M(58M) 13.520ms
[2020-08-10T13:07:36.577+0300][1396.121s][info ][gc] GC(45542) Pause Young (Allocation Failure) 55M->55M(58M) 14.070ms
[2020-08-10T13:07:36.590+0300][1396.134s][info ][gc] GC(45543) Pause Young (Allocation Failure) 55M->55M(58M) 13.288ms
[2020-08-10T13:07:36.604+0300][1396.148s][info ][gc] GC(45544) Pause Young (Allocation Failure) 55M->55M(58M) 13.277ms
[2020-08-10T13:07:36.617+0300][1396.162s][info ][gc] GC(45545) Pause Young (Allocation Failure) 56M->56M(58M) 13.379ms
[2020-08-10T13:07:36.631+0300][1396.175s][info ][gc] GC(45546) Pause Young (Allocation Failure) 56M->56M(58M) 13.518ms
[2020-08-10T13:07:36.764+0300][1396.308s][debug][gc] GC(45547) Expanding ParOldGen from 57856K by 10752K to 68608K
[2020-08-10T13:07:36.764+0300][1396.308s][info ][gc] GC(45547) Pause Full (Ergonomics) 56M->56M(68M) 132.378ms
[2020-08-10T13:07:36.787+0300][1396.331s][info ][gc] GC(45548) Pause Young (Allocation Failure) 57M->57M(68M) 22.489ms
[2020-08-10T13:07:36.801+0300][1396.346s][info ][gc] GC(45549) Pause Young (Allocation Failure) 57M->57M(68M) 13.947ms
[2020-08-10T13:07:36.816+0300][1396.360s][info ][gc] GC(45550) Pause Young (Allocation Failure) 58M->58M(68M) 13.981ms
[2020-08-10T13:07:36.831+0300][1396.375s][info ][gc] GC(45551) Pause Young (Allocation Failure) 59M->59M(69M) 13.971ms
[2020-08-10T13:07:36.845+0300][1396.390s][info ][gc] GC(45552) Pause Young (Allocation Failure) 60M->60M(69M) 14.211ms
[2020-08-10T13:07:36.860+0300][1396.404s][info ][gc] GC(45553) Pause Young (Allocation Failure) 61M->61M(69M) 14.228ms
[2020-08-10T13:07:36.875+0300][1396.419s][info ][gc] GC(45554) Pause Young (Allocation Failure) 62M->62M(69M) 14.213ms
[2020-08-10T13:07:36.890+0300][1396.434s][info ][gc] GC(45555) Pause Young (Allocation Failure) 63M->63M(69M) 14.115ms
[2020-08-10T13:07:36.905+0300][1396.449s][info ][gc] GC(45556) Pause Young (Allocation Failure) 64M->64M(69M) 14.203ms
[2020-08-10T13:07:36.920+0300][1396.464s][info ][gc] GC(45557) Pause Young (Allocation Failure) 65M->65M(69M) 14.225ms
[2020-08-10T13:07:36.934+0300][1396.479s][info ][gc] GC(45558) Pause Young (Allocation Failure) 66M->66M(69M) 14.231ms
[2020-08-10T13:07:36.949+0300][1396.494s][info ][gc] GC(45559) Pause Young (Allocation Failure) 67M->67M(69M) 14.265ms
[2020-08-10T13:07:37.103+0300][1396.647s][debug][gc] GC(45560) Expanding ParOldGen from 68608K by 11776K to 80384K
[2020-08-10T13:07:37.103+0300][1396.647s][info ][gc] GC(45560) Pause Full (Ergonomics) 67M->66M(81M) 153.613ms
[2020-08-10T13:07:37.117+0300][1396.662s][info ][gc] GC(45561) Pause Young (Allocation Failure) 67M->67M(81M) 13.602ms
[2020-08-10T13:07:37.132+0300][1396.676s][info ][gc] GC(45562) Pause Young (Allocation Failure) 68M->68M(81M) 14.118ms
[2020-08-10T13:07:37.147+0300][1396.691s][info ][gc] GC(45563) Pause Young (Allocation Failure) 69M->69M(81M) 14.113ms
[2020-08-10T13:07:37.161+0300][1396.706s][info ][gc] GC(45564) Pause Young (Allocation Failure) 70M->70M(81M) 14.078ms
[2020-08-10T13:07:37.176+0300][1396.720s][info ][gc] GC(45565) Pause Young (Allocation Failure) 71M->71M(81M) 13.976ms
[2020-08-10T13:07:37.191+0300][1396.735s][info ][gc] GC(45566) Pause Young (Allocation Failure) 72M->72M(81M) 14.065ms
[2020-08-10T13:07:37.205+0300][1396.750s][info ][gc] GC(45567) Pause Young (Allocation Failure) 73M->73M(81M) 14.081ms
[2020-08-10T13:07:37.220+0300][1396.764s][info ][gc] GC(45568) Pause Young (Allocation Failure) 74M->74M(81M) 13.748ms
[2020-08-10T13:07:37.234+0300][1396.779s][info ][gc] GC(45569) Pause Young (Allocation Failure) 75M->75M(81M) 14.096ms
[2020-08-10T13:07:37.249+0300][1396.793s][info ][gc] GC(45570) Pause Young (Allocation Failure) 76M->76M(81M) 14.085ms
[2020-08-10T13:07:37.264+0300][1396.808s][info ][gc] GC(45571) Pause Young (Allocation Failure) 77M->77M(81M) 14.103ms
[2020-08-10T13:07:37.278+0300][1396.822s][info ][gc] GC(45572) Pause Young (Allocation Failure) 78M->78M(81M) 13.942ms
[2020-08-10T13:07:37.293+0300][1396.837s][info ][gc] GC(45573) Pause Young (Allocation Failure) 79M->79M(81M) 14.075ms
[2020-08-10T13:07:37.475+0300][1397.020s][debug][gc] GC(45574) Expanding ParOldGen from 80384K by 11264K to 91648K
[2020-08-10T13:07:37.476+0300][1397.020s][info ][gc] GC(45574) Pause Full (Ergonomics) 79M->78M(92M) 182.367ms
[2020-08-10T13:07:37.509+0300][1397.053s][info ][gc] GC(45575) Pause Young (Allocation Failure) 79M->79M(92M) 32.708ms
[2020-08-10T13:07:37.524+0300][1397.068s][info ][gc] GC(45576) Pause Young (Allocation Failure) 80M->80M(92M) 14.475ms
[2020-08-10T13:07:37.539+0300][1397.083s][info ][gc] GC(45577) Pause Young (Allocation Failure) 81M->81M(92M) 14.400ms
[2020-08-10T13:07:37.554+0300][1397.098s][info ][gc] GC(45578) Pause Young (Allocation Failure) 82M->82M(92M) 14.339ms
[2020-08-10T13:07:37.569+0300][1397.113s][info ][gc] GC(45579) Pause Young (Allocation Failure) 83M->83M(92M) 14.109ms
[2020-08-10T13:07:37.583+0300][1397.127s][info ][gc] GC(45580) Pause Young (Allocation Failure) 84M->84M(92M) 14.016ms
[2020-08-10T13:07:37.598+0300][1397.142s][info ][gc] GC(45581) Pause Young (Allocation Failure) 85M->85M(92M) 14.405ms
[2020-08-10T13:07:37.613+0300][1397.157s][info ][gc] GC(45582) Pause Young (Allocation Failure) 86M->86M(92M) 14.391ms
[2020-08-10T13:07:37.628+0300][1397.173s][info ][gc] GC(45583) Pause Young (Allocation Failure) 87M->87M(92M) 14.723ms
[2020-08-10T13:07:37.644+0300][1397.188s][info ][gc] GC(45584) Pause Young (Allocation Failure) 88M->88M(92M) 14.777ms
[2020-08-10T13:07:37.659+0300][1397.204s][info ][gc] GC(45585) Pause Young (Allocation Failure) 89M->89M(92M) 14.906ms
[2020-08-10T13:07:37.675+0300][1397.219s][info ][gc] GC(45586) Pause Young (Allocation Failure) 90M->90M(92M) 15.042ms
[2020-08-10T13:07:37.922+0300][1397.467s][debug][gc] GC(45587) Expanding ParOldGen from 91648K by 11264K to 102912K
[2020-08-10T13:07:37.923+0300][1397.467s][info ][gc] GC(45587) Pause Full (Ergonomics) 90M->90M(103M) 247.361ms
[2020-08-10T13:07:37.958+0300][1397.502s][info ][gc] GC(45588) Pause Young (Allocation Failure) 91M->91M(103M) 34.511ms
[2020-08-10T13:07:37.974+0300][1397.518s][info ][gc] GC(45589) Pause Young (Allocation Failure) 92M->91M(103M) 15.254ms
[2020-08-10T13:07:37.989+0300][1397.534s][info ][gc] GC(45590) Pause Young (Allocation Failure) 92M->92M(103M) 15.179ms
[2020-08-10T13:07:38.005+0300][1397.550s][info ][gc] GC(45591) Pause Young (Allocation Failure) 93M->93M(103M) 15.347ms
[2020-08-10T13:07:38.022+0300][1397.566s][info ][gc] GC(45592) Pause Young (Allocation Failure) 94M->94M(103M) 15.492ms
[2020-08-10T13:07:38.038+0300][1397.582s][info ][gc] GC(45593) Pause Young (Allocation Failure) 95M->95M(103M) 15.395ms
[2020-08-10T13:07:38.054+0300][1397.598s][info ][gc] GC(45594) Pause Young (Allocation Failure) 96M->96M(103M) 15.567ms
[2020-08-10T13:07:38.070+0300][1397.614s][info ][gc] GC(45595) Pause Young (Allocation Failure) 97M->97M(103M) 15.669ms
[2020-08-10T13:07:38.086+0300][1397.631s][info ][gc] GC(45596) Pause Young (Allocation Failure) 98M->98M(103M) 15.796ms
[2020-08-10T13:07:38.103+0300][1397.648s][info ][gc] GC(45597) Pause Young (Allocation Failure) 99M->99M(103M) 16.307ms
[2020-08-10T13:07:38.120+0300][1397.664s][info ][gc] GC(45598) Pause Young (Allocation Failure) 100M->100M(103M) 16.139ms
[2020-08-10T13:07:38.137+0300][1397.681s][info ][gc] GC(45599) Pause Young (Allocation Failure) 101M->101M(103M) 16.152ms
[2020-08-10T13:07:38.394+0300][1397.938s][debug][gc] GC(45600) Expanding ParOldGen from 102912K by 11264K to 114176K
[2020-08-10T13:07:38.394+0300][1397.939s][info ][gc] GC(45600) Pause Full (Ergonomics) 101M->101M(114M) 257.126ms
[2020-08-10T13:07:38.432+0300][1397.976s][info ][gc] GC(45601) Pause Young (Allocation Failure) 102M->102M(114M) 37.202ms
[2020-08-10T13:07:38.449+0300][1397.993s][info ][gc] GC(45602) Pause Young (Allocation Failure) 103M->103M(114M) 16.407ms
[2020-08-10T13:07:38.466+0300][1398.010s][info ][gc] GC(45603) Pause Young (Allocation Failure) 104M->104M(114M) 16.445ms
[2020-08-10T13:07:38.483+0300][1398.027s][info ][gc] GC(45604) Pause Young (Allocation Failure) 105M->105M(114M) 16.425ms
[2020-08-10T13:07:38.500+0300][1398.045s][info ][gc] GC(45605) Pause Young (Allocation Failure) 106M->105M(114M) 16.643ms
[2020-08-10T13:07:38.517+0300][1398.062s][info ][gc] GC(45606) Pause Young (Allocation Failure) 106M->106M(114M) 16.586ms
[2020-08-10T13:07:38.535+0300][1398.079s][info ][gc] GC(45607) Pause Young (Allocation Failure) 107M->107M(114M) 16.844ms
[2020-08-10T13:07:38.552+0300][1398.097s][info ][gc] GC(45608) Pause Young (Allocation Failure) 108M->108M(114M) 16.794ms
[2020-08-10T13:07:38.570+0300][1398.114s][info ][gc] GC(45609) Pause Young (Allocation Failure) 109M->109M(114M) 16.897ms
[2020-08-10T13:07:38.588+0300][1398.132s][info ][gc] GC(45610) Pause Young (Allocation Failure) 110M->110M(114M) 17.101ms
[2020-08-10T13:07:38.605+0300][1398.150s][info ][gc] GC(45611) Pause Young (Allocation Failure) 111M->111M(113M) 17.013ms
[2020-08-10T13:07:38.884+0300][1398.429s][debug][gc] GC(45612) Expanding ParOldGen from 114176K by 11264K to 125440K
[2020-08-10T13:07:38.884+0300][1398.429s][info ][gc] GC(45612) Pause Full (Ergonomics) 111M->111M(124M) 278.971ms
[2020-08-10T13:07:38.928+0300][1398.472s][info ][gc] GC(45613) Pause Young (Allocation Failure) 112M->112M(124M) 42.657ms
[2020-08-10T13:07:38.944+0300][1398.488s][info ][gc] GC(45614) Pause Young (Allocation Failure) 112M->112M(124M) 15.887ms
[2020-08-10T13:07:38.959+0300][1398.503s][info ][gc] GC(45615) Pause Young (Allocation Failure) 113M->113M(124M) 14.333ms
[2020-08-10T13:07:38.974+0300][1398.518s][info ][gc] GC(45616) Pause Young (Allocation Failure) 113M->113M(124M) 14.346ms
[2020-08-10T13:07:38.989+0300][1398.533s][info ][gc] GC(45617) Pause Young (Allocation Failure) 114M->114M(124M) 14.446ms
[2020-08-10T13:07:39.004+0300][1398.548s][info ][gc] GC(45618) Pause Young (Allocation Failure) 114M->114M(124M) 14.551ms
[2020-08-10T13:07:39.019+0300][1398.563s][info ][gc] GC(45619) Pause Young (Allocation Failure) 115M->115M(124M) 14.607ms
[2020-08-10T13:07:39.034+0300][1398.578s][info ][gc] GC(45620) Pause Young (Allocation Failure) 115M->115M(124M) 14.890ms
[2020-08-10T13:07:39.049+0300][1398.594s][info ][gc] GC(45621) Pause Young (Allocation Failure) 116M->116M(124M) 14.936ms
[2020-08-10T13:07:39.065+0300][1398.609s][info ][gc] GC(45622) Pause Young (Allocation Failure) 116M->116M(124M) 14.694ms
[2020-08-10T13:07:39.080+0300][1398.624s][info ][gc] GC(45623) Pause Young (Allocation Failure) 117M->116M(124M) 14.738ms
[2020-08-10T13:07:39.095+0300][1398.640s][info ][gc] GC(45624) Pause Young (Allocation Failure) 117M->117M(124M) 15.041ms
[2020-08-10T13:07:39.110+0300][1398.655s][info ][gc] GC(45625) Pause Young (Allocation Failure) 117M->117M(124M) 14.522ms
[2020-08-10T13:07:39.125+0300][1398.670s][info ][gc] GC(45626) Pause Young (Allocation Failure) 118M->118M(124M) 14.769ms
[2020-08-10T13:07:39.141+0300][1398.685s][info ][gc] GC(45627) Pause Young (Allocation Failure) 118M->118M(124M) 14.704ms
[2020-08-10T13:07:39.156+0300][1398.701s][info ][gc] GC(45628) Pause Young (Allocation Failure) 119M->119M(124M) 15.005ms
[2020-08-10T13:07:39.172+0300][1398.716s][info ][gc] GC(45629) Pause Young (Allocation Failure) 119M->119M(124M) 14.893ms
[2020-08-10T13:07:39.187+0300][1398.732s][info ][gc] GC(45630) Pause Young (Allocation Failure) 120M->120M(123M) 15.159ms
[2020-08-10T13:07:39.203+0300][1398.747s][info ][gc] GC(45631) Pause Young (Allocation Failure) 120M->120M(124M) 15.091ms
[2020-08-10T13:07:39.218+0300][1398.762s][info ][gc] GC(45632) Pause Young (Allocation Failure) 121M->120M(124M) 14.816ms
[2020-08-10T13:07:39.239+0300][1398.784s][info ][gc] GC(45633) Pause Young (Allocation Failure) 121M->121M(124M) 20.690ms
[2020-08-10T13:07:39.255+0300][1398.799s][info ][gc] GC(45634) Pause Young (Allocation Failure) 121M->121M(124M) 15.173ms
[2020-08-10T13:07:39.270+0300][1398.815s][info ][gc] GC(45635) Pause Young (Allocation Failure) 122M->122M(124M) 15.015ms
[2020-08-10T13:07:39.574+0300][1399.118s][debug][gc] GC(45636) Expanding ParOldGen from 125440K by 11264K to 136704K
[2020-08-10T13:07:39.574+0300][1399.119s][info ][gc] GC(45636) Pause Full (Ergonomics) 122M->122M(135M) 303.872ms
[2020-08-10T13:07:39.589+0300][1399.133s][info ][gc] GC(45637) Pause Young (Allocation Failure) 122M->122M(135M) 13.957ms
[2020-08-10T13:07:39.604+0300][1399.149s][info ][gc] GC(45638) Pause Young (Allocation Failure) 123M->123M(135M) 15.026ms
[2020-08-10T13:07:39.620+0300][1399.164s][info ][gc] GC(45639) Pause Young (Allocation Failure) 123M->123M(135M) 15.055ms
[2020-08-10T13:07:39.635+0300][1399.180s][info ][gc] GC(45640) Pause Young (Allocation Failure) 124M->124M(135M) 15.252ms
[2020-08-10T13:07:39.651+0300][1399.195s][info ][gc] GC(45641) Pause Young (Allocation Failure) 124M->124M(135M) 15.017ms
[2020-08-10T13:07:39.666+0300][1399.211s][info ][gc] GC(45642) Pause Young (Allocation Failure) 125M->125M(135M) 15.175ms
[2020-08-10T13:07:39.682+0300][1399.227s][info ][gc] GC(45643) Pause Young (Allocation Failure) 125M->125M(135M) 15.331ms
[2020-08-10T13:07:39.698+0300][1399.242s][info ][gc] GC(45644) Pause Young (Allocation Failure) 125M->125M(135M) 15.254ms
[2020-08-10T13:07:39.714+0300][1399.258s][info ][gc] GC(45645) Pause Young (Allocation Failure) 126M->126M(135M) 15.468ms
[2020-08-10T13:07:39.730+0300][1399.274s][info ][gc] GC(45646) Pause Young (Allocation Failure) 126M->126M(135M) 15.440ms
[2020-08-10T13:07:39.765+0300][1399.310s][info ][gc] GC(45647) Pause Young (Allocation Failure) 127M->127M(135M) 35.184ms
[2020-08-10T13:07:39.781+0300][1399.326s][info ][gc] GC(45648) Pause Young (Allocation Failure) 127M->127M(135M) 15.540ms
[2020-08-10T13:07:39.797+0300][1399.342s][info ][gc] GC(45649) Pause Young (Allocation Failure) 128M->128M(135M) 15.582ms
[2020-08-10T13:07:39.814+0300][1399.358s][info ][gc] GC(45650) Pause Young (Allocation Failure) 128M->128M(135M) 16.002ms
[2020-08-10T13:07:39.829+0300][1399.374s][info ][gc] GC(45651) Pause Young (Allocation Failure) 129M->129M(135M) 15.348ms
[2020-08-10T13:07:39.845+0300][1399.390s][info ][gc] GC(45652) Pause Young (Allocation Failure) 129M->129M(135M) 15.535ms
[2020-08-10T13:07:39.861+0300][1399.405s][info ][gc] GC(45653) Pause Young (Allocation Failure) 130M->130M(135M) 15.286ms
[2020-08-10T13:07:39.877+0300][1399.422s][info ][gc] GC(45654) Pause Young (Allocation Failure) 130M->130M(135M) 15.744ms
[2020-08-10T13:07:39.893+0300][1399.438s][info ][gc] GC(45655) Pause Young (Allocation Failure) 131M->130M(135M) 15.750ms
[2020-08-10T13:07:39.910+0300][1399.454s][info ][gc] GC(45656) Pause Young (Allocation Failure) 131M->131M(135M) 15.602ms
[2020-08-10T13:07:39.926+0300][1399.470s][info ][gc] GC(45657) Pause Young (Allocation Failure) 131M->131M(135M) 15.583ms
[2020-08-10T13:07:39.942+0300][1399.486s][info ][gc] GC(45658) Pause Young (Allocation Failure) 132M->132M(135M) 15.861ms
[2020-08-10T13:07:39.958+0300][1399.502s][info ][gc] GC(45659) Pause Young (Allocation Failure) 132M->132M(135M) 15.691ms
[2020-08-10T13:07:39.974+0300][1399.519s][info ][gc] GC(45660) Pause Young (Allocation Failure) 133M->133M(135M) 15.758ms
[2020-08-10T13:07:39.990+0300][1399.535s][info ][gc] GC(45661) Pause Young (Allocation Failure) 133M->133M(135M) 15.754ms
[2020-08-10T13:07:40.349+0300][1399.893s][debug][gc] GC(45662) Expanding ParOldGen from 136704K by 10752K to 147456K
[2020-08-10T13:07:40.349+0300][1399.893s][info ][gc] GC(45662) Pause Full (Ergonomics) 133M->133M(145M) 358.164ms
[2020-08-10T13:07:40.363+0300][1399.907s][info ][gc] GC(45663) Pause Young (Allocation Failure) 133M->133M(145M) 13.816ms
[2020-08-10T13:07:40.378+0300][1399.923s][info ][gc] GC(45664) Pause Young (Allocation Failure) 134M->134M(145M) 15.060ms
[2020-08-10T13:07:40.394+0300][1399.939s][info ][gc] GC(45665) Pause Young (Allocation Failure) 134M->134M(145M) 15.434ms
[2020-08-10T13:07:40.410+0300][1399.954s][info ][gc] GC(45666) Pause Young (Allocation Failure) 135M->135M(145M) 15.288ms
[2020-08-10T13:07:40.410+0300][1399.955s][debug][gc] Expanding ParOldGen from 147456K by 19968K to 167424K
[2020-08-10T13:07:40.434+0300][1399.978s][info ][gc] GC(45667) Pause Young (Allocation Failure) 154M->154M(165M) 14.937ms
[2020-08-10T13:07:40.448+0300][1399.992s][info ][gc] GC(45668) Pause Young (Allocation Failure) 155M->155M(165M) 13.788ms
[2020-08-10T13:07:40.478+0300][1400.022s][info ][gc] GC(45669) Pause Young (Allocation Failure) 155M->155M(165M) 29.832ms
[2020-08-10T13:07:40.491+0300][1400.036s][info ][gc] GC(45670) Pause Young (Allocation Failure) 156M->156M(165M) 12.932ms
[2020-08-10T13:07:40.511+0300][1400.056s][info ][gc] GC(45671) Pause Young (Allocation Failure) 156M->156M(165M) 19.831ms
[2020-08-10T13:07:40.525+0300][1400.069s][info ][gc] GC(45672) Pause Young (Allocation Failure) 157M->157M(165M) 13.212ms
[2020-08-10T13:07:40.539+0300][1400.083s][info ][gc] GC(45673) Pause Young (Allocation Failure) 157M->157M(165M) 13.261ms
[2020-08-10T13:07:40.559+0300][1400.103s][info ][gc] GC(45674) Pause Young (Allocation Failure) 157M->157M(165M) 19.721ms
[2020-08-10T13:07:40.573+0300][1400.117s][info ][gc] GC(45675) Pause Young (Allocation Failure) 158M->158M(165M) 13.607ms
[2020-08-10T13:07:40.587+0300][1400.131s][info ][gc] GC(45676) Pause Young (Allocation Failure) 158M->158M(165M) 13.167ms
[2020-08-10T13:07:40.601+0300][1400.145s][info ][gc] GC(45677) Pause Young (Allocation Failure) 159M->159M(165M) 13.592ms
[2020-08-10T13:07:40.614+0300][1400.159s][info ][gc] GC(45678) Pause Young (Allocation Failure) 159M->159M(165M) 13.253ms
[2020-08-10T13:07:40.628+0300][1400.172s][info ][gc] GC(45679) Pause Young (Allocation Failure) 160M->160M(165M) 13.031ms
[2020-08-10T13:07:40.641+0300][1400.185s][info ][gc] GC(45680) Pause Young (Allocation Failure) 160M->160M(165M) 12.950ms
[2020-08-10T13:07:40.655+0300][1400.199s][info ][gc] GC(45681) Pause Young (Allocation Failure) 161M->161M(165M) 13.497ms
[2020-08-10T13:07:40.668+0300][1400.213s][info ][gc] GC(45682) Pause Young (Allocation Failure) 161M->161M(165M) 13.183ms
[2020-08-10T13:07:40.682+0300][1400.226s][info ][gc] GC(45683) Pause Young (Allocation Failure) 162M->162M(165M) 13.095ms
[2020-08-10T13:07:40.696+0300][1400.240s][info ][gc] GC(45684) Pause Young (Allocation Failure) 162M->162M(165M) 13.106ms
[2020-08-10T13:07:40.709+0300][1400.253s][info ][gc] GC(45685) Pause Young (Allocation Failure) 162M->162M(165M) 12.994ms
[2020-08-10T13:07:40.722+0300][1400.267s][info ][gc] GC(45686) Pause Young (Allocation Failure) 163M->163M(165M) 12.947ms
[2020-08-10T13:07:40.736+0300][1400.280s][info ][gc] GC(45687) Pause Young (Allocation Failure) 163M->163M(165M) 12.949ms
[2020-08-10T13:07:40.815+0300][1400.359s][debug][gc] GC(45688) Shrinking ParOldGen from 167424K by 125440K to 41984K
[2020-08-10T13:07:40.815+0300][1400.359s][info ][gc] GC(45688) Pause Full (Ergonomics) 163M->30M(42M) 78.959ms
[2020-08-10T13:07:40.837+0300][1400.382s][info ][gc] GC(45689) Pause Young (Allocation Failure) 30M->30M(42M) 22.288ms
[2020-08-10T13:07:40.857+0300][1400.401s][info ][gc] GC(45690) Pause Young (Allocation Failure) 31M->31M(42M) 19.046ms
[2020-08-10T13:07:40.872+0300][1400.416s][info ][gc] GC(45691) Pause Young (Allocation Failure) 31M->31M(42M) 14.470ms
[2020-08-10T13:07:40.885+0300][1400.429s][info ][gc] GC(45692) Pause Young (Allocation Failure) 32M->31M(42M) 12.915ms
[2020-08-10T13:07:40.899+0300][1400.443s][info ][gc] GC(45693) Pause Young (Allocation Failure) 32M->32M(42M) 13.070ms
[2020-08-10T13:07:40.912+0300][1400.457s][info ][gc] GC(45694) Pause Young (Allocation Failure) 33M->33M(42M) 13.136ms
[2020-08-10T13:07:40.926+0300][1400.470s][info ][gc] GC(45695) Pause Young (Allocation Failure) 34M->34M(43M) 13.132ms
[2020-08-10T13:07:40.940+0300][1400.484s][info ][gc] GC(45696) Pause Young (Allocation Failure) 35M->35M(43M) 13.397ms
[2020-08-10T13:07:40.953+0300][1400.498s][info ][gc] GC(45697) Pause Young (Allocation Failure) 36M->36M(43M) 13.242ms
[2020-08-10T13:07:40.967+0300][1400.512s][info ][gc] GC(45698) Pause Young (Allocation Failure) 37M->37M(43M) 13.398ms
[2020-08-10T13:07:40.981+0300][1400.526s][info ][gc] GC(45699) Pause Young (Allocation Failure) 38M->37M(43M) 13.333ms
[2020-08-10T13:07:40.995+0300][1400.540s][info ][gc] GC(45700) Pause Young (Allocation Failure) 38M->38M(43M) 13.443ms
[2020-08-10T13:07:41.009+0300][1400.554s][info ][gc] GC(45701) Pause Young (Allocation Failure) 39M->39M(43M) 13.353ms
[2020-08-10T13:07:41.023+0300][1400.568s][info ][gc] GC(45702) Pause Young (Allocation Failure) 40M->40M(43M) 13.381ms
[2020-08-10T13:07:41.096+0300][1400.641s][debug][gc] GC(45703) Expanding ParOldGen from 41984K by 11264K to 53248K
[2020-08-10T13:07:41.097+0300][1400.641s][info ][gc] GC(45703) Pause Full (Ergonomics) 40M->40M(54M) 73.234ms
[2020-08-10T13:07:41.110+0300][1400.654s][info ][gc] GC(45704) Pause Young (Allocation Failure) 41M->41M(54M) 12.788ms
[2020-08-10T13:07:41.123+0300][1400.668s][info ][gc] GC(45705) Pause Young (Allocation Failure) 42M->42M(54M) 13.173ms
[2020-08-10T13:07:41.137+0300][1400.681s][info ][gc] GC(45706) Pause Young (Allocation Failure) 43M->43M(54M) 13.327ms
[2020-08-10T13:07:41.151+0300][1400.695s][info ][gc] GC(45707) Pause Young (Allocation Failure) 44M->44M(54M) 13.483ms
[2020-08-10T13:07:41.165+0300][1400.709s][info ][gc] GC(45708) Pause Young (Allocation Failure) 45M->45M(54M) 13.369ms
[2020-08-10T13:07:41.179+0300][1400.723s][info ][gc] GC(45709) Pause Young (Allocation Failure) 46M->46M(54M) 13.403ms
[2020-08-10T13:07:41.193+0300][1400.737s][info ][gc] GC(45710) Pause Young (Allocation Failure) 47M->47M(54M) 13.433ms
[2020-08-10T13:07:41.207+0300][1400.752s][info ][gc] GC(45711) Pause Young (Allocation Failure) 48M->48M(54M) 13.523ms
[2020-08-10T13:07:41.221+0300][1400.765s][info ][gc] GC(45712) Pause Young (Allocation Failure) 49M->49M(54M) 13.348ms
[2020-08-10T13:07:41.235+0300][1400.780s][info ][gc] GC(45713) Pause Young (Allocation Failure) 50M->50M(54M) 13.514ms
[2020-08-10T13:07:41.249+0300][1400.793s][info ][gc] GC(45714) Pause Young (Allocation Failure) 51M->50M(54M) 13.383ms
[2020-08-10T13:07:41.263+0300][1400.807s][info ][gc] GC(45715) Pause Young (Allocation Failure) 51M->51M(54M) 13.358ms
[2020-08-10T13:07:41.368+0300][1400.913s][debug][gc] GC(45716) Expanding ParOldGen from 53248K by 11776K to 65024K
[2020-08-10T13:07:41.368+0300][1400.913s][info ][gc] GC(45716) Pause Full (Ergonomics) 51M->51M(66M) 105.187ms
[2020-08-10T13:07:41.382+0300][1400.926s][info ][gc] GC(45717) Pause Young (Allocation Failure) 52M->52M(66M) 12.979ms
[2020-08-10T13:07:41.396+0300][1400.940s][info ][gc] GC(45718) Pause Young (Allocation Failure) 53M->53M(66M) 13.322ms
[2020-08-10T13:07:41.409+0300][1400.954s][info ][gc] GC(45719) Pause Young (Allocation Failure) 54M->54M(66M) 13.324ms
[2020-08-10T13:07:41.423+0300][1400.968s][info ][gc] GC(45720) Pause Young (Allocation Failure) 55M->55M(66M) 13.509ms
[2020-08-10T13:07:41.437+0300][1400.982s][info ][gc] GC(45721) Pause Young (Allocation Failure) 56M->56M(66M) 13.517ms
[2020-08-10T13:07:41.451+0300][1400.996s][info ][gc] GC(45722) Pause Young (Allocation Failure) 57M->57M(66M) 13.392ms
[2020-08-10T13:07:41.466+0300][1401.010s][info ][gc] GC(45723) Pause Young (Allocation Failure) 58M->58M(66M) 13.488ms
[2020-08-10T13:07:41.480+0300][1401.024s][info ][gc] GC(45724) Pause Young (Allocation Failure) 59M->59M(66M) 13.570ms
[2020-08-10T13:07:41.494+0300][1401.038s][info ][gc] GC(45725) Pause Young (Allocation Failure) 60M->60M(66M) 13.482ms
[2020-08-10T13:07:41.508+0300][1401.052s][info ][gc] GC(45726) Pause Young (Allocation Failure) 61M->61M(66M) 13.441ms
[2020-08-10T13:07:41.522+0300][1401.066s][info ][gc] GC(45727) Pause Young (Allocation Failure) 62M->62M(66M) 13.431ms
[2020-08-10T13:07:41.536+0300][1401.080s][info ][gc] GC(45728) Pause Young (Allocation Failure) 63M->63M(66M) 13.542ms
[2020-08-10T13:07:41.550+0300][1401.095s][info ][gc] GC(45729) Pause Young (Allocation Failure) 64M->64M(66M) 13.613ms
[2020-08-10T13:07:41.690+0300][1401.234s][debug][gc] GC(45730) Expanding ParOldGen from 65024K by 11264K to 76288K
[2020-08-10T13:07:41.690+0300][1401.235s][info ][gc] GC(45730) Pause Full (Ergonomics) 64M->64M(77M) 139.804ms
[2020-08-10T13:07:41.717+0300][1401.262s][info ][gc] GC(45731) Pause Young (Allocation Failure) 65M->65M(77M) 26.649ms
[2020-08-10T13:07:41.731+0300][1401.276s][info ][gc] GC(45732) Pause Young (Allocation Failure) 66M->65M(77M) 13.689ms
[2020-08-10T13:07:41.745+0300][1401.290s][info ][gc] GC(45733) Pause Young (Allocation Failure) 66M->66M(77M) 13.495ms
[2020-08-10T13:07:41.760+0300][1401.304s][info ][gc] GC(45734) Pause Young (Allocation Failure) 67M->67M(77M) 13.652ms
[2020-08-10T13:07:41.774+0300][1401.318s][info ][gc] GC(45735) Pause Young (Allocation Failure) 68M->68M(77M) 13.737ms
[2020-08-10T13:07:41.788+0300][1401.333s][info ][gc] GC(45736) Pause Young (Allocation Failure) 69M->69M(77M) 13.734ms
[2020-08-10T13:07:41.802+0300][1401.347s][info ][gc] GC(45737) Pause Young (Allocation Failure) 70M->70M(77M) 13.818ms
[2020-08-10T13:07:41.817+0300][1401.361s][info ][gc] GC(45738) Pause Young (Allocation Failure) 71M->71M(77M) 13.805ms
[2020-08-10T13:07:41.831+0300][1401.376s][info ][gc] GC(45739) Pause Young (Allocation Failure) 72M->72M(77M) 13.867ms
[2020-08-10T13:07:41.846+0300][1401.390s][info ][gc] GC(45740) Pause Young (Allocation Failure) 73M->73M(77M) 13.743ms
[2020-08-10T13:07:41.860+0300][1401.404s][info ][gc] GC(45741) Pause Young (Allocation Failure) 74M->74M(77M) 13.647ms
[2020-08-10T13:07:42.024+0300][1401.568s][debug][gc] GC(45742) Expanding ParOldGen from 76288K by 11264K to 87552K
[2020-08-10T13:07:42.024+0300][1401.568s][info ][gc] GC(45742) Pause Full (Ergonomics) 74M->74M(88M) 163.856ms
[2020-08-10T13:07:42.037+0300][1401.582s][info ][gc] GC(45743) Pause Young (Allocation Failure) 75M->75M(88M) 13.162ms
[2020-08-10T13:07:42.052+0300][1401.596s][info ][gc] GC(45744) Pause Young (Allocation Failure) 76M->76M(88M) 13.554ms
[2020-08-10T13:07:42.066+0300][1401.610s][info ][gc] GC(45745) Pause Young (Allocation Failure) 77M->77M(88M) 13.601ms
[2020-08-10T13:07:42.080+0300][1401.624s][info ][gc] GC(45746) Pause Young (Allocation Failure) 78M->78M(88M) 13.453ms
[2020-08-10T13:07:42.094+0300][1401.638s][info ][gc] GC(45747) Pause Young (Allocation Failure) 79M->79M(88M) 13.582ms
[2020-08-10T13:07:42.108+0300][1401.652s][info ][gc] GC(45748) Pause Young (Allocation Failure) 80M->80M(88M) 13.480ms
[2020-08-10T13:07:42.122+0300][1401.666s][info ][gc] GC(45749) Pause Young (Allocation Failure) 81M->81M(88M) 13.497ms
[2020-08-10T13:07:42.136+0300][1401.680s][info ][gc] GC(45750) Pause Young (Allocation Failure) 82M->81M(88M) 13.683ms
[2020-08-10T13:07:42.150+0300][1401.695s][info ][gc] GC(45751) Pause Young (Allocation Failure) 82M->82M(88M) 13.798ms
[2020-08-10T13:07:42.164+0300][1401.709s][info ][gc] GC(45752) Pause Young (Allocation Failure) 83M->83M(88M) 13.651ms
[2020-08-10T13:07:42.179+0300][1401.723s][info ][gc] GC(45753) Pause Young (Allocation Failure) 84M->84M(87M) 14.046ms
[2020-08-10T13:07:42.193+0300][1401.738s][info ][gc] GC(45754) Pause Young (Allocation Failure) 85M->85M(87M) 13.992ms
[2020-08-10T13:07:42.390+0300][1401.935s][debug][gc] GC(45755) Expanding ParOldGen from 87552K by 11264K to 98816K
[2020-08-10T13:07:42.390+0300][1401.935s][info ][gc] GC(45755) Pause Full (Ergonomics) 85M->85M(98M) 196.715ms
[2020-08-10T13:07:42.422+0300][1401.967s][info ][gc] GC(45756) Pause Young (Allocation Failure) 86M->86M(98M) 31.354ms
[2020-08-10T13:07:42.437+0300][1401.982s][info ][gc] GC(45757) Pause Young (Allocation Failure) 87M->87M(98M) 14.417ms
[2020-08-10T13:07:42.452+0300][1401.997s][info ][gc] GC(45758) Pause Young (Allocation Failure) 88M->88M(98M) 14.452ms
[2020-08-10T13:07:42.467+0300][1402.011s][info ][gc] GC(45759) Pause Young (Allocation Failure) 89M->89M(98M) 14.388ms
[2020-08-10T13:07:42.482+0300][1402.027s][info ][gc] GC(45760) Pause Young (Allocation Failure) 90M->90M(98M) 14.564ms
[2020-08-10T13:07:42.497+0300][1402.042s][info ][gc] GC(45761) Pause Young (Allocation Failure) 91M->91M(98M) 14.812ms
[2020-08-10T13:07:42.511+0300][1402.056s][info ][gc] GC(45762) Pause Young (Allocation Failure) 91M->91M(98M) 13.470ms
[2020-08-10T13:07:42.525+0300][1402.069s][info ][gc] GC(45763) Pause Young (Allocation Failure) 92M->92M(98M) 13.330ms
[2020-08-10T13:07:42.539+0300][1402.083s][info ][gc] GC(45764) Pause Young (Allocation Failure) 92M->92M(98M) 13.505ms
[2020-08-10T13:07:42.553+0300][1402.097s][info ][gc] GC(45765) Pause Young (Allocation Failure) 93M->93M(98M) 13.429ms
[2020-08-10T13:07:42.567+0300][1402.111s][info ][gc] GC(45766) Pause Young (Allocation Failure) 93M->93M(98M) 13.297ms
[2020-08-10T13:07:42.593+0300][1402.138s][info ][gc] GC(45767) Pause Young (Allocation Failure) 94M->94M(98M) 26.288ms
[2020-08-10T13:07:42.607+0300][1402.152s][info ][gc] GC(45768) Pause Young (Allocation Failure) 94M->94M(98M) 13.429ms
[2020-08-10T13:07:42.621+0300][1402.165s][info ][gc] GC(45769) Pause Young (Allocation Failure) 95M->95M(98M) 13.405ms
[2020-08-10T13:07:42.635+0300][1402.179s][info ][gc] GC(45770) Pause Young (Allocation Failure) 95M->95M(98M) 13.401ms
[2020-08-10T13:07:42.649+0300][1402.193s][info ][gc] GC(45771) Pause Young (Allocation Failure) 96M->95M(98M) 13.421ms
[2020-08-10T13:07:42.874+0300][1402.418s][debug][gc] GC(45772) Expanding ParOldGen from 98816K by 11264K to 110080K
[2020-08-10T13:07:42.874+0300][1402.418s][info ][gc] GC(45772) Pause Full (Ergonomics) 95M->95M(109M) 224.833ms
[2020-08-10T13:07:42.887+0300][1402.432s][info ][gc] GC(45773) Pause Young (Allocation Failure) 96M->96M(109M) 12.967ms
[2020-08-10T13:07:42.901+0300][1402.445s][info ][gc] GC(45774) Pause Young (Allocation Failure) 96M->96M(109M) 13.074ms
[2020-08-10T13:07:42.914+0300][1402.459s][info ][gc] GC(45775) Pause Young (Allocation Failure) 97M->97M(109M) 13.073ms
[2020-08-10T13:07:42.928+0300][1402.472s][info ][gc] GC(45776) Pause Young (Allocation Failure) 97M->97M(109M) 13.059ms
[2020-08-10T13:07:42.941+0300][1402.486s][info ][gc] GC(45777) Pause Young (Allocation Failure) 98M->98M(109M) 13.200ms
[2020-08-10T13:07:42.955+0300][1402.499s][info ][gc] GC(45778) Pause Young (Allocation Failure) 98M->98M(109M) 13.174ms
[2020-08-10T13:07:42.969+0300][1402.513s][info ][gc] GC(45779) Pause Young (Allocation Failure) 99M->99M(108M) 13.250ms
[2020-08-10T13:07:42.982+0300][1402.527s][info ][gc] GC(45780) Pause Young (Allocation Failure) 99M->99M(109M) 13.118ms
[2020-08-10T13:07:42.996+0300][1402.540s][info ][gc] GC(45781) Pause Young (Allocation Failure) 100M->99M(109M) 13.135ms
[2020-08-10T13:07:43.009+0300][1402.554s][info ][gc] GC(45782) Pause Young (Allocation Failure) 100M->100M(109M) 13.132ms
[2020-08-10T13:07:43.023+0300][1402.567s][info ][gc] GC(45783) Pause Young (Allocation Failure) 100M->100M(109M) 13.133ms
[2020-08-10T13:07:43.036+0300][1402.581s][info ][gc] GC(45784) Pause Young (Allocation Failure) 101M->101M(109M) 13.079ms
[2020-08-10T13:07:43.050+0300][1402.594s][info ][gc] GC(45785) Pause Young (Allocation Failure) 101M->101M(109M) 13.119ms
[2020-08-10T13:07:43.063+0300][1402.608s][info ][gc] GC(45786) Pause Young (Allocation Failure) 102M->102M(109M) 13.136ms
[2020-08-10T13:07:43.077+0300][1402.621s][info ][gc] GC(45787) Pause Young (Allocation Failure) 102M->102M(109M) 12.974ms
[2020-08-10T13:07:43.090+0300][1402.635s][info ][gc] GC(45788) Pause Young (Allocation Failure) 103M->103M(109M) 12.983ms
[2020-08-10T13:07:43.103+0300][1402.648s][info ][gc] GC(45789) Pause Young (Allocation Failure) 103M->103M(109M) 12.949ms
[2020-08-10T13:07:43.117+0300][1402.661s][info ][gc] GC(45790) Pause Young (Allocation Failure) 104M->104M(109M) 12.877ms
[2020-08-10T13:07:43.130+0300][1402.674s][info ][gc] GC(45791) Pause Young (Allocation Failure) 104M->104M(109M) 12.920ms
[2020-08-10T13:07:43.143+0300][1402.688s][info ][gc] GC(45792) Pause Young (Allocation Failure) 105M->105M(109M) 13.073ms
[2020-08-10T13:07:43.157+0300][1402.701s][info ][gc] GC(45793) Pause Young (Allocation Failure) 105M->105M(109M) 13.129ms
[2020-08-10T13:07:43.170+0300][1402.715s][info ][gc] GC(45794) Pause Young (Allocation Failure) 105M->105M(109M) 13.082ms
[2020-08-10T13:07:43.184+0300][1402.728s][info ][gc] GC(45795) Pause Young (Allocation Failure) 106M->106M(109M) 13.035ms
[2020-08-10T13:07:43.197+0300][1402.742s][info ][gc] GC(45796) Pause Young (Allocation Failure) 106M->106M(109M) 13.080ms
[2020-08-10T13:07:43.211+0300][1402.755s][info ][gc] GC(45797) Pause Young (Allocation Failure) 107M->107M(109M) 13.217ms
[2020-08-10T13:07:43.224+0300][1402.769s][info ][gc] GC(45798) Pause Young (Allocation Failure) 107M->107M(109M) 13.166ms
[2020-08-10T13:07:43.494+0300][1403.038s][debug][gc] GC(45799) Expanding ParOldGen from 110080K by 10752K to 120832K
[2020-08-10T13:07:43.494+0300][1403.039s][info ][gc] GC(45799) Pause Full (Ergonomics) 107M->107M(119M) 269.576ms
[2020-08-10T13:07:43.530+0300][1403.075s][info ][gc] GC(45800) Pause Young (Allocation Failure) 108M->108M(119M) 35.580ms
[2020-08-10T13:07:43.544+0300][1403.089s][info ][gc] GC(45801) Pause Young (Allocation Failure) 108M->108M(119M) 13.668ms
[2020-08-10T13:07:43.558+0300][1403.103s][info ][gc] GC(45802) Pause Young (Allocation Failure) 108M->108M(119M) 13.538ms
[2020-08-10T13:07:43.572+0300][1403.117s][info ][gc] GC(45803) Pause Young (Allocation Failure) 109M->109M(119M) 13.744ms
[2020-08-10T13:07:43.586+0300][1403.131s][info ][gc] GC(45804) Pause Young (Allocation Failure) 109M->109M(119M) 13.667ms
[2020-08-10T13:07:43.601+0300][1403.145s][info ][gc] GC(45805) Pause Young (Allocation Failure) 110M->110M(119M) 13.735ms
[2020-08-10T13:07:43.615+0300][1403.159s][info ][gc] GC(45806) Pause Young (Allocation Failure) 110M->110M(119M) 13.607ms
[2020-08-10T13:07:43.629+0300][1403.173s][info ][gc] GC(45807) Pause Young (Allocation Failure) 111M->111M(119M) 13.624ms
[2020-08-10T13:07:43.643+0300][1403.187s][info ][gc] GC(45808) Pause Young (Allocation Failure) 111M->111M(119M) 13.686ms
[2020-08-10T13:07:43.657+0300][1403.202s][info ][gc] GC(45809) Pause Young (Allocation Failure) 112M->112M(119M) 13.763ms
[2020-08-10T13:07:43.671+0300][1403.216s][info ][gc] GC(45810) Pause Young (Allocation Failure) 112M->112M(119M) 13.782ms
[2020-08-10T13:07:43.686+0300][1403.230s][info ][gc] GC(45811) Pause Young (Allocation Failure) 113M->113M(119M) 13.819ms
[2020-08-10T13:07:43.700+0300][1403.244s][info ][gc] GC(45812) Pause Young (Allocation Failure) 113M->113M(119M) 13.879ms
[2020-08-10T13:07:43.714+0300][1403.259s][info ][gc] GC(45813) Pause Young (Allocation Failure) 114M->114M(119M) 13.914ms
[2020-08-10T13:07:43.729+0300][1403.273s][info ][gc] GC(45814) Pause Young (Allocation Failure) 114M->114M(119M) 13.970ms
[2020-08-10T13:07:43.743+0300][1403.287s][info ][gc] GC(45815) Pause Young (Allocation Failure) 114M->114M(119M) 13.878ms
[2020-08-10T13:07:43.757+0300][1403.302s][info ][gc] GC(45816) Pause Young (Allocation Failure) 115M->115M(119M) 14.067ms
[2020-08-10T13:07:43.772+0300][1403.317s][info ][gc] GC(45817) Pause Young (Allocation Failure) 115M->115M(119M) 14.471ms
[2020-08-10T13:07:43.804+0300][1403.349s][info ][gc] GC(45818) Pause Young (Allocation Failure) 116M->116M(119M) 31.834ms
[2020-08-10T13:07:43.836+0300][1403.381s][info ][gc] GC(45819) Pause Young (Allocation Failure) 116M->116M(119M) 31.355ms
[2020-08-10T13:07:43.853+0300][1403.397s][info ][gc] GC(45820) Pause Young (Allocation Failure) 117M->117M(119M) 16.020ms
[2020-08-10T13:07:43.869+0300][1403.414s][info ][gc] GC(45821) Pause Young (Allocation Failure) 117M->117M(119M) 15.721ms
[2020-08-10T13:07:43.884+0300][1403.429s][info ][gc] GC(45822) Pause Young (Allocation Failure) 118M->118M(119M) 14.599ms
[2020-08-10T13:07:44.205+0300][1403.750s][debug][gc] GC(45823) Expanding ParOldGen from 120832K by 10752K to 131584K
[2020-08-10T13:07:44.205+0300][1403.750s][info ][gc] GC(45823) Pause Full (Ergonomics) 118M->117M(130M) 321.029ms
[2020-08-10T13:07:44.219+0300][1403.763s][info ][gc] GC(45824) Pause Young (Allocation Failure) 118M->118M(130M) 12.813ms
[2020-08-10T13:07:44.233+0300][1403.778s][info ][gc] GC(45825) Pause Young (Allocation Failure) 118M->118M(130M) 14.339ms
[2020-08-10T13:07:44.265+0300][1403.810s][info ][gc] GC(45826) Pause Young (Allocation Failure) 119M->119M(130M) 31.816ms
[2020-08-10T13:07:44.280+0300][1403.825s][info ][gc] GC(45827) Pause Young (Allocation Failure) 119M->119M(130M) 14.486ms
[2020-08-10T13:07:44.295+0300][1403.840s][info ][gc] GC(45828) Pause Young (Allocation Failure) 120M->120M(130M) 14.273ms
[2020-08-10T13:07:44.322+0300][1403.866s][info ][gc] GC(45829) Pause Young (Allocation Failure) 120M->120M(130M) 26.585ms
[2020-08-10T13:07:44.337+0300][1403.881s][info ][gc] GC(45830) Pause Young (Allocation Failure) 121M->121M(130M) 14.597ms
[2020-08-10T13:07:44.352+0300][1403.897s][info ][gc] GC(45831) Pause Young (Allocation Failure) 121M->121M(130M) 14.801ms
[2020-08-10T13:07:44.367+0300][1403.912s][info ][gc] GC(45832) Pause Young (Allocation Failure) 122M->122M(130M) 14.382ms
[2020-08-10T13:07:44.392+0300][1403.936s][info ][gc] GC(45833) Pause Young (Allocation Failure) 122M->122M(130M) 24.433ms
[2020-08-10T13:07:44.407+0300][1403.951s][info ][gc] GC(45834) Pause Young (Allocation Failure) 122M->122M(130M) 14.524ms
[2020-08-10T13:07:44.422+0300][1403.966s][info ][gc] GC(45835) Pause Young (Allocation Failure) 123M->123M(130M) 14.530ms
[2020-08-10T13:07:44.442+0300][1403.987s][info ][gc] GC(45836) Pause Young (Allocation Failure) 123M->123M(130M) 20.354ms
[2020-08-10T13:07:44.457+0300][1404.002s][info ][gc] GC(45837) Pause Young (Allocation Failure) 124M->124M(130M) 14.663ms
[2020-08-10T13:07:44.473+0300][1404.017s][info ][gc] GC(45838) Pause Young (Allocation Failure) 124M->124M(130M) 14.843ms
[2020-08-10T13:07:44.488+0300][1404.033s][info ][gc] GC(45839) Pause Young (Allocation Failure) 125M->125M(130M) 14.743ms
[2020-08-10T13:07:44.503+0300][1404.048s][info ][gc] GC(45840) Pause Young (Allocation Failure) 125M->125M(130M) 14.678ms
[2020-08-10T13:07:44.518+0300][1404.063s][info ][gc] GC(45841) Pause Young (Allocation Failure) 126M->126M(130M) 14.795ms
[2020-08-10T13:07:44.559+0300][1404.103s][info ][gc] GC(45842) Pause Young (Allocation Failure) 126M->126M(130M) 39.761ms
[2020-08-10T13:07:44.574+0300][1404.119s][info ][gc] GC(45843) Pause Young (Allocation Failure) 127M->126M(130M) 14.947ms
[2020-08-10T13:07:44.589+0300][1404.134s][info ][gc] GC(45844) Pause Young (Allocation Failure) 127M->127M(130M) 14.870ms
[2020-08-10T13:07:44.605+0300][1404.149s][info ][gc] GC(45845) Pause Young (Allocation Failure) 127M->127M(130M) 15.104ms
[2020-08-10T13:07:44.620+0300][1404.164s][info ][gc] GC(45846) Pause Young (Allocation Failure) 128M->128M(130M) 14.819ms
[2020-08-10T13:07:44.635+0300][1404.180s][info ][gc] GC(45847) Pause Young (Allocation Failure) 128M->128M(130M) 15.217ms
[2020-08-10T13:07:44.966+0300][1404.511s][debug][gc] GC(45848) Expanding ParOldGen from 131584K by 10752K to 142336K
[2020-08-10T13:07:44.966+0300][1404.511s][info ][gc] GC(45848) Pause Full (Ergonomics) 128M->128M(140M) 330.687ms
[2020-08-10T13:07:44.998+0300][1404.543s][info ][gc] GC(45849) Pause Young (Allocation Failure) 129M->129M(140M) 31.719ms
[2020-08-10T13:07:45.014+0300][1404.559s][info ][gc] GC(45850) Pause Young (Allocation Failure) 129M->129M(140M) 15.460ms
[2020-08-10T13:07:45.030+0300][1404.575s][info ][gc] GC(45851) Pause Young (Allocation Failure) 130M->129M(140M) 15.426ms
[2020-08-10T13:07:45.046+0300][1404.590s][info ][gc] GC(45852) Pause Young (Allocation Failure) 130M->130M(140M) 15.238ms
[2020-08-10T13:07:45.062+0300][1404.606s][info ][gc] GC(45853) Pause Young (Allocation Failure) 130M->130M(140M) 15.476ms
[2020-08-10T13:07:45.077+0300][1404.622s][info ][gc] GC(45854) Pause Young (Allocation Failure) 131M->131M(140M) 15.448ms
[2020-08-10T13:07:45.093+0300][1404.638s][info ][gc] GC(45855) Pause Young (Allocation Failure) 131M->131M(140M) 15.169ms
[2020-08-10T13:07:45.109+0300][1404.654s][info ][gc] GC(45856) Pause Young (Allocation Failure) 132M->132M(140M) 15.795ms
[2020-08-10T13:07:45.125+0300][1404.670s][info ][gc] GC(45857) Pause Young (Allocation Failure) 132M->132M(140M) 15.465ms
[2020-08-10T13:07:45.141+0300][1404.685s][info ][gc] GC(45858) Pause Young (Allocation Failure) 133M->133M(140M) 15.355ms
[2020-08-10T13:07:45.156+0300][1404.701s][info ][gc] GC(45859) Pause Young (Allocation Failure) 133M->133M(140M) 15.495ms
[2020-08-10T13:07:45.172+0300][1404.717s][info ][gc] GC(45860) Pause Young (Allocation Failure) 134M->134M(140M) 15.464ms
[2020-08-10T13:07:45.188+0300][1404.732s][info ][gc] GC(45861) Pause Young (Allocation Failure) 134M->134M(140M) 15.423ms
[2020-08-10T13:07:45.204+0300][1404.748s][info ][gc] GC(45862) Pause Young (Allocation Failure) 135M->135M(140M) 15.550ms
[2020-08-10T13:07:45.220+0300][1404.765s][info ][gc] GC(45863) Pause Young (Allocation Failure) 135M->135M(140M) 15.696ms
[2020-08-10T13:07:45.220+0300][1404.765s][debug][gc] Expanding ParOldGen from 142336K by 19968K to 162304K
[2020-08-10T13:07:45.244+0300][1404.788s][info ][gc] GC(45864) Pause Young (Allocation Failure) 155M->154M(160M) 15.088ms
[2020-08-10T13:07:45.258+0300][1404.802s][info ][gc] GC(45865) Pause Young (Allocation Failure) 155M->155M(160M) 13.748ms
[2020-08-10T13:07:45.293+0300][1404.838s][info ][gc] GC(45866) Pause Young (Allocation Failure) 155M->155M(160M) 34.647ms
[2020-08-10T13:07:45.307+0300][1404.851s][info ][gc] GC(45867) Pause Young (Allocation Failure) 156M->156M(160M) 13.458ms
[2020-08-10T13:07:45.321+0300][1404.865s][info ][gc] GC(45868) Pause Young (Allocation Failure) 156M->156M(160M) 13.363ms
[2020-08-10T13:07:45.334+0300][1404.879s][info ][gc] GC(45869) Pause Young (Allocation Failure) 157M->157M(160M) 13.326ms
[2020-08-10T13:07:45.348+0300][1404.893s][info ][gc] GC(45870) Pause Young (Allocation Failure) 157M->157M(160M) 13.223ms
[2020-08-10T13:07:45.361+0300][1404.906s][info ][gc] GC(45871) Pause Young (Allocation Failure) 158M->158M(160M) 13.162ms
[2020-08-10T13:07:45.375+0300][1404.920s][info ][gc] GC(45872) Pause Young (Allocation Failure) 158M->158M(160M) 13.222ms
[2020-08-10T13:07:45.431+0300][1404.975s][debug][gc] GC(45873) Shrinking ParOldGen from 162304K by 125952K to 36352K
[2020-08-10T13:07:45.431+0300][1404.975s][info ][gc] GC(45873) Pause Full (Ergonomics) 158M->24M(37M) 55.571ms
[2020-08-10T13:07:45.457+0300][1405.002s][info ][gc] GC(45874) Pause Young (Allocation Failure) 25M->25M(37M) 25.933ms
[2020-08-10T13:07:45.473+0300][1405.018s][info ][gc] GC(45875) Pause Young (Allocation Failure) 25M->25M(37M) 15.466ms
[2020-08-10T13:07:45.487+0300][1405.032s][info ][gc] GC(45876) Pause Young (Allocation Failure) 26M->26M(37M) 14.004ms
[2020-08-10T13:07:45.501+0300][1405.045s][info ][gc] GC(45877) Pause Young (Allocation Failure) 26M->26M(37M) 12.886ms
[2020-08-10T13:07:45.515+0300][1405.060s][info ][gc] GC(45878) Pause Young (Allocation Failure) 27M->27M(37M) 14.339ms
[2020-08-10T13:07:45.529+0300][1405.074s][info ][gc] GC(45879) Pause Young (Allocation Failure) 27M->27M(37M) 12.978ms
[2020-08-10T13:07:45.542+0300][1405.087s][info ][gc] GC(45880) Pause Young (Allocation Failure) 27M->27M(37M) 12.944ms
[2020-08-10T13:07:45.556+0300][1405.100s][info ][gc] GC(45881) Pause Young (Allocation Failure) 28M->28M(37M) 12.948ms
[2020-08-10T13:07:45.569+0300][1405.113s][info ][gc] GC(45882) Pause Young (Allocation Failure) 28M->28M(37M) 12.722ms
[2020-08-10T13:07:45.582+0300][1405.127s][info ][gc] GC(45883) Pause Young (Allocation Failure) 29M->29M(37M) 12.920ms
[2020-08-10T13:07:45.596+0300][1405.140s][info ][gc] GC(45884) Pause Young (Allocation Failure) 29M->29M(37M) 13.093ms
[2020-08-10T13:07:45.609+0300][1405.154s][info ][gc] GC(45885) Pause Young (Allocation Failure) 30M->30M(37M) 12.999ms
[2020-08-10T13:07:45.623+0300][1405.167s][info ][gc] GC(45886) Pause Young (Allocation Failure) 31M->31M(37M) 13.108ms
[2020-08-10T13:07:45.637+0300][1405.181s][info ][gc] GC(45887) Pause Young (Allocation Failure) 32M->32M(37M) 13.177ms
[2020-08-10T13:07:45.651+0300][1405.195s][info ][gc] GC(45888) Pause Young (Allocation Failure) 33M->33M(37M) 13.514ms
[2020-08-10T13:07:45.665+0300][1405.210s][info ][gc] GC(45889) Pause Young (Allocation Failure) 34M->33M(38M) 13.533ms
[2020-08-10T13:07:45.679+0300][1405.223s][info ][gc] GC(45890) Pause Young (Allocation Failure) 34M->34M(38M) 13.345ms
[2020-08-10T13:07:45.693+0300][1405.237s][info ][gc] GC(45891) Pause Young (Allocation Failure) 35M->35M(38M) 13.326ms
[2020-08-10T13:07:45.753+0300][1405.298s][debug][gc] GC(45892) Expanding ParOldGen from 36352K by 11264K to 47616K
[2020-08-10T13:07:45.753+0300][1405.298s][info ][gc] GC(45892) Pause Full (Ergonomics) 35M->35M(49M) 60.434ms
[2020-08-10T13:07:45.770+0300][1405.315s][info ][gc] GC(45893) Pause Young (Allocation Failure) 36M->36M(49M) 16.595ms
[2020-08-10T13:07:45.784+0300][1405.329s][info ][gc] GC(45894) Pause Young (Allocation Failure) 37M->37M(49M) 13.571ms
[2020-08-10T13:07:45.798+0300][1405.343s][info ][gc] GC(45895) Pause Young (Allocation Failure) 38M->38M(49M) 13.529ms
[2020-08-10T13:07:45.812+0300][1405.357s][info ][gc] GC(45896) Pause Young (Allocation Failure) 39M->39M(49M) 13.599ms
[2020-08-10T13:07:45.827+0300][1405.371s][info ][gc] GC(45897) Pause Young (Allocation Failure) 40M->40M(49M) 13.518ms
[2020-08-10T13:07:45.841+0300][1405.385s][info ][gc] GC(45898) Pause Young (Allocation Failure) 41M->41M(49M) 13.571ms
[2020-08-10T13:07:45.855+0300][1405.399s][info ][gc] GC(45899) Pause Young (Allocation Failure) 42M->42M(49M) 13.544ms
[2020-08-10T13:07:45.869+0300][1405.413s][info ][gc] GC(45900) Pause Young (Allocation Failure) 43M->43M(49M) 13.486ms
[2020-08-10T13:07:45.883+0300][1405.427s][info ][gc] GC(45901) Pause Young (Allocation Failure) 44M->44M(49M) 13.428ms
[2020-08-10T13:07:45.897+0300][1405.441s][info ][gc] GC(45902) Pause Young (Allocation Failure) 45M->45M(49M) 13.513ms
[2020-08-10T13:07:45.911+0300][1405.455s][info ][gc] GC(45903) Pause Young (Allocation Failure) 46M->46M(49M) 13.549ms
[2020-08-10T13:07:45.925+0300][1405.470s][info ][gc] GC(45904) Pause Young (Allocation Failure) 47M->46M(49M) 13.533ms
[2020-08-10T13:07:46.018+0300][1405.562s][debug][gc] GC(45905) Expanding ParOldGen from 47616K by 11776K to 59392K
[2020-08-10T13:07:46.018+0300][1405.563s][info ][gc] GC(45905) Pause Full (Ergonomics) 46M->46M(60M) 92.894ms
[2020-08-10T13:07:46.038+0300][1405.583s][info ][gc] GC(45906) Pause Young (Allocation Failure) 47M->47M(60M) 19.491ms
[2020-08-10T13:07:46.052+0300][1405.597s][info ][gc] GC(45907) Pause Young (Allocation Failure) 48M->48M(60M) 13.585ms
[2020-08-10T13:07:46.066+0300][1405.611s][info ][gc] GC(45908) Pause Young (Allocation Failure) 49M->49M(60M) 13.519ms
[2020-08-10T13:07:46.081+0300][1405.625s][info ][gc] GC(45909) Pause Young (Allocation Failure) 50M->50M(60M) 13.665ms
[2020-08-10T13:07:46.095+0300][1405.639s][info ][gc] GC(45910) Pause Young (Allocation Failure) 51M->51M(60M) 13.567ms
[2020-08-10T13:07:46.109+0300][1405.653s][info ][gc] GC(45911) Pause Young (Allocation Failure) 52M->52M(60M) 13.418ms
[2020-08-10T13:07:46.123+0300][1405.667s][info ][gc] GC(45912) Pause Young (Allocation Failure) 53M->53M(60M) 13.530ms
[2020-08-10T13:07:46.137+0300][1405.681s][info ][gc] GC(45913) Pause Young (Allocation Failure) 54M->54M(60M) 13.587ms
[2020-08-10T13:07:46.151+0300][1405.695s][info ][gc] GC(45914) Pause Young (Allocation Failure) 55M->55M(60M) 13.623ms
[2020-08-10T13:07:46.165+0300][1405.710s][info ][gc] GC(45915) Pause Young (Allocation Failure) 56M->56M(60M) 13.656ms
[2020-08-10T13:07:46.179+0300][1405.724s][info ][gc] GC(45916) Pause Young (Allocation Failure) 57M->57M(60M) 13.594ms
[2020-08-10T13:07:46.193+0300][1405.738s][info ][gc] GC(45917) Pause Young (Allocation Failure) 58M->58M(60M) 13.581ms
[2020-08-10T13:07:46.315+0300][1405.860s][debug][gc] GC(45918) Expanding ParOldGen from 59392K by 11776K to 71168K
[2020-08-10T13:07:46.315+0300][1405.860s][info ][gc] GC(45918) Pause Full (Ergonomics) 58M->57M(72M) 121.547ms
[2020-08-10T13:07:46.329+0300][1405.873s][info ][gc] GC(45919) Pause Young (Allocation Failure) 58M->58M(72M) 13.068ms
[2020-08-10T13:07:46.343+0300][1405.887s][info ][gc] GC(45920) Pause Young (Allocation Failure) 59M->59M(72M) 13.465ms
[2020-08-10T13:07:46.356+0300][1405.901s][info ][gc] GC(45921) Pause Young (Allocation Failure) 60M->60M(72M) 13.375ms
[2020-08-10T13:07:46.370+0300][1405.915s][info ][gc] GC(45922) Pause Young (Allocation Failure) 61M->61M(72M) 13.424ms
[2020-08-10T13:07:46.384+0300][1405.929s][info ][gc] GC(45923) Pause Young (Allocation Failure) 62M->62M(72M) 13.495ms
[2020-08-10T13:07:46.399+0300][1405.943s][info ][gc] GC(45924) Pause Young (Allocation Failure) 63M->63M(72M) 13.566ms
[2020-08-10T13:07:46.413+0300][1405.957s][info ][gc] GC(45925) Pause Young (Allocation Failure) 64M->64M(72M) 13.527ms
[2020-08-10T13:07:46.427+0300][1405.972s][info ][gc] GC(45926) Pause Young (Allocation Failure) 65M->65M(72M) 13.606ms
[2020-08-10T13:07:46.441+0300][1405.986s][info ][gc] GC(45927) Pause Young (Allocation Failure) 66M->66M(72M) 13.519ms
[2020-08-10T13:07:46.455+0300][1406.000s][info ][gc] GC(45928) Pause Young (Allocation Failure) 67M->67M(71M) 13.733ms
[2020-08-10T13:07:46.470+0300][1406.014s][info ][gc] GC(45929) Pause Young (Allocation Failure) 68M->68M(71M) 13.701ms
[2020-08-10T13:07:46.484+0300][1406.029s][info ][gc] GC(45930) Pause Young (Allocation Failure) 69M->69M(71M) 13.629ms
[2020-08-10T13:07:46.498+0300][1406.043s][info ][gc] GC(45931) Pause Young (Allocation Failure) 70M->70M(71M) 13.496ms
[2020-08-10T13:07:46.656+0300][1406.201s][debug][gc] GC(45932) Expanding ParOldGen from 71168K by 11776K to 82944K
[2020-08-10T13:07:46.656+0300][1406.201s][info ][gc] GC(45932) Pause Full (Ergonomics) 70M->69M(83M) 158.227ms
[2020-08-10T13:07:46.685+0300][1406.230s][info ][gc] GC(45933) Pause Young (Allocation Failure) 70M->70M(83M) 28.334ms
[2020-08-10T13:07:46.700+0300][1406.244s][info ][gc] GC(45934) Pause Young (Allocation Failure) 71M->71M(83M) 13.867ms
[2020-08-10T13:07:46.714+0300][1406.259s][info ][gc] GC(45935) Pause Young (Allocation Failure) 72M->72M(83M) 13.568ms
[2020-08-10T13:07:46.728+0300][1406.273s][info ][gc] GC(45936) Pause Young (Allocation Failure) 73M->73M(83M) 13.674ms
[2020-08-10T13:07:46.743+0300][1406.287s][info ][gc] GC(45937) Pause Young (Allocation Failure) 74M->74M(83M) 13.755ms
[2020-08-10T13:07:46.757+0300][1406.302s][info ][gc] GC(45938) Pause Young (Allocation Failure) 75M->75M(83M) 13.779ms
[2020-08-10T13:07:46.771+0300][1406.316s][info ][gc] GC(45939) Pause Young (Allocation Failure) 76M->76M(83M) 13.877ms
[2020-08-10T13:07:46.786+0300][1406.330s][info ][gc] GC(45940) Pause Young (Allocation Failure) 77M->77M(83M) 13.776ms
[2020-08-10T13:07:46.800+0300][1406.345s][info ][gc] GC(45941) Pause Young (Allocation Failure) 78M->78M(83M) 13.809ms
[2020-08-10T13:07:46.814+0300][1406.359s][info ][gc] GC(45942) Pause Young (Allocation Failure) 79M->79M(83M) 13.669ms
[2020-08-10T13:07:46.829+0300][1406.374s][info ][gc] GC(45943) Pause Young (Allocation Failure) 80M->80M(83M) 14.063ms
[2020-08-10T13:07:46.843+0300][1406.388s][info ][gc] GC(45944) Pause Young (Allocation Failure) 81M->81M(83M) 13.819ms
[2020-08-10T13:07:47.030+0300][1406.575s][debug][gc] GC(45945) Expanding ParOldGen from 82944K by 11264K to 94208K
[2020-08-10T13:07:47.030+0300][1406.575s][info ][gc] GC(45945) Pause Full (Ergonomics) 81M->81M(94M) 186.776ms
[2020-08-10T13:07:47.061+0300][1406.606s][info ][gc] GC(45946) Pause Young (Allocation Failure) 82M->82M(94M) 30.269ms
[2020-08-10T13:07:47.076+0300][1406.620s][info ][gc] GC(45947) Pause Young (Allocation Failure) 83M->83M(94M) 13.997ms
[2020-08-10T13:07:47.090+0300][1406.634s][info ][gc] GC(45948) Pause Young (Allocation Failure) 84M->83M(94M) 13.759ms
[2020-08-10T13:07:47.104+0300][1406.649s][info ][gc] GC(45949) Pause Young (Allocation Failure) 84M->84M(94M) 14.151ms
[2020-08-10T13:07:47.119+0300][1406.663s][info ][gc] GC(45950) Pause Young (Allocation Failure) 85M->85M(94M) 14.011ms
[2020-08-10T13:07:47.134+0300][1406.678s][info ][gc] GC(45951) Pause Young (Allocation Failure) 86M->86M(94M) 14.491ms
[2020-08-10T13:07:47.148+0300][1406.693s][info ][gc] GC(45952) Pause Young (Allocation Failure) 87M->87M(94M) 14.264ms
[2020-08-10T13:07:47.163+0300][1406.708s][info ][gc] GC(45953) Pause Young (Allocation Failure) 88M->88M(94M) 14.209ms
[2020-08-10T13:07:47.178+0300][1406.723s][info ][gc] GC(45954) Pause Young (Allocation Failure) 89M->89M(94M) 14.387ms
[2020-08-10T13:07:47.193+0300][1406.738s][info ][gc] GC(45955) Pause Young (Allocation Failure) 90M->90M(94M) 14.279ms
[2020-08-10T13:07:47.208+0300][1406.752s][info ][gc] GC(45956) Pause Young (Allocation Failure) 91M->91M(94M) 14.422ms
[2020-08-10T13:07:47.223+0300][1406.768s][info ][gc] GC(45957) Pause Young (Allocation Failure) 92M->92M(94M) 14.700ms
[2020-08-10T13:07:47.436+0300][1406.981s][debug][gc] GC(45958) Expanding ParOldGen from 94208K by 11776K to 105984K
[2020-08-10T13:07:47.437+0300][1406.981s][info ][gc] GC(45958) Pause Full (Ergonomics) 92M->92M(106M) 213.566ms
[2020-08-10T13:07:47.484+0300][1407.029s][info ][gc] GC(45959) Pause Young (Allocation Failure) 93M->93M(106M) 46.995ms
[2020-08-10T13:07:47.500+0300][1407.044s][info ][gc] GC(45960) Pause Young (Allocation Failure) 94M->94M(105M) 14.896ms
[2020-08-10T13:07:47.516+0300][1407.060s][info ][gc] GC(45961) Pause Young (Allocation Failure) 95M->95M(105M) 15.278ms
[2020-08-10T13:07:47.532+0300][1407.076s][info ][gc] GC(45962) Pause Young (Allocation Failure) 96M->96M(105M) 15.329ms
[2020-08-10T13:07:47.546+0300][1407.090s][info ][gc] GC(45963) Pause Young (Allocation Failure) 97M->97M(106M) 13.993ms
[2020-08-10T13:07:47.562+0300][1407.106s][info ][gc] GC(45964) Pause Young (Allocation Failure) 98M->98M(106M) 14.936ms
[2020-08-10T13:07:47.588+0300][1407.132s][info ][gc] GC(45965) Pause Young (Allocation Failure) 99M->99M(106M) 26.249ms
[2020-08-10T13:07:47.605+0300][1407.148s][info ][gc] GC(45966) Pause Young (Allocation Failure) 100M->100M(106M) 15.695ms
[2020-08-10T13:07:47.621+0300][1407.165s][info ][gc] GC(45967) Pause Young (Allocation Failure) 101M->100M(106M) 15.803ms
[2020-08-10T13:07:47.637+0300][1407.181s][info ][gc] GC(45968) Pause Young (Allocation Failure) 101M->101M(106M) 15.829ms
[2020-08-10T13:07:47.653+0300][1407.197s][info ][gc] GC(45969) Pause Young (Allocation Failure) 102M->102M(106M) 15.533ms
[2020-08-10T13:07:47.669+0300][1407.213s][info ][gc] GC(45970) Pause Young (Allocation Failure) 103M->103M(106M) 15.399ms
[2020-08-10T13:07:47.918+0300][1407.462s][debug][gc] GC(45971) Expanding ParOldGen from 105984K by 11264K to 117248K
[2020-08-10T13:07:47.918+0300][1407.462s][info ][gc] GC(45971) Pause Full (Ergonomics) 103M->103M(117M) 248.704ms
[2020-08-10T13:07:47.954+0300][1407.498s][info ][gc] GC(45972) Pause Young (Allocation Failure) 104M->104M(117M) 35.664ms
[2020-08-10T13:07:47.971+0300][1407.514s][info ][gc] GC(45973) Pause Young (Allocation Failure) 105M->105M(117M) 15.881ms
[2020-08-10T13:07:47.987+0300][1407.530s][info ][gc] GC(45974) Pause Young (Allocation Failure) 106M->106M(117M) 15.609ms
[2020-08-10T13:07:48.003+0300][1407.547s][info ][gc] GC(45975) Pause Young (Allocation Failure) 107M->107M(117M) 16.177ms
[2020-08-10T13:07:48.020+0300][1407.564s][info ][gc] GC(45976) Pause Young (Allocation Failure) 108M->108M(117M) 16.502ms
[2020-08-10T13:07:48.037+0300][1407.581s][info ][gc] GC(45977) Pause Young (Allocation Failure) 109M->109M(117M) 16.119ms
[2020-08-10T13:07:48.053+0300][1407.597s][info ][gc] GC(45978) Pause Young (Allocation Failure) 110M->110M(117M) 16.032ms
[2020-08-10T13:07:48.070+0300][1407.614s][info ][gc] GC(45979) Pause Young (Allocation Failure) 111M->111M(117M) 16.266ms
[2020-08-10T13:07:48.087+0300][1407.631s][info ][gc] GC(45980) Pause Young (Allocation Failure) 112M->112M(117M) 16.472ms
[2020-08-10T13:07:48.104+0300][1407.648s][info ][gc] GC(45981) Pause Young (Allocation Failure) 113M->113M(117M) 16.561ms
[2020-08-10T13:07:48.121+0300][1407.665s][info ][gc] GC(45982) Pause Young (Allocation Failure) 114M->114M(117M) 16.722ms
[2020-08-10T13:07:48.139+0300][1407.683s][info ][gc] GC(45983) Pause Young (Allocation Failure) 115M->115M(117M) 16.819ms
[2020-08-10T13:07:48.456+0300][1408.000s][debug][gc] GC(45984) Expanding ParOldGen from 117248K by 11264K to 128512K
[2020-08-10T13:07:48.456+0300][1408.000s][info ][gc] GC(45984) Pause Full (Ergonomics) 115M->114M(128M) 317.192ms
[2020-08-10T13:07:48.489+0300][1408.033s][info ][gc] GC(45985) Pause Young (Allocation Failure) 115M->115M(128M) 32.192ms
[2020-08-10T13:07:48.507+0300][1408.050s][info ][gc] GC(45986) Pause Young (Allocation Failure) 116M->116M(128M) 17.287ms
[2020-08-10T13:07:48.524+0300][1408.068s][info ][gc] GC(45987) Pause Young (Allocation Failure) 117M->117M(128M) 17.072ms
[2020-08-10T13:07:48.542+0300][1408.086s][info ][gc] GC(45988) Pause Young (Allocation Failure) 118M->118M(128M) 17.492ms
[2020-08-10T13:07:48.560+0300][1408.104s][info ][gc] GC(45989) Pause Young (Allocation Failure) 119M->119M(128M) 17.520ms
[2020-08-10T13:07:48.583+0300][1408.127s][info ][gc] GC(45990) Pause Young (Allocation Failure) 120M->120M(128M) 22.542ms
[2020-08-10T13:07:48.601+0300][1408.145s][info ][gc] GC(45991) Pause Young (Allocation Failure) 121M->121M(128M) 17.675ms
[2020-08-10T13:07:48.619+0300][1408.163s][info ][gc] GC(45992) Pause Young (Allocation Failure) 122M->122M(128M) 17.692ms
[2020-08-10T13:07:48.637+0300][1408.181s][info ][gc] GC(45993) Pause Young (Allocation Failure) 123M->123M(128M) 17.638ms
[2020-08-10T13:07:48.655+0300][1408.199s][info ][gc] GC(45994) Pause Young (Allocation Failure) 124M->124M(128M) 17.730ms
[2020-08-10T13:07:48.674+0300][1408.217s][info ][gc] GC(45995) Pause Young (Allocation Failure) 125M->125M(128M) 17.765ms
[2020-08-10T13:07:48.994+0300][1408.537s][debug][gc] GC(45996) Expanding ParOldGen from 128512K by 11264K to 139776K
[2020-08-10T13:07:48.994+0300][1408.538s][info ][gc] GC(45996) Pause Full (Ergonomics) 125M->125M(139M) 320.065ms
[2020-08-10T13:07:49.009+0300][1408.553s][info ][gc] GC(45997) Pause Young (Allocation Failure) 126M->126M(139M) 15.345ms
[2020-08-10T13:07:49.028+0300][1408.572s][info ][gc] GC(45998) Pause Young (Allocation Failure) 127M->127M(139M) 17.815ms
[2020-08-10T13:07:49.046+0300][1408.589s][info ][gc] GC(45999) Pause Young (Allocation Failure) 128M->128M(139M) 17.560ms
[2020-08-10T13:07:49.064+0300][1408.608s][info ][gc] GC(46000) Pause Young (Allocation Failure) 129M->129M(139M) 18.038ms
[2020-08-10T13:07:49.083+0300][1408.626s][info ][gc] GC(46001) Pause Young (Allocation Failure) 130M->130M(139M) 18.034ms
[2020-08-10T13:07:49.101+0300][1408.645s][info ][gc] GC(46002) Pause Young (Allocation Failure) 131M->131M(139M) 17.746ms
[2020-08-10T13:07:49.119+0300][1408.663s][info ][gc] GC(46003) Pause Young (Allocation Failure) 132M->132M(139M) 18.184ms
[2020-08-10T13:07:49.138+0300][1408.682s][info ][gc] GC(46004) Pause Young (Allocation Failure) 133M->132M(139M) 18.042ms
[2020-08-10T13:07:49.156+0300][1408.700s][info ][gc] GC(46005) Pause Young (Allocation Failure) 133M->133M(139M) 17.946ms
[2020-08-10T13:07:49.175+0300][1408.719s][info ][gc] GC(46006) Pause Young (Allocation Failure) 134M->134M(139M) 18.094ms
[2020-08-10T13:07:49.175+0300][1408.719s][debug][gc] Expanding ParOldGen from 139776K by 19968K to 159744K
[2020-08-10T13:07:49.201+0300][1408.745s][info ][gc] GC(46007) Pause Young (Allocation Failure) 154M->154M(158M) 18.043ms
[2020-08-10T13:07:49.217+0300][1408.761s][info ][gc] GC(46008) Pause Young (Allocation Failure) 155M->155M(158M) 15.197ms
[2020-08-10T13:07:49.231+0300][1408.774s][info ][gc] GC(46009) Pause Young (Allocation Failure) 156M->156M(158M) 13.390ms
[2020-08-10T13:07:49.262+0300][1408.805s][debug][gc] GC(46010) Shrinking ParOldGen from 159744K by 124416K to 35328K
[2020-08-10T13:07:49.262+0300][1408.805s][info ][gc] GC(46010) Pause Full (Ergonomics) 156M->23M(37M) 30.859ms
[2020-08-10T13:07:49.275+0300][1408.819s][info ][gc] GC(46011) Pause Young (Allocation Failure) 24M->24M(37M) 12.808ms
[2020-08-10T13:07:49.289+0300][1408.832s][info ][gc] GC(46012) Pause Young (Allocation Failure) 25M->24M(37M) 13.218ms
[2020-08-10T13:07:49.302+0300][1408.846s][info ][gc] GC(46013) Pause Young (Allocation Failure) 25M->25M(37M) 13.258ms
[2020-08-10T13:07:49.316+0300][1408.860s][info ][gc] GC(46014) Pause Young (Allocation Failure) 26M->26M(37M) 13.561ms
[2020-08-10T13:07:49.330+0300][1408.874s][info ][gc] GC(46015) Pause Young (Allocation Failure) 27M->27M(37M) 13.313ms
[2020-08-10T13:07:49.344+0300][1408.888s][info ][gc] GC(46016) Pause Young (Allocation Failure) 28M->28M(37M) 13.456ms
[2020-08-10T13:07:49.358+0300][1408.902s][info ][gc] GC(46017) Pause Young (Allocation Failure) 29M->29M(37M) 13.370ms
[2020-08-10T13:07:49.372+0300][1408.916s][info ][gc] GC(46018) Pause Young (Allocation Failure) 30M->30M(37M) 13.417ms
[2020-08-10T13:07:49.386+0300][1408.930s][info ][gc] GC(46019) Pause Young (Allocation Failure) 31M->31M(37M) 13.533ms
[2020-08-10T13:07:49.400+0300][1408.944s][info ][gc] GC(46020) Pause Young (Allocation Failure) 32M->32M(37M) 13.464ms
[2020-08-10T13:07:49.414+0300][1408.958s][info ][gc] GC(46021) Pause Young (Allocation Failure) 33M->33M(37M) 13.391ms
[2020-08-10T13:07:49.428+0300][1408.972s][info ][gc] GC(46022) Pause Young (Allocation Failure) 34M->34M(37M) 13.217ms
[2020-08-10T13:07:49.486+0300][1409.029s][debug][gc] GC(46023) Expanding ParOldGen from 35328K by 11264K to 46592K
[2020-08-10T13:07:49.486+0300][1409.030s][info ][gc] GC(46023) Pause Full (Ergonomics) 34M->34M(48M) 57.845ms
[2020-08-10T13:07:49.499+0300][1409.043s][info ][gc] GC(46024) Pause Young (Allocation Failure) 35M->35M(48M) 12.913ms
[2020-08-10T13:07:49.513+0300][1409.057s][info ][gc] GC(46025) Pause Young (Allocation Failure) 36M->36M(48M) 13.478ms
[2020-08-10T13:07:49.527+0300][1409.071s][info ][gc] GC(46026) Pause Young (Allocation Failure) 37M->37M(47M) 13.743ms
[2020-08-10T13:07:49.541+0300][1409.085s][info ][gc] GC(46027) Pause Young (Allocation Failure) 38M->38M(47M) 13.308ms
[2020-08-10T13:07:49.555+0300][1409.099s][info ][gc] GC(46028) Pause Young (Allocation Failure) 39M->39M(47M) 13.344ms
[2020-08-10T13:07:49.569+0300][1409.113s][info ][gc] GC(46029) Pause Young (Allocation Failure) 40M->40M(48M) 13.280ms
[2020-08-10T13:07:49.583+0300][1409.127s][info ][gc] GC(46030) Pause Young (Allocation Failure) 41M->41M(48M) 13.512ms
[2020-08-10T13:07:49.597+0300][1409.140s][info ][gc] GC(46031) Pause Young (Allocation Failure) 42M->42M(48M) 13.405ms
[2020-08-10T13:07:49.610+0300][1409.154s][info ][gc] GC(46032) Pause Young (Allocation Failure) 43M->42M(48M) 13.363ms
[2020-08-10T13:07:49.624+0300][1409.168s][info ][gc] GC(46033) Pause Young (Allocation Failure) 43M->43M(48M) 13.471ms
[2020-08-10T13:07:49.638+0300][1409.182s][info ][gc] GC(46034) Pause Young (Allocation Failure) 44M->44M(48M) 13.434ms
[2020-08-10T13:07:49.652+0300][1409.196s][info ][gc] GC(46035) Pause Young (Allocation Failure) 45M->45M(48M) 13.400ms
[2020-08-10T13:07:49.745+0300][1409.289s][debug][gc] GC(46036) Expanding ParOldGen from 46592K by 11264K to 57856K
[2020-08-10T13:07:49.745+0300][1409.289s][info ][gc] GC(46036) Pause Full (Ergonomics) 45M->45M(59M) 92.310ms
[2020-08-10T13:07:49.765+0300][1409.309s][info ][gc] GC(46037) Pause Young (Allocation Failure) 46M->46M(59M) 20.157ms
[2020-08-10T13:07:49.779+0300][1409.323s][info ][gc] GC(46038) Pause Young (Allocation Failure) 47M->47M(59M) 13.427ms
[2020-08-10T13:07:49.793+0300][1409.337s][info ][gc] GC(46039) Pause Young (Allocation Failure) 48M->48M(59M) 13.663ms
[2020-08-10T13:07:49.808+0300][1409.351s][info ][gc] GC(46040) Pause Young (Allocation Failure) 49M->49M(59M) 13.500ms
[2020-08-10T13:07:49.822+0300][1409.365s][info ][gc] GC(46041) Pause Young (Allocation Failure) 50M->50M(59M) 13.448ms
[2020-08-10T13:07:49.835+0300][1409.379s][info ][gc] GC(46042) Pause Young (Allocation Failure) 51M->51M(59M) 13.468ms
[2020-08-10T13:07:49.850+0300][1409.393s][info ][gc] GC(46043) Pause Young (Allocation Failure) 52M->52M(59M) 13.497ms
[2020-08-10T13:07:49.864+0300][1409.408s][info ][gc] GC(46044) Pause Young (Allocation Failure) 53M->53M(59M) 13.707ms
[2020-08-10T13:07:49.878+0300][1409.422s][info ][gc] GC(46045) Pause Young (Allocation Failure) 54M->54M(59M) 13.620ms
[2020-08-10T13:07:49.892+0300][1409.436s][info ][gc] GC(46046) Pause Young (Allocation Failure) 55M->55M(59M) 13.550ms
[2020-08-10T13:07:49.906+0300][1409.450s][info ][gc] GC(46047) Pause Young (Allocation Failure) 56M->56M(59M) 13.689ms
[2020-08-10T13:07:49.920+0300][1409.464s][info ][gc] GC(46048) Pause Young (Allocation Failure) 57M->57M(59M) 13.731ms
[2020-08-10T13:07:50.040+0300][1409.584s][debug][gc] GC(46049) Expanding ParOldGen from 57856K by 11264K to 69120K
[2020-08-10T13:07:50.040+0300][1409.584s][info ][gc] GC(46049) Pause Full (Ergonomics) 57M->56M(70M) 119.558ms
[2020-08-10T13:07:50.066+0300][1409.609s][info ][gc] GC(46050) Pause Young (Allocation Failure) 57M->57M(70M) 24.877ms
[2020-08-10T13:07:50.080+0300][1409.624s][info ][gc] GC(46051) Pause Young (Allocation Failure) 58M->58M(70M) 13.692ms
[2020-08-10T13:07:50.094+0300][1409.638s][info ][gc] GC(46052) Pause Young (Allocation Failure) 59M->59M(70M) 13.685ms
[2020-08-10T13:07:50.108+0300][1409.652s][info ][gc] GC(46053) Pause Young (Allocation Failure) 60M->60M(70M) 13.748ms
[2020-08-10T13:07:50.123+0300][1409.666s][info ][gc] GC(46054) Pause Young (Allocation Failure) 61M->61M(70M) 13.665ms
[2020-08-10T13:07:50.137+0300][1409.680s][info ][gc] GC(46055) Pause Young (Allocation Failure) 62M->62M(70M) 13.591ms
[2020-08-10T13:07:50.151+0300][1409.695s][info ][gc] GC(46056) Pause Young (Allocation Failure) 63M->63M(70M) 13.628ms
[2020-08-10T13:07:50.165+0300][1409.709s][info ][gc] GC(46057) Pause Young (Allocation Failure) 64M->64M(70M) 13.574ms
[2020-08-10T13:07:50.179+0300][1409.723s][info ][gc] GC(46058) Pause Young (Allocation Failure) 65M->65M(70M) 13.584ms
[2020-08-10T13:07:50.193+0300][1409.737s][info ][gc] GC(46059) Pause Young (Allocation Failure) 66M->66M(70M) 13.485ms
[2020-08-10T13:07:50.207+0300][1409.751s][info ][gc] GC(46060) Pause Young (Allocation Failure) 67M->67M(70M) 13.632ms
[2020-08-10T13:07:50.358+0300][1409.902s][debug][gc] GC(46061) Expanding ParOldGen from 69120K by 11264K to 80384K
[2020-08-10T13:07:50.358+0300][1409.902s][info ][gc] GC(46061) Pause Full (Ergonomics) 67M->67M(81M) 150.550ms
[2020-08-10T13:07:50.371+0300][1409.915s][info ][gc] GC(46062) Pause Young (Allocation Failure) 68M->68M(81M) 13.018ms
[2020-08-10T13:07:50.385+0300][1409.929s][info ][gc] GC(46063) Pause Young (Allocation Failure) 69M->69M(81M) 13.495ms
[2020-08-10T13:07:50.399+0300][1409.943s][info ][gc] GC(46064) Pause Young (Allocation Failure) 70M->70M(81M) 13.582ms
[2020-08-10T13:07:50.414+0300][1409.957s][info ][gc] GC(46065) Pause Young (Allocation Failure) 71M->71M(81M) 13.593ms
[2020-08-10T13:07:50.428+0300][1409.972s][info ][gc] GC(46066) Pause Young (Allocation Failure) 72M->72M(80M) 13.926ms
[2020-08-10T13:07:50.442+0300][1409.986s][info ][gc] GC(46067) Pause Young (Allocation Failure) 73M->73M(80M) 13.716ms
[2020-08-10T13:07:50.456+0300][1410.000s][info ][gc] GC(46068) Pause Young (Allocation Failure) 74M->73M(80M) 13.670ms
[2020-08-10T13:07:50.470+0300][1410.014s][info ][gc] GC(46069) Pause Young (Allocation Failure) 74M->74M(81M) 13.486ms
[2020-08-10T13:07:50.485+0300][1410.028s][info ][gc] GC(46070) Pause Young (Allocation Failure) 75M->75M(81M) 13.673ms
[2020-08-10T13:07:50.499+0300][1410.043s][info ][gc] GC(46071) Pause Young (Allocation Failure) 76M->76M(81M) 13.707ms
[2020-08-10T13:07:50.513+0300][1410.057s][info ][gc] GC(46072) Pause Young (Allocation Failure) 77M->77M(81M) 13.539ms
[2020-08-10T13:07:50.527+0300][1410.071s][info ][gc] GC(46073) Pause Young (Allocation Failure) 78M->78M(81M) 13.680ms
[2020-08-10T13:07:50.747+0300][1410.291s][debug][gc] GC(46074) Expanding ParOldGen from 80384K by 11264K to 91648K
[2020-08-10T13:07:50.747+0300][1410.291s][info ][gc] GC(46074) Pause Full (Ergonomics) 78M->78M(92M) 219.954ms
[2020-08-10T13:07:50.778+0300][1410.322s][info ][gc] GC(46075) Pause Young (Allocation Failure) 79M->79M(92M) 30.095ms
[2020-08-10T13:07:50.792+0300][1410.336s][info ][gc] GC(46076) Pause Young (Allocation Failure) 80M->80M(92M) 13.832ms
[2020-08-10T13:07:50.807+0300][1410.350s][info ][gc] GC(46077) Pause Young (Allocation Failure) 81M->81M(92M) 13.774ms
[2020-08-10T13:07:50.821+0300][1410.365s][info ][gc] GC(46078) Pause Young (Allocation Failure) 82M->82M(92M) 13.916ms
[2020-08-10T13:07:50.836+0300][1410.379s][info ][gc] GC(46079) Pause Young (Allocation Failure) 83M->83M(92M) 14.128ms
[2020-08-10T13:07:50.850+0300][1410.394s][info ][gc] GC(46080) Pause Young (Allocation Failure) 84M->84M(92M) 14.077ms
[2020-08-10T13:07:50.865+0300][1410.409s][info ][gc] GC(46081) Pause Young (Allocation Failure) 85M->85M(92M) 14.103ms
[2020-08-10T13:07:50.880+0300][1410.424s][info ][gc] GC(46082) Pause Young (Allocation Failure) 86M->86M(92M) 14.488ms
[2020-08-10T13:07:50.895+0300][1410.438s][info ][gc] GC(46083) Pause Young (Allocation Failure) 87M->87M(92M) 14.221ms
[2020-08-10T13:07:50.910+0300][1410.453s][info ][gc] GC(46084) Pause Young (Allocation Failure) 88M->88M(92M) 14.446ms
[2020-08-10T13:07:50.925+0300][1410.468s][info ][gc] GC(46085) Pause Young (Allocation Failure) 89M->89M(92M) 14.400ms
[2020-08-10T13:07:50.940+0300][1410.483s][info ][gc] GC(46086) Pause Young (Allocation Failure) 90M->90M(92M) 14.427ms
[2020-08-10T13:07:51.148+0300][1410.692s][debug][gc] GC(46087) Expanding ParOldGen from 91648K by 11776K to 103424K
[2020-08-10T13:07:51.148+0300][1410.692s][info ][gc] GC(46087) Pause Full (Ergonomics) 90M->89M(103M) 207.997ms
[2020-08-10T13:07:51.181+0300][1410.725s][info ][gc] GC(46088) Pause Young (Allocation Failure) 90M->90M(103M) 32.416ms
[2020-08-10T13:07:51.196+0300][1410.740s][info ][gc] GC(46089) Pause Young (Allocation Failure) 91M->91M(103M) 14.757ms
[2020-08-10T13:07:51.211+0300][1410.755s][info ][gc] GC(46090) Pause Young (Allocation Failure) 92M->92M(103M) 14.794ms
[2020-08-10T13:07:51.227+0300][1410.771s][info ][gc] GC(46091) Pause Young (Allocation Failure) 93M->93M(103M) 14.985ms
[2020-08-10T13:07:51.242+0300][1410.786s][info ][gc] GC(46092) Pause Young (Allocation Failure) 94M->94M(103M) 14.889ms
[2020-08-10T13:07:51.258+0300][1410.801s][info ][gc] GC(46093) Pause Young (Allocation Failure) 95M->95M(103M) 14.962ms
[2020-08-10T13:07:51.273+0300][1410.817s][info ][gc] GC(46094) Pause Young (Allocation Failure) 96M->96M(103M) 15.071ms
[2020-08-10T13:07:51.289+0300][1410.833s][info ][gc] GC(46095) Pause Young (Allocation Failure) 97M->97M(103M) 15.229ms
[2020-08-10T13:07:51.305+0300][1410.849s][info ][gc] GC(46096) Pause Young (Allocation Failure) 98M->98M(103M) 15.438ms
[2020-08-10T13:07:51.321+0300][1410.865s][info ][gc] GC(46097) Pause Young (Allocation Failure) 99M->99M(103M) 15.527ms
[2020-08-10T13:07:51.337+0300][1410.881s][info ][gc] GC(46098) Pause Young (Allocation Failure) 100M->100M(103M) 15.763ms
[2020-08-10T13:07:51.353+0300][1410.897s][info ][gc] GC(46099) Pause Young (Allocation Failure) 101M->101M(103M) 15.530ms
[2020-08-10T13:07:51.594+0300][1411.138s][debug][gc] GC(46100) Expanding ParOldGen from 103424K by 11264K to 114688K
[2020-08-10T13:07:51.594+0300][1411.138s][info ][gc] GC(46100) Pause Full (Ergonomics) 101M->101M(114M) 240.542ms
[2020-08-10T13:07:51.630+0300][1411.173s][info ][gc] GC(46101) Pause Young (Allocation Failure) 102M->102M(114M) 35.020ms
[2020-08-10T13:07:51.646+0300][1411.190s][info ][gc] GC(46102) Pause Young (Allocation Failure) 103M->103M(114M) 15.831ms
[2020-08-10T13:07:51.662+0300][1411.206s][info ][gc] GC(46103) Pause Young (Allocation Failure) 104M->104M(114M) 15.584ms
[2020-08-10T13:07:51.679+0300][1411.223s][info ][gc] GC(46104) Pause Young (Allocation Failure) 105M->105M(114M) 15.958ms
[2020-08-10T13:07:51.695+0300][1411.239s][info ][gc] GC(46105) Pause Young (Allocation Failure) 106M->105M(114M) 15.857ms
[2020-08-10T13:07:51.712+0300][1411.256s][info ][gc] GC(46106) Pause Young (Allocation Failure) 106M->106M(114M) 16.186ms
[2020-08-10T13:07:51.728+0300][1411.272s][info ][gc] GC(46107) Pause Young (Allocation Failure) 107M->107M(114M) 16.002ms
[2020-08-10T13:07:51.745+0300][1411.289s][info ][gc] GC(46108) Pause Young (Allocation Failure) 108M->108M(114M) 16.149ms
[2020-08-10T13:07:51.762+0300][1411.306s][info ][gc] GC(46109) Pause Young (Allocation Failure) 109M->109M(114M) 16.728ms
[2020-08-10T13:07:51.779+0300][1411.323s][info ][gc] GC(46110) Pause Young (Allocation Failure) 110M->110M(114M) 16.271ms
[2020-08-10T13:07:51.796+0300][1411.340s][info ][gc] GC(46111) Pause Young (Allocation Failure) 111M->111M(114M) 16.401ms
[2020-08-10T13:07:51.813+0300][1411.357s][info ][gc] GC(46112) Pause Young (Allocation Failure) 112M->112M(114M) 16.128ms
[2020-08-10T13:07:52.098+0300][1411.642s][debug][gc] GC(46113) Expanding ParOldGen from 114688K by 11264K to 125952K
[2020-08-10T13:07:52.098+0300][1411.642s][info ][gc] GC(46113) Pause Full (Ergonomics) 112M->112M(125M) 285.460ms
[2020-08-10T13:07:52.133+0300][1411.677s][info ][gc] GC(46114) Pause Young (Allocation Failure) 113M->113M(125M) 34.554ms
[2020-08-10T13:07:52.165+0300][1411.709s][info ][gc] GC(46115) Pause Young (Allocation Failure) 114M->114M(125M) 30.834ms
[2020-08-10T13:07:52.183+0300][1411.727s][info ][gc] GC(46116) Pause Young (Allocation Failure) 115M->115M(125M) 17.367ms
[2020-08-10T13:07:52.201+0300][1411.745s][info ][gc] GC(46117) Pause Young (Allocation Failure) 116M->116M(125M) 17.723ms
[2020-08-10T13:07:52.219+0300][1411.763s][info ][gc] GC(46118) Pause Young (Allocation Failure) 117M->117M(125M) 17.292ms
[2020-08-10T13:07:52.237+0300][1411.781s][info ][gc] GC(46119) Pause Young (Allocation Failure) 118M->118M(125M) 17.503ms
[2020-08-10T13:07:52.255+0300][1411.799s][info ][gc] GC(46120) Pause Young (Allocation Failure) 119M->119M(125M) 17.618ms
[2020-08-10T13:07:52.273+0300][1411.817s][info ][gc] GC(46121) Pause Young (Allocation Failure) 120M->120M(125M) 17.474ms
[2020-08-10T13:07:52.291+0300][1411.835s][info ][gc] GC(46122) Pause Young (Allocation Failure) 121M->121M(125M) 17.729ms
[2020-08-10T13:07:52.309+0300][1411.853s][info ][gc] GC(46123) Pause Young (Allocation Failure) 122M->122M(125M) 17.557ms
[2020-08-10T13:07:52.327+0300][1411.871s][info ][gc] GC(46124) Pause Young (Allocation Failure) 123M->123M(125M) 17.640ms
[2020-08-10T13:07:52.643+0300][1412.187s][debug][gc] GC(46125) Expanding ParOldGen from 125952K by 11264K to 137216K
[2020-08-10T13:07:52.643+0300][1412.187s][info ][gc] GC(46125) Pause Full (Ergonomics) 123M->122M(136M) 315.590ms
[2020-08-10T13:07:52.658+0300][1412.202s][info ][gc] GC(46126) Pause Young (Allocation Failure) 123M->123M(136M) 14.581ms
[2020-08-10T13:07:52.676+0300][1412.220s][info ][gc] GC(46127) Pause Young (Allocation Failure) 124M->124M(136M) 17.236ms
[2020-08-10T13:07:52.694+0300][1412.238s][info ][gc] GC(46128) Pause Young (Allocation Failure) 125M->125M(136M) 17.285ms
[2020-08-10T13:07:52.712+0300][1412.255s][info ][gc] GC(46129) Pause Young (Allocation Failure) 126M->126M(136M) 17.227ms
[2020-08-10T13:07:52.729+0300][1412.273s][info ][gc] GC(46130) Pause Young (Allocation Failure) 127M->127M(136M) 17.568ms
[2020-08-10T13:07:52.747+0300][1412.291s][info ][gc] GC(46131) Pause Young (Allocation Failure) 128M->128M(136M) 17.618ms
[2020-08-10T13:07:52.766+0300][1412.310s][info ][gc] GC(46132) Pause Young (Allocation Failure) 129M->129M(136M) 17.986ms
[2020-08-10T13:07:52.784+0300][1412.328s][info ][gc] GC(46133) Pause Young (Allocation Failure) 130M->130M(136M) 17.795ms
[2020-08-10T13:07:52.802+0300][1412.346s][info ][gc] GC(46134) Pause Young (Allocation Failure) 131M->131M(136M) 17.788ms
[2020-08-10T13:07:52.821+0300][1412.365s][info ][gc] GC(46135) Pause Young (Allocation Failure) 132M->132M(136M) 17.938ms
[2020-08-10T13:07:52.839+0300][1412.383s][info ][gc] GC(46136) Pause Young (Allocation Failure) 133M->133M(136M) 17.956ms
[2020-08-10T13:07:52.857+0300][1412.401s][info ][gc] GC(46137) Pause Young (Allocation Failure) 134M->134M(136M) 17.970ms
[2020-08-10T13:07:53.202+0300][1412.746s][debug][gc] GC(46138) Expanding ParOldGen from 137216K by 11264K to 148480K
[2020-08-10T13:07:53.202+0300][1412.746s][info ][gc] GC(46138) Pause Full (Ergonomics) 134M->134M(147M) 344.621ms
[2020-08-10T13:07:53.239+0300][1412.783s][info ][gc] GC(46139) Pause Young (Allocation Failure) 135M->135M(147M) 36.739ms
[2020-08-10T13:07:53.240+0300][1412.784s][debug][gc] Expanding ParOldGen from 148480K by 19968K to 168448K
[2020-08-10T13:07:53.265+0300][1412.809s][info ][gc] GC(46140) Pause Young (Allocation Failure) 155M->155M(167M) 17.098ms
[2020-08-10T13:07:53.279+0300][1412.823s][info ][gc] GC(46141) Pause Young (Allocation Failure) 156M->156M(167M) 14.420ms
[2020-08-10T13:07:53.294+0300][1412.838s][info ][gc] GC(46142) Pause Young (Allocation Failure) 157M->157M(167M) 14.480ms
[2020-08-10T13:07:53.309+0300][1412.853s][info ][gc] GC(46143) Pause Young (Allocation Failure) 158M->157M(167M) 14.008ms
[2020-08-10T13:07:53.323+0300][1412.867s][info ][gc] GC(46144) Pause Young (Allocation Failure) 158M->158M(167M) 13.996ms
[2020-08-10T13:07:53.337+0300][1412.881s][info ][gc] GC(46145) Pause Young (Allocation Failure) 159M->159M(167M) 13.932ms
[2020-08-10T13:07:53.352+0300][1412.896s][info ][gc] GC(46146) Pause Young (Allocation Failure) 160M->160M(167M) 13.755ms
[2020-08-10T13:07:53.366+0300][1412.910s][info ][gc] GC(46147) Pause Young (Allocation Failure) 161M->161M(167M) 13.708ms
[2020-08-10T13:07:53.380+0300][1412.924s][info ][gc] GC(46148) Pause Young (Allocation Failure) 162M->162M(167M) 13.941ms
[2020-08-10T13:07:53.394+0300][1412.938s][info ][gc] GC(46149) Pause Young (Allocation Failure) 163M->163M(167M) 13.732ms
[2020-08-10T13:07:53.408+0300][1412.952s][info ][gc] GC(46150) Pause Young (Allocation Failure) 164M->164M(167M) 13.804ms
[2020-08-10T13:07:53.516+0300][1413.060s][debug][gc] GC(46151) Shrinking ParOldGen from 168448K by 124928K to 43520K
[2020-08-10T13:07:53.516+0300][1413.060s][info ][gc] GC(46151) Pause Full (Ergonomics) 164M->30M(45M) 107.407ms
[2020-08-10T13:07:53.542+0300][1413.086s][info ][gc] GC(46152) Pause Young (Allocation Failure) 31M->31M(45M) 25.851ms
[2020-08-10T13:07:53.561+0300][1413.105s][info ][gc] GC(46153) Pause Young (Allocation Failure) 32M->32M(45M) 18.484ms
[2020-08-10T13:07:53.576+0300][1413.120s][info ][gc] GC(46154) Pause Young (Allocation Failure) 33M->33M(45M) 13.761ms
[2020-08-10T13:07:53.590+0300][1413.134s][info ][gc] GC(46155) Pause Young (Allocation Failure) 34M->34M(45M) 13.617ms
[2020-08-10T13:07:53.604+0300][1413.148s][info ][gc] GC(46156) Pause Young (Allocation Failure) 35M->35M(45M) 13.520ms
[2020-08-10T13:07:53.618+0300][1413.162s][info ][gc] GC(46157) Pause Young (Allocation Failure) 36M->36M(45M) 13.400ms
[2020-08-10T13:07:53.632+0300][1413.176s][info ][gc] GC(46158) Pause Young (Allocation Failure) 37M->37M(45M) 13.432ms
[2020-08-10T13:07:53.646+0300][1413.190s][info ][gc] GC(46159) Pause Young (Allocation Failure) 38M->38M(45M) 13.362ms
[2020-08-10T13:07:53.659+0300][1413.203s][info ][gc] GC(46160) Pause Young (Allocation Failure) 39M->39M(45M) 13.374ms
[2020-08-10T13:07:53.673+0300][1413.217s][info ][gc] GC(46161) Pause Young (Allocation Failure) 40M->40M(45M) 13.460ms
[2020-08-10T13:07:53.687+0300][1413.231s][info ][gc] GC(46162) Pause Young (Allocation Failure) 41M->41M(45M) 13.244ms
[2020-08-10T13:07:53.701+0300][1413.245s][info ][gc] GC(46163) Pause Young (Allocation Failure) 42M->42M(45M) 13.328ms
[2020-08-10T13:07:53.778+0300][1413.322s][debug][gc] GC(46164) Expanding ParOldGen from 43520K by 11264K to 54784K
[2020-08-10T13:07:53.778+0300][1413.322s][info ][gc] GC(46164) Pause Full (Ergonomics) 42M->42M(56M) 77.316ms
[2020-08-10T13:07:53.792+0300][1413.336s][info ][gc] GC(46165) Pause Young (Allocation Failure) 43M->43M(56M) 12.981ms
[2020-08-10T13:07:53.806+0300][1413.350s][info ][gc] GC(46166) Pause Young (Allocation Failure) 44M->44M(56M) 13.375ms
[2020-08-10T13:07:53.820+0300][1413.364s][info ][gc] GC(46167) Pause Young (Allocation Failure) 45M->45M(56M) 13.395ms
[2020-08-10T13:07:53.833+0300][1413.378s][info ][gc] GC(46168) Pause Young (Allocation Failure) 46M->46M(56M) 13.240ms
[2020-08-10T13:07:53.847+0300][1413.391s][info ][gc] GC(46169) Pause Young (Allocation Failure) 47M->47M(55M) 13.509ms
[2020-08-10T13:07:53.861+0300][1413.405s][info ][gc] GC(46170) Pause Young (Allocation Failure) 48M->47M(55M) 13.311ms
[2020-08-10T13:07:53.887+0300][1413.431s][info ][gc] GC(46171) Pause Young (Allocation Failure) 48M->48M(55M) 25.044ms
[2020-08-10T13:07:53.900+0300][1413.444s][info ][gc] GC(46172) Pause Young (Allocation Failure) 49M->49M(56M) 13.004ms
[2020-08-10T13:07:53.914+0300][1413.458s][info ][gc] GC(46173) Pause Young (Allocation Failure) 50M->50M(56M) 13.310ms
[2020-08-10T13:07:53.928+0300][1413.472s][info ][gc] GC(46174) Pause Young (Allocation Failure) 51M->51M(56M) 13.284ms
[2020-08-10T13:07:53.942+0300][1413.486s][info ][gc] GC(46175) Pause Young (Allocation Failure) 52M->52M(56M) 13.170ms
[2020-08-10T13:07:53.955+0300][1413.499s][info ][gc] GC(46176) Pause Young (Allocation Failure) 53M->53M(56M) 13.162ms
[2020-08-10T13:07:54.074+0300][1413.618s][debug][gc] GC(46177) Expanding ParOldGen from 54784K by 11264K to 66048K
[2020-08-10T13:07:54.074+0300][1413.618s][info ][gc] GC(46177) Pause Full (Ergonomics) 53M->53M(67M) 118.387ms
[2020-08-10T13:07:54.095+0300][1413.640s][info ][gc] GC(46178) Pause Young (Allocation Failure) 54M->54M(67M) 21.290ms
[2020-08-10T13:07:54.110+0300][1413.654s][info ][gc] GC(46179) Pause Young (Allocation Failure) 55M->55M(67M) 13.690ms
[2020-08-10T13:07:54.124+0300][1413.668s][info ][gc] GC(46180) Pause Young (Allocation Failure) 56M->56M(67M) 13.544ms
[2020-08-10T13:07:54.138+0300][1413.682s][info ][gc] GC(46181) Pause Young (Allocation Failure) 57M->57M(67M) 13.656ms
[2020-08-10T13:07:54.152+0300][1413.696s][info ][gc] GC(46182) Pause Young (Allocation Failure) 58M->58M(67M) 13.461ms
[2020-08-10T13:07:54.165+0300][1413.710s][info ][gc] GC(46183) Pause Young (Allocation Failure) 59M->59M(67M) 13.510ms
[2020-08-10T13:07:54.179+0300][1413.723s][info ][gc] GC(46184) Pause Young (Allocation Failure) 60M->60M(67M) 13.496ms
[2020-08-10T13:07:54.193+0300][1413.737s][info ][gc] GC(46185) Pause Young (Allocation Failure) 61M->61M(67M) 13.556ms
[2020-08-10T13:07:54.207+0300][1413.752s][info ][gc] GC(46186) Pause Young (Allocation Failure) 62M->62M(67M) 13.699ms
[2020-08-10T13:07:54.222+0300][1413.766s][info ][gc] GC(46187) Pause Young (Allocation Failure) 63M->63M(67M) 13.746ms
[2020-08-10T13:07:54.236+0300][1413.780s][info ][gc] GC(46188) Pause Young (Allocation Failure) 64M->64M(67M) 13.689ms
[2020-08-10T13:07:54.250+0300][1413.794s][info ][gc] GC(46189) Pause Young (Allocation Failure) 65M->64M(67M) 13.742ms
[2020-08-10T13:07:54.390+0300][1413.934s][debug][gc] GC(46190) Expanding ParOldGen from 66048K by 11776K to 77824K
[2020-08-10T13:07:54.390+0300][1413.934s][info ][gc] GC(46190) Pause Full (Ergonomics) 64M->64M(78M) 139.396ms
[2020-08-10T13:07:54.417+0300][1413.961s][info ][gc] GC(46191) Pause Young (Allocation Failure) 65M->65M(78M) 26.236ms
[2020-08-10T13:07:54.431+0300][1413.975s][info ][gc] GC(46192) Pause Young (Allocation Failure) 66M->66M(78M) 13.772ms
[2020-08-10T13:07:54.445+0300][1413.989s][info ][gc] GC(46193) Pause Young (Allocation Failure) 67M->67M(78M) 13.736ms
[2020-08-10T13:07:54.459+0300][1414.003s][info ][gc] GC(46194) Pause Young (Allocation Failure) 68M->68M(78M) 13.613ms
[2020-08-10T13:07:54.473+0300][1414.018s][info ][gc] GC(46195) Pause Young (Allocation Failure) 69M->69M(78M) 13.638ms
[2020-08-10T13:07:54.488+0300][1414.032s][info ][gc] GC(46196) Pause Young (Allocation Failure) 70M->70M(78M) 13.700ms
[2020-08-10T13:07:54.502+0300][1414.046s][info ][gc] GC(46197) Pause Young (Allocation Failure) 71M->71M(78M) 13.733ms
[2020-08-10T13:07:54.516+0300][1414.060s][info ][gc] GC(46198) Pause Young (Allocation Failure) 72M->72M(78M) 13.711ms
[2020-08-10T13:07:54.530+0300][1414.074s][info ][gc] GC(46199) Pause Young (Allocation Failure) 73M->73M(78M) 13.614ms
[2020-08-10T13:07:54.545+0300][1414.089s][info ][gc] GC(46200) Pause Young (Allocation Failure) 74M->74M(78M) 13.583ms
[2020-08-10T13:07:54.559+0300][1414.103s][info ][gc] GC(46201) Pause Young (Allocation Failure) 75M->75M(78M) 13.727ms
[2020-08-10T13:07:54.576+0300][1414.120s][info ][gc] GC(46202) Pause Young (Allocation Failure) 76M->76M(78M) 16.515ms
[2020-08-10T13:07:54.754+0300][1414.298s][debug][gc] GC(46203) Expanding ParOldGen from 77824K by 11264K to 89088K
[2020-08-10T13:07:54.754+0300][1414.298s][info ][gc] GC(46203) Pause Full (Ergonomics) 76M->76M(89M) 177.788ms
[2020-08-10T13:07:54.784+0300][1414.328s][info ][gc] GC(46204) Pause Young (Allocation Failure) 77M->77M(89M) 29.433ms
[2020-08-10T13:07:54.814+0300][1414.359s][info ][gc] GC(46205) Pause Young (Allocation Failure) 78M->78M(89M) 29.970ms
[2020-08-10T13:07:54.829+0300][1414.373s][info ][gc] GC(46206) Pause Young (Allocation Failure) 79M->78M(89M) 14.159ms
[2020-08-10T13:07:54.844+0300][1414.388s][info ][gc] GC(46207) Pause Young (Allocation Failure) 79M->79M(89M) 14.227ms
[2020-08-10T13:07:54.858+0300][1414.402s][info ][gc] GC(46208) Pause Young (Allocation Failure) 80M->80M(89M) 13.881ms
[2020-08-10T13:07:54.873+0300][1414.417s][info ][gc] GC(46209) Pause Young (Allocation Failure) 81M->81M(89M) 14.358ms
[2020-08-10T13:07:54.887+0300][1414.432s][info ][gc] GC(46210) Pause Young (Allocation Failure) 82M->82M(89M) 13.798ms
[2020-08-10T13:07:54.902+0300][1414.446s][info ][gc] GC(46211) Pause Young (Allocation Failure) 83M->83M(89M) 14.012ms
[2020-08-10T13:07:54.917+0300][1414.461s][info ][gc] GC(46212) Pause Young (Allocation Failure) 84M->84M(89M) 14.086ms
[2020-08-10T13:07:54.931+0300][1414.475s][info ][gc] GC(46213) Pause Young (Allocation Failure) 85M->85M(89M) 14.025ms
[2020-08-10T13:07:54.946+0300][1414.490s][info ][gc] GC(46214) Pause Young (Allocation Failure) 86M->86M(89M) 14.667ms
[2020-08-10T13:07:54.961+0300][1414.505s][info ][gc] GC(46215) Pause Young (Allocation Failure) 87M->87M(89M) 14.334ms
[2020-08-10T13:07:55.163+0300][1414.707s][debug][gc] GC(46216) Expanding ParOldGen from 89088K by 11776K to 100864K
[2020-08-10T13:07:55.163+0300][1414.707s][info ][gc] GC(46216) Pause Full (Ergonomics) 87M->87M(100M) 201.393ms
[2020-08-10T13:07:55.195+0300][1414.739s][info ][gc] GC(46217) Pause Young (Allocation Failure) 88M->88M(100M) 31.658ms
[2020-08-10T13:07:55.210+0300][1414.754s][info ][gc] GC(46218) Pause Young (Allocation Failure) 89M->89M(100M) 14.365ms
[2020-08-10T13:07:55.225+0300][1414.769s][info ][gc] GC(46219) Pause Young (Allocation Failure) 90M->90M(100M) 14.599ms
[2020-08-10T13:07:55.240+0300][1414.784s][info ][gc] GC(46220) Pause Young (Allocation Failure) 91M->91M(100M) 14.551ms
[2020-08-10T13:07:55.256+0300][1414.800s][info ][gc] GC(46221) Pause Young (Allocation Failure) 92M->92M(100M) 14.802ms
[2020-08-10T13:07:55.270+0300][1414.814s][info ][gc] GC(46222) Pause Young (Allocation Failure) 92M->92M(100M) 13.623ms
[2020-08-10T13:07:55.284+0300][1414.828s][info ][gc] GC(46223) Pause Young (Allocation Failure) 93M->93M(100M) 13.435ms
[2020-08-10T13:07:55.297+0300][1414.841s][info ][gc] GC(46224) Pause Young (Allocation Failure) 93M->93M(100M) 13.411ms
[2020-08-10T13:07:55.311+0300][1414.855s][info ][gc] GC(46225) Pause Young (Allocation Failure) 94M->94M(100M) 13.409ms
[2020-08-10T13:07:55.325+0300][1414.869s][info ][gc] GC(46226) Pause Young (Allocation Failure) 94M->94M(100M) 13.352ms
[2020-08-10T13:07:55.339+0300][1414.883s][info ][gc] GC(46227) Pause Young (Allocation Failure) 94M->94M(100M) 13.294ms
[2020-08-10T13:07:55.353+0300][1414.897s][info ][gc] GC(46228) Pause Young (Allocation Failure) 95M->95M(100M) 13.517ms
[2020-08-10T13:07:55.366+0300][1414.910s][info ][gc] GC(46229) Pause Young (Allocation Failure) 95M->95M(100M) 13.263ms
[2020-08-10T13:07:55.380+0300][1414.924s][info ][gc] GC(46230) Pause Young (Allocation Failure) 96M->96M(100M) 13.409ms
[2020-08-10T13:07:55.394+0300][1414.938s][info ][gc] GC(46231) Pause Young (Allocation Failure) 96M->96M(100M) 13.397ms
[2020-08-10T13:07:55.408+0300][1414.952s][info ][gc] GC(46232) Pause Young (Allocation Failure) 97M->97M(100M) 13.389ms
[2020-08-10T13:07:55.422+0300][1414.966s][info ][gc] GC(46233) Pause Young (Allocation Failure) 97M->97M(100M) 13.464ms
[2020-08-10T13:07:55.436+0300][1414.980s][info ][gc] GC(46234) Pause Young (Allocation Failure) 98M->98M(100M) 13.339ms
[2020-08-10T13:07:55.702+0300][1415.246s][debug][gc] GC(46235) Expanding ParOldGen from 100864K by 11264K to 112128K
[2020-08-10T13:07:55.702+0300][1415.247s][info ][gc] GC(46235) Pause Full (Ergonomics) 98M->97M(111M) 266.525ms
[2020-08-10T13:07:55.716+0300][1415.260s][info ][gc] GC(46236) Pause Young (Allocation Failure) 98M->98M(111M) 13.005ms
[2020-08-10T13:07:55.729+0300][1415.273s][info ][gc] GC(46237) Pause Young (Allocation Failure) 98M->98M(111M) 13.098ms
[2020-08-10T13:07:55.743+0300][1415.287s][info ][gc] GC(46238) Pause Young (Allocation Failure) 99M->99M(111M) 13.077ms
[2020-08-10T13:07:55.757+0300][1415.301s][info ][gc] GC(46239) Pause Young (Allocation Failure) 99M->99M(110M) 13.338ms
[2020-08-10T13:07:55.770+0300][1415.314s][info ][gc] GC(46240) Pause Young (Allocation Failure) 100M->100M(111M) 13.012ms
[2020-08-10T13:07:55.784+0300][1415.328s][info ][gc] GC(46241) Pause Young (Allocation Failure) 100M->100M(111M) 13.128ms
[2020-08-10T13:07:55.797+0300][1415.341s][info ][gc] GC(46242) Pause Young (Allocation Failure) 101M->101M(111M) 13.133ms
[2020-08-10T13:07:55.811+0300][1415.355s][info ][gc] GC(46243) Pause Young (Allocation Failure) 101M->101M(111M) 13.040ms
[2020-08-10T13:07:55.824+0300][1415.368s][info ][gc] GC(46244) Pause Young (Allocation Failure) 102M->102M(111M) 13.121ms
[2020-08-10T13:07:55.838+0300][1415.382s][info ][gc] GC(46245) Pause Young (Allocation Failure) 102M->102M(111M) 13.067ms
[2020-08-10T13:07:55.851+0300][1415.395s][info ][gc] GC(46246) Pause Young (Allocation Failure) 103M->102M(111M) 13.145ms
[2020-08-10T13:07:55.865+0300][1415.409s][info ][gc] GC(46247) Pause Young (Allocation Failure) 103M->103M(111M) 13.179ms
[2020-08-10T13:07:55.878+0300][1415.422s][info ][gc] GC(46248) Pause Young (Allocation Failure) 103M->103M(111M) 13.173ms
[2020-08-10T13:07:55.892+0300][1415.436s][info ][gc] GC(46249) Pause Young (Allocation Failure) 104M->104M(111M) 13.077ms
[2020-08-10T13:07:55.905+0300][1415.449s][info ][gc] GC(46250) Pause Young (Allocation Failure) 104M->104M(111M) 13.112ms
[2020-08-10T13:07:55.919+0300][1415.463s][info ][gc] GC(46251) Pause Young (Allocation Failure) 105M->105M(111M) 12.987ms
[2020-08-10T13:07:55.932+0300][1415.476s][info ][gc] GC(46252) Pause Young (Allocation Failure) 105M->105M(111M) 13.168ms
[2020-08-10T13:07:55.946+0300][1415.490s][info ][gc] GC(46253) Pause Young (Allocation Failure) 106M->106M(111M) 13.129ms
[2020-08-10T13:07:55.959+0300][1415.503s][info ][gc] GC(46254) Pause Young (Allocation Failure) 106M->106M(111M) 13.180ms
[2020-08-10T13:07:55.973+0300][1415.517s][info ][gc] GC(46255) Pause Young (Allocation Failure) 107M->107M(111M) 13.147ms
[2020-08-10T13:07:55.986+0300][1415.530s][info ][gc] GC(46256) Pause Young (Allocation Failure) 107M->107M(111M) 12.954ms
[2020-08-10T13:07:56.000+0300][1415.544s][info ][gc] GC(46257) Pause Young (Allocation Failure) 108M->108M(111M) 13.035ms
[2020-08-10T13:07:56.013+0300][1415.557s][info ][gc] GC(46258) Pause Young (Allocation Failure) 108M->108M(111M) 13.033ms
[2020-08-10T13:07:56.026+0300][1415.571s][info ][gc] GC(46259) Pause Young (Allocation Failure) 108M->108M(111M) 13.034ms
[2020-08-10T13:07:56.040+0300][1415.584s][info ][gc] GC(46260) Pause Young (Allocation Failure) 109M->109M(111M) 12.973ms
[2020-08-10T13:07:56.053+0300][1415.597s][info ][gc] GC(46261) Pause Young (Allocation Failure) 109M->109M(111M) 13.105ms
[2020-08-10T13:07:56.324+0300][1415.868s][debug][gc] GC(46262) Expanding ParOldGen from 112128K by 10752K to 122880K
[2020-08-10T13:07:56.324+0300][1415.868s][info ][gc] GC(46262) Pause Full (Ergonomics) 109M->109M(121M) 270.878ms
[2020-08-10T13:07:56.368+0300][1415.912s][info ][gc] GC(46263) Pause Young (Allocation Failure) 110M->110M(121M) 43.258ms
[2020-08-10T13:07:56.382+0300][1415.926s][info ][gc] GC(46264) Pause Young (Allocation Failure) 110M->110M(121M) 13.636ms
[2020-08-10T13:07:56.396+0300][1415.940s][info ][gc] GC(46265) Pause Young (Allocation Failure) 111M->111M(121M) 13.652ms
[2020-08-10T13:07:56.410+0300][1415.954s][info ][gc] GC(46266) Pause Young (Allocation Failure) 111M->111M(121M) 13.728ms
[2020-08-10T13:07:56.425+0300][1415.969s][info ][gc] GC(46267) Pause Young (Allocation Failure) 112M->111M(121M) 13.827ms
[2020-08-10T13:07:56.439+0300][1415.983s][info ][gc] GC(46268) Pause Young (Allocation Failure) 112M->112M(121M) 13.901ms
[2020-08-10T13:07:56.453+0300][1415.998s][info ][gc] GC(46269) Pause Young (Allocation Failure) 112M->112M(121M) 13.837ms
[2020-08-10T13:07:56.468+0300][1416.012s][info ][gc] GC(46270) Pause Young (Allocation Failure) 113M->113M(121M) 13.869ms
[2020-08-10T13:07:56.482+0300][1416.026s][info ][gc] GC(46271) Pause Young (Allocation Failure) 113M->113M(121M) 13.904ms
[2020-08-10T13:07:56.497+0300][1416.041s][info ][gc] GC(46272) Pause Young (Allocation Failure) 114M->114M(121M) 13.966ms
[2020-08-10T13:07:56.511+0300][1416.055s][info ][gc] GC(46273) Pause Young (Allocation Failure) 114M->114M(121M) 13.917ms
[2020-08-10T13:07:56.525+0300][1416.069s][info ][gc] GC(46274) Pause Young (Allocation Failure) 115M->115M(121M) 13.812ms
[2020-08-10T13:07:56.540+0300][1416.084s][info ][gc] GC(46275) Pause Young (Allocation Failure) 115M->115M(121M) 13.789ms
[2020-08-10T13:07:56.554+0300][1416.098s][info ][gc] GC(46276) Pause Young (Allocation Failure) 116M->115M(121M) 14.125ms
[2020-08-10T13:07:56.569+0300][1416.113s][info ][gc] GC(46277) Pause Young (Allocation Failure) 116M->116M(121M) 14.398ms
[2020-08-10T13:07:56.593+0300][1416.137s][info ][gc] GC(46278) Pause Young (Allocation Failure) 116M->116M(121M) 23.923ms
[2020-08-10T13:07:56.608+0300][1416.152s][info ][gc] GC(46279) Pause Young (Allocation Failure) 117M->117M(121M) 14.514ms
[2020-08-10T13:07:56.623+0300][1416.167s][info ][gc] GC(46280) Pause Young (Allocation Failure) 117M->117M(121M) 14.572ms
[2020-08-10T13:07:56.637+0300][1416.182s][info ][gc] GC(46281) Pause Young (Allocation Failure) 118M->118M(121M) 13.995ms
[2020-08-10T13:07:56.652+0300][1416.196s][info ][gc] GC(46282) Pause Young (Allocation Failure) 118M->118M(121M) 14.507ms
[2020-08-10T13:07:56.667+0300][1416.211s][info ][gc] GC(46283) Pause Young (Allocation Failure) 119M->119M(121M) 14.451ms
[2020-08-10T13:07:56.682+0300][1416.226s][info ][gc] GC(46284) Pause Young (Allocation Failure) 119M->119M(121M) 14.580ms
[2020-08-10T13:07:56.697+0300][1416.241s][info ][gc] GC(46285) Pause Young (Allocation Failure) 120M->120M(121M) 14.446ms
[2020-08-10T13:07:56.976+0300][1416.521s][debug][gc] GC(46286) Expanding ParOldGen from 122880K by 10752K to 133632K
[2020-08-10T13:07:56.977+0300][1416.521s][info ][gc] GC(46286) Pause Full (Ergonomics) 120M->119M(132M) 279.400ms
[2020-08-10T13:07:56.990+0300][1416.534s][info ][gc] GC(46287) Pause Young (Allocation Failure) 120M->120M(132M) 13.081ms
[2020-08-10T13:07:57.027+0300][1416.571s][info ][gc] GC(46288) Pause Young (Allocation Failure) 120M->120M(132M) 36.382ms
[2020-08-10T13:07:57.042+0300][1416.586s][info ][gc] GC(46289) Pause Young (Allocation Failure) 121M->121M(132M) 14.508ms
[2020-08-10T13:07:57.057+0300][1416.601s][info ][gc] GC(46290) Pause Young (Allocation Failure) 121M->121M(132M) 14.524ms
[2020-08-10T13:07:57.091+0300][1416.635s][info ][gc] GC(46291) Pause Young (Allocation Failure) 122M->122M(132M) 33.639ms
[2020-08-10T13:07:57.106+0300][1416.650s][info ][gc] GC(46292) Pause Young (Allocation Failure) 122M->122M(132M) 14.615ms
[2020-08-10T13:07:57.126+0300][1416.670s][info ][gc] GC(46293) Pause Young (Allocation Failure) 123M->123M(132M) 19.991ms
[2020-08-10T13:07:57.141+0300][1416.685s][info ][gc] GC(46294) Pause Young (Allocation Failure) 123M->123M(132M) 14.510ms
[2020-08-10T13:07:57.156+0300][1416.700s][info ][gc] GC(46295) Pause Young (Allocation Failure) 124M->124M(132M) 14.630ms
[2020-08-10T13:07:57.171+0300][1416.715s][info ][gc] GC(46296) Pause Young (Allocation Failure) 124M->124M(132M) 14.559ms
[2020-08-10T13:07:57.192+0300][1416.736s][info ][gc] GC(46297) Pause Young (Allocation Failure) 124M->124M(132M) 20.525ms
[2020-08-10T13:07:57.212+0300][1416.757s][info ][gc] GC(46298) Pause Young (Allocation Failure) 125M->125M(132M) 20.466ms
[2020-08-10T13:07:57.232+0300][1416.776s][info ][gc] GC(46299) Pause Young (Allocation Failure) 125M->125M(132M) 19.313ms
[2020-08-10T13:07:57.266+0300][1416.810s][info ][gc] GC(46300) Pause Young (Allocation Failure) 126M->126M(132M) 33.596ms
[2020-08-10T13:07:57.297+0300][1416.841s][info ][gc] GC(46301) Pause Young (Allocation Failure) 126M->126M(132M) 30.672ms
[2020-08-10T13:07:57.319+0300][1416.863s][info ][gc] GC(46302) Pause Young (Allocation Failure) 127M->127M(132M) 21.938ms
[2020-08-10T13:07:57.334+0300][1416.878s][info ][gc] GC(46303) Pause Young (Allocation Failure) 127M->127M(132M) 14.623ms
[2020-08-10T13:07:57.349+0300][1416.893s][info ][gc] GC(46304) Pause Young (Allocation Failure) 128M->127M(132M) 14.788ms
[2020-08-10T13:07:57.388+0300][1416.932s][info ][gc] GC(46305) Pause Young (Allocation Failure) 128M->128M(132M) 38.725ms
[2020-08-10T13:07:57.406+0300][1416.950s][info ][gc] GC(46306) Pause Young (Allocation Failure) 128M->128M(132M) 17.263ms
[2020-08-10T13:07:57.427+0300][1416.972s][info ][gc] GC(46307) Pause Young (Allocation Failure) 129M->129M(132M) 21.177ms
[2020-08-10T13:07:57.443+0300][1416.987s][info ][gc] GC(46308) Pause Young (Allocation Failure) 129M->129M(132M) 14.797ms
[2020-08-10T13:07:57.465+0300][1417.009s][info ][gc] GC(46309) Pause Young (Allocation Failure) 130M->130M(132M) 21.477ms
[2020-08-10T13:07:57.480+0300][1417.024s][info ][gc] GC(46310) Pause Young (Allocation Failure) 130M->130M(132M) 14.974ms
[2020-08-10T13:07:57.927+0300][1417.472s][debug][gc] GC(46311) Expanding ParOldGen from 133632K by 10752K to 144384K
[2020-08-10T13:07:57.927+0300][1417.472s][info ][gc] GC(46311) Pause Full (Ergonomics) 130M->130M(142M) 447.414ms
[2020-08-10T13:07:57.941+0300][1417.486s][info ][gc] GC(46312) Pause Young (Allocation Failure) 130M->130M(142M) 13.608ms
[2020-08-10T13:07:57.957+0300][1417.501s][info ][gc] GC(46313) Pause Young (Allocation Failure) 131M->131M(142M) 15.183ms
[2020-08-10T13:07:57.972+0300][1417.516s][info ][gc] GC(46314) Pause Young (Allocation Failure) 131M->131M(142M) 14.950ms
[2020-08-10T13:07:57.988+0300][1417.532s][info ][gc] GC(46315) Pause Young (Allocation Failure) 132M->132M(142M) 15.006ms
[2020-08-10T13:07:58.003+0300][1417.547s][info ][gc] GC(46316) Pause Young (Allocation Failure) 132M->132M(142M) 15.289ms
[2020-08-10T13:07:58.019+0300][1417.563s][info ][gc] GC(46317) Pause Young (Allocation Failure) 133M->133M(142M) 15.293ms
[2020-08-10T13:07:58.061+0300][1417.605s][info ][gc] GC(46318) Pause Young (Allocation Failure) 133M->133M(142M) 41.321ms
[2020-08-10T13:07:58.076+0300][1417.621s][info ][gc] GC(46319) Pause Young (Allocation Failure) 134M->134M(142M) 15.102ms
[2020-08-10T13:07:58.092+0300][1417.636s][info ][gc] GC(46320) Pause Young (Allocation Failure) 134M->134M(142M) 15.199ms
[2020-08-10T13:07:58.108+0300][1417.652s][info ][gc] GC(46321) Pause Young (Allocation Failure) 135M->135M(142M) 15.344ms
[2020-08-10T13:07:58.123+0300][1417.668s][info ][gc] GC(46322) Pause Young (Allocation Failure) 135M->135M(142M) 15.455ms
[2020-08-10T13:07:58.124+0300][1417.668s][debug][gc] Expanding ParOldGen from 144384K by 19968K to 164352K
[2020-08-10T13:07:58.156+0300][1417.700s][info ][gc] GC(46323) Pause Young (Allocation Failure) 155M->154M(162M) 15.125ms
[2020-08-10T13:07:58.170+0300][1417.714s][info ][gc] GC(46324) Pause Young (Allocation Failure) 155M->155M(162M) 13.805ms
[2020-08-10T13:07:58.183+0300][1417.728s][info ][gc] GC(46325) Pause Young (Allocation Failure) 155M->155M(162M) 12.954ms
[2020-08-10T13:07:58.197+0300][1417.741s][info ][gc] GC(46326) Pause Young (Allocation Failure) 156M->156M(162M) 12.951ms
[2020-08-10T13:07:58.210+0300][1417.755s][info ][gc] GC(46327) Pause Young (Allocation Failure) 156M->156M(162M) 13.069ms
[2020-08-10T13:07:58.240+0300][1417.784s][info ][gc] GC(46328) Pause Young (Allocation Failure) 157M->157M(162M) 28.982ms
[2020-08-10T13:07:58.253+0300][1417.798s][info ][gc] GC(46329) Pause Young (Allocation Failure) 157M->157M(162M) 13.172ms
[2020-08-10T13:07:58.267+0300][1417.811s][info ][gc] GC(46330) Pause Young (Allocation Failure) 158M->158M(162M) 13.023ms
[2020-08-10T13:07:58.280+0300][1417.825s][info ][gc] GC(46331) Pause Young (Allocation Failure) 158M->158M(162M) 13.198ms
[2020-08-10T13:07:58.294+0300][1417.838s][info ][gc] GC(46332) Pause Young (Allocation Failure) 159M->158M(162M) 13.018ms
[2020-08-10T13:07:58.307+0300][1417.851s][info ][gc] GC(46333) Pause Young (Allocation Failure) 159M->159M(162M) 12.854ms
[2020-08-10T13:07:58.320+0300][1417.864s][info ][gc] GC(46334) Pause Young (Allocation Failure) 159M->159M(162M) 12.852ms
[2020-08-10T13:07:58.333+0300][1417.878s][info ][gc] GC(46335) Pause Young (Allocation Failure) 160M->160M(162M) 13.084ms
[2020-08-10T13:07:58.347+0300][1417.891s][info ][gc] GC(46336) Pause Young (Allocation Failure) 160M->160M(162M) 12.910ms
[2020-08-10T13:07:58.414+0300][1417.958s][debug][gc] GC(46337) Shrinking ParOldGen from 164352K by 125440K to 38912K
[2020-08-10T13:07:58.414+0300][1417.958s][info ][gc] GC(46337) Pause Full (Ergonomics) 160M->26M(39M) 67.349ms
[2020-08-10T13:07:58.445+0300][1417.989s][info ][gc] GC(46338) Pause Young (Allocation Failure) 27M->27M(39M) 30.275ms
[2020-08-10T13:07:58.462+0300][1418.006s][info ][gc] GC(46339) Pause Young (Allocation Failure) 27M->27M(39M) 16.260ms
[2020-08-10T13:07:58.477+0300][1418.021s][info ][gc] GC(46340) Pause Young (Allocation Failure) 28M->28M(39M) 14.659ms
[2020-08-10T13:07:58.490+0300][1418.034s][info ][gc] GC(46341) Pause Young (Allocation Failure) 28M->28M(39M) 12.962ms
[2020-08-10T13:07:58.504+0300][1418.048s][info ][gc] GC(46342) Pause Young (Allocation Failure) 29M->29M(39M) 13.003ms
[2020-08-10T13:07:58.517+0300][1418.061s][info ][gc] GC(46343) Pause Young (Allocation Failure) 29M->29M(39M) 12.846ms
[2020-08-10T13:07:58.531+0300][1418.075s][info ][gc] GC(46344) Pause Young (Allocation Failure) 30M->30M(39M) 13.032ms
[2020-08-10T13:07:58.544+0300][1418.088s][info ][gc] GC(46345) Pause Young (Allocation Failure) 31M->31M(39M) 13.015ms
[2020-08-10T13:07:58.558+0300][1418.102s][info ][gc] GC(46346) Pause Young (Allocation Failure) 32M->32M(40M) 13.290ms
[2020-08-10T13:07:58.572+0300][1418.117s][info ][gc] GC(46347) Pause Young (Allocation Failure) 33M->33M(40M) 13.602ms
[2020-08-10T13:07:58.586+0300][1418.131s][info ][gc] GC(46348) Pause Young (Allocation Failure) 34M->34M(40M) 13.414ms
[2020-08-10T13:07:58.600+0300][1418.145s][info ][gc] GC(46349) Pause Young (Allocation Failure) 35M->34M(40M) 13.533ms
[2020-08-10T13:07:58.615+0300][1418.159s][info ][gc] GC(46350) Pause Young (Allocation Failure) 35M->35M(40M) 13.607ms
[2020-08-10T13:07:58.628+0300][1418.173s][info ][gc] GC(46351) Pause Young (Allocation Failure) 36M->36M(40M) 13.236ms
[2020-08-10T13:07:58.642+0300][1418.186s][info ][gc] GC(46352) Pause Young (Allocation Failure) 37M->37M(40M) 13.238ms
[2020-08-10T13:07:58.710+0300][1418.254s][debug][gc] GC(46353) Expanding ParOldGen from 38912K by 11264K to 50176K
[2020-08-10T13:07:58.710+0300][1418.254s][info ][gc] GC(46353) Pause Full (Ergonomics) 37M->37M(51M) 68.049ms
[2020-08-10T13:07:58.723+0300][1418.268s][info ][gc] GC(46354) Pause Young (Allocation Failure) 38M->38M(51M) 12.987ms
[2020-08-10T13:07:58.737+0300][1418.282s][info ][gc] GC(46355) Pause Young (Allocation Failure) 39M->39M(51M) 13.448ms
[2020-08-10T13:07:58.751+0300][1418.296s][info ][gc] GC(46356) Pause Young (Allocation Failure) 40M->40M(51M) 13.453ms
[2020-08-10T13:07:58.765+0300][1418.310s][info ][gc] GC(46357) Pause Young (Allocation Failure) 41M->41M(51M) 13.448ms
[2020-08-10T13:07:58.779+0300][1418.323s][info ][gc] GC(46358) Pause Young (Allocation Failure) 42M->42M(51M) 13.456ms
[2020-08-10T13:07:58.793+0300][1418.338s][info ][gc] GC(46359) Pause Young (Allocation Failure) 43M->43M(51M) 13.506ms
[2020-08-10T13:07:58.807+0300][1418.352s][info ][gc] GC(46360) Pause Young (Allocation Failure) 44M->44M(51M) 13.558ms
[2020-08-10T13:07:58.821+0300][1418.366s][info ][gc] GC(46361) Pause Young (Allocation Failure) 45M->45M(51M) 13.424ms
[2020-08-10T13:07:58.835+0300][1418.380s][info ][gc] GC(46362) Pause Young (Allocation Failure) 46M->46M(51M) 13.445ms
[2020-08-10T13:07:58.849+0300][1418.394s][info ][gc] GC(46363) Pause Young (Allocation Failure) 47M->47M(51M) 13.460ms
[2020-08-10T13:07:58.864+0300][1418.408s][info ][gc] GC(46364) Pause Young (Allocation Failure) 48M->47M(51M) 13.522ms
[2020-08-10T13:07:58.877+0300][1418.422s][info ][gc] GC(46365) Pause Young (Allocation Failure) 48M->48M(51M) 13.353ms
[2020-08-10T13:07:58.973+0300][1418.518s][debug][gc] GC(46366) Expanding ParOldGen from 50176K by 11776K to 61952K
[2020-08-10T13:07:58.974+0300][1418.518s][info ][gc] GC(46366) Pause Full (Ergonomics) 48M->48M(63M) 95.960ms
[2020-08-10T13:07:58.987+0300][1418.532s][info ][gc] GC(46367) Pause Young (Allocation Failure) 49M->49M(63M) 13.278ms
[2020-08-10T13:07:59.002+0300][1418.546s][info ][gc] GC(46368) Pause Young (Allocation Failure) 50M->50M(63M) 13.559ms
[2020-08-10T13:07:59.016+0300][1418.560s][info ][gc] GC(46369) Pause Young (Allocation Failure) 51M->51M(63M) 13.503ms
[2020-08-10T13:07:59.030+0300][1418.574s][info ][gc] GC(46370) Pause Young (Allocation Failure) 52M->52M(63M) 13.490ms
[2020-08-10T13:07:59.044+0300][1418.588s][info ][gc] GC(46371) Pause Young (Allocation Failure) 53M->53M(63M) 13.382ms
[2020-08-10T13:07:59.058+0300][1418.602s][info ][gc] GC(46372) Pause Young (Allocation Failure) 54M->54M(63M) 13.328ms
[2020-08-10T13:07:59.072+0300][1418.616s][info ][gc] GC(46373) Pause Young (Allocation Failure) 55M->55M(63M) 13.486ms
[2020-08-10T13:07:59.085+0300][1418.630s][info ][gc] GC(46374) Pause Young (Allocation Failure) 56M->56M(63M) 13.417ms
[2020-08-10T13:07:59.099+0300][1418.644s][info ][gc] GC(46375) Pause Young (Allocation Failure) 57M->57M(63M) 13.479ms
[2020-08-10T13:07:59.114+0300][1418.658s][info ][gc] GC(46376) Pause Young (Allocation Failure) 58M->58M(63M) 13.511ms
[2020-08-10T13:07:59.128+0300][1418.672s][info ][gc] GC(46377) Pause Young (Allocation Failure) 59M->59M(63M) 13.304ms
[2020-08-10T13:07:59.142+0300][1418.686s][info ][gc] GC(46378) Pause Young (Allocation Failure) 60M->59M(63M) 13.568ms
[2020-08-10T13:07:59.156+0300][1418.700s][info ][gc] GC(46379) Pause Young (Allocation Failure) 60M->60M(63M) 13.536ms
[2020-08-10T13:07:59.282+0300][1418.827s][debug][gc] GC(46380) Expanding ParOldGen from 61952K by 11776K to 73728K
[2020-08-10T13:07:59.282+0300][1418.827s][info ][gc] GC(46380) Pause Full (Ergonomics) 60M->60M(74M) 126.666ms
[2020-08-10T13:07:59.307+0300][1418.852s][info ][gc] GC(46381) Pause Young (Allocation Failure) 61M->61M(74M) 24.358ms
[2020-08-10T13:07:59.321+0300][1418.866s][info ][gc] GC(46382) Pause Young (Allocation Failure) 62M->62M(74M) 13.522ms
[2020-08-10T13:07:59.335+0300][1418.880s][info ][gc] GC(46383) Pause Young (Allocation Failure) 63M->63M(74M) 13.468ms
[2020-08-10T13:07:59.349+0300][1418.894s][info ][gc] GC(46384) Pause Young (Allocation Failure) 64M->64M(74M) 13.635ms
[2020-08-10T13:07:59.364+0300][1418.908s][info ][gc] GC(46385) Pause Young (Allocation Failure) 65M->65M(74M) 13.697ms
[2020-08-10T13:07:59.378+0300][1418.922s][info ][gc] GC(46386) Pause Young (Allocation Failure) 66M->66M(74M) 13.689ms
[2020-08-10T13:07:59.392+0300][1418.936s][info ][gc] GC(46387) Pause Young (Allocation Failure) 67M->67M(74M) 13.665ms
[2020-08-10T13:07:59.406+0300][1418.951s][info ][gc] GC(46388) Pause Young (Allocation Failure) 68M->68M(74M) 13.543ms
[2020-08-10T13:07:59.421+0300][1418.965s][info ][gc] GC(46389) Pause Young (Allocation Failure) 69M->69M(74M) 13.787ms
[2020-08-10T13:07:59.435+0300][1418.979s][info ][gc] GC(46390) Pause Young (Allocation Failure) 70M->70M(74M) 13.629ms
[2020-08-10T13:07:59.449+0300][1418.993s][info ][gc] GC(46391) Pause Young (Allocation Failure) 71M->71M(74M) 13.805ms
[2020-08-10T13:07:59.463+0300][1419.008s][info ][gc] GC(46392) Pause Young (Allocation Failure) 72M->72M(74M) 13.687ms
[2020-08-10T13:07:59.640+0300][1419.185s][debug][gc] GC(46393) Expanding ParOldGen from 73728K by 11264K to 84992K
[2020-08-10T13:07:59.641+0300][1419.185s][info ][gc] GC(46393) Pause Full (Ergonomics) 72M->72M(85M) 177.033ms
[2020-08-10T13:07:59.670+0300][1419.215s][info ][gc] GC(46394) Pause Young (Allocation Failure) 73M->73M(85M) 29.040ms
[2020-08-10T13:07:59.685+0300][1419.229s][info ][gc] GC(46395) Pause Young (Allocation Failure) 74M->74M(85M) 13.907ms
[2020-08-10T13:07:59.699+0300][1419.243s][info ][gc] GC(46396) Pause Young (Allocation Failure) 75M->74M(85M) 13.753ms
[2020-08-10T13:07:59.713+0300][1419.258s][info ][gc] GC(46397) Pause Young (Allocation Failure) 75M->75M(85M) 13.724ms
[2020-08-10T13:07:59.728+0300][1419.272s][info ][gc] GC(46398) Pause Young (Allocation Failure) 76M->76M(85M) 13.816ms
[2020-08-10T13:07:59.742+0300][1419.286s][info ][gc] GC(46399) Pause Young (Allocation Failure) 77M->77M(85M) 13.544ms
[2020-08-10T13:07:59.756+0300][1419.300s][info ][gc] GC(46400) Pause Young (Allocation Failure) 78M->78M(85M) 13.730ms
[2020-08-10T13:07:59.770+0300][1419.314s][info ][gc] GC(46401) Pause Young (Allocation Failure) 79M->79M(85M) 13.591ms
[2020-08-10T13:07:59.784+0300][1419.329s][info ][gc] GC(46402) Pause Young (Allocation Failure) 80M->80M(85M) 14.077ms
[2020-08-10T13:07:59.798+0300][1419.343s][info ][gc] GC(46403) Pause Young (Allocation Failure) 81M->81M(85M) 13.569ms
[2020-08-10T13:07:59.812+0300][1419.357s][info ][gc] GC(46404) Pause Young (Allocation Failure) 82M->82M(85M) 13.644ms
[2020-08-10T13:07:59.827+0300][1419.371s][info ][gc] GC(46405) Pause Young (Allocation Failure) 83M->83M(85M) 13.991ms
[2020-08-10T13:08:00.025+0300][1419.569s][debug][gc] GC(46406) Expanding ParOldGen from 84992K by 11776K to 96768K
[2020-08-10T13:08:00.025+0300][1419.569s][info ][gc] GC(46406) Pause Full (Ergonomics) 83M->83M(96M) 198.096ms
[2020-08-10T13:08:00.056+0300][1419.600s][info ][gc] GC(46407) Pause Young (Allocation Failure) 84M->84M(96M) 30.499ms
[2020-08-10T13:08:00.070+0300][1419.615s][info ][gc] GC(46408) Pause Young (Allocation Failure) 85M->85M(96M) 13.959ms
[2020-08-10T13:08:00.085+0300][1419.629s][info ][gc] GC(46409) Pause Young (Allocation Failure) 86M->86M(96M) 13.989ms
[2020-08-10T13:08:00.099+0300][1419.644s][info ][gc] GC(46410) Pause Young (Allocation Failure) 87M->87M(96M) 14.373ms
[2020-08-10T13:08:00.114+0300][1419.659s][info ][gc] GC(46411) Pause Young (Allocation Failure) 88M->88M(96M) 14.422ms
[2020-08-10T13:08:00.129+0300][1419.674s][info ][gc] GC(46412) Pause Young (Allocation Failure) 89M->89M(96M) 14.314ms
[2020-08-10T13:08:00.145+0300][1419.689s][info ][gc] GC(46413) Pause Young (Allocation Failure) 90M->90M(96M) 14.714ms
[2020-08-10T13:08:00.159+0300][1419.704s][info ][gc] GC(46414) Pause Young (Allocation Failure) 91M->91M(96M) 14.390ms
[2020-08-10T13:08:00.174+0300][1419.719s][info ][gc] GC(46415) Pause Young (Allocation Failure) 92M->91M(96M) 14.598ms
[2020-08-10T13:08:00.189+0300][1419.734s][info ][gc] GC(46416) Pause Young (Allocation Failure) 92M->92M(96M) 14.599ms
[2020-08-10T13:08:00.204+0300][1419.749s][info ][gc] GC(46417) Pause Young (Allocation Failure) 93M->93M(96M) 14.535ms
[2020-08-10T13:08:00.219+0300][1419.764s][info ][gc] GC(46418) Pause Young (Allocation Failure) 94M->94M(96M) 14.851ms
[2020-08-10T13:08:00.445+0300][1419.990s][debug][gc] GC(46419) Expanding ParOldGen from 96768K by 11264K to 108032K
[2020-08-10T13:08:00.446+0300][1419.990s][info ][gc] GC(46419) Pause Full (Ergonomics) 94M->94M(107M) 226.016ms
[2020-08-10T13:08:00.480+0300][1420.024s][info ][gc] GC(46420) Pause Young (Allocation Failure) 95M->95M(107M) 33.807ms
[2020-08-10T13:08:00.517+0300][1420.062s][info ][gc] GC(46421) Pause Young (Allocation Failure) 96M->96M(107M) 36.700ms
[2020-08-10T13:08:00.549+0300][1420.094s][info ][gc] GC(46422) Pause Young (Allocation Failure) 97M->97M(107M) 31.048ms
[2020-08-10T13:08:00.570+0300][1420.114s][info ][gc] GC(46423) Pause Young (Allocation Failure) 98M->98M(107M) 20.076ms
[2020-08-10T13:08:00.599+0300][1420.144s][info ][gc] GC(46424) Pause Young (Allocation Failure) 99M->99M(107M) 29.234ms
[2020-08-10T13:08:00.615+0300][1420.160s][info ][gc] GC(46425) Pause Young (Allocation Failure) 100M->100M(107M) 15.500ms
[2020-08-10T13:08:00.632+0300][1420.176s][info ][gc] GC(46426) Pause Young (Allocation Failure) 101M->101M(107M) 15.518ms
[2020-08-10T13:08:00.648+0300][1420.192s][info ][gc] GC(46427) Pause Young (Allocation Failure) 102M->102M(107M) 15.433ms
[2020-08-10T13:08:00.664+0300][1420.208s][info ][gc] GC(46428) Pause Young (Allocation Failure) 103M->103M(107M) 15.647ms
[2020-08-10T13:08:00.680+0300][1420.224s][info ][gc] GC(46429) Pause Young (Allocation Failure) 104M->104M(107M) 15.825ms
[2020-08-10T13:08:00.696+0300][1420.240s][info ][gc] GC(46430) Pause Young (Allocation Failure) 105M->105M(107M) 15.618ms
[2020-08-10T13:08:00.712+0300][1420.257s][info ][gc] GC(46431) Pause Young (Allocation Failure) 106M->106M(107M) 16.017ms
[2020-08-10T13:08:00.964+0300][1420.508s][debug][gc] GC(46432) Expanding ParOldGen from 108032K by 11264K to 119296K
[2020-08-10T13:08:00.964+0300][1420.508s][info ][gc] GC(46432) Pause Full (Ergonomics) 106M->105M(118M) 251.400ms
[2020-08-10T13:08:01.002+0300][1420.546s][info ][gc] GC(46433) Pause Young (Allocation Failure) 106M->106M(118M) 37.366ms
[2020-08-10T13:08:01.018+0300][1420.563s][info ][gc] GC(46434) Pause Young (Allocation Failure) 107M->107M(118M) 16.057ms
[2020-08-10T13:08:01.035+0300][1420.580s][info ][gc] GC(46435) Pause Young (Allocation Failure) 108M->108M(118M) 16.174ms
[2020-08-10T13:08:01.052+0300][1420.596s][info ][gc] GC(46436) Pause Young (Allocation Failure) 109M->109M(118M) 16.242ms
[2020-08-10T13:08:01.069+0300][1420.614s][info ][gc] GC(46437) Pause Young (Allocation Failure) 110M->110M(118M) 16.540ms
[2020-08-10T13:08:01.086+0300][1420.631s][info ][gc] GC(46438) Pause Young (Allocation Failure) 111M->111M(118M) 16.565ms
[2020-08-10T13:08:01.103+0300][1420.648s][info ][gc] GC(46439) Pause Young (Allocation Failure) 112M->112M(118M) 16.539ms
[2020-08-10T13:08:01.121+0300][1420.665s][info ][gc] GC(46440) Pause Young (Allocation Failure) 113M->113M(118M) 16.740ms
[2020-08-10T13:08:01.138+0300][1420.682s][info ][gc] GC(46441) Pause Young (Allocation Failure) 114M->114M(118M) 16.834ms
[2020-08-10T13:08:01.156+0300][1420.700s][info ][gc] GC(46442) Pause Young (Allocation Failure) 115M->115M(118M) 17.092ms
[2020-08-10T13:08:01.173+0300][1420.718s][info ][gc] GC(46443) Pause Young (Allocation Failure) 116M->116M(118M) 16.999ms
[2020-08-10T13:08:01.455+0300][1421.000s][debug][gc] GC(46444) Expanding ParOldGen from 119296K by 11264K to 130560K
[2020-08-10T13:08:01.455+0300][1421.000s][info ][gc] GC(46444) Pause Full (Ergonomics) 116M->116M(129M) 281.877ms
[2020-08-10T13:08:01.475+0300][1421.020s][info ][gc] GC(46445) Pause Young (Allocation Failure) 117M->117M(129M) 19.190ms
[2020-08-10T13:08:01.493+0300][1421.037s][info ][gc] GC(46446) Pause Young (Allocation Failure) 118M->118M(129M) 17.235ms
[2020-08-10T13:08:01.510+0300][1421.055s][info ][gc] GC(46447) Pause Young (Allocation Failure) 119M->119M(129M) 17.111ms
[2020-08-10T13:08:01.528+0300][1421.072s][info ][gc] GC(46448) Pause Young (Allocation Failure) 120M->120M(129M) 17.315ms
[2020-08-10T13:08:01.545+0300][1421.090s][info ][gc] GC(46449) Pause Young (Allocation Failure) 121M->121M(129M) 16.901ms
[2020-08-10T13:08:01.563+0300][1421.107s][info ][gc] GC(46450) Pause Young (Allocation Failure) 122M->122M(129M) 17.141ms
[2020-08-10T13:08:01.581+0300][1421.125s][info ][gc] GC(46451) Pause Young (Allocation Failure) 123M->123M(129M) 17.372ms
[2020-08-10T13:08:01.597+0300][1421.141s][info ][gc] GC(46452) Pause Young (Allocation Failure) 123M->123M(129M) 15.887ms
[2020-08-10T13:08:01.612+0300][1421.156s][info ][gc] GC(46453) Pause Young (Allocation Failure) 124M->123M(129M) 14.440ms
[2020-08-10T13:08:01.626+0300][1421.171s][info ][gc] GC(46454) Pause Young (Allocation Failure) 124M->124M(129M) 14.592ms
[2020-08-10T13:08:01.641+0300][1421.186s][info ][gc] GC(46455) Pause Young (Allocation Failure) 124M->124M(129M) 14.389ms
[2020-08-10T13:08:01.656+0300][1421.200s][info ][gc] GC(46456) Pause Young (Allocation Failure) 125M->125M(129M) 14.561ms
[2020-08-10T13:08:01.671+0300][1421.215s][info ][gc] GC(46457) Pause Young (Allocation Failure) 125M->125M(129M) 14.585ms
[2020-08-10T13:08:01.686+0300][1421.230s][info ][gc] GC(46458) Pause Young (Allocation Failure) 126M->126M(129M) 14.601ms
[2020-08-10T13:08:01.701+0300][1421.245s][info ][gc] GC(46459) Pause Young (Allocation Failure) 126M->126M(129M) 14.596ms
[2020-08-10T13:08:01.716+0300][1421.260s][info ][gc] GC(46460) Pause Young (Allocation Failure) 127M->127M(129M) 14.731ms
[2020-08-10T13:08:02.060+0300][1421.605s][debug][gc] GC(46461) Expanding ParOldGen from 130560K by 11264K to 141824K
[2020-08-10T13:08:02.060+0300][1421.605s][info ][gc] GC(46461) Pause Full (Ergonomics) 127M->127M(140M) 344.569ms
[2020-08-10T13:08:02.074+0300][1421.618s][info ][gc] GC(46462) Pause Young (Allocation Failure) 127M->127M(140M) 13.473ms
[2020-08-10T13:08:02.089+0300][1421.633s][info ][gc] GC(46463) Pause Young (Allocation Failure) 128M->127M(140M) 14.642ms
[2020-08-10T13:08:02.104+0300][1421.648s][info ][gc] GC(46464) Pause Young (Allocation Failure) 128M->128M(140M) 14.753ms
[2020-08-10T13:08:02.142+0300][1421.686s][info ][gc] GC(46465) Pause Young (Allocation Failure) 128M->128M(140M) 37.571ms
[2020-08-10T13:08:02.165+0300][1421.710s][info ][gc] GC(46466) Pause Young (Allocation Failure) 129M->129M(140M) 22.885ms
[2020-08-10T13:08:02.186+0300][1421.730s][info ][gc] GC(46467) Pause Young (Allocation Failure) 129M->129M(140M) 20.149ms
[2020-08-10T13:08:02.201+0300][1421.745s][info ][gc] GC(46468) Pause Young (Allocation Failure) 130M->130M(140M) 14.821ms
[2020-08-10T13:08:02.222+0300][1421.766s][info ][gc] GC(46469) Pause Young (Allocation Failure) 130M->130M(140M) 20.480ms
[2020-08-10T13:08:02.243+0300][1421.787s][info ][gc] GC(46470) Pause Young (Allocation Failure) 131M->131M(139M) 21.005ms
[2020-08-10T13:08:02.258+0300][1421.803s][info ][gc] GC(46471) Pause Young (Allocation Failure) 131M->131M(140M) 14.914ms
[2020-08-10T13:08:02.274+0300][1421.819s][info ][gc] GC(46472) Pause Young (Allocation Failure) 131M->131M(140M) 15.419ms
[2020-08-10T13:08:02.290+0300][1421.834s][info ][gc] GC(46473) Pause Young (Allocation Failure) 132M->132M(140M) 15.330ms
[2020-08-10T13:08:02.327+0300][1421.872s][info ][gc] GC(46474) Pause Young (Allocation Failure) 132M->132M(140M) 37.048ms
[2020-08-10T13:08:02.343+0300][1421.887s][info ][gc] GC(46475) Pause Young (Allocation Failure) 133M->133M(140M) 15.137ms
[2020-08-10T13:08:02.371+0300][1421.916s][info ][gc] GC(46476) Pause Young (Allocation Failure) 133M->133M(140M) 28.347ms
[2020-08-10T13:08:02.387+0300][1421.932s][info ][gc] GC(46477) Pause Young (Allocation Failure) 134M->134M(140M) 15.276ms
[2020-08-10T13:08:02.409+0300][1421.954s][info ][gc] GC(46478) Pause Young (Allocation Failure) 134M->134M(140M) 21.720ms
[2020-08-10T13:08:02.425+0300][1421.970s][info ][gc] GC(46479) Pause Young (Allocation Failure) 135M->135M(140M) 15.616ms
[2020-08-10T13:08:02.441+0300][1421.986s][info ][gc] GC(46480) Pause Young (Allocation Failure) 135M->135M(140M) 15.583ms
[2020-08-10T13:08:02.442+0300][1421.986s][debug][gc] Expanding ParOldGen from 141824K by 19968K to 161792K
[2020-08-10T13:08:02.464+0300][1422.009s][info ][gc] GC(46481) Pause Young (Allocation Failure) 155M->155M(159M) 15.147ms
[2020-08-10T13:08:02.478+0300][1422.023s][info ][gc] GC(46482) Pause Young (Allocation Failure) 155M->155M(159M) 13.402ms
[2020-08-10T13:08:02.512+0300][1422.057s][info ][gc] GC(46483) Pause Young (Allocation Failure) 155M->155M(159M) 33.572ms
[2020-08-10T13:08:02.525+0300][1422.070s][info ][gc] GC(46484) Pause Young (Allocation Failure) 156M->156M(159M) 12.982ms
[2020-08-10T13:08:02.543+0300][1422.088s][info ][gc] GC(46485) Pause Young (Allocation Failure) 156M->156M(159M) 17.456ms
[2020-08-10T13:08:02.557+0300][1422.101s][info ][gc] GC(46486) Pause Young (Allocation Failure) 157M->157M(159M) 13.104ms
[2020-08-10T13:08:02.575+0300][1422.119s][info ][gc] GC(46487) Pause Young (Allocation Failure) 157M->157M(159M) 17.774ms
[2020-08-10T13:08:02.588+0300][1422.133s][info ][gc] GC(46488) Pause Young (Allocation Failure) 158M->158M(159M) 13.099ms
[2020-08-10T13:08:02.625+0300][1422.169s][debug][gc] GC(46489) Shrinking ParOldGen from 161792K by 125952K to 35840K
[2020-08-10T13:08:02.625+0300][1422.169s][info ][gc] GC(46489) Pause Full (Ergonomics) 158M->24M(36M) 36.425ms
[2020-08-10T13:08:02.638+0300][1422.182s][info ][gc] GC(46490) Pause Young (Allocation Failure) 24M->24M(36M) 12.605ms
[2020-08-10T13:08:02.651+0300][1422.195s][info ][gc] GC(46491) Pause Young (Allocation Failure) 25M->25M(36M) 12.768ms
[2020-08-10T13:08:02.664+0300][1422.208s][info ][gc] GC(46492) Pause Young (Allocation Failure) 25M->25M(36M) 12.676ms
[2020-08-10T13:08:02.677+0300][1422.221s][info ][gc] GC(46493) Pause Young (Allocation Failure) 26M->26M(36M) 12.932ms
[2020-08-10T13:08:02.690+0300][1422.235s][info ][gc] GC(46494) Pause Young (Allocation Failure) 26M->26M(36M) 12.876ms
[2020-08-10T13:08:02.703+0300][1422.248s][info ][gc] GC(46495) Pause Young (Allocation Failure) 27M->27M(36M) 12.825ms
[2020-08-10T13:08:02.717+0300][1422.261s][info ][gc] GC(46496) Pause Young (Allocation Failure) 27M->27M(36M) 12.922ms
[2020-08-10T13:08:02.730+0300][1422.275s][info ][gc] GC(46497) Pause Young (Allocation Failure) 28M->28M(36M) 12.954ms
[2020-08-10T13:08:02.744+0300][1422.288s][info ][gc] GC(46498) Pause Young (Allocation Failure) 28M->28M(36M) 12.922ms
[2020-08-10T13:08:02.757+0300][1422.301s][info ][gc] GC(46499) Pause Young (Allocation Failure) 29M->28M(36M) 12.880ms
[2020-08-10T13:08:02.770+0300][1422.315s][info ][gc] GC(46500) Pause Young (Allocation Failure) 29M->29M(36M) 12.911ms
[2020-08-10T13:08:02.784+0300][1422.328s][info ][gc] GC(46501) Pause Young (Allocation Failure) 29M->29M(36M) 12.919ms
[2020-08-10T13:08:02.797+0300][1422.342s][info ][gc] GC(46502) Pause Young (Allocation Failure) 30M->30M(36M) 12.940ms
[2020-08-10T13:08:02.811+0300][1422.355s][info ][gc] GC(46503) Pause Young (Allocation Failure) 30M->30M(36M) 12.878ms
[2020-08-10T13:08:02.824+0300][1422.368s][info ][gc] GC(46504) Pause Young (Allocation Failure) 31M->31M(36M) 12.905ms
[2020-08-10T13:08:02.837+0300][1422.382s][info ][gc] GC(46505) Pause Young (Allocation Failure) 31M->31M(36M) 12.871ms
[2020-08-10T13:08:02.851+0300][1422.395s][info ][gc] GC(46506) Pause Young (Allocation Failure) 32M->32M(36M) 12.955ms
[2020-08-10T13:08:02.864+0300][1422.408s][info ][gc] GC(46507) Pause Young (Allocation Failure) 32M->32M(36M) 12.971ms
[2020-08-10T13:08:02.877+0300][1422.422s][info ][gc] GC(46508) Pause Young (Allocation Failure) 33M->33M(36M) 12.824ms
[2020-08-10T13:08:02.891+0300][1422.435s][info ][gc] GC(46509) Pause Young (Allocation Failure) 33M->33M(36M) 12.974ms
[2020-08-10T13:08:02.904+0300][1422.449s][info ][gc] GC(46510) Pause Young (Allocation Failure) 34M->34M(36M) 12.929ms
[2020-08-10T13:08:02.918+0300][1422.462s][info ][gc] GC(46511) Pause Young (Allocation Failure) 34M->34M(36M) 13.126ms
[2020-08-10T13:08:02.932+0300][1422.476s][info ][gc] GC(46512) Pause Young (Allocation Failure) 35M->35M(36M) 13.168ms
[2020-08-10T13:08:02.992+0300][1422.537s][debug][gc] GC(46513) Expanding ParOldGen from 35840K by 10752K to 46592K
[2020-08-10T13:08:02.993+0300][1422.537s][info ][gc] GC(46513) Pause Full (Ergonomics) 35M->35M(47M) 60.568ms
[2020-08-10T13:08:03.010+0300][1422.554s][info ][gc] GC(46514) Pause Young (Allocation Failure) 36M->36M(47M) 16.817ms
[2020-08-10T13:08:03.024+0300][1422.569s][info ][gc] GC(46515) Pause Young (Allocation Failure) 37M->37M(47M) 13.644ms
[2020-08-10T13:08:03.038+0300][1422.583s][info ][gc] GC(46516) Pause Young (Allocation Failure) 38M->37M(48M) 13.578ms
[2020-08-10T13:08:03.052+0300][1422.597s][info ][gc] GC(46517) Pause Young (Allocation Failure) 38M->38M(48M) 13.682ms
[2020-08-10T13:08:03.066+0300][1422.611s][info ][gc] GC(46518) Pause Young (Allocation Failure) 39M->39M(48M) 13.490ms
[2020-08-10T13:08:03.080+0300][1422.625s][info ][gc] GC(46519) Pause Young (Allocation Failure) 40M->40M(48M) 13.375ms
[2020-08-10T13:08:03.094+0300][1422.639s][info ][gc] GC(46520) Pause Young (Allocation Failure) 41M->41M(48M) 13.482ms
[2020-08-10T13:08:03.108+0300][1422.653s][info ][gc] GC(46521) Pause Young (Allocation Failure) 42M->42M(48M) 13.440ms
[2020-08-10T13:08:03.122+0300][1422.667s][info ][gc] GC(46522) Pause Young (Allocation Failure) 43M->43M(48M) 13.377ms
[2020-08-10T13:08:03.136+0300][1422.681s][info ][gc] GC(46523) Pause Young (Allocation Failure) 44M->44M(48M) 13.544ms
[2020-08-10T13:08:03.150+0300][1422.695s][info ][gc] GC(46524) Pause Young (Allocation Failure) 45M->45M(48M) 13.512ms
[2020-08-10T13:08:03.235+0300][1422.779s][debug][gc] GC(46525) Expanding ParOldGen from 46592K by 11776K to 58368K
[2020-08-10T13:08:03.235+0300][1422.780s][info ][gc] GC(46525) Pause Full (Ergonomics) 45M->45M(59M) 84.502ms
[2020-08-10T13:08:03.249+0300][1422.793s][info ][gc] GC(46526) Pause Young (Allocation Failure) 46M->46M(59M) 13.101ms
[2020-08-10T13:08:03.263+0300][1422.807s][info ][gc] GC(46527) Pause Young (Allocation Failure) 47M->47M(59M) 13.448ms
[2020-08-10T13:08:03.277+0300][1422.821s][info ][gc] GC(46528) Pause Young (Allocation Failure) 48M->48M(59M) 13.383ms
[2020-08-10T13:08:03.291+0300][1422.835s][info ][gc] GC(46529) Pause Young (Allocation Failure) 49M->49M(59M) 13.462ms
[2020-08-10T13:08:03.305+0300][1422.849s][info ][gc] GC(46530) Pause Young (Allocation Failure) 50M->50M(59M) 13.568ms
[2020-08-10T13:08:03.319+0300][1422.863s][info ][gc] GC(46531) Pause Young (Allocation Failure) 51M->51M(59M) 13.496ms
[2020-08-10T13:08:03.333+0300][1422.877s][info ][gc] GC(46532) Pause Young (Allocation Failure) 52M->52M(59M) 13.395ms
[2020-08-10T13:08:03.347+0300][1422.891s][info ][gc] GC(46533) Pause Young (Allocation Failure) 53M->52M(59M) 13.550ms
[2020-08-10T13:08:03.361+0300][1422.906s][info ][gc] GC(46534) Pause Young (Allocation Failure) 53M->53M(59M) 13.536ms
[2020-08-10T13:08:03.375+0300][1422.920s][info ][gc] GC(46535) Pause Young (Allocation Failure) 54M->54M(59M) 13.522ms
[2020-08-10T13:08:03.389+0300][1422.934s][info ][gc] GC(46536) Pause Young (Allocation Failure) 55M->55M(59M) 13.478ms
[2020-08-10T13:08:03.403+0300][1422.948s][info ][gc] GC(46537) Pause Young (Allocation Failure) 56M->56M(59M) 13.512ms
[2020-08-10T13:08:03.529+0300][1423.073s][debug][gc] GC(46538) Expanding ParOldGen from 58368K by 11264K to 69632K
[2020-08-10T13:08:03.529+0300][1423.073s][info ][gc] GC(46538) Pause Full (Ergonomics) 56M->56M(70M) 125.384ms
[2020-08-10T13:08:03.542+0300][1423.087s][info ][gc] GC(46539) Pause Young (Allocation Failure) 57M->57M(70M) 13.020ms
[2020-08-10T13:08:03.556+0300][1423.101s][info ][gc] GC(46540) Pause Young (Allocation Failure) 58M->58M(70M) 13.486ms
[2020-08-10T13:08:03.575+0300][1423.119s][info ][gc] GC(46541) Pause Young (Allocation Failure) 59M->59M(70M) 17.792ms
[2020-08-10T13:08:03.589+0300][1423.133s][info ][gc] GC(46542) Pause Young (Allocation Failure) 60M->60M(70M) 13.591ms
[2020-08-10T13:08:03.603+0300][1423.147s][info ][gc] GC(46543) Pause Young (Allocation Failure) 61M->61M(70M) 13.527ms
[2020-08-10T13:08:03.617+0300][1423.161s][info ][gc] GC(46544) Pause Young (Allocation Failure) 62M->62M(70M) 13.521ms
[2020-08-10T13:08:03.631+0300][1423.175s][info ][gc] GC(46545) Pause Young (Allocation Failure) 63M->63M(70M) 13.432ms
[2020-08-10T13:08:03.644+0300][1423.189s][info ][gc] GC(46546) Pause Young (Allocation Failure) 64M->64M(70M) 13.349ms
[2020-08-10T13:08:03.658+0300][1423.203s][info ][gc] GC(46547) Pause Young (Allocation Failure) 65M->65M(70M) 13.448ms
[2020-08-10T13:08:03.672+0300][1423.217s][info ][gc] GC(46548) Pause Young (Allocation Failure) 66M->66M(70M) 13.618ms
[2020-08-10T13:08:03.687+0300][1423.231s][info ][gc] GC(46549) Pause Young (Allocation Failure) 67M->67M(70M) 13.621ms
[2020-08-10T13:08:03.701+0300][1423.245s][info ][gc] GC(46550) Pause Young (Allocation Failure) 68M->68M(70M) 13.517ms
[2020-08-10T13:08:03.851+0300][1423.396s][debug][gc] GC(46551) Expanding ParOldGen from 69632K by 11776K to 81408K
[2020-08-10T13:08:03.851+0300][1423.396s][info ][gc] GC(46551) Pause Full (Ergonomics) 68M->67M(82M) 150.479ms
[2020-08-10T13:08:03.865+0300][1423.409s][info ][gc] GC(46552) Pause Young (Allocation Failure) 68M->68M(82M) 13.064ms
[2020-08-10T13:08:03.879+0300][1423.424s][info ][gc] GC(46553) Pause Young (Allocation Failure) 69M->69M(82M) 13.608ms
[2020-08-10T13:08:03.893+0300][1423.438s][info ][gc] GC(46554) Pause Young (Allocation Failure) 70M->70M(82M) 13.523ms
[2020-08-10T13:08:03.907+0300][1423.452s][info ][gc] GC(46555) Pause Young (Allocation Failure) 71M->71M(82M) 13.484ms
[2020-08-10T13:08:03.921+0300][1423.466s][info ][gc] GC(46556) Pause Young (Allocation Failure) 72M->72M(82M) 13.558ms
[2020-08-10T13:08:03.935+0300][1423.480s][info ][gc] GC(46557) Pause Young (Allocation Failure) 73M->73M(82M) 13.677ms
[2020-08-10T13:08:03.949+0300][1423.494s][info ][gc] GC(46558) Pause Young (Allocation Failure) 74M->74M(82M) 13.521ms
[2020-08-10T13:08:03.964+0300][1423.508s][info ][gc] GC(46559) Pause Young (Allocation Failure) 75M->75M(82M) 13.500ms
[2020-08-10T13:08:03.978+0300][1423.522s][info ][gc] GC(46560) Pause Young (Allocation Failure) 76M->76M(82M) 13.523ms
[2020-08-10T13:08:03.992+0300][1423.536s][info ][gc] GC(46561) Pause Young (Allocation Failure) 77M->77M(82M) 13.765ms
[2020-08-10T13:08:04.006+0300][1423.550s][info ][gc] GC(46562) Pause Young (Allocation Failure) 78M->78M(82M) 13.612ms
[2020-08-10T13:08:04.020+0300][1423.564s][info ][gc] GC(46563) Pause Young (Allocation Failure) 79M->79M(82M) 13.521ms
[2020-08-10T13:08:04.207+0300][1423.751s][debug][gc] GC(46564) Expanding ParOldGen from 81408K by 11264K to 92672K
[2020-08-10T13:08:04.207+0300][1423.751s][info ][gc] GC(46564) Pause Full (Ergonomics) 79M->79M(93M) 186.775ms
[2020-08-10T13:08:04.221+0300][1423.765s][info ][gc] GC(46565) Pause Young (Allocation Failure) 80M->80M(93M) 13.145ms
[2020-08-10T13:08:04.235+0300][1423.779s][info ][gc] GC(46566) Pause Young (Allocation Failure) 81M->81M(93M) 13.494ms
[2020-08-10T13:08:04.249+0300][1423.793s][info ][gc] GC(46567) Pause Young (Allocation Failure) 82M->82M(93M) 13.598ms
[2020-08-10T13:08:04.263+0300][1423.807s][info ][gc] GC(46568) Pause Young (Allocation Failure) 83M->83M(93M) 13.551ms
[2020-08-10T13:08:04.277+0300][1423.821s][info ][gc] GC(46569) Pause Young (Allocation Failure) 84M->83M(93M) 13.689ms
[2020-08-10T13:08:04.292+0300][1423.836s][info ][gc] GC(46570) Pause Young (Allocation Failure) 84M->84M(93M) 14.348ms
[2020-08-10T13:08:04.306+0300][1423.851s][info ][gc] GC(46571) Pause Young (Allocation Failure) 85M->85M(93M) 13.853ms
[2020-08-10T13:08:04.321+0300][1423.865s][info ][gc] GC(46572) Pause Young (Allocation Failure) 86M->86M(93M) 14.023ms
[2020-08-10T13:08:04.336+0300][1423.880s][info ][gc] GC(46573) Pause Young (Allocation Failure) 87M->87M(92M) 14.313ms
[2020-08-10T13:08:04.350+0300][1423.895s][info ][gc] GC(46574) Pause Young (Allocation Failure) 88M->88M(92M) 14.178ms
[2020-08-10T13:08:04.365+0300][1423.910s][info ][gc] GC(46575) Pause Young (Allocation Failure) 89M->89M(92M) 14.452ms
[2020-08-10T13:08:04.380+0300][1423.925s][info ][gc] GC(46576) Pause Young (Allocation Failure) 90M->90M(92M) 14.303ms
[2020-08-10T13:08:04.603+0300][1424.148s][debug][gc] GC(46577) Expanding ParOldGen from 92672K by 11776K to 104448K
[2020-08-10T13:08:04.603+0300][1424.148s][info ][gc] GC(46577) Pause Full (Ergonomics) 90M->90M(104M) 223.026ms
[2020-08-10T13:08:04.617+0300][1424.162s][info ][gc] GC(46578) Pause Young (Allocation Failure) 91M->91M(104M) 13.040ms
[2020-08-10T13:08:04.632+0300][1424.176s][info ][gc] GC(46579) Pause Young (Allocation Failure) 92M->92M(104M) 14.298ms
[2020-08-10T13:08:04.646+0300][1424.191s][info ][gc] GC(46580) Pause Young (Allocation Failure) 93M->93M(104M) 14.176ms
[2020-08-10T13:08:04.661+0300][1424.206s][info ][gc] GC(46581) Pause Young (Allocation Failure) 94M->94M(104M) 14.377ms
[2020-08-10T13:08:04.676+0300][1424.221s][info ][gc] GC(46582) Pause Young (Allocation Failure) 95M->95M(104M) 14.834ms
[2020-08-10T13:08:04.691+0300][1424.236s][info ][gc] GC(46583) Pause Young (Allocation Failure) 96M->96M(104M) 14.742ms
[2020-08-10T13:08:04.707+0300][1424.251s][info ][gc] GC(46584) Pause Young (Allocation Failure) 97M->97M(103M) 14.713ms
[2020-08-10T13:08:04.720+0300][1424.265s][info ][gc] GC(46585) Pause Young (Allocation Failure) 97M->97M(104M) 13.468ms
[2020-08-10T13:08:04.734+0300][1424.279s][info ][gc] GC(46586) Pause Young (Allocation Failure) 98M->98M(104M) 13.174ms
[2020-08-10T13:08:04.747+0300][1424.292s][info ][gc] GC(46587) Pause Young (Allocation Failure) 98M->98M(104M) 13.147ms
[2020-08-10T13:08:04.761+0300][1424.306s][info ][gc] GC(46588) Pause Young (Allocation Failure) 99M->98M(104M) 13.236ms
[2020-08-10T13:08:04.775+0300][1424.319s][info ][gc] GC(46589) Pause Young (Allocation Failure) 99M->99M(104M) 13.119ms
[2020-08-10T13:08:04.788+0300][1424.333s][info ][gc] GC(46590) Pause Young (Allocation Failure) 99M->99M(104M) 13.176ms
[2020-08-10T13:08:04.802+0300][1424.347s][info ][gc] GC(46591) Pause Young (Allocation Failure) 100M->100M(104M) 13.244ms
[2020-08-10T13:08:04.816+0300][1424.360s][info ][gc] GC(46592) Pause Young (Allocation Failure) 100M->100M(104M) 13.152ms
[2020-08-10T13:08:04.829+0300][1424.374s][info ][gc] GC(46593) Pause Young (Allocation Failure) 101M->101M(104M) 13.068ms
[2020-08-10T13:08:04.842+0300][1424.387s][info ][gc] GC(46594) Pause Young (Allocation Failure) 101M->101M(104M) 12.870ms
[2020-08-10T13:08:05.098+0300][1424.642s][debug][gc] GC(46595) Expanding ParOldGen from 104448K by 11264K to 115712K
[2020-08-10T13:08:05.098+0300][1424.642s][info ][gc] GC(46595) Pause Full (Ergonomics) 101M->101M(115M) 254.630ms
[2020-08-10T13:08:05.132+0300][1424.675s][info ][gc] GC(46596) Pause Young (Allocation Failure) 102M->102M(115M) 32.960ms
[2020-08-10T13:08:05.146+0300][1424.689s][info ][gc] GC(46597) Pause Young (Allocation Failure) 102M->102M(115M) 13.529ms
[2020-08-10T13:08:05.168+0300][1424.712s][info ][gc] GC(46598) Pause Young (Allocation Failure) 102M->102M(115M) 22.000ms
[2020-08-10T13:08:05.181+0300][1424.725s][info ][gc] GC(46599) Pause Young (Allocation Failure) 103M->103M(115M) 13.135ms
[2020-08-10T13:08:05.195+0300][1424.739s][info ][gc] GC(46600) Pause Young (Allocation Failure) 103M->103M(115M) 13.065ms
[2020-08-10T13:08:05.209+0300][1424.752s][info ][gc] GC(46601) Pause Young (Allocation Failure) 104M->104M(115M) 13.176ms
[2020-08-10T13:08:05.222+0300][1424.766s][info ][gc] GC(46602) Pause Young (Allocation Failure) 104M->104M(114M) 13.329ms
[2020-08-10T13:08:05.236+0300][1424.780s][info ][gc] GC(46603) Pause Young (Allocation Failure) 105M->105M(114M) 13.159ms
[2020-08-10T13:08:05.250+0300][1424.793s][info ][gc] GC(46604) Pause Young (Allocation Failure) 105M->105M(114M) 13.174ms
[2020-08-10T13:08:05.263+0300][1424.807s][info ][gc] GC(46605) Pause Young (Allocation Failure) 106M->106M(114M) 13.197ms
[2020-08-10T13:08:05.277+0300][1424.820s][info ][gc] GC(46606) Pause Young (Allocation Failure) 106M->106M(114M) 13.184ms
[2020-08-10T13:08:05.290+0300][1424.834s][info ][gc] GC(46607) Pause Young (Allocation Failure) 107M->107M(114M) 13.193ms
[2020-08-10T13:08:05.304+0300][1424.848s][info ][gc] GC(46608) Pause Young (Allocation Failure) 107M->107M(114M) 13.160ms
[2020-08-10T13:08:05.318+0300][1424.861s][info ][gc] GC(46609) Pause Young (Allocation Failure) 108M->108M(114M) 13.216ms
[2020-08-10T13:08:05.331+0300][1424.875s][info ][gc] GC(46610) Pause Young (Allocation Failure) 108M->108M(114M) 13.142ms
[2020-08-10T13:08:05.345+0300][1424.889s][info ][gc] GC(46611) Pause Young (Allocation Failure) 108M->108M(114M) 13.290ms
[2020-08-10T13:08:05.359+0300][1424.902s][info ][gc] GC(46612) Pause Young (Allocation Failure) 109M->109M(114M) 13.188ms
[2020-08-10T13:08:05.372+0300][1424.916s][info ][gc] GC(46613) Pause Young (Allocation Failure) 109M->109M(114M) 13.182ms
[2020-08-10T13:08:05.386+0300][1424.930s][info ][gc] GC(46614) Pause Young (Allocation Failure) 110M->110M(114M) 13.211ms
[2020-08-10T13:08:05.400+0300][1424.943s][info ][gc] GC(46615) Pause Young (Allocation Failure) 110M->110M(114M) 13.271ms
[2020-08-10T13:08:05.413+0300][1424.957s][info ][gc] GC(46616) Pause Young (Allocation Failure) 111M->111M(114M) 13.208ms
[2020-08-10T13:08:05.427+0300][1424.971s][info ][gc] GC(46617) Pause Young (Allocation Failure) 111M->111M(114M) 13.696ms
[2020-08-10T13:08:05.441+0300][1424.985s][info ][gc] GC(46618) Pause Young (Allocation Failure) 112M->112M(114M) 13.552ms
[2020-08-10T13:08:05.455+0300][1424.999s][info ][gc] GC(46619) Pause Young (Allocation Failure) 112M->112M(114M) 13.403ms
[2020-08-10T13:08:05.469+0300][1425.013s][info ][gc] GC(46620) Pause Young (Allocation Failure) 113M->113M(114M) 13.603ms
[2020-08-10T13:08:05.739+0300][1425.283s][debug][gc] GC(46621) Expanding ParOldGen from 115712K by 10752K to 126464K
[2020-08-10T13:08:05.740+0300][1425.283s][info ][gc] GC(46621) Pause Full (Ergonomics) 113M->112M(125M) 270.388ms
[2020-08-10T13:08:05.754+0300][1425.297s][info ][gc] GC(46622) Pause Young (Allocation Failure) 113M->113M(125M) 13.564ms
[2020-08-10T13:08:05.768+0300][1425.312s][info ][gc] GC(46623) Pause Young (Allocation Failure) 113M->113M(125M) 14.113ms
[2020-08-10T13:08:05.783+0300][1425.326s][info ][gc] GC(46624) Pause Young (Allocation Failure) 114M->114M(125M) 13.965ms
[2020-08-10T13:08:05.819+0300][1425.362s][info ][gc] GC(46625) Pause Young (Allocation Failure) 114M->114M(125M) 35.708ms
[2020-08-10T13:08:05.833+0300][1425.377s][info ][gc] GC(46626) Pause Young (Allocation Failure) 115M->115M(125M) 14.003ms
[2020-08-10T13:08:05.847+0300][1425.391s][info ][gc] GC(46627) Pause Young (Allocation Failure) 115M->115M(125M) 13.944ms
[2020-08-10T13:08:05.881+0300][1425.425s][info ][gc] GC(46628) Pause Young (Allocation Failure) 116M->116M(125M) 33.608ms
[2020-08-10T13:08:05.896+0300][1425.439s][info ][gc] GC(46629) Pause Young (Allocation Failure) 116M->116M(125M) 14.058ms
[2020-08-10T13:08:05.910+0300][1425.454s][info ][gc] GC(46630) Pause Young (Allocation Failure) 117M->117M(125M) 14.188ms
[2020-08-10T13:08:05.925+0300][1425.469s][info ][gc] GC(46631) Pause Young (Allocation Failure) 117M->117M(125M) 14.264ms
[2020-08-10T13:08:05.940+0300][1425.483s][info ][gc] GC(46632) Pause Young (Allocation Failure) 118M->117M(125M) 14.076ms
[2020-08-10T13:08:05.977+0300][1425.520s][info ][gc] GC(46633) Pause Young (Allocation Failure) 118M->118M(125M) 36.739ms
[2020-08-10T13:08:05.991+0300][1425.535s][info ][gc] GC(46634) Pause Young (Allocation Failure) 118M->118M(125M) 14.209ms
[2020-08-10T13:08:06.006+0300][1425.550s][info ][gc] GC(46635) Pause Young (Allocation Failure) 119M->119M(125M) 14.338ms
[2020-08-10T13:08:06.021+0300][1425.564s][info ][gc] GC(46636) Pause Young (Allocation Failure) 119M->119M(125M) 14.296ms
[2020-08-10T13:08:06.036+0300][1425.579s][info ][gc] GC(46637) Pause Young (Allocation Failure) 120M->120M(125M) 14.463ms
[2020-08-10T13:08:06.050+0300][1425.594s][info ][gc] GC(46638) Pause Young (Allocation Failure) 120M->120M(125M) 14.168ms
[2020-08-10T13:08:06.065+0300][1425.609s][info ][gc] GC(46639) Pause Young (Allocation Failure) 121M->121M(125M) 14.454ms
[2020-08-10T13:08:06.080+0300][1425.624s][info ][gc] GC(46640) Pause Young (Allocation Failure) 121M->121M(125M) 14.548ms
[2020-08-10T13:08:06.095+0300][1425.639s][info ][gc] GC(46641) Pause Young (Allocation Failure) 122M->122M(125M) 14.513ms
[2020-08-10T13:08:06.110+0300][1425.654s][info ][gc] GC(46642) Pause Young (Allocation Failure) 122M->122M(125M) 14.663ms
[2020-08-10T13:08:06.141+0300][1425.685s][info ][gc] GC(46643) Pause Young (Allocation Failure) 123M->123M(125M) 30.892ms
[2020-08-10T13:08:06.156+0300][1425.700s][info ][gc] GC(46644) Pause Young (Allocation Failure) 123M->123M(125M) 14.325ms
[2020-08-10T13:08:06.171+0300][1425.715s][info ][gc] GC(46645) Pause Young (Allocation Failure) 123M->123M(125M) 14.702ms
[2020-08-10T13:08:06.493+0300][1426.037s][debug][gc] GC(46646) Expanding ParOldGen from 126464K by 10752K to 137216K
[2020-08-10T13:08:06.493+0300][1426.037s][info ][gc] GC(46646) Pause Full (Ergonomics) 123M->123M(135M) 321.657ms
[2020-08-10T13:08:06.524+0300][1426.068s][info ][gc] GC(46647) Pause Young (Allocation Failure) 124M->124M(135M) 31.159ms
[2020-08-10T13:08:06.540+0300][1426.083s][info ][gc] GC(46648) Pause Young (Allocation Failure) 124M->124M(135M) 14.975ms
[2020-08-10T13:08:06.555+0300][1426.099s][info ][gc] GC(46649) Pause Young (Allocation Failure) 125M->125M(135M) 14.938ms
[2020-08-10T13:08:06.570+0300][1426.114s][info ][gc] GC(46650) Pause Young (Allocation Failure) 125M->125M(135M) 14.866ms
[2020-08-10T13:08:06.609+0300][1426.153s][info ][gc] GC(46651) Pause Young (Allocation Failure) 125M->125M(135M) 38.928ms
[2020-08-10T13:08:06.625+0300][1426.168s][info ][gc] GC(46652) Pause Young (Allocation Failure) 126M->126M(135M) 15.071ms
[2020-08-10T13:08:06.640+0300][1426.184s][info ][gc] GC(46653) Pause Young (Allocation Failure) 126M->126M(135M) 14.900ms
[2020-08-10T13:08:06.655+0300][1426.199s][info ][gc] GC(46654) Pause Young (Allocation Failure) 127M->127M(135M) 14.976ms
[2020-08-10T13:08:06.671+0300][1426.214s][info ][gc] GC(46655) Pause Young (Allocation Failure) 127M->127M(135M) 15.032ms
[2020-08-10T13:08:06.686+0300][1426.230s][info ][gc] GC(46656) Pause Young (Allocation Failure) 128M->128M(135M) 15.076ms
[2020-08-10T13:08:06.702+0300][1426.245s][info ][gc] GC(46657) Pause Young (Allocation Failure) 128M->128M(135M) 15.286ms
[2020-08-10T13:08:06.717+0300][1426.261s][info ][gc] GC(46658) Pause Young (Allocation Failure) 129M->129M(135M) 15.104ms
[2020-08-10T13:08:06.733+0300][1426.277s][info ][gc] GC(46659) Pause Young (Allocation Failure) 129M->129M(135M) 15.354ms
[2020-08-10T13:08:06.749+0300][1426.293s][info ][gc] GC(46660) Pause Young (Allocation Failure) 130M->130M(135M) 15.420ms
[2020-08-10T13:08:06.764+0300][1426.308s][info ][gc] GC(46661) Pause Young (Allocation Failure) 130M->130M(135M) 15.094ms
[2020-08-10T13:08:06.780+0300][1426.324s][info ][gc] GC(46662) Pause Young (Allocation Failure) 131M->130M(135M) 15.311ms
[2020-08-10T13:08:06.796+0300][1426.340s][info ][gc] GC(46663) Pause Young (Allocation Failure) 131M->131M(135M) 15.350ms
[2020-08-10T13:08:06.812+0300][1426.355s][info ][gc] GC(46664) Pause Young (Allocation Failure) 131M->131M(135M) 15.399ms
[2020-08-10T13:08:06.828+0300][1426.371s][info ][gc] GC(46665) Pause Young (Allocation Failure) 132M->132M(135M) 15.499ms
[2020-08-10T13:08:06.844+0300][1426.387s][info ][gc] GC(46666) Pause Young (Allocation Failure) 132M->132M(135M) 15.576ms
[2020-08-10T13:08:06.859+0300][1426.403s][info ][gc] GC(46667) Pause Young (Allocation Failure) 133M->133M(135M) 15.387ms
[2020-08-10T13:08:06.875+0300][1426.419s][info ][gc] GC(46668) Pause Young (Allocation Failure) 133M->133M(135M) 15.395ms
[2020-08-10T13:08:06.891+0300][1426.435s][info ][gc] GC(46669) Pause Young (Allocation Failure) 134M->134M(135M) 15.518ms
[2020-08-10T13:08:07.235+0300][1426.779s][debug][gc] GC(46670) Expanding ParOldGen from 137216K by 10752K to 147968K
[2020-08-10T13:08:07.236+0300][1426.779s][info ][gc] GC(46670) Pause Full (Ergonomics) 134M->133M(146M) 344.335ms
[2020-08-10T13:08:07.250+0300][1426.794s][info ][gc] GC(46671) Pause Young (Allocation Failure) 134M->134M(146M) 14.015ms
[2020-08-10T13:08:07.266+0300][1426.809s][info ][gc] GC(46672) Pause Young (Allocation Failure) 134M->134M(146M) 15.111ms
[2020-08-10T13:08:07.281+0300][1426.825s][info ][gc] GC(46673) Pause Young (Allocation Failure) 135M->135M(146M) 15.238ms
[2020-08-10T13:08:07.281+0300][1426.825s][debug][gc] Expanding ParOldGen from 147968K by 19968K to 167936K
[2020-08-10T13:08:07.304+0300][1426.848s][info ][gc] GC(46674) Pause Young (Allocation Failure) 154M->154M(165M) 14.716ms
[2020-08-10T13:08:07.342+0300][1426.885s][info ][gc] GC(46675) Pause Young (Allocation Failure) 155M->155M(165M) 37.064ms
[2020-08-10T13:08:07.355+0300][1426.899s][info ][gc] GC(46676) Pause Young (Allocation Failure) 155M->155M(165M) 13.148ms
[2020-08-10T13:08:07.369+0300][1426.912s][info ][gc] GC(46677) Pause Young (Allocation Failure) 156M->156M(165M) 13.089ms
[2020-08-10T13:08:07.382+0300][1426.926s][info ][gc] GC(46678) Pause Young (Allocation Failure) 156M->156M(165M) 12.898ms
[2020-08-10T13:08:07.395+0300][1426.939s][info ][gc] GC(46679) Pause Young (Allocation Failure) 157M->157M(165M) 12.764ms
[2020-08-10T13:08:07.408+0300][1426.952s][info ][gc] GC(46680) Pause Young (Allocation Failure) 157M->157M(165M) 12.819ms
[2020-08-10T13:08:07.422+0300][1426.965s][info ][gc] GC(46681) Pause Young (Allocation Failure) 157M->157M(165M) 13.030ms
[2020-08-10T13:08:07.435+0300][1426.979s][info ][gc] GC(46682) Pause Young (Allocation Failure) 158M->158M(165M) 13.118ms
[2020-08-10T13:08:07.449+0300][1426.992s][info ][gc] GC(46683) Pause Young (Allocation Failure) 158M->158M(165M) 12.952ms
[2020-08-10T13:08:07.462+0300][1427.006s][info ][gc] GC(46684) Pause Young (Allocation Failure) 159M->159M(165M) 13.022ms
[2020-08-10T13:08:07.476+0300][1427.019s][info ][gc] GC(46685) Pause Young (Allocation Failure) 159M->159M(165M) 13.017ms
[2020-08-10T13:08:07.489+0300][1427.033s][info ][gc] GC(46686) Pause Young (Allocation Failure) 160M->160M(165M) 13.125ms
[2020-08-10T13:08:07.503+0300][1427.046s][info ][gc] GC(46687) Pause Young (Allocation Failure) 160M->160M(165M) 13.040ms
[2020-08-10T13:08:07.516+0300][1427.060s][info ][gc] GC(46688) Pause Young (Allocation Failure) 161M->161M(165M) 13.058ms
[2020-08-10T13:08:07.530+0300][1427.073s][info ][gc] GC(46689) Pause Young (Allocation Failure) 161M->161M(165M) 13.050ms
[2020-08-10T13:08:07.543+0300][1427.087s][info ][gc] GC(46690) Pause Young (Allocation Failure) 162M->162M(165M) 13.015ms
[2020-08-10T13:08:07.557+0300][1427.100s][info ][gc] GC(46691) Pause Young (Allocation Failure) 162M->162M(165M) 13.152ms
[2020-08-10T13:08:07.571+0300][1427.114s][info ][gc] GC(46692) Pause Young (Allocation Failure) 163M->163M(165M) 13.305ms
[2020-08-10T13:08:07.598+0300][1427.142s][info ][gc] GC(46693) Pause Young (Allocation Failure) 164M->164M(166M) 26.940ms
[2020-08-10T13:08:07.680+0300][1427.224s][debug][gc] GC(46694) Shrinking ParOldGen from 167936K by 125440K to 42496K
[2020-08-10T13:08:07.680+0300][1427.224s][info ][gc] GC(46694) Pause Full (Ergonomics) 164M->30M(43M) 82.259ms
[2020-08-10T13:08:07.693+0300][1427.237s][info ][gc] GC(46695) Pause Young (Allocation Failure) 31M->31M(43M) 12.757ms
[2020-08-10T13:08:07.707+0300][1427.250s][info ][gc] GC(46696) Pause Young (Allocation Failure) 32M->32M(43M) 13.017ms
[2020-08-10T13:08:07.720+0300][1427.264s][info ][gc] GC(46697) Pause Young (Allocation Failure) 32M->32M(43M) 12.974ms
[2020-08-10T13:08:07.733+0300][1427.277s][info ][gc] GC(46698) Pause Young (Allocation Failure) 33M->32M(42M) 13.030ms
[2020-08-10T13:08:07.747+0300][1427.291s][info ][gc] GC(46699) Pause Young (Allocation Failure) 33M->33M(43M) 13.001ms
[2020-08-10T13:08:07.760+0300][1427.304s][info ][gc] GC(46700) Pause Young (Allocation Failure) 33M->33M(43M) 12.968ms
[2020-08-10T13:08:07.774+0300][1427.317s][info ][gc] GC(46701) Pause Young (Allocation Failure) 34M->34M(43M) 12.937ms
[2020-08-10T13:08:07.787+0300][1427.331s][info ][gc] GC(46702) Pause Young (Allocation Failure) 34M->34M(43M) 13.032ms
[2020-08-10T13:08:07.800+0300][1427.344s][info ][gc] GC(46703) Pause Young (Allocation Failure) 35M->35M(43M) 12.934ms
[2020-08-10T13:08:07.814+0300][1427.358s][info ][gc] GC(46704) Pause Young (Allocation Failure) 35M->35M(43M) 12.990ms
[2020-08-10T13:08:07.827+0300][1427.371s][info ][gc] GC(46705) Pause Young (Allocation Failure) 36M->36M(43M) 12.939ms
[2020-08-10T13:08:07.841+0300][1427.384s][info ][gc] GC(46706) Pause Young (Allocation Failure) 36M->36M(43M) 12.761ms
[2020-08-10T13:08:07.854+0300][1427.398s][info ][gc] GC(46707) Pause Young (Allocation Failure) 37M->37M(43M) 12.994ms
[2020-08-10T13:08:07.868+0300][1427.411s][info ][gc] GC(46708) Pause Young (Allocation Failure) 37M->37M(43M) 13.023ms
[2020-08-10T13:08:07.881+0300][1427.425s][info ][gc] GC(46709) Pause Young (Allocation Failure) 38M->38M(43M) 12.959ms
[2020-08-10T13:08:07.894+0300][1427.438s][info ][gc] GC(46710) Pause Young (Allocation Failure) 38M->38M(43M) 12.994ms
[2020-08-10T13:08:07.908+0300][1427.452s][info ][gc] GC(46711) Pause Young (Allocation Failure) 39M->38M(43M) 12.781ms
[2020-08-10T13:08:07.921+0300][1427.465s][info ][gc] GC(46712) Pause Young (Allocation Failure) 39M->39M(43M) 12.987ms
[2020-08-10T13:08:07.934+0300][1427.478s][info ][gc] GC(46713) Pause Young (Allocation Failure) 39M->39M(43M) 12.899ms
[2020-08-10T13:08:07.948+0300][1427.492s][info ][gc] GC(46714) Pause Young (Allocation Failure) 40M->40M(43M) 13.021ms
[2020-08-10T13:08:07.961+0300][1427.505s][info ][gc] GC(46715) Pause Young (Allocation Failure) 40M->40M(43M) 13.026ms
[2020-08-10T13:08:07.975+0300][1427.518s][info ][gc] GC(46716) Pause Young (Allocation Failure) 41M->41M(43M) 12.954ms
[2020-08-10T13:08:07.988+0300][1427.532s][info ][gc] GC(46717) Pause Young (Allocation Failure) 41M->41M(43M) 13.011ms
[2020-08-10T13:08:08.068+0300][1427.612s][debug][gc] GC(46718) Expanding ParOldGen from 42496K by 10752K to 53248K
[2020-08-10T13:08:08.068+0300][1427.612s][info ][gc] GC(46718) Pause Full (Ergonomics) 41M->41M(53M) 79.705ms
[2020-08-10T13:08:08.087+0300][1427.630s][info ][gc] GC(46719) Pause Young (Allocation Failure) 42M->42M(53M) 18.176ms
[2020-08-10T13:08:08.100+0300][1427.644s][info ][gc] GC(46720) Pause Young (Allocation Failure) 42M->42M(53M) 13.154ms
[2020-08-10T13:08:08.114+0300][1427.658s][info ][gc] GC(46721) Pause Young (Allocation Failure) 42M->42M(53M) 13.147ms
[2020-08-10T13:08:08.127+0300][1427.671s][info ][gc] GC(46722) Pause Young (Allocation Failure) 43M->43M(53M) 13.067ms
[2020-08-10T13:08:08.141+0300][1427.685s][info ][gc] GC(46723) Pause Young (Allocation Failure) 43M->43M(53M) 13.004ms
[2020-08-10T13:08:08.154+0300][1427.698s][info ][gc] GC(46724) Pause Young (Allocation Failure) 44M->44M(53M) 13.165ms
[2020-08-10T13:08:08.168+0300][1427.712s][info ][gc] GC(46725) Pause Young (Allocation Failure) 44M->44M(53M) 13.098ms
[2020-08-10T13:08:08.182+0300][1427.725s][info ][gc] GC(46726) Pause Young (Allocation Failure) 45M->45M(53M) 13.114ms
[2020-08-10T13:08:08.195+0300][1427.739s][info ][gc] GC(46727) Pause Young (Allocation Failure) 45M->45M(53M) 13.100ms
[2020-08-10T13:08:08.209+0300][1427.752s][info ][gc] GC(46728) Pause Young (Allocation Failure) 46M->46M(53M) 13.146ms
[2020-08-10T13:08:08.222+0300][1427.766s][info ][gc] GC(46729) Pause Young (Allocation Failure) 46M->46M(53M) 13.198ms
[2020-08-10T13:08:08.236+0300][1427.780s][info ][gc] GC(46730) Pause Young (Allocation Failure) 47M->47M(53M) 13.036ms
[2020-08-10T13:08:08.249+0300][1427.793s][info ][gc] GC(46731) Pause Young (Allocation Failure) 47M->47M(53M) 13.072ms
[2020-08-10T13:08:08.263+0300][1427.807s][info ][gc] GC(46732) Pause Young (Allocation Failure) 47M->47M(53M) 13.112ms
[2020-08-10T13:08:08.277+0300][1427.820s][info ][gc] GC(46733) Pause Young (Allocation Failure) 48M->48M(53M) 13.094ms
[2020-08-10T13:08:08.290+0300][1427.834s][info ][gc] GC(46734) Pause Young (Allocation Failure) 48M->48M(53M) 13.105ms
[2020-08-10T13:08:08.304+0300][1427.847s][info ][gc] GC(46735) Pause Young (Allocation Failure) 49M->49M(53M) 12.924ms
[2020-08-10T13:08:08.317+0300][1427.861s][info ][gc] GC(46736) Pause Young (Allocation Failure) 49M->49M(53M) 13.059ms
[2020-08-10T13:08:08.330+0300][1427.874s][info ][gc] GC(46737) Pause Young (Allocation Failure) 50M->50M(53M) 13.107ms
[2020-08-10T13:08:08.344+0300][1427.888s][info ][gc] GC(46738) Pause Young (Allocation Failure) 50M->50M(53M) 13.039ms
[2020-08-10T13:08:08.358+0300][1427.901s][info ][gc] GC(46739) Pause Young (Allocation Failure) 51M->51M(53M) 13.104ms
[2020-08-10T13:08:08.371+0300][1427.915s][info ][gc] GC(46740) Pause Young (Allocation Failure) 51M->51M(53M) 13.113ms
[2020-08-10T13:08:08.385+0300][1427.928s][info ][gc] GC(46741) Pause Young (Allocation Failure) 52M->52M(53M) 13.130ms
[2020-08-10T13:08:08.491+0300][1428.035s][debug][gc] GC(46742) Expanding ParOldGen from 53248K by 10752K to 64000K
[2020-08-10T13:08:08.491+0300][1428.035s][info ][gc] GC(46742) Pause Full (Ergonomics) 52M->51M(64M) 106.487ms
[2020-08-10T13:08:08.505+0300][1428.048s][info ][gc] GC(46743) Pause Young (Allocation Failure) 52M->52M(64M) 12.869ms
[2020-08-10T13:08:08.518+0300][1428.062s][info ][gc] GC(46744) Pause Young (Allocation Failure) 52M->52M(64M) 12.975ms
[2020-08-10T13:08:08.532+0300][1428.075s][info ][gc] GC(46745) Pause Young (Allocation Failure) 53M->53M(64M) 12.998ms
[2020-08-10T13:08:08.545+0300][1428.089s][info ][gc] GC(46746) Pause Young (Allocation Failure) 53M->53M(64M) 12.941ms
[2020-08-10T13:08:08.559+0300][1428.102s][info ][gc] GC(46747) Pause Young (Allocation Failure) 54M->54M(64M) 13.050ms
[2020-08-10T13:08:08.572+0300][1428.116s][info ][gc] GC(46748) Pause Young (Allocation Failure) 54M->54M(64M) 12.951ms
[2020-08-10T13:08:08.586+0300][1428.129s][info ][gc] GC(46749) Pause Young (Allocation Failure) 55M->55M(64M) 13.077ms
[2020-08-10T13:08:08.599+0300][1428.143s][info ][gc] GC(46750) Pause Young (Allocation Failure) 56M->56M(64M) 13.247ms
[2020-08-10T13:08:08.613+0300][1428.157s][info ][gc] GC(46751) Pause Young (Allocation Failure) 57M->57M(64M) 13.402ms
[2020-08-10T13:08:08.627+0300][1428.171s][info ][gc] GC(46752) Pause Young (Allocation Failure) 58M->58M(65M) 13.409ms
[2020-08-10T13:08:08.641+0300][1428.185s][info ][gc] GC(46753) Pause Young (Allocation Failure) 59M->59M(65M) 13.395ms
[2020-08-10T13:08:08.655+0300][1428.199s][info ][gc] GC(46754) Pause Young (Allocation Failure) 60M->60M(65M) 13.520ms
[2020-08-10T13:08:08.669+0300][1428.213s][info ][gc] GC(46755) Pause Young (Allocation Failure) 61M->61M(65M) 13.469ms
[2020-08-10T13:08:08.683+0300][1428.227s][info ][gc] GC(46756) Pause Young (Allocation Failure) 62M->62M(65M) 13.367ms
[2020-08-10T13:08:08.697+0300][1428.241s][info ][gc] GC(46757) Pause Young (Allocation Failure) 63M->63M(65M) 13.418ms
[2020-08-10T13:08:08.830+0300][1428.374s][debug][gc] GC(46758) Expanding ParOldGen from 64000K by 11776K to 75776K
[2020-08-10T13:08:08.830+0300][1428.374s][info ][gc] GC(46758) Pause Full (Ergonomics) 63M->62M(76M) 132.157ms
[2020-08-10T13:08:08.856+0300][1428.399s][info ][gc] GC(46759) Pause Young (Allocation Failure) 63M->63M(76M) 25.259ms
[2020-08-10T13:08:08.870+0300][1428.413s][info ][gc] GC(46760) Pause Young (Allocation Failure) 64M->64M(76M) 13.515ms
[2020-08-10T13:08:08.884+0300][1428.428s][info ][gc] GC(46761) Pause Young (Allocation Failure) 65M->65M(76M) 13.734ms
[2020-08-10T13:08:08.898+0300][1428.442s][info ][gc] GC(46762) Pause Young (Allocation Failure) 66M->66M(76M) 13.701ms
[2020-08-10T13:08:08.912+0300][1428.456s][info ][gc] GC(46763) Pause Young (Allocation Failure) 67M->67M(76M) 13.641ms
[2020-08-10T13:08:08.927+0300][1428.471s][info ][gc] GC(46764) Pause Young (Allocation Failure) 68M->68M(76M) 13.639ms
[2020-08-10T13:08:08.941+0300][1428.485s][info ][gc] GC(46765) Pause Young (Allocation Failure) 69M->69M(76M) 13.721ms
[2020-08-10T13:08:08.955+0300][1428.499s][info ][gc] GC(46766) Pause Young (Allocation Failure) 70M->70M(76M) 13.707ms
[2020-08-10T13:08:08.969+0300][1428.513s][info ][gc] GC(46767) Pause Young (Allocation Failure) 71M->71M(76M) 13.647ms
[2020-08-10T13:08:08.984+0300][1428.527s][info ][gc] GC(46768) Pause Young (Allocation Failure) 72M->72M(76M) 13.640ms
[2020-08-10T13:08:08.998+0300][1428.542s][info ][gc] GC(46769) Pause Young (Allocation Failure) 73M->73M(76M) 13.581ms
[2020-08-10T13:08:09.012+0300][1428.556s][info ][gc] GC(46770) Pause Young (Allocation Failure) 74M->74M(76M) 13.660ms
[2020-08-10T13:08:09.175+0300][1428.719s][debug][gc] GC(46771) Expanding ParOldGen from 75776K by 11776K to 87552K
[2020-08-10T13:08:09.175+0300][1428.719s][info ][gc] GC(46771) Pause Full (Ergonomics) 74M->73M(88M) 162.867ms
[2020-08-10T13:08:09.189+0300][1428.733s][info ][gc] GC(46772) Pause Young (Allocation Failure) 74M->74M(88M) 13.283ms
[2020-08-10T13:08:09.203+0300][1428.747s][info ][gc] GC(46773) Pause Young (Allocation Failure) 75M->75M(88M) 13.547ms
[2020-08-10T13:08:09.217+0300][1428.761s][info ][gc] GC(46774) Pause Young (Allocation Failure) 76M->76M(88M) 13.602ms
[2020-08-10T13:08:09.231+0300][1428.775s][info ][gc] GC(46775) Pause Young (Allocation Failure) 77M->77M(88M) 13.517ms
[2020-08-10T13:08:09.245+0300][1428.789s][info ][gc] GC(46776) Pause Young (Allocation Failure) 78M->78M(88M) 13.597ms
[2020-08-10T13:08:09.259+0300][1428.803s][info ][gc] GC(46777) Pause Young (Allocation Failure) 79M->79M(88M) 13.565ms
[2020-08-10T13:08:09.274+0300][1428.817s][info ][gc] GC(46778) Pause Young (Allocation Failure) 80M->80M(88M) 13.603ms
[2020-08-10T13:08:09.288+0300][1428.831s][info ][gc] GC(46779) Pause Young (Allocation Failure) 81M->81M(88M) 13.470ms
[2020-08-10T13:08:09.302+0300][1428.845s][info ][gc] GC(46780) Pause Young (Allocation Failure) 82M->82M(88M) 13.527ms
[2020-08-10T13:08:09.316+0300][1428.860s][info ][gc] GC(46781) Pause Young (Allocation Failure) 83M->83M(88M) 13.587ms
[2020-08-10T13:08:09.330+0300][1428.874s][info ][gc] GC(46782) Pause Young (Allocation Failure) 84M->84M(88M) 13.791ms
[2020-08-10T13:08:09.344+0300][1428.888s][info ][gc] GC(46783) Pause Young (Allocation Failure) 85M->85M(88M) 13.616ms
[2020-08-10T13:08:09.358+0300][1428.902s][info ][gc] GC(46784) Pause Young (Allocation Failure) 86M->85M(88M) 13.742ms
[2020-08-10T13:08:09.563+0300][1429.107s][debug][gc] GC(46785) Expanding ParOldGen from 87552K by 11776K to 99328K
[2020-08-10T13:08:09.563+0300][1429.107s][info ][gc] GC(46785) Pause Full (Ergonomics) 85M->85M(99M) 204.448ms
[2020-08-10T13:08:09.595+0300][1429.139s][info ][gc] GC(46786) Pause Young (Allocation Failure) 86M->86M(99M) 31.363ms
[2020-08-10T13:08:09.620+0300][1429.164s][info ][gc] GC(46787) Pause Young (Allocation Failure) 87M->87M(99M) 24.777ms
[2020-08-10T13:08:09.635+0300][1429.179s][info ][gc] GC(46788) Pause Young (Allocation Failure) 88M->88M(99M) 14.387ms
[2020-08-10T13:08:09.651+0300][1429.194s][info ][gc] GC(46789) Pause Young (Allocation Failure) 89M->89M(99M) 14.591ms
[2020-08-10T13:08:09.666+0300][1429.210s][info ][gc] GC(46790) Pause Young (Allocation Failure) 90M->90M(99M) 14.696ms
[2020-08-10T13:08:09.681+0300][1429.225s][info ][gc] GC(46791) Pause Young (Allocation Failure) 91M->91M(99M) 14.639ms
[2020-08-10T13:08:09.696+0300][1429.240s][info ][gc] GC(46792) Pause Young (Allocation Failure) 92M->92M(99M) 14.600ms
[2020-08-10T13:08:09.711+0300][1429.255s][info ][gc] GC(46793) Pause Young (Allocation Failure) 93M->93M(99M) 14.806ms
[2020-08-10T13:08:09.727+0300][1429.271s][info ][gc] GC(46794) Pause Young (Allocation Failure) 94M->94M(99M) 15.133ms
[2020-08-10T13:08:09.743+0300][1429.287s][info ][gc] GC(46795) Pause Young (Allocation Failure) 95M->95M(99M) 15.129ms
[2020-08-10T13:08:09.758+0300][1429.302s][info ][gc] GC(46796) Pause Young (Allocation Failure) 96M->96M(99M) 14.952ms
[2020-08-10T13:08:09.774+0300][1429.318s][info ][gc] GC(46797) Pause Young (Allocation Failure) 97M->97M(99M) 15.082ms
[2020-08-10T13:08:10.002+0300][1429.546s][debug][gc] GC(46798) Expanding ParOldGen from 99328K by 11264K to 110592K
[2020-08-10T13:08:10.002+0300][1429.546s][info ][gc] GC(46798) Pause Full (Ergonomics) 97M->97M(110M) 228.014ms
[2020-08-10T13:08:10.037+0300][1429.581s][info ][gc] GC(46799) Pause Young (Allocation Failure) 98M->98M(110M) 34.001ms
[2020-08-10T13:08:10.053+0300][1429.596s][info ][gc] GC(46800) Pause Young (Allocation Failure) 99M->98M(110M) 15.293ms
[2020-08-10T13:08:10.068+0300][1429.612s][info ][gc] GC(46801) Pause Young (Allocation Failure) 99M->99M(110M) 15.374ms
[2020-08-10T13:08:10.084+0300][1429.628s][info ][gc] GC(46802) Pause Young (Allocation Failure) 100M->100M(110M) 15.523ms
[2020-08-10T13:08:10.101+0300][1429.644s][info ][gc] GC(46803) Pause Young (Allocation Failure) 101M->101M(110M) 15.493ms
[2020-08-10T13:08:10.117+0300][1429.661s][info ][gc] GC(46804) Pause Young (Allocation Failure) 102M->102M(110M) 15.670ms
[2020-08-10T13:08:10.133+0300][1429.677s][info ][gc] GC(46805) Pause Young (Allocation Failure) 103M->103M(110M) 15.891ms
[2020-08-10T13:08:10.161+0300][1429.705s][info ][gc] GC(46806) Pause Young (Allocation Failure) 104M->104M(110M) 27.629ms
[2020-08-10T13:08:10.178+0300][1429.722s][info ][gc] GC(46807) Pause Young (Allocation Failure) 105M->105M(110M) 15.929ms
[2020-08-10T13:08:10.194+0300][1429.738s][info ][gc] GC(46808) Pause Young (Allocation Failure) 106M->106M(110M) 15.835ms
[2020-08-10T13:08:10.211+0300][1429.754s][info ][gc] GC(46809) Pause Young (Allocation Failure) 107M->107M(110M) 15.979ms
[2020-08-10T13:08:10.228+0300][1429.771s][info ][gc] GC(46810) Pause Young (Allocation Failure) 108M->108M(110M) 16.288ms
[2020-08-10T13:08:10.487+0300][1430.031s][debug][gc] GC(46811) Expanding ParOldGen from 110592K by 11264K to 121856K
[2020-08-10T13:08:10.487+0300][1430.031s][info ][gc] GC(46811) Pause Full (Ergonomics) 108M->108M(121M) 259.570ms
[2020-08-10T13:08:10.525+0300][1430.068s][info ][gc] GC(46812) Pause Young (Allocation Failure) 109M->109M(121M) 36.707ms
[2020-08-10T13:08:10.541+0300][1430.085s][info ][gc] GC(46813) Pause Young (Allocation Failure) 110M->110M(121M) 16.286ms
[2020-08-10T13:08:10.558+0300][1430.102s][info ][gc] GC(46814) Pause Young (Allocation Failure) 111M->111M(121M) 16.392ms
[2020-08-10T13:08:10.576+0300][1430.119s][info ][gc] GC(46815) Pause Young (Allocation Failure) 112M->112M(121M) 16.817ms
[2020-08-10T13:08:10.593+0300][1430.137s][info ][gc] GC(46816) Pause Young (Allocation Failure) 113M->112M(121M) 16.639ms
[2020-08-10T13:08:10.610+0300][1430.154s][info ][gc] GC(46817) Pause Young (Allocation Failure) 113M->113M(121M) 16.527ms
[2020-08-10T13:08:10.627+0300][1430.171s][info ][gc] GC(46818) Pause Young (Allocation Failure) 114M->114M(121M) 16.639ms
[2020-08-10T13:08:10.644+0300][1430.188s][info ][gc] GC(46819) Pause Young (Allocation Failure) 115M->115M(121M) 16.817ms
[2020-08-10T13:08:10.662+0300][1430.205s][info ][gc] GC(46820) Pause Young (Allocation Failure) 116M->116M(121M) 16.860ms
[2020-08-10T13:08:10.679+0300][1430.223s][info ][gc] GC(46821) Pause Young (Allocation Failure) 117M->117M(121M) 16.971ms
[2020-08-10T13:08:10.722+0300][1430.266s][info ][gc] GC(46822) Pause Young (Allocation Failure) 118M->118M(121M) 42.364ms
[2020-08-10T13:08:10.740+0300][1430.284s][info ][gc] GC(46823) Pause Young (Allocation Failure) 119M->119M(121M) 17.666ms
[2020-08-10T13:08:11.037+0300][1430.581s][debug][gc] GC(46824) Expanding ParOldGen from 121856K by 11776K to 133632K
[2020-08-10T13:08:11.038+0300][1430.582s][info ][gc] GC(46824) Pause Full (Ergonomics) 119M->119M(132M) 297.135ms
[2020-08-10T13:08:11.072+0300][1430.616s][info ][gc] GC(46825) Pause Young (Allocation Failure) 120M->120M(132M) 34.128ms
[2020-08-10T13:08:11.114+0300][1430.658s][info ][gc] GC(46826) Pause Young (Allocation Failure) 120M->120M(132M) 41.488ms
[2020-08-10T13:08:11.129+0300][1430.673s][info ][gc] GC(46827) Pause Young (Allocation Failure) 121M->121M(132M) 14.723ms
[2020-08-10T13:08:11.145+0300][1430.689s][info ][gc] GC(46828) Pause Young (Allocation Failure) 121M->121M(132M) 14.798ms
[2020-08-10T13:08:11.160+0300][1430.704s][info ][gc] GC(46829) Pause Young (Allocation Failure) 122M->122M(132M) 15.269ms
[2020-08-10T13:08:11.175+0300][1430.719s][info ][gc] GC(46830) Pause Young (Allocation Failure) 122M->122M(132M) 14.570ms
[2020-08-10T13:08:11.214+0300][1430.758s][info ][gc] GC(46831) Pause Young (Allocation Failure) 123M->123M(132M) 38.424ms
[2020-08-10T13:08:11.230+0300][1430.774s][info ][gc] GC(46832) Pause Young (Allocation Failure) 123M->123M(132M) 15.049ms
[2020-08-10T13:08:11.245+0300][1430.789s][info ][gc] GC(46833) Pause Young (Allocation Failure) 124M->124M(132M) 14.631ms
[2020-08-10T13:08:11.260+0300][1430.804s][info ][gc] GC(46834) Pause Young (Allocation Failure) 124M->124M(132M) 15.206ms
[2020-08-10T13:08:11.276+0300][1430.820s][info ][gc] GC(46835) Pause Young (Allocation Failure) 124M->124M(132M) 14.990ms
[2020-08-10T13:08:11.310+0300][1430.854s][info ][gc] GC(46836) Pause Young (Allocation Failure) 125M->125M(132M) 34.091ms
[2020-08-10T13:08:11.327+0300][1430.871s][info ][gc] GC(46837) Pause Young (Allocation Failure) 125M->125M(132M) 16.701ms
[2020-08-10T13:08:11.349+0300][1430.893s][info ][gc] GC(46838) Pause Young (Allocation Failure) 126M->126M(132M) 21.490ms
[2020-08-10T13:08:11.365+0300][1430.909s][info ][gc] GC(46839) Pause Young (Allocation Failure) 126M->126M(132M) 15.052ms
[2020-08-10T13:08:11.380+0300][1430.924s][info ][gc] GC(46840) Pause Young (Allocation Failure) 127M->127M(132M) 15.144ms
[2020-08-10T13:08:11.396+0300][1430.940s][info ][gc] GC(46841) Pause Young (Allocation Failure) 127M->127M(132M) 15.135ms
[2020-08-10T13:08:11.438+0300][1430.982s][info ][gc] GC(46842) Pause Young (Allocation Failure) 128M->128M(131M) 41.550ms
[2020-08-10T13:08:11.454+0300][1430.998s][info ][gc] GC(46843) Pause Young (Allocation Failure) 128M->128M(132M) 16.010ms
[2020-08-10T13:08:11.472+0300][1431.016s][info ][gc] GC(46844) Pause Young (Allocation Failure) 129M->128M(132M) 17.096ms
[2020-08-10T13:08:11.488+0300][1431.032s][info ][gc] GC(46845) Pause Young (Allocation Failure) 129M->129M(132M) 15.760ms
[2020-08-10T13:08:11.504+0300][1431.048s][info ][gc] GC(46846) Pause Young (Allocation Failure) 129M->129M(132M) 15.380ms
[2020-08-10T13:08:11.519+0300][1431.063s][info ][gc] GC(46847) Pause Young (Allocation Failure) 130M->130M(132M) 15.098ms
[2020-08-10T13:08:11.941+0300][1431.485s][debug][gc] GC(46848) Expanding ParOldGen from 133632K by 10752K to 144384K
[2020-08-10T13:08:11.941+0300][1431.485s][info ][gc] GC(46848) Pause Full (Ergonomics) 130M->130M(142M) 421.395ms
[2020-08-10T13:08:11.955+0300][1431.499s][info ][gc] GC(46849) Pause Young (Allocation Failure) 130M->130M(142M) 14.151ms
[2020-08-10T13:08:11.971+0300][1431.515s][info ][gc] GC(46850) Pause Young (Allocation Failure) 131M->131M(142M) 15.258ms
[2020-08-10T13:08:11.986+0300][1431.530s][info ][gc] GC(46851) Pause Young (Allocation Failure) 131M->131M(142M) 15.030ms
[2020-08-10T13:08:12.002+0300][1431.546s][info ][gc] GC(46852) Pause Young (Allocation Failure) 131M->131M(142M) 15.195ms
[2020-08-10T13:08:12.017+0300][1431.561s][info ][gc] GC(46853) Pause Young (Allocation Failure) 132M->132M(142M) 15.051ms
[2020-08-10T13:08:12.033+0300][1431.577s][info ][gc] GC(46854) Pause Young (Allocation Failure) 132M->132M(142M) 15.352ms
[2020-08-10T13:08:12.048+0300][1431.592s][info ][gc] GC(46855) Pause Young (Allocation Failure) 133M->133M(142M) 15.212ms
[2020-08-10T13:08:12.064+0300][1431.608s][info ][gc] GC(46856) Pause Young (Allocation Failure) 133M->133M(142M) 15.114ms
[2020-08-10T13:08:12.103+0300][1431.647s][info ][gc] GC(46857) Pause Young (Allocation Failure) 134M->134M(142M) 38.378ms
[2020-08-10T13:08:12.118+0300][1431.662s][info ][gc] GC(46858) Pause Young (Allocation Failure) 134M->134M(142M) 15.288ms
[2020-08-10T13:08:12.134+0300][1431.678s][info ][gc] GC(46859) Pause Young (Allocation Failure) 135M->135M(142M) 15.057ms
[2020-08-10T13:08:12.150+0300][1431.694s][info ][gc] GC(46860) Pause Young (Allocation Failure) 135M->135M(142M) 15.981ms
[2020-08-10T13:08:12.150+0300][1431.694s][debug][gc] Expanding ParOldGen from 144384K by 19968K to 164352K
[2020-08-10T13:08:12.178+0300][1431.722s][info ][gc] GC(46861) Pause Young (Allocation Failure) 155M->154M(162M) 19.494ms
[2020-08-10T13:08:12.191+0300][1431.735s][info ][gc] GC(46862) Pause Young (Allocation Failure) 155M->155M(162M) 13.069ms
[2020-08-10T13:08:12.205+0300][1431.749s][info ][gc] GC(46863) Pause Young (Allocation Failure) 155M->155M(162M) 13.180ms
[2020-08-10T13:08:12.218+0300][1431.762s][info ][gc] GC(46864) Pause Young (Allocation Failure) 156M->156M(162M) 13.094ms
[2020-08-10T13:08:12.232+0300][1431.776s][info ][gc] GC(46865) Pause Young (Allocation Failure) 156M->156M(162M) 13.094ms
[2020-08-10T13:08:12.245+0300][1431.789s][info ][gc] GC(46866) Pause Young (Allocation Failure) 157M->157M(162M) 13.131ms
[2020-08-10T13:08:12.275+0300][1431.819s][info ][gc] GC(46867) Pause Young (Allocation Failure) 157M->157M(162M) 29.968ms
[2020-08-10T13:08:12.290+0300][1431.833s][info ][gc] GC(46868) Pause Young (Allocation Failure) 158M->158M(162M) 13.667ms
[2020-08-10T13:08:12.303+0300][1431.847s][info ][gc] GC(46869) Pause Young (Allocation Failure) 158M->158M(162M) 13.327ms
[2020-08-10T13:08:12.317+0300][1431.861s][info ][gc] GC(46870) Pause Young (Allocation Failure) 159M->159M(162M) 13.205ms
[2020-08-10T13:08:12.345+0300][1431.889s][info ][gc] GC(46871) Pause Young (Allocation Failure) 159M->159M(162M) 27.762ms
[2020-08-10T13:08:12.359+0300][1431.903s][info ][gc] GC(46872) Pause Young (Allocation Failure) 159M->159M(162M) 13.338ms
[2020-08-10T13:08:12.373+0300][1431.917s][info ][gc] GC(46873) Pause Young (Allocation Failure) 160M->160M(162M) 13.369ms
[2020-08-10T13:08:12.386+0300][1431.930s][info ][gc] GC(46874) Pause Young (Allocation Failure) 160M->160M(162M) 13.180ms
[2020-08-10T13:08:12.456+0300][1432.000s][debug][gc] GC(46875) Shrinking ParOldGen from 164352K by 125440K to 38912K
[2020-08-10T13:08:12.456+0300][1432.000s][info ][gc] GC(46875) Pause Full (Ergonomics) 160M->27M(39M) 70.063ms
[2020-08-10T13:08:12.485+0300][1432.029s][info ][gc] GC(46876) Pause Young (Allocation Failure) 27M->27M(39M) 28.058ms
[2020-08-10T13:08:12.499+0300][1432.043s][info ][gc] GC(46877) Pause Young (Allocation Failure) 28M->28M(39M) 13.021ms
[2020-08-10T13:08:12.514+0300][1432.058s][info ][gc] GC(46878) Pause Young (Allocation Failure) 28M->28M(39M) 14.983ms
[2020-08-10T13:08:12.527+0300][1432.071s][info ][gc] GC(46879) Pause Young (Allocation Failure) 28M->28M(39M) 12.933ms
[2020-08-10T13:08:12.541+0300][1432.085s][info ][gc] GC(46880) Pause Young (Allocation Failure) 29M->29M(39M) 12.731ms
[2020-08-10T13:08:12.554+0300][1432.098s][info ][gc] GC(46881) Pause Young (Allocation Failure) 29M->29M(39M) 12.725ms
[2020-08-10T13:08:12.567+0300][1432.111s][info ][gc] GC(46882) Pause Young (Allocation Failure) 30M->30M(39M) 12.684ms
[2020-08-10T13:08:12.580+0300][1432.124s][info ][gc] GC(46883) Pause Young (Allocation Failure) 30M->30M(39M) 12.987ms
[2020-08-10T13:08:12.593+0300][1432.137s][info ][gc] GC(46884) Pause Young (Allocation Failure) 31M->31M(39M) 12.890ms
[2020-08-10T13:08:12.606+0300][1432.150s][info ][gc] GC(46885) Pause Young (Allocation Failure) 31M->31M(39M) 12.763ms
[2020-08-10T13:08:12.619+0300][1432.163s][info ][gc] GC(46886) Pause Young (Allocation Failure) 32M->32M(39M) 12.620ms
[2020-08-10T13:08:12.633+0300][1432.177s][info ][gc] GC(46887) Pause Young (Allocation Failure) 32M->32M(39M) 12.902ms
[2020-08-10T13:08:12.646+0300][1432.190s][info ][gc] GC(46888) Pause Young (Allocation Failure) 33M->33M(39M) 13.010ms
[2020-08-10T13:08:12.659+0300][1432.203s][info ][gc] GC(46889) Pause Young (Allocation Failure) 33M->33M(39M) 12.898ms
[2020-08-10T13:08:12.674+0300][1432.218s][info ][gc] GC(46890) Pause Young (Allocation Failure) 34M->34M(39M) 14.010ms
[2020-08-10T13:08:12.687+0300][1432.231s][info ][gc] GC(46891) Pause Young (Allocation Failure) 34M->34M(39M) 12.986ms
[2020-08-10T13:08:12.701+0300][1432.245s][info ][gc] GC(46892) Pause Young (Allocation Failure) 35M->35M(39M) 13.258ms
[2020-08-10T13:08:12.715+0300][1432.259s][info ][gc] GC(46893) Pause Young (Allocation Failure) 36M->36M(40M) 13.165ms
[2020-08-10T13:08:12.729+0300][1432.273s][info ][gc] GC(46894) Pause Young (Allocation Failure) 37M->37M(40M) 13.451ms
[2020-08-10T13:08:12.743+0300][1432.287s][info ][gc] GC(46895) Pause Young (Allocation Failure) 38M->38M(40M) 13.503ms
[2020-08-10T13:08:12.814+0300][1432.358s][debug][gc] GC(46896) Expanding ParOldGen from 38912K by 11264K to 50176K
[2020-08-10T13:08:12.814+0300][1432.358s][info ][gc] GC(46896) Pause Full (Ergonomics) 38M->38M(51M) 70.998ms
[2020-08-10T13:08:12.832+0300][1432.376s][info ][gc] GC(46897) Pause Young (Allocation Failure) 39M->39M(51M) 17.389ms
[2020-08-10T13:08:12.846+0300][1432.390s][info ][gc] GC(46898) Pause Young (Allocation Failure) 40M->39M(51M) 13.646ms
[2020-08-10T13:08:12.860+0300][1432.404s][info ][gc] GC(46899) Pause Young (Allocation Failure) 40M->40M(51M) 13.518ms
[2020-08-10T13:08:12.874+0300][1432.418s][info ][gc] GC(46900) Pause Young (Allocation Failure) 41M->41M(51M) 13.525ms
[2020-08-10T13:08:12.888+0300][1432.432s][info ][gc] GC(46901) Pause Young (Allocation Failure) 42M->42M(51M) 13.499ms
[2020-08-10T13:08:12.902+0300][1432.446s][info ][gc] GC(46902) Pause Young (Allocation Failure) 43M->43M(51M) 13.448ms
[2020-08-10T13:08:12.916+0300][1432.460s][info ][gc] GC(46903) Pause Young (Allocation Failure) 44M->44M(51M) 13.289ms
[2020-08-10T13:08:12.930+0300][1432.474s][info ][gc] GC(46904) Pause Young (Allocation Failure) 45M->45M(51M) 13.564ms
[2020-08-10T13:08:12.944+0300][1432.488s][info ][gc] GC(46905) Pause Young (Allocation Failure) 46M->46M(51M) 13.136ms
[2020-08-10T13:08:12.958+0300][1432.502s][info ][gc] GC(46906) Pause Young (Allocation Failure) 47M->47M(51M) 13.598ms
[2020-08-10T13:08:12.972+0300][1432.516s][info ][gc] GC(46907) Pause Young (Allocation Failure) 48M->48M(51M) 13.486ms
[2020-08-10T13:08:12.986+0300][1432.530s][info ][gc] GC(46908) Pause Young (Allocation Failure) 49M->49M(51M) 13.413ms
[2020-08-10T13:08:13.083+0300][1432.627s][debug][gc] GC(46909) Expanding ParOldGen from 50176K by 11776K to 61952K
[2020-08-10T13:08:13.083+0300][1432.627s][info ][gc] GC(46909) Pause Full (Ergonomics) 49M->49M(63M) 96.934ms
[2020-08-10T13:08:13.103+0300][1432.647s][info ][gc] GC(46910) Pause Young (Allocation Failure) 50M->50M(63M) 19.891ms
[2020-08-10T13:08:13.118+0300][1432.662s][info ][gc] GC(46911) Pause Young (Allocation Failure) 51M->51M(63M) 13.606ms
[2020-08-10T13:08:13.132+0300][1432.676s][info ][gc] GC(46912) Pause Young (Allocation Failure) 52M->51M(63M) 13.538ms
[2020-08-10T13:08:13.146+0300][1432.690s][info ][gc] GC(46913) Pause Young (Allocation Failure) 52M->52M(63M) 13.598ms
[2020-08-10T13:08:13.160+0300][1432.704s][info ][gc] GC(46914) Pause Young (Allocation Failure) 53M->53M(63M) 13.512ms
[2020-08-10T13:08:13.174+0300][1432.718s][info ][gc] GC(46915) Pause Young (Allocation Failure) 54M->54M(63M) 13.504ms
[2020-08-10T13:08:13.188+0300][1432.732s][info ][gc] GC(46916) Pause Young (Allocation Failure) 55M->55M(63M) 13.616ms
[2020-08-10T13:08:13.202+0300][1432.746s][info ][gc] GC(46917) Pause Young (Allocation Failure) 56M->56M(63M) 13.624ms
[2020-08-10T13:08:13.216+0300][1432.760s][info ][gc] GC(46918) Pause Young (Allocation Failure) 57M->57M(63M) 13.695ms
[2020-08-10T13:08:13.231+0300][1432.775s][info ][gc] GC(46919) Pause Young (Allocation Failure) 58M->58M(63M) 13.610ms
[2020-08-10T13:08:13.245+0300][1432.789s][info ][gc] GC(46920) Pause Young (Allocation Failure) 59M->59M(63M) 13.535ms
[2020-08-10T13:08:13.259+0300][1432.803s][info ][gc] GC(46921) Pause Young (Allocation Failure) 60M->60M(63M) 13.539ms
[2020-08-10T13:08:13.383+0300][1432.927s][debug][gc] GC(46922) Expanding ParOldGen from 61952K by 11776K to 73728K
[2020-08-10T13:08:13.384+0300][1432.928s][info ][gc] GC(46922) Pause Full (Ergonomics) 60M->60M(74M) 124.741ms
[2020-08-10T13:08:13.397+0300][1432.941s][info ][gc] GC(46923) Pause Young (Allocation Failure) 61M->61M(74M) 13.041ms
[2020-08-10T13:08:13.411+0300][1432.955s][info ][gc] GC(46924) Pause Young (Allocation Failure) 62M->62M(74M) 13.433ms
[2020-08-10T13:08:13.425+0300][1432.969s][info ][gc] GC(46925) Pause Young (Allocation Failure) 63M->63M(74M) 13.396ms
[2020-08-10T13:08:13.439+0300][1432.983s][info ][gc] GC(46926) Pause Young (Allocation Failure) 64M->64M(74M) 13.382ms
[2020-08-10T13:08:13.453+0300][1432.997s][info ][gc] GC(46927) Pause Young (Allocation Failure) 65M->65M(74M) 13.418ms
[2020-08-10T13:08:13.467+0300][1433.011s][info ][gc] GC(46928) Pause Young (Allocation Failure) 66M->66M(74M) 13.622ms
[2020-08-10T13:08:13.481+0300][1433.025s][info ][gc] GC(46929) Pause Young (Allocation Failure) 67M->67M(74M) 13.517ms
[2020-08-10T13:08:13.495+0300][1433.039s][info ][gc] GC(46930) Pause Young (Allocation Failure) 68M->67M(74M) 13.489ms
[2020-08-10T13:08:13.509+0300][1433.053s][info ][gc] GC(46931) Pause Young (Allocation Failure) 68M->68M(74M) 13.501ms
[2020-08-10T13:08:13.523+0300][1433.067s][info ][gc] GC(46932) Pause Young (Allocation Failure) 69M->69M(74M) 13.433ms
[2020-08-10T13:08:13.537+0300][1433.081s][info ][gc] GC(46933) Pause Young (Allocation Failure) 70M->70M(74M) 13.458ms
[2020-08-10T13:08:13.551+0300][1433.095s][info ][gc] GC(46934) Pause Young (Allocation Failure) 71M->71M(74M) 13.448ms
[2020-08-10T13:08:13.564+0300][1433.109s][info ][gc] GC(46935) Pause Young (Allocation Failure) 72M->72M(74M) 13.550ms
[2020-08-10T13:08:13.796+0300][1433.340s][debug][gc] GC(46936) Expanding ParOldGen from 73728K by 11264K to 84992K
[2020-08-10T13:08:13.796+0300][1433.340s][info ][gc] GC(46936) Pause Full (Ergonomics) 72M->72M(85M) 231.482ms
[2020-08-10T13:08:13.827+0300][1433.371s][info ][gc] GC(46937) Pause Young (Allocation Failure) 73M->73M(85M) 30.282ms
[2020-08-10T13:08:13.841+0300][1433.386s][info ][gc] GC(46938) Pause Young (Allocation Failure) 74M->74M(85M) 13.834ms
[2020-08-10T13:08:13.856+0300][1433.400s][info ][gc] GC(46939) Pause Young (Allocation Failure) 75M->75M(85M) 13.725ms
[2020-08-10T13:08:13.870+0300][1433.414s][info ][gc] GC(46940) Pause Young (Allocation Failure) 76M->76M(85M) 13.908ms
[2020-08-10T13:08:13.885+0300][1433.429s][info ][gc] GC(46941) Pause Young (Allocation Failure) 77M->77M(85M) 13.854ms
[2020-08-10T13:08:13.899+0300][1433.443s][info ][gc] GC(46942) Pause Young (Allocation Failure) 78M->78M(85M) 13.864ms
[2020-08-10T13:08:13.913+0300][1433.457s][info ][gc] GC(46943) Pause Young (Allocation Failure) 79M->79M(85M) 13.904ms
[2020-08-10T13:08:13.928+0300][1433.472s][info ][gc] GC(46944) Pause Young (Allocation Failure) 80M->80M(85M) 13.869ms
[2020-08-10T13:08:13.942+0300][1433.486s][info ][gc] GC(46945) Pause Young (Allocation Failure) 81M->81M(85M) 13.905ms
[2020-08-10T13:08:13.957+0300][1433.501s][info ][gc] GC(46946) Pause Young (Allocation Failure) 82M->82M(85M) 13.966ms
[2020-08-10T13:08:13.972+0300][1433.516s][info ][gc] GC(46947) Pause Young (Allocation Failure) 83M->83M(85M) 14.106ms
[2020-08-10T13:08:14.160+0300][1433.704s][debug][gc] GC(46948) Expanding ParOldGen from 84992K by 11776K to 96768K
[2020-08-10T13:08:14.160+0300][1433.704s][info ][gc] GC(46948) Pause Full (Ergonomics) 83M->82M(97M) 188.389ms
[2020-08-10T13:08:14.174+0300][1433.718s][info ][gc] GC(46949) Pause Young (Allocation Failure) 83M->83M(97M) 13.007ms
[2020-08-10T13:08:14.188+0300][1433.732s][info ][gc] GC(46950) Pause Young (Allocation Failure) 84M->84M(97M) 13.810ms
[2020-08-10T13:08:14.203+0300][1433.747s][info ][gc] GC(46951) Pause Young (Allocation Failure) 85M->85M(97M) 13.907ms
[2020-08-10T13:08:14.217+0300][1433.761s][info ][gc] GC(46952) Pause Young (Allocation Failure) 86M->86M(97M) 13.806ms
[2020-08-10T13:08:14.232+0300][1433.776s][info ][gc] GC(46953) Pause Young (Allocation Failure) 87M->87M(97M) 13.988ms
[2020-08-10T13:08:14.246+0300][1433.791s][info ][gc] GC(46954) Pause Young (Allocation Failure) 88M->88M(97M) 14.205ms
[2020-08-10T13:08:14.261+0300][1433.805s][info ][gc] GC(46955) Pause Young (Allocation Failure) 89M->89M(97M) 14.171ms
[2020-08-10T13:08:14.276+0300][1433.820s][info ][gc] GC(46956) Pause Young (Allocation Failure) 90M->90M(97M) 14.441ms
[2020-08-10T13:08:14.291+0300][1433.836s][info ][gc] GC(46957) Pause Young (Allocation Failure) 91M->91M(96M) 14.827ms
[2020-08-10T13:08:14.306+0300][1433.851s][info ][gc] GC(46958) Pause Young (Allocation Failure) 92M->92M(96M) 14.497ms
[2020-08-10T13:08:14.320+0300][1433.864s][info ][gc] GC(46959) Pause Young (Allocation Failure) 93M->92M(96M) 13.354ms
[2020-08-10T13:08:14.334+0300][1433.878s][info ][gc] GC(46960) Pause Young (Allocation Failure) 93M->93M(96M) 12.966ms
[2020-08-10T13:08:14.347+0300][1433.891s][info ][gc] GC(46961) Pause Young (Allocation Failure) 93M->93M(96M) 13.139ms
[2020-08-10T13:08:14.574+0300][1434.118s][debug][gc] GC(46962) Expanding ParOldGen from 96768K by 10752K to 107520K
[2020-08-10T13:08:14.574+0300][1434.118s][info ][gc] GC(46962) Pause Full (Ergonomics) 93M->93M(107M) 226.177ms
[2020-08-10T13:08:14.587+0300][1434.131s][info ][gc] GC(46963) Pause Young (Allocation Failure) 94M->94M(107M) 12.923ms
[2020-08-10T13:08:14.601+0300][1434.145s][info ][gc] GC(46964) Pause Young (Allocation Failure) 94M->94M(107M) 13.048ms
[2020-08-10T13:08:14.614+0300][1434.158s][info ][gc] GC(46965) Pause Young (Allocation Failure) 95M->95M(107M) 12.874ms
[2020-08-10T13:08:14.629+0300][1434.173s][info ][gc] GC(46966) Pause Young (Allocation Failure) 95M->95M(107M) 14.608ms
[2020-08-10T13:08:14.642+0300][1434.186s][info ][gc] GC(46967) Pause Young (Allocation Failure) 96M->96M(107M) 12.960ms
[2020-08-10T13:08:14.656+0300][1434.200s][info ][gc] GC(46968) Pause Young (Allocation Failure) 96M->96M(107M) 12.947ms
[2020-08-10T13:08:14.669+0300][1434.213s][info ][gc] GC(46969) Pause Young (Allocation Failure) 96M->96M(107M) 12.901ms
[2020-08-10T13:08:14.682+0300][1434.226s][info ][gc] GC(46970) Pause Young (Allocation Failure) 97M->97M(107M) 13.125ms
[2020-08-10T13:08:14.696+0300][1434.240s][info ][gc] GC(46971) Pause Young (Allocation Failure) 97M->97M(107M) 13.128ms
[2020-08-10T13:08:14.709+0300][1434.254s][info ][gc] GC(46972) Pause Young (Allocation Failure) 98M->98M(107M) 13.157ms
[2020-08-10T13:08:14.723+0300][1434.267s][info ][gc] GC(46973) Pause Young (Allocation Failure) 98M->98M(107M) 13.078ms
[2020-08-10T13:08:14.737+0300][1434.281s][info ][gc] GC(46974) Pause Young (Allocation Failure) 99M->99M(107M) 13.134ms
[2020-08-10T13:08:14.750+0300][1434.294s][info ][gc] GC(46975) Pause Young (Allocation Failure) 99M->99M(107M) 13.048ms
[2020-08-10T13:08:14.764+0300][1434.308s][info ][gc] GC(46976) Pause Young (Allocation Failure) 100M->100M(106M) 13.343ms
[2020-08-10T13:08:14.777+0300][1434.321s][info ][gc] GC(46977) Pause Young (Allocation Failure) 100M->100M(106M) 13.136ms
[2020-08-10T13:08:14.791+0300][1434.335s][info ][gc] GC(46978) Pause Young (Allocation Failure) 101M->101M(106M) 13.101ms
[2020-08-10T13:08:14.804+0300][1434.348s][info ][gc] GC(46979) Pause Young (Allocation Failure) 101M->101M(106M) 13.093ms
[2020-08-10T13:08:14.818+0300][1434.362s][info ][gc] GC(46980) Pause Young (Allocation Failure) 102M->101M(106M) 13.129ms
[2020-08-10T13:08:14.831+0300][1434.375s][info ][gc] GC(46981) Pause Young (Allocation Failure) 102M->102M(106M) 13.119ms
[2020-08-10T13:08:14.845+0300][1434.389s][info ][gc] GC(46982) Pause Young (Allocation Failure) 102M->102M(106M) 13.155ms
[2020-08-10T13:08:14.858+0300][1434.403s][info ][gc] GC(46983) Pause Young (Allocation Failure) 103M->103M(106M) 13.128ms
[2020-08-10T13:08:14.872+0300][1434.416s][info ][gc] GC(46984) Pause Young (Allocation Failure) 103M->103M(106M) 13.089ms
[2020-08-10T13:08:14.885+0300][1434.430s][info ][gc] GC(46985) Pause Young (Allocation Failure) 104M->104M(106M) 13.135ms
[2020-08-10T13:08:14.899+0300][1434.443s][info ][gc] GC(46986) Pause Young (Allocation Failure) 104M->104M(106M) 13.069ms
[2020-08-10T13:08:14.912+0300][1434.456s][info ][gc] GC(46987) Pause Young (Allocation Failure) 105M->105M(106M) 12.984ms
[2020-08-10T13:08:15.210+0300][1434.754s][debug][gc] GC(46988) Expanding ParOldGen from 107520K by 10752K to 118272K
[2020-08-10T13:08:15.210+0300][1434.754s][info ][gc] GC(46988) Pause Full (Ergonomics) 105M->105M(117M) 297.653ms
[2020-08-10T13:08:15.245+0300][1434.790s][info ][gc] GC(46989) Pause Young (Allocation Failure) 105M->105M(117M) 35.077ms
[2020-08-10T13:08:15.275+0300][1434.819s][info ][gc] GC(46990) Pause Young (Allocation Failure) 106M->105M(117M) 28.988ms
[2020-08-10T13:08:15.292+0300][1434.836s][info ][gc] GC(46991) Pause Young (Allocation Failure) 106M->106M(117M) 16.692ms
[2020-08-10T13:08:15.308+0300][1434.852s][info ][gc] GC(46992) Pause Young (Allocation Failure) 106M->106M(117M) 15.177ms
[2020-08-10T13:08:15.322+0300][1434.866s][info ][gc] GC(46993) Pause Young (Allocation Failure) 107M->107M(117M) 13.561ms
[2020-08-10T13:08:15.335+0300][1434.880s][info ][gc] GC(46994) Pause Young (Allocation Failure) 107M->107M(117M) 13.208ms
[2020-08-10T13:08:15.349+0300][1434.893s][info ][gc] GC(46995) Pause Young (Allocation Failure) 108M->108M(117M) 13.526ms
[2020-08-10T13:08:15.363+0300][1434.907s][info ][gc] GC(46996) Pause Young (Allocation Failure) 108M->108M(117M) 13.444ms
[2020-08-10T13:08:15.377+0300][1434.921s][info ][gc] GC(46997) Pause Young (Allocation Failure) 109M->109M(117M) 13.569ms
[2020-08-10T13:08:15.391+0300][1434.935s][info ][gc] GC(46998) Pause Young (Allocation Failure) 109M->109M(117M) 13.616ms
[2020-08-10T13:08:15.405+0300][1434.950s][info ][gc] GC(46999) Pause Young (Allocation Failure) 110M->110M(117M) 13.668ms
[2020-08-10T13:08:15.419+0300][1434.964s][info ][gc] GC(47000) Pause Young (Allocation Failure) 110M->110M(117M) 13.541ms
[2020-08-10T13:08:15.433+0300][1434.978s][info ][gc] GC(47001) Pause Young (Allocation Failure) 111M->111M(117M) 13.674ms
[2020-08-10T13:08:15.448+0300][1434.992s][info ][gc] GC(47002) Pause Young (Allocation Failure) 111M->111M(117M) 13.589ms
[2020-08-10T13:08:15.462+0300][1435.006s][info ][gc] GC(47003) Pause Young (Allocation Failure) 112M->111M(117M) 13.773ms
[2020-08-10T13:08:15.476+0300][1435.020s][info ][gc] GC(47004) Pause Young (Allocation Failure) 112M->112M(117M) 13.798ms
[2020-08-10T13:08:15.490+0300][1435.034s][info ][gc] GC(47005) Pause Young (Allocation Failure) 112M->112M(117M) 13.815ms
[2020-08-10T13:08:15.505+0300][1435.049s][info ][gc] GC(47006) Pause Young (Allocation Failure) 113M->113M(117M) 13.791ms
[2020-08-10T13:08:15.519+0300][1435.063s][info ][gc] GC(47007) Pause Young (Allocation Failure) 113M->113M(117M) 13.707ms
[2020-08-10T13:08:15.533+0300][1435.077s][info ][gc] GC(47008) Pause Young (Allocation Failure) 114M->114M(117M) 13.869ms
[2020-08-10T13:08:15.548+0300][1435.092s][info ][gc] GC(47009) Pause Young (Allocation Failure) 114M->114M(117M) 13.946ms
[2020-08-10T13:08:15.562+0300][1435.106s][info ][gc] GC(47010) Pause Young (Allocation Failure) 115M->115M(117M) 13.953ms
[2020-08-10T13:08:15.576+0300][1435.120s][info ][gc] GC(47011) Pause Young (Allocation Failure) 115M->115M(117M) 13.845ms
[2020-08-10T13:08:15.870+0300][1435.414s][debug][gc] GC(47012) Expanding ParOldGen from 118272K by 10752K to 129024K
[2020-08-10T13:08:15.870+0300][1435.415s][info ][gc] GC(47012) Pause Full (Ergonomics) 115M->115M(127M) 294.193ms
[2020-08-10T13:08:15.884+0300][1435.428s][info ][gc] GC(47013) Pause Young (Allocation Failure) 115M->115M(127M) 12.988ms
[2020-08-10T13:08:15.899+0300][1435.443s][info ][gc] GC(47014) Pause Young (Allocation Failure) 116M->116M(127M) 14.164ms
[2020-08-10T13:08:15.913+0300][1435.457s][info ][gc] GC(47015) Pause Young (Allocation Failure) 116M->116M(127M) 14.102ms
[2020-08-10T13:08:15.928+0300][1435.472s][info ][gc] GC(47016) Pause Young (Allocation Failure) 117M->117M(127M) 14.237ms
[2020-08-10T13:08:15.965+0300][1435.509s][info ][gc] GC(47017) Pause Young (Allocation Failure) 117M->117M(127M) 36.567ms
[2020-08-10T13:08:15.980+0300][1435.524s][info ][gc] GC(47018) Pause Young (Allocation Failure) 118M->118M(127M) 14.944ms
[2020-08-10T13:08:15.995+0300][1435.539s][info ][gc] GC(47019) Pause Young (Allocation Failure) 118M->118M(127M) 14.687ms
[2020-08-10T13:08:16.029+0300][1435.574s][info ][gc] GC(47020) Pause Young (Allocation Failure) 119M->119M(127M) 33.878ms
[2020-08-10T13:08:16.044+0300][1435.588s][info ][gc] GC(47021) Pause Young (Allocation Failure) 119M->119M(127M) 14.458ms
[2020-08-10T13:08:16.059+0300][1435.603s][info ][gc] GC(47022) Pause Young (Allocation Failure) 120M->119M(127M) 14.411ms
[2020-08-10T13:08:16.074+0300][1435.618s][info ][gc] GC(47023) Pause Young (Allocation Failure) 120M->120M(127M) 14.520ms
[2020-08-10T13:08:16.094+0300][1435.638s][info ][gc] GC(47024) Pause Young (Allocation Failure) 120M->120M(127M) 19.303ms
[2020-08-10T13:08:16.109+0300][1435.653s][info ][gc] GC(47025) Pause Young (Allocation Failure) 121M->121M(127M) 14.409ms
[2020-08-10T13:08:16.124+0300][1435.668s][info ][gc] GC(47026) Pause Young (Allocation Failure) 121M->121M(127M) 14.489ms
[2020-08-10T13:08:16.138+0300][1435.682s][info ][gc] GC(47027) Pause Young (Allocation Failure) 122M->122M(127M) 14.399ms
[2020-08-10T13:08:16.174+0300][1435.719s][info ][gc] GC(47028) Pause Young (Allocation Failure) 122M->122M(127M) 35.859ms
[2020-08-10T13:08:16.190+0300][1435.734s][info ][gc] GC(47029) Pause Young (Allocation Failure) 123M->123M(127M) 14.711ms
[2020-08-10T13:08:16.205+0300][1435.749s][info ][gc] GC(47030) Pause Young (Allocation Failure) 123M->123M(127M) 15.039ms
[2020-08-10T13:08:16.241+0300][1435.785s][info ][gc] GC(47031) Pause Young (Allocation Failure) 124M->124M(127M) 35.256ms
[2020-08-10T13:08:16.261+0300][1435.805s][info ][gc] GC(47032) Pause Young (Allocation Failure) 124M->124M(127M) 19.943ms
[2020-08-10T13:08:16.276+0300][1435.820s][info ][gc] GC(47033) Pause Young (Allocation Failure) 125M->124M(127M) 14.514ms
[2020-08-10T13:08:16.291+0300][1435.835s][info ][gc] GC(47034) Pause Young (Allocation Failure) 125M->125M(127M) 14.680ms
[2020-08-10T13:08:16.306+0300][1435.851s][info ][gc] GC(47035) Pause Young (Allocation Failure) 125M->125M(127M) 14.810ms
[2020-08-10T13:08:16.345+0300][1435.889s][info ][gc] GC(47036) Pause Young (Allocation Failure) 126M->126M(127M) 37.871ms
[2020-08-10T13:08:16.682+0300][1436.227s][debug][gc] GC(47037) Expanding ParOldGen from 129024K by 10752K to 139776K
[2020-08-10T13:08:16.683+0300][1436.227s][info ][gc] GC(47037) Pause Full (Ergonomics) 126M->126M(138M) 337.773ms
[2020-08-10T13:08:16.715+0300][1436.259s][info ][gc] GC(47038) Pause Young (Allocation Failure) 126M->126M(138M) 32.143ms
[2020-08-10T13:08:16.732+0300][1436.276s][info ][gc] GC(47039) Pause Young (Allocation Failure) 127M->127M(138M) 16.284ms
[2020-08-10T13:08:16.747+0300][1436.291s][info ][gc] GC(47040) Pause Young (Allocation Failure) 127M->127M(138M) 14.989ms
[2020-08-10T13:08:16.762+0300][1436.307s][info ][gc] GC(47041) Pause Young (Allocation Failure) 127M->127M(138M) 15.074ms
[2020-08-10T13:08:16.778+0300][1436.322s][info ][gc] GC(47042) Pause Young (Allocation Failure) 128M->128M(138M) 15.324ms
[2020-08-10T13:08:16.794+0300][1436.338s][info ][gc] GC(47043) Pause Young (Allocation Failure) 128M->128M(138M) 15.392ms
[2020-08-10T13:08:16.810+0300][1436.354s][info ][gc] GC(47044) Pause Young (Allocation Failure) 129M->129M(138M) 15.240ms
[2020-08-10T13:08:16.825+0300][1436.370s][info ][gc] GC(47045) Pause Young (Allocation Failure) 129M->129M(138M) 15.264ms
[2020-08-10T13:08:16.841+0300][1436.385s][info ][gc] GC(47046) Pause Young (Allocation Failure) 130M->130M(138M) 15.396ms
[2020-08-10T13:08:16.857+0300][1436.401s][info ][gc] GC(47047) Pause Young (Allocation Failure) 130M->130M(138M) 15.323ms
[2020-08-10T13:08:16.872+0300][1436.417s][info ][gc] GC(47048) Pause Young (Allocation Failure) 131M->131M(138M) 15.183ms
[2020-08-10T13:08:16.888+0300][1436.432s][info ][gc] GC(47049) Pause Young (Allocation Failure) 131M->131M(138M) 15.070ms
[2020-08-10T13:08:16.903+0300][1436.448s][info ][gc] GC(47050) Pause Young (Allocation Failure) 132M->132M(138M) 15.219ms
[2020-08-10T13:08:16.919+0300][1436.463s][info ][gc] GC(47051) Pause Young (Allocation Failure) 132M->132M(138M) 15.497ms
[2020-08-10T13:08:16.935+0300][1436.479s][info ][gc] GC(47052) Pause Young (Allocation Failure) 133M->133M(138M) 15.354ms
[2020-08-10T13:08:16.951+0300][1436.495s][info ][gc] GC(47053) Pause Young (Allocation Failure) 133M->133M(138M) 15.610ms
[2020-08-10T13:08:16.967+0300][1436.511s][info ][gc] GC(47054) Pause Young (Allocation Failure) 133M->133M(138M) 15.577ms
[2020-08-10T13:08:16.983+0300][1436.527s][info ][gc] GC(47055) Pause Young (Allocation Failure) 134M->134M(138M) 15.569ms
[2020-08-10T13:08:16.999+0300][1436.543s][info ][gc] GC(47056) Pause Young (Allocation Failure) 134M->134M(138M) 15.569ms
[2020-08-10T13:08:17.015+0300][1436.559s][info ][gc] GC(47057) Pause Young (Allocation Failure) 135M->135M(138M) 15.575ms
[2020-08-10T13:08:17.031+0300][1436.575s][info ][gc] GC(47058) Pause Young (Allocation Failure) 135M->135M(138M) 15.808ms
[2020-08-10T13:08:17.031+0300][1436.576s][debug][gc] Expanding ParOldGen from 139776K by 19968K to 159744K
[2020-08-10T13:08:17.054+0300][1436.599s][info ][gc] GC(47059) Pause Young (Allocation Failure) 155M->154M(157M) 14.629ms
[2020-08-10T13:08:17.068+0300][1436.612s][info ][gc] GC(47060) Pause Young (Allocation Failure) 155M->155M(157M) 13.330ms
[2020-08-10T13:08:17.082+0300][1436.626s][info ][gc] GC(47061) Pause Young (Allocation Failure) 155M->155M(157M) 13.384ms
[2020-08-10T13:08:17.096+0300][1436.640s][info ][gc] GC(47062) Pause Young (Allocation Failure) 156M->156M(157M) 13.467ms
[2020-08-10T13:08:17.127+0300][1436.671s][debug][gc] GC(47063) Shrinking ParOldGen from 159744K by 125440K to 34304K
[2020-08-10T13:08:17.127+0300][1436.672s][info ][gc] GC(47063) Pause Full (Ergonomics) 156M->22M(35M) 31.290ms
[2020-08-10T13:08:17.140+0300][1436.685s][info ][gc] GC(47064) Pause Young (Allocation Failure) 22M->22M(35M) 12.710ms
[2020-08-10T13:08:17.154+0300][1436.698s][info ][gc] GC(47065) Pause Young (Allocation Failure) 23M->23M(35M) 13.032ms
[2020-08-10T13:08:17.167+0300][1436.711s][info ][gc] GC(47066) Pause Young (Allocation Failure) 23M->23M(35M) 12.982ms
[2020-08-10T13:08:17.181+0300][1436.725s][info ][gc] GC(47067) Pause Young (Allocation Failure) 24M->24M(35M) 12.983ms
[2020-08-10T13:08:17.194+0300][1436.738s][info ][gc] GC(47068) Pause Young (Allocation Failure) 24M->24M(35M) 12.931ms
[2020-08-10T13:08:17.207+0300][1436.751s][info ][gc] GC(47069) Pause Young (Allocation Failure) 25M->25M(35M) 12.916ms
[2020-08-10T13:08:17.221+0300][1436.765s][info ][gc] GC(47070) Pause Young (Allocation Failure) 25M->25M(35M) 12.935ms
[2020-08-10T13:08:17.234+0300][1436.778s][info ][gc] GC(47071) Pause Young (Allocation Failure) 26M->26M(35M) 12.676ms
[2020-08-10T13:08:17.247+0300][1436.791s][info ][gc] GC(47072) Pause Young (Allocation Failure) 26M->26M(35M) 12.937ms
[2020-08-10T13:08:17.260+0300][1436.805s][info ][gc] GC(47073) Pause Young (Allocation Failure) 27M->27M(35M) 12.956ms
[2020-08-10T13:08:17.274+0300][1436.818s][info ][gc] GC(47074) Pause Young (Allocation Failure) 27M->27M(35M) 12.822ms
[2020-08-10T13:08:17.287+0300][1436.831s][info ][gc] GC(47075) Pause Young (Allocation Failure) 28M->28M(35M) 13.020ms
[2020-08-10T13:08:17.300+0300][1436.845s][info ][gc] GC(47076) Pause Young (Allocation Failure) 28M->28M(35M) 12.922ms
[2020-08-10T13:08:17.314+0300][1436.858s][info ][gc] GC(47077) Pause Young (Allocation Failure) 29M->29M(35M) 13.267ms
[2020-08-10T13:08:17.328+0300][1436.872s][info ][gc] GC(47078) Pause Young (Allocation Failure) 30M->30M(35M) 13.108ms
[2020-08-10T13:08:17.342+0300][1436.886s][info ][gc] GC(47079) Pause Young (Allocation Failure) 31M->31M(35M) 13.493ms
[2020-08-10T13:08:17.355+0300][1436.900s][info ][gc] GC(47080) Pause Young (Allocation Failure) 32M->32M(36M) 13.431ms
[2020-08-10T13:08:17.369+0300][1436.914s][info ][gc] GC(47081) Pause Young (Allocation Failure) 33M->33M(36M) 13.350ms
[2020-08-10T13:08:17.383+0300][1436.927s][info ][gc] GC(47082) Pause Young (Allocation Failure) 34M->34M(36M) 13.301ms
[2020-08-10T13:08:17.440+0300][1436.985s][debug][gc] GC(47083) Expanding ParOldGen from 34304K by 11776K to 46080K
[2020-08-10T13:08:17.441+0300][1436.985s][info ][gc] GC(47083) Pause Full (Ergonomics) 34M->33M(47M) 57.148ms
[2020-08-10T13:08:17.457+0300][1437.001s][info ][gc] GC(47084) Pause Young (Allocation Failure) 34M->34M(47M) 16.229ms
[2020-08-10T13:08:17.471+0300][1437.015s][info ][gc] GC(47085) Pause Young (Allocation Failure) 35M->35M(47M) 13.482ms
[2020-08-10T13:08:17.485+0300][1437.029s][info ][gc] GC(47086) Pause Young (Allocation Failure) 36M->36M(47M) 13.366ms
[2020-08-10T13:08:17.499+0300][1437.043s][info ][gc] GC(47087) Pause Young (Allocation Failure) 37M->37M(47M) 13.302ms
[2020-08-10T13:08:17.513+0300][1437.057s][info ][gc] GC(47088) Pause Young (Allocation Failure) 38M->38M(47M) 13.644ms
[2020-08-10T13:08:17.527+0300][1437.071s][info ][gc] GC(47089) Pause Young (Allocation Failure) 39M->39M(47M) 13.453ms
[2020-08-10T13:08:17.541+0300][1437.085s][info ][gc] GC(47090) Pause Young (Allocation Failure) 40M->40M(47M) 13.539ms
[2020-08-10T13:08:17.555+0300][1437.099s][info ][gc] GC(47091) Pause Young (Allocation Failure) 41M->41M(47M) 13.279ms
[2020-08-10T13:08:17.569+0300][1437.113s][info ][gc] GC(47092) Pause Young (Allocation Failure) 42M->42M(47M) 13.567ms
[2020-08-10T13:08:17.583+0300][1437.127s][info ][gc] GC(47093) Pause Young (Allocation Failure) 43M->43M(47M) 13.297ms
[2020-08-10T13:08:17.596+0300][1437.140s][info ][gc] GC(47094) Pause Young (Allocation Failure) 44M->44M(47M) 13.342ms
[2020-08-10T13:08:17.610+0300][1437.154s][info ][gc] GC(47095) Pause Young (Allocation Failure) 45M->45M(47M) 13.196ms
[2020-08-10T13:08:17.699+0300][1437.243s][debug][gc] GC(47096) Expanding ParOldGen from 46080K by 11776K to 57856K
[2020-08-10T13:08:17.699+0300][1437.243s][info ][gc] GC(47096) Pause Full (Ergonomics) 45M->44M(59M) 88.961ms
[2020-08-10T13:08:17.713+0300][1437.257s][info ][gc] GC(47097) Pause Young (Allocation Failure) 45M->45M(59M) 13.102ms
[2020-08-10T13:08:17.727+0300][1437.271s][info ][gc] GC(47098) Pause Young (Allocation Failure) 46M->46M(59M) 13.389ms
[2020-08-10T13:08:17.741+0300][1437.285s][info ][gc] GC(47099) Pause Young (Allocation Failure) 47M->47M(59M) 13.465ms
[2020-08-10T13:08:17.755+0300][1437.299s][info ][gc] GC(47100) Pause Young (Allocation Failure) 48M->48M(59M) 13.455ms
[2020-08-10T13:08:17.768+0300][1437.313s][info ][gc] GC(47101) Pause Young (Allocation Failure) 49M->49M(59M) 13.367ms
[2020-08-10T13:08:17.782+0300][1437.327s][info ][gc] GC(47102) Pause Young (Allocation Failure) 50M->50M(59M) 13.360ms
[2020-08-10T13:08:17.796+0300][1437.340s][info ][gc] GC(47103) Pause Young (Allocation Failure) 51M->51M(59M) 13.325ms
[2020-08-10T13:08:17.810+0300][1437.354s][info ][gc] GC(47104) Pause Young (Allocation Failure) 52M->52M(59M) 13.430ms
[2020-08-10T13:08:17.824+0300][1437.368s][info ][gc] GC(47105) Pause Young (Allocation Failure) 53M->53M(59M) 13.157ms
[2020-08-10T13:08:17.837+0300][1437.382s][info ][gc] GC(47106) Pause Young (Allocation Failure) 54M->54M(59M) 13.205ms
[2020-08-10T13:08:17.851+0300][1437.395s][info ][gc] GC(47107) Pause Young (Allocation Failure) 55M->55M(59M) 13.489ms
[2020-08-10T13:08:17.865+0300][1437.409s][info ][gc] GC(47108) Pause Young (Allocation Failure) 56M->56M(59M) 13.456ms
[2020-08-10T13:08:17.879+0300][1437.423s][info ][gc] GC(47109) Pause Young (Allocation Failure) 57M->57M(59M) 13.387ms
[2020-08-10T13:08:17.997+0300][1437.542s][debug][gc] GC(47110) Expanding ParOldGen from 57856K by 11264K to 69120K
[2020-08-10T13:08:17.997+0300][1437.542s][info ][gc] GC(47110) Pause Full (Ergonomics) 57M->56M(70M) 118.163ms
[2020-08-10T13:08:18.022+0300][1437.566s][info ][gc] GC(47111) Pause Young (Allocation Failure) 57M->57M(70M) 23.759ms
[2020-08-10T13:08:18.036+0300][1437.580s][info ][gc] GC(47112) Pause Young (Allocation Failure) 58M->58M(70M) 13.661ms
[2020-08-10T13:08:18.050+0300][1437.594s][info ][gc] GC(47113) Pause Young (Allocation Failure) 59M->59M(70M) 13.448ms
[2020-08-10T13:08:18.064+0300][1437.609s][info ][gc] GC(47114) Pause Young (Allocation Failure) 60M->60M(70M) 13.711ms
[2020-08-10T13:08:18.079+0300][1437.623s][info ][gc] GC(47115) Pause Young (Allocation Failure) 61M->61M(70M) 13.697ms
[2020-08-10T13:08:18.093+0300][1437.637s][info ][gc] GC(47116) Pause Young (Allocation Failure) 62M->62M(70M) 13.560ms
[2020-08-10T13:08:18.107+0300][1437.651s][info ][gc] GC(47117) Pause Young (Allocation Failure) 63M->63M(70M) 13.654ms
[2020-08-10T13:08:18.121+0300][1437.666s][info ][gc] GC(47118) Pause Young (Allocation Failure) 64M->64M(70M) 13.626ms
[2020-08-10T13:08:18.136+0300][1437.680s][info ][gc] GC(47119) Pause Young (Allocation Failure) 65M->65M(70M) 13.785ms
[2020-08-10T13:08:18.150+0300][1437.694s][info ][gc] GC(47120) Pause Young (Allocation Failure) 66M->66M(70M) 13.628ms
[2020-08-10T13:08:18.164+0300][1437.708s][info ][gc] GC(47121) Pause Young (Allocation Failure) 67M->67M(70M) 13.598ms
[2020-08-10T13:08:18.320+0300][1437.864s][debug][gc] GC(47122) Expanding ParOldGen from 69120K by 11264K to 80384K
[2020-08-10T13:08:18.320+0300][1437.864s][info ][gc] GC(47122) Pause Full (Ergonomics) 67M->67M(81M) 155.648ms
[2020-08-10T13:08:18.333+0300][1437.878s][info ][gc] GC(47123) Pause Young (Allocation Failure) 68M->68M(81M) 13.147ms
[2020-08-10T13:08:18.348+0300][1437.892s][info ][gc] GC(47124) Pause Young (Allocation Failure) 69M->69M(81M) 13.521ms
[2020-08-10T13:08:18.362+0300][1437.906s][info ][gc] GC(47125) Pause Young (Allocation Failure) 70M->70M(81M) 13.630ms
[2020-08-10T13:08:18.376+0300][1437.920s][info ][gc] GC(47126) Pause Young (Allocation Failure) 71M->71M(81M) 13.590ms
[2020-08-10T13:08:18.390+0300][1437.934s][info ][gc] GC(47127) Pause Young (Allocation Failure) 72M->72M(81M) 13.554ms
[2020-08-10T13:08:18.426+0300][1437.970s][info ][gc] GC(47128) Pause Young (Allocation Failure) 73M->73M(81M) 35.044ms
[2020-08-10T13:08:18.457+0300][1438.001s][info ][gc] GC(47129) Pause Young (Allocation Failure) 74M->74M(81M) 30.606ms
[2020-08-10T13:08:18.476+0300][1438.020s][info ][gc] GC(47130) Pause Young (Allocation Failure) 75M->74M(81M) 18.114ms
[2020-08-10T13:08:18.491+0300][1438.035s][info ][gc] GC(47131) Pause Young (Allocation Failure) 75M->75M(81M) 14.685ms
[2020-08-10T13:08:18.505+0300][1438.050s][info ][gc] GC(47132) Pause Young (Allocation Failure) 76M->76M(81M) 13.900ms
[2020-08-10T13:08:18.519+0300][1438.064s][info ][gc] GC(47133) Pause Young (Allocation Failure) 77M->77M(81M) 13.564ms
[2020-08-10T13:08:18.534+0300][1438.078s][info ][gc] GC(47134) Pause Young (Allocation Failure) 78M->78M(81M) 13.605ms
[2020-08-10T13:08:18.715+0300][1438.260s][debug][gc] GC(47135) Expanding ParOldGen from 80384K by 11264K to 91648K
[2020-08-10T13:08:18.715+0300][1438.260s][info ][gc] GC(47135) Pause Full (Ergonomics) 78M->78M(92M) 181.585ms
[2020-08-10T13:08:18.746+0300][1438.290s][info ][gc] GC(47136) Pause Young (Allocation Failure) 79M->79M(92M) 29.703ms
[2020-08-10T13:08:18.760+0300][1438.305s][info ][gc] GC(47137) Pause Young (Allocation Failure) 80M->80M(92M) 13.981ms
[2020-08-10T13:08:18.775+0300][1438.319s][info ][gc] GC(47138) Pause Young (Allocation Failure) 81M->81M(92M) 13.934ms
[2020-08-10T13:08:18.789+0300][1438.334s][info ][gc] GC(47139) Pause Young (Allocation Failure) 82M->82M(92M) 14.170ms
[2020-08-10T13:08:18.804+0300][1438.348s][info ][gc] GC(47140) Pause Young (Allocation Failure) 83M->83M(91M) 14.112ms
[2020-08-10T13:08:18.818+0300][1438.363s][info ][gc] GC(47141) Pause Young (Allocation Failure) 84M->84M(91M) 13.939ms
[2020-08-10T13:08:18.833+0300][1438.377s][info ][gc] GC(47142) Pause Young (Allocation Failure) 85M->85M(91M) 14.092ms
[2020-08-10T13:08:18.848+0300][1438.392s][info ][gc] GC(47143) Pause Young (Allocation Failure) 86M->86M(92M) 14.251ms
[2020-08-10T13:08:18.863+0300][1438.407s][info ][gc] GC(47144) Pause Young (Allocation Failure) 87M->87M(92M) 14.508ms
[2020-08-10T13:08:18.877+0300][1438.422s][info ][gc] GC(47145) Pause Young (Allocation Failure) 88M->88M(92M) 14.304ms
[2020-08-10T13:08:18.892+0300][1438.437s][info ][gc] GC(47146) Pause Young (Allocation Failure) 89M->89M(92M) 14.378ms
[2020-08-10T13:08:18.907+0300][1438.452s][info ][gc] GC(47147) Pause Young (Allocation Failure) 90M->90M(92M) 14.575ms
[2020-08-10T13:08:19.136+0300][1438.680s][debug][gc] GC(47148) Expanding ParOldGen from 91648K by 11776K to 103424K
[2020-08-10T13:08:19.136+0300][1438.681s][info ][gc] GC(47148) Pause Full (Ergonomics) 90M->89M(103M) 228.633ms
[2020-08-10T13:08:19.174+0300][1438.718s][info ][gc] GC(47149) Pause Young (Allocation Failure) 90M->90M(103M) 36.790ms
[2020-08-10T13:08:19.189+0300][1438.733s][info ][gc] GC(47150) Pause Young (Allocation Failure) 91M->91M(103M) 14.673ms
[2020-08-10T13:08:19.204+0300][1438.748s][info ][gc] GC(47151) Pause Young (Allocation Failure) 92M->92M(103M) 14.742ms
[2020-08-10T13:08:19.219+0300][1438.764s][info ][gc] GC(47152) Pause Young (Allocation Failure) 93M->93M(103M) 14.921ms
[2020-08-10T13:08:19.235+0300][1438.779s][info ][gc] GC(47153) Pause Young (Allocation Failure) 94M->94M(103M) 14.985ms
[2020-08-10T13:08:19.251+0300][1438.795s][info ][gc] GC(47154) Pause Young (Allocation Failure) 95M->95M(103M) 15.023ms
[2020-08-10T13:08:19.266+0300][1438.811s][info ][gc] GC(47155) Pause Young (Allocation Failure) 96M->96M(103M) 15.098ms
[2020-08-10T13:08:19.282+0300][1438.826s][info ][gc] GC(47156) Pause Young (Allocation Failure) 97M->97M(103M) 15.120ms
[2020-08-10T13:08:19.314+0300][1438.858s][info ][gc] GC(47157) Pause Young (Allocation Failure) 98M->98M(103M) 31.148ms
[2020-08-10T13:08:19.330+0300][1438.874s][info ][gc] GC(47158) Pause Young (Allocation Failure) 99M->99M(103M) 15.636ms
[2020-08-10T13:08:19.346+0300][1438.891s][info ][gc] GC(47159) Pause Young (Allocation Failure) 100M->100M(103M) 15.637ms
[2020-08-10T13:08:19.362+0300][1438.907s][info ][gc] GC(47160) Pause Young (Allocation Failure) 101M->101M(103M) 15.579ms
[2020-08-10T13:08:19.605+0300][1439.149s][debug][gc] GC(47161) Expanding ParOldGen from 103424K by 11264K to 114688K
[2020-08-10T13:08:19.605+0300][1439.149s][info ][gc] GC(47161) Pause Full (Ergonomics) 101M->101M(114M) 242.237ms
[2020-08-10T13:08:19.641+0300][1439.185s][info ][gc] GC(47162) Pause Young (Allocation Failure) 102M->102M(114M) 35.329ms
[2020-08-10T13:08:19.657+0300][1439.201s][info ][gc] GC(47163) Pause Young (Allocation Failure) 103M->103M(114M) 15.801ms
[2020-08-10T13:08:19.674+0300][1439.218s][info ][gc] GC(47164) Pause Young (Allocation Failure) 104M->104M(114M) 15.980ms
[2020-08-10T13:08:19.690+0300][1439.235s][info ][gc] GC(47165) Pause Young (Allocation Failure) 105M->105M(114M) 16.113ms
[2020-08-10T13:08:19.707+0300][1439.251s][info ][gc] GC(47166) Pause Young (Allocation Failure) 106M->106M(114M) 16.044ms
[2020-08-10T13:08:19.723+0300][1439.268s][info ][gc] GC(47167) Pause Young (Allocation Failure) 107M->106M(114M) 16.075ms
[2020-08-10T13:08:19.740+0300][1439.285s][info ][gc] GC(47168) Pause Young (Allocation Failure) 107M->107M(114M) 16.160ms
[2020-08-10T13:08:19.757+0300][1439.301s][info ][gc] GC(47169) Pause Young (Allocation Failure) 108M->108M(114M) 16.218ms
[2020-08-10T13:08:19.774+0300][1439.318s][info ][gc] GC(47170) Pause Young (Allocation Failure) 109M->109M(114M) 16.234ms
[2020-08-10T13:08:19.791+0300][1439.335s][info ][gc] GC(47171) Pause Young (Allocation Failure) 110M->110M(114M) 16.331ms
[2020-08-10T13:08:19.807+0300][1439.352s][info ][gc] GC(47172) Pause Young (Allocation Failure) 111M->111M(114M) 16.302ms
[2020-08-10T13:08:19.824+0300][1439.369s][info ][gc] GC(47173) Pause Young (Allocation Failure) 112M->112M(114M) 16.650ms
[2020-08-10T13:08:20.100+0300][1439.644s][debug][gc] GC(47174) Expanding ParOldGen from 114688K by 11264K to 125952K
[2020-08-10T13:08:20.100+0300][1439.644s][info ][gc] GC(47174) Pause Full (Ergonomics) 112M->112M(125M) 275.561ms
[2020-08-10T13:08:20.133+0300][1439.677s][info ][gc] GC(47175) Pause Young (Allocation Failure) 113M->113M(125M) 32.420ms
[2020-08-10T13:08:20.151+0300][1439.695s][info ][gc] GC(47176) Pause Young (Allocation Failure) 114M->114M(125M) 17.258ms
[2020-08-10T13:08:20.171+0300][1439.716s][info ][gc] GC(47177) Pause Young (Allocation Failure) 115M->115M(125M) 16.979ms
[2020-08-10T13:08:20.189+0300][1439.733s][info ][gc] GC(47178) Pause Young (Allocation Failure) 116M->116M(125M) 17.338ms
[2020-08-10T13:08:20.207+0300][1439.751s][info ][gc] GC(47179) Pause Young (Allocation Failure) 117M->117M(125M) 17.419ms
[2020-08-10T13:08:20.225+0300][1439.770s][info ][gc] GC(47180) Pause Young (Allocation Failure) 118M->118M(125M) 18.044ms
[2020-08-10T13:08:20.244+0300][1439.788s][info ][gc] GC(47181) Pause Young (Allocation Failure) 119M->119M(125M) 17.590ms
[2020-08-10T13:08:20.285+0300][1439.830s][info ][gc] GC(47182) Pause Young (Allocation Failure) 120M->120M(125M) 41.439ms
[2020-08-10T13:08:20.314+0300][1439.858s][info ][gc] GC(47183) Pause Young (Allocation Failure) 121M->121M(125M) 27.957ms
[2020-08-10T13:08:20.332+0300][1439.876s][info ][gc] GC(47184) Pause Young (Allocation Failure) 122M->122M(125M) 17.471ms
[2020-08-10T13:08:20.350+0300][1439.894s][info ][gc] GC(47185) Pause Young (Allocation Failure) 123M->123M(125M) 17.393ms
[2020-08-10T13:08:20.664+0300][1440.208s][debug][gc] GC(47186) Expanding ParOldGen from 125952K by 11264K to 137216K
[2020-08-10T13:08:20.664+0300][1440.208s][info ][gc] GC(47186) Pause Full (Ergonomics) 123M->122M(136M) 314.110ms
[2020-08-10T13:08:20.679+0300][1440.224s][info ][gc] GC(47187) Pause Young (Allocation Failure) 123M->123M(136M) 14.758ms
[2020-08-10T13:08:20.697+0300][1440.242s][info ][gc] GC(47188) Pause Young (Allocation Failure) 124M->124M(136M) 17.603ms
[2020-08-10T13:08:20.715+0300][1440.260s][info ][gc] GC(47189) Pause Young (Allocation Failure) 125M->125M(136M) 17.526ms
[2020-08-10T13:08:20.734+0300][1440.278s][info ][gc] GC(47190) Pause Young (Allocation Failure) 126M->126M(136M) 17.834ms
[2020-08-10T13:08:20.752+0300][1440.297s][info ][gc] GC(47191) Pause Young (Allocation Failure) 127M->127M(136M) 18.382ms
[2020-08-10T13:08:20.771+0300][1440.315s][info ][gc] GC(47192) Pause Young (Allocation Failure) 128M->128M(136M) 17.839ms
[2020-08-10T13:08:20.789+0300][1440.334s][info ][gc] GC(47193) Pause Young (Allocation Failure) 129M->129M(136M) 17.845ms
[2020-08-10T13:08:20.808+0300][1440.352s][info ][gc] GC(47194) Pause Young (Allocation Failure) 130M->130M(136M) 17.760ms
[2020-08-10T13:08:20.826+0300][1440.371s][info ][gc] GC(47195) Pause Young (Allocation Failure) 131M->131M(136M) 18.092ms
[2020-08-10T13:08:20.845+0300][1440.389s][info ][gc] GC(47196) Pause Young (Allocation Failure) 132M->132M(136M) 18.034ms
[2020-08-10T13:08:20.863+0300][1440.408s][info ][gc] GC(47197) Pause Young (Allocation Failure) 133M->133M(136M) 17.855ms
[2020-08-10T13:08:20.882+0300][1440.426s][info ][gc] GC(47198) Pause Young (Allocation Failure) 134M->134M(136M) 18.000ms
[2020-08-10T13:08:21.231+0300][1440.775s][debug][gc] GC(47199) Expanding ParOldGen from 137216K by 11264K to 148480K
[2020-08-10T13:08:21.231+0300][1440.775s][info ][gc] GC(47199) Pause Full (Ergonomics) 134M->134M(147M) 349.020ms
[2020-08-10T13:08:21.265+0300][1440.810s][info ][gc] GC(47200) Pause Young (Allocation Failure) 135M->135M(147M) 33.794ms
[2020-08-10T13:08:21.265+0300][1440.810s][debug][gc] Expanding ParOldGen from 148480K by 19968K to 168448K
[2020-08-10T13:08:21.291+0300][1440.835s][info ][gc] GC(47201) Pause Young (Allocation Failure) 155M->155M(167M) 17.158ms
[2020-08-10T13:08:21.307+0300][1440.851s][info ][gc] GC(47202) Pause Young (Allocation Failure) 156M->156M(167M) 15.590ms
[2020-08-10T13:08:21.321+0300][1440.865s][info ][gc] GC(47203) Pause Young (Allocation Failure) 157M->157M(167M) 13.820ms
[2020-08-10T13:08:21.336+0300][1440.880s][info ][gc] GC(47204) Pause Young (Allocation Failure) 158M->158M(167M) 14.170ms
[2020-08-10T13:08:21.350+0300][1440.895s][info ][gc] GC(47205) Pause Young (Allocation Failure) 159M->158M(167M) 14.154ms
[2020-08-10T13:08:21.365+0300][1440.909s][info ][gc] GC(47206) Pause Young (Allocation Failure) 159M->159M(167M) 13.994ms
[2020-08-10T13:08:21.379+0300][1440.924s][info ][gc] GC(47207) Pause Young (Allocation Failure) 160M->160M(167M) 14.051ms
[2020-08-10T13:08:21.394+0300][1440.938s][info ][gc] GC(47208) Pause Young (Allocation Failure) 161M->161M(167M) 14.050ms
[2020-08-10T13:08:21.409+0300][1440.953s][info ][gc] GC(47209) Pause Young (Allocation Failure) 162M->162M(167M) 14.113ms
[2020-08-10T13:08:21.429+0300][1440.974s][info ][gc] GC(47210) Pause Young (Allocation Failure) 163M->163M(167M) 20.019ms
[2020-08-10T13:08:21.444+0300][1440.988s][info ][gc] GC(47211) Pause Young (Allocation Failure) 164M->164M(167M) 14.011ms
[2020-08-10T13:08:21.539+0300][1441.083s][debug][gc] GC(47212) Shrinking ParOldGen from 168448K by 124928K to 43520K
[2020-08-10T13:08:21.539+0300][1441.083s][info ][gc] GC(47212) Pause Full (Ergonomics) 164M->30M(45M) 94.705ms
[2020-08-10T13:08:21.568+0300][1441.112s][info ][gc] GC(47213) Pause Young (Allocation Failure) 31M->31M(45M) 28.599ms
[2020-08-10T13:08:21.582+0300][1441.126s][info ][gc] GC(47214) Pause Young (Allocation Failure) 32M->32M(45M) 13.578ms
[2020-08-10T13:08:21.606+0300][1441.151s][info ][gc] GC(47215) Pause Young (Allocation Failure) 33M->33M(45M) 24.066ms
[2020-08-10T13:08:21.621+0300][1441.165s][info ][gc] GC(47216) Pause Young (Allocation Failure) 34M->34M(45M) 13.780ms
[2020-08-10T13:08:21.635+0300][1441.179s][info ][gc] GC(47217) Pause Young (Allocation Failure) 35M->35M(45M) 13.452ms
[2020-08-10T13:08:21.649+0300][1441.193s][info ][gc] GC(47218) Pause Young (Allocation Failure) 36M->36M(45M) 13.483ms
[2020-08-10T13:08:21.663+0300][1441.207s][info ][gc] GC(47219) Pause Young (Allocation Failure) 37M->37M(45M) 13.527ms
[2020-08-10T13:08:21.677+0300][1441.221s][info ][gc] GC(47220) Pause Young (Allocation Failure) 38M->38M(45M) 13.392ms
[2020-08-10T13:08:21.691+0300][1441.235s][info ][gc] GC(47221) Pause Young (Allocation Failure) 39M->39M(45M) 13.507ms
[2020-08-10T13:08:21.705+0300][1441.249s][info ][gc] GC(47222) Pause Young (Allocation Failure) 40M->40M(45M) 13.512ms
[2020-08-10T13:08:21.719+0300][1441.263s][info ][gc] GC(47223) Pause Young (Allocation Failure) 41M->41M(45M) 13.514ms
[2020-08-10T13:08:21.732+0300][1441.277s][info ][gc] GC(47224) Pause Young (Allocation Failure) 42M->42M(45M) 13.380ms
[2020-08-10T13:08:21.815+0300][1441.359s][debug][gc] GC(47225) Expanding ParOldGen from 43520K by 11264K to 54784K
[2020-08-10T13:08:21.815+0300][1441.359s][info ][gc] GC(47225) Pause Full (Ergonomics) 42M->42M(56M) 82.013ms
[2020-08-10T13:08:21.828+0300][1441.373s][info ][gc] GC(47226) Pause Young (Allocation Failure) 43M->43M(56M) 12.998ms
[2020-08-10T13:08:21.842+0300][1441.387s][info ][gc] GC(47227) Pause Young (Allocation Failure) 44M->44M(56M) 13.393ms
[2020-08-10T13:08:21.856+0300][1441.401s][info ][gc] GC(47228) Pause Young (Allocation Failure) 45M->45M(55M) 13.763ms
[2020-08-10T13:08:21.870+0300][1441.415s][info ][gc] GC(47229) Pause Young (Allocation Failure) 46M->46M(55M) 13.478ms
[2020-08-10T13:08:21.884+0300][1441.429s][info ][gc] GC(47230) Pause Young (Allocation Failure) 47M->47M(55M) 13.460ms
[2020-08-10T13:08:21.899+0300][1441.443s][info ][gc] GC(47231) Pause Young (Allocation Failure) 48M->47M(55M) 13.494ms
[2020-08-10T13:08:21.913+0300][1441.457s][info ][gc] GC(47232) Pause Young (Allocation Failure) 48M->48M(55M) 13.554ms
[2020-08-10T13:08:21.927+0300][1441.472s][info ][gc] GC(47233) Pause Young (Allocation Failure) 49M->49M(55M) 13.506ms
[2020-08-10T13:08:21.941+0300][1441.486s][info ][gc] GC(47234) Pause Young (Allocation Failure) 50M->50M(55M) 13.476ms
[2020-08-10T13:08:21.955+0300][1441.500s][info ][gc] GC(47235) Pause Young (Allocation Failure) 51M->51M(55M) 13.496ms
[2020-08-10T13:08:21.970+0300][1441.514s][info ][gc] GC(47236) Pause Young (Allocation Failure) 52M->52M(55M) 13.433ms
[2020-08-10T13:08:21.984+0300][1441.528s][info ][gc] GC(47237) Pause Young (Allocation Failure) 53M->53M(55M) 13.383ms
[2020-08-10T13:08:22.111+0300][1441.655s][debug][gc] GC(47238) Expanding ParOldGen from 54784K by 11264K to 66048K
[2020-08-10T13:08:22.111+0300][1441.655s][info ][gc] GC(47238) Pause Full (Ergonomics) 53M->53M(66M) 126.933ms
[2020-08-10T13:08:22.132+0300][1441.677s][info ][gc] GC(47239) Pause Young (Allocation Failure) 54M->54M(66M) 21.145ms
[2020-08-10T13:08:22.147+0300][1441.691s][info ][gc] GC(47240) Pause Young (Allocation Failure) 55M->55M(66M) 13.674ms
[2020-08-10T13:08:22.161+0300][1441.705s][info ][gc] GC(47241) Pause Young (Allocation Failure) 56M->56M(66M) 13.658ms
[2020-08-10T13:08:22.175+0300][1441.720s][info ][gc] GC(47242) Pause Young (Allocation Failure) 57M->57M(66M) 13.678ms
[2020-08-10T13:08:22.189+0300][1441.734s][info ][gc] GC(47243) Pause Young (Allocation Failure) 58M->58M(66M) 13.712ms
[2020-08-10T13:08:22.204+0300][1441.748s][info ][gc] GC(47244) Pause Young (Allocation Failure) 59M->59M(66M) 13.707ms
[2020-08-10T13:08:22.218+0300][1441.762s][info ][gc] GC(47245) Pause Young (Allocation Failure) 60M->60M(66M) 13.634ms
[2020-08-10T13:08:22.232+0300][1441.777s][info ][gc] GC(47246) Pause Young (Allocation Failure) 61M->61M(66M) 13.735ms
[2020-08-10T13:08:22.246+0300][1441.791s][info ][gc] GC(47247) Pause Young (Allocation Failure) 62M->62M(66M) 13.575ms
[2020-08-10T13:08:22.261+0300][1441.805s][info ][gc] GC(47248) Pause Young (Allocation Failure) 63M->63M(66M) 13.733ms
[2020-08-10T13:08:22.275+0300][1441.819s][info ][gc] GC(47249) Pause Young (Allocation Failure) 64M->64M(66M) 13.630ms
[2020-08-10T13:08:22.289+0300][1441.833s][info ][gc] GC(47250) Pause Young (Allocation Failure) 65M->64M(66M) 13.739ms
[2020-08-10T13:08:22.470+0300][1442.014s][debug][gc] GC(47251) Expanding ParOldGen from 66048K by 11776K to 77824K
[2020-08-10T13:08:22.470+0300][1442.014s][info ][gc] GC(47251) Pause Full (Ergonomics) 64M->64M(78M) 180.142ms
[2020-08-10T13:08:22.497+0300][1442.040s][info ][gc] GC(47252) Pause Young (Allocation Failure) 65M->65M(78M) 26.061ms
[2020-08-10T13:08:22.511+0300][1442.055s][info ][gc] GC(47253) Pause Young (Allocation Failure) 66M->66M(78M) 13.767ms
[2020-08-10T13:08:22.526+0300][1442.069s][info ][gc] GC(47254) Pause Young (Allocation Failure) 67M->67M(78M) 13.763ms
[2020-08-10T13:08:22.540+0300][1442.083s][info ][gc] GC(47255) Pause Young (Allocation Failure) 68M->68M(78M) 13.771ms
[2020-08-10T13:08:22.566+0300][1442.109s][info ][gc] GC(47256) Pause Young (Allocation Failure) 69M->69M(78M) 25.000ms
[2020-08-10T13:08:22.593+0300][1442.136s][info ][gc] GC(47257) Pause Young (Allocation Failure) 70M->70M(78M) 26.964ms
[2020-08-10T13:08:22.607+0300][1442.151s][info ][gc] GC(47258) Pause Young (Allocation Failure) 71M->71M(78M) 13.675ms
[2020-08-10T13:08:22.621+0300][1442.165s][info ][gc] GC(47259) Pause Young (Allocation Failure) 72M->72M(78M) 13.903ms
[2020-08-10T13:08:22.636+0300][1442.179s][info ][gc] GC(47260) Pause Young (Allocation Failure) 73M->73M(78M) 13.737ms
[2020-08-10T13:08:22.650+0300][1442.194s][info ][gc] GC(47261) Pause Young (Allocation Failure) 74M->74M(78M) 13.881ms
[2020-08-10T13:08:22.664+0300][1442.208s][info ][gc] GC(47262) Pause Young (Allocation Failure) 75M->75M(78M) 13.798ms
[2020-08-10T13:08:22.679+0300][1442.222s][info ][gc] GC(47263) Pause Young (Allocation Failure) 76M->76M(78M) 13.783ms
[2020-08-10T13:08:22.848+0300][1442.392s][debug][gc] GC(47264) Expanding ParOldGen from 77824K by 11264K to 89088K
[2020-08-10T13:08:22.849+0300][1442.392s][info ][gc] GC(47264) Pause Full (Ergonomics) 76M->76M(89M) 169.650ms
[2020-08-10T13:08:22.879+0300][1442.422s][info ][gc] GC(47265) Pause Young (Allocation Failure) 77M->77M(89M) 29.402ms
[2020-08-10T13:08:22.893+0300][1442.436s][info ][gc] GC(47266) Pause Young (Allocation Failure) 78M->78M(89M) 13.937ms
[2020-08-10T13:08:22.907+0300][1442.451s][info ][gc] GC(47267) Pause Young (Allocation Failure) 79M->78M(89M) 13.776ms
[2020-08-10T13:08:22.921+0300][1442.465s][info ][gc] GC(47268) Pause Young (Allocation Failure) 79M->79M(89M) 13.803ms
[2020-08-10T13:08:22.936+0300][1442.479s][info ][gc] GC(47269) Pause Young (Allocation Failure) 80M->80M(89M) 13.867ms
[2020-08-10T13:08:22.950+0300][1442.494s][info ][gc] GC(47270) Pause Young (Allocation Failure) 81M->81M(89M) 13.843ms
[2020-08-10T13:08:22.965+0300][1442.508s][info ][gc] GC(47271) Pause Young (Allocation Failure) 82M->82M(89M) 13.891ms
[2020-08-10T13:08:22.979+0300][1442.523s][info ][gc] GC(47272) Pause Young (Allocation Failure) 83M->83M(89M) 14.011ms
[2020-08-10T13:08:22.994+0300][1442.537s][info ][gc] GC(47273) Pause Young (Allocation Failure) 84M->84M(89M) 13.989ms
[2020-08-10T13:08:23.009+0300][1442.552s][info ][gc] GC(47274) Pause Young (Allocation Failure) 85M->85M(89M) 14.394ms
[2020-08-10T13:08:23.024+0300][1442.567s][info ][gc] GC(47275) Pause Young (Allocation Failure) 86M->86M(89M) 14.422ms
[2020-08-10T13:08:23.039+0300][1442.582s][info ][gc] GC(47276) Pause Young (Allocation Failure) 87M->87M(89M) 14.441ms
[2020-08-10T13:08:23.250+0300][1442.793s][debug][gc] GC(47277) Expanding ParOldGen from 89088K by 11776K to 100864K
[2020-08-10T13:08:23.250+0300][1442.793s][info ][gc] GC(47277) Pause Full (Ergonomics) 87M->87M(100M) 211.020ms
[2020-08-10T13:08:23.282+0300][1442.826s][info ][gc] GC(47278) Pause Young (Allocation Failure) 88M->88M(100M) 31.716ms
[2020-08-10T13:08:23.297+0300][1442.841s][info ][gc] GC(47279) Pause Young (Allocation Failure) 89M->89M(100M) 14.397ms
[2020-08-10T13:08:23.312+0300][1442.856s][info ][gc] GC(47280) Pause Young (Allocation Failure) 90M->90M(100M) 14.578ms
[2020-08-10T13:08:23.328+0300][1442.871s][info ][gc] GC(47281) Pause Young (Allocation Failure) 91M->91M(101M) 14.823ms
[2020-08-10T13:08:23.343+0300][1442.886s][info ][gc] GC(47282) Pause Young (Allocation Failure) 92M->92M(101M) 14.765ms
[2020-08-10T13:08:23.358+0300][1442.902s][info ][gc] GC(47283) Pause Young (Allocation Failure) 93M->93M(101M) 14.885ms
[2020-08-10T13:08:23.374+0300][1442.917s][info ][gc] GC(47284) Pause Young (Allocation Failure) 94M->94M(101M) 14.988ms
[2020-08-10T13:08:23.389+0300][1442.933s][info ][gc] GC(47285) Pause Young (Allocation Failure) 95M->95M(101M) 15.199ms
[2020-08-10T13:08:23.405+0300][1442.948s][info ][gc] GC(47286) Pause Young (Allocation Failure) 96M->95M(101M) 14.978ms
[2020-08-10T13:08:23.421+0300][1442.964s][info ][gc] GC(47287) Pause Young (Allocation Failure) 96M->96M(101M) 15.155ms
[2020-08-10T13:08:23.436+0300][1442.980s][info ][gc] GC(47288) Pause Young (Allocation Failure) 97M->97M(101M) 15.304ms
[2020-08-10T13:08:23.453+0300][1442.996s][info ][gc] GC(47289) Pause Young (Allocation Failure) 98M->98M(101M) 15.293ms
[2020-08-10T13:08:23.701+0300][1443.245s][debug][gc] GC(47290) Expanding ParOldGen from 100864K by 11264K to 112128K
[2020-08-10T13:08:23.701+0300][1443.245s][info ][gc] GC(47290) Pause Full (Ergonomics) 98M->98M(112M) 248.554ms
[2020-08-10T13:08:23.736+0300][1443.280s][info ][gc] GC(47291) Pause Young (Allocation Failure) 99M->99M(112M) 34.440ms
[2020-08-10T13:08:23.753+0300][1443.296s][info ][gc] GC(47292) Pause Young (Allocation Failure) 100M->100M(112M) 15.682ms
[2020-08-10T13:08:23.769+0300][1443.312s][info ][gc] GC(47293) Pause Young (Allocation Failure) 101M->101M(112M) 15.552ms
[2020-08-10T13:08:23.785+0300][1443.329s][info ][gc] GC(47294) Pause Young (Allocation Failure) 102M->102M(112M) 15.665ms
[2020-08-10T13:08:23.801+0300][1443.345s][info ][gc] GC(47295) Pause Young (Allocation Failure) 103M->103M(112M) 15.746ms
[2020-08-10T13:08:23.818+0300][1443.361s][info ][gc] GC(47296) Pause Young (Allocation Failure) 104M->104M(112M) 15.748ms
[2020-08-10T13:08:23.834+0300][1443.378s][info ][gc] GC(47297) Pause Young (Allocation Failure) 105M->105M(112M) 16.121ms
[2020-08-10T13:08:23.851+0300][1443.394s][info ][gc] GC(47298) Pause Young (Allocation Failure) 106M->106M(112M) 16.108ms
[2020-08-10T13:08:23.867+0300][1443.411s][info ][gc] GC(47299) Pause Young (Allocation Failure) 107M->107M(112M) 16.046ms
[2020-08-10T13:08:23.884+0300][1443.428s][info ][gc] GC(47300) Pause Young (Allocation Failure) 108M->108M(112M) 16.079ms
[2020-08-10T13:08:23.901+0300][1443.444s][info ][gc] GC(47301) Pause Young (Allocation Failure) 109M->109M(112M) 16.258ms
[2020-08-10T13:08:23.918+0300][1443.461s][info ][gc] GC(47302) Pause Young (Allocation Failure) 110M->110M(111M) 16.392ms
[2020-08-10T13:08:24.184+0300][1443.728s][debug][gc] GC(47303) Expanding ParOldGen from 112128K by 11264K to 123392K
[2020-08-10T13:08:24.184+0300][1443.728s][info ][gc] GC(47303) Pause Full (Ergonomics) 110M->110M(122M) 266.022ms
[2020-08-10T13:08:24.223+0300][1443.766s][info ][gc] GC(47304) Pause Young (Allocation Failure) 111M->110M(122M) 37.949ms
[2020-08-10T13:08:24.240+0300][1443.783s][info ][gc] GC(47305) Pause Young (Allocation Failure) 111M->111M(122M) 16.702ms
[2020-08-10T13:08:24.256+0300][1443.799s][info ][gc] GC(47306) Pause Young (Allocation Failure) 112M->112M(123M) 15.349ms
[2020-08-10T13:08:24.273+0300][1443.816s][info ][gc] GC(47307) Pause Young (Allocation Failure) 113M->113M(123M) 16.622ms
[2020-08-10T13:08:24.290+0300][1443.834s][info ][gc] GC(47308) Pause Young (Allocation Failure) 114M->114M(123M) 16.768ms
[2020-08-10T13:08:24.307+0300][1443.851s][info ][gc] GC(47309) Pause Young (Allocation Failure) 115M->115M(123M) 16.670ms
[2020-08-10T13:08:24.325+0300][1443.868s][info ][gc] GC(47310) Pause Young (Allocation Failure) 116M->116M(123M) 16.868ms
[2020-08-10T13:08:24.342+0300][1443.885s][info ][gc] GC(47311) Pause Young (Allocation Failure) 117M->117M(123M) 16.851ms
[2020-08-10T13:08:24.359+0300][1443.902s][info ][gc] GC(47312) Pause Young (Allocation Failure) 118M->118M(123M) 16.701ms
[2020-08-10T13:08:24.376+0300][1443.920s][info ][gc] GC(47313) Pause Young (Allocation Failure) 119M->119M(123M) 17.033ms
[2020-08-10T13:08:24.393+0300][1443.937s][info ][gc] GC(47314) Pause Young (Allocation Failure) 120M->120M(123M) 16.883ms
[2020-08-10T13:08:24.690+0300][1444.234s][debug][gc] GC(47315) Expanding ParOldGen from 123392K by 11264K to 134656K
[2020-08-10T13:08:24.691+0300][1444.234s][info ][gc] GC(47315) Pause Full (Ergonomics) 120M->120M(134M) 297.045ms
[2020-08-10T13:08:24.706+0300][1444.250s][info ][gc] GC(47316) Pause Young (Allocation Failure) 121M->121M(134M) 15.122ms
[2020-08-10T13:08:24.726+0300][1444.269s][info ][gc] GC(47317) Pause Young (Allocation Failure) 122M->122M(134M) 19.065ms
[2020-08-10T13:08:24.744+0300][1444.287s][info ][gc] GC(47318) Pause Young (Allocation Failure) 123M->123M(134M) 17.348ms
[2020-08-10T13:08:24.761+0300][1444.305s][info ][gc] GC(47319) Pause Young (Allocation Failure) 124M->124M(134M) 17.364ms
[2020-08-10T13:08:24.779+0300][1444.323s][info ][gc] GC(47320) Pause Young (Allocation Failure) 125M->125M(134M) 17.548ms
[2020-08-10T13:08:24.798+0300][1444.341s][info ][gc] GC(47321) Pause Young (Allocation Failure) 126M->126M(134M) 17.447ms
[2020-08-10T13:08:24.816+0300][1444.360s][info ][gc] GC(47322) Pause Young (Allocation Failure) 127M->127M(134M) 17.781ms
[2020-08-10T13:08:24.834+0300][1444.378s][info ][gc] GC(47323) Pause Young (Allocation Failure) 128M->128M(134M) 17.861ms
[2020-08-10T13:08:24.853+0300][1444.396s][info ][gc] GC(47324) Pause Young (Allocation Failure) 129M->128M(134M) 17.998ms
[2020-08-10T13:08:24.871+0300][1444.415s][info ][gc] GC(47325) Pause Young (Allocation Failure) 129M->129M(134M) 17.793ms
[2020-08-10T13:08:24.889+0300][1444.433s][info ][gc] GC(47326) Pause Young (Allocation Failure) 130M->130M(134M) 17.572ms
[2020-08-10T13:08:24.907+0300][1444.451s][info ][gc] GC(47327) Pause Young (Allocation Failure) 131M->131M(134M) 17.955ms
[2020-08-10T13:08:25.389+0300][1444.933s][debug][gc] GC(47328) Expanding ParOldGen from 134656K by 11264K to 145920K
[2020-08-10T13:08:25.389+0300][1444.933s][info ][gc] GC(47328) Pause Full (Ergonomics) 131M->131M(145M) 481.803ms
[2020-08-10T13:08:25.426+0300][1444.970s][info ][gc] GC(47329) Pause Young (Allocation Failure) 132M->132M(145M) 36.419ms
[2020-08-10T13:08:25.446+0300][1444.989s][info ][gc] GC(47330) Pause Young (Allocation Failure) 133M->133M(145M) 18.618ms
[2020-08-10T13:08:25.465+0300][1445.008s][info ][gc] GC(47331) Pause Young (Allocation Failure) 134M->134M(145M) 18.475ms
[2020-08-10T13:08:25.484+0300][1445.027s][info ][gc] GC(47332) Pause Young (Allocation Failure) 135M->135M(145M) 18.751ms
[2020-08-10T13:08:25.484+0300][1445.028s][debug][gc] Expanding ParOldGen from 145920K by 19968K to 165888K
[2020-08-10T13:08:25.509+0300][1445.052s][info ][gc] GC(47333) Pause Young (Allocation Failure) 155M->155M(164M) 16.495ms
[2020-08-10T13:08:25.523+0300][1445.066s][info ][gc] GC(47334) Pause Young (Allocation Failure) 156M->156M(164M) 13.733ms
[2020-08-10T13:08:25.537+0300][1445.081s][info ][gc] GC(47335) Pause Young (Allocation Failure) 157M->157M(164M) 13.908ms
[2020-08-10T13:08:25.552+0300][1445.095s][info ][gc] GC(47336) Pause Young (Allocation Failure) 158M->158M(164M) 13.984ms
[2020-08-10T13:08:25.566+0300][1445.110s][info ][gc] GC(47337) Pause Young (Allocation Failure) 159M->159M(164M) 13.918ms
[2020-08-10T13:08:25.595+0300][1445.139s][info ][gc] GC(47338) Pause Young (Allocation Failure) 160M->160M(164M) 28.807ms
[2020-08-10T13:08:25.610+0300][1445.153s][info ][gc] GC(47339) Pause Young (Allocation Failure) 161M->161M(164M) 13.858ms
[2020-08-10T13:08:25.624+0300][1445.167s][info ][gc] GC(47340) Pause Young (Allocation Failure) 162M->162M(164M) 13.668ms
[2020-08-10T13:08:25.695+0300][1445.238s][debug][gc] GC(47341) Shrinking ParOldGen from 165888K by 124928K to 40960K
[2020-08-10T13:08:25.695+0300][1445.238s][info ][gc] GC(47341) Pause Full (Ergonomics) 162M->28M(42M) 70.849ms
[2020-08-10T13:08:25.723+0300][1445.267s][info ][gc] GC(47342) Pause Young (Allocation Failure) 29M->29M(42M) 27.745ms
[2020-08-10T13:08:25.745+0300][1445.289s][info ][gc] GC(47343) Pause Young (Allocation Failure) 30M->30M(42M) 21.261ms
[2020-08-10T13:08:25.759+0300][1445.303s][info ][gc] GC(47344) Pause Young (Allocation Failure) 31M->31M(42M) 13.685ms
[2020-08-10T13:08:25.773+0300][1445.317s][info ][gc] GC(47345) Pause Young (Allocation Failure) 32M->32M(42M) 13.481ms
[2020-08-10T13:08:25.787+0300][1445.331s][info ][gc] GC(47346) Pause Young (Allocation Failure) 33M->33M(42M) 13.432ms
[2020-08-10T13:08:25.801+0300][1445.345s][info ][gc] GC(47347) Pause Young (Allocation Failure) 34M->34M(42M) 13.507ms
[2020-08-10T13:08:25.815+0300][1445.359s][info ][gc] GC(47348) Pause Young (Allocation Failure) 35M->35M(42M) 13.427ms
[2020-08-10T13:08:25.829+0300][1445.373s][info ][gc] GC(47349) Pause Young (Allocation Failure) 36M->36M(42M) 13.214ms
[2020-08-10T13:08:25.843+0300][1445.386s][info ][gc] GC(47350) Pause Young (Allocation Failure) 37M->37M(42M) 13.421ms
[2020-08-10T13:08:25.857+0300][1445.401s][info ][gc] GC(47351) Pause Young (Allocation Failure) 38M->38M(42M) 13.561ms
[2020-08-10T13:08:25.871+0300][1445.415s][info ][gc] GC(47352) Pause Young (Allocation Failure) 39M->38M(42M) 13.560ms
[2020-08-10T13:08:25.885+0300][1445.429s][info ][gc] GC(47353) Pause Young (Allocation Failure) 39M->39M(42M) 13.563ms
[2020-08-10T13:08:25.959+0300][1445.503s][debug][gc] GC(47354) Expanding ParOldGen from 40960K by 11264K to 52224K
[2020-08-10T13:08:25.960+0300][1445.503s][info ][gc] GC(47354) Pause Full (Ergonomics) 39M->39M(53M) 74.336ms
[2020-08-10T13:08:25.973+0300][1445.517s][info ][gc] GC(47355) Pause Young (Allocation Failure) 40M->40M(53M) 13.050ms
[2020-08-10T13:08:25.987+0300][1445.531s][info ][gc] GC(47356) Pause Young (Allocation Failure) 41M->41M(53M) 13.492ms
[2020-08-10T13:08:26.002+0300][1445.545s][info ][gc] GC(47357) Pause Young (Allocation Failure) 42M->42M(53M) 13.664ms
[2020-08-10T13:08:26.016+0300][1445.559s][info ][gc] GC(47358) Pause Young (Allocation Failure) 43M->43M(53M) 13.503ms
[2020-08-10T13:08:26.030+0300][1445.573s][info ][gc] GC(47359) Pause Young (Allocation Failure) 44M->44M(53M) 13.378ms
[2020-08-10T13:08:26.043+0300][1445.587s][info ][gc] GC(47360) Pause Young (Allocation Failure) 45M->45M(53M) 13.343ms
[2020-08-10T13:08:26.057+0300][1445.601s][info ][gc] GC(47361) Pause Young (Allocation Failure) 46M->46M(53M) 13.459ms
[2020-08-10T13:08:26.071+0300][1445.615s][info ][gc] GC(47362) Pause Young (Allocation Failure) 47M->47M(53M) 13.430ms
[2020-08-10T13:08:26.085+0300][1445.629s][info ][gc] GC(47363) Pause Young (Allocation Failure) 48M->48M(53M) 13.449ms
[2020-08-10T13:08:26.099+0300][1445.643s][info ][gc] GC(47364) Pause Young (Allocation Failure) 49M->49M(53M) 13.345ms
[2020-08-10T13:08:26.113+0300][1445.657s][info ][gc] GC(47365) Pause Young (Allocation Failure) 50M->50M(53M) 13.335ms
[2020-08-10T13:08:26.127+0300][1445.671s][info ][gc] GC(47366) Pause Young (Allocation Failure) 51M->51M(53M) 13.456ms
[2020-08-10T13:08:26.247+0300][1445.791s][debug][gc] GC(47367) Expanding ParOldGen from 52224K by 11264K to 63488K
[2020-08-10T13:08:26.247+0300][1445.791s][info ][gc] GC(47367) Pause Full (Ergonomics) 51M->51M(64M) 120.313ms
[2020-08-10T13:08:26.268+0300][1445.812s][info ][gc] GC(47368) Pause Young (Allocation Failure) 52M->52M(64M) 20.486ms
[2020-08-10T13:08:26.283+0300][1445.826s][info ][gc] GC(47369) Pause Young (Allocation Failure) 53M->52M(64M) 13.647ms
[2020-08-10T13:08:26.297+0300][1445.840s][info ][gc] GC(47370) Pause Young (Allocation Failure) 53M->53M(64M) 13.620ms
[2020-08-10T13:08:26.311+0300][1445.855s][info ][gc] GC(47371) Pause Young (Allocation Failure) 54M->54M(64M) 13.634ms
[2020-08-10T13:08:26.325+0300][1445.869s][info ][gc] GC(47372) Pause Young (Allocation Failure) 55M->55M(64M) 13.554ms
[2020-08-10T13:08:26.339+0300][1445.883s][info ][gc] GC(47373) Pause Young (Allocation Failure) 56M->56M(64M) 13.669ms
[2020-08-10T13:08:26.353+0300][1445.897s][info ][gc] GC(47374) Pause Young (Allocation Failure) 57M->57M(64M) 13.704ms
[2020-08-10T13:08:26.368+0300][1445.911s][info ][gc] GC(47375) Pause Young (Allocation Failure) 58M->58M(64M) 13.802ms
[2020-08-10T13:08:26.382+0300][1445.926s][info ][gc] GC(47376) Pause Young (Allocation Failure) 59M->59M(64M) 13.675ms
[2020-08-10T13:08:26.396+0300][1445.940s][info ][gc] GC(47377) Pause Young (Allocation Failure) 60M->60M(64M) 13.649ms
[2020-08-10T13:08:26.410+0300][1445.954s][info ][gc] GC(47378) Pause Young (Allocation Failure) 61M->61M(64M) 13.687ms
[2020-08-10T13:08:26.424+0300][1445.968s][info ][gc] GC(47379) Pause Young (Allocation Failure) 62M->62M(64M) 13.713ms
[2020-08-10T13:08:26.563+0300][1446.106s][debug][gc] GC(47380) Expanding ParOldGen from 63488K by 11776K to 75264K
[2020-08-10T13:08:26.563+0300][1446.107s][info ][gc] GC(47380) Pause Full (Ergonomics) 62M->62M(75M) 138.135ms
[2020-08-10T13:08:26.614+0300][1446.157s][info ][gc] GC(47381) Pause Young (Allocation Failure) 63M->63M(75M) 50.445ms
[2020-08-10T13:08:26.645+0300][1446.188s][info ][gc] GC(47382) Pause Young (Allocation Failure) 64M->64M(75M) 30.354ms
[2020-08-10T13:08:26.659+0300][1446.203s][info ][gc] GC(47383) Pause Young (Allocation Failure) 65M->65M(75M) 13.661ms
[2020-08-10T13:08:26.676+0300][1446.219s][info ][gc] GC(47384) Pause Young (Allocation Failure) 66M->66M(75M) 16.088ms
[2020-08-10T13:08:26.690+0300][1446.233s][info ][gc] GC(47385) Pause Young (Allocation Failure) 67M->67M(75M) 13.519ms
[2020-08-10T13:08:26.704+0300][1446.248s][info ][gc] GC(47386) Pause Young (Allocation Failure) 68M->68M(75M) 13.655ms
[2020-08-10T13:08:26.718+0300][1446.262s][info ][gc] GC(47387) Pause Young (Allocation Failure) 69M->69M(75M) 13.821ms
[2020-08-10T13:08:26.733+0300][1446.277s][info ][gc] GC(47388) Pause Young (Allocation Failure) 70M->69M(75M) 13.868ms
[2020-08-10T13:08:26.747+0300][1446.291s][info ][gc] GC(47389) Pause Young (Allocation Failure) 70M->70M(75M) 13.710ms
[2020-08-10T13:08:26.761+0300][1446.305s][info ][gc] GC(47390) Pause Young (Allocation Failure) 71M->71M(75M) 13.644ms
[2020-08-10T13:08:26.775+0300][1446.319s][info ][gc] GC(47391) Pause Young (Allocation Failure) 72M->72M(75M) 13.465ms
[2020-08-10T13:08:26.789+0300][1446.333s][info ][gc] GC(47392) Pause Young (Allocation Failure) 73M->73M(75M) 13.708ms
[2020-08-10T13:08:26.957+0300][1446.500s][debug][gc] GC(47393) Expanding ParOldGen from 75264K by 11264K to 86528K
[2020-08-10T13:08:26.957+0300][1446.501s][info ][gc] GC(47393) Pause Full (Ergonomics) 73M->73M(86M) 167.421ms
[2020-08-10T13:08:27.010+0300][1446.554s][info ][gc] GC(47394) Pause Young (Allocation Failure) 74M->74M(86M) 52.492ms
[2020-08-10T13:08:27.039+0300][1446.582s][info ][gc] GC(47395) Pause Young (Allocation Failure) 75M->75M(86M) 28.241ms
[2020-08-10T13:08:27.057+0300][1446.601s][info ][gc] GC(47396) Pause Young (Allocation Failure) 76M->76M(86M) 18.355ms
[2020-08-10T13:08:27.072+0300][1446.616s][info ][gc] GC(47397) Pause Young (Allocation Failure) 77M->77M(86M) 14.252ms
[2020-08-10T13:08:27.087+0300][1446.631s][info ][gc] GC(47398) Pause Young (Allocation Failure) 78M->78M(86M) 14.231ms
[2020-08-10T13:08:27.102+0300][1446.645s][info ][gc] GC(47399) Pause Young (Allocation Failure) 79M->79M(86M) 14.268ms
[2020-08-10T13:08:27.117+0300][1446.660s][info ][gc] GC(47400) Pause Young (Allocation Failure) 80M->80M(86M) 14.435ms
[2020-08-10T13:08:27.132+0300][1446.675s][info ][gc] GC(47401) Pause Young (Allocation Failure) 81M->81M(86M) 14.407ms
[2020-08-10T13:08:27.147+0300][1446.690s][info ][gc] GC(47402) Pause Young (Allocation Failure) 82M->82M(86M) 14.368ms
[2020-08-10T13:08:27.162+0300][1446.706s][info ][gc] GC(47403) Pause Young (Allocation Failure) 83M->83M(86M) 14.578ms
[2020-08-10T13:08:27.177+0300][1446.721s][info ][gc] GC(47404) Pause Young (Allocation Failure) 84M->84M(86M) 14.546ms
[2020-08-10T13:08:27.192+0300][1446.736s][info ][gc] GC(47405) Pause Young (Allocation Failure) 85M->85M(86M) 14.622ms
[2020-08-10T13:08:27.435+0300][1446.979s][debug][gc] GC(47406) Expanding ParOldGen from 86528K by 11776K to 98304K
[2020-08-10T13:08:27.436+0300][1446.979s][info ][gc] GC(47406) Pause Full (Ergonomics) 85M->84M(98M) 243.164ms
[2020-08-10T13:08:27.471+0300][1447.015s][info ][gc] GC(47407) Pause Young (Allocation Failure) 85M->85M(98M) 34.772ms
[2020-08-10T13:08:27.486+0300][1447.030s][info ][gc] GC(47408) Pause Young (Allocation Failure) 86M->86M(98M) 14.460ms
[2020-08-10T13:08:27.501+0300][1447.045s][info ][gc] GC(47409) Pause Young (Allocation Failure) 87M->87M(98M) 14.604ms
[2020-08-10T13:08:27.516+0300][1447.060s][info ][gc] GC(47410) Pause Young (Allocation Failure) 88M->88M(98M) 14.848ms
[2020-08-10T13:08:27.532+0300][1447.075s][info ][gc] GC(47411) Pause Young (Allocation Failure) 89M->89M(98M) 14.941ms
[2020-08-10T13:08:27.547+0300][1447.091s][info ][gc] GC(47412) Pause Young (Allocation Failure) 90M->90M(98M) 14.835ms
[2020-08-10T13:08:27.563+0300][1447.106s][info ][gc] GC(47413) Pause Young (Allocation Failure) 91M->91M(98M) 15.266ms
[2020-08-10T13:08:27.578+0300][1447.122s][info ][gc] GC(47414) Pause Young (Allocation Failure) 92M->92M(97M) 15.103ms
[2020-08-10T13:08:27.592+0300][1447.136s][info ][gc] GC(47415) Pause Young (Allocation Failure) 93M->93M(98M) 14.000ms
[2020-08-10T13:08:27.607+0300][1447.150s][info ][gc] GC(47416) Pause Young (Allocation Failure) 93M->93M(98M) 13.720ms
[2020-08-10T13:08:27.621+0300][1447.164s][info ][gc] GC(47417) Pause Young (Allocation Failure) 93M->93M(98M) 13.716ms
[2020-08-10T13:08:27.635+0300][1447.178s][info ][gc] GC(47418) Pause Young (Allocation Failure) 94M->94M(98M) 13.657ms
[2020-08-10T13:08:27.649+0300][1447.192s][info ][gc] GC(47419) Pause Young (Allocation Failure) 94M->94M(98M) 13.704ms
[2020-08-10T13:08:27.663+0300][1447.206s][info ][gc] GC(47420) Pause Young (Allocation Failure) 95M->95M(98M) 13.835ms
[2020-08-10T13:08:27.895+0300][1447.439s][debug][gc] GC(47421) Expanding ParOldGen from 98304K by 10752K to 109056K
[2020-08-10T13:08:27.895+0300][1447.439s][info ][gc] GC(47421) Pause Full (Ergonomics) 95M->95M(108M) 232.692ms
[2020-08-10T13:08:27.910+0300][1447.453s][info ][gc] GC(47422) Pause Young (Allocation Failure) 95M->95M(108M) 13.542ms
[2020-08-10T13:08:27.924+0300][1447.467s][info ][gc] GC(47423) Pause Young (Allocation Failure) 96M->96M(108M) 13.644ms
[2020-08-10T13:08:27.938+0300][1447.481s][info ][gc] GC(47424) Pause Young (Allocation Failure) 96M->96M(108M) 13.485ms
[2020-08-10T13:08:27.951+0300][1447.495s][info ][gc] GC(47425) Pause Young (Allocation Failure) 97M->97M(108M) 13.488ms
[2020-08-10T13:08:27.965+0300][1447.509s][info ][gc] GC(47426) Pause Young (Allocation Failure) 97M->97M(108M) 13.526ms
[2020-08-10T13:08:27.979+0300][1447.523s][info ][gc] GC(47427) Pause Young (Allocation Failure) 97M->97M(108M) 13.527ms
[2020-08-10T13:08:27.993+0300][1447.537s][info ][gc] GC(47428) Pause Young (Allocation Failure) 98M->98M(108M) 13.652ms
[2020-08-10T13:08:28.007+0300][1447.551s][info ][gc] GC(47429) Pause Young (Allocation Failure) 98M->98M(108M) 13.667ms
[2020-08-10T13:08:28.021+0300][1447.565s][info ][gc] GC(47430) Pause Young (Allocation Failure) 99M->99M(108M) 13.645ms
[2020-08-10T13:08:28.036+0300][1447.580s][info ][gc] GC(47431) Pause Young (Allocation Failure) 99M->99M(108M) 13.724ms
[2020-08-10T13:08:28.050+0300][1447.594s][info ][gc] GC(47432) Pause Young (Allocation Failure) 100M->100M(107M) 13.848ms
[2020-08-10T13:08:28.064+0300][1447.608s][info ][gc] GC(47433) Pause Young (Allocation Failure) 100M->100M(108M) 13.711ms
[2020-08-10T13:08:28.079+0300][1447.622s][info ][gc] GC(47434) Pause Young (Allocation Failure) 101M->101M(108M) 13.707ms
[2020-08-10T13:08:28.093+0300][1447.637s][info ][gc] GC(47435) Pause Young (Allocation Failure) 101M->101M(108M) 13.661ms
[2020-08-10T13:08:28.107+0300][1447.651s][info ][gc] GC(47436) Pause Young (Allocation Failure) 102M->102M(108M) 13.734ms
[2020-08-10T13:08:28.121+0300][1447.665s][info ][gc] GC(47437) Pause Young (Allocation Failure) 102M->102M(108M) 13.719ms
[2020-08-10T13:08:28.135+0300][1447.679s][info ][gc] GC(47438) Pause Young (Allocation Failure) 103M->103M(108M) 13.737ms
[2020-08-10T13:08:28.150+0300][1447.693s][info ][gc] GC(47439) Pause Young (Allocation Failure) 103M->103M(108M) 13.748ms
[2020-08-10T13:08:28.164+0300][1447.707s][info ][gc] GC(47440) Pause Young (Allocation Failure) 104M->103M(108M) 13.591ms
[2020-08-10T13:08:28.178+0300][1447.722s][info ][gc] GC(47441) Pause Young (Allocation Failure) 104M->104M(108M) 13.733ms
[2020-08-10T13:08:28.192+0300][1447.736s][info ][gc] GC(47442) Pause Young (Allocation Failure) 104M->104M(108M) 13.659ms
[2020-08-10T13:08:28.206+0300][1447.750s][info ][gc] GC(47443) Pause Young (Allocation Failure) 105M->105M(108M) 13.518ms
[2020-08-10T13:08:28.220+0300][1447.764s][info ][gc] GC(47444) Pause Young (Allocation Failure) 105M->105M(108M) 13.673ms
[2020-08-10T13:08:28.234+0300][1447.778s][info ][gc] GC(47445) Pause Young (Allocation Failure) 106M->106M(108M) 13.647ms
[2020-08-10T13:08:28.249+0300][1447.792s][info ][gc] GC(47446) Pause Young (Allocation Failure) 106M->106M(108M) 13.742ms
[2020-08-10T13:08:28.514+0300][1448.058s][debug][gc] GC(47447) Expanding ParOldGen from 109056K by 10752K to 119808K
[2020-08-10T13:08:28.514+0300][1448.058s][info ][gc] GC(47447) Pause Full (Ergonomics) 106M->106M(118M) 265.552ms
[2020-08-10T13:08:28.551+0300][1448.095s][info ][gc] GC(47448) Pause Young (Allocation Failure) 107M->107M(118M) 36.516ms
[2020-08-10T13:08:28.566+0300][1448.110s][info ][gc] GC(47449) Pause Young (Allocation Failure) 107M->107M(118M) 14.108ms
[2020-08-10T13:08:28.581+0300][1448.125s][info ][gc] GC(47450) Pause Young (Allocation Failure) 107M->107M(118M) 13.840ms
[2020-08-10T13:08:28.595+0300][1448.139s][info ][gc] GC(47451) Pause Young (Allocation Failure) 108M->108M(118M) 14.139ms
[2020-08-10T13:08:28.610+0300][1448.154s][info ][gc] GC(47452) Pause Young (Allocation Failure) 108M->108M(118M) 14.092ms
[2020-08-10T13:08:28.625+0300][1448.168s][info ][gc] GC(47453) Pause Young (Allocation Failure) 109M->109M(118M) 14.161ms
[2020-08-10T13:08:28.639+0300][1448.183s][info ][gc] GC(47454) Pause Young (Allocation Failure) 109M->109M(118M) 14.219ms
[2020-08-10T13:08:28.654+0300][1448.198s][info ][gc] GC(47455) Pause Young (Allocation Failure) 110M->110M(118M) 14.078ms
[2020-08-10T13:08:28.669+0300][1448.212s][info ][gc] GC(47456) Pause Young (Allocation Failure) 110M->110M(118M) 14.173ms
[2020-08-10T13:08:28.683+0300][1448.227s][info ][gc] GC(47457) Pause Young (Allocation Failure) 111M->111M(118M) 14.227ms
[2020-08-10T13:08:28.698+0300][1448.242s][info ][gc] GC(47458) Pause Young (Allocation Failure) 111M->111M(118M) 14.198ms
[2020-08-10T13:08:28.713+0300][1448.257s][info ][gc] GC(47459) Pause Young (Allocation Failure) 112M->112M(118M) 14.212ms
[2020-08-10T13:08:28.727+0300][1448.271s][info ][gc] GC(47460) Pause Young (Allocation Failure) 112M->112M(118M) 14.311ms
[2020-08-10T13:08:28.742+0300][1448.286s][info ][gc] GC(47461) Pause Young (Allocation Failure) 113M->113M(118M) 14.439ms
[2020-08-10T13:08:28.757+0300][1448.301s][info ][gc] GC(47462) Pause Young (Allocation Failure) 113M->113M(118M) 14.428ms
[2020-08-10T13:08:28.772+0300][1448.316s][info ][gc] GC(47463) Pause Young (Allocation Failure) 113M->113M(118M) 14.461ms
[2020-08-10T13:08:28.804+0300][1448.348s][info ][gc] GC(47464) Pause Young (Allocation Failure) 114M->114M(118M) 31.513ms
[2020-08-10T13:08:28.821+0300][1448.364s][info ][gc] GC(47465) Pause Young (Allocation Failure) 114M->114M(118M) 16.019ms
[2020-08-10T13:08:28.836+0300][1448.380s][info ][gc] GC(47466) Pause Young (Allocation Failure) 115M->115M(118M) 15.479ms
[2020-08-10T13:08:28.853+0300][1448.397s][info ][gc] GC(47467) Pause Young (Allocation Failure) 115M->115M(118M) 15.792ms
[2020-08-10T13:08:28.868+0300][1448.412s][info ][gc] GC(47468) Pause Young (Allocation Failure) 116M->116M(118M) 14.916ms
[2020-08-10T13:08:28.884+0300][1448.427s][info ][gc] GC(47469) Pause Young (Allocation Failure) 116M->116M(118M) 14.996ms
[2020-08-10T13:08:28.899+0300][1448.443s][info ][gc] GC(47470) Pause Young (Allocation Failure) 117M->117M(118M) 14.776ms
[2020-08-10T13:08:29.185+0300][1448.729s][debug][gc] GC(47471) Expanding ParOldGen from 119808K by 10752K to 130560K
[2020-08-10T13:08:29.185+0300][1448.729s][info ][gc] GC(47471) Pause Full (Ergonomics) 117M->116M(129M) 286.308ms
[2020-08-10T13:08:29.203+0300][1448.747s][info ][gc] GC(47472) Pause Young (Allocation Failure) 117M->117M(129M) 17.303ms
[2020-08-10T13:08:29.221+0300][1448.764s][info ][gc] GC(47473) Pause Young (Allocation Failure) 117M->117M(129M) 16.945ms
[2020-08-10T13:08:29.236+0300][1448.780s][info ][gc] GC(47474) Pause Young (Allocation Failure) 118M->118M(129M) 14.771ms
[2020-08-10T13:08:29.251+0300][1448.795s][info ][gc] GC(47475) Pause Young (Allocation Failure) 118M->118M(129M) 14.669ms
[2020-08-10T13:08:29.266+0300][1448.810s][info ][gc] GC(47476) Pause Young (Allocation Failure) 119M->119M(129M) 14.765ms
[2020-08-10T13:08:29.281+0300][1448.825s][info ][gc] GC(47477) Pause Young (Allocation Failure) 119M->119M(129M) 14.895ms
[2020-08-10T13:08:29.297+0300][1448.840s][info ][gc] GC(47478) Pause Young (Allocation Failure) 120M->120M(129M) 15.011ms
[2020-08-10T13:08:29.312+0300][1448.856s][info ][gc] GC(47479) Pause Young (Allocation Failure) 120M->120M(129M) 15.035ms
[2020-08-10T13:08:29.328+0300][1448.872s][info ][gc] GC(47480) Pause Young (Allocation Failure) 121M->121M(129M) 14.977ms
[2020-08-10T13:08:29.343+0300][1448.887s][info ][gc] GC(47481) Pause Young (Allocation Failure) 121M->121M(129M) 15.034ms
[2020-08-10T13:08:29.359+0300][1448.903s][info ][gc] GC(47482) Pause Young (Allocation Failure) 122M->122M(129M) 15.098ms
[2020-08-10T13:08:29.374+0300][1448.918s][info ][gc] GC(47483) Pause Young (Allocation Failure) 122M->122M(129M) 15.095ms
[2020-08-10T13:08:29.390+0300][1448.934s][info ][gc] GC(47484) Pause Young (Allocation Failure) 123M->123M(129M) 14.953ms
[2020-08-10T13:08:29.406+0300][1448.949s][info ][gc] GC(47485) Pause Young (Allocation Failure) 123M->123M(129M) 15.354ms
[2020-08-10T13:08:29.421+0300][1448.965s][info ][gc] GC(47486) Pause Young (Allocation Failure) 124M->124M(129M) 15.059ms
[2020-08-10T13:08:29.436+0300][1448.980s][info ][gc] GC(47487) Pause Young (Allocation Failure) 124M->124M(129M) 15.016ms
[2020-08-10T13:08:29.452+0300][1448.996s][info ][gc] GC(47488) Pause Young (Allocation Failure) 125M->124M(129M) 15.114ms
[2020-08-10T13:08:29.467+0300][1449.011s][info ][gc] GC(47489) Pause Young (Allocation Failure) 125M->125M(129M) 15.312ms
[2020-08-10T13:08:29.483+0300][1449.027s][info ][gc] GC(47490) Pause Young (Allocation Failure) 125M->125M(129M) 15.178ms
[2020-08-10T13:08:29.499+0300][1449.043s][info ][gc] GC(47491) Pause Young (Allocation Failure) 126M->126M(129M) 15.414ms
[2020-08-10T13:08:29.515+0300][1449.059s][info ][gc] GC(47492) Pause Young (Allocation Failure) 126M->126M(129M) 15.435ms
[2020-08-10T13:08:29.530+0300][1449.074s][info ][gc] GC(47493) Pause Young (Allocation Failure) 127M->127M(129M) 15.182ms
[2020-08-10T13:08:29.546+0300][1449.090s][info ][gc] GC(47494) Pause Young (Allocation Failure) 127M->127M(129M) 15.517ms
[2020-08-10T13:08:29.916+0300][1449.460s][debug][gc] GC(47495) Expanding ParOldGen from 130560K by 10752K to 141312K
[2020-08-10T13:08:29.916+0300][1449.460s][info ][gc] GC(47495) Pause Full (Ergonomics) 127M->127M(139M) 369.364ms
[2020-08-10T13:08:29.930+0300][1449.474s][info ][gc] GC(47496) Pause Young (Allocation Failure) 127M->127M(139M) 14.159ms
[2020-08-10T13:08:29.946+0300][1449.490s][info ][gc] GC(47497) Pause Young (Allocation Failure) 128M->128M(139M) 15.587ms
[2020-08-10T13:08:29.962+0300][1449.506s][info ][gc] GC(47498) Pause Young (Allocation Failure) 128M->128M(139M) 15.549ms
[2020-08-10T13:08:29.979+0300][1449.522s][info ][gc] GC(47499) Pause Young (Allocation Failure) 129M->129M(139M) 15.671ms
[2020-08-10T13:08:29.995+0300][1449.539s][info ][gc] GC(47500) Pause Young (Allocation Failure) 129M->129M(139M) 15.625ms
[2020-08-10T13:08:30.011+0300][1449.555s][info ][gc] GC(47501) Pause Young (Allocation Failure) 130M->130M(139M) 15.785ms
[2020-08-10T13:08:30.027+0300][1449.571s][info ][gc] GC(47502) Pause Young (Allocation Failure) 130M->130M(139M) 15.765ms
[2020-08-10T13:08:30.043+0300][1449.587s][info ][gc] GC(47503) Pause Young (Allocation Failure) 131M->131M(139M) 15.606ms
[2020-08-10T13:08:30.059+0300][1449.603s][info ][gc] GC(47504) Pause Young (Allocation Failure) 131M->131M(139M) 15.418ms
[2020-08-10T13:08:30.075+0300][1449.619s][info ][gc] GC(47505) Pause Young (Allocation Failure) 132M->132M(139M) 15.511ms
[2020-08-10T13:08:30.091+0300][1449.635s][info ][gc] GC(47506) Pause Young (Allocation Failure) 132M->132M(139M) 15.653ms
[2020-08-10T13:08:30.107+0300][1449.651s][info ][gc] GC(47507) Pause Young (Allocation Failure) 132M->132M(139M) 15.623ms
[2020-08-10T13:08:30.123+0300][1449.667s][info ][gc] GC(47508) Pause Young (Allocation Failure) 133M->133M(139M) 15.457ms
[2020-08-10T13:08:30.139+0300][1449.683s][info ][gc] GC(47509) Pause Young (Allocation Failure) 133M->133M(139M) 15.689ms
[2020-08-10T13:08:30.155+0300][1449.699s][info ][gc] GC(47510) Pause Young (Allocation Failure) 134M->134M(139M) 16.000ms
[2020-08-10T13:08:30.194+0300][1449.738s][info ][gc] GC(47511) Pause Young (Allocation Failure) 134M->134M(139M) 38.310ms
[2020-08-10T13:08:30.220+0300][1449.763s][info ][gc] GC(47512) Pause Young (Allocation Failure) 135M->135M(139M) 25.267ms
[2020-08-10T13:08:30.236+0300][1449.780s][info ][gc] GC(47513) Pause Young (Allocation Failure) 135M->135M(139M) 16.009ms
[2020-08-10T13:08:30.236+0300][1449.780s][debug][gc] Expanding ParOldGen from 141312K by 19968K to 161280K
[2020-08-10T13:08:30.260+0300][1449.804s][info ][gc] GC(47514) Pause Young (Allocation Failure) 155M->154M(159M) 14.933ms
[2020-08-10T13:08:30.274+0300][1449.818s][info ][gc] GC(47515) Pause Young (Allocation Failure) 155M->155M(159M) 13.598ms
[2020-08-10T13:08:30.287+0300][1449.831s][info ][gc] GC(47516) Pause Young (Allocation Failure) 155M->155M(159M) 13.283ms
[2020-08-10T13:08:30.301+0300][1449.845s][info ][gc] GC(47517) Pause Young (Allocation Failure) 156M->156M(159M) 13.442ms
[2020-08-10T13:08:30.315+0300][1449.859s][info ][gc] GC(47518) Pause Young (Allocation Failure) 156M->156M(159M) 13.433ms
[2020-08-10T13:08:30.329+0300][1449.873s][info ][gc] GC(47519) Pause Young (Allocation Failure) 157M->157M(159M) 13.424ms
[2020-08-10T13:08:30.343+0300][1449.887s][info ][gc] GC(47520) Pause Young (Allocation Failure) 157M->157M(159M) 13.394ms
[2020-08-10T13:08:30.390+0300][1449.934s][debug][gc] GC(47521) Shrinking ParOldGen from 161280K by 125952K to 35328K
[2020-08-10T13:08:30.390+0300][1449.934s][info ][gc] GC(47521) Pause Full (Ergonomics) 157M->23M(36M) 46.655ms
[2020-08-10T13:08:30.418+0300][1449.962s][info ][gc] GC(47522) Pause Young (Allocation Failure) 24M->24M(36M) 27.861ms
[2020-08-10T13:08:30.436+0300][1449.979s][info ][gc] GC(47523) Pause Young (Allocation Failure) 24M->24M(36M) 17.183ms
[2020-08-10T13:08:30.449+0300][1449.993s][info ][gc] GC(47524) Pause Young (Allocation Failure) 25M->25M(36M) 13.478ms
[2020-08-10T13:08:30.464+0300][1450.008s][info ][gc] GC(47525) Pause Young (Allocation Failure) 25M->25M(36M) 14.379ms
[2020-08-10T13:08:30.478+0300][1450.022s][info ][gc] GC(47526) Pause Young (Allocation Failure) 26M->26M(36M) 13.616ms
[2020-08-10T13:08:30.492+0300][1450.036s][info ][gc] GC(47527) Pause Young (Allocation Failure) 26M->26M(36M) 13.354ms
[2020-08-10T13:08:30.506+0300][1450.050s][info ][gc] GC(47528) Pause Young (Allocation Failure) 27M->27M(36M) 13.429ms
[2020-08-10T13:08:30.520+0300][1450.064s][info ][gc] GC(47529) Pause Young (Allocation Failure) 27M->27M(36M) 13.443ms
[2020-08-10T13:08:30.534+0300][1450.078s][info ][gc] GC(47530) Pause Young (Allocation Failure) 28M->28M(36M) 13.337ms
[2020-08-10T13:08:30.548+0300][1450.092s][info ][gc] GC(47531) Pause Young (Allocation Failure) 28M->28M(36M) 13.489ms
[2020-08-10T13:08:30.562+0300][1450.106s][info ][gc] GC(47532) Pause Young (Allocation Failure) 28M->28M(36M) 13.541ms
[2020-08-10T13:08:30.576+0300][1450.120s][info ][gc] GC(47533) Pause Young (Allocation Failure) 29M->29M(36M) 13.280ms
[2020-08-10T13:08:30.590+0300][1450.134s][info ][gc] GC(47534) Pause Young (Allocation Failure) 29M->29M(36M) 13.606ms
[2020-08-10T13:08:30.604+0300][1450.148s][info ][gc] GC(47535) Pause Young (Allocation Failure) 30M->30M(36M) 13.479ms
[2020-08-10T13:08:30.618+0300][1450.162s][info ][gc] GC(47536) Pause Young (Allocation Failure) 31M->31M(36M) 13.794ms
[2020-08-10T13:08:30.632+0300][1450.176s][info ][gc] GC(47537) Pause Young (Allocation Failure) 32M->32M(36M) 13.643ms
[2020-08-10T13:08:30.647+0300][1450.191s][info ][gc] GC(47538) Pause Young (Allocation Failure) 33M->33M(36M) 13.968ms
[2020-08-10T13:08:30.661+0300][1450.205s][info ][gc] GC(47539) Pause Young (Allocation Failure) 34M->34M(37M) 13.990ms
[2020-08-10T13:08:30.676+0300][1450.220s][info ][gc] GC(47540) Pause Young (Allocation Failure) 35M->34M(37M) 13.968ms
[2020-08-10T13:08:30.739+0300][1450.283s][debug][gc] GC(47541) Expanding ParOldGen from 35328K by 11264K to 46592K
[2020-08-10T13:08:30.739+0300][1450.283s][info ][gc] GC(47541) Pause Full (Ergonomics) 34M->34M(48M) 63.204ms
[2020-08-10T13:08:30.757+0300][1450.301s][info ][gc] GC(47542) Pause Young (Allocation Failure) 35M->35M(48M) 17.171ms
[2020-08-10T13:08:30.772+0300][1450.316s][info ][gc] GC(47543) Pause Young (Allocation Failure) 36M->36M(48M) 14.070ms
[2020-08-10T13:08:30.787+0300][1450.330s][info ][gc] GC(47544) Pause Young (Allocation Failure) 37M->37M(48M) 14.038ms
[2020-08-10T13:08:30.801+0300][1450.345s][info ][gc] GC(47545) Pause Young (Allocation Failure) 38M->38M(48M) 14.029ms
[2020-08-10T13:08:30.816+0300][1450.360s][info ][gc] GC(47546) Pause Young (Allocation Failure) 39M->39M(48M) 13.889ms
[2020-08-10T13:08:30.830+0300][1450.374s][info ][gc] GC(47547) Pause Young (Allocation Failure) 40M->40M(48M) 13.986ms
[2020-08-10T13:08:30.848+0300][1450.392s][info ][gc] GC(47548) Pause Young (Allocation Failure) 41M->41M(48M) 17.071ms
[2020-08-10T13:08:30.863+0300][1450.407s][info ][gc] GC(47549) Pause Young (Allocation Failure) 42M->42M(48M) 14.130ms
[2020-08-10T13:08:30.877+0300][1450.421s][info ][gc] GC(47550) Pause Young (Allocation Failure) 43M->43M(48M) 14.052ms
[2020-08-10T13:08:30.892+0300][1450.436s][info ][gc] GC(47551) Pause Young (Allocation Failure) 44M->44M(48M) 14.126ms
[2020-08-10T13:08:30.907+0300][1450.451s][info ][gc] GC(47552) Pause Young (Allocation Failure) 45M->45M(48M) 13.953ms
[2020-08-10T13:08:30.921+0300][1450.465s][info ][gc] GC(47553) Pause Young (Allocation Failure) 46M->46M(48M) 14.087ms
[2020-08-10T13:08:31.011+0300][1450.555s][debug][gc] GC(47554) Expanding ParOldGen from 46592K by 11776K to 58368K
[2020-08-10T13:08:31.011+0300][1450.555s][info ][gc] GC(47554) Pause Full (Ergonomics) 46M->45M(59M) 89.103ms
[2020-08-10T13:08:31.032+0300][1450.576s][info ][gc] GC(47555) Pause Young (Allocation Failure) 46M->46M(59M) 21.074ms
[2020-08-10T13:08:31.047+0300][1450.591s][info ][gc] GC(47556) Pause Young (Allocation Failure) 47M->47M(59M) 14.088ms
[2020-08-10T13:08:31.062+0300][1450.606s][info ][gc] GC(47557) Pause Young (Allocation Failure) 48M->48M(59M) 14.105ms
[2020-08-10T13:08:31.077+0300][1450.621s][info ][gc] GC(47558) Pause Young (Allocation Failure) 49M->49M(59M) 14.175ms
[2020-08-10T13:08:31.091+0300][1450.635s][info ][gc] GC(47559) Pause Young (Allocation Failure) 50M->50M(59M) 13.911ms
[2020-08-10T13:08:31.106+0300][1450.650s][info ][gc] GC(47560) Pause Young (Allocation Failure) 51M->51M(59M) 14.097ms
[2020-08-10T13:08:31.120+0300][1450.664s][info ][gc] GC(47561) Pause Young (Allocation Failure) 52M->52M(59M) 14.098ms
[2020-08-10T13:08:31.135+0300][1450.679s][info ][gc] GC(47562) Pause Young (Allocation Failure) 53M->53M(59M) 14.150ms
[2020-08-10T13:08:31.150+0300][1450.694s][info ][gc] GC(47563) Pause Young (Allocation Failure) 54M->54M(59M) 14.030ms
[2020-08-10T13:08:31.165+0300][1450.709s][info ][gc] GC(47564) Pause Young (Allocation Failure) 55M->55M(59M) 14.093ms
[2020-08-10T13:08:31.179+0300][1450.723s][info ][gc] GC(47565) Pause Young (Allocation Failure) 56M->56M(59M) 14.108ms
[2020-08-10T13:08:31.194+0300][1450.738s][info ][gc] GC(47566) Pause Young (Allocation Failure) 57M->57M(59M) 14.071ms
[2020-08-10T13:08:31.317+0300][1450.861s][debug][gc] GC(47567) Expanding ParOldGen from 58368K by 11264K to 69632K
[2020-08-10T13:08:31.317+0300][1450.861s][info ][gc] GC(47567) Pause Full (Ergonomics) 57M->57M(70M) 122.912ms
[2020-08-10T13:08:31.341+0300][1450.885s][info ][gc] GC(47568) Pause Young (Allocation Failure) 58M->58M(70M) 23.494ms
[2020-08-10T13:08:31.356+0300][1450.900s][info ][gc] GC(47569) Pause Young (Allocation Failure) 59M->59M(70M) 14.222ms
[2020-08-10T13:08:31.371+0300][1450.915s][info ][gc] GC(47570) Pause Young (Allocation Failure) 60M->59M(70M) 14.179ms
[2020-08-10T13:08:31.386+0300][1450.930s][info ][gc] GC(47571) Pause Young (Allocation Failure) 60M->60M(70M) 14.215ms
[2020-08-10T13:08:31.401+0300][1450.945s][info ][gc] GC(47572) Pause Young (Allocation Failure) 61M->61M(70M) 14.177ms
[2020-08-10T13:08:31.415+0300][1450.959s][info ][gc] GC(47573) Pause Young (Allocation Failure) 62M->62M(70M) 14.179ms
[2020-08-10T13:08:31.430+0300][1450.974s][info ][gc] GC(47574) Pause Young (Allocation Failure) 63M->63M(70M) 14.189ms
[2020-08-10T13:08:31.445+0300][1450.989s][info ][gc] GC(47575) Pause Young (Allocation Failure) 64M->64M(70M) 14.241ms
[2020-08-10T13:08:31.460+0300][1451.004s][info ][gc] GC(47576) Pause Young (Allocation Failure) 65M->65M(70M) 14.220ms
[2020-08-10T13:08:31.475+0300][1451.019s][info ][gc] GC(47577) Pause Young (Allocation Failure) 66M->66M(70M) 14.248ms
[2020-08-10T13:08:31.490+0300][1451.034s][info ][gc] GC(47578) Pause Young (Allocation Failure) 67M->67M(70M) 14.175ms
[2020-08-10T13:08:31.504+0300][1451.048s][info ][gc] GC(47579) Pause Young (Allocation Failure) 68M->68M(70M) 14.036ms
[2020-08-10T13:08:31.697+0300][1451.241s][debug][gc] GC(47580) Expanding ParOldGen from 69632K by 11264K to 80896K
[2020-08-10T13:08:31.697+0300][1451.241s][info ][gc] GC(47580) Pause Full (Ergonomics) 68M->68M(81M) 192.606ms
[2020-08-10T13:08:31.726+0300][1451.270s][info ][gc] GC(47581) Pause Young (Allocation Failure) 69M->69M(81M) 28.382ms
[2020-08-10T13:08:31.741+0300][1451.285s][info ][gc] GC(47582) Pause Young (Allocation Failure) 70M->70M(81M) 14.381ms
[2020-08-10T13:08:31.756+0300][1451.300s][info ][gc] GC(47583) Pause Young (Allocation Failure) 71M->70M(81M) 14.242ms
[2020-08-10T13:08:31.771+0300][1451.315s][info ][gc] GC(47584) Pause Young (Allocation Failure) 71M->71M(81M) 14.217ms
[2020-08-10T13:08:31.786+0300][1451.330s][info ][gc] GC(47585) Pause Young (Allocation Failure) 72M->72M(81M) 14.358ms
[2020-08-10T13:08:31.801+0300][1451.345s][info ][gc] GC(47586) Pause Young (Allocation Failure) 73M->73M(81M) 14.258ms
[2020-08-10T13:08:31.816+0300][1451.360s][info ][gc] GC(47587) Pause Young (Allocation Failure) 74M->74M(81M) 14.258ms
[2020-08-10T13:08:31.830+0300][1451.374s][info ][gc] GC(47588) Pause Young (Allocation Failure) 75M->75M(81M) 14.251ms
[2020-08-10T13:08:31.845+0300][1451.389s][info ][gc] GC(47589) Pause Young (Allocation Failure) 76M->76M(81M) 14.219ms
[2020-08-10T13:08:31.860+0300][1451.404s][info ][gc] GC(47590) Pause Young (Allocation Failure) 77M->77M(81M) 14.361ms
[2020-08-10T13:08:31.875+0300][1451.419s][info ][gc] GC(47591) Pause Young (Allocation Failure) 78M->78M(81M) 14.305ms
[2020-08-10T13:08:31.890+0300][1451.434s][info ][gc] GC(47592) Pause Young (Allocation Failure) 79M->79M(81M) 14.364ms
[2020-08-10T13:08:32.096+0300][1451.640s][debug][gc] GC(47593) Expanding ParOldGen from 80896K by 11776K to 92672K
[2020-08-10T13:08:32.096+0300][1451.640s][info ][gc] GC(47593) Pause Full (Ergonomics) 79M->79M(93M) 205.769ms
[2020-08-10T13:08:32.128+0300][1451.672s][info ][gc] GC(47594) Pause Young (Allocation Failure) 80M->80M(93M) 31.066ms
[2020-08-10T13:08:32.143+0300][1451.687s][info ][gc] GC(47595) Pause Young (Allocation Failure) 81M->81M(93M) 14.330ms
[2020-08-10T13:08:32.158+0300][1451.702s][info ][gc] GC(47596) Pause Young (Allocation Failure) 82M->82M(93M) 14.408ms
[2020-08-10T13:08:32.173+0300][1451.717s][info ][gc] GC(47597) Pause Young (Allocation Failure) 83M->83M(93M) 14.519ms
[2020-08-10T13:08:32.188+0300][1451.732s][info ][gc] GC(47598) Pause Young (Allocation Failure) 84M->84M(93M) 14.861ms
[2020-08-10T13:08:32.203+0300][1451.747s][info ][gc] GC(47599) Pause Young (Allocation Failure) 85M->85M(93M) 14.684ms
[2020-08-10T13:08:32.218+0300][1451.762s][info ][gc] GC(47600) Pause Young (Allocation Failure) 86M->85M(93M) 14.290ms
[2020-08-10T13:08:32.233+0300][1451.777s][info ][gc] GC(47601) Pause Young (Allocation Failure) 86M->86M(93M) 14.719ms
[2020-08-10T13:08:32.249+0300][1451.793s][info ][gc] GC(47602) Pause Young (Allocation Failure) 87M->87M(93M) 14.828ms
[2020-08-10T13:08:32.264+0300][1451.808s][info ][gc] GC(47603) Pause Young (Allocation Failure) 88M->88M(93M) 14.969ms
[2020-08-10T13:08:32.280+0300][1451.824s][info ][gc] GC(47604) Pause Young (Allocation Failure) 89M->89M(93M) 14.841ms
[2020-08-10T13:08:32.296+0300][1451.840s][info ][gc] GC(47605) Pause Young (Allocation Failure) 90M->90M(92M) 15.207ms
[2020-08-10T13:08:32.513+0300][1452.057s][debug][gc] GC(47606) Expanding ParOldGen from 92672K by 11264K to 103936K
[2020-08-10T13:08:32.513+0300][1452.057s][info ][gc] GC(47606) Pause Full (Ergonomics) 90M->90M(103M) 217.025ms
[2020-08-10T13:08:32.547+0300][1452.091s][info ][gc] GC(47607) Pause Young (Allocation Failure) 91M->91M(103M) 33.491ms
[2020-08-10T13:08:32.563+0300][1452.107s][info ][gc] GC(47608) Pause Young (Allocation Failure) 92M->92M(103M) 15.294ms
[2020-08-10T13:08:32.591+0300][1452.135s][info ][gc] GC(47609) Pause Young (Allocation Failure) 93M->93M(103M) 27.885ms
[2020-08-10T13:08:32.607+0300][1452.151s][info ][gc] GC(47610) Pause Young (Allocation Failure) 94M->94M(103M) 15.541ms
[2020-08-10T13:08:32.624+0300][1452.168s][info ][gc] GC(47611) Pause Young (Allocation Failure) 95M->95M(103M) 15.618ms
[2020-08-10T13:08:32.639+0300][1452.183s][info ][gc] GC(47612) Pause Young (Allocation Failure) 95M->95M(103M) 14.322ms
[2020-08-10T13:08:32.653+0300][1452.197s][info ][gc] GC(47613) Pause Young (Allocation Failure) 96M->96M(103M) 13.957ms
[2020-08-10T13:08:32.668+0300][1452.212s][info ][gc] GC(47614) Pause Young (Allocation Failure) 96M->96M(103M) 13.970ms
[2020-08-10T13:08:32.682+0300][1452.226s][info ][gc] GC(47615) Pause Young (Allocation Failure) 97M->97M(103M) 14.003ms
[2020-08-10T13:08:32.697+0300][1452.241s][info ][gc] GC(47616) Pause Young (Allocation Failure) 97M->97M(103M) 13.961ms
[2020-08-10T13:08:32.711+0300][1452.255s][info ][gc] GC(47617) Pause Young (Allocation Failure) 97M->97M(103M) 13.938ms
[2020-08-10T13:08:32.726+0300][1452.270s][info ][gc] GC(47618) Pause Young (Allocation Failure) 98M->98M(103M) 13.956ms
[2020-08-10T13:08:32.740+0300][1452.284s][info ][gc] GC(47619) Pause Young (Allocation Failure) 98M->98M(103M) 13.841ms
[2020-08-10T13:08:32.759+0300][1452.304s][info ][gc] GC(47620) Pause Young (Allocation Failure) 99M->99M(103M) 18.983ms
[2020-08-10T13:08:32.774+0300][1452.318s][info ][gc] GC(47621) Pause Young (Allocation Failure) 99M->99M(103M) 14.096ms
[2020-08-10T13:08:32.789+0300][1452.333s][info ][gc] GC(47622) Pause Young (Allocation Failure) 100M->100M(103M) 13.996ms
[2020-08-10T13:08:32.803+0300][1452.347s][info ][gc] GC(47623) Pause Young (Allocation Failure) 100M->100M(103M) 14.023ms
[2020-08-10T13:08:32.818+0300][1452.362s][info ][gc] GC(47624) Pause Young (Allocation Failure) 101M->101M(103M) 13.955ms
[2020-08-10T13:08:33.070+0300][1452.614s][debug][gc] GC(47625) Expanding ParOldGen from 103936K by 11264K to 115200K
[2020-08-10T13:08:33.070+0300][1452.614s][info ][gc] GC(47625) Pause Full (Ergonomics) 101M->101M(114M) 251.864ms
[2020-08-10T13:08:33.084+0300][1452.628s][info ][gc] GC(47626) Pause Young (Allocation Failure) 101M->101M(114M) 13.500ms
[2020-08-10T13:08:33.098+0300][1452.642s][info ][gc] GC(47627) Pause Young (Allocation Failure) 101M->101M(114M) 13.706ms
[2020-08-10T13:08:33.112+0300][1452.656s][info ][gc] GC(47628) Pause Young (Allocation Failure) 102M->102M(114M) 13.687ms
[2020-08-10T13:08:33.126+0300][1452.670s][info ][gc] GC(47629) Pause Young (Allocation Failure) 102M->102M(113M) 13.828ms
[2020-08-10T13:08:33.141+0300][1452.685s][info ][gc] GC(47630) Pause Young (Allocation Failure) 103M->103M(114M) 13.687ms
[2020-08-10T13:08:33.155+0300][1452.699s][info ][gc] GC(47631) Pause Young (Allocation Failure) 103M->103M(114M) 13.656ms
[2020-08-10T13:08:33.169+0300][1452.713s][info ][gc] GC(47632) Pause Young (Allocation Failure) 104M->104M(114M) 13.675ms
[2020-08-10T13:08:33.183+0300][1452.727s][info ][gc] GC(47633) Pause Young (Allocation Failure) 104M->104M(114M) 13.695ms
[2020-08-10T13:08:33.197+0300][1452.741s][info ][gc] GC(47634) Pause Young (Allocation Failure) 105M->105M(114M) 13.710ms
[2020-08-10T13:08:33.211+0300][1452.755s][info ][gc] GC(47635) Pause Young (Allocation Failure) 105M->105M(114M) 13.710ms
[2020-08-10T13:08:33.226+0300][1452.770s][info ][gc] GC(47636) Pause Young (Allocation Failure) 106M->106M(114M) 13.661ms
[2020-08-10T13:08:33.240+0300][1452.784s][info ][gc] GC(47637) Pause Young (Allocation Failure) 106M->106M(114M) 13.604ms
[2020-08-10T13:08:33.254+0300][1452.798s][info ][gc] GC(47638) Pause Young (Allocation Failure) 107M->107M(114M) 13.768ms
[2020-08-10T13:08:33.268+0300][1452.812s][info ][gc] GC(47639) Pause Young (Allocation Failure) 107M->107M(114M) 13.716ms
[2020-08-10T13:08:33.282+0300][1452.827s][info ][gc] GC(47640) Pause Young (Allocation Failure) 108M->108M(114M) 13.712ms
[2020-08-10T13:08:33.297+0300][1452.841s][info ][gc] GC(47641) Pause Young (Allocation Failure) 108M->108M(114M) 13.616ms
[2020-08-10T13:08:33.311+0300][1452.855s][info ][gc] GC(47642) Pause Young (Allocation Failure) 109M->108M(114M) 13.752ms
[2020-08-10T13:08:33.325+0300][1452.869s][info ][gc] GC(47643) Pause Young (Allocation Failure) 109M->109M(114M) 13.759ms
[2020-08-10T13:08:33.339+0300][1452.883s][info ][gc] GC(47644) Pause Young (Allocation Failure) 109M->109M(114M) 13.700ms
[2020-08-10T13:08:33.354+0300][1452.898s][info ][gc] GC(47645) Pause Young (Allocation Failure) 110M->110M(114M) 13.707ms
[2020-08-10T13:08:33.368+0300][1452.912s][info ][gc] GC(47646) Pause Young (Allocation Failure) 110M->110M(114M) 13.972ms
[2020-08-10T13:08:33.383+0300][1452.927s][info ][gc] GC(47647) Pause Young (Allocation Failure) 111M->111M(114M) 13.885ms
[2020-08-10T13:08:33.397+0300][1452.941s][info ][gc] GC(47648) Pause Young (Allocation Failure) 111M->111M(114M) 14.056ms
[2020-08-10T13:08:33.412+0300][1452.956s][info ][gc] GC(47649) Pause Young (Allocation Failure) 112M->112M(114M) 13.885ms
[2020-08-10T13:08:33.426+0300][1452.970s][info ][gc] GC(47650) Pause Young (Allocation Failure) 112M->112M(114M) 14.114ms
[2020-08-10T13:08:33.738+0300][1453.282s][debug][gc] GC(47651) Expanding ParOldGen from 115200K by 10752K to 125952K
[2020-08-10T13:08:33.738+0300][1453.282s][info ][gc] GC(47651) Pause Full (Ergonomics) 112M->112M(124M) 311.565ms
[2020-08-10T13:08:33.752+0300][1453.296s][info ][gc] GC(47652) Pause Young (Allocation Failure) 112M->112M(124M) 13.397ms
[2020-08-10T13:08:33.766+0300][1453.310s][info ][gc] GC(47653) Pause Young (Allocation Failure) 113M->113M(124M) 13.762ms
[2020-08-10T13:08:33.780+0300][1453.324s][info ][gc] GC(47654) Pause Young (Allocation Failure) 113M->113M(124M) 13.957ms
[2020-08-10T13:08:33.795+0300][1453.339s][info ][gc] GC(47655) Pause Young (Allocation Failure) 114M->114M(124M) 14.226ms
[2020-08-10T13:08:33.810+0300][1453.354s][info ][gc] GC(47656) Pause Young (Allocation Failure) 114M->114M(124M) 14.342ms
[2020-08-10T13:08:33.825+0300][1453.369s][info ][gc] GC(47657) Pause Young (Allocation Failure) 115M->115M(124M) 14.138ms
[2020-08-10T13:08:33.839+0300][1453.383s][info ][gc] GC(47658) Pause Young (Allocation Failure) 115M->115M(124M) 14.211ms
[2020-08-10T13:08:33.854+0300][1453.398s][info ][gc] GC(47659) Pause Young (Allocation Failure) 116M->116M(124M) 14.374ms
[2020-08-10T13:08:33.869+0300][1453.413s][info ][gc] GC(47660) Pause Young (Allocation Failure) 116M->116M(124M) 14.411ms
[2020-08-10T13:08:33.884+0300][1453.428s][info ][gc] GC(47661) Pause Young (Allocation Failure) 117M->117M(124M) 14.485ms
[2020-08-10T13:08:33.899+0300][1453.443s][info ][gc] GC(47662) Pause Young (Allocation Failure) 117M->117M(124M) 14.390ms
[2020-08-10T13:08:33.914+0300][1453.458s][info ][gc] GC(47663) Pause Young (Allocation Failure) 117M->117M(124M) 14.170ms
[2020-08-10T13:08:33.928+0300][1453.473s][info ][gc] GC(47664) Pause Young (Allocation Failure) 118M->118M(124M) 14.469ms
[2020-08-10T13:08:33.943+0300][1453.488s][info ][gc] GC(47665) Pause Young (Allocation Failure) 118M->118M(124M) 14.530ms
[2020-08-10T13:08:33.959+0300][1453.503s][info ][gc] GC(47666) Pause Young (Allocation Failure) 119M->119M(124M) 14.783ms
[2020-08-10T13:08:33.974+0300][1453.518s][info ][gc] GC(47667) Pause Young (Allocation Failure) 119M->119M(124M) 14.706ms
[2020-08-10T13:08:33.989+0300][1453.533s][info ][gc] GC(47668) Pause Young (Allocation Failure) 120M->120M(124M) 14.452ms
[2020-08-10T13:08:34.004+0300][1453.548s][info ][gc] GC(47669) Pause Young (Allocation Failure) 120M->120M(124M) 14.645ms
[2020-08-10T13:08:34.019+0300][1453.563s][info ][gc] GC(47670) Pause Young (Allocation Failure) 121M->121M(124M) 14.703ms
[2020-08-10T13:08:34.034+0300][1453.579s][info ][gc] GC(47671) Pause Young (Allocation Failure) 121M->121M(124M) 14.624ms
[2020-08-10T13:08:34.050+0300][1453.594s][info ][gc] GC(47672) Pause Young (Allocation Failure) 122M->122M(124M) 14.706ms
[2020-08-10T13:08:34.065+0300][1453.609s][info ][gc] GC(47673) Pause Young (Allocation Failure) 122M->122M(124M) 14.620ms
[2020-08-10T13:08:34.080+0300][1453.624s][info ][gc] GC(47674) Pause Young (Allocation Failure) 123M->122M(124M) 14.722ms
[2020-08-10T13:08:34.095+0300][1453.639s][info ][gc] GC(47675) Pause Young (Allocation Failure) 123M->123M(124M) 14.855ms
[2020-08-10T13:08:34.399+0300][1453.944s][debug][gc] GC(47676) Expanding ParOldGen from 125952K by 10752K to 136704K
[2020-08-10T13:08:34.400+0300][1453.944s][info ][gc] GC(47676) Pause Full (Ergonomics) 123M->123M(135M) 304.422ms
[2020-08-10T13:08:34.432+0300][1453.976s][info ][gc] GC(47677) Pause Young (Allocation Failure) 123M->123M(135M) 32.105ms
[2020-08-10T13:08:34.448+0300][1453.992s][info ][gc] GC(47678) Pause Young (Allocation Failure) 124M->124M(135M) 15.754ms
[2020-08-10T13:08:34.464+0300][1454.008s][info ][gc] GC(47679) Pause Young (Allocation Failure) 124M->124M(135M) 15.589ms
[2020-08-10T13:08:34.505+0300][1454.049s][info ][gc] GC(47680) Pause Young (Allocation Failure) 125M->125M(135M) 39.837ms
[2020-08-10T13:08:34.521+0300][1454.065s][info ][gc] GC(47681) Pause Young (Allocation Failure) 125M->125M(135M) 15.817ms
[2020-08-10T13:08:34.537+0300][1454.081s][info ][gc] GC(47682) Pause Young (Allocation Failure) 126M->126M(135M) 15.724ms
[2020-08-10T13:08:34.553+0300][1454.097s][info ][gc] GC(47683) Pause Young (Allocation Failure) 126M->126M(135M) 15.517ms
[2020-08-10T13:08:34.569+0300][1454.113s][info ][gc] GC(47684) Pause Young (Allocation Failure) 126M->126M(135M) 15.739ms
[2020-08-10T13:08:34.599+0300][1454.143s][info ][gc] GC(47685) Pause Young (Allocation Failure) 127M->127M(135M) 29.242ms
[2020-08-10T13:08:34.615+0300][1454.159s][info ][gc] GC(47686) Pause Young (Allocation Failure) 127M->127M(135M) 15.713ms
[2020-08-10T13:08:34.631+0300][1454.175s][info ][gc] GC(47687) Pause Young (Allocation Failure) 128M->128M(135M) 15.955ms
[2020-08-10T13:08:34.647+0300][1454.191s][info ][gc] GC(47688) Pause Young (Allocation Failure) 128M->128M(135M) 15.690ms
[2020-08-10T13:08:34.663+0300][1454.207s][info ][gc] GC(47689) Pause Young (Allocation Failure) 129M->129M(135M) 15.689ms
[2020-08-10T13:08:34.680+0300][1454.224s][info ][gc] GC(47690) Pause Young (Allocation Failure) 129M->129M(135M) 15.939ms
[2020-08-10T13:08:34.696+0300][1454.240s][info ][gc] GC(47691) Pause Young (Allocation Failure) 130M->130M(135M) 15.879ms
[2020-08-10T13:08:34.712+0300][1454.256s][info ][gc] GC(47692) Pause Young (Allocation Failure) 130M->130M(135M) 15.787ms
[2020-08-10T13:08:34.752+0300][1454.296s][info ][gc] GC(47693) Pause Young (Allocation Failure) 131M->131M(135M) 39.608ms
[2020-08-10T13:08:34.769+0300][1454.313s][info ][gc] GC(47694) Pause Young (Allocation Failure) 131M->131M(135M) 16.678ms
[2020-08-10T13:08:34.786+0300][1454.330s][info ][gc] GC(47695) Pause Young (Allocation Failure) 132M->132M(135M) 16.125ms
[2020-08-10T13:08:34.802+0300][1454.347s][info ][gc] GC(47696) Pause Young (Allocation Failure) 132M->132M(135M) 16.096ms
[2020-08-10T13:08:34.819+0300][1454.363s][info ][gc] GC(47697) Pause Young (Allocation Failure) 132M->132M(135M) 16.095ms
[2020-08-10T13:08:34.835+0300][1454.379s][info ][gc] GC(47698) Pause Young (Allocation Failure) 133M->133M(135M) 15.750ms
[2020-08-10T13:08:34.851+0300][1454.396s][info ][gc] GC(47699) Pause Young (Allocation Failure) 133M->133M(135M) 15.838ms
[2020-08-10T13:08:35.203+0300][1454.747s][debug][gc] GC(47700) Expanding ParOldGen from 136704K by 10752K to 147456K
[2020-08-10T13:08:35.203+0300][1454.747s][info ][gc] GC(47700) Pause Full (Ergonomics) 133M->133M(145M) 351.638ms
[2020-08-10T13:08:35.237+0300][1454.781s][info ][gc] GC(47701) Pause Young (Allocation Failure) 134M->134M(145M) 33.760ms
[2020-08-10T13:08:35.254+0300][1454.798s][info ][gc] GC(47702) Pause Young (Allocation Failure) 134M->134M(145M) 16.305ms
[2020-08-10T13:08:35.271+0300][1454.815s][info ][gc] GC(47703) Pause Young (Allocation Failure) 134M->134M(145M) 16.102ms
[2020-08-10T13:08:35.287+0300][1454.831s][info ][gc] GC(47704) Pause Young (Allocation Failure) 135M->135M(145M) 16.191ms
[2020-08-10T13:08:35.287+0300][1454.832s][debug][gc] Expanding ParOldGen from 147456K by 19968K to 167424K
[2020-08-10T13:08:35.312+0300][1454.856s][info ][gc] GC(47705) Pause Young (Allocation Failure) 154M->154M(165M) 15.788ms
[2020-08-10T13:08:35.326+0300][1454.870s][info ][gc] GC(47706) Pause Young (Allocation Failure) 155M->155M(165M) 14.241ms
[2020-08-10T13:08:35.340+0300][1454.885s][info ][gc] GC(47707) Pause Young (Allocation Failure) 155M->155M(165M) 13.791ms
[2020-08-10T13:08:35.355+0300][1454.899s][info ][gc] GC(47708) Pause Young (Allocation Failure) 156M->156M(165M) 13.706ms
[2020-08-10T13:08:35.369+0300][1454.913s][info ][gc] GC(47709) Pause Young (Allocation Failure) 156M->156M(165M) 13.711ms
[2020-08-10T13:08:35.383+0300][1454.927s][info ][gc] GC(47710) Pause Young (Allocation Failure) 157M->157M(165M) 13.711ms
[2020-08-10T13:08:35.397+0300][1454.941s][info ][gc] GC(47711) Pause Young (Allocation Failure) 157M->157M(165M) 13.768ms
[2020-08-10T13:08:35.411+0300][1454.955s][info ][gc] GC(47712) Pause Young (Allocation Failure) 157M->157M(165M) 13.914ms
[2020-08-10T13:08:35.426+0300][1454.970s][info ][gc] GC(47713) Pause Young (Allocation Failure) 158M->158M(165M) 13.941ms
[2020-08-10T13:08:35.440+0300][1454.984s][info ][gc] GC(47714) Pause Young (Allocation Failure) 158M->158M(165M) 13.728ms
[2020-08-10T13:08:35.469+0300][1455.013s][info ][gc] GC(47715) Pause Young (Allocation Failure) 159M->159M(165M) 28.472ms
[2020-08-10T13:08:35.483+0300][1455.027s][info ][gc] GC(47716) Pause Young (Allocation Failure) 159M->159M(165M) 13.879ms
[2020-08-10T13:08:35.497+0300][1455.041s][info ][gc] GC(47717) Pause Young (Allocation Failure) 160M->160M(165M) 13.915ms
[2020-08-10T13:08:35.511+0300][1455.056s][info ][gc] GC(47718) Pause Young (Allocation Failure) 161M->161M(165M) 14.004ms
[2020-08-10T13:08:35.526+0300][1455.070s][info ][gc] GC(47719) Pause Young (Allocation Failure) 162M->162M(165M) 14.016ms
[2020-08-10T13:08:35.540+0300][1455.085s][info ][gc] GC(47720) Pause Young (Allocation Failure) 163M->162M(165M) 14.196ms
[2020-08-10T13:08:35.555+0300][1455.099s][info ][gc] GC(47721) Pause Young (Allocation Failure) 163M->163M(166M) 14.148ms
[2020-08-10T13:08:35.620+0300][1455.165s][debug][gc] GC(47722) Shrinking ParOldGen from 167424K by 124928K to 42496K
[2020-08-10T13:08:35.620+0300][1455.165s][info ][gc] GC(47722) Pause Full (Ergonomics) 163M->30M(44M) 65.421ms
[2020-08-10T13:08:35.634+0300][1455.178s][info ][gc] GC(47723) Pause Young (Allocation Failure) 31M->31M(44M) 13.276ms
[2020-08-10T13:08:35.648+0300][1455.192s][info ][gc] GC(47724) Pause Young (Allocation Failure) 32M->32M(44M) 13.700ms
[2020-08-10T13:08:35.662+0300][1455.206s][info ][gc] GC(47725) Pause Young (Allocation Failure) 33M->33M(44M) 13.658ms
[2020-08-10T13:08:35.677+0300][1455.221s][info ][gc] GC(47726) Pause Young (Allocation Failure) 34M->33M(44M) 13.866ms
[2020-08-10T13:08:35.691+0300][1455.235s][info ][gc] GC(47727) Pause Young (Allocation Failure) 34M->34M(44M) 13.774ms
[2020-08-10T13:08:35.705+0300][1455.250s][info ][gc] GC(47728) Pause Young (Allocation Failure) 35M->35M(44M) 13.996ms
[2020-08-10T13:08:35.720+0300][1455.264s][info ][gc] GC(47729) Pause Young (Allocation Failure) 36M->36M(44M) 14.030ms
[2020-08-10T13:08:35.735+0300][1455.279s][info ][gc] GC(47730) Pause Young (Allocation Failure) 37M->37M(44M) 14.121ms
[2020-08-10T13:08:35.749+0300][1455.294s][info ][gc] GC(47731) Pause Young (Allocation Failure) 38M->38M(44M) 14.025ms
[2020-08-10T13:08:35.764+0300][1455.308s][info ][gc] GC(47732) Pause Young (Allocation Failure) 39M->39M(44M) 13.941ms
[2020-08-10T13:08:35.779+0300][1455.323s][info ][gc] GC(47733) Pause Young (Allocation Failure) 40M->40M(44M) 13.951ms
[2020-08-10T13:08:35.793+0300][1455.337s][info ][gc] GC(47734) Pause Young (Allocation Failure) 41M->41M(44M) 14.017ms
[2020-08-10T13:08:35.872+0300][1455.416s][debug][gc] GC(47735) Expanding ParOldGen from 42496K by 11776K to 54272K
[2020-08-10T13:08:35.872+0300][1455.417s][info ][gc] GC(47735) Pause Full (Ergonomics) 41M->41M(55M) 78.931ms
[2020-08-10T13:08:35.886+0300][1455.431s][info ][gc] GC(47736) Pause Young (Allocation Failure) 42M->42M(55M) 13.527ms
[2020-08-10T13:08:35.901+0300][1455.445s][info ][gc] GC(47737) Pause Young (Allocation Failure) 43M->43M(55M) 13.999ms
[2020-08-10T13:08:35.916+0300][1455.460s][info ][gc] GC(47738) Pause Young (Allocation Failure) 44M->44M(55M) 13.977ms
[2020-08-10T13:08:35.930+0300][1455.475s][info ][gc] GC(47739) Pause Young (Allocation Failure) 45M->45M(55M) 14.038ms
[2020-08-10T13:08:35.945+0300][1455.489s][info ][gc] GC(47740) Pause Young (Allocation Failure) 46M->45M(55M) 13.961ms
[2020-08-10T13:08:35.960+0300][1455.504s][info ][gc] GC(47741) Pause Young (Allocation Failure) 46M->46M(55M) 13.962ms
[2020-08-10T13:08:35.974+0300][1455.518s][info ][gc] GC(47742) Pause Young (Allocation Failure) 47M->47M(55M) 13.968ms
[2020-08-10T13:08:35.989+0300][1455.533s][info ][gc] GC(47743) Pause Young (Allocation Failure) 48M->48M(55M) 13.962ms
[2020-08-10T13:08:36.003+0300][1455.548s][info ][gc] GC(47744) Pause Young (Allocation Failure) 49M->49M(55M) 14.031ms
[2020-08-10T13:08:36.018+0300][1455.562s][info ][gc] GC(47745) Pause Young (Allocation Failure) 50M->50M(55M) 13.941ms
[2020-08-10T13:08:36.032+0300][1455.577s][info ][gc] GC(47746) Pause Young (Allocation Failure) 51M->51M(55M) 14.016ms
[2020-08-10T13:08:36.047+0300][1455.591s][info ][gc] GC(47747) Pause Young (Allocation Failure) 52M->52M(55M) 13.979ms
[2020-08-10T13:08:36.062+0300][1455.606s][info ][gc] GC(47748) Pause Young (Allocation Failure) 53M->53M(55M) 13.975ms
[2020-08-10T13:08:36.173+0300][1455.718s][debug][gc] GC(47749) Expanding ParOldGen from 54272K by 11776K to 66048K
[2020-08-10T13:08:36.174+0300][1455.718s][info ][gc] GC(47749) Pause Full (Ergonomics) 53M->53M(67M) 111.743ms
[2020-08-10T13:08:36.197+0300][1455.741s][info ][gc] GC(47750) Pause Young (Allocation Failure) 54M->54M(67M) 22.964ms
[2020-08-10T13:08:36.212+0300][1455.756s][info ][gc] GC(47751) Pause Young (Allocation Failure) 55M->55M(67M) 14.252ms
[2020-08-10T13:08:36.227+0300][1455.771s][info ][gc] GC(47752) Pause Young (Allocation Failure) 56M->56M(67M) 14.130ms
[2020-08-10T13:08:36.242+0300][1455.786s][info ][gc] GC(47753) Pause Young (Allocation Failure) 57M->56M(67M) 14.253ms
[2020-08-10T13:08:36.256+0300][1455.801s][info ][gc] GC(47754) Pause Young (Allocation Failure) 57M->57M(67M) 14.166ms
[2020-08-10T13:08:36.271+0300][1455.816s][info ][gc] GC(47755) Pause Young (Allocation Failure) 58M->58M(67M) 14.178ms
[2020-08-10T13:08:36.286+0300][1455.830s][info ][gc] GC(47756) Pause Young (Allocation Failure) 59M->59M(67M) 14.165ms
[2020-08-10T13:08:36.301+0300][1455.845s][info ][gc] GC(47757) Pause Young (Allocation Failure) 60M->60M(67M) 14.245ms
[2020-08-10T13:08:36.316+0300][1455.860s][info ][gc] GC(47758) Pause Young (Allocation Failure) 61M->61M(67M) 14.216ms
[2020-08-10T13:08:36.331+0300][1455.875s][info ][gc] GC(47759) Pause Young (Allocation Failure) 62M->62M(67M) 14.186ms
[2020-08-10T13:08:36.345+0300][1455.890s][info ][gc] GC(47760) Pause Young (Allocation Failure) 63M->63M(67M) 14.204ms
[2020-08-10T13:08:36.360+0300][1455.904s][info ][gc] GC(47761) Pause Young (Allocation Failure) 64M->64M(67M) 14.210ms
[2020-08-10T13:08:36.502+0300][1456.047s][debug][gc] GC(47762) Expanding ParOldGen from 66048K by 11264K to 77312K
[2020-08-10T13:08:36.503+0300][1456.047s][info ][gc] GC(47762) Pause Full (Ergonomics) 64M->64M(78M) 142.198ms
[2020-08-10T13:08:36.517+0300][1456.061s][info ][gc] GC(47763) Pause Young (Allocation Failure) 65M->65M(78M) 13.445ms
[2020-08-10T13:08:36.531+0300][1456.075s][info ][gc] GC(47764) Pause Young (Allocation Failure) 66M->66M(78M) 14.106ms
[2020-08-10T13:08:36.546+0300][1456.090s][info ][gc] GC(47765) Pause Young (Allocation Failure) 67M->67M(78M) 14.042ms
[2020-08-10T13:08:36.560+0300][1456.104s][info ][gc] GC(47766) Pause Young (Allocation Failure) 68M->68M(78M) 13.810ms
[2020-08-10T13:08:36.575+0300][1456.119s][info ][gc] GC(47767) Pause Young (Allocation Failure) 69M->69M(78M) 13.811ms
[2020-08-10T13:08:36.589+0300][1456.133s][info ][gc] GC(47768) Pause Young (Allocation Failure) 70M->70M(78M) 13.909ms
[2020-08-10T13:08:36.603+0300][1456.148s][info ][gc] GC(47769) Pause Young (Allocation Failure) 71M->70M(78M) 14.233ms
[2020-08-10T13:08:36.618+0300][1456.162s][info ][gc] GC(47770) Pause Young (Allocation Failure) 71M->71M(78M) 13.941ms
[2020-08-10T13:08:36.632+0300][1456.177s][info ][gc] GC(47771) Pause Young (Allocation Failure) 72M->72M(78M) 13.931ms
[2020-08-10T13:08:36.647+0300][1456.191s][info ][gc] GC(47772) Pause Young (Allocation Failure) 73M->73M(78M) 14.006ms
[2020-08-10T13:08:36.662+0300][1456.206s][info ][gc] GC(47773) Pause Young (Allocation Failure) 74M->74M(78M) 14.129ms
[2020-08-10T13:08:36.676+0300][1456.220s][info ][gc] GC(47774) Pause Young (Allocation Failure) 75M->75M(78M) 13.985ms
[2020-08-10T13:08:36.855+0300][1456.400s][debug][gc] GC(47775) Expanding ParOldGen from 77312K by 11264K to 88576K
[2020-08-10T13:08:36.855+0300][1456.400s][info ][gc] GC(47775) Pause Full (Ergonomics) 75M->75M(89M) 179.154ms
[2020-08-10T13:08:36.886+0300][1456.431s][info ][gc] GC(47776) Pause Young (Allocation Failure) 76M->76M(89M) 30.355ms
[2020-08-10T13:08:36.901+0300][1456.445s][info ][gc] GC(47777) Pause Young (Allocation Failure) 77M->77M(89M) 14.302ms
[2020-08-10T13:08:36.916+0300][1456.460s][info ][gc] GC(47778) Pause Young (Allocation Failure) 78M->78M(89M) 14.194ms
[2020-08-10T13:08:36.930+0300][1456.475s][info ][gc] GC(47779) Pause Young (Allocation Failure) 79M->79M(89M) 14.286ms
[2020-08-10T13:08:36.945+0300][1456.490s][info ][gc] GC(47780) Pause Young (Allocation Failure) 80M->80M(89M) 14.387ms
[2020-08-10T13:08:36.960+0300][1456.504s][info ][gc] GC(47781) Pause Young (Allocation Failure) 81M->81M(89M) 14.338ms
[2020-08-10T13:08:36.975+0300][1456.519s][info ][gc] GC(47782) Pause Young (Allocation Failure) 82M->82M(89M) 14.388ms
[2020-08-10T13:08:36.990+0300][1456.534s][info ][gc] GC(47783) Pause Young (Allocation Failure) 83M->83M(89M) 14.442ms
[2020-08-10T13:08:37.006+0300][1456.550s][info ][gc] GC(47784) Pause Young (Allocation Failure) 84M->84M(88M) 15.106ms
[2020-08-10T13:08:37.021+0300][1456.565s][info ][gc] GC(47785) Pause Young (Allocation Failure) 85M->85M(88M) 14.385ms
[2020-08-10T13:08:37.054+0300][1456.598s][info ][gc] GC(47786) Pause Young (Allocation Failure) 86M->86M(88M) 32.421ms
[2020-08-10T13:08:37.084+0300][1456.628s][info ][gc] GC(47787) Pause Young (Allocation Failure) 87M->87M(88M) 29.449ms
[2020-08-10T13:08:37.293+0300][1456.837s][debug][gc] GC(47788) Expanding ParOldGen from 88576K by 11776K to 100352K
[2020-08-10T13:08:37.293+0300][1456.838s][info ][gc] GC(47788) Pause Full (Ergonomics) 87M->86M(100M) 209.451ms
[2020-08-10T13:08:37.326+0300][1456.871s][info ][gc] GC(47789) Pause Young (Allocation Failure) 87M->87M(100M) 32.585ms
[2020-08-10T13:08:37.342+0300][1456.886s][info ][gc] GC(47790) Pause Young (Allocation Failure) 88M->88M(100M) 14.842ms
[2020-08-10T13:08:37.357+0300][1456.901s][info ][gc] GC(47791) Pause Young (Allocation Failure) 89M->89M(100M) 14.804ms
[2020-08-10T13:08:37.372+0300][1456.917s][info ][gc] GC(47792) Pause Young (Allocation Failure) 90M->90M(100M) 15.018ms
[2020-08-10T13:08:37.388+0300][1456.932s][info ][gc] GC(47793) Pause Young (Allocation Failure) 91M->91M(100M) 15.164ms
[2020-08-10T13:08:37.404+0300][1456.948s][info ][gc] GC(47794) Pause Young (Allocation Failure) 92M->92M(100M) 15.428ms
[2020-08-10T13:08:37.420+0300][1456.964s][info ][gc] GC(47795) Pause Young (Allocation Failure) 93M->93M(100M) 15.561ms
[2020-08-10T13:08:37.436+0300][1456.980s][info ][gc] GC(47796) Pause Young (Allocation Failure) 94M->94M(100M) 15.535ms
[2020-08-10T13:08:37.452+0300][1456.997s][info ][gc] GC(47797) Pause Young (Allocation Failure) 95M->95M(100M) 15.648ms
[2020-08-10T13:08:37.468+0300][1457.013s][info ][gc] GC(47798) Pause Young (Allocation Failure) 96M->96M(100M) 15.502ms
[2020-08-10T13:08:37.485+0300][1457.029s][info ][gc] GC(47799) Pause Young (Allocation Failure) 97M->97M(100M) 15.766ms
[2020-08-10T13:08:37.501+0300][1457.045s][info ][gc] GC(47800) Pause Young (Allocation Failure) 98M->98M(100M) 15.772ms
[2020-08-10T13:08:37.749+0300][1457.293s][debug][gc] GC(47801) Expanding ParOldGen from 100352K by 11264K to 111616K
[2020-08-10T13:08:37.749+0300][1457.293s][info ][gc] GC(47801) Pause Full (Ergonomics) 98M->98M(111M) 247.324ms
[2020-08-10T13:08:37.785+0300][1457.329s][info ][gc] GC(47802) Pause Young (Allocation Failure) 99M->99M(111M) 35.361ms
[2020-08-10T13:08:37.801+0300][1457.346s][info ][gc] GC(47803) Pause Young (Allocation Failure) 100M->100M(111M) 16.149ms
[2020-08-10T13:08:37.818+0300][1457.362s][info ][gc] GC(47804) Pause Young (Allocation Failure) 101M->101M(111M) 16.085ms
[2020-08-10T13:08:37.835+0300][1457.379s][info ][gc] GC(47805) Pause Young (Allocation Failure) 102M->101M(111M) 16.271ms
[2020-08-10T13:08:37.852+0300][1457.396s][info ][gc] GC(47806) Pause Young (Allocation Failure) 102M->102M(111M) 16.178ms
[2020-08-10T13:08:37.868+0300][1457.413s][info ][gc] GC(47807) Pause Young (Allocation Failure) 103M->103M(111M) 16.358ms
[2020-08-10T13:08:37.886+0300][1457.430s][info ][gc] GC(47808) Pause Young (Allocation Failure) 104M->104M(111M) 16.518ms
[2020-08-10T13:08:37.903+0300][1457.447s][info ][gc] GC(47809) Pause Young (Allocation Failure) 105M->105M(111M) 16.523ms
[2020-08-10T13:08:37.920+0300][1457.464s][info ][gc] GC(47810) Pause Young (Allocation Failure) 106M->106M(111M) 16.885ms
[2020-08-10T13:08:37.938+0300][1457.482s][info ][gc] GC(47811) Pause Young (Allocation Failure) 107M->107M(111M) 16.809ms
[2020-08-10T13:08:37.955+0300][1457.499s][info ][gc] GC(47812) Pause Young (Allocation Failure) 108M->108M(111M) 16.693ms
[2020-08-10T13:08:37.972+0300][1457.517s][info ][gc] GC(47813) Pause Young (Allocation Failure) 109M->109M(111M) 16.892ms
[2020-08-10T13:08:38.279+0300][1457.823s][debug][gc] GC(47814) Expanding ParOldGen from 111616K by 11776K to 123392K
[2020-08-10T13:08:38.279+0300][1457.823s][info ][gc] GC(47814) Pause Full (Ergonomics) 109M->109M(122M) 306.140ms
[2020-08-10T13:08:38.321+0300][1457.866s][info ][gc] GC(47815) Pause Young (Allocation Failure) 110M->110M(122M) 42.089ms
[2020-08-10T13:08:38.339+0300][1457.883s][info ][gc] GC(47816) Pause Young (Allocation Failure) 111M->111M(122M) 16.953ms
[2020-08-10T13:08:38.357+0300][1457.901s][info ][gc] GC(47817) Pause Young (Allocation Failure) 112M->112M(122M) 16.962ms
[2020-08-10T13:08:38.374+0300][1457.919s][info ][gc] GC(47818) Pause Young (Allocation Failure) 113M->113M(122M) 17.258ms
[2020-08-10T13:08:38.392+0300][1457.937s][info ][gc] GC(47819) Pause Young (Allocation Failure) 114M->114M(122M) 17.400ms
[2020-08-10T13:08:38.410+0300][1457.955s][info ][gc] GC(47820) Pause Young (Allocation Failure) 115M->115M(122M) 17.522ms
[2020-08-10T13:08:38.428+0300][1457.973s][info ][gc] GC(47821) Pause Young (Allocation Failure) 116M->116M(122M) 17.139ms
[2020-08-10T13:08:38.446+0300][1457.991s][info ][gc] GC(47822) Pause Young (Allocation Failure) 117M->117M(122M) 17.677ms
[2020-08-10T13:08:38.465+0300][1458.009s][info ][gc] GC(47823) Pause Young (Allocation Failure) 118M->118M(122M) 17.720ms
[2020-08-10T13:08:38.483+0300][1458.027s][info ][gc] GC(47824) Pause Young (Allocation Failure) 119M->118M(122M) 17.731ms
[2020-08-10T13:08:38.501+0300][1458.046s][info ][gc] GC(47825) Pause Young (Allocation Failure) 119M->119M(122M) 17.813ms
[2020-08-10T13:08:38.520+0300][1458.064s][info ][gc] GC(47826) Pause Young (Allocation Failure) 120M->120M(122M) 17.947ms
[2020-08-10T13:08:38.825+0300][1458.369s][debug][gc] GC(47827) Expanding ParOldGen from 123392K by 11264K to 134656K
[2020-08-10T13:08:38.825+0300][1458.369s][info ][gc] GC(47827) Pause Full (Ergonomics) 120M->120M(133M) 304.747ms
[2020-08-10T13:08:38.858+0300][1458.403s][info ][gc] GC(47828) Pause Young (Allocation Failure) 121M->121M(133M) 32.715ms
[2020-08-10T13:08:38.877+0300][1458.421s][info ][gc] GC(47829) Pause Young (Allocation Failure) 122M->122M(133M) 17.908ms
[2020-08-10T13:08:38.896+0300][1458.440s][info ][gc] GC(47830) Pause Young (Allocation Failure) 123M->123M(133M) 18.336ms
[2020-08-10T13:08:38.915+0300][1458.459s][info ][gc] GC(47831) Pause Young (Allocation Failure) 124M->124M(133M) 18.484ms
[2020-08-10T13:08:38.932+0300][1458.476s][info ][gc] GC(47832) Pause Young (Allocation Failure) 125M->125M(133M) 16.826ms
[2020-08-10T13:08:38.948+0300][1458.492s][info ][gc] GC(47833) Pause Young (Allocation Failure) 125M->125M(133M) 15.654ms
[2020-08-10T13:08:38.964+0300][1458.509s][info ][gc] GC(47834) Pause Young (Allocation Failure) 126M->125M(133M) 15.709ms
[2020-08-10T13:08:38.980+0300][1458.524s][info ][gc] GC(47835) Pause Young (Allocation Failure) 126M->126M(133M) 15.455ms
[2020-08-10T13:08:38.996+0300][1458.540s][info ][gc] GC(47836) Pause Young (Allocation Failure) 126M->126M(133M) 15.661ms
[2020-08-10T13:08:39.012+0300][1458.557s][info ][gc] GC(47837) Pause Young (Allocation Failure) 127M->127M(133M) 15.818ms
[2020-08-10T13:08:39.028+0300][1458.573s][info ][gc] GC(47838) Pause Young (Allocation Failure) 127M->127M(133M) 15.496ms
[2020-08-10T13:08:39.069+0300][1458.613s][info ][gc] GC(47839) Pause Young (Allocation Failure) 128M->128M(133M) 40.394ms
[2020-08-10T13:08:39.086+0300][1458.630s][info ][gc] GC(47840) Pause Young (Allocation Failure) 128M->128M(133M) 16.475ms
[2020-08-10T13:08:39.109+0300][1458.653s][info ][gc] GC(47841) Pause Young (Allocation Failure) 129M->129M(133M) 22.345ms
[2020-08-10T13:08:39.125+0300][1458.670s][info ][gc] GC(47842) Pause Young (Allocation Failure) 129M->129M(133M) 15.966ms
[2020-08-10T13:08:39.142+0300][1458.687s][info ][gc] GC(47843) Pause Young (Allocation Failure) 130M->130M(133M) 16.272ms
[2020-08-10T13:08:39.159+0300][1458.703s][info ][gc] GC(47844) Pause Young (Allocation Failure) 130M->130M(133M) 16.054ms
[2020-08-10T13:08:39.175+0300][1458.720s][info ][gc] GC(47845) Pause Young (Allocation Failure) 130M->130M(133M) 16.023ms
[2020-08-10T13:08:39.571+0300][1459.115s][debug][gc] GC(47846) Expanding ParOldGen from 134656K by 10752K to 145408K
[2020-08-10T13:08:39.571+0300][1459.115s][info ][gc] GC(47846) Pause Full (Ergonomics) 130M->130M(144M) 395.197ms
[2020-08-10T13:08:39.585+0300][1459.130s][info ][gc] GC(47847) Pause Young (Allocation Failure) 131M->131M(144M) 14.432ms
[2020-08-10T13:08:39.602+0300][1459.146s][info ][gc] GC(47848) Pause Young (Allocation Failure) 131M->131M(144M) 15.869ms
[2020-08-10T13:08:39.618+0300][1459.162s][info ][gc] GC(47849) Pause Young (Allocation Failure) 132M->132M(143M) 15.453ms
[2020-08-10T13:08:39.634+0300][1459.179s][info ][gc] GC(47850) Pause Young (Allocation Failure) 132M->132M(143M) 16.000ms
[2020-08-10T13:08:39.650+0300][1459.195s][info ][gc] GC(47851) Pause Young (Allocation Failure) 133M->133M(143M) 15.930ms
[2020-08-10T13:08:39.666+0300][1459.211s][info ][gc] GC(47852) Pause Young (Allocation Failure) 133M->133M(143M) 15.598ms
[2020-08-10T13:08:39.683+0300][1459.227s][info ][gc] GC(47853) Pause Young (Allocation Failure) 134M->134M(143M) 15.909ms
[2020-08-10T13:08:39.699+0300][1459.243s][info ][gc] GC(47854) Pause Young (Allocation Failure) 134M->134M(143M) 15.972ms
[2020-08-10T13:08:39.715+0300][1459.260s][info ][gc] GC(47855) Pause Young (Allocation Failure) 135M->134M(143M) 15.626ms
[2020-08-10T13:08:39.732+0300][1459.276s][info ][gc] GC(47856) Pause Young (Allocation Failure) 135M->135M(143M) 16.096ms
[2020-08-10T13:08:39.732+0300][1459.276s][debug][gc] Expanding ParOldGen from 145408K by 19968K to 165376K
[2020-08-10T13:08:39.756+0300][1459.301s][info ][gc] GC(47857) Pause Young (Allocation Failure) 155M->154M(163M) 15.525ms
[2020-08-10T13:08:39.770+0300][1459.315s][info ][gc] GC(47858) Pause Young (Allocation Failure) 155M->155M(163M) 13.940ms
[2020-08-10T13:08:39.784+0300][1459.329s][info ][gc] GC(47859) Pause Young (Allocation Failure) 155M->155M(163M) 13.558ms
[2020-08-10T13:08:39.799+0300][1459.343s][info ][gc] GC(47860) Pause Young (Allocation Failure) 156M->156M(163M) 13.661ms
[2020-08-10T13:08:39.813+0300][1459.357s][info ][gc] GC(47861) Pause Young (Allocation Failure) 156M->156M(163M) 13.704ms
[2020-08-10T13:08:39.827+0300][1459.371s][info ][gc] GC(47862) Pause Young (Allocation Failure) 157M->157M(163M) 13.678ms
[2020-08-10T13:08:39.841+0300][1459.385s][info ][gc] GC(47863) Pause Young (Allocation Failure) 157M->157M(163M) 13.517ms
[2020-08-10T13:08:39.855+0300][1459.399s][info ][gc] GC(47864) Pause Young (Allocation Failure) 158M->157M(163M) 13.504ms
[2020-08-10T13:08:39.868+0300][1459.413s][info ][gc] GC(47865) Pause Young (Allocation Failure) 158M->158M(163M) 13.517ms
[2020-08-10T13:08:39.882+0300][1459.427s][info ][gc] GC(47866) Pause Young (Allocation Failure) 158M->158M(163M) 13.583ms
[2020-08-10T13:08:39.897+0300][1459.441s][info ][gc] GC(47867) Pause Young (Allocation Failure) 159M->159M(163M) 13.721ms
[2020-08-10T13:08:39.911+0300][1459.455s][info ][gc] GC(47868) Pause Young (Allocation Failure) 159M->159M(163M) 13.732ms
[2020-08-10T13:08:39.925+0300][1459.469s][info ][gc] GC(47869) Pause Young (Allocation Failure) 160M->160M(163M) 13.693ms
[2020-08-10T13:08:39.939+0300][1459.484s][info ][gc] GC(47870) Pause Young (Allocation Failure) 160M->160M(163M) 13.708ms
[2020-08-10T13:08:39.954+0300][1459.498s][info ][gc] GC(47871) Pause Young (Allocation Failure) 161M->161M(163M) 13.734ms
[2020-08-10T13:08:39.969+0300][1459.512s][info ][gc] GC(47872) Pause Young (Allocation Failure) 161M->161M(163M) 13.733ms
[2020-08-10T13:08:40.038+0300][1459.582s][debug][gc] GC(47873) Shrinking ParOldGen from 165376K by 125952K to 39424K
[2020-08-10T13:08:40.039+0300][1459.582s][info ][gc] GC(47873) Pause Full (Ergonomics) 161M->27M(40M) 69.695ms
[2020-08-10T13:08:40.062+0300][1459.605s][info ][gc] GC(47874) Pause Young (Allocation Failure) 28M->28M(40M) 23.042ms
[2020-08-10T13:08:40.085+0300][1459.628s][info ][gc] GC(47875) Pause Young (Allocation Failure) 28M->28M(40M) 22.541ms
[2020-08-10T13:08:40.099+0300][1459.642s][info ][gc] GC(47876) Pause Young (Allocation Failure) 29M->29M(40M) 13.381ms
[2020-08-10T13:08:40.113+0300][1459.656s][info ][gc] GC(47877) Pause Young (Allocation Failure) 29M->29M(40M) 13.428ms
[2020-08-10T13:08:40.127+0300][1459.670s][info ][gc] GC(47878) Pause Young (Allocation Failure) 30M->30M(40M) 13.460ms
[2020-08-10T13:08:40.140+0300][1459.684s][info ][gc] GC(47879) Pause Young (Allocation Failure) 30M->30M(40M) 13.197ms
[2020-08-10T13:08:40.154+0300][1459.697s][info ][gc] GC(47880) Pause Young (Allocation Failure) 31M->31M(40M) 13.321ms
[2020-08-10T13:08:40.167+0300][1459.711s][info ][gc] GC(47881) Pause Young (Allocation Failure) 31M->31M(40M) 13.220ms
[2020-08-10T13:08:40.181+0300][1459.725s][info ][gc] GC(47882) Pause Young (Allocation Failure) 32M->32M(40M) 13.429ms
[2020-08-10T13:08:40.195+0300][1459.738s][info ][gc] GC(47883) Pause Young (Allocation Failure) 32M->32M(40M) 13.395ms
[2020-08-10T13:08:40.209+0300][1459.752s][info ][gc] GC(47884) Pause Young (Allocation Failure) 32M->32M(40M) 13.447ms
[2020-08-10T13:08:40.223+0300][1459.766s][info ][gc] GC(47885) Pause Young (Allocation Failure) 33M->33M(40M) 13.469ms
[2020-08-10T13:08:40.237+0300][1459.780s][info ][gc] GC(47886) Pause Young (Allocation Failure) 33M->33M(40M) 13.516ms
[2020-08-10T13:08:40.251+0300][1459.794s][info ][gc] GC(47887) Pause Young (Allocation Failure) 34M->34M(40M) 13.426ms
[2020-08-10T13:08:40.265+0300][1459.808s][info ][gc] GC(47888) Pause Young (Allocation Failure) 34M->34M(40M) 13.414ms
[2020-08-10T13:08:40.279+0300][1459.822s][info ][gc] GC(47889) Pause Young (Allocation Failure) 35M->35M(40M) 13.516ms
[2020-08-10T13:08:40.293+0300][1459.837s][info ][gc] GC(47890) Pause Young (Allocation Failure) 35M->35M(40M) 14.058ms
[2020-08-10T13:08:40.307+0300][1459.851s][info ][gc] GC(47891) Pause Young (Allocation Failure) 36M->36M(40M) 13.405ms
[2020-08-10T13:08:40.322+0300][1459.865s][info ][gc] GC(47892) Pause Young (Allocation Failure) 37M->37M(40M) 13.776ms
[2020-08-10T13:08:40.336+0300][1459.879s][info ][gc] GC(47893) Pause Young (Allocation Failure) 38M->38M(40M) 13.777ms
[2020-08-10T13:08:40.351+0300][1459.894s][info ][gc] GC(47894) Pause Young (Allocation Failure) 39M->38M(40M) 14.082ms
[2020-08-10T13:08:40.424+0300][1459.968s][debug][gc] GC(47895) Expanding ParOldGen from 39424K by 11264K to 50688K
[2020-08-10T13:08:40.424+0300][1459.968s][info ][gc] GC(47895) Pause Full (Ergonomics) 38M->38M(51M) 73.353ms
[2020-08-10T13:08:40.443+0300][1459.986s][info ][gc] GC(47896) Pause Young (Allocation Failure) 39M->39M(52M) 18.166ms
[2020-08-10T13:08:40.458+0300][1460.001s][info ][gc] GC(47897) Pause Young (Allocation Failure) 40M->40M(52M) 14.087ms
[2020-08-10T13:08:40.472+0300][1460.016s][info ][gc] GC(47898) Pause Young (Allocation Failure) 41M->41M(52M) 14.079ms
[2020-08-10T13:08:40.487+0300][1460.030s][info ][gc] GC(47899) Pause Young (Allocation Failure) 42M->42M(52M) 14.030ms
[2020-08-10T13:08:40.502+0300][1460.045s][info ][gc] GC(47900) Pause Young (Allocation Failure) 43M->43M(52M) 13.925ms
[2020-08-10T13:08:40.516+0300][1460.060s][info ][gc] GC(47901) Pause Young (Allocation Failure) 44M->44M(52M) 14.061ms
[2020-08-10T13:08:40.531+0300][1460.074s][info ][gc] GC(47902) Pause Young (Allocation Failure) 45M->45M(52M) 13.975ms
[2020-08-10T13:08:40.545+0300][1460.089s][info ][gc] GC(47903) Pause Young (Allocation Failure) 46M->46M(52M) 13.920ms
[2020-08-10T13:08:40.560+0300][1460.103s][info ][gc] GC(47904) Pause Young (Allocation Failure) 47M->47M(52M) 13.719ms
[2020-08-10T13:08:40.575+0300][1460.118s][info ][gc] GC(47905) Pause Young (Allocation Failure) 48M->48M(52M) 14.329ms
[2020-08-10T13:08:40.589+0300][1460.133s][info ][gc] GC(47906) Pause Young (Allocation Failure) 49M->48M(52M) 14.030ms
[2020-08-10T13:08:40.604+0300][1460.147s][info ][gc] GC(47907) Pause Young (Allocation Failure) 49M->49M(52M) 14.051ms
[2020-08-10T13:08:40.715+0300][1460.258s][debug][gc] GC(47908) Expanding ParOldGen from 50688K by 11776K to 62464K
[2020-08-10T13:08:40.715+0300][1460.258s][info ][gc] GC(47908) Pause Full (Ergonomics) 49M->49M(63M) 110.846ms
[2020-08-10T13:08:40.752+0300][1460.296s][info ][gc] GC(47909) Pause Young (Allocation Failure) 50M->50M(63M) 36.458ms
[2020-08-10T13:08:40.767+0300][1460.311s][info ][gc] GC(47910) Pause Young (Allocation Failure) 51M->51M(63M) 14.185ms
[2020-08-10T13:08:40.782+0300][1460.326s][info ][gc] GC(47911) Pause Young (Allocation Failure) 52M->52M(63M) 14.034ms
[2020-08-10T13:08:40.797+0300][1460.340s][info ][gc] GC(47912) Pause Young (Allocation Failure) 53M->53M(63M) 14.051ms
[2020-08-10T13:08:40.811+0300][1460.355s][info ][gc] GC(47913) Pause Young (Allocation Failure) 54M->54M(63M) 13.986ms
[2020-08-10T13:08:40.826+0300][1460.370s][info ][gc] GC(47914) Pause Young (Allocation Failure) 55M->55M(63M) 14.075ms
[2020-08-10T13:08:40.841+0300][1460.384s][info ][gc] GC(47915) Pause Young (Allocation Failure) 56M->56M(63M) 14.193ms
[2020-08-10T13:08:40.856+0300][1460.399s][info ][gc] GC(47916) Pause Young (Allocation Failure) 57M->57M(63M) 14.185ms
[2020-08-10T13:08:40.870+0300][1460.414s][info ][gc] GC(47917) Pause Young (Allocation Failure) 58M->58M(63M) 14.370ms
[2020-08-10T13:08:40.885+0300][1460.429s][info ][gc] GC(47918) Pause Young (Allocation Failure) 59M->59M(63M) 14.136ms
[2020-08-10T13:08:40.900+0300][1460.443s][info ][gc] GC(47919) Pause Young (Allocation Failure) 60M->60M(63M) 14.140ms
[2020-08-10T13:08:40.915+0300][1460.458s][info ][gc] GC(47920) Pause Young (Allocation Failure) 61M->61M(63M) 14.106ms
[2020-08-10T13:08:41.045+0300][1460.589s][debug][gc] GC(47921) Expanding ParOldGen from 62464K by 11264K to 73728K
[2020-08-10T13:08:41.046+0300][1460.589s][info ][gc] GC(47921) Pause Full (Ergonomics) 61M->61M(74M) 130.761ms
[2020-08-10T13:08:41.072+0300][1460.615s][info ][gc] GC(47922) Pause Young (Allocation Failure) 62M->62M(74M) 25.333ms
[2020-08-10T13:08:41.086+0300][1460.630s][info ][gc] GC(47923) Pause Young (Allocation Failure) 63M->62M(74M) 14.301ms
[2020-08-10T13:08:41.101+0300][1460.645s][info ][gc] GC(47924) Pause Young (Allocation Failure) 63M->63M(74M) 14.149ms
[2020-08-10T13:08:41.116+0300][1460.659s][info ][gc] GC(47925) Pause Young (Allocation Failure) 64M->64M(74M) 14.157ms
[2020-08-10T13:08:41.131+0300][1460.674s][info ][gc] GC(47926) Pause Young (Allocation Failure) 65M->65M(74M) 14.339ms
[2020-08-10T13:08:41.146+0300][1460.689s][info ][gc] GC(47927) Pause Young (Allocation Failure) 66M->66M(74M) 14.240ms
[2020-08-10T13:08:41.161+0300][1460.704s][info ][gc] GC(47928) Pause Young (Allocation Failure) 67M->67M(74M) 14.300ms
[2020-08-10T13:08:41.175+0300][1460.719s][info ][gc] GC(47929) Pause Young (Allocation Failure) 68M->68M(74M) 14.241ms
[2020-08-10T13:08:41.190+0300][1460.734s][info ][gc] GC(47930) Pause Young (Allocation Failure) 69M->69M(74M) 14.146ms
[2020-08-10T13:08:41.205+0300][1460.749s][info ][gc] GC(47931) Pause Young (Allocation Failure) 70M->70M(74M) 14.321ms
[2020-08-10T13:08:41.220+0300][1460.763s][info ][gc] GC(47932) Pause Young (Allocation Failure) 71M->71M(74M) 14.273ms
[2020-08-10T13:08:41.235+0300][1460.778s][info ][gc] GC(47933) Pause Young (Allocation Failure) 72M->72M(74M) 14.308ms
[2020-08-10T13:08:41.398+0300][1460.942s][debug][gc] GC(47934) Expanding ParOldGen from 73728K by 11776K to 85504K
[2020-08-10T13:08:41.398+0300][1460.942s][info ][gc] GC(47934) Pause Full (Ergonomics) 72M->72M(86M) 163.300ms
[2020-08-10T13:08:41.429+0300][1460.973s][info ][gc] GC(47935) Pause Young (Allocation Failure) 73M->73M(86M) 30.422ms
[2020-08-10T13:08:41.444+0300][1460.988s][info ][gc] GC(47936) Pause Young (Allocation Failure) 74M->74M(86M) 14.449ms
[2020-08-10T13:08:41.460+0300][1461.003s][info ][gc] GC(47937) Pause Young (Allocation Failure) 75M->75M(86M) 14.428ms
[2020-08-10T13:08:41.475+0300][1461.018s][info ][gc] GC(47938) Pause Young (Allocation Failure) 76M->76M(86M) 14.365ms
[2020-08-10T13:08:41.489+0300][1461.033s][info ][gc] GC(47939) Pause Young (Allocation Failure) 77M->77M(86M) 14.326ms
[2020-08-10T13:08:41.504+0300][1461.048s][info ][gc] GC(47940) Pause Young (Allocation Failure) 78M->78M(86M) 14.230ms
[2020-08-10T13:08:41.519+0300][1461.063s][info ][gc] GC(47941) Pause Young (Allocation Failure) 79M->78M(86M) 14.368ms
[2020-08-10T13:08:41.534+0300][1461.078s][info ][gc] GC(47942) Pause Young (Allocation Failure) 79M->79M(86M) 14.389ms
[2020-08-10T13:08:41.549+0300][1461.093s][info ][gc] GC(47943) Pause Young (Allocation Failure) 80M->80M(86M) 14.360ms
[2020-08-10T13:08:41.564+0300][1461.108s][info ][gc] GC(47944) Pause Young (Allocation Failure) 81M->81M(86M) 14.429ms
[2020-08-10T13:08:41.579+0300][1461.122s][info ][gc] GC(47945) Pause Young (Allocation Failure) 82M->82M(86M) 14.292ms
[2020-08-10T13:08:41.593+0300][1461.137s][info ][gc] GC(47946) Pause Young (Allocation Failure) 83M->83M(86M) 14.149ms
[2020-08-10T13:08:41.789+0300][1461.333s][debug][gc] GC(47947) Expanding ParOldGen from 85504K by 11264K to 96768K
[2020-08-10T13:08:41.789+0300][1461.333s][info ][gc] GC(47947) Pause Full (Ergonomics) 83M->83M(97M) 195.752ms
[2020-08-10T13:08:41.822+0300][1461.365s][info ][gc] GC(47948) Pause Young (Allocation Failure) 84M->84M(97M) 31.818ms
[2020-08-10T13:08:41.837+0300][1461.381s][info ][gc] GC(47949) Pause Young (Allocation Failure) 85M->85M(97M) 14.842ms
[2020-08-10T13:08:41.852+0300][1461.396s][info ][gc] GC(47950) Pause Young (Allocation Failure) 86M->86M(97M) 14.735ms
[2020-08-10T13:08:41.868+0300][1461.411s][info ][gc] GC(47951) Pause Young (Allocation Failure) 87M->87M(97M) 14.813ms
[2020-08-10T13:08:41.884+0300][1461.427s][info ][gc] GC(47952) Pause Young (Allocation Failure) 88M->88M(97M) 15.180ms
[2020-08-10T13:08:41.899+0300][1461.443s][info ][gc] GC(47953) Pause Young (Allocation Failure) 89M->89M(97M) 15.063ms
[2020-08-10T13:08:41.915+0300][1461.458s][info ][gc] GC(47954) Pause Young (Allocation Failure) 90M->90M(97M) 15.030ms
[2020-08-10T13:08:41.930+0300][1461.474s][info ][gc] GC(47955) Pause Young (Allocation Failure) 91M->91M(97M) 15.074ms
[2020-08-10T13:08:41.946+0300][1461.490s][info ][gc] GC(47956) Pause Young (Allocation Failure) 92M->92M(97M) 15.130ms
[2020-08-10T13:08:41.962+0300][1461.505s][info ][gc] GC(47957) Pause Young (Allocation Failure) 93M->93M(97M) 15.429ms
[2020-08-10T13:08:41.978+0300][1461.522s][info ][gc] GC(47958) Pause Young (Allocation Failure) 94M->94M(97M) 15.715ms
[2020-08-10T13:08:41.994+0300][1461.538s][info ][gc] GC(47959) Pause Young (Allocation Failure) 95M->95M(97M) 15.396ms
[2020-08-10T13:08:42.226+0300][1461.769s][debug][gc] GC(47960) Expanding ParOldGen from 96768K by 11776K to 108544K
[2020-08-10T13:08:42.226+0300][1461.769s][info ][gc] GC(47960) Pause Full (Ergonomics) 95M->94M(108M) 231.389ms
[2020-08-10T13:08:42.261+0300][1461.804s][info ][gc] GC(47961) Pause Young (Allocation Failure) 95M->95M(108M) 34.626ms
[2020-08-10T13:08:42.277+0300][1461.821s][info ][gc] GC(47962) Pause Young (Allocation Failure) 96M->96M(108M) 15.714ms
[2020-08-10T13:08:42.293+0300][1461.837s][info ][gc] GC(47963) Pause Young (Allocation Failure) 97M->97M(108M) 15.646ms
[2020-08-10T13:08:42.309+0300][1461.853s][info ][gc] GC(47964) Pause Young (Allocation Failure) 98M->98M(108M) 15.510ms
[2020-08-10T13:08:42.326+0300][1461.869s][info ][gc] GC(47965) Pause Young (Allocation Failure) 99M->99M(108M) 15.800ms
[2020-08-10T13:08:42.342+0300][1461.886s][info ][gc] GC(47966) Pause Young (Allocation Failure) 100M->100M(108M) 16.156ms
[2020-08-10T13:08:42.359+0300][1461.902s][info ][gc] GC(47967) Pause Young (Allocation Failure) 101M->101M(108M) 16.207ms
[2020-08-10T13:08:42.375+0300][1461.919s][info ][gc] GC(47968) Pause Young (Allocation Failure) 102M->102M(108M) 16.272ms
[2020-08-10T13:08:42.392+0300][1461.936s][info ][gc] GC(47969) Pause Young (Allocation Failure) 103M->103M(108M) 16.314ms
[2020-08-10T13:08:42.409+0300][1461.953s][info ][gc] GC(47970) Pause Young (Allocation Failure) 104M->104M(108M) 16.464ms
[2020-08-10T13:08:42.426+0300][1461.970s][info ][gc] GC(47971) Pause Young (Allocation Failure) 105M->105M(107M) 16.749ms
[2020-08-10T13:08:42.442+0300][1461.985s][info ][gc] GC(47972) Pause Young (Allocation Failure) 105M->105M(108M) 14.794ms
[2020-08-10T13:08:42.699+0300][1462.242s][debug][gc] GC(47973) Expanding ParOldGen from 108544K by 11264K to 119808K
[2020-08-10T13:08:42.699+0300][1462.243s][info ][gc] GC(47973) Pause Full (Ergonomics) 105M->105M(119M) 256.930ms
[2020-08-10T13:08:42.713+0300][1462.257s][info ][gc] GC(47974) Pause Young (Allocation Failure) 106M->106M(119M) 13.512ms
[2020-08-10T13:08:42.727+0300][1462.271s][info ][gc] GC(47975) Pause Young (Allocation Failure) 106M->106M(119M) 13.684ms
[2020-08-10T13:08:42.741+0300][1462.285s][info ][gc] GC(47976) Pause Young (Allocation Failure) 107M->107M(119M) 13.629ms
[2020-08-10T13:08:42.755+0300][1462.299s][info ][gc] GC(47977) Pause Young (Allocation Failure) 107M->107M(119M) 13.687ms
[2020-08-10T13:08:42.769+0300][1462.313s][info ][gc] GC(47978) Pause Young (Allocation Failure) 108M->108M(119M) 13.473ms
[2020-08-10T13:08:42.783+0300][1462.327s][info ][gc] GC(47979) Pause Young (Allocation Failure) 108M->108M(119M) 13.693ms
[2020-08-10T13:08:42.797+0300][1462.341s][info ][gc] GC(47980) Pause Young (Allocation Failure) 108M->108M(119M) 13.727ms
[2020-08-10T13:08:42.812+0300][1462.355s][info ][gc] GC(47981) Pause Young (Allocation Failure) 109M->109M(119M) 13.719ms
[2020-08-10T13:08:42.826+0300][1462.369s][info ][gc] GC(47982) Pause Young (Allocation Failure) 109M->109M(119M) 13.533ms
[2020-08-10T13:08:42.840+0300][1462.384s][info ][gc] GC(47983) Pause Young (Allocation Failure) 110M->110M(119M) 13.871ms
[2020-08-10T13:08:42.854+0300][1462.398s][info ][gc] GC(47984) Pause Young (Allocation Failure) 110M->110M(119M) 13.884ms
[2020-08-10T13:08:42.869+0300][1462.412s][info ][gc] GC(47985) Pause Young (Allocation Failure) 111M->111M(119M) 14.013ms
[2020-08-10T13:08:42.883+0300][1462.427s][info ][gc] GC(47986) Pause Young (Allocation Failure) 111M->111M(119M) 13.957ms
[2020-08-10T13:08:42.898+0300][1462.442s][info ][gc] GC(47987) Pause Young (Allocation Failure) 112M->112M(119M) 14.246ms
[2020-08-10T13:08:42.912+0300][1462.456s][info ][gc] GC(47988) Pause Young (Allocation Failure) 112M->112M(119M) 13.730ms
[2020-08-10T13:08:42.927+0300][1462.470s][info ][gc] GC(47989) Pause Young (Allocation Failure) 113M->113M(118M) 14.128ms
[2020-08-10T13:08:42.941+0300][1462.485s][info ][gc] GC(47990) Pause Young (Allocation Failure) 113M->113M(118M) 14.109ms
[2020-08-10T13:08:42.956+0300][1462.500s][info ][gc] GC(47991) Pause Young (Allocation Failure) 114M->114M(118M) 14.301ms
[2020-08-10T13:08:42.971+0300][1462.514s][info ][gc] GC(47992) Pause Young (Allocation Failure) 114M->114M(118M) 14.112ms
[2020-08-10T13:08:42.985+0300][1462.529s][info ][gc] GC(47993) Pause Young (Allocation Failure) 115M->115M(118M) 13.904ms
[2020-08-10T13:08:43.000+0300][1462.543s][info ][gc] GC(47994) Pause Young (Allocation Failure) 115M->115M(118M) 13.909ms
[2020-08-10T13:08:43.014+0300][1462.558s][info ][gc] GC(47995) Pause Young (Allocation Failure) 115M->115M(118M) 14.079ms
[2020-08-10T13:08:43.029+0300][1462.572s][info ][gc] GC(47996) Pause Young (Allocation Failure) 116M->116M(118M) 14.109ms
[2020-08-10T13:08:43.043+0300][1462.587s][info ][gc] GC(47997) Pause Young (Allocation Failure) 116M->116M(118M) 14.256ms
[2020-08-10T13:08:43.325+0300][1462.868s][debug][gc] GC(47998) Expanding ParOldGen from 119808K by 10752K to 130560K
[2020-08-10T13:08:43.325+0300][1462.869s][info ][gc] GC(47998) Pause Full (Ergonomics) 116M->116M(129M) 281.349ms
[2020-08-10T13:08:43.339+0300][1462.883s][info ][gc] GC(47999) Pause Young (Allocation Failure) 117M->117M(129M) 13.720ms
[2020-08-10T13:08:43.354+0300][1462.898s][info ][gc] GC(48000) Pause Young (Allocation Failure) 117M->117M(129M) 14.809ms
[2020-08-10T13:08:43.370+0300][1462.913s][info ][gc] GC(48001) Pause Young (Allocation Failure) 118M->118M(129M) 14.883ms
[2020-08-10T13:08:43.385+0300][1462.929s][info ][gc] GC(48002) Pause Young (Allocation Failure) 118M->118M(129M) 14.876ms
[2020-08-10T13:08:43.401+0300][1462.944s][info ][gc] GC(48003) Pause Young (Allocation Failure) 118M->118M(129M) 14.954ms
[2020-08-10T13:08:43.416+0300][1462.960s][info ][gc] GC(48004) Pause Young (Allocation Failure) 119M->119M(129M) 14.875ms
[2020-08-10T13:08:43.431+0300][1462.975s][info ][gc] GC(48005) Pause Young (Allocation Failure) 119M->119M(129M) 15.025ms
[2020-08-10T13:08:43.447+0300][1462.990s][info ][gc] GC(48006) Pause Young (Allocation Failure) 120M->120M(129M) 14.854ms
[2020-08-10T13:08:43.462+0300][1463.006s][info ][gc] GC(48007) Pause Young (Allocation Failure) 120M->120M(129M) 15.118ms
[2020-08-10T13:08:43.478+0300][1463.021s][info ][gc] GC(48008) Pause Young (Allocation Failure) 121M->121M(129M) 15.034ms
[2020-08-10T13:08:43.493+0300][1463.037s][info ][gc] GC(48009) Pause Young (Allocation Failure) 121M->121M(129M) 15.188ms
[2020-08-10T13:08:43.509+0300][1463.052s][info ][gc] GC(48010) Pause Young (Allocation Failure) 122M->122M(129M) 15.020ms
[2020-08-10T13:08:43.524+0300][1463.068s][info ][gc] GC(48011) Pause Young (Allocation Failure) 122M->122M(129M) 15.179ms
[2020-08-10T13:08:43.540+0300][1463.083s][info ][gc] GC(48012) Pause Young (Allocation Failure) 123M->123M(129M) 14.895ms
[2020-08-10T13:08:43.555+0300][1463.098s][info ][gc] GC(48013) Pause Young (Allocation Failure) 123M->123M(129M) 14.930ms
[2020-08-10T13:08:43.574+0300][1463.118s][info ][gc] GC(48014) Pause Young (Allocation Failure) 124M->123M(129M) 19.038ms
[2020-08-10T13:08:43.590+0300][1463.133s][info ][gc] GC(48015) Pause Young (Allocation Failure) 124M->124M(129M) 15.068ms
[2020-08-10T13:08:43.605+0300][1463.149s][info ][gc] GC(48016) Pause Young (Allocation Failure) 124M->124M(129M) 15.115ms
[2020-08-10T13:08:43.621+0300][1463.165s][info ][gc] GC(48017) Pause Young (Allocation Failure) 125M->125M(129M) 15.264ms
[2020-08-10T13:08:43.637+0300][1463.180s][info ][gc] GC(48018) Pause Young (Allocation Failure) 125M->125M(129M) 15.119ms
[2020-08-10T13:08:43.652+0300][1463.196s][info ][gc] GC(48019) Pause Young (Allocation Failure) 126M->126M(129M) 15.347ms
[2020-08-10T13:08:43.668+0300][1463.212s][info ][gc] GC(48020) Pause Young (Allocation Failure) 126M->126M(129M) 15.352ms
[2020-08-10T13:08:43.684+0300][1463.228s][info ][gc] GC(48021) Pause Young (Allocation Failure) 127M->127M(129M) 15.314ms
[2020-08-10T13:08:43.700+0300][1463.243s][info ][gc] GC(48022) Pause Young (Allocation Failure) 127M->127M(129M) 15.394ms
[2020-08-10T13:08:44.056+0300][1463.600s][debug][gc] GC(48023) Expanding ParOldGen from 130560K by 10752K to 141312K
[2020-08-10T13:08:44.057+0300][1463.600s][info ][gc] GC(48023) Pause Full (Ergonomics) 127M->127M(139M) 356.522ms
[2020-08-10T13:08:44.071+0300][1463.615s][info ][gc] GC(48024) Pause Young (Allocation Failure) 127M->127M(139M) 14.143ms
[2020-08-10T13:08:44.087+0300][1463.631s][info ][gc] GC(48025) Pause Young (Allocation Failure) 128M->128M(139M) 15.510ms
[2020-08-10T13:08:44.103+0300][1463.646s][info ][gc] GC(48026) Pause Young (Allocation Failure) 128M->128M(139M) 15.388ms
[2020-08-10T13:08:44.119+0300][1463.662s][info ][gc] GC(48027) Pause Young (Allocation Failure) 129M->129M(139M) 15.390ms
[2020-08-10T13:08:44.134+0300][1463.678s][info ][gc] GC(48028) Pause Young (Allocation Failure) 129M->129M(139M) 15.614ms
[2020-08-10T13:08:44.151+0300][1463.694s][info ][gc] GC(48029) Pause Young (Allocation Failure) 130M->130M(139M) 15.701ms
[2020-08-10T13:08:44.167+0300][1463.710s][info ][gc] GC(48030) Pause Young (Allocation Failure) 130M->130M(139M) 15.613ms
[2020-08-10T13:08:44.183+0300][1463.727s][info ][gc] GC(48031) Pause Young (Allocation Failure) 131M->131M(139M) 15.702ms
[2020-08-10T13:08:44.199+0300][1463.743s][info ][gc] GC(48032) Pause Young (Allocation Failure) 131M->131M(139M) 15.671ms
[2020-08-10T13:08:44.215+0300][1463.759s][info ][gc] GC(48033) Pause Young (Allocation Failure) 132M->132M(139M) 15.808ms
[2020-08-10T13:08:44.232+0300][1463.775s][info ][gc] GC(48034) Pause Young (Allocation Failure) 132M->132M(139M) 15.811ms
[2020-08-10T13:08:44.248+0300][1463.791s][info ][gc] GC(48035) Pause Young (Allocation Failure) 133M->132M(139M) 15.522ms
[2020-08-10T13:08:44.264+0300][1463.807s][info ][gc] GC(48036) Pause Young (Allocation Failure) 133M->133M(139M) 15.883ms
[2020-08-10T13:08:44.280+0300][1463.824s][info ][gc] GC(48037) Pause Young (Allocation Failure) 133M->133M(139M) 15.847ms
[2020-08-10T13:08:44.296+0300][1463.840s][info ][gc] GC(48038) Pause Young (Allocation Failure) 134M->134M(139M) 15.705ms
[2020-08-10T13:08:44.313+0300][1463.856s][info ][gc] GC(48039) Pause Young (Allocation Failure) 134M->134M(139M) 16.063ms
[2020-08-10T13:08:44.329+0300][1463.872s][info ][gc] GC(48040) Pause Young (Allocation Failure) 135M->135M(139M) 15.742ms
[2020-08-10T13:08:44.345+0300][1463.888s][info ][gc] GC(48041) Pause Young (Allocation Failure) 135M->135M(139M) 15.632ms
[2020-08-10T13:08:44.345+0300][1463.889s][debug][gc] Expanding ParOldGen from 141312K by 19968K to 161280K
[2020-08-10T13:08:44.391+0300][1463.935s][info ][gc] GC(48042) Pause Young (Allocation Failure) 155M->154M(159M) 37.544ms
[2020-08-10T13:08:44.406+0300][1463.949s][info ][gc] GC(48043) Pause Young (Allocation Failure) 155M->155M(159M) 13.778ms
[2020-08-10T13:08:44.419+0300][1463.963s][info ][gc] GC(48044) Pause Young (Allocation Failure) 155M->155M(159M) 13.476ms
[2020-08-10T13:08:44.434+0300][1463.977s][info ][gc] GC(48045) Pause Young (Allocation Failure) 156M->156M(159M) 13.740ms
[2020-08-10T13:08:44.448+0300][1463.991s][info ][gc] GC(48046) Pause Young (Allocation Failure) 156M->156M(159M) 13.520ms
[2020-08-10T13:08:44.462+0300][1464.005s][info ][gc] GC(48047) Pause Young (Allocation Failure) 157M->157M(159M) 13.393ms
[2020-08-10T13:08:44.475+0300][1464.019s][info ][gc] GC(48048) Pause Young (Allocation Failure) 157M->157M(159M) 13.368ms
[2020-08-10T13:08:44.526+0300][1464.070s][debug][gc] GC(48049) Shrinking ParOldGen from 161280K by 125952K to 35328K
[2020-08-10T13:08:44.527+0300][1464.070s][info ][gc] GC(48049) Pause Full (Ergonomics) 157M->23M(36M) 51.159ms
[2020-08-10T13:08:44.555+0300][1464.099s][info ][gc] GC(48050) Pause Young (Allocation Failure) 24M->24M(36M) 28.116ms
[2020-08-10T13:08:44.570+0300][1464.113s][info ][gc] GC(48051) Pause Young (Allocation Failure) 24M->24M(36M) 14.092ms
[2020-08-10T13:08:44.584+0300][1464.128s][info ][gc] GC(48052) Pause Young (Allocation Failure) 25M->25M(36M) 14.352ms
[2020-08-10T13:08:44.598+0300][1464.142s][info ][gc] GC(48053) Pause Young (Allocation Failure) 25M->25M(36M) 13.425ms
[2020-08-10T13:08:44.612+0300][1464.156s][info ][gc] GC(48054) Pause Young (Allocation Failure) 26M->26M(36M) 13.460ms
[2020-08-10T13:08:44.642+0300][1464.186s][info ][gc] GC(48055) Pause Young (Allocation Failure) 26M->26M(36M) 29.429ms
[2020-08-10T13:08:44.674+0300][1464.217s][info ][gc] GC(48056) Pause Young (Allocation Failure) 27M->27M(36M) 31.021ms
[2020-08-10T13:08:44.688+0300][1464.231s][info ][gc] GC(48057) Pause Young (Allocation Failure) 27M->27M(36M) 13.431ms
[2020-08-10T13:08:44.702+0300][1464.245s][info ][gc] GC(48058) Pause Young (Allocation Failure) 27M->27M(36M) 13.427ms
[2020-08-10T13:08:44.716+0300][1464.259s][info ][gc] GC(48059) Pause Young (Allocation Failure) 28M->28M(36M) 13.412ms
[2020-08-10T13:08:44.729+0300][1464.273s][info ][gc] GC(48060) Pause Young (Allocation Failure) 28M->28M(36M) 13.211ms
[2020-08-10T13:08:44.743+0300][1464.287s][info ][gc] GC(48061) Pause Young (Allocation Failure) 29M->29M(36M) 13.348ms
[2020-08-10T13:08:44.757+0300][1464.300s][info ][gc] GC(48062) Pause Young (Allocation Failure) 29M->29M(36M) 13.370ms
[2020-08-10T13:08:44.771+0300][1464.314s][info ][gc] GC(48063) Pause Young (Allocation Failure) 30M->30M(36M) 13.445ms
[2020-08-10T13:08:44.784+0300][1464.328s][info ][gc] GC(48064) Pause Young (Allocation Failure) 31M->31M(36M) 13.493ms
[2020-08-10T13:08:44.798+0300][1464.342s][info ][gc] GC(48065) Pause Young (Allocation Failure) 32M->32M(36M) 13.557ms
[2020-08-10T13:08:44.813+0300][1464.356s][info ][gc] GC(48066) Pause Young (Allocation Failure) 33M->33M(36M) 13.807ms
[2020-08-10T13:08:44.827+0300][1464.371s][info ][gc] GC(48067) Pause Young (Allocation Failure) 34M->34M(37M) 13.799ms
[2020-08-10T13:08:44.841+0300][1464.385s][info ][gc] GC(48068) Pause Young (Allocation Failure) 35M->35M(37M) 13.853ms
[2020-08-10T13:08:44.901+0300][1464.444s][debug][gc] GC(48069) Expanding ParOldGen from 35328K by 11264K to 46592K
[2020-08-10T13:08:44.901+0300][1464.445s][info ][gc] GC(48069) Pause Full (Ergonomics) 35M->34M(48M) 59.463ms
[2020-08-10T13:08:44.919+0300][1464.462s][info ][gc] GC(48070) Pause Young (Allocation Failure) 35M->35M(48M) 17.184ms
[2020-08-10T13:08:44.933+0300][1464.477s][info ][gc] GC(48071) Pause Young (Allocation Failure) 36M->36M(48M) 14.036ms
[2020-08-10T13:08:44.948+0300][1464.492s][info ][gc] GC(48072) Pause Young (Allocation Failure) 37M->37M(48M) 14.057ms
[2020-08-10T13:08:44.963+0300][1464.506s][info ][gc] GC(48073) Pause Young (Allocation Failure) 38M->38M(48M) 13.977ms
[2020-08-10T13:08:44.977+0300][1464.521s][info ][gc] GC(48074) Pause Young (Allocation Failure) 39M->39M(48M) 14.011ms
[2020-08-10T13:08:44.992+0300][1464.535s][info ][gc] GC(48075) Pause Young (Allocation Failure) 40M->40M(48M) 13.973ms
[2020-08-10T13:08:45.006+0300][1464.549s][info ][gc] GC(48076) Pause Young (Allocation Failure) 41M->41M(48M) 13.707ms
[2020-08-10T13:08:45.020+0300][1464.564s][info ][gc] GC(48077) Pause Young (Allocation Failure) 42M->42M(48M) 13.859ms
[2020-08-10T13:08:45.034+0300][1464.578s][info ][gc] GC(48078) Pause Young (Allocation Failure) 43M->43M(48M) 13.765ms
[2020-08-10T13:08:45.049+0300][1464.592s][info ][gc] GC(48079) Pause Young (Allocation Failure) 44M->44M(48M) 13.864ms
[2020-08-10T13:08:45.063+0300][1464.607s][info ][gc] GC(48080) Pause Young (Allocation Failure) 45M->45M(48M) 14.061ms
[2020-08-10T13:08:45.078+0300][1464.622s][info ][gc] GC(48081) Pause Young (Allocation Failure) 46M->45M(48M) 14.002ms
[2020-08-10T13:08:45.189+0300][1464.733s][debug][gc] GC(48082) Expanding ParOldGen from 46592K by 11776K to 58368K
[2020-08-10T13:08:45.190+0300][1464.733s][info ][gc] GC(48082) Pause Full (Ergonomics) 45M->45M(59M) 111.323ms
[2020-08-10T13:08:45.210+0300][1464.754s][info ][gc] GC(48083) Pause Young (Allocation Failure) 46M->46M(59M) 19.981ms
[2020-08-10T13:08:45.225+0300][1464.769s][info ][gc] GC(48084) Pause Young (Allocation Failure) 47M->47M(59M) 14.140ms
[2020-08-10T13:08:45.240+0300][1464.783s][info ][gc] GC(48085) Pause Young (Allocation Failure) 48M->48M(59M) 14.049ms
[2020-08-10T13:08:45.254+0300][1464.798s][info ][gc] GC(48086) Pause Young (Allocation Failure) 49M->49M(59M) 14.004ms
[2020-08-10T13:08:45.269+0300][1464.813s][info ][gc] GC(48087) Pause Young (Allocation Failure) 50M->50M(59M) 14.081ms
[2020-08-10T13:08:45.284+0300][1464.827s][info ][gc] GC(48088) Pause Young (Allocation Failure) 51M->51M(59M) 14.137ms
[2020-08-10T13:08:45.298+0300][1464.842s][info ][gc] GC(48089) Pause Young (Allocation Failure) 52M->52M(59M) 14.129ms
[2020-08-10T13:08:45.313+0300][1464.857s][info ][gc] GC(48090) Pause Young (Allocation Failure) 53M->53M(59M) 14.017ms
[2020-08-10T13:08:45.328+0300][1464.871s][info ][gc] GC(48091) Pause Young (Allocation Failure) 54M->54M(59M) 14.141ms
[2020-08-10T13:08:45.342+0300][1464.886s][info ][gc] GC(48092) Pause Young (Allocation Failure) 55M->55M(59M) 14.130ms
[2020-08-10T13:08:45.357+0300][1464.901s][info ][gc] GC(48093) Pause Young (Allocation Failure) 56M->56M(59M) 14.078ms
[2020-08-10T13:08:45.372+0300][1464.915s][info ][gc] GC(48094) Pause Young (Allocation Failure) 57M->57M(59M) 14.030ms
[2020-08-10T13:08:45.501+0300][1465.044s][debug][gc] GC(48095) Expanding ParOldGen from 58368K by 11776K to 70144K
[2020-08-10T13:08:45.501+0300][1465.045s][info ][gc] GC(48095) Pause Full (Ergonomics) 57M->56M(71M) 128.886ms
[2020-08-10T13:08:45.515+0300][1465.059s][info ][gc] GC(48096) Pause Young (Allocation Failure) 57M->57M(71M) 13.626ms
[2020-08-10T13:08:45.530+0300][1465.073s][info ][gc] GC(48097) Pause Young (Allocation Failure) 58M->58M(71M) 14.066ms
[2020-08-10T13:08:45.545+0300][1465.088s][info ][gc] GC(48098) Pause Young (Allocation Failure) 59M->59M(71M) 14.066ms
[2020-08-10T13:08:45.559+0300][1465.103s][info ][gc] GC(48099) Pause Young (Allocation Failure) 60M->60M(71M) 14.059ms
[2020-08-10T13:08:45.574+0300][1465.117s][info ][gc] GC(48100) Pause Young (Allocation Failure) 61M->61M(71M) 13.833ms
[2020-08-10T13:08:45.588+0300][1465.132s][info ][gc] GC(48101) Pause Young (Allocation Failure) 62M->62M(71M) 13.925ms
[2020-08-10T13:08:45.603+0300][1465.146s][info ][gc] GC(48102) Pause Young (Allocation Failure) 63M->63M(71M) 14.112ms
[2020-08-10T13:08:45.618+0300][1465.161s][info ][gc] GC(48103) Pause Young (Allocation Failure) 64M->64M(71M) 14.160ms
[2020-08-10T13:08:45.632+0300][1465.176s][info ][gc] GC(48104) Pause Young (Allocation Failure) 65M->65M(71M) 14.019ms
[2020-08-10T13:08:45.647+0300][1465.191s][info ][gc] GC(48105) Pause Young (Allocation Failure) 66M->66M(71M) 14.056ms
[2020-08-10T13:08:45.662+0300][1465.205s][info ][gc] GC(48106) Pause Young (Allocation Failure) 67M->67M(71M) 14.019ms
[2020-08-10T13:08:45.676+0300][1465.220s][info ][gc] GC(48107) Pause Young (Allocation Failure) 68M->68M(71M) 14.127ms
[2020-08-10T13:08:45.881+0300][1465.424s][debug][gc] GC(48108) Expanding ParOldGen from 70144K by 11264K to 81408K
[2020-08-10T13:08:45.881+0300][1465.424s][info ][gc] GC(48108) Pause Full (Ergonomics) 68M->68M(82M) 204.232ms
[2020-08-10T13:08:45.895+0300][1465.439s][info ][gc] GC(48109) Pause Young (Allocation Failure) 69M->69M(82M) 13.568ms
[2020-08-10T13:08:45.910+0300][1465.453s][info ][gc] GC(48110) Pause Young (Allocation Failure) 70M->70M(82M) 14.107ms
[2020-08-10T13:08:45.924+0300][1465.468s][info ][gc] GC(48111) Pause Young (Allocation Failure) 71M->71M(82M) 14.076ms
[2020-08-10T13:08:45.939+0300][1465.483s][info ][gc] GC(48112) Pause Young (Allocation Failure) 72M->72M(82M) 14.118ms
[2020-08-10T13:08:45.954+0300][1465.497s][info ][gc] GC(48113) Pause Young (Allocation Failure) 73M->73M(82M) 14.039ms
[2020-08-10T13:08:45.968+0300][1465.512s][info ][gc] GC(48114) Pause Young (Allocation Failure) 74M->73M(82M) 13.913ms
[2020-08-10T13:08:45.983+0300][1465.527s][info ][gc] GC(48115) Pause Young (Allocation Failure) 74M->74M(82M) 14.108ms
[2020-08-10T13:08:45.998+0300][1465.541s][info ][gc] GC(48116) Pause Young (Allocation Failure) 75M->75M(82M) 14.154ms
[2020-08-10T13:08:46.012+0300][1465.556s][info ][gc] GC(48117) Pause Young (Allocation Failure) 76M->76M(82M) 14.092ms
[2020-08-10T13:08:46.027+0300][1465.571s][info ][gc] GC(48118) Pause Young (Allocation Failure) 77M->77M(82M) 14.119ms
[2020-08-10T13:08:46.042+0300][1465.585s][info ][gc] GC(48119) Pause Young (Allocation Failure) 78M->78M(82M) 14.060ms
[2020-08-10T13:08:46.056+0300][1465.600s][info ][gc] GC(48120) Pause Young (Allocation Failure) 79M->79M(82M) 14.125ms
[2020-08-10T13:08:46.251+0300][1465.795s][debug][gc] GC(48121) Expanding ParOldGen from 81408K by 11264K to 92672K
[2020-08-10T13:08:46.252+0300][1465.795s][info ][gc] GC(48121) Pause Full (Ergonomics) 79M->79M(93M) 195.245ms
[2020-08-10T13:08:46.283+0300][1465.827s][info ][gc] GC(48122) Pause Young (Allocation Failure) 80M->80M(93M) 31.056ms
[2020-08-10T13:08:46.299+0300][1465.842s][info ][gc] GC(48123) Pause Young (Allocation Failure) 81M->81M(93M) 14.663ms
[2020-08-10T13:08:46.314+0300][1465.857s][info ][gc] GC(48124) Pause Young (Allocation Failure) 82M->82M(93M) 14.394ms
[2020-08-10T13:08:46.329+0300][1465.872s][info ][gc] GC(48125) Pause Young (Allocation Failure) 83M->83M(93M) 14.514ms
[2020-08-10T13:08:46.344+0300][1465.887s][info ][gc] GC(48126) Pause Young (Allocation Failure) 84M->84M(93M) 14.502ms
[2020-08-10T13:08:46.359+0300][1465.902s][info ][gc] GC(48127) Pause Young (Allocation Failure) 85M->85M(93M) 14.423ms
[2020-08-10T13:08:46.374+0300][1465.918s][info ][gc] GC(48128) Pause Young (Allocation Failure) 86M->86M(93M) 14.803ms
[2020-08-10T13:08:46.389+0300][1465.933s][info ][gc] GC(48129) Pause Young (Allocation Failure) 87M->87M(93M) 14.792ms
[2020-08-10T13:08:46.405+0300][1465.949s][info ][gc] GC(48130) Pause Young (Allocation Failure) 88M->88M(93M) 14.883ms
[2020-08-10T13:08:46.420+0300][1465.964s][info ][gc] GC(48131) Pause Young (Allocation Failure) 89M->89M(93M) 14.976ms
[2020-08-10T13:08:46.436+0300][1465.980s][info ][gc] GC(48132) Pause Young (Allocation Failure) 90M->90M(93M) 15.268ms
[2020-08-10T13:08:46.452+0300][1465.996s][info ][gc] GC(48133) Pause Young (Allocation Failure) 91M->90M(93M) 15.221ms
[2020-08-10T13:08:46.672+0300][1466.216s][debug][gc] GC(48134) Expanding ParOldGen from 92672K by 11776K to 104448K
[2020-08-10T13:08:46.673+0300][1466.216s][info ][gc] GC(48134) Pause Full (Ergonomics) 90M->90M(104M) 220.259ms
[2020-08-10T13:08:46.707+0300][1466.251s][info ][gc] GC(48135) Pause Young (Allocation Failure) 91M->91M(104M) 33.666ms
[2020-08-10T13:08:46.723+0300][1466.267s][info ][gc] GC(48136) Pause Young (Allocation Failure) 92M->92M(104M) 15.572ms
[2020-08-10T13:08:46.739+0300][1466.283s][info ][gc] GC(48137) Pause Young (Allocation Failure) 93M->93M(104M) 15.377ms
[2020-08-10T13:08:46.755+0300][1466.299s][info ][gc] GC(48138) Pause Young (Allocation Failure) 94M->94M(104M) 15.437ms
[2020-08-10T13:08:46.771+0300][1466.315s][info ][gc] GC(48139) Pause Young (Allocation Failure) 95M->95M(104M) 15.576ms
[2020-08-10T13:08:46.788+0300][1466.331s][info ][gc] GC(48140) Pause Young (Allocation Failure) 96M->96M(104M) 15.815ms
[2020-08-10T13:08:46.804+0300][1466.348s][info ][gc] GC(48141) Pause Young (Allocation Failure) 97M->97M(104M) 15.833ms
[2020-08-10T13:08:46.820+0300][1466.364s][info ][gc] GC(48142) Pause Young (Allocation Failure) 98M->98M(104M) 15.737ms
[2020-08-10T13:08:46.837+0300][1466.380s][info ][gc] GC(48143) Pause Young (Allocation Failure) 99M->99M(104M) 15.895ms
[2020-08-10T13:08:46.853+0300][1466.397s][info ][gc] GC(48144) Pause Young (Allocation Failure) 100M->100M(104M) 16.137ms
[2020-08-10T13:08:46.870+0300][1466.414s][info ][gc] GC(48145) Pause Young (Allocation Failure) 101M->101M(104M) 16.052ms
[2020-08-10T13:08:46.887+0300][1466.431s][info ][gc] GC(48146) Pause Young (Allocation Failure) 102M->102M(104M) 16.162ms
[2020-08-10T13:08:47.196+0300][1466.740s][debug][gc] GC(48147) Expanding ParOldGen from 104448K by 11264K to 115712K
[2020-08-10T13:08:47.197+0300][1466.740s][info ][gc] GC(48147) Pause Full (Ergonomics) 102M->102M(115M) 309.557ms
[2020-08-10T13:08:47.237+0300][1466.781s][info ][gc] GC(48148) Pause Young (Allocation Failure) 103M->103M(115M) 39.974ms
[2020-08-10T13:08:47.254+0300][1466.798s][info ][gc] GC(48149) Pause Young (Allocation Failure) 104M->104M(115M) 16.288ms
[2020-08-10T13:08:47.271+0300][1466.815s][info ][gc] GC(48150) Pause Young (Allocation Failure) 105M->104M(115M) 16.593ms
[2020-08-10T13:08:47.288+0300][1466.832s][info ][gc] GC(48151) Pause Young (Allocation Failure) 105M->105M(115M) 16.588ms
[2020-08-10T13:08:47.306+0300][1466.850s][info ][gc] GC(48152) Pause Young (Allocation Failure) 106M->106M(114M) 16.616ms
[2020-08-10T13:08:47.322+0300][1466.866s][info ][gc] GC(48153) Pause Young (Allocation Failure) 107M->107M(115M) 15.318ms
[2020-08-10T13:08:47.336+0300][1466.880s][info ][gc] GC(48154) Pause Young (Allocation Failure) 107M->107M(115M) 14.055ms
[2020-08-10T13:08:47.351+0300][1466.895s][info ][gc] GC(48155) Pause Young (Allocation Failure) 108M->108M(115M) 14.062ms
[2020-08-10T13:08:47.366+0300][1466.909s][info ][gc] GC(48156) Pause Young (Allocation Failure) 108M->108M(115M) 14.079ms
[2020-08-10T13:08:47.380+0300][1466.924s][info ][gc] GC(48157) Pause Young (Allocation Failure) 109M->109M(115M) 14.091ms
[2020-08-10T13:08:47.395+0300][1466.939s][info ][gc] GC(48158) Pause Young (Allocation Failure) 109M->109M(115M) 14.081ms
[2020-08-10T13:08:47.409+0300][1466.953s][info ][gc] GC(48159) Pause Young (Allocation Failure) 110M->110M(115M) 14.055ms
[2020-08-10T13:08:47.424+0300][1466.968s][info ][gc] GC(48160) Pause Young (Allocation Failure) 110M->110M(115M) 14.157ms
[2020-08-10T13:08:47.439+0300][1466.983s][info ][gc] GC(48161) Pause Young (Allocation Failure) 111M->111M(115M) 14.166ms
[2020-08-10T13:08:47.453+0300][1466.997s][info ][gc] GC(48162) Pause Young (Allocation Failure) 111M->111M(115M) 13.951ms
[2020-08-10T13:08:47.468+0300][1467.012s][info ][gc] GC(48163) Pause Young (Allocation Failure) 112M->112M(115M) 14.284ms
[2020-08-10T13:08:47.483+0300][1467.027s][info ][gc] GC(48164) Pause Young (Allocation Failure) 112M->112M(115M) 14.374ms
[2020-08-10T13:08:47.774+0300][1467.318s][debug][gc] GC(48165) Expanding ParOldGen from 115712K by 10752K to 126464K
[2020-08-10T13:08:47.774+0300][1467.318s][info ][gc] GC(48165) Pause Full (Ergonomics) 112M->112M(125M) 291.029ms
[2020-08-10T13:08:47.788+0300][1467.332s][info ][gc] GC(48166) Pause Young (Allocation Failure) 112M->112M(125M) 13.537ms
[2020-08-10T13:08:47.803+0300][1467.347s][info ][gc] GC(48167) Pause Young (Allocation Failure) 113M->113M(125M) 14.543ms
[2020-08-10T13:08:47.818+0300][1467.362s][info ][gc] GC(48168) Pause Young (Allocation Failure) 113M->113M(125M) 14.467ms
[2020-08-10T13:08:47.833+0300][1467.377s][info ][gc] GC(48169) Pause Young (Allocation Failure) 114M->114M(125M) 14.519ms
[2020-08-10T13:08:47.848+0300][1467.392s][info ][gc] GC(48170) Pause Young (Allocation Failure) 114M->114M(124M) 14.766ms
[2020-08-10T13:08:47.869+0300][1467.412s][info ][gc] GC(48171) Pause Young (Allocation Failure) 115M->115M(125M) 20.118ms
[2020-08-10T13:08:47.884+0300][1467.427s][info ][gc] GC(48172) Pause Young (Allocation Failure) 115M->115M(125M) 14.629ms
[2020-08-10T13:08:47.899+0300][1467.443s][info ][gc] GC(48173) Pause Young (Allocation Failure) 116M->116M(125M) 14.717ms
[2020-08-10T13:08:47.914+0300][1467.458s][info ][gc] GC(48174) Pause Young (Allocation Failure) 116M->116M(125M) 14.534ms
[2020-08-10T13:08:47.929+0300][1467.473s][info ][gc] GC(48175) Pause Young (Allocation Failure) 117M->116M(125M) 14.698ms
[2020-08-10T13:08:47.944+0300][1467.488s][info ][gc] GC(48176) Pause Young (Allocation Failure) 117M->117M(125M) 14.495ms
[2020-08-10T13:08:47.959+0300][1467.503s][info ][gc] GC(48177) Pause Young (Allocation Failure) 117M->117M(125M) 14.791ms
[2020-08-10T13:08:47.975+0300][1467.518s][info ][gc] GC(48178) Pause Young (Allocation Failure) 118M->118M(125M) 14.792ms
[2020-08-10T13:08:48.009+0300][1467.553s][info ][gc] GC(48179) Pause Young (Allocation Failure) 118M->118M(125M) 34.155ms
[2020-08-10T13:08:48.024+0300][1467.568s][info ][gc] GC(48180) Pause Young (Allocation Failure) 119M->119M(125M) 14.998ms
[2020-08-10T13:08:48.040+0300][1467.584s][info ][gc] GC(48181) Pause Young (Allocation Failure) 119M->119M(125M) 14.852ms
[2020-08-10T13:08:48.055+0300][1467.599s][info ][gc] GC(48182) Pause Young (Allocation Failure) 120M->120M(125M) 14.753ms
[2020-08-10T13:08:48.070+0300][1467.614s][info ][gc] GC(48183) Pause Young (Allocation Failure) 120M->120M(125M) 14.947ms
[2020-08-10T13:08:48.086+0300][1467.630s][info ][gc] GC(48184) Pause Young (Allocation Failure) 121M->121M(125M) 15.035ms
[2020-08-10T13:08:48.125+0300][1467.669s][info ][gc] GC(48185) Pause Young (Allocation Failure) 121M->121M(125M) 38.845ms
[2020-08-10T13:08:48.140+0300][1467.684s][info ][gc] GC(48186) Pause Young (Allocation Failure) 122M->121M(125M) 14.821ms
[2020-08-10T13:08:48.161+0300][1467.705s][info ][gc] GC(48187) Pause Young (Allocation Failure) 122M->122M(125M) 20.661ms
[2020-08-10T13:08:48.177+0300][1467.721s][info ][gc] GC(48188) Pause Young (Allocation Failure) 122M->122M(125M) 15.038ms
[2020-08-10T13:08:48.192+0300][1467.736s][info ][gc] GC(48189) Pause Young (Allocation Failure) 123M->123M(125M) 15.253ms
[2020-08-10T13:08:48.208+0300][1467.752s][info ][gc] GC(48190) Pause Young (Allocation Failure) 123M->123M(125M) 15.121ms
[2020-08-10T13:08:48.533+0300][1468.077s][debug][gc] GC(48191) Expanding ParOldGen from 126464K by 10752K to 137216K
[2020-08-10T13:08:48.533+0300][1468.077s][info ][gc] GC(48191) Pause Full (Ergonomics) 123M->123M(135M) 325.107ms
[2020-08-10T13:08:48.566+0300][1468.110s][info ][gc] GC(48192) Pause Young (Allocation Failure) 124M->124M(135M) 32.445ms
[2020-08-10T13:08:48.583+0300][1468.126s][info ][gc] GC(48193) Pause Young (Allocation Failure) 124M->124M(135M) 15.884ms
[2020-08-10T13:08:48.599+0300][1468.143s][info ][gc] GC(48194) Pause Young (Allocation Failure) 125M->124M(135M) 15.804ms
[2020-08-10T13:08:48.614+0300][1468.158s][info ][gc] GC(48195) Pause Young (Allocation Failure) 125M->125M(135M) 15.451ms
[2020-08-10T13:08:48.630+0300][1468.174s][info ][gc] GC(48196) Pause Young (Allocation Failure) 125M->125M(135M) 15.360ms
[2020-08-10T13:08:48.670+0300][1468.214s][info ][gc] GC(48197) Pause Young (Allocation Failure) 126M->126M(135M) 39.405ms
[2020-08-10T13:08:48.688+0300][1468.232s][info ][gc] GC(48198) Pause Young (Allocation Failure) 126M->126M(135M) 17.684ms
[2020-08-10T13:08:48.705+0300][1468.249s][info ][gc] GC(48199) Pause Young (Allocation Failure) 127M->127M(135M) 16.460ms
[2020-08-10T13:08:48.721+0300][1468.265s][info ][gc] GC(48200) Pause Young (Allocation Failure) 127M->127M(135M) 15.527ms
[2020-08-10T13:08:48.737+0300][1468.280s][info ][gc] GC(48201) Pause Young (Allocation Failure) 128M->128M(135M) 15.528ms
[2020-08-10T13:08:48.753+0300][1468.297s][info ][gc] GC(48202) Pause Young (Allocation Failure) 128M->128M(135M) 15.971ms
[2020-08-10T13:08:48.769+0300][1468.313s][info ][gc] GC(48203) Pause Young (Allocation Failure) 129M->129M(135M) 15.531ms
[2020-08-10T13:08:48.803+0300][1468.347s][info ][gc] GC(48204) Pause Young (Allocation Failure) 129M->129M(135M) 33.824ms
[2020-08-10T13:08:48.819+0300][1468.363s][info ][gc] GC(48205) Pause Young (Allocation Failure) 130M->129M(135M) 15.838ms
[2020-08-10T13:08:48.836+0300][1468.380s][info ][gc] GC(48206) Pause Young (Allocation Failure) 130M->130M(135M) 16.057ms
[2020-08-10T13:08:48.852+0300][1468.396s][info ][gc] GC(48207) Pause Young (Allocation Failure) 130M->130M(135M) 15.969ms
[2020-08-10T13:08:48.869+0300][1468.413s][info ][gc] GC(48208) Pause Young (Allocation Failure) 131M->131M(135M) 15.962ms
[2020-08-10T13:08:48.885+0300][1468.429s][info ][gc] GC(48209) Pause Young (Allocation Failure) 131M->131M(135M) 16.113ms
[2020-08-10T13:08:48.902+0300][1468.446s][info ][gc] GC(48210) Pause Young (Allocation Failure) 132M->132M(135M) 16.430ms
[2020-08-10T13:08:48.918+0300][1468.462s][info ][gc] GC(48211) Pause Young (Allocation Failure) 132M->132M(135M) 16.126ms
[2020-08-10T13:08:48.935+0300][1468.479s][info ][gc] GC(48212) Pause Young (Allocation Failure) 133M->133M(135M) 15.887ms
[2020-08-10T13:08:48.951+0300][1468.495s][info ][gc] GC(48213) Pause Young (Allocation Failure) 133M->133M(135M) 16.055ms
[2020-08-10T13:08:48.967+0300][1468.511s][info ][gc] GC(48214) Pause Young (Allocation Failure) 134M->134M(135M) 15.874ms
[2020-08-10T13:08:49.322+0300][1468.865s][debug][gc] GC(48215) Expanding ParOldGen from 137216K by 10752K to 147968K
[2020-08-10T13:08:49.322+0300][1468.866s][info ][gc] GC(48215) Pause Full (Ergonomics) 134M->133M(146M) 354.438ms
[2020-08-10T13:08:49.337+0300][1468.881s][info ][gc] GC(48216) Pause Young (Allocation Failure) 134M->134M(146M) 14.568ms
[2020-08-10T13:08:49.353+0300][1468.897s][info ][gc] GC(48217) Pause Young (Allocation Failure) 134M->134M(146M) 16.190ms
[2020-08-10T13:08:49.393+0300][1468.937s][info ][gc] GC(48218) Pause Young (Allocation Failure) 135M->135M(146M) 39.765ms
[2020-08-10T13:08:49.394+0300][1468.938s][debug][gc] Expanding ParOldGen from 147968K by 19968K to 167936K
[2020-08-10T13:08:49.419+0300][1468.962s][info ][gc] GC(48219) Pause Young (Allocation Failure) 154M->154M(165M) 15.881ms
[2020-08-10T13:08:49.447+0300][1468.991s][info ][gc] GC(48220) Pause Young (Allocation Failure) 155M->155M(165M) 27.687ms
[2020-08-10T13:08:49.473+0300][1469.017s][info ][gc] GC(48221) Pause Young (Allocation Failure) 155M->155M(165M) 26.250ms
[2020-08-10T13:08:49.500+0300][1469.044s][info ][gc] GC(48222) Pause Young (Allocation Failure) 156M->156M(165M) 26.095ms
[2020-08-10T13:08:49.527+0300][1469.071s][info ][gc] GC(48223) Pause Young (Allocation Failure) 156M->156M(165M) 26.738ms
[2020-08-10T13:08:49.553+0300][1469.097s][info ][gc] GC(48224) Pause Young (Allocation Failure) 157M->157M(165M) 26.127ms
[2020-08-10T13:08:49.580+0300][1469.124s][info ][gc] GC(48225) Pause Young (Allocation Failure) 157M->157M(165M) 26.111ms
[2020-08-10T13:08:49.607+0300][1469.150s][info ][gc] GC(48226) Pause Young (Allocation Failure) 157M->157M(165M) 26.307ms
[2020-08-10T13:08:49.633+0300][1469.177s][info ][gc] GC(48227) Pause Young (Allocation Failure) 158M->158M(165M) 26.412ms
[2020-08-10T13:08:49.660+0300][1469.204s][info ][gc] GC(48228) Pause Young (Allocation Failure) 158M->158M(165M) 26.145ms
[2020-08-10T13:08:49.687+0300][1469.230s][info ][gc] GC(48229) Pause Young (Allocation Failure) 159M->159M(165M) 26.137ms
[2020-08-10T13:08:49.735+0300][1469.279s][info ][gc] GC(48230) Pause Young (Allocation Failure) 159M->159M(165M) 48.368ms
[2020-08-10T13:08:49.764+0300][1469.308s][info ][gc] GC(48231) Pause Young (Allocation Failure) 160M->160M(165M) 28.065ms
[2020-08-10T13:08:49.791+0300][1469.334s][info ][gc] GC(48232) Pause Young (Allocation Failure) 160M->160M(165M) 26.266ms
[2020-08-10T13:08:49.817+0300][1469.361s][info ][gc] GC(48233) Pause Young (Allocation Failure) 161M->161M(165M) 26.363ms
[2020-08-10T13:08:49.869+0300][1469.413s][info ][gc] GC(48234) Pause Young (Allocation Failure) 161M->161M(165M) 51.255ms
[2020-08-10T13:08:49.896+0300][1469.440s][info ][gc] GC(48235) Pause Young (Allocation Failure) 162M->162M(165M) 26.506ms
[2020-08-10T13:08:49.923+0300][1469.467s][info ][gc] GC(48236) Pause Young (Allocation Failure) 162M->162M(165M) 26.484ms
[2020-08-10T13:08:49.950+0300][1469.494s][info ][gc] GC(48237) Pause Young (Allocation Failure) 162M->162M(165M) 26.198ms
[2020-08-10T13:08:49.976+0300][1469.520s][info ][gc] GC(48238) Pause Young (Allocation Failure) 163M->163M(165M) 26.190ms
[2020-08-10T13:08:50.003+0300][1469.547s][info ][gc] GC(48239) Pause Young (Allocation Failure) 163M->163M(165M) 26.305ms
[2020-08-10T13:08:50.030+0300][1469.574s][info ][gc] GC(48240) Pause Young (Allocation Failure) 164M->164M(165M) 26.326ms
[2020-08-10T13:08:50.127+0300][1469.671s][debug][gc] GC(48241) Shrinking ParOldGen from 167936K by 125440K to 42496K
[2020-08-10T13:08:50.127+0300][1469.671s][info ][gc] GC(48241) Pause Full (Ergonomics) 164M->30M(43M) 96.577ms
[2020-08-10T13:08:50.161+0300][1469.705s][info ][gc] GC(48242) Pause Young (Allocation Failure) 31M->31M(43M) 34.075ms
[2020-08-10T13:08:50.176+0300][1469.720s][info ][gc] GC(48243) Pause Young (Allocation Failure) 31M->31M(43M) 14.265ms
[2020-08-10T13:08:50.191+0300][1469.735s][info ][gc] GC(48244) Pause Young (Allocation Failure) 31M->31M(43M) 14.329ms
[2020-08-10T13:08:50.205+0300][1469.749s][info ][gc] GC(48245) Pause Young (Allocation Failure) 32M->32M(43M) 13.464ms
[2020-08-10T13:08:50.221+0300][1469.765s][info ][gc] GC(48246) Pause Young (Allocation Failure) 32M->32M(43M) 15.560ms
[2020-08-10T13:08:50.235+0300][1469.779s][info ][gc] GC(48247) Pause Young (Allocation Failure) 33M->33M(43M) 13.453ms
[2020-08-10T13:08:50.249+0300][1469.793s][info ][gc] GC(48248) Pause Young (Allocation Failure) 33M->33M(43M) 13.455ms
[2020-08-10T13:08:50.263+0300][1469.807s][info ][gc] GC(48249) Pause Young (Allocation Failure) 34M->34M(43M) 13.451ms
[2020-08-10T13:08:50.277+0300][1469.820s][info ][gc] GC(48250) Pause Young (Allocation Failure) 34M->34M(43M) 13.456ms
[2020-08-10T13:08:50.291+0300][1469.835s][info ][gc] GC(48251) Pause Young (Allocation Failure) 35M->35M(43M) 13.527ms
[2020-08-10T13:08:50.304+0300][1469.848s][info ][gc] GC(48252) Pause Young (Allocation Failure) 35M->35M(43M) 13.406ms
[2020-08-10T13:08:50.318+0300][1469.862s][info ][gc] GC(48253) Pause Young (Allocation Failure) 36M->36M(43M) 13.370ms
[2020-08-10T13:08:50.332+0300][1469.876s][info ][gc] GC(48254) Pause Young (Allocation Failure) 36M->36M(43M) 13.521ms
[2020-08-10T13:08:50.346+0300][1469.890s][info ][gc] GC(48255) Pause Young (Allocation Failure) 36M->36M(43M) 13.446ms
[2020-08-10T13:08:50.360+0300][1469.904s][info ][gc] GC(48256) Pause Young (Allocation Failure) 37M->37M(43M) 13.373ms
[2020-08-10T13:08:50.374+0300][1469.918s][info ][gc] GC(48257) Pause Young (Allocation Failure) 37M->37M(43M) 13.358ms
[2020-08-10T13:08:50.388+0300][1469.932s][info ][gc] GC(48258) Pause Young (Allocation Failure) 38M->38M(43M) 13.502ms
[2020-08-10T13:08:50.402+0300][1469.946s][info ][gc] GC(48259) Pause Young (Allocation Failure) 38M->38M(43M) 13.511ms
[2020-08-10T13:08:50.416+0300][1469.960s][info ][gc] GC(48260) Pause Young (Allocation Failure) 39M->39M(43M) 13.442ms
[2020-08-10T13:08:50.430+0300][1469.974s][info ][gc] GC(48261) Pause Young (Allocation Failure) 39M->39M(43M) 13.538ms
[2020-08-10T13:08:50.444+0300][1469.988s][info ][gc] GC(48262) Pause Young (Allocation Failure) 40M->40M(43M) 13.558ms
[2020-08-10T13:08:50.458+0300][1470.002s][info ][gc] GC(48263) Pause Young (Allocation Failure) 41M->41M(43M) 13.757ms
[2020-08-10T13:08:50.465+0300][1470.009s][debug][gc] GC(48264) Expanding ParOldGen from 42496K by 512K to 43008K
[2020-08-10T13:08:50.473+0300][1470.017s][info ][gc] GC(48264) Pause Young (Allocation Failure) 42M->42M(44M) 14.053ms
[2020-08-10T13:08:50.558+0300][1470.102s][debug][gc] GC(48265) Expanding ParOldGen from 43008K by 11264K to 54272K
[2020-08-10T13:08:50.558+0300][1470.102s][info ][gc] GC(48265) Pause Full (Ergonomics) 42M->42M(55M) 84.753ms
[2020-08-10T13:08:50.577+0300][1470.121s][info ][gc] GC(48266) Pause Young (Allocation Failure) 43M->43M(55M) 18.906ms
[2020-08-10T13:08:50.592+0300][1470.136s][info ][gc] GC(48267) Pause Young (Allocation Failure) 44M->44M(55M) 14.015ms
[2020-08-10T13:08:50.606+0300][1470.150s][info ][gc] GC(48268) Pause Young (Allocation Failure) 45M->45M(55M) 14.091ms
[2020-08-10T13:08:50.621+0300][1470.165s][info ][gc] GC(48269) Pause Young (Allocation Failure) 46M->46M(55M) 14.043ms
[2020-08-10T13:08:50.636+0300][1470.180s][info ][gc] GC(48270) Pause Young (Allocation Failure) 47M->46M(55M) 14.013ms
[2020-08-10T13:08:50.650+0300][1470.194s][info ][gc] GC(48271) Pause Young (Allocation Failure) 47M->47M(55M) 14.058ms
[2020-08-10T13:08:50.665+0300][1470.209s][info ][gc] GC(48272) Pause Young (Allocation Failure) 48M->48M(55M) 14.132ms
[2020-08-10T13:08:50.680+0300][1470.224s][info ][gc] GC(48273) Pause Young (Allocation Failure) 49M->49M(55M) 13.953ms
[2020-08-10T13:08:50.694+0300][1470.238s][info ][gc] GC(48274) Pause Young (Allocation Failure) 50M->50M(55M) 14.049ms
[2020-08-10T13:08:50.709+0300][1470.253s][info ][gc] GC(48275) Pause Young (Allocation Failure) 51M->51M(55M) 14.105ms
[2020-08-10T13:08:50.724+0300][1470.268s][info ][gc] GC(48276) Pause Young (Allocation Failure) 52M->52M(55M) 14.078ms
[2020-08-10T13:08:50.738+0300][1470.282s][info ][gc] GC(48277) Pause Young (Allocation Failure) 53M->53M(55M) 14.071ms
[2020-08-10T13:08:50.854+0300][1470.398s][debug][gc] GC(48278) Expanding ParOldGen from 54272K by 11776K to 66048K
[2020-08-10T13:08:50.854+0300][1470.398s][info ][gc] GC(48278) Pause Full (Ergonomics) 53M->53M(67M) 115.663ms
[2020-08-10T13:08:50.877+0300][1470.421s][info ][gc] GC(48279) Pause Young (Allocation Failure) 54M->54M(67M) 21.779ms
[2020-08-10T13:08:50.891+0300][1470.435s][info ][gc] GC(48280) Pause Young (Allocation Failure) 55M->55M(67M) 14.204ms
[2020-08-10T13:08:50.906+0300][1470.450s][info ][gc] GC(48281) Pause Young (Allocation Failure) 56M->56M(67M) 14.093ms
[2020-08-10T13:08:50.921+0300][1470.465s][info ][gc] GC(48282) Pause Young (Allocation Failure) 57M->57M(67M) 13.999ms
[2020-08-10T13:08:50.935+0300][1470.479s][info ][gc] GC(48283) Pause Young (Allocation Failure) 58M->57M(67M) 13.814ms
[2020-08-10T13:08:50.950+0300][1470.494s][info ][gc] GC(48284) Pause Young (Allocation Failure) 58M->58M(67M) 14.121ms
[2020-08-10T13:08:50.964+0300][1470.508s][info ][gc] GC(48285) Pause Young (Allocation Failure) 59M->59M(67M) 14.129ms
[2020-08-10T13:08:50.979+0300][1470.523s][info ][gc] GC(48286) Pause Young (Allocation Failure) 60M->60M(67M) 14.166ms
[2020-08-10T13:08:50.994+0300][1470.538s][info ][gc] GC(48287) Pause Young (Allocation Failure) 61M->61M(67M) 14.200ms
[2020-08-10T13:08:51.009+0300][1470.553s][info ][gc] GC(48288) Pause Young (Allocation Failure) 62M->62M(67M) 14.084ms
[2020-08-10T13:08:51.023+0300][1470.567s][info ][gc] GC(48289) Pause Young (Allocation Failure) 63M->63M(67M) 13.955ms
[2020-08-10T13:08:51.038+0300][1470.582s][info ][gc] GC(48290) Pause Young (Allocation Failure) 64M->64M(67M) 14.198ms
[2020-08-10T13:08:51.189+0300][1470.733s][debug][gc] GC(48291) Expanding ParOldGen from 66048K by 11776K to 77824K
[2020-08-10T13:08:51.189+0300][1470.733s][info ][gc] GC(48291) Pause Full (Ergonomics) 64M->64M(78M) 151.025ms
[2020-08-10T13:08:51.203+0300][1470.747s][info ][gc] GC(48292) Pause Young (Allocation Failure) 65M->65M(78M) 13.588ms
[2020-08-10T13:08:51.218+0300][1470.762s][info ][gc] GC(48293) Pause Young (Allocation Failure) 66M->66M(78M) 13.962ms
[2020-08-10T13:08:51.232+0300][1470.776s][info ][gc] GC(48294) Pause Young (Allocation Failure) 67M->67M(78M) 14.076ms
[2020-08-10T13:08:51.247+0300][1470.791s][info ][gc] GC(48295) Pause Young (Allocation Failure) 68M->68M(78M) 13.946ms
[2020-08-10T13:08:51.262+0300][1470.806s][info ][gc] GC(48296) Pause Young (Allocation Failure) 69M->68M(78M) 14.032ms
[2020-08-10T13:08:51.276+0300][1470.820s][info ][gc] GC(48297) Pause Young (Allocation Failure) 69M->69M(78M) 14.044ms
[2020-08-10T13:08:51.291+0300][1470.835s][info ][gc] GC(48298) Pause Young (Allocation Failure) 70M->70M(78M) 14.034ms
[2020-08-10T13:08:51.306+0300][1470.850s][info ][gc] GC(48299) Pause Young (Allocation Failure) 71M->71M(78M) 13.982ms
[2020-08-10T13:08:51.320+0300][1470.864s][info ][gc] GC(48300) Pause Young (Allocation Failure) 72M->72M(78M) 14.053ms
[2020-08-10T13:08:51.335+0300][1470.879s][info ][gc] GC(48301) Pause Young (Allocation Failure) 73M->73M(78M) 14.072ms
[2020-08-10T13:08:51.350+0300][1470.894s][info ][gc] GC(48302) Pause Young (Allocation Failure) 74M->74M(78M) 14.011ms
[2020-08-10T13:08:51.364+0300][1470.908s][info ][gc] GC(48303) Pause Young (Allocation Failure) 75M->75M(78M) 14.103ms
[2020-08-10T13:08:51.379+0300][1470.923s][info ][gc] GC(48304) Pause Young (Allocation Failure) 76M->76M(78M) 14.101ms
[2020-08-10T13:08:51.570+0300][1471.114s][debug][gc] GC(48305) Expanding ParOldGen from 77824K by 11776K to 89600K
[2020-08-10T13:08:51.570+0300][1471.114s][info ][gc] GC(48305) Pause Full (Ergonomics) 76M->76M(90M) 190.910ms
[2020-08-10T13:08:51.601+0300][1471.145s][info ][gc] GC(48306) Pause Young (Allocation Failure) 77M->77M(90M) 30.718ms
[2020-08-10T13:08:51.616+0300][1471.160s][info ][gc] GC(48307) Pause Young (Allocation Failure) 78M->78M(90M) 14.390ms
[2020-08-10T13:08:51.631+0300][1471.175s][info ][gc] GC(48308) Pause Young (Allocation Failure) 79M->79M(90M) 14.426ms
[2020-08-10T13:08:51.646+0300][1471.190s][info ][gc] GC(48309) Pause Young (Allocation Failure) 80M->80M(90M) 14.422ms
[2020-08-10T13:08:51.661+0300][1471.205s][info ][gc] GC(48310) Pause Young (Allocation Failure) 81M->81M(90M) 14.376ms
[2020-08-10T13:08:51.676+0300][1471.220s][info ][gc] GC(48311) Pause Young (Allocation Failure) 82M->82M(90M) 14.347ms
[2020-08-10T13:08:51.692+0300][1471.236s][info ][gc] GC(48312) Pause Young (Allocation Failure) 83M->83M(90M) 14.584ms
[2020-08-10T13:08:51.707+0300][1471.251s][info ][gc] GC(48313) Pause Young (Allocation Failure) 84M->84M(90M) 14.442ms
[2020-08-10T13:08:51.722+0300][1471.266s][info ][gc] GC(48314) Pause Young (Allocation Failure) 85M->84M(90M) 14.635ms
[2020-08-10T13:08:51.737+0300][1471.281s][info ][gc] GC(48315) Pause Young (Allocation Failure) 85M->85M(90M) 14.637ms
[2020-08-10T13:08:51.752+0300][1471.296s][info ][gc] GC(48316) Pause Young (Allocation Failure) 86M->86M(90M) 14.733ms
[2020-08-10T13:08:51.768+0300][1471.312s][info ][gc] GC(48317) Pause Young (Allocation Failure) 87M->87M(90M) 14.942ms
[2020-08-10T13:08:51.982+0300][1471.526s][debug][gc] GC(48318) Expanding ParOldGen from 89600K by 11264K to 100864K
[2020-08-10T13:08:51.982+0300][1471.526s][info ][gc] GC(48318) Pause Full (Ergonomics) 87M->87M(101M) 214.048ms
[2020-08-10T13:08:52.018+0300][1471.562s][info ][gc] GC(48319) Pause Young (Allocation Failure) 88M->88M(101M) 35.687ms
[2020-08-10T13:08:52.034+0300][1471.578s][info ][gc] GC(48320) Pause Young (Allocation Failure) 89M->89M(101M) 14.946ms
[2020-08-10T13:08:52.049+0300][1471.593s][info ][gc] GC(48321) Pause Young (Allocation Failure) 90M->90M(101M) 15.167ms
[2020-08-10T13:08:52.065+0300][1471.609s][info ][gc] GC(48322) Pause Young (Allocation Failure) 91M->91M(101M) 15.184ms
[2020-08-10T13:08:52.081+0300][1471.625s][info ][gc] GC(48323) Pause Young (Allocation Failure) 92M->92M(101M) 15.331ms
[2020-08-10T13:08:52.097+0300][1471.641s][info ][gc] GC(48324) Pause Young (Allocation Failure) 93M->93M(101M) 15.396ms
[2020-08-10T13:08:52.113+0300][1471.657s][info ][gc] GC(48325) Pause Young (Allocation Failure) 94M->94M(100M) 15.607ms
[2020-08-10T13:08:52.130+0300][1471.674s][info ][gc] GC(48326) Pause Young (Allocation Failure) 95M->95M(100M) 15.732ms
[2020-08-10T13:08:52.146+0300][1471.690s][info ][gc] GC(48327) Pause Young (Allocation Failure) 96M->96M(100M) 15.845ms
[2020-08-10T13:08:52.161+0300][1471.705s][info ][gc] GC(48328) Pause Young (Allocation Failure) 97M->97M(101M) 14.381ms
[2020-08-10T13:08:52.178+0300][1471.722s][info ][gc] GC(48329) Pause Young (Allocation Failure) 98M->98M(101M) 15.990ms
[2020-08-10T13:08:52.422+0300][1471.966s][debug][gc] GC(48330) Expanding ParOldGen from 100864K by 11264K to 112128K
[2020-08-10T13:08:52.422+0300][1471.966s][info ][gc] GC(48330) Pause Full (Ergonomics) 98M->98M(112M) 244.328ms
[2020-08-10T13:08:52.436+0300][1471.980s][info ][gc] GC(48331) Pause Young (Allocation Failure) 99M->98M(112M) 13.719ms
[2020-08-10T13:08:52.453+0300][1471.997s][info ][gc] GC(48332) Pause Young (Allocation Failure) 99M->99M(112M) 15.564ms
[2020-08-10T13:08:52.469+0300][1472.013s][info ][gc] GC(48333) Pause Young (Allocation Failure) 100M->100M(112M) 15.742ms
[2020-08-10T13:08:52.485+0300][1472.029s][info ][gc] GC(48334) Pause Young (Allocation Failure) 101M->101M(112M) 15.715ms
[2020-08-10T13:08:52.502+0300][1472.046s][info ][gc] GC(48335) Pause Young (Allocation Failure) 102M->102M(112M) 15.932ms
[2020-08-10T13:08:52.518+0300][1472.062s][info ][gc] GC(48336) Pause Young (Allocation Failure) 103M->103M(112M) 15.887ms
[2020-08-10T13:08:52.535+0300][1472.079s][info ][gc] GC(48337) Pause Young (Allocation Failure) 104M->104M(112M) 16.052ms
[2020-08-10T13:08:52.552+0300][1472.096s][info ][gc] GC(48338) Pause Young (Allocation Failure) 105M->105M(112M) 16.231ms
[2020-08-10T13:08:52.569+0300][1472.113s][info ][gc] GC(48339) Pause Young (Allocation Failure) 106M->106M(112M) 16.578ms
[2020-08-10T13:08:52.586+0300][1472.130s][info ][gc] GC(48340) Pause Young (Allocation Failure) 107M->107M(112M) 16.333ms
[2020-08-10T13:08:52.603+0300][1472.147s][info ][gc] GC(48341) Pause Young (Allocation Failure) 108M->108M(112M) 16.338ms
[2020-08-10T13:08:52.620+0300][1472.164s][info ][gc] GC(48342) Pause Young (Allocation Failure) 109M->109M(112M) 16.378ms
[2020-08-10T13:08:52.891+0300][1472.435s][debug][gc] GC(48343) Expanding ParOldGen from 112128K by 11264K to 123392K
[2020-08-10T13:08:52.891+0300][1472.435s][info ][gc] GC(48343) Pause Full (Ergonomics) 109M->109M(123M) 271.109ms
[2020-08-10T13:08:52.905+0300][1472.449s][info ][gc] GC(48344) Pause Young (Allocation Failure) 110M->110M(123M) 13.777ms
[2020-08-10T13:08:52.922+0300][1472.466s][info ][gc] GC(48345) Pause Young (Allocation Failure) 111M->111M(123M) 16.473ms
[2020-08-10T13:08:52.939+0300][1472.483s][info ][gc] GC(48346) Pause Young (Allocation Failure) 112M->112M(123M) 16.378ms
[2020-08-10T13:08:52.957+0300][1472.501s][info ][gc] GC(48347) Pause Young (Allocation Failure) 113M->113M(123M) 16.801ms
[2020-08-10T13:08:52.974+0300][1472.518s][info ][gc] GC(48348) Pause Young (Allocation Failure) 114M->114M(123M) 16.903ms
[2020-08-10T13:08:52.992+0300][1472.536s][info ][gc] GC(48349) Pause Young (Allocation Failure) 115M->115M(123M) 17.107ms
[2020-08-10T13:08:53.009+0300][1472.553s][info ][gc] GC(48350) Pause Young (Allocation Failure) 116M->115M(123M) 16.731ms
[2020-08-10T13:08:53.026+0300][1472.570s][info ][gc] GC(48351) Pause Young (Allocation Failure) 116M->116M(123M) 16.696ms
[2020-08-10T13:08:53.044+0300][1472.588s][info ][gc] GC(48352) Pause Young (Allocation Failure) 117M->117M(123M) 17.003ms
[2020-08-10T13:08:53.062+0300][1472.606s][info ][gc] GC(48353) Pause Young (Allocation Failure) 118M->118M(123M) 17.366ms
[2020-08-10T13:08:53.079+0300][1472.624s][info ][gc] GC(48354) Pause Young (Allocation Failure) 119M->119M(123M) 17.448ms
[2020-08-10T13:08:53.097+0300][1472.641s][info ][gc] GC(48355) Pause Young (Allocation Failure) 120M->120M(123M) 17.373ms
[2020-08-10T13:08:53.407+0300][1472.951s][debug][gc] GC(48356) Expanding ParOldGen from 123392K by 11264K to 134656K
[2020-08-10T13:08:53.407+0300][1472.951s][info ][gc] GC(48356) Pause Full (Ergonomics) 120M->120M(134M) 309.644ms
[2020-08-10T13:08:53.440+0300][1472.984s][info ][gc] GC(48357) Pause Young (Allocation Failure) 121M->121M(134M) 32.696ms
[2020-08-10T13:08:53.460+0300][1473.004s][info ][gc] GC(48358) Pause Young (Allocation Failure) 122M->122M(134M) 18.675ms
[2020-08-10T13:08:53.478+0300][1473.022s][info ][gc] GC(48359) Pause Young (Allocation Failure) 123M->123M(134M) 18.250ms
[2020-08-10T13:08:53.497+0300][1473.041s][info ][gc] GC(48360) Pause Young (Allocation Failure) 124M->124M(134M) 18.463ms
[2020-08-10T13:08:53.516+0300][1473.060s][info ][gc] GC(48361) Pause Young (Allocation Failure) 125M->125M(134M) 18.474ms
[2020-08-10T13:08:53.535+0300][1473.079s][info ][gc] GC(48362) Pause Young (Allocation Failure) 126M->126M(134M) 18.625ms
[2020-08-10T13:08:53.554+0300][1473.098s][info ][gc] GC(48363) Pause Young (Allocation Failure) 127M->127M(134M) 18.332ms
[2020-08-10T13:08:53.578+0300][1473.122s][info ][gc] GC(48364) Pause Young (Allocation Failure) 128M->128M(134M) 23.801ms
[2020-08-10T13:08:53.597+0300][1473.141s][info ][gc] GC(48365) Pause Young (Allocation Failure) 129M->129M(134M) 18.666ms
[2020-08-10T13:08:53.616+0300][1473.160s][info ][gc] GC(48366) Pause Young (Allocation Failure) 130M->130M(134M) 18.621ms
[2020-08-10T13:08:53.635+0300][1473.179s][info ][gc] GC(48367) Pause Young (Allocation Failure) 131M->131M(134M) 18.795ms
[2020-08-10T13:08:53.689+0300][1473.233s][info ][gc] GC(48368) Pause Young (Allocation Failure) 132M->132M(134M) 52.866ms
[2020-08-10T13:08:54.099+0300][1473.643s][debug][gc] GC(48369) Expanding ParOldGen from 134656K by 11776K to 146432K
[2020-08-10T13:08:54.099+0300][1473.643s][info ][gc] GC(48369) Pause Full (Ergonomics) 132M->131M(145M) 410.290ms
[2020-08-10T13:08:54.134+0300][1473.678s][info ][gc] GC(48370) Pause Young (Allocation Failure) 132M->132M(145M) 34.467ms
[2020-08-10T13:08:54.153+0300][1473.697s][info ][gc] GC(48371) Pause Young (Allocation Failure) 133M->133M(145M) 18.975ms
[2020-08-10T13:08:54.173+0300][1473.717s][info ][gc] GC(48372) Pause Young (Allocation Failure) 134M->134M(145M) 19.371ms
[2020-08-10T13:08:54.174+0300][1473.718s][debug][gc] Expanding ParOldGen from 146432K by 19968K to 166400K
[2020-08-10T13:08:54.200+0300][1473.744s][info ][gc] GC(48373) Pause Young (Allocation Failure) 154M->154M(165M) 18.435ms
[2020-08-10T13:08:54.217+0300][1473.761s][info ][gc] GC(48374) Pause Young (Allocation Failure) 155M->155M(165M) 16.376ms
[2020-08-10T13:08:54.232+0300][1473.776s][info ][gc] GC(48375) Pause Young (Allocation Failure) 156M->156M(165M) 14.308ms
[2020-08-10T13:08:54.247+0300][1473.791s][info ][gc] GC(48376) Pause Young (Allocation Failure) 157M->157M(165M) 14.416ms
[2020-08-10T13:08:54.262+0300][1473.806s][info ][gc] GC(48377) Pause Young (Allocation Failure) 158M->158M(165M) 14.356ms
[2020-08-10T13:08:54.299+0300][1473.843s][info ][gc] GC(48378) Pause Young (Allocation Failure) 159M->159M(165M) 35.979ms
[2020-08-10T13:08:54.313+0300][1473.858s][info ][gc] GC(48379) Pause Young (Allocation Failure) 160M->160M(165M) 14.339ms
[2020-08-10T13:08:54.328+0300][1473.873s][info ][gc] GC(48380) Pause Young (Allocation Failure) 161M->161M(165M) 14.420ms
[2020-08-10T13:08:54.343+0300][1473.887s][info ][gc] GC(48381) Pause Young (Allocation Failure) 162M->162M(165M) 14.418ms
[2020-08-10T13:08:54.414+0300][1473.958s][debug][gc] GC(48382) Shrinking ParOldGen from 166400K by 125440K to 40960K
[2020-08-10T13:08:54.414+0300][1473.958s][info ][gc] GC(48382) Pause Full (Ergonomics) 162M->28M(42M) 70.173ms
[2020-08-10T13:08:54.427+0300][1473.971s][info ][gc] GC(48383) Pause Young (Allocation Failure) 29M->29M(42M) 13.201ms
[2020-08-10T13:08:54.441+0300][1473.986s][info ][gc] GC(48384) Pause Young (Allocation Failure) 30M->30M(42M) 13.839ms
[2020-08-10T13:08:54.456+0300][1474.000s][info ][gc] GC(48385) Pause Young (Allocation Failure) 31M->31M(42M) 14.023ms
[2020-08-10T13:08:54.471+0300][1474.015s][info ][gc] GC(48386) Pause Young (Allocation Failure) 32M->32M(42M) 14.059ms
[2020-08-10T13:08:54.485+0300][1474.029s][info ][gc] GC(48387) Pause Young (Allocation Failure) 33M->33M(42M) 13.998ms
[2020-08-10T13:08:54.500+0300][1474.044s][info ][gc] GC(48388) Pause Young (Allocation Failure) 34M->34M(42M) 13.945ms
[2020-08-10T13:08:54.514+0300][1474.059s][info ][gc] GC(48389) Pause Young (Allocation Failure) 35M->35M(42M) 14.182ms
[2020-08-10T13:08:54.529+0300][1474.073s][info ][gc] GC(48390) Pause Young (Allocation Failure) 36M->36M(42M) 14.026ms
[2020-08-10T13:08:54.543+0300][1474.088s][info ][gc] GC(48391) Pause Young (Allocation Failure) 37M->37M(41M) 14.028ms
[2020-08-10T13:08:54.558+0300][1474.102s][info ][gc] GC(48392) Pause Young (Allocation Failure) 38M->38M(42M) 13.712ms
[2020-08-10T13:08:54.572+0300][1474.116s][info ][gc] GC(48393) Pause Young (Allocation Failure) 39M->39M(42M) 13.934ms
[2020-08-10T13:08:54.587+0300][1474.131s][info ][gc] GC(48394) Pause Young (Allocation Failure) 40M->40M(42M) 13.937ms
[2020-08-10T13:08:54.668+0300][1474.212s][debug][gc] GC(48395) Expanding ParOldGen from 40960K by 11264K to 52224K
[2020-08-10T13:08:54.668+0300][1474.212s][info ][gc] GC(48395) Pause Full (Ergonomics) 40M->40M(53M) 81.555ms
[2020-08-10T13:08:54.687+0300][1474.231s][info ][gc] GC(48396) Pause Young (Allocation Failure) 41M->41M(53M) 18.464ms
[2020-08-10T13:08:54.702+0300][1474.246s][info ][gc] GC(48397) Pause Young (Allocation Failure) 42M->41M(53M) 14.199ms
[2020-08-10T13:08:54.717+0300][1474.261s][info ][gc] GC(48398) Pause Young (Allocation Failure) 42M->42M(53M) 13.901ms
[2020-08-10T13:08:54.731+0300][1474.275s][info ][gc] GC(48399) Pause Young (Allocation Failure) 43M->43M(53M) 13.815ms
[2020-08-10T13:08:54.745+0300][1474.290s][info ][gc] GC(48400) Pause Young (Allocation Failure) 44M->44M(53M) 14.041ms
[2020-08-10T13:08:54.760+0300][1474.304s][info ][gc] GC(48401) Pause Young (Allocation Failure) 45M->45M(53M) 14.075ms
[2020-08-10T13:08:54.774+0300][1474.319s][info ][gc] GC(48402) Pause Young (Allocation Failure) 46M->46M(53M) 13.961ms
[2020-08-10T13:08:54.789+0300][1474.333s][info ][gc] GC(48403) Pause Young (Allocation Failure) 47M->47M(53M) 14.050ms
[2020-08-10T13:08:54.803+0300][1474.348s][info ][gc] GC(48404) Pause Young (Allocation Failure) 48M->48M(53M) 13.936ms
[2020-08-10T13:08:54.818+0300][1474.362s][info ][gc] GC(48405) Pause Young (Allocation Failure) 49M->49M(53M) 14.076ms
[2020-08-10T13:08:54.833+0300][1474.377s][info ][gc] GC(48406) Pause Young (Allocation Failure) 50M->50M(53M) 14.126ms
[2020-08-10T13:08:54.847+0300][1474.391s][info ][gc] GC(48407) Pause Young (Allocation Failure) 51M->51M(53M) 14.170ms
[2020-08-10T13:08:54.956+0300][1474.500s][debug][gc] GC(48408) Expanding ParOldGen from 52224K by 11776K to 64000K
[2020-08-10T13:08:54.956+0300][1474.500s][info ][gc] GC(48408) Pause Full (Ergonomics) 51M->51M(65M) 108.543ms
[2020-08-10T13:08:54.979+0300][1474.523s][info ][gc] GC(48409) Pause Young (Allocation Failure) 52M->52M(65M) 21.979ms
[2020-08-10T13:08:54.993+0300][1474.537s][info ][gc] GC(48410) Pause Young (Allocation Failure) 53M->53M(65M) 14.148ms
[2020-08-10T13:08:55.008+0300][1474.552s][info ][gc] GC(48411) Pause Young (Allocation Failure) 54M->54M(65M) 13.924ms
[2020-08-10T13:08:55.022+0300][1474.566s][info ][gc] GC(48412) Pause Young (Allocation Failure) 55M->55M(65M) 13.954ms
[2020-08-10T13:08:55.037+0300][1474.581s][info ][gc] GC(48413) Pause Young (Allocation Failure) 56M->56M(65M) 14.076ms
[2020-08-10T13:08:55.051+0300][1474.596s][info ][gc] GC(48414) Pause Young (Allocation Failure) 57M->57M(65M) 14.207ms
[2020-08-10T13:08:55.066+0300][1474.610s][info ][gc] GC(48415) Pause Young (Allocation Failure) 58M->57M(65M) 14.192ms
[2020-08-10T13:08:55.081+0300][1474.625s][info ][gc] GC(48416) Pause Young (Allocation Failure) 58M->58M(65M) 13.988ms
[2020-08-10T13:08:55.095+0300][1474.639s][info ][gc] GC(48417) Pause Young (Allocation Failure) 59M->59M(65M) 14.006ms
[2020-08-10T13:08:55.110+0300][1474.654s][info ][gc] GC(48418) Pause Young (Allocation Failure) 60M->60M(65M) 14.195ms
[2020-08-10T13:08:55.125+0300][1474.669s][info ][gc] GC(48419) Pause Young (Allocation Failure) 61M->61M(65M) 14.187ms
[2020-08-10T13:08:55.139+0300][1474.684s][info ][gc] GC(48420) Pause Young (Allocation Failure) 62M->62M(65M) 14.145ms
[2020-08-10T13:08:55.283+0300][1474.827s][debug][gc] GC(48421) Expanding ParOldGen from 64000K by 11264K to 75264K
[2020-08-10T13:08:55.283+0300][1474.827s][info ][gc] GC(48421) Pause Full (Ergonomics) 62M->62M(76M) 143.627ms
[2020-08-10T13:08:55.310+0300][1474.854s][info ][gc] GC(48422) Pause Young (Allocation Failure) 63M->63M(76M) 25.951ms
[2020-08-10T13:08:55.325+0300][1474.869s][info ][gc] GC(48423) Pause Young (Allocation Failure) 64M->64M(76M) 14.306ms
[2020-08-10T13:08:55.339+0300][1474.884s][info ][gc] GC(48424) Pause Young (Allocation Failure) 65M->65M(76M) 14.213ms
[2020-08-10T13:08:55.354+0300][1474.898s][info ][gc] GC(48425) Pause Young (Allocation Failure) 66M->66M(76M) 14.345ms
[2020-08-10T13:08:55.369+0300][1474.913s][info ][gc] GC(48426) Pause Young (Allocation Failure) 67M->67M(76M) 14.274ms
[2020-08-10T13:08:55.384+0300][1474.928s][info ][gc] GC(48427) Pause Young (Allocation Failure) 68M->68M(76M) 14.295ms
[2020-08-10T13:08:55.399+0300][1474.943s][info ][gc] GC(48428) Pause Young (Allocation Failure) 69M->69M(76M) 14.173ms
[2020-08-10T13:08:55.414+0300][1474.958s][info ][gc] GC(48429) Pause Young (Allocation Failure) 70M->70M(76M) 14.291ms
[2020-08-10T13:08:55.429+0300][1474.973s][info ][gc] GC(48430) Pause Young (Allocation Failure) 71M->71M(76M) 14.294ms
[2020-08-10T13:08:55.444+0300][1474.988s][info ][gc] GC(48431) Pause Young (Allocation Failure) 72M->72M(75M) 14.571ms
[2020-08-10T13:08:55.459+0300][1475.003s][info ][gc] GC(48432) Pause Young (Allocation Failure) 73M->73M(75M) 14.224ms
[2020-08-10T13:08:55.473+0300][1475.018s][info ][gc] GC(48433) Pause Young (Allocation Failure) 74M->74M(75M) 14.246ms
[2020-08-10T13:08:55.648+0300][1475.192s][debug][gc] GC(48434) Expanding ParOldGen from 75264K by 11776K to 87040K
[2020-08-10T13:08:55.648+0300][1475.193s][info ][gc] GC(48434) Pause Full (Ergonomics) 74M->73M(87M) 174.692ms
[2020-08-10T13:08:55.681+0300][1475.226s][info ][gc] GC(48435) Pause Young (Allocation Failure) 74M->74M(87M) 32.625ms
[2020-08-10T13:08:55.696+0300][1475.240s][info ][gc] GC(48436) Pause Young (Allocation Failure) 75M->75M(87M) 14.221ms
[2020-08-10T13:08:55.711+0300][1475.255s][info ][gc] GC(48437) Pause Young (Allocation Failure) 76M->76M(87M) 14.342ms
[2020-08-10T13:08:55.726+0300][1475.270s][info ][gc] GC(48438) Pause Young (Allocation Failure) 77M->77M(87M) 14.074ms
[2020-08-10T13:08:55.741+0300][1475.285s][info ][gc] GC(48439) Pause Young (Allocation Failure) 78M->78M(87M) 14.278ms
[2020-08-10T13:08:55.755+0300][1475.300s][info ][gc] GC(48440) Pause Young (Allocation Failure) 79M->79M(87M) 14.268ms
[2020-08-10T13:08:55.771+0300][1475.315s][info ][gc] GC(48441) Pause Young (Allocation Failure) 80M->80M(87M) 14.735ms
[2020-08-10T13:08:55.785+0300][1475.330s][info ][gc] GC(48442) Pause Young (Allocation Failure) 81M->81M(87M) 14.287ms
[2020-08-10T13:08:55.801+0300][1475.345s][info ][gc] GC(48443) Pause Young (Allocation Failure) 82M->82M(87M) 14.509ms
[2020-08-10T13:08:55.816+0300][1475.360s][info ][gc] GC(48444) Pause Young (Allocation Failure) 83M->83M(87M) 14.374ms
[2020-08-10T13:08:55.831+0300][1475.375s][info ][gc] GC(48445) Pause Young (Allocation Failure) 84M->84M(87M) 14.533ms
[2020-08-10T13:08:55.846+0300][1475.390s][info ][gc] GC(48446) Pause Young (Allocation Failure) 85M->85M(87M) 14.754ms
[2020-08-10T13:08:56.057+0300][1475.601s][debug][gc] GC(48447) Expanding ParOldGen from 87040K by 11264K to 98304K
[2020-08-10T13:08:56.057+0300][1475.602s][info ][gc] GC(48447) Pause Full (Ergonomics) 85M->85M(98M) 211.256ms
[2020-08-10T13:08:56.090+0300][1475.634s][info ][gc] GC(48448) Pause Young (Allocation Failure) 86M->86M(98M) 32.192ms
[2020-08-10T13:08:56.106+0300][1475.650s][info ][gc] GC(48449) Pause Young (Allocation Failure) 87M->87M(98M) 14.765ms
[2020-08-10T13:08:56.121+0300][1475.665s][info ][gc] GC(48450) Pause Young (Allocation Failure) 88M->88M(98M) 14.996ms
[2020-08-10T13:08:56.137+0300][1475.681s][info ][gc] GC(48451) Pause Young (Allocation Failure) 89M->88M(98M) 15.193ms
[2020-08-10T13:08:56.153+0300][1475.697s][info ][gc] GC(48452) Pause Young (Allocation Failure) 89M->89M(98M) 15.160ms
[2020-08-10T13:08:56.168+0300][1475.712s][info ][gc] GC(48453) Pause Young (Allocation Failure) 90M->90M(98M) 14.991ms
[2020-08-10T13:08:56.184+0300][1475.728s][info ][gc] GC(48454) Pause Young (Allocation Failure) 91M->91M(98M) 15.065ms
[2020-08-10T13:08:56.199+0300][1475.744s][info ][gc] GC(48455) Pause Young (Allocation Failure) 92M->92M(98M) 15.378ms
[2020-08-10T13:08:56.215+0300][1475.760s][info ][gc] GC(48456) Pause Young (Allocation Failure) 93M->93M(98M) 15.338ms
[2020-08-10T13:08:56.231+0300][1475.776s][info ][gc] GC(48457) Pause Young (Allocation Failure) 94M->94M(98M) 15.452ms
[2020-08-10T13:08:56.247+0300][1475.792s][info ][gc] GC(48458) Pause Young (Allocation Failure) 95M->95M(98M) 15.378ms
[2020-08-10T13:08:56.263+0300][1475.807s][info ][gc] GC(48459) Pause Young (Allocation Failure) 96M->96M(98M) 15.052ms
[2020-08-10T13:08:56.486+0300][1476.030s][debug][gc] GC(48460) Expanding ParOldGen from 98304K by 11264K to 109568K
[2020-08-10T13:08:56.486+0300][1476.031s][info ][gc] GC(48460) Pause Full (Ergonomics) 96M->96M(109M) 223.245ms
[2020-08-10T13:08:56.525+0300][1476.069s][info ][gc] GC(48461) Pause Young (Allocation Failure) 97M->97M(109M) 37.997ms
[2020-08-10T13:08:56.541+0300][1476.085s][info ][gc] GC(48462) Pause Young (Allocation Failure) 98M->98M(109M) 15.270ms
[2020-08-10T13:08:56.557+0300][1476.101s][info ][gc] GC(48463) Pause Young (Allocation Failure) 99M->99M(109M) 15.345ms
[2020-08-10T13:08:56.589+0300][1476.134s][info ][gc] GC(48464) Pause Young (Allocation Failure) 100M->100M(109M) 32.140ms
[2020-08-10T13:08:56.605+0300][1476.150s][info ][gc] GC(48465) Pause Young (Allocation Failure) 101M->101M(109M) 15.418ms
[2020-08-10T13:08:56.621+0300][1476.166s][info ][gc] GC(48466) Pause Young (Allocation Failure) 102M->102M(109M) 15.509ms
[2020-08-10T13:08:56.638+0300][1476.182s][info ][gc] GC(48467) Pause Young (Allocation Failure) 103M->103M(109M) 15.601ms
[2020-08-10T13:08:56.654+0300][1476.199s][info ][gc] GC(48468) Pause Young (Allocation Failure) 104M->104M(109M) 16.225ms
[2020-08-10T13:08:56.671+0300][1476.215s][info ][gc] GC(48469) Pause Young (Allocation Failure) 105M->105M(109M) 15.722ms
[2020-08-10T13:08:56.687+0300][1476.232s][info ][gc] GC(48470) Pause Young (Allocation Failure) 106M->105M(109M) 15.987ms
[2020-08-10T13:08:56.704+0300][1476.248s][info ][gc] GC(48471) Pause Young (Allocation Failure) 106M->106M(109M) 15.818ms
[2020-08-10T13:08:57.024+0300][1476.568s][debug][gc] GC(48472) Expanding ParOldGen from 109568K by 11264K to 120832K
[2020-08-10T13:08:57.024+0300][1476.568s][info ][gc] GC(48472) Pause Full (Ergonomics) 106M->106M(120M) 320.056ms
[2020-08-10T13:08:57.037+0300][1476.582s][info ][gc] GC(48473) Pause Young (Allocation Failure) 107M->107M(120M) 13.183ms
[2020-08-10T13:08:57.054+0300][1476.598s][info ][gc] GC(48474) Pause Young (Allocation Failure) 108M->108M(120M) 15.854ms
[2020-08-10T13:08:57.070+0300][1476.615s][info ][gc] GC(48475) Pause Young (Allocation Failure) 109M->109M(120M) 15.925ms
[2020-08-10T13:08:57.087+0300][1476.631s][info ][gc] GC(48476) Pause Young (Allocation Failure) 110M->110M(120M) 16.037ms
[2020-08-10T13:08:57.104+0300][1476.648s][info ][gc] GC(48477) Pause Young (Allocation Failure) 111M->111M(120M) 16.147ms
[2020-08-10T13:08:57.120+0300][1476.665s][info ][gc] GC(48478) Pause Young (Allocation Failure) 112M->112M(120M) 16.233ms
[2020-08-10T13:08:57.137+0300][1476.681s][info ][gc] GC(48479) Pause Young (Allocation Failure) 113M->113M(120M) 16.190ms
[2020-08-10T13:08:57.154+0300][1476.698s][info ][gc] GC(48480) Pause Young (Allocation Failure) 114M->114M(120M) 16.446ms
[2020-08-10T13:08:57.171+0300][1476.715s][info ][gc] GC(48481) Pause Young (Allocation Failure) 115M->115M(120M) 16.493ms
[2020-08-10T13:08:57.188+0300][1476.732s][info ][gc] GC(48482) Pause Young (Allocation Failure) 116M->116M(120M) 16.568ms
[2020-08-10T13:08:57.212+0300][1476.756s][info ][gc] GC(48483) Pause Young (Allocation Failure) 117M->117M(120M) 23.458ms
[2020-08-10T13:08:57.229+0300][1476.773s][info ][gc] GC(48484) Pause Young (Allocation Failure) 118M->118M(120M) 16.331ms
[2020-08-10T13:08:57.514+0300][1477.057s][debug][gc] GC(48485) Expanding ParOldGen from 120832K by 11264K to 132096K
[2020-08-10T13:08:57.514+0300][1477.057s][info ][gc] GC(48485) Pause Full (Ergonomics) 118M->118M(131M) 284.279ms
[2020-08-10T13:08:57.546+0300][1477.089s][info ][gc] GC(48486) Pause Young (Allocation Failure) 119M->119M(130M) 31.574ms
[2020-08-10T13:08:57.586+0300][1477.129s][info ][gc] GC(48487) Pause Young (Allocation Failure) 119M->119M(131M) 39.273ms
[2020-08-10T13:08:57.601+0300][1477.145s][info ][gc] GC(48488) Pause Young (Allocation Failure) 120M->120M(131M) 15.337ms
[2020-08-10T13:08:57.616+0300][1477.160s][info ][gc] GC(48489) Pause Young (Allocation Failure) 120M->120M(131M) 14.628ms
[2020-08-10T13:08:57.640+0300][1477.183s][info ][gc] GC(48490) Pause Young (Allocation Failure) 120M->120M(131M) 23.034ms
[2020-08-10T13:08:57.655+0300][1477.198s][info ][gc] GC(48491) Pause Young (Allocation Failure) 121M->121M(131M) 14.817ms
[2020-08-10T13:08:57.670+0300][1477.213s][info ][gc] GC(48492) Pause Young (Allocation Failure) 121M->121M(131M) 14.688ms
[2020-08-10T13:08:57.685+0300][1477.229s][info ][gc] GC(48493) Pause Young (Allocation Failure) 122M->122M(131M) 14.961ms
[2020-08-10T13:08:57.701+0300][1477.244s][info ][gc] GC(48494) Pause Young (Allocation Failure) 122M->122M(131M) 14.940ms
[2020-08-10T13:08:57.717+0300][1477.260s][info ][gc] GC(48495) Pause Young (Allocation Failure) 123M->123M(131M) 15.191ms
[2020-08-10T13:08:57.732+0300][1477.275s][info ][gc] GC(48496) Pause Young (Allocation Failure) 123M->123M(131M) 14.805ms
[2020-08-10T13:08:57.747+0300][1477.290s][info ][gc] GC(48497) Pause Young (Allocation Failure) 124M->124M(131M) 14.923ms
[2020-08-10T13:08:57.762+0300][1477.306s][info ][gc] GC(48498) Pause Young (Allocation Failure) 124M->124M(131M) 14.892ms
[2020-08-10T13:08:57.799+0300][1477.342s][info ][gc] GC(48499) Pause Young (Allocation Failure) 125M->125M(131M) 36.055ms
[2020-08-10T13:08:57.815+0300][1477.358s][info ][gc] GC(48500) Pause Young (Allocation Failure) 125M->125M(131M) 15.361ms
[2020-08-10T13:08:57.847+0300][1477.391s][info ][gc] GC(48501) Pause Young (Allocation Failure) 125M->125M(131M) 32.348ms
[2020-08-10T13:08:57.863+0300][1477.406s][info ][gc] GC(48502) Pause Young (Allocation Failure) 126M->126M(131M) 15.131ms
[2020-08-10T13:08:57.883+0300][1477.427s][info ][gc] GC(48503) Pause Young (Allocation Failure) 126M->126M(130M) 19.924ms
[2020-08-10T13:08:57.900+0300][1477.443s][info ][gc] GC(48504) Pause Young (Allocation Failure) 127M->127M(130M) 16.303ms
[2020-08-10T13:08:57.921+0300][1477.464s][info ][gc] GC(48505) Pause Young (Allocation Failure) 127M->127M(130M) 20.186ms
[2020-08-10T13:08:57.936+0300][1477.480s][info ][gc] GC(48506) Pause Young (Allocation Failure) 128M->128M(130M) 15.364ms
[2020-08-10T13:08:57.952+0300][1477.495s][info ][gc] GC(48507) Pause Young (Allocation Failure) 128M->128M(130M) 15.215ms
[2020-08-10T13:08:57.973+0300][1477.516s][info ][gc] GC(48508) Pause Young (Allocation Failure) 129M->129M(130M) 20.681ms
[2020-08-10T13:08:58.326+0300][1477.869s][debug][gc] GC(48509) Expanding ParOldGen from 132096K by 11264K to 143360K
[2020-08-10T13:08:58.326+0300][1477.869s][info ][gc] GC(48509) Pause Full (Ergonomics) 129M->128M(141M) 352.708ms
[2020-08-10T13:08:58.340+0300][1477.883s][info ][gc] GC(48510) Pause Young (Allocation Failure) 129M->129M(141M) 13.678ms
[2020-08-10T13:08:58.356+0300][1477.899s][info ][gc] GC(48511) Pause Young (Allocation Failure) 129M->129M(141M) 15.317ms
[2020-08-10T13:08:58.371+0300][1477.914s][info ][gc] GC(48512) Pause Young (Allocation Failure) 130M->130M(141M) 14.844ms
[2020-08-10T13:08:58.386+0300][1477.930s][info ][gc] GC(48513) Pause Young (Allocation Failure) 130M->130M(141M) 15.016ms
[2020-08-10T13:08:58.402+0300][1477.945s][info ][gc] GC(48514) Pause Young (Allocation Failure) 131M->131M(141M) 15.435ms
[2020-08-10T13:08:58.443+0300][1477.986s][info ][gc] GC(48515) Pause Young (Allocation Failure) 131M->131M(141M) 40.098ms
[2020-08-10T13:08:58.458+0300][1478.001s][info ][gc] GC(48516) Pause Young (Allocation Failure) 132M->131M(141M) 14.926ms
[2020-08-10T13:08:58.473+0300][1478.017s][info ][gc] GC(48517) Pause Young (Allocation Failure) 132M->132M(141M) 14.998ms
[2020-08-10T13:08:58.489+0300][1478.032s][info ][gc] GC(48518) Pause Young (Allocation Failure) 132M->132M(141M) 15.066ms
[2020-08-10T13:08:58.504+0300][1478.048s][info ][gc] GC(48519) Pause Young (Allocation Failure) 133M->133M(141M) 15.230ms
[2020-08-10T13:08:58.520+0300][1478.063s][info ][gc] GC(48520) Pause Young (Allocation Failure) 133M->133M(141M) 15.328ms
[2020-08-10T13:08:58.536+0300][1478.079s][info ][gc] GC(48521) Pause Young (Allocation Failure) 134M->134M(141M) 15.497ms
[2020-08-10T13:08:58.552+0300][1478.095s][info ][gc] GC(48522) Pause Young (Allocation Failure) 134M->134M(141M) 15.463ms
[2020-08-10T13:08:58.568+0300][1478.111s][info ][gc] GC(48523) Pause Young (Allocation Failure) 135M->135M(141M) 15.430ms
[2020-08-10T13:08:58.604+0300][1478.148s][info ][gc] GC(48524) Pause Young (Allocation Failure) 135M->135M(141M) 36.311ms
[2020-08-10T13:08:58.605+0300][1478.148s][debug][gc] Expanding ParOldGen from 143360K by 19968K to 163328K
[2020-08-10T13:08:58.642+0300][1478.185s][info ][gc] GC(48525) Pause Young (Allocation Failure) 155M->155M(161M) 26.769ms
[2020-08-10T13:08:58.667+0300][1478.211s][info ][gc] GC(48526) Pause Young (Allocation Failure) 155M->155M(161M) 25.431ms
[2020-08-10T13:08:58.693+0300][1478.236s][info ][gc] GC(48527) Pause Young (Allocation Failure) 156M->156M(161M) 25.102ms
[2020-08-10T13:08:58.718+0300][1478.262s][info ][gc] GC(48528) Pause Young (Allocation Failure) 156M->156M(161M) 25.113ms
[2020-08-10T13:08:58.744+0300][1478.287s][info ][gc] GC(48529) Pause Young (Allocation Failure) 156M->156M(161M) 25.276ms
[2020-08-10T13:08:58.769+0300][1478.313s][info ][gc] GC(48530) Pause Young (Allocation Failure) 157M->157M(161M) 25.116ms
[2020-08-10T13:08:58.795+0300][1478.338s][info ][gc] GC(48531) Pause Young (Allocation Failure) 157M->157M(161M) 25.112ms
[2020-08-10T13:08:58.821+0300][1478.364s][info ][gc] GC(48532) Pause Young (Allocation Failure) 158M->158M(161M) 25.511ms
[2020-08-10T13:08:58.846+0300][1478.390s][info ][gc] GC(48533) Pause Young (Allocation Failure) 158M->158M(161M) 25.220ms
[2020-08-10T13:08:58.872+0300][1478.415s][info ][gc] GC(48534) Pause Young (Allocation Failure) 159M->159M(161M) 25.324ms
[2020-08-10T13:08:58.898+0300][1478.441s][info ][gc] GC(48535) Pause Young (Allocation Failure) 159M->159M(161M) 25.142ms
[2020-08-10T13:08:58.955+0300][1478.498s][debug][gc] GC(48536) Shrinking ParOldGen from 163328K by 125952K to 37376K
[2020-08-10T13:08:58.955+0300][1478.498s][info ][gc] GC(48536) Pause Full (Ergonomics) 159M->25M(38M) 57.465ms
[2020-08-10T13:08:58.968+0300][1478.512s][info ][gc] GC(48537) Pause Young (Allocation Failure) 26M->26M(38M) 12.704ms
[2020-08-10T13:08:58.984+0300][1478.528s][info ][gc] GC(48538) Pause Young (Allocation Failure) 26M->26M(38M) 15.700ms
[2020-08-10T13:08:58.997+0300][1478.541s][info ][gc] GC(48539) Pause Young (Allocation Failure) 27M->27M(38M) 12.818ms
[2020-08-10T13:08:59.011+0300][1478.554s][info ][gc] GC(48540) Pause Young (Allocation Failure) 27M->27M(38M) 12.820ms
[2020-08-10T13:08:59.024+0300][1478.567s][info ][gc] GC(48541) Pause Young (Allocation Failure) 28M->28M(38M) 12.843ms
[2020-08-10T13:08:59.037+0300][1478.581s][info ][gc] GC(48542) Pause Young (Allocation Failure) 28M->28M(38M) 12.903ms
[2020-08-10T13:08:59.050+0300][1478.594s][info ][gc] GC(48543) Pause Young (Allocation Failure) 29M->29M(38M) 12.775ms
[2020-08-10T13:08:59.064+0300][1478.607s][info ][gc] GC(48544) Pause Young (Allocation Failure) 29M->29M(38M) 12.845ms
[2020-08-10T13:08:59.077+0300][1478.620s][info ][gc] GC(48545) Pause Young (Allocation Failure) 30M->30M(38M) 12.923ms
[2020-08-10T13:08:59.090+0300][1478.634s][info ][gc] GC(48546) Pause Young (Allocation Failure) 30M->30M(38M) 12.911ms
[2020-08-10T13:08:59.104+0300][1478.647s][info ][gc] GC(48547) Pause Young (Allocation Failure) 31M->30M(38M) 12.907ms
[2020-08-10T13:08:59.117+0300][1478.660s][info ][gc] GC(48548) Pause Young (Allocation Failure) 31M->31M(38M) 12.901ms
[2020-08-10T13:08:59.130+0300][1478.674s][info ][gc] GC(48549) Pause Young (Allocation Failure) 31M->31M(38M) 12.947ms
[2020-08-10T13:08:59.144+0300][1478.687s][info ][gc] GC(48550) Pause Young (Allocation Failure) 32M->32M(38M) 12.966ms
[2020-08-10T13:08:59.157+0300][1478.701s][info ][gc] GC(48551) Pause Young (Allocation Failure) 32M->32M(38M) 12.932ms
[2020-08-10T13:08:59.171+0300][1478.714s][info ][gc] GC(48552) Pause Young (Allocation Failure) 33M->33M(38M) 12.953ms
[2020-08-10T13:08:59.184+0300][1478.727s][info ][gc] GC(48553) Pause Young (Allocation Failure) 33M->33M(38M) 12.753ms
[2020-08-10T13:08:59.197+0300][1478.740s][info ][gc] GC(48554) Pause Young (Allocation Failure) 34M->34M(38M) 12.946ms
[2020-08-10T13:08:59.210+0300][1478.754s][info ][gc] GC(48555) Pause Young (Allocation Failure) 34M->34M(38M) 12.916ms
[2020-08-10T13:08:59.224+0300][1478.767s][info ][gc] GC(48556) Pause Young (Allocation Failure) 35M->35M(38M) 12.858ms
[2020-08-10T13:08:59.237+0300][1478.781s][info ][gc] GC(48557) Pause Young (Allocation Failure) 35M->35M(38M) 13.088ms
[2020-08-10T13:08:59.251+0300][1478.794s][info ][gc] GC(48558) Pause Young (Allocation Failure) 36M->35M(38M) 12.936ms
[2020-08-10T13:08:59.264+0300][1478.808s][info ][gc] GC(48559) Pause Young (Allocation Failure) 36M->36M(38M) 13.215ms
[2020-08-10T13:08:59.332+0300][1478.876s][debug][gc] GC(48560) Expanding ParOldGen from 37376K by 10752K to 48128K
[2020-08-10T13:08:59.332+0300][1478.876s][info ][gc] GC(48560) Pause Full (Ergonomics) 36M->36M(48M) 67.805ms
[2020-08-10T13:08:59.350+0300][1478.893s][info ][gc] GC(48561) Pause Young (Allocation Failure) 37M->37M(49M) 16.993ms
[2020-08-10T13:08:59.364+0300][1478.907s][info ][gc] GC(48562) Pause Young (Allocation Failure) 38M->38M(49M) 13.479ms
[2020-08-10T13:08:59.378+0300][1478.921s][info ][gc] GC(48563) Pause Young (Allocation Failure) 39M->39M(49M) 13.259ms
[2020-08-10T13:08:59.392+0300][1478.935s][info ][gc] GC(48564) Pause Young (Allocation Failure) 40M->40M(49M) 13.476ms
[2020-08-10T13:08:59.406+0300][1478.949s][info ][gc] GC(48565) Pause Young (Allocation Failure) 41M->41M(49M) 13.567ms
[2020-08-10T13:08:59.420+0300][1478.963s][info ][gc] GC(48566) Pause Young (Allocation Failure) 42M->42M(49M) 13.512ms
[2020-08-10T13:08:59.434+0300][1478.977s][info ][gc] GC(48567) Pause Young (Allocation Failure) 43M->43M(49M) 13.437ms
[2020-08-10T13:08:59.448+0300][1478.991s][info ][gc] GC(48568) Pause Young (Allocation Failure) 44M->44M(49M) 13.450ms
[2020-08-10T13:08:59.462+0300][1479.005s][info ][gc] GC(48569) Pause Young (Allocation Failure) 45M->45M(49M) 13.462ms
[2020-08-10T13:08:59.476+0300][1479.019s][info ][gc] GC(48570) Pause Young (Allocation Failure) 46M->46M(49M) 13.573ms
[2020-08-10T13:08:59.490+0300][1479.033s][info ][gc] GC(48571) Pause Young (Allocation Failure) 47M->46M(49M) 13.512ms
[2020-08-10T13:08:59.581+0300][1479.124s][debug][gc] GC(48572) Expanding ParOldGen from 48128K by 11776K to 59904K
[2020-08-10T13:08:59.581+0300][1479.124s][info ][gc] GC(48572) Pause Full (Ergonomics) 46M->46M(61M) 90.941ms
[2020-08-10T13:08:59.594+0300][1479.138s][info ][gc] GC(48573) Pause Young (Allocation Failure) 47M->47M(61M) 12.891ms
[2020-08-10T13:08:59.608+0300][1479.152s][info ][gc] GC(48574) Pause Young (Allocation Failure) 48M->48M(61M) 13.384ms
[2020-08-10T13:08:59.622+0300][1479.165s][info ][gc] GC(48575) Pause Young (Allocation Failure) 49M->49M(61M) 13.295ms
[2020-08-10T13:08:59.636+0300][1479.179s][info ][gc] GC(48576) Pause Young (Allocation Failure) 50M->50M(61M) 13.249ms
[2020-08-10T13:08:59.650+0300][1479.193s][info ][gc] GC(48577) Pause Young (Allocation Failure) 51M->51M(61M) 13.466ms
[2020-08-10T13:08:59.663+0300][1479.207s][info ][gc] GC(48578) Pause Young (Allocation Failure) 52M->52M(61M) 13.384ms
[2020-08-10T13:08:59.678+0300][1479.221s][info ][gc] GC(48579) Pause Young (Allocation Failure) 53M->53M(61M) 13.474ms
[2020-08-10T13:08:59.691+0300][1479.235s][info ][gc] GC(48580) Pause Young (Allocation Failure) 54M->54M(61M) 13.403ms
[2020-08-10T13:08:59.705+0300][1479.249s][info ][gc] GC(48581) Pause Young (Allocation Failure) 55M->55M(61M) 13.541ms
[2020-08-10T13:08:59.719+0300][1479.263s][info ][gc] GC(48582) Pause Young (Allocation Failure) 56M->56M(61M) 13.376ms
[2020-08-10T13:08:59.733+0300][1479.277s][info ][gc] GC(48583) Pause Young (Allocation Failure) 57M->57M(61M) 13.527ms
[2020-08-10T13:08:59.747+0300][1479.290s][info ][gc] GC(48584) Pause Young (Allocation Failure) 58M->58M(61M) 13.278ms
[2020-08-10T13:08:59.871+0300][1479.415s][debug][gc] GC(48585) Expanding ParOldGen from 59904K by 11264K to 71168K
[2020-08-10T13:08:59.872+0300][1479.415s][info ][gc] GC(48585) Pause Full (Ergonomics) 58M->58M(72M) 124.387ms
[2020-08-10T13:08:59.885+0300][1479.428s][info ][gc] GC(48586) Pause Young (Allocation Failure) 59M->59M(72M) 13.041ms
[2020-08-10T13:08:59.899+0300][1479.442s][info ][gc] GC(48587) Pause Young (Allocation Failure) 60M->59M(72M) 13.409ms
[2020-08-10T13:08:59.913+0300][1479.457s][info ][gc] GC(48588) Pause Young (Allocation Failure) 60M->60M(72M) 13.537ms
[2020-08-10T13:08:59.927+0300][1479.471s][info ][gc] GC(48589) Pause Young (Allocation Failure) 61M->61M(72M) 13.543ms
[2020-08-10T13:08:59.941+0300][1479.485s][info ][gc] GC(48590) Pause Young (Allocation Failure) 62M->62M(72M) 13.354ms
[2020-08-10T13:08:59.955+0300][1479.499s][info ][gc] GC(48591) Pause Young (Allocation Failure) 63M->63M(72M) 13.654ms
[2020-08-10T13:08:59.969+0300][1479.513s][info ][gc] GC(48592) Pause Young (Allocation Failure) 64M->64M(72M) 13.548ms
[2020-08-10T13:08:59.983+0300][1479.527s][info ][gc] GC(48593) Pause Young (Allocation Failure) 65M->65M(72M) 13.447ms
[2020-08-10T13:08:59.997+0300][1479.541s][info ][gc] GC(48594) Pause Young (Allocation Failure) 66M->66M(72M) 13.427ms
[2020-08-10T13:09:00.011+0300][1479.555s][info ][gc] GC(48595) Pause Young (Allocation Failure) 67M->67M(72M) 13.497ms
[2020-08-10T13:09:00.025+0300][1479.569s][info ][gc] GC(48596) Pause Young (Allocation Failure) 68M->68M(72M) 13.641ms
[2020-08-10T13:09:00.039+0300][1479.583s][info ][gc] GC(48597) Pause Young (Allocation Failure) 69M->69M(72M) 13.476ms
[2020-08-10T13:09:00.194+0300][1479.738s][debug][gc] GC(48598) Expanding ParOldGen from 71168K by 11776K to 82944K
[2020-08-10T13:09:00.194+0300][1479.738s][info ][gc] GC(48598) Pause Full (Ergonomics) 69M->69M(83M) 154.895ms
[2020-08-10T13:09:00.208+0300][1479.751s][info ][gc] GC(48599) Pause Young (Allocation Failure) 70M->70M(83M) 13.058ms
[2020-08-10T13:09:00.233+0300][1479.776s][info ][gc] GC(48600) Pause Young (Allocation Failure) 71M->71M(83M) 24.356ms
[2020-08-10T13:09:00.247+0300][1479.790s][info ][gc] GC(48601) Pause Young (Allocation Failure) 72M->72M(83M) 13.495ms
[2020-08-10T13:09:00.261+0300][1479.804s][info ][gc] GC(48602) Pause Young (Allocation Failure) 73M->73M(83M) 13.587ms
[2020-08-10T13:09:00.275+0300][1479.819s][info ][gc] GC(48603) Pause Young (Allocation Failure) 74M->74M(83M) 13.620ms
[2020-08-10T13:09:00.289+0300][1479.833s][info ][gc] GC(48604) Pause Young (Allocation Failure) 75M->75M(83M) 13.521ms
[2020-08-10T13:09:00.303+0300][1479.846s][info ][gc] GC(48605) Pause Young (Allocation Failure) 76M->76M(83M) 13.451ms
[2020-08-10T13:09:00.317+0300][1479.861s][info ][gc] GC(48606) Pause Young (Allocation Failure) 77M->76M(83M) 13.557ms
[2020-08-10T13:09:00.331+0300][1479.875s][info ][gc] GC(48607) Pause Young (Allocation Failure) 77M->77M(83M) 13.662ms
[2020-08-10T13:09:00.345+0300][1479.889s][info ][gc] GC(48608) Pause Young (Allocation Failure) 78M->78M(83M) 13.638ms
[2020-08-10T13:09:00.360+0300][1479.903s][info ][gc] GC(48609) Pause Young (Allocation Failure) 79M->79M(83M) 13.524ms
[2020-08-10T13:09:00.374+0300][1479.917s][info ][gc] GC(48610) Pause Young (Allocation Failure) 80M->80M(83M) 13.710ms
[2020-08-10T13:09:00.388+0300][1479.931s][info ][gc] GC(48611) Pause Young (Allocation Failure) 81M->81M(83M) 13.554ms
[2020-08-10T13:09:00.582+0300][1480.126s][debug][gc] GC(48612) Expanding ParOldGen from 82944K by 11264K to 94208K
[2020-08-10T13:09:00.583+0300][1480.126s][info ][gc] GC(48612) Pause Full (Ergonomics) 81M->81M(94M) 194.579ms
[2020-08-10T13:09:00.615+0300][1480.159s][info ][gc] GC(48613) Pause Young (Allocation Failure) 82M->82M(94M) 31.951ms
[2020-08-10T13:09:00.630+0300][1480.173s][info ][gc] GC(48614) Pause Young (Allocation Failure) 83M->83M(94M) 14.403ms
[2020-08-10T13:09:00.644+0300][1480.188s][info ][gc] GC(48615) Pause Young (Allocation Failure) 84M->84M(94M) 13.914ms
[2020-08-10T13:09:00.659+0300][1480.202s][info ][gc] GC(48616) Pause Young (Allocation Failure) 85M->85M(94M) 14.029ms
[2020-08-10T13:09:00.674+0300][1480.217s][info ][gc] GC(48617) Pause Young (Allocation Failure) 86M->86M(94M) 14.189ms
[2020-08-10T13:09:00.689+0300][1480.232s][info ][gc] GC(48618) Pause Young (Allocation Failure) 87M->87M(94M) 14.336ms
[2020-08-10T13:09:00.704+0300][1480.247s][info ][gc] GC(48619) Pause Young (Allocation Failure) 88M->88M(94M) 14.559ms
[2020-08-10T13:09:00.719+0300][1480.262s][info ][gc] GC(48620) Pause Young (Allocation Failure) 89M->89M(94M) 14.382ms
[2020-08-10T13:09:00.734+0300][1480.277s][info ][gc] GC(48621) Pause Young (Allocation Failure) 90M->90M(94M) 14.579ms
[2020-08-10T13:09:00.749+0300][1480.292s][info ][gc] GC(48622) Pause Young (Allocation Failure) 91M->91M(94M) 14.798ms
[2020-08-10T13:09:00.764+0300][1480.308s][info ][gc] GC(48623) Pause Young (Allocation Failure) 92M->92M(94M) 14.995ms
[2020-08-10T13:09:00.986+0300][1480.530s][debug][gc] GC(48624) Expanding ParOldGen from 94208K by 11264K to 105472K
[2020-08-10T13:09:00.987+0300][1480.530s][info ][gc] GC(48624) Pause Full (Ergonomics) 92M->91M(104M) 221.840ms
[2020-08-10T13:09:01.000+0300][1480.544s][info ][gc] GC(48625) Pause Young (Allocation Failure) 92M->92M(105M) 13.146ms
[2020-08-10T13:09:01.015+0300][1480.559s][info ][gc] GC(48626) Pause Young (Allocation Failure) 93M->93M(105M) 14.588ms
[2020-08-10T13:09:01.030+0300][1480.574s][info ][gc] GC(48627) Pause Young (Allocation Failure) 94M->94M(105M) 14.650ms
[2020-08-10T13:09:01.046+0300][1480.589s][info ][gc] GC(48628) Pause Young (Allocation Failure) 95M->95M(105M) 14.729ms
[2020-08-10T13:09:01.061+0300][1480.604s][info ][gc] GC(48629) Pause Young (Allocation Failure) 96M->96M(105M) 14.573ms
[2020-08-10T13:09:01.076+0300][1480.620s][info ][gc] GC(48630) Pause Young (Allocation Failure) 97M->97M(105M) 14.798ms
[2020-08-10T13:09:01.092+0300][1480.635s][info ][gc] GC(48631) Pause Young (Allocation Failure) 98M->98M(105M) 14.982ms
[2020-08-10T13:09:01.107+0300][1480.650s][info ][gc] GC(48632) Pause Young (Allocation Failure) 99M->99M(105M) 15.013ms
[2020-08-10T13:09:01.123+0300][1480.666s][info ][gc] GC(48633) Pause Young (Allocation Failure) 100M->100M(105M) 15.267ms
[2020-08-10T13:09:01.138+0300][1480.682s][info ][gc] GC(48634) Pause Young (Allocation Failure) 101M->101M(105M) 15.313ms
[2020-08-10T13:09:01.154+0300][1480.698s][info ][gc] GC(48635) Pause Young (Allocation Failure) 102M->102M(105M) 15.434ms
[2020-08-10T13:09:01.170+0300][1480.714s][info ][gc] GC(48636) Pause Young (Allocation Failure) 103M->103M(105M) 15.370ms
[2020-08-10T13:09:01.414+0300][1480.957s][debug][gc] GC(48637) Expanding ParOldGen from 105472K by 11264K to 116736K
[2020-08-10T13:09:01.414+0300][1480.958s][info ][gc] GC(48637) Pause Full (Ergonomics) 103M->103M(116M) 243.822ms
[2020-08-10T13:09:01.450+0300][1480.994s][info ][gc] GC(48638) Pause Young (Allocation Failure) 104M->104M(116M) 35.336ms
[2020-08-10T13:09:01.466+0300][1481.010s][info ][gc] GC(48639) Pause Young (Allocation Failure) 105M->105M(116M) 15.812ms
[2020-08-10T13:09:01.483+0300][1481.027s][info ][gc] GC(48640) Pause Young (Allocation Failure) 106M->106M(116M) 15.987ms
[2020-08-10T13:09:01.500+0300][1481.043s][info ][gc] GC(48641) Pause Young (Allocation Failure) 107M->107M(116M) 15.943ms
[2020-08-10T13:09:01.517+0300][1481.060s][info ][gc] GC(48642) Pause Young (Allocation Failure) 108M->107M(116M) 16.277ms
[2020-08-10T13:09:01.533+0300][1481.077s][info ][gc] GC(48643) Pause Young (Allocation Failure) 108M->108M(116M) 16.337ms
[2020-08-10T13:09:01.551+0300][1481.094s][info ][gc] GC(48644) Pause Young (Allocation Failure) 109M->109M(116M) 16.469ms
[2020-08-10T13:09:01.568+0300][1481.111s][info ][gc] GC(48645) Pause Young (Allocation Failure) 110M->110M(116M) 16.366ms
[2020-08-10T13:09:01.584+0300][1481.128s][info ][gc] GC(48646) Pause Young (Allocation Failure) 111M->111M(116M) 16.430ms
[2020-08-10T13:09:01.601+0300][1481.145s][info ][gc] GC(48647) Pause Young (Allocation Failure) 112M->112M(116M) 16.451ms
[2020-08-10T13:09:01.618+0300][1481.162s][info ][gc] GC(48648) Pause Young (Allocation Failure) 113M->113M(116M) 16.590ms
[2020-08-10T13:09:01.636+0300][1481.179s][info ][gc] GC(48649) Pause Young (Allocation Failure) 114M->114M(116M) 16.788ms
[2020-08-10T13:09:01.909+0300][1481.452s][debug][gc] GC(48650) Expanding ParOldGen from 116736K by 11264K to 128000K
[2020-08-10T13:09:01.909+0300][1481.453s][info ][gc] GC(48650) Pause Full (Ergonomics) 114M->114M(127M) 273.330ms
[2020-08-10T13:09:01.942+0300][1481.485s][info ][gc] GC(48651) Pause Young (Allocation Failure) 115M->115M(127M) 32.103ms
[2020-08-10T13:09:01.960+0300][1481.503s][info ][gc] GC(48652) Pause Young (Allocation Failure) 116M->116M(127M) 17.358ms
[2020-08-10T13:09:01.978+0300][1481.521s][info ][gc] GC(48653) Pause Young (Allocation Failure) 117M->117M(127M) 17.405ms
[2020-08-10T13:09:01.996+0300][1481.539s][info ][gc] GC(48654) Pause Young (Allocation Failure) 118M->118M(126M) 17.558ms
[2020-08-10T13:09:02.012+0300][1481.556s][info ][gc] GC(48655) Pause Young (Allocation Failure) 118M->118M(127M) 16.032ms
[2020-08-10T13:09:02.027+0300][1481.571s][info ][gc] GC(48656) Pause Young (Allocation Failure) 119M->119M(127M) 14.568ms
[2020-08-10T13:09:02.042+0300][1481.585s][info ][gc] GC(48657) Pause Young (Allocation Failure) 119M->119M(127M) 14.374ms
[2020-08-10T13:09:02.057+0300][1481.600s][info ][gc] GC(48658) Pause Young (Allocation Failure) 120M->120M(127M) 14.461ms
[2020-08-10T13:09:02.071+0300][1481.615s][info ][gc] GC(48659) Pause Young (Allocation Failure) 120M->120M(127M) 14.688ms
[2020-08-10T13:09:02.110+0300][1481.653s][info ][gc] GC(48660) Pause Young (Allocation Failure) 121M->121M(127M) 37.767ms
[2020-08-10T13:09:02.137+0300][1481.681s][info ][gc] GC(48661) Pause Young (Allocation Failure) 121M->121M(127M) 27.323ms
[2020-08-10T13:09:02.155+0300][1481.698s][info ][gc] GC(48662) Pause Young (Allocation Failure) 122M->122M(127M) 16.872ms
[2020-08-10T13:09:02.184+0300][1481.728s][info ][gc] GC(48663) Pause Young (Allocation Failure) 122M->122M(127M) 29.031ms
[2020-08-10T13:09:02.199+0300][1481.743s][info ][gc] GC(48664) Pause Young (Allocation Failure) 123M->122M(127M) 14.653ms
[2020-08-10T13:09:02.214+0300][1481.758s][info ][gc] GC(48665) Pause Young (Allocation Failure) 123M->123M(127M) 14.758ms
[2020-08-10T13:09:02.229+0300][1481.773s][info ][gc] GC(48666) Pause Young (Allocation Failure) 123M->123M(127M) 14.760ms
[2020-08-10T13:09:02.245+0300][1481.788s][info ][gc] GC(48667) Pause Young (Allocation Failure) 124M->124M(127M) 14.940ms
[2020-08-10T13:09:02.260+0300][1481.803s][info ][gc] GC(48668) Pause Young (Allocation Failure) 124M->124M(127M) 14.727ms
[2020-08-10T13:09:02.581+0300][1482.124s][debug][gc] GC(48669) Expanding ParOldGen from 128000K by 11264K to 139264K
[2020-08-10T13:09:02.581+0300][1482.124s][info ][gc] GC(48669) Pause Full (Ergonomics) 124M->124M(138M) 320.920ms
[2020-08-10T13:09:02.595+0300][1482.138s][info ][gc] GC(48670) Pause Young (Allocation Failure) 125M->125M(138M) 13.473ms
[2020-08-10T13:09:02.612+0300][1482.156s][info ][gc] GC(48671) Pause Young (Allocation Failure) 125M->125M(138M) 17.138ms
[2020-08-10T13:09:02.627+0300][1482.171s][info ][gc] GC(48672) Pause Young (Allocation Failure) 126M->125M(137M) 14.598ms
[2020-08-10T13:09:02.642+0300][1482.186s][info ][gc] GC(48673) Pause Young (Allocation Failure) 126M->126M(137M) 14.741ms
[2020-08-10T13:09:02.680+0300][1482.224s][info ][gc] GC(48674) Pause Young (Allocation Failure) 126M->126M(137M) 37.959ms
[2020-08-10T13:09:02.708+0300][1482.251s][info ][gc] GC(48675) Pause Young (Allocation Failure) 127M->127M(137M) 26.959ms
[2020-08-10T13:09:02.723+0300][1482.267s][info ][gc] GC(48676) Pause Young (Allocation Failure) 127M->127M(137M) 14.806ms
[2020-08-10T13:09:02.740+0300][1482.283s][info ][gc] GC(48677) Pause Young (Allocation Failure) 128M->128M(137M) 16.486ms
[2020-08-10T13:09:02.755+0300][1482.299s][info ][gc] GC(48678) Pause Young (Allocation Failure) 128M->128M(137M) 14.961ms
[2020-08-10T13:09:02.770+0300][1482.314s][info ][gc] GC(48679) Pause Young (Allocation Failure) 129M->129M(137M) 14.766ms
[2020-08-10T13:09:02.786+0300][1482.329s][info ][gc] GC(48680) Pause Young (Allocation Failure) 129M->129M(137M) 14.904ms
[2020-08-10T13:09:02.801+0300][1482.345s][info ][gc] GC(48681) Pause Young (Allocation Failure) 130M->130M(137M) 15.157ms
[2020-08-10T13:09:02.817+0300][1482.360s][info ][gc] GC(48682) Pause Young (Allocation Failure) 130M->130M(137M) 15.154ms
[2020-08-10T13:09:02.859+0300][1482.403s][info ][gc] GC(48683) Pause Young (Allocation Failure) 131M->131M(137M) 41.717ms
[2020-08-10T13:09:02.894+0300][1482.437s][info ][gc] GC(48684) Pause Young (Allocation Failure) 131M->131M(137M) 34.422ms
[2020-08-10T13:09:02.910+0300][1482.453s][info ][gc] GC(48685) Pause Young (Allocation Failure) 131M->131M(137M) 15.316ms
[2020-08-10T13:09:02.926+0300][1482.469s][info ][gc] GC(48686) Pause Young (Allocation Failure) 132M->132M(137M) 15.386ms
[2020-08-10T13:09:02.949+0300][1482.492s][info ][gc] GC(48687) Pause Young (Allocation Failure) 132M->132M(137M) 22.725ms
[2020-08-10T13:09:02.965+0300][1482.509s][info ][gc] GC(48688) Pause Young (Allocation Failure) 133M->133M(137M) 15.924ms
[2020-08-10T13:09:02.981+0300][1482.524s][info ][gc] GC(48689) Pause Young (Allocation Failure) 133M->133M(137M) 15.116ms
[2020-08-10T13:09:03.004+0300][1482.547s][info ][gc] GC(48690) Pause Young (Allocation Failure) 134M->134M(137M) 22.850ms
[2020-08-10T13:09:03.019+0300][1482.563s][info ][gc] GC(48691) Pause Young (Allocation Failure) 134M->134M(137M) 15.183ms
[2020-08-10T13:09:03.035+0300][1482.578s][info ][gc] GC(48692) Pause Young (Allocation Failure) 135M->135M(137M) 15.073ms
[2020-08-10T13:09:03.073+0300][1482.617s][info ][gc] GC(48693) Pause Young (Allocation Failure) 135M->135M(137M) 38.102ms
[2020-08-10T13:09:03.073+0300][1482.617s][debug][gc] Expanding ParOldGen from 139264K by 19968K to 159232K
[2020-08-10T13:09:03.105+0300][1482.649s][info ][gc] GC(48694) Pause Young (Allocation Failure) 155M->155M(157M) 15.498ms
[2020-08-10T13:09:03.120+0300][1482.663s][info ][gc] GC(48695) Pause Young (Allocation Failure) 155M->155M(157M) 13.959ms
[2020-08-10T13:09:03.133+0300][1482.677s][info ][gc] GC(48696) Pause Young (Allocation Failure) 155M->155M(157M) 12.903ms
[2020-08-10T13:09:03.172+0300][1482.716s][debug][gc] GC(48697) Shrinking ParOldGen from 159232K by 125440K to 33792K
[2020-08-10T13:09:03.172+0300][1482.716s][info ][gc] GC(48697) Pause Full (Ergonomics) 155M->22M(34M) 38.936ms
[2020-08-10T13:09:03.185+0300][1482.728s][info ][gc] GC(48698) Pause Young (Allocation Failure) 22M->22M(34M) 12.511ms
[2020-08-10T13:09:03.198+0300][1482.742s][info ][gc] GC(48699) Pause Young (Allocation Failure) 23M->22M(34M) 12.760ms
[2020-08-10T13:09:03.211+0300][1482.755s][info ][gc] GC(48700) Pause Young (Allocation Failure) 23M->23M(34M) 12.927ms
[2020-08-10T13:09:03.225+0300][1482.768s][info ][gc] GC(48701) Pause Young (Allocation Failure) 23M->23M(34M) 12.873ms
[2020-08-10T13:09:03.238+0300][1482.782s][info ][gc] GC(48702) Pause Young (Allocation Failure) 24M->24M(34M) 12.996ms
[2020-08-10T13:09:03.251+0300][1482.795s][info ][gc] GC(48703) Pause Young (Allocation Failure) 24M->24M(34M) 12.959ms
[2020-08-10T13:09:03.265+0300][1482.808s][info ][gc] GC(48704) Pause Young (Allocation Failure) 25M->25M(34M) 12.832ms
[2020-08-10T13:09:03.278+0300][1482.822s][info ][gc] GC(48705) Pause Young (Allocation Failure) 25M->25M(34M) 12.888ms
[2020-08-10T13:09:03.291+0300][1482.835s][info ][gc] GC(48706) Pause Young (Allocation Failure) 26M->26M(34M) 12.954ms
[2020-08-10T13:09:03.305+0300][1482.848s][info ][gc] GC(48707) Pause Young (Allocation Failure) 26M->26M(34M) 12.983ms
[2020-08-10T13:09:03.318+0300][1482.862s][info ][gc] GC(48708) Pause Young (Allocation Failure) 27M->27M(34M) 12.931ms
[2020-08-10T13:09:03.332+0300][1482.875s][info ][gc] GC(48709) Pause Young (Allocation Failure) 27M->27M(34M) 12.886ms
[2020-08-10T13:09:03.345+0300][1482.889s][info ][gc] GC(48710) Pause Young (Allocation Failure) 28M->28M(34M) 12.947ms
[2020-08-10T13:09:03.358+0300][1482.902s][info ][gc] GC(48711) Pause Young (Allocation Failure) 28M->28M(34M) 12.929ms
[2020-08-10T13:09:03.372+0300][1482.915s][info ][gc] GC(48712) Pause Young (Allocation Failure) 29M->28M(34M) 12.899ms
[2020-08-10T13:09:03.385+0300][1482.929s][info ][gc] GC(48713) Pause Young (Allocation Failure) 29M->29M(34M) 12.828ms
[2020-08-10T13:09:03.398+0300][1482.942s][info ][gc] GC(48714) Pause Young (Allocation Failure) 29M->29M(34M) 12.960ms
[2020-08-10T13:09:03.412+0300][1482.956s][info ][gc] GC(48715) Pause Young (Allocation Failure) 30M->30M(34M) 12.966ms
[2020-08-10T13:09:03.425+0300][1482.969s][info ][gc] GC(48716) Pause Young (Allocation Failure) 30M->30M(34M) 12.927ms
[2020-08-10T13:09:03.439+0300][1482.982s][info ][gc] GC(48717) Pause Young (Allocation Failure) 31M->31M(34M) 12.966ms
[2020-08-10T13:09:03.452+0300][1482.996s][info ][gc] GC(48718) Pause Young (Allocation Failure) 31M->31M(34M) 12.983ms
[2020-08-10T13:09:03.465+0300][1483.009s][info ][gc] GC(48719) Pause Young (Allocation Failure) 32M->32M(34M) 12.936ms
[2020-08-10T13:09:03.479+0300][1483.022s][info ][gc] GC(48720) Pause Young (Allocation Failure) 32M->32M(34M) 13.013ms
[2020-08-10T13:09:03.485+0300][1483.029s][debug][gc] GC(48721) Expanding ParOldGen from 33792K by 512K to 34304K
[2020-08-10T13:09:03.493+0300][1483.036s][info ][gc] GC(48721) Pause Young (Allocation Failure) 33M->33M(35M) 13.118ms
[2020-08-10T13:09:03.549+0300][1483.092s][debug][gc] GC(48722) Expanding ParOldGen from 34304K by 10752K to 45056K
[2020-08-10T13:09:03.549+0300][1483.093s][info ][gc] GC(48722) Pause Full (Ergonomics) 33M->33M(46M) 56.350ms
[2020-08-10T13:09:03.562+0300][1483.106s][info ][gc] GC(48723) Pause Young (Allocation Failure) 34M->34M(46M) 12.964ms
[2020-08-10T13:09:03.577+0300][1483.120s][info ][gc] GC(48724) Pause Young (Allocation Failure) 35M->35M(45M) 13.433ms
[2020-08-10T13:09:03.590+0300][1483.134s][info ][gc] GC(48725) Pause Young (Allocation Failure) 35M->35M(46M) 13.280ms
[2020-08-10T13:09:03.604+0300][1483.147s][info ][gc] GC(48726) Pause Young (Allocation Failure) 36M->36M(46M) 13.048ms
[2020-08-10T13:09:03.617+0300][1483.161s][info ][gc] GC(48727) Pause Young (Allocation Failure) 36M->36M(45M) 12.998ms
[2020-08-10T13:09:03.630+0300][1483.174s][info ][gc] GC(48728) Pause Young (Allocation Failure) 37M->37M(45M) 12.911ms
[2020-08-10T13:09:03.644+0300][1483.187s][info ][gc] GC(48729) Pause Young (Allocation Failure) 37M->37M(45M) 12.945ms
[2020-08-10T13:09:03.657+0300][1483.201s][info ][gc] GC(48730) Pause Young (Allocation Failure) 37M->37M(45M) 12.949ms
[2020-08-10T13:09:03.671+0300][1483.214s][info ][gc] GC(48731) Pause Young (Allocation Failure) 38M->38M(45M) 12.999ms
[2020-08-10T13:09:03.684+0300][1483.228s][info ][gc] GC(48732) Pause Young (Allocation Failure) 38M->38M(45M) 12.974ms
[2020-08-10T13:09:03.697+0300][1483.241s][info ][gc] GC(48733) Pause Young (Allocation Failure) 39M->39M(45M) 12.887ms
[2020-08-10T13:09:03.711+0300][1483.254s][info ][gc] GC(48734) Pause Young (Allocation Failure) 39M->39M(45M) 12.973ms
[2020-08-10T13:09:03.725+0300][1483.269s][info ][gc] GC(48735) Pause Young (Allocation Failure) 40M->40M(45M) 13.789ms
[2020-08-10T13:09:03.738+0300][1483.282s][info ][gc] GC(48736) Pause Young (Allocation Failure) 40M->40M(45M) 12.939ms
[2020-08-10T13:09:03.752+0300][1483.295s][info ][gc] GC(48737) Pause Young (Allocation Failure) 41M->41M(45M) 12.883ms
[2020-08-10T13:09:03.765+0300][1483.309s][info ][gc] GC(48738) Pause Young (Allocation Failure) 41M->41M(45M) 12.921ms
[2020-08-10T13:09:03.778+0300][1483.322s][info ][gc] GC(48739) Pause Young (Allocation Failure) 42M->42M(45M) 12.911ms
[2020-08-10T13:09:03.792+0300][1483.335s][info ][gc] GC(48740) Pause Young (Allocation Failure) 42M->42M(45M) 12.936ms
[2020-08-10T13:09:03.805+0300][1483.349s][info ][gc] GC(48741) Pause Young (Allocation Failure) 43M->42M(45M) 12.940ms
[2020-08-10T13:09:03.819+0300][1483.362s][info ][gc] GC(48742) Pause Young (Allocation Failure) 43M->43M(45M) 13.000ms
[2020-08-10T13:09:03.832+0300][1483.376s][info ][gc] GC(48743) Pause Young (Allocation Failure) 43M->43M(45M) 12.915ms
[2020-08-10T13:09:03.919+0300][1483.463s][debug][gc] GC(48744) Expanding ParOldGen from 45056K by 10752K to 55808K
[2020-08-10T13:09:03.920+0300][1483.463s][info ][gc] GC(48744) Pause Full (Ergonomics) 43M->43M(56M) 87.417ms
[2020-08-10T13:09:03.933+0300][1483.476s][info ][gc] GC(48745) Pause Young (Allocation Failure) 44M->44M(56M) 12.823ms
[2020-08-10T13:09:03.946+0300][1483.490s][info ][gc] GC(48746) Pause Young (Allocation Failure) 44M->44M(56M) 12.987ms
[2020-08-10T13:09:03.960+0300][1483.503s][info ][gc] GC(48747) Pause Young (Allocation Failure) 45M->45M(56M) 12.933ms
[2020-08-10T13:09:03.973+0300][1483.517s][info ][gc] GC(48748) Pause Young (Allocation Failure) 45M->45M(56M) 12.972ms
[2020-08-10T13:09:03.986+0300][1483.530s][info ][gc] GC(48749) Pause Young (Allocation Failure) 46M->46M(56M) 12.878ms
[2020-08-10T13:09:04.000+0300][1483.543s][info ][gc] GC(48750) Pause Young (Allocation Failure) 46M->46M(56M) 12.894ms
[2020-08-10T13:09:04.013+0300][1483.557s][info ][gc] GC(48751) Pause Young (Allocation Failure) 46M->46M(56M) 12.979ms
[2020-08-10T13:09:04.026+0300][1483.570s][info ][gc] GC(48752) Pause Young (Allocation Failure) 47M->47M(56M) 12.934ms
[2020-08-10T13:09:04.040+0300][1483.583s][info ][gc] GC(48753) Pause Young (Allocation Failure) 47M->47M(56M) 13.022ms
[2020-08-10T13:09:04.053+0300][1483.597s][info ][gc] GC(48754) Pause Young (Allocation Failure) 48M->48M(56M) 12.933ms
[2020-08-10T13:09:04.067+0300][1483.610s][info ][gc] GC(48755) Pause Young (Allocation Failure) 48M->48M(56M) 12.968ms
[2020-08-10T13:09:04.080+0300][1483.624s][info ][gc] GC(48756) Pause Young (Allocation Failure) 49M->49M(56M) 12.995ms
[2020-08-10T13:09:04.094+0300][1483.637s][info ][gc] GC(48757) Pause Young (Allocation Failure) 49M->49M(56M) 13.052ms
[2020-08-10T13:09:04.107+0300][1483.651s][info ][gc] GC(48758) Pause Young (Allocation Failure) 50M->50M(56M) 12.982ms
[2020-08-10T13:09:04.120+0300][1483.664s][info ][gc] GC(48759) Pause Young (Allocation Failure) 50M->50M(56M) 12.981ms
[2020-08-10T13:09:04.134+0300][1483.677s][info ][gc] GC(48760) Pause Young (Allocation Failure) 51M->51M(56M) 12.944ms
[2020-08-10T13:09:04.147+0300][1483.691s][info ][gc] GC(48761) Pause Young (Allocation Failure) 51M->51M(56M) 13.105ms
[2020-08-10T13:09:04.161+0300][1483.704s][info ][gc] GC(48762) Pause Young (Allocation Failure) 52M->52M(56M) 12.968ms
[2020-08-10T13:09:04.174+0300][1483.718s][info ][gc] GC(48763) Pause Young (Allocation Failure) 52M->52M(56M) 13.012ms
[2020-08-10T13:09:04.187+0300][1483.731s][info ][gc] GC(48764) Pause Young (Allocation Failure) 52M->52M(56M) 12.972ms
[2020-08-10T13:09:04.201+0300][1483.744s][info ][gc] GC(48765) Pause Young (Allocation Failure) 53M->53M(56M) 12.853ms
[2020-08-10T13:09:04.214+0300][1483.758s][info ][gc] GC(48766) Pause Young (Allocation Failure) 53M->53M(56M) 12.879ms
[2020-08-10T13:09:04.227+0300][1483.771s][info ][gc] GC(48767) Pause Young (Allocation Failure) 54M->54M(56M) 13.009ms
[2020-08-10T13:09:04.241+0300][1483.785s][info ][gc] GC(48768) Pause Young (Allocation Failure) 54M->54M(56M) 13.013ms
[2020-08-10T13:09:04.365+0300][1483.908s][debug][gc] GC(48769) Expanding ParOldGen from 55808K by 10752K to 66560K
[2020-08-10T13:09:04.365+0300][1483.908s][info ][gc] GC(48769) Pause Full (Ergonomics) 54M->54M(66M) 123.690ms
[2020-08-10T13:09:04.386+0300][1483.930s][info ][gc] GC(48770) Pause Young (Allocation Failure) 55M->55M(66M) 21.343ms
[2020-08-10T13:09:04.400+0300][1483.944s][info ][gc] GC(48771) Pause Young (Allocation Failure) 55M->55M(66M) 13.178ms
[2020-08-10T13:09:04.414+0300][1483.958s][info ][gc] GC(48772) Pause Young (Allocation Failure) 56M->56M(66M) 13.476ms
[2020-08-10T13:09:04.428+0300][1483.972s][info ][gc] GC(48773) Pause Young (Allocation Failure) 57M->57M(67M) 13.407ms
[2020-08-10T13:09:04.442+0300][1483.986s][info ][gc] GC(48774) Pause Young (Allocation Failure) 58M->58M(67M) 13.583ms
[2020-08-10T13:09:04.456+0300][1484.000s][info ][gc] GC(48775) Pause Young (Allocation Failure) 59M->59M(67M) 13.605ms
[2020-08-10T13:09:04.470+0300][1484.014s][info ][gc] GC(48776) Pause Young (Allocation Failure) 60M->60M(67M) 13.640ms
[2020-08-10T13:09:04.485+0300][1484.028s][info ][gc] GC(48777) Pause Young (Allocation Failure) 61M->61M(67M) 13.685ms
[2020-08-10T13:09:04.499+0300][1484.043s][info ][gc] GC(48778) Pause Young (Allocation Failure) 62M->61M(67M) 13.669ms
[2020-08-10T13:09:04.513+0300][1484.057s][info ][gc] GC(48779) Pause Young (Allocation Failure) 62M->62M(67M) 13.660ms
[2020-08-10T13:09:04.527+0300][1484.071s][info ][gc] GC(48780) Pause Young (Allocation Failure) 63M->63M(67M) 13.674ms
[2020-08-10T13:09:04.541+0300][1484.085s][info ][gc] GC(48781) Pause Young (Allocation Failure) 64M->64M(67M) 13.670ms
[2020-08-10T13:09:04.721+0300][1484.264s][debug][gc] GC(48782) Expanding ParOldGen from 66560K by 11264K to 77824K
[2020-08-10T13:09:04.721+0300][1484.264s][info ][gc] GC(48782) Pause Full (Ergonomics) 64M->64M(78M) 179.094ms
[2020-08-10T13:09:04.734+0300][1484.278s][info ][gc] GC(48783) Pause Young (Allocation Failure) 65M->65M(78M) 12.887ms
[2020-08-10T13:09:04.752+0300][1484.295s][info ][gc] GC(48784) Pause Young (Allocation Failure) 66M->66M(78M) 17.223ms
[2020-08-10T13:09:04.765+0300][1484.309s][info ][gc] GC(48785) Pause Young (Allocation Failure) 67M->67M(78M) 13.255ms
[2020-08-10T13:09:04.779+0300][1484.323s][info ][gc] GC(48786) Pause Young (Allocation Failure) 68M->68M(78M) 13.492ms
[2020-08-10T13:09:04.793+0300][1484.337s][info ][gc] GC(48787) Pause Young (Allocation Failure) 69M->69M(78M) 13.584ms
[2020-08-10T13:09:04.807+0300][1484.351s][info ][gc] GC(48788) Pause Young (Allocation Failure) 70M->70M(78M) 13.271ms
[2020-08-10T13:09:04.821+0300][1484.365s][info ][gc] GC(48789) Pause Young (Allocation Failure) 71M->71M(78M) 13.378ms
[2020-08-10T13:09:04.835+0300][1484.379s][info ][gc] GC(48790) Pause Young (Allocation Failure) 72M->72M(78M) 13.524ms
[2020-08-10T13:09:04.849+0300][1484.393s][info ][gc] GC(48791) Pause Young (Allocation Failure) 73M->73M(78M) 13.457ms
[2020-08-10T13:09:04.863+0300][1484.407s][info ][gc] GC(48792) Pause Young (Allocation Failure) 74M->74M(78M) 13.331ms
[2020-08-10T13:09:04.877+0300][1484.420s][info ][gc] GC(48793) Pause Young (Allocation Failure) 75M->75M(78M) 13.388ms
[2020-08-10T13:09:04.890+0300][1484.434s][info ][gc] GC(48794) Pause Young (Allocation Failure) 76M->75M(78M) 13.462ms
[2020-08-10T13:09:05.119+0300][1484.663s][debug][gc] GC(48795) Expanding ParOldGen from 77824K by 11776K to 89600K
[2020-08-10T13:09:05.119+0300][1484.663s][info ][gc] GC(48795) Pause Full (Ergonomics) 75M->75M(90M) 228.295ms
[2020-08-10T13:09:05.133+0300][1484.676s][info ][gc] GC(48796) Pause Young (Allocation Failure) 76M->76M(90M) 13.146ms
[2020-08-10T13:09:05.147+0300][1484.690s][info ][gc] GC(48797) Pause Young (Allocation Failure) 77M->77M(90M) 13.390ms
[2020-08-10T13:09:05.160+0300][1484.704s][info ][gc] GC(48798) Pause Young (Allocation Failure) 78M->78M(90M) 13.238ms
[2020-08-10T13:09:05.175+0300][1484.718s][info ][gc] GC(48799) Pause Young (Allocation Failure) 79M->79M(90M) 13.654ms
[2020-08-10T13:09:05.189+0300][1484.732s][info ][gc] GC(48800) Pause Young (Allocation Failure) 80M->80M(90M) 13.616ms
[2020-08-10T13:09:05.203+0300][1484.747s][info ][gc] GC(48801) Pause Young (Allocation Failure) 81M->81M(90M) 13.678ms
[2020-08-10T13:09:05.217+0300][1484.761s][info ][gc] GC(48802) Pause Young (Allocation Failure) 82M->82M(90M) 13.446ms
[2020-08-10T13:09:05.231+0300][1484.775s][info ][gc] GC(48803) Pause Young (Allocation Failure) 83M->83M(90M) 13.515ms
[2020-08-10T13:09:05.245+0300][1484.789s][info ][gc] GC(48804) Pause Young (Allocation Failure) 84M->84M(90M) 13.559ms
[2020-08-10T13:09:05.259+0300][1484.803s][info ][gc] GC(48805) Pause Young (Allocation Failure) 85M->85M(90M) 13.626ms
[2020-08-10T13:09:05.274+0300][1484.817s][info ][gc] GC(48806) Pause Young (Allocation Failure) 86M->86M(90M) 13.759ms
[2020-08-10T13:09:05.288+0300][1484.832s][info ][gc] GC(48807) Pause Young (Allocation Failure) 87M->86M(90M) 13.861ms
[2020-08-10T13:09:05.302+0300][1484.846s][info ][gc] GC(48808) Pause Young (Allocation Failure) 87M->87M(90M) 13.826ms
[2020-08-10T13:09:05.509+0300][1485.053s][debug][gc] GC(48809) Expanding ParOldGen from 89600K by 11264K to 100864K
[2020-08-10T13:09:05.509+0300][1485.053s][info ][gc] GC(48809) Pause Full (Ergonomics) 87M->87M(101M) 206.769ms
[2020-08-10T13:09:05.541+0300][1485.085s][info ][gc] GC(48810) Pause Young (Allocation Failure) 88M->88M(101M) 31.779ms
[2020-08-10T13:09:05.556+0300][1485.100s][info ][gc] GC(48811) Pause Young (Allocation Failure) 89M->89M(101M) 14.352ms
[2020-08-10T13:09:05.571+0300][1485.115s][info ][gc] GC(48812) Pause Young (Allocation Failure) 90M->90M(101M) 14.259ms
[2020-08-10T13:09:05.586+0300][1485.130s][info ][gc] GC(48813) Pause Young (Allocation Failure) 91M->91M(101M) 14.691ms
[2020-08-10T13:09:05.602+0300][1485.145s][info ][gc] GC(48814) Pause Young (Allocation Failure) 92M->92M(101M) 14.842ms
[2020-08-10T13:09:05.617+0300][1485.161s][info ][gc] GC(48815) Pause Young (Allocation Failure) 93M->93M(101M) 14.890ms
[2020-08-10T13:09:05.633+0300][1485.177s][info ][gc] GC(48816) Pause Young (Allocation Failure) 94M->94M(101M) 15.030ms
[2020-08-10T13:09:05.648+0300][1485.192s][info ][gc] GC(48817) Pause Young (Allocation Failure) 95M->95M(101M) 15.063ms
[2020-08-10T13:09:05.664+0300][1485.208s][info ][gc] GC(48818) Pause Young (Allocation Failure) 96M->96M(101M) 15.061ms
[2020-08-10T13:09:05.679+0300][1485.223s][info ][gc] GC(48819) Pause Young (Allocation Failure) 97M->97M(101M) 14.966ms
[2020-08-10T13:09:05.695+0300][1485.239s][info ][gc] GC(48820) Pause Young (Allocation Failure) 98M->98M(101M) 15.139ms
[2020-08-10T13:09:05.711+0300][1485.254s][info ][gc] GC(48821) Pause Young (Allocation Failure) 99M->99M(101M) 15.062ms
[2020-08-10T13:09:05.946+0300][1485.489s][debug][gc] GC(48822) Expanding ParOldGen from 100864K by 11264K to 112128K
[2020-08-10T13:09:05.946+0300][1485.489s][info ][gc] GC(48822) Pause Full (Ergonomics) 99M->98M(112M) 235.114ms
[2020-08-10T13:09:05.982+0300][1485.525s][info ][gc] GC(48823) Pause Young (Allocation Failure) 99M->99M(112M) 35.226ms
[2020-08-10T13:09:05.998+0300][1485.541s][info ][gc] GC(48824) Pause Young (Allocation Failure) 100M->100M(112M) 15.530ms
[2020-08-10T13:09:06.014+0300][1485.558s][info ][gc] GC(48825) Pause Young (Allocation Failure) 101M->101M(112M) 15.588ms
[2020-08-10T13:09:06.030+0300][1485.574s][info ][gc] GC(48826) Pause Young (Allocation Failure) 102M->102M(112M) 15.925ms
[2020-08-10T13:09:06.047+0300][1485.591s][info ][gc] GC(48827) Pause Young (Allocation Failure) 103M->103M(112M) 16.006ms
[2020-08-10T13:09:06.063+0300][1485.607s][info ][gc] GC(48828) Pause Young (Allocation Failure) 104M->104M(112M) 15.756ms
[2020-08-10T13:09:06.080+0300][1485.624s][info ][gc] GC(48829) Pause Young (Allocation Failure) 105M->105M(112M) 15.904ms
[2020-08-10T13:09:06.097+0300][1485.640s][info ][gc] GC(48830) Pause Young (Allocation Failure) 106M->106M(112M) 15.978ms
[2020-08-10T13:09:06.113+0300][1485.657s][info ][gc] GC(48831) Pause Young (Allocation Failure) 107M->107M(112M) 16.192ms
[2020-08-10T13:09:06.130+0300][1485.674s][info ][gc] GC(48832) Pause Young (Allocation Failure) 108M->108M(112M) 16.447ms
[2020-08-10T13:09:06.147+0300][1485.691s][info ][gc] GC(48833) Pause Young (Allocation Failure) 109M->109M(111M) 16.214ms
[2020-08-10T13:09:06.407+0300][1485.951s][debug][gc] GC(48834) Expanding ParOldGen from 112128K by 11264K to 123392K
[2020-08-10T13:09:06.407+0300][1485.951s][info ][gc] GC(48834) Pause Full (Ergonomics) 109M->109M(122M) 259.993ms
[2020-08-10T13:09:06.421+0300][1485.965s][info ][gc] GC(48835) Pause Young (Allocation Failure) 110M->110M(122M) 13.403ms
[2020-08-10T13:09:06.438+0300][1485.982s][info ][gc] GC(48836) Pause Young (Allocation Failure) 111M->111M(122M) 16.248ms
[2020-08-10T13:09:06.455+0300][1485.999s][info ][gc] GC(48837) Pause Young (Allocation Failure) 112M->112M(122M) 16.453ms
[2020-08-10T13:09:06.470+0300][1486.014s][info ][gc] GC(48838) Pause Young (Allocation Failure) 112M->112M(122M) 14.876ms
[2020-08-10T13:09:06.484+0300][1486.028s][info ][gc] GC(48839) Pause Young (Allocation Failure) 113M->113M(122M) 13.541ms
[2020-08-10T13:09:06.499+0300][1486.042s][info ][gc] GC(48840) Pause Young (Allocation Failure) 113M->113M(122M) 13.610ms
[2020-08-10T13:09:06.513+0300][1486.057s][info ][gc] GC(48841) Pause Young (Allocation Failure) 114M->114M(122M) 13.928ms
[2020-08-10T13:09:06.527+0300][1486.071s][info ][gc] GC(48842) Pause Young (Allocation Failure) 114M->114M(122M) 13.662ms
[2020-08-10T13:09:06.541+0300][1486.085s][info ][gc] GC(48843) Pause Young (Allocation Failure) 114M->114M(122M) 13.662ms
[2020-08-10T13:09:06.555+0300][1486.099s][info ][gc] GC(48844) Pause Young (Allocation Failure) 115M->115M(122M) 13.672ms
[2020-08-10T13:09:06.569+0300][1486.113s][info ][gc] GC(48845) Pause Young (Allocation Failure) 115M->115M(122M) 13.503ms
[2020-08-10T13:09:06.583+0300][1486.127s][info ][gc] GC(48846) Pause Young (Allocation Failure) 116M->116M(122M) 13.818ms
[2020-08-10T13:09:06.598+0300][1486.142s][info ][gc] GC(48847) Pause Young (Allocation Failure) 116M->116M(122M) 13.949ms
[2020-08-10T13:09:06.612+0300][1486.156s][info ][gc] GC(48848) Pause Young (Allocation Failure) 117M->117M(122M) 13.746ms
[2020-08-10T13:09:06.626+0300][1486.170s][info ][gc] GC(48849) Pause Young (Allocation Failure) 117M->117M(122M) 13.718ms
[2020-08-10T13:09:06.645+0300][1486.189s][info ][gc] GC(48850) Pause Young (Allocation Failure) 118M->118M(122M) 19.035ms
[2020-08-10T13:09:06.660+0300][1486.203s][info ][gc] GC(48851) Pause Young (Allocation Failure) 118M->118M(122M) 13.895ms
[2020-08-10T13:09:06.674+0300][1486.218s][info ][gc] GC(48852) Pause Young (Allocation Failure) 119M->119M(122M) 13.918ms
[2020-08-10T13:09:06.688+0300][1486.232s][info ][gc] GC(48853) Pause Young (Allocation Failure) 119M->119M(122M) 13.936ms
[2020-08-10T13:09:06.703+0300][1486.247s][info ][gc] GC(48854) Pause Young (Allocation Failure) 120M->119M(121M) 14.227ms
[2020-08-10T13:09:06.718+0300][1486.261s][info ][gc] GC(48855) Pause Young (Allocation Failure) 120M->120M(122M) 14.045ms
[2020-08-10T13:09:07.015+0300][1486.558s][debug][gc] GC(48856) Expanding ParOldGen from 123392K by 11264K to 134656K
[2020-08-10T13:09:07.015+0300][1486.559s][info ][gc] GC(48856) Pause Full (Ergonomics) 120M->120M(133M) 296.903ms
[2020-08-10T13:09:07.028+0300][1486.572s][info ][gc] GC(48857) Pause Young (Allocation Failure) 120M->120M(133M) 13.239ms
[2020-08-10T13:09:07.043+0300][1486.587s][info ][gc] GC(48858) Pause Young (Allocation Failure) 121M->121M(133M) 14.569ms
[2020-08-10T13:09:07.058+0300][1486.602s][info ][gc] GC(48859) Pause Young (Allocation Failure) 121M->121M(133M) 14.533ms
[2020-08-10T13:09:07.074+0300][1486.617s][info ][gc] GC(48860) Pause Young (Allocation Failure) 122M->122M(133M) 14.600ms
[2020-08-10T13:09:07.089+0300][1486.632s][info ][gc] GC(48861) Pause Young (Allocation Failure) 122M->122M(133M) 14.612ms
[2020-08-10T13:09:07.104+0300][1486.647s][info ][gc] GC(48862) Pause Young (Allocation Failure) 123M->123M(133M) 14.629ms
[2020-08-10T13:09:07.142+0300][1486.686s][info ][gc] GC(48863) Pause Young (Allocation Failure) 123M->123M(133M) 37.853ms
[2020-08-10T13:09:07.157+0300][1486.700s][info ][gc] GC(48864) Pause Young (Allocation Failure) 124M->124M(133M) 14.439ms
[2020-08-10T13:09:07.177+0300][1486.721s][info ][gc] GC(48865) Pause Young (Allocation Failure) 124M->124M(133M) 20.412ms
[2020-08-10T13:09:07.193+0300][1486.736s][info ][gc] GC(48866) Pause Young (Allocation Failure) 125M->125M(133M) 14.682ms
[2020-08-10T13:09:07.208+0300][1486.752s][info ][gc] GC(48867) Pause Young (Allocation Failure) 125M->125M(133M) 14.852ms
[2020-08-10T13:09:07.223+0300][1486.767s][info ][gc] GC(48868) Pause Young (Allocation Failure) 125M->125M(133M) 14.747ms
[2020-08-10T13:09:07.238+0300][1486.782s][info ][gc] GC(48869) Pause Young (Allocation Failure) 126M->126M(133M) 14.788ms
[2020-08-10T13:09:07.253+0300][1486.797s][info ][gc] GC(48870) Pause Young (Allocation Failure) 126M->126M(133M) 14.578ms
[2020-08-10T13:09:07.268+0300][1486.812s][info ][gc] GC(48871) Pause Young (Allocation Failure) 127M->127M(133M) 14.971ms
[2020-08-10T13:09:07.305+0300][1486.848s][info ][gc] GC(48872) Pause Young (Allocation Failure) 127M->127M(133M) 35.781ms
[2020-08-10T13:09:07.320+0300][1486.863s][info ][gc] GC(48873) Pause Young (Allocation Failure) 128M->128M(133M) 14.618ms
[2020-08-10T13:09:07.335+0300][1486.879s][info ][gc] GC(48874) Pause Young (Allocation Failure) 128M->128M(133M) 14.977ms
[2020-08-10T13:09:07.350+0300][1486.894s][info ][gc] GC(48875) Pause Young (Allocation Failure) 129M->129M(133M) 14.908ms
[2020-08-10T13:09:07.390+0300][1486.934s][info ][gc] GC(48876) Pause Young (Allocation Failure) 129M->129M(133M) 39.402ms
[2020-08-10T13:09:07.405+0300][1486.949s][info ][gc] GC(48877) Pause Young (Allocation Failure) 130M->129M(133M) 15.066ms
[2020-08-10T13:09:07.421+0300][1486.965s][info ][gc] GC(48878) Pause Young (Allocation Failure) 130M->130M(133M) 14.960ms
[2020-08-10T13:09:07.436+0300][1486.980s][info ][gc] GC(48879) Pause Young (Allocation Failure) 130M->130M(133M) 15.017ms
[2020-08-10T13:09:07.452+0300][1486.996s][info ][gc] GC(48880) Pause Young (Allocation Failure) 131M->131M(133M) 15.107ms
[2020-08-10T13:09:07.490+0300][1487.034s][info ][gc] GC(48881) Pause Young (Allocation Failure) 131M->131M(133M) 37.853ms
[2020-08-10T13:09:07.905+0300][1487.448s][debug][gc] GC(48882) Expanding ParOldGen from 134656K by 10752K to 145408K
[2020-08-10T13:09:07.905+0300][1487.449s][info ][gc] GC(48882) Pause Full (Ergonomics) 131M->131M(143M) 414.408ms
[2020-08-10T13:09:07.919+0300][1487.463s][info ][gc] GC(48883) Pause Young (Allocation Failure) 131M->131M(143M) 13.883ms
[2020-08-10T13:09:07.934+0300][1487.478s][info ][gc] GC(48884) Pause Young (Allocation Failure) 132M->132M(143M) 14.985ms
[2020-08-10T13:09:07.978+0300][1487.522s][info ][gc] GC(48885) Pause Young (Allocation Failure) 132M->132M(143M) 43.541ms
[2020-08-10T13:09:07.993+0300][1487.537s][info ][gc] GC(48886) Pause Young (Allocation Failure) 133M->133M(143M) 15.075ms
[2020-08-10T13:09:08.009+0300][1487.553s][info ][gc] GC(48887) Pause Young (Allocation Failure) 133M->133M(143M) 15.659ms
[2020-08-10T13:09:08.025+0300][1487.569s][info ][gc] GC(48888) Pause Young (Allocation Failure) 134M->134M(143M) 15.215ms
[2020-08-10T13:09:08.070+0300][1487.614s][info ][gc] GC(48889) Pause Young (Allocation Failure) 134M->134M(143M) 44.751ms
[2020-08-10T13:09:08.090+0300][1487.634s][info ][gc] GC(48890) Pause Young (Allocation Failure) 135M->135M(143M) 19.572ms
[2020-08-10T13:09:08.106+0300][1487.650s][info ][gc] GC(48891) Pause Young (Allocation Failure) 135M->135M(143M) 15.789ms
[2020-08-10T13:09:08.107+0300][1487.650s][debug][gc] Expanding ParOldGen from 145408K by 19968K to 165376K
[2020-08-10T13:09:08.129+0300][1487.673s][info ][gc] GC(48892) Pause Young (Allocation Failure) 155M->154M(163M) 14.324ms
[2020-08-10T13:09:08.143+0300][1487.686s][info ][gc] GC(48893) Pause Young (Allocation Failure) 155M->155M(163M) 13.083ms
[2020-08-10T13:09:08.156+0300][1487.700s][info ][gc] GC(48894) Pause Young (Allocation Failure) 155M->155M(163M) 13.110ms
[2020-08-10T13:09:08.191+0300][1487.735s][info ][gc] GC(48895) Pause Young (Allocation Failure) 156M->156M(163M) 34.794ms
[2020-08-10T13:09:08.205+0300][1487.749s][info ][gc] GC(48896) Pause Young (Allocation Failure) 156M->156M(163M) 13.144ms
[2020-08-10T13:09:08.219+0300][1487.763s][info ][gc] GC(48897) Pause Young (Allocation Failure) 157M->157M(163M) 13.316ms
[2020-08-10T13:09:08.232+0300][1487.776s][info ][gc] GC(48898) Pause Young (Allocation Failure) 157M->157M(163M) 13.329ms
[2020-08-10T13:09:08.260+0300][1487.803s][info ][gc] GC(48899) Pause Young (Allocation Failure) 157M->157M(163M) 26.725ms
[2020-08-10T13:09:08.275+0300][1487.818s][info ][gc] GC(48900) Pause Young (Allocation Failure) 158M->158M(163M) 14.653ms
[2020-08-10T13:09:08.288+0300][1487.832s][info ][gc] GC(48901) Pause Young (Allocation Failure) 158M->158M(163M) 13.277ms
[2020-08-10T13:09:08.302+0300][1487.846s][info ][gc] GC(48902) Pause Young (Allocation Failure) 159M->159M(163M) 13.377ms
[2020-08-10T13:09:08.316+0300][1487.860s][info ][gc] GC(48903) Pause Young (Allocation Failure) 159M->159M(163M) 13.171ms
[2020-08-10T13:09:08.329+0300][1487.873s][info ][gc] GC(48904) Pause Young (Allocation Failure) 160M->160M(163M) 12.998ms
[2020-08-10T13:09:08.342+0300][1487.886s][info ][gc] GC(48905) Pause Young (Allocation Failure) 160M->160M(163M) 13.021ms
[2020-08-10T13:09:08.356+0300][1487.900s][info ][gc] GC(48906) Pause Young (Allocation Failure) 161M->161M(163M) 13.191ms
[2020-08-10T13:09:08.369+0300][1487.913s][info ][gc] GC(48907) Pause Young (Allocation Failure) 161M->161M(163M) 13.176ms
[2020-08-10T13:09:08.429+0300][1487.973s][debug][gc] GC(48908) Shrinking ParOldGen from 165376K by 125952K to 39424K
[2020-08-10T13:09:08.429+0300][1487.973s][info ][gc] GC(48908) Pause Full (Ergonomics) 161M->27M(40M) 59.583ms
[2020-08-10T13:09:08.462+0300][1488.006s][info ][gc] GC(48909) Pause Young (Allocation Failure) 28M->28M(40M) 32.259ms
[2020-08-10T13:09:08.477+0300][1488.021s][info ][gc] GC(48910) Pause Young (Allocation Failure) 29M->29M(40M) 14.470ms
[2020-08-10T13:09:08.492+0300][1488.036s][info ][gc] GC(48911) Pause Young (Allocation Failure) 30M->30M(40M) 14.254ms
[2020-08-10T13:09:08.507+0300][1488.051s][info ][gc] GC(48912) Pause Young (Allocation Failure) 31M->31M(40M) 14.689ms
[2020-08-10T13:09:08.521+0300][1488.065s][info ][gc] GC(48913) Pause Young (Allocation Failure) 32M->31M(41M) 13.213ms
[2020-08-10T13:09:08.535+0300][1488.079s][info ][gc] GC(48914) Pause Young (Allocation Failure) 32M->32M(41M) 13.487ms
[2020-08-10T13:09:08.549+0300][1488.093s][info ][gc] GC(48915) Pause Young (Allocation Failure) 33M->33M(41M) 13.339ms
[2020-08-10T13:09:08.563+0300][1488.106s][info ][gc] GC(48916) Pause Young (Allocation Failure) 34M->34M(41M) 13.361ms
[2020-08-10T13:09:08.577+0300][1488.121s][info ][gc] GC(48917) Pause Young (Allocation Failure) 35M->35M(41M) 13.569ms
[2020-08-10T13:09:08.591+0300][1488.135s][info ][gc] GC(48918) Pause Young (Allocation Failure) 36M->36M(41M) 13.467ms
[2020-08-10T13:09:08.605+0300][1488.148s][info ][gc] GC(48919) Pause Young (Allocation Failure) 37M->37M(41M) 13.418ms
[2020-08-10T13:09:08.618+0300][1488.162s][info ][gc] GC(48920) Pause Young (Allocation Failure) 38M->38M(41M) 13.239ms
[2020-08-10T13:09:08.683+0300][1488.227s][debug][gc] GC(48921) Expanding ParOldGen from 39424K by 11264K to 50688K
[2020-08-10T13:09:08.683+0300][1488.227s][info ][gc] GC(48921) Pause Full (Ergonomics) 38M->38M(52M) 64.740ms
[2020-08-10T13:09:08.702+0300][1488.245s][info ][gc] GC(48922) Pause Young (Allocation Failure) 39M->39M(52M) 18.188ms
[2020-08-10T13:09:08.716+0300][1488.260s][info ][gc] GC(48923) Pause Young (Allocation Failure) 40M->40M(52M) 13.652ms
[2020-08-10T13:09:08.730+0300][1488.274s][info ][gc] GC(48924) Pause Young (Allocation Failure) 41M->41M(52M) 13.333ms
[2020-08-10T13:09:08.744+0300][1488.287s][info ][gc] GC(48925) Pause Young (Allocation Failure) 42M->42M(52M) 13.489ms
[2020-08-10T13:09:08.758+0300][1488.301s][info ][gc] GC(48926) Pause Young (Allocation Failure) 43M->43M(52M) 13.480ms
[2020-08-10T13:09:08.772+0300][1488.315s][info ][gc] GC(48927) Pause Young (Allocation Failure) 44M->44M(52M) 13.435ms
[2020-08-10T13:09:08.786+0300][1488.329s][info ][gc] GC(48928) Pause Young (Allocation Failure) 45M->45M(52M) 13.516ms
[2020-08-10T13:09:08.800+0300][1488.344s][info ][gc] GC(48929) Pause Young (Allocation Failure) 46M->46M(52M) 13.529ms
[2020-08-10T13:09:08.814+0300][1488.358s][info ][gc] GC(48930) Pause Young (Allocation Failure) 47M->47M(52M) 13.516ms
[2020-08-10T13:09:08.828+0300][1488.372s][info ][gc] GC(48931) Pause Young (Allocation Failure) 48M->48M(52M) 13.493ms
[2020-08-10T13:09:08.842+0300][1488.386s][info ][gc] GC(48932) Pause Young (Allocation Failure) 49M->49M(52M) 13.517ms
[2020-08-10T13:09:08.856+0300][1488.400s][info ][gc] GC(48933) Pause Young (Allocation Failure) 50M->49M(52M) 13.594ms
[2020-08-10T13:09:08.954+0300][1488.497s][debug][gc] GC(48934) Expanding ParOldGen from 50688K by 11776K to 62464K
[2020-08-10T13:09:08.954+0300][1488.498s][info ][gc] GC(48934) Pause Full (Ergonomics) 49M->49M(63M) 97.610ms
[2020-08-10T13:09:08.974+0300][1488.518s][info ][gc] GC(48935) Pause Young (Allocation Failure) 50M->50M(63M) 20.212ms
[2020-08-10T13:09:08.989+0300][1488.532s][info ][gc] GC(48936) Pause Young (Allocation Failure) 51M->51M(63M) 13.624ms
[2020-08-10T13:09:09.003+0300][1488.546s][info ][gc] GC(48937) Pause Young (Allocation Failure) 52M->52M(63M) 13.505ms
[2020-08-10T13:09:09.017+0300][1488.561s][info ][gc] GC(48938) Pause Young (Allocation Failure) 53M->53M(63M) 13.568ms
[2020-08-10T13:09:09.031+0300][1488.575s][info ][gc] GC(48939) Pause Young (Allocation Failure) 54M->54M(63M) 13.596ms
[2020-08-10T13:09:09.045+0300][1488.589s][info ][gc] GC(48940) Pause Young (Allocation Failure) 55M->55M(63M) 13.456ms
[2020-08-10T13:09:09.059+0300][1488.603s][info ][gc] GC(48941) Pause Young (Allocation Failure) 56M->56M(63M) 13.398ms
[2020-08-10T13:09:09.073+0300][1488.617s][info ][gc] GC(48942) Pause Young (Allocation Failure) 57M->57M(63M) 13.531ms
[2020-08-10T13:09:09.087+0300][1488.631s][info ][gc] GC(48943) Pause Young (Allocation Failure) 58M->58M(63M) 13.652ms
[2020-08-10T13:09:09.101+0300][1488.645s][info ][gc] GC(48944) Pause Young (Allocation Failure) 59M->59M(63M) 13.755ms
[2020-08-10T13:09:09.115+0300][1488.659s][info ][gc] GC(48945) Pause Young (Allocation Failure) 60M->60M(63M) 13.637ms
[2020-08-10T13:09:09.130+0300][1488.673s][info ][gc] GC(48946) Pause Young (Allocation Failure) 61M->61M(63M) 13.596ms
[2020-08-10T13:09:09.260+0300][1488.804s][debug][gc] GC(48947) Expanding ParOldGen from 62464K by 11264K to 73728K
[2020-08-10T13:09:09.260+0300][1488.804s][info ][gc] GC(48947) Pause Full (Ergonomics) 61M->61M(74M) 130.735ms
[2020-08-10T13:09:09.287+0300][1488.831s][info ][gc] GC(48948) Pause Young (Allocation Failure) 62M->62M(74M) 26.032ms
[2020-08-10T13:09:09.301+0300][1488.845s][info ][gc] GC(48949) Pause Young (Allocation Failure) 63M->63M(74M) 13.868ms
[2020-08-10T13:09:09.316+0300][1488.859s][info ][gc] GC(48950) Pause Young (Allocation Failure) 64M->63M(74M) 13.759ms
[2020-08-10T13:09:09.330+0300][1488.873s][info ][gc] GC(48951) Pause Young (Allocation Failure) 64M->64M(74M) 13.432ms
[2020-08-10T13:09:09.344+0300][1488.888s][info ][gc] GC(48952) Pause Young (Allocation Failure) 65M->65M(74M) 13.653ms
[2020-08-10T13:09:09.358+0300][1488.902s][info ][gc] GC(48953) Pause Young (Allocation Failure) 66M->66M(74M) 13.736ms
[2020-08-10T13:09:09.372+0300][1488.916s][info ][gc] GC(48954) Pause Young (Allocation Failure) 67M->67M(74M) 13.800ms
[2020-08-10T13:09:09.386+0300][1488.930s][info ][gc] GC(48955) Pause Young (Allocation Failure) 68M->68M(74M) 13.644ms
[2020-08-10T13:09:09.401+0300][1488.945s][info ][gc] GC(48956) Pause Young (Allocation Failure) 69M->69M(74M) 13.760ms
[2020-08-10T13:09:09.415+0300][1488.959s][info ][gc] GC(48957) Pause Young (Allocation Failure) 70M->70M(74M) 13.712ms
[2020-08-10T13:09:09.429+0300][1488.973s][info ][gc] GC(48958) Pause Young (Allocation Failure) 71M->71M(74M) 13.727ms
[2020-08-10T13:09:09.444+0300][1488.988s][info ][gc] GC(48959) Pause Young (Allocation Failure) 72M->72M(74M) 13.837ms
[2020-08-10T13:09:09.608+0300][1489.152s][debug][gc] GC(48960) Expanding ParOldGen from 73728K by 11776K to 85504K
[2020-08-10T13:09:09.608+0300][1489.152s][info ][gc] GC(48960) Pause Full (Ergonomics) 72M->72M(86M) 164.456ms
[2020-08-10T13:09:09.638+0300][1489.182s][info ][gc] GC(48961) Pause Young (Allocation Failure) 73M->73M(86M) 28.872ms
[2020-08-10T13:09:09.652+0300][1489.196s][info ][gc] GC(48962) Pause Young (Allocation Failure) 74M->74M(86M) 13.556ms
[2020-08-10T13:09:09.666+0300][1489.210s][info ][gc] GC(48963) Pause Young (Allocation Failure) 75M->75M(86M) 13.818ms
[2020-08-10T13:09:09.680+0300][1489.224s][info ][gc] GC(48964) Pause Young (Allocation Failure) 76M->76M(86M) 13.774ms
[2020-08-10T13:09:09.694+0300][1489.238s][info ][gc] GC(48965) Pause Young (Allocation Failure) 77M->77M(86M) 13.758ms
[2020-08-10T13:09:09.709+0300][1489.253s][info ][gc] GC(48966) Pause Young (Allocation Failure) 78M->78M(86M) 13.812ms
[2020-08-10T13:09:09.723+0300][1489.267s][info ][gc] GC(48967) Pause Young (Allocation Failure) 79M->79M(86M) 13.846ms
[2020-08-10T13:09:09.738+0300][1489.282s][info ][gc] GC(48968) Pause Young (Allocation Failure) 80M->79M(85M) 14.190ms
[2020-08-10T13:09:09.753+0300][1489.297s][info ][gc] GC(48969) Pause Young (Allocation Failure) 80M->80M(85M) 13.959ms
[2020-08-10T13:09:09.767+0300][1489.311s][info ][gc] GC(48970) Pause Young (Allocation Failure) 81M->81M(85M) 13.563ms
[2020-08-10T13:09:09.781+0300][1489.325s][info ][gc] GC(48971) Pause Young (Allocation Failure) 81M->81M(85M) 13.333ms
[2020-08-10T13:09:09.794+0300][1489.338s][info ][gc] GC(48972) Pause Young (Allocation Failure) 82M->82M(85M) 13.297ms
[2020-08-10T13:09:09.808+0300][1489.352s][info ][gc] GC(48973) Pause Young (Allocation Failure) 82M->82M(85M) 13.291ms
[2020-08-10T13:09:10.002+0300][1489.546s][debug][gc] GC(48974) Expanding ParOldGen from 85504K by 10752K to 96256K
[2020-08-10T13:09:10.002+0300][1489.546s][info ][gc] GC(48974) Pause Full (Ergonomics) 82M->82M(96M) 194.201ms
[2020-08-10T13:09:10.016+0300][1489.560s][info ][gc] GC(48975) Pause Young (Allocation Failure) 83M->83M(96M) 12.890ms
[2020-08-10T13:09:10.029+0300][1489.573s][info ][gc] GC(48976) Pause Young (Allocation Failure) 83M->83M(96M) 13.065ms
[2020-08-10T13:09:10.043+0300][1489.587s][info ][gc] GC(48977) Pause Young (Allocation Failure) 84M->84M(96M) 13.082ms
[2020-08-10T13:09:10.057+0300][1489.600s][info ][gc] GC(48978) Pause Young (Allocation Failure) 84M->84M(96M) 13.163ms
[2020-08-10T13:09:10.070+0300][1489.614s][info ][gc] GC(48979) Pause Young (Allocation Failure) 85M->84M(96M) 13.165ms
[2020-08-10T13:09:10.084+0300][1489.628s][info ][gc] GC(48980) Pause Young (Allocation Failure) 85M->85M(96M) 13.209ms
[2020-08-10T13:09:10.097+0300][1489.641s][info ][gc] GC(48981) Pause Young (Allocation Failure) 85M->85M(96M) 12.860ms
[2020-08-10T13:09:10.111+0300][1489.655s][info ][gc] GC(48982) Pause Young (Allocation Failure) 86M->86M(96M) 13.052ms
[2020-08-10T13:09:10.124+0300][1489.668s][info ][gc] GC(48983) Pause Young (Allocation Failure) 86M->86M(96M) 12.969ms
[2020-08-10T13:09:10.137+0300][1489.681s][info ][gc] GC(48984) Pause Young (Allocation Failure) 87M->87M(96M) 12.994ms
[2020-08-10T13:09:10.151+0300][1489.695s][info ][gc] GC(48985) Pause Young (Allocation Failure) 87M->87M(96M) 13.197ms
[2020-08-10T13:09:10.165+0300][1489.708s][info ][gc] GC(48986) Pause Young (Allocation Failure) 88M->88M(96M) 13.132ms
[2020-08-10T13:09:10.178+0300][1489.722s][info ][gc] GC(48987) Pause Young (Allocation Failure) 88M->88M(95M) 13.299ms
[2020-08-10T13:09:10.192+0300][1489.736s][info ][gc] GC(48988) Pause Young (Allocation Failure) 89M->89M(95M) 13.005ms
[2020-08-10T13:09:10.205+0300][1489.749s][info ][gc] GC(48989) Pause Young (Allocation Failure) 89M->89M(95M) 13.108ms
[2020-08-10T13:09:10.219+0300][1489.762s][info ][gc] GC(48990) Pause Young (Allocation Failure) 90M->90M(95M) 12.922ms
[2020-08-10T13:09:10.232+0300][1489.776s][info ][gc] GC(48991) Pause Young (Allocation Failure) 90M->90M(95M) 13.061ms
[2020-08-10T13:09:10.245+0300][1489.789s][info ][gc] GC(48992) Pause Young (Allocation Failure) 91M->91M(95M) 13.075ms
[2020-08-10T13:09:10.259+0300][1489.803s][info ][gc] GC(48993) Pause Young (Allocation Failure) 91M->91M(95M) 13.171ms
[2020-08-10T13:09:10.273+0300][1489.817s][info ][gc] GC(48994) Pause Young (Allocation Failure) 91M->91M(95M) 13.154ms
[2020-08-10T13:09:10.286+0300][1489.830s][info ][gc] GC(48995) Pause Young (Allocation Failure) 92M->92M(95M) 13.183ms
[2020-08-10T13:09:10.300+0300][1489.844s][info ][gc] GC(48996) Pause Young (Allocation Failure) 92M->92M(95M) 13.179ms
[2020-08-10T13:09:10.314+0300][1489.858s][info ][gc] GC(48997) Pause Young (Allocation Failure) 93M->93M(95M) 13.083ms
[2020-08-10T13:09:10.327+0300][1489.871s][info ][gc] GC(48998) Pause Young (Allocation Failure) 93M->93M(95M) 13.140ms
[2020-08-10T13:09:10.341+0300][1489.885s][info ][gc] GC(48999) Pause Young (Allocation Failure) 94M->94M(95M) 13.076ms
[2020-08-10T13:09:10.574+0300][1490.118s][debug][gc] GC(49000) Expanding ParOldGen from 96256K by 11264K to 107520K
[2020-08-10T13:09:10.574+0300][1490.118s][info ][gc] GC(49000) Pause Full (Ergonomics) 94M->93M(106M) 233.071ms
[2020-08-10T13:09:10.587+0300][1490.131s][info ][gc] GC(49001) Pause Young (Allocation Failure) 94M->94M(106M) 13.015ms
[2020-08-10T13:09:10.601+0300][1490.145s][info ][gc] GC(49002) Pause Young (Allocation Failure) 94M->94M(106M) 13.272ms
[2020-08-10T13:09:10.615+0300][1490.159s][info ][gc] GC(49003) Pause Young (Allocation Failure) 95M->95M(106M) 13.136ms
[2020-08-10T13:09:10.628+0300][1490.172s][info ][gc] GC(49004) Pause Young (Allocation Failure) 95M->95M(106M) 13.218ms
[2020-08-10T13:09:10.642+0300][1490.186s][info ][gc] GC(49005) Pause Young (Allocation Failure) 96M->96M(106M) 13.081ms
[2020-08-10T13:09:10.656+0300][1490.199s][info ][gc] GC(49006) Pause Young (Allocation Failure) 96M->96M(106M) 13.161ms
[2020-08-10T13:09:10.669+0300][1490.213s][info ][gc] GC(49007) Pause Young (Allocation Failure) 97M->97M(106M) 13.110ms
[2020-08-10T13:09:10.683+0300][1490.227s][info ][gc] GC(49008) Pause Young (Allocation Failure) 97M->97M(106M) 13.126ms
[2020-08-10T13:09:10.696+0300][1490.240s][info ][gc] GC(49009) Pause Young (Allocation Failure) 98M->98M(106M) 13.111ms
[2020-08-10T13:09:10.710+0300][1490.254s][info ][gc] GC(49010) Pause Young (Allocation Failure) 98M->98M(106M) 13.094ms
[2020-08-10T13:09:10.723+0300][1490.267s][info ][gc] GC(49011) Pause Young (Allocation Failure) 99M->99M(106M) 13.189ms
[2020-08-10T13:09:10.737+0300][1490.281s][info ][gc] GC(49012) Pause Young (Allocation Failure) 99M->99M(106M) 13.178ms
[2020-08-10T13:09:10.751+0300][1490.295s][info ][gc] GC(49013) Pause Young (Allocation Failure) 100M->99M(106M) 13.158ms
[2020-08-10T13:09:10.764+0300][1490.308s][info ][gc] GC(49014) Pause Young (Allocation Failure) 100M->100M(106M) 13.112ms
[2020-08-10T13:09:10.778+0300][1490.322s][info ][gc] GC(49015) Pause Young (Allocation Failure) 100M->100M(106M) 13.201ms
[2020-08-10T13:09:10.792+0300][1490.336s][info ][gc] GC(49016) Pause Young (Allocation Failure) 101M->101M(106M) 13.188ms
[2020-08-10T13:09:10.805+0300][1490.349s][info ][gc] GC(49017) Pause Young (Allocation Failure) 101M->101M(106M) 13.182ms
[2020-08-10T13:09:10.819+0300][1490.363s][info ][gc] GC(49018) Pause Young (Allocation Failure) 102M->102M(106M) 13.165ms
[2020-08-10T13:09:10.832+0300][1490.376s][info ][gc] GC(49019) Pause Young (Allocation Failure) 102M->102M(106M) 13.182ms
[2020-08-10T13:09:10.846+0300][1490.390s][info ][gc] GC(49020) Pause Young (Allocation Failure) 103M->103M(106M) 13.175ms
[2020-08-10T13:09:10.860+0300][1490.404s][info ][gc] GC(49021) Pause Young (Allocation Failure) 103M->103M(106M) 13.142ms
[2020-08-10T13:09:10.873+0300][1490.417s][info ][gc] GC(49022) Pause Young (Allocation Failure) 104M->104M(106M) 13.192ms
[2020-08-10T13:09:10.887+0300][1490.431s][info ][gc] GC(49023) Pause Young (Allocation Failure) 104M->104M(106M) 13.120ms
[2020-08-10T13:09:10.900+0300][1490.444s][info ][gc] GC(49024) Pause Young (Allocation Failure) 105M->105M(106M) 13.111ms
[2020-08-10T13:09:11.204+0300][1490.748s][debug][gc] GC(49025) Expanding ParOldGen from 107520K by 10752K to 118272K
[2020-08-10T13:09:11.204+0300][1490.748s][info ][gc] GC(49025) Pause Full (Ergonomics) 105M->104M(117M) 303.804ms
[2020-08-10T13:09:11.218+0300][1490.762s][info ][gc] GC(49026) Pause Young (Allocation Failure) 105M->105M(117M) 12.937ms
[2020-08-10T13:09:11.231+0300][1490.775s][info ][gc] GC(49027) Pause Young (Allocation Failure) 105M->105M(117M) 13.211ms
[2020-08-10T13:09:11.245+0300][1490.789s][info ][gc] GC(49028) Pause Young (Allocation Failure) 106M->106M(117M) 13.189ms
[2020-08-10T13:09:11.259+0300][1490.803s][info ][gc] GC(49029) Pause Young (Allocation Failure) 106M->106M(117M) 13.350ms
[2020-08-10T13:09:11.274+0300][1490.818s][info ][gc] GC(49030) Pause Young (Allocation Failure) 107M->107M(117M) 14.468ms
[2020-08-10T13:09:11.289+0300][1490.833s][info ][gc] GC(49031) Pause Young (Allocation Failure) 108M->108M(117M) 14.511ms
[2020-08-10T13:09:11.305+0300][1490.849s][info ][gc] GC(49032) Pause Young (Allocation Failure) 109M->109M(117M) 16.059ms
[2020-08-10T13:09:11.322+0300][1490.866s][info ][gc] GC(49033) Pause Young (Allocation Failure) 110M->110M(118M) 15.917ms
[2020-08-10T13:09:11.339+0300][1490.883s][info ][gc] GC(49034) Pause Young (Allocation Failure) 111M->111M(118M) 16.286ms
[2020-08-10T13:09:11.355+0300][1490.899s][info ][gc] GC(49035) Pause Young (Allocation Failure) 112M->112M(118M) 16.240ms
[2020-08-10T13:09:11.372+0300][1490.916s][info ][gc] GC(49036) Pause Young (Allocation Failure) 113M->113M(118M) 16.291ms
[2020-08-10T13:09:11.389+0300][1490.933s][info ][gc] GC(49037) Pause Young (Allocation Failure) 114M->114M(118M) 15.980ms
[2020-08-10T13:09:11.405+0300][1490.949s][info ][gc] GC(49038) Pause Young (Allocation Failure) 115M->115M(118M) 16.353ms
[2020-08-10T13:09:11.677+0300][1491.221s][debug][gc] GC(49039) Expanding ParOldGen from 118272K by 11264K to 129536K
[2020-08-10T13:09:11.677+0300][1491.221s][info ][gc] GC(49039) Pause Full (Ergonomics) 115M->115M(129M) 271.212ms
[2020-08-10T13:09:11.692+0300][1491.236s][info ][gc] GC(49040) Pause Young (Allocation Failure) 116M->116M(129M) 14.752ms
[2020-08-10T13:09:11.710+0300][1491.254s][info ][gc] GC(49041) Pause Young (Allocation Failure) 117M->117M(129M) 16.996ms
[2020-08-10T13:09:11.727+0300][1491.271s][info ][gc] GC(49042) Pause Young (Allocation Failure) 118M->117M(129M) 16.897ms
[2020-08-10T13:09:11.744+0300][1491.288s][info ][gc] GC(49043) Pause Young (Allocation Failure) 118M->118M(129M) 16.846ms
[2020-08-10T13:09:11.762+0300][1491.306s][info ][gc] GC(49044) Pause Young (Allocation Failure) 119M->119M(129M) 17.226ms
[2020-08-10T13:09:11.780+0300][1491.324s][info ][gc] GC(49045) Pause Young (Allocation Failure) 120M->120M(129M) 17.280ms
[2020-08-10T13:09:11.798+0300][1491.342s][info ][gc] GC(49046) Pause Young (Allocation Failure) 121M->121M(129M) 17.405ms
[2020-08-10T13:09:11.816+0300][1491.360s][info ][gc] GC(49047) Pause Young (Allocation Failure) 122M->122M(129M) 17.469ms
[2020-08-10T13:09:11.834+0300][1491.378s][info ][gc] GC(49048) Pause Young (Allocation Failure) 123M->123M(129M) 17.369ms
[2020-08-10T13:09:11.851+0300][1491.395s][info ][gc] GC(49049) Pause Young (Allocation Failure) 124M->124M(129M) 16.844ms
[2020-08-10T13:09:11.869+0300][1491.413s][info ][gc] GC(49050) Pause Young (Allocation Failure) 125M->125M(129M) 17.240ms
[2020-08-10T13:09:11.886+0300][1491.430s][info ][gc] GC(49051) Pause Young (Allocation Failure) 126M->126M(129M) 17.240ms
[2020-08-10T13:09:12.210+0300][1491.754s][debug][gc] GC(49052) Expanding ParOldGen from 129536K by 11776K to 141312K
[2020-08-10T13:09:12.210+0300][1491.754s][info ][gc] GC(49052) Pause Full (Ergonomics) 126M->126M(140M) 323.596ms
[2020-08-10T13:09:12.225+0300][1491.770s][info ][gc] GC(49053) Pause Young (Allocation Failure) 127M->127M(140M) 14.904ms
[2020-08-10T13:09:12.244+0300][1491.788s][info ][gc] GC(49054) Pause Young (Allocation Failure) 128M->128M(140M) 17.766ms
[2020-08-10T13:09:12.262+0300][1491.806s][info ][gc] GC(49055) Pause Young (Allocation Failure) 129M->129M(140M) 17.851ms
[2020-08-10T13:09:12.280+0300][1491.824s][info ][gc] GC(49056) Pause Young (Allocation Failure) 130M->129M(140M) 17.661ms
[2020-08-10T13:09:12.299+0300][1491.843s][info ][gc] GC(49057) Pause Young (Allocation Failure) 130M->130M(140M) 17.934ms
[2020-08-10T13:09:12.317+0300][1491.861s][info ][gc] GC(49058) Pause Young (Allocation Failure) 131M->131M(140M) 18.041ms
[2020-08-10T13:09:12.336+0300][1491.880s][info ][gc] GC(49059) Pause Young (Allocation Failure) 132M->132M(140M) 17.805ms
[2020-08-10T13:09:12.354+0300][1491.898s][info ][gc] GC(49060) Pause Young (Allocation Failure) 133M->133M(140M) 17.687ms
[2020-08-10T13:09:12.373+0300][1491.917s][info ][gc] GC(49061) Pause Young (Allocation Failure) 134M->134M(140M) 18.367ms
[2020-08-10T13:09:12.391+0300][1491.935s][info ][gc] GC(49062) Pause Young (Allocation Failure) 135M->135M(140M) 18.110ms
[2020-08-10T13:09:12.392+0300][1491.936s][debug][gc] Expanding ParOldGen from 141312K by 19968K to 161280K
[2020-08-10T13:09:12.415+0300][1491.959s][info ][gc] GC(49063) Pause Young (Allocation Failure) 155M->155M(160M) 16.186ms
[2020-08-10T13:09:12.429+0300][1491.974s][info ][gc] GC(49064) Pause Young (Allocation Failure) 156M->156M(160M) 13.619ms
[2020-08-10T13:09:12.444+0300][1491.988s][info ][gc] GC(49065) Pause Young (Allocation Failure) 157M->157M(160M) 13.861ms
[2020-08-10T13:09:12.458+0300][1492.002s][info ][gc] GC(49066) Pause Young (Allocation Failure) 158M->158M(160M) 13.810ms
[2020-08-10T13:09:12.506+0300][1492.050s][debug][gc] GC(49067) Shrinking ParOldGen from 161280K by 124416K to 36864K
[2020-08-10T13:09:12.506+0300][1492.050s][info ][gc] GC(49067) Pause Full (Ergonomics) 158M->24M(38M) 47.833ms
[2020-08-10T13:09:12.520+0300][1492.064s][info ][gc] GC(49068) Pause Young (Allocation Failure) 25M->25M(38M) 12.798ms
[2020-08-10T13:09:12.533+0300][1492.077s][info ][gc] GC(49069) Pause Young (Allocation Failure) 26M->26M(38M) 13.266ms
[2020-08-10T13:09:12.547+0300][1492.091s][info ][gc] GC(49070) Pause Young (Allocation Failure) 27M->27M(38M) 13.618ms
[2020-08-10T13:09:12.561+0300][1492.105s][info ][gc] GC(49071) Pause Young (Allocation Failure) 28M->28M(38M) 13.431ms
[2020-08-10T13:09:12.575+0300][1492.119s][info ][gc] GC(49072) Pause Young (Allocation Failure) 29M->29M(38M) 13.513ms
[2020-08-10T13:09:12.589+0300][1492.133s][info ][gc] GC(49073) Pause Young (Allocation Failure) 30M->30M(38M) 13.351ms
[2020-08-10T13:09:12.603+0300][1492.147s][info ][gc] GC(49074) Pause Young (Allocation Failure) 31M->31M(38M) 13.555ms
[2020-08-10T13:09:12.617+0300][1492.161s][info ][gc] GC(49075) Pause Young (Allocation Failure) 32M->32M(38M) 13.373ms
[2020-08-10T13:09:12.636+0300][1492.180s][info ][gc] GC(49076) Pause Young (Allocation Failure) 33M->33M(38M) 18.363ms
[2020-08-10T13:09:12.650+0300][1492.194s][info ][gc] GC(49077) Pause Young (Allocation Failure) 34M->34M(38M) 13.385ms
[2020-08-10T13:09:12.664+0300][1492.208s][info ][gc] GC(49078) Pause Young (Allocation Failure) 35M->34M(38M) 13.490ms
[2020-08-10T13:09:12.678+0300][1492.222s][info ][gc] GC(49079) Pause Young (Allocation Failure) 35M->35M(38M) 13.324ms
[2020-08-10T13:09:12.745+0300][1492.289s][debug][gc] GC(49080) Expanding ParOldGen from 36864K by 11264K to 48128K
[2020-08-10T13:09:12.745+0300][1492.289s][info ][gc] GC(49080) Pause Full (Ergonomics) 35M->35M(49M) 66.724ms
[2020-08-10T13:09:12.758+0300][1492.302s][info ][gc] GC(49081) Pause Young (Allocation Failure) 36M->36M(49M) 12.968ms
[2020-08-10T13:09:12.772+0300][1492.316s][info ][gc] GC(49082) Pause Young (Allocation Failure) 37M->37M(49M) 13.420ms
[2020-08-10T13:09:12.786+0300][1492.330s][info ][gc] GC(49083) Pause Young (Allocation Failure) 38M->38M(49M) 13.473ms
[2020-08-10T13:09:12.800+0300][1492.344s][info ][gc] GC(49084) Pause Young (Allocation Failure) 39M->39M(49M) 13.330ms
[2020-08-10T13:09:12.814+0300][1492.358s][info ][gc] GC(49085) Pause Young (Allocation Failure) 40M->40M(49M) 13.419ms
[2020-08-10T13:09:12.828+0300][1492.372s][info ][gc] GC(49086) Pause Young (Allocation Failure) 41M->41M(49M) 13.412ms
[2020-08-10T13:09:12.842+0300][1492.386s][info ][gc] GC(49087) Pause Young (Allocation Failure) 42M->42M(49M) 13.426ms
[2020-08-10T13:09:12.856+0300][1492.400s][info ][gc] GC(49088) Pause Young (Allocation Failure) 43M->43M(49M) 13.381ms
[2020-08-10T13:09:12.869+0300][1492.413s][info ][gc] GC(49089) Pause Young (Allocation Failure) 44M->44M(49M) 13.248ms
[2020-08-10T13:09:12.883+0300][1492.427s][info ][gc] GC(49090) Pause Young (Allocation Failure) 45M->45M(49M) 13.483ms
[2020-08-10T13:09:12.897+0300][1492.441s][info ][gc] GC(49091) Pause Young (Allocation Failure) 46M->46M(49M) 13.523ms
[2020-08-10T13:09:12.911+0300][1492.455s][info ][gc] GC(49092) Pause Young (Allocation Failure) 47M->47M(49M) 13.567ms
[2020-08-10T13:09:13.002+0300][1492.546s][debug][gc] GC(49093) Expanding ParOldGen from 48128K by 11264K to 59392K
[2020-08-10T13:09:13.002+0300][1492.546s][info ][gc] GC(49093) Pause Full (Ergonomics) 47M->47M(59M) 90.276ms
[2020-08-10T13:09:13.022+0300][1492.566s][info ][gc] GC(49094) Pause Young (Allocation Failure) 48M->48M(60M) 19.858ms
[2020-08-10T13:09:13.036+0300][1492.580s][info ][gc] GC(49095) Pause Young (Allocation Failure) 49M->48M(60M) 13.560ms
[2020-08-10T13:09:13.050+0300][1492.595s][info ][gc] GC(49096) Pause Young (Allocation Failure) 49M->49M(60M) 13.635ms
[2020-08-10T13:09:13.065+0300][1492.609s][info ][gc] GC(49097) Pause Young (Allocation Failure) 50M->50M(60M) 13.628ms
[2020-08-10T13:09:13.079+0300][1492.623s][info ][gc] GC(49098) Pause Young (Allocation Failure) 51M->51M(60M) 13.692ms
[2020-08-10T13:09:13.093+0300][1492.637s][info ][gc] GC(49099) Pause Young (Allocation Failure) 52M->52M(60M) 13.618ms
[2020-08-10T13:09:13.107+0300][1492.651s][info ][gc] GC(49100) Pause Young (Allocation Failure) 53M->53M(60M) 13.644ms
[2020-08-10T13:09:13.122+0300][1492.666s][info ][gc] GC(49101) Pause Young (Allocation Failure) 54M->54M(60M) 13.674ms
[2020-08-10T13:09:13.136+0300][1492.680s][info ][gc] GC(49102) Pause Young (Allocation Failure) 55M->55M(60M) 13.531ms
[2020-08-10T13:09:13.150+0300][1492.694s][info ][gc] GC(49103) Pause Young (Allocation Failure) 56M->56M(60M) 13.722ms
[2020-08-10T13:09:13.164+0300][1492.708s][info ][gc] GC(49104) Pause Young (Allocation Failure) 57M->57M(60M) 13.637ms
[2020-08-10T13:09:13.178+0300][1492.722s][info ][gc] GC(49105) Pause Young (Allocation Failure) 58M->58M(60M) 13.704ms
[2020-08-10T13:09:13.298+0300][1492.842s][debug][gc] GC(49106) Expanding ParOldGen from 59392K by 11776K to 71168K
[2020-08-10T13:09:13.298+0300][1492.842s][info ][gc] GC(49106) Pause Full (Ergonomics) 58M->58M(71M) 119.425ms
[2020-08-10T13:09:13.322+0300][1492.866s][info ][gc] GC(49107) Pause Young (Allocation Failure) 59M->59M(71M) 23.229ms
[2020-08-10T13:09:13.336+0300][1492.880s][info ][gc] GC(49108) Pause Young (Allocation Failure) 60M->60M(71M) 13.615ms
[2020-08-10T13:09:13.350+0300][1492.894s][info ][gc] GC(49109) Pause Young (Allocation Failure) 61M->61M(71M) 13.627ms
[2020-08-10T13:09:13.364+0300][1492.908s][info ][gc] GC(49110) Pause Young (Allocation Failure) 62M->62M(71M) 13.727ms
[2020-08-10T13:09:13.378+0300][1492.922s][info ][gc] GC(49111) Pause Young (Allocation Failure) 63M->63M(71M) 13.661ms
[2020-08-10T13:09:13.393+0300][1492.937s][info ][gc] GC(49112) Pause Young (Allocation Failure) 64M->64M(71M) 13.678ms
[2020-08-10T13:09:13.407+0300][1492.951s][info ][gc] GC(49113) Pause Young (Allocation Failure) 65M->65M(71M) 13.782ms
[2020-08-10T13:09:13.421+0300][1492.965s][info ][gc] GC(49114) Pause Young (Allocation Failure) 66M->65M(71M) 13.784ms
[2020-08-10T13:09:13.436+0300][1492.980s][info ][gc] GC(49115) Pause Young (Allocation Failure) 66M->66M(71M) 13.765ms
[2020-08-10T13:09:13.450+0300][1492.994s][info ][gc] GC(49116) Pause Young (Allocation Failure) 67M->67M(71M) 13.784ms
[2020-08-10T13:09:13.464+0300][1493.008s][info ][gc] GC(49117) Pause Young (Allocation Failure) 68M->68M(71M) 13.983ms
[2020-08-10T13:09:13.479+0300][1493.023s][info ][gc] GC(49118) Pause Young (Allocation Failure) 69M->69M(71M) 13.762ms
[2020-08-10T13:09:13.646+0300][1493.190s][debug][gc] GC(49119) Expanding ParOldGen from 71168K by 11264K to 82432K
[2020-08-10T13:09:13.646+0300][1493.190s][info ][gc] GC(49119) Pause Full (Ergonomics) 69M->69M(82M) 167.465ms
[2020-08-10T13:09:13.675+0300][1493.219s][info ][gc] GC(49120) Pause Young (Allocation Failure) 70M->70M(82M) 27.912ms
[2020-08-10T13:09:13.689+0300][1493.233s][info ][gc] GC(49121) Pause Young (Allocation Failure) 71M->71M(82M) 13.815ms
[2020-08-10T13:09:13.703+0300][1493.247s][info ][gc] GC(49122) Pause Young (Allocation Failure) 72M->72M(82M) 13.665ms
[2020-08-10T13:09:13.718+0300][1493.262s][info ][gc] GC(49123) Pause Young (Allocation Failure) 73M->73M(82M) 13.739ms
[2020-08-10T13:09:13.732+0300][1493.276s][info ][gc] GC(49124) Pause Young (Allocation Failure) 74M->74M(82M) 13.714ms
[2020-08-10T13:09:13.747+0300][1493.291s][info ][gc] GC(49125) Pause Young (Allocation Failure) 75M->75M(82M) 13.899ms
[2020-08-10T13:09:13.761+0300][1493.305s][info ][gc] GC(49126) Pause Young (Allocation Failure) 76M->76M(82M) 13.883ms
[2020-08-10T13:09:13.775+0300][1493.320s][info ][gc] GC(49127) Pause Young (Allocation Failure) 77M->77M(82M) 13.844ms
[2020-08-10T13:09:13.790+0300][1493.334s][info ][gc] GC(49128) Pause Young (Allocation Failure) 78M->78M(82M) 13.883ms
[2020-08-10T13:09:13.804+0300][1493.349s][info ][gc] GC(49129) Pause Young (Allocation Failure) 79M->79M(82M) 13.833ms
[2020-08-10T13:09:13.819+0300][1493.363s][info ][gc] GC(49130) Pause Young (Allocation Failure) 80M->80M(82M) 13.887ms
[2020-08-10T13:09:13.833+0300][1493.378s][info ][gc] GC(49131) Pause Young (Allocation Failure) 81M->81M(82M) 14.019ms
[2020-08-10T13:09:14.076+0300][1493.620s][debug][gc] GC(49132) Expanding ParOldGen from 82432K by 11776K to 94208K
[2020-08-10T13:09:14.076+0300][1493.620s][info ][gc] GC(49132) Pause Full (Ergonomics) 81M->80M(94M) 242.119ms
[2020-08-10T13:09:14.127+0300][1493.671s][info ][gc] GC(49133) Pause Young (Allocation Failure) 81M->81M(94M) 50.278ms
[2020-08-10T13:09:14.142+0300][1493.686s][info ][gc] GC(49134) Pause Young (Allocation Failure) 82M->82M(94M) 14.558ms
[2020-08-10T13:09:14.157+0300][1493.701s][info ][gc] GC(49135) Pause Young (Allocation Failure) 83M->83M(94M) 14.207ms
[2020-08-10T13:09:14.171+0300][1493.715s][info ][gc] GC(49136) Pause Young (Allocation Failure) 84M->84M(94M) 14.064ms
[2020-08-10T13:09:14.186+0300][1493.730s][info ][gc] GC(49137) Pause Young (Allocation Failure) 85M->85M(94M) 14.129ms
[2020-08-10T13:09:14.201+0300][1493.745s][info ][gc] GC(49138) Pause Young (Allocation Failure) 86M->86M(94M) 14.283ms
[2020-08-10T13:09:14.216+0300][1493.760s][info ][gc] GC(49139) Pause Young (Allocation Failure) 87M->87M(94M) 14.442ms
[2020-08-10T13:09:14.231+0300][1493.775s][info ][gc] GC(49140) Pause Young (Allocation Failure) 88M->88M(94M) 14.889ms
[2020-08-10T13:09:14.246+0300][1493.790s][info ][gc] GC(49141) Pause Young (Allocation Failure) 89M->89M(94M) 14.580ms
[2020-08-10T13:09:14.261+0300][1493.805s][info ][gc] GC(49142) Pause Young (Allocation Failure) 90M->90M(94M) 14.525ms
[2020-08-10T13:09:14.276+0300][1493.820s][info ][gc] GC(49143) Pause Young (Allocation Failure) 91M->91M(94M) 14.557ms
[2020-08-10T13:09:14.291+0300][1493.836s][info ][gc] GC(49144) Pause Young (Allocation Failure) 92M->92M(94M) 14.643ms
[2020-08-10T13:09:14.506+0300][1494.051s][debug][gc] GC(49145) Expanding ParOldGen from 94208K by 11264K to 105472K
[2020-08-10T13:09:14.507+0300][1494.051s][info ][gc] GC(49145) Pause Full (Ergonomics) 92M->92M(105M) 214.892ms
[2020-08-10T13:09:14.542+0300][1494.087s][info ][gc] GC(49146) Pause Young (Allocation Failure) 93M->93M(105M) 35.441ms
[2020-08-10T13:09:14.558+0300][1494.102s][info ][gc] GC(49147) Pause Young (Allocation Failure) 94M->94M(105M) 14.791ms
[2020-08-10T13:09:14.573+0300][1494.117s][info ][gc] GC(49148) Pause Young (Allocation Failure) 95M->95M(105M) 14.905ms
[2020-08-10T13:09:14.589+0300][1494.133s][info ][gc] GC(49149) Pause Young (Allocation Failure) 96M->96M(105M) 15.110ms
[2020-08-10T13:09:14.605+0300][1494.149s][info ][gc] GC(49150) Pause Young (Allocation Failure) 97M->97M(105M) 15.177ms
[2020-08-10T13:09:14.620+0300][1494.165s][info ][gc] GC(49151) Pause Young (Allocation Failure) 98M->97M(105M) 15.287ms
[2020-08-10T13:09:14.636+0300][1494.180s][info ][gc] GC(49152) Pause Young (Allocation Failure) 98M->98M(105M) 15.352ms
[2020-08-10T13:09:14.652+0300][1494.197s][info ][gc] GC(49153) Pause Young (Allocation Failure) 99M->99M(105M) 15.533ms
[2020-08-10T13:09:14.669+0300][1494.213s][info ][gc] GC(49154) Pause Young (Allocation Failure) 100M->100M(105M) 15.688ms
[2020-08-10T13:09:14.685+0300][1494.229s][info ][gc] GC(49155) Pause Young (Allocation Failure) 101M->101M(105M) 15.849ms
[2020-08-10T13:09:14.701+0300][1494.245s][info ][gc] GC(49156) Pause Young (Allocation Failure) 102M->102M(105M) 15.632ms
[2020-08-10T13:09:14.718+0300][1494.262s][info ][gc] GC(49157) Pause Young (Allocation Failure) 103M->103M(105M) 15.783ms
[2020-08-10T13:09:14.964+0300][1494.507s][debug][gc] GC(49158) Expanding ParOldGen from 105472K by 11264K to 116736K
[2020-08-10T13:09:14.964+0300][1494.508s][info ][gc] GC(49158) Pause Full (Ergonomics) 103M->103M(116M) 245.557ms
[2020-08-10T13:09:15.013+0300][1494.556s][info ][gc] GC(49159) Pause Young (Allocation Failure) 104M->104M(116M) 47.904ms
[2020-08-10T13:09:15.029+0300][1494.572s][info ][gc] GC(49160) Pause Young (Allocation Failure) 105M->105M(116M) 15.959ms
[2020-08-10T13:09:15.046+0300][1494.589s][info ][gc] GC(49161) Pause Young (Allocation Failure) 106M->106M(116M) 16.271ms
[2020-08-10T13:09:15.063+0300][1494.606s][info ][gc] GC(49162) Pause Young (Allocation Failure) 107M->107M(116M) 15.874ms
[2020-08-10T13:09:15.080+0300][1494.623s][info ][gc] GC(49163) Pause Young (Allocation Failure) 108M->108M(116M) 16.628ms
[2020-08-10T13:09:15.096+0300][1494.640s][info ][gc] GC(49164) Pause Young (Allocation Failure) 109M->109M(116M) 16.401ms
[2020-08-10T13:09:15.113+0300][1494.656s][info ][gc] GC(49165) Pause Young (Allocation Failure) 110M->110M(116M) 16.301ms
[2020-08-10T13:09:15.130+0300][1494.673s][info ][gc] GC(49166) Pause Young (Allocation Failure) 111M->111M(116M) 16.572ms
[2020-08-10T13:09:15.147+0300][1494.690s][info ][gc] GC(49167) Pause Young (Allocation Failure) 112M->112M(116M) 16.634ms
[2020-08-10T13:09:15.166+0300][1494.709s][info ][gc] GC(49168) Pause Young (Allocation Failure) 113M->113M(116M) 18.148ms
[2020-08-10T13:09:15.183+0300][1494.726s][info ][gc] GC(49169) Pause Young (Allocation Failure) 114M->113M(115M) 16.695ms
[2020-08-10T13:09:15.467+0300][1495.010s][debug][gc] GC(49170) Expanding ParOldGen from 116736K by 11776K to 128512K
[2020-08-10T13:09:15.467+0300][1495.010s][info ][gc] GC(49170) Pause Full (Ergonomics) 113M->113M(128M) 283.855ms
[2020-08-10T13:09:15.482+0300][1495.025s][info ][gc] GC(49171) Pause Young (Allocation Failure) 114M->114M(128M) 14.574ms
[2020-08-10T13:09:15.499+0300][1495.043s][info ][gc] GC(49172) Pause Young (Allocation Failure) 115M->115M(128M) 16.974ms
[2020-08-10T13:09:15.517+0300][1495.060s][info ][gc] GC(49173) Pause Young (Allocation Failure) 116M->116M(128M) 17.210ms
[2020-08-10T13:09:15.535+0300][1495.078s][info ][gc] GC(49174) Pause Young (Allocation Failure) 117M->117M(128M) 17.231ms
[2020-08-10T13:09:15.553+0300][1495.096s][info ][gc] GC(49175) Pause Young (Allocation Failure) 118M->118M(128M) 17.197ms
[2020-08-10T13:09:15.570+0300][1495.113s][info ][gc] GC(49176) Pause Young (Allocation Failure) 119M->119M(128M) 16.859ms
[2020-08-10T13:09:15.588+0300][1495.131s][info ][gc] GC(49177) Pause Young (Allocation Failure) 120M->120M(128M) 17.308ms
[2020-08-10T13:09:15.605+0300][1495.148s][info ][gc] GC(49178) Pause Young (Allocation Failure) 121M->121M(128M) 17.098ms
[2020-08-10T13:09:15.650+0300][1495.194s][info ][gc] GC(49179) Pause Young (Allocation Failure) 122M->122M(128M) 44.829ms
[2020-08-10T13:09:15.674+0300][1495.218s][info ][gc] GC(49180) Pause Young (Allocation Failure) 123M->123M(128M) 23.197ms
[2020-08-10T13:09:15.692+0300][1495.236s][info ][gc] GC(49181) Pause Young (Allocation Failure) 124M->124M(128M) 17.540ms
[2020-08-10T13:09:15.710+0300][1495.254s][info ][gc] GC(49182) Pause Young (Allocation Failure) 125M->125M(128M) 17.450ms
[2020-08-10T13:09:15.728+0300][1495.271s][info ][gc] GC(49183) Pause Young (Allocation Failure) 126M->126M(128M) 17.535ms
[2020-08-10T13:09:16.058+0300][1495.601s][debug][gc] GC(49184) Expanding ParOldGen from 128512K by 11264K to 139776K
[2020-08-10T13:09:16.058+0300][1495.601s][info ][gc] GC(49184) Pause Full (Ergonomics) 126M->126M(139M) 329.489ms
[2020-08-10T13:09:16.092+0300][1495.635s][info ][gc] GC(49185) Pause Young (Allocation Failure) 127M->127M(139M) 33.599ms
[2020-08-10T13:09:16.110+0300][1495.653s][info ][gc] GC(49186) Pause Young (Allocation Failure) 128M->128M(139M) 17.954ms
[2020-08-10T13:09:16.129+0300][1495.672s][info ][gc] GC(49187) Pause Young (Allocation Failure) 129M->128M(139M) 17.886ms
[2020-08-10T13:09:16.148+0300][1495.691s][info ][gc] GC(49188) Pause Young (Allocation Failure) 129M->129M(139M) 18.957ms
[2020-08-10T13:09:16.167+0300][1495.710s][info ][gc] GC(49189) Pause Young (Allocation Failure) 130M->130M(139M) 18.369ms
[2020-08-10T13:09:16.186+0300][1495.729s][info ][gc] GC(49190) Pause Young (Allocation Failure) 131M->131M(139M) 18.314ms
[2020-08-10T13:09:16.205+0300][1495.748s][info ][gc] GC(49191) Pause Young (Allocation Failure) 132M->132M(139M) 18.737ms
[2020-08-10T13:09:16.224+0300][1495.767s][info ][gc] GC(49192) Pause Young (Allocation Failure) 133M->133M(139M) 18.218ms
[2020-08-10T13:09:16.243+0300][1495.786s][info ][gc] GC(49193) Pause Young (Allocation Failure) 134M->134M(139M) 18.363ms
[2020-08-10T13:09:16.261+0300][1495.804s][info ][gc] GC(49194) Pause Young (Allocation Failure) 135M->135M(139M) 17.931ms
[2020-08-10T13:09:16.261+0300][1495.805s][debug][gc] Expanding ParOldGen from 139776K by 19968K to 159744K
[2020-08-10T13:09:16.285+0300][1495.828s][info ][gc] GC(49195) Pause Young (Allocation Failure) 155M->155M(158M) 15.924ms
[2020-08-10T13:09:16.299+0300][1495.842s][info ][gc] GC(49196) Pause Young (Allocation Failure) 156M->156M(158M) 13.683ms
[2020-08-10T13:09:16.330+0300][1495.873s][debug][gc] GC(49197) Shrinking ParOldGen from 159744K by 124928K to 34816K
[2020-08-10T13:09:16.330+0300][1495.873s][info ][gc] GC(49197) Pause Full (Ergonomics) 156M->22M(36M) 30.639ms
[2020-08-10T13:09:16.344+0300][1495.887s][info ][gc] GC(49198) Pause Young (Allocation Failure) 23M->23M(36M) 13.033ms
[2020-08-10T13:09:16.357+0300][1495.900s][info ][gc] GC(49199) Pause Young (Allocation Failure) 24M->24M(36M) 13.265ms
[2020-08-10T13:09:16.371+0300][1495.914s][info ][gc] GC(49200) Pause Young (Allocation Failure) 25M->25M(36M) 13.337ms
[2020-08-10T13:09:16.385+0300][1495.928s][info ][gc] GC(49201) Pause Young (Allocation Failure) 26M->26M(36M) 13.489ms
[2020-08-10T13:09:16.399+0300][1495.942s][info ][gc] GC(49202) Pause Young (Allocation Failure) 27M->27M(36M) 13.431ms
[2020-08-10T13:09:16.412+0300][1495.956s][info ][gc] GC(49203) Pause Young (Allocation Failure) 28M->28M(36M) 13.388ms
[2020-08-10T13:09:16.426+0300][1495.970s][info ][gc] GC(49204) Pause Young (Allocation Failure) 29M->29M(36M) 13.376ms
[2020-08-10T13:09:16.440+0300][1495.983s][info ][gc] GC(49205) Pause Young (Allocation Failure) 30M->30M(36M) 13.195ms
[2020-08-10T13:09:16.454+0300][1495.997s][info ][gc] GC(49206) Pause Young (Allocation Failure) 31M->31M(36M) 13.509ms
[2020-08-10T13:09:16.468+0300][1496.011s][info ][gc] GC(49207) Pause Young (Allocation Failure) 32M->32M(36M) 13.367ms
[2020-08-10T13:09:16.482+0300][1496.025s][info ][gc] GC(49208) Pause Young (Allocation Failure) 33M->33M(36M) 13.432ms
[2020-08-10T13:09:16.496+0300][1496.039s][info ][gc] GC(49209) Pause Young (Allocation Failure) 34M->34M(36M) 13.562ms
[2020-08-10T13:09:16.559+0300][1496.102s][debug][gc] GC(49210) Expanding ParOldGen from 34816K by 11264K to 46080K
[2020-08-10T13:09:16.559+0300][1496.102s][info ][gc] GC(49210) Pause Full (Ergonomics) 34M->34M(47M) 62.699ms
[2020-08-10T13:09:16.576+0300][1496.119s][info ][gc] GC(49211) Pause Young (Allocation Failure) 35M->35M(47M) 16.581ms
[2020-08-10T13:09:16.590+0300][1496.133s][info ][gc] GC(49212) Pause Young (Allocation Failure) 36M->36M(47M) 13.550ms
[2020-08-10T13:09:16.604+0300][1496.147s][info ][gc] GC(49213) Pause Young (Allocation Failure) 37M->37M(47M) 13.378ms
[2020-08-10T13:09:16.618+0300][1496.161s][info ][gc] GC(49214) Pause Young (Allocation Failure) 38M->38M(47M) 13.315ms
[2020-08-10T13:09:16.632+0300][1496.175s][info ][gc] GC(49215) Pause Young (Allocation Failure) 39M->38M(47M) 13.576ms
[2020-08-10T13:09:16.646+0300][1496.189s][info ][gc] GC(49216) Pause Young (Allocation Failure) 39M->39M(47M) 13.600ms
[2020-08-10T13:09:16.660+0300][1496.203s][info ][gc] GC(49217) Pause Young (Allocation Failure) 40M->40M(47M) 13.509ms
[2020-08-10T13:09:16.674+0300][1496.217s][info ][gc] GC(49218) Pause Young (Allocation Failure) 41M->41M(47M) 13.311ms
[2020-08-10T13:09:16.688+0300][1496.231s][info ][gc] GC(49219) Pause Young (Allocation Failure) 42M->42M(47M) 13.554ms
[2020-08-10T13:09:16.702+0300][1496.245s][info ][gc] GC(49220) Pause Young (Allocation Failure) 43M->43M(47M) 13.573ms
[2020-08-10T13:09:16.716+0300][1496.259s][info ][gc] GC(49221) Pause Young (Allocation Failure) 44M->44M(47M) 13.532ms
[2020-08-10T13:09:16.730+0300][1496.273s][info ][gc] GC(49222) Pause Young (Allocation Failure) 45M->45M(47M) 13.464ms
[2020-08-10T13:09:16.818+0300][1496.361s][debug][gc] GC(49223) Expanding ParOldGen from 46080K by 11264K to 57344K
[2020-08-10T13:09:16.818+0300][1496.361s][info ][gc] GC(49223) Pause Full (Ergonomics) 45M->45M(58M) 87.857ms
[2020-08-10T13:09:16.837+0300][1496.381s][info ][gc] GC(49224) Pause Young (Allocation Failure) 46M->46M(58M) 19.128ms
[2020-08-10T13:09:16.852+0300][1496.395s][info ][gc] GC(49225) Pause Young (Allocation Failure) 47M->47M(58M) 13.691ms
[2020-08-10T13:09:16.866+0300][1496.409s][info ][gc] GC(49226) Pause Young (Allocation Failure) 48M->48M(58M) 13.636ms
[2020-08-10T13:09:16.880+0300][1496.423s][info ][gc] GC(49227) Pause Young (Allocation Failure) 49M->49M(58M) 13.517ms
[2020-08-10T13:09:16.894+0300][1496.437s][info ][gc] GC(49228) Pause Young (Allocation Failure) 50M->50M(58M) 13.365ms
[2020-08-10T13:09:16.907+0300][1496.451s][info ][gc] GC(49229) Pause Young (Allocation Failure) 51M->51M(58M) 13.488ms
[2020-08-10T13:09:16.921+0300][1496.465s][info ][gc] GC(49230) Pause Young (Allocation Failure) 52M->52M(58M) 13.544ms
[2020-08-10T13:09:16.935+0300][1496.479s][info ][gc] GC(49231) Pause Young (Allocation Failure) 53M->53M(58M) 13.548ms
[2020-08-10T13:09:16.949+0300][1496.493s][info ][gc] GC(49232) Pause Young (Allocation Failure) 54M->54M(58M) 13.483ms
[2020-08-10T13:09:16.964+0300][1496.507s][info ][gc] GC(49233) Pause Young (Allocation Failure) 55M->55M(58M) 13.642ms
[2020-08-10T13:09:16.978+0300][1496.521s][info ][gc] GC(49234) Pause Young (Allocation Failure) 56M->56M(58M) 13.516ms
[2020-08-10T13:09:17.093+0300][1496.636s][debug][gc] GC(49235) Expanding ParOldGen from 57344K by 11264K to 68608K
[2020-08-10T13:09:17.093+0300][1496.636s][info ][gc] GC(49235) Pause Full (Ergonomics) 56M->55M(69M) 115.108ms
[2020-08-10T13:09:17.106+0300][1496.650s][info ][gc] GC(49236) Pause Young (Allocation Failure) 56M->56M(69M) 13.012ms
[2020-08-10T13:09:17.120+0300][1496.664s][info ][gc] GC(49237) Pause Young (Allocation Failure) 57M->57M(69M) 13.482ms
[2020-08-10T13:09:17.134+0300][1496.678s][info ][gc] GC(49238) Pause Young (Allocation Failure) 58M->58M(69M) 13.461ms
[2020-08-10T13:09:17.148+0300][1496.692s][info ][gc] GC(49239) Pause Young (Allocation Failure) 59M->59M(69M) 13.408ms
[2020-08-10T13:09:17.162+0300][1496.706s][info ][gc] GC(49240) Pause Young (Allocation Failure) 60M->60M(69M) 13.528ms
[2020-08-10T13:09:17.176+0300][1496.720s][info ][gc] GC(49241) Pause Young (Allocation Failure) 61M->61M(69M) 13.503ms
[2020-08-10T13:09:17.190+0300][1496.734s][info ][gc] GC(49242) Pause Young (Allocation Failure) 62M->62M(69M) 13.454ms
[2020-08-10T13:09:17.204+0300][1496.748s][info ][gc] GC(49243) Pause Young (Allocation Failure) 63M->63M(69M) 13.448ms
[2020-08-10T13:09:17.218+0300][1496.762s][info ][gc] GC(49244) Pause Young (Allocation Failure) 64M->64M(69M) 13.546ms
[2020-08-10T13:09:17.232+0300][1496.776s][info ][gc] GC(49245) Pause Young (Allocation Failure) 65M->65M(69M) 13.587ms
[2020-08-10T13:09:17.246+0300][1496.790s][info ][gc] GC(49246) Pause Young (Allocation Failure) 66M->66M(69M) 13.449ms
[2020-08-10T13:09:17.260+0300][1496.804s][info ][gc] GC(49247) Pause Young (Allocation Failure) 67M->67M(69M) 13.464ms
[2020-08-10T13:09:17.415+0300][1496.959s][debug][gc] GC(49248) Expanding ParOldGen from 68608K by 11264K to 79872K
[2020-08-10T13:09:17.415+0300][1496.959s][info ][gc] GC(49248) Pause Full (Ergonomics) 67M->67M(80M) 154.711ms
[2020-08-10T13:09:17.443+0300][1496.986s][info ][gc] GC(49249) Pause Young (Allocation Failure) 68M->68M(80M) 27.097ms
[2020-08-10T13:09:17.457+0300][1497.001s][info ][gc] GC(49250) Pause Young (Allocation Failure) 69M->69M(80M) 13.793ms
[2020-08-10T13:09:17.472+0300][1497.015s][info ][gc] GC(49251) Pause Young (Allocation Failure) 70M->70M(80M) 13.797ms
[2020-08-10T13:09:17.486+0300][1497.029s][info ][gc] GC(49252) Pause Young (Allocation Failure) 71M->70M(80M) 13.814ms
[2020-08-10T13:09:17.500+0300][1497.044s][info ][gc] GC(49253) Pause Young (Allocation Failure) 71M->71M(80M) 13.911ms
[2020-08-10T13:09:17.515+0300][1497.058s][info ][gc] GC(49254) Pause Young (Allocation Failure) 72M->72M(80M) 13.763ms
[2020-08-10T13:09:17.529+0300][1497.072s][info ][gc] GC(49255) Pause Young (Allocation Failure) 73M->73M(80M) 13.896ms
[2020-08-10T13:09:17.544+0300][1497.087s][info ][gc] GC(49256) Pause Young (Allocation Failure) 74M->74M(80M) 13.887ms
[2020-08-10T13:09:17.558+0300][1497.101s][info ][gc] GC(49257) Pause Young (Allocation Failure) 75M->75M(80M) 13.720ms
[2020-08-10T13:09:17.572+0300][1497.115s][info ][gc] GC(49258) Pause Young (Allocation Failure) 76M->76M(80M) 13.782ms
