[2020-08-10T13:01:41.887+0300][1041.433s][info ][gc] GC(32862) Pause Young (Allocation Failure) 43M->43M(45M) 13.993ms
[2020-08-10T13:01:41.973+0300][1041.519s][debug][gc] GC(32863) Expanding ParOldGen from 44032K by 11776K to 55808K
[2020-08-10T13:01:41.973+0300][1041.519s][info ][gc] GC(32863) Pause Full (Ergonomics) 43M->42M(56M) 85.498ms
[2020-08-10T13:01:41.987+0300][1041.533s][info ][gc] GC(32864) Pause Young (Allocation Failure) 43M->43M(56M) 13.476ms
[2020-08-10T13:01:42.002+0300][1041.548s][info ][gc] GC(32865) Pause Young (Allocation Failure) 44M->44M(56M) 14.055ms
[2020-08-10T13:01:42.017+0300][1041.563s][info ][gc] GC(32866) Pause Young (Allocation Failure) 45M->45M(56M) 13.947ms
[2020-08-10T13:01:42.031+0300][1041.577s][info ][gc] GC(32867) Pause Young (Allocation Failure) 46M->46M(56M) 14.037ms
[2020-08-10T13:01:42.046+0300][1041.592s][info ][gc] GC(32868) Pause Young (Allocation Failure) 47M->47M(56M) 14.078ms
[2020-08-10T13:01:42.061+0300][1041.607s][info ][gc] GC(32869) Pause Young (Allocation Failure) 48M->48M(56M) 13.976ms
[2020-08-10T13:01:42.075+0300][1041.621s][info ][gc] GC(32870) Pause Young (Allocation Failure) 49M->49M(56M) 14.025ms
[2020-08-10T13:01:42.090+0300][1041.636s][info ][gc] GC(32871) Pause Young (Allocation Failure) 50M->50M(56M) 13.985ms
[2020-08-10T13:01:42.104+0300][1041.650s][info ][gc] GC(32872) Pause Young (Allocation Failure) 51M->51M(56M) 14.004ms
[2020-08-10T13:01:42.119+0300][1041.665s][info ][gc] GC(32873) Pause Young (Allocation Failure) 52M->52M(56M) 14.083ms
[2020-08-10T13:01:42.134+0300][1041.680s][info ][gc] GC(32874) Pause Young (Allocation Failure) 53M->53M(56M) 14.010ms
[2020-08-10T13:01:42.148+0300][1041.694s][info ][gc] GC(32875) Pause Young (Allocation Failure) 54M->54M(56M) 14.085ms
[2020-08-10T13:01:42.270+0300][1041.816s][debug][gc] GC(32876) Expanding ParOldGen from 55808K by 11264K to 67072K
[2020-08-10T13:01:42.270+0300][1041.816s][info ][gc] GC(32876) Pause Full (Ergonomics) 54M->54M(67M) 121.457ms
[2020-08-10T13:01:42.284+0300][1041.830s][info ][gc] GC(32877) Pause Young (Allocation Failure) 55M->55M(67M) 13.593ms
[2020-08-10T13:01:42.308+0300][1041.854s][info ][gc] GC(32878) Pause Young (Allocation Failure) 56M->56M(67M) 23.733ms
[2020-08-10T13:01:42.323+0300][1041.869s][info ][gc] GC(32879) Pause Young (Allocation Failure) 57M->57M(67M) 13.801ms
[2020-08-10T13:01:42.337+0300][1041.883s][info ][gc] GC(32880) Pause Young (Allocation Failure) 58M->58M(67M) 13.963ms
[2020-08-10T13:01:42.352+0300][1041.898s][info ][gc] GC(32881) Pause Young (Allocation Failure) 59M->58M(67M) 13.921ms
[2020-08-10T13:01:42.366+0300][1041.912s][info ][gc] GC(32882) Pause Young (Allocation Failure) 59M->59M(67M) 13.969ms
[2020-08-10T13:01:42.381+0300][1041.927s][info ][gc] GC(32883) Pause Young (Allocation Failure) 60M->60M(67M) 13.887ms
[2020-08-10T13:01:42.395+0300][1041.941s][info ][gc] GC(32884) Pause Young (Allocation Failure) 61M->61M(67M) 14.017ms
[2020-08-10T13:01:42.410+0300][1041.956s][info ][gc] GC(32885) Pause Young (Allocation Failure) 62M->62M(67M) 14.003ms
[2020-08-10T13:01:42.424+0300][1041.970s][info ][gc] GC(32886) Pause Young (Allocation Failure) 63M->63M(67M) 14.092ms
[2020-08-10T13:01:42.439+0300][1041.985s][info ][gc] GC(32887) Pause Young (Allocation Failure) 64M->64M(67M) 14.058ms
[2020-08-10T13:01:42.454+0300][1042.000s][info ][gc] GC(32888) Pause Young (Allocation Failure) 65M->65M(67M) 14.086ms
[2020-08-10T13:01:42.603+0300][1042.149s][debug][gc] GC(32889) Expanding ParOldGen from 67072K by 11264K to 78336K
[2020-08-10T13:01:42.603+0300][1042.149s][info ][gc] GC(32889) Pause Full (Ergonomics) 65M->65M(78M) 149.058ms
[2020-08-10T13:01:42.631+0300][1042.177s][info ][gc] GC(32890) Pause Young (Allocation Failure) 66M->66M(78M) 27.221ms
[2020-08-10T13:01:42.664+0300][1042.210s][info ][gc] GC(32891) Pause Young (Allocation Failure) 67M->67M(78M) 32.645ms
[2020-08-10T13:01:42.679+0300][1042.225s][info ][gc] GC(32892) Pause Young (Allocation Failure) 68M->68M(78M) 14.283ms
[2020-08-10T13:01:42.693+0300][1042.240s][info ][gc] GC(32893) Pause Young (Allocation Failure) 69M->69M(78M) 14.318ms
[2020-08-10T13:01:42.709+0300][1042.255s][info ][gc] GC(32894) Pause Young (Allocation Failure) 70M->70M(78M) 14.327ms
[2020-08-10T13:01:42.723+0300][1042.270s][info ][gc] GC(32895) Pause Young (Allocation Failure) 71M->71M(78M) 14.275ms
[2020-08-10T13:01:42.738+0300][1042.284s][info ][gc] GC(32896) Pause Young (Allocation Failure) 72M->72M(78M) 14.304ms
[2020-08-10T13:01:42.753+0300][1042.299s][info ][gc] GC(32897) Pause Young (Allocation Failure) 73M->73M(78M) 14.284ms
[2020-08-10T13:01:42.768+0300][1042.314s][info ][gc] GC(32898) Pause Young (Allocation Failure) 74M->74M(78M) 14.135ms
[2020-08-10T13:01:42.782+0300][1042.329s][info ][gc] GC(32899) Pause Young (Allocation Failure) 75M->75M(78M) 14.201ms
[2020-08-10T13:01:42.797+0300][1042.343s][info ][gc] GC(32900) Pause Young (Allocation Failure) 76M->75M(78M) 14.132ms
[2020-08-10T13:01:42.812+0300][1042.358s][info ][gc] GC(32901) Pause Young (Allocation Failure) 76M->76M(78M) 14.034ms
[2020-08-10T13:01:42.988+0300][1042.534s][debug][gc] GC(32902) Expanding ParOldGen from 78336K by 11264K to 89600K
[2020-08-10T13:01:42.988+0300][1042.535s][info ][gc] GC(32902) Pause Full (Ergonomics) 76M->76M(89M) 176.537ms
[2020-08-10T13:01:43.020+0300][1042.566s][info ][gc] GC(32903) Pause Young (Allocation Failure) 77M->77M(89M) 30.842ms
[2020-08-10T13:01:43.035+0300][1042.581s][info ][gc] GC(32904) Pause Young (Allocation Failure) 78M->78M(89M) 14.316ms
[2020-08-10T13:01:43.050+0300][1042.596s][info ][gc] GC(32905) Pause Young (Allocation Failure) 79M->79M(89M) 14.401ms
[2020-08-10T13:01:43.065+0300][1042.611s][info ][gc] GC(32906) Pause Young (Allocation Failure) 80M->80M(89M) 14.492ms
[2020-08-10T13:01:43.080+0300][1042.626s][info ][gc] GC(32907) Pause Young (Allocation Failure) 81M->81M(89M) 14.543ms
[2020-08-10T13:01:43.095+0300][1042.641s][info ][gc] GC(32908) Pause Young (Allocation Failure) 82M->82M(89M) 14.438ms
[2020-08-10T13:01:43.110+0300][1042.656s][info ][gc] GC(32909) Pause Young (Allocation Failure) 83M->83M(89M) 14.650ms
[2020-08-10T13:01:43.125+0300][1042.671s][info ][gc] GC(32910) Pause Young (Allocation Failure) 84M->84M(89M) 14.663ms
[2020-08-10T13:01:43.141+0300][1042.687s][info ][gc] GC(32911) Pause Young (Allocation Failure) 85M->85M(89M) 14.675ms
[2020-08-10T13:01:43.156+0300][1042.702s][info ][gc] GC(32912) Pause Young (Allocation Failure) 86M->86M(89M) 14.829ms
[2020-08-10T13:01:43.171+0300][1042.717s][info ][gc] GC(32913) Pause Young (Allocation Failure) 87M->87M(89M) 14.838ms
[2020-08-10T13:01:43.187+0300][1042.733s][info ][gc] GC(32914) Pause Young (Allocation Failure) 88M->88M(89M) 14.806ms
[2020-08-10T13:01:43.400+0300][1042.946s][debug][gc] GC(32915) Expanding ParOldGen from 89600K by 11264K to 100864K
[2020-08-10T13:01:43.400+0300][1042.946s][info ][gc] GC(32915) Pause Full (Ergonomics) 88M->88M(100M) 213.267ms
[2020-08-10T13:01:43.435+0300][1042.981s][info ][gc] GC(32916) Pause Young (Allocation Failure) 89M->89M(100M) 33.986ms
[2020-08-10T13:01:43.450+0300][1042.996s][info ][gc] GC(32917) Pause Young (Allocation Failure) 90M->90M(100M) 15.107ms
[2020-08-10T13:01:43.466+0300][1043.012s][info ][gc] GC(32918) Pause Young (Allocation Failure) 91M->90M(100M) 15.150ms
[2020-08-10T13:01:43.482+0300][1043.028s][info ][gc] GC(32919) Pause Young (Allocation Failure) 91M->91M(100M) 15.436ms
[2020-08-10T13:01:43.498+0300][1043.044s][info ][gc] GC(32920) Pause Young (Allocation Failure) 92M->92M(100M) 15.490ms
[2020-08-10T13:01:43.514+0300][1043.060s][info ][gc] GC(32921) Pause Young (Allocation Failure) 93M->93M(100M) 15.434ms
[2020-08-10T13:01:43.530+0300][1043.076s][info ][gc] GC(32922) Pause Young (Allocation Failure) 94M->94M(100M) 15.521ms
[2020-08-10T13:01:43.546+0300][1043.092s][info ][gc] GC(32923) Pause Young (Allocation Failure) 95M->95M(100M) 15.256ms
[2020-08-10T13:01:43.562+0300][1043.108s][info ][gc] GC(32924) Pause Young (Allocation Failure) 96M->96M(100M) 15.563ms
[2020-08-10T13:01:43.578+0300][1043.124s][info ][gc] GC(32925) Pause Young (Allocation Failure) 97M->97M(100M) 15.966ms
[2020-08-10T13:01:43.594+0300][1043.140s][info ][gc] GC(32926) Pause Young (Allocation Failure) 98M->98M(100M) 14.666ms
[2020-08-10T13:01:43.835+0300][1043.381s][debug][gc] GC(32927) Expanding ParOldGen from 100864K by 10752K to 111616K
[2020-08-10T13:01:43.835+0300][1043.381s][info ][gc] GC(32927) Pause Full (Ergonomics) 98M->97M(111M) 241.282ms
[2020-08-10T13:01:43.849+0300][1043.395s][info ][gc] GC(32928) Pause Young (Allocation Failure) 98M->98M(111M) 13.435ms
[2020-08-10T13:01:43.863+0300][1043.409s][info ][gc] GC(32929) Pause Young (Allocation Failure) 98M->98M(111M) 13.739ms
[2020-08-10T13:01:43.877+0300][1043.423s][info ][gc] GC(32930) Pause Young (Allocation Failure) 99M->99M(111M) 13.619ms
[2020-08-10T13:01:43.891+0300][1043.437s][info ][gc] GC(32931) Pause Young (Allocation Failure) 99M->99M(111M) 13.634ms
[2020-08-10T13:01:43.905+0300][1043.452s][info ][gc] GC(32932) Pause Young (Allocation Failure) 100M->100M(111M) 13.559ms
[2020-08-10T13:01:43.919+0300][1043.466s][info ][gc] GC(32933) Pause Young (Allocation Failure) 100M->100M(111M) 13.569ms
[2020-08-10T13:01:43.934+0300][1043.480s][info ][gc] GC(32934) Pause Young (Allocation Failure) 101M->101M(111M) 13.685ms
[2020-08-10T13:01:43.948+0300][1043.494s][info ][gc] GC(32935) Pause Young (Allocation Failure) 101M->101M(111M) 13.652ms
[2020-08-10T13:01:43.962+0300][1043.508s][info ][gc] GC(32936) Pause Young (Allocation Failure) 102M->102M(111M) 13.682ms
[2020-08-10T13:01:43.976+0300][1043.522s][info ][gc] GC(32937) Pause Young (Allocation Failure) 102M->102M(111M) 13.674ms
[2020-08-10T13:01:43.990+0300][1043.536s][info ][gc] GC(32938) Pause Young (Allocation Failure) 103M->103M(111M) 13.752ms
[2020-08-10T13:01:44.004+0300][1043.550s][info ][gc] GC(32939) Pause Young (Allocation Failure) 103M->103M(111M) 13.671ms
[2020-08-10T13:01:44.018+0300][1043.565s][info ][gc] GC(32940) Pause Young (Allocation Failure) 104M->104M(111M) 13.712ms
[2020-08-10T13:01:44.033+0300][1043.579s][info ][gc] GC(32941) Pause Young (Allocation Failure) 104M->104M(111M) 13.695ms
[2020-08-10T13:01:44.047+0300][1043.593s][info ][gc] GC(32942) Pause Young (Allocation Failure) 104M->104M(111M) 13.752ms
[2020-08-10T13:01:44.061+0300][1043.608s][info ][gc] GC(32943) Pause Young (Allocation Failure) 105M->105M(110M) 13.937ms
[2020-08-10T13:01:44.076+0300][1043.622s][info ][gc] GC(32944) Pause Young (Allocation Failure) 105M->105M(110M) 13.715ms
[2020-08-10T13:01:44.090+0300][1043.636s][info ][gc] GC(32945) Pause Young (Allocation Failure) 106M->106M(110M) 13.747ms
[2020-08-10T13:01:44.104+0300][1043.650s][info ][gc] GC(32946) Pause Young (Allocation Failure) 106M->106M(110M) 13.718ms
[2020-08-10T13:01:44.118+0300][1043.664s][info ][gc] GC(32947) Pause Young (Allocation Failure) 107M->107M(110M) 13.629ms
[2020-08-10T13:01:44.132+0300][1043.678s][info ][gc] GC(32948) Pause Young (Allocation Failure) 107M->107M(110M) 13.691ms
[2020-08-10T13:01:44.146+0300][1043.693s][info ][gc] GC(32949) Pause Young (Allocation Failure) 108M->108M(110M) 13.697ms
[2020-08-10T13:01:44.161+0300][1043.707s][info ][gc] GC(32950) Pause Young (Allocation Failure) 108M->108M(110M) 13.673ms
[2020-08-10T13:01:44.175+0300][1043.721s][info ][gc] GC(32951) Pause Young (Allocation Failure) 109M->109M(110M) 13.702ms
[2020-08-10T13:01:44.436+0300][1043.982s][debug][gc] GC(32952) Expanding ParOldGen from 111616K by 11264K to 122880K
[2020-08-10T13:01:44.436+0300][1043.983s][info ][gc] GC(32952) Pause Full (Ergonomics) 109M->108M(121M) 261.422ms
[2020-08-10T13:01:44.450+0300][1043.997s][info ][gc] GC(32953) Pause Young (Allocation Failure) 109M->109M(121M) 13.517ms
[2020-08-10T13:01:44.465+0300][1044.011s][info ][gc] GC(32954) Pause Young (Allocation Failure) 109M->109M(121M) 13.714ms
[2020-08-10T13:01:44.479+0300][1044.025s][info ][gc] GC(32955) Pause Young (Allocation Failure) 110M->110M(121M) 13.713ms
[2020-08-10T13:01:44.493+0300][1044.039s][info ][gc] GC(32956) Pause Young (Allocation Failure) 110M->110M(121M) 13.767ms
[2020-08-10T13:01:44.507+0300][1044.053s][info ][gc] GC(32957) Pause Young (Allocation Failure) 111M->111M(121M) 13.725ms
[2020-08-10T13:01:44.522+0300][1044.068s][info ][gc] GC(32958) Pause Young (Allocation Failure) 111M->111M(121M) 14.367ms
[2020-08-10T13:01:44.537+0300][1044.083s][info ][gc] GC(32959) Pause Young (Allocation Failure) 112M->112M(121M) 13.917ms
[2020-08-10T13:01:44.551+0300][1044.097s][info ][gc] GC(32960) Pause Young (Allocation Failure) 112M->112M(121M) 13.817ms
[2020-08-10T13:01:44.565+0300][1044.111s][info ][gc] GC(32961) Pause Young (Allocation Failure) 113M->113M(121M) 13.810ms
[2020-08-10T13:01:44.580+0300][1044.126s][info ][gc] GC(32962) Pause Young (Allocation Failure) 113M->113M(121M) 14.219ms
[2020-08-10T13:01:44.594+0300][1044.140s][info ][gc] GC(32963) Pause Young (Allocation Failure) 114M->113M(121M) 14.232ms
[2020-08-10T13:01:44.609+0300][1044.155s][info ][gc] GC(32964) Pause Young (Allocation Failure) 114M->114M(121M) 14.319ms
[2020-08-10T13:01:44.624+0300][1044.170s][info ][gc] GC(32965) Pause Young (Allocation Failure) 114M->114M(121M) 13.907ms
[2020-08-10T13:01:44.638+0300][1044.184s][info ][gc] GC(32966) Pause Young (Allocation Failure) 115M->115M(121M) 14.193ms
[2020-08-10T13:01:44.653+0300][1044.199s][info ][gc] GC(32967) Pause Young (Allocation Failure) 115M->115M(121M) 14.377ms
[2020-08-10T13:01:44.668+0300][1044.214s][info ][gc] GC(32968) Pause Young (Allocation Failure) 116M->116M(121M) 14.256ms
[2020-08-10T13:01:44.683+0300][1044.229s][info ][gc] GC(32969) Pause Young (Allocation Failure) 116M->116M(121M) 14.238ms
[2020-08-10T13:01:44.697+0300][1044.243s][info ][gc] GC(32970) Pause Young (Allocation Failure) 117M->117M(121M) 14.016ms
[2020-08-10T13:01:44.712+0300][1044.258s][info ][gc] GC(32971) Pause Young (Allocation Failure) 117M->117M(121M) 14.280ms
[2020-08-10T13:01:44.727+0300][1044.273s][info ][gc] GC(32972) Pause Young (Allocation Failure) 118M->118M(121M) 14.441ms
[2020-08-10T13:01:44.742+0300][1044.288s][info ][gc] GC(32973) Pause Young (Allocation Failure) 118M->118M(121M) 14.455ms
[2020-08-10T13:01:44.757+0300][1044.303s][info ][gc] GC(32974) Pause Young (Allocation Failure) 119M->118M(121M) 14.521ms
[2020-08-10T13:01:44.771+0300][1044.318s][info ][gc] GC(32975) Pause Young (Allocation Failure) 119M->119M(121M) 14.220ms
[2020-08-10T13:01:44.786+0300][1044.333s][info ][gc] GC(32976) Pause Young (Allocation Failure) 119M->119M(121M) 14.579ms
[2020-08-10T13:01:44.801+0300][1044.348s][info ][gc] GC(32977) Pause Young (Allocation Failure) 120M->120M(121M) 14.612ms
[2020-08-10T13:01:45.106+0300][1044.652s][debug][gc] GC(32978) Expanding ParOldGen from 122880K by 10752K to 133632K
[2020-08-10T13:01:45.106+0300][1044.652s][info ][gc] GC(32978) Pause Full (Ergonomics) 120M->120M(132M) 304.521ms
[2020-08-10T13:01:45.138+0300][1044.684s][info ][gc] GC(32979) Pause Young (Allocation Failure) 120M->120M(132M) 31.512ms
[2020-08-10T13:01:45.154+0300][1044.700s][info ][gc] GC(32980) Pause Young (Allocation Failure) 121M->121M(132M) 15.425ms
[2020-08-10T13:01:45.170+0300][1044.716s][info ][gc] GC(32981) Pause Young (Allocation Failure) 121M->121M(132M) 15.367ms
[2020-08-10T13:01:45.185+0300][1044.732s][info ][gc] GC(32982) Pause Young (Allocation Failure) 122M->122M(132M) 15.128ms
[2020-08-10T13:01:45.201+0300][1044.747s][info ][gc] GC(32983) Pause Young (Allocation Failure) 122M->122M(132M) 15.154ms
[2020-08-10T13:01:45.217+0300][1044.763s][info ][gc] GC(32984) Pause Young (Allocation Failure) 122M->122M(132M) 15.295ms
[2020-08-10T13:01:45.233+0300][1044.779s][info ][gc] GC(32985) Pause Young (Allocation Failure) 123M->123M(132M) 15.324ms
[2020-08-10T13:01:45.270+0300][1044.817s][info ][gc] GC(32986) Pause Young (Allocation Failure) 123M->123M(132M) 37.416ms
[2020-08-10T13:01:45.287+0300][1044.833s][info ][gc] GC(32987) Pause Young (Allocation Failure) 124M->124M(132M) 15.888ms
[2020-08-10T13:01:45.304+0300][1044.850s][info ][gc] GC(32988) Pause Young (Allocation Failure) 124M->124M(132M) 16.184ms
[2020-08-10T13:01:45.322+0300][1044.868s][info ][gc] GC(32989) Pause Young (Allocation Failure) 125M->125M(132M) 17.946ms
[2020-08-10T13:01:45.338+0300][1044.884s][info ][gc] GC(32990) Pause Young (Allocation Failure) 125M->125M(132M) 15.526ms
[2020-08-10T13:01:45.355+0300][1044.901s][info ][gc] GC(32991) Pause Young (Allocation Failure) 126M->126M(132M) 16.361ms
[2020-08-10T13:01:45.371+0300][1044.917s][info ][gc] GC(32992) Pause Young (Allocation Failure) 126M->126M(132M) 15.667ms
[2020-08-10T13:01:45.387+0300][1044.933s][info ][gc] GC(32993) Pause Young (Allocation Failure) 127M->127M(132M) 15.615ms
[2020-08-10T13:01:45.428+0300][1044.974s][info ][gc] GC(32994) Pause Young (Allocation Failure) 127M->127M(132M) 40.937ms
[2020-08-10T13:01:45.458+0300][1045.004s][info ][gc] GC(32995) Pause Young (Allocation Failure) 128M->127M(132M) 29.244ms
[2020-08-10T13:01:45.474+0300][1045.020s][info ][gc] GC(32996) Pause Young (Allocation Failure) 128M->128M(132M) 15.623ms
[2020-08-10T13:01:45.490+0300][1045.036s][info ][gc] GC(32997) Pause Young (Allocation Failure) 128M->128M(132M) 15.730ms
[2020-08-10T13:01:45.506+0300][1045.052s][info ][gc] GC(32998) Pause Young (Allocation Failure) 129M->129M(132M) 15.689ms
[2020-08-10T13:01:45.525+0300][1045.071s][info ][gc] GC(32999) Pause Young (Allocation Failure) 129M->129M(132M) 18.219ms
[2020-08-10T13:01:45.541+0300][1045.087s][info ][gc] GC(33000) Pause Young (Allocation Failure) 130M->130M(132M) 15.698ms
[2020-08-10T13:01:45.557+0300][1045.103s][info ][gc] GC(33001) Pause Young (Allocation Failure) 130M->130M(132M) 15.892ms
[2020-08-10T13:01:45.899+0300][1045.445s][debug][gc] GC(33002) Expanding ParOldGen from 133632K by 10752K to 144384K
[2020-08-10T13:01:45.899+0300][1045.445s][info ][gc] GC(33002) Pause Full (Ergonomics) 130M->130M(142M) 341.453ms
[2020-08-10T13:01:45.914+0300][1045.460s][info ][gc] GC(33003) Pause Young (Allocation Failure) 130M->130M(142M) 14.393ms
[2020-08-10T13:01:45.930+0300][1045.476s][info ][gc] GC(33004) Pause Young (Allocation Failure) 131M->131M(142M) 15.830ms
[2020-08-10T13:01:45.946+0300][1045.492s][info ][gc] GC(33005) Pause Young (Allocation Failure) 131M->131M(142M) 15.585ms
[2020-08-10T13:01:45.962+0300][1045.509s][info ][gc] GC(33006) Pause Young (Allocation Failure) 132M->132M(142M) 15.918ms
[2020-08-10T13:01:45.979+0300][1045.525s][info ][gc] GC(33007) Pause Young (Allocation Failure) 132M->132M(142M) 15.943ms
[2020-08-10T13:01:45.995+0300][1045.541s][info ][gc] GC(33008) Pause Young (Allocation Failure) 133M->133M(142M) 15.750ms
[2020-08-10T13:01:46.012+0300][1045.558s][info ][gc] GC(33009) Pause Young (Allocation Failure) 133M->133M(142M) 15.968ms
[2020-08-10T13:01:46.028+0300][1045.574s][info ][gc] GC(33010) Pause Young (Allocation Failure) 134M->134M(142M) 15.817ms
[2020-08-10T13:01:46.044+0300][1045.590s][info ][gc] GC(33011) Pause Young (Allocation Failure) 134M->134M(142M) 15.583ms
[2020-08-10T13:01:46.060+0300][1045.606s][info ][gc] GC(33012) Pause Young (Allocation Failure) 135M->135M(142M) 15.946ms
[2020-08-10T13:01:46.077+0300][1045.623s][info ][gc] GC(33013) Pause Young (Allocation Failure) 135M->135M(142M) 15.982ms
[2020-08-10T13:01:46.077+0300][1045.623s][debug][gc] Expanding ParOldGen from 144384K by 19968K to 164352K
[2020-08-10T13:01:46.100+0300][1045.647s][info ][gc] GC(33014) Pause Young (Allocation Failure) 155M->154M(162M) 14.771ms
[2020-08-10T13:01:46.115+0300][1045.661s][info ][gc] GC(33015) Pause Young (Allocation Failure) 155M->155M(162M) 13.672ms
[2020-08-10T13:01:46.128+0300][1045.674s][info ][gc] GC(33016) Pause Young (Allocation Failure) 155M->155M(162M) 13.342ms
[2020-08-10T13:01:46.142+0300][1045.688s][info ][gc] GC(33017) Pause Young (Allocation Failure) 156M->156M(162M) 13.655ms
[2020-08-10T13:01:46.156+0300][1045.703s][info ][gc] GC(33018) Pause Young (Allocation Failure) 156M->156M(162M) 13.776ms
[2020-08-10T13:01:46.171+0300][1045.717s][info ][gc] GC(33019) Pause Young (Allocation Failure) 157M->157M(162M) 13.723ms
[2020-08-10T13:01:46.185+0300][1045.731s][info ][gc] GC(33020) Pause Young (Allocation Failure) 157M->157M(162M) 13.562ms
[2020-08-10T13:01:46.199+0300][1045.745s][info ][gc] GC(33021) Pause Young (Allocation Failure) 158M->157M(162M) 13.676ms
[2020-08-10T13:01:46.213+0300][1045.760s][info ][gc] GC(33022) Pause Young (Allocation Failure) 158M->158M(162M) 14.384ms
[2020-08-10T13:01:46.228+0300][1045.774s][info ][gc] GC(33023) Pause Young (Allocation Failure) 158M->158M(162M) 13.747ms
[2020-08-10T13:01:46.242+0300][1045.788s][info ][gc] GC(33024) Pause Young (Allocation Failure) 159M->159M(162M) 13.874ms
[2020-08-10T13:01:46.256+0300][1045.802s][info ][gc] GC(33025) Pause Young (Allocation Failure) 159M->159M(162M) 13.749ms
[2020-08-10T13:01:46.270+0300][1045.817s][info ][gc] GC(33026) Pause Young (Allocation Failure) 160M->160M(162M) 13.753ms
[2020-08-10T13:01:46.284+0300][1045.831s][info ][gc] GC(33027) Pause Young (Allocation Failure) 160M->160M(162M) 13.714ms
[2020-08-10T13:01:46.335+0300][1045.881s][debug][gc] GC(33028) Shrinking ParOldGen from 164352K by 125952K to 38400K
[2020-08-10T13:01:46.335+0300][1045.881s][info ][gc] GC(33028) Pause Full (Ergonomics) 160M->26M(39M) 50.525ms
[2020-08-10T13:01:46.349+0300][1045.895s][info ][gc] GC(33029) Pause Young (Allocation Failure) 27M->27M(39M) 13.303ms
[2020-08-10T13:01:46.363+0300][1045.909s][info ][gc] GC(33030) Pause Young (Allocation Failure) 27M->27M(39M) 13.305ms
[2020-08-10T13:01:46.377+0300][1045.923s][info ][gc] GC(33031) Pause Young (Allocation Failure) 28M->28M(39M) 13.487ms
[2020-08-10T13:01:46.391+0300][1045.937s][info ][gc] GC(33032) Pause Young (Allocation Failure) 29M->29M(39M) 13.746ms
[2020-08-10T13:01:46.405+0300][1045.951s][info ][gc] GC(33033) Pause Young (Allocation Failure) 30M->30M(39M) 13.829ms
[2020-08-10T13:01:46.420+0300][1045.966s][info ][gc] GC(33034) Pause Young (Allocation Failure) 31M->31M(40M) 13.824ms
[2020-08-10T13:01:46.434+0300][1045.980s][info ][gc] GC(33035) Pause Young (Allocation Failure) 32M->32M(40M) 13.856ms
[2020-08-10T13:01:46.449+0300][1045.995s][info ][gc] GC(33036) Pause Young (Allocation Failure) 33M->33M(40M) 13.923ms
[2020-08-10T13:01:46.463+0300][1046.009s][info ][gc] GC(33037) Pause Young (Allocation Failure) 34M->34M(40M) 13.820ms
[2020-08-10T13:01:46.477+0300][1046.023s][info ][gc] GC(33038) Pause Young (Allocation Failure) 35M->35M(40M) 13.598ms
[2020-08-10T13:01:46.491+0300][1046.037s][info ][gc] GC(33039) Pause Young (Allocation Failure) 36M->36M(40M) 13.674ms
[2020-08-10T13:01:46.505+0300][1046.051s][info ][gc] GC(33040) Pause Young (Allocation Failure) 37M->37M(40M) 13.821ms
[2020-08-10T13:01:46.520+0300][1046.066s][info ][gc] GC(33041) Pause Young (Allocation Failure) 38M->38M(40M) 13.739ms
[2020-08-10T13:01:46.588+0300][1046.135s][debug][gc] GC(33042) Expanding ParOldGen from 38400K by 11776K to 50176K
[2020-08-10T13:01:46.589+0300][1046.135s][info ][gc] GC(33042) Pause Full (Ergonomics) 38M->37M(51M) 68.865ms
[2020-08-10T13:01:46.607+0300][1046.153s][info ][gc] GC(33043) Pause Young (Allocation Failure) 38M->38M(51M) 17.890ms
[2020-08-10T13:01:46.621+0300][1046.167s][info ][gc] GC(33044) Pause Young (Allocation Failure) 39M->39M(51M) 13.805ms
[2020-08-10T13:01:46.635+0300][1046.182s][info ][gc] GC(33045) Pause Young (Allocation Failure) 40M->40M(51M) 13.753ms
[2020-08-10T13:01:46.649+0300][1046.196s][info ][gc] GC(33046) Pause Young (Allocation Failure) 41M->41M(51M) 13.814ms
[2020-08-10T13:01:46.664+0300][1046.210s][info ][gc] GC(33047) Pause Young (Allocation Failure) 42M->42M(51M) 13.925ms
[2020-08-10T13:01:46.678+0300][1046.225s][info ][gc] GC(33048) Pause Young (Allocation Failure) 43M->43M(51M) 14.026ms
[2020-08-10T13:01:46.693+0300][1046.239s][info ][gc] GC(33049) Pause Young (Allocation Failure) 44M->44M(51M) 14.086ms
[2020-08-10T13:01:46.708+0300][1046.254s][info ][gc] GC(33050) Pause Young (Allocation Failure) 45M->45M(51M) 14.042ms
[2020-08-10T13:01:46.723+0300][1046.269s][info ][gc] GC(33051) Pause Young (Allocation Failure) 46M->46M(51M) 14.130ms
[2020-08-10T13:01:46.737+0300][1046.283s][info ][gc] GC(33052) Pause Young (Allocation Failure) 47M->47M(51M) 13.920ms
[2020-08-10T13:01:46.752+0300][1046.298s][info ][gc] GC(33053) Pause Young (Allocation Failure) 48M->48M(51M) 14.086ms
[2020-08-10T13:01:46.766+0300][1046.313s][info ][gc] GC(33054) Pause Young (Allocation Failure) 49M->49M(51M) 14.058ms
[2020-08-10T13:01:46.882+0300][1046.428s][debug][gc] GC(33055) Expanding ParOldGen from 50176K by 11776K to 61952K
[2020-08-10T13:01:46.882+0300][1046.428s][info ][gc] GC(33055) Pause Full (Ergonomics) 49M->49M(63M) 115.288ms
[2020-08-10T13:01:46.903+0300][1046.450s][info ][gc] GC(33056) Pause Young (Allocation Failure) 50M->50M(63M) 20.812ms
[2020-08-10T13:01:46.918+0300][1046.465s][info ][gc] GC(33057) Pause Young (Allocation Failure) 51M->51M(63M) 14.198ms
[2020-08-10T13:01:46.933+0300][1046.479s][info ][gc] GC(33058) Pause Young (Allocation Failure) 52M->52M(63M) 14.040ms
[2020-08-10T13:01:46.947+0300][1046.494s][info ][gc] GC(33059) Pause Young (Allocation Failure) 53M->52M(63M) 14.020ms
[2020-08-10T13:01:46.962+0300][1046.509s][info ][gc] GC(33060) Pause Young (Allocation Failure) 53M->53M(63M) 14.189ms
[2020-08-10T13:01:46.977+0300][1046.523s][info ][gc] GC(33061) Pause Young (Allocation Failure) 54M->54M(63M) 14.098ms
[2020-08-10T13:01:46.992+0300][1046.538s][info ][gc] GC(33062) Pause Young (Allocation Failure) 55M->55M(63M) 14.185ms
[2020-08-10T13:01:47.007+0300][1046.553s][info ][gc] GC(33063) Pause Young (Allocation Failure) 56M->56M(63M) 14.117ms
[2020-08-10T13:01:47.021+0300][1046.568s][info ][gc] GC(33064) Pause Young (Allocation Failure) 57M->57M(63M) 14.144ms
[2020-08-10T13:01:47.036+0300][1046.582s][info ][gc] GC(33065) Pause Young (Allocation Failure) 58M->58M(63M) 14.172ms
[2020-08-10T13:01:47.051+0300][1046.597s][info ][gc] GC(33066) Pause Young (Allocation Failure) 59M->59M(63M) 14.012ms
[2020-08-10T13:01:47.065+0300][1046.612s][info ][gc] GC(33067) Pause Young (Allocation Failure) 60M->60M(63M) 14.190ms
[2020-08-10T13:01:47.202+0300][1046.748s][debug][gc] GC(33068) Expanding ParOldGen from 61952K by 11776K to 73728K
[2020-08-10T13:01:47.202+0300][1046.748s][info ][gc] GC(33068) Pause Full (Ergonomics) 60M->60M(74M) 136.078ms
[2020-08-10T13:01:47.216+0300][1046.762s][info ][gc] GC(33069) Pause Young (Allocation Failure) 61M->61M(74M) 13.599ms
[2020-08-10T13:01:47.230+0300][1046.777s][info ][gc] GC(33070) Pause Young (Allocation Failure) 62M->62M(74M) 14.067ms
[2020-08-10T13:01:47.245+0300][1046.791s][info ][gc] GC(33071) Pause Young (Allocation Failure) 63M->63M(74M) 14.032ms
[2020-08-10T13:01:47.260+0300][1046.806s][info ][gc] GC(33072) Pause Young (Allocation Failure) 64M->64M(74M) 13.952ms
[2020-08-10T13:01:47.274+0300][1046.821s][info ][gc] GC(33073) Pause Young (Allocation Failure) 65M->65M(74M) 14.049ms
[2020-08-10T13:01:47.289+0300][1046.835s][info ][gc] GC(33074) Pause Young (Allocation Failure) 66M->66M(74M) 14.101ms
[2020-08-10T13:01:47.304+0300][1046.850s][info ][gc] GC(33075) Pause Young (Allocation Failure) 67M->66M(74M) 14.032ms
[2020-08-10T13:01:47.318+0300][1046.865s][info ][gc] GC(33076) Pause Young (Allocation Failure) 67M->67M(74M) 14.105ms
[2020-08-10T13:01:47.333+0300][1046.879s][info ][gc] GC(33077) Pause Young (Allocation Failure) 68M->68M(74M) 14.073ms
[2020-08-10T13:01:47.348+0300][1046.894s][info ][gc] GC(33078) Pause Young (Allocation Failure) 69M->69M(74M) 13.997ms
[2020-08-10T13:01:47.362+0300][1046.909s][info ][gc] GC(33079) Pause Young (Allocation Failure) 70M->70M(74M) 14.134ms
[2020-08-10T13:01:47.377+0300][1046.923s][info ][gc] GC(33080) Pause Young (Allocation Failure) 71M->71M(74M) 14.070ms
[2020-08-10T13:01:47.392+0300][1046.938s][info ][gc] GC(33081) Pause Young (Allocation Failure) 72M->72M(74M) 13.927ms
[2020-08-10T13:01:47.574+0300][1047.120s][debug][gc] GC(33082) Expanding ParOldGen from 73728K by 11264K to 84992K
[2020-08-10T13:01:47.574+0300][1047.121s][info ][gc] GC(33082) Pause Full (Ergonomics) 72M->72M(85M) 182.244ms
[2020-08-10T13:01:47.606+0300][1047.152s][info ][gc] GC(33083) Pause Young (Allocation Failure) 73M->73M(85M) 30.812ms
[2020-08-10T13:01:47.621+0300][1047.167s][info ][gc] GC(33084) Pause Young (Allocation Failure) 74M->74M(85M) 14.400ms
[2020-08-10T13:01:47.635+0300][1047.182s][info ][gc] GC(33085) Pause Young (Allocation Failure) 75M->75M(85M) 14.328ms
[2020-08-10T13:01:47.650+0300][1047.197s][info ][gc] GC(33086) Pause Young (Allocation Failure) 76M->76M(85M) 14.235ms
[2020-08-10T13:01:47.665+0300][1047.212s][info ][gc] GC(33087) Pause Young (Allocation Failure) 77M->77M(85M) 14.189ms
[2020-08-10T13:01:47.680+0300][1047.227s][info ][gc] GC(33088) Pause Young (Allocation Failure) 78M->78M(85M) 14.343ms
[2020-08-10T13:01:47.695+0300][1047.241s][info ][gc] GC(33089) Pause Young (Allocation Failure) 79M->79M(85M) 14.343ms
[2020-08-10T13:01:47.710+0300][1047.256s][info ][gc] GC(33090) Pause Young (Allocation Failure) 80M->80M(85M) 14.291ms
[2020-08-10T13:01:47.725+0300][1047.271s][info ][gc] GC(33091) Pause Young (Allocation Failure) 81M->80M(85M) 14.081ms
[2020-08-10T13:01:47.739+0300][1047.286s][info ][gc] GC(33092) Pause Young (Allocation Failure) 81M->81M(85M) 14.288ms
[2020-08-10T13:01:47.754+0300][1047.300s][info ][gc] GC(33093) Pause Young (Allocation Failure) 82M->82M(85M) 14.246ms
[2020-08-10T13:01:47.769+0300][1047.315s][info ][gc] GC(33094) Pause Young (Allocation Failure) 83M->83M(85M) 14.439ms
[2020-08-10T13:01:47.970+0300][1047.517s][debug][gc] GC(33095) Expanding ParOldGen from 84992K by 11264K to 96256K
[2020-08-10T13:01:47.970+0300][1047.517s][info ][gc] GC(33095) Pause Full (Ergonomics) 83M->83M(96M) 201.211ms
[2020-08-10T13:01:48.004+0300][1047.551s][info ][gc] GC(33096) Pause Young (Allocation Failure) 84M->84M(96M) 33.286ms
[2020-08-10T13:01:48.019+0300][1047.566s][info ][gc] GC(33097) Pause Young (Allocation Failure) 85M->85M(96M) 14.714ms
[2020-08-10T13:01:48.035+0300][1047.581s][info ][gc] GC(33098) Pause Young (Allocation Failure) 86M->86M(96M) 14.675ms
[2020-08-10T13:01:48.050+0300][1047.596s][info ][gc] GC(33099) Pause Young (Allocation Failure) 87M->87M(96M) 14.771ms
[2020-08-10T13:01:48.066+0300][1047.612s][info ][gc] GC(33100) Pause Young (Allocation Failure) 88M->88M(96M) 15.270ms
[2020-08-10T13:01:48.081+0300][1047.628s][info ][gc] GC(33101) Pause Young (Allocation Failure) 89M->89M(96M) 14.977ms
[2020-08-10T13:01:48.097+0300][1047.643s][info ][gc] GC(33102) Pause Young (Allocation Failure) 90M->90M(96M) 14.873ms
[2020-08-10T13:01:48.112+0300][1047.659s][info ][gc] GC(33103) Pause Young (Allocation Failure) 91M->91M(96M) 15.138ms
[2020-08-10T13:01:48.129+0300][1047.675s][info ][gc] GC(33104) Pause Young (Allocation Failure) 92M->92M(96M) 15.390ms
[2020-08-10T13:01:48.145+0300][1047.691s][info ][gc] GC(33105) Pause Young (Allocation Failure) 93M->93M(96M) 15.529ms
[2020-08-10T13:01:48.161+0300][1047.707s][info ][gc] GC(33106) Pause Young (Allocation Failure) 94M->94M(95M) 15.568ms
[2020-08-10T13:01:48.390+0300][1047.936s][debug][gc] GC(33107) Expanding ParOldGen from 96256K by 11264K to 107520K
[2020-08-10T13:01:48.390+0300][1047.936s][info ][gc] GC(33107) Pause Full (Ergonomics) 94M->94M(106M) 228.840ms
[2020-08-10T13:01:48.425+0300][1047.971s][info ][gc] GC(33108) Pause Young (Allocation Failure) 95M->95M(107M) 34.556ms
[2020-08-10T13:01:48.441+0300][1047.987s][info ][gc] GC(33109) Pause Young (Allocation Failure) 96M->95M(107M) 15.631ms
[2020-08-10T13:01:48.457+0300][1048.004s][info ][gc] GC(33110) Pause Young (Allocation Failure) 96M->96M(107M) 15.708ms
[2020-08-10T13:01:48.474+0300][1048.020s][info ][gc] GC(33111) Pause Young (Allocation Failure) 97M->97M(107M) 16.094ms
[2020-08-10T13:01:48.491+0300][1048.037s][info ][gc] GC(33112) Pause Young (Allocation Failure) 98M->98M(107M) 15.943ms
[2020-08-10T13:01:48.507+0300][1048.054s][info ][gc] GC(33113) Pause Young (Allocation Failure) 99M->99M(107M) 16.108ms
[2020-08-10T13:01:48.524+0300][1048.070s][info ][gc] GC(33114) Pause Young (Allocation Failure) 100M->100M(107M) 16.050ms
[2020-08-10T13:01:48.541+0300][1048.087s][info ][gc] GC(33115) Pause Young (Allocation Failure) 101M->101M(107M) 16.121ms
[2020-08-10T13:01:48.557+0300][1048.104s][info ][gc] GC(33116) Pause Young (Allocation Failure) 102M->102M(107M) 16.179ms
[2020-08-10T13:01:48.575+0300][1048.121s][info ][gc] GC(33117) Pause Young (Allocation Failure) 103M->103M(107M) 16.697ms
[2020-08-10T13:01:48.592+0300][1048.138s][info ][gc] GC(33118) Pause Young (Allocation Failure) 104M->104M(107M) 16.413ms
[2020-08-10T13:01:48.609+0300][1048.156s][info ][gc] GC(33119) Pause Young (Allocation Failure) 105M->105M(107M) 16.620ms
[2020-08-10T13:01:48.870+0300][1048.416s][debug][gc] GC(33120) Expanding ParOldGen from 107520K by 11264K to 118784K
[2020-08-10T13:01:48.870+0300][1048.416s][info ][gc] GC(33120) Pause Full (Ergonomics) 105M->105M(118M) 260.382ms
[2020-08-10T13:01:48.913+0300][1048.459s][info ][gc] GC(33121) Pause Young (Allocation Failure) 106M->106M(118M) 42.427ms
[2020-08-10T13:01:48.930+0300][1048.476s][info ][gc] GC(33122) Pause Young (Allocation Failure) 107M->107M(118M) 16.766ms
[2020-08-10T13:01:48.948+0300][1048.494s][info ][gc] GC(33123) Pause Young (Allocation Failure) 108M->108M(118M) 17.024ms
[2020-08-10T13:01:48.965+0300][1048.512s][info ][gc] GC(33124) Pause Young (Allocation Failure) 109M->109M(118M) 17.051ms
[2020-08-10T13:01:48.983+0300][1048.529s][info ][gc] GC(33125) Pause Young (Allocation Failure) 110M->110M(118M) 16.940ms
[2020-08-10T13:01:49.000+0300][1048.547s][info ][gc] GC(33126) Pause Young (Allocation Failure) 111M->111M(118M) 16.936ms
[2020-08-10T13:01:49.018+0300][1048.565s][info ][gc] GC(33127) Pause Young (Allocation Failure) 112M->112M(118M) 17.246ms
[2020-08-10T13:01:49.048+0300][1048.595s][info ][gc] GC(33128) Pause Young (Allocation Failure) 113M->112M(118M) 29.638ms
[2020-08-10T13:01:49.066+0300][1048.613s][info ][gc] GC(33129) Pause Young (Allocation Failure) 113M->113M(118M) 17.220ms
[2020-08-10T13:01:49.084+0300][1048.630s][info ][gc] GC(33130) Pause Young (Allocation Failure) 114M->114M(118M) 17.221ms
[2020-08-10T13:01:49.102+0300][1048.648s][info ][gc] GC(33131) Pause Young (Allocation Failure) 115M->115M(118M) 17.082ms
[2020-08-10T13:01:49.120+0300][1048.666s][info ][gc] GC(33132) Pause Young (Allocation Failure) 116M->116M(118M) 17.683ms
[2020-08-10T13:01:49.419+0300][1048.965s][debug][gc] GC(33133) Expanding ParOldGen from 118784K by 11264K to 130048K
[2020-08-10T13:01:49.419+0300][1048.966s][info ][gc] GC(33133) Pause Full (Ergonomics) 116M->116M(129M) 298.891ms
[2020-08-10T13:01:49.481+0300][1049.027s][info ][gc] GC(33134) Pause Young (Allocation Failure) 117M->117M(129M) 61.176ms
[2020-08-10T13:01:49.500+0300][1049.047s][info ][gc] GC(33135) Pause Young (Allocation Failure) 118M->118M(129M) 18.693ms
[2020-08-10T13:01:49.519+0300][1049.065s][info ][gc] GC(33136) Pause Young (Allocation Failure) 119M->119M(129M) 18.032ms
[2020-08-10T13:01:49.538+0300][1049.084s][info ][gc] GC(33137) Pause Young (Allocation Failure) 120M->120M(129M) 18.376ms
[2020-08-10T13:01:49.557+0300][1049.103s][info ][gc] GC(33138) Pause Young (Allocation Failure) 121M->121M(129M) 18.383ms
[2020-08-10T13:01:49.581+0300][1049.127s][info ][gc] GC(33139) Pause Young (Allocation Failure) 122M->122M(129M) 23.452ms
[2020-08-10T13:01:49.604+0300][1049.150s][info ][gc] GC(33140) Pause Young (Allocation Failure) 123M->123M(129M) 22.765ms
[2020-08-10T13:01:49.623+0300][1049.169s][info ][gc] GC(33141) Pause Young (Allocation Failure) 124M->124M(129M) 18.378ms
[2020-08-10T13:01:49.671+0300][1049.217s][info ][gc] GC(33142) Pause Young (Allocation Failure) 125M->125M(129M) 47.302ms
[2020-08-10T13:01:49.696+0300][1049.242s][info ][gc] GC(33143) Pause Young (Allocation Failure) 126M->126M(129M) 24.216ms
[2020-08-10T13:01:49.715+0300][1049.262s][info ][gc] GC(33144) Pause Young (Allocation Failure) 127M->127M(129M) 18.788ms
[2020-08-10T13:01:50.055+0300][1049.601s][debug][gc] GC(33145) Expanding ParOldGen from 130048K by 11264K to 141312K
[2020-08-10T13:01:50.055+0300][1049.602s][info ][gc] GC(33145) Pause Full (Ergonomics) 127M->126M(140M) 339.791ms
[2020-08-10T13:01:50.071+0300][1049.617s][info ][gc] GC(33146) Pause Young (Allocation Failure) 127M->127M(140M) 15.294ms
[2020-08-10T13:01:50.089+0300][1049.635s][info ][gc] GC(33147) Pause Young (Allocation Failure) 128M->128M(140M) 17.545ms
[2020-08-10T13:01:50.107+0300][1049.653s][info ][gc] GC(33148) Pause Young (Allocation Failure) 129M->129M(140M) 17.660ms
[2020-08-10T13:01:50.125+0300][1049.672s][info ][gc] GC(33149) Pause Young (Allocation Failure) 130M->130M(140M) 17.929ms
[2020-08-10T13:01:50.143+0300][1049.690s][info ][gc] GC(33150) Pause Young (Allocation Failure) 131M->131M(140M) 17.843ms
[2020-08-10T13:01:50.162+0300][1049.708s][info ][gc] GC(33151) Pause Young (Allocation Failure) 132M->132M(140M) 18.030ms
[2020-08-10T13:01:50.180+0300][1049.727s][info ][gc] GC(33152) Pause Young (Allocation Failure) 133M->133M(140M) 18.097ms
[2020-08-10T13:01:50.198+0300][1049.745s][info ][gc] GC(33153) Pause Young (Allocation Failure) 134M->134M(140M) 17.615ms
[2020-08-10T13:01:50.217+0300][1049.763s][info ][gc] GC(33154) Pause Young (Allocation Failure) 135M->135M(140M) 18.496ms
[2020-08-10T13:01:50.217+0300][1049.764s][debug][gc] Expanding ParOldGen from 141312K by 19968K to 161280K
[2020-08-10T13:01:50.254+0300][1049.800s][info ][gc] GC(33155) Pause Young (Allocation Failure) 155M->155M(160M) 28.539ms
[2020-08-10T13:01:50.280+0300][1049.827s][info ][gc] GC(33156) Pause Young (Allocation Failure) 156M->156M(160M) 26.257ms
[2020-08-10T13:01:50.307+0300][1049.853s][info ][gc] GC(33157) Pause Young (Allocation Failure) 157M->157M(160M) 25.795ms
[2020-08-10T13:01:50.354+0300][1049.901s][debug][gc] GC(33158) Shrinking ParOldGen from 161280K by 125440K to 35840K
[2020-08-10T13:01:50.354+0300][1049.901s][info ][gc] GC(33158) Pause Full (Ergonomics) 157M->23M(37M) 47.655ms
[2020-08-10T13:01:50.368+0300][1049.914s][info ][gc] GC(33159) Pause Young (Allocation Failure) 24M->24M(37M) 12.790ms
[2020-08-10T13:01:50.381+0300][1049.928s][info ][gc] GC(33160) Pause Young (Allocation Failure) 25M->25M(37M) 13.433ms
[2020-08-10T13:01:50.395+0300][1049.942s][info ][gc] GC(33161) Pause Young (Allocation Failure) 26M->26M(37M) 13.399ms
[2020-08-10T13:01:50.409+0300][1049.956s][info ][gc] GC(33162) Pause Young (Allocation Failure) 27M->27M(37M) 13.581ms
[2020-08-10T13:01:50.423+0300][1049.970s][info ][gc] GC(33163) Pause Young (Allocation Failure) 28M->28M(37M) 13.452ms
[2020-08-10T13:01:50.437+0300][1049.984s][info ][gc] GC(33164) Pause Young (Allocation Failure) 29M->29M(37M) 13.266ms
[2020-08-10T13:01:50.451+0300][1049.998s][info ][gc] GC(33165) Pause Young (Allocation Failure) 30M->30M(37M) 13.362ms
[2020-08-10T13:01:50.465+0300][1050.011s][info ][gc] GC(33166) Pause Young (Allocation Failure) 31M->31M(37M) 13.475ms
[2020-08-10T13:01:50.479+0300][1050.025s][info ][gc] GC(33167) Pause Young (Allocation Failure) 32M->32M(37M) 13.356ms
[2020-08-10T13:01:50.493+0300][1050.039s][info ][gc] GC(33168) Pause Young (Allocation Failure) 33M->33M(37M) 13.327ms
[2020-08-10T13:01:50.506+0300][1050.053s][info ][gc] GC(33169) Pause Young (Allocation Failure) 34M->34M(37M) 13.347ms
[2020-08-10T13:01:50.520+0300][1050.067s][info ][gc] GC(33170) Pause Young (Allocation Failure) 35M->35M(37M) 13.443ms
[2020-08-10T13:01:50.582+0300][1050.129s][debug][gc] GC(33171) Expanding ParOldGen from 35840K by 11264K to 47104K
[2020-08-10T13:01:50.582+0300][1050.129s][info ][gc] GC(33171) Pause Full (Ergonomics) 35M->35M(48M) 61.897ms
[2020-08-10T13:01:50.600+0300][1050.146s][info ][gc] GC(33172) Pause Young (Allocation Failure) 36M->36M(48M) 16.718ms
[2020-08-10T13:01:50.614+0300][1050.160s][info ][gc] GC(33173) Pause Young (Allocation Failure) 37M->37M(48M) 13.527ms
[2020-08-10T13:01:50.628+0300][1050.174s][info ][gc] GC(33174) Pause Young (Allocation Failure) 38M->37M(48M) 13.617ms
[2020-08-10T13:01:50.642+0300][1050.188s][info ][gc] GC(33175) Pause Young (Allocation Failure) 38M->38M(48M) 13.557ms
[2020-08-10T13:01:50.656+0300][1050.202s][info ][gc] GC(33176) Pause Young (Allocation Failure) 39M->39M(47M) 13.537ms
[2020-08-10T13:01:50.670+0300][1050.216s][info ][gc] GC(33177) Pause Young (Allocation Failure) 40M->40M(48M) 13.352ms
[2020-08-10T13:01:50.684+0300][1050.231s][info ][gc] GC(33178) Pause Young (Allocation Failure) 41M->41M(48M) 13.563ms
[2020-08-10T13:01:50.698+0300][1050.245s][info ][gc] GC(33179) Pause Young (Allocation Failure) 42M->42M(48M) 13.443ms
[2020-08-10T13:01:50.712+0300][1050.259s][info ][gc] GC(33180) Pause Young (Allocation Failure) 43M->43M(48M) 13.411ms
[2020-08-10T13:01:50.726+0300][1050.273s][info ][gc] GC(33181) Pause Young (Allocation Failure) 44M->44M(48M) 13.547ms
[2020-08-10T13:01:50.740+0300][1050.287s][info ][gc] GC(33182) Pause Young (Allocation Failure) 45M->45M(48M) 13.448ms
[2020-08-10T13:01:50.754+0300][1050.300s][info ][gc] GC(33183) Pause Young (Allocation Failure) 46M->46M(48M) 13.419ms
[2020-08-10T13:01:50.841+0300][1050.387s][debug][gc] GC(33184) Expanding ParOldGen from 47104K by 11776K to 58880K
[2020-08-10T13:01:50.841+0300][1050.387s][info ][gc] GC(33184) Pause Full (Ergonomics) 46M->46M(60M) 86.681ms
[2020-08-10T13:01:50.861+0300][1050.407s][info ][gc] GC(33185) Pause Young (Allocation Failure) 47M->47M(60M) 19.434ms
[2020-08-10T13:01:50.875+0300][1050.421s][info ][gc] GC(33186) Pause Young (Allocation Failure) 48M->48M(60M) 13.473ms
[2020-08-10T13:01:50.889+0300][1050.436s][info ][gc] GC(33187) Pause Young (Allocation Failure) 49M->49M(60M) 13.624ms
[2020-08-10T13:01:50.903+0300][1050.449s][info ][gc] GC(33188) Pause Young (Allocation Failure) 50M->50M(60M) 13.429ms
[2020-08-10T13:01:50.917+0300][1050.463s][info ][gc] GC(33189) Pause Young (Allocation Failure) 51M->51M(60M) 13.458ms
[2020-08-10T13:01:50.931+0300][1050.477s][info ][gc] GC(33190) Pause Young (Allocation Failure) 52M->52M(60M) 13.467ms
[2020-08-10T13:01:50.945+0300][1050.491s][info ][gc] GC(33191) Pause Young (Allocation Failure) 53M->53M(60M) 13.560ms
[2020-08-10T13:01:50.959+0300][1050.505s][info ][gc] GC(33192) Pause Young (Allocation Failure) 54M->54M(60M) 13.645ms
[2020-08-10T13:01:50.973+0300][1050.519s][info ][gc] GC(33193) Pause Young (Allocation Failure) 55M->54M(60M) 13.608ms
[2020-08-10T13:01:50.987+0300][1050.534s][info ][gc] GC(33194) Pause Young (Allocation Failure) 55M->55M(60M) 13.635ms
[2020-08-10T13:01:51.001+0300][1050.548s][info ][gc] GC(33195) Pause Young (Allocation Failure) 56M->56M(60M) 13.563ms
[2020-08-10T13:01:51.015+0300][1050.562s][info ][gc] GC(33196) Pause Young (Allocation Failure) 57M->57M(60M) 13.543ms
[2020-08-10T13:01:51.152+0300][1050.699s][debug][gc] GC(33197) Expanding ParOldGen from 58880K by 11264K to 70144K
[2020-08-10T13:01:51.152+0300][1050.699s][info ][gc] GC(33197) Pause Full (Ergonomics) 57M->57M(71M) 137.156ms
[2020-08-10T13:01:51.176+0300][1050.723s][info ][gc] GC(33198) Pause Young (Allocation Failure) 58M->58M(71M) 23.197ms
[2020-08-10T13:01:51.190+0300][1050.737s][info ][gc] GC(33199) Pause Young (Allocation Failure) 59M->59M(71M) 13.766ms
[2020-08-10T13:01:51.205+0300][1050.751s][info ][gc] GC(33200) Pause Young (Allocation Failure) 60M->60M(71M) 13.658ms
[2020-08-10T13:01:51.219+0300][1050.765s][info ][gc] GC(33201) Pause Young (Allocation Failure) 61M->61M(71M) 13.646ms
[2020-08-10T13:01:51.233+0300][1050.779s][info ][gc] GC(33202) Pause Young (Allocation Failure) 62M->62M(71M) 13.674ms
[2020-08-10T13:01:51.247+0300][1050.794s][info ][gc] GC(33203) Pause Young (Allocation Failure) 63M->63M(71M) 13.696ms
[2020-08-10T13:01:51.261+0300][1050.808s][info ][gc] GC(33204) Pause Young (Allocation Failure) 64M->64M(71M) 13.661ms
[2020-08-10T13:01:51.275+0300][1050.822s][info ][gc] GC(33205) Pause Young (Allocation Failure) 65M->65M(71M) 13.683ms
[2020-08-10T13:01:51.290+0300][1050.836s][info ][gc] GC(33206) Pause Young (Allocation Failure) 66M->66M(71M) 13.732ms
[2020-08-10T13:01:51.304+0300][1050.850s][info ][gc] GC(33207) Pause Young (Allocation Failure) 67M->67M(71M) 13.788ms
[2020-08-10T13:01:51.318+0300][1050.865s][info ][gc] GC(33208) Pause Young (Allocation Failure) 68M->68M(71M) 13.648ms
[2020-08-10T13:01:51.332+0300][1050.879s][info ][gc] GC(33209) Pause Young (Allocation Failure) 69M->69M(71M) 13.685ms
[2020-08-10T13:01:51.495+0300][1051.042s][debug][gc] GC(33210) Expanding ParOldGen from 70144K by 11264K to 81408K
[2020-08-10T13:01:51.495+0300][1051.042s][info ][gc] GC(33210) Pause Full (Ergonomics) 69M->68M(82M) 162.785ms
[2020-08-10T13:01:51.524+0300][1051.071s][info ][gc] GC(33211) Pause Young (Allocation Failure) 69M->69M(82M) 28.637ms
[2020-08-10T13:01:51.539+0300][1051.085s][info ][gc] GC(33212) Pause Young (Allocation Failure) 70M->70M(82M) 13.815ms
[2020-08-10T13:01:51.553+0300][1051.099s][info ][gc] GC(33213) Pause Young (Allocation Failure) 71M->71M(82M) 13.755ms
[2020-08-10T13:01:51.567+0300][1051.114s][info ][gc] GC(33214) Pause Young (Allocation Failure) 72M->72M(82M) 13.588ms
[2020-08-10T13:01:51.581+0300][1051.128s][info ][gc] GC(33215) Pause Young (Allocation Failure) 73M->73M(81M) 13.865ms
[2020-08-10T13:01:51.596+0300][1051.142s][info ][gc] GC(33216) Pause Young (Allocation Failure) 74M->74M(81M) 13.900ms
[2020-08-10T13:01:51.610+0300][1051.156s][info ][gc] GC(33217) Pause Young (Allocation Failure) 75M->75M(81M) 13.599ms
[2020-08-10T13:01:51.624+0300][1051.170s][info ][gc] GC(33218) Pause Young (Allocation Failure) 76M->76M(82M) 13.477ms
[2020-08-10T13:01:51.638+0300][1051.184s][info ][gc] GC(33219) Pause Young (Allocation Failure) 77M->77M(82M) 13.639ms
[2020-08-10T13:01:51.652+0300][1051.198s][info ][gc] GC(33220) Pause Young (Allocation Failure) 78M->78M(82M) 13.582ms
[2020-08-10T13:01:51.666+0300][1051.212s][info ][gc] GC(33221) Pause Young (Allocation Failure) 79M->79M(82M) 13.616ms
[2020-08-10T13:01:51.849+0300][1051.395s][debug][gc] GC(33222) Expanding ParOldGen from 81408K by 11776K to 93184K
[2020-08-10T13:01:51.849+0300][1051.395s][info ][gc] GC(33222) Pause Full (Ergonomics) 79M->79M(93M) 182.971ms
[2020-08-10T13:01:51.862+0300][1051.409s][info ][gc] GC(33223) Pause Young (Allocation Failure) 80M->80M(93M) 12.998ms
[2020-08-10T13:01:51.877+0300][1051.423s][info ][gc] GC(33224) Pause Young (Allocation Failure) 81M->81M(93M) 13.702ms
[2020-08-10T13:01:51.891+0300][1051.438s][info ][gc] GC(33225) Pause Young (Allocation Failure) 82M->82M(93M) 13.828ms
[2020-08-10T13:01:51.905+0300][1051.452s][info ][gc] GC(33226) Pause Young (Allocation Failure) 83M->83M(93M) 13.439ms
[2020-08-10T13:01:51.919+0300][1051.466s][info ][gc] GC(33227) Pause Young (Allocation Failure) 84M->84M(93M) 13.960ms
[2020-08-10T13:01:51.934+0300][1051.480s][info ][gc] GC(33228) Pause Young (Allocation Failure) 85M->85M(93M) 13.660ms
[2020-08-10T13:01:51.948+0300][1051.495s][info ][gc] GC(33229) Pause Young (Allocation Failure) 86M->85M(93M) 13.949ms
[2020-08-10T13:01:51.963+0300][1051.510s][info ][gc] GC(33230) Pause Young (Allocation Failure) 86M->86M(93M) 14.397ms
[2020-08-10T13:01:51.978+0300][1051.524s][info ][gc] GC(33231) Pause Young (Allocation Failure) 87M->87M(93M) 14.207ms
[2020-08-10T13:01:51.992+0300][1051.539s][info ][gc] GC(33232) Pause Young (Allocation Failure) 88M->88M(93M) 14.317ms
[2020-08-10T13:01:52.007+0300][1051.554s][info ][gc] GC(33233) Pause Young (Allocation Failure) 89M->89M(93M) 14.235ms
[2020-08-10T13:01:52.022+0300][1051.569s][info ][gc] GC(33234) Pause Young (Allocation Failure) 90M->90M(93M) 14.402ms
[2020-08-10T13:01:52.038+0300][1051.584s][info ][gc] GC(33235) Pause Young (Allocation Failure) 91M->91M(93M) 14.680ms
[2020-08-10T13:01:52.259+0300][1051.806s][debug][gc] GC(33236) Expanding ParOldGen from 93184K by 11264K to 104448K
[2020-08-10T13:01:52.259+0300][1051.806s][info ][gc] GC(33236) Pause Full (Ergonomics) 91M->91M(104M) 221.580ms
[2020-08-10T13:01:52.294+0300][1051.840s][info ][gc] GC(33237) Pause Young (Allocation Failure) 92M->92M(104M) 33.674ms
[2020-08-10T13:01:52.309+0300][1051.856s][info ][gc] GC(33238) Pause Young (Allocation Failure) 93M->93M(104M) 14.909ms
[2020-08-10T13:01:52.325+0300][1051.871s][info ][gc] GC(33239) Pause Young (Allocation Failure) 94M->94M(104M) 15.126ms
[2020-08-10T13:01:52.341+0300][1051.887s][info ][gc] GC(33240) Pause Young (Allocation Failure) 95M->95M(104M) 15.405ms
[2020-08-10T13:01:52.356+0300][1051.903s][info ][gc] GC(33241) Pause Young (Allocation Failure) 96M->96M(104M) 15.237ms
[2020-08-10T13:01:52.372+0300][1051.919s][info ][gc] GC(33242) Pause Young (Allocation Failure) 97M->97M(104M) 15.064ms
[2020-08-10T13:01:52.388+0300][1051.934s][info ][gc] GC(33243) Pause Young (Allocation Failure) 98M->98M(104M) 15.324ms
[2020-08-10T13:01:52.404+0300][1051.951s][info ][gc] GC(33244) Pause Young (Allocation Failure) 99M->99M(104M) 15.576ms
[2020-08-10T13:01:52.420+0300][1051.966s][info ][gc] GC(33245) Pause Young (Allocation Failure) 100M->100M(104M) 15.316ms
[2020-08-10T13:01:52.436+0300][1051.982s][info ][gc] GC(33246) Pause Young (Allocation Failure) 101M->101M(104M) 15.385ms
[2020-08-10T13:01:52.452+0300][1051.999s][info ][gc] GC(33247) Pause Young (Allocation Failure) 102M->102M(104M) 15.529ms
[2020-08-10T13:01:52.701+0300][1052.247s][debug][gc] GC(33248) Expanding ParOldGen from 104448K by 11264K to 115712K
[2020-08-10T13:01:52.701+0300][1052.248s][info ][gc] GC(33248) Pause Full (Ergonomics) 102M->101M(115M) 248.821ms
[2020-08-10T13:01:52.715+0300][1052.261s][info ][gc] GC(33249) Pause Young (Allocation Failure) 102M->102M(115M) 13.217ms
[2020-08-10T13:01:52.731+0300][1052.277s][info ][gc] GC(33250) Pause Young (Allocation Failure) 103M->103M(115M) 15.322ms
[2020-08-10T13:01:52.747+0300][1052.293s][info ][gc] GC(33251) Pause Young (Allocation Failure) 104M->104M(115M) 15.517ms
[2020-08-10T13:01:52.763+0300][1052.310s][info ][gc] GC(33252) Pause Young (Allocation Failure) 105M->105M(115M) 15.698ms
[2020-08-10T13:01:52.780+0300][1052.326s][info ][gc] GC(33253) Pause Young (Allocation Failure) 106M->106M(115M) 15.724ms
[2020-08-10T13:01:52.796+0300][1052.342s][info ][gc] GC(33254) Pause Young (Allocation Failure) 107M->107M(115M) 15.620ms
[2020-08-10T13:01:52.812+0300][1052.359s][info ][gc] GC(33255) Pause Young (Allocation Failure) 108M->108M(115M) 15.718ms
[2020-08-10T13:01:52.829+0300][1052.375s][info ][gc] GC(33256) Pause Young (Allocation Failure) 109M->109M(115M) 15.869ms
[2020-08-10T13:01:52.845+0300][1052.392s][info ][gc] GC(33257) Pause Young (Allocation Failure) 110M->110M(115M) 16.100ms
[2020-08-10T13:01:52.862+0300][1052.408s][info ][gc] GC(33258) Pause Young (Allocation Failure) 111M->111M(115M) 15.965ms
[2020-08-10T13:01:52.878+0300][1052.425s][info ][gc] GC(33259) Pause Young (Allocation Failure) 112M->112M(115M) 16.053ms
[2020-08-10T13:01:52.895+0300][1052.442s][info ][gc] GC(33260) Pause Young (Allocation Failure) 113M->113M(115M) 16.391ms
[2020-08-10T13:01:53.187+0300][1052.734s][debug][gc] GC(33261) Expanding ParOldGen from 115712K by 11264K to 126976K
[2020-08-10T13:01:53.187+0300][1052.734s][info ][gc] GC(33261) Pause Full (Ergonomics) 113M->113M(126M) 292.199ms
[2020-08-10T13:01:53.219+0300][1052.766s][info ][gc] GC(33262) Pause Young (Allocation Failure) 114M->114M(126M) 31.094ms
[2020-08-10T13:01:53.237+0300][1052.784s][info ][gc] GC(33263) Pause Young (Allocation Failure) 115M->115M(126M) 17.358ms
[2020-08-10T13:01:53.255+0300][1052.802s][info ][gc] GC(33264) Pause Young (Allocation Failure) 116M->116M(126M) 17.399ms
[2020-08-10T13:01:53.273+0300][1052.820s][info ][gc] GC(33265) Pause Young (Allocation Failure) 117M->117M(126M) 17.487ms
[2020-08-10T13:01:53.291+0300][1052.838s][info ][gc] GC(33266) Pause Young (Allocation Failure) 118M->117M(126M) 17.329ms
[2020-08-10T13:01:53.309+0300][1052.855s][info ][gc] GC(33267) Pause Young (Allocation Failure) 118M->118M(126M) 17.422ms
[2020-08-10T13:01:53.327+0300][1052.873s][info ][gc] GC(33268) Pause Young (Allocation Failure) 119M->119M(126M) 17.297ms
[2020-08-10T13:01:53.344+0300][1052.891s][info ][gc] GC(33269) Pause Young (Allocation Failure) 120M->120M(126M) 17.360ms
[2020-08-10T13:01:53.362+0300][1052.909s][info ][gc] GC(33270) Pause Young (Allocation Failure) 121M->121M(126M) 17.554ms
[2020-08-10T13:01:53.381+0300][1052.927s][info ][gc] GC(33271) Pause Young (Allocation Failure) 122M->122M(126M) 17.986ms
[2020-08-10T13:01:53.399+0300][1052.946s][info ][gc] GC(33272) Pause Young (Allocation Failure) 123M->123M(126M) 18.130ms
[2020-08-10T13:01:53.417+0300][1052.964s][info ][gc] GC(33273) Pause Young (Allocation Failure) 124M->124M(126M) 17.727ms
[2020-08-10T13:01:53.741+0300][1053.288s][debug][gc] GC(33274) Expanding ParOldGen from 126976K by 11264K to 138240K
[2020-08-10T13:01:53.741+0300][1053.288s][info ][gc] GC(33274) Pause Full (Ergonomics) 124M->124M(137M) 323.660ms
[2020-08-10T13:01:53.775+0300][1053.321s][info ][gc] GC(33275) Pause Young (Allocation Failure) 125M->125M(137M) 32.961ms
[2020-08-10T13:01:53.793+0300][1053.339s][info ][gc] GC(33276) Pause Young (Allocation Failure) 126M->126M(137M) 17.579ms
[2020-08-10T13:01:53.811+0300][1053.357s][info ][gc] GC(33277) Pause Young (Allocation Failure) 127M->127M(137M) 17.748ms
[2020-08-10T13:01:53.829+0300][1053.376s][info ][gc] GC(33278) Pause Young (Allocation Failure) 128M->128M(137M) 17.989ms
[2020-08-10T13:01:53.848+0300][1053.395s][info ][gc] GC(33279) Pause Young (Allocation Failure) 129M->129M(137M) 18.330ms
[2020-08-10T13:01:53.867+0300][1053.413s][info ][gc] GC(33280) Pause Young (Allocation Failure) 130M->130M(137M) 18.409ms
[2020-08-10T13:01:53.886+0300][1053.432s][info ][gc] GC(33281) Pause Young (Allocation Failure) 131M->131M(137M) 18.467ms
[2020-08-10T13:01:53.904+0300][1053.451s][info ][gc] GC(33282) Pause Young (Allocation Failure) 132M->132M(137M) 18.238ms
[2020-08-10T13:01:53.958+0300][1053.504s][info ][gc] GC(33283) Pause Young (Allocation Failure) 133M->133M(137M) 52.887ms
[2020-08-10T13:01:53.986+0300][1053.533s][info ][gc] GC(33284) Pause Young (Allocation Failure) 134M->134M(137M) 27.856ms
[2020-08-10T13:01:54.006+0300][1053.552s][info ][gc] GC(33285) Pause Young (Allocation Failure) 135M->135M(137M) 18.877ms
[2020-08-10T13:01:54.428+0300][1053.974s][debug][gc] GC(33286) Expanding ParOldGen from 138240K by 11264K to 149504K
[2020-08-10T13:01:54.428+0300][1053.974s][info ][gc] GC(33286) Pause Full (Ergonomics) 135M->134M(148M) 421.987ms
[2020-08-10T13:01:54.428+0300][1053.975s][debug][gc] Expanding ParOldGen from 149504K by 19968K to 169472K
[2020-08-10T13:01:54.450+0300][1053.997s][info ][gc] GC(33287) Pause Young (Allocation Failure) 154M->154M(168M) 14.825ms
[2020-08-10T13:01:54.466+0300][1054.013s][info ][gc] GC(33288) Pause Young (Allocation Failure) 155M->155M(168M) 15.085ms
[2020-08-10T13:01:54.480+0300][1054.027s][info ][gc] GC(33289) Pause Young (Allocation Failure) 156M->156M(168M) 13.971ms
[2020-08-10T13:01:54.495+0300][1054.041s][info ][gc] GC(33290) Pause Young (Allocation Failure) 157M->157M(168M) 13.699ms
[2020-08-10T13:01:54.509+0300][1054.056s][info ][gc] GC(33291) Pause Young (Allocation Failure) 158M->158M(168M) 13.668ms
[2020-08-10T13:01:54.523+0300][1054.070s][info ][gc] GC(33292) Pause Young (Allocation Failure) 159M->159M(168M) 13.917ms
[2020-08-10T13:01:54.538+0300][1054.084s][info ][gc] GC(33293) Pause Young (Allocation Failure) 160M->160M(168M) 13.787ms
[2020-08-10T13:01:54.552+0300][1054.099s][info ][gc] GC(33294) Pause Young (Allocation Failure) 161M->161M(168M) 13.771ms
[2020-08-10T13:01:54.566+0300][1054.113s][info ][gc] GC(33295) Pause Young (Allocation Failure) 162M->162M(168M) 13.730ms
[2020-08-10T13:01:54.581+0300][1054.128s][info ][gc] GC(33296) Pause Young (Allocation Failure) 163M->163M(168M) 14.520ms
[2020-08-10T13:01:54.595+0300][1054.142s][info ][gc] GC(33297) Pause Young (Allocation Failure) 164M->164M(168M) 13.632ms
[2020-08-10T13:01:54.609+0300][1054.156s][info ][gc] GC(33298) Pause Young (Allocation Failure) 165M->165M(168M) 13.711ms
[2020-08-10T13:01:54.623+0300][1054.170s][info ][gc] GC(33299) Pause Young (Allocation Failure) 166M->166M(168M) 13.663ms
[2020-08-10T13:01:54.722+0300][1054.269s][debug][gc] GC(33300) Shrinking ParOldGen from 169472K by 124416K to 45056K
[2020-08-10T13:01:54.722+0300][1054.269s][info ][gc] GC(33300) Pause Full (Ergonomics) 166M->32M(46M) 98.741ms
[2020-08-10T13:01:54.735+0300][1054.282s][info ][gc] GC(33301) Pause Young (Allocation Failure) 33M->33M(46M) 12.969ms
[2020-08-10T13:01:54.749+0300][1054.296s][info ][gc] GC(33302) Pause Young (Allocation Failure) 34M->34M(46M) 13.357ms
[2020-08-10T13:01:54.763+0300][1054.310s][info ][gc] GC(33303) Pause Young (Allocation Failure) 35M->35M(46M) 13.243ms
[2020-08-10T13:01:54.777+0300][1054.323s][info ][gc] GC(33304) Pause Young (Allocation Failure) 36M->36M(46M) 13.200ms
[2020-08-10T13:01:54.791+0300][1054.337s][info ][gc] GC(33305) Pause Young (Allocation Failure) 37M->37M(46M) 13.408ms
[2020-08-10T13:01:54.805+0300][1054.351s][info ][gc] GC(33306) Pause Young (Allocation Failure) 38M->38M(46M) 13.509ms
[2020-08-10T13:01:54.819+0300][1054.365s][info ][gc] GC(33307) Pause Young (Allocation Failure) 39M->39M(46M) 13.498ms
[2020-08-10T13:01:54.833+0300][1054.379s][info ][gc] GC(33308) Pause Young (Allocation Failure) 40M->40M(46M) 13.584ms
[2020-08-10T13:01:54.847+0300][1054.393s][info ][gc] GC(33309) Pause Young (Allocation Failure) 41M->41M(46M) 13.530ms
[2020-08-10T13:01:54.861+0300][1054.407s][info ][gc] GC(33310) Pause Young (Allocation Failure) 42M->42M(46M) 13.394ms
[2020-08-10T13:01:54.875+0300][1054.421s][info ][gc] GC(33311) Pause Young (Allocation Failure) 43M->43M(46M) 13.610ms
[2020-08-10T13:01:54.889+0300][1054.436s][info ][gc] GC(33312) Pause Young (Allocation Failure) 44M->44M(45M) 13.605ms
[2020-08-10T13:01:54.975+0300][1054.522s][debug][gc] GC(33313) Expanding ParOldGen from 45056K by 11776K to 56832K
[2020-08-10T13:01:54.975+0300][1054.522s][info ][gc] GC(33313) Pause Full (Ergonomics) 44M->43M(58M) 86.004ms
[2020-08-10T13:01:54.989+0300][1054.535s][info ][gc] GC(33314) Pause Young (Allocation Failure) 44M->44M(58M) 12.822ms
[2020-08-10T13:01:55.002+0300][1054.549s][info ][gc] GC(33315) Pause Young (Allocation Failure) 45M->45M(58M) 13.450ms
[2020-08-10T13:01:55.016+0300][1054.563s][info ][gc] GC(33316) Pause Young (Allocation Failure) 46M->46M(58M) 13.445ms
[2020-08-10T13:01:55.030+0300][1054.577s][info ][gc] GC(33317) Pause Young (Allocation Failure) 47M->47M(58M) 13.411ms
[2020-08-10T13:01:55.044+0300][1054.591s][info ][gc] GC(33318) Pause Young (Allocation Failure) 48M->48M(58M) 13.513ms
[2020-08-10T13:01:55.058+0300][1054.605s][info ][gc] GC(33319) Pause Young (Allocation Failure) 49M->49M(58M) 13.443ms
[2020-08-10T13:01:55.072+0300][1054.619s][info ][gc] GC(33320) Pause Young (Allocation Failure) 50M->50M(58M) 13.430ms
[2020-08-10T13:01:55.086+0300][1054.633s][info ][gc] GC(33321) Pause Young (Allocation Failure) 51M->51M(58M) 13.363ms
[2020-08-10T13:01:55.100+0300][1054.647s][info ][gc] GC(33322) Pause Young (Allocation Failure) 52M->52M(58M) 13.508ms
[2020-08-10T13:01:55.114+0300][1054.660s][info ][gc] GC(33323) Pause Young (Allocation Failure) 53M->53M(58M) 13.428ms
[2020-08-10T13:01:55.128+0300][1054.674s][info ][gc] GC(33324) Pause Young (Allocation Failure) 54M->54M(58M) 13.467ms
[2020-08-10T13:01:55.142+0300][1054.688s][info ][gc] GC(33325) Pause Young (Allocation Failure) 55M->55M(58M) 13.446ms
[2020-08-10T13:01:55.156+0300][1054.703s][info ][gc] GC(33326) Pause Young (Allocation Failure) 56M->56M(58M) 13.537ms
[2020-08-10T13:01:55.283+0300][1054.830s][debug][gc] GC(33327) Expanding ParOldGen from 56832K by 11264K to 68096K
[2020-08-10T13:01:55.283+0300][1054.830s][info ][gc] GC(33327) Pause Full (Ergonomics) 56M->56M(69M) 127.330ms
[2020-08-10T13:01:55.307+0300][1054.854s][info ][gc] GC(33328) Pause Young (Allocation Failure) 57M->57M(69M) 23.335ms
[2020-08-10T13:01:55.321+0300][1054.868s][info ][gc] GC(33329) Pause Young (Allocation Failure) 58M->58M(69M) 13.559ms
[2020-08-10T13:01:55.335+0300][1054.882s][info ][gc] GC(33330) Pause Young (Allocation Failure) 59M->58M(69M) 13.499ms
[2020-08-10T13:01:55.349+0300][1054.896s][info ][gc] GC(33331) Pause Young (Allocation Failure) 59M->59M(69M) 13.456ms
[2020-08-10T13:01:55.363+0300][1054.910s][info ][gc] GC(33332) Pause Young (Allocation Failure) 60M->60M(69M) 13.686ms
[2020-08-10T13:01:55.377+0300][1054.924s][info ][gc] GC(33333) Pause Young (Allocation Failure) 61M->61M(69M) 13.513ms
[2020-08-10T13:01:55.391+0300][1054.938s][info ][gc] GC(33334) Pause Young (Allocation Failure) 62M->62M(69M) 13.731ms
[2020-08-10T13:01:55.406+0300][1054.952s][info ][gc] GC(33335) Pause Young (Allocation Failure) 63M->63M(69M) 13.608ms
[2020-08-10T13:01:55.420+0300][1054.967s][info ][gc] GC(33336) Pause Young (Allocation Failure) 64M->64M(69M) 13.672ms
[2020-08-10T13:01:55.434+0300][1054.981s][info ][gc] GC(33337) Pause Young (Allocation Failure) 65M->65M(69M) 13.684ms
[2020-08-10T13:01:55.448+0300][1054.995s][info ][gc] GC(33338) Pause Young (Allocation Failure) 66M->66M(69M) 13.718ms
[2020-08-10T13:01:55.596+0300][1055.143s][debug][gc] GC(33339) Expanding ParOldGen from 68096K by 11776K to 79872K
[2020-08-10T13:01:55.596+0300][1055.143s][info ][gc] GC(33339) Pause Full (Ergonomics) 66M->66M(80M) 147.685ms
[2020-08-10T13:01:55.610+0300][1055.156s][info ][gc] GC(33340) Pause Young (Allocation Failure) 67M->67M(80M) 12.872ms
[2020-08-10T13:01:55.623+0300][1055.170s][info ][gc] GC(33341) Pause Young (Allocation Failure) 68M->68M(80M) 13.251ms
[2020-08-10T13:01:55.637+0300][1055.184s][info ][gc] GC(33342) Pause Young (Allocation Failure) 69M->69M(80M) 13.399ms
[2020-08-10T13:01:55.651+0300][1055.198s][info ][gc] GC(33343) Pause Young (Allocation Failure) 70M->70M(80M) 13.440ms
[2020-08-10T13:01:55.665+0300][1055.211s][info ][gc] GC(33344) Pause Young (Allocation Failure) 71M->71M(80M) 13.279ms
[2020-08-10T13:01:55.679+0300][1055.225s][info ][gc] GC(33345) Pause Young (Allocation Failure) 72M->72M(80M) 13.426ms
[2020-08-10T13:01:55.692+0300][1055.239s][info ][gc] GC(33346) Pause Young (Allocation Failure) 73M->73M(80M) 13.343ms
[2020-08-10T13:01:55.706+0300][1055.253s][info ][gc] GC(33347) Pause Young (Allocation Failure) 74M->74M(80M) 13.381ms
[2020-08-10T13:01:55.720+0300][1055.267s][info ][gc] GC(33348) Pause Young (Allocation Failure) 75M->75M(80M) 13.317ms
[2020-08-10T13:01:55.734+0300][1055.280s][info ][gc] GC(33349) Pause Young (Allocation Failure) 76M->75M(80M) 13.222ms
[2020-08-10T13:01:55.748+0300][1055.295s][info ][gc] GC(33350) Pause Young (Allocation Failure) 76M->76M(80M) 13.779ms
[2020-08-10T13:01:55.761+0300][1055.308s][info ][gc] GC(33351) Pause Young (Allocation Failure) 77M->77M(80M) 13.289ms
[2020-08-10T13:01:55.775+0300][1055.322s][info ][gc] GC(33352) Pause Young (Allocation Failure) 78M->78M(80M) 13.322ms
[2020-08-10T13:01:55.951+0300][1055.498s][debug][gc] GC(33353) Expanding ParOldGen from 79872K by 11264K to 91136K
[2020-08-10T13:01:55.951+0300][1055.498s][info ][gc] GC(33353) Pause Full (Ergonomics) 78M->78M(91M) 176.162ms
[2020-08-10T13:01:55.984+0300][1055.531s][info ][gc] GC(33354) Pause Young (Allocation Failure) 79M->79M(91M) 31.849ms
[2020-08-10T13:01:55.998+0300][1055.545s][info ][gc] GC(33355) Pause Young (Allocation Failure) 80M->80M(91M) 13.958ms
[2020-08-10T13:01:56.013+0300][1055.560s][info ][gc] GC(33356) Pause Young (Allocation Failure) 81M->81M(91M) 14.049ms
[2020-08-10T13:01:56.027+0300][1055.574s][info ][gc] GC(33357) Pause Young (Allocation Failure) 82M->82M(91M) 13.928ms
[2020-08-10T13:01:56.042+0300][1055.589s][info ][gc] GC(33358) Pause Young (Allocation Failure) 83M->83M(91M) 13.976ms
[2020-08-10T13:01:56.057+0300][1055.604s][info ][gc] GC(33359) Pause Young (Allocation Failure) 84M->84M(91M) 14.207ms
[2020-08-10T13:01:56.071+0300][1055.618s][info ][gc] GC(33360) Pause Young (Allocation Failure) 85M->85M(91M) 14.177ms
[2020-08-10T13:01:56.086+0300][1055.633s][info ][gc] GC(33361) Pause Young (Allocation Failure) 86M->86M(91M) 14.423ms
[2020-08-10T13:01:56.101+0300][1055.648s][info ][gc] GC(33362) Pause Young (Allocation Failure) 87M->87M(91M) 14.351ms
[2020-08-10T13:01:56.116+0300][1055.663s][info ][gc] GC(33363) Pause Young (Allocation Failure) 88M->88M(91M) 14.254ms
[2020-08-10T13:01:56.131+0300][1055.678s][info ][gc] GC(33364) Pause Young (Allocation Failure) 89M->89M(91M) 14.410ms
[2020-08-10T13:01:56.334+0300][1055.881s][debug][gc] GC(33365) Expanding ParOldGen from 91136K by 11264K to 102400K
[2020-08-10T13:01:56.334+0300][1055.881s][info ][gc] GC(33365) Pause Full (Ergonomics) 89M->89M(102M) 203.013ms
[2020-08-10T13:01:56.367+0300][1055.913s][info ][gc] GC(33366) Pause Young (Allocation Failure) 90M->90M(102M) 32.088ms
[2020-08-10T13:01:56.382+0300][1055.929s][info ][gc] GC(33367) Pause Young (Allocation Failure) 91M->90M(102M) 14.678ms
[2020-08-10T13:01:56.397+0300][1055.944s][info ][gc] GC(33368) Pause Young (Allocation Failure) 91M->91M(102M) 14.636ms
[2020-08-10T13:01:56.413+0300][1055.960s][info ][gc] GC(33369) Pause Young (Allocation Failure) 92M->92M(102M) 14.968ms
[2020-08-10T13:01:56.429+0300][1055.975s][info ][gc] GC(33370) Pause Young (Allocation Failure) 93M->93M(102M) 15.103ms
[2020-08-10T13:01:56.444+0300][1055.991s][info ][gc] GC(33371) Pause Young (Allocation Failure) 94M->94M(102M) 15.113ms
[2020-08-10T13:01:56.460+0300][1056.007s][info ][gc] GC(33372) Pause Young (Allocation Failure) 95M->95M(102M) 14.953ms
[2020-08-10T13:01:56.476+0300][1056.022s][info ][gc] GC(33373) Pause Young (Allocation Failure) 96M->96M(102M) 15.085ms
[2020-08-10T13:01:56.491+0300][1056.038s][info ][gc] GC(33374) Pause Young (Allocation Failure) 97M->97M(102M) 15.261ms
[2020-08-10T13:01:56.507+0300][1056.054s][info ][gc] GC(33375) Pause Young (Allocation Failure) 98M->98M(102M) 15.459ms
[2020-08-10T13:01:56.524+0300][1056.070s][info ][gc] GC(33376) Pause Young (Allocation Failure) 99M->99M(102M) 15.670ms
[2020-08-10T13:01:56.540+0300][1056.087s][info ][gc] GC(33377) Pause Young (Allocation Failure) 100M->100M(102M) 15.625ms
[2020-08-10T13:01:56.822+0300][1056.369s][debug][gc] GC(33378) Expanding ParOldGen from 102400K by 11264K to 113664K
[2020-08-10T13:01:56.822+0300][1056.369s][info ][gc] GC(33378) Pause Full (Ergonomics) 100M->100M(113M) 282.033ms
[2020-08-10T13:01:56.857+0300][1056.404s][info ][gc] GC(33379) Pause Young (Allocation Failure) 101M->101M(113M) 34.786ms
[2020-08-10T13:01:56.873+0300][1056.420s][info ][gc] GC(33380) Pause Young (Allocation Failure) 102M->102M(113M) 15.514ms
[2020-08-10T13:01:56.890+0300][1056.436s][info ][gc] GC(33381) Pause Young (Allocation Failure) 103M->103M(113M) 15.652ms
[2020-08-10T13:01:56.906+0300][1056.453s][info ][gc] GC(33382) Pause Young (Allocation Failure) 104M->104M(112M) 15.897ms
[2020-08-10T13:01:56.921+0300][1056.468s][info ][gc] GC(33383) Pause Young (Allocation Failure) 104M->104M(113M) 14.484ms
[2020-08-10T13:01:56.935+0300][1056.482s][info ][gc] GC(33384) Pause Young (Allocation Failure) 105M->105M(113M) 13.516ms
[2020-08-10T13:01:56.949+0300][1056.496s][info ][gc] GC(33385) Pause Young (Allocation Failure) 105M->105M(113M) 13.560ms
[2020-08-10T13:01:56.963+0300][1056.510s][info ][gc] GC(33386) Pause Young (Allocation Failure) 106M->105M(113M) 13.465ms
[2020-08-10T13:01:56.977+0300][1056.524s][info ][gc] GC(33387) Pause Young (Allocation Failure) 106M->106M(113M) 13.666ms
[2020-08-10T13:01:56.992+0300][1056.538s][info ][gc] GC(33388) Pause Young (Allocation Failure) 106M->106M(113M) 13.821ms
[2020-08-10T13:01:57.006+0300][1056.552s][info ][gc] GC(33389) Pause Young (Allocation Failure) 107M->107M(113M) 13.470ms
[2020-08-10T13:01:57.019+0300][1056.566s][info ][gc] GC(33390) Pause Young (Allocation Failure) 107M->107M(113M) 13.498ms
[2020-08-10T13:01:57.034+0300][1056.580s][info ][gc] GC(33391) Pause Young (Allocation Failure) 108M->108M(113M) 13.528ms
[2020-08-10T13:01:57.047+0300][1056.594s][info ][gc] GC(33392) Pause Young (Allocation Failure) 108M->108M(113M) 13.439ms
[2020-08-10T13:01:57.061+0300][1056.608s][info ][gc] GC(33393) Pause Young (Allocation Failure) 109M->109M(113M) 13.475ms
[2020-08-10T13:01:57.075+0300][1056.622s][info ][gc] GC(33394) Pause Young (Allocation Failure) 109M->109M(113M) 13.600ms
[2020-08-10T13:01:57.089+0300][1056.636s][info ][gc] GC(33395) Pause Young (Allocation Failure) 110M->110M(113M) 13.556ms
[2020-08-10T13:01:57.103+0300][1056.650s][info ][gc] GC(33396) Pause Young (Allocation Failure) 110M->110M(113M) 13.643ms
[2020-08-10T13:01:57.364+0300][1056.911s][debug][gc] GC(33397) Expanding ParOldGen from 113664K by 11264K to 124928K
[2020-08-10T13:01:57.364+0300][1056.911s][info ][gc] GC(33397) Pause Full (Ergonomics) 110M->110M(124M) 260.389ms
[2020-08-10T13:01:57.377+0300][1056.924s][info ][gc] GC(33398) Pause Young (Allocation Failure) 110M->110M(124M) 13.048ms
[2020-08-10T13:01:57.391+0300][1056.938s][info ][gc] GC(33399) Pause Young (Allocation Failure) 111M->111M(124M) 13.318ms
[2020-08-10T13:01:57.405+0300][1056.952s][info ][gc] GC(33400) Pause Young (Allocation Failure) 111M->111M(123M) 13.502ms
[2020-08-10T13:01:57.419+0300][1056.966s][info ][gc] GC(33401) Pause Young (Allocation Failure) 112M->112M(123M) 13.402ms
[2020-08-10T13:01:57.433+0300][1056.980s][info ][gc] GC(33402) Pause Young (Allocation Failure) 112M->112M(123M) 13.604ms
[2020-08-10T13:01:57.447+0300][1056.994s][info ][gc] GC(33403) Pause Young (Allocation Failure) 113M->113M(123M) 13.604ms
[2020-08-10T13:01:57.461+0300][1057.008s][info ][gc] GC(33404) Pause Young (Allocation Failure) 113M->113M(123M) 13.501ms
[2020-08-10T13:01:57.475+0300][1057.022s][info ][gc] GC(33405) Pause Young (Allocation Failure) 114M->114M(123M) 13.589ms
[2020-08-10T13:01:57.489+0300][1057.036s][info ][gc] GC(33406) Pause Young (Allocation Failure) 114M->114M(123M) 13.670ms
[2020-08-10T13:01:57.503+0300][1057.050s][info ][gc] GC(33407) Pause Young (Allocation Failure) 115M->115M(123M) 13.668ms
[2020-08-10T13:01:57.518+0300][1057.064s][info ][gc] GC(33408) Pause Young (Allocation Failure) 115M->115M(123M) 13.992ms
[2020-08-10T13:01:57.532+0300][1057.079s][info ][gc] GC(33409) Pause Young (Allocation Failure) 116M->116M(123M) 13.974ms
[2020-08-10T13:01:57.546+0300][1057.093s][info ][gc] GC(33410) Pause Young (Allocation Failure) 116M->116M(123M) 13.749ms
[2020-08-10T13:01:57.560+0300][1057.107s][info ][gc] GC(33411) Pause Young (Allocation Failure) 116M->116M(123M) 13.910ms
[2020-08-10T13:01:57.580+0300][1057.127s][info ][gc] GC(33412) Pause Young (Allocation Failure) 117M->117M(123M) 19.107ms
[2020-08-10T13:01:57.594+0300][1057.141s][info ][gc] GC(33413) Pause Young (Allocation Failure) 117M->117M(123M) 13.643ms
[2020-08-10T13:01:57.608+0300][1057.155s][info ][gc] GC(33414) Pause Young (Allocation Failure) 118M->118M(123M) 13.790ms
[2020-08-10T13:01:57.623+0300][1057.170s][info ][gc] GC(33415) Pause Young (Allocation Failure) 118M->118M(123M) 13.969ms
[2020-08-10T13:01:57.637+0300][1057.184s][info ][gc] GC(33416) Pause Young (Allocation Failure) 119M->119M(123M) 14.034ms
[2020-08-10T13:01:57.652+0300][1057.199s][info ][gc] GC(33417) Pause Young (Allocation Failure) 119M->119M(123M) 14.014ms
[2020-08-10T13:01:57.666+0300][1057.213s][info ][gc] GC(33418) Pause Young (Allocation Failure) 120M->120M(123M) 13.784ms
[2020-08-10T13:01:57.680+0300][1057.227s][info ][gc] GC(33419) Pause Young (Allocation Failure) 120M->120M(123M) 14.029ms
[2020-08-10T13:01:57.695+0300][1057.242s][info ][gc] GC(33420) Pause Young (Allocation Failure) 121M->121M(123M) 14.113ms
[2020-08-10T13:01:57.709+0300][1057.256s][info ][gc] GC(33421) Pause Young (Allocation Failure) 121M->121M(123M) 14.148ms
[2020-08-10T13:01:57.724+0300][1057.271s][info ][gc] GC(33422) Pause Young (Allocation Failure) 122M->122M(123M) 14.241ms
[2020-08-10T13:01:58.018+0300][1057.564s][debug][gc] GC(33423) Expanding ParOldGen from 124928K by 10752K to 135680K
[2020-08-10T13:01:58.018+0300][1057.564s][info ][gc] GC(33423) Pause Full (Ergonomics) 122M->121M(134M) 292.386ms
[2020-08-10T13:01:58.032+0300][1057.577s][info ][gc] GC(33424) Pause Young (Allocation Failure) 122M->122M(134M) 13.359ms
[2020-08-10T13:01:58.048+0300][1057.594s][info ][gc] GC(33425) Pause Young (Allocation Failure) 122M->122M(134M) 16.044ms
[2020-08-10T13:01:58.087+0300][1057.633s][info ][gc] GC(33426) Pause Young (Allocation Failure) 123M->123M(134M) 38.846ms
[2020-08-10T13:01:58.105+0300][1057.651s][info ][gc] GC(33427) Pause Young (Allocation Failure) 123M->123M(134M) 16.894ms
[2020-08-10T13:01:58.123+0300][1057.669s][info ][gc] GC(33428) Pause Young (Allocation Failure) 124M->124M(134M) 17.793ms
[2020-08-10T13:01:58.140+0300][1057.686s][info ][gc] GC(33429) Pause Young (Allocation Failure) 124M->124M(134M) 16.172ms
[2020-08-10T13:01:58.161+0300][1057.707s][info ][gc] GC(33430) Pause Young (Allocation Failure) 125M->125M(134M) 20.542ms
[2020-08-10T13:01:58.176+0300][1057.722s][info ][gc] GC(33431) Pause Young (Allocation Failure) 125M->125M(134M) 14.742ms
[2020-08-10T13:01:58.191+0300][1057.737s][info ][gc] GC(33432) Pause Young (Allocation Failure) 125M->125M(134M) 14.786ms
[2020-08-10T13:01:58.207+0300][1057.753s][info ][gc] GC(33433) Pause Young (Allocation Failure) 126M->126M(134M) 14.933ms
[2020-08-10T13:01:58.222+0300][1057.768s][info ][gc] GC(33434) Pause Young (Allocation Failure) 126M->126M(134M) 14.746ms
[2020-08-10T13:01:58.237+0300][1057.783s][info ][gc] GC(33435) Pause Young (Allocation Failure) 127M->127M(134M) 14.857ms
[2020-08-10T13:01:58.252+0300][1057.798s][info ][gc] GC(33436) Pause Young (Allocation Failure) 127M->127M(134M) 14.713ms
[2020-08-10T13:01:58.267+0300][1057.813s][info ][gc] GC(33437) Pause Young (Allocation Failure) 128M->128M(134M) 14.536ms
[2020-08-10T13:01:58.282+0300][1057.828s][info ][gc] GC(33438) Pause Young (Allocation Failure) 128M->128M(134M) 14.785ms
[2020-08-10T13:01:58.297+0300][1057.843s][info ][gc] GC(33439) Pause Young (Allocation Failure) 129M->129M(134M) 15.024ms
[2020-08-10T13:01:58.334+0300][1057.880s][info ][gc] GC(33440) Pause Young (Allocation Failure) 129M->129M(134M) 36.228ms
[2020-08-10T13:01:58.349+0300][1057.895s][info ][gc] GC(33441) Pause Young (Allocation Failure) 130M->130M(134M) 14.999ms
[2020-08-10T13:01:58.365+0300][1057.911s][info ][gc] GC(33442) Pause Young (Allocation Failure) 130M->130M(134M) 15.088ms
[2020-08-10T13:01:58.381+0300][1057.926s][info ][gc] GC(33443) Pause Young (Allocation Failure) 131M->130M(134M) 15.194ms
[2020-08-10T13:01:58.421+0300][1057.967s][info ][gc] GC(33444) Pause Young (Allocation Failure) 131M->131M(134M) 39.699ms
[2020-08-10T13:01:58.436+0300][1057.982s][info ][gc] GC(33445) Pause Young (Allocation Failure) 131M->131M(134M) 15.095ms
[2020-08-10T13:01:58.452+0300][1057.998s][info ][gc] GC(33446) Pause Young (Allocation Failure) 132M->132M(134M) 15.057ms
[2020-08-10T13:01:58.475+0300][1058.020s][info ][gc] GC(33447) Pause Young (Allocation Failure) 132M->132M(134M) 22.365ms
[2020-08-10T13:01:58.813+0300][1058.359s][debug][gc] GC(33448) Expanding ParOldGen from 135680K by 10752K to 146432K
[2020-08-10T13:01:58.814+0300][1058.359s][info ][gc] GC(33448) Pause Full (Ergonomics) 132M->132M(144M) 338.795ms
[2020-08-10T13:01:58.828+0300][1058.374s][info ][gc] GC(33449) Pause Young (Allocation Failure) 132M->132M(144M) 13.847ms
[2020-08-10T13:01:58.844+0300][1058.390s][info ][gc] GC(33450) Pause Young (Allocation Failure) 133M->133M(144M) 15.706ms
[2020-08-10T13:01:58.859+0300][1058.405s][info ][gc] GC(33451) Pause Young (Allocation Failure) 133M->133M(144M) 15.000ms
[2020-08-10T13:01:58.875+0300][1058.421s][info ][gc] GC(33452) Pause Young (Allocation Failure) 134M->134M(144M) 15.629ms
[2020-08-10T13:01:58.891+0300][1058.437s][info ][gc] GC(33453) Pause Young (Allocation Failure) 134M->134M(144M) 15.575ms
[2020-08-10T13:01:58.931+0300][1058.477s][info ][gc] GC(33454) Pause Young (Allocation Failure) 135M->135M(144M) 40.037ms
[2020-08-10T13:01:58.932+0300][1058.478s][debug][gc] Expanding ParOldGen from 146432K by 19968K to 166400K
[2020-08-10T13:01:58.955+0300][1058.501s][info ][gc] GC(33455) Pause Young (Allocation Failure) 154M->154M(164M) 15.209ms
[2020-08-10T13:01:58.971+0300][1058.517s][info ][gc] GC(33456) Pause Young (Allocation Failure) 155M->155M(164M) 15.522ms
[2020-08-10T13:01:58.984+0300][1058.530s][info ][gc] GC(33457) Pause Young (Allocation Failure) 155M->155M(164M) 13.154ms
[2020-08-10T13:01:58.998+0300][1058.544s][info ][gc] GC(33458) Pause Young (Allocation Failure) 156M->156M(164M) 13.100ms
[2020-08-10T13:01:59.011+0300][1058.557s][info ][gc] GC(33459) Pause Young (Allocation Failure) 156M->156M(164M) 13.084ms
[2020-08-10T13:01:59.043+0300][1058.589s][info ][gc] GC(33460) Pause Young (Allocation Failure) 157M->157M(164M) 31.752ms
[2020-08-10T13:01:59.057+0300][1058.603s][info ][gc] GC(33461) Pause Young (Allocation Failure) 157M->157M(164M) 13.390ms
[2020-08-10T13:01:59.071+0300][1058.617s][info ][gc] GC(33462) Pause Young (Allocation Failure) 158M->158M(164M) 13.283ms
[2020-08-10T13:01:59.084+0300][1058.630s][info ][gc] GC(33463) Pause Young (Allocation Failure) 158M->158M(164M) 13.119ms
[2020-08-10T13:01:59.098+0300][1058.643s][info ][gc] GC(33464) Pause Young (Allocation Failure) 158M->158M(164M) 13.123ms
[2020-08-10T13:01:59.111+0300][1058.657s][info ][gc] GC(33465) Pause Young (Allocation Failure) 159M->159M(164M) 13.161ms
[2020-08-10T13:01:59.139+0300][1058.685s][info ][gc] GC(33466) Pause Young (Allocation Failure) 159M->159M(164M) 27.514ms
[2020-08-10T13:01:59.153+0300][1058.699s][info ][gc] GC(33467) Pause Young (Allocation Failure) 160M->160M(164M) 13.521ms
[2020-08-10T13:01:59.171+0300][1058.717s][info ][gc] GC(33468) Pause Young (Allocation Failure) 160M->160M(164M) 17.990ms
[2020-08-10T13:01:59.189+0300][1058.735s][info ][gc] GC(33469) Pause Young (Allocation Failure) 161M->161M(164M) 17.919ms
[2020-08-10T13:01:59.204+0300][1058.750s][info ][gc] GC(33470) Pause Young (Allocation Failure) 161M->161M(164M) 13.818ms
[2020-08-10T13:01:59.217+0300][1058.763s][info ][gc] GC(33471) Pause Young (Allocation Failure) 162M->162M(164M) 13.371ms
[2020-08-10T13:01:59.231+0300][1058.777s][info ][gc] GC(33472) Pause Young (Allocation Failure) 162M->162M(164M) 13.201ms
[2020-08-10T13:01:59.321+0300][1058.867s][debug][gc] GC(33473) Shrinking ParOldGen from 166400K by 125952K to 40448K
[2020-08-10T13:01:59.322+0300][1058.867s][info ][gc] GC(33473) Pause Full (Ergonomics) 162M->28M(41M) 90.340ms
[2020-08-10T13:01:59.347+0300][1058.893s][info ][gc] GC(33474) Pause Young (Allocation Failure) 29M->29M(41M) 24.968ms
[2020-08-10T13:01:59.362+0300][1058.908s][info ][gc] GC(33475) Pause Young (Allocation Failure) 29M->29M(41M) 14.601ms
[2020-08-10T13:01:59.378+0300][1058.924s][info ][gc] GC(33476) Pause Young (Allocation Failure) 30M->30M(41M) 15.983ms
[2020-08-10T13:01:59.392+0300][1058.938s][info ][gc] GC(33477) Pause Young (Allocation Failure) 30M->30M(41M) 13.051ms
[2020-08-10T13:01:59.405+0300][1058.951s][info ][gc] GC(33478) Pause Young (Allocation Failure) 31M->31M(41M) 12.873ms
[2020-08-10T13:01:59.419+0300][1058.965s][info ][gc] GC(33479) Pause Young (Allocation Failure) 31M->31M(41M) 13.088ms
[2020-08-10T13:01:59.432+0300][1058.978s][info ][gc] GC(33480) Pause Young (Allocation Failure) 32M->32M(41M) 13.236ms
[2020-08-10T13:01:59.446+0300][1058.992s][info ][gc] GC(33481) Pause Young (Allocation Failure) 32M->32M(41M) 12.902ms
[2020-08-10T13:01:59.459+0300][1059.005s][info ][gc] GC(33482) Pause Young (Allocation Failure) 32M->32M(41M) 13.087ms
[2020-08-10T13:01:59.473+0300][1059.019s][info ][gc] GC(33483) Pause Young (Allocation Failure) 33M->33M(41M) 13.291ms
[2020-08-10T13:01:59.487+0300][1059.033s][info ][gc] GC(33484) Pause Young (Allocation Failure) 34M->34M(41M) 13.158ms
[2020-08-10T13:01:59.501+0300][1059.047s][info ][gc] GC(33485) Pause Young (Allocation Failure) 35M->35M(41M) 13.524ms
[2020-08-10T13:01:59.515+0300][1059.061s][info ][gc] GC(33486) Pause Young (Allocation Failure) 36M->36M(42M) 13.312ms
[2020-08-10T13:01:59.529+0300][1059.075s][info ][gc] GC(33487) Pause Young (Allocation Failure) 37M->37M(42M) 13.393ms
[2020-08-10T13:01:59.543+0300][1059.088s][info ][gc] GC(33488) Pause Young (Allocation Failure) 38M->38M(42M) 13.273ms
[2020-08-10T13:01:59.557+0300][1059.102s][info ][gc] GC(33489) Pause Young (Allocation Failure) 39M->39M(42M) 13.516ms
[2020-08-10T13:01:59.624+0300][1059.170s][debug][gc] GC(33490) Expanding ParOldGen from 40448K by 11264K to 51712K
[2020-08-10T13:01:59.624+0300][1059.170s][info ][gc] GC(33490) Pause Full (Ergonomics) 39M->39M(53M) 67.214ms
[2020-08-10T13:01:59.638+0300][1059.183s][info ][gc] GC(33491) Pause Young (Allocation Failure) 40M->40M(53M) 12.993ms
[2020-08-10T13:01:59.651+0300][1059.197s][info ][gc] GC(33492) Pause Young (Allocation Failure) 41M->41M(53M) 13.359ms
[2020-08-10T13:01:59.665+0300][1059.211s][info ][gc] GC(33493) Pause Young (Allocation Failure) 42M->42M(53M) 13.305ms
[2020-08-10T13:01:59.679+0300][1059.225s][info ][gc] GC(33494) Pause Young (Allocation Failure) 43M->43M(53M) 13.563ms
[2020-08-10T13:01:59.693+0300][1059.239s][info ][gc] GC(33495) Pause Young (Allocation Failure) 44M->43M(53M) 13.390ms
[2020-08-10T13:01:59.707+0300][1059.253s][info ][gc] GC(33496) Pause Young (Allocation Failure) 44M->44M(53M) 13.502ms
[2020-08-10T13:01:59.721+0300][1059.267s][info ][gc] GC(33497) Pause Young (Allocation Failure) 45M->45M(53M) 13.546ms
[2020-08-10T13:01:59.736+0300][1059.281s][info ][gc] GC(33498) Pause Young (Allocation Failure) 46M->46M(53M) 13.426ms
[2020-08-10T13:01:59.750+0300][1059.295s][info ][gc] GC(33499) Pause Young (Allocation Failure) 47M->47M(53M) 13.422ms
[2020-08-10T13:01:59.764+0300][1059.310s][info ][gc] GC(33500) Pause Young (Allocation Failure) 48M->48M(53M) 13.486ms
[2020-08-10T13:01:59.777+0300][1059.323s][info ][gc] GC(33501) Pause Young (Allocation Failure) 49M->49M(53M) 13.461ms
[2020-08-10T13:01:59.791+0300][1059.337s][info ][gc] GC(33502) Pause Young (Allocation Failure) 50M->50M(53M) 13.463ms
[2020-08-10T13:01:59.897+0300][1059.443s][debug][gc] GC(33503) Expanding ParOldGen from 51712K by 11776K to 63488K
[2020-08-10T13:01:59.897+0300][1059.443s][info ][gc] GC(33503) Pause Full (Ergonomics) 50M->50M(64M) 105.478ms
[2020-08-10T13:01:59.910+0300][1059.456s][info ][gc] GC(33504) Pause Young (Allocation Failure) 51M->51M(64M) 12.868ms
[2020-08-10T13:01:59.924+0300][1059.470s][info ][gc] GC(33505) Pause Young (Allocation Failure) 52M->52M(64M) 13.459ms
[2020-08-10T13:01:59.938+0300][1059.484s][info ][gc] GC(33506) Pause Young (Allocation Failure) 53M->53M(64M) 13.337ms
[2020-08-10T13:01:59.952+0300][1059.498s][info ][gc] GC(33507) Pause Young (Allocation Failure) 54M->54M(64M) 13.474ms
[2020-08-10T13:01:59.966+0300][1059.512s][info ][gc] GC(33508) Pause Young (Allocation Failure) 55M->55M(64M) 13.284ms
[2020-08-10T13:01:59.980+0300][1059.526s][info ][gc] GC(33509) Pause Young (Allocation Failure) 56M->56M(64M) 13.295ms
[2020-08-10T13:01:59.994+0300][1059.540s][info ][gc] GC(33510) Pause Young (Allocation Failure) 57M->57M(64M) 13.359ms
[2020-08-10T13:02:00.007+0300][1059.553s][info ][gc] GC(33511) Pause Young (Allocation Failure) 58M->58M(64M) 13.328ms
[2020-08-10T13:02:00.021+0300][1059.567s][info ][gc] GC(33512) Pause Young (Allocation Failure) 59M->59M(64M) 13.347ms
[2020-08-10T13:02:00.035+0300][1059.581s][info ][gc] GC(33513) Pause Young (Allocation Failure) 60M->59M(64M) 13.751ms
[2020-08-10T13:02:00.049+0300][1059.595s][info ][gc] GC(33514) Pause Young (Allocation Failure) 60M->60M(64M) 13.387ms
[2020-08-10T13:02:00.070+0300][1059.616s][info ][gc] GC(33515) Pause Young (Allocation Failure) 61M->61M(64M) 20.464ms
[2020-08-10T13:02:00.211+0300][1059.757s][debug][gc] GC(33516) Expanding ParOldGen from 63488K by 11264K to 74752K
[2020-08-10T13:02:00.211+0300][1059.757s][info ][gc] GC(33516) Pause Full (Ergonomics) 61M->61M(75M) 141.274ms
[2020-08-10T13:02:00.225+0300][1059.771s][info ][gc] GC(33517) Pause Young (Allocation Failure) 62M->62M(75M) 13.052ms
[2020-08-10T13:02:00.248+0300][1059.794s][info ][gc] GC(33518) Pause Young (Allocation Failure) 63M->63M(75M) 22.055ms
[2020-08-10T13:02:00.262+0300][1059.808s][info ][gc] GC(33519) Pause Young (Allocation Failure) 64M->64M(75M) 13.452ms
[2020-08-10T13:02:00.275+0300][1059.821s][info ][gc] GC(33520) Pause Young (Allocation Failure) 65M->65M(75M) 13.310ms
[2020-08-10T13:02:00.289+0300][1059.835s][info ][gc] GC(33521) Pause Young (Allocation Failure) 66M->66M(75M) 13.483ms
[2020-08-10T13:02:00.304+0300][1059.850s][info ][gc] GC(33522) Pause Young (Allocation Failure) 67M->67M(75M) 13.513ms
[2020-08-10T13:02:00.318+0300][1059.864s][info ][gc] GC(33523) Pause Young (Allocation Failure) 68M->68M(75M) 13.563ms
[2020-08-10T13:02:00.332+0300][1059.878s][info ][gc] GC(33524) Pause Young (Allocation Failure) 69M->69M(75M) 13.566ms
[2020-08-10T13:02:00.346+0300][1059.892s][info ][gc] GC(33525) Pause Young (Allocation Failure) 70M->70M(75M) 13.315ms
[2020-08-10T13:02:00.359+0300][1059.905s][info ][gc] GC(33526) Pause Young (Allocation Failure) 71M->71M(75M) 13.452ms
[2020-08-10T13:02:00.374+0300][1059.920s][info ][gc] GC(33527) Pause Young (Allocation Failure) 72M->71M(75M) 13.587ms
[2020-08-10T13:02:00.388+0300][1059.934s][info ][gc] GC(33528) Pause Young (Allocation Failure) 72M->72M(75M) 13.525ms
[2020-08-10T13:02:00.561+0300][1060.107s][debug][gc] GC(33529) Expanding ParOldGen from 74752K by 11264K to 86016K
[2020-08-10T13:02:00.561+0300][1060.107s][info ][gc] GC(33529) Pause Full (Ergonomics) 72M->72M(86M) 173.366ms
[2020-08-10T13:02:00.578+0300][1060.124s][info ][gc] GC(33530) Pause Young (Allocation Failure) 73M->73M(86M) 15.791ms
[2020-08-10T13:02:00.594+0300][1060.140s][info ][gc] GC(33531) Pause Young (Allocation Failure) 74M->74M(86M) 15.269ms
[2020-08-10T13:02:00.609+0300][1060.155s][info ][gc] GC(33532) Pause Young (Allocation Failure) 75M->75M(86M) 14.326ms
[2020-08-10T13:02:00.623+0300][1060.169s][info ][gc] GC(33533) Pause Young (Allocation Failure) 76M->76M(86M) 13.485ms
[2020-08-10T13:02:00.637+0300][1060.183s][info ][gc] GC(33534) Pause Young (Allocation Failure) 77M->77M(86M) 14.018ms
[2020-08-10T13:02:00.651+0300][1060.197s][info ][gc] GC(33535) Pause Young (Allocation Failure) 78M->78M(86M) 13.572ms
[2020-08-10T13:02:00.666+0300][1060.212s][info ][gc] GC(33536) Pause Young (Allocation Failure) 79M->79M(86M) 13.606ms
[2020-08-10T13:02:00.680+0300][1060.226s][info ][gc] GC(33537) Pause Young (Allocation Failure) 80M->80M(86M) 13.650ms
[2020-08-10T13:02:00.694+0300][1060.240s][info ][gc] GC(33538) Pause Young (Allocation Failure) 81M->81M(86M) 13.666ms
[2020-08-10T13:02:00.708+0300][1060.254s][info ][gc] GC(33539) Pause Young (Allocation Failure) 82M->82M(86M) 13.681ms
[2020-08-10T13:02:00.722+0300][1060.268s][info ][gc] GC(33540) Pause Young (Allocation Failure) 83M->83M(86M) 13.499ms
[2020-08-10T13:02:00.736+0300][1060.282s][info ][gc] GC(33541) Pause Young (Allocation Failure) 84M->83M(86M) 13.575ms
[2020-08-10T13:02:00.924+0300][1060.470s][debug][gc] GC(33542) Expanding ParOldGen from 86016K by 11264K to 97280K
[2020-08-10T13:02:00.924+0300][1060.470s][info ][gc] GC(33542) Pause Full (Ergonomics) 83M->83M(97M) 187.287ms
[2020-08-10T13:02:00.938+0300][1060.484s][info ][gc] GC(33543) Pause Young (Allocation Failure) 84M->84M(97M) 13.183ms
[2020-08-10T13:02:00.952+0300][1060.498s][info ][gc] GC(33544) Pause Young (Allocation Failure) 85M->85M(97M) 13.746ms
[2020-08-10T13:02:00.966+0300][1060.512s][info ][gc] GC(33545) Pause Young (Allocation Failure) 86M->86M(97M) 13.803ms
[2020-08-10T13:02:00.981+0300][1060.527s][info ][gc] GC(33546) Pause Young (Allocation Failure) 87M->87M(97M) 13.967ms
[2020-08-10T13:02:00.995+0300][1060.541s][info ][gc] GC(33547) Pause Young (Allocation Failure) 88M->88M(97M) 14.035ms
[2020-08-10T13:02:01.010+0300][1060.556s][info ][gc] GC(33548) Pause Young (Allocation Failure) 89M->89M(97M) 14.171ms
[2020-08-10T13:02:01.025+0300][1060.571s][info ][gc] GC(33549) Pause Young (Allocation Failure) 90M->90M(97M) 14.527ms
[2020-08-10T13:02:01.040+0300][1060.586s][info ][gc] GC(33550) Pause Young (Allocation Failure) 91M->91M(97M) 14.464ms
[2020-08-10T13:02:01.055+0300][1060.601s][info ][gc] GC(33551) Pause Young (Allocation Failure) 92M->92M(97M) 14.659ms
[2020-08-10T13:02:01.070+0300][1060.616s][info ][gc] GC(33552) Pause Young (Allocation Failure) 93M->93M(97M) 14.533ms
[2020-08-10T13:02:01.085+0300][1060.631s][info ][gc] GC(33553) Pause Young (Allocation Failure) 94M->94M(97M) 14.635ms
[2020-08-10T13:02:01.100+0300][1060.646s][info ][gc] GC(33554) Pause Young (Allocation Failure) 95M->95M(97M) 14.741ms
[2020-08-10T13:02:01.334+0300][1060.880s][debug][gc] GC(33555) Expanding ParOldGen from 97280K by 11264K to 108544K
[2020-08-10T13:02:01.334+0300][1060.880s][info ][gc] GC(33555) Pause Full (Ergonomics) 95M->95M(108M) 233.719ms
[2020-08-10T13:02:01.368+0300][1060.914s][info ][gc] GC(33556) Pause Young (Allocation Failure) 96M->96M(108M) 33.549ms
[2020-08-10T13:02:01.384+0300][1060.930s][info ][gc] GC(33557) Pause Young (Allocation Failure) 97M->96M(108M) 15.243ms
[2020-08-10T13:02:01.400+0300][1060.946s][info ][gc] GC(33558) Pause Young (Allocation Failure) 97M->97M(108M) 15.589ms
[2020-08-10T13:02:01.416+0300][1060.962s][info ][gc] GC(33559) Pause Young (Allocation Failure) 98M->98M(108M) 15.248ms
[2020-08-10T13:02:01.432+0300][1060.978s][info ][gc] GC(33560) Pause Young (Allocation Failure) 99M->99M(108M) 15.631ms
[2020-08-10T13:02:01.449+0300][1060.995s][info ][gc] GC(33561) Pause Young (Allocation Failure) 100M->100M(107M) 15.696ms
[2020-08-10T13:02:01.463+0300][1061.009s][info ][gc] GC(33562) Pause Young (Allocation Failure) 101M->101M(108M) 14.125ms
[2020-08-10T13:02:01.477+0300][1061.023s][info ][gc] GC(33563) Pause Young (Allocation Failure) 101M->101M(108M) 13.443ms
[2020-08-10T13:02:01.491+0300][1061.037s][info ][gc] GC(33564) Pause Young (Allocation Failure) 102M->102M(108M) 13.385ms
[2020-08-10T13:02:01.505+0300][1061.051s][info ][gc] GC(33565) Pause Young (Allocation Failure) 102M->102M(108M) 13.503ms
[2020-08-10T13:02:01.519+0300][1061.065s][info ][gc] GC(33566) Pause Young (Allocation Failure) 103M->103M(108M) 13.467ms
[2020-08-10T13:02:01.533+0300][1061.079s][info ][gc] GC(33567) Pause Young (Allocation Failure) 103M->103M(108M) 13.505ms
[2020-08-10T13:02:01.546+0300][1061.092s][info ][gc] GC(33568) Pause Young (Allocation Failure) 104M->103M(108M) 13.393ms
[2020-08-10T13:02:01.560+0300][1061.106s][info ][gc] GC(33569) Pause Young (Allocation Failure) 104M->104M(108M) 13.471ms
[2020-08-10T13:02:01.574+0300][1061.120s][info ][gc] GC(33570) Pause Young (Allocation Failure) 104M->104M(108M) 13.318ms
[2020-08-10T13:02:01.588+0300][1061.134s][info ][gc] GC(33571) Pause Young (Allocation Failure) 105M->105M(108M) 13.481ms
[2020-08-10T13:02:01.836+0300][1061.382s][debug][gc] GC(33572) Expanding ParOldGen from 108544K by 10752K to 119296K
[2020-08-10T13:02:01.836+0300][1061.382s][info ][gc] GC(33572) Pause Full (Ergonomics) 105M->105M(118M) 248.458ms
[2020-08-10T13:02:01.850+0300][1061.396s][info ][gc] GC(33573) Pause Young (Allocation Failure) 105M->105M(118M) 12.946ms
[2020-08-10T13:02:01.863+0300][1061.410s][info ][gc] GC(33574) Pause Young (Allocation Failure) 106M->106M(118M) 13.229ms
[2020-08-10T13:02:01.877+0300][1061.423s][info ][gc] GC(33575) Pause Young (Allocation Failure) 106M->106M(118M) 13.154ms
[2020-08-10T13:02:01.891+0300][1061.437s][info ][gc] GC(33576) Pause Young (Allocation Failure) 107M->107M(118M) 13.154ms
[2020-08-10T13:02:01.904+0300][1061.450s][info ][gc] GC(33577) Pause Young (Allocation Failure) 107M->107M(118M) 13.167ms
[2020-08-10T13:02:01.918+0300][1061.464s][info ][gc] GC(33578) Pause Young (Allocation Failure) 108M->107M(118M) 13.165ms
[2020-08-10T13:02:01.932+0300][1061.478s][info ][gc] GC(33579) Pause Young (Allocation Failure) 108M->108M(117M) 13.271ms
[2020-08-10T13:02:01.945+0300][1061.491s][info ][gc] GC(33580) Pause Young (Allocation Failure) 108M->108M(118M) 13.187ms
[2020-08-10T13:02:01.959+0300][1061.505s][info ][gc] GC(33581) Pause Young (Allocation Failure) 109M->109M(118M) 13.243ms
[2020-08-10T13:02:01.972+0300][1061.519s][info ][gc] GC(33582) Pause Young (Allocation Failure) 109M->109M(118M) 13.212ms
[2020-08-10T13:02:01.986+0300][1061.532s][info ][gc] GC(33583) Pause Young (Allocation Failure) 110M->110M(118M) 13.154ms
[2020-08-10T13:02:02.000+0300][1061.546s][info ][gc] GC(33584) Pause Young (Allocation Failure) 110M->110M(118M) 13.209ms
[2020-08-10T13:02:02.014+0300][1061.560s][info ][gc] GC(33585) Pause Young (Allocation Failure) 111M->111M(118M) 13.378ms
[2020-08-10T13:02:02.027+0300][1061.573s][info ][gc] GC(33586) Pause Young (Allocation Failure) 111M->111M(118M) 13.369ms
[2020-08-10T13:02:02.041+0300][1061.587s][info ][gc] GC(33587) Pause Young (Allocation Failure) 112M->112M(118M) 13.280ms
[2020-08-10T13:02:02.055+0300][1061.601s][info ][gc] GC(33588) Pause Young (Allocation Failure) 112M->112M(118M) 13.235ms
[2020-08-10T13:02:02.069+0300][1061.615s][info ][gc] GC(33589) Pause Young (Allocation Failure) 113M->113M(118M) 13.695ms
[2020-08-10T13:02:02.083+0300][1061.629s][info ][gc] GC(33590) Pause Young (Allocation Failure) 113M->113M(118M) 13.466ms
[2020-08-10T13:02:02.097+0300][1061.643s][info ][gc] GC(33591) Pause Young (Allocation Failure) 114M->113M(118M) 13.634ms
[2020-08-10T13:02:02.111+0300][1061.657s][info ][gc] GC(33592) Pause Young (Allocation Failure) 114M->114M(118M) 13.573ms
[2020-08-10T13:02:02.125+0300][1061.671s][info ][gc] GC(33593) Pause Young (Allocation Failure) 114M->114M(118M) 13.559ms
[2020-08-10T13:02:02.139+0300][1061.685s][info ][gc] GC(33594) Pause Young (Allocation Failure) 115M->115M(118M) 13.652ms
[2020-08-10T13:02:02.153+0300][1061.699s][info ][gc] GC(33595) Pause Young (Allocation Failure) 115M->115M(118M) 13.799ms
[2020-08-10T13:02:02.167+0300][1061.713s][info ][gc] GC(33596) Pause Young (Allocation Failure) 116M->116M(118M) 13.522ms
[2020-08-10T13:02:02.182+0300][1061.728s][info ][gc] GC(33597) Pause Young (Allocation Failure) 116M->116M(118M) 14.003ms
[2020-08-10T13:02:02.451+0300][1061.997s][debug][gc] GC(33598) Expanding ParOldGen from 119296K by 10752K to 130048K
[2020-08-10T13:02:02.452+0300][1061.998s][info ][gc] GC(33598) Pause Full (Ergonomics) 116M->116M(128M) 269.640ms
[2020-08-10T13:02:02.482+0300][1062.028s][info ][gc] GC(33599) Pause Young (Allocation Failure) 117M->117M(128M) 30.124ms
[2020-08-10T13:02:02.497+0300][1062.043s][info ][gc] GC(33600) Pause Young (Allocation Failure) 117M->117M(128M) 14.586ms
[2020-08-10T13:02:02.512+0300][1062.058s][info ][gc] GC(33601) Pause Young (Allocation Failure) 118M->117M(128M) 14.586ms
[2020-08-10T13:02:02.527+0300][1062.073s][info ][gc] GC(33602) Pause Young (Allocation Failure) 118M->118M(128M) 14.458ms
[2020-08-10T13:02:02.561+0300][1062.107s][info ][gc] GC(33603) Pause Young (Allocation Failure) 118M->118M(128M) 33.847ms
[2020-08-10T13:02:02.591+0300][1062.137s][info ][gc] GC(33604) Pause Young (Allocation Failure) 119M->119M(128M) 29.353ms
[2020-08-10T13:02:02.606+0300][1062.152s][info ][gc] GC(33605) Pause Young (Allocation Failure) 119M->119M(128M) 14.872ms
[2020-08-10T13:02:02.641+0300][1062.187s][info ][gc] GC(33606) Pause Young (Allocation Failure) 120M->120M(128M) 34.381ms
[2020-08-10T13:02:02.656+0300][1062.202s][info ][gc] GC(33607) Pause Young (Allocation Failure) 120M->120M(128M) 14.673ms
[2020-08-10T13:02:02.671+0300][1062.218s][info ][gc] GC(33608) Pause Young (Allocation Failure) 121M->121M(128M) 14.984ms
[2020-08-10T13:02:02.686+0300][1062.233s][info ][gc] GC(33609) Pause Young (Allocation Failure) 121M->121M(128M) 14.633ms
[2020-08-10T13:02:02.701+0300][1062.248s][info ][gc] GC(33610) Pause Young (Allocation Failure) 122M->122M(128M) 14.718ms
[2020-08-10T13:02:02.716+0300][1062.262s][info ][gc] GC(33611) Pause Young (Allocation Failure) 122M->122M(128M) 14.521ms
[2020-08-10T13:02:02.731+0300][1062.277s][info ][gc] GC(33612) Pause Young (Allocation Failure) 123M->122M(128M) 14.659ms
[2020-08-10T13:02:02.746+0300][1062.292s][info ][gc] GC(33613) Pause Young (Allocation Failure) 123M->123M(128M) 14.676ms
[2020-08-10T13:02:02.783+0300][1062.329s][info ][gc] GC(33614) Pause Young (Allocation Failure) 123M->123M(128M) 36.535ms
[2020-08-10T13:02:02.798+0300][1062.344s][info ][gc] GC(33615) Pause Young (Allocation Failure) 124M->124M(128M) 14.829ms
[2020-08-10T13:02:02.813+0300][1062.359s][info ][gc] GC(33616) Pause Young (Allocation Failure) 124M->124M(128M) 14.916ms
[2020-08-10T13:02:02.828+0300][1062.375s][info ][gc] GC(33617) Pause Young (Allocation Failure) 125M->125M(128M) 14.796ms
[2020-08-10T13:02:02.844+0300][1062.390s][info ][gc] GC(33618) Pause Young (Allocation Failure) 125M->125M(128M) 15.141ms
[2020-08-10T13:02:02.881+0300][1062.428s][info ][gc] GC(33619) Pause Young (Allocation Failure) 126M->126M(128M) 36.970ms
[2020-08-10T13:02:02.897+0300][1062.443s][info ][gc] GC(33620) Pause Young (Allocation Failure) 126M->126M(128M) 15.061ms
[2020-08-10T13:02:02.913+0300][1062.459s][info ][gc] GC(33621) Pause Young (Allocation Failure) 127M->127M(128M) 15.093ms
[2020-08-10T13:02:03.235+0300][1062.781s][debug][gc] GC(33622) Expanding ParOldGen from 130048K by 10752K to 140800K
[2020-08-10T13:02:03.235+0300][1062.781s][info ][gc] GC(33622) Pause Full (Ergonomics) 127M->126M(139M) 322.212ms
[2020-08-10T13:02:03.249+0300][1062.795s][info ][gc] GC(33623) Pause Young (Allocation Failure) 127M->127M(139M) 14.060ms
[2020-08-10T13:02:03.265+0300][1062.811s][info ][gc] GC(33624) Pause Young (Allocation Failure) 127M->127M(139M) 14.991ms
[2020-08-10T13:02:03.282+0300][1062.828s][info ][gc] GC(33625) Pause Young (Allocation Failure) 128M->128M(139M) 16.853ms
[2020-08-10T13:02:03.298+0300][1062.844s][info ][gc] GC(33626) Pause Young (Allocation Failure) 128M->128M(139M) 15.458ms
[2020-08-10T13:02:03.314+0300][1062.860s][info ][gc] GC(33627) Pause Young (Allocation Failure) 129M->129M(139M) 15.124ms
[2020-08-10T13:02:03.331+0300][1062.877s][info ][gc] GC(33628) Pause Young (Allocation Failure) 129M->129M(139M) 16.900ms
[2020-08-10T13:02:03.346+0300][1062.893s][info ][gc] GC(33629) Pause Young (Allocation Failure) 130M->130M(139M) 15.138ms
[2020-08-10T13:02:03.362+0300][1062.908s][info ][gc] GC(33630) Pause Young (Allocation Failure) 130M->130M(139M) 15.036ms
[2020-08-10T13:02:03.381+0300][1062.927s][info ][gc] GC(33631) Pause Young (Allocation Failure) 131M->130M(139M) 18.480ms
[2020-08-10T13:02:03.397+0300][1062.943s][info ][gc] GC(33632) Pause Young (Allocation Failure) 131M->131M(139M) 15.314ms
[2020-08-10T13:02:03.434+0300][1062.980s][info ][gc] GC(33633) Pause Young (Allocation Failure) 131M->131M(139M) 37.366ms
[2020-08-10T13:02:03.450+0300][1062.996s][info ][gc] GC(33634) Pause Young (Allocation Failure) 132M->132M(139M) 15.240ms
[2020-08-10T13:02:03.490+0300][1063.037s][info ][gc] GC(33635) Pause Young (Allocation Failure) 132M->132M(139M) 40.102ms
[2020-08-10T13:02:03.506+0300][1063.052s][info ][gc] GC(33636) Pause Young (Allocation Failure) 133M->133M(139M) 15.109ms
[2020-08-10T13:02:03.522+0300][1063.068s][info ][gc] GC(33637) Pause Young (Allocation Failure) 133M->133M(139M) 15.020ms
[2020-08-10T13:02:03.537+0300][1063.083s][info ][gc] GC(33638) Pause Young (Allocation Failure) 134M->134M(139M) 15.476ms
[2020-08-10T13:02:03.578+0300][1063.124s][info ][gc] GC(33639) Pause Young (Allocation Failure) 134M->134M(139M) 40.147ms
[2020-08-10T13:02:03.594+0300][1063.140s][info ][gc] GC(33640) Pause Young (Allocation Failure) 135M->135M(139M) 15.384ms
[2020-08-10T13:02:03.609+0300][1063.156s][info ][gc] GC(33641) Pause Young (Allocation Failure) 135M->135M(139M) 15.283ms
[2020-08-10T13:02:03.610+0300][1063.156s][debug][gc] Expanding ParOldGen from 140800K by 19968K to 160768K
[2020-08-10T13:02:03.634+0300][1063.180s][info ][gc] GC(33642) Pause Young (Allocation Failure) 155M->154M(158M) 15.326ms
[2020-08-10T13:02:03.667+0300][1063.213s][info ][gc] GC(33643) Pause Young (Allocation Failure) 155M->155M(158M) 32.954ms
[2020-08-10T13:02:03.681+0300][1063.227s][info ][gc] GC(33644) Pause Young (Allocation Failure) 155M->155M(158M) 13.105ms
[2020-08-10T13:02:03.695+0300][1063.241s][info ][gc] GC(33645) Pause Young (Allocation Failure) 156M->156M(158M) 13.478ms
[2020-08-10T13:02:03.708+0300][1063.254s][info ][gc] GC(33646) Pause Young (Allocation Failure) 156M->156M(158M) 13.107ms
[2020-08-10T13:02:03.722+0300][1063.268s][info ][gc] GC(33647) Pause Young (Allocation Failure) 157M->157M(158M) 13.084ms
[2020-08-10T13:02:03.771+0300][1063.317s][debug][gc] GC(33648) Shrinking ParOldGen from 160768K by 125952K to 34816K
[2020-08-10T13:02:03.771+0300][1063.317s][info ][gc] GC(33648) Pause Full (Ergonomics) 157M->23M(35M) 49.192ms
[2020-08-10T13:02:03.784+0300][1063.330s][info ][gc] GC(33649) Pause Young (Allocation Failure) 23M->23M(35M) 12.642ms
[2020-08-10T13:02:03.797+0300][1063.343s][info ][gc] GC(33650) Pause Young (Allocation Failure) 24M->24M(35M) 12.815ms
[2020-08-10T13:02:03.810+0300][1063.356s][info ][gc] GC(33651) Pause Young (Allocation Failure) 24M->24M(35M) 12.740ms
[2020-08-10T13:02:03.823+0300][1063.370s][info ][gc] GC(33652) Pause Young (Allocation Failure) 25M->25M(35M) 12.939ms
[2020-08-10T13:02:03.837+0300][1063.383s][info ][gc] GC(33653) Pause Young (Allocation Failure) 25M->25M(35M) 12.917ms
[2020-08-10T13:02:03.850+0300][1063.396s][info ][gc] GC(33654) Pause Young (Allocation Failure) 26M->26M(35M) 12.908ms
[2020-08-10T13:02:03.864+0300][1063.410s][info ][gc] GC(33655) Pause Young (Allocation Failure) 26M->26M(35M) 13.033ms
[2020-08-10T13:02:03.877+0300][1063.423s][info ][gc] GC(33656) Pause Young (Allocation Failure) 27M->27M(35M) 13.002ms
[2020-08-10T13:02:03.891+0300][1063.437s][info ][gc] GC(33657) Pause Young (Allocation Failure) 27M->27M(35M) 12.974ms
[2020-08-10T13:02:03.904+0300][1063.450s][info ][gc] GC(33658) Pause Young (Allocation Failure) 28M->28M(35M) 12.842ms
[2020-08-10T13:02:03.917+0300][1063.463s][info ][gc] GC(33659) Pause Young (Allocation Failure) 28M->28M(35M) 12.906ms
[2020-08-10T13:02:03.931+0300][1063.477s][info ][gc] GC(33660) Pause Young (Allocation Failure) 28M->28M(35M) 12.972ms
[2020-08-10T13:02:03.944+0300][1063.490s][info ][gc] GC(33661) Pause Young (Allocation Failure) 29M->29M(35M) 12.941ms
[2020-08-10T13:02:03.958+0300][1063.504s][info ][gc] GC(33662) Pause Young (Allocation Failure) 29M->29M(35M) 13.039ms
[2020-08-10T13:02:03.972+0300][1063.518s][info ][gc] GC(33663) Pause Young (Allocation Failure) 30M->30M(35M) 13.094ms
[2020-08-10T13:02:03.985+0300][1063.531s][info ][gc] GC(33664) Pause Young (Allocation Failure) 31M->31M(36M) 13.157ms
[2020-08-10T13:02:03.999+0300][1063.546s][info ][gc] GC(33665) Pause Young (Allocation Failure) 32M->32M(36M) 13.531ms
[2020-08-10T13:02:04.013+0300][1063.560s][info ][gc] GC(33666) Pause Young (Allocation Failure) 33M->33M(36M) 13.465ms
[2020-08-10T13:02:04.027+0300][1063.574s][info ][gc] GC(33667) Pause Young (Allocation Failure) 34M->34M(36M) 13.564ms
[2020-08-10T13:02:04.086+0300][1063.632s][debug][gc] GC(33668) Expanding ParOldGen from 34816K by 11264K to 46080K
[2020-08-10T13:02:04.086+0300][1063.632s][info ][gc] GC(33668) Pause Full (Ergonomics) 34M->34M(47M) 58.336ms
[2020-08-10T13:02:04.103+0300][1063.649s][info ][gc] GC(33669) Pause Young (Allocation Failure) 35M->35M(47M) 16.481ms
[2020-08-10T13:02:04.117+0300][1063.663s][info ][gc] GC(33670) Pause Young (Allocation Failure) 36M->36M(47M) 13.567ms
[2020-08-10T13:02:04.131+0300][1063.677s][info ][gc] GC(33671) Pause Young (Allocation Failure) 37M->37M(47M) 13.432ms
[2020-08-10T13:02:04.145+0300][1063.691s][info ][gc] GC(33672) Pause Young (Allocation Failure) 38M->38M(47M) 13.505ms
[2020-08-10T13:02:04.159+0300][1063.705s][info ][gc] GC(33673) Pause Young (Allocation Failure) 39M->38M(47M) 13.514ms
[2020-08-10T13:02:04.173+0300][1063.719s][info ][gc] GC(33674) Pause Young (Allocation Failure) 39M->39M(47M) 13.507ms
[2020-08-10T13:02:04.187+0300][1063.733s][info ][gc] GC(33675) Pause Young (Allocation Failure) 40M->40M(47M) 13.414ms
[2020-08-10T13:02:04.201+0300][1063.748s][info ][gc] GC(33676) Pause Young (Allocation Failure) 41M->41M(47M) 13.567ms
[2020-08-10T13:02:04.215+0300][1063.761s][info ][gc] GC(33677) Pause Young (Allocation Failure) 42M->42M(47M) 13.277ms
[2020-08-10T13:02:04.229+0300][1063.775s][info ][gc] GC(33678) Pause Young (Allocation Failure) 43M->43M(47M) 13.550ms
[2020-08-10T13:02:04.243+0300][1063.789s][info ][gc] GC(33679) Pause Young (Allocation Failure) 44M->44M(47M) 13.554ms
[2020-08-10T13:02:04.257+0300][1063.804s][info ][gc] GC(33680) Pause Young (Allocation Failure) 45M->45M(47M) 13.519ms
[2020-08-10T13:02:04.343+0300][1063.889s][debug][gc] GC(33681) Expanding ParOldGen from 46080K by 11776K to 57856K
[2020-08-10T13:02:04.343+0300][1063.890s][info ][gc] GC(33681) Pause Full (Ergonomics) 45M->45M(59M) 85.867ms
[2020-08-10T13:02:04.363+0300][1063.909s][info ][gc] GC(33682) Pause Young (Allocation Failure) 46M->46M(59M) 19.150ms
[2020-08-10T13:02:04.377+0300][1063.924s][info ][gc] GC(33683) Pause Young (Allocation Failure) 47M->47M(59M) 13.659ms
[2020-08-10T13:02:04.392+0300][1063.938s][info ][gc] GC(33684) Pause Young (Allocation Failure) 48M->48M(59M) 13.661ms
[2020-08-10T13:02:04.406+0300][1063.952s][info ][gc] GC(33685) Pause Young (Allocation Failure) 49M->49M(59M) 13.556ms
[2020-08-10T13:02:04.420+0300][1063.966s][info ][gc] GC(33686) Pause Young (Allocation Failure) 50M->50M(59M) 13.564ms
[2020-08-10T13:02:04.434+0300][1063.980s][info ][gc] GC(33687) Pause Young (Allocation Failure) 51M->51M(59M) 13.585ms
[2020-08-10T13:02:04.448+0300][1063.994s][info ][gc] GC(33688) Pause Young (Allocation Failure) 52M->51M(59M) 13.576ms
[2020-08-10T13:02:04.462+0300][1064.009s][info ][gc] GC(33689) Pause Young (Allocation Failure) 52M->52M(59M) 13.617ms
[2020-08-10T13:02:04.477+0300][1064.023s][info ][gc] GC(33690) Pause Young (Allocation Failure) 53M->53M(59M) 13.618ms
[2020-08-10T13:02:04.491+0300][1064.037s][info ][gc] GC(33691) Pause Young (Allocation Failure) 54M->54M(59M) 13.565ms
[2020-08-10T13:02:04.505+0300][1064.051s][info ][gc] GC(33692) Pause Young (Allocation Failure) 55M->55M(59M) 13.698ms
[2020-08-10T13:02:04.519+0300][1064.066s][info ][gc] GC(33693) Pause Young (Allocation Failure) 56M->56M(59M) 13.561ms
[2020-08-10T13:02:04.639+0300][1064.185s][debug][gc] GC(33694) Expanding ParOldGen from 57856K by 11264K to 69120K
[2020-08-10T13:02:04.639+0300][1064.186s][info ][gc] GC(33694) Pause Full (Ergonomics) 56M->56M(70M) 119.808ms
[2020-08-10T13:02:04.664+0300][1064.210s][info ][gc] GC(33695) Pause Young (Allocation Failure) 57M->57M(70M) 23.748ms
[2020-08-10T13:02:04.678+0300][1064.224s][info ][gc] GC(33696) Pause Young (Allocation Failure) 58M->58M(70M) 13.803ms
[2020-08-10T13:02:04.692+0300][1064.238s][info ][gc] GC(33697) Pause Young (Allocation Failure) 59M->59M(70M) 13.567ms
[2020-08-10T13:02:04.706+0300][1064.252s][info ][gc] GC(33698) Pause Young (Allocation Failure) 60M->60M(70M) 13.626ms
[2020-08-10T13:02:04.720+0300][1064.267s][info ][gc] GC(33699) Pause Young (Allocation Failure) 61M->61M(70M) 13.568ms
[2020-08-10T13:02:04.735+0300][1064.281s][info ][gc] GC(33700) Pause Young (Allocation Failure) 62M->62M(70M) 13.648ms
[2020-08-10T13:02:04.749+0300][1064.295s][info ][gc] GC(33701) Pause Young (Allocation Failure) 63M->63M(70M) 13.727ms
[2020-08-10T13:02:04.763+0300][1064.309s][info ][gc] GC(33702) Pause Young (Allocation Failure) 64M->64M(70M) 13.825ms
[2020-08-10T13:02:04.777+0300][1064.324s][info ][gc] GC(33703) Pause Young (Allocation Failure) 65M->65M(70M) 13.580ms
[2020-08-10T13:02:04.791+0300][1064.338s][info ][gc] GC(33704) Pause Young (Allocation Failure) 66M->66M(70M) 13.554ms
[2020-08-10T13:02:04.805+0300][1064.352s][info ][gc] GC(33705) Pause Young (Allocation Failure) 67M->66M(70M) 13.582ms
[2020-08-10T13:02:04.820+0300][1064.366s][info ][gc] GC(33706) Pause Young (Allocation Failure) 67M->67M(70M) 13.712ms
[2020-08-10T13:02:04.970+0300][1064.516s][debug][gc] GC(33707) Expanding ParOldGen from 69120K by 11776K to 80896K
[2020-08-10T13:02:04.970+0300][1064.516s][info ][gc] GC(33707) Pause Full (Ergonomics) 67M->67M(81M) 150.309ms
[2020-08-10T13:02:04.998+0300][1064.545s][info ][gc] GC(33708) Pause Young (Allocation Failure) 68M->68M(81M) 27.665ms
[2020-08-10T13:02:05.012+0300][1064.559s][info ][gc] GC(33709) Pause Young (Allocation Failure) 69M->69M(81M) 13.518ms
[2020-08-10T13:02:05.026+0300][1064.572s][info ][gc] GC(33710) Pause Young (Allocation Failure) 70M->70M(81M) 13.493ms
[2020-08-10T13:02:05.040+0300][1064.586s][info ][gc] GC(33711) Pause Young (Allocation Failure) 71M->71M(81M) 13.587ms
[2020-08-10T13:02:05.054+0300][1064.601s][info ][gc] GC(33712) Pause Young (Allocation Failure) 72M->72M(81M) 13.691ms
[2020-08-10T13:02:05.069+0300][1064.615s][info ][gc] GC(33713) Pause Young (Allocation Failure) 73M->73M(81M) 13.739ms
[2020-08-10T13:02:05.083+0300][1064.629s][info ][gc] GC(33714) Pause Young (Allocation Failure) 74M->74M(81M) 13.543ms
[2020-08-10T13:02:05.097+0300][1064.643s][info ][gc] GC(33715) Pause Young (Allocation Failure) 75M->75M(81M) 13.799ms
[2020-08-10T13:02:05.111+0300][1064.658s][info ][gc] GC(33716) Pause Young (Allocation Failure) 76M->76M(81M) 13.724ms
[2020-08-10T13:02:05.126+0300][1064.672s][info ][gc] GC(33717) Pause Young (Allocation Failure) 77M->77M(81M) 13.754ms
[2020-08-10T13:02:05.140+0300][1064.686s][info ][gc] GC(33718) Pause Young (Allocation Failure) 78M->78M(81M) 13.762ms
[2020-08-10T13:02:05.154+0300][1064.701s][info ][gc] GC(33719) Pause Young (Allocation Failure) 79M->79M(81M) 13.768ms
[2020-08-10T13:02:05.334+0300][1064.881s][debug][gc] GC(33720) Expanding ParOldGen from 80896K by 11776K to 92672K
[2020-08-10T13:02:05.335+0300][1064.881s][info ][gc] GC(33720) Pause Full (Ergonomics) 79M->78M(93M) 179.967ms
[2020-08-10T13:02:05.348+0300][1064.894s][info ][gc] GC(33721) Pause Young (Allocation Failure) 79M->79M(93M) 13.117ms
[2020-08-10T13:02:05.362+0300][1064.909s][info ][gc] GC(33722) Pause Young (Allocation Failure) 80M->80M(93M) 13.584ms
[2020-08-10T13:02:05.377+0300][1064.923s][info ][gc] GC(33723) Pause Young (Allocation Failure) 81M->81M(93M) 13.659ms
[2020-08-10T13:02:05.391+0300][1064.937s][info ][gc] GC(33724) Pause Young (Allocation Failure) 82M->82M(93M) 13.675ms
[2020-08-10T13:02:05.405+0300][1064.951s][info ][gc] GC(33725) Pause Young (Allocation Failure) 83M->83M(93M) 13.810ms
[2020-08-10T13:02:05.419+0300][1064.965s][info ][gc] GC(33726) Pause Young (Allocation Failure) 84M->84M(93M) 13.651ms
[2020-08-10T13:02:05.433+0300][1064.980s][info ][gc] GC(33727) Pause Young (Allocation Failure) 85M->85M(93M) 14.116ms
[2020-08-10T13:02:05.448+0300][1064.994s][info ][gc] GC(33728) Pause Young (Allocation Failure) 86M->86M(93M) 13.954ms
[2020-08-10T13:02:05.463+0300][1065.009s][info ][gc] GC(33729) Pause Young (Allocation Failure) 87M->87M(92M) 14.316ms
[2020-08-10T13:02:05.477+0300][1065.024s][info ][gc] GC(33730) Pause Young (Allocation Failure) 88M->88M(92M) 13.842ms
[2020-08-10T13:02:05.491+0300][1065.037s][info ][gc] GC(33731) Pause Young (Allocation Failure) 89M->88M(92M) 13.349ms
[2020-08-10T13:02:05.505+0300][1065.051s][info ][gc] GC(33732) Pause Young (Allocation Failure) 89M->89M(92M) 13.070ms
[2020-08-10T13:02:05.518+0300][1065.064s][info ][gc] GC(33733) Pause Young (Allocation Failure) 89M->89M(92M) 13.084ms
[2020-08-10T13:02:05.731+0300][1065.277s][debug][gc] GC(33734) Expanding ParOldGen from 92672K by 10752K to 103424K
[2020-08-10T13:02:05.731+0300][1065.278s][info ][gc] GC(33734) Pause Full (Ergonomics) 89M->89M(103M) 213.071ms
[2020-08-10T13:02:05.745+0300][1065.291s][info ][gc] GC(33735) Pause Young (Allocation Failure) 90M->90M(103M) 12.869ms
[2020-08-10T13:02:05.758+0300][1065.304s][info ][gc] GC(33736) Pause Young (Allocation Failure) 90M->90M(103M) 13.114ms
[2020-08-10T13:02:05.772+0300][1065.318s][info ][gc] GC(33737) Pause Young (Allocation Failure) 91M->91M(103M) 13.145ms
[2020-08-10T13:02:05.785+0300][1065.332s][info ][gc] GC(33738) Pause Young (Allocation Failure) 91M->91M(103M) 13.081ms
[2020-08-10T13:02:05.799+0300][1065.345s][info ][gc] GC(33739) Pause Young (Allocation Failure) 92M->92M(103M) 13.135ms
[2020-08-10T13:02:05.813+0300][1065.359s][info ][gc] GC(33740) Pause Young (Allocation Failure) 92M->92M(103M) 13.208ms
[2020-08-10T13:02:05.826+0300][1065.372s][info ][gc] GC(33741) Pause Young (Allocation Failure) 92M->92M(103M) 13.115ms
[2020-08-10T13:02:05.839+0300][1065.386s][info ][gc] GC(33742) Pause Young (Allocation Failure) 93M->93M(103M) 13.106ms
[2020-08-10T13:02:05.853+0300][1065.399s][info ][gc] GC(33743) Pause Young (Allocation Failure) 93M->93M(103M) 13.264ms
[2020-08-10T13:02:05.867+0300][1065.413s][info ][gc] GC(33744) Pause Young (Allocation Failure) 94M->94M(103M) 13.155ms
[2020-08-10T13:02:05.880+0300][1065.427s][info ][gc] GC(33745) Pause Young (Allocation Failure) 94M->94M(103M) 13.163ms
[2020-08-10T13:02:05.894+0300][1065.440s][info ][gc] GC(33746) Pause Young (Allocation Failure) 95M->95M(103M) 13.086ms
[2020-08-10T13:02:05.907+0300][1065.454s][info ][gc] GC(33747) Pause Young (Allocation Failure) 95M->95M(103M) 13.183ms
[2020-08-10T13:02:05.921+0300][1065.468s][info ][gc] GC(33748) Pause Young (Allocation Failure) 96M->96M(102M) 13.442ms
[2020-08-10T13:02:05.935+0300][1065.481s][info ][gc] GC(33749) Pause Young (Allocation Failure) 96M->96M(102M) 13.140ms
[2020-08-10T13:02:05.949+0300][1065.495s][info ][gc] GC(33750) Pause Young (Allocation Failure) 97M->97M(102M) 13.127ms
[2020-08-10T13:02:05.962+0300][1065.508s][info ][gc] GC(33751) Pause Young (Allocation Failure) 97M->97M(102M) 13.149ms
[2020-08-10T13:02:05.976+0300][1065.522s][info ][gc] GC(33752) Pause Young (Allocation Failure) 98M->97M(102M) 13.160ms
[2020-08-10T13:02:05.989+0300][1065.536s][info ][gc] GC(33753) Pause Young (Allocation Failure) 98M->98M(102M) 13.114ms
[2020-08-10T13:02:06.003+0300][1065.549s][info ][gc] GC(33754) Pause Young (Allocation Failure) 98M->98M(102M) 12.978ms
[2020-08-10T13:02:06.016+0300][1065.562s][info ][gc] GC(33755) Pause Young (Allocation Failure) 99M->99M(102M) 13.078ms
[2020-08-10T13:02:06.030+0300][1065.576s][info ][gc] GC(33756) Pause Young (Allocation Failure) 99M->99M(102M) 13.032ms
[2020-08-10T13:02:06.043+0300][1065.589s][info ][gc] GC(33757) Pause Young (Allocation Failure) 100M->100M(102M) 13.097ms
[2020-08-10T13:02:06.057+0300][1065.603s][info ][gc] GC(33758) Pause Young (Allocation Failure) 100M->100M(102M) 13.022ms
[2020-08-10T13:02:06.070+0300][1065.616s][info ][gc] GC(33759) Pause Young (Allocation Failure) 101M->101M(102M) 13.073ms
[2020-08-10T13:02:06.315+0300][1065.861s][debug][gc] GC(33760) Expanding ParOldGen from 103424K by 10752K to 114176K
[2020-08-10T13:02:06.315+0300][1065.862s][info ][gc] GC(33760) Pause Full (Ergonomics) 101M->101M(113M) 245.080ms
[2020-08-10T13:02:06.350+0300][1065.896s][info ][gc] GC(33761) Pause Young (Allocation Failure) 101M->101M(113M) 34.070ms
[2020-08-10T13:02:06.364+0300][1065.910s][info ][gc] GC(33762) Pause Young (Allocation Failure) 102M->101M(113M) 13.528ms
[2020-08-10T13:02:06.378+0300][1065.924s][info ][gc] GC(33763) Pause Young (Allocation Failure) 102M->102M(113M) 13.453ms
[2020-08-10T13:02:06.392+0300][1065.938s][info ][gc] GC(33764) Pause Young (Allocation Failure) 102M->102M(113M) 13.588ms
[2020-08-10T13:02:06.406+0300][1065.952s][info ][gc] GC(33765) Pause Young (Allocation Failure) 103M->103M(113M) 13.384ms
[2020-08-10T13:02:06.420+0300][1065.966s][info ][gc] GC(33766) Pause Young (Allocation Failure) 103M->103M(113M) 13.528ms
[2020-08-10T13:02:06.434+0300][1065.980s][info ][gc] GC(33767) Pause Young (Allocation Failure) 104M->104M(113M) 13.547ms
[2020-08-10T13:02:06.448+0300][1065.994s][info ][gc] GC(33768) Pause Young (Allocation Failure) 104M->104M(113M) 13.572ms
[2020-08-10T13:02:06.462+0300][1066.008s][info ][gc] GC(33769) Pause Young (Allocation Failure) 105M->105M(113M) 13.551ms
[2020-08-10T13:02:06.476+0300][1066.022s][info ][gc] GC(33770) Pause Young (Allocation Failure) 105M->105M(113M) 13.476ms
[2020-08-10T13:02:06.490+0300][1066.036s][info ][gc] GC(33771) Pause Young (Allocation Failure) 106M->106M(113M) 13.577ms
[2020-08-10T13:02:06.504+0300][1066.050s][info ][gc] GC(33772) Pause Young (Allocation Failure) 106M->106M(113M) 13.517ms
[2020-08-10T13:02:06.518+0300][1066.064s][info ][gc] GC(33773) Pause Young (Allocation Failure) 107M->107M(113M) 13.547ms
[2020-08-10T13:02:06.532+0300][1066.078s][info ][gc] GC(33774) Pause Young (Allocation Failure) 107M->107M(113M) 13.536ms
[2020-08-10T13:02:06.546+0300][1066.092s][info ][gc] GC(33775) Pause Young (Allocation Failure) 107M->107M(113M) 13.538ms
[2020-08-10T13:02:06.560+0300][1066.106s][info ][gc] GC(33776) Pause Young (Allocation Failure) 108M->108M(113M) 13.506ms
[2020-08-10T13:02:06.579+0300][1066.125s][info ][gc] GC(33777) Pause Young (Allocation Failure) 108M->108M(113M) 18.481ms
[2020-08-10T13:02:06.593+0300][1066.139s][info ][gc] GC(33778) Pause Young (Allocation Failure) 109M->109M(113M) 13.588ms
[2020-08-10T13:02:06.607+0300][1066.153s][info ][gc] GC(33779) Pause Young (Allocation Failure) 109M->109M(113M) 13.627ms
[2020-08-10T13:02:06.621+0300][1066.167s][info ][gc] GC(33780) Pause Young (Allocation Failure) 110M->110M(113M) 13.726ms
[2020-08-10T13:02:06.635+0300][1066.181s][info ][gc] GC(33781) Pause Young (Allocation Failure) 110M->110M(113M) 13.665ms
[2020-08-10T13:02:06.649+0300][1066.195s][info ][gc] GC(33782) Pause Young (Allocation Failure) 111M->111M(113M) 13.629ms
[2020-08-10T13:02:06.663+0300][1066.209s][info ][gc] GC(33783) Pause Young (Allocation Failure) 111M->111M(113M) 13.678ms
[2020-08-10T13:02:06.933+0300][1066.479s][debug][gc] GC(33784) Expanding ParOldGen from 114176K by 10752K to 124928K
[2020-08-10T13:02:06.933+0300][1066.479s][info ][gc] GC(33784) Pause Full (Ergonomics) 111M->111M(123M) 269.640ms
[2020-08-10T13:02:06.946+0300][1066.493s][info ][gc] GC(33785) Pause Young (Allocation Failure) 111M->111M(123M) 13.004ms
[2020-08-10T13:02:06.960+0300][1066.506s][info ][gc] GC(33786) Pause Young (Allocation Failure) 112M->112M(123M) 13.395ms
[2020-08-10T13:02:06.993+0300][1066.539s][info ][gc] GC(33787) Pause Young (Allocation Failure) 112M->112M(123M) 32.107ms
[2020-08-10T13:02:07.024+0300][1066.571s][info ][gc] GC(33788) Pause Young (Allocation Failure) 113M->113M(123M) 31.286ms
[2020-08-10T13:02:07.040+0300][1066.587s][info ][gc] GC(33789) Pause Young (Allocation Failure) 113M->113M(123M) 15.657ms
[2020-08-10T13:02:07.055+0300][1066.602s][info ][gc] GC(33790) Pause Young (Allocation Failure) 114M->114M(123M) 14.693ms
[2020-08-10T13:02:07.069+0300][1066.616s][info ][gc] GC(33791) Pause Young (Allocation Failure) 114M->114M(123M) 13.479ms
[2020-08-10T13:02:07.084+0300][1066.630s][info ][gc] GC(33792) Pause Young (Allocation Failure) 115M->115M(123M) 13.595ms
[2020-08-10T13:02:07.098+0300][1066.644s][info ][gc] GC(33793) Pause Young (Allocation Failure) 115M->115M(123M) 13.933ms
[2020-08-10T13:02:07.112+0300][1066.659s][info ][gc] GC(33794) Pause Young (Allocation Failure) 116M->116M(123M) 14.105ms
[2020-08-10T13:02:07.127+0300][1066.673s][info ][gc] GC(33795) Pause Young (Allocation Failure) 116M->116M(123M) 13.890ms
[2020-08-10T13:02:07.141+0300][1066.687s][info ][gc] GC(33796) Pause Young (Allocation Failure) 117M->117M(123M) 13.763ms
[2020-08-10T13:02:07.155+0300][1066.702s][info ][gc] GC(33797) Pause Young (Allocation Failure) 117M->117M(123M) 13.879ms
[2020-08-10T13:02:07.170+0300][1066.716s][info ][gc] GC(33798) Pause Young (Allocation Failure) 117M->117M(123M) 14.126ms
[2020-08-10T13:02:07.184+0300][1066.730s][info ][gc] GC(33799) Pause Young (Allocation Failure) 118M->118M(123M) 13.858ms
[2020-08-10T13:02:07.198+0300][1066.745s][info ][gc] GC(33800) Pause Young (Allocation Failure) 118M->118M(123M) 13.878ms
[2020-08-10T13:02:07.213+0300][1066.759s][info ][gc] GC(33801) Pause Young (Allocation Failure) 119M->119M(123M) 14.026ms
[2020-08-10T13:02:07.228+0300][1066.774s][info ][gc] GC(33802) Pause Young (Allocation Failure) 119M->119M(123M) 14.127ms
[2020-08-10T13:02:07.242+0300][1066.788s][info ][gc] GC(33803) Pause Young (Allocation Failure) 120M->120M(123M) 14.041ms
[2020-08-10T13:02:07.257+0300][1066.803s][info ][gc] GC(33804) Pause Young (Allocation Failure) 120M->120M(123M) 14.194ms
[2020-08-10T13:02:07.271+0300][1066.818s][info ][gc] GC(33805) Pause Young (Allocation Failure) 121M->121M(123M) 14.231ms
[2020-08-10T13:02:07.286+0300][1066.832s][info ][gc] GC(33806) Pause Young (Allocation Failure) 121M->121M(123M) 14.236ms
[2020-08-10T13:02:07.301+0300][1066.847s][info ][gc] GC(33807) Pause Young (Allocation Failure) 122M->122M(123M) 14.271ms
[2020-08-10T13:02:07.599+0300][1067.145s][debug][gc] GC(33808) Expanding ParOldGen from 124928K by 10752K to 135680K
[2020-08-10T13:02:07.599+0300][1067.146s][info ][gc] GC(33808) Pause Full (Ergonomics) 122M->121M(134M) 298.622ms
[2020-08-10T13:02:07.613+0300][1067.159s][info ][gc] GC(33809) Pause Young (Allocation Failure) 122M->122M(134M) 13.227ms
[2020-08-10T13:02:07.628+0300][1067.174s][info ][gc] GC(33810) Pause Young (Allocation Failure) 122M->122M(134M) 14.660ms
[2020-08-10T13:02:07.663+0300][1067.210s][info ][gc] GC(33811) Pause Young (Allocation Failure) 123M->123M(134M) 34.723ms
[2020-08-10T13:02:07.678+0300][1067.225s][info ][gc] GC(33812) Pause Young (Allocation Failure) 123M->123M(134M) 14.658ms
[2020-08-10T13:02:07.693+0300][1067.240s][info ][gc] GC(33813) Pause Young (Allocation Failure) 124M->124M(134M) 14.717ms
[2020-08-10T13:02:07.719+0300][1067.265s][info ][gc] GC(33814) Pause Young (Allocation Failure) 124M->124M(134M) 25.106ms
[2020-08-10T13:02:07.744+0300][1067.290s][info ][gc] GC(33815) Pause Young (Allocation Failure) 125M->125M(134M) 24.473ms
[2020-08-10T13:02:07.758+0300][1067.305s][info ][gc] GC(33816) Pause Young (Allocation Failure) 125M->125M(134M) 14.556ms
[2020-08-10T13:02:07.774+0300][1067.320s][info ][gc] GC(33817) Pause Young (Allocation Failure) 125M->125M(134M) 14.684ms
[2020-08-10T13:02:07.789+0300][1067.335s][info ][gc] GC(33818) Pause Young (Allocation Failure) 126M->126M(134M) 14.861ms
[2020-08-10T13:02:07.822+0300][1067.369s][info ][gc] GC(33819) Pause Young (Allocation Failure) 126M->126M(134M) 33.029ms
[2020-08-10T13:02:07.838+0300][1067.384s][info ][gc] GC(33820) Pause Young (Allocation Failure) 127M->127M(134M) 14.878ms
[2020-08-10T13:02:07.853+0300][1067.399s][info ][gc] GC(33821) Pause Young (Allocation Failure) 127M->127M(134M) 14.806ms
[2020-08-10T13:02:07.868+0300][1067.415s][info ][gc] GC(33822) Pause Young (Allocation Failure) 128M->128M(134M) 14.829ms
[2020-08-10T13:02:07.884+0300][1067.430s][info ][gc] GC(33823) Pause Young (Allocation Failure) 128M->128M(134M) 15.139ms
[2020-08-10T13:02:07.899+0300][1067.446s][info ][gc] GC(33824) Pause Young (Allocation Failure) 129M->129M(134M) 14.925ms
[2020-08-10T13:02:07.934+0300][1067.480s][info ][gc] GC(33825) Pause Young (Allocation Failure) 129M->129M(134M) 34.033ms
[2020-08-10T13:02:07.949+0300][1067.495s][info ][gc] GC(33826) Pause Young (Allocation Failure) 130M->129M(134M) 15.141ms
[2020-08-10T13:02:07.989+0300][1067.535s][info ][gc] GC(33827) Pause Young (Allocation Failure) 130M->130M(134M) 39.359ms
[2020-08-10T13:02:08.018+0300][1067.565s][info ][gc] GC(33828) Pause Young (Allocation Failure) 130M->130M(134M) 29.115ms
[2020-08-10T13:02:08.055+0300][1067.601s][info ][gc] GC(33829) Pause Young (Allocation Failure) 131M->131M(134M) 35.596ms
[2020-08-10T13:02:08.070+0300][1067.616s][info ][gc] GC(33830) Pause Young (Allocation Failure) 131M->131M(134M) 15.216ms
[2020-08-10T13:02:08.086+0300][1067.632s][info ][gc] GC(33831) Pause Young (Allocation Failure) 132M->132M(134M) 15.212ms
[2020-08-10T13:02:08.122+0300][1067.669s][info ][gc] GC(33832) Pause Young (Allocation Failure) 132M->132M(134M) 36.458ms
[2020-08-10T13:02:08.564+0300][1068.111s][debug][gc] GC(33833) Expanding ParOldGen from 135680K by 10752K to 146432K
[2020-08-10T13:02:08.564+0300][1068.111s][info ][gc] GC(33833) Pause Full (Ergonomics) 132M->132M(144M) 441.820ms
[2020-08-10T13:02:08.597+0300][1068.144s][info ][gc] GC(33834) Pause Young (Allocation Failure) 132M->132M(144M) 32.280ms
[2020-08-10T13:02:08.613+0300][1068.160s][info ][gc] GC(33835) Pause Young (Allocation Failure) 133M->133M(144M) 15.609ms
[2020-08-10T13:02:08.629+0300][1068.176s][info ][gc] GC(33836) Pause Young (Allocation Failure) 133M->133M(144M) 15.687ms
[2020-08-10T13:02:08.645+0300][1068.192s][info ][gc] GC(33837) Pause Young (Allocation Failure) 134M->134M(144M) 15.569ms
[2020-08-10T13:02:08.661+0300][1068.207s][info ][gc] GC(33838) Pause Young (Allocation Failure) 134M->134M(144M) 15.277ms
[2020-08-10T13:02:08.677+0300][1068.223s][info ][gc] GC(33839) Pause Young (Allocation Failure) 135M->135M(144M) 15.061ms
[2020-08-10T13:02:08.692+0300][1068.239s][info ][gc] GC(33840) Pause Young (Allocation Failure) 135M->135M(144M) 15.476ms
[2020-08-10T13:02:08.693+0300][1068.239s][debug][gc] Expanding ParOldGen from 146432K by 19968K to 166400K
[2020-08-10T13:02:08.715+0300][1068.261s][info ][gc] GC(33841) Pause Young (Allocation Failure) 155M->154M(164M) 14.150ms
[2020-08-10T13:02:08.740+0300][1068.287s][info ][gc] GC(33842) Pause Young (Allocation Failure) 155M->155M(164M) 24.998ms
[2020-08-10T13:02:08.766+0300][1068.312s][info ][gc] GC(33843) Pause Young (Allocation Failure) 155M->155M(164M) 25.136ms
[2020-08-10T13:02:08.791+0300][1068.337s][info ][gc] GC(33844) Pause Young (Allocation Failure) 156M->156M(164M) 25.175ms
[2020-08-10T13:02:08.817+0300][1068.364s][info ][gc] GC(33845) Pause Young (Allocation Failure) 156M->156M(164M) 25.822ms
[2020-08-10T13:02:08.843+0300][1068.389s][info ][gc] GC(33846) Pause Young (Allocation Failure) 157M->157M(164M) 25.128ms
[2020-08-10T13:02:08.868+0300][1068.415s][info ][gc] GC(33847) Pause Young (Allocation Failure) 157M->157M(164M) 25.271ms
[2020-08-10T13:02:08.894+0300][1068.441s][info ][gc] GC(33848) Pause Young (Allocation Failure) 158M->158M(164M) 25.301ms
[2020-08-10T13:02:08.948+0300][1068.494s][info ][gc] GC(33849) Pause Young (Allocation Failure) 158M->158M(164M) 53.258ms
[2020-08-10T13:02:08.974+0300][1068.521s][info ][gc] GC(33850) Pause Young (Allocation Failure) 158M->158M(164M) 26.003ms
[2020-08-10T13:02:09.000+0300][1068.546s][info ][gc] GC(33851) Pause Young (Allocation Failure) 159M->159M(164M) 25.218ms
[2020-08-10T13:02:09.026+0300][1068.572s][info ][gc] GC(33852) Pause Young (Allocation Failure) 159M->159M(164M) 25.390ms
[2020-08-10T13:02:09.076+0300][1068.622s][info ][gc] GC(33853) Pause Young (Allocation Failure) 160M->160M(164M) 50.146ms
[2020-08-10T13:02:09.110+0300][1068.657s][info ][gc] GC(33854) Pause Young (Allocation Failure) 160M->160M(164M) 33.655ms
[2020-08-10T13:02:09.136+0300][1068.682s][info ][gc] GC(33855) Pause Young (Allocation Failure) 161M->161M(164M) 25.395ms
[2020-08-10T13:02:09.192+0300][1068.739s][info ][gc] GC(33856) Pause Young (Allocation Failure) 161M->161M(164M) 56.197ms
[2020-08-10T13:02:09.225+0300][1068.772s][info ][gc] GC(33857) Pause Young (Allocation Failure) 162M->162M(164M) 32.505ms
[2020-08-10T13:02:09.255+0300][1068.802s][info ][gc] GC(33858) Pause Young (Allocation Failure) 162M->162M(164M) 29.202ms
[2020-08-10T13:02:09.348+0300][1068.895s][debug][gc] GC(33859) Shrinking ParOldGen from 166400K by 125952K to 40448K
[2020-08-10T13:02:09.348+0300][1068.895s][info ][gc] GC(33859) Pause Full (Ergonomics) 162M->28M(41M) 92.859ms
[2020-08-10T13:02:09.362+0300][1068.908s][info ][gc] GC(33860) Pause Young (Allocation Failure) 29M->29M(41M) 13.206ms
[2020-08-10T13:02:09.376+0300][1068.922s][info ][gc] GC(33861) Pause Young (Allocation Failure) 29M->29M(41M) 13.295ms
[2020-08-10T13:02:09.389+0300][1068.936s][info ][gc] GC(33862) Pause Young (Allocation Failure) 30M->30M(41M) 13.370ms
[2020-08-10T13:02:09.403+0300][1068.950s][info ][gc] GC(33863) Pause Young (Allocation Failure) 30M->30M(41M) 13.507ms
[2020-08-10T13:02:09.417+0300][1068.964s][info ][gc] GC(33864) Pause Young (Allocation Failure) 31M->31M(41M) 13.496ms
[2020-08-10T13:02:09.431+0300][1068.978s][info ][gc] GC(33865) Pause Young (Allocation Failure) 31M->31M(41M) 13.511ms
[2020-08-10T13:02:09.445+0300][1068.992s][info ][gc] GC(33866) Pause Young (Allocation Failure) 32M->31M(41M) 13.383ms
[2020-08-10T13:02:09.459+0300][1069.006s][info ][gc] GC(33867) Pause Young (Allocation Failure) 32M->32M(41M) 13.412ms
[2020-08-10T13:02:09.473+0300][1069.020s][info ][gc] GC(33868) Pause Young (Allocation Failure) 32M->32M(41M) 13.491ms
[2020-08-10T13:02:09.487+0300][1069.034s][info ][gc] GC(33869) Pause Young (Allocation Failure) 33M->33M(41M) 13.430ms
[2020-08-10T13:02:09.501+0300][1069.048s][info ][gc] GC(33870) Pause Young (Allocation Failure) 33M->33M(41M) 13.403ms
[2020-08-10T13:02:09.515+0300][1069.062s][info ][gc] GC(33871) Pause Young (Allocation Failure) 34M->34M(41M) 13.403ms
[2020-08-10T13:02:09.529+0300][1069.076s][info ][gc] GC(33872) Pause Young (Allocation Failure) 34M->34M(41M) 13.492ms
[2020-08-10T13:02:09.543+0300][1069.089s][info ][gc] GC(33873) Pause Young (Allocation Failure) 35M->35M(41M) 13.435ms
[2020-08-10T13:02:09.557+0300][1069.103s][info ][gc] GC(33874) Pause Young (Allocation Failure) 35M->35M(41M) 13.446ms
[2020-08-10T13:02:09.571+0300][1069.117s][info ][gc] GC(33875) Pause Young (Allocation Failure) 36M->36M(41M) 13.448ms
[2020-08-10T13:02:09.585+0300][1069.131s][info ][gc] GC(33876) Pause Young (Allocation Failure) 36M->36M(41M) 13.514ms
[2020-08-10T13:02:09.599+0300][1069.146s][info ][gc] GC(33877) Pause Young (Allocation Failure) 37M->37M(41M) 13.636ms
[2020-08-10T13:02:09.613+0300][1069.160s][info ][gc] GC(33878) Pause Young (Allocation Failure) 38M->37M(41M) 13.666ms
[2020-08-10T13:02:09.628+0300][1069.174s][info ][gc] GC(33879) Pause Young (Allocation Failure) 38M->38M(41M) 13.693ms
[2020-08-10T13:02:09.642+0300][1069.189s][info ][gc] GC(33880) Pause Young (Allocation Failure) 39M->39M(41M) 14.056ms
[2020-08-10T13:02:09.719+0300][1069.266s][debug][gc] GC(33881) Expanding ParOldGen from 40448K by 11264K to 51712K
[2020-08-10T13:02:09.720+0300][1069.266s][info ][gc] GC(33881) Pause Full (Ergonomics) 39M->39M(52M) 76.799ms
[2020-08-10T13:02:09.738+0300][1069.285s][info ][gc] GC(33882) Pause Young (Allocation Failure) 40M->40M(53M) 18.379ms
[2020-08-10T13:02:09.753+0300][1069.300s][info ][gc] GC(33883) Pause Young (Allocation Failure) 41M->41M(53M) 14.082ms
[2020-08-10T13:02:09.768+0300][1069.314s][info ][gc] GC(33884) Pause Young (Allocation Failure) 42M->42M(53M) 13.874ms
[2020-08-10T13:02:09.782+0300][1069.329s][info ][gc] GC(33885) Pause Young (Allocation Failure) 43M->43M(53M) 14.007ms
[2020-08-10T13:02:09.797+0300][1069.343s][info ][gc] GC(33886) Pause Young (Allocation Failure) 44M->44M(53M) 13.937ms
[2020-08-10T13:02:09.811+0300][1069.358s][info ][gc] GC(33887) Pause Young (Allocation Failure) 45M->45M(53M) 14.047ms
[2020-08-10T13:02:09.826+0300][1069.372s][info ][gc] GC(33888) Pause Young (Allocation Failure) 46M->46M(53M) 13.814ms
[2020-08-10T13:02:09.840+0300][1069.387s][info ][gc] GC(33889) Pause Young (Allocation Failure) 47M->47M(53M) 13.923ms
[2020-08-10T13:02:09.855+0300][1069.401s][info ][gc] GC(33890) Pause Young (Allocation Failure) 48M->47M(53M) 13.993ms
[2020-08-10T13:02:09.869+0300][1069.416s][info ][gc] GC(33891) Pause Young (Allocation Failure) 48M->48M(53M) 14.032ms
[2020-08-10T13:02:09.884+0300][1069.430s][info ][gc] GC(33892) Pause Young (Allocation Failure) 49M->49M(53M) 14.064ms
[2020-08-10T13:02:09.899+0300][1069.445s][info ][gc] GC(33893) Pause Young (Allocation Failure) 50M->50M(53M) 13.964ms
[2020-08-10T13:02:10.002+0300][1069.548s][debug][gc] GC(33894) Expanding ParOldGen from 51712K by 11776K to 63488K
[2020-08-10T13:02:10.002+0300][1069.549s][info ][gc] GC(33894) Pause Full (Ergonomics) 50M->50M(64M) 103.312ms
[2020-08-10T13:02:10.024+0300][1069.570s][info ][gc] GC(33895) Pause Young (Allocation Failure) 51M->51M(64M) 21.092ms
[2020-08-10T13:02:10.039+0300][1069.585s][info ][gc] GC(33896) Pause Young (Allocation Failure) 52M->52M(64M) 14.174ms
[2020-08-10T13:02:10.053+0300][1069.600s][info ][gc] GC(33897) Pause Young (Allocation Failure) 53M->53M(64M) 13.891ms
[2020-08-10T13:02:10.068+0300][1069.614s][info ][gc] GC(33898) Pause Young (Allocation Failure) 54M->54M(64M) 14.114ms
[2020-08-10T13:02:10.082+0300][1069.629s][info ][gc] GC(33899) Pause Young (Allocation Failure) 55M->55M(64M) 14.127ms
[2020-08-10T13:02:10.097+0300][1069.644s][info ][gc] GC(33900) Pause Young (Allocation Failure) 56M->56M(64M) 14.095ms
[2020-08-10T13:02:10.112+0300][1069.659s][info ][gc] GC(33901) Pause Young (Allocation Failure) 57M->57M(64M) 14.118ms
[2020-08-10T13:02:10.127+0300][1069.673s][info ][gc] GC(33902) Pause Young (Allocation Failure) 58M->58M(64M) 14.146ms
[2020-08-10T13:02:10.141+0300][1069.688s][info ][gc] GC(33903) Pause Young (Allocation Failure) 59M->59M(64M) 14.033ms
[2020-08-10T13:02:10.156+0300][1069.702s][info ][gc] GC(33904) Pause Young (Allocation Failure) 60M->60M(64M) 14.036ms
[2020-08-10T13:02:10.170+0300][1069.717s][info ][gc] GC(33905) Pause Young (Allocation Failure) 61M->60M(64M) 14.299ms
[2020-08-10T13:02:10.185+0300][1069.732s][info ][gc] GC(33906) Pause Young (Allocation Failure) 61M->61M(64M) 14.124ms
[2020-08-10T13:02:10.327+0300][1069.873s][debug][gc] GC(33907) Expanding ParOldGen from 63488K by 11776K to 75264K
[2020-08-10T13:02:10.327+0300][1069.873s][info ][gc] GC(33907) Pause Full (Ergonomics) 61M->61M(76M) 141.382ms
[2020-08-10T13:02:10.341+0300][1069.887s][info ][gc] GC(33908) Pause Young (Allocation Failure) 62M->62M(76M) 13.546ms
[2020-08-10T13:02:10.355+0300][1069.902s][info ][gc] GC(33909) Pause Young (Allocation Failure) 63M->63M(76M) 14.017ms
[2020-08-10T13:02:10.370+0300][1069.916s][info ][gc] GC(33910) Pause Young (Allocation Failure) 64M->64M(76M) 13.987ms
[2020-08-10T13:02:10.384+0300][1069.931s][info ][gc] GC(33911) Pause Young (Allocation Failure) 65M->65M(76M) 13.787ms
[2020-08-10T13:02:10.398+0300][1069.945s][info ][gc] GC(33912) Pause Young (Allocation Failure) 66M->66M(76M) 13.827ms
[2020-08-10T13:02:10.413+0300][1069.960s][info ][gc] GC(33913) Pause Young (Allocation Failure) 67M->67M(76M) 14.015ms
[2020-08-10T13:02:10.428+0300][1069.974s][info ][gc] GC(33914) Pause Young (Allocation Failure) 68M->68M(76M) 13.977ms
[2020-08-10T13:02:10.442+0300][1069.989s][info ][gc] GC(33915) Pause Young (Allocation Failure) 69M->69M(76M) 13.964ms
[2020-08-10T13:02:10.457+0300][1070.003s][info ][gc] GC(33916) Pause Young (Allocation Failure) 70M->70M(76M) 14.004ms
[2020-08-10T13:02:10.471+0300][1070.018s][info ][gc] GC(33917) Pause Young (Allocation Failure) 71M->71M(76M) 13.998ms
[2020-08-10T13:02:10.486+0300][1070.032s][info ][gc] GC(33918) Pause Young (Allocation Failure) 72M->72M(76M) 14.031ms
[2020-08-10T13:02:10.500+0300][1070.047s][info ][gc] GC(33919) Pause Young (Allocation Failure) 73M->73M(76M) 13.902ms
[2020-08-10T13:02:10.515+0300][1070.062s][info ][gc] GC(33920) Pause Young (Allocation Failure) 74M->74M(76M) 14.032ms
[2020-08-10T13:02:10.689+0300][1070.235s][debug][gc] GC(33921) Expanding ParOldGen from 75264K by 11776K to 87040K
[2020-08-10T13:02:10.689+0300][1070.235s][info ][gc] GC(33921) Pause Full (Ergonomics) 74M->73M(87M) 173.339ms
[2020-08-10T13:02:10.719+0300][1070.266s][info ][gc] GC(33922) Pause Young (Allocation Failure) 74M->74M(87M) 30.198ms
[2020-08-10T13:02:10.734+0300][1070.281s][info ][gc] GC(33923) Pause Young (Allocation Failure) 75M->75M(87M) 14.332ms
[2020-08-10T13:02:10.749+0300][1070.296s][info ][gc] GC(33924) Pause Young (Allocation Failure) 76M->76M(87M) 14.306ms
[2020-08-10T13:02:10.764+0300][1070.311s][info ][gc] GC(33925) Pause Young (Allocation Failure) 77M->77M(87M) 14.371ms
[2020-08-10T13:02:10.779+0300][1070.326s][info ][gc] GC(33926) Pause Young (Allocation Failure) 78M->78M(87M) 14.364ms
[2020-08-10T13:02:10.794+0300][1070.341s][info ][gc] GC(33927) Pause Young (Allocation Failure) 79M->79M(87M) 14.302ms
[2020-08-10T13:02:10.809+0300][1070.356s][info ][gc] GC(33928) Pause Young (Allocation Failure) 80M->80M(87M) 14.283ms
[2020-08-10T13:02:10.824+0300][1070.371s][info ][gc] GC(33929) Pause Young (Allocation Failure) 81M->81M(87M) 14.385ms
[2020-08-10T13:02:10.839+0300][1070.386s][info ][gc] GC(33930) Pause Young (Allocation Failure) 82M->82M(87M) 14.367ms
[2020-08-10T13:02:10.855+0300][1070.401s][info ][gc] GC(33931) Pause Young (Allocation Failure) 83M->83M(87M) 14.639ms
[2020-08-10T13:02:10.870+0300][1070.416s][info ][gc] GC(33932) Pause Young (Allocation Failure) 84M->84M(87M) 14.598ms
[2020-08-10T13:02:10.885+0300][1070.431s][info ][gc] GC(33933) Pause Young (Allocation Failure) 85M->85M(87M) 14.620ms
[2020-08-10T13:02:11.090+0300][1070.636s][debug][gc] GC(33934) Expanding ParOldGen from 87040K by 11264K to 98304K
[2020-08-10T13:02:11.090+0300][1070.636s][info ][gc] GC(33934) Pause Full (Ergonomics) 85M->85M(98M) 204.852ms
[2020-08-10T13:02:11.123+0300][1070.669s][info ][gc] GC(33935) Pause Young (Allocation Failure) 86M->86M(98M) 32.139ms
[2020-08-10T13:02:11.138+0300][1070.685s][info ][gc] GC(33936) Pause Young (Allocation Failure) 87M->86M(98M) 14.970ms
[2020-08-10T13:02:11.154+0300][1070.700s][info ][gc] GC(33937) Pause Young (Allocation Failure) 87M->87M(98M) 14.838ms
[2020-08-10T13:02:11.169+0300][1070.716s][info ][gc] GC(33938) Pause Young (Allocation Failure) 88M->88M(98M) 15.145ms
[2020-08-10T13:02:11.185+0300][1070.732s][info ][gc] GC(33939) Pause Young (Allocation Failure) 89M->89M(98M) 15.290ms
[2020-08-10T13:02:11.201+0300][1070.748s][info ][gc] GC(33940) Pause Young (Allocation Failure) 90M->90M(98M) 15.421ms
[2020-08-10T13:02:11.217+0300][1070.763s][info ][gc] GC(33941) Pause Young (Allocation Failure) 91M->91M(98M) 15.124ms
[2020-08-10T13:02:11.233+0300][1070.779s][info ][gc] GC(33942) Pause Young (Allocation Failure) 92M->92M(98M) 15.227ms
[2020-08-10T13:02:11.249+0300][1070.795s][info ][gc] GC(33943) Pause Young (Allocation Failure) 93M->93M(98M) 15.195ms
[2020-08-10T13:02:11.264+0300][1070.811s][info ][gc] GC(33944) Pause Young (Allocation Failure) 94M->94M(98M) 15.296ms
[2020-08-10T13:02:11.280+0300][1070.827s][info ][gc] GC(33945) Pause Young (Allocation Failure) 95M->95M(98M) 15.456ms
[2020-08-10T13:02:11.296+0300][1070.843s][info ][gc] GC(33946) Pause Young (Allocation Failure) 96M->96M(98M) 15.510ms
[2020-08-10T13:02:11.565+0300][1071.112s][debug][gc] GC(33947) Expanding ParOldGen from 98304K by 11776K to 110080K
[2020-08-10T13:02:11.565+0300][1071.112s][info ][gc] GC(33947) Pause Full (Ergonomics) 96M->96M(110M) 268.833ms
[2020-08-10T13:02:11.600+0300][1071.147s][info ][gc] GC(33948) Pause Young (Allocation Failure) 97M->97M(110M) 34.866ms
[2020-08-10T13:02:11.617+0300][1071.163s][info ][gc] GC(33949) Pause Young (Allocation Failure) 98M->98M(109M) 16.110ms
[2020-08-10T13:02:11.633+0300][1071.180s][info ][gc] GC(33950) Pause Young (Allocation Failure) 99M->99M(109M) 15.960ms
[2020-08-10T13:02:11.650+0300][1071.197s][info ][gc] GC(33951) Pause Young (Allocation Failure) 100M->100M(109M) 16.073ms
[2020-08-10T13:02:11.667+0300][1071.213s][info ][gc] GC(33952) Pause Young (Allocation Failure) 101M->101M(109M) 16.226ms
[2020-08-10T13:02:11.684+0300][1071.230s][info ][gc] GC(33953) Pause Young (Allocation Failure) 102M->102M(109M) 16.443ms
[2020-08-10T13:02:11.701+0300][1071.247s][info ][gc] GC(33954) Pause Young (Allocation Failure) 103M->103M(109M) 16.224ms
[2020-08-10T13:02:11.718+0300][1071.264s][info ][gc] GC(33955) Pause Young (Allocation Failure) 104M->104M(109M) 16.369ms
[2020-08-10T13:02:11.735+0300][1071.281s][info ][gc] GC(33956) Pause Young (Allocation Failure) 105M->104M(109M) 16.474ms
[2020-08-10T13:02:11.752+0300][1071.299s][info ][gc] GC(33957) Pause Young (Allocation Failure) 105M->105M(109M) 16.632ms
[2020-08-10T13:02:11.769+0300][1071.316s][info ][gc] GC(33958) Pause Young (Allocation Failure) 106M->106M(109M) 16.709ms
[2020-08-10T13:02:11.787+0300][1071.333s][info ][gc] GC(33959) Pause Young (Allocation Failure) 107M->107M(109M) 16.660ms
[2020-08-10T13:02:12.060+0300][1071.606s][debug][gc] GC(33960) Expanding ParOldGen from 110080K by 11264K to 121344K
[2020-08-10T13:02:12.060+0300][1071.606s][info ][gc] GC(33960) Pause Full (Ergonomics) 107M->107M(120M) 272.939ms
[2020-08-10T13:02:12.098+0300][1071.645s][info ][gc] GC(33961) Pause Young (Allocation Failure) 108M->108M(120M) 37.791ms
[2020-08-10T13:02:12.116+0300][1071.662s][info ][gc] GC(33962) Pause Young (Allocation Failure) 109M->109M(120M) 16.928ms
[2020-08-10T13:02:12.133+0300][1071.680s][info ][gc] GC(33963) Pause Young (Allocation Failure) 110M->110M(120M) 17.053ms
[2020-08-10T13:02:12.151+0300][1071.698s][info ][gc] GC(33964) Pause Young (Allocation Failure) 111M->111M(120M) 17.265ms
[2020-08-10T13:02:12.169+0300][1071.715s][info ][gc] GC(33965) Pause Young (Allocation Failure) 112M->112M(121M) 17.020ms
[2020-08-10T13:02:12.187+0300][1071.733s][info ][gc] GC(33966) Pause Young (Allocation Failure) 113M->113M(121M) 17.333ms
[2020-08-10T13:02:12.204+0300][1071.751s][info ][gc] GC(33967) Pause Young (Allocation Failure) 114M->114M(120M) 17.286ms
[2020-08-10T13:02:12.222+0300][1071.769s][info ][gc] GC(33968) Pause Young (Allocation Failure) 115M->115M(120M) 17.408ms
[2020-08-10T13:02:12.241+0300][1071.787s][info ][gc] GC(33969) Pause Young (Allocation Failure) 116M->116M(120M) 17.615ms
[2020-08-10T13:02:12.258+0300][1071.804s][info ][gc] GC(33970) Pause Young (Allocation Failure) 117M->117M(121M) 16.433ms
[2020-08-10T13:02:12.276+0300][1071.823s][info ][gc] GC(33971) Pause Young (Allocation Failure) 118M->118M(121M) 17.695ms
[2020-08-10T13:02:12.294+0300][1071.841s][info ][gc] GC(33972) Pause Young (Allocation Failure) 119M->119M(121M) 17.647ms
[2020-08-10T13:02:12.597+0300][1072.144s][debug][gc] GC(33973) Expanding ParOldGen from 121344K by 11264K to 132608K
[2020-08-10T13:02:12.597+0300][1072.144s][info ][gc] GC(33973) Pause Full (Ergonomics) 119M->118M(132M) 302.868ms
[2020-08-10T13:02:12.643+0300][1072.190s][info ][gc] GC(33974) Pause Young (Allocation Failure) 119M->119M(132M) 45.483ms
[2020-08-10T13:02:12.662+0300][1072.209s][info ][gc] GC(33975) Pause Young (Allocation Failure) 120M->120M(132M) 18.144ms
[2020-08-10T13:02:12.681+0300][1072.228s][info ][gc] GC(33976) Pause Young (Allocation Failure) 121M->121M(132M) 18.440ms
[2020-08-10T13:02:12.700+0300][1072.246s][info ][gc] GC(33977) Pause Young (Allocation Failure) 122M->122M(132M) 18.285ms
[2020-08-10T13:02:12.719+0300][1072.265s][info ][gc] GC(33978) Pause Young (Allocation Failure) 123M->123M(132M) 18.337ms
[2020-08-10T13:02:12.738+0300][1072.285s][info ][gc] GC(33979) Pause Young (Allocation Failure) 124M->124M(132M) 18.672ms
[2020-08-10T13:02:12.789+0300][1072.335s][info ][gc] GC(33980) Pause Young (Allocation Failure) 125M->125M(132M) 50.108ms
[2020-08-10T13:02:12.808+0300][1072.354s][info ][gc] GC(33981) Pause Young (Allocation Failure) 126M->126M(132M) 18.440ms
[2020-08-10T13:02:12.827+0300][1072.373s][info ][gc] GC(33982) Pause Young (Allocation Failure) 127M->127M(132M) 18.665ms
[2020-08-10T13:02:12.846+0300][1072.392s][info ][gc] GC(33983) Pause Young (Allocation Failure) 128M->128M(132M) 18.532ms
[2020-08-10T13:02:12.865+0300][1072.412s][info ][gc] GC(33984) Pause Young (Allocation Failure) 129M->129M(132M) 19.223ms
[2020-08-10T13:02:13.275+0300][1072.822s][debug][gc] GC(33985) Expanding ParOldGen from 132608K by 11264K to 143872K
[2020-08-10T13:02:13.275+0300][1072.822s][info ][gc] GC(33985) Pause Full (Ergonomics) 129M->129M(143M) 409.898ms
[2020-08-10T13:02:13.292+0300][1072.838s][info ][gc] GC(33986) Pause Young (Allocation Failure) 130M->130M(143M) 15.565ms
[2020-08-10T13:02:13.311+0300][1072.858s][info ][gc] GC(33987) Pause Young (Allocation Failure) 131M->131M(143M) 18.977ms
[2020-08-10T13:02:13.330+0300][1072.876s][info ][gc] GC(33988) Pause Young (Allocation Failure) 132M->132M(143M) 18.422ms
[2020-08-10T13:02:13.349+0300][1072.896s][info ][gc] GC(33989) Pause Young (Allocation Failure) 133M->133M(143M) 18.870ms
[2020-08-10T13:02:13.368+0300][1072.915s][info ][gc] GC(33990) Pause Young (Allocation Failure) 134M->134M(143M) 18.784ms
[2020-08-10T13:02:13.388+0300][1072.934s][info ][gc] GC(33991) Pause Young (Allocation Failure) 135M->135M(143M) 18.965ms
[2020-08-10T13:02:13.388+0300][1072.935s][debug][gc] Expanding ParOldGen from 143872K by 19968K to 163840K
[2020-08-10T13:02:13.427+0300][1072.974s][info ][gc] GC(33992) Pause Young (Allocation Failure) 155M->155M(162M) 30.863ms
[2020-08-10T13:02:13.456+0300][1073.003s][info ][gc] GC(33993) Pause Young (Allocation Failure) 156M->156M(162M) 28.559ms
[2020-08-10T13:02:13.484+0300][1073.030s][info ][gc] GC(33994) Pause Young (Allocation Failure) 157M->156M(162M) 26.725ms
[2020-08-10T13:02:13.511+0300][1073.057s][info ][gc] GC(33995) Pause Young (Allocation Failure) 157M->157M(162M) 26.758ms
[2020-08-10T13:02:13.538+0300][1073.085s][info ][gc] GC(33996) Pause Young (Allocation Failure) 158M->158M(162M) 27.054ms
[2020-08-10T13:02:13.566+0300][1073.112s][info ][gc] GC(33997) Pause Young (Allocation Failure) 159M->159M(162M) 26.651ms
[2020-08-10T13:02:13.609+0300][1073.156s][info ][gc] GC(33998) Pause Young (Allocation Failure) 160M->160M(162M) 42.965ms
[2020-08-10T13:02:13.702+0300][1073.249s][debug][gc] GC(33999) Shrinking ParOldGen from 163840K by 124416K to 39424K
[2020-08-10T13:02:13.702+0300][1073.249s][info ][gc] GC(33999) Pause Full (Ergonomics) 160M->27M(41M) 93.015ms
[2020-08-10T13:02:13.729+0300][1073.275s][info ][gc] GC(34000) Pause Young (Allocation Failure) 28M->28M(41M) 25.938ms
[2020-08-10T13:02:13.748+0300][1073.294s][info ][gc] GC(34001) Pause Young (Allocation Failure) 29M->28M(41M) 18.396ms
[2020-08-10T13:02:13.762+0300][1073.309s][info ][gc] GC(34002) Pause Young (Allocation Failure) 29M->29M(41M) 13.867ms
[2020-08-10T13:02:13.777+0300][1073.323s][info ][gc] GC(34003) Pause Young (Allocation Failure) 30M->30M(41M) 13.897ms
[2020-08-10T13:02:13.791+0300][1073.338s][info ][gc] GC(34004) Pause Young (Allocation Failure) 31M->31M(41M) 13.857ms
[2020-08-10T13:02:13.805+0300][1073.352s][info ][gc] GC(34005) Pause Young (Allocation Failure) 32M->32M(41M) 13.777ms
[2020-08-10T13:02:13.819+0300][1073.366s][info ][gc] GC(34006) Pause Young (Allocation Failure) 33M->33M(41M) 13.660ms
[2020-08-10T13:02:13.833+0300][1073.380s][info ][gc] GC(34007) Pause Young (Allocation Failure) 34M->34M(41M) 13.715ms
[2020-08-10T13:02:13.848+0300][1073.394s][info ][gc] GC(34008) Pause Young (Allocation Failure) 35M->35M(41M) 13.813ms
[2020-08-10T13:02:13.862+0300][1073.409s][info ][gc] GC(34009) Pause Young (Allocation Failure) 36M->36M(41M) 13.796ms
[2020-08-10T13:02:13.876+0300][1073.423s][info ][gc] GC(34010) Pause Young (Allocation Failure) 37M->37M(41M) 13.885ms
[2020-08-10T13:02:13.891+0300][1073.437s][info ][gc] GC(34011) Pause Young (Allocation Failure) 38M->38M(41M) 13.933ms
[2020-08-10T13:02:13.959+0300][1073.506s][debug][gc] GC(34012) Expanding ParOldGen from 39424K by 11264K to 50688K
[2020-08-10T13:02:13.959+0300][1073.506s][info ][gc] GC(34012) Pause Full (Ergonomics) 38M->38M(52M) 68.565ms
[2020-08-10T13:02:13.973+0300][1073.520s][info ][gc] GC(34013) Pause Young (Allocation Failure) 39M->39M(52M) 13.424ms
[2020-08-10T13:02:13.988+0300][1073.534s][info ][gc] GC(34014) Pause Young (Allocation Failure) 40M->40M(52M) 13.941ms
[2020-08-10T13:02:14.002+0300][1073.548s][info ][gc] GC(34015) Pause Young (Allocation Failure) 41M->41M(52M) 13.650ms
[2020-08-10T13:02:14.016+0300][1073.563s][info ][gc] GC(34016) Pause Young (Allocation Failure) 42M->42M(52M) 13.946ms
[2020-08-10T13:02:14.031+0300][1073.577s][info ][gc] GC(34017) Pause Young (Allocation Failure) 43M->43M(52M) 13.810ms
[2020-08-10T13:02:14.045+0300][1073.592s][info ][gc] GC(34018) Pause Young (Allocation Failure) 44M->44M(51M) 14.130ms
[2020-08-10T13:02:14.060+0300][1073.607s][info ][gc] GC(34019) Pause Young (Allocation Failure) 45M->45M(51M) 14.167ms
[2020-08-10T13:02:14.075+0300][1073.621s][info ][gc] GC(34020) Pause Young (Allocation Failure) 46M->45M(51M) 13.980ms
[2020-08-10T13:02:14.089+0300][1073.635s][info ][gc] GC(34021) Pause Young (Allocation Failure) 46M->46M(52M) 13.726ms
[2020-08-10T13:02:14.103+0300][1073.650s][info ][gc] GC(34022) Pause Young (Allocation Failure) 47M->47M(52M) 13.959ms
[2020-08-10T13:02:14.127+0300][1073.674s][info ][gc] GC(34023) Pause Young (Allocation Failure) 48M->48M(52M) 23.337ms
[2020-08-10T13:02:14.142+0300][1073.689s][info ][gc] GC(34024) Pause Young (Allocation Failure) 49M->49M(52M) 14.091ms
[2020-08-10T13:02:14.255+0300][1073.801s][debug][gc] GC(34025) Expanding ParOldGen from 50688K by 11264K to 61952K
[2020-08-10T13:02:14.255+0300][1073.802s][info ][gc] GC(34025) Pause Full (Ergonomics) 49M->49M(63M) 112.807ms
[2020-08-10T13:02:14.276+0300][1073.823s][info ][gc] GC(34026) Pause Young (Allocation Failure) 50M->50M(63M) 20.738ms
[2020-08-10T13:02:14.291+0300][1073.837s][info ][gc] GC(34027) Pause Young (Allocation Failure) 51M->51M(63M) 14.071ms
[2020-08-10T13:02:14.305+0300][1073.852s][info ][gc] GC(34028) Pause Young (Allocation Failure) 52M->52M(63M) 14.010ms
[2020-08-10T13:02:14.320+0300][1073.867s][info ][gc] GC(34029) Pause Young (Allocation Failure) 53M->53M(63M) 13.995ms
[2020-08-10T13:02:14.335+0300][1073.881s][info ][gc] GC(34030) Pause Young (Allocation Failure) 54M->54M(63M) 14.114ms
[2020-08-10T13:02:14.349+0300][1073.896s][info ][gc] GC(34031) Pause Young (Allocation Failure) 55M->55M(63M) 14.032ms
[2020-08-10T13:02:14.364+0300][1073.911s][info ][gc] GC(34032) Pause Young (Allocation Failure) 56M->56M(63M) 14.073ms
[2020-08-10T13:02:14.379+0300][1073.925s][info ][gc] GC(34033) Pause Young (Allocation Failure) 57M->57M(63M) 14.035ms
[2020-08-10T13:02:14.393+0300][1073.940s][info ][gc] GC(34034) Pause Young (Allocation Failure) 58M->58M(63M) 14.124ms
[2020-08-10T13:02:14.408+0300][1073.955s][info ][gc] GC(34035) Pause Young (Allocation Failure) 59M->59M(63M) 14.021ms
[2020-08-10T13:02:14.423+0300][1073.969s][info ][gc] GC(34036) Pause Young (Allocation Failure) 60M->60M(63M) 14.203ms
[2020-08-10T13:02:14.437+0300][1073.984s][info ][gc] GC(34037) Pause Young (Allocation Failure) 61M->61M(63M) 14.109ms
[2020-08-10T13:02:14.569+0300][1074.116s][debug][gc] GC(34038) Expanding ParOldGen from 61952K by 11264K to 73216K
[2020-08-10T13:02:14.569+0300][1074.116s][info ][gc] GC(34038) Pause Full (Ergonomics) 61M->60M(74M) 131.403ms
[2020-08-10T13:02:14.596+0300][1074.142s][info ][gc] GC(34039) Pause Young (Allocation Failure) 61M->61M(74M) 26.164ms
[2020-08-10T13:02:14.610+0300][1074.157s][info ][gc] GC(34040) Pause Young (Allocation Failure) 62M->62M(74M) 14.156ms
[2020-08-10T13:02:14.625+0300][1074.172s][info ][gc] GC(34041) Pause Young (Allocation Failure) 63M->63M(74M) 14.196ms
[2020-08-10T13:02:14.640+0300][1074.186s][info ][gc] GC(34042) Pause Young (Allocation Failure) 64M->64M(74M) 14.245ms
[2020-08-10T13:02:14.654+0300][1074.201s][info ][gc] GC(34043) Pause Young (Allocation Failure) 65M->65M(74M) 14.057ms
[2020-08-10T13:02:14.669+0300][1074.216s][info ][gc] GC(34044) Pause Young (Allocation Failure) 66M->66M(74M) 14.220ms
[2020-08-10T13:02:14.684+0300][1074.231s][info ][gc] GC(34045) Pause Young (Allocation Failure) 67M->67M(74M) 14.252ms
[2020-08-10T13:02:14.699+0300][1074.245s][info ][gc] GC(34046) Pause Young (Allocation Failure) 68M->68M(74M) 14.264ms
[2020-08-10T13:02:14.714+0300][1074.260s][info ][gc] GC(34047) Pause Young (Allocation Failure) 69M->69M(74M) 14.249ms
[2020-08-10T13:02:14.728+0300][1074.275s][info ][gc] GC(34048) Pause Young (Allocation Failure) 70M->70M(74M) 14.269ms
[2020-08-10T13:02:14.743+0300][1074.290s][info ][gc] GC(34049) Pause Young (Allocation Failure) 71M->71M(74M) 14.321ms
[2020-08-10T13:02:14.962+0300][1074.509s][debug][gc] GC(34050) Expanding ParOldGen from 73216K by 11264K to 84480K
[2020-08-10T13:02:14.962+0300][1074.509s][info ][gc] GC(34050) Pause Full (Ergonomics) 71M->71M(85M) 218.480ms
[2020-08-10T13:02:14.976+0300][1074.523s][info ][gc] GC(34051) Pause Young (Allocation Failure) 72M->72M(85M) 13.570ms
[2020-08-10T13:02:14.991+0300][1074.537s][info ][gc] GC(34052) Pause Young (Allocation Failure) 73M->73M(85M) 13.920ms
[2020-08-10T13:02:15.005+0300][1074.552s][info ][gc] GC(34053) Pause Young (Allocation Failure) 74M->74M(85M) 13.907ms
[2020-08-10T13:02:15.020+0300][1074.567s][info ][gc] GC(34054) Pause Young (Allocation Failure) 75M->75M(85M) 14.120ms
[2020-08-10T13:02:15.035+0300][1074.581s][info ][gc] GC(34055) Pause Young (Allocation Failure) 76M->76M(85M) 14.008ms
[2020-08-10T13:02:15.049+0300][1074.596s][info ][gc] GC(34056) Pause Young (Allocation Failure) 77M->77M(85M) 14.008ms
[2020-08-10T13:02:15.064+0300][1074.610s][info ][gc] GC(34057) Pause Young (Allocation Failure) 78M->77M(85M) 14.012ms
[2020-08-10T13:02:15.078+0300][1074.625s][info ][gc] GC(34058) Pause Young (Allocation Failure) 78M->78M(85M) 14.105ms
[2020-08-10T13:02:15.093+0300][1074.640s][info ][gc] GC(34059) Pause Young (Allocation Failure) 79M->79M(84M) 14.296ms
[2020-08-10T13:02:15.108+0300][1074.655s][info ][gc] GC(34060) Pause Young (Allocation Failure) 80M->80M(84M) 14.006ms
[2020-08-10T13:02:15.123+0300][1074.669s][info ][gc] GC(34061) Pause Young (Allocation Failure) 81M->81M(84M) 14.150ms
[2020-08-10T13:02:15.138+0300][1074.684s][info ][gc] GC(34062) Pause Young (Allocation Failure) 82M->82M(84M) 14.392ms
[2020-08-10T13:02:15.341+0300][1074.887s][debug][gc] GC(34063) Expanding ParOldGen from 84480K by 11264K to 95744K
[2020-08-10T13:02:15.341+0300][1074.887s][info ][gc] GC(34063) Pause Full (Ergonomics) 82M->82M(95M) 202.203ms
[2020-08-10T13:02:15.375+0300][1074.921s][info ][gc] GC(34064) Pause Young (Allocation Failure) 83M->83M(95M) 34.006ms
[2020-08-10T13:02:15.390+0300][1074.936s][info ][gc] GC(34065) Pause Young (Allocation Failure) 84M->84M(95M) 14.418ms
[2020-08-10T13:02:15.405+0300][1074.951s][info ][gc] GC(34066) Pause Young (Allocation Failure) 85M->85M(95M) 14.638ms
[2020-08-10T13:02:15.421+0300][1074.966s][info ][gc] GC(34067) Pause Young (Allocation Failure) 86M->86M(95M) 14.594ms
[2020-08-10T13:02:15.436+0300][1074.982s][info ][gc] GC(34068) Pause Young (Allocation Failure) 87M->87M(95M) 14.763ms
[2020-08-10T13:02:15.451+0300][1074.997s][info ][gc] GC(34069) Pause Young (Allocation Failure) 88M->88M(95M) 14.883ms
[2020-08-10T13:02:15.467+0300][1075.013s][info ][gc] GC(34070) Pause Young (Allocation Failure) 89M->89M(95M) 15.055ms
[2020-08-10T13:02:15.483+0300][1075.028s][info ][gc] GC(34071) Pause Young (Allocation Failure) 90M->90M(95M) 15.084ms
[2020-08-10T13:02:15.499+0300][1075.044s][info ][gc] GC(34072) Pause Young (Allocation Failure) 91M->91M(95M) 15.393ms
[2020-08-10T13:02:15.515+0300][1075.060s][info ][gc] GC(34073) Pause Young (Allocation Failure) 92M->92M(95M) 15.261ms
[2020-08-10T13:02:15.530+0300][1075.076s][info ][gc] GC(34074) Pause Young (Allocation Failure) 93M->93M(95M) 15.237ms
[2020-08-10T13:02:15.546+0300][1075.092s][info ][gc] GC(34075) Pause Young (Allocation Failure) 94M->94M(95M) 15.252ms
[2020-08-10T13:02:15.773+0300][1075.319s][debug][gc] GC(34076) Expanding ParOldGen from 95744K by 11776K to 107520K
[2020-08-10T13:02:15.774+0300][1075.319s][info ][gc] GC(34076) Pause Full (Ergonomics) 94M->93M(107M) 227.275ms
[2020-08-10T13:02:15.808+0300][1075.354s][info ][gc] GC(34077) Pause Young (Allocation Failure) 94M->94M(107M) 34.158ms
[2020-08-10T13:02:15.825+0300][1075.370s][info ][gc] GC(34078) Pause Young (Allocation Failure) 95M->95M(107M) 15.806ms
[2020-08-10T13:02:15.841+0300][1075.387s][info ][gc] GC(34079) Pause Young (Allocation Failure) 96M->96M(107M) 15.989ms
[2020-08-10T13:02:15.858+0300][1075.404s][info ][gc] GC(34080) Pause Young (Allocation Failure) 97M->97M(107M) 15.900ms
[2020-08-10T13:02:15.874+0300][1075.420s][info ][gc] GC(34081) Pause Young (Allocation Failure) 98M->98M(107M) 15.896ms
[2020-08-10T13:02:15.891+0300][1075.437s][info ][gc] GC(34082) Pause Young (Allocation Failure) 99M->99M(107M) 16.049ms
[2020-08-10T13:02:15.908+0300][1075.454s][info ][gc] GC(34083) Pause Young (Allocation Failure) 100M->100M(107M) 16.322ms
[2020-08-10T13:02:15.937+0300][1075.483s][info ][gc] GC(34084) Pause Young (Allocation Failure) 101M->101M(107M) 28.374ms
[2020-08-10T13:02:15.954+0300][1075.500s][info ][gc] GC(34085) Pause Young (Allocation Failure) 102M->102M(107M) 16.375ms
[2020-08-10T13:02:15.971+0300][1075.517s][info ][gc] GC(34086) Pause Young (Allocation Failure) 103M->103M(107M) 16.149ms
[2020-08-10T13:02:15.988+0300][1075.534s][info ][gc] GC(34087) Pause Young (Allocation Failure) 104M->104M(107M) 16.625ms
[2020-08-10T13:02:16.005+0300][1075.551s][info ][gc] GC(34088) Pause Young (Allocation Failure) 105M->105M(107M) 16.706ms
[2020-08-10T13:02:16.266+0300][1075.812s][debug][gc] GC(34089) Expanding ParOldGen from 107520K by 11264K to 118784K
[2020-08-10T13:02:16.267+0300][1075.812s][info ][gc] GC(34089) Pause Full (Ergonomics) 105M->105M(118M) 261.300ms
[2020-08-10T13:02:16.304+0300][1075.850s][info ][gc] GC(34090) Pause Young (Allocation Failure) 106M->106M(118M) 37.182ms
[2020-08-10T13:02:16.321+0300][1075.867s][info ][gc] GC(34091) Pause Young (Allocation Failure) 107M->107M(118M) 16.622ms
[2020-08-10T13:02:16.339+0300][1075.885s][info ][gc] GC(34092) Pause Young (Allocation Failure) 108M->108M(118M) 16.845ms
[2020-08-10T13:02:16.356+0300][1075.902s][info ][gc] GC(34093) Pause Young (Allocation Failure) 109M->108M(118M) 16.858ms
[2020-08-10T13:02:16.374+0300][1075.919s][info ][gc] GC(34094) Pause Young (Allocation Failure) 109M->109M(118M) 16.832ms
[2020-08-10T13:02:16.391+0300][1075.937s][info ][gc] GC(34095) Pause Young (Allocation Failure) 110M->110M(118M) 16.987ms
[2020-08-10T13:02:16.409+0300][1075.955s][info ][gc] GC(34096) Pause Young (Allocation Failure) 111M->111M(118M) 17.013ms
[2020-08-10T13:02:16.427+0300][1075.972s][info ][gc] GC(34097) Pause Young (Allocation Failure) 112M->112M(118M) 17.252ms
[2020-08-10T13:02:16.445+0300][1075.990s][info ][gc] GC(34098) Pause Young (Allocation Failure) 113M->113M(118M) 17.369ms
[2020-08-10T13:02:16.462+0300][1076.008s][info ][gc] GC(34099) Pause Young (Allocation Failure) 114M->114M(118M) 17.274ms
[2020-08-10T13:02:16.480+0300][1076.026s][info ][gc] GC(34100) Pause Young (Allocation Failure) 115M->115M(118M) 17.357ms
[2020-08-10T13:02:16.498+0300][1076.044s][info ][gc] GC(34101) Pause Young (Allocation Failure) 116M->116M(118M) 17.454ms
[2020-08-10T13:02:16.842+0300][1076.388s][debug][gc] GC(34102) Expanding ParOldGen from 118784K by 11264K to 130048K
[2020-08-10T13:02:16.843+0300][1076.388s][info ][gc] GC(34102) Pause Full (Ergonomics) 116M->116M(129M) 343.954ms
[2020-08-10T13:02:16.876+0300][1076.422s][info ][gc] GC(34103) Pause Young (Allocation Failure) 117M->117M(129M) 33.096ms
[2020-08-10T13:02:16.895+0300][1076.441s][info ][gc] GC(34104) Pause Young (Allocation Failure) 118M->118M(129M) 18.146ms
[2020-08-10T13:02:16.914+0300][1076.460s][info ][gc] GC(34105) Pause Young (Allocation Failure) 119M->119M(129M) 18.646ms
[2020-08-10T13:02:16.933+0300][1076.479s][info ][gc] GC(34106) Pause Young (Allocation Failure) 120M->120M(129M) 18.049ms
[2020-08-10T13:02:16.952+0300][1076.497s][info ][gc] GC(34107) Pause Young (Allocation Failure) 121M->121M(129M) 18.213ms
[2020-08-10T13:02:16.971+0300][1076.516s][info ][gc] GC(34108) Pause Young (Allocation Failure) 122M->122M(129M) 18.387ms
[2020-08-10T13:02:16.990+0300][1076.536s][info ][gc] GC(34109) Pause Young (Allocation Failure) 123M->123M(129M) 18.573ms
[2020-08-10T13:02:17.009+0300][1076.555s][info ][gc] GC(34110) Pause Young (Allocation Failure) 124M->124M(129M) 18.377ms
[2020-08-10T13:02:17.028+0300][1076.574s][info ][gc] GC(34111) Pause Young (Allocation Failure) 125M->125M(129M) 18.650ms
[2020-08-10T13:02:17.047+0300][1076.593s][info ][gc] GC(34112) Pause Young (Allocation Failure) 126M->125M(129M) 18.614ms
[2020-08-10T13:02:17.067+0300][1076.613s][info ][gc] GC(34113) Pause Young (Allocation Failure) 126M->126M(129M) 19.118ms
[2020-08-10T13:02:17.086+0300][1076.631s][info ][gc] GC(34114) Pause Young (Allocation Failure) 127M->127M(129M) 18.337ms
[2020-08-10T13:02:17.485+0300][1077.031s][debug][gc] GC(34115) Expanding ParOldGen from 130048K by 11264K to 141312K
[2020-08-10T13:02:17.485+0300][1077.031s][info ][gc] GC(34115) Pause Full (Ergonomics) 127M->127M(140M) 399.391ms
[2020-08-10T13:02:17.521+0300][1077.066s][info ][gc] GC(34116) Pause Young (Allocation Failure) 128M->128M(140M) 35.112ms
[2020-08-10T13:02:17.555+0300][1077.100s][info ][gc] GC(34117) Pause Young (Allocation Failure) 129M->129M(140M) 33.540ms
[2020-08-10T13:02:17.578+0300][1077.124s][info ][gc] GC(34118) Pause Young (Allocation Failure) 130M->130M(140M) 23.504ms
[2020-08-10T13:02:17.598+0300][1077.144s][info ][gc] GC(34119) Pause Young (Allocation Failure) 131M->131M(140M) 18.892ms
[2020-08-10T13:02:17.617+0300][1077.163s][info ][gc] GC(34120) Pause Young (Allocation Failure) 132M->132M(140M) 19.033ms
[2020-08-10T13:02:17.637+0300][1077.183s][info ][gc] GC(34121) Pause Young (Allocation Failure) 133M->133M(140M) 19.014ms
[2020-08-10T13:02:17.656+0300][1077.202s][info ][gc] GC(34122) Pause Young (Allocation Failure) 134M->134M(140M) 19.291ms
[2020-08-10T13:02:17.676+0300][1077.222s][info ][gc] GC(34123) Pause Young (Allocation Failure) 135M->135M(140M) 19.085ms
[2020-08-10T13:02:17.676+0300][1077.222s][debug][gc] Expanding ParOldGen from 141312K by 19968K to 161280K
[2020-08-10T13:02:17.714+0300][1077.260s][info ][gc] GC(34124) Pause Young (Allocation Failure) 155M->155M(160M) 30.117ms
[2020-08-10T13:02:17.742+0300][1077.288s][info ][gc] GC(34125) Pause Young (Allocation Failure) 156M->156M(160M) 27.794ms
[2020-08-10T13:02:17.770+0300][1077.316s][info ][gc] GC(34126) Pause Young (Allocation Failure) 157M->157M(160M) 27.299ms
[2020-08-10T13:02:17.798+0300][1077.343s][info ][gc] GC(34127) Pause Young (Allocation Failure) 158M->158M(160M) 26.915ms
[2020-08-10T13:02:17.851+0300][1077.397s][debug][gc] GC(34128) Shrinking ParOldGen from 161280K by 124416K to 36864K
[2020-08-10T13:02:17.851+0300][1077.397s][info ][gc] GC(34128) Pause Full (Ergonomics) 158M->24M(38M) 53.110ms
[2020-08-10T13:02:17.883+0300][1077.429s][info ][gc] GC(34129) Pause Young (Allocation Failure) 25M->25M(38M) 31.579ms
[2020-08-10T13:02:17.916+0300][1077.462s][info ][gc] GC(34130) Pause Young (Allocation Failure) 26M->26M(38M) 32.527ms
[2020-08-10T13:02:17.945+0300][1077.491s][info ][gc] GC(34131) Pause Young (Allocation Failure) 27M->27M(38M) 28.524ms
[2020-08-10T13:02:17.960+0300][1077.506s][info ][gc] GC(34132) Pause Young (Allocation Failure) 28M->28M(38M) 14.055ms
[2020-08-10T13:02:17.974+0300][1077.520s][info ][gc] GC(34133) Pause Young (Allocation Failure) 29M->29M(38M) 13.815ms
[2020-08-10T13:02:17.988+0300][1077.534s][info ][gc] GC(34134) Pause Young (Allocation Failure) 30M->30M(38M) 13.796ms
[2020-08-10T13:02:18.003+0300][1077.549s][info ][gc] GC(34135) Pause Young (Allocation Failure) 31M->31M(38M) 13.961ms
[2020-08-10T13:02:18.017+0300][1077.563s][info ][gc] GC(34136) Pause Young (Allocation Failure) 32M->32M(38M) 13.965ms
[2020-08-10T13:02:18.032+0300][1077.578s][info ][gc] GC(34137) Pause Young (Allocation Failure) 33M->33M(38M) 13.842ms
[2020-08-10T13:02:18.046+0300][1077.592s][info ][gc] GC(34138) Pause Young (Allocation Failure) 34M->34M(38M) 13.975ms
[2020-08-10T13:02:18.061+0300][1077.607s][info ][gc] GC(34139) Pause Young (Allocation Failure) 35M->35M(38M) 14.010ms
[2020-08-10T13:02:18.076+0300][1077.621s][info ][gc] GC(34140) Pause Young (Allocation Failure) 36M->36M(38M) 14.020ms
[2020-08-10T13:02:18.138+0300][1077.684s][debug][gc] GC(34141) Expanding ParOldGen from 36864K by 11264K to 48128K
[2020-08-10T13:02:18.138+0300][1077.684s][info ][gc] GC(34141) Pause Full (Ergonomics) 36M->35M(49M) 62.261ms
[2020-08-10T13:02:18.152+0300][1077.698s][info ][gc] GC(34142) Pause Young (Allocation Failure) 36M->36M(49M) 13.495ms
[2020-08-10T13:02:18.167+0300][1077.713s][info ][gc] GC(34143) Pause Young (Allocation Failure) 37M->37M(49M) 13.893ms
[2020-08-10T13:02:18.181+0300][1077.727s][info ][gc] GC(34144) Pause Young (Allocation Failure) 38M->38M(49M) 13.849ms
[2020-08-10T13:02:18.196+0300][1077.742s][info ][gc] GC(34145) Pause Young (Allocation Failure) 39M->39M(49M) 13.956ms
[2020-08-10T13:02:18.210+0300][1077.756s][info ][gc] GC(34146) Pause Young (Allocation Failure) 40M->40M(49M) 14.186ms
[2020-08-10T13:02:18.225+0300][1077.771s][info ][gc] GC(34147) Pause Young (Allocation Failure) 41M->41M(48M) 13.922ms
[2020-08-10T13:02:18.239+0300][1077.785s][info ][gc] GC(34148) Pause Young (Allocation Failure) 42M->42M(49M) 13.678ms
[2020-08-10T13:02:18.254+0300][1077.800s][info ][gc] GC(34149) Pause Young (Allocation Failure) 43M->43M(49M) 14.129ms
[2020-08-10T13:02:18.269+0300][1077.814s][info ][gc] GC(34150) Pause Young (Allocation Failure) 44M->44M(49M) 14.066ms
[2020-08-10T13:02:18.283+0300][1077.829s][info ][gc] GC(34151) Pause Young (Allocation Failure) 45M->45M(49M) 13.925ms
[2020-08-10T13:02:18.297+0300][1077.843s][info ][gc] GC(34152) Pause Young (Allocation Failure) 46M->46M(49M) 13.752ms
[2020-08-10T13:02:18.312+0300][1077.858s][info ][gc] GC(34153) Pause Young (Allocation Failure) 47M->47M(49M) 13.962ms
[2020-08-10T13:02:18.406+0300][1077.952s][debug][gc] GC(34154) Expanding ParOldGen from 48128K by 11264K to 59392K
[2020-08-10T13:02:18.406+0300][1077.952s][info ][gc] GC(34154) Pause Full (Ergonomics) 47M->47M(60M) 94.351ms
[2020-08-10T13:02:18.427+0300][1077.973s][info ][gc] GC(34155) Pause Young (Allocation Failure) 48M->48M(60M) 20.070ms
[2020-08-10T13:02:18.441+0300][1077.987s][info ][gc] GC(34156) Pause Young (Allocation Failure) 49M->49M(60M) 13.894ms
[2020-08-10T13:02:18.456+0300][1078.001s][info ][gc] GC(34157) Pause Young (Allocation Failure) 50M->50M(60M) 13.827ms
[2020-08-10T13:02:18.470+0300][1078.016s][info ][gc] GC(34158) Pause Young (Allocation Failure) 51M->50M(60M) 13.836ms
[2020-08-10T13:02:18.484+0300][1078.030s][info ][gc] GC(34159) Pause Young (Allocation Failure) 51M->51M(60M) 13.975ms
[2020-08-10T13:02:18.499+0300][1078.045s][info ][gc] GC(34160) Pause Young (Allocation Failure) 52M->52M(60M) 14.086ms
[2020-08-10T13:02:18.514+0300][1078.060s][info ][gc] GC(34161) Pause Young (Allocation Failure) 53M->53M(60M) 14.053ms
[2020-08-10T13:02:18.528+0300][1078.074s][info ][gc] GC(34162) Pause Young (Allocation Failure) 54M->54M(60M) 13.968ms
[2020-08-10T13:02:18.543+0300][1078.089s][info ][gc] GC(34163) Pause Young (Allocation Failure) 55M->55M(60M) 14.060ms
[2020-08-10T13:02:18.558+0300][1078.104s][info ][gc] GC(34164) Pause Young (Allocation Failure) 56M->56M(60M) 14.178ms
[2020-08-10T13:02:18.572+0300][1078.118s][info ][gc] GC(34165) Pause Young (Allocation Failure) 57M->57M(60M) 13.919ms
[2020-08-10T13:02:18.586+0300][1078.132s][info ][gc] GC(34166) Pause Young (Allocation Failure) 58M->58M(60M) 13.797ms
[2020-08-10T13:02:18.711+0300][1078.257s][debug][gc] GC(34167) Expanding ParOldGen from 59392K by 11264K to 70656K
[2020-08-10T13:02:18.711+0300][1078.257s][info ][gc] GC(34167) Pause Full (Ergonomics) 58M->58M(71M) 124.681ms
[2020-08-10T13:02:18.737+0300][1078.283s][info ][gc] GC(34168) Pause Young (Allocation Failure) 59M->59M(71M) 25.315ms
[2020-08-10T13:02:18.752+0300][1078.298s][info ][gc] GC(34169) Pause Young (Allocation Failure) 60M->60M(71M) 14.371ms
[2020-08-10T13:02:18.766+0300][1078.312s][info ][gc] GC(34170) Pause Young (Allocation Failure) 61M->61M(71M) 13.869ms
[2020-08-10T13:02:18.781+0300][1078.327s][info ][gc] GC(34171) Pause Young (Allocation Failure) 62M->62M(71M) 14.166ms
[2020-08-10T13:02:18.796+0300][1078.342s][info ][gc] GC(34172) Pause Young (Allocation Failure) 63M->63M(71M) 14.071ms
[2020-08-10T13:02:18.811+0300][1078.356s][info ][gc] GC(34173) Pause Young (Allocation Failure) 64M->64M(71M) 14.190ms
[2020-08-10T13:02:18.825+0300][1078.371s][info ][gc] GC(34174) Pause Young (Allocation Failure) 65M->65M(71M) 14.142ms
[2020-08-10T13:02:18.840+0300][1078.386s][info ][gc] GC(34175) Pause Young (Allocation Failure) 66M->66M(71M) 14.222ms
[2020-08-10T13:02:18.866+0300][1078.412s][info ][gc] GC(34176) Pause Young (Allocation Failure) 67M->67M(71M) 25.145ms
[2020-08-10T13:02:18.881+0300][1078.427s][info ][gc] GC(34177) Pause Young (Allocation Failure) 68M->67M(71M) 14.340ms
[2020-08-10T13:02:18.896+0300][1078.442s][info ][gc] GC(34178) Pause Young (Allocation Failure) 68M->68M(71M) 14.390ms
[2020-08-10T13:02:19.056+0300][1078.602s][debug][gc] GC(34179) Expanding ParOldGen from 70656K by 11264K to 81920K
[2020-08-10T13:02:19.056+0300][1078.602s][info ][gc] GC(34179) Pause Full (Ergonomics) 68M->68M(82M) 159.884ms
[2020-08-10T13:02:19.070+0300][1078.616s][info ][gc] GC(34180) Pause Young (Allocation Failure) 69M->69M(82M) 13.582ms
[2020-08-10T13:02:19.085+0300][1078.631s][info ][gc] GC(34181) Pause Young (Allocation Failure) 70M->70M(82M) 14.034ms
[2020-08-10T13:02:19.099+0300][1078.645s][info ][gc] GC(34182) Pause Young (Allocation Failure) 71M->71M(82M) 13.971ms
[2020-08-10T13:02:19.114+0300][1078.660s][info ][gc] GC(34183) Pause Young (Allocation Failure) 72M->72M(82M) 14.070ms
[2020-08-10T13:02:19.129+0300][1078.675s][info ][gc] GC(34184) Pause Young (Allocation Failure) 73M->73M(82M) 14.139ms
[2020-08-10T13:02:19.143+0300][1078.689s][info ][gc] GC(34185) Pause Young (Allocation Failure) 74M->74M(82M) 14.072ms
[2020-08-10T13:02:19.158+0300][1078.704s][info ][gc] GC(34186) Pause Young (Allocation Failure) 75M->75M(82M) 14.165ms
[2020-08-10T13:02:19.173+0300][1078.719s][info ][gc] GC(34187) Pause Young (Allocation Failure) 76M->76M(82M) 14.222ms
[2020-08-10T13:02:19.188+0300][1078.734s][info ][gc] GC(34188) Pause Young (Allocation Failure) 77M->77M(82M) 14.224ms
[2020-08-10T13:02:19.203+0300][1078.749s][info ][gc] GC(34189) Pause Young (Allocation Failure) 78M->78M(81M) 14.243ms
[2020-08-10T13:02:19.217+0300][1078.763s][info ][gc] GC(34190) Pause Young (Allocation Failure) 79M->79M(82M) 13.867ms
[2020-08-10T13:02:19.232+0300][1078.778s][info ][gc] GC(34191) Pause Young (Allocation Failure) 80M->80M(82M) 14.153ms
[2020-08-10T13:02:19.425+0300][1078.971s][debug][gc] GC(34192) Expanding ParOldGen from 81920K by 11264K to 93184K
[2020-08-10T13:02:19.426+0300][1078.971s][info ][gc] GC(34192) Pause Full (Ergonomics) 80M->80M(93M) 193.547ms
[2020-08-10T13:02:19.457+0300][1079.003s][info ][gc] GC(34193) Pause Young (Allocation Failure) 81M->81M(93M) 31.316ms
[2020-08-10T13:02:19.472+0300][1079.018s][info ][gc] GC(34194) Pause Young (Allocation Failure) 82M->81M(93M) 14.450ms
[2020-08-10T13:02:19.488+0300][1079.034s][info ][gc] GC(34195) Pause Young (Allocation Failure) 82M->82M(93M) 14.604ms
[2020-08-10T13:02:19.503+0300][1079.049s][info ][gc] GC(34196) Pause Young (Allocation Failure) 83M->83M(93M) 14.360ms
[2020-08-10T13:02:19.518+0300][1079.064s][info ][gc] GC(34197) Pause Young (Allocation Failure) 84M->84M(93M) 14.562ms
[2020-08-10T13:02:19.533+0300][1079.079s][info ][gc] GC(34198) Pause Young (Allocation Failure) 85M->85M(93M) 14.722ms
[2020-08-10T13:02:19.549+0300][1079.095s][info ][gc] GC(34199) Pause Young (Allocation Failure) 86M->86M(93M) 14.973ms
[2020-08-10T13:02:19.564+0300][1079.110s][info ][gc] GC(34200) Pause Young (Allocation Failure) 87M->87M(93M) 14.774ms
[2020-08-10T13:02:19.579+0300][1079.125s][info ][gc] GC(34201) Pause Young (Allocation Failure) 88M->88M(93M) 14.565ms
[2020-08-10T13:02:19.595+0300][1079.141s][info ][gc] GC(34202) Pause Young (Allocation Failure) 89M->89M(93M) 15.087ms
[2020-08-10T13:02:19.610+0300][1079.156s][info ][gc] GC(34203) Pause Young (Allocation Failure) 90M->90M(93M) 15.059ms
[2020-08-10T13:02:19.626+0300][1079.172s][info ][gc] GC(34204) Pause Young (Allocation Failure) 91M->91M(93M) 15.166ms
[2020-08-10T13:02:19.907+0300][1079.453s][debug][gc] GC(34205) Expanding ParOldGen from 93184K by 11776K to 104960K
[2020-08-10T13:02:19.908+0300][1079.454s][info ][gc] GC(34205) Pause Full (Ergonomics) 91M->91M(105M) 281.390ms
[2020-08-10T13:02:19.946+0300][1079.492s][info ][gc] GC(34206) Pause Young (Allocation Failure) 92M->92M(105M) 37.477ms
[2020-08-10T13:02:19.962+0300][1079.508s][info ][gc] GC(34207) Pause Young (Allocation Failure) 93M->93M(105M) 15.323ms
[2020-08-10T13:02:19.978+0300][1079.524s][info ][gc] GC(34208) Pause Young (Allocation Failure) 94M->94M(105M) 15.419ms
[2020-08-10T13:02:19.994+0300][1079.540s][info ][gc] GC(34209) Pause Young (Allocation Failure) 95M->95M(105M) 15.594ms
[2020-08-10T13:02:20.010+0300][1079.556s][info ][gc] GC(34210) Pause Young (Allocation Failure) 96M->96M(105M) 15.596ms
[2020-08-10T13:02:20.027+0300][1079.573s][info ][gc] GC(34211) Pause Young (Allocation Failure) 97M->97M(105M) 16.127ms
[2020-08-10T13:02:20.043+0300][1079.589s][info ][gc] GC(34212) Pause Young (Allocation Failure) 98M->98M(105M) 15.931ms
[2020-08-10T13:02:20.060+0300][1079.606s][info ][gc] GC(34213) Pause Young (Allocation Failure) 99M->98M(105M) 15.936ms
[2020-08-10T13:02:20.077+0300][1079.623s][info ][gc] GC(34214) Pause Young (Allocation Failure) 99M->99M(105M) 16.031ms
[2020-08-10T13:02:20.094+0300][1079.640s][info ][gc] GC(34215) Pause Young (Allocation Failure) 100M->100M(105M) 16.087ms
[2020-08-10T13:02:20.110+0300][1079.656s][info ][gc] GC(34216) Pause Young (Allocation Failure) 101M->101M(105M) 16.187ms
[2020-08-10T13:02:20.127+0300][1079.673s][info ][gc] GC(34217) Pause Young (Allocation Failure) 102M->102M(105M) 16.246ms
[2020-08-10T13:02:20.442+0300][1079.988s][debug][gc] GC(34218) Expanding ParOldGen from 104960K by 11264K to 116224K
[2020-08-10T13:02:20.442+0300][1079.988s][info ][gc] GC(34218) Pause Full (Ergonomics) 102M->102M(116M) 315.100ms
[2020-08-10T13:02:20.480+0300][1080.026s][info ][gc] GC(34219) Pause Young (Allocation Failure) 103M->103M(116M) 36.579ms
[2020-08-10T13:02:20.497+0300][1080.043s][info ][gc] GC(34220) Pause Young (Allocation Failure) 104M->104M(116M) 16.515ms
[2020-08-10T13:02:20.514+0300][1080.060s][info ][gc] GC(34221) Pause Young (Allocation Failure) 105M->105M(116M) 16.770ms
[2020-08-10T13:02:20.531+0300][1080.077s][info ][gc] GC(34222) Pause Young (Allocation Failure) 106M->106M(116M) 16.555ms
[2020-08-10T13:02:20.549+0300][1080.095s][info ][gc] GC(34223) Pause Young (Allocation Failure) 107M->107M(116M) 16.760ms
[2020-08-10T13:02:20.566+0300][1080.112s][info ][gc] GC(34224) Pause Young (Allocation Failure) 108M->108M(116M) 16.816ms
[2020-08-10T13:02:20.596+0300][1080.142s][info ][gc] GC(34225) Pause Young (Allocation Failure) 109M->109M(116M) 29.093ms
[2020-08-10T13:02:20.613+0300][1080.159s][info ][gc] GC(34226) Pause Young (Allocation Failure) 110M->110M(116M) 16.811ms
[2020-08-10T13:02:20.631+0300][1080.177s][info ][gc] GC(34227) Pause Young (Allocation Failure) 111M->111M(116M) 17.171ms
[2020-08-10T13:02:20.649+0300][1080.195s][info ][gc] GC(34228) Pause Young (Allocation Failure) 112M->112M(116M) 17.275ms
[2020-08-10T13:02:20.666+0300][1080.212s][info ][gc] GC(34229) Pause Young (Allocation Failure) 113M->113M(116M) 17.092ms
[2020-08-10T13:02:20.684+0300][1080.230s][info ][gc] GC(34230) Pause Young (Allocation Failure) 114M->114M(116M) 17.401ms
[2020-08-10T13:02:20.978+0300][1080.524s][debug][gc] GC(34231) Expanding ParOldGen from 116224K by 11264K to 127488K
[2020-08-10T13:02:20.978+0300][1080.524s][info ][gc] GC(34231) Pause Full (Ergonomics) 114M->113M(127M) 293.462ms
[2020-08-10T13:02:21.017+0300][1080.563s][info ][gc] GC(34232) Pause Young (Allocation Failure) 114M->114M(127M) 38.578ms
[2020-08-10T13:02:21.036+0300][1080.582s][info ][gc] GC(34233) Pause Young (Allocation Failure) 115M->115M(127M) 18.212ms
[2020-08-10T13:02:21.054+0300][1080.600s][info ][gc] GC(34234) Pause Young (Allocation Failure) 116M->116M(127M) 17.618ms
[2020-08-10T13:02:21.091+0300][1080.637s][info ][gc] GC(34235) Pause Young (Allocation Failure) 117M->117M(127M) 36.267ms
[2020-08-10T13:02:21.110+0300][1080.656s][info ][gc] GC(34236) Pause Young (Allocation Failure) 118M->118M(127M) 18.749ms
[2020-08-10T13:02:21.129+0300][1080.675s][info ][gc] GC(34237) Pause Young (Allocation Failure) 119M->119M(127M) 18.290ms
[2020-08-10T13:02:21.147+0300][1080.693s][info ][gc] GC(34238) Pause Young (Allocation Failure) 120M->120M(127M) 17.920ms
[2020-08-10T13:02:21.166+0300][1080.712s][info ][gc] GC(34239) Pause Young (Allocation Failure) 121M->121M(127M) 18.387ms
[2020-08-10T13:02:21.186+0300][1080.732s][info ][gc] GC(34240) Pause Young (Allocation Failure) 122M->122M(127M) 18.688ms
[2020-08-10T13:02:21.205+0300][1080.751s][info ][gc] GC(34241) Pause Young (Allocation Failure) 123M->123M(127M) 18.271ms
[2020-08-10T13:02:21.224+0300][1080.770s][info ][gc] GC(34242) Pause Young (Allocation Failure) 124M->124M(127M) 18.625ms
[2020-08-10T13:02:21.667+0300][1081.213s][debug][gc] GC(34243) Expanding ParOldGen from 127488K by 11264K to 138752K
[2020-08-10T13:02:21.667+0300][1081.213s][info ][gc] GC(34243) Pause Full (Ergonomics) 124M->124M(138M) 442.782ms
[2020-08-10T13:02:21.683+0300][1081.229s][info ][gc] GC(34244) Pause Young (Allocation Failure) 125M->125M(138M) 15.479ms
[2020-08-10T13:02:21.701+0300][1081.247s][info ][gc] GC(34245) Pause Young (Allocation Failure) 126M->126M(138M) 17.921ms
[2020-08-10T13:02:21.719+0300][1081.265s][info ][gc] GC(34246) Pause Young (Allocation Failure) 127M->127M(138M) 18.017ms
[2020-08-10T13:02:21.738+0300][1081.284s][info ][gc] GC(34247) Pause Young (Allocation Failure) 128M->128M(138M) 18.429ms
[2020-08-10T13:02:21.757+0300][1081.303s][info ][gc] GC(34248) Pause Young (Allocation Failure) 129M->129M(138M) 18.362ms
[2020-08-10T13:02:21.776+0300][1081.322s][info ][gc] GC(34249) Pause Young (Allocation Failure) 130M->130M(138M) 18.727ms
[2020-08-10T13:02:21.795+0300][1081.342s][info ][gc] GC(34250) Pause Young (Allocation Failure) 131M->131M(138M) 18.597ms
[2020-08-10T13:02:21.814+0300][1081.361s][info ][gc] GC(34251) Pause Young (Allocation Failure) 132M->131M(138M) 18.573ms
[2020-08-10T13:02:21.833+0300][1081.379s][info ][gc] GC(34252) Pause Young (Allocation Failure) 132M->132M(138M) 18.326ms
[2020-08-10T13:02:21.852+0300][1081.398s][info ][gc] GC(34253) Pause Young (Allocation Failure) 133M->133M(138M) 18.339ms
[2020-08-10T13:02:21.871+0300][1081.417s][info ][gc] GC(34254) Pause Young (Allocation Failure) 134M->134M(138M) 18.307ms
[2020-08-10T13:02:21.871+0300][1081.417s][debug][gc] Expanding ParOldGen from 138752K by 19968K to 158720K
[2020-08-10T13:02:21.910+0300][1081.456s][info ][gc] GC(34255) Pause Young (Allocation Failure) 154M->154M(157M) 30.932ms
[2020-08-10T13:02:21.940+0300][1081.486s][info ][gc] GC(34256) Pause Young (Allocation Failure) 155M->155M(157M) 29.413ms
[2020-08-10T13:02:21.974+0300][1081.520s][debug][gc] GC(34257) Shrinking ParOldGen from 158720K by 124416K to 34304K
[2020-08-10T13:02:21.974+0300][1081.520s][info ][gc] GC(34257) Pause Full (Ergonomics) 155M->22M(36M) 34.288ms
[2020-08-10T13:02:21.988+0300][1081.534s][info ][gc] GC(34258) Pause Young (Allocation Failure) 23M->23M(36M) 13.105ms
[2020-08-10T13:02:22.002+0300][1081.548s][info ][gc] GC(34259) Pause Young (Allocation Failure) 24M->23M(36M) 13.765ms
[2020-08-10T13:02:22.016+0300][1081.562s][info ][gc] GC(34260) Pause Young (Allocation Failure) 24M->24M(36M) 13.831ms
[2020-08-10T13:02:22.030+0300][1081.576s][info ][gc] GC(34261) Pause Young (Allocation Failure) 25M->25M(36M) 13.924ms
[2020-08-10T13:02:22.045+0300][1081.591s][info ][gc] GC(34262) Pause Young (Allocation Failure) 26M->26M(36M) 13.855ms
[2020-08-10T13:02:22.059+0300][1081.605s][info ][gc] GC(34263) Pause Young (Allocation Failure) 27M->27M(36M) 13.947ms
[2020-08-10T13:02:22.074+0300][1081.620s][info ][gc] GC(34264) Pause Young (Allocation Failure) 28M->28M(36M) 13.743ms
[2020-08-10T13:02:22.088+0300][1081.634s][info ][gc] GC(34265) Pause Young (Allocation Failure) 29M->29M(36M) 13.702ms
[2020-08-10T13:02:22.102+0300][1081.648s][info ][gc] GC(34266) Pause Young (Allocation Failure) 30M->30M(36M) 13.666ms
[2020-08-10T13:02:22.116+0300][1081.662s][info ][gc] GC(34267) Pause Young (Allocation Failure) 31M->31M(36M) 13.755ms
[2020-08-10T13:02:22.130+0300][1081.676s][info ][gc] GC(34268) Pause Young (Allocation Failure) 32M->32M(36M) 13.749ms
[2020-08-10T13:02:22.145+0300][1081.691s][info ][gc] GC(34269) Pause Young (Allocation Failure) 33M->33M(36M) 13.952ms
[2020-08-10T13:02:22.204+0300][1081.750s][debug][gc] GC(34270) Expanding ParOldGen from 34304K by 11264K to 45568K
[2020-08-10T13:02:22.204+0300][1081.750s][info ][gc] GC(34270) Pause Full (Ergonomics) 33M->33M(47M) 59.688ms
[2020-08-10T13:02:22.218+0300][1081.765s][info ][gc] GC(34271) Pause Young (Allocation Failure) 34M->34M(47M) 13.479ms
[2020-08-10T13:02:22.233+0300][1081.779s][info ][gc] GC(34272) Pause Young (Allocation Failure) 35M->35M(47M) 13.947ms
[2020-08-10T13:02:22.248+0300][1081.794s][info ][gc] GC(34273) Pause Young (Allocation Failure) 36M->36M(47M) 13.974ms
[2020-08-10T13:02:22.262+0300][1081.808s][info ][gc] GC(34274) Pause Young (Allocation Failure) 37M->37M(47M) 13.963ms
[2020-08-10T13:02:22.277+0300][1081.823s][info ][gc] GC(34275) Pause Young (Allocation Failure) 38M->38M(46M) 13.836ms
[2020-08-10T13:02:22.291+0300][1081.837s][info ][gc] GC(34276) Pause Young (Allocation Failure) 39M->39M(46M) 13.902ms
[2020-08-10T13:02:22.305+0300][1081.852s][info ][gc] GC(34277) Pause Young (Allocation Failure) 40M->40M(46M) 14.038ms
[2020-08-10T13:02:22.319+0300][1081.865s][info ][gc] GC(34278) Pause Young (Allocation Failure) 41M->40M(47M) 13.457ms
[2020-08-10T13:02:22.334+0300][1081.880s][info ][gc] GC(34279) Pause Young (Allocation Failure) 41M->41M(47M) 14.131ms
[2020-08-10T13:02:22.348+0300][1081.894s][info ][gc] GC(34280) Pause Young (Allocation Failure) 42M->42M(47M) 13.984ms
[2020-08-10T13:02:22.366+0300][1081.912s][info ][gc] GC(34281) Pause Young (Allocation Failure) 43M->43M(47M) 17.380ms
[2020-08-10T13:02:22.381+0300][1081.927s][info ][gc] GC(34282) Pause Young (Allocation Failure) 44M->44M(47M) 14.075ms
[2020-08-10T13:02:22.476+0300][1082.022s][debug][gc] GC(34283) Expanding ParOldGen from 45568K by 11264K to 56832K
[2020-08-10T13:02:22.476+0300][1082.022s][info ][gc] GC(34283) Pause Full (Ergonomics) 44M->44M(58M) 94.659ms
[2020-08-10T13:02:22.496+0300][1082.042s][info ][gc] GC(34284) Pause Young (Allocation Failure) 45M->45M(58M) 19.623ms
[2020-08-10T13:02:22.511+0300][1082.057s][info ][gc] GC(34285) Pause Young (Allocation Failure) 46M->46M(58M) 14.131ms
[2020-08-10T13:02:22.526+0300][1082.072s][info ][gc] GC(34286) Pause Young (Allocation Failure) 47M->47M(58M) 14.087ms
[2020-08-10T13:02:22.540+0300][1082.086s][info ][gc] GC(34287) Pause Young (Allocation Failure) 48M->48M(58M) 14.104ms
[2020-08-10T13:02:22.555+0300][1082.101s][info ][gc] GC(34288) Pause Young (Allocation Failure) 49M->49M(58M) 14.029ms
[2020-08-10T13:02:22.570+0300][1082.116s][info ][gc] GC(34289) Pause Young (Allocation Failure) 50M->50M(58M) 14.062ms
[2020-08-10T13:02:22.585+0300][1082.131s][info ][gc] GC(34290) Pause Young (Allocation Failure) 51M->51M(58M) 14.058ms
[2020-08-10T13:02:22.599+0300][1082.145s][info ][gc] GC(34291) Pause Young (Allocation Failure) 52M->52M(58M) 14.095ms
[2020-08-10T13:02:22.614+0300][1082.160s][info ][gc] GC(34292) Pause Young (Allocation Failure) 53M->53M(58M) 14.167ms
[2020-08-10T13:02:22.629+0300][1082.175s][info ][gc] GC(34293) Pause Young (Allocation Failure) 54M->54M(58M) 14.153ms
[2020-08-10T13:02:22.644+0300][1082.190s][info ][gc] GC(34294) Pause Young (Allocation Failure) 55M->55M(58M) 14.186ms
[2020-08-10T13:02:22.658+0300][1082.204s][info ][gc] GC(34295) Pause Young (Allocation Failure) 56M->56M(58M) 14.133ms
[2020-08-10T13:02:22.776+0300][1082.323s][debug][gc] GC(34296) Expanding ParOldGen from 56832K by 11264K to 68096K
[2020-08-10T13:02:22.777+0300][1082.323s][info ][gc] GC(34296) Pause Full (Ergonomics) 56M->55M(69M) 118.118ms
[2020-08-10T13:02:22.801+0300][1082.347s][info ][gc] GC(34297) Pause Young (Allocation Failure) 56M->56M(69M) 24.087ms
[2020-08-10T13:02:22.816+0300][1082.362s][info ][gc] GC(34298) Pause Young (Allocation Failure) 57M->57M(69M) 14.346ms
[2020-08-10T13:02:22.831+0300][1082.377s][info ][gc] GC(34299) Pause Young (Allocation Failure) 58M->58M(69M) 14.101ms
[2020-08-10T13:02:22.846+0300][1082.392s][info ][gc] GC(34300) Pause Young (Allocation Failure) 59M->59M(69M) 14.120ms
[2020-08-10T13:02:22.860+0300][1082.406s][info ][gc] GC(34301) Pause Young (Allocation Failure) 60M->60M(69M) 14.192ms
[2020-08-10T13:02:22.875+0300][1082.421s][info ][gc] GC(34302) Pause Young (Allocation Failure) 61M->61M(69M) 14.214ms
[2020-08-10T13:02:22.890+0300][1082.436s][info ][gc] GC(34303) Pause Young (Allocation Failure) 62M->62M(69M) 14.249ms
[2020-08-10T13:02:22.905+0300][1082.451s][info ][gc] GC(34304) Pause Young (Allocation Failure) 63M->63M(69M) 14.262ms
[2020-08-10T13:02:22.920+0300][1082.466s][info ][gc] GC(34305) Pause Young (Allocation Failure) 64M->64M(69M) 14.260ms
[2020-08-10T13:02:22.934+0300][1082.481s][info ][gc] GC(34306) Pause Young (Allocation Failure) 65M->65M(69M) 14.206ms
[2020-08-10T13:02:22.949+0300][1082.495s][info ][gc] GC(34307) Pause Young (Allocation Failure) 66M->66M(69M) 14.203ms
[2020-08-10T13:02:23.095+0300][1082.641s][debug][gc] GC(34308) Expanding ParOldGen from 68096K by 11264K to 79360K
[2020-08-10T13:02:23.095+0300][1082.641s][info ][gc] GC(34308) Pause Full (Ergonomics) 66M->66M(80M) 145.626ms
[2020-08-10T13:02:23.109+0300][1082.655s][info ][gc] GC(34309) Pause Young (Allocation Failure) 67M->67M(80M) 13.572ms
[2020-08-10T13:02:23.124+0300][1082.670s][info ][gc] GC(34310) Pause Young (Allocation Failure) 68M->68M(80M) 13.980ms
[2020-08-10T13:02:23.138+0300][1082.685s][info ][gc] GC(34311) Pause Young (Allocation Failure) 69M->69M(80M) 14.024ms
[2020-08-10T13:02:23.153+0300][1082.699s][info ][gc] GC(34312) Pause Young (Allocation Failure) 70M->70M(80M) 14.086ms
[2020-08-10T13:02:23.168+0300][1082.714s][info ][gc] GC(34313) Pause Young (Allocation Failure) 71M->71M(80M) 14.075ms
[2020-08-10T13:02:23.183+0300][1082.729s][info ][gc] GC(34314) Pause Young (Allocation Failure) 72M->72M(80M) 14.076ms
[2020-08-10T13:02:23.197+0300][1082.743s][info ][gc] GC(34315) Pause Young (Allocation Failure) 73M->72M(80M) 14.117ms
[2020-08-10T13:02:23.212+0300][1082.758s][info ][gc] GC(34316) Pause Young (Allocation Failure) 73M->73M(80M) 14.118ms
[2020-08-10T13:02:23.227+0300][1082.773s][info ][gc] GC(34317) Pause Young (Allocation Failure) 74M->74M(79M) 14.224ms
[2020-08-10T13:02:23.241+0300][1082.788s][info ][gc] GC(34318) Pause Young (Allocation Failure) 75M->75M(79M) 14.108ms
[2020-08-10T13:02:23.256+0300][1082.802s][info ][gc] GC(34319) Pause Young (Allocation Failure) 76M->76M(79M) 14.123ms
[2020-08-10T13:02:23.271+0300][1082.817s][info ][gc] GC(34320) Pause Young (Allocation Failure) 77M->77M(80M) 13.841ms
[2020-08-10T13:02:23.457+0300][1083.003s][debug][gc] GC(34321) Expanding ParOldGen from 79360K by 11264K to 90624K
[2020-08-10T13:02:23.457+0300][1083.003s][info ][gc] GC(34321) Pause Full (Ergonomics) 77M->77M(91M) 185.876ms
[2020-08-10T13:02:23.488+0300][1083.035s][info ][gc] GC(34322) Pause Young (Allocation Failure) 78M->78M(91M) 31.107ms
[2020-08-10T13:02:23.504+0300][1083.050s][info ][gc] GC(34323) Pause Young (Allocation Failure) 79M->79M(91M) 14.473ms
[2020-08-10T13:02:23.519+0300][1083.065s][info ][gc] GC(34324) Pause Young (Allocation Failure) 80M->80M(91M) 14.397ms
[2020-08-10T13:02:23.534+0300][1083.080s][info ][gc] GC(34325) Pause Young (Allocation Failure) 81M->81M(91M) 14.399ms
[2020-08-10T13:02:23.549+0300][1083.095s][info ][gc] GC(34326) Pause Young (Allocation Failure) 82M->82M(91M) 14.275ms
[2020-08-10T13:02:23.563+0300][1083.109s][info ][gc] GC(34327) Pause Young (Allocation Failure) 83M->83M(91M) 14.213ms
[2020-08-10T13:02:23.596+0300][1083.143s][info ][gc] GC(34328) Pause Young (Allocation Failure) 84M->84M(91M) 32.635ms
[2020-08-10T13:02:23.611+0300][1083.158s][info ][gc] GC(34329) Pause Young (Allocation Failure) 85M->85M(91M) 14.554ms
[2020-08-10T13:02:23.626+0300][1083.173s][info ][gc] GC(34330) Pause Young (Allocation Failure) 86M->86M(91M) 14.600ms
[2020-08-10T13:02:23.642+0300][1083.188s][info ][gc] GC(34331) Pause Young (Allocation Failure) 87M->87M(91M) 15.006ms
[2020-08-10T13:02:23.658+0300][1083.204s][info ][gc] GC(34332) Pause Young (Allocation Failure) 88M->88M(91M) 15.042ms
[2020-08-10T13:02:23.673+0300][1083.219s][info ][gc] GC(34333) Pause Young (Allocation Failure) 89M->89M(91M) 14.667ms
[2020-08-10T13:02:23.888+0300][1083.434s][debug][gc] GC(34334) Expanding ParOldGen from 90624K by 11776K to 102400K
[2020-08-10T13:02:23.888+0300][1083.435s][info ][gc] GC(34334) Pause Full (Ergonomics) 89M->88M(102M) 215.671ms
[2020-08-10T13:02:23.922+0300][1083.468s][info ][gc] GC(34335) Pause Young (Allocation Failure) 89M->89M(102M) 33.147ms
[2020-08-10T13:02:23.937+0300][1083.484s][info ][gc] GC(34336) Pause Young (Allocation Failure) 90M->90M(102M) 14.746ms
[2020-08-10T13:02:23.953+0300][1083.499s][info ][gc] GC(34337) Pause Young (Allocation Failure) 91M->91M(102M) 15.218ms
[2020-08-10T13:02:23.969+0300][1083.515s][info ][gc] GC(34338) Pause Young (Allocation Failure) 92M->92M(102M) 15.336ms
[2020-08-10T13:02:23.985+0300][1083.531s][info ][gc] GC(34339) Pause Young (Allocation Failure) 93M->93M(102M) 15.418ms
[2020-08-10T13:02:24.001+0300][1083.547s][info ][gc] GC(34340) Pause Young (Allocation Failure) 94M->94M(102M) 15.612ms
[2020-08-10T13:02:24.018+0300][1083.564s][info ][gc] GC(34341) Pause Young (Allocation Failure) 95M->95M(102M) 15.712ms
[2020-08-10T13:02:24.034+0300][1083.580s][info ][gc] GC(34342) Pause Young (Allocation Failure) 96M->96M(102M) 15.892ms
[2020-08-10T13:02:24.050+0300][1083.597s][info ][gc] GC(34343) Pause Young (Allocation Failure) 97M->97M(102M) 15.754ms
[2020-08-10T13:02:24.067+0300][1083.613s][info ][gc] GC(34344) Pause Young (Allocation Failure) 98M->98M(102M) 15.851ms
[2020-08-10T13:02:24.083+0300][1083.630s][info ][gc] GC(34345) Pause Young (Allocation Failure) 99M->99M(102M) 16.102ms
[2020-08-10T13:02:24.100+0300][1083.646s][info ][gc] GC(34346) Pause Young (Allocation Failure) 100M->100M(102M) 16.049ms
[2020-08-10T13:02:24.410+0300][1083.956s][debug][gc] GC(34347) Expanding ParOldGen from 102400K by 11264K to 113664K
[2020-08-10T13:02:24.410+0300][1083.956s][info ][gc] GC(34347) Pause Full (Ergonomics) 100M->100M(113M) 309.576ms
[2020-08-10T13:02:24.446+0300][1083.993s][info ][gc] GC(34348) Pause Young (Allocation Failure) 101M->101M(113M) 36.044ms
[2020-08-10T13:02:24.463+0300][1084.010s][info ][gc] GC(34349) Pause Young (Allocation Failure) 102M->102M(113M) 16.304ms
[2020-08-10T13:02:24.480+0300][1084.026s][info ][gc] GC(34350) Pause Young (Allocation Failure) 103M->103M(113M) 16.312ms
[2020-08-10T13:02:24.497+0300][1084.043s][info ][gc] GC(34351) Pause Young (Allocation Failure) 104M->103M(113M) 16.430ms
[2020-08-10T13:02:24.514+0300][1084.061s][info ][gc] GC(34352) Pause Young (Allocation Failure) 104M->104M(113M) 16.612ms
[2020-08-10T13:02:24.532+0300][1084.078s][info ][gc] GC(34353) Pause Young (Allocation Failure) 105M->105M(113M) 16.625ms
[2020-08-10T13:02:24.549+0300][1084.095s][info ][gc] GC(34354) Pause Young (Allocation Failure) 106M->106M(113M) 16.703ms
[2020-08-10T13:02:24.566+0300][1084.112s][info ][gc] GC(34355) Pause Young (Allocation Failure) 107M->107M(113M) 16.425ms
[2020-08-10T13:02:24.583+0300][1084.129s][info ][gc] GC(34356) Pause Young (Allocation Failure) 108M->108M(113M) 16.406ms
[2020-08-10T13:02:24.600+0300][1084.146s][info ][gc] GC(34357) Pause Young (Allocation Failure) 109M->109M(113M) 16.701ms
[2020-08-10T13:02:24.617+0300][1084.164s][info ][gc] GC(34358) Pause Young (Allocation Failure) 110M->110M(113M) 16.829ms
[2020-08-10T13:02:24.635+0300][1084.181s][info ][gc] GC(34359) Pause Young (Allocation Failure) 111M->111M(113M) 17.205ms
[2020-08-10T13:02:24.902+0300][1084.448s][debug][gc] GC(34360) Expanding ParOldGen from 113664K by 11264K to 124928K
[2020-08-10T13:02:24.902+0300][1084.449s][info ][gc] GC(34360) Pause Full (Ergonomics) 111M->111M(124M) 267.199ms
[2020-08-10T13:02:24.943+0300][1084.489s][info ][gc] GC(34361) Pause Young (Allocation Failure) 112M->112M(124M) 39.669ms
[2020-08-10T13:02:24.960+0300][1084.507s][info ][gc] GC(34362) Pause Young (Allocation Failure) 113M->113M(124M) 17.420ms
[2020-08-10T13:02:24.978+0300][1084.525s][info ][gc] GC(34363) Pause Young (Allocation Failure) 114M->114M(124M) 17.368ms
[2020-08-10T13:02:24.996+0300][1084.542s][info ][gc] GC(34364) Pause Young (Allocation Failure) 115M->115M(124M) 17.303ms
[2020-08-10T13:02:25.014+0300][1084.560s][info ][gc] GC(34365) Pause Young (Allocation Failure) 116M->116M(124M) 17.333ms
[2020-08-10T13:02:25.032+0300][1084.578s][info ][gc] GC(34366) Pause Young (Allocation Failure) 117M->117M(124M) 17.453ms
[2020-08-10T13:02:25.050+0300][1084.596s][info ][gc] GC(34367) Pause Young (Allocation Failure) 118M->118M(124M) 17.644ms
[2020-08-10T13:02:25.068+0300][1084.614s][info ][gc] GC(34368) Pause Young (Allocation Failure) 119M->119M(124M) 17.756ms
[2020-08-10T13:02:25.086+0300][1084.633s][info ][gc] GC(34369) Pause Young (Allocation Failure) 120M->120M(124M) 17.593ms
[2020-08-10T13:02:25.105+0300][1084.651s][info ][gc] GC(34370) Pause Young (Allocation Failure) 121M->120M(124M) 17.740ms
[2020-08-10T13:02:25.123+0300][1084.669s][info ][gc] GC(34371) Pause Young (Allocation Failure) 121M->121M(124M) 17.746ms
[2020-08-10T13:02:25.433+0300][1084.979s][debug][gc] GC(34372) Expanding ParOldGen from 124928K by 11264K to 136192K
[2020-08-10T13:02:25.433+0300][1084.979s][info ][gc] GC(34372) Pause Full (Ergonomics) 121M->121M(135M) 310.244ms
[2020-08-10T13:02:25.449+0300][1084.995s][info ][gc] GC(34373) Pause Young (Allocation Failure) 122M->122M(135M) 15.140ms
[2020-08-10T13:02:25.467+0300][1085.014s][info ][gc] GC(34374) Pause Young (Allocation Failure) 123M->123M(135M) 18.498ms
[2020-08-10T13:02:25.486+0300][1085.032s][info ][gc] GC(34375) Pause Young (Allocation Failure) 124M->124M(135M) 18.107ms
[2020-08-10T13:02:25.505+0300][1085.051s][info ][gc] GC(34376) Pause Young (Allocation Failure) 125M->125M(135M) 18.181ms
[2020-08-10T13:02:25.523+0300][1085.070s][info ][gc] GC(34377) Pause Young (Allocation Failure) 126M->126M(135M) 18.284ms
[2020-08-10T13:02:25.542+0300][1085.088s][info ][gc] GC(34378) Pause Young (Allocation Failure) 127M->127M(135M) 18.184ms
[2020-08-10T13:02:25.561+0300][1085.107s][info ][gc] GC(34379) Pause Young (Allocation Failure) 128M->128M(135M) 18.361ms
[2020-08-10T13:02:25.584+0300][1085.130s][info ][gc] GC(34380) Pause Young (Allocation Failure) 129M->129M(135M) 23.042ms
[2020-08-10T13:02:25.603+0300][1085.149s][info ][gc] GC(34381) Pause Young (Allocation Failure) 130M->130M(135M) 18.497ms
[2020-08-10T13:02:25.622+0300][1085.169s][info ][gc] GC(34382) Pause Young (Allocation Failure) 131M->131M(135M) 18.798ms
[2020-08-10T13:02:25.641+0300][1085.187s][info ][gc] GC(34383) Pause Young (Allocation Failure) 132M->132M(135M) 18.404ms
[2020-08-10T13:02:25.660+0300][1085.207s][info ][gc] GC(34384) Pause Young (Allocation Failure) 133M->133M(135M) 18.709ms
[2020-08-10T13:02:26.110+0300][1085.656s][debug][gc] GC(34385) Expanding ParOldGen from 136192K by 11264K to 147456K
[2020-08-10T13:02:26.110+0300][1085.656s][info ][gc] GC(34385) Pause Full (Ergonomics) 133M->133M(146M) 449.290ms
[2020-08-10T13:02:26.145+0300][1085.692s][info ][gc] GC(34386) Pause Young (Allocation Failure) 134M->134M(146M) 35.009ms
[2020-08-10T13:02:26.165+0300][1085.711s][info ][gc] GC(34387) Pause Young (Allocation Failure) 135M->135M(146M) 19.354ms
[2020-08-10T13:02:26.165+0300][1085.712s][debug][gc] Expanding ParOldGen from 147456K by 19968K to 167424K
[2020-08-10T13:02:26.204+0300][1085.750s][info ][gc] GC(34388) Pause Young (Allocation Failure) 155M->155M(166M) 30.787ms
[2020-08-10T13:02:26.233+0300][1085.780s][info ][gc] GC(34389) Pause Young (Allocation Failure) 156M->156M(166M) 28.713ms
[2020-08-10T13:02:26.261+0300][1085.807s][info ][gc] GC(34390) Pause Young (Allocation Failure) 157M->156M(166M) 27.210ms
[2020-08-10T13:02:26.289+0300][1085.836s][info ][gc] GC(34391) Pause Young (Allocation Failure) 157M->157M(166M) 27.936ms
[2020-08-10T13:02:26.317+0300][1085.864s][info ][gc] GC(34392) Pause Young (Allocation Failure) 158M->158M(166M) 27.429ms
[2020-08-10T13:02:26.345+0300][1085.891s][info ][gc] GC(34393) Pause Young (Allocation Failure) 159M->159M(166M) 27.165ms
[2020-08-10T13:02:26.373+0300][1085.919s][info ][gc] GC(34394) Pause Young (Allocation Failure) 160M->160M(166M) 27.418ms
[2020-08-10T13:02:26.401+0300][1085.947s][info ][gc] GC(34395) Pause Young (Allocation Failure) 161M->161M(166M) 27.299ms
[2020-08-10T13:02:26.447+0300][1085.993s][info ][gc] GC(34396) Pause Young (Allocation Failure) 162M->162M(166M) 45.973ms
[2020-08-10T13:02:26.476+0300][1086.022s][info ][gc] GC(34397) Pause Young (Allocation Failure) 163M->163M(166M) 28.224ms
[2020-08-10T13:02:26.579+0300][1086.125s][debug][gc] GC(34398) Shrinking ParOldGen from 167424K by 124928K to 42496K
[2020-08-10T13:02:26.579+0300][1086.125s][info ][gc] GC(34398) Pause Full (Ergonomics) 163M->29M(44M) 102.735ms
[2020-08-10T13:02:26.593+0300][1086.139s][info ][gc] GC(34399) Pause Young (Allocation Failure) 30M->30M(44M) 13.324ms
[2020-08-10T13:02:26.607+0300][1086.153s][info ][gc] GC(34400) Pause Young (Allocation Failure) 31M->31M(44M) 13.737ms
[2020-08-10T13:02:26.621+0300][1086.167s][info ][gc] GC(34401) Pause Young (Allocation Failure) 32M->32M(44M) 13.584ms
[2020-08-10T13:02:26.635+0300][1086.181s][info ][gc] GC(34402) Pause Young (Allocation Failure) 33M->33M(44M) 13.731ms
[2020-08-10T13:02:26.649+0300][1086.195s][info ][gc] GC(34403) Pause Young (Allocation Failure) 34M->34M(44M) 13.733ms
[2020-08-10T13:02:26.663+0300][1086.210s][info ][gc] GC(34404) Pause Young (Allocation Failure) 35M->35M(44M) 13.942ms
[2020-08-10T13:02:26.678+0300][1086.224s][info ][gc] GC(34405) Pause Young (Allocation Failure) 36M->36M(44M) 13.855ms
[2020-08-10T13:02:26.692+0300][1086.239s][info ][gc] GC(34406) Pause Young (Allocation Failure) 37M->37M(44M) 14.021ms
[2020-08-10T13:02:26.707+0300][1086.254s][info ][gc] GC(34407) Pause Young (Allocation Failure) 38M->38M(43M) 14.210ms
[2020-08-10T13:02:26.722+0300][1086.268s][info ][gc] GC(34408) Pause Young (Allocation Failure) 39M->39M(43M) 14.003ms
[2020-08-10T13:02:26.736+0300][1086.283s][info ][gc] GC(34409) Pause Young (Allocation Failure) 40M->40M(43M) 13.989ms
[2020-08-10T13:02:26.751+0300][1086.297s][info ][gc] GC(34410) Pause Young (Allocation Failure) 41M->41M(43M) 14.058ms
[2020-08-10T13:02:26.766+0300][1086.312s][info ][gc] GC(34411) Pause Young (Allocation Failure) 42M->42M(43M) 14.040ms
[2020-08-10T13:02:26.854+0300][1086.401s][debug][gc] GC(34412) Expanding ParOldGen from 42496K by 11264K to 53760K
[2020-08-10T13:02:26.854+0300][1086.401s][info ][gc] GC(34412) Pause Full (Ergonomics) 42M->42M(54M) 88.474ms
[2020-08-10T13:02:26.874+0300][1086.420s][info ][gc] GC(34413) Pause Young (Allocation Failure) 43M->43M(54M) 18.936ms
[2020-08-10T13:02:26.889+0300][1086.435s][info ][gc] GC(34414) Pause Young (Allocation Failure) 44M->44M(54M) 14.203ms
[2020-08-10T13:02:26.903+0300][1086.450s][info ][gc] GC(34415) Pause Young (Allocation Failure) 45M->45M(54M) 14.099ms
[2020-08-10T13:02:26.918+0300][1086.465s][info ][gc] GC(34416) Pause Young (Allocation Failure) 46M->45M(54M) 14.124ms
[2020-08-10T13:02:26.933+0300][1086.479s][info ][gc] GC(34417) Pause Young (Allocation Failure) 46M->46M(54M) 14.217ms
[2020-08-10T13:02:26.948+0300][1086.494s][info ][gc] GC(34418) Pause Young (Allocation Failure) 47M->47M(54M) 14.170ms
[2020-08-10T13:02:26.963+0300][1086.509s][info ][gc] GC(34419) Pause Young (Allocation Failure) 48M->48M(54M) 14.103ms
[2020-08-10T13:02:26.977+0300][1086.524s][info ][gc] GC(34420) Pause Young (Allocation Failure) 49M->49M(54M) 14.121ms
[2020-08-10T13:02:26.993+0300][1086.539s][info ][gc] GC(34421) Pause Young (Allocation Failure) 50M->50M(54M) 14.124ms
[2020-08-10T13:02:27.007+0300][1086.553s][info ][gc] GC(34422) Pause Young (Allocation Failure) 51M->51M(54M) 13.953ms
[2020-08-10T13:02:27.022+0300][1086.568s][info ][gc] GC(34423) Pause Young (Allocation Failure) 52M->52M(54M) 14.117ms
[2020-08-10T13:02:27.131+0300][1086.677s][debug][gc] GC(34424) Expanding ParOldGen from 53760K by 11264K to 65024K
[2020-08-10T13:02:27.131+0300][1086.677s][info ][gc] GC(34424) Pause Full (Ergonomics) 52M->52M(65M) 108.923ms
[2020-08-10T13:02:27.153+0300][1086.699s][info ][gc] GC(34425) Pause Young (Allocation Failure) 53M->53M(65M) 21.633ms
[2020-08-10T13:02:27.168+0300][1086.714s][info ][gc] GC(34426) Pause Young (Allocation Failure) 54M->54M(65M) 14.222ms
[2020-08-10T13:02:27.183+0300][1086.729s][info ][gc] GC(34427) Pause Young (Allocation Failure) 55M->55M(65M) 14.164ms
[2020-08-10T13:02:27.198+0300][1086.744s][info ][gc] GC(34428) Pause Young (Allocation Failure) 56M->56M(65M) 14.208ms
[2020-08-10T13:02:27.212+0300][1086.759s][info ][gc] GC(34429) Pause Young (Allocation Failure) 57M->57M(65M) 14.186ms
[2020-08-10T13:02:27.227+0300][1086.773s][info ][gc] GC(34430) Pause Young (Allocation Failure) 58M->58M(65M) 14.154ms
[2020-08-10T13:02:27.242+0300][1086.788s][info ][gc] GC(34431) Pause Young (Allocation Failure) 59M->59M(65M) 14.196ms
[2020-08-10T13:02:27.257+0300][1086.803s][info ][gc] GC(34432) Pause Young (Allocation Failure) 60M->60M(65M) 14.070ms
[2020-08-10T13:02:27.271+0300][1086.818s][info ][gc] GC(34433) Pause Young (Allocation Failure) 61M->61M(65M) 14.168ms
[2020-08-10T13:02:27.286+0300][1086.833s][info ][gc] GC(34434) Pause Young (Allocation Failure) 62M->62M(65M) 14.210ms
[2020-08-10T13:02:27.301+0300][1086.847s][info ][gc] GC(34435) Pause Young (Allocation Failure) 63M->62M(65M) 14.203ms
[2020-08-10T13:02:27.316+0300][1086.862s][info ][gc] GC(34436) Pause Young (Allocation Failure) 63M->63M(65M) 14.176ms
[2020-08-10T13:02:27.458+0300][1087.005s][debug][gc] GC(34437) Expanding ParOldGen from 65024K by 11264K to 76288K
[2020-08-10T13:02:27.459+0300][1087.005s][info ][gc] GC(34437) Pause Full (Ergonomics) 63M->63M(76M) 142.548ms
[2020-08-10T13:02:27.487+0300][1087.034s][info ][gc] GC(34438) Pause Young (Allocation Failure) 64M->64M(76M) 28.370ms
[2020-08-10T13:02:27.502+0300][1087.049s][info ][gc] GC(34439) Pause Young (Allocation Failure) 65M->65M(76M) 14.272ms
[2020-08-10T13:02:27.518+0300][1087.064s][info ][gc] GC(34440) Pause Young (Allocation Failure) 66M->66M(76M) 14.610ms
[2020-08-10T13:02:27.532+0300][1087.079s][info ][gc] GC(34441) Pause Young (Allocation Failure) 67M->67M(76M) 14.252ms
[2020-08-10T13:02:27.547+0300][1087.094s][info ][gc] GC(34442) Pause Young (Allocation Failure) 68M->68M(76M) 14.175ms
[2020-08-10T13:02:27.562+0300][1087.108s][info ][gc] GC(34443) Pause Young (Allocation Failure) 69M->69M(76M) 14.296ms
[2020-08-10T13:02:27.583+0300][1087.129s][info ][gc] GC(34444) Pause Young (Allocation Failure) 70M->70M(76M) 19.962ms
[2020-08-10T13:02:27.598+0300][1087.144s][info ][gc] GC(34445) Pause Young (Allocation Failure) 71M->71M(76M) 14.431ms
[2020-08-10T13:02:27.613+0300][1087.159s][info ][gc] GC(34446) Pause Young (Allocation Failure) 72M->72M(76M) 14.373ms
[2020-08-10T13:02:27.628+0300][1087.174s][info ][gc] GC(34447) Pause Young (Allocation Failure) 73M->73M(76M) 14.316ms
[2020-08-10T13:02:27.642+0300][1087.189s][info ][gc] GC(34448) Pause Young (Allocation Failure) 74M->74M(76M) 14.318ms
[2020-08-10T13:02:27.658+0300][1087.204s][info ][gc] GC(34449) Pause Young (Allocation Failure) 75M->75M(76M) 14.286ms
[2020-08-10T13:02:27.833+0300][1087.379s][debug][gc] GC(34450) Expanding ParOldGen from 76288K by 11264K to 87552K
[2020-08-10T13:02:27.833+0300][1087.379s][info ][gc] GC(34450) Pause Full (Ergonomics) 75M->75M(87M) 174.937ms
[2020-08-10T13:02:27.866+0300][1087.412s][info ][gc] GC(34451) Pause Young (Allocation Failure) 76M->76M(87M) 32.001ms
[2020-08-10T13:02:27.881+0300][1087.427s][info ][gc] GC(34452) Pause Young (Allocation Failure) 77M->77M(87M) 14.285ms
[2020-08-10T13:02:27.895+0300][1087.442s][info ][gc] GC(34453) Pause Young (Allocation Failure) 78M->77M(87M) 14.345ms
[2020-08-10T13:02:27.910+0300][1087.457s][info ][gc] GC(34454) Pause Young (Allocation Failure) 78M->78M(87M) 14.330ms
[2020-08-10T13:02:27.925+0300][1087.472s][info ][gc] GC(34455) Pause Young (Allocation Failure) 79M->79M(87M) 14.352ms
[2020-08-10T13:02:27.940+0300][1087.487s][info ][gc] GC(34456) Pause Young (Allocation Failure) 80M->80M(87M) 14.307ms
[2020-08-10T13:02:27.955+0300][1087.501s][info ][gc] GC(34457) Pause Young (Allocation Failure) 81M->81M(87M) 14.359ms
[2020-08-10T13:02:27.970+0300][1087.517s][info ][gc] GC(34458) Pause Young (Allocation Failure) 82M->82M(87M) 14.540ms
[2020-08-10T13:02:27.985+0300][1087.532s][info ][gc] GC(34459) Pause Young (Allocation Failure) 83M->83M(87M) 14.437ms
[2020-08-10T13:02:28.001+0300][1087.547s][info ][gc] GC(34460) Pause Young (Allocation Failure) 84M->84M(87M) 14.903ms
[2020-08-10T13:02:28.016+0300][1087.562s][info ][gc] GC(34461) Pause Young (Allocation Failure) 85M->85M(87M) 14.673ms
[2020-08-10T13:02:28.218+0300][1087.764s][debug][gc] GC(34462) Expanding ParOldGen from 87552K by 11264K to 98816K
[2020-08-10T13:02:28.218+0300][1087.764s][info ][gc] GC(34462) Pause Full (Ergonomics) 85M->85M(98M) 201.556ms
[2020-08-10T13:02:28.232+0300][1087.778s][info ][gc] GC(34463) Pause Young (Allocation Failure) 86M->86M(98M) 13.395ms
[2020-08-10T13:02:28.246+0300][1087.793s][info ][gc] GC(34464) Pause Young (Allocation Failure) 87M->87M(98M) 14.335ms
[2020-08-10T13:02:28.262+0300][1087.808s][info ][gc] GC(34465) Pause Young (Allocation Failure) 88M->88M(98M) 14.638ms
[2020-08-10T13:02:28.277+0300][1087.823s][info ][gc] GC(34466) Pause Young (Allocation Failure) 89M->89M(98M) 14.646ms
[2020-08-10T13:02:28.292+0300][1087.839s][info ][gc] GC(34467) Pause Young (Allocation Failure) 90M->90M(98M) 14.777ms
[2020-08-10T13:02:28.308+0300][1087.854s][info ][gc] GC(34468) Pause Young (Allocation Failure) 91M->91M(98M) 14.834ms
[2020-08-10T13:02:28.323+0300][1087.870s][info ][gc] GC(34469) Pause Young (Allocation Failure) 92M->92M(98M) 15.069ms
[2020-08-10T13:02:28.339+0300][1087.886s][info ][gc] GC(34470) Pause Young (Allocation Failure) 93M->93M(98M) 15.192ms
[2020-08-10T13:02:28.354+0300][1087.901s][info ][gc] GC(34471) Pause Young (Allocation Failure) 94M->94M(98M) 14.745ms
[2020-08-10T13:02:28.370+0300][1087.916s][info ][gc] GC(34472) Pause Young (Allocation Failure) 95M->94M(98M) 15.064ms
[2020-08-10T13:02:28.385+0300][1087.932s][info ][gc] GC(34473) Pause Young (Allocation Failure) 95M->95M(98M) 15.338ms
[2020-08-10T13:02:28.401+0300][1087.948s][info ][gc] GC(34474) Pause Young (Allocation Failure) 96M->96M(98M) 15.459ms
[2020-08-10T13:02:28.639+0300][1088.186s][debug][gc] GC(34475) Expanding ParOldGen from 98816K by 11264K to 110080K
[2020-08-10T13:02:28.640+0300][1088.186s][info ][gc] GC(34475) Pause Full (Ergonomics) 96M->96M(109M) 238.005ms
[2020-08-10T13:02:28.679+0300][1088.225s][info ][gc] GC(34476) Pause Young (Allocation Failure) 97M->97M(109M) 38.445ms
[2020-08-10T13:02:28.695+0300][1088.241s][info ][gc] GC(34477) Pause Young (Allocation Failure) 98M->98M(109M) 15.726ms
[2020-08-10T13:02:28.723+0300][1088.270s][info ][gc] GC(34478) Pause Young (Allocation Failure) 99M->99M(109M) 27.632ms
[2020-08-10T13:02:28.740+0300][1088.286s][info ][gc] GC(34479) Pause Young (Allocation Failure) 100M->100M(109M) 16.236ms
[2020-08-10T13:02:28.757+0300][1088.303s][info ][gc] GC(34480) Pause Young (Allocation Failure) 101M->101M(109M) 16.408ms
[2020-08-10T13:02:28.774+0300][1088.321s][info ][gc] GC(34481) Pause Young (Allocation Failure) 102M->102M(109M) 16.558ms
[2020-08-10T13:02:28.791+0300][1088.337s][info ][gc] GC(34482) Pause Young (Allocation Failure) 103M->103M(109M) 16.220ms
[2020-08-10T13:02:28.808+0300][1088.355s][info ][gc] GC(34483) Pause Young (Allocation Failure) 104M->104M(109M) 16.475ms
[2020-08-10T13:02:28.825+0300][1088.372s][info ][gc] GC(34484) Pause Young (Allocation Failure) 105M->105M(109M) 16.574ms
[2020-08-10T13:02:28.842+0300][1088.389s][info ][gc] GC(34485) Pause Young (Allocation Failure) 106M->106M(109M) 16.661ms
[2020-08-10T13:02:28.859+0300][1088.406s][info ][gc] GC(34486) Pause Young (Allocation Failure) 107M->107M(109M) 16.199ms
[2020-08-10T13:02:28.876+0300][1088.422s][info ][gc] GC(34487) Pause Young (Allocation Failure) 108M->108M(109M) 16.258ms
[2020-08-10T13:02:29.142+0300][1088.688s][debug][gc] GC(34488) Expanding ParOldGen from 110080K by 11264K to 121344K
[2020-08-10T13:02:29.142+0300][1088.688s][info ][gc] GC(34488) Pause Full (Ergonomics) 108M->108M(120M) 265.856ms
[2020-08-10T13:02:29.181+0300][1088.728s][info ][gc] GC(34489) Pause Young (Allocation Failure) 109M->109M(120M) 38.795ms
[2020-08-10T13:02:29.198+0300][1088.745s][info ][gc] GC(34490) Pause Young (Allocation Failure) 110M->109M(120M) 16.619ms
[2020-08-10T13:02:29.215+0300][1088.762s][info ][gc] GC(34491) Pause Young (Allocation Failure) 110M->110M(120M) 16.693ms
[2020-08-10T13:02:29.233+0300][1088.779s][info ][gc] GC(34492) Pause Young (Allocation Failure) 111M->111M(120M) 17.135ms
[2020-08-10T13:02:29.249+0300][1088.795s][info ][gc] GC(34493) Pause Young (Allocation Failure) 112M->112M(120M) 15.531ms
[2020-08-10T13:02:29.263+0300][1088.810s][info ][gc] GC(34494) Pause Young (Allocation Failure) 112M->112M(120M) 14.354ms
[2020-08-10T13:02:29.278+0300][1088.825s][info ][gc] GC(34495) Pause Young (Allocation Failure) 113M->113M(120M) 14.435ms
[2020-08-10T13:02:29.293+0300][1088.840s][info ][gc] GC(34496) Pause Young (Allocation Failure) 113M->113M(120M) 14.409ms
[2020-08-10T13:02:29.308+0300][1088.855s][info ][gc] GC(34497) Pause Young (Allocation Failure) 114M->114M(120M) 14.540ms
[2020-08-10T13:02:29.323+0300][1088.870s][info ][gc] GC(34498) Pause Young (Allocation Failure) 114M->114M(120M) 14.651ms
[2020-08-10T13:02:29.339+0300][1088.885s][info ][gc] GC(34499) Pause Young (Allocation Failure) 115M->115M(120M) 14.577ms
[2020-08-10T13:02:29.354+0300][1088.900s][info ][gc] GC(34500) Pause Young (Allocation Failure) 115M->115M(120M) 14.532ms
[2020-08-10T13:02:29.369+0300][1088.915s][info ][gc] GC(34501) Pause Young (Allocation Failure) 116M->116M(120M) 14.604ms
[2020-08-10T13:02:29.384+0300][1088.930s][info ][gc] GC(34502) Pause Young (Allocation Failure) 116M->116M(120M) 14.721ms
[2020-08-10T13:02:29.399+0300][1088.946s][info ][gc] GC(34503) Pause Young (Allocation Failure) 116M->116M(120M) 15.024ms
[2020-08-10T13:02:29.415+0300][1088.961s][info ][gc] GC(34504) Pause Young (Allocation Failure) 117M->117M(120M) 14.801ms
[2020-08-10T13:02:29.430+0300][1088.977s][info ][gc] GC(34505) Pause Young (Allocation Failure) 117M->117M(120M) 15.043ms
[2020-08-10T13:02:29.453+0300][1088.999s][info ][gc] GC(34506) Pause Young (Allocation Failure) 118M->118M(120M) 22.057ms
[2020-08-10T13:02:29.742+0300][1089.289s][debug][gc] GC(34507) Expanding ParOldGen from 121344K by 11264K to 132608K
[2020-08-10T13:02:29.743+0300][1089.289s][info ][gc] GC(34507) Pause Full (Ergonomics) 118M->118M(131M) 289.683ms
[2020-08-10T13:02:29.757+0300][1089.303s][info ][gc] GC(34508) Pause Young (Allocation Failure) 118M->118M(131M) 14.018ms
[2020-08-10T13:02:29.772+0300][1089.319s][info ][gc] GC(34509) Pause Young (Allocation Failure) 119M->119M(131M) 14.561ms
[2020-08-10T13:02:29.788+0300][1089.334s][info ][gc] GC(34510) Pause Young (Allocation Failure) 119M->119M(130M) 15.104ms
[2020-08-10T13:02:29.803+0300][1089.350s][info ][gc] GC(34511) Pause Young (Allocation Failure) 120M->120M(131M) 15.012ms
[2020-08-10T13:02:29.826+0300][1089.373s][info ][gc] GC(34512) Pause Young (Allocation Failure) 120M->120M(131M) 22.693ms
[2020-08-10T13:02:29.842+0300][1089.388s][info ][gc] GC(34513) Pause Young (Allocation Failure) 121M->120M(131M) 14.931ms
[2020-08-10T13:02:29.857+0300][1089.404s][info ][gc] GC(34514) Pause Young (Allocation Failure) 121M->121M(131M) 15.061ms
[2020-08-10T13:02:29.872+0300][1089.419s][info ][gc] GC(34515) Pause Young (Allocation Failure) 121M->121M(131M) 14.728ms
[2020-08-10T13:02:29.888+0300][1089.434s][info ][gc] GC(34516) Pause Young (Allocation Failure) 122M->122M(131M) 15.176ms
[2020-08-10T13:02:29.903+0300][1089.450s][info ][gc] GC(34517) Pause Young (Allocation Failure) 122M->122M(131M) 15.183ms
[2020-08-10T13:02:29.919+0300][1089.466s][info ][gc] GC(34518) Pause Young (Allocation Failure) 123M->123M(131M) 15.022ms
[2020-08-10T13:02:29.954+0300][1089.501s][info ][gc] GC(34519) Pause Young (Allocation Failure) 123M->123M(131M) 35.027ms
[2020-08-10T13:02:29.970+0300][1089.517s][info ][gc] GC(34520) Pause Young (Allocation Failure) 124M->124M(131M) 15.400ms
[2020-08-10T13:02:29.986+0300][1089.533s][info ][gc] GC(34521) Pause Young (Allocation Failure) 124M->124M(131M) 15.304ms
[2020-08-10T13:02:30.012+0300][1089.559s][info ][gc] GC(34522) Pause Young (Allocation Failure) 125M->125M(131M) 25.725ms
[2020-08-10T13:02:30.029+0300][1089.575s][info ][gc] GC(34523) Pause Young (Allocation Failure) 125M->125M(131M) 15.960ms
[2020-08-10T13:02:30.045+0300][1089.592s][info ][gc] GC(34524) Pause Young (Allocation Failure) 126M->126M(131M) 16.172ms
[2020-08-10T13:02:30.061+0300][1089.607s][info ][gc] GC(34525) Pause Young (Allocation Failure) 126M->126M(131M) 15.305ms
[2020-08-10T13:02:30.077+0300][1089.623s][info ][gc] GC(34526) Pause Young (Allocation Failure) 127M->126M(131M) 15.260ms
[2020-08-10T13:02:30.093+0300][1089.639s][info ][gc] GC(34527) Pause Young (Allocation Failure) 127M->127M(131M) 15.705ms
[2020-08-10T13:02:30.109+0300][1089.655s][info ][gc] GC(34528) Pause Young (Allocation Failure) 127M->127M(131M) 15.507ms
[2020-08-10T13:02:30.125+0300][1089.671s][info ][gc] GC(34529) Pause Young (Allocation Failure) 128M->128M(131M) 15.602ms
[2020-08-10T13:02:30.141+0300][1089.687s][info ][gc] GC(34530) Pause Young (Allocation Failure) 128M->128M(131M) 15.418ms
[2020-08-10T13:02:30.175+0300][1089.721s][info ][gc] GC(34531) Pause Young (Allocation Failure) 129M->129M(131M) 34.044ms
[2020-08-10T13:02:30.191+0300][1089.737s][info ][gc] GC(34532) Pause Young (Allocation Failure) 129M->129M(131M) 15.416ms
[2020-08-10T13:02:30.540+0300][1090.086s][debug][gc] GC(34533) Expanding ParOldGen from 132608K by 10752K to 143360K
[2020-08-10T13:02:30.540+0300][1090.086s][info ][gc] GC(34533) Pause Full (Ergonomics) 129M->129M(141M) 348.665ms
[2020-08-10T13:02:30.554+0300][1090.101s][info ][gc] GC(34534) Pause Young (Allocation Failure) 129M->129M(141M) 14.254ms
[2020-08-10T13:02:30.578+0300][1090.125s][info ][gc] GC(34535) Pause Young (Allocation Failure) 130M->130M(141M) 23.537ms
[2020-08-10T13:02:30.595+0300][1090.141s][info ][gc] GC(34536) Pause Young (Allocation Failure) 130M->130M(141M) 15.786ms
[2020-08-10T13:02:30.611+0300][1090.157s][info ][gc] GC(34537) Pause Young (Allocation Failure) 131M->131M(141M) 15.861ms
[2020-08-10T13:02:30.627+0300][1090.174s][info ][gc] GC(34538) Pause Young (Allocation Failure) 131M->131M(141M) 15.713ms
[2020-08-10T13:02:30.643+0300][1090.190s][info ][gc] GC(34539) Pause Young (Allocation Failure) 132M->132M(141M) 15.784ms
[2020-08-10T13:02:30.659+0300][1090.206s][info ][gc] GC(34540) Pause Young (Allocation Failure) 132M->132M(141M) 15.661ms
[2020-08-10T13:02:30.675+0300][1090.221s][info ][gc] GC(34541) Pause Young (Allocation Failure) 133M->133M(141M) 15.483ms
[2020-08-10T13:02:30.691+0300][1090.238s][info ][gc] GC(34542) Pause Young (Allocation Failure) 133M->133M(141M) 15.848ms
[2020-08-10T13:02:30.708+0300][1090.254s][info ][gc] GC(34543) Pause Young (Allocation Failure) 134M->134M(141M) 15.933ms
[2020-08-10T13:02:30.725+0300][1090.271s][info ][gc] GC(34544) Pause Young (Allocation Failure) 134M->134M(141M) 16.486ms
[2020-08-10T13:02:30.762+0300][1090.309s][info ][gc] GC(34545) Pause Young (Allocation Failure) 135M->135M(141M) 37.504ms
[2020-08-10T13:02:30.785+0300][1090.331s][info ][gc] GC(34546) Pause Young (Allocation Failure) 135M->135M(141M) 22.149ms
[2020-08-10T13:02:30.785+0300][1090.332s][debug][gc] Expanding ParOldGen from 143360K by 19968K to 163328K
[2020-08-10T13:02:30.810+0300][1090.356s][info ][gc] GC(34547) Pause Young (Allocation Failure) 155M->154M(161M) 16.005ms
[2020-08-10T13:02:30.838+0300][1090.384s][info ][gc] GC(34548) Pause Young (Allocation Failure) 155M->155M(161M) 27.784ms
[2020-08-10T13:02:30.864+0300][1090.411s][info ][gc] GC(34549) Pause Young (Allocation Failure) 155M->155M(161M) 26.331ms
[2020-08-10T13:02:30.891+0300][1090.438s][info ][gc] GC(34550) Pause Young (Allocation Failure) 156M->156M(161M) 26.080ms
[2020-08-10T13:02:30.918+0300][1090.464s][info ][gc] GC(34551) Pause Young (Allocation Failure) 156M->156M(161M) 26.326ms
[2020-08-10T13:02:30.945+0300][1090.492s][info ][gc] GC(34552) Pause Young (Allocation Failure) 157M->157M(161M) 26.905ms
[2020-08-10T13:02:30.972+0300][1090.518s][info ][gc] GC(34553) Pause Young (Allocation Failure) 157M->157M(161M) 26.172ms
[2020-08-10T13:02:30.998+0300][1090.545s][info ][gc] GC(34554) Pause Young (Allocation Failure) 158M->158M(161M) 26.428ms
[2020-08-10T13:02:31.025+0300][1090.572s][info ][gc] GC(34555) Pause Young (Allocation Failure) 158M->158M(161M) 26.301ms
[2020-08-10T13:02:31.069+0300][1090.616s][info ][gc] GC(34556) Pause Young (Allocation Failure) 159M->159M(161M) 43.733ms
[2020-08-10T13:02:31.096+0300][1090.642s][info ][gc] GC(34557) Pause Young (Allocation Failure) 159M->159M(161M) 26.312ms
[2020-08-10T13:02:31.176+0300][1090.723s][debug][gc] GC(34558) Shrinking ParOldGen from 163328K by 125952K to 37376K
[2020-08-10T13:02:31.176+0300][1090.723s][info ][gc] GC(34558) Pause Full (Ergonomics) 159M->25M(38M) 80.250ms
[2020-08-10T13:02:31.204+0300][1090.750s][info ][gc] GC(34559) Pause Young (Allocation Failure) 26M->26M(38M) 27.075ms
[2020-08-10T13:02:31.217+0300][1090.764s][info ][gc] GC(34560) Pause Young (Allocation Failure) 26M->26M(38M) 13.171ms
[2020-08-10T13:02:31.231+0300][1090.778s][info ][gc] GC(34561) Pause Young (Allocation Failure) 27M->27M(38M) 13.527ms
[2020-08-10T13:02:31.245+0300][1090.792s][info ][gc] GC(34562) Pause Young (Allocation Failure) 27M->27M(38M) 13.512ms
[2020-08-10T13:02:31.259+0300][1090.806s][info ][gc] GC(34563) Pause Young (Allocation Failure) 27M->27M(38M) 13.541ms
[2020-08-10T13:02:31.273+0300][1090.820s][info ][gc] GC(34564) Pause Young (Allocation Failure) 28M->28M(38M) 13.331ms
[2020-08-10T13:02:31.287+0300][1090.833s][info ][gc] GC(34565) Pause Young (Allocation Failure) 28M->28M(38M) 13.377ms
[2020-08-10T13:02:31.301+0300][1090.847s][info ][gc] GC(34566) Pause Young (Allocation Failure) 29M->29M(38M) 13.471ms
[2020-08-10T13:02:31.315+0300][1090.861s][info ][gc] GC(34567) Pause Young (Allocation Failure) 29M->29M(38M) 13.389ms
[2020-08-10T13:02:31.329+0300][1090.875s][info ][gc] GC(34568) Pause Young (Allocation Failure) 30M->30M(38M) 13.482ms
[2020-08-10T13:02:31.343+0300][1090.889s][info ][gc] GC(34569) Pause Young (Allocation Failure) 30M->30M(38M) 13.472ms
[2020-08-10T13:02:31.357+0300][1090.903s][info ][gc] GC(34570) Pause Young (Allocation Failure) 31M->31M(38M) 13.472ms
[2020-08-10T13:02:31.371+0300][1090.917s][info ][gc] GC(34571) Pause Young (Allocation Failure) 31M->31M(38M) 13.422ms
[2020-08-10T13:02:31.385+0300][1090.931s][info ][gc] GC(34572) Pause Young (Allocation Failure) 32M->32M(38M) 13.432ms
[2020-08-10T13:02:31.399+0300][1090.945s][info ][gc] GC(34573) Pause Young (Allocation Failure) 32M->32M(38M) 13.478ms
[2020-08-10T13:02:31.413+0300][1090.959s][info ][gc] GC(34574) Pause Young (Allocation Failure) 33M->33M(38M) 13.479ms
[2020-08-10T13:02:31.427+0300][1090.973s][info ][gc] GC(34575) Pause Young (Allocation Failure) 33M->33M(38M) 13.460ms
[2020-08-10T13:02:31.441+0300][1090.987s][info ][gc] GC(34576) Pause Young (Allocation Failure) 33M->33M(38M) 13.618ms
[2020-08-10T13:02:31.455+0300][1091.001s][info ][gc] GC(34577) Pause Young (Allocation Failure) 34M->34M(38M) 13.539ms
[2020-08-10T13:02:31.469+0300][1091.016s][info ][gc] GC(34578) Pause Young (Allocation Failure) 35M->35M(38M) 13.962ms
[2020-08-10T13:02:31.484+0300][1091.030s][info ][gc] GC(34579) Pause Young (Allocation Failure) 36M->36M(38M) 13.969ms
[2020-08-10T13:02:31.550+0300][1091.097s][debug][gc] GC(34580) Expanding ParOldGen from 37376K by 10752K to 48128K
[2020-08-10T13:02:31.551+0300][1091.097s][info ][gc] GC(34580) Pause Full (Ergonomics) 36M->36M(49M) 66.556ms
[2020-08-10T13:02:31.569+0300][1091.115s][info ][gc] GC(34581) Pause Young (Allocation Failure) 37M->37M(49M) 17.346ms
[2020-08-10T13:02:31.583+0300][1091.129s][info ][gc] GC(34582) Pause Young (Allocation Failure) 38M->38M(49M) 13.827ms
[2020-08-10T13:02:31.597+0300][1091.144s][info ][gc] GC(34583) Pause Young (Allocation Failure) 39M->39M(49M) 13.840ms
[2020-08-10T13:02:31.611+0300][1091.158s][info ][gc] GC(34584) Pause Young (Allocation Failure) 40M->40M(49M) 13.798ms
[2020-08-10T13:02:31.626+0300][1091.172s][info ][gc] GC(34585) Pause Young (Allocation Failure) 41M->41M(49M) 13.994ms
[2020-08-10T13:02:31.640+0300][1091.187s][info ][gc] GC(34586) Pause Young (Allocation Failure) 42M->42M(49M) 13.991ms
[2020-08-10T13:02:31.655+0300][1091.201s][info ][gc] GC(34587) Pause Young (Allocation Failure) 43M->43M(49M) 14.074ms
[2020-08-10T13:02:31.670+0300][1091.216s][info ][gc] GC(34588) Pause Young (Allocation Failure) 44M->43M(49M) 14.031ms
[2020-08-10T13:02:31.684+0300][1091.231s][info ][gc] GC(34589) Pause Young (Allocation Failure) 44M->44M(49M) 14.070ms
[2020-08-10T13:02:31.699+0300][1091.246s][info ][gc] GC(34590) Pause Young (Allocation Failure) 45M->45M(49M) 14.079ms
[2020-08-10T13:02:31.714+0300][1091.260s][info ][gc] GC(34591) Pause Young (Allocation Failure) 46M->46M(49M) 14.049ms
[2020-08-10T13:02:31.829+0300][1091.376s][debug][gc] GC(34592) Expanding ParOldGen from 48128K by 11264K to 59392K
[2020-08-10T13:02:31.829+0300][1091.376s][info ][gc] GC(34592) Pause Full (Ergonomics) 46M->46M(60M) 115.631ms
[2020-08-10T13:02:31.844+0300][1091.390s][info ][gc] GC(34593) Pause Young (Allocation Failure) 47M->47M(60M) 13.605ms
[2020-08-10T13:02:31.868+0300][1091.414s][info ][gc] GC(34594) Pause Young (Allocation Failure) 48M->48M(60M) 23.294ms
[2020-08-10T13:02:31.882+0300][1091.429s][info ][gc] GC(34595) Pause Young (Allocation Failure) 49M->49M(60M) 13.982ms
[2020-08-10T13:02:31.897+0300][1091.443s][info ][gc] GC(34596) Pause Young (Allocation Failure) 50M->50M(60M) 13.951ms
[2020-08-10T13:02:31.911+0300][1091.458s][info ][gc] GC(34597) Pause Young (Allocation Failure) 51M->51M(60M) 13.925ms
[2020-08-10T13:02:31.926+0300][1091.472s][info ][gc] GC(34598) Pause Young (Allocation Failure) 52M->52M(60M) 14.017ms
[2020-08-10T13:02:31.940+0300][1091.487s][info ][gc] GC(34599) Pause Young (Allocation Failure) 53M->53M(60M) 13.946ms
[2020-08-10T13:02:31.955+0300][1091.502s][info ][gc] GC(34600) Pause Young (Allocation Failure) 54M->54M(60M) 13.968ms
[2020-08-10T13:02:31.970+0300][1091.516s][info ][gc] GC(34601) Pause Young (Allocation Failure) 55M->55M(60M) 13.973ms
[2020-08-10T13:02:31.984+0300][1091.531s][info ][gc] GC(34602) Pause Young (Allocation Failure) 56M->55M(60M) 13.959ms
[2020-08-10T13:02:31.999+0300][1091.545s][info ][gc] GC(34603) Pause Young (Allocation Failure) 56M->56M(60M) 14.034ms
[2020-08-10T13:02:32.013+0300][1091.560s][info ][gc] GC(34604) Pause Young (Allocation Failure) 57M->57M(60M) 14.004ms
[2020-08-10T13:02:32.149+0300][1091.696s][debug][gc] GC(34605) Expanding ParOldGen from 59392K by 11776K to 71168K
[2020-08-10T13:02:32.149+0300][1091.696s][info ][gc] GC(34605) Pause Full (Ergonomics) 57M->57M(72M) 135.535ms
[2020-08-10T13:02:32.163+0300][1091.710s][info ][gc] GC(34606) Pause Young (Allocation Failure) 58M->58M(72M) 13.594ms
[2020-08-10T13:02:32.178+0300][1091.725s][info ][gc] GC(34607) Pause Young (Allocation Failure) 59M->59M(72M) 14.070ms
[2020-08-10T13:02:32.193+0300][1091.739s][info ][gc] GC(34608) Pause Young (Allocation Failure) 60M->60M(72M) 14.072ms
[2020-08-10T13:02:32.207+0300][1091.754s][info ][gc] GC(34609) Pause Young (Allocation Failure) 61M->61M(72M) 14.005ms
[2020-08-10T13:02:32.222+0300][1091.769s][info ][gc] GC(34610) Pause Young (Allocation Failure) 62M->62M(72M) 14.071ms
[2020-08-10T13:02:32.237+0300][1091.783s][info ][gc] GC(34611) Pause Young (Allocation Failure) 63M->63M(72M) 14.027ms
[2020-08-10T13:02:32.252+0300][1091.798s][info ][gc] GC(34612) Pause Young (Allocation Failure) 64M->64M(72M) 14.121ms
[2020-08-10T13:02:32.266+0300][1091.813s][info ][gc] GC(34613) Pause Young (Allocation Failure) 65M->65M(72M) 14.039ms
[2020-08-10T13:02:32.281+0300][1091.828s][info ][gc] GC(34614) Pause Young (Allocation Failure) 66M->66M(72M) 14.099ms
[2020-08-10T13:02:32.296+0300][1091.842s][info ][gc] GC(34615) Pause Young (Allocation Failure) 67M->67M(72M) 13.976ms
[2020-08-10T13:02:32.310+0300][1091.857s][info ][gc] GC(34616) Pause Young (Allocation Failure) 68M->68M(72M) 13.976ms
[2020-08-10T13:02:32.325+0300][1091.871s][info ][gc] GC(34617) Pause Young (Allocation Failure) 69M->69M(72M) 14.077ms
[2020-08-10T13:02:32.340+0300][1091.886s][info ][gc] GC(34618) Pause Young (Allocation Failure) 70M->70M(72M) 14.092ms
[2020-08-10T13:02:32.503+0300][1092.050s][debug][gc] GC(34619) Expanding ParOldGen from 71168K by 11264K to 82432K
[2020-08-10T13:02:32.504+0300][1092.050s][info ][gc] GC(34619) Pause Full (Ergonomics) 70M->69M(83M) 163.839ms
[2020-08-10T13:02:32.535+0300][1092.081s][info ][gc] GC(34620) Pause Young (Allocation Failure) 70M->70M(83M) 30.622ms
[2020-08-10T13:02:32.550+0300][1092.097s][info ][gc] GC(34621) Pause Young (Allocation Failure) 71M->71M(83M) 14.550ms
[2020-08-10T13:02:32.565+0300][1092.111s][info ][gc] GC(34622) Pause Young (Allocation Failure) 72M->72M(83M) 14.087ms
[2020-08-10T13:02:32.579+0300][1092.126s][info ][gc] GC(34623) Pause Young (Allocation Failure) 73M->73M(83M) 14.397ms
[2020-08-10T13:02:32.594+0300][1092.141s][info ][gc] GC(34624) Pause Young (Allocation Failure) 74M->74M(83M) 14.120ms
[2020-08-10T13:02:32.609+0300][1092.155s][info ][gc] GC(34625) Pause Young (Allocation Failure) 75M->75M(83M) 14.150ms
[2020-08-10T13:02:32.623+0300][1092.170s][info ][gc] GC(34626) Pause Young (Allocation Failure) 76M->76M(83M) 14.211ms
[2020-08-10T13:02:32.638+0300][1092.185s][info ][gc] GC(34627) Pause Young (Allocation Failure) 77M->77M(83M) 14.185ms
[2020-08-10T13:02:32.653+0300][1092.200s][info ][gc] GC(34628) Pause Young (Allocation Failure) 78M->78M(83M) 14.325ms
[2020-08-10T13:02:32.668+0300][1092.215s][info ][gc] GC(34629) Pause Young (Allocation Failure) 79M->79M(83M) 14.353ms
[2020-08-10T13:02:32.683+0300][1092.230s][info ][gc] GC(34630) Pause Young (Allocation Failure) 80M->80M(83M) 14.356ms
[2020-08-10T13:02:32.698+0300][1092.245s][info ][gc] GC(34631) Pause Young (Allocation Failure) 81M->81M(83M) 14.308ms
[2020-08-10T13:02:32.889+0300][1092.435s][debug][gc] GC(34632) Expanding ParOldGen from 82432K by 11264K to 93696K
[2020-08-10T13:02:32.890+0300][1092.435s][info ][gc] GC(34632) Pause Full (Ergonomics) 81M->81M(94M) 190.402ms
[2020-08-10T13:02:32.923+0300][1092.469s][info ][gc] GC(34633) Pause Young (Allocation Failure) 82M->82M(94M) 32.933ms
[2020-08-10T13:02:32.938+0300][1092.484s][info ][gc] GC(34634) Pause Young (Allocation Failure) 83M->83M(94M) 14.242ms
[2020-08-10T13:02:32.953+0300][1092.499s][info ][gc] GC(34635) Pause Young (Allocation Failure) 84M->83M(94M) 14.392ms
[2020-08-10T13:02:32.968+0300][1092.514s][info ][gc] GC(34636) Pause Young (Allocation Failure) 84M->84M(94M) 14.670ms
[2020-08-10T13:02:32.984+0300][1092.529s][info ][gc] GC(34637) Pause Young (Allocation Failure) 85M->85M(94M) 14.888ms
[2020-08-10T13:02:32.999+0300][1092.545s][info ][gc] GC(34638) Pause Young (Allocation Failure) 86M->86M(94M) 14.866ms
[2020-08-10T13:02:33.015+0300][1092.560s][info ][gc] GC(34639) Pause Young (Allocation Failure) 87M->87M(94M) 14.795ms
[2020-08-10T13:02:33.030+0300][1092.576s][info ][gc] GC(34640) Pause Young (Allocation Failure) 88M->88M(94M) 14.873ms
[2020-08-10T13:02:33.046+0300][1092.591s][info ][gc] GC(34641) Pause Young (Allocation Failure) 89M->89M(94M) 15.049ms
[2020-08-10T13:02:33.061+0300][1092.607s][info ][gc] GC(34642) Pause Young (Allocation Failure) 90M->90M(94M) 15.181ms
[2020-08-10T13:02:33.077+0300][1092.623s][info ][gc] GC(34643) Pause Young (Allocation Failure) 91M->91M(94M) 15.219ms
[2020-08-10T13:02:33.302+0300][1092.847s][debug][gc] GC(34644) Expanding ParOldGen from 93696K by 11264K to 104960K
[2020-08-10T13:02:33.302+0300][1092.847s][info ][gc] GC(34644) Pause Full (Ergonomics) 91M->91M(105M) 224.219ms
[2020-08-10T13:02:33.316+0300][1092.861s][info ][gc] GC(34645) Pause Young (Allocation Failure) 92M->92M(105M) 13.438ms
[2020-08-10T13:02:33.331+0300][1092.877s][info ][gc] GC(34646) Pause Young (Allocation Failure) 93M->93M(105M) 15.006ms
[2020-08-10T13:02:33.347+0300][1092.893s][info ][gc] GC(34647) Pause Young (Allocation Failure) 94M->94M(105M) 15.304ms
[2020-08-10T13:02:33.363+0300][1092.909s][info ][gc] GC(34648) Pause Young (Allocation Failure) 95M->95M(105M) 15.156ms
[2020-08-10T13:02:33.379+0300][1092.924s][info ][gc] GC(34649) Pause Young (Allocation Failure) 96M->96M(105M) 15.363ms
[2020-08-10T13:02:33.395+0300][1092.940s][info ][gc] GC(34650) Pause Young (Allocation Failure) 97M->97M(105M) 15.498ms
[2020-08-10T13:02:33.411+0300][1092.956s][info ][gc] GC(34651) Pause Young (Allocation Failure) 98M->98M(105M) 15.446ms
[2020-08-10T13:02:33.427+0300][1092.973s][info ][gc] GC(34652) Pause Young (Allocation Failure) 99M->99M(105M) 15.488ms
[2020-08-10T13:02:33.443+0300][1092.989s][info ][gc] GC(34653) Pause Young (Allocation Failure) 100M->100M(105M) 15.714ms
[2020-08-10T13:02:33.459+0300][1093.005s][info ][gc] GC(34654) Pause Young (Allocation Failure) 101M->100M(105M) 15.763ms
[2020-08-10T13:02:33.476+0300][1093.022s][info ][gc] GC(34655) Pause Young (Allocation Failure) 101M->101M(105M) 15.915ms
[2020-08-10T13:02:33.493+0300][1093.038s][info ][gc] GC(34656) Pause Young (Allocation Failure) 102M->102M(105M) 15.985ms
[2020-08-10T13:02:33.756+0300][1093.302s][debug][gc] GC(34657) Expanding ParOldGen from 104960K by 11264K to 116224K
[2020-08-10T13:02:33.757+0300][1093.302s][info ][gc] GC(34657) Pause Full (Ergonomics) 102M->102M(116M) 263.742ms
[2020-08-10T13:02:33.794+0300][1093.340s][info ][gc] GC(34658) Pause Young (Allocation Failure) 103M->103M(116M) 37.094ms
[2020-08-10T13:02:33.811+0300][1093.357s][info ][gc] GC(34659) Pause Young (Allocation Failure) 104M->104M(116M) 16.634ms
[2020-08-10T13:02:33.828+0300][1093.374s][info ][gc] GC(34660) Pause Young (Allocation Failure) 105M->105M(116M) 16.464ms
[2020-08-10T13:02:33.845+0300][1093.391s][info ][gc] GC(34661) Pause Young (Allocation Failure) 106M->106M(116M) 16.594ms
[2020-08-10T13:02:33.863+0300][1093.408s][info ][gc] GC(34662) Pause Young (Allocation Failure) 107M->107M(116M) 16.700ms
[2020-08-10T13:02:33.880+0300][1093.426s][info ][gc] GC(34663) Pause Young (Allocation Failure) 108M->108M(116M) 16.721ms
[2020-08-10T13:02:33.898+0300][1093.443s][info ][gc] GC(34664) Pause Young (Allocation Failure) 109M->109M(116M) 16.887ms
[2020-08-10T13:02:33.915+0300][1093.461s][info ][gc] GC(34665) Pause Young (Allocation Failure) 110M->110M(116M) 16.906ms
[2020-08-10T13:02:33.933+0300][1093.479s][info ][gc] GC(34666) Pause Young (Allocation Failure) 111M->111M(116M) 17.269ms
[2020-08-10T13:02:33.951+0300][1093.496s][info ][gc] GC(34667) Pause Young (Allocation Failure) 112M->112M(116M) 17.063ms
[2020-08-10T13:02:33.968+0300][1093.514s][info ][gc] GC(34668) Pause Young (Allocation Failure) 113M->113M(116M) 17.219ms
[2020-08-10T13:02:33.986+0300][1093.532s][info ][gc] GC(34669) Pause Young (Allocation Failure) 114M->114M(116M) 17.377ms
[2020-08-10T13:02:34.270+0300][1093.816s][debug][gc] GC(34670) Expanding ParOldGen from 116224K by 11264K to 127488K
[2020-08-10T13:02:34.270+0300][1093.816s][info ][gc] GC(34670) Pause Full (Ergonomics) 114M->114M(127M) 283.380ms
[2020-08-10T13:02:34.304+0300][1093.850s][info ][gc] GC(34671) Pause Young (Allocation Failure) 115M->115M(127M) 33.113ms
[2020-08-10T13:02:34.322+0300][1093.868s][info ][gc] GC(34672) Pause Young (Allocation Failure) 116M->115M(127M) 18.013ms
[2020-08-10T13:02:34.341+0300][1093.887s][info ][gc] GC(34673) Pause Young (Allocation Failure) 116M->116M(127M) 18.030ms
[2020-08-10T13:02:34.359+0300][1093.905s][info ][gc] GC(34674) Pause Young (Allocation Failure) 117M->117M(127M) 17.701ms
[2020-08-10T13:02:34.378+0300][1093.924s][info ][gc] GC(34675) Pause Young (Allocation Failure) 118M->118M(127M) 18.170ms
[2020-08-10T13:02:34.396+0300][1093.942s][info ][gc] GC(34676) Pause Young (Allocation Failure) 119M->119M(127M) 17.769ms
[2020-08-10T13:02:34.415+0300][1093.961s][info ][gc] GC(34677) Pause Young (Allocation Failure) 120M->120M(127M) 18.369ms
[2020-08-10T13:02:34.435+0300][1093.980s][info ][gc] GC(34678) Pause Young (Allocation Failure) 121M->121M(127M) 18.920ms
[2020-08-10T13:02:34.453+0300][1093.999s][info ][gc] GC(34679) Pause Young (Allocation Failure) 122M->122M(127M) 17.978ms
[2020-08-10T13:02:34.472+0300][1094.018s][info ][gc] GC(34680) Pause Young (Allocation Failure) 123M->123M(127M) 18.309ms
[2020-08-10T13:02:34.520+0300][1094.066s][info ][gc] GC(34681) Pause Young (Allocation Failure) 124M->124M(127M) 47.794ms
[2020-08-10T13:02:34.840+0300][1094.386s][debug][gc] GC(34682) Expanding ParOldGen from 127488K by 11264K to 138752K
[2020-08-10T13:02:34.840+0300][1094.386s][info ][gc] GC(34682) Pause Full (Ergonomics) 124M->124M(138M) 320.039ms
[2020-08-10T13:02:34.856+0300][1094.402s][info ][gc] GC(34683) Pause Young (Allocation Failure) 125M->125M(138M) 15.159ms
[2020-08-10T13:02:34.874+0300][1094.420s][info ][gc] GC(34684) Pause Young (Allocation Failure) 126M->126M(138M) 17.804ms
[2020-08-10T13:02:34.892+0300][1094.438s][info ][gc] GC(34685) Pause Young (Allocation Failure) 127M->127M(138M) 18.011ms
[2020-08-10T13:02:34.911+0300][1094.457s][info ][gc] GC(34686) Pause Young (Allocation Failure) 128M->128M(138M) 18.392ms
[2020-08-10T13:02:34.930+0300][1094.476s][info ][gc] GC(34687) Pause Young (Allocation Failure) 129M->129M(138M) 18.387ms
[2020-08-10T13:02:34.949+0300][1094.495s][info ][gc] GC(34688) Pause Young (Allocation Failure) 130M->130M(138M) 18.253ms
[2020-08-10T13:02:34.968+0300][1094.513s][info ][gc] GC(34689) Pause Young (Allocation Failure) 131M->131M(138M) 18.429ms
[2020-08-10T13:02:34.986+0300][1094.532s][info ][gc] GC(34690) Pause Young (Allocation Failure) 132M->132M(138M) 18.298ms
[2020-08-10T13:02:35.005+0300][1094.551s][info ][gc] GC(34691) Pause Young (Allocation Failure) 133M->132M(138M) 18.433ms
[2020-08-10T13:02:35.024+0300][1094.570s][info ][gc] GC(34692) Pause Young (Allocation Failure) 133M->133M(138M) 18.542ms
[2020-08-10T13:02:35.043+0300][1094.589s][info ][gc] GC(34693) Pause Young (Allocation Failure) 134M->134M(138M) 18.456ms
[2020-08-10T13:02:35.043+0300][1094.589s][debug][gc] Expanding ParOldGen from 138752K by 19968K to 158720K
[2020-08-10T13:02:35.070+0300][1094.616s][info ][gc] GC(34694) Pause Young (Allocation Failure) 154M->154M(157M) 18.684ms
[2020-08-10T13:02:35.086+0300][1094.632s][info ][gc] GC(34695) Pause Young (Allocation Failure) 155M->155M(157M) 15.853ms
[2020-08-10T13:02:35.120+0300][1094.666s][debug][gc] GC(34696) Shrinking ParOldGen from 158720K by 124416K to 34304K
[2020-08-10T13:02:35.120+0300][1094.666s][info ][gc] GC(34696) Pause Full (Ergonomics) 155M->22M(36M) 33.871ms
[2020-08-10T13:02:35.134+0300][1094.680s][info ][gc] GC(34697) Pause Young (Allocation Failure) 23M->23M(36M) 13.194ms
[2020-08-10T13:02:35.148+0300][1094.694s][info ][gc] GC(34698) Pause Young (Allocation Failure) 24M->24M(36M) 13.648ms
[2020-08-10T13:02:35.170+0300][1094.716s][info ][gc] GC(34699) Pause Young (Allocation Failure) 25M->25M(36M) 21.400ms
[2020-08-10T13:02:35.185+0300][1094.730s][info ][gc] GC(34700) Pause Young (Allocation Failure) 26M->25M(36M) 13.984ms
[2020-08-10T13:02:35.199+0300][1094.745s][info ][gc] GC(34701) Pause Young (Allocation Failure) 26M->26M(36M) 13.856ms
[2020-08-10T13:02:35.213+0300][1094.759s][info ][gc] GC(34702) Pause Young (Allocation Failure) 27M->27M(36M) 13.738ms
[2020-08-10T13:02:35.227+0300][1094.773s][info ][gc] GC(34703) Pause Young (Allocation Failure) 28M->28M(36M) 13.818ms
[2020-08-10T13:02:35.242+0300][1094.788s][info ][gc] GC(34704) Pause Young (Allocation Failure) 29M->29M(36M) 13.906ms
[2020-08-10T13:02:35.256+0300][1094.802s][info ][gc] GC(34705) Pause Young (Allocation Failure) 30M->30M(36M) 13.840ms
[2020-08-10T13:02:35.271+0300][1094.816s][info ][gc] GC(34706) Pause Young (Allocation Failure) 31M->31M(36M) 13.874ms
[2020-08-10T13:02:35.285+0300][1094.831s][info ][gc] GC(34707) Pause Young (Allocation Failure) 32M->32M(36M) 13.804ms
[2020-08-10T13:02:35.299+0300][1094.845s][info ][gc] GC(34708) Pause Young (Allocation Failure) 33M->33M(36M) 13.827ms
[2020-08-10T13:02:35.357+0300][1094.903s][debug][gc] GC(34709) Expanding ParOldGen from 34304K by 11776K to 46080K
[2020-08-10T13:02:35.357+0300][1094.903s][info ][gc] GC(34709) Pause Full (Ergonomics) 33M->33M(47M) 57.987ms
[2020-08-10T13:02:35.371+0300][1094.917s][info ][gc] GC(34710) Pause Young (Allocation Failure) 34M->34M(47M) 13.344ms
[2020-08-10T13:02:35.386+0300][1094.931s][info ][gc] GC(34711) Pause Young (Allocation Failure) 35M->35M(47M) 13.894ms
[2020-08-10T13:02:35.400+0300][1094.946s][info ][gc] GC(34712) Pause Young (Allocation Failure) 36M->36M(47M) 13.817ms
[2020-08-10T13:02:35.433+0300][1094.979s][info ][gc] GC(34713) Pause Young (Allocation Failure) 37M->37M(46M) 32.297ms
[2020-08-10T13:02:35.447+0300][1094.993s][info ][gc] GC(34714) Pause Young (Allocation Failure) 38M->38M(47M) 13.554ms
[2020-08-10T13:02:35.461+0300][1095.007s][info ][gc] GC(34715) Pause Young (Allocation Failure) 39M->39M(47M) 13.706ms
[2020-08-10T13:02:35.475+0300][1095.021s][info ][gc] GC(34716) Pause Young (Allocation Failure) 40M->40M(47M) 13.733ms
[2020-08-10T13:02:35.489+0300][1095.035s][info ][gc] GC(34717) Pause Young (Allocation Failure) 41M->41M(47M) 13.699ms
[2020-08-10T13:02:35.504+0300][1095.049s][info ][gc] GC(34718) Pause Young (Allocation Failure) 42M->42M(47M) 13.789ms
[2020-08-10T13:02:35.518+0300][1095.064s][info ][gc] GC(34719) Pause Young (Allocation Failure) 43M->42M(47M) 13.742ms
[2020-08-10T13:02:35.532+0300][1095.078s][info ][gc] GC(34720) Pause Young (Allocation Failure) 43M->43M(47M) 13.632ms
[2020-08-10T13:02:35.546+0300][1095.092s][info ][gc] GC(34721) Pause Young (Allocation Failure) 44M->44M(47M) 13.724ms
[2020-08-10T13:02:35.636+0300][1095.182s][debug][gc] GC(34722) Expanding ParOldGen from 46080K by 11264K to 57344K
[2020-08-10T13:02:35.636+0300][1095.182s][info ][gc] GC(34722) Pause Full (Ergonomics) 44M->44M(58M) 90.233ms
[2020-08-10T13:02:35.650+0300][1095.196s][info ][gc] GC(34723) Pause Young (Allocation Failure) 45M->45M(58M) 13.404ms
[2020-08-10T13:02:35.665+0300][1095.211s][info ][gc] GC(34724) Pause Young (Allocation Failure) 46M->46M(58M) 13.940ms
[2020-08-10T13:02:35.679+0300][1095.225s][info ][gc] GC(34725) Pause Young (Allocation Failure) 47M->47M(58M) 13.798ms
[2020-08-10T13:02:35.694+0300][1095.239s][info ][gc] GC(34726) Pause Young (Allocation Failure) 48M->48M(58M) 13.911ms
[2020-08-10T13:02:35.708+0300][1095.254s][info ][gc] GC(34727) Pause Young (Allocation Failure) 49M->49M(58M) 13.890ms
[2020-08-10T13:02:35.722+0300][1095.268s][info ][gc] GC(34728) Pause Young (Allocation Failure) 50M->50M(58M) 13.887ms
[2020-08-10T13:02:35.737+0300][1095.283s][info ][gc] GC(34729) Pause Young (Allocation Failure) 51M->51M(58M) 14.022ms
[2020-08-10T13:02:35.751+0300][1095.297s][info ][gc] GC(34730) Pause Young (Allocation Failure) 52M->52M(58M) 13.943ms
[2020-08-10T13:02:35.766+0300][1095.312s][info ][gc] GC(34731) Pause Young (Allocation Failure) 53M->53M(58M) 14.031ms
[2020-08-10T13:02:35.781+0300][1095.326s][info ][gc] GC(34732) Pause Young (Allocation Failure) 54M->54M(58M) 14.014ms
[2020-08-10T13:02:35.795+0300][1095.341s][info ][gc] GC(34733) Pause Young (Allocation Failure) 55M->55M(58M) 14.028ms
[2020-08-10T13:02:35.810+0300][1095.356s][info ][gc] GC(34734) Pause Young (Allocation Failure) 56M->56M(58M) 14.123ms
[2020-08-10T13:02:35.933+0300][1095.479s][debug][gc] GC(34735) Expanding ParOldGen from 57344K by 11264K to 68608K
[2020-08-10T13:02:35.934+0300][1095.479s][info ][gc] GC(34735) Pause Full (Ergonomics) 56M->56M(69M) 123.308ms
[2020-08-10T13:02:35.958+0300][1095.504s][info ][gc] GC(34736) Pause Young (Allocation Failure) 57M->57M(69M) 24.257ms
[2020-08-10T13:02:35.973+0300][1095.519s][info ][gc] GC(34737) Pause Young (Allocation Failure) 58M->57M(69M) 14.295ms
[2020-08-10T13:02:35.988+0300][1095.534s][info ][gc] GC(34738) Pause Young (Allocation Failure) 58M->58M(69M) 14.207ms
[2020-08-10T13:02:36.003+0300][1095.548s][info ][gc] GC(34739) Pause Young (Allocation Failure) 59M->59M(69M) 14.060ms
[2020-08-10T13:02:36.017+0300][1095.563s][info ][gc] GC(34740) Pause Young (Allocation Failure) 60M->60M(69M) 14.079ms
[2020-08-10T13:02:36.032+0300][1095.578s][info ][gc] GC(34741) Pause Young (Allocation Failure) 61M->61M(69M) 14.044ms
[2020-08-10T13:02:36.047+0300][1095.592s][info ][gc] GC(34742) Pause Young (Allocation Failure) 62M->62M(69M) 14.217ms
[2020-08-10T13:02:36.061+0300][1095.607s][info ][gc] GC(34743) Pause Young (Allocation Failure) 63M->63M(69M) 14.246ms
[2020-08-10T13:02:36.076+0300][1095.622s][info ][gc] GC(34744) Pause Young (Allocation Failure) 64M->64M(69M) 14.187ms
[2020-08-10T13:02:36.091+0300][1095.637s][info ][gc] GC(34745) Pause Young (Allocation Failure) 65M->65M(69M) 14.324ms
[2020-08-10T13:02:36.106+0300][1095.652s][info ][gc] GC(34746) Pause Young (Allocation Failure) 66M->66M(69M) 13.910ms
[2020-08-10T13:02:36.121+0300][1095.667s][info ][gc] GC(34747) Pause Young (Allocation Failure) 67M->67M(69M) 14.211ms
[2020-08-10T13:02:36.276+0300][1095.821s][debug][gc] GC(34748) Expanding ParOldGen from 68608K by 11776K to 80384K
[2020-08-10T13:02:36.276+0300][1095.822s][info ][gc] GC(34748) Pause Full (Ergonomics) 67M->67M(81M) 154.874ms
[2020-08-10T13:02:36.304+0300][1095.850s][info ][gc] GC(34749) Pause Young (Allocation Failure) 68M->68M(81M) 28.076ms
[2020-08-10T13:02:36.319+0300][1095.865s][info ][gc] GC(34750) Pause Young (Allocation Failure) 69M->69M(81M) 14.331ms
[2020-08-10T13:02:36.334+0300][1095.880s][info ][gc] GC(34751) Pause Young (Allocation Failure) 70M->70M(81M) 14.152ms
[2020-08-10T13:02:36.349+0300][1095.895s][info ][gc] GC(34752) Pause Young (Allocation Failure) 71M->71M(81M) 14.207ms
[2020-08-10T13:02:36.364+0300][1095.910s][info ][gc] GC(34753) Pause Young (Allocation Failure) 72M->72M(80M) 14.452ms
[2020-08-10T13:02:36.379+0300][1095.925s][info ][gc] GC(34754) Pause Young (Allocation Failure) 73M->73M(80M) 14.450ms
[2020-08-10T13:02:36.394+0300][1095.940s][info ][gc] GC(34755) Pause Young (Allocation Failure) 74M->73M(80M) 14.359ms
[2020-08-10T13:02:36.408+0300][1095.954s][info ][gc] GC(34756) Pause Young (Allocation Failure) 74M->74M(81M) 14.087ms
[2020-08-10T13:02:36.423+0300][1095.969s][info ][gc] GC(34757) Pause Young (Allocation Failure) 75M->75M(81M) 14.291ms
[2020-08-10T13:02:36.438+0300][1095.984s][info ][gc] GC(34758) Pause Young (Allocation Failure) 76M->76M(81M) 14.365ms
[2020-08-10T13:02:36.453+0300][1095.999s][info ][gc] GC(34759) Pause Young (Allocation Failure) 77M->77M(81M) 14.330ms
[2020-08-10T13:02:36.468+0300][1096.014s][info ][gc] GC(34760) Pause Young (Allocation Failure) 78M->78M(81M) 14.549ms
[2020-08-10T13:02:36.718+0300][1096.264s][debug][gc] GC(34761) Expanding ParOldGen from 80384K by 11264K to 91648K
[2020-08-10T13:02:36.718+0300][1096.264s][info ][gc] GC(34761) Pause Full (Ergonomics) 78M->78M(92M) 249.639ms
[2020-08-10T13:02:36.750+0300][1096.296s][info ][gc] GC(34762) Pause Young (Allocation Failure) 79M->79M(92M) 31.090ms
[2020-08-10T13:02:36.765+0300][1096.311s][info ][gc] GC(34763) Pause Young (Allocation Failure) 80M->80M(92M) 14.313ms
[2020-08-10T13:02:36.780+0300][1096.326s][info ][gc] GC(34764) Pause Young (Allocation Failure) 81M->81M(92M) 14.288ms
[2020-08-10T13:02:36.795+0300][1096.341s][info ][gc] GC(34765) Pause Young (Allocation Failure) 82M->82M(92M) 14.395ms
[2020-08-10T13:02:36.810+0300][1096.356s][info ][gc] GC(34766) Pause Young (Allocation Failure) 83M->83M(92M) 14.448ms
[2020-08-10T13:02:36.825+0300][1096.371s][info ][gc] GC(34767) Pause Young (Allocation Failure) 84M->84M(92M) 14.468ms
[2020-08-10T13:02:36.841+0300][1096.386s][info ][gc] GC(34768) Pause Young (Allocation Failure) 85M->85M(92M) 14.941ms
[2020-08-10T13:02:36.856+0300][1096.402s][info ][gc] GC(34769) Pause Young (Allocation Failure) 86M->86M(92M) 14.868ms
[2020-08-10T13:02:36.871+0300][1096.417s][info ][gc] GC(34770) Pause Young (Allocation Failure) 87M->87M(92M) 14.836ms
[2020-08-10T13:02:36.887+0300][1096.433s][info ][gc] GC(34771) Pause Young (Allocation Failure) 88M->88M(92M) 14.845ms
[2020-08-10T13:02:36.903+0300][1096.448s][info ][gc] GC(34772) Pause Young (Allocation Failure) 89M->89M(92M) 15.028ms
[2020-08-10T13:02:36.918+0300][1096.464s][info ][gc] GC(34773) Pause Young (Allocation Failure) 90M->90M(92M) 14.995ms
[2020-08-10T13:02:37.131+0300][1096.677s][debug][gc] GC(34774) Expanding ParOldGen from 91648K by 11776K to 103424K
[2020-08-10T13:02:37.131+0300][1096.677s][info ][gc] GC(34774) Pause Full (Ergonomics) 90M->89M(103M) 212.691ms
[2020-08-10T13:02:37.165+0300][1096.711s][info ][gc] GC(34775) Pause Young (Allocation Failure) 90M->90M(103M) 33.382ms
[2020-08-10T13:02:37.181+0300][1096.727s][info ][gc] GC(34776) Pause Young (Allocation Failure) 91M->91M(103M) 15.171ms
[2020-08-10T13:02:37.197+0300][1096.743s][info ][gc] GC(34777) Pause Young (Allocation Failure) 92M->92M(103M) 15.366ms
[2020-08-10T13:02:37.213+0300][1096.759s][info ][gc] GC(34778) Pause Young (Allocation Failure) 93M->93M(103M) 15.522ms
[2020-08-10T13:02:37.229+0300][1096.775s][info ][gc] GC(34779) Pause Young (Allocation Failure) 94M->94M(103M) 15.548ms
[2020-08-10T13:02:37.245+0300][1096.791s][info ][gc] GC(34780) Pause Young (Allocation Failure) 95M->95M(103M) 15.813ms
[2020-08-10T13:02:37.262+0300][1096.807s][info ][gc] GC(34781) Pause Young (Allocation Failure) 96M->96M(103M) 15.595ms
[2020-08-10T13:02:37.278+0300][1096.824s][info ][gc] GC(34782) Pause Young (Allocation Failure) 97M->97M(103M) 15.865ms
[2020-08-10T13:02:37.295+0300][1096.840s][info ][gc] GC(34783) Pause Young (Allocation Failure) 98M->98M(103M) 15.822ms
[2020-08-10T13:02:37.311+0300][1096.857s][info ][gc] GC(34784) Pause Young (Allocation Failure) 99M->99M(103M) 15.859ms
[2020-08-10T13:02:37.328+0300][1096.874s][info ][gc] GC(34785) Pause Young (Allocation Failure) 100M->100M(103M) 16.161ms
[2020-08-10T13:02:37.344+0300][1096.890s][info ][gc] GC(34786) Pause Young (Allocation Failure) 101M->101M(103M) 16.076ms
[2020-08-10T13:02:37.608+0300][1097.154s][debug][gc] GC(34787) Expanding ParOldGen from 103424K by 11264K to 114688K
[2020-08-10T13:02:37.608+0300][1097.154s][info ][gc] GC(34787) Pause Full (Ergonomics) 101M->101M(114M) 263.523ms
[2020-08-10T13:02:37.645+0300][1097.191s][info ][gc] GC(34788) Pause Young (Allocation Failure) 102M->102M(114M) 36.134ms
[2020-08-10T13:02:37.662+0300][1097.208s][info ][gc] GC(34789) Pause Young (Allocation Failure) 103M->103M(114M) 16.523ms
[2020-08-10T13:02:37.679+0300][1097.225s][info ][gc] GC(34790) Pause Young (Allocation Failure) 104M->104M(114M) 16.412ms
[2020-08-10T13:02:37.696+0300][1097.242s][info ][gc] GC(34791) Pause Young (Allocation Failure) 105M->105M(114M) 16.583ms
[2020-08-10T13:02:37.713+0300][1097.259s][info ][gc] GC(34792) Pause Young (Allocation Failure) 106M->105M(114M) 16.753ms
[2020-08-10T13:02:37.731+0300][1097.276s][info ][gc] GC(34793) Pause Young (Allocation Failure) 106M->106M(114M) 16.635ms
[2020-08-10T13:02:37.748+0300][1097.294s][info ][gc] GC(34794) Pause Young (Allocation Failure) 107M->107M(114M) 16.839ms
[2020-08-10T13:02:37.765+0300][1097.311s][info ][gc] GC(34795) Pause Young (Allocation Failure) 108M->108M(114M) 16.788ms
[2020-08-10T13:02:37.783+0300][1097.329s][info ][gc] GC(34796) Pause Young (Allocation Failure) 109M->109M(114M) 16.976ms
[2020-08-10T13:02:37.801+0300][1097.347s][info ][gc] GC(34797) Pause Young (Allocation Failure) 110M->110M(114M) 17.127ms
[2020-08-10T13:02:37.818+0300][1097.364s][info ][gc] GC(34798) Pause Young (Allocation Failure) 111M->111M(114M) 17.093ms
[2020-08-10T13:02:37.836+0300][1097.382s][info ][gc] GC(34799) Pause Young (Allocation Failure) 112M->112M(114M) 17.341ms
[2020-08-10T13:02:38.198+0300][1097.744s][debug][gc] GC(34800) Expanding ParOldGen from 114688K by 11264K to 125952K
[2020-08-10T13:02:38.199+0300][1097.745s][info ][gc] GC(34800) Pause Full (Ergonomics) 112M->112M(125M) 362.075ms
[2020-08-10T13:02:38.232+0300][1097.778s][info ][gc] GC(34801) Pause Young (Allocation Failure) 113M->113M(125M) 33.043ms
[2020-08-10T13:02:38.250+0300][1097.796s][info ][gc] GC(34802) Pause Young (Allocation Failure) 114M->114M(125M) 17.644ms
[2020-08-10T13:02:38.269+0300][1097.815s][info ][gc] GC(34803) Pause Young (Allocation Failure) 115M->115M(125M) 17.492ms
[2020-08-10T13:02:38.287+0300][1097.833s][info ][gc] GC(34804) Pause Young (Allocation Failure) 116M->116M(125M) 18.021ms
[2020-08-10T13:02:38.306+0300][1097.851s][info ][gc] GC(34805) Pause Young (Allocation Failure) 117M->117M(124M) 17.928ms
[2020-08-10T13:02:38.322+0300][1097.868s][info ][gc] GC(34806) Pause Young (Allocation Failure) 118M->118M(125M) 16.102ms
[2020-08-10T13:02:38.341+0300][1097.887s][info ][gc] GC(34807) Pause Young (Allocation Failure) 119M->119M(125M) 17.956ms
[2020-08-10T13:02:38.359+0300][1097.905s][info ][gc] GC(34808) Pause Young (Allocation Failure) 120M->120M(125M) 18.076ms
[2020-08-10T13:02:38.378+0300][1097.924s][info ][gc] GC(34809) Pause Young (Allocation Failure) 121M->121M(125M) 18.064ms
[2020-08-10T13:02:38.396+0300][1097.942s][info ][gc] GC(34810) Pause Young (Allocation Failure) 122M->122M(125M) 18.238ms
[2020-08-10T13:02:38.415+0300][1097.961s][info ][gc] GC(34811) Pause Young (Allocation Failure) 123M->123M(125M) 18.601ms
[2020-08-10T13:02:38.740+0300][1098.286s][debug][gc] GC(34812) Expanding ParOldGen from 125952K by 11776K to 137728K
[2020-08-10T13:02:38.741+0300][1098.287s][info ][gc] GC(34812) Pause Full (Ergonomics) 123M->122M(137M) 324.874ms
[2020-08-10T13:02:38.756+0300][1098.302s][info ][gc] GC(34813) Pause Young (Allocation Failure) 123M->123M(137M) 15.380ms
[2020-08-10T13:02:38.775+0300][1098.321s][info ][gc] GC(34814) Pause Young (Allocation Failure) 124M->124M(137M) 18.202ms
[2020-08-10T13:02:38.794+0300][1098.340s][info ][gc] GC(34815) Pause Young (Allocation Failure) 125M->125M(137M) 18.348ms
[2020-08-10T13:02:38.813+0300][1098.359s][info ][gc] GC(34816) Pause Young (Allocation Failure) 126M->126M(137M) 18.213ms
[2020-08-10T13:02:38.832+0300][1098.378s][info ][gc] GC(34817) Pause Young (Allocation Failure) 127M->127M(137M) 18.659ms
[2020-08-10T13:02:38.851+0300][1098.397s][info ][gc] GC(34818) Pause Young (Allocation Failure) 128M->128M(137M) 18.362ms
[2020-08-10T13:02:38.870+0300][1098.416s][info ][gc] GC(34819) Pause Young (Allocation Failure) 129M->129M(137M) 18.433ms
[2020-08-10T13:02:38.889+0300][1098.435s][info ][gc] GC(34820) Pause Young (Allocation Failure) 130M->130M(137M) 18.602ms
[2020-08-10T13:02:38.909+0300][1098.455s][info ][gc] GC(34821) Pause Young (Allocation Failure) 131M->131M(137M) 18.984ms
[2020-08-10T13:02:38.928+0300][1098.474s][info ][gc] GC(34822) Pause Young (Allocation Failure) 132M->132M(137M) 18.859ms
[2020-08-10T13:02:38.947+0300][1098.493s][info ][gc] GC(34823) Pause Young (Allocation Failure) 133M->133M(137M) 18.826ms
[2020-08-10T13:02:38.967+0300][1098.513s][info ][gc] GC(34824) Pause Young (Allocation Failure) 134M->134M(137M) 18.845ms
[2020-08-10T13:02:38.986+0300][1098.532s][info ][gc] GC(34825) Pause Young (Allocation Failure) 135M->135M(137M) 18.651ms
[2020-08-10T13:02:39.349+0300][1098.895s][debug][gc] GC(34826) Expanding ParOldGen from 137728K by 11264K to 148992K
[2020-08-10T13:02:39.349+0300][1098.895s][info ][gc] GC(34826) Pause Full (Ergonomics) 135M->135M(148M) 363.355ms
[2020-08-10T13:02:39.350+0300][1098.895s][debug][gc] Expanding ParOldGen from 148992K by 19968K to 168960K
[2020-08-10T13:02:39.387+0300][1098.933s][info ][gc] GC(34827) Pause Young (Allocation Failure) 155M->155M(167M) 29.893ms
[2020-08-10T13:02:39.403+0300][1098.949s][info ][gc] GC(34828) Pause Young (Allocation Failure) 156M->156M(167M) 15.419ms
[2020-08-10T13:02:39.422+0300][1098.968s][info ][gc] GC(34829) Pause Young (Allocation Failure) 157M->157M(167M) 18.185ms
[2020-08-10T13:02:39.441+0300][1098.987s][info ][gc] GC(34830) Pause Young (Allocation Failure) 158M->157M(167M) 18.461ms
[2020-08-10T13:02:39.455+0300][1099.001s][info ][gc] GC(34831) Pause Young (Allocation Failure) 158M->158M(167M) 13.818ms
[2020-08-10T13:02:39.471+0300][1099.017s][info ][gc] GC(34832) Pause Young (Allocation Failure) 159M->159M(167M) 15.554ms
[2020-08-10T13:02:39.487+0300][1099.033s][info ][gc] GC(34833) Pause Young (Allocation Failure) 160M->160M(167M) 15.715ms
[2020-08-10T13:02:39.501+0300][1099.047s][info ][gc] GC(34834) Pause Young (Allocation Failure) 161M->161M(167M) 13.789ms
[2020-08-10T13:02:39.520+0300][1099.066s][info ][gc] GC(34835) Pause Young (Allocation Failure) 162M->162M(167M) 18.675ms
[2020-08-10T13:02:39.539+0300][1099.085s][info ][gc] GC(34836) Pause Young (Allocation Failure) 163M->163M(167M) 18.823ms
[2020-08-10T13:02:39.554+0300][1099.100s][info ][gc] GC(34837) Pause Young (Allocation Failure) 164M->164M(167M) 13.839ms
[2020-08-10T13:02:39.576+0300][1099.122s][info ][gc] GC(34838) Pause Young (Allocation Failure) 165M->165M(167M) 21.772ms
[2020-08-10T13:02:39.677+0300][1099.223s][debug][gc] GC(34839) Shrinking ParOldGen from 168960K by 124928K to 44032K
[2020-08-10T13:02:39.677+0300][1099.223s][info ][gc] GC(34839) Pause Full (Ergonomics) 165M->31M(45M) 100.727ms
[2020-08-10T13:02:39.690+0300][1099.236s][info ][gc] GC(34840) Pause Young (Allocation Failure) 32M->32M(45M) 12.951ms
[2020-08-10T13:02:39.704+0300][1099.250s][info ][gc] GC(34841) Pause Young (Allocation Failure) 33M->33M(45M) 13.244ms
[2020-08-10T13:02:39.718+0300][1099.264s][info ][gc] GC(34842) Pause Young (Allocation Failure) 34M->34M(45M) 13.452ms
[2020-08-10T13:02:39.732+0300][1099.278s][info ][gc] GC(34843) Pause Young (Allocation Failure) 35M->35M(45M) 13.415ms
[2020-08-10T13:02:39.746+0300][1099.292s][info ][gc] GC(34844) Pause Young (Allocation Failure) 36M->36M(45M) 13.538ms
[2020-08-10T13:02:39.760+0300][1099.306s][info ][gc] GC(34845) Pause Young (Allocation Failure) 37M->37M(45M) 13.478ms
[2020-08-10T13:02:39.774+0300][1099.320s][info ][gc] GC(34846) Pause Young (Allocation Failure) 38M->38M(45M) 13.466ms
[2020-08-10T13:02:39.787+0300][1099.333s][info ][gc] GC(34847) Pause Young (Allocation Failure) 39M->39M(45M) 13.327ms
[2020-08-10T13:02:39.801+0300][1099.347s][info ][gc] GC(34848) Pause Young (Allocation Failure) 40M->40M(45M) 13.401ms
[2020-08-10T13:02:39.815+0300][1099.361s][info ][gc] GC(34849) Pause Young (Allocation Failure) 41M->41M(45M) 13.497ms
[2020-08-10T13:02:39.829+0300][1099.375s][info ][gc] GC(34850) Pause Young (Allocation Failure) 42M->42M(45M) 13.372ms
[2020-08-10T13:02:39.843+0300][1099.389s][info ][gc] GC(34851) Pause Young (Allocation Failure) 43M->43M(45M) 13.505ms
[2020-08-10T13:02:39.927+0300][1099.473s][debug][gc] GC(34852) Expanding ParOldGen from 44032K by 11264K to 55296K
[2020-08-10T13:02:39.927+0300][1099.473s][info ][gc] GC(34852) Pause Full (Ergonomics) 43M->43M(56M) 83.200ms
[2020-08-10T13:02:39.946+0300][1099.492s][info ][gc] GC(34853) Pause Young (Allocation Failure) 44M->44M(56M) 18.631ms
[2020-08-10T13:02:39.960+0300][1099.506s][info ][gc] GC(34854) Pause Young (Allocation Failure) 45M->45M(56M) 13.527ms
[2020-08-10T13:02:39.974+0300][1099.520s][info ][gc] GC(34855) Pause Young (Allocation Failure) 46M->46M(56M) 13.529ms
[2020-08-10T13:02:39.988+0300][1099.534s][info ][gc] GC(34856) Pause Young (Allocation Failure) 47M->47M(56M) 13.617ms
[2020-08-10T13:02:40.002+0300][1099.548s][info ][gc] GC(34857) Pause Young (Allocation Failure) 48M->47M(56M) 13.594ms
[2020-08-10T13:02:40.016+0300][1099.562s][info ][gc] GC(34858) Pause Young (Allocation Failure) 48M->48M(56M) 13.755ms
[2020-08-10T13:02:40.030+0300][1099.576s][info ][gc] GC(34859) Pause Young (Allocation Failure) 49M->49M(55M) 13.521ms
[2020-08-10T13:02:40.044+0300][1099.590s][info ][gc] GC(34860) Pause Young (Allocation Failure) 50M->50M(56M) 13.392ms
[2020-08-10T13:02:40.058+0300][1099.604s][info ][gc] GC(34861) Pause Young (Allocation Failure) 51M->51M(56M) 13.629ms
[2020-08-10T13:02:40.072+0300][1099.618s][info ][gc] GC(34862) Pause Young (Allocation Failure) 52M->52M(56M) 13.589ms
[2020-08-10T13:02:40.086+0300][1099.632s][info ][gc] GC(34863) Pause Young (Allocation Failure) 53M->53M(56M) 13.536ms
[2020-08-10T13:02:40.100+0300][1099.646s][info ][gc] GC(34864) Pause Young (Allocation Failure) 54M->54M(56M) 13.617ms
[2020-08-10T13:02:40.213+0300][1099.759s][debug][gc] GC(34865) Expanding ParOldGen from 55296K by 11264K to 66560K
[2020-08-10T13:02:40.213+0300][1099.759s][info ][gc] GC(34865) Pause Full (Ergonomics) 54M->54M(67M) 112.118ms
[2020-08-10T13:02:40.236+0300][1099.782s][info ][gc] GC(34866) Pause Young (Allocation Failure) 55M->55M(67M) 22.708ms
[2020-08-10T13:02:40.250+0300][1099.796s][info ][gc] GC(34867) Pause Young (Allocation Failure) 56M->56M(67M) 13.597ms
[2020-08-10T13:02:40.264+0300][1099.810s][info ][gc] GC(34868) Pause Young (Allocation Failure) 57M->57M(67M) 13.648ms
[2020-08-10T13:02:40.278+0300][1099.824s][info ][gc] GC(34869) Pause Young (Allocation Failure) 58M->58M(67M) 13.620ms
[2020-08-10T13:02:40.292+0300][1099.838s][info ][gc] GC(34870) Pause Young (Allocation Failure) 59M->59M(67M) 13.572ms
[2020-08-10T13:02:40.307+0300][1099.853s][info ][gc] GC(34871) Pause Young (Allocation Failure) 60M->60M(67M) 13.656ms
[2020-08-10T13:02:40.321+0300][1099.867s][info ][gc] GC(34872) Pause Young (Allocation Failure) 61M->61M(67M) 13.596ms
[2020-08-10T13:02:40.335+0300][1099.881s][info ][gc] GC(34873) Pause Young (Allocation Failure) 62M->62M(67M) 13.694ms
[2020-08-10T13:02:40.349+0300][1099.895s][info ][gc] GC(34874) Pause Young (Allocation Failure) 63M->63M(67M) 13.737ms
[2020-08-10T13:02:40.363+0300][1099.909s][info ][gc] GC(34875) Pause Young (Allocation Failure) 64M->64M(67M) 13.477ms
[2020-08-10T13:02:40.388+0300][1099.934s][info ][gc] GC(34876) Pause Young (Allocation Failure) 65M->64M(67M) 24.161ms
[2020-08-10T13:02:40.532+0300][1100.078s][debug][gc] GC(34877) Expanding ParOldGen from 66560K by 11264K to 77824K
[2020-08-10T13:02:40.533+0300][1100.079s][info ][gc] GC(34877) Pause Full (Ergonomics) 64M->64M(78M) 144.803ms
[2020-08-10T13:02:40.546+0300][1100.092s][info ][gc] GC(34878) Pause Young (Allocation Failure) 65M->65M(78M) 13.094ms
[2020-08-10T13:02:40.560+0300][1100.106s][info ][gc] GC(34879) Pause Young (Allocation Failure) 66M->66M(78M) 13.432ms
[2020-08-10T13:02:40.574+0300][1100.120s][info ][gc] GC(34880) Pause Young (Allocation Failure) 67M->67M(78M) 13.389ms
[2020-08-10T13:02:40.588+0300][1100.134s][info ][gc] GC(34881) Pause Young (Allocation Failure) 68M->68M(78M) 13.400ms
[2020-08-10T13:02:40.602+0300][1100.148s][info ][gc] GC(34882) Pause Young (Allocation Failure) 69M->69M(78M) 13.627ms
[2020-08-10T13:02:40.616+0300][1100.162s][info ][gc] GC(34883) Pause Young (Allocation Failure) 70M->70M(78M) 13.661ms
[2020-08-10T13:02:40.630+0300][1100.176s][info ][gc] GC(34884) Pause Young (Allocation Failure) 71M->71M(78M) 13.561ms
[2020-08-10T13:02:40.644+0300][1100.190s][info ][gc] GC(34885) Pause Young (Allocation Failure) 72M->72M(78M) 13.585ms
[2020-08-10T13:02:40.658+0300][1100.204s][info ][gc] GC(34886) Pause Young (Allocation Failure) 73M->73M(78M) 13.593ms
[2020-08-10T13:02:40.672+0300][1100.219s][info ][gc] GC(34887) Pause Young (Allocation Failure) 74M->74M(78M) 13.594ms
[2020-08-10T13:02:40.686+0300][1100.233s][info ][gc] GC(34888) Pause Young (Allocation Failure) 75M->75M(78M) 13.523ms
[2020-08-10T13:02:40.701+0300][1100.247s][info ][gc] GC(34889) Pause Young (Allocation Failure) 76M->76M(78M) 13.546ms
[2020-08-10T13:02:40.873+0300][1100.419s][debug][gc] GC(34890) Expanding ParOldGen from 77824K by 11264K to 89088K
[2020-08-10T13:02:40.873+0300][1100.419s][info ][gc] GC(34890) Pause Full (Ergonomics) 76M->76M(89M) 172.247ms
[2020-08-10T13:02:40.903+0300][1100.449s][info ][gc] GC(34891) Pause Young (Allocation Failure) 77M->77M(89M) 29.611ms
[2020-08-10T13:02:40.918+0300][1100.464s][info ][gc] GC(34892) Pause Young (Allocation Failure) 78M->78M(89M) 13.886ms
[2020-08-10T13:02:40.932+0300][1100.478s][info ][gc] GC(34893) Pause Young (Allocation Failure) 79M->78M(89M) 13.811ms
[2020-08-10T13:02:40.946+0300][1100.493s][info ][gc] GC(34894) Pause Young (Allocation Failure) 79M->79M(89M) 13.836ms
[2020-08-10T13:02:40.961+0300][1100.507s][info ][gc] GC(34895) Pause Young (Allocation Failure) 80M->80M(89M) 13.792ms
[2020-08-10T13:02:40.976+0300][1100.522s][info ][gc] GC(34896) Pause Young (Allocation Failure) 81M->81M(89M) 14.017ms
[2020-08-10T13:02:40.990+0300][1100.536s][info ][gc] GC(34897) Pause Young (Allocation Failure) 82M->82M(89M) 14.052ms
[2020-08-10T13:02:41.005+0300][1100.551s][info ][gc] GC(34898) Pause Young (Allocation Failure) 83M->83M(89M) 14.251ms
[2020-08-10T13:02:41.020+0300][1100.566s][info ][gc] GC(34899) Pause Young (Allocation Failure) 84M->84M(89M) 14.092ms
[2020-08-10T13:02:41.034+0300][1100.580s][info ][gc] GC(34900) Pause Young (Allocation Failure) 85M->85M(89M) 14.138ms
[2020-08-10T13:02:41.049+0300][1100.595s][info ][gc] GC(34901) Pause Young (Allocation Failure) 86M->86M(89M) 14.278ms
[2020-08-10T13:02:41.064+0300][1100.610s][info ][gc] GC(34902) Pause Young (Allocation Failure) 87M->87M(89M) 14.309ms
[2020-08-10T13:02:41.263+0300][1100.809s][debug][gc] GC(34903) Expanding ParOldGen from 89088K by 11776K to 100864K
[2020-08-10T13:02:41.263+0300][1100.810s][info ][gc] GC(34903) Pause Full (Ergonomics) 87M->87M(101M) 199.259ms
[2020-08-10T13:02:41.296+0300][1100.842s][info ][gc] GC(34904) Pause Young (Allocation Failure) 88M->88M(101M) 31.707ms
[2020-08-10T13:02:41.311+0300][1100.857s][info ][gc] GC(34905) Pause Young (Allocation Failure) 89M->89M(101M) 14.492ms
[2020-08-10T13:02:41.326+0300][1100.872s][info ][gc] GC(34906) Pause Young (Allocation Failure) 90M->90M(100M) 14.685ms
[2020-08-10T13:02:41.341+0300][1100.887s][info ][gc] GC(34907) Pause Young (Allocation Failure) 91M->91M(100M) 14.742ms
[2020-08-10T13:02:41.357+0300][1100.903s][info ][gc] GC(34908) Pause Young (Allocation Failure) 92M->92M(100M) 14.987ms
[2020-08-10T13:02:41.371+0300][1100.917s][info ][gc] GC(34909) Pause Young (Allocation Failure) 93M->93M(101M) 13.639ms
[2020-08-10T13:02:41.386+0300][1100.932s][info ][gc] GC(34910) Pause Young (Allocation Failure) 94M->94M(101M) 15.049ms
[2020-08-10T13:02:41.402+0300][1100.948s][info ][gc] GC(34911) Pause Young (Allocation Failure) 95M->95M(101M) 14.946ms
[2020-08-10T13:02:41.417+0300][1100.963s][info ][gc] GC(34912) Pause Young (Allocation Failure) 96M->96M(101M) 15.008ms
[2020-08-10T13:02:41.433+0300][1100.979s][info ][gc] GC(34913) Pause Young (Allocation Failure) 97M->96M(101M) 15.137ms
[2020-08-10T13:02:41.449+0300][1100.995s][info ][gc] GC(34914) Pause Young (Allocation Failure) 97M->97M(101M) 15.180ms
[2020-08-10T13:02:41.465+0300][1101.011s][info ][gc] GC(34915) Pause Young (Allocation Failure) 98M->98M(101M) 15.311ms
[2020-08-10T13:02:41.752+0300][1101.298s][debug][gc] GC(34916) Expanding ParOldGen from 100864K by 11264K to 112128K
[2020-08-10T13:02:41.752+0300][1101.298s][info ][gc] GC(34916) Pause Full (Ergonomics) 98M->98M(112M) 287.543ms
[2020-08-10T13:02:41.787+0300][1101.333s][info ][gc] GC(34917) Pause Young (Allocation Failure) 99M->99M(112M) 34.487ms
[2020-08-10T13:02:41.803+0300][1101.350s][info ][gc] GC(34918) Pause Young (Allocation Failure) 100M->100M(112M) 15.718ms
[2020-08-10T13:02:41.820+0300][1101.366s][info ][gc] GC(34919) Pause Young (Allocation Failure) 101M->101M(112M) 15.593ms
[2020-08-10T13:02:41.836+0300][1101.382s][info ][gc] GC(34920) Pause Young (Allocation Failure) 102M->102M(112M) 15.772ms
[2020-08-10T13:02:41.852+0300][1101.398s][info ][gc] GC(34921) Pause Young (Allocation Failure) 103M->103M(112M) 15.814ms
[2020-08-10T13:02:41.869+0300][1101.415s][info ][gc] GC(34922) Pause Young (Allocation Failure) 104M->104M(112M) 15.844ms
[2020-08-10T13:02:41.885+0300][1101.431s][info ][gc] GC(34923) Pause Young (Allocation Failure) 105M->105M(112M) 15.665ms
[2020-08-10T13:02:41.902+0300][1101.448s][info ][gc] GC(34924) Pause Young (Allocation Failure) 106M->106M(112M) 15.862ms
[2020-08-10T13:02:41.918+0300][1101.465s][info ][gc] GC(34925) Pause Young (Allocation Failure) 107M->107M(112M) 16.174ms
[2020-08-10T13:02:41.935+0300][1101.481s][info ][gc] GC(34926) Pause Young (Allocation Failure) 108M->108M(112M) 16.283ms
[2020-08-10T13:02:41.952+0300][1101.498s][info ][gc] GC(34927) Pause Young (Allocation Failure) 109M->109M(112M) 16.268ms
[2020-08-10T13:02:41.969+0300][1101.515s][info ][gc] GC(34928) Pause Young (Allocation Failure) 110M->110M(112M) 16.182ms
[2020-08-10T13:02:42.259+0300][1101.805s][debug][gc] GC(34929) Expanding ParOldGen from 112128K by 11264K to 123392K
[2020-08-10T13:02:42.259+0300][1101.806s][info ][gc] GC(34929) Pause Full (Ergonomics) 110M->110M(123M) 290.635ms
[2020-08-10T13:02:42.298+0300][1101.844s][info ][gc] GC(34930) Pause Young (Allocation Failure) 111M->110M(123M) 38.061ms
[2020-08-10T13:02:42.315+0300][1101.861s][info ][gc] GC(34931) Pause Young (Allocation Failure) 111M->111M(123M) 16.546ms
[2020-08-10T13:02:42.332+0300][1101.879s][info ][gc] GC(34932) Pause Young (Allocation Failure) 112M->112M(123M) 16.661ms
[2020-08-10T13:02:42.350+0300][1101.896s][info ][gc] GC(34933) Pause Young (Allocation Failure) 113M->113M(123M) 16.796ms
[2020-08-10T13:02:42.367+0300][1101.913s][info ][gc] GC(34934) Pause Young (Allocation Failure) 114M->114M(123M) 16.873ms
[2020-08-10T13:02:42.384+0300][1101.931s][info ][gc] GC(34935) Pause Young (Allocation Failure) 115M->115M(123M) 16.722ms
[2020-08-10T13:02:42.402+0300][1101.948s][info ][gc] GC(34936) Pause Young (Allocation Failure) 116M->116M(123M) 16.827ms
[2020-08-10T13:02:42.419+0300][1101.966s][info ][gc] GC(34937) Pause Young (Allocation Failure) 117M->117M(123M) 17.075ms
[2020-08-10T13:02:42.437+0300][1101.983s][info ][gc] GC(34938) Pause Young (Allocation Failure) 118M->118M(123M) 16.796ms
[2020-08-10T13:02:42.454+0300][1102.001s][info ][gc] GC(34939) Pause Young (Allocation Failure) 119M->119M(123M) 17.260ms
[2020-08-10T13:02:42.472+0300][1102.018s][info ][gc] GC(34940) Pause Young (Allocation Failure) 120M->120M(123M) 17.226ms
[2020-08-10T13:02:42.771+0300][1102.317s][debug][gc] GC(34941) Expanding ParOldGen from 123392K by 11264K to 134656K
[2020-08-10T13:02:42.771+0300][1102.317s][info ][gc] GC(34941) Pause Full (Ergonomics) 120M->120M(134M) 298.779ms
[2020-08-10T13:02:42.786+0300][1102.332s][info ][gc] GC(34942) Pause Young (Allocation Failure) 121M->121M(134M) 14.643ms
[2020-08-10T13:02:42.804+0300][1102.350s][info ][gc] GC(34943) Pause Young (Allocation Failure) 122M->122M(134M) 16.891ms
[2020-08-10T13:02:42.822+0300][1102.368s][info ][gc] GC(34944) Pause Young (Allocation Failure) 123M->123M(134M) 17.359ms
[2020-08-10T13:02:42.840+0300][1102.386s][info ][gc] GC(34945) Pause Young (Allocation Failure) 124M->124M(134M) 17.402ms
[2020-08-10T13:02:42.888+0300][1102.434s][info ][gc] GC(34946) Pause Young (Allocation Failure) 125M->125M(134M) 47.933ms
[2020-08-10T13:02:42.906+0300][1102.452s][info ][gc] GC(34947) Pause Young (Allocation Failure) 126M->126M(134M) 17.770ms
[2020-08-10T13:02:42.925+0300][1102.471s][info ][gc] GC(34948) Pause Young (Allocation Failure) 127M->127M(134M) 17.996ms
[2020-08-10T13:02:42.943+0300][1102.489s][info ][gc] GC(34949) Pause Young (Allocation Failure) 128M->128M(134M) 17.850ms
[2020-08-10T13:02:42.961+0300][1102.508s][info ][gc] GC(34950) Pause Young (Allocation Failure) 129M->128M(134M) 17.897ms
[2020-08-10T13:02:42.980+0300][1102.526s][info ][gc] GC(34951) Pause Young (Allocation Failure) 129M->129M(134M) 17.861ms
[2020-08-10T13:02:42.998+0300][1102.544s][info ][gc] GC(34952) Pause Young (Allocation Failure) 130M->130M(134M) 17.433ms
[2020-08-10T13:02:43.016+0300][1102.562s][info ][gc] GC(34953) Pause Young (Allocation Failure) 131M->131M(134M) 17.853ms
[2020-08-10T13:02:43.454+0300][1103.000s][debug][gc] GC(34954) Expanding ParOldGen from 134656K by 11264K to 145920K
[2020-08-10T13:02:43.454+0300][1103.000s][info ][gc] GC(34954) Pause Full (Ergonomics) 131M->131M(145M) 437.981ms
[2020-08-10T13:02:43.488+0300][1103.034s][info ][gc] GC(34955) Pause Young (Allocation Failure) 132M->132M(145M) 33.414ms
[2020-08-10T13:02:43.507+0300][1103.053s][info ][gc] GC(34956) Pause Young (Allocation Failure) 133M->133M(145M) 18.608ms
[2020-08-10T13:02:43.526+0300][1103.072s][info ][gc] GC(34957) Pause Young (Allocation Failure) 134M->134M(145M) 18.683ms
[2020-08-10T13:02:43.545+0300][1103.091s][info ][gc] GC(34958) Pause Young (Allocation Failure) 135M->135M(145M) 18.464ms
[2020-08-10T13:02:43.545+0300][1103.092s][debug][gc] Expanding ParOldGen from 145920K by 19968K to 165888K
[2020-08-10T13:02:43.571+0300][1103.118s][info ][gc] GC(34959) Pause Young (Allocation Failure) 155M->155M(164M) 17.996ms
[2020-08-10T13:02:43.587+0300][1103.133s][info ][gc] GC(34960) Pause Young (Allocation Failure) 156M->156M(164M) 14.931ms
[2020-08-10T13:02:43.601+0300][1103.147s][info ][gc] GC(34961) Pause Young (Allocation Failure) 157M->157M(164M) 13.665ms
[2020-08-10T13:02:43.615+0300][1103.161s][info ][gc] GC(34962) Pause Young (Allocation Failure) 158M->158M(164M) 13.746ms
[2020-08-10T13:02:43.629+0300][1103.175s][info ][gc] GC(34963) Pause Young (Allocation Failure) 159M->159M(164M) 13.771ms
[2020-08-10T13:02:43.643+0300][1103.190s][info ][gc] GC(34964) Pause Young (Allocation Failure) 160M->160M(164M) 13.905ms
[2020-08-10T13:02:43.658+0300][1103.204s][info ][gc] GC(34965) Pause Young (Allocation Failure) 161M->161M(164M) 13.870ms
[2020-08-10T13:02:43.672+0300][1103.218s][info ][gc] GC(34966) Pause Young (Allocation Failure) 162M->162M(164M) 13.769ms
[2020-08-10T13:02:43.743+0300][1103.289s][debug][gc] GC(34967) Shrinking ParOldGen from 165888K by 124928K to 40960K
[2020-08-10T13:02:43.743+0300][1103.289s][info ][gc] GC(34967) Pause Full (Ergonomics) 162M->28M(42M) 70.901ms
[2020-08-10T13:02:43.757+0300][1103.303s][info ][gc] GC(34968) Pause Young (Allocation Failure) 29M->29M(42M) 12.867ms
[2020-08-10T13:02:43.770+0300][1103.316s][info ][gc] GC(34969) Pause Young (Allocation Failure) 30M->30M(42M) 13.267ms
[2020-08-10T13:02:43.784+0300][1103.330s][info ][gc] GC(34970) Pause Young (Allocation Failure) 31M->31M(42M) 13.299ms
[2020-08-10T13:02:43.798+0300][1103.344s][info ][gc] GC(34971) Pause Young (Allocation Failure) 32M->32M(42M) 13.178ms
[2020-08-10T13:02:43.811+0300][1103.357s][info ][gc] GC(34972) Pause Young (Allocation Failure) 33M->33M(42M) 13.354ms
[2020-08-10T13:02:43.825+0300][1103.371s][info ][gc] GC(34973) Pause Young (Allocation Failure) 34M->34M(42M) 13.479ms
[2020-08-10T13:02:43.840+0300][1103.386s][info ][gc] GC(34974) Pause Young (Allocation Failure) 35M->35M(42M) 13.856ms
[2020-08-10T13:02:43.853+0300][1103.400s][info ][gc] GC(34975) Pause Young (Allocation Failure) 36M->36M(42M) 13.378ms
[2020-08-10T13:02:43.867+0300][1103.414s][info ][gc] GC(34976) Pause Young (Allocation Failure) 37M->37M(42M) 13.431ms
[2020-08-10T13:02:43.881+0300][1103.428s][info ][gc] GC(34977) Pause Young (Allocation Failure) 38M->38M(42M) 13.451ms
[2020-08-10T13:02:43.895+0300][1103.441s][info ][gc] GC(34978) Pause Young (Allocation Failure) 39M->38M(42M) 13.421ms
[2020-08-10T13:02:43.917+0300][1103.463s][info ][gc] GC(34979) Pause Young (Allocation Failure) 39M->39M(42M) 20.985ms
[2020-08-10T13:02:43.993+0300][1103.539s][debug][gc] GC(34980) Expanding ParOldGen from 40960K by 11264K to 52224K
[2020-08-10T13:02:43.993+0300][1103.539s][info ][gc] GC(34980) Pause Full (Ergonomics) 39M->39M(53M) 76.258ms
[2020-08-10T13:02:44.006+0300][1103.553s][info ][gc] GC(34981) Pause Young (Allocation Failure) 40M->40M(53M) 12.946ms
[2020-08-10T13:02:44.020+0300][1103.567s][info ][gc] GC(34982) Pause Young (Allocation Failure) 41M->41M(53M) 13.421ms
[2020-08-10T13:02:44.034+0300][1103.581s][info ][gc] GC(34983) Pause Young (Allocation Failure) 42M->42M(53M) 13.453ms
[2020-08-10T13:02:44.049+0300][1103.595s][info ][gc] GC(34984) Pause Young (Allocation Failure) 43M->43M(53M) 13.451ms
[2020-08-10T13:02:44.063+0300][1103.609s][info ][gc] GC(34985) Pause Young (Allocation Failure) 44M->44M(53M) 13.497ms
[2020-08-10T13:02:44.077+0300][1103.623s][info ][gc] GC(34986) Pause Young (Allocation Failure) 45M->45M(53M) 13.699ms
[2020-08-10T13:02:44.091+0300][1103.637s][info ][gc] GC(34987) Pause Young (Allocation Failure) 46M->46M(53M) 13.445ms
[2020-08-10T13:02:44.105+0300][1103.651s][info ][gc] GC(34988) Pause Young (Allocation Failure) 47M->47M(53M) 13.409ms
[2020-08-10T13:02:44.119+0300][1103.665s][info ][gc] GC(34989) Pause Young (Allocation Failure) 48M->48M(53M) 13.481ms
[2020-08-10T13:02:44.133+0300][1103.679s][info ][gc] GC(34990) Pause Young (Allocation Failure) 49M->49M(53M) 13.429ms
[2020-08-10T13:02:44.147+0300][1103.693s][info ][gc] GC(34991) Pause Young (Allocation Failure) 50M->50M(53M) 13.382ms
[2020-08-10T13:02:44.161+0300][1103.707s][info ][gc] GC(34992) Pause Young (Allocation Failure) 51M->51M(53M) 13.534ms
[2020-08-10T13:02:44.270+0300][1103.816s][debug][gc] GC(34993) Expanding ParOldGen from 52224K by 11264K to 63488K
[2020-08-10T13:02:44.270+0300][1103.816s][info ][gc] GC(34993) Pause Full (Ergonomics) 51M->51M(64M) 109.021ms
[2020-08-10T13:02:44.291+0300][1103.837s][info ][gc] GC(34994) Pause Young (Allocation Failure) 52M->52M(64M) 20.462ms
[2020-08-10T13:02:44.305+0300][1103.851s][info ][gc] GC(34995) Pause Young (Allocation Failure) 53M->52M(64M) 13.601ms
[2020-08-10T13:02:44.319+0300][1103.865s][info ][gc] GC(34996) Pause Young (Allocation Failure) 53M->53M(64M) 13.613ms
[2020-08-10T13:02:44.333+0300][1103.879s][info ][gc] GC(34997) Pause Young (Allocation Failure) 54M->54M(64M) 13.606ms
[2020-08-10T13:02:44.347+0300][1103.893s][info ][gc] GC(34998) Pause Young (Allocation Failure) 55M->55M(64M) 13.635ms
[2020-08-10T13:02:44.361+0300][1103.908s][info ][gc] GC(34999) Pause Young (Allocation Failure) 56M->56M(64M) 13.631ms
[2020-08-10T13:02:44.375+0300][1103.922s][info ][gc] GC(35000) Pause Young (Allocation Failure) 57M->57M(64M) 13.604ms
[2020-08-10T13:02:44.389+0300][1103.936s][info ][gc] GC(35001) Pause Young (Allocation Failure) 58M->58M(64M) 13.503ms
[2020-08-10T13:02:44.404+0300][1103.950s][info ][gc] GC(35002) Pause Young (Allocation Failure) 59M->59M(64M) 13.625ms
[2020-08-10T13:02:44.418+0300][1103.964s][info ][gc] GC(35003) Pause Young (Allocation Failure) 60M->60M(64M) 13.796ms
[2020-08-10T13:02:44.432+0300][1103.978s][info ][gc] GC(35004) Pause Young (Allocation Failure) 61M->61M(64M) 13.789ms
[2020-08-10T13:02:44.446+0300][1103.993s][info ][gc] GC(35005) Pause Young (Allocation Failure) 62M->62M(64M) 13.665ms
[2020-08-10T13:02:44.599+0300][1104.146s][debug][gc] GC(35006) Expanding ParOldGen from 63488K by 11776K to 75264K
[2020-08-10T13:02:44.599+0300][1104.146s][info ][gc] GC(35006) Pause Full (Ergonomics) 62M->62M(75M) 152.845ms
[2020-08-10T13:02:44.625+0300][1104.171s][info ][gc] GC(35007) Pause Young (Allocation Failure) 63M->63M(75M) 24.878ms
[2020-08-10T13:02:44.639+0300][1104.185s][info ][gc] GC(35008) Pause Young (Allocation Failure) 64M->64M(75M) 13.548ms
[2020-08-10T13:02:44.653+0300][1104.199s][info ][gc] GC(35009) Pause Young (Allocation Failure) 65M->65M(75M) 14.022ms
[2020-08-10T13:02:44.668+0300][1104.214s][info ][gc] GC(35010) Pause Young (Allocation Failure) 66M->66M(75M) 13.774ms
[2020-08-10T13:02:44.682+0300][1104.228s][info ][gc] GC(35011) Pause Young (Allocation Failure) 67M->67M(75M) 13.550ms
[2020-08-10T13:02:44.696+0300][1104.242s][info ][gc] GC(35012) Pause Young (Allocation Failure) 68M->68M(75M) 13.776ms
[2020-08-10T13:02:44.710+0300][1104.256s][info ][gc] GC(35013) Pause Young (Allocation Failure) 69M->69M(75M) 13.734ms
[2020-08-10T13:02:44.724+0300][1104.271s][info ][gc] GC(35014) Pause Young (Allocation Failure) 70M->69M(75M) 13.745ms
[2020-08-10T13:02:44.739+0300][1104.285s][info ][gc] GC(35015) Pause Young (Allocation Failure) 70M->70M(75M) 13.737ms
[2020-08-10T13:02:44.753+0300][1104.299s][info ][gc] GC(35016) Pause Young (Allocation Failure) 71M->71M(75M) 13.763ms
[2020-08-10T13:02:44.767+0300][1104.313s][info ][gc] GC(35017) Pause Young (Allocation Failure) 72M->72M(75M) 13.777ms
[2020-08-10T13:02:44.781+0300][1104.328s][info ][gc] GC(35018) Pause Young (Allocation Failure) 73M->73M(75M) 13.758ms
[2020-08-10T13:02:44.954+0300][1104.500s][debug][gc] GC(35019) Expanding ParOldGen from 75264K by 11264K to 86528K
[2020-08-10T13:02:44.954+0300][1104.500s][info ][gc] GC(35019) Pause Full (Ergonomics) 73M->73M(86M) 172.188ms
[2020-08-10T13:02:44.983+0300][1104.530s][info ][gc] GC(35020) Pause Young (Allocation Failure) 74M->74M(86M) 29.213ms
[2020-08-10T13:02:44.998+0300][1104.544s][info ][gc] GC(35021) Pause Young (Allocation Failure) 75M->75M(86M) 13.846ms
[2020-08-10T13:02:45.013+0300][1104.559s][info ][gc] GC(35022) Pause Young (Allocation Failure) 76M->76M(86M) 13.875ms
[2020-08-10T13:02:45.027+0300][1104.573s][info ][gc] GC(35023) Pause Young (Allocation Failure) 77M->77M(86M) 13.767ms
[2020-08-10T13:02:45.041+0300][1104.588s][info ][gc] GC(35024) Pause Young (Allocation Failure) 78M->78M(86M) 13.849ms
[2020-08-10T13:02:45.056+0300][1104.602s][info ][gc] GC(35025) Pause Young (Allocation Failure) 79M->79M(86M) 13.900ms
[2020-08-10T13:02:45.070+0300][1104.617s][info ][gc] GC(35026) Pause Young (Allocation Failure) 80M->80M(86M) 13.905ms
[2020-08-10T13:02:45.085+0300][1104.631s][info ][gc] GC(35027) Pause Young (Allocation Failure) 81M->81M(86M) 13.761ms
[2020-08-10T13:02:45.099+0300][1104.645s][info ][gc] GC(35028) Pause Young (Allocation Failure) 82M->82M(86M) 14.025ms
[2020-08-10T13:02:45.114+0300][1104.660s][info ][gc] GC(35029) Pause Young (Allocation Failure) 83M->83M(86M) 14.330ms
[2020-08-10T13:02:45.129+0300][1104.675s][info ][gc] GC(35030) Pause Young (Allocation Failure) 84M->84M(86M) 13.960ms
[2020-08-10T13:02:45.143+0300][1104.689s][info ][gc] GC(35031) Pause Young (Allocation Failure) 85M->85M(86M) 14.005ms
[2020-08-10T13:02:45.337+0300][1104.883s][debug][gc] GC(35032) Expanding ParOldGen from 86528K by 11776K to 98304K
[2020-08-10T13:02:45.337+0300][1104.883s][info ][gc] GC(35032) Pause Full (Ergonomics) 85M->84M(98M) 193.673ms
[2020-08-10T13:02:45.369+0300][1104.915s][info ][gc] GC(35033) Pause Young (Allocation Failure) 85M->85M(98M) 31.181ms
[2020-08-10T13:02:45.384+0300][1104.930s][info ][gc] GC(35034) Pause Young (Allocation Failure) 86M->86M(98M) 14.224ms
[2020-08-10T13:02:45.398+0300][1104.945s][info ][gc] GC(35035) Pause Young (Allocation Failure) 87M->87M(98M) 14.347ms
[2020-08-10T13:02:45.413+0300][1104.960s][info ][gc] GC(35036) Pause Young (Allocation Failure) 88M->88M(98M) 14.477ms
[2020-08-10T13:02:45.429+0300][1104.975s][info ][gc] GC(35037) Pause Young (Allocation Failure) 89M->89M(98M) 14.645ms
[2020-08-10T13:02:45.444+0300][1104.990s][info ][gc] GC(35038) Pause Young (Allocation Failure) 90M->90M(98M) 14.527ms
[2020-08-10T13:02:45.459+0300][1105.006s][info ][gc] GC(35039) Pause Young (Allocation Failure) 91M->91M(98M) 14.921ms
[2020-08-10T13:02:45.475+0300][1105.021s][info ][gc] GC(35040) Pause Young (Allocation Failure) 92M->92M(98M) 14.849ms
[2020-08-10T13:02:45.490+0300][1105.036s][info ][gc] GC(35041) Pause Young (Allocation Failure) 93M->93M(98M) 14.758ms
[2020-08-10T13:02:45.506+0300][1105.052s][info ][gc] GC(35042) Pause Young (Allocation Failure) 94M->94M(98M) 14.956ms
[2020-08-10T13:02:45.521+0300][1105.067s][info ][gc] GC(35043) Pause Young (Allocation Failure) 95M->95M(98M) 15.044ms
[2020-08-10T13:02:45.537+0300][1105.083s][info ][gc] GC(35044) Pause Young (Allocation Failure) 96M->96M(98M) 15.057ms
[2020-08-10T13:02:45.821+0300][1105.367s][debug][gc] GC(35045) Expanding ParOldGen from 98304K by 11264K to 109568K
[2020-08-10T13:02:45.821+0300][1105.367s][info ][gc] GC(35045) Pause Full (Ergonomics) 96M->96M(109M) 284.099ms
[2020-08-10T13:02:45.856+0300][1105.402s][info ][gc] GC(35046) Pause Young (Allocation Failure) 97M->97M(109M) 34.045ms
[2020-08-10T13:02:45.872+0300][1105.418s][info ][gc] GC(35047) Pause Young (Allocation Failure) 98M->98M(109M) 15.188ms
[2020-08-10T13:02:45.888+0300][1105.434s][info ][gc] GC(35048) Pause Young (Allocation Failure) 99M->99M(109M) 15.402ms
[2020-08-10T13:02:45.904+0300][1105.450s][info ][gc] GC(35049) Pause Young (Allocation Failure) 100M->100M(109M) 15.625ms
[2020-08-10T13:02:45.920+0300][1105.466s][info ][gc] GC(35050) Pause Young (Allocation Failure) 101M->100M(109M) 15.742ms
[2020-08-10T13:02:45.936+0300][1105.483s][info ][gc] GC(35051) Pause Young (Allocation Failure) 101M->101M(109M) 15.752ms
[2020-08-10T13:02:45.953+0300][1105.499s][info ][gc] GC(35052) Pause Young (Allocation Failure) 102M->102M(109M) 15.708ms
[2020-08-10T13:02:45.969+0300][1105.516s][info ][gc] GC(35053) Pause Young (Allocation Failure) 103M->103M(109M) 15.654ms
[2020-08-10T13:02:45.986+0300][1105.532s][info ][gc] GC(35054) Pause Young (Allocation Failure) 104M->104M(109M) 15.806ms
[2020-08-10T13:02:46.002+0300][1105.548s][info ][gc] GC(35055) Pause Young (Allocation Failure) 105M->105M(109M) 15.988ms
[2020-08-10T13:02:46.019+0300][1105.565s][info ][gc] GC(35056) Pause Young (Allocation Failure) 106M->106M(109M) 16.016ms
[2020-08-10T13:02:46.035+0300][1105.581s][info ][gc] GC(35057) Pause Young (Allocation Failure) 107M->107M(109M) 15.956ms
[2020-08-10T13:02:46.291+0300][1105.838s][debug][gc] GC(35058) Expanding ParOldGen from 109568K by 11264K to 120832K
[2020-08-10T13:02:46.292+0300][1105.838s][info ][gc] GC(35058) Pause Full (Ergonomics) 107M->107M(120M) 256.233ms
[2020-08-10T13:02:46.330+0300][1105.876s][info ][gc] GC(35059) Pause Young (Allocation Failure) 108M->108M(120M) 37.678ms
[2020-08-10T13:02:46.347+0300][1105.893s][info ][gc] GC(35060) Pause Young (Allocation Failure) 109M->109M(120M) 16.307ms
[2020-08-10T13:02:46.364+0300][1105.910s][info ][gc] GC(35061) Pause Young (Allocation Failure) 110M->110M(120M) 16.485ms
[2020-08-10T13:02:46.381+0300][1105.927s][info ][gc] GC(35062) Pause Young (Allocation Failure) 111M->111M(120M) 16.614ms
[2020-08-10T13:02:46.398+0300][1105.944s][info ][gc] GC(35063) Pause Young (Allocation Failure) 112M->112M(120M) 16.716ms
[2020-08-10T13:02:46.415+0300][1105.961s][info ][gc] GC(35064) Pause Young (Allocation Failure) 113M->113M(120M) 16.528ms
[2020-08-10T13:02:46.432+0300][1105.978s][info ][gc] GC(35065) Pause Young (Allocation Failure) 114M->114M(120M) 16.586ms
[2020-08-10T13:02:46.449+0300][1105.996s][info ][gc] GC(35066) Pause Young (Allocation Failure) 115M->115M(120M) 16.812ms
[2020-08-10T13:02:46.467+0300][1106.013s][info ][gc] GC(35067) Pause Young (Allocation Failure) 116M->116M(120M) 16.853ms
[2020-08-10T13:02:46.484+0300][1106.031s][info ][gc] GC(35068) Pause Young (Allocation Failure) 117M->117M(120M) 17.141ms
[2020-08-10T13:02:46.505+0300][1106.051s][info ][gc] GC(35069) Pause Young (Allocation Failure) 118M->118M(119M) 20.173ms
[2020-08-10T13:02:46.848+0300][1106.395s][debug][gc] GC(35070) Expanding ParOldGen from 120832K by 11264K to 132096K
[2020-08-10T13:02:46.848+0300][1106.395s][info ][gc] GC(35070) Pause Full (Ergonomics) 118M->117M(131M) 343.376ms
[2020-08-10T13:02:46.862+0300][1106.408s][info ][gc] GC(35071) Pause Young (Allocation Failure) 118M->118M(131M) 13.052ms
[2020-08-10T13:02:46.876+0300][1106.423s][info ][gc] GC(35072) Pause Young (Allocation Failure) 118M->118M(131M) 14.079ms
[2020-08-10T13:02:46.891+0300][1106.437s][info ][gc] GC(35073) Pause Young (Allocation Failure) 119M->119M(131M) 14.390ms
[2020-08-10T13:02:46.906+0300][1106.452s][info ][gc] GC(35074) Pause Young (Allocation Failure) 119M->119M(131M) 14.331ms
[2020-08-10T13:02:46.920+0300][1106.467s][info ][gc] GC(35075) Pause Young (Allocation Failure) 120M->120M(131M) 14.292ms
[2020-08-10T13:02:46.958+0300][1106.505s][info ][gc] GC(35076) Pause Young (Allocation Failure) 120M->120M(131M) 37.518ms
[2020-08-10T13:02:46.975+0300][1106.522s][info ][gc] GC(35077) Pause Young (Allocation Failure) 121M->121M(131M) 16.519ms
[2020-08-10T13:02:46.990+0300][1106.537s][info ][gc] GC(35078) Pause Young (Allocation Failure) 121M->121M(131M) 14.538ms
[2020-08-10T13:02:47.005+0300][1106.552s][info ][gc] GC(35079) Pause Young (Allocation Failure) 122M->122M(131M) 14.551ms
[2020-08-10T13:02:47.020+0300][1106.566s][info ][gc] GC(35080) Pause Young (Allocation Failure) 122M->122M(131M) 14.332ms
[2020-08-10T13:02:47.035+0300][1106.581s][info ][gc] GC(35081) Pause Young (Allocation Failure) 122M->122M(131M) 14.569ms
[2020-08-10T13:02:47.050+0300][1106.596s][info ][gc] GC(35082) Pause Young (Allocation Failure) 123M->123M(131M) 14.652ms
[2020-08-10T13:02:47.065+0300][1106.611s][info ][gc] GC(35083) Pause Young (Allocation Failure) 123M->123M(131M) 14.607ms
[2020-08-10T13:02:47.080+0300][1106.626s][info ][gc] GC(35084) Pause Young (Allocation Failure) 124M->124M(131M) 14.565ms
[2020-08-10T13:02:47.095+0300][1106.641s][info ][gc] GC(35085) Pause Young (Allocation Failure) 124M->124M(131M) 14.658ms
[2020-08-10T13:02:47.135+0300][1106.681s][info ][gc] GC(35086) Pause Young (Allocation Failure) 125M->125M(131M) 39.151ms
[2020-08-10T13:02:47.150+0300][1106.696s][info ][gc] GC(35087) Pause Young (Allocation Failure) 125M->125M(130M) 14.737ms
[2020-08-10T13:02:47.165+0300][1106.712s][info ][gc] GC(35088) Pause Young (Allocation Failure) 126M->126M(130M) 15.249ms
[2020-08-10T13:02:47.181+0300][1106.727s][info ][gc] GC(35089) Pause Young (Allocation Failure) 126M->126M(130M) 15.064ms
[2020-08-10T13:02:47.196+0300][1106.742s][info ][gc] GC(35090) Pause Young (Allocation Failure) 127M->126M(130M) 14.713ms
[2020-08-10T13:02:47.226+0300][1106.773s][info ][gc] GC(35091) Pause Young (Allocation Failure) 127M->127M(130M) 30.517ms
[2020-08-10T13:02:47.242+0300][1106.788s][info ][gc] GC(35092) Pause Young (Allocation Failure) 127M->127M(130M) 14.903ms
[2020-08-10T13:02:47.257+0300][1106.803s][info ][gc] GC(35093) Pause Young (Allocation Failure) 128M->128M(130M) 14.802ms
[2020-08-10T13:02:47.273+0300][1106.819s][info ][gc] GC(35094) Pause Young (Allocation Failure) 128M->128M(130M) 15.156ms
[2020-08-10T13:02:47.605+0300][1107.152s][debug][gc] GC(35095) Expanding ParOldGen from 132096K by 10752K to 142848K
[2020-08-10T13:02:47.606+0300][1107.152s][info ][gc] GC(35095) Pause Full (Ergonomics) 128M->128M(141M) 332.841ms
[2020-08-10T13:02:47.619+0300][1107.166s][info ][gc] GC(35096) Pause Young (Allocation Failure) 129M->129M(141M) 13.590ms
[2020-08-10T13:02:47.635+0300][1107.181s][info ][gc] GC(35097) Pause Young (Allocation Failure) 129M->129M(141M) 14.883ms
[2020-08-10T13:02:47.650+0300][1107.196s][info ][gc] GC(35098) Pause Young (Allocation Failure) 129M->129M(141M) 14.994ms
[2020-08-10T13:02:47.665+0300][1107.211s][info ][gc] GC(35099) Pause Young (Allocation Failure) 130M->130M(141M) 14.900ms
[2020-08-10T13:02:47.680+0300][1107.227s][info ][gc] GC(35100) Pause Young (Allocation Failure) 130M->130M(141M) 14.897ms
[2020-08-10T13:02:47.696+0300][1107.242s][info ][gc] GC(35101) Pause Young (Allocation Failure) 131M->131M(141M) 14.977ms
[2020-08-10T13:02:47.711+0300][1107.257s][info ][gc] GC(35102) Pause Young (Allocation Failure) 131M->131M(141M) 15.106ms
[2020-08-10T13:02:47.727+0300][1107.273s][info ][gc] GC(35103) Pause Young (Allocation Failure) 132M->132M(141M) 15.133ms
[2020-08-10T13:02:47.742+0300][1107.289s][info ][gc] GC(35104) Pause Young (Allocation Failure) 132M->132M(141M) 15.314ms
[2020-08-10T13:02:47.758+0300][1107.304s][info ][gc] GC(35105) Pause Young (Allocation Failure) 133M->133M(141M) 15.226ms
[2020-08-10T13:02:47.774+0300][1107.320s][info ][gc] GC(35106) Pause Young (Allocation Failure) 133M->133M(141M) 15.245ms
[2020-08-10T13:02:47.789+0300][1107.336s][info ][gc] GC(35107) Pause Young (Allocation Failure) 134M->134M(141M) 15.316ms
[2020-08-10T13:02:47.830+0300][1107.376s][info ][gc] GC(35108) Pause Young (Allocation Failure) 134M->134M(141M) 40.452ms
[2020-08-10T13:02:47.846+0300][1107.392s][info ][gc] GC(35109) Pause Young (Allocation Failure) 135M->135M(141M) 15.265ms
[2020-08-10T13:02:47.868+0300][1107.414s][info ][gc] GC(35110) Pause Young (Allocation Failure) 135M->135M(141M) 21.399ms
[2020-08-10T13:02:47.868+0300][1107.414s][debug][gc] Expanding ParOldGen from 142848K by 19968K to 162816K
[2020-08-10T13:02:47.891+0300][1107.437s][info ][gc] GC(35111) Pause Young (Allocation Failure) 155M->154M(160M) 15.030ms
[2020-08-10T13:02:47.917+0300][1107.464s][info ][gc] GC(35112) Pause Young (Allocation Failure) 155M->155M(160M) 26.232ms
[2020-08-10T13:02:47.965+0300][1107.511s][info ][gc] GC(35113) Pause Young (Allocation Failure) 155M->155M(160M) 47.276ms
[2020-08-10T13:02:48.006+0300][1107.552s][info ][gc] GC(35114) Pause Young (Allocation Failure) 156M->156M(160M) 40.565ms
[2020-08-10T13:02:48.036+0300][1107.582s][info ][gc] GC(35115) Pause Young (Allocation Failure) 156M->156M(160M) 29.485ms
[2020-08-10T13:02:48.061+0300][1107.608s][info ][gc] GC(35116) Pause Young (Allocation Failure) 157M->157M(160M) 25.167ms
[2020-08-10T13:02:48.087+0300][1107.633s][info ][gc] GC(35117) Pause Young (Allocation Failure) 157M->157M(160M) 25.128ms
[2020-08-10T13:02:48.136+0300][1107.682s][info ][gc] GC(35118) Pause Young (Allocation Failure) 158M->158M(160M) 48.261ms
[2020-08-10T13:02:48.164+0300][1107.711s][info ][gc] GC(35119) Pause Young (Allocation Failure) 158M->158M(160M) 28.257ms
[2020-08-10T13:02:48.191+0300][1107.738s][info ][gc] GC(35120) Pause Young (Allocation Failure) 158M->158M(160M) 26.705ms
[2020-08-10T13:02:48.217+0300][1107.764s][info ][gc] GC(35121) Pause Young (Allocation Failure) 159M->159M(160M) 25.369ms
[2020-08-10T13:02:48.278+0300][1107.824s][debug][gc] GC(35122) Shrinking ParOldGen from 162816K by 125440K to 37376K
[2020-08-10T13:02:48.278+0300][1107.824s][info ][gc] GC(35122) Pause Full (Ergonomics) 159M->25M(38M) 60.433ms
[2020-08-10T13:02:48.306+0300][1107.853s][info ][gc] GC(35123) Pause Young (Allocation Failure) 26M->26M(38M) 27.792ms
[2020-08-10T13:02:48.324+0300][1107.870s][info ][gc] GC(35124) Pause Young (Allocation Failure) 26M->26M(38M) 17.280ms
[2020-08-10T13:02:48.339+0300][1107.885s][info ][gc] GC(35125) Pause Young (Allocation Failure) 27M->26M(38M) 14.828ms
[2020-08-10T13:02:48.353+0300][1107.899s][info ][gc] GC(35126) Pause Young (Allocation Failure) 27M->27M(38M) 13.448ms
[2020-08-10T13:02:48.367+0300][1107.913s][info ][gc] GC(35127) Pause Young (Allocation Failure) 27M->27M(38M) 13.444ms
[2020-08-10T13:02:48.381+0300][1107.927s][info ][gc] GC(35128) Pause Young (Allocation Failure) 28M->28M(38M) 13.449ms
[2020-08-10T13:02:48.395+0300][1107.941s][info ][gc] GC(35129) Pause Young (Allocation Failure) 28M->28M(38M) 13.502ms
[2020-08-10T13:02:48.409+0300][1107.955s][info ][gc] GC(35130) Pause Young (Allocation Failure) 29M->29M(38M) 13.438ms
[2020-08-10T13:02:48.423+0300][1107.969s][info ][gc] GC(35131) Pause Young (Allocation Failure) 29M->29M(38M) 13.493ms
[2020-08-10T13:02:48.437+0300][1107.983s][info ][gc] GC(35132) Pause Young (Allocation Failure) 30M->30M(38M) 13.464ms
[2020-08-10T13:02:48.451+0300][1107.997s][info ][gc] GC(35133) Pause Young (Allocation Failure) 30M->30M(38M) 13.494ms
[2020-08-10T13:02:48.465+0300][1108.011s][info ][gc] GC(35134) Pause Young (Allocation Failure) 31M->31M(38M) 13.408ms
[2020-08-10T13:02:48.479+0300][1108.025s][info ][gc] GC(35135) Pause Young (Allocation Failure) 31M->31M(38M) 13.435ms
[2020-08-10T13:02:48.493+0300][1108.039s][info ][gc] GC(35136) Pause Young (Allocation Failure) 32M->32M(38M) 13.455ms
[2020-08-10T13:02:48.507+0300][1108.053s][info ][gc] GC(35137) Pause Young (Allocation Failure) 32M->32M(38M) 13.452ms
[2020-08-10T13:02:48.520+0300][1108.067s][info ][gc] GC(35138) Pause Young (Allocation Failure) 33M->32M(38M) 13.431ms
[2020-08-10T13:02:48.534+0300][1108.081s][info ][gc] GC(35139) Pause Young (Allocation Failure) 33M->33M(38M) 13.489ms
[2020-08-10T13:02:48.548+0300][1108.095s][info ][gc] GC(35140) Pause Young (Allocation Failure) 33M->33M(38M) 13.443ms
[2020-08-10T13:02:48.562+0300][1108.109s][info ][gc] GC(35141) Pause Young (Allocation Failure) 34M->34M(38M) 13.445ms
[2020-08-10T13:02:48.587+0300][1108.133s][info ][gc] GC(35142) Pause Young (Allocation Failure) 34M->34M(38M) 24.156ms
[2020-08-10T13:02:48.601+0300][1108.147s][info ][gc] GC(35143) Pause Young (Allocation Failure) 35M->35M(38M) 13.356ms
[2020-08-10T13:02:48.614+0300][1108.161s][info ][gc] GC(35144) Pause Young (Allocation Failure) 35M->35M(38M) 13.473ms
[2020-08-10T13:02:48.628+0300][1108.175s][info ][gc] GC(35145) Pause Young (Allocation Failure) 36M->36M(38M) 13.412ms
[2020-08-10T13:02:48.635+0300][1108.181s][debug][gc] GC(35146) Expanding ParOldGen from 37376K by 512K to 37888K
[2020-08-10T13:02:48.642+0300][1108.189s][info ][gc] GC(35146) Pause Young (Allocation Failure) 37M->37M(38M) 13.480ms
[2020-08-10T13:02:48.715+0300][1108.261s][debug][gc] GC(35147) Expanding ParOldGen from 37888K by 11264K to 49152K
[2020-08-10T13:02:48.715+0300][1108.261s][info ][gc] GC(35147) Pause Full (Ergonomics) 37M->36M(50M) 72.561ms
[2020-08-10T13:02:48.729+0300][1108.275s][info ][gc] GC(35148) Pause Young (Allocation Failure) 37M->37M(50M) 13.501ms
[2020-08-10T13:02:48.744+0300][1108.290s][info ][gc] GC(35149) Pause Young (Allocation Failure) 38M->38M(49M) 13.954ms
[2020-08-10T13:02:48.758+0300][1108.304s][info ][gc] GC(35150) Pause Young (Allocation Failure) 39M->39M(50M) 13.639ms
[2020-08-10T13:02:48.772+0300][1108.318s][info ][gc] GC(35151) Pause Young (Allocation Failure) 39M->39M(50M) 13.436ms
[2020-08-10T13:02:48.786+0300][1108.332s][info ][gc] GC(35152) Pause Young (Allocation Failure) 40M->40M(49M) 13.586ms
[2020-08-10T13:02:48.800+0300][1108.346s][info ][gc] GC(35153) Pause Young (Allocation Failure) 40M->40M(49M) 13.233ms
[2020-08-10T13:02:48.813+0300][1108.360s][info ][gc] GC(35154) Pause Young (Allocation Failure) 41M->41M(49M) 13.413ms
[2020-08-10T13:02:48.827+0300][1108.374s][info ][gc] GC(35155) Pause Young (Allocation Failure) 41M->41M(49M) 13.316ms
[2020-08-10T13:02:48.841+0300][1108.388s][info ][gc] GC(35156) Pause Young (Allocation Failure) 42M->41M(49M) 13.469ms
[2020-08-10T13:02:48.855+0300][1108.402s][info ][gc] GC(35157) Pause Young (Allocation Failure) 42M->42M(49M) 13.913ms
[2020-08-10T13:02:48.869+0300][1108.416s][info ][gc] GC(35158) Pause Young (Allocation Failure) 42M->42M(49M) 13.396ms
[2020-08-10T13:02:48.883+0300][1108.430s][info ][gc] GC(35159) Pause Young (Allocation Failure) 43M->43M(49M) 13.418ms
[2020-08-10T13:02:48.897+0300][1108.444s][info ][gc] GC(35160) Pause Young (Allocation Failure) 43M->43M(49M) 13.424ms
[2020-08-10T13:02:48.911+0300][1108.458s][info ][gc] GC(35161) Pause Young (Allocation Failure) 44M->44M(49M) 13.504ms
[2020-08-10T13:02:48.925+0300][1108.472s][info ][gc] GC(35162) Pause Young (Allocation Failure) 44M->44M(49M) 13.477ms
[2020-08-10T13:02:48.939+0300][1108.486s][info ][gc] GC(35163) Pause Young (Allocation Failure) 45M->45M(49M) 13.478ms
[2020-08-10T13:02:48.953+0300][1108.500s][info ][gc] GC(35164) Pause Young (Allocation Failure) 45M->45M(49M) 13.495ms
[2020-08-10T13:02:48.967+0300][1108.513s][info ][gc] GC(35165) Pause Young (Allocation Failure) 46M->46M(49M) 13.283ms
[2020-08-10T13:02:48.981+0300][1108.527s][info ][gc] GC(35166) Pause Young (Allocation Failure) 46M->46M(49M) 13.462ms
[2020-08-10T13:02:48.995+0300][1108.541s][info ][gc] GC(35167) Pause Young (Allocation Failure) 46M->46M(49M) 13.503ms
[2020-08-10T13:02:49.009+0300][1108.555s][info ][gc] GC(35168) Pause Young (Allocation Failure) 47M->47M(49M) 13.497ms
[2020-08-10T13:02:49.023+0300][1108.569s][info ][gc] GC(35169) Pause Young (Allocation Failure) 47M->47M(49M) 13.513ms
[2020-08-10T13:02:49.037+0300][1108.583s][info ][gc] GC(35170) Pause Young (Allocation Failure) 48M->48M(49M) 13.444ms
[2020-08-10T13:02:49.136+0300][1108.682s][debug][gc] GC(35171) Expanding ParOldGen from 49152K by 10752K to 59904K
[2020-08-10T13:02:49.136+0300][1108.682s][info ][gc] GC(35171) Pause Full (Ergonomics) 48M->48M(60M) 99.042ms
[2020-08-10T13:02:49.157+0300][1108.703s][info ][gc] GC(35172) Pause Young (Allocation Failure) 48M->48M(60M) 20.377ms
[2020-08-10T13:02:49.171+0300][1108.717s][info ][gc] GC(35173) Pause Young (Allocation Failure) 49M->49M(60M) 13.646ms
[2020-08-10T13:02:49.185+0300][1108.731s][info ][gc] GC(35174) Pause Young (Allocation Failure) 49M->49M(60M) 13.567ms
[2020-08-10T13:02:49.199+0300][1108.746s][info ][gc] GC(35175) Pause Young (Allocation Failure) 50M->49M(60M) 13.593ms
[2020-08-10T13:02:49.213+0300][1108.760s][info ][gc] GC(35176) Pause Young (Allocation Failure) 50M->50M(60M) 13.633ms
[2020-08-10T13:02:49.227+0300][1108.774s][info ][gc] GC(35177) Pause Young (Allocation Failure) 50M->50M(60M) 13.604ms
[2020-08-10T13:02:49.242+0300][1108.788s][info ][gc] GC(35178) Pause Young (Allocation Failure) 51M->51M(60M) 13.697ms
[2020-08-10T13:02:49.256+0300][1108.802s][info ][gc] GC(35179) Pause Young (Allocation Failure) 51M->51M(60M) 13.790ms
[2020-08-10T13:02:49.270+0300][1108.816s][info ][gc] GC(35180) Pause Young (Allocation Failure) 52M->52M(60M) 13.591ms
[2020-08-10T13:02:49.284+0300][1108.830s][info ][gc] GC(35181) Pause Young (Allocation Failure) 52M->52M(60M) 13.658ms
[2020-08-10T13:02:49.298+0300][1108.845s][info ][gc] GC(35182) Pause Young (Allocation Failure) 53M->53M(60M) 13.717ms
[2020-08-10T13:02:49.313+0300][1108.859s][info ][gc] GC(35183) Pause Young (Allocation Failure) 53M->53M(60M) 13.734ms
[2020-08-10T13:02:49.327+0300][1108.873s][info ][gc] GC(35184) Pause Young (Allocation Failure) 54M->54M(60M) 13.709ms
[2020-08-10T13:02:49.341+0300][1108.887s][info ][gc] GC(35185) Pause Young (Allocation Failure) 54M->54M(60M) 13.522ms
[2020-08-10T13:02:49.355+0300][1108.901s][info ][gc] GC(35186) Pause Young (Allocation Failure) 55M->54M(60M) 13.646ms
[2020-08-10T13:02:49.369+0300][1108.916s][info ][gc] GC(35187) Pause Young (Allocation Failure) 55M->55M(60M) 13.658ms
[2020-08-10T13:02:49.383+0300][1108.930s][info ][gc] GC(35188) Pause Young (Allocation Failure) 55M->55M(60M) 13.652ms
[2020-08-10T13:02:49.398+0300][1108.944s][info ][gc] GC(35189) Pause Young (Allocation Failure) 56M->56M(60M) 13.681ms
[2020-08-10T13:02:49.412+0300][1108.958s][info ][gc] GC(35190) Pause Young (Allocation Failure) 56M->56M(60M) 13.648ms
[2020-08-10T13:02:49.426+0300][1108.972s][info ][gc] GC(35191) Pause Young (Allocation Failure) 57M->57M(60M) 13.668ms
[2020-08-10T13:02:49.440+0300][1108.986s][info ][gc] GC(35192) Pause Young (Allocation Failure) 57M->57M(60M) 13.587ms
[2020-08-10T13:02:49.454+0300][1109.001s][info ][gc] GC(35193) Pause Young (Allocation Failure) 58M->58M(60M) 13.798ms
[2020-08-10T13:02:49.468+0300][1109.015s][info ][gc] GC(35194) Pause Young (Allocation Failure) 58M->58M(60M) 13.652ms
[2020-08-10T13:02:49.596+0300][1109.142s][debug][gc] GC(35195) Expanding ParOldGen from 59904K by 10752K to 70656K
[2020-08-10T13:02:49.596+0300][1109.142s][info ][gc] GC(35195) Pause Full (Ergonomics) 58M->58M(70M) 127.163ms
[2020-08-10T13:02:49.610+0300][1109.157s][info ][gc] GC(35196) Pause Young (Allocation Failure) 59M->59M(70M) 13.588ms
[2020-08-10T13:02:49.624+0300][1109.171s][info ][gc] GC(35197) Pause Young (Allocation Failure) 59M->59M(70M) 13.589ms
[2020-08-10T13:02:49.638+0300][1109.185s][info ][gc] GC(35198) Pause Young (Allocation Failure) 60M->60M(70M) 13.494ms
[2020-08-10T13:02:49.652+0300][1109.199s][info ][gc] GC(35199) Pause Young (Allocation Failure) 60M->60M(70M) 13.532ms
[2020-08-10T13:02:49.666+0300][1109.213s][info ][gc] GC(35200) Pause Young (Allocation Failure) 61M->61M(70M) 13.515ms
[2020-08-10T13:02:49.680+0300][1109.227s][info ][gc] GC(35201) Pause Young (Allocation Failure) 61M->61M(70M) 13.585ms
[2020-08-10T13:02:49.694+0300][1109.241s][info ][gc] GC(35202) Pause Young (Allocation Failure) 62M->62M(70M) 13.484ms
[2020-08-10T13:02:49.708+0300][1109.255s][info ][gc] GC(35203) Pause Young (Allocation Failure) 62M->62M(70M) 13.497ms
[2020-08-10T13:02:49.722+0300][1109.269s][info ][gc] GC(35204) Pause Young (Allocation Failure) 63M->63M(70M) 13.459ms
[2020-08-10T13:02:49.737+0300][1109.283s][info ][gc] GC(35205) Pause Young (Allocation Failure) 63M->63M(70M) 13.559ms
[2020-08-10T13:02:49.750+0300][1109.297s][info ][gc] GC(35206) Pause Young (Allocation Failure) 64M->63M(70M) 13.373ms
[2020-08-10T13:02:49.764+0300][1109.311s][info ][gc] GC(35207) Pause Young (Allocation Failure) 64M->64M(70M) 13.568ms
[2020-08-10T13:02:49.778+0300][1109.325s][info ][gc] GC(35208) Pause Young (Allocation Failure) 64M->64M(70M) 13.512ms
[2020-08-10T13:02:49.793+0300][1109.339s][info ][gc] GC(35209) Pause Young (Allocation Failure) 65M->65M(70M) 13.582ms
[2020-08-10T13:02:49.807+0300][1109.353s][info ][gc] GC(35210) Pause Young (Allocation Failure) 65M->65M(70M) 13.503ms
[2020-08-10T13:02:49.821+0300][1109.367s][info ][gc] GC(35211) Pause Young (Allocation Failure) 66M->66M(70M) 13.550ms
[2020-08-10T13:02:49.835+0300][1109.381s][info ][gc] GC(35212) Pause Young (Allocation Failure) 66M->66M(70M) 13.564ms
[2020-08-10T13:02:49.849+0300][1109.395s][info ][gc] GC(35213) Pause Young (Allocation Failure) 67M->67M(70M) 13.441ms
[2020-08-10T13:02:49.862+0300][1109.409s][info ][gc] GC(35214) Pause Young (Allocation Failure) 67M->67M(70M) 13.511ms
[2020-08-10T13:02:49.876+0300][1109.423s][info ][gc] GC(35215) Pause Young (Allocation Failure) 68M->68M(70M) 13.510ms
[2020-08-10T13:02:49.890+0300][1109.437s][info ][gc] GC(35216) Pause Young (Allocation Failure) 68M->68M(70M) 13.496ms
[2020-08-10T13:02:49.904+0300][1109.451s][info ][gc] GC(35217) Pause Young (Allocation Failure) 69M->68M(70M) 13.561ms
[2020-08-10T13:02:50.059+0300][1109.605s][debug][gc] GC(35218) Expanding ParOldGen from 70656K by 10752K to 81408K
[2020-08-10T13:02:50.059+0300][1109.606s][info ][gc] GC(35218) Pause Full (Ergonomics) 68M->68M(81M) 154.407ms
[2020-08-10T13:02:50.073+0300][1109.619s][info ][gc] GC(35219) Pause Young (Allocation Failure) 69M->69M(81M) 13.266ms
[2020-08-10T13:02:50.087+0300][1109.633s][info ][gc] GC(35220) Pause Young (Allocation Failure) 69M->69M(81M) 13.567ms
[2020-08-10T13:02:50.101+0300][1109.647s][info ][gc] GC(35221) Pause Young (Allocation Failure) 70M->70M(81M) 13.560ms
[2020-08-10T13:02:50.115+0300][1109.661s][info ][gc] GC(35222) Pause Young (Allocation Failure) 70M->70M(81M) 13.536ms
[2020-08-10T13:02:50.129+0300][1109.676s][info ][gc] GC(35223) Pause Young (Allocation Failure) 71M->71M(81M) 13.579ms
[2020-08-10T13:02:50.143+0300][1109.690s][info ][gc] GC(35224) Pause Young (Allocation Failure) 71M->71M(81M) 13.569ms
[2020-08-10T13:02:50.157+0300][1109.704s][info ][gc] GC(35225) Pause Young (Allocation Failure) 72M->72M(81M) 13.561ms
[2020-08-10T13:02:50.172+0300][1109.718s][info ][gc] GC(35226) Pause Young (Allocation Failure) 72M->72M(81M) 13.771ms
[2020-08-10T13:02:50.186+0300][1109.732s][info ][gc] GC(35227) Pause Young (Allocation Failure) 73M->73M(81M) 13.780ms
[2020-08-10T13:02:50.200+0300][1109.747s][info ][gc] GC(35228) Pause Young (Allocation Failure) 74M->74M(81M) 13.868ms
[2020-08-10T13:02:50.215+0300][1109.762s][info ][gc] GC(35229) Pause Young (Allocation Failure) 75M->75M(81M) 14.079ms
[2020-08-10T13:02:50.230+0300][1109.776s][info ][gc] GC(35230) Pause Young (Allocation Failure) 76M->76M(82M) 14.106ms
[2020-08-10T13:02:50.245+0300][1109.791s][info ][gc] GC(35231) Pause Young (Allocation Failure) 77M->77M(82M) 14.131ms
[2020-08-10T13:02:50.259+0300][1109.806s][info ][gc] GC(35232) Pause Young (Allocation Failure) 78M->78M(82M) 14.059ms
[2020-08-10T13:02:50.274+0300][1109.820s][info ][gc] GC(35233) Pause Young (Allocation Failure) 79M->78M(82M) 13.963ms
[2020-08-10T13:02:50.290+0300][1109.835s][info ][gc] GC(35234) Pause Young (Allocation Failure) 79M->79M(82M) 14.160ms
[2020-08-10T13:02:50.486+0300][1110.032s][debug][gc] GC(35235) Expanding ParOldGen from 81408K by 11776K to 93184K
[2020-08-10T13:02:50.487+0300][1110.032s][info ][gc] GC(35235) Pause Full (Ergonomics) 79M->79M(93M) 196.770ms
[2020-08-10T13:02:50.521+0300][1110.066s][info ][gc] GC(35236) Pause Young (Allocation Failure) 80M->80M(93M) 33.653ms
[2020-08-10T13:02:50.554+0300][1110.099s][info ][gc] GC(35237) Pause Young (Allocation Failure) 81M->81M(93M) 32.520ms
[2020-08-10T13:02:50.570+0300][1110.115s][info ][gc] GC(35238) Pause Young (Allocation Failure) 82M->82M(93M) 15.193ms
[2020-08-10T13:02:50.585+0300][1110.131s][info ][gc] GC(35239) Pause Young (Allocation Failure) 83M->83M(93M) 14.995ms
[2020-08-10T13:02:50.600+0300][1110.146s][info ][gc] GC(35240) Pause Young (Allocation Failure) 84M->84M(93M) 14.334ms
[2020-08-10T13:02:50.615+0300][1110.161s][info ][gc] GC(35241) Pause Young (Allocation Failure) 85M->85M(93M) 14.737ms
[2020-08-10T13:02:50.644+0300][1110.190s][info ][gc] GC(35242) Pause Young (Allocation Failure) 86M->86M(93M) 28.176ms
[2020-08-10T13:02:50.659+0300][1110.205s][info ][gc] GC(35243) Pause Young (Allocation Failure) 87M->87M(93M) 14.501ms
[2020-08-10T13:02:50.674+0300][1110.220s][info ][gc] GC(35244) Pause Young (Allocation Failure) 88M->88M(93M) 14.727ms
[2020-08-10T13:02:50.690+0300][1110.235s][info ][gc] GC(35245) Pause Young (Allocation Failure) 89M->89M(93M) 15.005ms
[2020-08-10T13:02:50.705+0300][1110.251s][info ][gc] GC(35246) Pause Young (Allocation Failure) 90M->90M(93M) 14.960ms
[2020-08-10T13:02:50.720+0300][1110.266s][info ][gc] GC(35247) Pause Young (Allocation Failure) 91M->91M(93M) 14.835ms
[2020-08-10T13:02:50.940+0300][1110.486s][debug][gc] GC(35248) Expanding ParOldGen from 93184K by 11776K to 104960K
[2020-08-10T13:02:50.940+0300][1110.486s][info ][gc] GC(35248) Pause Full (Ergonomics) 91M->90M(105M) 219.701ms
[2020-08-10T13:02:50.955+0300][1110.500s][info ][gc] GC(35249) Pause Young (Allocation Failure) 91M->91M(105M) 13.642ms
[2020-08-10T13:02:50.980+0300][1110.525s][info ][gc] GC(35250) Pause Young (Allocation Failure) 92M->92M(105M) 24.476ms
[2020-08-10T13:02:51.006+0300][1110.551s][info ][gc] GC(35251) Pause Young (Allocation Failure) 93M->93M(105M) 25.395ms
[2020-08-10T13:02:51.021+0300][1110.567s][info ][gc] GC(35252) Pause Young (Allocation Failure) 94M->94M(105M) 14.871ms
[2020-08-10T13:02:51.037+0300][1110.582s][info ][gc] GC(35253) Pause Young (Allocation Failure) 95M->95M(105M) 15.135ms
[2020-08-10T13:02:51.053+0300][1110.598s][info ][gc] GC(35254) Pause Young (Allocation Failure) 96M->96M(105M) 15.300ms
[2020-08-10T13:02:51.069+0300][1110.614s][info ][gc] GC(35255) Pause Young (Allocation Failure) 97M->97M(105M) 15.577ms
[2020-08-10T13:02:51.085+0300][1110.630s][info ][gc] GC(35256) Pause Young (Allocation Failure) 98M->98M(105M) 15.566ms
[2020-08-10T13:02:51.101+0300][1110.646s][info ][gc] GC(35257) Pause Young (Allocation Failure) 99M->99M(105M) 15.621ms
[2020-08-10T13:02:51.117+0300][1110.663s][info ][gc] GC(35258) Pause Young (Allocation Failure) 100M->100M(105M) 15.650ms
[2020-08-10T13:02:51.133+0300][1110.679s][info ][gc] GC(35259) Pause Young (Allocation Failure) 101M->101M(105M) 15.728ms
[2020-08-10T13:02:51.150+0300][1110.695s][info ][gc] GC(35260) Pause Young (Allocation Failure) 102M->102M(105M) 15.715ms
[2020-08-10T13:02:51.166+0300][1110.712s][info ][gc] GC(35261) Pause Young (Allocation Failure) 103M->103M(105M) 15.745ms
[2020-08-10T13:02:51.428+0300][1110.974s][debug][gc] GC(35262) Expanding ParOldGen from 104960K by 11264K to 116224K
[2020-08-10T13:02:51.429+0300][1110.974s][info ][gc] GC(35262) Pause Full (Ergonomics) 103M->102M(116M) 262.196ms
[2020-08-10T13:02:51.470+0300][1111.015s][info ][gc] GC(35263) Pause Young (Allocation Failure) 103M->103M(116M) 40.805ms
[2020-08-10T13:02:51.486+0300][1111.032s][info ][gc] GC(35264) Pause Young (Allocation Failure) 104M->104M(116M) 16.268ms
[2020-08-10T13:02:51.503+0300][1111.049s][info ][gc] GC(35265) Pause Young (Allocation Failure) 105M->105M(116M) 16.429ms
[2020-08-10T13:02:51.521+0300][1111.066s][info ][gc] GC(35266) Pause Young (Allocation Failure) 106M->106M(116M) 16.636ms
[2020-08-10T13:02:51.538+0300][1111.083s][info ][gc] GC(35267) Pause Young (Allocation Failure) 107M->107M(116M) 16.656ms
[2020-08-10T13:02:51.555+0300][1111.100s][info ][gc] GC(35268) Pause Young (Allocation Failure) 108M->108M(116M) 16.709ms
[2020-08-10T13:02:51.572+0300][1111.118s][info ][gc] GC(35269) Pause Young (Allocation Failure) 109M->109M(116M) 16.787ms
[2020-08-10T13:02:51.589+0300][1111.135s][info ][gc] GC(35270) Pause Young (Allocation Failure) 110M->110M(116M) 16.655ms
[2020-08-10T13:02:51.607+0300][1111.152s][info ][gc] GC(35271) Pause Young (Allocation Failure) 111M->111M(116M) 16.901ms
[2020-08-10T13:02:51.625+0300][1111.170s][info ][gc] GC(35272) Pause Young (Allocation Failure) 112M->112M(116M) 17.226ms
[2020-08-10T13:02:51.642+0300][1111.188s][info ][gc] GC(35273) Pause Young (Allocation Failure) 113M->113M(116M) 17.068ms
[2020-08-10T13:02:51.660+0300][1111.205s][info ][gc] GC(35274) Pause Young (Allocation Failure) 114M->114M(116M) 16.965ms
[2020-08-10T13:02:51.951+0300][1111.496s][debug][gc] GC(35275) Expanding ParOldGen from 116224K by 11264K to 127488K
[2020-08-10T13:02:51.951+0300][1111.497s][info ][gc] GC(35275) Pause Full (Ergonomics) 114M->114M(127M) 291.171ms
[2020-08-10T13:02:51.984+0300][1111.530s][info ][gc] GC(35276) Pause Young (Allocation Failure) 115M->115M(127M) 32.877ms
[2020-08-10T13:02:52.002+0300][1111.548s][info ][gc] GC(35277) Pause Young (Allocation Failure) 116M->116M(127M) 17.515ms
[2020-08-10T13:02:52.021+0300][1111.567s][info ][gc] GC(35278) Pause Young (Allocation Failure) 117M->117M(127M) 18.188ms
[2020-08-10T13:02:52.039+0300][1111.585s][info ][gc] GC(35279) Pause Young (Allocation Failure) 118M->117M(127M) 17.513ms
[2020-08-10T13:02:52.057+0300][1111.603s][info ][gc] GC(35280) Pause Young (Allocation Failure) 118M->118M(127M) 17.803ms
[2020-08-10T13:02:52.075+0300][1111.621s][info ][gc] GC(35281) Pause Young (Allocation Failure) 119M->119M(127M) 17.688ms
[2020-08-10T13:02:52.093+0300][1111.639s][info ][gc] GC(35282) Pause Young (Allocation Failure) 120M->120M(127M) 17.748ms
[2020-08-10T13:02:52.111+0300][1111.657s][info ][gc] GC(35283) Pause Young (Allocation Failure) 121M->121M(127M) 17.570ms
[2020-08-10T13:02:52.130+0300][1111.675s][info ][gc] GC(35284) Pause Young (Allocation Failure) 122M->122M(127M) 17.947ms
[2020-08-10T13:02:52.149+0300][1111.694s][info ][gc] GC(35285) Pause Young (Allocation Failure) 123M->123M(127M) 18.510ms
[2020-08-10T13:02:52.168+0300][1111.713s][info ][gc] GC(35286) Pause Young (Allocation Failure) 124M->124M(127M) 18.391ms
[2020-08-10T13:02:52.495+0300][1112.041s][debug][gc] GC(35287) Expanding ParOldGen from 127488K by 11264K to 138752K
[2020-08-10T13:02:52.495+0300][1112.041s][info ][gc] GC(35287) Pause Full (Ergonomics) 124M->124M(138M) 327.450ms
[2020-08-10T13:02:52.511+0300][1112.057s][info ][gc] GC(35288) Pause Young (Allocation Failure) 125M->125M(138M) 15.343ms
[2020-08-10T13:02:52.530+0300][1112.076s][info ][gc] GC(35289) Pause Young (Allocation Failure) 126M->126M(138M) 18.368ms
[2020-08-10T13:02:52.549+0300][1112.094s][info ][gc] GC(35290) Pause Young (Allocation Failure) 127M->127M(138M) 18.182ms
[2020-08-10T13:02:52.568+0300][1112.113s][info ][gc] GC(35291) Pause Young (Allocation Failure) 128M->128M(138M) 18.514ms
[2020-08-10T13:02:52.587+0300][1112.133s][info ][gc] GC(35292) Pause Young (Allocation Failure) 129M->129M(138M) 19.123ms
[2020-08-10T13:02:52.606+0300][1112.152s][info ][gc] GC(35293) Pause Young (Allocation Failure) 130M->130M(138M) 18.360ms
[2020-08-10T13:02:52.625+0300][1112.170s][info ][gc] GC(35294) Pause Young (Allocation Failure) 131M->131M(138M) 18.218ms
[2020-08-10T13:02:52.648+0300][1112.194s][info ][gc] GC(35295) Pause Young (Allocation Failure) 132M->131M(138M) 23.114ms
[2020-08-10T13:02:52.667+0300][1112.213s][info ][gc] GC(35296) Pause Young (Allocation Failure) 132M->132M(138M) 18.811ms
[2020-08-10T13:02:52.691+0300][1112.237s][info ][gc] GC(35297) Pause Young (Allocation Failure) 133M->133M(138M) 23.556ms
[2020-08-10T13:02:52.711+0300][1112.256s][info ][gc] GC(35298) Pause Young (Allocation Failure) 134M->134M(138M) 18.880ms
[2020-08-10T13:02:52.712+0300][1112.257s][debug][gc] Expanding ParOldGen from 138752K by 19968K to 158720K
[2020-08-10T13:02:52.760+0300][1112.305s][info ][gc] GC(35299) Pause Young (Allocation Failure) 154M->154M(157M) 31.534ms
[2020-08-10T13:02:52.790+0300][1112.335s][info ][gc] GC(35300) Pause Young (Allocation Failure) 155M->155M(157M) 29.273ms
[2020-08-10T13:02:52.828+0300][1112.373s][debug][gc] GC(35301) Shrinking ParOldGen from 158720K by 124416K to 34304K
[2020-08-10T13:02:52.828+0300][1112.374s][info ][gc] GC(35301) Pause Full (Ergonomics) 155M->22M(36M) 38.148ms
[2020-08-10T13:02:52.851+0300][1112.397s][info ][gc] GC(35302) Pause Young (Allocation Failure) 23M->23M(36M) 23.200ms
[2020-08-10T13:02:52.870+0300][1112.416s][info ][gc] GC(35303) Pause Young (Allocation Failure) 24M->24M(36M) 18.231ms
[2020-08-10T13:02:52.885+0300][1112.430s][info ][gc] GC(35304) Pause Young (Allocation Failure) 25M->24M(36M) 13.946ms
[2020-08-10T13:02:52.900+0300][1112.445s][info ][gc] GC(35305) Pause Young (Allocation Failure) 25M->25M(36M) 14.362ms
[2020-08-10T13:02:52.914+0300][1112.460s][info ][gc] GC(35306) Pause Young (Allocation Failure) 26M->26M(36M) 13.692ms
[2020-08-10T13:02:52.928+0300][1112.474s][info ][gc] GC(35307) Pause Young (Allocation Failure) 27M->27M(36M) 14.003ms
[2020-08-10T13:02:52.943+0300][1112.489s][info ][gc] GC(35308) Pause Young (Allocation Failure) 28M->28M(36M) 13.985ms
[2020-08-10T13:02:52.958+0300][1112.503s][info ][gc] GC(35309) Pause Young (Allocation Failure) 29M->29M(36M) 13.982ms
[2020-08-10T13:02:52.972+0300][1112.518s][info ][gc] GC(35310) Pause Young (Allocation Failure) 30M->30M(35M) 14.193ms
[2020-08-10T13:02:52.987+0300][1112.532s][info ][gc] GC(35311) Pause Young (Allocation Failure) 31M->31M(35M) 13.874ms
[2020-08-10T13:02:53.001+0300][1112.547s][info ][gc] GC(35312) Pause Young (Allocation Failure) 32M->32M(35M) 14.023ms
[2020-08-10T13:02:53.016+0300][1112.562s][info ][gc] GC(35313) Pause Young (Allocation Failure) 33M->33M(35M) 14.002ms
[2020-08-10T13:02:53.073+0300][1112.619s][debug][gc] GC(35314) Expanding ParOldGen from 34304K by 11776K to 46080K
[2020-08-10T13:02:53.073+0300][1112.619s][info ][gc] GC(35314) Pause Full (Ergonomics) 33M->33M(47M) 57.020ms
[2020-08-10T13:02:53.087+0300][1112.633s][info ][gc] GC(35315) Pause Young (Allocation Failure) 34M->34M(47M) 13.454ms
[2020-08-10T13:02:53.102+0300][1112.648s][info ][gc] GC(35316) Pause Young (Allocation Failure) 35M->35M(47M) 13.976ms
[2020-08-10T13:02:53.116+0300][1112.662s][info ][gc] GC(35317) Pause Young (Allocation Failure) 36M->36M(47M) 13.750ms
[2020-08-10T13:02:53.130+0300][1112.676s][info ][gc] GC(35318) Pause Young (Allocation Failure) 37M->37M(47M) 13.839ms
[2020-08-10T13:02:53.145+0300][1112.690s][info ][gc] GC(35319) Pause Young (Allocation Failure) 38M->38M(47M) 13.766ms
[2020-08-10T13:02:53.159+0300][1112.705s][info ][gc] GC(35320) Pause Young (Allocation Failure) 39M->39M(47M) 13.745ms
[2020-08-10T13:02:53.173+0300][1112.719s][info ][gc] GC(35321) Pause Young (Allocation Failure) 40M->40M(47M) 13.997ms
[2020-08-10T13:02:53.188+0300][1112.734s][info ][gc] GC(35322) Pause Young (Allocation Failure) 41M->41M(47M) 13.914ms
[2020-08-10T13:02:53.202+0300][1112.748s][info ][gc] GC(35323) Pause Young (Allocation Failure) 42M->41M(47M) 14.002ms
[2020-08-10T13:02:53.217+0300][1112.763s][info ][gc] GC(35324) Pause Young (Allocation Failure) 42M->42M(47M) 13.995ms
[2020-08-10T13:02:53.232+0300][1112.777s][info ][gc] GC(35325) Pause Young (Allocation Failure) 43M->43M(47M) 13.954ms
[2020-08-10T13:02:53.246+0300][1112.792s][info ][gc] GC(35326) Pause Young (Allocation Failure) 44M->44M(47M) 14.031ms
[2020-08-10T13:02:53.261+0300][1112.807s][info ][gc] GC(35327) Pause Young (Allocation Failure) 45M->45M(47M) 14.001ms
[2020-08-10T13:02:53.357+0300][1112.902s][debug][gc] GC(35328) Expanding ParOldGen from 46080K by 11264K to 57344K
[2020-08-10T13:02:53.357+0300][1112.903s][info ][gc] GC(35328) Pause Full (Ergonomics) 45M->45M(58M) 95.856ms
[2020-08-10T13:02:53.377+0300][1112.923s][info ][gc] GC(35329) Pause Young (Allocation Failure) 46M->46M(58M) 19.874ms
[2020-08-10T13:02:53.392+0300][1112.938s][info ][gc] GC(35330) Pause Young (Allocation Failure) 47M->47M(58M) 14.204ms
[2020-08-10T13:02:53.407+0300][1112.953s][info ][gc] GC(35331) Pause Young (Allocation Failure) 48M->48M(58M) 14.280ms
[2020-08-10T13:02:53.422+0300][1112.968s][info ][gc] GC(35332) Pause Young (Allocation Failure) 49M->49M(58M) 14.222ms
[2020-08-10T13:02:53.437+0300][1112.982s][info ][gc] GC(35333) Pause Young (Allocation Failure) 50M->50M(58M) 14.193ms
[2020-08-10T13:02:53.452+0300][1112.997s][info ][gc] GC(35334) Pause Young (Allocation Failure) 51M->51M(58M) 14.198ms
[2020-08-10T13:02:53.466+0300][1113.012s][info ][gc] GC(35335) Pause Young (Allocation Failure) 52M->52M(58M) 14.099ms
[2020-08-10T13:02:53.481+0300][1113.027s][info ][gc] GC(35336) Pause Young (Allocation Failure) 53M->53M(58M) 14.143ms
[2020-08-10T13:02:53.496+0300][1113.041s][info ][gc] GC(35337) Pause Young (Allocation Failure) 54M->54M(58M) 14.023ms
[2020-08-10T13:02:53.510+0300][1113.056s][info ][gc] GC(35338) Pause Young (Allocation Failure) 55M->55M(58M) 14.158ms
[2020-08-10T13:02:53.525+0300][1113.071s][info ][gc] GC(35339) Pause Young (Allocation Failure) 56M->56M(58M) 14.185ms
[2020-08-10T13:02:53.658+0300][1113.203s][debug][gc] GC(35340) Expanding ParOldGen from 57344K by 11776K to 69120K
[2020-08-10T13:02:53.658+0300][1113.204s][info ][gc] GC(35340) Pause Full (Ergonomics) 56M->55M(69M) 132.524ms
[2020-08-10T13:02:53.672+0300][1113.217s][info ][gc] GC(35341) Pause Young (Allocation Failure) 56M->56M(69M) 13.444ms
[2020-08-10T13:02:53.686+0300][1113.232s][info ][gc] GC(35342) Pause Young (Allocation Failure) 57M->57M(69M) 14.015ms
[2020-08-10T13:02:53.701+0300][1113.246s][info ][gc] GC(35343) Pause Young (Allocation Failure) 58M->58M(69M) 13.872ms
[2020-08-10T13:02:53.715+0300][1113.261s][info ][gc] GC(35344) Pause Young (Allocation Failure) 59M->59M(69M) 14.059ms
[2020-08-10T13:02:53.730+0300][1113.276s][info ][gc] GC(35345) Pause Young (Allocation Failure) 60M->60M(69M) 14.071ms
[2020-08-10T13:02:53.745+0300][1113.290s][info ][gc] GC(35346) Pause Young (Allocation Failure) 61M->61M(69M) 14.027ms
[2020-08-10T13:02:53.759+0300][1113.305s][info ][gc] GC(35347) Pause Young (Allocation Failure) 62M->62M(69M) 13.981ms
[2020-08-10T13:02:53.774+0300][1113.320s][info ][gc] GC(35348) Pause Young (Allocation Failure) 63M->63M(69M) 14.236ms
[2020-08-10T13:02:53.789+0300][1113.334s][info ][gc] GC(35349) Pause Young (Allocation Failure) 64M->64M(69M) 14.047ms
[2020-08-10T13:02:53.803+0300][1113.349s][info ][gc] GC(35350) Pause Young (Allocation Failure) 65M->65M(69M) 14.108ms
[2020-08-10T13:02:53.818+0300][1113.364s][info ][gc] GC(35351) Pause Young (Allocation Failure) 66M->66M(69M) 14.067ms
[2020-08-10T13:02:53.833+0300][1113.378s][info ][gc] GC(35352) Pause Young (Allocation Failure) 67M->67M(69M) 14.114ms
[2020-08-10T13:02:53.992+0300][1113.538s][debug][gc] GC(35353) Expanding ParOldGen from 69120K by 11264K to 80384K
[2020-08-10T13:02:53.992+0300][1113.538s][info ][gc] GC(35353) Pause Full (Ergonomics) 67M->67M(80M) 159.450ms
[2020-08-10T13:02:54.007+0300][1113.552s][info ][gc] GC(35354) Pause Young (Allocation Failure) 68M->68M(80M) 13.624ms
[2020-08-10T13:02:54.021+0300][1113.567s][info ][gc] GC(35355) Pause Young (Allocation Failure) 69M->69M(80M) 14.044ms
[2020-08-10T13:02:54.036+0300][1113.582s][info ][gc] GC(35356) Pause Young (Allocation Failure) 70M->70M(80M) 14.047ms
[2020-08-10T13:02:54.051+0300][1113.596s][info ][gc] GC(35357) Pause Young (Allocation Failure) 71M->71M(80M) 14.037ms
[2020-08-10T13:02:54.065+0300][1113.611s][info ][gc] GC(35358) Pause Young (Allocation Failure) 72M->72M(80M) 14.088ms
[2020-08-10T13:02:54.080+0300][1113.626s][info ][gc] GC(35359) Pause Young (Allocation Failure) 73M->72M(80M) 14.065ms
[2020-08-10T13:02:54.095+0300][1113.640s][info ][gc] GC(35360) Pause Young (Allocation Failure) 73M->73M(80M) 14.112ms
[2020-08-10T13:02:54.109+0300][1113.655s][info ][gc] GC(35361) Pause Young (Allocation Failure) 74M->74M(80M) 14.107ms
[2020-08-10T13:02:54.124+0300][1113.670s][info ][gc] GC(35362) Pause Young (Allocation Failure) 75M->75M(80M) 14.108ms
[2020-08-10T13:02:54.139+0300][1113.685s][info ][gc] GC(35363) Pause Young (Allocation Failure) 76M->76M(80M) 14.103ms
[2020-08-10T13:02:54.154+0300][1113.700s][info ][gc] GC(35364) Pause Young (Allocation Failure) 77M->77M(80M) 14.147ms
[2020-08-10T13:02:54.168+0300][1113.714s][info ][gc] GC(35365) Pause Young (Allocation Failure) 78M->78M(80M) 14.098ms
[2020-08-10T13:02:54.350+0300][1113.896s][debug][gc] GC(35366) Expanding ParOldGen from 80384K by 11264K to 91648K
[2020-08-10T13:02:54.350+0300][1113.896s][info ][gc] GC(35366) Pause Full (Ergonomics) 78M->78M(91M) 181.346ms
[2020-08-10T13:02:54.382+0300][1113.927s][info ][gc] GC(35367) Pause Young (Allocation Failure) 79M->79M(91M) 31.092ms
[2020-08-10T13:02:54.397+0300][1113.943s][info ][gc] GC(35368) Pause Young (Allocation Failure) 80M->80M(91M) 14.532ms
[2020-08-10T13:02:54.412+0300][1113.958s][info ][gc] GC(35369) Pause Young (Allocation Failure) 81M->81M(91M) 14.278ms
[2020-08-10T13:02:54.427+0300][1113.973s][info ][gc] GC(35370) Pause Young (Allocation Failure) 82M->82M(91M) 14.703ms
[2020-08-10T13:02:54.442+0300][1113.988s][info ][gc] GC(35371) Pause Young (Allocation Failure) 83M->83M(91M) 14.539ms
[2020-08-10T13:02:54.457+0300][1114.003s][info ][gc] GC(35372) Pause Young (Allocation Failure) 84M->84M(91M) 14.494ms
[2020-08-10T13:02:54.472+0300][1114.018s][info ][gc] GC(35373) Pause Young (Allocation Failure) 85M->85M(91M) 14.661ms
[2020-08-10T13:02:54.488+0300][1114.033s][info ][gc] GC(35374) Pause Young (Allocation Failure) 86M->86M(91M) 14.778ms
[2020-08-10T13:02:54.503+0300][1114.049s][info ][gc] GC(35375) Pause Young (Allocation Failure) 87M->87M(91M) 15.127ms
[2020-08-10T13:02:54.519+0300][1114.065s][info ][gc] GC(35376) Pause Young (Allocation Failure) 88M->88M(91M) 15.234ms
[2020-08-10T13:02:54.535+0300][1114.080s][info ][gc] GC(35377) Pause Young (Allocation Failure) 89M->89M(91M) 14.946ms
[2020-08-10T13:02:54.550+0300][1114.096s][info ][gc] GC(35378) Pause Young (Allocation Failure) 90M->90M(91M) 15.123ms
[2020-08-10T13:02:54.766+0300][1114.312s][debug][gc] GC(35379) Expanding ParOldGen from 91648K by 11776K to 103424K
[2020-08-10T13:02:54.766+0300][1114.312s][info ][gc] GC(35379) Pause Full (Ergonomics) 90M->89M(103M) 215.711ms
[2020-08-10T13:02:54.800+0300][1114.346s][info ][gc] GC(35380) Pause Young (Allocation Failure) 90M->90M(102M) 33.558ms
[2020-08-10T13:02:54.815+0300][1114.361s][info ][gc] GC(35381) Pause Young (Allocation Failure) 91M->91M(103M) 14.227ms
[2020-08-10T13:02:54.829+0300][1114.375s][info ][gc] GC(35382) Pause Young (Allocation Failure) 91M->91M(103M) 13.912ms
[2020-08-10T13:02:54.844+0300][1114.390s][info ][gc] GC(35383) Pause Young (Allocation Failure) 92M->92M(103M) 13.927ms
[2020-08-10T13:02:54.858+0300][1114.404s][info ][gc] GC(35384) Pause Young (Allocation Failure) 92M->92M(103M) 13.952ms
[2020-08-10T13:02:54.873+0300][1114.419s][info ][gc] GC(35385) Pause Young (Allocation Failure) 93M->93M(103M) 13.973ms
[2020-08-10T13:02:54.887+0300][1114.433s][info ][gc] GC(35386) Pause Young (Allocation Failure) 93M->93M(103M) 13.907ms
[2020-08-10T13:02:54.901+0300][1114.447s][info ][gc] GC(35387) Pause Young (Allocation Failure) 94M->94M(103M) 13.852ms
[2020-08-10T13:02:54.916+0300][1114.462s][info ][gc] GC(35388) Pause Young (Allocation Failure) 94M->94M(103M) 13.943ms
[2020-08-10T13:02:54.930+0300][1114.476s][info ][gc] GC(35389) Pause Young (Allocation Failure) 94M->94M(103M) 13.904ms
[2020-08-10T13:02:54.945+0300][1114.490s][info ][gc] GC(35390) Pause Young (Allocation Failure) 95M->95M(103M) 13.921ms
[2020-08-10T13:02:54.959+0300][1114.505s][info ][gc] GC(35391) Pause Young (Allocation Failure) 95M->95M(103M) 13.986ms
[2020-08-10T13:02:54.974+0300][1114.519s][info ][gc] GC(35392) Pause Young (Allocation Failure) 96M->96M(103M) 13.988ms
[2020-08-10T13:02:54.988+0300][1114.534s][info ][gc] GC(35393) Pause Young (Allocation Failure) 96M->96M(103M) 13.998ms
[2020-08-10T13:02:55.003+0300][1114.548s][info ][gc] GC(35394) Pause Young (Allocation Failure) 97M->97M(103M) 13.849ms
[2020-08-10T13:02:55.017+0300][1114.563s][info ][gc] GC(35395) Pause Young (Allocation Failure) 97M->97M(103M) 13.966ms
[2020-08-10T13:02:55.031+0300][1114.577s][info ][gc] GC(35396) Pause Young (Allocation Failure) 98M->98M(103M) 13.940ms
[2020-08-10T13:02:55.046+0300][1114.592s][info ][gc] GC(35397) Pause Young (Allocation Failure) 98M->98M(102M) 14.142ms
[2020-08-10T13:02:55.060+0300][1114.606s][info ][gc] GC(35398) Pause Young (Allocation Failure) 99M->99M(102M) 13.738ms
[2020-08-10T13:02:55.075+0300][1114.621s][info ][gc] GC(35399) Pause Young (Allocation Failure) 99M->99M(102M) 13.958ms
[2020-08-10T13:02:55.089+0300][1114.635s][info ][gc] GC(35400) Pause Young (Allocation Failure) 100M->99M(102M) 13.998ms
[2020-08-10T13:02:55.104+0300][1114.649s][info ][gc] GC(35401) Pause Young (Allocation Failure) 100M->100M(102M) 13.897ms
[2020-08-10T13:02:55.118+0300][1114.664s][info ][gc] GC(35402) Pause Young (Allocation Failure) 100M->100M(102M) 13.969ms
[2020-08-10T13:02:55.380+0300][1114.925s][debug][gc] GC(35403) Expanding ParOldGen from 103424K by 11264K to 114688K
[2020-08-10T13:02:55.380+0300][1114.926s][info ][gc] GC(35403) Pause Full (Ergonomics) 100M->100M(113M) 261.504ms
[2020-08-10T13:02:55.394+0300][1114.940s][info ][gc] GC(35404) Pause Young (Allocation Failure) 101M->101M(113M) 13.515ms
[2020-08-10T13:02:55.408+0300][1114.954s][info ][gc] GC(35405) Pause Young (Allocation Failure) 101M->101M(113M) 13.661ms
[2020-08-10T13:02:55.422+0300][1114.968s][info ][gc] GC(35406) Pause Young (Allocation Failure) 102M->102M(113M) 13.700ms
[2020-08-10T13:02:55.436+0300][1114.982s][info ][gc] GC(35407) Pause Young (Allocation Failure) 102M->102M(113M) 13.696ms
[2020-08-10T13:02:55.451+0300][1114.996s][info ][gc] GC(35408) Pause Young (Allocation Failure) 103M->103M(113M) 13.730ms
[2020-08-10T13:02:55.465+0300][1115.011s][info ][gc] GC(35409) Pause Young (Allocation Failure) 103M->103M(113M) 13.706ms
[2020-08-10T13:02:55.479+0300][1115.025s][info ][gc] GC(35410) Pause Young (Allocation Failure) 104M->103M(113M) 13.821ms
[2020-08-10T13:02:55.493+0300][1115.039s][info ][gc] GC(35411) Pause Young (Allocation Failure) 104M->104M(113M) 13.690ms
[2020-08-10T13:02:55.508+0300][1115.053s][info ][gc] GC(35412) Pause Young (Allocation Failure) 104M->104M(113M) 13.692ms
[2020-08-10T13:02:55.522+0300][1115.067s][info ][gc] GC(35413) Pause Young (Allocation Failure) 105M->105M(113M) 13.715ms
[2020-08-10T13:02:55.536+0300][1115.082s][info ][gc] GC(35414) Pause Young (Allocation Failure) 105M->105M(113M) 13.886ms
[2020-08-10T13:02:55.550+0300][1115.096s][info ][gc] GC(35415) Pause Young (Allocation Failure) 106M->106M(113M) 13.794ms
[2020-08-10T13:02:55.564+0300][1115.110s][info ][gc] GC(35416) Pause Young (Allocation Failure) 106M->106M(113M) 13.602ms
[2020-08-10T13:02:55.578+0300][1115.124s][info ][gc] GC(35417) Pause Young (Allocation Failure) 107M->107M(113M) 13.665ms
[2020-08-10T13:02:55.593+0300][1115.138s][info ][gc] GC(35418) Pause Young (Allocation Failure) 107M->107M(113M) 13.810ms
[2020-08-10T13:02:55.607+0300][1115.153s][info ][gc] GC(35419) Pause Young (Allocation Failure) 108M->108M(113M) 13.558ms
[2020-08-10T13:02:55.621+0300][1115.167s][info ][gc] GC(35420) Pause Young (Allocation Failure) 108M->108M(113M) 13.751ms
[2020-08-10T13:02:55.635+0300][1115.181s][info ][gc] GC(35421) Pause Young (Allocation Failure) 109M->109M(113M) 13.698ms
[2020-08-10T13:02:55.649+0300][1115.195s][info ][gc] GC(35422) Pause Young (Allocation Failure) 109M->109M(113M) 13.727ms
[2020-08-10T13:02:55.664+0300][1115.209s][info ][gc] GC(35423) Pause Young (Allocation Failure) 110M->109M(113M) 13.738ms
[2020-08-10T13:02:55.678+0300][1115.224s][info ][gc] GC(35424) Pause Young (Allocation Failure) 110M->110M(113M) 13.710ms
[2020-08-10T13:02:55.692+0300][1115.238s][info ][gc] GC(35425) Pause Young (Allocation Failure) 110M->110M(113M) 13.759ms
[2020-08-10T13:02:55.706+0300][1115.252s][info ][gc] GC(35426) Pause Young (Allocation Failure) 111M->111M(113M) 13.790ms
[2020-08-10T13:02:55.721+0300][1115.267s][info ][gc] GC(35427) Pause Young (Allocation Failure) 111M->111M(113M) 13.992ms
[2020-08-10T13:02:55.735+0300][1115.281s][info ][gc] GC(35428) Pause Young (Allocation Failure) 112M->112M(113M) 14.150ms
[2020-08-10T13:02:56.015+0300][1115.561s][debug][gc] GC(35429) Expanding ParOldGen from 114688K by 10752K to 125440K
[2020-08-10T13:02:56.015+0300][1115.561s][info ][gc] GC(35429) Pause Full (Ergonomics) 112M->112M(124M) 279.374ms
[2020-08-10T13:02:56.053+0300][1115.599s][info ][gc] GC(35430) Pause Young (Allocation Failure) 112M->112M(124M) 38.031ms
[2020-08-10T13:02:56.068+0300][1115.614s][info ][gc] GC(35431) Pause Young (Allocation Failure) 113M->113M(124M) 14.545ms
[2020-08-10T13:02:56.083+0300][1115.629s][info ][gc] GC(35432) Pause Young (Allocation Failure) 113M->113M(124M) 14.435ms
[2020-08-10T13:02:56.098+0300][1115.644s][info ][gc] GC(35433) Pause Young (Allocation Failure) 113M->113M(124M) 14.531ms
[2020-08-10T13:02:56.113+0300][1115.659s][info ][gc] GC(35434) Pause Young (Allocation Failure) 114M->114M(124M) 14.494ms
[2020-08-10T13:02:56.128+0300][1115.674s][info ][gc] GC(35435) Pause Young (Allocation Failure) 114M->114M(124M) 14.597ms
[2020-08-10T13:02:56.143+0300][1115.689s][info ][gc] GC(35436) Pause Young (Allocation Failure) 115M->115M(124M) 14.453ms
[2020-08-10T13:02:56.158+0300][1115.704s][info ][gc] GC(35437) Pause Young (Allocation Failure) 115M->115M(124M) 14.527ms
[2020-08-10T13:02:56.173+0300][1115.719s][info ][gc] GC(35438) Pause Young (Allocation Failure) 116M->116M(124M) 14.844ms
[2020-08-10T13:02:56.189+0300][1115.734s][info ][gc] GC(35439) Pause Young (Allocation Failure) 116M->116M(124M) 14.678ms
[2020-08-10T13:02:56.204+0300][1115.750s][info ][gc] GC(35440) Pause Young (Allocation Failure) 117M->117M(124M) 15.244ms
[2020-08-10T13:02:56.219+0300][1115.765s][info ][gc] GC(35441) Pause Young (Allocation Failure) 117M->117M(124M) 14.539ms
[2020-08-10T13:02:56.234+0300][1115.780s][info ][gc] GC(35442) Pause Young (Allocation Failure) 118M->118M(124M) 14.743ms
[2020-08-10T13:02:56.250+0300][1115.796s][info ][gc] GC(35443) Pause Young (Allocation Failure) 118M->118M(124M) 14.954ms
[2020-08-10T13:02:56.265+0300][1115.811s][info ][gc] GC(35444) Pause Young (Allocation Failure) 119M->119M(124M) 14.918ms
[2020-08-10T13:02:56.281+0300][1115.827s][info ][gc] GC(35445) Pause Young (Allocation Failure) 119M->119M(124M) 14.987ms
[2020-08-10T13:02:56.296+0300][1115.842s][info ][gc] GC(35446) Pause Young (Allocation Failure) 119M->119M(124M) 14.727ms
[2020-08-10T13:02:56.311+0300][1115.857s][info ][gc] GC(35447) Pause Young (Allocation Failure) 120M->120M(124M) 15.053ms
[2020-08-10T13:02:56.327+0300][1115.873s][info ][gc] GC(35448) Pause Young (Allocation Failure) 120M->120M(124M) 15.193ms
[2020-08-10T13:02:56.343+0300][1115.889s][info ][gc] GC(35449) Pause Young (Allocation Failure) 121M->121M(124M) 15.227ms
[2020-08-10T13:02:56.359+0300][1115.905s][info ][gc] GC(35450) Pause Young (Allocation Failure) 121M->121M(124M) 15.233ms
[2020-08-10T13:02:56.374+0300][1115.920s][info ][gc] GC(35451) Pause Young (Allocation Failure) 122M->122M(124M) 14.943ms
[2020-08-10T13:02:56.390+0300][1115.936s][info ][gc] GC(35452) Pause Young (Allocation Failure) 122M->122M(124M) 15.219ms
[2020-08-10T13:02:56.742+0300][1116.288s][debug][gc] GC(35453) Expanding ParOldGen from 125440K by 10752K to 136192K
[2020-08-10T13:02:56.742+0300][1116.288s][info ][gc] GC(35453) Pause Full (Ergonomics) 122M->122M(134M) 352.253ms
[2020-08-10T13:02:56.800+0300][1116.346s][info ][gc] GC(35454) Pause Young (Allocation Failure) 123M->123M(134M) 57.550ms
[2020-08-10T13:02:56.817+0300][1116.363s][info ][gc] GC(35455) Pause Young (Allocation Failure) 123M->123M(134M) 15.925ms
[2020-08-10T13:02:56.833+0300][1116.378s][info ][gc] GC(35456) Pause Young (Allocation Failure) 123M->123M(134M) 15.462ms
[2020-08-10T13:02:56.848+0300][1116.394s][info ][gc] GC(35457) Pause Young (Allocation Failure) 124M->124M(134M) 15.486ms
[2020-08-10T13:02:56.864+0300][1116.410s][info ][gc] GC(35458) Pause Young (Allocation Failure) 124M->124M(134M) 15.533ms
[2020-08-10T13:02:56.880+0300][1116.426s][info ][gc] GC(35459) Pause Young (Allocation Failure) 125M->125M(134M) 15.529ms
[2020-08-10T13:02:56.896+0300][1116.442s][info ][gc] GC(35460) Pause Young (Allocation Failure) 125M->125M(134M) 15.587ms
[2020-08-10T13:02:56.913+0300][1116.458s][info ][gc] GC(35461) Pause Young (Allocation Failure) 126M->126M(134M) 15.669ms
[2020-08-10T13:02:56.929+0300][1116.475s][info ][gc] GC(35462) Pause Young (Allocation Failure) 126M->126M(134M) 15.715ms
[2020-08-10T13:02:56.945+0300][1116.491s][info ][gc] GC(35463) Pause Young (Allocation Failure) 127M->127M(134M) 15.838ms
[2020-08-10T13:02:56.962+0300][1116.508s][info ][gc] GC(35464) Pause Young (Allocation Failure) 127M->127M(134M) 16.375ms
[2020-08-10T13:02:57.004+0300][1116.549s][info ][gc] GC(35465) Pause Young (Allocation Failure) 128M->128M(134M) 41.213ms
[2020-08-10T13:02:57.020+0300][1116.566s][info ][gc] GC(35466) Pause Young (Allocation Failure) 128M->128M(134M) 16.136ms
[2020-08-10T13:02:57.036+0300][1116.582s][info ][gc] GC(35467) Pause Young (Allocation Failure) 129M->129M(134M) 15.682ms
[2020-08-10T13:02:57.073+0300][1116.619s][info ][gc] GC(35468) Pause Young (Allocation Failure) 129M->129M(134M) 36.863ms
[2020-08-10T13:02:57.090+0300][1116.636s][info ][gc] GC(35469) Pause Young (Allocation Failure) 130M->129M(134M) 16.199ms
[2020-08-10T13:02:57.106+0300][1116.652s][info ][gc] GC(35470) Pause Young (Allocation Failure) 130M->130M(134M) 15.999ms
[2020-08-10T13:02:57.125+0300][1116.671s][info ][gc] GC(35471) Pause Young (Allocation Failure) 130M->130M(134M) 18.400ms
[2020-08-10T13:02:57.163+0300][1116.709s][info ][gc] GC(35472) Pause Young (Allocation Failure) 131M->131M(134M) 37.970ms
[2020-08-10T13:02:57.180+0300][1116.726s][info ][gc] GC(35473) Pause Young (Allocation Failure) 131M->131M(134M) 16.509ms
[2020-08-10T13:02:57.197+0300][1116.742s][info ][gc] GC(35474) Pause Young (Allocation Failure) 132M->132M(134M) 15.925ms
[2020-08-10T13:02:57.213+0300][1116.759s][info ][gc] GC(35475) Pause Young (Allocation Failure) 132M->132M(134M) 15.969ms
[2020-08-10T13:02:57.229+0300][1116.775s][info ][gc] GC(35476) Pause Young (Allocation Failure) 133M->133M(134M) 15.995ms
[2020-08-10T13:02:57.583+0300][1117.129s][debug][gc] GC(35477) Expanding ParOldGen from 136192K by 10752K to 146944K
[2020-08-10T13:02:57.583+0300][1117.129s][info ][gc] GC(35477) Pause Full (Ergonomics) 133M->132M(145M) 353.760ms
[2020-08-10T13:02:57.598+0300][1117.144s][info ][gc] GC(35478) Pause Young (Allocation Failure) 133M->133M(145M) 14.544ms
[2020-08-10T13:02:57.614+0300][1117.160s][info ][gc] GC(35479) Pause Young (Allocation Failure) 133M->133M(145M) 15.796ms
[2020-08-10T13:02:57.630+0300][1117.176s][info ][gc] GC(35480) Pause Young (Allocation Failure) 134M->134M(145M) 15.611ms
[2020-08-10T13:02:57.647+0300][1117.193s][info ][gc] GC(35481) Pause Young (Allocation Failure) 134M->134M(145M) 16.028ms
[2020-08-10T13:02:57.663+0300][1117.209s][info ][gc] GC(35482) Pause Young (Allocation Failure) 135M->135M(145M) 15.993ms
[2020-08-10T13:02:57.663+0300][1117.209s][debug][gc] Expanding ParOldGen from 146944K by 19968K to 166912K
[2020-08-10T13:02:57.688+0300][1117.234s][info ][gc] GC(35483) Pause Young (Allocation Failure) 154M->154M(164M) 15.947ms
[2020-08-10T13:02:57.716+0300][1117.261s][info ][gc] GC(35484) Pause Young (Allocation Failure) 155M->155M(164M) 27.436ms
[2020-08-10T13:02:57.766+0300][1117.312s][info ][gc] GC(35485) Pause Young (Allocation Failure) 155M->155M(164M) 50.160ms
[2020-08-10T13:02:57.793+0300][1117.339s][info ][gc] GC(35486) Pause Young (Allocation Failure) 156M->156M(164M) 26.661ms
[2020-08-10T13:02:57.820+0300][1117.366s][info ][gc] GC(35487) Pause Young (Allocation Failure) 156M->156M(164M) 26.393ms
[2020-08-10T13:02:57.847+0300][1117.393s][info ][gc] GC(35488) Pause Young (Allocation Failure) 157M->157M(164M) 26.138ms
[2020-08-10T13:02:57.873+0300][1117.419s][info ][gc] GC(35489) Pause Young (Allocation Failure) 157M->157M(164M) 26.312ms
[2020-08-10T13:02:57.900+0300][1117.446s][info ][gc] GC(35490) Pause Young (Allocation Failure) 157M->157M(164M) 26.326ms
[2020-08-10T13:02:57.927+0300][1117.473s][info ][gc] GC(35491) Pause Young (Allocation Failure) 158M->158M(164M) 26.295ms
[2020-08-10T13:02:57.954+0300][1117.500s][info ][gc] GC(35492) Pause Young (Allocation Failure) 158M->158M(164M) 26.336ms
[2020-08-10T13:02:57.981+0300][1117.527s][info ][gc] GC(35493) Pause Young (Allocation Failure) 159M->159M(164M) 26.344ms
[2020-08-10T13:02:58.008+0300][1117.553s][info ][gc] GC(35494) Pause Young (Allocation Failure) 159M->159M(164M) 26.368ms
[2020-08-10T13:02:58.034+0300][1117.580s][info ][gc] GC(35495) Pause Young (Allocation Failure) 160M->160M(164M) 26.168ms
[2020-08-10T13:02:58.090+0300][1117.636s][info ][gc] GC(35496) Pause Young (Allocation Failure) 160M->160M(164M) 55.220ms
[2020-08-10T13:02:58.117+0300][1117.663s][info ][gc] GC(35497) Pause Young (Allocation Failure) 161M->161M(164M) 26.893ms
[2020-08-10T13:02:58.145+0300][1117.690s][info ][gc] GC(35498) Pause Young (Allocation Failure) 161M->161M(164M) 27.121ms
[2020-08-10T13:02:58.171+0300][1117.717s][info ][gc] GC(35499) Pause Young (Allocation Failure) 162M->162M(164M) 26.415ms
[2020-08-10T13:02:58.198+0300][1117.744s][info ][gc] GC(35500) Pause Young (Allocation Failure) 162M->162M(164M) 26.347ms
[2020-08-10T13:02:58.225+0300][1117.771s][info ][gc] GC(35501) Pause Young (Allocation Failure) 162M->162M(164M) 26.071ms
[2020-08-10T13:02:58.251+0300][1117.797s][info ][gc] GC(35502) Pause Young (Allocation Failure) 163M->163M(164M) 26.230ms
[2020-08-10T13:02:58.345+0300][1117.891s][debug][gc] GC(35503) Shrinking ParOldGen from 166912K by 125440K to 41472K
[2020-08-10T13:02:58.345+0300][1117.891s][info ][gc] GC(35503) Pause Full (Ergonomics) 163M->29M(42M) 93.740ms
[2020-08-10T13:02:58.380+0300][1117.926s][info ][gc] GC(35504) Pause Young (Allocation Failure) 30M->30M(42M) 34.659ms
[2020-08-10T13:02:58.396+0300][1117.942s][info ][gc] GC(35505) Pause Young (Allocation Failure) 30M->30M(42M) 14.808ms
[2020-08-10T13:02:58.411+0300][1117.957s][info ][gc] GC(35506) Pause Young (Allocation Failure) 30M->30M(42M) 14.733ms
[2020-08-10T13:02:58.425+0300][1117.971s][info ][gc] GC(35507) Pause Young (Allocation Failure) 31M->31M(42M) 13.543ms
[2020-08-10T13:02:58.440+0300][1117.986s][info ][gc] GC(35508) Pause Young (Allocation Failure) 31M->31M(42M) 14.681ms
[2020-08-10T13:02:58.454+0300][1118.000s][info ][gc] GC(35509) Pause Young (Allocation Failure) 32M->32M(42M) 13.264ms
[2020-08-10T13:02:58.468+0300][1118.014s][info ][gc] GC(35510) Pause Young (Allocation Failure) 32M->32M(42M) 13.483ms
[2020-08-10T13:02:58.482+0300][1118.028s][info ][gc] GC(35511) Pause Young (Allocation Failure) 33M->33M(42M) 13.422ms
[2020-08-10T13:02:58.496+0300][1118.042s][info ][gc] GC(35512) Pause Young (Allocation Failure) 33M->33M(42M) 13.485ms
[2020-08-10T13:02:58.510+0300][1118.055s][info ][gc] GC(35513) Pause Young (Allocation Failure) 34M->34M(42M) 13.410ms
[2020-08-10T13:02:58.523+0300][1118.069s][info ][gc] GC(35514) Pause Young (Allocation Failure) 34M->34M(42M) 13.232ms
[2020-08-10T13:02:58.537+0300][1118.083s][info ][gc] GC(35515) Pause Young (Allocation Failure) 35M->35M(42M) 13.350ms
[2020-08-10T13:02:58.551+0300][1118.097s][info ][gc] GC(35516) Pause Young (Allocation Failure) 35M->35M(42M) 13.467ms
[2020-08-10T13:02:58.564+0300][1118.110s][info ][gc] GC(35517) Pause Young (Allocation Failure) 35M->35M(42M) 13.216ms
[2020-08-10T13:02:58.596+0300][1118.142s][info ][gc] GC(35518) Pause Young (Allocation Failure) 36M->36M(42M) 30.932ms
[2020-08-10T13:02:58.610+0300][1118.156s][info ][gc] GC(35519) Pause Young (Allocation Failure) 37M->37M(42M) 13.498ms
[2020-08-10T13:02:58.624+0300][1118.170s][info ][gc] GC(35520) Pause Young (Allocation Failure) 38M->38M(42M) 13.685ms
[2020-08-10T13:02:58.638+0300][1118.184s][info ][gc] GC(35521) Pause Young (Allocation Failure) 39M->39M(42M) 13.879ms
[2020-08-10T13:02:58.653+0300][1118.199s][info ][gc] GC(35522) Pause Young (Allocation Failure) 40M->40M(43M) 14.102ms
[2020-08-10T13:02:58.667+0300][1118.213s][info ][gc] GC(35523) Pause Young (Allocation Failure) 41M->41M(43M) 13.820ms
[2020-08-10T13:02:58.746+0300][1118.292s][debug][gc] GC(35524) Expanding ParOldGen from 41472K by 11264K to 52736K
[2020-08-10T13:02:58.746+0300][1118.292s][info ][gc] GC(35524) Pause Full (Ergonomics) 41M->40M(54M) 78.752ms
[2020-08-10T13:02:58.766+0300][1118.312s][info ][gc] GC(35525) Pause Young (Allocation Failure) 41M->41M(54M) 18.666ms
[2020-08-10T13:02:58.780+0300][1118.326s][info ][gc] GC(35526) Pause Young (Allocation Failure) 42M->42M(54M) 14.070ms
[2020-08-10T13:02:58.795+0300][1118.341s][info ][gc] GC(35527) Pause Young (Allocation Failure) 43M->43M(54M) 13.896ms
[2020-08-10T13:02:58.809+0300][1118.355s][info ][gc] GC(35528) Pause Young (Allocation Failure) 44M->44M(54M) 13.971ms
[2020-08-10T13:02:58.824+0300][1118.370s][info ][gc] GC(35529) Pause Young (Allocation Failure) 45M->45M(54M) 14.021ms
[2020-08-10T13:02:58.838+0300][1118.384s][info ][gc] GC(35530) Pause Young (Allocation Failure) 46M->46M(54M) 13.737ms
[2020-08-10T13:02:58.853+0300][1118.399s][info ][gc] GC(35531) Pause Young (Allocation Failure) 47M->47M(54M) 13.924ms
[2020-08-10T13:02:58.867+0300][1118.413s][info ][gc] GC(35532) Pause Young (Allocation Failure) 48M->48M(54M) 13.948ms
[2020-08-10T13:02:58.890+0300][1118.436s][info ][gc] GC(35533) Pause Young (Allocation Failure) 49M->49M(54M) 21.724ms
[2020-08-10T13:02:58.904+0300][1118.450s][info ][gc] GC(35534) Pause Young (Allocation Failure) 50M->50M(54M) 13.890ms
[2020-08-10T13:02:58.919+0300][1118.465s][info ][gc] GC(35535) Pause Young (Allocation Failure) 51M->51M(54M) 14.032ms
[2020-08-10T13:02:58.933+0300][1118.479s][info ][gc] GC(35536) Pause Young (Allocation Failure) 52M->52M(54M) 13.975ms
[2020-08-10T13:02:59.043+0300][1118.589s][debug][gc] GC(35537) Expanding ParOldGen from 52736K by 11264K to 64000K
[2020-08-10T13:02:59.043+0300][1118.589s][info ][gc] GC(35537) Pause Full (Ergonomics) 52M->51M(65M) 109.219ms
[2020-08-10T13:02:59.066+0300][1118.612s][info ][gc] GC(35538) Pause Young (Allocation Failure) 52M->52M(65M) 22.193ms
[2020-08-10T13:02:59.080+0300][1118.626s][info ][gc] GC(35539) Pause Young (Allocation Failure) 53M->53M(65M) 14.126ms
[2020-08-10T13:02:59.095+0300][1118.641s][info ][gc] GC(35540) Pause Young (Allocation Failure) 54M->54M(65M) 14.090ms
[2020-08-10T13:02:59.110+0300][1118.656s][info ][gc] GC(35541) Pause Young (Allocation Failure) 55M->55M(65M) 14.036ms
[2020-08-10T13:02:59.125+0300][1118.671s][info ][gc] GC(35542) Pause Young (Allocation Failure) 56M->56M(65M) 14.087ms
[2020-08-10T13:02:59.139+0300][1118.685s][info ][gc] GC(35543) Pause Young (Allocation Failure) 57M->57M(65M) 14.079ms
[2020-08-10T13:02:59.154+0300][1118.700s][info ][gc] GC(35544) Pause Young (Allocation Failure) 58M->58M(65M) 14.185ms
[2020-08-10T13:02:59.169+0300][1118.715s][info ][gc] GC(35545) Pause Young (Allocation Failure) 59M->59M(65M) 14.017ms
[2020-08-10T13:02:59.183+0300][1118.729s][info ][gc] GC(35546) Pause Young (Allocation Failure) 60M->60M(65M) 14.146ms
[2020-08-10T13:02:59.198+0300][1118.744s][info ][gc] GC(35547) Pause Young (Allocation Failure) 61M->61M(65M) 14.064ms
[2020-08-10T13:02:59.213+0300][1118.759s][info ][gc] GC(35548) Pause Young (Allocation Failure) 62M->62M(65M) 14.190ms
[2020-08-10T13:02:59.227+0300][1118.773s][info ][gc] GC(35549) Pause Young (Allocation Failure) 63M->63M(65M) 14.026ms
[2020-08-10T13:02:59.370+0300][1118.916s][debug][gc] GC(35550) Expanding ParOldGen from 64000K by 11264K to 75264K
[2020-08-10T13:02:59.370+0300][1118.916s][info ][gc] GC(35550) Pause Full (Ergonomics) 63M->62M(76M) 142.304ms
[2020-08-10T13:02:59.397+0300][1118.943s][info ][gc] GC(35551) Pause Young (Allocation Failure) 63M->63M(76M) 26.993ms
[2020-08-10T13:02:59.412+0300][1118.958s][info ][gc] GC(35552) Pause Young (Allocation Failure) 64M->64M(76M) 14.325ms
[2020-08-10T13:02:59.427+0300][1118.973s][info ][gc] GC(35553) Pause Young (Allocation Failure) 65M->65M(76M) 14.325ms
[2020-08-10T13:02:59.442+0300][1118.988s][info ][gc] GC(35554) Pause Young (Allocation Failure) 66M->66M(76M) 14.275ms
[2020-08-10T13:02:59.457+0300][1119.003s][info ][gc] GC(35555) Pause Young (Allocation Failure) 67M->67M(76M) 14.277ms
[2020-08-10T13:02:59.472+0300][1119.018s][info ][gc] GC(35556) Pause Young (Allocation Failure) 68M->68M(76M) 14.298ms
[2020-08-10T13:02:59.487+0300][1119.033s][info ][gc] GC(35557) Pause Young (Allocation Failure) 69M->69M(76M) 14.243ms
[2020-08-10T13:02:59.502+0300][1119.048s][info ][gc] GC(35558) Pause Young (Allocation Failure) 70M->70M(76M) 14.258ms
[2020-08-10T13:02:59.516+0300][1119.063s][info ][gc] GC(35559) Pause Young (Allocation Failure) 71M->71M(76M) 14.262ms
[2020-08-10T13:02:59.531+0300][1119.077s][info ][gc] GC(35560) Pause Young (Allocation Failure) 72M->72M(76M) 14.294ms
[2020-08-10T13:02:59.546+0300][1119.092s][info ][gc] GC(35561) Pause Young (Allocation Failure) 73M->73M(76M) 14.305ms
[2020-08-10T13:02:59.561+0300][1119.107s][info ][gc] GC(35562) Pause Young (Allocation Failure) 74M->74M(76M) 14.219ms
[2020-08-10T13:02:59.735+0300][1119.281s][debug][gc] GC(35563) Expanding ParOldGen from 75264K by 11264K to 86528K
[2020-08-10T13:02:59.735+0300][1119.281s][info ][gc] GC(35563) Pause Full (Ergonomics) 74M->74M(87M) 173.796ms
[2020-08-10T13:02:59.783+0300][1119.329s][info ][gc] GC(35564) Pause Young (Allocation Failure) 75M->75M(87M) 47.163ms
[2020-08-10T13:02:59.798+0300][1119.344s][info ][gc] GC(35565) Pause Young (Allocation Failure) 76M->76M(87M) 14.429ms
[2020-08-10T13:02:59.813+0300][1119.359s][info ][gc] GC(35566) Pause Young (Allocation Failure) 77M->77M(87M) 14.347ms
[2020-08-10T13:02:59.828+0300][1119.374s][info ][gc] GC(35567) Pause Young (Allocation Failure) 78M->77M(87M) 14.330ms
[2020-08-10T13:02:59.842+0300][1119.388s][info ][gc] GC(35568) Pause Young (Allocation Failure) 78M->78M(87M) 14.215ms
[2020-08-10T13:02:59.857+0300][1119.404s][info ][gc] GC(35569) Pause Young (Allocation Failure) 79M->79M(87M) 14.487ms
[2020-08-10T13:02:59.872+0300][1119.419s][info ][gc] GC(35570) Pause Young (Allocation Failure) 80M->80M(87M) 14.356ms
[2020-08-10T13:02:59.887+0300][1119.433s][info ][gc] GC(35571) Pause Young (Allocation Failure) 81M->81M(87M) 14.304ms
[2020-08-10T13:02:59.902+0300][1119.448s][info ][gc] GC(35572) Pause Young (Allocation Failure) 82M->82M(87M) 14.256ms
[2020-08-10T13:02:59.917+0300][1119.463s][info ][gc] GC(35573) Pause Young (Allocation Failure) 83M->83M(87M) 14.354ms
[2020-08-10T13:02:59.932+0300][1119.478s][info ][gc] GC(35574) Pause Young (Allocation Failure) 84M->84M(87M) 14.442ms
[2020-08-10T13:02:59.947+0300][1119.493s][info ][gc] GC(35575) Pause Young (Allocation Failure) 85M->85M(87M) 14.506ms
[2020-08-10T13:03:00.157+0300][1119.703s][debug][gc] GC(35576) Expanding ParOldGen from 86528K by 11264K to 97792K
[2020-08-10T13:03:00.157+0300][1119.704s][info ][gc] GC(35576) Pause Full (Ergonomics) 85M->85M(98M) 209.868ms
[2020-08-10T13:03:00.191+0300][1119.738s][info ][gc] GC(35577) Pause Young (Allocation Failure) 86M->86M(98M) 33.437ms
[2020-08-10T13:03:00.207+0300][1119.753s][info ][gc] GC(35578) Pause Young (Allocation Failure) 87M->87M(98M) 14.980ms
[2020-08-10T13:03:00.223+0300][1119.769s][info ][gc] GC(35579) Pause Young (Allocation Failure) 88M->88M(98M) 15.230ms
[2020-08-10T13:03:00.238+0300][1119.784s][info ][gc] GC(35580) Pause Young (Allocation Failure) 89M->89M(98M) 14.781ms
[2020-08-10T13:03:00.254+0300][1119.800s][info ][gc] GC(35581) Pause Young (Allocation Failure) 90M->89M(98M) 14.876ms
[2020-08-10T13:03:00.270+0300][1119.816s][info ][gc] GC(35582) Pause Young (Allocation Failure) 90M->90M(98M) 14.962ms
[2020-08-10T13:03:00.285+0300][1119.831s][info ][gc] GC(35583) Pause Young (Allocation Failure) 91M->91M(98M) 15.132ms
[2020-08-10T13:03:00.302+0300][1119.848s][info ][gc] GC(35584) Pause Young (Allocation Failure) 92M->92M(97M) 15.690ms
[2020-08-10T13:03:00.318+0300][1119.864s][info ][gc] GC(35585) Pause Young (Allocation Failure) 93M->93M(97M) 15.185ms
[2020-08-10T13:03:00.333+0300][1119.880s][info ][gc] GC(35586) Pause Young (Allocation Failure) 94M->94M(97M) 15.311ms
[2020-08-10T13:03:00.350+0300][1119.896s][info ][gc] GC(35587) Pause Young (Allocation Failure) 95M->95M(97M) 15.354ms
[2020-08-10T13:03:00.580+0300][1120.126s][debug][gc] GC(35588) Expanding ParOldGen from 97792K by 11264K to 109056K
[2020-08-10T13:03:00.580+0300][1120.126s][info ][gc] GC(35588) Pause Full (Ergonomics) 95M->95M(108M) 230.116ms
[2020-08-10T13:03:00.594+0300][1120.140s][info ][gc] GC(35589) Pause Young (Allocation Failure) 95M->95M(108M) 13.418ms
[2020-08-10T13:03:00.608+0300][1120.154s][info ][gc] GC(35590) Pause Young (Allocation Failure) 96M->96M(108M) 13.483ms
[2020-08-10T13:03:00.622+0300][1120.168s][info ][gc] GC(35591) Pause Young (Allocation Failure) 96M->96M(108M) 13.665ms
[2020-08-10T13:03:00.636+0300][1120.182s][info ][gc] GC(35592) Pause Young (Allocation Failure) 97M->97M(108M) 13.726ms
[2020-08-10T13:03:00.650+0300][1120.196s][info ][gc] GC(35593) Pause Young (Allocation Failure) 97M->97M(108M) 13.733ms
[2020-08-10T13:03:00.664+0300][1120.210s][info ][gc] GC(35594) Pause Young (Allocation Failure) 98M->98M(108M) 13.703ms
[2020-08-10T13:03:00.678+0300][1120.225s][info ][gc] GC(35595) Pause Young (Allocation Failure) 98M->98M(108M) 13.586ms
[2020-08-10T13:03:00.693+0300][1120.239s][info ][gc] GC(35596) Pause Young (Allocation Failure) 99M->99M(108M) 13.715ms
[2020-08-10T13:03:00.707+0300][1120.253s][info ][gc] GC(35597) Pause Young (Allocation Failure) 99M->99M(108M) 13.742ms
[2020-08-10T13:03:00.721+0300][1120.267s][info ][gc] GC(35598) Pause Young (Allocation Failure) 100M->99M(108M) 13.729ms
[2020-08-10T13:03:00.735+0300][1120.281s][info ][gc] GC(35599) Pause Young (Allocation Failure) 100M->100M(108M) 13.625ms
[2020-08-10T13:03:00.750+0300][1120.296s][info ][gc] GC(35600) Pause Young (Allocation Failure) 100M->100M(108M) 13.766ms
[2020-08-10T13:03:00.764+0300][1120.310s][info ][gc] GC(35601) Pause Young (Allocation Failure) 101M->101M(108M) 13.693ms
[2020-08-10T13:03:00.778+0300][1120.324s][info ][gc] GC(35602) Pause Young (Allocation Failure) 101M->101M(108M) 13.640ms
[2020-08-10T13:03:00.792+0300][1120.338s][info ][gc] GC(35603) Pause Young (Allocation Failure) 102M->102M(108M) 13.666ms
[2020-08-10T13:03:00.806+0300][1120.352s][info ][gc] GC(35604) Pause Young (Allocation Failure) 102M->102M(107M) 13.777ms
[2020-08-10T13:03:00.820+0300][1120.367s][info ][gc] GC(35605) Pause Young (Allocation Failure) 103M->103M(108M) 13.682ms
[2020-08-10T13:03:00.835+0300][1120.381s][info ][gc] GC(35606) Pause Young (Allocation Failure) 103M->103M(108M) 13.626ms
[2020-08-10T13:03:00.849+0300][1120.395s][info ][gc] GC(35607) Pause Young (Allocation Failure) 104M->104M(108M) 13.762ms
[2020-08-10T13:03:00.863+0300][1120.409s][info ][gc] GC(35608) Pause Young (Allocation Failure) 104M->104M(108M) 13.693ms
[2020-08-10T13:03:00.877+0300][1120.424s][info ][gc] GC(35609) Pause Young (Allocation Failure) 105M->104M(108M) 13.875ms
[2020-08-10T13:03:00.892+0300][1120.438s][info ][gc] GC(35610) Pause Young (Allocation Failure) 105M->105M(108M) 13.616ms
[2020-08-10T13:03:00.906+0300][1120.452s][info ][gc] GC(35611) Pause Young (Allocation Failure) 105M->105M(108M) 13.621ms
[2020-08-10T13:03:00.920+0300][1120.466s][info ][gc] GC(35612) Pause Young (Allocation Failure) 106M->106M(108M) 13.695ms
[2020-08-10T13:03:01.185+0300][1120.731s][debug][gc] GC(35613) Expanding ParOldGen from 109056K by 10752K to 119808K
[2020-08-10T13:03:01.185+0300][1120.731s][info ][gc] GC(35613) Pause Full (Ergonomics) 106M->106M(118M) 264.689ms
[2020-08-10T13:03:01.199+0300][1120.745s][info ][gc] GC(35614) Pause Young (Allocation Failure) 106M->106M(118M) 13.452ms
[2020-08-10T13:03:01.213+0300][1120.759s][info ][gc] GC(35615) Pause Young (Allocation Failure) 107M->107M(118M) 13.730ms
[2020-08-10T13:03:01.227+0300][1120.773s][info ][gc] GC(35616) Pause Young (Allocation Failure) 107M->107M(118M) 13.562ms
[2020-08-10T13:03:01.241+0300][1120.787s][info ][gc] GC(35617) Pause Young (Allocation Failure) 108M->108M(118M) 13.566ms
[2020-08-10T13:03:01.255+0300][1120.801s][info ][gc] GC(35618) Pause Young (Allocation Failure) 108M->108M(118M) 13.707ms
[2020-08-10T13:03:01.269+0300][1120.815s][info ][gc] GC(35619) Pause Young (Allocation Failure) 108M->108M(118M) 13.731ms
[2020-08-10T13:03:01.283+0300][1120.829s][info ][gc] GC(35620) Pause Young (Allocation Failure) 109M->109M(118M) 13.600ms
[2020-08-10T13:03:01.298+0300][1120.844s][info ][gc] GC(35621) Pause Young (Allocation Failure) 109M->109M(118M) 13.666ms
[2020-08-10T13:03:01.312+0300][1120.858s][info ][gc] GC(35622) Pause Young (Allocation Failure) 110M->110M(118M) 13.771ms
[2020-08-10T13:03:01.326+0300][1120.873s][info ][gc] GC(35623) Pause Young (Allocation Failure) 110M->110M(118M) 14.002ms
[2020-08-10T13:03:01.341+0300][1120.887s][info ][gc] GC(35624) Pause Young (Allocation Failure) 111M->111M(118M) 13.952ms
[2020-08-10T13:03:01.355+0300][1120.901s][info ][gc] GC(35625) Pause Young (Allocation Failure) 111M->111M(118M) 13.670ms
[2020-08-10T13:03:01.369+0300][1120.915s][info ][gc] GC(35626) Pause Young (Allocation Failure) 112M->112M(118M) 13.776ms
[2020-08-10T13:03:01.383+0300][1120.929s][info ][gc] GC(35627) Pause Young (Allocation Failure) 112M->112M(118M) 13.839ms
[2020-08-10T13:03:01.398+0300][1120.944s][info ][gc] GC(35628) Pause Young (Allocation Failure) 113M->113M(118M) 14.323ms
[2020-08-10T13:03:01.413+0300][1120.959s][info ][gc] GC(35629) Pause Young (Allocation Failure) 113M->113M(118M) 14.404ms
[2020-08-10T13:03:01.427+0300][1120.973s][info ][gc] GC(35630) Pause Young (Allocation Failure) 114M->113M(118M) 13.775ms
[2020-08-10T13:03:01.442+0300][1120.988s][info ][gc] GC(35631) Pause Young (Allocation Failure) 114M->114M(118M) 14.419ms
[2020-08-10T13:03:01.457+0300][1121.003s][info ][gc] GC(35632) Pause Young (Allocation Failure) 114M->114M(118M) 14.098ms
[2020-08-10T13:03:01.471+0300][1121.018s][info ][gc] GC(35633) Pause Young (Allocation Failure) 115M->115M(118M) 14.242ms
[2020-08-10T13:03:01.486+0300][1121.032s][info ][gc] GC(35634) Pause Young (Allocation Failure) 115M->115M(118M) 14.008ms
[2020-08-10T13:03:01.500+0300][1121.047s][info ][gc] GC(35635) Pause Young (Allocation Failure) 116M->116M(118M) 14.051ms
[2020-08-10T13:03:01.515+0300][1121.061s][info ][gc] GC(35636) Pause Young (Allocation Failure) 116M->116M(118M) 14.333ms
[2020-08-10T13:03:01.530+0300][1121.076s][info ][gc] GC(35637) Pause Young (Allocation Failure) 117M->117M(118M) 14.343ms
[2020-08-10T13:03:01.820+0300][1121.366s][debug][gc] GC(35638) Expanding ParOldGen from 119808K by 10752K to 130560K
[2020-08-10T13:03:01.821+0300][1121.367s][info ][gc] GC(35638) Pause Full (Ergonomics) 117M->117M(129M) 290.125ms
[2020-08-10T13:03:01.852+0300][1121.398s][info ][gc] GC(35639) Pause Young (Allocation Failure) 117M->117M(129M) 31.040ms
[2020-08-10T13:03:01.868+0300][1121.414s][info ][gc] GC(35640) Pause Young (Allocation Failure) 118M->117M(129M) 15.269ms
[2020-08-10T13:03:01.886+0300][1121.432s][info ][gc] GC(35641) Pause Young (Allocation Failure) 118M->118M(129M) 17.972ms
[2020-08-10T13:03:01.902+0300][1121.448s][info ][gc] GC(35642) Pause Young (Allocation Failure) 118M->118M(129M) 14.847ms
[2020-08-10T13:03:01.917+0300][1121.463s][info ][gc] GC(35643) Pause Young (Allocation Failure) 119M->119M(129M) 15.286ms
[2020-08-10T13:03:01.933+0300][1121.479s][info ][gc] GC(35644) Pause Young (Allocation Failure) 119M->119M(129M) 15.241ms
[2020-08-10T13:03:01.948+0300][1121.495s][info ][gc] GC(35645) Pause Young (Allocation Failure) 120M->120M(129M) 15.020ms
[2020-08-10T13:03:01.964+0300][1121.510s][info ][gc] GC(35646) Pause Young (Allocation Failure) 120M->120M(129M) 15.392ms
[2020-08-10T13:03:01.980+0300][1121.526s][info ][gc] GC(35647) Pause Young (Allocation Failure) 121M->121M(129M) 15.359ms
[2020-08-10T13:03:01.996+0300][1121.542s][info ][gc] GC(35648) Pause Young (Allocation Failure) 121M->121M(129M) 15.315ms
[2020-08-10T13:03:02.012+0300][1121.558s][info ][gc] GC(35649) Pause Young (Allocation Failure) 122M->122M(129M) 15.287ms
[2020-08-10T13:03:02.027+0300][1121.573s][info ][gc] GC(35650) Pause Young (Allocation Failure) 122M->122M(129M) 15.248ms
[2020-08-10T13:03:02.043+0300][1121.589s][info ][gc] GC(35651) Pause Young (Allocation Failure) 123M->123M(129M) 15.417ms
[2020-08-10T13:03:02.059+0300][1121.605s][info ][gc] GC(35652) Pause Young (Allocation Failure) 123M->123M(129M) 15.465ms
[2020-08-10T13:03:02.075+0300][1121.621s][info ][gc] GC(35653) Pause Young (Allocation Failure) 124M->124M(129M) 15.588ms
[2020-08-10T13:03:02.112+0300][1121.658s][info ][gc] GC(35654) Pause Young (Allocation Failure) 124M->124M(129M) 36.153ms
[2020-08-10T13:03:02.128+0300][1121.674s][info ][gc] GC(35655) Pause Young (Allocation Failure) 124M->124M(129M) 15.579ms
[2020-08-10T13:03:02.144+0300][1121.690s][info ][gc] GC(35656) Pause Young (Allocation Failure) 125M->125M(129M) 15.469ms
[2020-08-10T13:03:02.160+0300][1121.706s][info ][gc] GC(35657) Pause Young (Allocation Failure) 125M->125M(129M) 15.712ms
[2020-08-10T13:03:02.176+0300][1121.722s][info ][gc] GC(35658) Pause Young (Allocation Failure) 126M->126M(129M) 15.677ms
[2020-08-10T13:03:02.192+0300][1121.738s][info ][gc] GC(35659) Pause Young (Allocation Failure) 126M->126M(129M) 15.496ms
[2020-08-10T13:03:02.212+0300][1121.758s][info ][gc] GC(35660) Pause Young (Allocation Failure) 127M->127M(129M) 19.021ms
[2020-08-10T13:03:02.227+0300][1121.774s][info ][gc] GC(35661) Pause Young (Allocation Failure) 127M->127M(129M) 15.526ms
[2020-08-10T13:03:02.563+0300][1122.109s][debug][gc] GC(35662) Expanding ParOldGen from 130560K by 10752K to 141312K
[2020-08-10T13:03:02.563+0300][1122.109s][info ][gc] GC(35662) Pause Full (Ergonomics) 127M->127M(139M) 335.063ms
[2020-08-10T13:03:02.577+0300][1122.123s][info ][gc] GC(35663) Pause Young (Allocation Failure) 127M->127M(139M) 14.087ms
[2020-08-10T13:03:02.595+0300][1122.142s][info ][gc] GC(35664) Pause Young (Allocation Failure) 128M->128M(139M) 18.100ms
[2020-08-10T13:03:02.611+0300][1122.157s][info ][gc] GC(35665) Pause Young (Allocation Failure) 128M->128M(139M) 15.328ms
[2020-08-10T13:03:02.627+0300][1122.173s][info ][gc] GC(35666) Pause Young (Allocation Failure) 129M->129M(139M) 15.461ms
[2020-08-10T13:03:02.643+0300][1122.189s][info ][gc] GC(35667) Pause Young (Allocation Failure) 129M->129M(139M) 15.610ms
[2020-08-10T13:03:02.659+0300][1122.205s][info ][gc] GC(35668) Pause Young (Allocation Failure) 130M->130M(139M) 15.390ms
[2020-08-10T13:03:02.675+0300][1122.221s][info ][gc] GC(35669) Pause Young (Allocation Failure) 130M->130M(139M) 15.754ms
[2020-08-10T13:03:02.691+0300][1122.237s][info ][gc] GC(35670) Pause Young (Allocation Failure) 131M->131M(139M) 15.681ms
[2020-08-10T13:03:02.734+0300][1122.280s][info ][gc] GC(35671) Pause Young (Allocation Failure) 131M->131M(139M) 42.395ms
[2020-08-10T13:03:02.765+0300][1122.311s][info ][gc] GC(35672) Pause Young (Allocation Failure) 132M->131M(139M) 30.699ms
[2020-08-10T13:03:02.783+0300][1122.329s][info ][gc] GC(35673) Pause Young (Allocation Failure) 132M->132M(139M) 17.353ms
[2020-08-10T13:03:02.800+0300][1122.346s][info ][gc] GC(35674) Pause Young (Allocation Failure) 132M->132M(139M) 16.447ms
[2020-08-10T13:03:02.816+0300][1122.362s][info ][gc] GC(35675) Pause Young (Allocation Failure) 133M->133M(139M) 15.680ms
[2020-08-10T13:03:02.832+0300][1122.379s][info ][gc] GC(35676) Pause Young (Allocation Failure) 133M->133M(139M) 15.836ms
[2020-08-10T13:03:02.849+0300][1122.395s][info ][gc] GC(35677) Pause Young (Allocation Failure) 134M->134M(139M) 15.938ms
[2020-08-10T13:03:02.865+0300][1122.411s][info ][gc] GC(35678) Pause Young (Allocation Failure) 134M->134M(139M) 15.937ms
[2020-08-10T13:03:02.907+0300][1122.453s][info ][gc] GC(35679) Pause Young (Allocation Failure) 135M->135M(139M) 41.559ms
[2020-08-10T13:03:02.923+0300][1122.470s][info ][gc] GC(35680) Pause Young (Allocation Failure) 135M->135M(139M) 15.963ms
[2020-08-10T13:03:02.924+0300][1122.470s][debug][gc] Expanding ParOldGen from 141312K by 19968K to 161280K
[2020-08-10T13:03:02.948+0300][1122.494s][info ][gc] GC(35681) Pause Young (Allocation Failure) 155M->154M(159M) 15.219ms
[2020-08-10T13:03:02.975+0300][1122.521s][info ][gc] GC(35682) Pause Young (Allocation Failure) 155M->155M(159M) 26.488ms
[2020-08-10T13:03:03.002+0300][1122.548s][info ][gc] GC(35683) Pause Young (Allocation Failure) 155M->155M(159M) 26.185ms
[2020-08-10T13:03:03.028+0300][1122.575s][info ][gc] GC(35684) Pause Young (Allocation Failure) 156M->156M(159M) 26.379ms
[2020-08-10T13:03:03.055+0300][1122.601s][info ][gc] GC(35685) Pause Young (Allocation Failure) 156M->156M(159M) 26.337ms
[2020-08-10T13:03:03.082+0300][1122.628s][info ][gc] GC(35686) Pause Young (Allocation Failure) 157M->157M(159M) 26.041ms
[2020-08-10T13:03:03.108+0300][1122.655s][info ][gc] GC(35687) Pause Young (Allocation Failure) 157M->157M(159M) 26.293ms
[2020-08-10T13:03:03.159+0300][1122.705s][debug][gc] GC(35688) Shrinking ParOldGen from 161280K by 125952K to 35328K
[2020-08-10T13:03:03.159+0300][1122.705s][info ][gc] GC(35688) Pause Full (Ergonomics) 157M->23M(36M) 50.021ms
[2020-08-10T13:03:03.173+0300][1122.719s][info ][gc] GC(35689) Pause Young (Allocation Failure) 24M->24M(36M) 13.642ms
[2020-08-10T13:03:03.187+0300][1122.733s][info ][gc] GC(35690) Pause Young (Allocation Failure) 24M->24M(36M) 13.452ms
[2020-08-10T13:03:03.201+0300][1122.747s][info ][gc] GC(35691) Pause Young (Allocation Failure) 25M->25M(36M) 13.448ms
[2020-08-10T13:03:03.215+0300][1122.761s][info ][gc] GC(35692) Pause Young (Allocation Failure) 25M->25M(36M) 13.506ms
[2020-08-10T13:03:03.229+0300][1122.775s][info ][gc] GC(35693) Pause Young (Allocation Failure) 26M->26M(36M) 13.458ms
[2020-08-10T13:03:03.243+0300][1122.789s][info ][gc] GC(35694) Pause Young (Allocation Failure) 26M->26M(36M) 13.512ms
[2020-08-10T13:03:03.257+0300][1122.803s][info ][gc] GC(35695) Pause Young (Allocation Failure) 27M->27M(36M) 13.397ms
[2020-08-10T13:03:03.271+0300][1122.817s][info ][gc] GC(35696) Pause Young (Allocation Failure) 27M->27M(36M) 13.486ms
[2020-08-10T13:03:03.285+0300][1122.831s][info ][gc] GC(35697) Pause Young (Allocation Failure) 27M->27M(36M) 13.446ms
[2020-08-10T13:03:03.299+0300][1122.845s][info ][gc] GC(35698) Pause Young (Allocation Failure) 28M->28M(36M) 13.471ms
[2020-08-10T13:03:03.312+0300][1122.859s][info ][gc] GC(35699) Pause Young (Allocation Failure) 28M->28M(36M) 13.271ms
[2020-08-10T13:03:03.326+0300][1122.873s][info ][gc] GC(35700) Pause Young (Allocation Failure) 29M->29M(36M) 13.465ms
[2020-08-10T13:03:03.340+0300][1122.886s][info ][gc] GC(35701) Pause Young (Allocation Failure) 29M->29M(36M) 13.434ms
[2020-08-10T13:03:03.354+0300][1122.900s][info ][gc] GC(35702) Pause Young (Allocation Failure) 30M->30M(36M) 13.503ms
[2020-08-10T13:03:03.368+0300][1122.914s][info ][gc] GC(35703) Pause Young (Allocation Failure) 30M->30M(36M) 13.532ms
[2020-08-10T13:03:03.382+0300][1122.929s][info ][gc] GC(35704) Pause Young (Allocation Failure) 31M->31M(36M) 13.586ms
[2020-08-10T13:03:03.397+0300][1122.943s][info ][gc] GC(35705) Pause Young (Allocation Failure) 32M->32M(36M) 13.747ms
[2020-08-10T13:03:03.411+0300][1122.957s][info ][gc] GC(35706) Pause Young (Allocation Failure) 33M->33M(36M) 13.737ms
[2020-08-10T13:03:03.425+0300][1122.972s][info ][gc] GC(35707) Pause Young (Allocation Failure) 34M->33M(36M) 13.875ms
[2020-08-10T13:03:03.440+0300][1122.986s][info ][gc] GC(35708) Pause Young (Allocation Failure) 34M->34M(37M) 14.063ms
[2020-08-10T13:03:03.503+0300][1123.050s][debug][gc] GC(35709) Expanding ParOldGen from 35328K by 11264K to 46592K
[2020-08-10T13:03:03.504+0300][1123.050s][info ][gc] GC(35709) Pause Full (Ergonomics) 34M->34M(48M) 63.337ms
[2020-08-10T13:03:03.521+0300][1123.068s][info ][gc] GC(35710) Pause Young (Allocation Failure) 35M->35M(48M) 17.171ms
[2020-08-10T13:03:03.536+0300][1123.082s][info ][gc] GC(35711) Pause Young (Allocation Failure) 36M->36M(48M) 14.038ms
[2020-08-10T13:03:03.551+0300][1123.097s][info ][gc] GC(35712) Pause Young (Allocation Failure) 37M->37M(48M) 14.063ms
[2020-08-10T13:03:03.565+0300][1123.112s][info ][gc] GC(35713) Pause Young (Allocation Failure) 38M->38M(48M) 13.978ms
[2020-08-10T13:03:03.580+0300][1123.126s][info ][gc] GC(35714) Pause Young (Allocation Failure) 39M->39M(48M) 13.912ms
[2020-08-10T13:03:03.594+0300][1123.141s][info ][gc] GC(35715) Pause Young (Allocation Failure) 40M->40M(48M) 14.053ms
[2020-08-10T13:03:03.609+0300][1123.155s][info ][gc] GC(35716) Pause Young (Allocation Failure) 41M->41M(48M) 14.041ms
[2020-08-10T13:03:03.624+0300][1123.170s][info ][gc] GC(35717) Pause Young (Allocation Failure) 42M->42M(48M) 14.045ms
[2020-08-10T13:03:03.638+0300][1123.185s][info ][gc] GC(35718) Pause Young (Allocation Failure) 43M->43M(48M) 14.019ms
[2020-08-10T13:03:03.653+0300][1123.199s][info ][gc] GC(35719) Pause Young (Allocation Failure) 44M->44M(48M) 13.983ms
[2020-08-10T13:03:03.668+0300][1123.214s][info ][gc] GC(35720) Pause Young (Allocation Failure) 45M->44M(48M) 14.006ms
[2020-08-10T13:03:03.682+0300][1123.228s][info ][gc] GC(35721) Pause Young (Allocation Failure) 45M->45M(48M) 14.028ms
[2020-08-10T13:03:03.774+0300][1123.320s][debug][gc] GC(35722) Expanding ParOldGen from 46592K by 11776K to 58368K
[2020-08-10T13:03:03.774+0300][1123.321s][info ][gc] GC(35722) Pause Full (Ergonomics) 45M->45M(59M) 91.876ms
[2020-08-10T13:03:03.795+0300][1123.341s][info ][gc] GC(35723) Pause Young (Allocation Failure) 46M->46M(59M) 19.955ms
[2020-08-10T13:03:03.809+0300][1123.356s][info ][gc] GC(35724) Pause Young (Allocation Failure) 47M->47M(59M) 14.050ms
[2020-08-10T13:03:03.824+0300][1123.370s][info ][gc] GC(35725) Pause Young (Allocation Failure) 48M->48M(59M) 14.089ms
[2020-08-10T13:03:03.839+0300][1123.385s][info ][gc] GC(35726) Pause Young (Allocation Failure) 49M->49M(59M) 13.972ms
[2020-08-10T13:03:03.854+0300][1123.400s][info ][gc] GC(35727) Pause Young (Allocation Failure) 50M->50M(59M) 14.002ms
[2020-08-10T13:03:03.868+0300][1123.414s][info ][gc] GC(35728) Pause Young (Allocation Failure) 51M->51M(59M) 13.850ms
[2020-08-10T13:03:03.882+0300][1123.429s][info ][gc] GC(35729) Pause Young (Allocation Failure) 52M->52M(59M) 14.132ms
[2020-08-10T13:03:03.897+0300][1123.443s][info ][gc] GC(35730) Pause Young (Allocation Failure) 53M->53M(59M) 14.002ms
[2020-08-10T13:03:03.912+0300][1123.458s][info ][gc] GC(35731) Pause Young (Allocation Failure) 54M->54M(59M) 14.177ms
[2020-08-10T13:03:03.926+0300][1123.473s][info ][gc] GC(35732) Pause Young (Allocation Failure) 55M->55M(59M) 13.927ms
[2020-08-10T13:03:03.941+0300][1123.487s][info ][gc] GC(35733) Pause Young (Allocation Failure) 56M->56M(59M) 14.143ms
[2020-08-10T13:03:03.955+0300][1123.502s][info ][gc] GC(35734) Pause Young (Allocation Failure) 57M->57M(59M) 13.754ms
[2020-08-10T13:03:04.080+0300][1123.626s][debug][gc] GC(35735) Expanding ParOldGen from 58368K by 11776K to 70144K
[2020-08-10T13:03:04.080+0300][1123.627s][info ][gc] GC(35735) Pause Full (Ergonomics) 57M->56M(71M) 124.886ms
[2020-08-10T13:03:04.094+0300][1123.641s][info ][gc] GC(35736) Pause Young (Allocation Failure) 57M->57M(71M) 13.507ms
[2020-08-10T13:03:04.109+0300][1123.655s][info ][gc] GC(35737) Pause Young (Allocation Failure) 58M->58M(71M) 13.805ms
[2020-08-10T13:03:04.123+0300][1123.669s][info ][gc] GC(35738) Pause Young (Allocation Failure) 59M->59M(71M) 13.678ms
[2020-08-10T13:03:04.137+0300][1123.684s][info ][gc] GC(35739) Pause Young (Allocation Failure) 60M->60M(71M) 13.921ms
[2020-08-10T13:03:04.152+0300][1123.698s][info ][gc] GC(35740) Pause Young (Allocation Failure) 61M->61M(71M) 13.933ms
[2020-08-10T13:03:04.166+0300][1123.713s][info ][gc] GC(35741) Pause Young (Allocation Failure) 62M->62M(71M) 13.907ms
[2020-08-10T13:03:04.181+0300][1123.727s][info ][gc] GC(35742) Pause Young (Allocation Failure) 63M->63M(71M) 13.944ms
[2020-08-10T13:03:04.196+0300][1123.742s][info ][gc] GC(35743) Pause Young (Allocation Failure) 64M->64M(71M) 13.963ms
[2020-08-10T13:03:04.210+0300][1123.756s][info ][gc] GC(35744) Pause Young (Allocation Failure) 65M->65M(71M) 13.841ms
[2020-08-10T13:03:04.225+0300][1123.771s][info ][gc] GC(35745) Pause Young (Allocation Failure) 66M->66M(71M) 13.907ms
[2020-08-10T13:03:04.239+0300][1123.785s][info ][gc] GC(35746) Pause Young (Allocation Failure) 67M->67M(71M) 13.795ms
[2020-08-10T13:03:04.254+0300][1123.800s][info ][gc] GC(35747) Pause Young (Allocation Failure) 68M->68M(71M) 13.921ms
[2020-08-10T13:03:04.268+0300][1123.814s][info ][gc] GC(35748) Pause Young (Allocation Failure) 69M->69M(71M) 14.115ms
[2020-08-10T13:03:04.422+0300][1123.969s][debug][gc] GC(35749) Expanding ParOldGen from 70144K by 11776K to 81920K
[2020-08-10T13:03:04.423+0300][1123.969s][info ][gc] GC(35749) Pause Full (Ergonomics) 69M->68M(82M) 154.052ms
[2020-08-10T13:03:04.452+0300][1123.998s][info ][gc] GC(35750) Pause Young (Allocation Failure) 69M->69M(82M) 28.675ms
[2020-08-10T13:03:04.466+0300][1124.013s][info ][gc] GC(35751) Pause Young (Allocation Failure) 70M->70M(82M) 14.208ms
[2020-08-10T13:03:04.481+0300][1124.027s][info ][gc] GC(35752) Pause Young (Allocation Failure) 71M->71M(82M) 14.191ms
[2020-08-10T13:03:04.496+0300][1124.042s][info ][gc] GC(35753) Pause Young (Allocation Failure) 72M->72M(82M) 14.284ms
[2020-08-10T13:03:04.511+0300][1124.057s][info ][gc] GC(35754) Pause Young (Allocation Failure) 73M->73M(82M) 14.252ms
[2020-08-10T13:03:04.526+0300][1124.072s][info ][gc] GC(35755) Pause Young (Allocation Failure) 74M->74M(82M) 14.173ms
[2020-08-10T13:03:04.540+0300][1124.087s][info ][gc] GC(35756) Pause Young (Allocation Failure) 75M->75M(82M) 14.326ms
[2020-08-10T13:03:04.555+0300][1124.102s][info ][gc] GC(35757) Pause Young (Allocation Failure) 76M->76M(82M) 14.352ms
[2020-08-10T13:03:04.570+0300][1124.116s][info ][gc] GC(35758) Pause Young (Allocation Failure) 77M->77M(82M) 14.200ms
[2020-08-10T13:03:04.585+0300][1124.131s][info ][gc] GC(35759) Pause Young (Allocation Failure) 78M->78M(82M) 14.360ms
[2020-08-10T13:03:04.600+0300][1124.146s][info ][gc] GC(35760) Pause Young (Allocation Failure) 79M->79M(82M) 14.282ms
[2020-08-10T13:03:04.615+0300][1124.161s][info ][gc] GC(35761) Pause Young (Allocation Failure) 80M->80M(82M) 14.233ms
[2020-08-10T13:03:04.806+0300][1124.352s][debug][gc] GC(35762) Expanding ParOldGen from 81920K by 11264K to 93184K
[2020-08-10T13:03:04.806+0300][1124.352s][info ][gc] GC(35762) Pause Full (Ergonomics) 80M->80M(93M) 190.449ms
[2020-08-10T13:03:04.837+0300][1124.384s][info ][gc] GC(35763) Pause Young (Allocation Failure) 81M->81M(93M) 31.301ms
[2020-08-10T13:03:04.852+0300][1124.399s][info ][gc] GC(35764) Pause Young (Allocation Failure) 82M->82M(93M) 14.486ms
[2020-08-10T13:03:04.868+0300][1124.414s][info ][gc] GC(35765) Pause Young (Allocation Failure) 83M->83M(93M) 14.455ms
[2020-08-10T13:03:04.883+0300][1124.429s][info ][gc] GC(35766) Pause Young (Allocation Failure) 84M->83M(93M) 14.576ms
[2020-08-10T13:03:04.898+0300][1124.445s][info ][gc] GC(35767) Pause Young (Allocation Failure) 84M->84M(93M) 14.765ms
[2020-08-10T13:03:04.914+0300][1124.460s][info ][gc] GC(35768) Pause Young (Allocation Failure) 85M->85M(93M) 14.749ms
[2020-08-10T13:03:04.929+0300][1124.476s][info ][gc] GC(35769) Pause Young (Allocation Failure) 86M->86M(93M) 15.008ms
[2020-08-10T13:03:04.945+0300][1124.491s][info ][gc] GC(35770) Pause Young (Allocation Failure) 87M->87M(93M) 15.121ms
[2020-08-10T13:03:04.961+0300][1124.507s][info ][gc] GC(35771) Pause Young (Allocation Failure) 88M->88M(93M) 15.092ms
[2020-08-10T13:03:04.976+0300][1124.523s][info ][gc] GC(35772) Pause Young (Allocation Failure) 89M->89M(93M) 15.188ms
[2020-08-10T13:03:04.992+0300][1124.539s][info ][gc] GC(35773) Pause Young (Allocation Failure) 90M->90M(93M) 15.267ms
[2020-08-10T13:03:05.008+0300][1124.554s][info ][gc] GC(35774) Pause Young (Allocation Failure) 91M->91M(93M) 15.163ms
[2020-08-10T13:03:05.290+0300][1124.836s][debug][gc] GC(35775) Expanding ParOldGen from 93184K by 11264K to 104448K
[2020-08-10T13:03:05.290+0300][1124.836s][info ][gc] GC(35775) Pause Full (Ergonomics) 91M->91M(104M) 281.825ms
[2020-08-10T13:03:05.326+0300][1124.872s][info ][gc] GC(35776) Pause Young (Allocation Failure) 92M->92M(104M) 35.054ms
[2020-08-10T13:03:05.342+0300][1124.888s][info ][gc] GC(35777) Pause Young (Allocation Failure) 93M->93M(104M) 15.532ms
[2020-08-10T13:03:05.358+0300][1124.904s][info ][gc] GC(35778) Pause Young (Allocation Failure) 94M->94M(104M) 15.493ms
[2020-08-10T13:03:05.374+0300][1124.920s][info ][gc] GC(35779) Pause Young (Allocation Failure) 95M->95M(104M) 15.558ms
[2020-08-10T13:03:05.391+0300][1124.937s][info ][gc] GC(35780) Pause Young (Allocation Failure) 96M->96M(104M) 15.779ms
[2020-08-10T13:03:05.407+0300][1124.954s][info ][gc] GC(35781) Pause Young (Allocation Failure) 97M->97M(104M) 16.220ms
[2020-08-10T13:03:05.424+0300][1124.970s][info ][gc] GC(35782) Pause Young (Allocation Failure) 98M->98M(104M) 15.948ms
[2020-08-10T13:03:05.440+0300][1124.987s][info ][gc] GC(35783) Pause Young (Allocation Failure) 99M->99M(104M) 15.840ms
[2020-08-10T13:03:05.457+0300][1125.003s][info ][gc] GC(35784) Pause Young (Allocation Failure) 100M->100M(104M) 15.939ms
[2020-08-10T13:03:05.474+0300][1125.020s][info ][gc] GC(35785) Pause Young (Allocation Failure) 101M->101M(104M) 16.118ms
[2020-08-10T13:03:05.491+0300][1125.037s][info ][gc] GC(35786) Pause Young (Allocation Failure) 102M->101M(104M) 16.382ms
[2020-08-10T13:03:05.747+0300][1125.293s][debug][gc] GC(35787) Expanding ParOldGen from 104448K by 11264K to 115712K
[2020-08-10T13:03:05.747+0300][1125.294s][info ][gc] GC(35787) Pause Full (Ergonomics) 101M->101M(115M) 256.551ms
[2020-08-10T13:03:05.761+0300][1125.308s][info ][gc] GC(35788) Pause Young (Allocation Failure) 102M->102M(115M) 13.628ms
[2020-08-10T13:03:05.778+0300][1125.324s][info ][gc] GC(35789) Pause Young (Allocation Failure) 103M->103M(115M) 15.883ms
[2020-08-10T13:03:05.795+0300][1125.341s][info ][gc] GC(35790) Pause Young (Allocation Failure) 104M->104M(115M) 16.255ms
[2020-08-10T13:03:05.812+0300][1125.358s][info ][gc] GC(35791) Pause Young (Allocation Failure) 105M->105M(115M) 16.243ms
[2020-08-10T13:03:05.829+0300][1125.375s][info ][gc] GC(35792) Pause Young (Allocation Failure) 106M->106M(115M) 16.351ms
[2020-08-10T13:03:05.846+0300][1125.392s][info ][gc] GC(35793) Pause Young (Allocation Failure) 107M->107M(115M) 16.377ms
[2020-08-10T13:03:05.862+0300][1125.409s][info ][gc] GC(35794) Pause Young (Allocation Failure) 108M->108M(115M) 16.365ms
[2020-08-10T13:03:05.879+0300][1125.426s][info ][gc] GC(35795) Pause Young (Allocation Failure) 109M->109M(115M) 16.566ms
[2020-08-10T13:03:05.896+0300][1125.443s][info ][gc] GC(35796) Pause Young (Allocation Failure) 110M->110M(115M) 16.477ms
[2020-08-10T13:03:05.913+0300][1125.460s][info ][gc] GC(35797) Pause Young (Allocation Failure) 111M->111M(115M) 16.550ms
[2020-08-10T13:03:05.931+0300][1125.477s][info ][gc] GC(35798) Pause Young (Allocation Failure) 112M->112M(115M) 16.718ms
[2020-08-10T13:03:05.948+0300][1125.494s][info ][gc] GC(35799) Pause Young (Allocation Failure) 113M->113M(115M) 16.877ms
[2020-08-10T13:03:06.235+0300][1125.782s][debug][gc] GC(35800) Expanding ParOldGen from 115712K by 11264K to 126976K
[2020-08-10T13:03:06.236+0300][1125.782s][info ][gc] GC(35800) Pause Full (Ergonomics) 113M->113M(125M) 287.218ms
[2020-08-10T13:03:06.271+0300][1125.817s][info ][gc] GC(35801) Pause Young (Allocation Failure) 114M->114M(126M) 34.869ms
[2020-08-10T13:03:06.289+0300][1125.836s][info ][gc] GC(35802) Pause Young (Allocation Failure) 115M->115M(126M) 17.778ms
[2020-08-10T13:03:06.308+0300][1125.854s][info ][gc] GC(35803) Pause Young (Allocation Failure) 116M->116M(126M) 17.541ms
[2020-08-10T13:03:06.326+0300][1125.872s][info ][gc] GC(35804) Pause Young (Allocation Failure) 117M->116M(126M) 18.146ms
[2020-08-10T13:03:06.345+0300][1125.891s][info ][gc] GC(35805) Pause Young (Allocation Failure) 117M->117M(126M) 17.934ms
[2020-08-10T13:03:06.363+0300][1125.909s][info ][gc] GC(35806) Pause Young (Allocation Failure) 118M->118M(126M) 17.891ms
[2020-08-10T13:03:06.409+0300][1125.955s][info ][gc] GC(35807) Pause Young (Allocation Failure) 119M->119M(126M) 45.457ms
[2020-08-10T13:03:06.428+0300][1125.974s][info ][gc] GC(35808) Pause Young (Allocation Failure) 120M->120M(126M) 18.301ms
[2020-08-10T13:03:06.446+0300][1125.993s][info ][gc] GC(35809) Pause Young (Allocation Failure) 121M->121M(126M) 18.104ms
[2020-08-10T13:03:06.465+0300][1126.012s][info ][gc] GC(35810) Pause Young (Allocation Failure) 122M->122M(126M) 18.519ms
[2020-08-10T13:03:06.485+0300][1126.031s][info ][gc] GC(35811) Pause Young (Allocation Failure) 123M->123M(126M) 18.643ms
[2020-08-10T13:03:06.503+0300][1126.049s][info ][gc] GC(35812) Pause Young (Allocation Failure) 124M->124M(126M) 17.874ms
[2020-08-10T13:03:06.832+0300][1126.379s][debug][gc] GC(35813) Expanding ParOldGen from 126976K by 11776K to 138752K
[2020-08-10T13:03:06.832+0300][1126.379s][info ][gc] GC(35813) Pause Full (Ergonomics) 124M->124M(138M) 329.109ms
[2020-08-10T13:03:06.866+0300][1126.412s][info ][gc] GC(35814) Pause Young (Allocation Failure) 125M->125M(138M) 33.075ms
[2020-08-10T13:03:06.886+0300][1126.432s][info ][gc] GC(35815) Pause Young (Allocation Failure) 126M->126M(138M) 19.274ms
[2020-08-10T13:03:06.905+0300][1126.451s][info ][gc] GC(35816) Pause Young (Allocation Failure) 127M->127M(138M) 18.731ms
[2020-08-10T13:03:06.924+0300][1126.470s][info ][gc] GC(35817) Pause Young (Allocation Failure) 128M->128M(138M) 18.502ms
[2020-08-10T13:03:06.943+0300][1126.489s][info ][gc] GC(35818) Pause Young (Allocation Failure) 129M->129M(138M) 18.798ms
[2020-08-10T13:03:06.962+0300][1126.509s][info ][gc] GC(35819) Pause Young (Allocation Failure) 130M->130M(138M) 18.845ms
[2020-08-10T13:03:06.981+0300][1126.528s][info ][gc] GC(35820) Pause Young (Allocation Failure) 131M->131M(138M) 18.783ms
[2020-08-10T13:03:07.001+0300][1126.547s][info ][gc] GC(35821) Pause Young (Allocation Failure) 132M->132M(138M) 18.958ms
[2020-08-10T13:03:07.020+0300][1126.567s][info ][gc] GC(35822) Pause Young (Allocation Failure) 133M->133M(138M) 19.208ms
[2020-08-10T13:03:07.040+0300][1126.587s][info ][gc] GC(35823) Pause Young (Allocation Failure) 134M->134M(138M) 19.303ms
[2020-08-10T13:03:07.060+0300][1126.607s][info ][gc] GC(35824) Pause Young (Allocation Failure) 135M->134M(138M) 19.349ms
[2020-08-10T13:03:07.061+0300][1126.607s][debug][gc] Expanding ParOldGen from 138752K by 19968K to 158720K
[2020-08-10T13:03:07.088+0300][1126.634s][info ][gc] GC(35825) Pause Young (Allocation Failure) 155M->154M(157M) 18.873ms
[2020-08-10T13:03:07.117+0300][1126.663s][debug][gc] GC(35826) Shrinking ParOldGen from 158720K by 125440K to 33280K
[2020-08-10T13:03:07.117+0300][1126.663s][info ][gc] GC(35826) Pause Full (Ergonomics) 154M->21M(35M) 29.309ms
[2020-08-10T13:03:07.131+0300][1126.677s][info ][gc] GC(35827) Pause Young (Allocation Failure) 22M->22M(35M) 13.202ms
[2020-08-10T13:03:07.145+0300][1126.691s][info ][gc] GC(35828) Pause Young (Allocation Failure) 23M->23M(35M) 13.835ms
[2020-08-10T13:03:07.159+0300][1126.706s][info ][gc] GC(35829) Pause Young (Allocation Failure) 24M->24M(35M) 13.710ms
[2020-08-10T13:03:07.174+0300][1126.720s][info ][gc] GC(35830) Pause Young (Allocation Failure) 25M->25M(35M) 13.909ms
[2020-08-10T13:03:07.188+0300][1126.735s][info ][gc] GC(35831) Pause Young (Allocation Failure) 26M->26M(35M) 13.977ms
[2020-08-10T13:03:07.203+0300][1126.749s][info ][gc] GC(35832) Pause Young (Allocation Failure) 27M->26M(35M) 14.136ms
[2020-08-10T13:03:07.218+0300][1126.764s][info ][gc] GC(35833) Pause Young (Allocation Failure) 27M->27M(35M) 13.949ms
[2020-08-10T13:03:07.232+0300][1126.779s][info ][gc] GC(35834) Pause Young (Allocation Failure) 28M->28M(35M) 14.007ms
[2020-08-10T13:03:07.247+0300][1126.793s][info ][gc] GC(35835) Pause Young (Allocation Failure) 29M->29M(35M) 13.943ms
[2020-08-10T13:03:07.261+0300][1126.808s][info ][gc] GC(35836) Pause Young (Allocation Failure) 30M->30M(35M) 13.996ms
[2020-08-10T13:03:07.276+0300][1126.822s][info ][gc] GC(35837) Pause Young (Allocation Failure) 31M->31M(35M) 14.067ms
[2020-08-10T13:03:07.291+0300][1126.837s][info ][gc] GC(35838) Pause Young (Allocation Failure) 32M->32M(35M) 14.011ms
[2020-08-10T13:03:07.345+0300][1126.892s][debug][gc] GC(35839) Expanding ParOldGen from 33280K by 11264K to 44544K
[2020-08-10T13:03:07.345+0300][1126.892s][info ][gc] GC(35839) Pause Full (Ergonomics) 32M->32M(46M) 54.450ms
[2020-08-10T13:03:07.363+0300][1126.909s][info ][gc] GC(35840) Pause Young (Allocation Failure) 33M->33M(46M) 16.599ms
[2020-08-10T13:03:07.377+0300][1126.923s][info ][gc] GC(35841) Pause Young (Allocation Failure) 34M->34M(46M) 13.925ms
[2020-08-10T13:03:07.392+0300][1126.938s][info ][gc] GC(35842) Pause Young (Allocation Failure) 35M->35M(46M) 13.878ms
[2020-08-10T13:03:07.406+0300][1126.952s][info ][gc] GC(35843) Pause Young (Allocation Failure) 36M->36M(46M) 14.005ms
[2020-08-10T13:03:07.421+0300][1126.967s][info ][gc] GC(35844) Pause Young (Allocation Failure) 37M->37M(46M) 14.007ms
[2020-08-10T13:03:07.435+0300][1126.981s][info ][gc] GC(35845) Pause Young (Allocation Failure) 38M->38M(46M) 13.872ms
[2020-08-10T13:03:07.449+0300][1126.996s][info ][gc] GC(35846) Pause Young (Allocation Failure) 39M->39M(45M) 13.959ms
[2020-08-10T13:03:07.464+0300][1127.010s][info ][gc] GC(35847) Pause Young (Allocation Failure) 40M->40M(45M) 14.023ms
[2020-08-10T13:03:07.479+0300][1127.025s][info ][gc] GC(35848) Pause Young (Allocation Failure) 41M->41M(45M) 14.119ms
[2020-08-10T13:03:07.493+0300][1127.040s][info ][gc] GC(35849) Pause Young (Allocation Failure) 42M->42M(46M) 13.763ms
[2020-08-10T13:03:07.508+0300][1127.054s][info ][gc] GC(35850) Pause Young (Allocation Failure) 43M->43M(46M) 13.818ms
[2020-08-10T13:03:07.522+0300][1127.068s][info ][gc] GC(35851) Pause Young (Allocation Failure) 44M->43M(46M) 13.931ms
[2020-08-10T13:03:07.611+0300][1127.157s][debug][gc] GC(35852) Expanding ParOldGen from 44544K by 11776K to 56320K
[2020-08-10T13:03:07.611+0300][1127.158s][info ][gc] GC(35852) Pause Full (Ergonomics) 43M->43M(57M) 88.890ms
[2020-08-10T13:03:07.632+0300][1127.179s][info ][gc] GC(35853) Pause Young (Allocation Failure) 44M->44M(57M) 20.486ms
[2020-08-10T13:03:07.647+0300][1127.193s][info ][gc] GC(35854) Pause Young (Allocation Failure) 45M->45M(57M) 13.905ms
[2020-08-10T13:03:07.661+0300][1127.208s][info ][gc] GC(35855) Pause Young (Allocation Failure) 46M->46M(57M) 14.027ms
[2020-08-10T13:03:07.676+0300][1127.222s][info ][gc] GC(35856) Pause Young (Allocation Failure) 47M->47M(57M) 14.071ms
[2020-08-10T13:03:07.690+0300][1127.237s][info ][gc] GC(35857) Pause Young (Allocation Failure) 48M->48M(57M) 13.958ms
[2020-08-10T13:03:07.705+0300][1127.251s][info ][gc] GC(35858) Pause Young (Allocation Failure) 49M->49M(57M) 13.985ms
[2020-08-10T13:03:07.719+0300][1127.266s][info ][gc] GC(35859) Pause Young (Allocation Failure) 50M->50M(57M) 13.892ms
[2020-08-10T13:03:07.734+0300][1127.281s][info ][gc] GC(35860) Pause Young (Allocation Failure) 51M->51M(57M) 14.120ms
[2020-08-10T13:03:07.749+0300][1127.295s][info ][gc] GC(35861) Pause Young (Allocation Failure) 52M->52M(57M) 14.032ms
[2020-08-10T13:03:07.764+0300][1127.310s][info ][gc] GC(35862) Pause Young (Allocation Failure) 53M->53M(57M) 13.996ms
[2020-08-10T13:03:07.779+0300][1127.324s][info ][gc] GC(35863) Pause Young (Allocation Failure) 54M->54M(57M) 14.053ms
[2020-08-10T13:03:07.794+0300][1127.339s][info ][gc] GC(35864) Pause Young (Allocation Failure) 55M->55M(57M) 14.046ms
[2020-08-10T13:03:07.912+0300][1127.457s][debug][gc] GC(35865) Expanding ParOldGen from 56320K by 11264K to 67584K
[2020-08-10T13:03:07.912+0300][1127.457s][info ][gc] GC(35865) Pause Full (Ergonomics) 55M->55M(68M) 118.070ms
[2020-08-10T13:03:07.935+0300][1127.481s][info ][gc] GC(35866) Pause Young (Allocation Failure) 56M->56M(68M) 22.785ms
[2020-08-10T13:03:07.950+0300][1127.496s][info ][gc] GC(35867) Pause Young (Allocation Failure) 57M->57M(68M) 14.209ms
[2020-08-10T13:03:07.965+0300][1127.510s][info ][gc] GC(35868) Pause Young (Allocation Failure) 58M->57M(68M) 13.865ms
[2020-08-10T13:03:07.979+0300][1127.525s][info ][gc] GC(35869) Pause Young (Allocation Failure) 58M->58M(68M) 14.456ms
[2020-08-10T13:03:07.994+0300][1127.540s][info ][gc] GC(35870) Pause Young (Allocation Failure) 59M->59M(68M) 14.085ms
[2020-08-10T13:03:08.009+0300][1127.554s][info ][gc] GC(35871) Pause Young (Allocation Failure) 60M->60M(68M) 14.201ms
[2020-08-10T13:03:08.024+0300][1127.569s][info ][gc] GC(35872) Pause Young (Allocation Failure) 61M->61M(68M) 14.150ms
[2020-08-10T13:03:08.038+0300][1127.584s][info ][gc] GC(35873) Pause Young (Allocation Failure) 62M->62M(68M) 14.183ms
[2020-08-10T13:03:08.053+0300][1127.599s][info ][gc] GC(35874) Pause Young (Allocation Failure) 63M->63M(68M) 14.107ms
[2020-08-10T13:03:08.068+0300][1127.613s][info ][gc] GC(35875) Pause Young (Allocation Failure) 64M->64M(68M) 14.244ms
[2020-08-10T13:03:08.083+0300][1127.628s][info ][gc] GC(35876) Pause Young (Allocation Failure) 65M->65M(68M) 14.034ms
[2020-08-10T13:03:08.097+0300][1127.643s][info ][gc] GC(35877) Pause Young (Allocation Failure) 66M->66M(68M) 14.237ms
[2020-08-10T13:03:08.250+0300][1127.796s][debug][gc] GC(35878) Expanding ParOldGen from 67584K by 11776K to 79360K
[2020-08-10T13:03:08.250+0300][1127.796s][info ][gc] GC(35878) Pause Full (Ergonomics) 66M->66M(80M) 152.729ms
[2020-08-10T13:03:08.280+0300][1127.826s][info ][gc] GC(35879) Pause Young (Allocation Failure) 67M->67M(80M) 29.574ms
[2020-08-10T13:03:08.313+0300][1127.859s][info ][gc] GC(35880) Pause Young (Allocation Failure) 68M->68M(80M) 32.450ms
[2020-08-10T13:03:08.328+0300][1127.874s][info ][gc] GC(35881) Pause Young (Allocation Failure) 69M->69M(80M) 14.156ms
[2020-08-10T13:03:08.343+0300][1127.888s][info ][gc] GC(35882) Pause Young (Allocation Failure) 70M->70M(80M) 14.292ms
[2020-08-10T13:03:08.358+0300][1127.903s][info ][gc] GC(35883) Pause Young (Allocation Failure) 71M->71M(80M) 14.147ms
[2020-08-10T13:03:08.372+0300][1127.918s][info ][gc] GC(35884) Pause Young (Allocation Failure) 72M->72M(80M) 14.303ms
[2020-08-10T13:03:08.404+0300][1127.950s][info ][gc] GC(35885) Pause Young (Allocation Failure) 73M->73M(80M) 31.408ms
[2020-08-10T13:03:08.420+0300][1127.965s][info ][gc] GC(35886) Pause Young (Allocation Failure) 74M->74M(80M) 14.928ms
[2020-08-10T13:03:08.435+0300][1127.980s][info ][gc] GC(35887) Pause Young (Allocation Failure) 75M->74M(79M) 14.804ms
[2020-08-10T13:03:08.450+0300][1127.995s][info ][gc] GC(35888) Pause Young (Allocation Failure) 75M->75M(79M) 14.091ms
[2020-08-10T13:03:08.464+0300][1128.010s][info ][gc] GC(35889) Pause Young (Allocation Failure) 76M->76M(79M) 14.221ms
[2020-08-10T13:03:08.689+0300][1128.235s][debug][gc] GC(35890) Expanding ParOldGen from 79360K by 11264K to 90624K
[2020-08-10T13:03:08.689+0300][1128.235s][info ][gc] GC(35890) Pause Full (Ergonomics) 76M->76M(91M) 224.902ms
[2020-08-10T13:03:08.703+0300][1128.249s][info ][gc] GC(35891) Pause Young (Allocation Failure) 77M->77M(91M) 13.533ms
[2020-08-10T13:03:08.718+0300][1128.263s][info ][gc] GC(35892) Pause Young (Allocation Failure) 78M->78M(91M) 13.972ms
[2020-08-10T13:03:08.732+0300][1128.278s][info ][gc] GC(35893) Pause Young (Allocation Failure) 79M->79M(91M) 14.048ms
[2020-08-10T13:03:08.747+0300][1128.292s][info ][gc] GC(35894) Pause Young (Allocation Failure) 80M->80M(91M) 14.007ms
[2020-08-10T13:03:08.762+0300][1128.307s][info ][gc] GC(35895) Pause Young (Allocation Failure) 81M->81M(91M) 14.251ms
[2020-08-10T13:03:08.776+0300][1128.322s][info ][gc] GC(35896) Pause Young (Allocation Failure) 82M->82M(91M) 14.036ms
[2020-08-10T13:03:08.791+0300][1128.337s][info ][gc] GC(35897) Pause Young (Allocation Failure) 83M->83M(91M) 14.098ms
[2020-08-10T13:03:08.806+0300][1128.351s][info ][gc] GC(35898) Pause Young (Allocation Failure) 84M->84M(91M) 14.285ms
[2020-08-10T13:03:08.821+0300][1128.366s][info ][gc] GC(35899) Pause Young (Allocation Failure) 85M->85M(91M) 14.202ms
[2020-08-10T13:03:08.836+0300][1128.381s][info ][gc] GC(35900) Pause Young (Allocation Failure) 86M->86M(91M) 14.487ms
[2020-08-10T13:03:08.851+0300][1128.396s][info ][gc] GC(35901) Pause Young (Allocation Failure) 87M->87M(91M) 14.559ms
[2020-08-10T13:03:08.866+0300][1128.412s][info ][gc] GC(35902) Pause Young (Allocation Failure) 88M->88M(91M) 14.657ms
[2020-08-10T13:03:08.881+0300][1128.427s][info ][gc] GC(35903) Pause Young (Allocation Failure) 89M->89M(91M) 14.853ms
[2020-08-10T13:03:09.097+0300][1128.642s][debug][gc] GC(35904) Expanding ParOldGen from 90624K by 11264K to 101888K
[2020-08-10T13:03:09.097+0300][1128.642s][info ][gc] GC(35904) Pause Full (Ergonomics) 89M->88M(102M) 215.248ms
[2020-08-10T13:03:09.132+0300][1128.677s][info ][gc] GC(35905) Pause Young (Allocation Failure) 89M->89M(102M) 34.110ms
[2020-08-10T13:03:09.148+0300][1128.693s][info ][gc] GC(35906) Pause Young (Allocation Failure) 90M->90M(102M) 15.132ms
[2020-08-10T13:03:09.163+0300][1128.709s][info ][gc] GC(35907) Pause Young (Allocation Failure) 91M->91M(102M) 15.333ms
[2020-08-10T13:03:09.179+0300][1128.725s][info ][gc] GC(35908) Pause Young (Allocation Failure) 92M->92M(102M) 15.237ms
[2020-08-10T13:03:09.195+0300][1128.741s][info ][gc] GC(35909) Pause Young (Allocation Failure) 93M->93M(102M) 15.491ms
[2020-08-10T13:03:09.211+0300][1128.757s][info ][gc] GC(35910) Pause Young (Allocation Failure) 94M->94M(102M) 15.468ms
[2020-08-10T13:03:09.228+0300][1128.773s][info ][gc] GC(35911) Pause Young (Allocation Failure) 95M->95M(102M) 15.582ms
[2020-08-10T13:03:09.244+0300][1128.790s][info ][gc] GC(35912) Pause Young (Allocation Failure) 96M->96M(102M) 15.972ms
[2020-08-10T13:03:09.260+0300][1128.806s][info ][gc] GC(35913) Pause Young (Allocation Failure) 97M->97M(102M) 15.722ms
[2020-08-10T13:03:09.277+0300][1128.822s][info ][gc] GC(35914) Pause Young (Allocation Failure) 98M->98M(102M) 15.769ms
[2020-08-10T13:03:09.293+0300][1128.839s][info ][gc] GC(35915) Pause Young (Allocation Failure) 99M->99M(102M) 15.943ms
[2020-08-10T13:03:09.541+0300][1129.087s][debug][gc] GC(35916) Expanding ParOldGen from 101888K by 11264K to 113152K
[2020-08-10T13:03:09.542+0300][1129.087s][info ][gc] GC(35916) Pause Full (Ergonomics) 99M->99M(113M) 247.970ms
[2020-08-10T13:03:09.556+0300][1129.101s][info ][gc] GC(35917) Pause Young (Allocation Failure) 100M->100M(113M) 13.698ms
[2020-08-10T13:03:09.572+0300][1129.117s][info ][gc] GC(35918) Pause Young (Allocation Failure) 101M->101M(113M) 15.679ms
[2020-08-10T13:03:09.588+0300][1129.134s][info ][gc] GC(35919) Pause Young (Allocation Failure) 102M->102M(113M) 15.821ms
[2020-08-10T13:03:09.604+0300][1129.150s][info ][gc] GC(35920) Pause Young (Allocation Failure) 103M->103M(113M) 15.751ms
[2020-08-10T13:03:09.621+0300][1129.166s][info ][gc] GC(35921) Pause Young (Allocation Failure) 104M->104M(113M) 15.823ms
[2020-08-10T13:03:09.637+0300][1129.183s][info ][gc] GC(35922) Pause Young (Allocation Failure) 105M->105M(113M) 16.078ms
[2020-08-10T13:03:09.654+0300][1129.199s][info ][gc] GC(35923) Pause Young (Allocation Failure) 106M->106M(113M) 16.274ms
[2020-08-10T13:03:09.671+0300][1129.217s][info ][gc] GC(35924) Pause Young (Allocation Failure) 107M->106M(113M) 16.515ms
[2020-08-10T13:03:09.688+0300][1129.233s][info ][gc] GC(35925) Pause Young (Allocation Failure) 107M->107M(113M) 16.309ms
[2020-08-10T13:03:09.705+0300][1129.251s][info ][gc] GC(35926) Pause Young (Allocation Failure) 108M->108M(113M) 16.516ms
[2020-08-10T13:03:09.722+0300][1129.268s][info ][gc] GC(35927) Pause Young (Allocation Failure) 109M->109M(113M) 16.560ms
[2020-08-10T13:03:09.739+0300][1129.285s][info ][gc] GC(35928) Pause Young (Allocation Failure) 110M->110M(113M) 16.666ms
[2020-08-10T13:03:10.009+0300][1129.554s][debug][gc] GC(35929) Expanding ParOldGen from 113152K by 11264K to 124416K
[2020-08-10T13:03:10.009+0300][1129.554s][info ][gc] GC(35929) Pause Full (Ergonomics) 110M->110M(124M) 269.119ms
[2020-08-10T13:03:10.048+0300][1129.593s][info ][gc] GC(35930) Pause Young (Allocation Failure) 111M->111M(124M) 38.576ms
[2020-08-10T13:03:10.066+0300][1129.611s][info ][gc] GC(35931) Pause Young (Allocation Failure) 112M->112M(124M) 17.210ms
[2020-08-10T13:03:10.083+0300][1129.629s][info ][gc] GC(35932) Pause Young (Allocation Failure) 113M->113M(124M) 17.278ms
[2020-08-10T13:03:10.101+0300][1129.647s][info ][gc] GC(35933) Pause Young (Allocation Failure) 114M->114M(124M) 17.182ms
[2020-08-10T13:03:10.119+0300][1129.665s][info ][gc] GC(35934) Pause Young (Allocation Failure) 115M->115M(124M) 17.538ms
[2020-08-10T13:03:10.137+0300][1129.683s][info ][gc] GC(35935) Pause Young (Allocation Failure) 116M->116M(124M) 17.546ms
[2020-08-10T13:03:10.156+0300][1129.701s][info ][gc] GC(35936) Pause Young (Allocation Failure) 117M->117M(124M) 17.651ms
[2020-08-10T13:03:10.174+0300][1129.720s][info ][gc] GC(35937) Pause Young (Allocation Failure) 118M->118M(124M) 17.664ms
[2020-08-10T13:03:10.192+0300][1129.738s][info ][gc] GC(35938) Pause Young (Allocation Failure) 119M->119M(124M) 17.497ms
[2020-08-10T13:03:10.210+0300][1129.756s][info ][gc] GC(35939) Pause Young (Allocation Failure) 120M->120M(124M) 17.850ms
[2020-08-10T13:03:10.229+0300][1129.775s][info ][gc] GC(35940) Pause Young (Allocation Failure) 121M->121M(124M) 17.826ms
[2020-08-10T13:03:10.248+0300][1129.793s][info ][gc] GC(35941) Pause Young (Allocation Failure) 122M->122M(124M) 18.002ms
[2020-08-10T13:03:10.627+0300][1130.173s][debug][gc] GC(35942) Expanding ParOldGen from 124416K by 11776K to 136192K
[2020-08-10T13:03:10.627+0300][1130.173s][info ][gc] GC(35942) Pause Full (Ergonomics) 122M->121M(135M) 379.202ms
[2020-08-10T13:03:10.664+0300][1130.209s][info ][gc] GC(35943) Pause Young (Allocation Failure) 122M->122M(135M) 36.076ms
[2020-08-10T13:03:10.682+0300][1130.228s][info ][gc] GC(35944) Pause Young (Allocation Failure) 123M->123M(135M) 18.052ms
[2020-08-10T13:03:10.700+0300][1130.246s][info ][gc] GC(35945) Pause Young (Allocation Failure) 124M->124M(135M) 17.855ms
[2020-08-10T13:03:10.719+0300][1130.265s][info ][gc] GC(35946) Pause Young (Allocation Failure) 125M->125M(135M) 18.433ms
[2020-08-10T13:03:10.738+0300][1130.284s][info ][gc] GC(35947) Pause Young (Allocation Failure) 126M->126M(135M) 18.490ms
[2020-08-10T13:03:10.757+0300][1130.302s][info ][gc] GC(35948) Pause Young (Allocation Failure) 127M->127M(135M) 18.369ms
[2020-08-10T13:03:10.776+0300][1130.322s][info ][gc] GC(35949) Pause Young (Allocation Failure) 128M->128M(135M) 18.927ms
[2020-08-10T13:03:10.796+0300][1130.341s][info ][gc] GC(35950) Pause Young (Allocation Failure) 129M->129M(135M) 19.025ms
[2020-08-10T13:03:10.815+0300][1130.360s][info ][gc] GC(35951) Pause Young (Allocation Failure) 130M->130M(135M) 18.264ms
[2020-08-10T13:03:10.834+0300][1130.379s][info ][gc] GC(35952) Pause Young (Allocation Failure) 131M->131M(135M) 18.656ms
[2020-08-10T13:03:10.853+0300][1130.399s][info ][gc] GC(35953) Pause Young (Allocation Failure) 132M->132M(135M) 18.867ms
[2020-08-10T13:03:10.873+0300][1130.418s][info ][gc] GC(35954) Pause Young (Allocation Failure) 133M->133M(135M) 19.008ms
[2020-08-10T13:03:11.230+0300][1130.775s][debug][gc] GC(35955) Expanding ParOldGen from 136192K by 11264K to 147456K
[2020-08-10T13:03:11.230+0300][1130.775s][info ][gc] GC(35955) Pause Full (Ergonomics) 133M->133M(146M) 356.907ms
[2020-08-10T13:03:11.265+0300][1130.810s][info ][gc] GC(35956) Pause Young (Allocation Failure) 134M->134M(146M) 34.510ms
[2020-08-10T13:03:11.284+0300][1130.830s][info ][gc] GC(35957) Pause Young (Allocation Failure) 135M->135M(146M) 19.095ms
[2020-08-10T13:03:11.285+0300][1130.830s][debug][gc] Expanding ParOldGen from 147456K by 19968K to 167424K
[2020-08-10T13:03:11.311+0300][1130.856s][info ][gc] GC(35958) Pause Young (Allocation Failure) 155M->155M(166M) 17.771ms
[2020-08-10T13:03:11.326+0300][1130.872s][info ][gc] GC(35959) Pause Young (Allocation Failure) 156M->156M(166M) 14.920ms
[2020-08-10T13:03:11.341+0300][1130.887s][info ][gc] GC(35960) Pause Young (Allocation Failure) 157M->157M(166M) 14.398ms
[2020-08-10T13:03:11.356+0300][1130.902s][info ][gc] GC(35961) Pause Young (Allocation Failure) 158M->158M(166M) 14.402ms
[2020-08-10T13:03:11.371+0300][1130.917s][info ][gc] GC(35962) Pause Young (Allocation Failure) 159M->158M(166M) 14.347ms
[2020-08-10T13:03:11.386+0300][1130.931s][info ][gc] GC(35963) Pause Young (Allocation Failure) 159M->159M(166M) 14.360ms
[2020-08-10T13:03:11.401+0300][1130.946s][info ][gc] GC(35964) Pause Young (Allocation Failure) 160M->160M(166M) 14.373ms
[2020-08-10T13:03:11.416+0300][1130.961s][info ][gc] GC(35965) Pause Young (Allocation Failure) 161M->161M(166M) 14.368ms
[2020-08-10T13:03:11.431+0300][1130.976s][info ][gc] GC(35966) Pause Young (Allocation Failure) 162M->162M(166M) 14.323ms
[2020-08-10T13:03:11.447+0300][1130.992s][info ][gc] GC(35967) Pause Young (Allocation Failure) 163M->163M(166M) 15.611ms
[2020-08-10T13:03:11.516+0300][1131.062s][debug][gc] GC(35968) Shrinking ParOldGen from 167424K by 124928K to 42496K
[2020-08-10T13:03:11.517+0300][1131.062s][info ][gc] GC(35968) Pause Full (Ergonomics) 163M->30M(44M) 69.611ms
[2020-08-10T13:03:11.544+0300][1131.090s][info ][gc] GC(35969) Pause Young (Allocation Failure) 31M->30M(44M) 27.010ms
[2020-08-10T13:03:11.562+0300][1131.108s][info ][gc] GC(35970) Pause Young (Allocation Failure) 31M->31M(44M) 17.772ms
[2020-08-10T13:03:11.587+0300][1131.133s][info ][gc] GC(35971) Pause Young (Allocation Failure) 32M->32M(44M) 24.693ms
[2020-08-10T13:03:11.602+0300][1131.148s][info ][gc] GC(35972) Pause Young (Allocation Failure) 33M->33M(44M) 13.862ms
[2020-08-10T13:03:11.616+0300][1131.162s][info ][gc] GC(35973) Pause Young (Allocation Failure) 34M->34M(44M) 13.787ms
[2020-08-10T13:03:11.636+0300][1131.182s][info ][gc] GC(35974) Pause Young (Allocation Failure) 35M->35M(43M) 19.493ms
[2020-08-10T13:03:11.651+0300][1131.196s][info ][gc] GC(35975) Pause Young (Allocation Failure) 36M->36M(43M) 13.874ms
[2020-08-10T13:03:11.665+0300][1131.211s][info ][gc] GC(35976) Pause Young (Allocation Failure) 37M->37M(43M) 13.842ms
[2020-08-10T13:03:11.679+0300][1131.225s][info ][gc] GC(35977) Pause Young (Allocation Failure) 38M->38M(43M) 13.878ms
[2020-08-10T13:03:11.694+0300][1131.240s][info ][gc] GC(35978) Pause Young (Allocation Failure) 39M->39M(43M) 14.018ms
[2020-08-10T13:03:11.709+0300][1131.254s][info ][gc] GC(35979) Pause Young (Allocation Failure) 40M->40M(43M) 13.898ms
[2020-08-10T13:03:11.723+0300][1131.269s][info ][gc] GC(35980) Pause Young (Allocation Failure) 41M->41M(43M) 13.864ms
[2020-08-10T13:03:11.803+0300][1131.349s][debug][gc] GC(35981) Expanding ParOldGen from 42496K by 11264K to 53760K
[2020-08-10T13:03:11.803+0300][1131.349s][info ][gc] GC(35981) Pause Full (Ergonomics) 41M->41M(54M) 79.673ms
[2020-08-10T13:03:11.817+0300][1131.363s][info ][gc] GC(35982) Pause Young (Allocation Failure) 42M->42M(54M) 13.501ms
[2020-08-10T13:03:11.832+0300][1131.377s][info ][gc] GC(35983) Pause Young (Allocation Failure) 43M->43M(54M) 13.863ms
[2020-08-10T13:03:11.846+0300][1131.392s][info ][gc] GC(35984) Pause Young (Allocation Failure) 44M->44M(54M) 13.984ms
[2020-08-10T13:03:11.861+0300][1131.406s][info ][gc] GC(35985) Pause Young (Allocation Failure) 45M->45M(54M) 13.941ms
[2020-08-10T13:03:11.875+0300][1131.421s][info ][gc] GC(35986) Pause Young (Allocation Failure) 46M->46M(54M) 13.995ms
[2020-08-10T13:03:11.890+0300][1131.436s][info ][gc] GC(35987) Pause Young (Allocation Failure) 47M->47M(54M) 13.823ms
[2020-08-10T13:03:11.904+0300][1131.450s][info ][gc] GC(35988) Pause Young (Allocation Failure) 48M->47M(54M) 13.990ms
[2020-08-10T13:03:11.919+0300][1131.465s][info ][gc] GC(35989) Pause Young (Allocation Failure) 48M->48M(54M) 14.005ms
[2020-08-10T13:03:11.934+0300][1131.480s][info ][gc] GC(35990) Pause Young (Allocation Failure) 49M->49M(54M) 13.902ms
[2020-08-10T13:03:11.949+0300][1131.494s][info ][gc] GC(35991) Pause Young (Allocation Failure) 50M->50M(54M) 14.046ms
[2020-08-10T13:03:11.963+0300][1131.509s][info ][gc] GC(35992) Pause Young (Allocation Failure) 51M->51M(54M) 14.019ms
[2020-08-10T13:03:11.978+0300][1131.524s][info ][gc] GC(35993) Pause Young (Allocation Failure) 52M->52M(54M) 14.049ms
[2020-08-10T13:03:12.090+0300][1131.635s][debug][gc] GC(35994) Expanding ParOldGen from 53760K by 11264K to 65024K
[2020-08-10T13:03:12.090+0300][1131.636s][info ][gc] GC(35994) Pause Full (Ergonomics) 52M->52M(65M) 111.865ms
[2020-08-10T13:03:12.112+0300][1131.658s][info ][gc] GC(35995) Pause Young (Allocation Failure) 53M->53M(65M) 21.614ms
[2020-08-10T13:03:12.127+0300][1131.673s][info ][gc] GC(35996) Pause Young (Allocation Failure) 54M->54M(65M) 14.239ms
[2020-08-10T13:03:12.142+0300][1131.687s][info ][gc] GC(35997) Pause Young (Allocation Failure) 55M->55M(65M) 14.053ms
[2020-08-10T13:03:12.156+0300][1131.702s][info ][gc] GC(35998) Pause Young (Allocation Failure) 56M->56M(65M) 14.248ms
[2020-08-10T13:03:12.171+0300][1131.717s][info ][gc] GC(35999) Pause Young (Allocation Failure) 57M->57M(65M) 14.114ms
[2020-08-10T13:03:12.186+0300][1131.732s][info ][gc] GC(36000) Pause Young (Allocation Failure) 58M->58M(65M) 14.234ms
[2020-08-10T13:03:12.201+0300][1131.746s][info ][gc] GC(36001) Pause Young (Allocation Failure) 59M->59M(65M) 13.970ms
[2020-08-10T13:03:12.215+0300][1131.761s][info ][gc] GC(36002) Pause Young (Allocation Failure) 60M->60M(65M) 14.200ms
[2020-08-10T13:03:12.230+0300][1131.776s][info ][gc] GC(36003) Pause Young (Allocation Failure) 61M->61M(65M) 14.068ms
[2020-08-10T13:03:12.245+0300][1131.790s][info ][gc] GC(36004) Pause Young (Allocation Failure) 62M->62M(65M) 14.190ms
[2020-08-10T13:03:12.259+0300][1131.805s][info ][gc] GC(36005) Pause Young (Allocation Failure) 63M->63M(65M) 14.112ms
[2020-08-10T13:03:12.274+0300][1131.820s][info ][gc] GC(36006) Pause Young (Allocation Failure) 64M->64M(65M) 14.195ms
[2020-08-10T13:03:12.416+0300][1131.962s][debug][gc] GC(36007) Expanding ParOldGen from 65024K by 11776K to 76800K
[2020-08-10T13:03:12.416+0300][1131.962s][info ][gc] GC(36007) Pause Full (Ergonomics) 64M->63M(77M) 141.768ms
[2020-08-10T13:03:12.443+0300][1131.989s][info ][gc] GC(36008) Pause Young (Allocation Failure) 64M->64M(77M) 26.573ms
[2020-08-10T13:03:12.458+0300][1132.004s][info ][gc] GC(36009) Pause Young (Allocation Failure) 65M->65M(77M) 14.262ms
[2020-08-10T13:03:12.473+0300][1132.019s][info ][gc] GC(36010) Pause Young (Allocation Failure) 66M->66M(77M) 14.184ms
[2020-08-10T13:03:12.488+0300][1132.034s][info ][gc] GC(36011) Pause Young (Allocation Failure) 67M->67M(77M) 14.207ms
[2020-08-10T13:03:12.502+0300][1132.048s][info ][gc] GC(36012) Pause Young (Allocation Failure) 68M->68M(77M) 13.903ms
[2020-08-10T13:03:12.517+0300][1132.063s][info ][gc] GC(36013) Pause Young (Allocation Failure) 69M->69M(77M) 14.301ms
[2020-08-10T13:03:12.532+0300][1132.078s][info ][gc] GC(36014) Pause Young (Allocation Failure) 70M->70M(77M) 14.326ms
[2020-08-10T13:03:12.547+0300][1132.092s][info ][gc] GC(36015) Pause Young (Allocation Failure) 71M->71M(77M) 14.239ms
[2020-08-10T13:03:12.561+0300][1132.107s][info ][gc] GC(36016) Pause Young (Allocation Failure) 72M->72M(77M) 14.215ms
[2020-08-10T13:03:12.576+0300][1132.122s][info ][gc] GC(36017) Pause Young (Allocation Failure) 73M->73M(77M) 14.166ms
[2020-08-10T13:03:12.591+0300][1132.136s][info ][gc] GC(36018) Pause Young (Allocation Failure) 74M->74M(77M) 14.145ms
[2020-08-10T13:03:12.605+0300][1132.151s][info ][gc] GC(36019) Pause Young (Allocation Failure) 75M->75M(77M) 14.191ms
[2020-08-10T13:03:12.781+0300][1132.326s][debug][gc] GC(36020) Expanding ParOldGen from 76800K by 11264K to 88064K
[2020-08-10T13:03:12.781+0300][1132.326s][info ][gc] GC(36020) Pause Full (Ergonomics) 75M->75M(88M) 175.295ms
[2020-08-10T13:03:12.830+0300][1132.375s][info ][gc] GC(36021) Pause Young (Allocation Failure) 76M->76M(88M) 48.347ms
[2020-08-10T13:03:12.845+0300][1132.390s][info ][gc] GC(36022) Pause Young (Allocation Failure) 77M->77M(88M) 14.244ms
[2020-08-10T13:03:12.859+0300][1132.405s][info ][gc] GC(36023) Pause Young (Allocation Failure) 78M->78M(88M) 14.166ms
[2020-08-10T13:03:12.874+0300][1132.419s][info ][gc] GC(36024) Pause Young (Allocation Failure) 79M->78M(88M) 14.163ms
[2020-08-10T13:03:12.888+0300][1132.434s][info ][gc] GC(36025) Pause Young (Allocation Failure) 79M->79M(88M) 14.342ms
[2020-08-10T13:03:12.903+0300][1132.449s][info ][gc] GC(36026) Pause Young (Allocation Failure) 80M->80M(88M) 14.397ms
[2020-08-10T13:03:12.918+0300][1132.464s][info ][gc] GC(36027) Pause Young (Allocation Failure) 81M->81M(88M) 14.217ms
[2020-08-10T13:03:12.933+0300][1132.479s][info ][gc] GC(36028) Pause Young (Allocation Failure) 82M->82M(88M) 14.258ms
[2020-08-10T13:03:12.948+0300][1132.493s][info ][gc] GC(36029) Pause Young (Allocation Failure) 83M->83M(88M) 14.450ms
[2020-08-10T13:03:12.963+0300][1132.509s][info ][gc] GC(36030) Pause Young (Allocation Failure) 84M->84M(88M) 14.475ms
[2020-08-10T13:03:12.978+0300][1132.524s][info ][gc] GC(36031) Pause Young (Allocation Failure) 85M->85M(88M) 14.422ms
[2020-08-10T13:03:12.993+0300][1132.539s][info ][gc] GC(36032) Pause Young (Allocation Failure) 86M->86M(87M) 14.724ms
[2020-08-10T13:03:13.242+0300][1132.788s][debug][gc] GC(36033) Expanding ParOldGen from 88064K by 11264K to 99328K
[2020-08-10T13:03:13.242+0300][1132.788s][info ][gc] GC(36033) Pause Full (Ergonomics) 86M->86M(98M) 248.957ms
[2020-08-10T13:03:13.275+0300][1132.821s][info ][gc] GC(36034) Pause Young (Allocation Failure) 86M->87M(99M) 32.294ms
[2020-08-10T13:03:13.289+0300][1132.835s][info ][gc] GC(36035) Pause Young (Allocation Failure) 87M->87M(99M) 13.727ms
[2020-08-10T13:03:13.303+0300][1132.849s][info ][gc] GC(36036) Pause Young (Allocation Failure) 87M->87M(99M) 13.744ms
[2020-08-10T13:03:13.317+0300][1132.863s][info ][gc] GC(36037) Pause Young (Allocation Failure) 88M->88M(99M) 13.690ms
[2020-08-10T13:03:13.331+0300][1132.877s][info ][gc] GC(36038) Pause Young (Allocation Failure) 88M->88M(99M) 13.871ms
[2020-08-10T13:03:13.346+0300][1132.891s][info ][gc] GC(36039) Pause Young (Allocation Failure) 89M->89M(99M) 13.867ms
[2020-08-10T13:03:13.360+0300][1132.906s][info ][gc] GC(36040) Pause Young (Allocation Failure) 89M->89M(99M) 13.917ms
[2020-08-10T13:03:13.374+0300][1132.920s][info ][gc] GC(36041) Pause Young (Allocation Failure) 90M->90M(99M) 13.947ms
[2020-08-10T13:03:13.389+0300][1132.935s][info ][gc] GC(36042) Pause Young (Allocation Failure) 90M->90M(99M) 13.890ms
[2020-08-10T13:03:13.403+0300][1132.949s][info ][gc] GC(36043) Pause Young (Allocation Failure) 91M->91M(99M) 13.878ms
[2020-08-10T13:03:13.418+0300][1132.963s][info ][gc] GC(36044) Pause Young (Allocation Failure) 91M->91M(99M) 13.890ms
[2020-08-10T13:03:13.432+0300][1132.978s][info ][gc] GC(36045) Pause Young (Allocation Failure) 92M->92M(99M) 13.858ms
[2020-08-10T13:03:13.446+0300][1132.992s][info ][gc] GC(36046) Pause Young (Allocation Failure) 92M->92M(99M) 13.866ms
[2020-08-10T13:03:13.461+0300][1133.006s][info ][gc] GC(36047) Pause Young (Allocation Failure) 92M->92M(99M) 13.861ms
[2020-08-10T13:03:13.475+0300][1133.021s][info ][gc] GC(36048) Pause Young (Allocation Failure) 93M->93M(99M) 13.702ms
[2020-08-10T13:03:13.489+0300][1133.035s][info ][gc] GC(36049) Pause Young (Allocation Failure) 93M->93M(99M) 13.879ms
[2020-08-10T13:03:13.503+0300][1133.049s][info ][gc] GC(36050) Pause Young (Allocation Failure) 94M->94M(98M) 14.012ms
[2020-08-10T13:03:13.518+0300][1133.063s][info ][gc] GC(36051) Pause Young (Allocation Failure) 94M->94M(98M) 13.853ms
[2020-08-10T13:03:13.532+0300][1133.078s][info ][gc] GC(36052) Pause Young (Allocation Failure) 95M->95M(98M) 13.866ms
[2020-08-10T13:03:13.547+0300][1133.092s][info ][gc] GC(36053) Pause Young (Allocation Failure) 95M->95M(98M) 13.990ms
[2020-08-10T13:03:13.561+0300][1133.107s][info ][gc] GC(36054) Pause Young (Allocation Failure) 96M->96M(98M) 13.783ms
[2020-08-10T13:03:13.575+0300][1133.121s][info ][gc] GC(36055) Pause Young (Allocation Failure) 96M->96M(98M) 14.209ms
[2020-08-10T13:03:13.589+0300][1133.135s][info ][gc] GC(36056) Pause Young (Allocation Failure) 97M->97M(98M) 13.733ms
[2020-08-10T13:03:13.821+0300][1133.366s][debug][gc] GC(36057) Expanding ParOldGen from 99328K by 11264K to 110592K
[2020-08-10T13:03:13.821+0300][1133.367s][info ][gc] GC(36057) Pause Full (Ergonomics) 97M->96M(109M) 231.333ms
[2020-08-10T13:03:13.835+0300][1133.380s][info ][gc] GC(36058) Pause Young (Allocation Failure) 97M->97M(109M) 13.457ms
[2020-08-10T13:03:13.849+0300][1133.395s][info ][gc] GC(36059) Pause Young (Allocation Failure) 97M->97M(109M) 13.678ms
[2020-08-10T13:03:13.863+0300][1133.409s][info ][gc] GC(36060) Pause Young (Allocation Failure) 98M->98M(109M) 13.566ms
[2020-08-10T13:03:13.877+0300][1133.423s][info ][gc] GC(36061) Pause Young (Allocation Failure) 98M->98M(109M) 13.690ms
[2020-08-10T13:03:13.891+0300][1133.437s][info ][gc] GC(36062) Pause Young (Allocation Failure) 99M->99M(109M) 13.589ms
[2020-08-10T13:03:13.905+0300][1133.451s][info ][gc] GC(36063) Pause Young (Allocation Failure) 99M->99M(109M) 13.636ms
[2020-08-10T13:03:13.919+0300][1133.465s][info ][gc] GC(36064) Pause Young (Allocation Failure) 100M->100M(109M) 13.526ms
[2020-08-10T13:03:13.933+0300][1133.479s][info ][gc] GC(36065) Pause Young (Allocation Failure) 100M->100M(109M) 13.633ms
[2020-08-10T13:03:13.948+0300][1133.493s][info ][gc] GC(36066) Pause Young (Allocation Failure) 101M->101M(109M) 13.692ms
[2020-08-10T13:03:13.962+0300][1133.507s][info ][gc] GC(36067) Pause Young (Allocation Failure) 101M->101M(109M) 13.620ms
[2020-08-10T13:03:13.976+0300][1133.522s][info ][gc] GC(36068) Pause Young (Allocation Failure) 102M->101M(109M) 13.622ms
[2020-08-10T13:03:13.990+0300][1133.536s][info ][gc] GC(36069) Pause Young (Allocation Failure) 102M->102M(109M) 13.714ms
[2020-08-10T13:03:14.004+0300][1133.550s][info ][gc] GC(36070) Pause Young (Allocation Failure) 102M->102M(109M) 13.703ms
[2020-08-10T13:03:14.018+0300][1133.564s][info ][gc] GC(36071) Pause Young (Allocation Failure) 103M->103M(109M) 13.709ms
[2020-08-10T13:03:14.048+0300][1133.594s][info ][gc] GC(36072) Pause Young (Allocation Failure) 103M->103M(109M) 29.555ms
[2020-08-10T13:03:14.063+0300][1133.609s][info ][gc] GC(36073) Pause Young (Allocation Failure) 104M->104M(109M) 14.032ms
[2020-08-10T13:03:14.077+0300][1133.623s][info ][gc] GC(36074) Pause Young (Allocation Failure) 104M->104M(109M) 13.580ms
[2020-08-10T13:03:14.091+0300][1133.636s][info ][gc] GC(36075) Pause Young (Allocation Failure) 105M->105M(109M) 13.500ms
[2020-08-10T13:03:14.105+0300][1133.650s][info ][gc] GC(36076) Pause Young (Allocation Failure) 105M->105M(109M) 13.641ms
[2020-08-10T13:03:14.119+0300][1133.665s][info ][gc] GC(36077) Pause Young (Allocation Failure) 106M->106M(109M) 13.768ms
[2020-08-10T13:03:14.133+0300][1133.679s][info ][gc] GC(36078) Pause Young (Allocation Failure) 106M->106M(109M) 13.735ms
[2020-08-10T13:03:14.147+0300][1133.693s][info ][gc] GC(36079) Pause Young (Allocation Failure) 107M->106M(109M) 13.693ms
[2020-08-10T13:03:14.162+0300][1133.707s][info ][gc] GC(36080) Pause Young (Allocation Failure) 107M->107M(109M) 13.789ms
[2020-08-10T13:03:14.176+0300][1133.722s][info ][gc] GC(36081) Pause Young (Allocation Failure) 107M->107M(109M) 13.759ms
[2020-08-10T13:03:14.190+0300][1133.736s][info ][gc] GC(36082) Pause Young (Allocation Failure) 108M->108M(109M) 13.750ms
[2020-08-10T13:03:14.458+0300][1134.003s][debug][gc] GC(36083) Expanding ParOldGen from 110592K by 10752K to 121344K
[2020-08-10T13:03:14.458+0300][1134.004s][info ][gc] GC(36083) Pause Full (Ergonomics) 108M->108M(120M) 267.520ms
[2020-08-10T13:03:14.499+0300][1134.045s][info ][gc] GC(36084) Pause Young (Allocation Failure) 108M->108M(120M) 40.796ms
[2020-08-10T13:03:14.514+0300][1134.060s][info ][gc] GC(36085) Pause Young (Allocation Failure) 109M->109M(120M) 14.193ms
[2020-08-10T13:03:14.528+0300][1134.074s][info ][gc] GC(36086) Pause Young (Allocation Failure) 109M->109M(120M) 14.100ms
[2020-08-10T13:03:14.543+0300][1134.089s][info ][gc] GC(36087) Pause Young (Allocation Failure) 110M->109M(120M) 14.054ms
[2020-08-10T13:03:14.558+0300][1134.103s][info ][gc] GC(36088) Pause Young (Allocation Failure) 110M->110M(120M) 14.137ms
[2020-08-10T13:03:14.581+0300][1134.127s][info ][gc] GC(36089) Pause Young (Allocation Failure) 110M->110M(120M) 23.215ms
[2020-08-10T13:03:14.596+0300][1134.142s][info ][gc] GC(36090) Pause Young (Allocation Failure) 111M->111M(120M) 14.081ms
[2020-08-10T13:03:14.610+0300][1134.156s][info ][gc] GC(36091) Pause Young (Allocation Failure) 111M->111M(120M) 14.117ms
[2020-08-10T13:03:14.625+0300][1134.171s][info ][gc] GC(36092) Pause Young (Allocation Failure) 112M->112M(120M) 14.090ms
[2020-08-10T13:03:14.640+0300][1134.185s][info ][gc] GC(36093) Pause Young (Allocation Failure) 112M->112M(120M) 14.410ms
[2020-08-10T13:03:14.654+0300][1134.200s][info ][gc] GC(36094) Pause Young (Allocation Failure) 113M->113M(120M) 14.364ms
[2020-08-10T13:03:14.669+0300][1134.215s][info ][gc] GC(36095) Pause Young (Allocation Failure) 113M->113M(120M) 14.427ms
[2020-08-10T13:03:14.684+0300][1134.230s][info ][gc] GC(36096) Pause Young (Allocation Failure) 114M->114M(120M) 14.458ms
[2020-08-10T13:03:14.699+0300][1134.245s][info ][gc] GC(36097) Pause Young (Allocation Failure) 114M->114M(120M) 14.372ms
[2020-08-10T13:03:14.714+0300][1134.260s][info ][gc] GC(36098) Pause Young (Allocation Failure) 115M->115M(120M) 14.551ms
[2020-08-10T13:03:14.729+0300][1134.275s][info ][gc] GC(36099) Pause Young (Allocation Failure) 115M->115M(120M) 14.713ms
[2020-08-10T13:03:14.745+0300][1134.290s][info ][gc] GC(36100) Pause Young (Allocation Failure) 116M->115M(120M) 14.710ms
[2020-08-10T13:03:14.760+0300][1134.306s][info ][gc] GC(36101) Pause Young (Allocation Failure) 116M->116M(120M) 15.154ms
[2020-08-10T13:03:14.776+0300][1134.321s][info ][gc] GC(36102) Pause Young (Allocation Failure) 116M->116M(120M) 14.671ms
[2020-08-10T13:03:14.791+0300][1134.337s][info ][gc] GC(36103) Pause Young (Allocation Failure) 117M->117M(120M) 14.776ms
[2020-08-10T13:03:14.806+0300][1134.352s][info ][gc] GC(36104) Pause Young (Allocation Failure) 117M->117M(120M) 14.959ms
[2020-08-10T13:03:14.822+0300][1134.367s][info ][gc] GC(36105) Pause Young (Allocation Failure) 118M->118M(120M) 14.667ms
[2020-08-10T13:03:14.837+0300][1134.382s][info ][gc] GC(36106) Pause Young (Allocation Failure) 118M->118M(120M) 14.775ms
[2020-08-10T13:03:15.123+0300][1134.669s][debug][gc] GC(36107) Expanding ParOldGen from 121344K by 10752K to 132096K
[2020-08-10T13:03:15.124+0300][1134.669s][info ][gc] GC(36107) Pause Full (Ergonomics) 118M->118M(130M) 286.845ms
[2020-08-10T13:03:15.156+0300][1134.701s][info ][gc] GC(36108) Pause Young (Allocation Failure) 119M->119M(130M) 31.407ms
[2020-08-10T13:03:15.171+0300][1134.717s][info ][gc] GC(36109) Pause Young (Allocation Failure) 119M->119M(130M) 15.379ms
[2020-08-10T13:03:15.187+0300][1134.733s][info ][gc] GC(36110) Pause Young (Allocation Failure) 119M->119M(130M) 15.203ms
[2020-08-10T13:03:15.203+0300][1134.749s][info ][gc] GC(36111) Pause Young (Allocation Failure) 120M->120M(130M) 15.259ms
[2020-08-10T13:03:15.219+0300][1134.764s][info ][gc] GC(36112) Pause Young (Allocation Failure) 120M->120M(130M) 15.384ms
[2020-08-10T13:03:15.234+0300][1134.780s][info ][gc] GC(36113) Pause Young (Allocation Failure) 121M->121M(130M) 15.312ms
[2020-08-10T13:03:15.250+0300][1134.796s][info ][gc] GC(36114) Pause Young (Allocation Failure) 121M->121M(130M) 15.324ms
[2020-08-10T13:03:15.266+0300][1134.812s][info ][gc] GC(36115) Pause Young (Allocation Failure) 122M->122M(130M) 15.398ms
[2020-08-10T13:03:15.282+0300][1134.828s][info ][gc] GC(36116) Pause Young (Allocation Failure) 122M->122M(130M) 15.482ms
[2020-08-10T13:03:15.298+0300][1134.844s][info ][gc] GC(36117) Pause Young (Allocation Failure) 123M->123M(130M) 15.208ms
[2020-08-10T13:03:15.313+0300][1134.859s][info ][gc] GC(36118) Pause Young (Allocation Failure) 123M->123M(130M) 15.425ms
[2020-08-10T13:03:15.329+0300][1134.875s][info ][gc] GC(36119) Pause Young (Allocation Failure) 124M->124M(130M) 15.460ms
[2020-08-10T13:03:15.345+0300][1134.891s][info ][gc] GC(36120) Pause Young (Allocation Failure) 124M->124M(130M) 15.216ms
[2020-08-10T13:03:15.361+0300][1134.907s][info ][gc] GC(36121) Pause Young (Allocation Failure) 125M->125M(130M) 15.594ms
[2020-08-10T13:03:15.400+0300][1134.946s][info ][gc] GC(36122) Pause Young (Allocation Failure) 125M->125M(130M) 38.659ms
[2020-08-10T13:03:15.417+0300][1134.963s][info ][gc] GC(36123) Pause Young (Allocation Failure) 125M->125M(130M) 15.980ms
[2020-08-10T13:03:15.433+0300][1134.978s][info ][gc] GC(36124) Pause Young (Allocation Failure) 126M->126M(130M) 15.531ms
[2020-08-10T13:03:15.449+0300][1134.995s][info ][gc] GC(36125) Pause Young (Allocation Failure) 126M->126M(130M) 15.749ms
[2020-08-10T13:03:15.465+0300][1135.011s][info ][gc] GC(36126) Pause Young (Allocation Failure) 127M->127M(130M) 15.635ms
[2020-08-10T13:03:15.481+0300][1135.027s][info ][gc] GC(36127) Pause Young (Allocation Failure) 127M->127M(130M) 15.716ms
[2020-08-10T13:03:15.521+0300][1135.067s][info ][gc] GC(36128) Pause Young (Allocation Failure) 128M->128M(130M) 39.404ms
[2020-08-10T13:03:15.537+0300][1135.083s][info ][gc] GC(36129) Pause Young (Allocation Failure) 128M->128M(130M) 15.695ms
[2020-08-10T13:03:15.554+0300][1135.099s][info ][gc] GC(36130) Pause Young (Allocation Failure) 129M->129M(130M) 15.874ms
[2020-08-10T13:03:16.009+0300][1135.555s][debug][gc] GC(36131) Expanding ParOldGen from 132096K by 10752K to 142848K
[2020-08-10T13:03:16.009+0300][1135.555s][info ][gc] GC(36131) Pause Full (Ergonomics) 129M->128M(141M) 455.413ms
[2020-08-10T13:03:16.024+0300][1135.570s][info ][gc] GC(36132) Pause Young (Allocation Failure) 129M->129M(141M) 14.139ms
[2020-08-10T13:03:16.040+0300][1135.586s][info ][gc] GC(36133) Pause Young (Allocation Failure) 129M->129M(141M) 15.954ms
[2020-08-10T13:03:16.056+0300][1135.602s][info ][gc] GC(36134) Pause Young (Allocation Failure) 130M->130M(141M) 15.769ms
[2020-08-10T13:03:16.072+0300][1135.618s][info ][gc] GC(36135) Pause Young (Allocation Failure) 130M->130M(141M) 15.717ms
[2020-08-10T13:03:16.088+0300][1135.634s][info ][gc] GC(36136) Pause Young (Allocation Failure) 131M->131M(141M) 15.301ms
[2020-08-10T13:03:16.104+0300][1135.650s][info ][gc] GC(36137) Pause Young (Allocation Failure) 131M->131M(141M) 15.394ms
[2020-08-10T13:03:16.120+0300][1135.666s][info ][gc] GC(36138) Pause Young (Allocation Failure) 132M->132M(141M) 15.809ms
[2020-08-10T13:03:16.159+0300][1135.704s][info ][gc] GC(36139) Pause Young (Allocation Failure) 132M->132M(141M) 38.104ms
[2020-08-10T13:03:16.175+0300][1135.721s][info ][gc] GC(36140) Pause Young (Allocation Failure) 133M->133M(141M) 15.674ms
[2020-08-10T13:03:16.191+0300][1135.737s][info ][gc] GC(36141) Pause Young (Allocation Failure) 133M->133M(141M) 16.009ms
[2020-08-10T13:03:16.208+0300][1135.753s][info ][gc] GC(36142) Pause Young (Allocation Failure) 133M->133M(141M) 15.964ms
[2020-08-10T13:03:16.224+0300][1135.770s][info ][gc] GC(36143) Pause Young (Allocation Failure) 134M->134M(141M) 15.776ms
[2020-08-10T13:03:16.240+0300][1135.786s][info ][gc] GC(36144) Pause Young (Allocation Failure) 134M->134M(141M) 16.079ms
[2020-08-10T13:03:16.257+0300][1135.803s][info ][gc] GC(36145) Pause Young (Allocation Failure) 135M->135M(141M) 16.062ms
[2020-08-10T13:03:16.257+0300][1135.803s][debug][gc] Expanding ParOldGen from 142848K by 19968K to 162816K
[2020-08-10T13:03:16.281+0300][1135.827s][info ][gc] GC(36146) Pause Young (Allocation Failure) 154M->154M(160M) 15.501ms
[2020-08-10T13:03:16.309+0300][1135.855s][info ][gc] GC(36147) Pause Young (Allocation Failure) 155M->155M(160M) 27.641ms
[2020-08-10T13:03:16.336+0300][1135.882s][info ][gc] GC(36148) Pause Young (Allocation Failure) 155M->155M(160M) 26.524ms
[2020-08-10T13:03:16.363+0300][1135.909s][info ][gc] GC(36149) Pause Young (Allocation Failure) 156M->156M(160M) 26.218ms
[2020-08-10T13:03:16.389+0300][1135.935s][info ][gc] GC(36150) Pause Young (Allocation Failure) 156M->156M(160M) 26.158ms
[2020-08-10T13:03:16.416+0300][1135.962s][info ][gc] GC(36151) Pause Young (Allocation Failure) 157M->157M(160M) 26.335ms
[2020-08-10T13:03:16.447+0300][1135.993s][info ][gc] GC(36152) Pause Young (Allocation Failure) 157M->157M(160M) 30.240ms
[2020-08-10T13:03:16.473+0300][1136.019s][info ][gc] GC(36153) Pause Young (Allocation Failure) 158M->158M(160M) 26.264ms
[2020-08-10T13:03:16.500+0300][1136.046s][info ][gc] GC(36154) Pause Young (Allocation Failure) 158M->158M(160M) 26.207ms
[2020-08-10T13:03:16.527+0300][1136.073s][info ][gc] GC(36155) Pause Young (Allocation Failure) 159M->159M(160M) 26.076ms
[2020-08-10T13:03:16.582+0300][1136.128s][debug][gc] GC(36156) Shrinking ParOldGen from 162816K by 125952K to 36864K
[2020-08-10T13:03:16.582+0300][1136.128s][info ][gc] GC(36156) Pause Full (Ergonomics) 159M->25M(37M) 55.022ms
[2020-08-10T13:03:16.595+0300][1136.141s][info ][gc] GC(36157) Pause Young (Allocation Failure) 25M->25M(37M) 13.036ms
[2020-08-10T13:03:16.609+0300][1136.155s][info ][gc] GC(36158) Pause Young (Allocation Failure) 26M->26M(37M) 13.291ms
[2020-08-10T13:03:16.622+0300][1136.168s][info ][gc] GC(36159) Pause Young (Allocation Failure) 26M->26M(37M) 13.349ms
[2020-08-10T13:03:16.636+0300][1136.182s][info ][gc] GC(36160) Pause Young (Allocation Failure) 27M->27M(37M) 13.406ms
[2020-08-10T13:03:16.650+0300][1136.196s][info ][gc] GC(36161) Pause Young (Allocation Failure) 27M->27M(37M) 13.413ms
[2020-08-10T13:03:16.664+0300][1136.210s][info ][gc] GC(36162) Pause Young (Allocation Failure) 28M->27M(37M) 13.467ms
[2020-08-10T13:03:16.678+0300][1136.224s][info ][gc] GC(36163) Pause Young (Allocation Failure) 28M->28M(37M) 13.496ms
[2020-08-10T13:03:16.692+0300][1136.238s][info ][gc] GC(36164) Pause Young (Allocation Failure) 28M->28M(37M) 13.492ms
[2020-08-10T13:03:16.706+0300][1136.252s][info ][gc] GC(36165) Pause Young (Allocation Failure) 29M->29M(37M) 13.434ms
[2020-08-10T13:03:16.720+0300][1136.266s][info ][gc] GC(36166) Pause Young (Allocation Failure) 29M->29M(37M) 13.392ms
[2020-08-10T13:03:16.734+0300][1136.280s][info ][gc] GC(36167) Pause Young (Allocation Failure) 30M->30M(37M) 13.436ms
[2020-08-10T13:03:16.748+0300][1136.294s][info ][gc] GC(36168) Pause Young (Allocation Failure) 30M->30M(37M) 13.509ms
[2020-08-10T13:03:16.762+0300][1136.308s][info ][gc] GC(36169) Pause Young (Allocation Failure) 31M->31M(37M) 13.426ms
[2020-08-10T13:03:16.776+0300][1136.322s][info ][gc] GC(36170) Pause Young (Allocation Failure) 31M->31M(37M) 13.468ms
[2020-08-10T13:03:16.790+0300][1136.336s][info ][gc] GC(36171) Pause Young (Allocation Failure) 32M->32M(37M) 13.457ms
[2020-08-10T13:03:16.803+0300][1136.349s][info ][gc] GC(36172) Pause Young (Allocation Failure) 32M->32M(37M) 13.352ms
[2020-08-10T13:03:16.817+0300][1136.363s][info ][gc] GC(36173) Pause Young (Allocation Failure) 33M->33M(37M) 13.421ms
[2020-08-10T13:03:16.831+0300][1136.377s][info ][gc] GC(36174) Pause Young (Allocation Failure) 33M->33M(37M) 13.498ms
[2020-08-10T13:03:16.845+0300][1136.391s][info ][gc] GC(36175) Pause Young (Allocation Failure) 33M->33M(37M) 13.431ms
[2020-08-10T13:03:16.859+0300][1136.405s][info ][gc] GC(36176) Pause Young (Allocation Failure) 34M->34M(37M) 13.475ms
[2020-08-10T13:03:16.873+0300][1136.419s][info ][gc] GC(36177) Pause Young (Allocation Failure) 34M->34M(37M) 13.585ms
[2020-08-10T13:03:16.888+0300][1136.434s][info ][gc] GC(36178) Pause Young (Allocation Failure) 35M->35M(37M) 13.701ms
[2020-08-10T13:03:16.902+0300][1136.448s][info ][gc] GC(36179) Pause Young (Allocation Failure) 36M->36M(38M) 13.753ms
[2020-08-10T13:03:16.974+0300][1136.520s][debug][gc] GC(36180) Expanding ParOldGen from 36864K by 10752K to 47616K
[2020-08-10T13:03:16.974+0300][1136.520s][info ][gc] GC(36180) Pause Full (Ergonomics) 36M->36M(48M) 71.717ms
[2020-08-10T13:03:16.993+0300][1136.539s][info ][gc] GC(36181) Pause Young (Allocation Failure) 37M->37M(48M) 18.246ms
[2020-08-10T13:03:17.007+0300][1136.553s][info ][gc] GC(36182) Pause Young (Allocation Failure) 38M->38M(49M) 14.110ms
[2020-08-10T13:03:17.022+0300][1136.568s][info ][gc] GC(36183) Pause Young (Allocation Failure) 39M->39M(49M) 13.938ms
[2020-08-10T13:03:17.036+0300][1136.582s][info ][gc] GC(36184) Pause Young (Allocation Failure) 40M->40M(49M) 13.883ms
[2020-08-10T13:03:17.051+0300][1136.597s][info ][gc] GC(36185) Pause Young (Allocation Failure) 41M->41M(49M) 13.992ms
[2020-08-10T13:03:17.066+0300][1136.612s][info ][gc] GC(36186) Pause Young (Allocation Failure) 42M->42M(49M) 14.009ms
[2020-08-10T13:03:17.081+0300][1136.626s][info ][gc] GC(36187) Pause Young (Allocation Failure) 43M->43M(49M) 14.125ms
[2020-08-10T13:03:17.095+0300][1136.641s][info ][gc] GC(36188) Pause Young (Allocation Failure) 44M->44M(49M) 14.113ms
[2020-08-10T13:03:17.110+0300][1136.656s][info ][gc] GC(36189) Pause Young (Allocation Failure) 45M->44M(49M) 14.002ms
[2020-08-10T13:03:17.125+0300][1136.671s][info ][gc] GC(36190) Pause Young (Allocation Failure) 45M->45M(49M) 14.016ms
[2020-08-10T13:03:17.139+0300][1136.685s][info ][gc] GC(36191) Pause Young (Allocation Failure) 46M->46M(49M) 14.097ms
[2020-08-10T13:03:17.234+0300][1136.780s][debug][gc] GC(36192) Expanding ParOldGen from 47616K by 11776K to 59392K
[2020-08-10T13:03:17.234+0300][1136.780s][info ][gc] GC(36192) Pause Full (Ergonomics) 46M->46M(60M) 94.692ms
[2020-08-10T13:03:17.255+0300][1136.801s][info ][gc] GC(36193) Pause Young (Allocation Failure) 47M->47M(60M) 20.136ms
[2020-08-10T13:03:17.270+0300][1136.816s][info ][gc] GC(36194) Pause Young (Allocation Failure) 48M->48M(60M) 14.170ms
[2020-08-10T13:03:17.284+0300][1136.830s][info ][gc] GC(36195) Pause Young (Allocation Failure) 49M->49M(60M) 14.134ms
[2020-08-10T13:03:17.299+0300][1136.845s][info ][gc] GC(36196) Pause Young (Allocation Failure) 50M->50M(60M) 13.882ms
[2020-08-10T13:03:17.313+0300][1136.859s][info ][gc] GC(36197) Pause Young (Allocation Failure) 51M->51M(60M) 14.096ms
[2020-08-10T13:03:17.328+0300][1136.874s][info ][gc] GC(36198) Pause Young (Allocation Failure) 52M->52M(60M) 13.950ms
[2020-08-10T13:03:17.343+0300][1136.888s][info ][gc] GC(36199) Pause Young (Allocation Failure) 53M->53M(60M) 14.017ms
[2020-08-10T13:03:17.357+0300][1136.903s][info ][gc] GC(36200) Pause Young (Allocation Failure) 54M->54M(60M) 13.998ms
[2020-08-10T13:03:17.372+0300][1136.918s][info ][gc] GC(36201) Pause Young (Allocation Failure) 55M->55M(60M) 14.107ms
[2020-08-10T13:03:17.386+0300][1136.932s][info ][gc] GC(36202) Pause Young (Allocation Failure) 56M->56M(60M) 13.852ms
[2020-08-10T13:03:17.401+0300][1136.947s][info ][gc] GC(36203) Pause Young (Allocation Failure) 57M->56M(60M) 14.046ms
[2020-08-10T13:03:17.415+0300][1136.961s][info ][gc] GC(36204) Pause Young (Allocation Failure) 57M->57M(60M) 13.931ms
[2020-08-10T13:03:17.542+0300][1137.088s][debug][gc] GC(36205) Expanding ParOldGen from 59392K by 11776K to 71168K
[2020-08-10T13:03:17.542+0300][1137.088s][info ][gc] GC(36205) Pause Full (Ergonomics) 57M->57M(72M) 126.614ms
[2020-08-10T13:03:17.564+0300][1137.110s][info ][gc] GC(36206) Pause Young (Allocation Failure) 58M->58M(72M) 22.059ms
[2020-08-10T13:03:17.579+0300][1137.125s][info ][gc] GC(36207) Pause Young (Allocation Failure) 59M->59M(72M) 13.938ms
[2020-08-10T13:03:17.593+0300][1137.139s][info ][gc] GC(36208) Pause Young (Allocation Failure) 60M->60M(72M) 13.823ms
[2020-08-10T13:03:17.608+0300][1137.154s][info ][gc] GC(36209) Pause Young (Allocation Failure) 61M->61M(72M) 13.860ms
[2020-08-10T13:03:17.622+0300][1137.168s][info ][gc] GC(36210) Pause Young (Allocation Failure) 62M->62M(72M) 14.055ms
[2020-08-10T13:03:17.637+0300][1137.183s][info ][gc] GC(36211) Pause Young (Allocation Failure) 63M->63M(72M) 14.042ms
[2020-08-10T13:03:17.651+0300][1137.197s][info ][gc] GC(36212) Pause Young (Allocation Failure) 64M->64M(72M) 13.912ms
[2020-08-10T13:03:17.666+0300][1137.212s][info ][gc] GC(36213) Pause Young (Allocation Failure) 65M->65M(72M) 14.118ms
[2020-08-10T13:03:17.681+0300][1137.227s][info ][gc] GC(36214) Pause Young (Allocation Failure) 66M->66M(72M) 14.039ms
[2020-08-10T13:03:17.695+0300][1137.241s][info ][gc] GC(36215) Pause Young (Allocation Failure) 67M->67M(72M) 14.095ms
[2020-08-10T13:03:17.710+0300][1137.256s][info ][gc] GC(36216) Pause Young (Allocation Failure) 68M->68M(72M) 14.047ms
[2020-08-10T13:03:17.725+0300][1137.271s][info ][gc] GC(36217) Pause Young (Allocation Failure) 69M->69M(72M) 13.944ms
[2020-08-10T13:03:17.739+0300][1137.285s][info ][gc] GC(36218) Pause Young (Allocation Failure) 70M->70M(72M) 14.148ms
[2020-08-10T13:03:17.898+0300][1137.444s][debug][gc] GC(36219) Expanding ParOldGen from 71168K by 11776K to 82944K
[2020-08-10T13:03:17.898+0300][1137.444s][info ][gc] GC(36219) Pause Full (Ergonomics) 70M->69M(83M) 158.343ms
[2020-08-10T13:03:17.930+0300][1137.476s][info ][gc] GC(36220) Pause Young (Allocation Failure) 70M->70M(83M) 31.133ms
[2020-08-10T13:03:17.945+0300][1137.491s][info ][gc] GC(36221) Pause Young (Allocation Failure) 71M->71M(83M) 14.280ms
[2020-08-10T13:03:17.959+0300][1137.505s][info ][gc] GC(36222) Pause Young (Allocation Failure) 72M->72M(83M) 14.229ms
[2020-08-10T13:03:17.974+0300][1137.520s][info ][gc] GC(36223) Pause Young (Allocation Failure) 73M->73M(83M) 14.220ms
[2020-08-10T13:03:17.989+0300][1137.535s][info ][gc] GC(36224) Pause Young (Allocation Failure) 74M->74M(83M) 14.228ms
[2020-08-10T13:03:18.004+0300][1137.550s][info ][gc] GC(36225) Pause Young (Allocation Failure) 75M->75M(83M) 14.323ms
[2020-08-10T13:03:18.019+0300][1137.565s][info ][gc] GC(36226) Pause Young (Allocation Failure) 76M->76M(83M) 14.151ms
[2020-08-10T13:03:18.034+0300][1137.580s][info ][gc] GC(36227) Pause Young (Allocation Failure) 77M->77M(83M) 14.057ms
[2020-08-10T13:03:18.049+0300][1137.595s][info ][gc] GC(36228) Pause Young (Allocation Failure) 78M->78M(83M) 14.228ms
[2020-08-10T13:03:18.063+0300][1137.609s][info ][gc] GC(36229) Pause Young (Allocation Failure) 79M->79M(83M) 14.221ms
[2020-08-10T13:03:18.078+0300][1137.624s][info ][gc] GC(36230) Pause Young (Allocation Failure) 80M->80M(83M) 14.333ms
[2020-08-10T13:03:18.093+0300][1137.639s][info ][gc] GC(36231) Pause Young (Allocation Failure) 81M->80M(83M) 14.366ms
[2020-08-10T13:03:18.288+0300][1137.834s][debug][gc] GC(36232) Expanding ParOldGen from 82944K by 11264K to 94208K
[2020-08-10T13:03:18.288+0300][1137.834s][info ][gc] GC(36232) Pause Full (Ergonomics) 80M->80M(94M) 194.167ms
[2020-08-10T13:03:18.302+0300][1137.848s][info ][gc] GC(36233) Pause Young (Allocation Failure) 81M->81M(94M) 13.620ms
[2020-08-10T13:03:18.317+0300][1137.863s][info ][gc] GC(36234) Pause Young (Allocation Failure) 82M->82M(94M) 14.280ms
[2020-08-10T13:03:18.332+0300][1137.878s][info ][gc] GC(36235) Pause Young (Allocation Failure) 83M->83M(94M) 14.206ms
[2020-08-10T13:03:18.346+0300][1137.892s][info ][gc] GC(36236) Pause Young (Allocation Failure) 84M->84M(94M) 14.053ms
[2020-08-10T13:03:18.361+0300][1137.907s][info ][gc] GC(36237) Pause Young (Allocation Failure) 85M->85M(94M) 14.268ms
[2020-08-10T13:03:18.376+0300][1137.922s][info ][gc] GC(36238) Pause Young (Allocation Failure) 86M->86M(94M) 14.685ms
[2020-08-10T13:03:18.392+0300][1137.938s][info ][gc] GC(36239) Pause Young (Allocation Failure) 87M->87M(94M) 14.603ms
[2020-08-10T13:03:18.407+0300][1137.953s][info ][gc] GC(36240) Pause Young (Allocation Failure) 88M->88M(93M) 14.475ms
[2020-08-10T13:03:18.421+0300][1137.967s][info ][gc] GC(36241) Pause Young (Allocation Failure) 89M->89M(94M) 13.919ms
[2020-08-10T13:03:18.437+0300][1137.983s][info ][gc] GC(36242) Pause Young (Allocation Failure) 90M->90M(94M) 14.883ms
[2020-08-10T13:03:18.452+0300][1137.998s][info ][gc] GC(36243) Pause Young (Allocation Failure) 91M->91M(94M) 14.899ms
[2020-08-10T13:03:18.468+0300][1138.014s][info ][gc] GC(36244) Pause Young (Allocation Failure) 92M->92M(94M) 14.934ms
[2020-08-10T13:03:18.722+0300][1138.268s][debug][gc] GC(36245) Expanding ParOldGen from 94208K by 11776K to 105984K
[2020-08-10T13:03:18.722+0300][1138.268s][info ][gc] GC(36245) Pause Full (Ergonomics) 92M->91M(106M) 254.078ms
[2020-08-10T13:03:18.736+0300][1138.282s][info ][gc] GC(36246) Pause Young (Allocation Failure) 92M->92M(106M) 13.695ms
[2020-08-10T13:03:18.752+0300][1138.298s][info ][gc] GC(36247) Pause Young (Allocation Failure) 93M->93M(106M) 15.199ms
[2020-08-10T13:03:18.768+0300][1138.314s][info ][gc] GC(36248) Pause Young (Allocation Failure) 94M->94M(106M) 15.161ms
[2020-08-10T13:03:18.784+0300][1138.330s][info ][gc] GC(36249) Pause Young (Allocation Failure) 95M->95M(106M) 15.197ms
[2020-08-10T13:03:18.800+0300][1138.346s][info ][gc] GC(36250) Pause Young (Allocation Failure) 96M->96M(106M) 15.240ms
[2020-08-10T13:03:18.816+0300][1138.362s][info ][gc] GC(36251) Pause Young (Allocation Failure) 97M->97M(106M) 15.345ms
[2020-08-10T13:03:18.832+0300][1138.378s][info ][gc] GC(36252) Pause Young (Allocation Failure) 98M->98M(106M) 15.532ms
[2020-08-10T13:03:18.848+0300][1138.394s][info ][gc] GC(36253) Pause Young (Allocation Failure) 99M->99M(106M) 15.556ms
[2020-08-10T13:03:18.864+0300][1138.410s][info ][gc] GC(36254) Pause Young (Allocation Failure) 100M->100M(106M) 15.783ms
[2020-08-10T13:03:18.881+0300][1138.427s][info ][gc] GC(36255) Pause Young (Allocation Failure) 101M->101M(106M) 15.729ms
[2020-08-10T13:03:18.897+0300][1138.443s][info ][gc] GC(36256) Pause Young (Allocation Failure) 102M->102M(106M) 15.850ms
[2020-08-10T13:03:18.914+0300][1138.460s][info ][gc] GC(36257) Pause Young (Allocation Failure) 103M->103M(106M) 16.056ms
[2020-08-10T13:03:18.930+0300][1138.476s][info ][gc] GC(36258) Pause Young (Allocation Failure) 104M->104M(106M) 16.105ms
[2020-08-10T13:03:19.200+0300][1138.746s][debug][gc] GC(36259) Expanding ParOldGen from 105984K by 11264K to 117248K
[2020-08-10T13:03:19.200+0300][1138.746s][info ][gc] GC(36259) Pause Full (Ergonomics) 104M->103M(117M) 269.600ms
[2020-08-10T13:03:19.239+0300][1138.785s][info ][gc] GC(36260) Pause Young (Allocation Failure) 104M->104M(117M) 37.854ms
[2020-08-10T13:03:19.256+0300][1138.802s][info ][gc] GC(36261) Pause Young (Allocation Failure) 105M->105M(117M) 16.800ms
[2020-08-10T13:03:19.273+0300][1138.819s][info ][gc] GC(36262) Pause Young (Allocation Failure) 106M->106M(117M) 16.704ms
[2020-08-10T13:03:19.291+0300][1138.837s][info ][gc] GC(36263) Pause Young (Allocation Failure) 107M->107M(117M) 16.723ms
[2020-08-10T13:03:19.308+0300][1138.854s][info ][gc] GC(36264) Pause Young (Allocation Failure) 108M->108M(117M) 17.021ms
[2020-08-10T13:03:19.326+0300][1138.872s][info ][gc] GC(36265) Pause Young (Allocation Failure) 109M->109M(117M) 16.954ms
[2020-08-10T13:03:19.344+0300][1138.890s][info ][gc] GC(36266) Pause Young (Allocation Failure) 110M->110M(117M) 17.077ms
[2020-08-10T13:03:19.361+0300][1138.907s][info ][gc] GC(36267) Pause Young (Allocation Failure) 111M->111M(117M) 17.156ms
[2020-08-10T13:03:19.379+0300][1138.925s][info ][gc] GC(36268) Pause Young (Allocation Failure) 112M->112M(117M) 17.188ms
[2020-08-10T13:03:19.397+0300][1138.943s][info ][gc] GC(36269) Pause Young (Allocation Failure) 113M->113M(117M) 17.022ms
[2020-08-10T13:03:19.415+0300][1138.961s][info ][gc] GC(36270) Pause Young (Allocation Failure) 114M->114M(117M) 17.328ms
[2020-08-10T13:03:19.718+0300][1139.264s][debug][gc] GC(36271) Expanding ParOldGen from 117248K by 11264K to 128512K
[2020-08-10T13:03:19.718+0300][1139.264s][info ][gc] GC(36271) Pause Full (Ergonomics) 114M->114M(128M) 303.321ms
[2020-08-10T13:03:19.733+0300][1139.280s][info ][gc] GC(36272) Pause Young (Allocation Failure) 115M->115M(128M) 14.829ms
[2020-08-10T13:03:19.752+0300][1139.298s][info ][gc] GC(36273) Pause Young (Allocation Failure) 116M->116M(128M) 17.704ms
[2020-08-10T13:03:19.770+0300][1139.316s][info ][gc] GC(36274) Pause Young (Allocation Failure) 117M->117M(128M) 17.520ms
[2020-08-10T13:03:19.817+0300][1139.363s][info ][gc] GC(36275) Pause Young (Allocation Failure) 118M->118M(128M) 46.590ms
[2020-08-10T13:03:19.836+0300][1139.382s][info ][gc] GC(36276) Pause Young (Allocation Failure) 119M->119M(128M) 17.895ms
[2020-08-10T13:03:19.854+0300][1139.400s][info ][gc] GC(36277) Pause Young (Allocation Failure) 120M->120M(128M) 17.414ms
[2020-08-10T13:03:19.872+0300][1139.418s][info ][gc] GC(36278) Pause Young (Allocation Failure) 121M->121M(128M) 17.930ms
[2020-08-10T13:03:19.891+0300][1139.437s][info ][gc] GC(36279) Pause Young (Allocation Failure) 122M->121M(128M) 17.969ms
[2020-08-10T13:03:19.909+0300][1139.455s][info ][gc] GC(36280) Pause Young (Allocation Failure) 122M->122M(128M) 17.920ms
[2020-08-10T13:03:19.928+0300][1139.474s][info ][gc] GC(36281) Pause Young (Allocation Failure) 123M->123M(128M) 18.340ms
[2020-08-10T13:03:19.947+0300][1139.493s][info ][gc] GC(36282) Pause Young (Allocation Failure) 124M->124M(128M) 18.184ms
[2020-08-10T13:03:19.965+0300][1139.511s][info ][gc] GC(36283) Pause Young (Allocation Failure) 125M->125M(128M) 17.717ms
[2020-08-10T13:03:20.296+0300][1139.842s][debug][gc] GC(36284) Expanding ParOldGen from 128512K by 11264K to 139776K
[2020-08-10T13:03:20.296+0300][1139.842s][info ][gc] GC(36284) Pause Full (Ergonomics) 125M->125M(139M) 331.263ms
[2020-08-10T13:03:20.330+0300][1139.876s][info ][gc] GC(36285) Pause Young (Allocation Failure) 126M->126M(139M) 33.267ms
[2020-08-10T13:03:20.349+0300][1139.895s][info ][gc] GC(36286) Pause Young (Allocation Failure) 127M->127M(139M) 18.791ms
[2020-08-10T13:03:20.369+0300][1139.915s][info ][gc] GC(36287) Pause Young (Allocation Failure) 128M->128M(139M) 18.693ms
[2020-08-10T13:03:20.388+0300][1139.934s][info ][gc] GC(36288) Pause Young (Allocation Failure) 129M->129M(139M) 18.771ms
[2020-08-10T13:03:20.408+0300][1139.954s][info ][gc] GC(36289) Pause Young (Allocation Failure) 130M->130M(139M) 19.102ms
[2020-08-10T13:03:20.427+0300][1139.973s][info ][gc] GC(36290) Pause Young (Allocation Failure) 131M->131M(139M) 18.861ms
[2020-08-10T13:03:20.446+0300][1139.992s][info ][gc] GC(36291) Pause Young (Allocation Failure) 132M->132M(139M) 18.417ms
[2020-08-10T13:03:20.466+0300][1140.012s][info ][gc] GC(36292) Pause Young (Allocation Failure) 133M->133M(139M) 19.305ms
[2020-08-10T13:03:20.486+0300][1140.032s][info ][gc] GC(36293) Pause Young (Allocation Failure) 134M->134M(139M) 19.076ms
[2020-08-10T13:03:20.505+0300][1140.051s][info ][gc] GC(36294) Pause Young (Allocation Failure) 135M->135M(139M) 18.648ms
[2020-08-10T13:03:20.505+0300][1140.051s][debug][gc] Expanding ParOldGen from 139776K by 19968K to 159744K
[2020-08-10T13:03:20.544+0300][1140.090s][info ][gc] GC(36295) Pause Young (Allocation Failure) 155M->155M(158M) 31.067ms
[2020-08-10T13:03:20.574+0300][1140.120s][info ][gc] GC(36296) Pause Young (Allocation Failure) 156M->156M(158M) 28.880ms
[2020-08-10T13:03:20.622+0300][1140.168s][debug][gc] GC(36297) Shrinking ParOldGen from 159744K by 124928K to 34816K
[2020-08-10T13:03:20.622+0300][1140.168s][info ][gc] GC(36297) Pause Full (Ergonomics) 156M->22M(36M) 48.349ms
[2020-08-10T13:03:20.636+0300][1140.182s][info ][gc] GC(36298) Pause Young (Allocation Failure) 23M->23M(36M) 13.170ms
[2020-08-10T13:03:20.650+0300][1140.196s][info ][gc] GC(36299) Pause Young (Allocation Failure) 24M->24M(36M) 13.649ms
[2020-08-10T13:03:20.664+0300][1140.210s][info ][gc] GC(36300) Pause Young (Allocation Failure) 25M->25M(36M) 13.667ms
[2020-08-10T13:03:20.678+0300][1140.224s][info ][gc] GC(36301) Pause Young (Allocation Failure) 26M->26M(36M) 13.717ms
[2020-08-10T13:03:20.692+0300][1140.238s][info ][gc] GC(36302) Pause Young (Allocation Failure) 27M->27M(36M) 13.807ms
[2020-08-10T13:03:20.707+0300][1140.253s][info ][gc] GC(36303) Pause Young (Allocation Failure) 28M->28M(36M) 13.771ms
[2020-08-10T13:03:20.721+0300][1140.267s][info ][gc] GC(36304) Pause Young (Allocation Failure) 29M->29M(36M) 13.905ms
[2020-08-10T13:03:20.735+0300][1140.281s][info ][gc] GC(36305) Pause Young (Allocation Failure) 30M->30M(36M) 13.826ms
[2020-08-10T13:03:20.750+0300][1140.296s][info ][gc] GC(36306) Pause Young (Allocation Failure) 31M->31M(36M) 13.864ms
[2020-08-10T13:03:20.764+0300][1140.310s][info ][gc] GC(36307) Pause Young (Allocation Failure) 32M->31M(36M) 13.847ms
[2020-08-10T13:03:20.778+0300][1140.324s][info ][gc] GC(36308) Pause Young (Allocation Failure) 32M->32M(36M) 13.839ms
[2020-08-10T13:03:20.793+0300][1140.339s][info ][gc] GC(36309) Pause Young (Allocation Failure) 33M->33M(36M) 13.940ms
[2020-08-10T13:03:20.807+0300][1140.353s][info ][gc] GC(36310) Pause Young (Allocation Failure) 34M->34M(36M) 13.909ms
[2020-08-10T13:03:20.872+0300][1140.418s][debug][gc] GC(36311) Expanding ParOldGen from 34816K by 11264K to 46080K
[2020-08-10T13:03:20.872+0300][1140.418s][info ][gc] GC(36311) Pause Full (Ergonomics) 34M->34M(47M) 65.037ms
[2020-08-10T13:03:20.890+0300][1140.436s][info ][gc] GC(36312) Pause Young (Allocation Failure) 35M->35M(47M) 17.079ms
[2020-08-10T13:03:20.904+0300][1140.451s][info ][gc] GC(36313) Pause Young (Allocation Failure) 36M->36M(47M) 13.914ms
[2020-08-10T13:03:20.919+0300][1140.465s][info ][gc] GC(36314) Pause Young (Allocation Failure) 37M->37M(47M) 14.173ms
[2020-08-10T13:03:20.934+0300][1140.480s][info ][gc] GC(36315) Pause Young (Allocation Failure) 38M->38M(46M) 14.059ms
[2020-08-10T13:03:20.948+0300][1140.495s][info ][gc] GC(36316) Pause Young (Allocation Failure) 39M->39M(47M) 13.831ms
[2020-08-10T13:03:20.963+0300][1140.509s][info ][gc] GC(36317) Pause Young (Allocation Failure) 40M->40M(47M) 14.021ms
[2020-08-10T13:03:20.977+0300][1140.523s][info ][gc] GC(36318) Pause Young (Allocation Failure) 41M->41M(47M) 13.761ms
[2020-08-10T13:03:20.992+0300][1140.538s][info ][gc] GC(36319) Pause Young (Allocation Failure) 42M->42M(47M) 13.850ms
[2020-08-10T13:03:21.006+0300][1140.552s][info ][gc] GC(36320) Pause Young (Allocation Failure) 43M->43M(47M) 13.857ms
[2020-08-10T13:03:21.020+0300][1140.566s][info ][gc] GC(36321) Pause Young (Allocation Failure) 44M->44M(47M) 13.894ms
[2020-08-10T13:03:21.035+0300][1140.581s][info ][gc] GC(36322) Pause Young (Allocation Failure) 45M->45M(47M) 13.906ms
[2020-08-10T13:03:21.132+0300][1140.678s][debug][gc] GC(36323) Expanding ParOldGen from 46080K by 11264K to 57344K
[2020-08-10T13:03:21.132+0300][1140.678s][info ][gc] GC(36323) Pause Full (Ergonomics) 45M->45M(58M) 96.998ms
[2020-08-10T13:03:21.152+0300][1140.698s][info ][gc] GC(36324) Pause Young (Allocation Failure) 46M->46M(58M) 19.665ms
[2020-08-10T13:03:21.167+0300][1140.713s][info ][gc] GC(36325) Pause Young (Allocation Failure) 47M->46M(58M) 14.235ms
[2020-08-10T13:03:21.182+0300][1140.728s][info ][gc] GC(36326) Pause Young (Allocation Failure) 47M->47M(58M) 14.122ms
[2020-08-10T13:03:21.196+0300][1140.742s][info ][gc] GC(36327) Pause Young (Allocation Failure) 48M->48M(58M) 14.015ms
[2020-08-10T13:03:21.211+0300][1140.757s][info ][gc] GC(36328) Pause Young (Allocation Failure) 49M->49M(58M) 14.198ms
[2020-08-10T13:03:21.226+0300][1140.772s][info ][gc] GC(36329) Pause Young (Allocation Failure) 50M->50M(58M) 14.144ms
[2020-08-10T13:03:21.240+0300][1140.786s][info ][gc] GC(36330) Pause Young (Allocation Failure) 51M->51M(58M) 14.112ms
[2020-08-10T13:03:21.255+0300][1140.801s][info ][gc] GC(36331) Pause Young (Allocation Failure) 52M->52M(58M) 14.008ms
[2020-08-10T13:03:21.270+0300][1140.816s][info ][gc] GC(36332) Pause Young (Allocation Failure) 53M->53M(58M) 14.114ms
[2020-08-10T13:03:21.284+0300][1140.831s][info ][gc] GC(36333) Pause Young (Allocation Failure) 54M->54M(58M) 14.189ms
[2020-08-10T13:03:21.299+0300][1140.845s][info ][gc] GC(36334) Pause Young (Allocation Failure) 55M->55M(58M) 14.164ms
[2020-08-10T13:03:21.314+0300][1140.860s][info ][gc] GC(36335) Pause Young (Allocation Failure) 56M->56M(58M) 14.066ms
[2020-08-10T13:03:21.441+0300][1140.987s][debug][gc] GC(36336) Expanding ParOldGen from 57344K by 11264K to 68608K
[2020-08-10T13:03:21.441+0300][1140.987s][info ][gc] GC(36336) Pause Full (Ergonomics) 56M->56M(69M) 127.213ms
[2020-08-10T13:03:21.465+0300][1141.011s][info ][gc] GC(36337) Pause Young (Allocation Failure) 57M->57M(69M) 23.200ms
[2020-08-10T13:03:21.480+0300][1141.026s][info ][gc] GC(36338) Pause Young (Allocation Failure) 58M->58M(69M) 14.269ms
[2020-08-10T13:03:21.495+0300][1141.041s][info ][gc] GC(36339) Pause Young (Allocation Failure) 59M->59M(69M) 14.184ms
[2020-08-10T13:03:21.509+0300][1141.055s][info ][gc] GC(36340) Pause Young (Allocation Failure) 60M->60M(69M) 14.168ms
[2020-08-10T13:03:21.524+0300][1141.070s][info ][gc] GC(36341) Pause Young (Allocation Failure) 61M->61M(69M) 14.136ms
[2020-08-10T13:03:21.539+0300][1141.085s][info ][gc] GC(36342) Pause Young (Allocation Failure) 62M->62M(69M) 14.241ms
[2020-08-10T13:03:21.554+0300][1141.100s][info ][gc] GC(36343) Pause Young (Allocation Failure) 63M->62M(69M) 14.235ms
[2020-08-10T13:03:21.568+0300][1141.115s][info ][gc] GC(36344) Pause Young (Allocation Failure) 63M->63M(69M) 14.218ms
[2020-08-10T13:03:21.594+0300][1141.140s][info ][gc] GC(36345) Pause Young (Allocation Failure) 64M->64M(69M) 24.621ms
[2020-08-10T13:03:21.609+0300][1141.155s][info ][gc] GC(36346) Pause Young (Allocation Failure) 65M->65M(69M) 14.298ms
[2020-08-10T13:03:21.624+0300][1141.170s][info ][gc] GC(36347) Pause Young (Allocation Failure) 66M->66M(69M) 14.387ms
[2020-08-10T13:03:21.639+0300][1141.185s][info ][gc] GC(36348) Pause Young (Allocation Failure) 67M->67M(69M) 14.328ms
[2020-08-10T13:03:21.793+0300][1141.339s][debug][gc] GC(36349) Expanding ParOldGen from 68608K by 11264K to 79872K
[2020-08-10T13:03:21.793+0300][1141.339s][info ][gc] GC(36349) Pause Full (Ergonomics) 67M->67M(80M) 153.827ms
[2020-08-10T13:03:21.822+0300][1141.368s][info ][gc] GC(36350) Pause Young (Allocation Failure) 68M->68M(80M) 28.780ms
[2020-08-10T13:03:21.837+0300][1141.383s][info ][gc] GC(36351) Pause Young (Allocation Failure) 69M->69M(80M) 14.146ms
[2020-08-10T13:03:21.851+0300][1141.397s][info ][gc] GC(36352) Pause Young (Allocation Failure) 70M->70M(80M) 14.098ms
[2020-08-10T13:03:21.866+0300][1141.412s][info ][gc] GC(36353) Pause Young (Allocation Failure) 71M->71M(80M) 14.106ms
[2020-08-10T13:03:21.881+0300][1141.427s][info ][gc] GC(36354) Pause Young (Allocation Failure) 72M->72M(80M) 14.354ms
[2020-08-10T13:03:21.896+0300][1141.442s][info ][gc] GC(36355) Pause Young (Allocation Failure) 73M->73M(80M) 14.397ms
[2020-08-10T13:03:21.910+0300][1141.457s][info ][gc] GC(36356) Pause Young (Allocation Failure) 74M->74M(79M) 14.390ms
[2020-08-10T13:03:21.925+0300][1141.471s][info ][gc] GC(36357) Pause Young (Allocation Failure) 75M->75M(80M) 14.098ms
[2020-08-10T13:03:21.940+0300][1141.486s][info ][gc] GC(36358) Pause Young (Allocation Failure) 76M->76M(80M) 14.376ms
[2020-08-10T13:03:21.955+0300][1141.501s][info ][gc] GC(36359) Pause Young (Allocation Failure) 77M->77M(80M) 14.336ms
[2020-08-10T13:03:21.970+0300][1141.516s][info ][gc] GC(36360) Pause Young (Allocation Failure) 78M->78M(80M) 14.256ms
[2020-08-10T13:03:22.149+0300][1141.695s][debug][gc] GC(36361) Expanding ParOldGen from 79872K by 11776K to 91648K
[2020-08-10T13:03:22.149+0300][1141.695s][info ][gc] GC(36361) Pause Full (Ergonomics) 78M->77M(92M) 179.173ms
[2020-08-10T13:03:22.163+0300][1141.710s][info ][gc] GC(36362) Pause Young (Allocation Failure) 78M->78M(92M) 13.551ms
[2020-08-10T13:03:22.178+0300][1141.724s][info ][gc] GC(36363) Pause Young (Allocation Failure) 79M->79M(92M) 14.117ms
[2020-08-10T13:03:22.193+0300][1141.739s][info ][gc] GC(36364) Pause Young (Allocation Failure) 80M->80M(92M) 14.177ms
[2020-08-10T13:03:22.207+0300][1141.754s][info ][gc] GC(36365) Pause Young (Allocation Failure) 81M->81M(92M) 14.058ms
[2020-08-10T13:03:22.222+0300][1141.768s][info ][gc] GC(36366) Pause Young (Allocation Failure) 82M->82M(92M) 14.183ms
[2020-08-10T13:03:22.237+0300][1141.783s][info ][gc] GC(36367) Pause Young (Allocation Failure) 83M->83M(92M) 14.250ms
[2020-08-10T13:03:22.252+0300][1141.798s][info ][gc] GC(36368) Pause Young (Allocation Failure) 84M->84M(92M) 14.304ms
[2020-08-10T13:03:22.267+0300][1141.813s][info ][gc] GC(36369) Pause Young (Allocation Failure) 85M->85M(92M) 14.377ms
[2020-08-10T13:03:22.282+0300][1141.828s][info ][gc] GC(36370) Pause Young (Allocation Failure) 86M->86M(92M) 14.453ms
[2020-08-10T13:03:22.297+0300][1141.843s][info ][gc] GC(36371) Pause Young (Allocation Failure) 87M->87M(92M) 14.642ms
[2020-08-10T13:03:22.312+0300][1141.859s][info ][gc] GC(36372) Pause Young (Allocation Failure) 88M->88M(92M) 14.701ms
[2020-08-10T13:03:22.328+0300][1141.874s][info ][gc] GC(36373) Pause Young (Allocation Failure) 89M->89M(92M) 14.914ms
[2020-08-10T13:03:22.543+0300][1142.089s][debug][gc] GC(36374) Expanding ParOldGen from 91648K by 11264K to 102912K
[2020-08-10T13:03:22.543+0300][1142.089s][info ][gc] GC(36374) Pause Full (Ergonomics) 89M->89M(103M) 214.810ms
[2020-08-10T13:03:22.557+0300][1142.103s][info ][gc] GC(36375) Pause Young (Allocation Failure) 90M->90M(103M) 13.659ms
[2020-08-10T13:03:22.573+0300][1142.119s][info ][gc] GC(36376) Pause Young (Allocation Failure) 91M->91M(103M) 14.892ms
[2020-08-10T13:03:22.588+0300][1142.134s][info ][gc] GC(36377) Pause Young (Allocation Failure) 92M->92M(103M) 14.937ms
[2020-08-10T13:03:22.604+0300][1142.150s][info ][gc] GC(36378) Pause Young (Allocation Failure) 93M->93M(103M) 15.008ms
[2020-08-10T13:03:22.619+0300][1142.166s][info ][gc] GC(36379) Pause Young (Allocation Failure) 94M->93M(103M) 15.058ms
[2020-08-10T13:03:22.635+0300][1142.181s][info ][gc] GC(36380) Pause Young (Allocation Failure) 94M->94M(103M) 15.256ms
[2020-08-10T13:03:22.651+0300][1142.197s][info ][gc] GC(36381) Pause Young (Allocation Failure) 95M->95M(103M) 15.384ms
[2020-08-10T13:03:22.667+0300][1142.214s][info ][gc] GC(36382) Pause Young (Allocation Failure) 96M->96M(103M) 15.433ms
[2020-08-10T13:03:22.683+0300][1142.230s][info ][gc] GC(36383) Pause Young (Allocation Failure) 97M->97M(103M) 15.430ms
[2020-08-10T13:03:22.699+0300][1142.246s][info ][gc] GC(36384) Pause Young (Allocation Failure) 98M->98M(103M) 15.617ms
[2020-08-10T13:03:22.716+0300][1142.262s][info ][gc] GC(36385) Pause Young (Allocation Failure) 99M->99M(103M) 15.980ms
[2020-08-10T13:03:22.732+0300][1142.279s][info ][gc] GC(36386) Pause Young (Allocation Failure) 100M->100M(103M) 15.884ms
[2020-08-10T13:03:22.982+0300][1142.528s][debug][gc] GC(36387) Expanding ParOldGen from 102912K by 11264K to 114176K
[2020-08-10T13:03:22.982+0300][1142.528s][info ][gc] GC(36387) Pause Full (Ergonomics) 100M->100M(114M) 249.495ms
[2020-08-10T13:03:23.019+0300][1142.565s][info ][gc] GC(36388) Pause Young (Allocation Failure) 101M->101M(114M) 35.947ms
[2020-08-10T13:03:23.036+0300][1142.582s][info ][gc] GC(36389) Pause Young (Allocation Failure) 102M->102M(114M) 16.279ms
[2020-08-10T13:03:23.053+0300][1142.599s][info ][gc] GC(36390) Pause Young (Allocation Failure) 103M->103M(114M) 16.403ms
[2020-08-10T13:03:23.070+0300][1142.616s][info ][gc] GC(36391) Pause Young (Allocation Failure) 104M->104M(114M) 16.568ms
[2020-08-10T13:03:23.087+0300][1142.633s][info ][gc] GC(36392) Pause Young (Allocation Failure) 105M->105M(114M) 16.456ms
[2020-08-10T13:03:23.104+0300][1142.650s][info ][gc] GC(36393) Pause Young (Allocation Failure) 106M->106M(114M) 16.547ms
[2020-08-10T13:03:23.121+0300][1142.668s][info ][gc] GC(36394) Pause Young (Allocation Failure) 107M->107M(114M) 16.679ms
[2020-08-10T13:03:23.139+0300][1142.685s][info ][gc] GC(36395) Pause Young (Allocation Failure) 108M->108M(114M) 16.972ms
[2020-08-10T13:03:23.156+0300][1142.703s][info ][gc] GC(36396) Pause Young (Allocation Failure) 109M->109M(114M) 16.885ms
[2020-08-10T13:03:23.174+0300][1142.720s][info ][gc] GC(36397) Pause Young (Allocation Failure) 110M->110M(114M) 16.816ms
[2020-08-10T13:03:23.191+0300][1142.737s][info ][gc] GC(36398) Pause Young (Allocation Failure) 111M->111M(114M) 16.815ms
[2020-08-10T13:03:23.209+0300][1142.755s][info ][gc] GC(36399) Pause Young (Allocation Failure) 112M->111M(114M) 17.066ms
[2020-08-10T13:03:23.482+0300][1143.028s][debug][gc] GC(36400) Expanding ParOldGen from 114176K by 11264K to 125440K
[2020-08-10T13:03:23.482+0300][1143.028s][info ][gc] GC(36400) Pause Full (Ergonomics) 111M->111M(125M) 273.013ms
[2020-08-10T13:03:23.514+0300][1143.060s][info ][gc] GC(36401) Pause Young (Allocation Failure) 112M->112M(125M) 31.438ms
[2020-08-10T13:03:23.532+0300][1143.079s][info ][gc] GC(36402) Pause Young (Allocation Failure) 113M->113M(125M) 17.851ms
[2020-08-10T13:03:23.551+0300][1143.097s][info ][gc] GC(36403) Pause Young (Allocation Failure) 114M->114M(125M) 17.568ms
[2020-08-10T13:03:23.571+0300][1143.117s][info ][gc] GC(36404) Pause Young (Allocation Failure) 115M->115M(125M) 19.774ms
[2020-08-10T13:03:23.589+0300][1143.135s][info ][gc] GC(36405) Pause Young (Allocation Failure) 116M->116M(125M) 18.018ms
[2020-08-10T13:03:23.608+0300][1143.154s][info ][gc] GC(36406) Pause Young (Allocation Failure) 117M->117M(125M) 17.861ms
[2020-08-10T13:03:23.626+0300][1143.172s][info ][gc] GC(36407) Pause Young (Allocation Failure) 118M->118M(125M) 18.081ms
[2020-08-10T13:03:23.645+0300][1143.191s][info ][gc] GC(36408) Pause Young (Allocation Failure) 119M->119M(125M) 18.116ms
[2020-08-10T13:03:23.663+0300][1143.210s][info ][gc] GC(36409) Pause Young (Allocation Failure) 120M->120M(125M) 18.076ms
[2020-08-10T13:03:23.682+0300][1143.228s][info ][gc] GC(36410) Pause Young (Allocation Failure) 121M->121M(125M) 18.032ms
[2020-08-10T13:03:23.701+0300][1143.247s][info ][gc] GC(36411) Pause Young (Allocation Failure) 122M->122M(125M) 18.403ms
[2020-08-10T13:03:23.720+0300][1143.266s][info ][gc] GC(36412) Pause Young (Allocation Failure) 123M->123M(125M) 18.515ms
[2020-08-10T13:03:24.051+0300][1143.597s][debug][gc] GC(36413) Expanding ParOldGen from 125440K by 11264K to 136704K
[2020-08-10T13:03:24.051+0300][1143.597s][info ][gc] GC(36413) Pause Full (Ergonomics) 123M->123M(136M) 330.840ms
[2020-08-10T13:03:24.085+0300][1143.631s][info ][gc] GC(36414) Pause Young (Allocation Failure) 124M->124M(136M) 33.842ms
[2020-08-10T13:03:24.104+0300][1143.651s][info ][gc] GC(36415) Pause Young (Allocation Failure) 125M->125M(136M) 19.001ms
[2020-08-10T13:03:24.124+0300][1143.670s][info ][gc] GC(36416) Pause Young (Allocation Failure) 126M->125M(136M) 19.118ms
[2020-08-10T13:03:24.143+0300][1143.690s][info ][gc] GC(36417) Pause Young (Allocation Failure) 126M->126M(136M) 18.863ms
[2020-08-10T13:03:24.163+0300][1143.709s][info ][gc] GC(36418) Pause Young (Allocation Failure) 127M->127M(136M) 18.974ms
[2020-08-10T13:03:24.182+0300][1143.728s][info ][gc] GC(36419) Pause Young (Allocation Failure) 128M->128M(136M) 18.705ms
[2020-08-10T13:03:24.201+0300][1143.747s][info ][gc] GC(36420) Pause Young (Allocation Failure) 129M->129M(136M) 18.297ms
[2020-08-10T13:03:24.220+0300][1143.767s][info ][gc] GC(36421) Pause Young (Allocation Failure) 130M->130M(136M) 18.851ms
[2020-08-10T13:03:24.240+0300][1143.786s][info ][gc] GC(36422) Pause Young (Allocation Failure) 131M->131M(136M) 19.087ms
[2020-08-10T13:03:24.260+0300][1143.806s][info ][gc] GC(36423) Pause Young (Allocation Failure) 132M->132M(136M) 19.178ms
[2020-08-10T13:03:24.280+0300][1143.826s][info ][gc] GC(36424) Pause Young (Allocation Failure) 133M->133M(136M) 19.308ms
[2020-08-10T13:03:24.658+0300][1144.204s][debug][gc] GC(36425) Expanding ParOldGen from 136704K by 11264K to 147968K
[2020-08-10T13:03:24.658+0300][1144.204s][info ][gc] GC(36425) Pause Full (Ergonomics) 133M->133M(147M) 377.785ms
[2020-08-10T13:03:24.674+0300][1144.220s][info ][gc] GC(36426) Pause Young (Allocation Failure) 134M->134M(147M) 15.610ms
[2020-08-10T13:03:24.692+0300][1144.239s][info ][gc] GC(36427) Pause Young (Allocation Failure) 135M->135M(147M) 18.204ms
[2020-08-10T13:03:24.693+0300][1144.239s][debug][gc] Expanding ParOldGen from 147968K by 19968K to 167936K
[2020-08-10T13:03:24.725+0300][1144.272s][info ][gc] GC(36428) Pause Young (Allocation Failure) 155M->155M(166M) 16.360ms
[2020-08-10T13:03:24.743+0300][1144.289s][info ][gc] GC(36429) Pause Young (Allocation Failure) 156M->156M(166M) 16.974ms
[2020-08-10T13:03:24.761+0300][1144.307s][info ][gc] GC(36430) Pause Young (Allocation Failure) 157M->157M(166M) 17.665ms
[2020-08-10T13:03:24.775+0300][1144.321s][info ][gc] GC(36431) Pause Young (Allocation Failure) 158M->158M(166M) 13.765ms
[2020-08-10T13:03:24.789+0300][1144.336s][info ][gc] GC(36432) Pause Young (Allocation Failure) 159M->159M(166M) 13.752ms
[2020-08-10T13:03:24.803+0300][1144.350s][info ][gc] GC(36433) Pause Young (Allocation Failure) 160M->160M(166M) 13.652ms
[2020-08-10T13:03:24.817+0300][1144.364s][info ][gc] GC(36434) Pause Young (Allocation Failure) 161M->161M(166M) 13.503ms
[2020-08-10T13:03:24.832+0300][1144.378s][info ][gc] GC(36435) Pause Young (Allocation Failure) 162M->162M(166M) 13.807ms
[2020-08-10T13:03:24.846+0300][1144.392s][info ][gc] GC(36436) Pause Young (Allocation Failure) 163M->163M(166M) 13.582ms
[2020-08-10T13:03:24.860+0300][1144.406s][info ][gc] GC(36437) Pause Young (Allocation Failure) 164M->164M(166M) 13.534ms
[2020-08-10T13:03:24.989+0300][1144.536s][debug][gc] GC(36438) Shrinking ParOldGen from 167936K by 125440K to 42496K
[2020-08-10T13:03:24.990+0300][1144.536s][info ][gc] GC(36438) Pause Full (Ergonomics) 164M->30M(44M) 129.734ms
[2020-08-10T13:03:25.003+0300][1144.549s][info ][gc] GC(36439) Pause Young (Allocation Failure) 31M->31M(44M) 12.906ms
[2020-08-10T13:03:25.017+0300][1144.563s][info ][gc] GC(36440) Pause Young (Allocation Failure) 32M->32M(44M) 13.466ms
[2020-08-10T13:03:25.031+0300][1144.577s][info ][gc] GC(36441) Pause Young (Allocation Failure) 33M->33M(44M) 13.429ms
[2020-08-10T13:03:25.045+0300][1144.591s][info ][gc] GC(36442) Pause Young (Allocation Failure) 34M->34M(44M) 13.299ms
[2020-08-10T13:03:25.058+0300][1144.605s][info ][gc] GC(36443) Pause Young (Allocation Failure) 35M->35M(44M) 13.445ms
[2020-08-10T13:03:25.072+0300][1144.618s][info ][gc] GC(36444) Pause Young (Allocation Failure) 36M->36M(44M) 13.181ms
[2020-08-10T13:03:25.086+0300][1144.632s][info ][gc] GC(36445) Pause Young (Allocation Failure) 37M->36M(43M) 13.408ms
[2020-08-10T13:03:25.100+0300][1144.646s][info ][gc] GC(36446) Pause Young (Allocation Failure) 37M->37M(43M) 13.233ms
[2020-08-10T13:03:25.113+0300][1144.660s][info ][gc] GC(36447) Pause Young (Allocation Failure) 38M->38M(43M) 13.428ms
[2020-08-10T13:03:25.127+0300][1144.673s][info ][gc] GC(36448) Pause Young (Allocation Failure) 39M->39M(44M) 13.166ms
[2020-08-10T13:03:25.141+0300][1144.687s][info ][gc] GC(36449) Pause Young (Allocation Failure) 40M->40M(44M) 13.457ms
[2020-08-10T13:03:25.155+0300][1144.701s][info ][gc] GC(36450) Pause Young (Allocation Failure) 41M->41M(44M) 13.355ms
[2020-08-10T13:03:25.237+0300][1144.784s][debug][gc] GC(36451) Expanding ParOldGen from 42496K by 11264K to 53760K
[2020-08-10T13:03:25.237+0300][1144.784s][info ][gc] GC(36451) Pause Full (Ergonomics) 41M->41M(55M) 82.360ms
[2020-08-10T13:03:25.258+0300][1144.803s][info ][gc] GC(36452) Pause Young (Allocation Failure) 42M->42M(55M) 19.104ms
[2020-08-10T13:03:25.272+0300][1144.818s][info ][gc] GC(36453) Pause Young (Allocation Failure) 43M->43M(55M) 13.610ms
[2020-08-10T13:03:25.286+0300][1144.832s][info ][gc] GC(36454) Pause Young (Allocation Failure) 44M->44M(55M) 13.624ms
[2020-08-10T13:03:25.301+0300][1144.846s][info ][gc] GC(36455) Pause Young (Allocation Failure) 45M->45M(55M) 13.598ms
[2020-08-10T13:03:25.315+0300][1144.860s][info ][gc] GC(36456) Pause Young (Allocation Failure) 46M->46M(55M) 13.517ms
[2020-08-10T13:03:25.329+0300][1144.874s][info ][gc] GC(36457) Pause Young (Allocation Failure) 47M->47M(55M) 13.699ms
[2020-08-10T13:03:25.343+0300][1144.888s][info ][gc] GC(36458) Pause Young (Allocation Failure) 48M->48M(55M) 13.617ms
[2020-08-10T13:03:25.357+0300][1144.903s][info ][gc] GC(36459) Pause Young (Allocation Failure) 49M->49M(55M) 13.744ms
[2020-08-10T13:03:25.371+0300][1144.917s][info ][gc] GC(36460) Pause Young (Allocation Failure) 50M->50M(55M) 13.571ms
[2020-08-10T13:03:25.385+0300][1144.931s][info ][gc] GC(36461) Pause Young (Allocation Failure) 51M->51M(55M) 13.430ms
[2020-08-10T13:03:25.399+0300][1144.945s][info ][gc] GC(36462) Pause Young (Allocation Failure) 52M->52M(55M) 13.597ms
[2020-08-10T13:03:25.413+0300][1144.959s][info ][gc] GC(36463) Pause Young (Allocation Failure) 53M->53M(55M) 13.620ms
[2020-08-10T13:03:25.520+0300][1145.065s][debug][gc] GC(36464) Expanding ParOldGen from 53760K by 11776K to 65536K
[2020-08-10T13:03:25.520+0300][1145.065s][info ][gc] GC(36464) Pause Full (Ergonomics) 53M->52M(66M) 106.344ms
[2020-08-10T13:03:25.542+0300][1145.087s][info ][gc] GC(36465) Pause Young (Allocation Failure) 53M->53M(66M) 21.185ms
[2020-08-10T13:03:25.556+0300][1145.101s][info ][gc] GC(36466) Pause Young (Allocation Failure) 54M->54M(66M) 13.680ms
[2020-08-10T13:03:25.570+0300][1145.116s][info ][gc] GC(36467) Pause Young (Allocation Failure) 55M->55M(66M) 13.765ms
[2020-08-10T13:03:25.584+0300][1145.130s][info ][gc] GC(36468) Pause Young (Allocation Failure) 56M->56M(66M) 13.673ms
[2020-08-10T13:03:25.599+0300][1145.144s][info ][gc] GC(36469) Pause Young (Allocation Failure) 57M->57M(66M) 13.650ms
[2020-08-10T13:03:25.613+0300][1145.158s][info ][gc] GC(36470) Pause Young (Allocation Failure) 58M->58M(66M) 13.643ms
[2020-08-10T13:03:25.627+0300][1145.172s][info ][gc] GC(36471) Pause Young (Allocation Failure) 59M->59M(66M) 13.695ms
[2020-08-10T13:03:25.641+0300][1145.187s][info ][gc] GC(36472) Pause Young (Allocation Failure) 60M->60M(66M) 13.726ms
[2020-08-10T13:03:25.655+0300][1145.201s][info ][gc] GC(36473) Pause Young (Allocation Failure) 61M->61M(66M) 13.689ms
[2020-08-10T13:03:25.670+0300][1145.215s][info ][gc] GC(36474) Pause Young (Allocation Failure) 62M->62M(66M) 13.569ms
[2020-08-10T13:03:25.684+0300][1145.229s][info ][gc] GC(36475) Pause Young (Allocation Failure) 63M->63M(66M) 13.553ms
[2020-08-10T13:03:25.698+0300][1145.243s][info ][gc] GC(36476) Pause Young (Allocation Failure) 64M->64M(66M) 13.735ms
[2020-08-10T13:03:25.836+0300][1145.381s][debug][gc] GC(36477) Expanding ParOldGen from 65536K by 11264K to 76800K
[2020-08-10T13:03:25.836+0300][1145.381s][info ][gc] GC(36477) Pause Full (Ergonomics) 64M->64M(77M) 137.756ms
[2020-08-10T13:03:25.864+0300][1145.409s][info ][gc] GC(36478) Pause Young (Allocation Failure) 65M->65M(77M) 27.420ms
[2020-08-10T13:03:25.878+0300][1145.423s][info ][gc] GC(36479) Pause Young (Allocation Failure) 66M->66M(77M) 13.732ms
[2020-08-10T13:03:25.892+0300][1145.438s][info ][gc] GC(36480) Pause Young (Allocation Failure) 67M->67M(77M) 13.691ms
[2020-08-10T13:03:25.906+0300][1145.452s][info ][gc] GC(36481) Pause Young (Allocation Failure) 68M->67M(77M) 13.658ms
[2020-08-10T13:03:25.921+0300][1145.466s][info ][gc] GC(36482) Pause Young (Allocation Failure) 68M->68M(77M) 13.762ms
[2020-08-10T13:03:25.935+0300][1145.480s][info ][gc] GC(36483) Pause Young (Allocation Failure) 69M->69M(77M) 13.640ms
[2020-08-10T13:03:25.949+0300][1145.494s][info ][gc] GC(36484) Pause Young (Allocation Failure) 70M->70M(77M) 13.772ms
[2020-08-10T13:03:25.963+0300][1145.509s][info ][gc] GC(36485) Pause Young (Allocation Failure) 71M->71M(77M) 13.815ms
[2020-08-10T13:03:25.978+0300][1145.523s][info ][gc] GC(36486) Pause Young (Allocation Failure) 72M->72M(77M) 13.963ms
[2020-08-10T13:03:25.992+0300][1145.537s][info ][gc] GC(36487) Pause Young (Allocation Failure) 73M->73M(77M) 13.859ms
[2020-08-10T13:03:26.006+0300][1145.552s][info ][gc] GC(36488) Pause Young (Allocation Failure) 74M->74M(76M) 13.787ms
[2020-08-10T13:03:26.175+0300][1145.720s][debug][gc] GC(36489) Expanding ParOldGen from 76800K by 11264K to 88064K
[2020-08-10T13:03:26.175+0300][1145.720s][info ][gc] GC(36489) Pause Full (Ergonomics) 74M->74M(88M) 168.447ms
[2020-08-10T13:03:26.189+0300][1145.734s][info ][gc] GC(36490) Pause Young (Allocation Failure) 75M->75M(88M) 13.156ms
[2020-08-10T13:03:26.203+0300][1145.748s][info ][gc] GC(36491) Pause Young (Allocation Failure) 76M->76M(88M) 13.481ms
[2020-08-10T13:03:26.216+0300][1145.762s][info ][gc] GC(36492) Pause Young (Allocation Failure) 77M->77M(88M) 13.380ms
[2020-08-10T13:03:26.231+0300][1145.776s][info ][gc] GC(36493) Pause Young (Allocation Failure) 78M->78M(88M) 13.477ms
[2020-08-10T13:03:26.245+0300][1145.790s][info ][gc] GC(36494) Pause Young (Allocation Failure) 79M->79M(88M) 13.529ms
[2020-08-10T13:03:26.259+0300][1145.804s][info ][gc] GC(36495) Pause Young (Allocation Failure) 80M->80M(88M) 13.652ms
[2020-08-10T13:03:26.273+0300][1145.819s][info ][gc] GC(36496) Pause Young (Allocation Failure) 81M->81M(88M) 13.687ms
[2020-08-10T13:03:26.287+0300][1145.833s][info ][gc] GC(36497) Pause Young (Allocation Failure) 82M->82M(88M) 13.682ms
[2020-08-10T13:03:26.302+0300][1145.847s][info ][gc] GC(36498) Pause Young (Allocation Failure) 83M->83M(88M) 13.669ms
[2020-08-10T13:03:26.316+0300][1145.861s][info ][gc] GC(36499) Pause Young (Allocation Failure) 84M->84M(88M) 13.792ms
[2020-08-10T13:03:26.330+0300][1145.876s][info ][gc] GC(36500) Pause Young (Allocation Failure) 85M->84M(88M) 13.885ms
[2020-08-10T13:03:26.345+0300][1145.890s][info ][gc] GC(36501) Pause Young (Allocation Failure) 85M->85M(88M) 13.941ms
[2020-08-10T13:03:26.544+0300][1146.089s][debug][gc] GC(36502) Expanding ParOldGen from 88064K by 11264K to 99328K
[2020-08-10T13:03:26.544+0300][1146.090s][info ][gc] GC(36502) Pause Full (Ergonomics) 85M->85M(99M) 198.933ms
[2020-08-10T13:03:26.558+0300][1146.103s][info ][gc] GC(36503) Pause Young (Allocation Failure) 86M->86M(99M) 13.049ms
[2020-08-10T13:03:26.585+0300][1146.130s][info ][gc] GC(36504) Pause Young (Allocation Failure) 87M->87M(99M) 26.391ms
[2020-08-10T13:03:26.599+0300][1146.145s][info ][gc] GC(36505) Pause Young (Allocation Failure) 88M->88M(99M) 14.199ms
[2020-08-10T13:03:26.614+0300][1146.160s][info ][gc] GC(36506) Pause Young (Allocation Failure) 89M->89M(99M) 14.216ms
[2020-08-10T13:03:26.629+0300][1146.174s][info ][gc] GC(36507) Pause Young (Allocation Failure) 90M->90M(99M) 14.229ms
[2020-08-10T13:03:26.644+0300][1146.189s][info ][gc] GC(36508) Pause Young (Allocation Failure) 91M->91M(99M) 14.464ms
[2020-08-10T13:03:26.659+0300][1146.204s][info ][gc] GC(36509) Pause Young (Allocation Failure) 92M->92M(99M) 14.446ms
[2020-08-10T13:03:26.674+0300][1146.219s][info ][gc] GC(36510) Pause Young (Allocation Failure) 93M->93M(99M) 14.646ms
[2020-08-10T13:03:26.689+0300][1146.234s][info ][gc] GC(36511) Pause Young (Allocation Failure) 94M->94M(99M) 14.464ms
[2020-08-10T13:03:26.704+0300][1146.250s][info ][gc] GC(36512) Pause Young (Allocation Failure) 95M->95M(99M) 14.783ms
[2020-08-10T13:03:26.720+0300][1146.265s][info ][gc] GC(36513) Pause Young (Allocation Failure) 96M->96M(99M) 14.679ms
[2020-08-10T13:03:26.735+0300][1146.281s][info ][gc] GC(36514) Pause Young (Allocation Failure) 97M->97M(99M) 14.948ms
[2020-08-10T13:03:26.966+0300][1146.511s][debug][gc] GC(36515) Expanding ParOldGen from 99328K by 11264K to 110592K
[2020-08-10T13:03:26.966+0300][1146.511s][info ][gc] GC(36515) Pause Full (Ergonomics) 97M->97M(110M) 230.486ms
[2020-08-10T13:03:27.000+0300][1146.546s][info ][gc] GC(36516) Pause Young (Allocation Failure) 98M->98M(110M) 34.047ms
[2020-08-10T13:03:27.016+0300][1146.562s][info ][gc] GC(36517) Pause Young (Allocation Failure) 99M->99M(110M) 15.341ms
[2020-08-10T13:03:27.032+0300][1146.578s][info ][gc] GC(36518) Pause Young (Allocation Failure) 100M->99M(110M) 15.382ms
[2020-08-10T13:03:27.048+0300][1146.594s][info ][gc] GC(36519) Pause Young (Allocation Failure) 100M->100M(110M) 15.551ms
[2020-08-10T13:03:27.064+0300][1146.610s][info ][gc] GC(36520) Pause Young (Allocation Failure) 101M->101M(110M) 15.633ms
[2020-08-10T13:03:27.081+0300][1146.626s][info ][gc] GC(36521) Pause Young (Allocation Failure) 102M->102M(110M) 15.810ms
[2020-08-10T13:03:27.097+0300][1146.642s][info ][gc] GC(36522) Pause Young (Allocation Failure) 103M->103M(110M) 15.918ms
[2020-08-10T13:03:27.113+0300][1146.659s][info ][gc] GC(36523) Pause Young (Allocation Failure) 104M->104M(110M) 15.805ms
[2020-08-10T13:03:27.130+0300][1146.675s][info ][gc] GC(36524) Pause Young (Allocation Failure) 105M->105M(110M) 16.110ms
[2020-08-10T13:03:27.146+0300][1146.692s][info ][gc] GC(36525) Pause Young (Allocation Failure) 106M->106M(110M) 15.974ms
[2020-08-10T13:03:27.163+0300][1146.708s][info ][gc] GC(36526) Pause Young (Allocation Failure) 107M->107M(110M) 16.142ms
[2020-08-10T13:03:27.180+0300][1146.725s][info ][gc] GC(36527) Pause Young (Allocation Failure) 108M->108M(110M) 16.207ms
[2020-08-10T13:03:27.445+0300][1146.990s][debug][gc] GC(36528) Expanding ParOldGen from 110592K by 11776K to 122368K
[2020-08-10T13:03:27.445+0300][1146.990s][info ][gc] GC(36528) Pause Full (Ergonomics) 108M->108M(122M) 264.883ms
[2020-08-10T13:03:27.482+0300][1147.028s][info ][gc] GC(36529) Pause Young (Allocation Failure) 109M->109M(122M) 36.785ms
[2020-08-10T13:03:27.499+0300][1147.045s][info ][gc] GC(36530) Pause Young (Allocation Failure) 110M->110M(122M) 16.480ms
[2020-08-10T13:03:27.516+0300][1147.062s][info ][gc] GC(36531) Pause Young (Allocation Failure) 111M->111M(122M) 16.595ms
[2020-08-10T13:03:27.533+0300][1147.079s][info ][gc] GC(36532) Pause Young (Allocation Failure) 112M->112M(122M) 16.342ms
[2020-08-10T13:03:27.550+0300][1147.096s][info ][gc] GC(36533) Pause Young (Allocation Failure) 113M->113M(122M) 16.497ms
[2020-08-10T13:03:27.567+0300][1147.113s][info ][gc] GC(36534) Pause Young (Allocation Failure) 114M->114M(122M) 16.678ms
[2020-08-10T13:03:27.584+0300][1147.130s][info ][gc] GC(36535) Pause Young (Allocation Failure) 115M->115M(122M) 16.607ms
[2020-08-10T13:03:27.602+0300][1147.147s][info ][gc] GC(36536) Pause Young (Allocation Failure) 116M->116M(122M) 16.829ms
[2020-08-10T13:03:27.619+0300][1147.164s][info ][gc] GC(36537) Pause Young (Allocation Failure) 117M->116M(122M) 16.718ms
[2020-08-10T13:03:27.636+0300][1147.181s][info ][gc] GC(36538) Pause Young (Allocation Failure) 117M->117M(122M) 16.790ms
[2020-08-10T13:03:27.653+0300][1147.199s][info ][gc] GC(36539) Pause Young (Allocation Failure) 118M->118M(122M) 16.902ms
[2020-08-10T13:03:27.671+0300][1147.216s][info ][gc] GC(36540) Pause Young (Allocation Failure) 119M->119M(122M) 17.226ms
[2020-08-10T13:03:27.961+0300][1147.506s][debug][gc] GC(36541) Expanding ParOldGen from 122368K by 11264K to 133632K
[2020-08-10T13:03:27.961+0300][1147.506s][info ][gc] GC(36541) Pause Full (Ergonomics) 119M->119M(133M) 289.776ms
[2020-08-10T13:03:27.993+0300][1147.538s][info ][gc] GC(36542) Pause Young (Allocation Failure) 120M->120M(133M) 31.688ms
[2020-08-10T13:03:28.011+0300][1147.556s][info ][gc] GC(36543) Pause Young (Allocation Failure) 121M->121M(133M) 17.574ms
[2020-08-10T13:03:28.029+0300][1147.575s][info ][gc] GC(36544) Pause Young (Allocation Failure) 122M->122M(133M) 17.594ms
[2020-08-10T13:03:28.047+0300][1147.592s][info ][gc] GC(36545) Pause Young (Allocation Failure) 123M->123M(133M) 17.492ms
[2020-08-10T13:03:28.065+0300][1147.610s][info ][gc] GC(36546) Pause Young (Allocation Failure) 124M->124M(133M) 17.418ms
[2020-08-10T13:03:28.083+0300][1147.628s][info ][gc] GC(36547) Pause Young (Allocation Failure) 125M->125M(133M) 17.662ms
[2020-08-10T13:03:28.101+0300][1147.647s][info ][gc] GC(36548) Pause Young (Allocation Failure) 126M->126M(133M) 17.553ms
[2020-08-10T13:03:28.119+0300][1147.665s][info ][gc] GC(36549) Pause Young (Allocation Failure) 127M->127M(133M) 17.843ms
[2020-08-10T13:03:28.138+0300][1147.683s][info ][gc] GC(36550) Pause Young (Allocation Failure) 128M->128M(133M) 18.169ms
[2020-08-10T13:03:28.156+0300][1147.702s][info ][gc] GC(36551) Pause Young (Allocation Failure) 129M->129M(133M) 17.840ms
[2020-08-10T13:03:28.174+0300][1147.720s][info ][gc] GC(36552) Pause Young (Allocation Failure) 130M->130M(133M) 17.908ms
[2020-08-10T13:03:28.193+0300][1147.738s][info ][gc] GC(36553) Pause Young (Allocation Failure) 131M->131M(133M) 18.137ms
[2020-08-10T13:03:28.532+0300][1148.078s][debug][gc] GC(36554) Expanding ParOldGen from 133632K by 11264K to 144896K
[2020-08-10T13:03:28.533+0300][1148.078s][info ][gc] GC(36554) Pause Full (Ergonomics) 131M->130M(144M) 339.558ms
[2020-08-10T13:03:28.567+0300][1148.113s][info ][gc] GC(36555) Pause Young (Allocation Failure) 131M->131M(144M) 34.069ms
[2020-08-10T13:03:28.586+0300][1148.132s][info ][gc] GC(36556) Pause Young (Allocation Failure) 132M->132M(144M) 18.544ms
[2020-08-10T13:03:28.605+0300][1148.151s][info ][gc] GC(36557) Pause Young (Allocation Failure) 133M->133M(144M) 18.638ms
[2020-08-10T13:03:28.624+0300][1148.170s][info ][gc] GC(36558) Pause Young (Allocation Failure) 134M->134M(144M) 18.344ms
[2020-08-10T13:03:28.625+0300][1148.170s][debug][gc] Expanding ParOldGen from 144896K by 19968K to 164864K
[2020-08-10T13:03:28.663+0300][1148.209s][info ][gc] GC(36559) Pause Young (Allocation Failure) 154M->154M(163M) 30.561ms
[2020-08-10T13:03:28.692+0300][1148.238s][info ][gc] GC(36560) Pause Young (Allocation Failure) 155M->155M(163M) 28.421ms
[2020-08-10T13:03:28.719+0300][1148.264s][info ][gc] GC(36561) Pause Young (Allocation Failure) 156M->156M(163M) 26.062ms
[2020-08-10T13:03:28.745+0300][1148.291s][info ][gc] GC(36562) Pause Young (Allocation Failure) 157M->157M(163M) 26.202ms
[2020-08-10T13:03:28.772+0300][1148.318s][info ][gc] GC(36563) Pause Young (Allocation Failure) 158M->158M(163M) 26.301ms
[2020-08-10T13:03:28.799+0300][1148.344s][info ][gc] GC(36564) Pause Young (Allocation Failure) 159M->159M(163M) 26.241ms
[2020-08-10T13:03:28.826+0300][1148.371s][info ][gc] GC(36565) Pause Young (Allocation Failure) 160M->160M(163M) 26.217ms
[2020-08-10T13:03:28.853+0300][1148.398s][info ][gc] GC(36566) Pause Young (Allocation Failure) 161M->161M(163M) 26.768ms
[2020-08-10T13:03:28.934+0300][1148.479s][debug][gc] GC(36567) Shrinking ParOldGen from 164864K by 124928K to 39936K
[2020-08-10T13:03:28.934+0300][1148.479s][info ][gc] GC(36567) Pause Full (Ergonomics) 161M->27M(41M) 80.704ms
[2020-08-10T13:03:28.965+0300][1148.511s][info ][gc] GC(36568) Pause Young (Allocation Failure) 28M->28M(41M) 30.725ms
[2020-08-10T13:03:28.987+0300][1148.533s][info ][gc] GC(36569) Pause Young (Allocation Failure) 29M->29M(41M) 21.700ms
[2020-08-10T13:03:29.013+0300][1148.558s][info ][gc] GC(36570) Pause Young (Allocation Failure) 30M->30M(41M) 24.703ms
[2020-08-10T13:03:29.027+0300][1148.572s][info ][gc] GC(36571) Pause Young (Allocation Failure) 31M->31M(41M) 13.555ms
[2020-08-10T13:03:29.041+0300][1148.586s][info ][gc] GC(36572) Pause Young (Allocation Failure) 32M->32M(41M) 13.499ms
[2020-08-10T13:03:29.055+0300][1148.600s][info ][gc] GC(36573) Pause Young (Allocation Failure) 33M->33M(41M) 13.265ms
[2020-08-10T13:03:29.069+0300][1148.614s][info ][gc] GC(36574) Pause Young (Allocation Failure) 34M->34M(41M) 13.378ms
[2020-08-10T13:03:29.083+0300][1148.628s][info ][gc] GC(36575) Pause Young (Allocation Failure) 35M->35M(41M) 13.383ms
[2020-08-10T13:03:29.097+0300][1148.642s][info ][gc] GC(36576) Pause Young (Allocation Failure) 36M->36M(41M) 13.352ms
[2020-08-10T13:03:29.110+0300][1148.656s][info ][gc] GC(36577) Pause Young (Allocation Failure) 37M->37M(41M) 13.510ms
[2020-08-10T13:03:29.124+0300][1148.670s][info ][gc] GC(36578) Pause Young (Allocation Failure) 38M->38M(41M) 13.391ms
[2020-08-10T13:03:29.138+0300][1148.684s][info ][gc] GC(36579) Pause Young (Allocation Failure) 39M->39M(41M) 13.442ms
[2020-08-10T13:03:29.203+0300][1148.749s][debug][gc] GC(36580) Expanding ParOldGen from 39936K by 11264K to 51200K
[2020-08-10T13:03:29.204+0300][1148.749s][info ][gc] GC(36580) Pause Full (Ergonomics) 39M->39M(52M) 65.169ms
[2020-08-10T13:03:29.222+0300][1148.767s][info ][gc] GC(36581) Pause Young (Allocation Failure) 40M->40M(52M) 17.527ms
[2020-08-10T13:03:29.236+0300][1148.781s][info ][gc] GC(36582) Pause Young (Allocation Failure) 41M->41M(52M) 13.479ms
[2020-08-10T13:03:29.249+0300][1148.795s][info ][gc] GC(36583) Pause Young (Allocation Failure) 42M->41M(52M) 13.359ms
[2020-08-10T13:03:29.264+0300][1148.809s][info ][gc] GC(36584) Pause Young (Allocation Failure) 42M->42M(52M) 13.763ms
[2020-08-10T13:03:29.278+0300][1148.823s][info ][gc] GC(36585) Pause Young (Allocation Failure) 43M->43M(52M) 13.616ms
[2020-08-10T13:03:29.292+0300][1148.837s][info ][gc] GC(36586) Pause Young (Allocation Failure) 44M->44M(52M) 13.639ms
[2020-08-10T13:03:29.306+0300][1148.851s][info ][gc] GC(36587) Pause Young (Allocation Failure) 45M->45M(51M) 13.479ms
[2020-08-10T13:03:29.320+0300][1148.865s][info ][gc] GC(36588) Pause Young (Allocation Failure) 46M->46M(52M) 13.386ms
[2020-08-10T13:03:29.334+0300][1148.879s][info ][gc] GC(36589) Pause Young (Allocation Failure) 47M->47M(52M) 13.604ms
[2020-08-10T13:03:29.348+0300][1148.894s][info ][gc] GC(36590) Pause Young (Allocation Failure) 48M->48M(52M) 13.555ms
[2020-08-10T13:03:29.362+0300][1148.908s][info ][gc] GC(36591) Pause Young (Allocation Failure) 49M->49M(52M) 13.472ms
[2020-08-10T13:03:29.376+0300][1148.922s][info ][gc] GC(36592) Pause Young (Allocation Failure) 50M->50M(52M) 13.616ms
[2020-08-10T13:03:29.479+0300][1149.024s][debug][gc] GC(36593) Expanding ParOldGen from 51200K by 11776K to 62976K
[2020-08-10T13:03:29.479+0300][1149.025s][info ][gc] GC(36593) Pause Full (Ergonomics) 50M->50M(64M) 102.441ms
[2020-08-10T13:03:29.500+0300][1149.045s][info ][gc] GC(36594) Pause Young (Allocation Failure) 51M->51M(64M) 20.272ms
[2020-08-10T13:03:29.526+0300][1149.071s][info ][gc] GC(36595) Pause Young (Allocation Failure) 52M->52M(64M) 25.729ms
[2020-08-10T13:03:29.540+0300][1149.086s][info ][gc] GC(36596) Pause Young (Allocation Failure) 53M->53M(64M) 13.745ms
[2020-08-10T13:03:29.554+0300][1149.100s][info ][gc] GC(36597) Pause Young (Allocation Failure) 54M->54M(64M) 13.676ms
[2020-08-10T13:03:29.569+0300][1149.114s][info ][gc] GC(36598) Pause Young (Allocation Failure) 55M->55M(64M) 13.646ms
[2020-08-10T13:03:29.583+0300][1149.128s][info ][gc] GC(36599) Pause Young (Allocation Failure) 56M->56M(64M) 13.651ms
[2020-08-10T13:03:29.597+0300][1149.142s][info ][gc] GC(36600) Pause Young (Allocation Failure) 57M->57M(64M) 13.328ms
[2020-08-10T13:03:29.611+0300][1149.157s][info ][gc] GC(36601) Pause Young (Allocation Failure) 58M->58M(64M) 13.654ms
[2020-08-10T13:03:29.625+0300][1149.171s][info ][gc] GC(36602) Pause Young (Allocation Failure) 59M->58M(64M) 13.614ms
[2020-08-10T13:03:29.640+0300][1149.185s][info ][gc] GC(36603) Pause Young (Allocation Failure) 59M->59M(64M) 13.723ms
[2020-08-10T13:03:29.654+0300][1149.200s][info ][gc] GC(36604) Pause Young (Allocation Failure) 60M->60M(64M) 13.752ms
[2020-08-10T13:03:29.668+0300][1149.214s][info ][gc] GC(36605) Pause Young (Allocation Failure) 61M->61M(64M) 13.783ms
[2020-08-10T13:03:29.797+0300][1149.342s][debug][gc] GC(36606) Expanding ParOldGen from 62976K by 11264K to 74240K
[2020-08-10T13:03:29.797+0300][1149.342s][info ][gc] GC(36606) Pause Full (Ergonomics) 61M->61M(75M) 128.017ms
[2020-08-10T13:03:29.822+0300][1149.367s][info ][gc] GC(36607) Pause Young (Allocation Failure) 62M->62M(75M) 24.589ms
[2020-08-10T13:03:29.835+0300][1149.381s][info ][gc] GC(36608) Pause Young (Allocation Failure) 63M->63M(75M) 13.546ms
[2020-08-10T13:03:29.849+0300][1149.395s][info ][gc] GC(36609) Pause Young (Allocation Failure) 64M->64M(75M) 13.507ms
[2020-08-10T13:03:29.863+0300][1149.409s][info ][gc] GC(36610) Pause Young (Allocation Failure) 65M->65M(75M) 13.610ms
[2020-08-10T13:03:29.878+0300][1149.423s][info ][gc] GC(36611) Pause Young (Allocation Failure) 66M->66M(75M) 13.756ms
[2020-08-10T13:03:29.892+0300][1149.438s][info ][gc] GC(36612) Pause Young (Allocation Failure) 67M->67M(75M) 13.856ms
[2020-08-10T13:03:29.906+0300][1149.452s][info ][gc] GC(36613) Pause Young (Allocation Failure) 68M->68M(75M) 13.546ms
[2020-08-10T13:03:29.920+0300][1149.466s][info ][gc] GC(36614) Pause Young (Allocation Failure) 69M->69M(75M) 13.717ms
[2020-08-10T13:03:29.935+0300][1149.480s][info ][gc] GC(36615) Pause Young (Allocation Failure) 70M->70M(75M) 13.762ms
[2020-08-10T13:03:29.949+0300][1149.494s][info ][gc] GC(36616) Pause Young (Allocation Failure) 71M->71M(75M) 13.760ms
[2020-08-10T13:03:29.963+0300][1149.509s][info ][gc] GC(36617) Pause Young (Allocation Failure) 72M->72M(75M) 13.756ms
[2020-08-10T13:03:29.977+0300][1149.523s][info ][gc] GC(36618) Pause Young (Allocation Failure) 73M->73M(75M) 13.783ms
[2020-08-10T13:03:30.137+0300][1149.682s][debug][gc] GC(36619) Expanding ParOldGen from 74240K by 11264K to 85504K
[2020-08-10T13:03:30.137+0300][1149.682s][info ][gc] GC(36619) Pause Full (Ergonomics) 73M->72M(86M) 159.328ms
[2020-08-10T13:03:30.167+0300][1149.713s][info ][gc] GC(36620) Pause Young (Allocation Failure) 73M->73M(86M) 29.816ms
[2020-08-10T13:03:30.182+0300][1149.727s][info ][gc] GC(36621) Pause Young (Allocation Failure) 74M->74M(86M) 13.917ms
[2020-08-10T13:03:30.196+0300][1149.741s][info ][gc] GC(36622) Pause Young (Allocation Failure) 75M->75M(86M) 13.848ms
[2020-08-10T13:03:30.210+0300][1149.756s][info ][gc] GC(36623) Pause Young (Allocation Failure) 76M->76M(86M) 13.778ms
[2020-08-10T13:03:30.224+0300][1149.770s][info ][gc] GC(36624) Pause Young (Allocation Failure) 77M->77M(86M) 13.855ms
[2020-08-10T13:03:30.239+0300][1149.784s][info ][gc] GC(36625) Pause Young (Allocation Failure) 78M->78M(86M) 13.679ms
[2020-08-10T13:03:30.253+0300][1149.799s][info ][gc] GC(36626) Pause Young (Allocation Failure) 79M->79M(86M) 13.854ms
[2020-08-10T13:03:30.267+0300][1149.813s][info ][gc] GC(36627) Pause Young (Allocation Failure) 80M->80M(86M) 13.897ms
[2020-08-10T13:03:30.282+0300][1149.827s][info ][gc] GC(36628) Pause Young (Allocation Failure) 81M->81M(86M) 13.668ms
[2020-08-10T13:03:30.296+0300][1149.841s][info ][gc] GC(36629) Pause Young (Allocation Failure) 82M->82M(86M) 13.953ms
[2020-08-10T13:03:30.310+0300][1149.856s][info ][gc] GC(36630) Pause Young (Allocation Failure) 83M->83M(86M) 13.777ms
[2020-08-10T13:03:30.500+0300][1150.046s][debug][gc] GC(36631) Expanding ParOldGen from 85504K by 11264K to 96768K
[2020-08-10T13:03:30.500+0300][1150.046s][info ][gc] GC(36631) Pause Full (Ergonomics) 83M->83M(97M) 190.058ms
[2020-08-10T13:03:30.514+0300][1150.060s][info ][gc] GC(36632) Pause Young (Allocation Failure) 84M->84M(97M) 13.224ms
[2020-08-10T13:03:30.528+0300][1150.074s][info ][gc] GC(36633) Pause Young (Allocation Failure) 85M->85M(97M) 13.862ms
[2020-08-10T13:03:30.543+0300][1150.089s][info ][gc] GC(36634) Pause Young (Allocation Failure) 86M->86M(97M) 13.967ms
[2020-08-10T13:03:30.558+0300][1150.103s][info ][gc] GC(36635) Pause Young (Allocation Failure) 87M->87M(97M) 14.225ms
[2020-08-10T13:03:30.573+0300][1150.118s][info ][gc] GC(36636) Pause Young (Allocation Failure) 88M->88M(97M) 14.204ms
[2020-08-10T13:03:30.587+0300][1150.133s][info ][gc] GC(36637) Pause Young (Allocation Failure) 89M->89M(97M) 14.101ms
[2020-08-10T13:03:30.602+0300][1150.148s][info ][gc] GC(36638) Pause Young (Allocation Failure) 90M->89M(97M) 14.243ms
[2020-08-10T13:03:30.617+0300][1150.162s][info ][gc] GC(36639) Pause Young (Allocation Failure) 90M->90M(97M) 14.333ms
[2020-08-10T13:03:30.632+0300][1150.177s][info ][gc] GC(36640) Pause Young (Allocation Failure) 91M->91M(97M) 14.435ms
[2020-08-10T13:03:30.647+0300][1150.193s][info ][gc] GC(36641) Pause Young (Allocation Failure) 92M->92M(97M) 14.561ms
[2020-08-10T13:03:30.662+0300][1150.208s][info ][gc] GC(36642) Pause Young (Allocation Failure) 93M->93M(97M) 14.749ms
[2020-08-10T13:03:30.677+0300][1150.223s][info ][gc] GC(36643) Pause Young (Allocation Failure) 94M->94M(97M) 14.657ms
[2020-08-10T13:03:30.896+0300][1150.441s][debug][gc] GC(36644) Expanding ParOldGen from 96768K by 11264K to 108032K
[2020-08-10T13:03:30.896+0300][1150.442s][info ][gc] GC(36644) Pause Full (Ergonomics) 94M->94M(108M) 218.311ms
[2020-08-10T13:03:30.933+0300][1150.479s][info ][gc] GC(36645) Pause Young (Allocation Failure) 95M->95M(108M) 36.545ms
[2020-08-10T13:03:30.949+0300][1150.494s][info ][gc] GC(36646) Pause Young (Allocation Failure) 96M->96M(108M) 15.094ms
[2020-08-10T13:03:30.964+0300][1150.510s][info ][gc] GC(36647) Pause Young (Allocation Failure) 97M->97M(108M) 15.211ms
[2020-08-10T13:03:30.980+0300][1150.526s][info ][gc] GC(36648) Pause Young (Allocation Failure) 98M->98M(108M) 15.359ms
[2020-08-10T13:03:30.996+0300][1150.542s][info ][gc] GC(36649) Pause Young (Allocation Failure) 99M->99M(107M) 15.428ms
[2020-08-10T13:03:31.012+0300][1150.558s][info ][gc] GC(36650) Pause Young (Allocation Failure) 100M->100M(107M) 15.480ms
[2020-08-10T13:03:31.029+0300][1150.574s][info ][gc] GC(36651) Pause Young (Allocation Failure) 101M->101M(107M) 15.739ms
[2020-08-10T13:03:31.043+0300][1150.589s][info ][gc] GC(36652) Pause Young (Allocation Failure) 102M->102M(108M) 14.362ms
[2020-08-10T13:03:31.060+0300][1150.606s][info ][gc] GC(36653) Pause Young (Allocation Failure) 103M->103M(108M) 16.010ms
[2020-08-10T13:03:31.076+0300][1150.622s][info ][gc] GC(36654) Pause Young (Allocation Failure) 104M->104M(108M) 15.838ms
[2020-08-10T13:03:31.093+0300][1150.638s][info ][gc] GC(36655) Pause Young (Allocation Failure) 105M->105M(108M) 15.944ms
[2020-08-10T13:03:31.109+0300][1150.655s][info ][gc] GC(36656) Pause Young (Allocation Failure) 106M->106M(108M) 15.744ms
[2020-08-10T13:03:31.371+0300][1150.917s][debug][gc] GC(36657) Expanding ParOldGen from 108032K by 11776K to 119808K
[2020-08-10T13:03:31.371+0300][1150.917s][info ][gc] GC(36657) Pause Full (Ergonomics) 106M->105M(119M) 262.014ms
[2020-08-10T13:03:31.408+0300][1150.954s][info ][gc] GC(36658) Pause Young (Allocation Failure) 106M->106M(119M) 36.101ms
[2020-08-10T13:03:31.425+0300][1150.971s][info ][gc] GC(36659) Pause Young (Allocation Failure) 107M->107M(119M) 16.199ms
[2020-08-10T13:03:31.442+0300][1150.987s][info ][gc] GC(36660) Pause Young (Allocation Failure) 108M->108M(119M) 16.039ms
[2020-08-10T13:03:31.459+0300][1151.004s][info ][gc] GC(36661) Pause Young (Allocation Failure) 109M->109M(119M) 16.365ms
[2020-08-10T13:03:31.476+0300][1151.021s][info ][gc] GC(36662) Pause Young (Allocation Failure) 110M->110M(119M) 16.494ms
[2020-08-10T13:03:31.493+0300][1151.038s][info ][gc] GC(36663) Pause Young (Allocation Failure) 111M->111M(119M) 16.526ms
[2020-08-10T13:03:31.510+0300][1151.056s][info ][gc] GC(36664) Pause Young (Allocation Failure) 112M->112M(119M) 16.689ms
[2020-08-10T13:03:31.527+0300][1151.073s][info ][gc] GC(36665) Pause Young (Allocation Failure) 113M->113M(119M) 16.570ms
[2020-08-10T13:03:31.544+0300][1151.090s][info ][gc] GC(36666) Pause Young (Allocation Failure) 114M->114M(119M) 16.678ms
[2020-08-10T13:03:31.562+0300][1151.107s][info ][gc] GC(36667) Pause Young (Allocation Failure) 115M->115M(119M) 16.809ms
[2020-08-10T13:03:31.590+0300][1151.136s][info ][gc] GC(36668) Pause Young (Allocation Failure) 116M->116M(119M) 28.146ms
[2020-08-10T13:03:31.608+0300][1151.154s][info ][gc] GC(36669) Pause Young (Allocation Failure) 117M->117M(119M) 17.194ms
[2020-08-10T13:03:31.895+0300][1151.440s][debug][gc] GC(36670) Expanding ParOldGen from 119808K by 11264K to 131072K
[2020-08-10T13:03:31.895+0300][1151.441s][info ][gc] GC(36670) Pause Full (Ergonomics) 117M->117M(130M) 286.716ms
[2020-08-10T13:03:31.927+0300][1151.472s][info ][gc] GC(36671) Pause Young (Allocation Failure) 118M->118M(130M) 31.122ms
[2020-08-10T13:03:31.944+0300][1151.490s][info ][gc] GC(36672) Pause Young (Allocation Failure) 119M->119M(130M) 17.242ms
[2020-08-10T13:03:31.963+0300][1151.508s][info ][gc] GC(36673) Pause Young (Allocation Failure) 120M->120M(130M) 17.535ms
[2020-08-10T13:03:31.981+0300][1151.526s][info ][gc] GC(36674) Pause Young (Allocation Failure) 121M->121M(130M) 17.541ms
[2020-08-10T13:03:31.999+0300][1151.545s][info ][gc] GC(36675) Pause Young (Allocation Failure) 122M->121M(130M) 17.820ms
[2020-08-10T13:03:32.017+0300][1151.563s][info ][gc] GC(36676) Pause Young (Allocation Failure) 122M->122M(130M) 17.650ms
[2020-08-10T13:03:32.036+0300][1151.581s][info ][gc] GC(36677) Pause Young (Allocation Failure) 123M->123M(130M) 17.826ms
[2020-08-10T13:03:32.054+0300][1151.600s][info ][gc] GC(36678) Pause Young (Allocation Failure) 124M->124M(130M) 17.965ms
[2020-08-10T13:03:32.073+0300][1151.618s][info ][gc] GC(36679) Pause Young (Allocation Failure) 125M->125M(130M) 18.027ms
[2020-08-10T13:03:32.091+0300][1151.637s][info ][gc] GC(36680) Pause Young (Allocation Failure) 126M->126M(130M) 18.059ms
[2020-08-10T13:03:32.110+0300][1151.655s][info ][gc] GC(36681) Pause Young (Allocation Failure) 127M->127M(130M) 17.752ms
[2020-08-10T13:03:32.156+0300][1151.702s][info ][gc] GC(36682) Pause Young (Allocation Failure) 128M->128M(130M) 46.004ms
[2020-08-10T13:03:32.494+0300][1152.039s][debug][gc] GC(36683) Expanding ParOldGen from 131072K by 11264K to 142336K
[2020-08-10T13:03:32.494+0300][1152.040s][info ][gc] GC(36683) Pause Full (Ergonomics) 128M->128M(141M) 337.803ms
[2020-08-10T13:03:32.528+0300][1152.074s][info ][gc] GC(36684) Pause Young (Allocation Failure) 129M->129M(141M) 33.858ms
[2020-08-10T13:03:32.547+0300][1152.093s][info ][gc] GC(36685) Pause Young (Allocation Failure) 130M->130M(141M) 18.323ms
[2020-08-10T13:03:32.566+0300][1152.111s][info ][gc] GC(36686) Pause Young (Allocation Failure) 131M->131M(141M) 18.131ms
[2020-08-10T13:03:32.584+0300][1152.130s][info ][gc] GC(36687) Pause Young (Allocation Failure) 132M->132M(141M) 18.017ms
[2020-08-10T13:03:32.603+0300][1152.149s][info ][gc] GC(36688) Pause Young (Allocation Failure) 133M->133M(141M) 18.365ms
[2020-08-10T13:03:32.622+0300][1152.167s][info ][gc] GC(36689) Pause Young (Allocation Failure) 134M->134M(141M) 18.364ms
[2020-08-10T13:03:32.641+0300][1152.186s][info ][gc] GC(36690) Pause Young (Allocation Failure) 135M->135M(141M) 18.614ms
[2020-08-10T13:03:32.641+0300][1152.187s][debug][gc] Expanding ParOldGen from 142336K by 19968K to 162304K
[2020-08-10T13:03:32.666+0300][1152.212s][info ][gc] GC(36691) Pause Young (Allocation Failure) 155M->155M(161M) 17.157ms
[2020-08-10T13:03:32.681+0300][1152.227s][info ][gc] GC(36692) Pause Young (Allocation Failure) 156M->156M(161M) 14.633ms
[2020-08-10T13:03:32.695+0300][1152.241s][info ][gc] GC(36693) Pause Young (Allocation Failure) 157M->157M(161M) 13.679ms
[2020-08-10T13:03:32.734+0300][1152.279s][info ][gc] GC(36694) Pause Young (Allocation Failure) 158M->158M(161M) 37.801ms
[2020-08-10T13:03:32.748+0300][1152.294s][info ][gc] GC(36695) Pause Young (Allocation Failure) 159M->158M(161M) 14.143ms
[2020-08-10T13:03:32.806+0300][1152.352s][debug][gc] GC(36696) Shrinking ParOldGen from 162304K by 124928K to 37376K
[2020-08-10T13:03:32.806+0300][1152.352s][info ][gc] GC(36696) Pause Full (Ergonomics) 158M->25M(39M) 57.691ms
[2020-08-10T13:03:32.820+0300][1152.366s][info ][gc] GC(36697) Pause Young (Allocation Failure) 26M->26M(39M) 13.241ms
[2020-08-10T13:03:32.834+0300][1152.380s][info ][gc] GC(36698) Pause Young (Allocation Failure) 27M->27M(39M) 13.700ms
[2020-08-10T13:03:32.856+0300][1152.401s][info ][gc] GC(36699) Pause Young (Allocation Failure) 28M->28M(39M) 21.109ms
[2020-08-10T13:03:32.870+0300][1152.415s][info ][gc] GC(36700) Pause Young (Allocation Failure) 29M->29M(39M) 13.387ms
[2020-08-10T13:03:32.884+0300][1152.430s][info ][gc] GC(36701) Pause Young (Allocation Failure) 30M->30M(39M) 13.949ms
[2020-08-10T13:03:32.898+0300][1152.444s][info ][gc] GC(36702) Pause Young (Allocation Failure) 31M->31M(39M) 13.369ms
[2020-08-10T13:03:32.912+0300][1152.458s][info ][gc] GC(36703) Pause Young (Allocation Failure) 32M->31M(39M) 13.444ms
[2020-08-10T13:03:32.926+0300][1152.472s][info ][gc] GC(36704) Pause Young (Allocation Failure) 32M->32M(39M) 13.486ms
[2020-08-10T13:03:32.940+0300][1152.486s][info ][gc] GC(36705) Pause Young (Allocation Failure) 33M->33M(39M) 13.512ms
[2020-08-10T13:03:32.954+0300][1152.500s][info ][gc] GC(36706) Pause Young (Allocation Failure) 34M->34M(39M) 13.507ms
[2020-08-10T13:03:32.968+0300][1152.514s][info ][gc] GC(36707) Pause Young (Allocation Failure) 35M->35M(39M) 13.169ms
[2020-08-10T13:03:32.982+0300][1152.527s][info ][gc] GC(36708) Pause Young (Allocation Failure) 36M->36M(38M) 13.195ms
[2020-08-10T13:03:33.046+0300][1152.592s][debug][gc] GC(36709) Expanding ParOldGen from 37376K by 11264K to 48640K
[2020-08-10T13:03:33.046+0300][1152.592s][info ][gc] GC(36709) Pause Full (Ergonomics) 36M->36M(49M) 64.789ms
[2020-08-10T13:03:33.064+0300][1152.610s][info ][gc] GC(36710) Pause Young (Allocation Failure) 37M->37M(49M) 17.135ms
[2020-08-10T13:03:33.078+0300][1152.624s][info ][gc] GC(36711) Pause Young (Allocation Failure) 38M->38M(49M) 13.396ms
[2020-08-10T13:03:33.092+0300][1152.638s][info ][gc] GC(36712) Pause Young (Allocation Failure) 39M->39M(49M) 13.306ms
[2020-08-10T13:03:33.106+0300][1152.652s][info ][gc] GC(36713) Pause Young (Allocation Failure) 40M->40M(49M) 13.519ms
[2020-08-10T13:03:33.120+0300][1152.666s][info ][gc] GC(36714) Pause Young (Allocation Failure) 41M->41M(49M) 13.244ms
[2020-08-10T13:03:33.134+0300][1152.679s][info ][gc] GC(36715) Pause Young (Allocation Failure) 42M->42M(49M) 13.250ms
[2020-08-10T13:03:33.147+0300][1152.693s][info ][gc] GC(36716) Pause Young (Allocation Failure) 43M->43M(49M) 13.350ms
[2020-08-10T13:03:33.161+0300][1152.707s][info ][gc] GC(36717) Pause Young (Allocation Failure) 44M->44M(49M) 13.527ms
[2020-08-10T13:03:33.175+0300][1152.721s][info ][gc] GC(36718) Pause Young (Allocation Failure) 45M->45M(49M) 13.421ms
[2020-08-10T13:03:33.189+0300][1152.735s][info ][gc] GC(36719) Pause Young (Allocation Failure) 46M->46M(49M) 13.496ms
[2020-08-10T13:03:33.203+0300][1152.749s][info ][gc] GC(36720) Pause Young (Allocation Failure) 47M->47M(49M) 13.476ms
[2020-08-10T13:03:33.217+0300][1152.763s][info ][gc] GC(36721) Pause Young (Allocation Failure) 48M->48M(49M) 13.524ms
[2020-08-10T13:03:33.312+0300][1152.858s][debug][gc] GC(36722) Expanding ParOldGen from 48640K by 11776K to 60416K
[2020-08-10T13:03:33.313+0300][1152.858s][info ][gc] GC(36722) Pause Full (Ergonomics) 48M->47M(61M) 94.822ms
[2020-08-10T13:03:33.333+0300][1152.879s][info ][gc] GC(36723) Pause Young (Allocation Failure) 48M->48M(61M) 19.785ms
[2020-08-10T13:03:33.347+0300][1152.893s][info ][gc] GC(36724) Pause Young (Allocation Failure) 49M->49M(61M) 13.687ms
[2020-08-10T13:03:33.361+0300][1152.907s][info ][gc] GC(36725) Pause Young (Allocation Failure) 50M->50M(61M) 13.640ms
[2020-08-10T13:03:33.375+0300][1152.921s][info ][gc] GC(36726) Pause Young (Allocation Failure) 51M->51M(61M) 13.496ms
[2020-08-10T13:03:33.390+0300][1152.935s][info ][gc] GC(36727) Pause Young (Allocation Failure) 52M->52M(61M) 13.712ms
[2020-08-10T13:03:33.404+0300][1152.949s][info ][gc] GC(36728) Pause Young (Allocation Failure) 53M->53M(61M) 13.595ms
[2020-08-10T13:03:33.418+0300][1152.963s][info ][gc] GC(36729) Pause Young (Allocation Failure) 54M->54M(61M) 13.390ms
[2020-08-10T13:03:33.432+0300][1152.977s][info ][gc] GC(36730) Pause Young (Allocation Failure) 55M->55M(61M) 13.656ms
[2020-08-10T13:03:33.446+0300][1152.992s][info ][gc] GC(36731) Pause Young (Allocation Failure) 56M->56M(61M) 13.674ms
[2020-08-10T13:03:33.460+0300][1153.006s][info ][gc] GC(36732) Pause Young (Allocation Failure) 57M->57M(61M) 13.699ms
[2020-08-10T13:03:33.474+0300][1153.020s][info ][gc] GC(36733) Pause Young (Allocation Failure) 58M->58M(61M) 13.513ms
[2020-08-10T13:03:33.488+0300][1153.034s][info ][gc] GC(36734) Pause Young (Allocation Failure) 59M->59M(61M) 13.717ms
[2020-08-10T13:03:33.619+0300][1153.165s][debug][gc] GC(36735) Expanding ParOldGen from 60416K by 11264K to 71680K
[2020-08-10T13:03:33.620+0300][1153.165s][info ][gc] GC(36735) Pause Full (Ergonomics) 59M->59M(72M) 130.952ms
[2020-08-10T13:03:33.644+0300][1153.189s][info ][gc] GC(36736) Pause Young (Allocation Failure) 60M->60M(72M) 23.566ms
[2020-08-10T13:03:33.658+0300][1153.204s][info ][gc] GC(36737) Pause Young (Allocation Failure) 61M->61M(72M) 13.688ms
[2020-08-10T13:03:33.672+0300][1153.218s][info ][gc] GC(36738) Pause Young (Allocation Failure) 62M->62M(72M) 13.419ms
[2020-08-10T13:03:33.686+0300][1153.231s][info ][gc] GC(36739) Pause Young (Allocation Failure) 63M->62M(72M) 13.424ms
[2020-08-10T13:03:33.700+0300][1153.245s][info ][gc] GC(36740) Pause Young (Allocation Failure) 63M->63M(72M) 13.586ms
[2020-08-10T13:03:33.714+0300][1153.260s][info ][gc] GC(36741) Pause Young (Allocation Failure) 64M->64M(72M) 13.769ms
[2020-08-10T13:03:33.728+0300][1153.274s][info ][gc] GC(36742) Pause Young (Allocation Failure) 65M->65M(72M) 13.377ms
[2020-08-10T13:03:33.742+0300][1153.288s][info ][gc] GC(36743) Pause Young (Allocation Failure) 66M->66M(72M) 13.499ms
[2020-08-10T13:03:33.756+0300][1153.302s][info ][gc] GC(36744) Pause Young (Allocation Failure) 67M->67M(72M) 13.431ms
[2020-08-10T13:03:33.770+0300][1153.315s][info ][gc] GC(36745) Pause Young (Allocation Failure) 68M->68M(72M) 13.435ms
[2020-08-10T13:03:33.784+0300][1153.330s][info ][gc] GC(36746) Pause Young (Allocation Failure) 69M->69M(72M) 13.775ms
[2020-08-10T13:03:33.798+0300][1153.344s][info ][gc] GC(36747) Pause Young (Allocation Failure) 70M->70M(72M) 13.667ms
[2020-08-10T13:03:33.951+0300][1153.497s][debug][gc] GC(36748) Expanding ParOldGen from 71680K by 11264K to 82944K
[2020-08-10T13:03:33.951+0300][1153.497s][info ][gc] GC(36748) Pause Full (Ergonomics) 70M->70M(83M) 152.713ms
[2020-08-10T13:03:33.981+0300][1153.527s][info ][gc] GC(36749) Pause Young (Allocation Failure) 71M->71M(83M) 29.752ms
[2020-08-10T13:03:33.996+0300][1153.541s][info ][gc] GC(36750) Pause Young (Allocation Failure) 72M->72M(83M) 13.954ms
[2020-08-10T13:03:34.010+0300][1153.555s][info ][gc] GC(36751) Pause Young (Allocation Failure) 73M->73M(83M) 13.584ms
[2020-08-10T13:03:34.024+0300][1153.570s][info ][gc] GC(36752) Pause Young (Allocation Failure) 74M->74M(83M) 13.673ms
[2020-08-10T13:03:34.038+0300][1153.584s][info ][gc] GC(36753) Pause Young (Allocation Failure) 75M->75M(83M) 13.725ms
[2020-08-10T13:03:34.052+0300][1153.598s][info ][gc] GC(36754) Pause Young (Allocation Failure) 76M->76M(83M) 13.835ms
[2020-08-10T13:03:34.067+0300][1153.612s][info ][gc] GC(36755) Pause Young (Allocation Failure) 77M->77M(83M) 13.709ms
[2020-08-10T13:03:34.081+0300][1153.627s][info ][gc] GC(36756) Pause Young (Allocation Failure) 78M->78M(83M) 13.890ms
[2020-08-10T13:03:34.096+0300][1153.641s][info ][gc] GC(36757) Pause Young (Allocation Failure) 79M->79M(83M) 13.792ms
[2020-08-10T13:03:34.110+0300][1153.656s][info ][gc] GC(36758) Pause Young (Allocation Failure) 80M->79M(83M) 13.810ms
[2020-08-10T13:03:34.124+0300][1153.670s][info ][gc] GC(36759) Pause Young (Allocation Failure) 80M->80M(83M) 13.736ms
[2020-08-10T13:03:34.306+0300][1153.852s][debug][gc] GC(36760) Expanding ParOldGen from 82944K by 11264K to 94208K
[2020-08-10T13:03:34.306+0300][1153.852s][info ][gc] GC(36760) Pause Full (Ergonomics) 80M->80M(94M) 182.099ms
[2020-08-10T13:03:34.320+0300][1153.866s][info ][gc] GC(36761) Pause Young (Allocation Failure) 81M->81M(94M) 12.991ms
[2020-08-10T13:03:34.335+0300][1153.880s][info ][gc] GC(36762) Pause Young (Allocation Failure) 82M->82M(94M) 14.031ms
[2020-08-10T13:03:34.349+0300][1153.895s][info ][gc] GC(36763) Pause Young (Allocation Failure) 83M->83M(94M) 13.797ms
[2020-08-10T13:03:34.363+0300][1153.909s][info ][gc] GC(36764) Pause Young (Allocation Failure) 84M->84M(94M) 13.746ms
[2020-08-10T13:03:34.378+0300][1153.924s][info ][gc] GC(36765) Pause Young (Allocation Failure) 85M->85M(94M) 13.756ms
[2020-08-10T13:03:34.393+0300][1153.938s][info ][gc] GC(36766) Pause Young (Allocation Failure) 86M->86M(94M) 14.273ms
[2020-08-10T13:03:34.407+0300][1153.953s][info ][gc] GC(36767) Pause Young (Allocation Failure) 87M->87M(94M) 13.924ms
[2020-08-10T13:03:34.422+0300][1153.968s][info ][gc] GC(36768) Pause Young (Allocation Failure) 88M->88M(94M) 14.147ms
[2020-08-10T13:03:34.436+0300][1153.982s][info ][gc] GC(36769) Pause Young (Allocation Failure) 89M->89M(94M) 14.120ms
[2020-08-10T13:03:34.451+0300][1153.997s][info ][gc] GC(36770) Pause Young (Allocation Failure) 90M->90M(94M) 14.268ms
[2020-08-10T13:03:34.467+0300][1154.012s][info ][gc] GC(36771) Pause Young (Allocation Failure) 91M->91M(94M) 14.873ms
[2020-08-10T13:03:34.482+0300][1154.027s][info ][gc] GC(36772) Pause Young (Allocation Failure) 92M->92M(94M) 14.441ms
[2020-08-10T13:03:34.698+0300][1154.244s][debug][gc] GC(36773) Expanding ParOldGen from 94208K by 11264K to 105472K
[2020-08-10T13:03:34.699+0300][1154.244s][info ][gc] GC(36773) Pause Full (Ergonomics) 92M->92M(105M) 216.828ms
[2020-08-10T13:03:34.735+0300][1154.280s][info ][gc] GC(36774) Pause Young (Allocation Failure) 93M->93M(105M) 35.485ms
[2020-08-10T13:03:34.750+0300][1154.296s][info ][gc] GC(36775) Pause Young (Allocation Failure) 94M->94M(105M) 15.146ms
[2020-08-10T13:03:34.766+0300][1154.312s][info ][gc] GC(36776) Pause Young (Allocation Failure) 95M->94M(105M) 14.838ms
[2020-08-10T13:03:34.781+0300][1154.327s][info ][gc] GC(36777) Pause Young (Allocation Failure) 95M->95M(105M) 15.113ms
[2020-08-10T13:03:34.797+0300][1154.343s][info ][gc] GC(36778) Pause Young (Allocation Failure) 96M->96M(105M) 15.051ms
[2020-08-10T13:03:34.813+0300][1154.359s][info ][gc] GC(36779) Pause Young (Allocation Failure) 97M->97M(105M) 15.125ms
[2020-08-10T13:03:34.829+0300][1154.375s][info ][gc] GC(36780) Pause Young (Allocation Failure) 98M->98M(105M) 15.543ms
[2020-08-10T13:03:34.845+0300][1154.391s][info ][gc] GC(36781) Pause Young (Allocation Failure) 99M->99M(105M) 15.090ms
[2020-08-10T13:03:34.861+0300][1154.407s][info ][gc] GC(36782) Pause Young (Allocation Failure) 100M->100M(105M) 16.124ms
[2020-08-10T13:03:34.877+0300][1154.423s][info ][gc] GC(36783) Pause Young (Allocation Failure) 101M->101M(105M) 15.521ms
[2020-08-10T13:03:34.893+0300][1154.439s][info ][gc] GC(36784) Pause Young (Allocation Failure) 102M->102M(105M) 15.602ms
[2020-08-10T13:03:34.910+0300][1154.456s][info ][gc] GC(36785) Pause Young (Allocation Failure) 103M->103M(105M) 16.004ms
[2020-08-10T13:03:35.161+0300][1154.707s][debug][gc] GC(36786) Expanding ParOldGen from 105472K by 11776K to 117248K
[2020-08-10T13:03:35.162+0300][1154.708s][info ][gc] GC(36786) Pause Full (Ergonomics) 103M->103M(116M) 251.478ms
[2020-08-10T13:03:35.198+0300][1154.744s][info ][gc] GC(36787) Pause Young (Allocation Failure) 104M->104M(116M) 35.576ms
[2020-08-10T13:03:35.214+0300][1154.760s][info ][gc] GC(36788) Pause Young (Allocation Failure) 105M->105M(116M) 15.766ms
[2020-08-10T13:03:35.229+0300][1154.775s][info ][gc] GC(36789) Pause Young (Allocation Failure) 105M->105M(116M) 14.747ms
[2020-08-10T13:03:35.243+0300][1154.789s][info ][gc] GC(36790) Pause Young (Allocation Failure) 106M->106M(116M) 13.527ms
[2020-08-10T13:03:35.257+0300][1154.803s][info ][gc] GC(36791) Pause Young (Allocation Failure) 106M->106M(116M) 13.564ms
[2020-08-10T13:03:35.271+0300][1154.817s][info ][gc] GC(36792) Pause Young (Allocation Failure) 107M->107M(116M) 13.528ms
[2020-08-10T13:03:35.285+0300][1154.831s][info ][gc] GC(36793) Pause Young (Allocation Failure) 107M->107M(116M) 13.576ms
[2020-08-10T13:03:35.299+0300][1154.845s][info ][gc] GC(36794) Pause Young (Allocation Failure) 108M->108M(116M) 13.454ms
[2020-08-10T13:03:35.313+0300][1154.859s][info ][gc] GC(36795) Pause Young (Allocation Failure) 108M->108M(116M) 13.576ms
[2020-08-10T13:03:35.327+0300][1154.873s][info ][gc] GC(36796) Pause Young (Allocation Failure) 109M->109M(116M) 13.491ms
[2020-08-10T13:03:35.341+0300][1154.887s][info ][gc] GC(36797) Pause Young (Allocation Failure) 109M->109M(116M) 13.432ms
[2020-08-10T13:03:35.355+0300][1154.901s][info ][gc] GC(36798) Pause Young (Allocation Failure) 109M->109M(116M) 13.593ms
[2020-08-10T13:03:35.369+0300][1154.915s][info ][gc] GC(36799) Pause Young (Allocation Failure) 110M->110M(116M) 13.662ms
[2020-08-10T13:03:35.383+0300][1154.929s][info ][gc] GC(36800) Pause Young (Allocation Failure) 110M->110M(116M) 13.610ms
[2020-08-10T13:03:35.398+0300][1154.943s][info ][gc] GC(36801) Pause Young (Allocation Failure) 111M->111M(116M) 13.682ms
[2020-08-10T13:03:35.412+0300][1154.958s][info ][gc] GC(36802) Pause Young (Allocation Failure) 111M->111M(116M) 13.821ms
[2020-08-10T13:03:35.426+0300][1154.972s][info ][gc] GC(36803) Pause Young (Allocation Failure) 112M->112M(116M) 13.793ms
[2020-08-10T13:03:35.440+0300][1154.986s][info ][gc] GC(36804) Pause Young (Allocation Failure) 112M->112M(116M) 13.806ms
[2020-08-10T13:03:35.455+0300][1155.000s][info ][gc] GC(36805) Pause Young (Allocation Failure) 113M->113M(115M) 14.027ms
[2020-08-10T13:03:35.469+0300][1155.015s][info ][gc] GC(36806) Pause Young (Allocation Failure) 113M->113M(116M) 13.884ms
[2020-08-10T13:03:35.483+0300][1155.029s][info ][gc] GC(36807) Pause Young (Allocation Failure) 114M->114M(116M) 13.994ms
[2020-08-10T13:03:35.788+0300][1155.334s][debug][gc] GC(36808) Expanding ParOldGen from 117248K by 10752K to 128000K
[2020-08-10T13:03:35.788+0300][1155.334s][info ][gc] GC(36808) Pause Full (Ergonomics) 114M->113M(126M) 304.852ms
[2020-08-10T13:03:35.802+0300][1155.348s][info ][gc] GC(36809) Pause Young (Allocation Failure) 114M->114M(126M) 13.045ms
[2020-08-10T13:03:35.817+0300][1155.363s][info ][gc] GC(36810) Pause Young (Allocation Failure) 114M->114M(126M) 14.388ms
[2020-08-10T13:03:35.831+0300][1155.377s][info ][gc] GC(36811) Pause Young (Allocation Failure) 115M->115M(126M) 14.020ms
[2020-08-10T13:03:35.846+0300][1155.391s][info ][gc] GC(36812) Pause Young (Allocation Failure) 115M->115M(126M) 13.935ms
[2020-08-10T13:03:35.860+0300][1155.406s][info ][gc] GC(36813) Pause Young (Allocation Failure) 116M->116M(126M) 14.145ms
[2020-08-10T13:03:35.893+0300][1155.438s][info ][gc] GC(36814) Pause Young (Allocation Failure) 116M->116M(126M) 32.029ms
[2020-08-10T13:03:35.907+0300][1155.453s][info ][gc] GC(36815) Pause Young (Allocation Failure) 117M->117M(126M) 14.469ms
[2020-08-10T13:03:35.922+0300][1155.468s][info ][gc] GC(36816) Pause Young (Allocation Failure) 117M->117M(126M) 14.215ms
[2020-08-10T13:03:35.937+0300][1155.483s][info ][gc] GC(36817) Pause Young (Allocation Failure) 118M->118M(126M) 14.325ms
[2020-08-10T13:03:35.952+0300][1155.497s][info ][gc] GC(36818) Pause Young (Allocation Failure) 118M->118M(126M) 14.363ms
[2020-08-10T13:03:35.966+0300][1155.512s][info ][gc] GC(36819) Pause Young (Allocation Failure) 119M->119M(126M) 14.320ms
[2020-08-10T13:03:35.981+0300][1155.527s][info ][gc] GC(36820) Pause Young (Allocation Failure) 119M->119M(126M) 14.260ms
[2020-08-10T13:03:35.996+0300][1155.542s][info ][gc] GC(36821) Pause Young (Allocation Failure) 120M->119M(126M) 14.308ms
[2020-08-10T13:03:36.011+0300][1155.556s][info ][gc] GC(36822) Pause Young (Allocation Failure) 120M->120M(126M) 14.420ms
[2020-08-10T13:03:36.025+0300][1155.571s][info ][gc] GC(36823) Pause Young (Allocation Failure) 120M->120M(126M) 14.431ms
[2020-08-10T13:03:36.040+0300][1155.586s][info ][gc] GC(36824) Pause Young (Allocation Failure) 121M->121M(126M) 14.458ms
[2020-08-10T13:03:36.073+0300][1155.618s][info ][gc] GC(36825) Pause Young (Allocation Failure) 121M->121M(126M) 31.812ms
[2020-08-10T13:03:36.087+0300][1155.633s][info ][gc] GC(36826) Pause Young (Allocation Failure) 122M->122M(126M) 14.700ms
[2020-08-10T13:03:36.102+0300][1155.648s][info ][gc] GC(36827) Pause Young (Allocation Failure) 122M->122M(126M) 14.653ms
[2020-08-10T13:03:36.120+0300][1155.666s][info ][gc] GC(36828) Pause Young (Allocation Failure) 123M->123M(126M) 16.801ms
[2020-08-10T13:03:36.135+0300][1155.680s][info ][gc] GC(36829) Pause Young (Allocation Failure) 123M->123M(126M) 14.541ms
[2020-08-10T13:03:36.150+0300][1155.696s][info ][gc] GC(36830) Pause Young (Allocation Failure) 124M->124M(126M) 15.370ms
[2020-08-10T13:03:36.165+0300][1155.711s][info ][gc] GC(36831) Pause Young (Allocation Failure) 124M->124M(126M) 14.534ms
[2020-08-10T13:03:36.180+0300][1155.726s][info ][gc] GC(36832) Pause Young (Allocation Failure) 124M->124M(126M) 14.476ms
[2020-08-10T13:03:36.195+0300][1155.741s][info ][gc] GC(36833) Pause Young (Allocation Failure) 125M->125M(126M) 14.814ms
[2020-08-10T13:03:36.518+0300][1156.064s][debug][gc] GC(36834) Expanding ParOldGen from 128000K by 10752K to 138752K
[2020-08-10T13:03:36.518+0300][1156.064s][info ][gc] GC(36834) Pause Full (Ergonomics) 125M->125M(137M) 322.591ms
[2020-08-10T13:03:36.550+0300][1156.096s][info ][gc] GC(36835) Pause Young (Allocation Failure) 125M->125M(137M) 31.280ms
[2020-08-10T13:03:36.565+0300][1156.111s][info ][gc] GC(36836) Pause Young (Allocation Failure) 126M->126M(137M) 15.240ms
[2020-08-10T13:03:36.581+0300][1156.127s][info ][gc] GC(36837) Pause Young (Allocation Failure) 126M->126M(137M) 15.025ms
[2020-08-10T13:03:36.596+0300][1156.142s][info ][gc] GC(36838) Pause Young (Allocation Failure) 127M->127M(137M) 15.042ms
[2020-08-10T13:03:36.611+0300][1156.157s][info ][gc] GC(36839) Pause Young (Allocation Failure) 127M->127M(137M) 15.071ms
[2020-08-10T13:03:36.627+0300][1156.173s][info ][gc] GC(36840) Pause Young (Allocation Failure) 127M->127M(137M) 15.146ms
[2020-08-10T13:03:36.642+0300][1156.188s][info ][gc] GC(36841) Pause Young (Allocation Failure) 128M->128M(137M) 15.042ms
[2020-08-10T13:03:36.658+0300][1156.204s][info ][gc] GC(36842) Pause Young (Allocation Failure) 128M->128M(137M) 15.270ms
[2020-08-10T13:03:36.673+0300][1156.219s][info ][gc] GC(36843) Pause Young (Allocation Failure) 129M->129M(137M) 15.186ms
[2020-08-10T13:03:36.689+0300][1156.235s][info ][gc] GC(36844) Pause Young (Allocation Failure) 129M->129M(137M) 15.190ms
[2020-08-10T13:03:36.705+0300][1156.251s][info ][gc] GC(36845) Pause Young (Allocation Failure) 130M->130M(137M) 15.470ms
[2020-08-10T13:03:36.720+0300][1156.266s][info ][gc] GC(36846) Pause Young (Allocation Failure) 130M->130M(137M) 15.196ms
[2020-08-10T13:03:36.736+0300][1156.282s][info ][gc] GC(36847) Pause Young (Allocation Failure) 131M->131M(137M) 15.301ms
[2020-08-10T13:03:36.752+0300][1156.298s][info ][gc] GC(36848) Pause Young (Allocation Failure) 131M->131M(137M) 15.378ms
[2020-08-10T13:03:36.768+0300][1156.314s][info ][gc] GC(36849) Pause Young (Allocation Failure) 132M->132M(137M) 15.526ms
[2020-08-10T13:03:36.784+0300][1156.330s][info ][gc] GC(36850) Pause Young (Allocation Failure) 132M->132M(137M) 15.528ms
[2020-08-10T13:03:36.807+0300][1156.353s][info ][gc] GC(36851) Pause Young (Allocation Failure) 133M->133M(137M) 23.300ms
[2020-08-10T13:03:36.850+0300][1156.396s][info ][gc] GC(36852) Pause Young (Allocation Failure) 133M->133M(137M) 42.399ms
[2020-08-10T13:03:36.866+0300][1156.412s][info ][gc] GC(36853) Pause Young (Allocation Failure) 133M->133M(137M) 15.772ms
[2020-08-10T13:03:36.882+0300][1156.428s][info ][gc] GC(36854) Pause Young (Allocation Failure) 134M->134M(137M) 15.646ms
[2020-08-10T13:03:36.899+0300][1156.444s][info ][gc] GC(36855) Pause Young (Allocation Failure) 134M->134M(137M) 15.719ms
[2020-08-10T13:03:36.942+0300][1156.488s][info ][gc] GC(36856) Pause Young (Allocation Failure) 135M->135M(137M) 43.133ms
[2020-08-10T13:03:36.958+0300][1156.504s][info ][gc] GC(36857) Pause Young (Allocation Failure) 135M->135M(137M) 15.915ms
[2020-08-10T13:03:37.306+0300][1156.852s][debug][gc] GC(36858) Expanding ParOldGen from 138752K by 10752K to 149504K
[2020-08-10T13:03:37.306+0300][1156.852s][info ][gc] GC(36858) Pause Full (Ergonomics) 135M->135M(147M) 347.211ms
[2020-08-10T13:03:37.306+0300][1156.852s][debug][gc] Expanding ParOldGen from 149504K by 19968K to 169472K
[2020-08-10T13:03:37.328+0300][1156.874s][info ][gc] GC(36859) Pause Young (Allocation Failure) 155M->154M(167M) 12.930ms
[2020-08-10T13:03:37.358+0300][1156.904s][info ][gc] GC(36860) Pause Young (Allocation Failure) 155M->155M(167M) 29.758ms
[2020-08-10T13:03:37.388+0300][1156.934s][info ][gc] GC(36861) Pause Young (Allocation Failure) 155M->155M(167M) 29.980ms
[2020-08-10T13:03:37.408+0300][1156.953s][info ][gc] GC(36862) Pause Young (Allocation Failure) 156M->156M(167M) 19.116ms
[2020-08-10T13:03:37.421+0300][1156.967s][info ][gc] GC(36863) Pause Young (Allocation Failure) 156M->156M(167M) 13.462ms
[2020-08-10T13:03:37.435+0300][1156.981s][info ][gc] GC(36864) Pause Young (Allocation Failure) 157M->157M(167M) 13.794ms
[2020-08-10T13:03:37.449+0300][1156.995s][info ][gc] GC(36865) Pause Young (Allocation Failure) 157M->157M(167M) 13.583ms
[2020-08-10T13:03:37.464+0300][1157.010s][info ][gc] GC(36866) Pause Young (Allocation Failure) 157M->157M(167M) 13.981ms
[2020-08-10T13:03:37.478+0300][1157.024s][info ][gc] GC(36867) Pause Young (Allocation Failure) 158M->158M(167M) 14.089ms
[2020-08-10T13:03:37.493+0300][1157.039s][info ][gc] GC(36868) Pause Young (Allocation Failure) 158M->158M(167M) 14.096ms
[2020-08-10T13:03:37.507+0300][1157.053s][info ][gc] GC(36869) Pause Young (Allocation Failure) 159M->159M(167M) 14.206ms
[2020-08-10T13:03:37.522+0300][1157.068s][info ][gc] GC(36870) Pause Young (Allocation Failure) 159M->159M(167M) 14.068ms
[2020-08-10T13:03:37.549+0300][1157.095s][info ][gc] GC(36871) Pause Young (Allocation Failure) 160M->160M(167M) 26.886ms
[2020-08-10T13:03:37.563+0300][1157.109s][info ][gc] GC(36872) Pause Young (Allocation Failure) 160M->160M(167M) 14.115ms
[2020-08-10T13:03:37.578+0300][1157.124s][info ][gc] GC(36873) Pause Young (Allocation Failure) 161M->161M(167M) 13.895ms
[2020-08-10T13:03:37.592+0300][1157.138s][info ][gc] GC(36874) Pause Young (Allocation Failure) 161M->161M(167M) 14.088ms
[2020-08-10T13:03:37.606+0300][1157.152s][info ][gc] GC(36875) Pause Young (Allocation Failure) 162M->161M(167M) 14.060ms
[2020-08-10T13:03:37.621+0300][1157.167s][info ][gc] GC(36876) Pause Young (Allocation Failure) 162M->162M(167M) 14.255ms
[2020-08-10T13:03:37.635+0300][1157.181s][info ][gc] GC(36877) Pause Young (Allocation Failure) 162M->162M(167M) 14.108ms
[2020-08-10T13:03:37.650+0300][1157.196s][info ][gc] GC(36878) Pause Young (Allocation Failure) 163M->163M(167M) 14.301ms
[2020-08-10T13:03:37.665+0300][1157.211s][info ][gc] GC(36879) Pause Young (Allocation Failure) 163M->163M(167M) 14.150ms
[2020-08-10T13:03:37.679+0300][1157.225s][info ][gc] GC(36880) Pause Young (Allocation Failure) 164M->164M(167M) 13.776ms
[2020-08-10T13:03:37.692+0300][1157.238s][info ][gc] GC(36881) Pause Young (Allocation Failure) 164M->164M(167M) 13.103ms
[2020-08-10T13:03:37.706+0300][1157.252s][info ][gc] GC(36882) Pause Young (Allocation Failure) 165M->165M(167M) 13.658ms
[2020-08-10T13:03:37.720+0300][1157.266s][info ][gc] GC(36883) Pause Young (Allocation Failure) 165M->165M(167M) 13.440ms
[2020-08-10T13:03:37.820+0300][1157.366s][debug][gc] GC(36884) Shrinking ParOldGen from 169472K by 125952K to 43520K
[2020-08-10T13:03:37.820+0300][1157.366s][info ][gc] GC(36884) Pause Full (Ergonomics) 165M->31M(44M) 99.720ms
[2020-08-10T13:03:37.838+0300][1157.384s][info ][gc] GC(36885) Pause Young (Allocation Failure) 32M->32M(44M) 17.391ms
[2020-08-10T13:03:37.851+0300][1157.397s][info ][gc] GC(36886) Pause Young (Allocation Failure) 32M->32M(44M) 12.777ms
[2020-08-10T13:03:37.864+0300][1157.410s][info ][gc] GC(36887) Pause Young (Allocation Failure) 33M->33M(44M) 12.686ms
[2020-08-10T13:03:37.877+0300][1157.423s][info ][gc] GC(36888) Pause Young (Allocation Failure) 33M->33M(44M) 12.754ms
[2020-08-10T13:03:37.890+0300][1157.436s][info ][gc] GC(36889) Pause Young (Allocation Failure) 34M->34M(44M) 12.647ms
[2020-08-10T13:03:37.903+0300][1157.449s][info ][gc] GC(36890) Pause Young (Allocation Failure) 34M->34M(44M) 12.970ms
[2020-08-10T13:03:37.917+0300][1157.463s][info ][gc] GC(36891) Pause Young (Allocation Failure) 35M->35M(44M) 12.932ms
[2020-08-10T13:03:37.930+0300][1157.476s][info ][gc] GC(36892) Pause Young (Allocation Failure) 35M->35M(44M) 12.954ms
[2020-08-10T13:03:37.944+0300][1157.490s][info ][gc] GC(36893) Pause Young (Allocation Failure) 36M->35M(44M) 12.943ms
[2020-08-10T13:03:37.957+0300][1157.503s][info ][gc] GC(36894) Pause Young (Allocation Failure) 36M->36M(44M) 13.071ms
[2020-08-10T13:03:37.970+0300][1157.516s][info ][gc] GC(36895) Pause Young (Allocation Failure) 36M->36M(44M) 12.839ms
[2020-08-10T13:03:37.983+0300][1157.529s][info ][gc] GC(36896) Pause Young (Allocation Failure) 37M->37M(44M) 12.700ms
[2020-08-10T13:03:37.997+0300][1157.543s][info ][gc] GC(36897) Pause Young (Allocation Failure) 37M->37M(44M) 12.948ms
[2020-08-10T13:03:38.010+0300][1157.556s][info ][gc] GC(36898) Pause Young (Allocation Failure) 38M->38M(44M) 12.781ms
[2020-08-10T13:03:38.023+0300][1157.569s][info ][gc] GC(36899) Pause Young (Allocation Failure) 38M->38M(44M) 12.746ms
[2020-08-10T13:03:38.036+0300][1157.582s][info ][gc] GC(36900) Pause Young (Allocation Failure) 39M->39M(44M) 12.685ms
[2020-08-10T13:03:38.049+0300][1157.595s][info ][gc] GC(36901) Pause Young (Allocation Failure) 39M->39M(44M) 13.021ms
[2020-08-10T13:03:38.063+0300][1157.609s][info ][gc] GC(36902) Pause Young (Allocation Failure) 40M->40M(44M) 13.140ms
[2020-08-10T13:03:38.077+0300][1157.623s][info ][gc] GC(36903) Pause Young (Allocation Failure) 41M->41M(44M) 13.153ms
[2020-08-10T13:03:38.091+0300][1157.637s][info ][gc] GC(36904) Pause Young (Allocation Failure) 42M->42M(44M) 13.481ms
[2020-08-10T13:03:38.105+0300][1157.651s][info ][gc] GC(36905) Pause Young (Allocation Failure) 43M->43M(45M) 13.523ms
[2020-08-10T13:03:38.189+0300][1157.735s][debug][gc] GC(36906) Expanding ParOldGen from 43520K by 11264K to 54784K
[2020-08-10T13:03:38.189+0300][1157.735s][info ][gc] GC(36906) Pause Full (Ergonomics) 43M->43M(56M) 84.211ms
[2020-08-10T13:03:38.209+0300][1157.755s][info ][gc] GC(36907) Pause Young (Allocation Failure) 44M->44M(56M) 19.497ms
[2020-08-10T13:03:38.223+0300][1157.769s][info ][gc] GC(36908) Pause Young (Allocation Failure) 45M->45M(56M) 13.690ms
[2020-08-10T13:03:38.237+0300][1157.783s][info ][gc] GC(36909) Pause Young (Allocation Failure) 46M->45M(56M) 13.443ms
[2020-08-10T13:03:38.251+0300][1157.797s][info ][gc] GC(36910) Pause Young (Allocation Failure) 46M->46M(56M) 13.557ms
[2020-08-10T13:03:38.265+0300][1157.811s][info ][gc] GC(36911) Pause Young (Allocation Failure) 47M->47M(56M) 13.495ms
[2020-08-10T13:03:38.280+0300][1157.826s][info ][gc] GC(36912) Pause Young (Allocation Failure) 48M->48M(56M) 13.568ms
[2020-08-10T13:03:38.294+0300][1157.840s][info ][gc] GC(36913) Pause Young (Allocation Failure) 49M->49M(56M) 13.596ms
[2020-08-10T13:03:38.308+0300][1157.854s][info ][gc] GC(36914) Pause Young (Allocation Failure) 50M->50M(56M) 13.495ms
[2020-08-10T13:03:38.322+0300][1157.868s][info ][gc] GC(36915) Pause Young (Allocation Failure) 51M->51M(56M) 13.533ms
[2020-08-10T13:03:38.336+0300][1157.882s][info ][gc] GC(36916) Pause Young (Allocation Failure) 52M->52M(56M) 13.730ms
[2020-08-10T13:03:38.350+0300][1157.896s][info ][gc] GC(36917) Pause Young (Allocation Failure) 53M->53M(56M) 13.556ms
[2020-08-10T13:03:38.458+0300][1158.004s][debug][gc] GC(36918) Expanding ParOldGen from 54784K by 11776K to 66560K
[2020-08-10T13:03:38.458+0300][1158.004s][info ][gc] GC(36918) Pause Full (Ergonomics) 53M->53M(67M) 108.063ms
[2020-08-10T13:03:38.472+0300][1158.018s][info ][gc] GC(36919) Pause Young (Allocation Failure) 54M->54M(67M) 13.070ms
[2020-08-10T13:03:38.486+0300][1158.032s][info ][gc] GC(36920) Pause Young (Allocation Failure) 55M->55M(67M) 13.448ms
[2020-08-10T13:03:38.500+0300][1158.046s][info ][gc] GC(36921) Pause Young (Allocation Failure) 56M->56M(67M) 13.529ms
[2020-08-10T13:03:38.514+0300][1158.060s][info ][gc] GC(36922) Pause Young (Allocation Failure) 57M->57M(67M) 13.496ms
[2020-08-10T13:03:38.528+0300][1158.074s][info ][gc] GC(36923) Pause Young (Allocation Failure) 58M->58M(67M) 13.397ms
[2020-08-10T13:03:38.542+0300][1158.088s][info ][gc] GC(36924) Pause Young (Allocation Failure) 59M->58M(67M) 13.279ms
[2020-08-10T13:03:38.556+0300][1158.102s][info ][gc] GC(36925) Pause Young (Allocation Failure) 59M->59M(67M) 13.540ms
[2020-08-10T13:03:38.570+0300][1158.116s][info ][gc] GC(36926) Pause Young (Allocation Failure) 60M->60M(67M) 13.535ms
[2020-08-10T13:03:38.584+0300][1158.130s][info ][gc] GC(36927) Pause Young (Allocation Failure) 61M->61M(67M) 13.394ms
[2020-08-10T13:03:38.598+0300][1158.144s][info ][gc] GC(36928) Pause Young (Allocation Failure) 62M->62M(67M) 13.423ms
[2020-08-10T13:03:38.612+0300][1158.158s][info ][gc] GC(36929) Pause Young (Allocation Failure) 63M->63M(67M) 13.568ms
[2020-08-10T13:03:38.626+0300][1158.172s][info ][gc] GC(36930) Pause Young (Allocation Failure) 64M->64M(67M) 13.256ms
[2020-08-10T13:03:38.640+0300][1158.186s][info ][gc] GC(36931) Pause Young (Allocation Failure) 65M->65M(67M) 13.411ms
[2020-08-10T13:03:38.783+0300][1158.329s][debug][gc] GC(36932) Expanding ParOldGen from 66560K by 11776K to 78336K
[2020-08-10T13:03:38.783+0300][1158.329s][info ][gc] GC(36932) Pause Full (Ergonomics) 65M->65M(79M) 143.272ms
[2020-08-10T13:03:38.810+0300][1158.356s][info ][gc] GC(36933) Pause Young (Allocation Failure) 66M->66M(79M) 26.337ms
[2020-08-10T13:03:38.824+0300][1158.371s][info ][gc] GC(36934) Pause Young (Allocation Failure) 67M->67M(79M) 13.865ms
[2020-08-10T13:03:38.839+0300][1158.385s][info ][gc] GC(36935) Pause Young (Allocation Failure) 68M->68M(79M) 13.747ms
[2020-08-10T13:03:38.853+0300][1158.399s][info ][gc] GC(36936) Pause Young (Allocation Failure) 69M->69M(79M) 13.813ms
[2020-08-10T13:03:38.867+0300][1158.413s][info ][gc] GC(36937) Pause Young (Allocation Failure) 70M->70M(79M) 13.684ms
[2020-08-10T13:03:38.881+0300][1158.427s][info ][gc] GC(36938) Pause Young (Allocation Failure) 71M->71M(79M) 13.458ms
[2020-08-10T13:03:38.895+0300][1158.441s][info ][gc] GC(36939) Pause Young (Allocation Failure) 72M->71M(79M) 13.667ms
[2020-08-10T13:03:38.909+0300][1158.455s][info ][gc] GC(36940) Pause Young (Allocation Failure) 72M->72M(79M) 13.645ms
[2020-08-10T13:03:38.924+0300][1158.470s][info ][gc] GC(36941) Pause Young (Allocation Failure) 73M->73M(79M) 13.782ms
[2020-08-10T13:03:38.938+0300][1158.484s][info ][gc] GC(36942) Pause Young (Allocation Failure) 74M->74M(79M) 13.690ms
[2020-08-10T13:03:38.952+0300][1158.498s][info ][gc] GC(36943) Pause Young (Allocation Failure) 75M->75M(79M) 13.745ms
[2020-08-10T13:03:38.967+0300][1158.513s][info ][gc] GC(36944) Pause Young (Allocation Failure) 76M->76M(79M) 13.910ms
[2020-08-10T13:03:39.144+0300][1158.690s][debug][gc] GC(36945) Expanding ParOldGen from 78336K by 11264K to 89600K
[2020-08-10T13:03:39.144+0300][1158.690s][info ][gc] GC(36945) Pause Full (Ergonomics) 76M->76M(90M) 177.146ms
[2020-08-10T13:03:39.174+0300][1158.720s][info ][gc] GC(36946) Pause Young (Allocation Failure) 77M->77M(90M) 29.678ms
[2020-08-10T13:03:39.189+0300][1158.735s][info ][gc] GC(36947) Pause Young (Allocation Failure) 78M->78M(90M) 13.851ms
[2020-08-10T13:03:39.203+0300][1158.749s][info ][gc] GC(36948) Pause Young (Allocation Failure) 79M->79M(90M) 13.883ms
[2020-08-10T13:03:39.217+0300][1158.763s][info ][gc] GC(36949) Pause Young (Allocation Failure) 80M->80M(90M) 13.602ms
[2020-08-10T13:03:39.231+0300][1158.777s][info ][gc] GC(36950) Pause Young (Allocation Failure) 81M->81M(90M) 13.844ms
[2020-08-10T13:03:39.246+0300][1158.792s][info ][gc] GC(36951) Pause Young (Allocation Failure) 82M->82M(90M) 14.026ms
[2020-08-10T13:03:39.260+0300][1158.806s][info ][gc] GC(36952) Pause Young (Allocation Failure) 83M->83M(90M) 13.666ms
[2020-08-10T13:03:39.275+0300][1158.821s][info ][gc] GC(36953) Pause Young (Allocation Failure) 84M->84M(90M) 13.972ms
[2020-08-10T13:03:39.289+0300][1158.835s][info ][gc] GC(36954) Pause Young (Allocation Failure) 85M->85M(90M) 13.983ms
[2020-08-10T13:03:39.315+0300][1158.861s][info ][gc] GC(36955) Pause Young (Allocation Failure) 86M->86M(90M) 25.494ms
[2020-08-10T13:03:39.330+0300][1158.876s][info ][gc] GC(36956) Pause Young (Allocation Failure) 87M->87M(90M) 14.434ms
[2020-08-10T13:03:39.345+0300][1158.891s][info ][gc] GC(36957) Pause Young (Allocation Failure) 88M->88M(90M) 14.178ms
[2020-08-10T13:03:39.556+0300][1159.102s][debug][gc] GC(36958) Expanding ParOldGen from 89600K by 11776K to 101376K
[2020-08-10T13:03:39.556+0300][1159.103s][info ][gc] GC(36958) Pause Full (Ergonomics) 88M->87M(101M) 211.650ms
[2020-08-10T13:03:39.592+0300][1159.138s][info ][gc] GC(36959) Pause Young (Allocation Failure) 88M->88M(101M) 35.019ms
[2020-08-10T13:03:39.607+0300][1159.153s][info ][gc] GC(36960) Pause Young (Allocation Failure) 89M->89M(101M) 14.645ms
[2020-08-10T13:03:39.622+0300][1159.168s][info ][gc] GC(36961) Pause Young (Allocation Failure) 90M->90M(101M) 14.572ms
[2020-08-10T13:03:39.638+0300][1159.184s][info ][gc] GC(36962) Pause Young (Allocation Failure) 91M->91M(101M) 14.719ms
[2020-08-10T13:03:39.653+0300][1159.199s][info ][gc] GC(36963) Pause Young (Allocation Failure) 92M->92M(101M) 14.885ms
[2020-08-10T13:03:39.668+0300][1159.214s][info ][gc] GC(36964) Pause Young (Allocation Failure) 93M->93M(101M) 14.988ms
[2020-08-10T13:03:39.684+0300][1159.230s][info ][gc] GC(36965) Pause Young (Allocation Failure) 94M->94M(101M) 14.957ms
[2020-08-10T13:03:39.699+0300][1159.245s][info ][gc] GC(36966) Pause Young (Allocation Failure) 95M->95M(101M) 14.817ms
[2020-08-10T13:03:39.714+0300][1159.260s][info ][gc] GC(36967) Pause Young (Allocation Failure) 96M->96M(101M) 15.011ms
[2020-08-10T13:03:39.730+0300][1159.276s][info ][gc] GC(36968) Pause Young (Allocation Failure) 97M->97M(101M) 15.060ms
[2020-08-10T13:03:39.745+0300][1159.292s][info ][gc] GC(36969) Pause Young (Allocation Failure) 98M->98M(101M) 15.221ms
[2020-08-10T13:03:39.761+0300][1159.307s][info ][gc] GC(36970) Pause Young (Allocation Failure) 99M->99M(101M) 15.468ms
[2020-08-10T13:03:40.008+0300][1159.554s][debug][gc] GC(36971) Expanding ParOldGen from 101376K by 11264K to 112640K
[2020-08-10T13:03:40.008+0300][1159.554s][info ][gc] GC(36971) Pause Full (Ergonomics) 99M->99M(112M) 246.671ms
[2020-08-10T13:03:40.043+0300][1159.590s][info ][gc] GC(36972) Pause Young (Allocation Failure) 100M->100M(112M) 34.822ms
[2020-08-10T13:03:40.060+0300][1159.606s][info ][gc] GC(36973) Pause Young (Allocation Failure) 101M->101M(112M) 15.806ms
[2020-08-10T13:03:40.076+0300][1159.622s][info ][gc] GC(36974) Pause Young (Allocation Failure) 102M->102M(112M) 15.687ms
[2020-08-10T13:03:40.092+0300][1159.638s][info ][gc] GC(36975) Pause Young (Allocation Failure) 103M->102M(112M) 15.690ms
[2020-08-10T13:03:40.108+0300][1159.654s][info ][gc] GC(36976) Pause Young (Allocation Failure) 103M->103M(112M) 15.763ms
[2020-08-10T13:03:40.125+0300][1159.671s][info ][gc] GC(36977) Pause Young (Allocation Failure) 104M->104M(112M) 15.808ms
[2020-08-10T13:03:40.141+0300][1159.687s][info ][gc] GC(36978) Pause Young (Allocation Failure) 105M->105M(112M) 15.903ms
[2020-08-10T13:03:40.157+0300][1159.703s][info ][gc] GC(36979) Pause Young (Allocation Failure) 106M->106M(112M) 15.954ms
[2020-08-10T13:03:40.174+0300][1159.720s][info ][gc] GC(36980) Pause Young (Allocation Failure) 107M->107M(112M) 16.059ms
[2020-08-10T13:03:40.191+0300][1159.737s][info ][gc] GC(36981) Pause Young (Allocation Failure) 108M->108M(112M) 16.329ms
[2020-08-10T13:03:40.208+0300][1159.754s][info ][gc] GC(36982) Pause Young (Allocation Failure) 109M->109M(112M) 16.421ms
[2020-08-10T13:03:40.224+0300][1159.771s][info ][gc] GC(36983) Pause Young (Allocation Failure) 110M->110M(112M) 16.280ms
[2020-08-10T13:03:40.499+0300][1160.045s][debug][gc] GC(36984) Expanding ParOldGen from 112640K by 11264K to 123904K
[2020-08-10T13:03:40.499+0300][1160.045s][info ][gc] GC(36984) Pause Full (Ergonomics) 110M->110M(123M) 274.663ms
[2020-08-10T13:03:40.538+0300][1160.084s][info ][gc] GC(36985) Pause Young (Allocation Failure) 111M->111M(123M) 38.241ms
[2020-08-10T13:03:40.555+0300][1160.101s][info ][gc] GC(36986) Pause Young (Allocation Failure) 112M->112M(123M) 16.666ms
[2020-08-10T13:03:40.584+0300][1160.130s][info ][gc] GC(36987) Pause Young (Allocation Failure) 113M->113M(123M) 28.325ms
[2020-08-10T13:03:40.602+0300][1160.148s][info ][gc] GC(36988) Pause Young (Allocation Failure) 114M->114M(123M) 16.758ms
[2020-08-10T13:03:40.619+0300][1160.165s][info ][gc] GC(36989) Pause Young (Allocation Failure) 115M->115M(123M) 16.829ms
[2020-08-10T13:03:40.636+0300][1160.182s][info ][gc] GC(36990) Pause Young (Allocation Failure) 116M->116M(123M) 16.940ms
[2020-08-10T13:03:40.654+0300][1160.200s][info ][gc] GC(36991) Pause Young (Allocation Failure) 117M->117M(123M) 16.905ms
[2020-08-10T13:03:40.671+0300][1160.217s][info ][gc] GC(36992) Pause Young (Allocation Failure) 118M->118M(123M) 16.925ms
[2020-08-10T13:03:40.689+0300][1160.235s][info ][gc] GC(36993) Pause Young (Allocation Failure) 119M->119M(123M) 17.069ms
[2020-08-10T13:03:40.707+0300][1160.253s][info ][gc] GC(36994) Pause Young (Allocation Failure) 120M->119M(123M) 17.327ms
[2020-08-10T13:03:40.725+0300][1160.271s][info ][gc] GC(36995) Pause Young (Allocation Failure) 120M->120M(123M) 17.279ms
[2020-08-10T13:03:41.020+0300][1160.566s][debug][gc] GC(36996) Expanding ParOldGen from 123904K by 11264K to 135168K
[2020-08-10T13:03:41.020+0300][1160.567s][info ][gc] GC(36996) Pause Full (Ergonomics) 120M->120M(134M) 295.507ms
[2020-08-10T13:03:41.036+0300][1160.582s][info ][gc] GC(36997) Pause Young (Allocation Failure) 121M->121M(134M) 14.722ms
[2020-08-10T13:03:41.053+0300][1160.599s][info ][gc] GC(36998) Pause Young (Allocation Failure) 122M->122M(134M) 17.218ms
[2020-08-10T13:03:41.071+0300][1160.617s][info ][gc] GC(36999) Pause Young (Allocation Failure) 123M->123M(134M) 17.113ms
[2020-08-10T13:03:41.089+0300][1160.635s][info ][gc] GC(37000) Pause Young (Allocation Failure) 124M->124M(134M) 17.507ms
[2020-08-10T13:03:41.107+0300][1160.653s][info ][gc] GC(37001) Pause Young (Allocation Failure) 125M->125M(134M) 17.434ms
[2020-08-10T13:03:41.125+0300][1160.671s][info ][gc] GC(37002) Pause Young (Allocation Failure) 126M->126M(134M) 17.528ms
[2020-08-10T13:03:41.143+0300][1160.689s][info ][gc] GC(37003) Pause Young (Allocation Failure) 127M->127M(134M) 17.943ms
[2020-08-10T13:03:41.161+0300][1160.707s][info ][gc] GC(37004) Pause Young (Allocation Failure) 128M->128M(134M) 17.725ms
[2020-08-10T13:03:41.179+0300][1160.725s][info ][gc] GC(37005) Pause Young (Allocation Failure) 129M->129M(134M) 17.472ms
[2020-08-10T13:03:41.198+0300][1160.744s][info ][gc] GC(37006) Pause Young (Allocation Failure) 130M->130M(134M) 17.827ms
[2020-08-10T13:03:41.216+0300][1160.762s][info ][gc] GC(37007) Pause Young (Allocation Failure) 131M->131M(134M) 17.850ms
[2020-08-10T13:03:41.234+0300][1160.780s][info ][gc] GC(37008) Pause Young (Allocation Failure) 132M->132M(134M) 17.920ms
[2020-08-10T13:03:41.577+0300][1161.123s][debug][gc] GC(37009) Expanding ParOldGen from 135168K by 11264K to 146432K
[2020-08-10T13:03:41.577+0300][1161.123s][info ][gc] GC(37009) Pause Full (Ergonomics) 132M->132M(145M) 342.521ms
[2020-08-10T13:03:41.611+0300][1161.157s][info ][gc] GC(37010) Pause Young (Allocation Failure) 133M->133M(145M) 33.354ms
[2020-08-10T13:03:41.630+0300][1161.176s][info ][gc] GC(37011) Pause Young (Allocation Failure) 134M->134M(145M) 18.458ms
[2020-08-10T13:03:41.649+0300][1161.195s][info ][gc] GC(37012) Pause Young (Allocation Failure) 135M->135M(145M) 18.629ms
[2020-08-10T13:03:41.649+0300][1161.196s][debug][gc] Expanding ParOldGen from 146432K by 19968K to 166400K
[2020-08-10T13:03:41.675+0300][1161.221s][info ][gc] GC(37013) Pause Young (Allocation Failure) 155M->154M(165M) 17.500ms
[2020-08-10T13:03:41.690+0300][1161.236s][info ][gc] GC(37014) Pause Young (Allocation Failure) 155M->155M(165M) 15.144ms
[2020-08-10T13:03:41.705+0300][1161.251s][info ][gc] GC(37015) Pause Young (Allocation Failure) 156M->156M(165M) 14.016ms
[2020-08-10T13:03:41.719+0300][1161.265s][info ][gc] GC(37016) Pause Young (Allocation Failure) 157M->157M(165M) 13.813ms
[2020-08-10T13:03:41.755+0300][1161.302s][info ][gc] GC(37017) Pause Young (Allocation Failure) 158M->158M(165M) 35.810ms
[2020-08-10T13:03:41.770+0300][1161.316s][info ][gc] GC(37018) Pause Young (Allocation Failure) 159M->159M(165M) 14.096ms
[2020-08-10T13:03:41.785+0300][1161.331s][info ][gc] GC(37019) Pause Young (Allocation Failure) 160M->160M(165M) 14.137ms
[2020-08-10T13:03:41.799+0300][1161.345s][info ][gc] GC(37020) Pause Young (Allocation Failure) 161M->161M(165M) 13.890ms
[2020-08-10T13:03:41.813+0300][1161.360s][info ][gc] GC(37021) Pause Young (Allocation Failure) 162M->162M(165M) 13.797ms
[2020-08-10T13:03:41.869+0300][1161.415s][debug][gc] GC(37022) Shrinking ParOldGen from 166400K by 124928K to 41472K
[2020-08-10T13:03:41.869+0300][1161.415s][info ][gc] GC(37022) Pause Full (Ergonomics) 162M->28M(43M) 55.230ms
[2020-08-10T13:03:41.882+0300][1161.428s][info ][gc] GC(37023) Pause Young (Allocation Failure) 29M->29M(43M) 12.872ms
[2020-08-10T13:03:41.896+0300][1161.442s][info ][gc] GC(37024) Pause Young (Allocation Failure) 30M->30M(43M) 13.228ms
[2020-08-10T13:03:41.909+0300][1161.455s][info ][gc] GC(37025) Pause Young (Allocation Failure) 31M->31M(43M) 13.225ms
[2020-08-10T13:03:41.923+0300][1161.469s][info ][gc] GC(37026) Pause Young (Allocation Failure) 32M->32M(43M) 13.361ms
[2020-08-10T13:03:41.937+0300][1161.483s][info ][gc] GC(37027) Pause Young (Allocation Failure) 33M->33M(43M) 13.391ms
[2020-08-10T13:03:41.951+0300][1161.497s][info ][gc] GC(37028) Pause Young (Allocation Failure) 34M->34M(43M) 13.411ms
[2020-08-10T13:03:41.965+0300][1161.511s][info ][gc] GC(37029) Pause Young (Allocation Failure) 35M->35M(43M) 13.498ms
[2020-08-10T13:03:41.979+0300][1161.525s][info ][gc] GC(37030) Pause Young (Allocation Failure) 36M->36M(43M) 13.458ms
[2020-08-10T13:03:41.993+0300][1161.539s][info ][gc] GC(37031) Pause Young (Allocation Failure) 37M->37M(42M) 13.913ms
[2020-08-10T13:03:42.007+0300][1161.553s][info ][gc] GC(37032) Pause Young (Allocation Failure) 38M->38M(42M) 13.410ms
[2020-08-10T13:03:42.021+0300][1161.567s][info ][gc] GC(37033) Pause Young (Allocation Failure) 39M->39M(42M) 13.466ms
[2020-08-10T13:03:42.035+0300][1161.581s][info ][gc] GC(37034) Pause Young (Allocation Failure) 40M->40M(42M) 13.523ms
[2020-08-10T13:03:42.049+0300][1161.595s][info ][gc] GC(37035) Pause Young (Allocation Failure) 41M->41M(42M) 13.418ms
[2020-08-10T13:03:42.124+0300][1161.670s][debug][gc] GC(37036) Expanding ParOldGen from 41472K by 11264K to 52736K
[2020-08-10T13:03:42.124+0300][1161.670s][info ][gc] GC(37036) Pause Full (Ergonomics) 41M->41M(53M) 74.481ms
[2020-08-10T13:03:42.142+0300][1161.688s][info ][gc] GC(37037) Pause Young (Allocation Failure) 42M->42M(53M) 17.937ms
[2020-08-10T13:03:42.156+0300][1161.702s][info ][gc] GC(37038) Pause Young (Allocation Failure) 43M->43M(53M) 13.688ms
[2020-08-10T13:03:42.170+0300][1161.716s][info ][gc] GC(37039) Pause Young (Allocation Failure) 44M->44M(53M) 13.557ms
[2020-08-10T13:03:42.184+0300][1161.731s][info ][gc] GC(37040) Pause Young (Allocation Failure) 45M->44M(53M) 13.628ms
[2020-08-10T13:03:42.198+0300][1161.745s][info ][gc] GC(37041) Pause Young (Allocation Failure) 45M->45M(53M) 13.594ms
[2020-08-10T13:03:42.212+0300][1161.759s][info ][gc] GC(37042) Pause Young (Allocation Failure) 46M->46M(53M) 13.395ms
[2020-08-10T13:03:42.226+0300][1161.772s][info ][gc] GC(37043) Pause Young (Allocation Failure) 47M->47M(53M) 13.321ms
[2020-08-10T13:03:42.240+0300][1161.786s][info ][gc] GC(37044) Pause Young (Allocation Failure) 48M->48M(53M) 13.491ms
[2020-08-10T13:03:42.254+0300][1161.800s][info ][gc] GC(37045) Pause Young (Allocation Failure) 49M->49M(53M) 13.387ms
[2020-08-10T13:03:42.268+0300][1161.814s][info ][gc] GC(37046) Pause Young (Allocation Failure) 50M->50M(53M) 13.430ms
[2020-08-10T13:03:42.282+0300][1161.828s][info ][gc] GC(37047) Pause Young (Allocation Failure) 51M->51M(53M) 13.449ms
[2020-08-10T13:03:42.389+0300][1161.935s][debug][gc] GC(37048) Expanding ParOldGen from 52736K by 11264K to 64000K
[2020-08-10T13:03:42.389+0300][1161.935s][info ][gc] GC(37048) Pause Full (Ergonomics) 51M->51M(64M) 107.367ms
[2020-08-10T13:03:42.412+0300][1161.958s][info ][gc] GC(37049) Pause Young (Allocation Failure) 52M->52M(64M) 21.883ms
[2020-08-10T13:03:42.426+0300][1161.972s][info ][gc] GC(37050) Pause Young (Allocation Failure) 53M->53M(64M) 13.662ms
[2020-08-10T13:03:42.440+0300][1161.986s][info ][gc] GC(37051) Pause Young (Allocation Failure) 54M->54M(64M) 13.462ms
[2020-08-10T13:03:42.454+0300][1162.000s][info ][gc] GC(37052) Pause Young (Allocation Failure) 55M->55M(64M) 13.895ms
[2020-08-10T13:03:42.468+0300][1162.014s][info ][gc] GC(37053) Pause Young (Allocation Failure) 56M->56M(64M) 13.691ms
[2020-08-10T13:03:42.482+0300][1162.029s][info ][gc] GC(37054) Pause Young (Allocation Failure) 57M->57M(64M) 13.582ms
[2020-08-10T13:03:42.497+0300][1162.043s][info ][gc] GC(37055) Pause Young (Allocation Failure) 58M->58M(64M) 13.711ms
[2020-08-10T13:03:42.511+0300][1162.057s][info ][gc] GC(37056) Pause Young (Allocation Failure) 59M->59M(64M) 13.545ms
[2020-08-10T13:03:42.525+0300][1162.071s][info ][gc] GC(37057) Pause Young (Allocation Failure) 60M->60M(64M) 13.654ms
[2020-08-10T13:03:42.539+0300][1162.085s][info ][gc] GC(37058) Pause Young (Allocation Failure) 61M->61M(64M) 13.707ms
[2020-08-10T13:03:42.553+0300][1162.099s][info ][gc] GC(37059) Pause Young (Allocation Failure) 62M->62M(64M) 13.597ms
[2020-08-10T13:03:42.567+0300][1162.114s][info ][gc] GC(37060) Pause Young (Allocation Failure) 63M->62M(64M) 13.571ms
[2020-08-10T13:03:42.706+0300][1162.253s][debug][gc] GC(37061) Expanding ParOldGen from 64000K by 11264K to 75264K
[2020-08-10T13:03:42.707+0300][1162.253s][info ][gc] GC(37061) Pause Full (Ergonomics) 62M->62M(75M) 139.199ms
[2020-08-10T13:03:42.733+0300][1162.278s][info ][gc] GC(37062) Pause Young (Allocation Failure) 63M->63M(75M) 25.032ms
[2020-08-10T13:03:42.747+0300][1162.293s][info ][gc] GC(37063) Pause Young (Allocation Failure) 64M->64M(75M) 13.674ms
[2020-08-10T13:03:42.762+0300][1162.307s][info ][gc] GC(37064) Pause Young (Allocation Failure) 65M->65M(75M) 13.750ms
[2020-08-10T13:03:42.776+0300][1162.321s][info ][gc] GC(37065) Pause Young (Allocation Failure) 66M->66M(75M) 13.779ms
[2020-08-10T13:03:42.790+0300][1162.335s][info ][gc] GC(37066) Pause Young (Allocation Failure) 67M->67M(75M) 13.738ms
[2020-08-10T13:03:42.804+0300][1162.350s][info ][gc] GC(37067) Pause Young (Allocation Failure) 68M->68M(75M) 13.641ms
[2020-08-10T13:03:42.819+0300][1162.364s][info ][gc] GC(37068) Pause Young (Allocation Failure) 69M->69M(75M) 13.698ms
[2020-08-10T13:03:42.833+0300][1162.378s][info ][gc] GC(37069) Pause Young (Allocation Failure) 70M->70M(75M) 13.733ms
[2020-08-10T13:03:42.847+0300][1162.392s][info ][gc] GC(37070) Pause Young (Allocation Failure) 71M->71M(75M) 13.712ms
[2020-08-10T13:03:42.861+0300][1162.406s][info ][gc] GC(37071) Pause Young (Allocation Failure) 72M->72M(75M) 13.575ms
[2020-08-10T13:03:42.875+0300][1162.421s][info ][gc] GC(37072) Pause Young (Allocation Failure) 73M->73M(75M) 13.748ms
[2020-08-10T13:03:42.890+0300][1162.435s][info ][gc] GC(37073) Pause Young (Allocation Failure) 74M->74M(75M) 13.766ms
[2020-08-10T13:03:43.056+0300][1162.602s][debug][gc] GC(37074) Expanding ParOldGen from 75264K by 11264K to 86528K
[2020-08-10T13:03:43.057+0300][1162.602s][info ][gc] GC(37074) Pause Full (Ergonomics) 74M->74M(86M) 166.780ms
[2020-08-10T13:03:43.090+0300][1162.635s][info ][gc] GC(37075) Pause Young (Allocation Failure) 75M->75M(86M) 33.022ms
[2020-08-10T13:03:43.105+0300][1162.650s][info ][gc] GC(37076) Pause Young (Allocation Failure) 76M->75M(86M) 13.910ms
[2020-08-10T13:03:43.119+0300][1162.664s][info ][gc] GC(37077) Pause Young (Allocation Failure) 76M->76M(86M) 13.881ms
[2020-08-10T13:03:43.133+0300][1162.679s][info ][gc] GC(37078) Pause Young (Allocation Failure) 77M->77M(86M) 13.788ms
[2020-08-10T13:03:43.148+0300][1162.693s][info ][gc] GC(37079) Pause Young (Allocation Failure) 78M->78M(86M) 13.849ms
[2020-08-10T13:03:43.162+0300][1162.707s][info ][gc] GC(37080) Pause Young (Allocation Failure) 79M->79M(86M) 13.726ms
[2020-08-10T13:03:43.176+0300][1162.721s][info ][gc] GC(37081) Pause Young (Allocation Failure) 80M->80M(86M) 13.802ms
[2020-08-10T13:03:43.191+0300][1162.736s][info ][gc] GC(37082) Pause Young (Allocation Failure) 81M->81M(86M) 13.842ms
[2020-08-10T13:03:43.205+0300][1162.750s][info ][gc] GC(37083) Pause Young (Allocation Failure) 82M->82M(86M) 13.940ms
[2020-08-10T13:03:43.219+0300][1162.765s][info ][gc] GC(37084) Pause Young (Allocation Failure) 83M->83M(86M) 13.869ms
[2020-08-10T13:03:43.234+0300][1162.779s][info ][gc] GC(37085) Pause Young (Allocation Failure) 84M->84M(86M) 13.820ms
[2020-08-10T13:03:43.434+0300][1162.980s][debug][gc] GC(37086) Expanding ParOldGen from 86528K by 11264K to 97792K
[2020-08-10T13:03:43.434+0300][1162.980s][info ][gc] GC(37086) Pause Full (Ergonomics) 84M->84M(97M) 200.459ms
[2020-08-10T13:03:43.448+0300][1162.994s][info ][gc] GC(37087) Pause Young (Allocation Failure) 85M->85M(97M) 13.192ms
[2020-08-10T13:03:43.463+0300][1163.008s][info ][gc] GC(37088) Pause Young (Allocation Failure) 86M->86M(97M) 14.295ms
[2020-08-10T13:03:43.478+0300][1163.023s][info ][gc] GC(37089) Pause Young (Allocation Failure) 87M->87M(97M) 14.024ms
[2020-08-10T13:03:43.492+0300][1163.038s][info ][gc] GC(37090) Pause Young (Allocation Failure) 88M->88M(97M) 14.251ms
[2020-08-10T13:03:43.507+0300][1163.052s][info ][gc] GC(37091) Pause Young (Allocation Failure) 89M->89M(97M) 14.107ms
[2020-08-10T13:03:43.522+0300][1163.067s][info ][gc] GC(37092) Pause Young (Allocation Failure) 90M->90M(97M) 14.308ms
[2020-08-10T13:03:43.537+0300][1163.082s][info ][gc] GC(37093) Pause Young (Allocation Failure) 91M->91M(97M) 14.348ms
[2020-08-10T13:03:43.552+0300][1163.097s][info ][gc] GC(37094) Pause Young (Allocation Failure) 92M->92M(97M) 14.388ms
[2020-08-10T13:03:43.567+0300][1163.112s][info ][gc] GC(37095) Pause Young (Allocation Failure) 93M->93M(97M) 14.438ms
[2020-08-10T13:03:43.582+0300][1163.127s][info ][gc] GC(37096) Pause Young (Allocation Failure) 94M->93M(97M) 14.547ms
[2020-08-10T13:03:43.597+0300][1163.142s][info ][gc] GC(37097) Pause Young (Allocation Failure) 94M->94M(97M) 14.735ms
[2020-08-10T13:03:43.612+0300][1163.157s][info ][gc] GC(37098) Pause Young (Allocation Failure) 95M->95M(97M) 14.725ms
[2020-08-10T13:03:43.868+0300][1163.413s][debug][gc] GC(37099) Expanding ParOldGen from 97792K by 11264K to 109056K
[2020-08-10T13:03:43.868+0300][1163.414s][info ][gc] GC(37099) Pause Full (Ergonomics) 95M->95M(108M) 255.893ms
[2020-08-10T13:03:43.906+0300][1163.451s][info ][gc] GC(37100) Pause Young (Allocation Failure) 96M->96M(108M) 36.839ms
[2020-08-10T13:03:43.921+0300][1163.466s][info ][gc] GC(37101) Pause Young (Allocation Failure) 97M->97M(108M) 14.974ms
[2020-08-10T13:03:43.936+0300][1163.482s][info ][gc] GC(37102) Pause Young (Allocation Failure) 98M->98M(108M) 15.053ms
[2020-08-10T13:03:43.952+0300][1163.498s][info ][gc] GC(37103) Pause Young (Allocation Failure) 99M->99M(108M) 15.411ms
[2020-08-10T13:03:43.969+0300][1163.514s][info ][gc] GC(37104) Pause Young (Allocation Failure) 100M->100M(108M) 16.048ms
[2020-08-10T13:03:44.002+0300][1163.548s][info ][gc] GC(37105) Pause Young (Allocation Failure) 101M->101M(108M) 32.747ms
[2020-08-10T13:03:44.018+0300][1163.564s][info ][gc] GC(37106) Pause Young (Allocation Failure) 102M->102M(108M) 15.523ms
[2020-08-10T13:03:44.035+0300][1163.580s][info ][gc] GC(37107) Pause Young (Allocation Failure) 103M->103M(108M) 15.819ms
[2020-08-10T13:03:44.051+0300][1163.597s][info ][gc] GC(37108) Pause Young (Allocation Failure) 104M->104M(108M) 15.932ms
[2020-08-10T13:03:44.068+0300][1163.613s][info ][gc] GC(37109) Pause Young (Allocation Failure) 105M->105M(108M) 15.846ms
[2020-08-10T13:03:44.084+0300][1163.630s][info ][gc] GC(37110) Pause Young (Allocation Failure) 106M->106M(108M) 15.964ms
[2020-08-10T13:03:44.101+0300][1163.646s][info ][gc] GC(37111) Pause Young (Allocation Failure) 107M->107M(108M) 16.153ms
[2020-08-10T13:03:44.361+0300][1163.906s][debug][gc] GC(37112) Expanding ParOldGen from 109056K by 11264K to 120320K
[2020-08-10T13:03:44.361+0300][1163.906s][info ][gc] GC(37112) Pause Full (Ergonomics) 107M->107M(119M) 259.519ms
[2020-08-10T13:03:44.399+0300][1163.944s][info ][gc] GC(37113) Pause Young (Allocation Failure) 108M->108M(119M) 37.308ms
[2020-08-10T13:03:44.416+0300][1163.961s][info ][gc] GC(37114) Pause Young (Allocation Failure) 109M->108M(119M) 16.517ms
[2020-08-10T13:03:44.433+0300][1163.978s][info ][gc] GC(37115) Pause Young (Allocation Failure) 109M->109M(119M) 16.489ms
[2020-08-10T13:03:44.450+0300][1163.995s][info ][gc] GC(37116) Pause Young (Allocation Failure) 110M->110M(119M) 16.358ms
[2020-08-10T13:03:44.467+0300][1164.012s][info ][gc] GC(37117) Pause Young (Allocation Failure) 111M->111M(119M) 16.640ms
[2020-08-10T13:03:44.483+0300][1164.029s][info ][gc] GC(37118) Pause Young (Allocation Failure) 112M->112M(119M) 16.152ms
[2020-08-10T13:03:44.499+0300][1164.044s][info ][gc] GC(37119) Pause Young (Allocation Failure) 113M->113M(119M) 15.249ms
[2020-08-10T13:03:44.513+0300][1164.059s][info ][gc] GC(37120) Pause Young (Allocation Failure) 113M->113M(119M) 13.847ms
[2020-08-10T13:03:44.528+0300][1164.073s][info ][gc] GC(37121) Pause Young (Allocation Failure) 114M->114M(119M) 13.943ms
[2020-08-10T13:03:44.542+0300][1164.087s][info ][gc] GC(37122) Pause Young (Allocation Failure) 114M->114M(119M) 13.975ms
[2020-08-10T13:03:44.557+0300][1164.102s][info ][gc] GC(37123) Pause Young (Allocation Failure) 115M->115M(119M) 13.986ms
[2020-08-10T13:03:44.577+0300][1164.122s][info ][gc] GC(37124) Pause Young (Allocation Failure) 115M->115M(119M) 19.525ms
[2020-08-10T13:03:44.591+0300][1164.137s][info ][gc] GC(37125) Pause Young (Allocation Failure) 116M->115M(119M) 14.167ms
[2020-08-10T13:03:44.606+0300][1164.151s][info ][gc] GC(37126) Pause Young (Allocation Failure) 116M->116M(119M) 14.291ms
[2020-08-10T13:03:44.621+0300][1164.167s][info ][gc] GC(37127) Pause Young (Allocation Failure) 116M->116M(119M) 14.905ms
[2020-08-10T13:03:44.903+0300][1164.448s][debug][gc] GC(37128) Expanding ParOldGen from 120320K by 10752K to 131072K
[2020-08-10T13:03:44.903+0300][1164.449s][info ][gc] GC(37128) Pause Full (Ergonomics) 116M->116M(130M) 281.618ms
[2020-08-10T13:03:44.934+0300][1164.480s][info ][gc] GC(37129) Pause Young (Allocation Failure) 117M->117M(130M) 30.602ms
[2020-08-10T13:03:44.949+0300][1164.494s][info ][gc] GC(37130) Pause Young (Allocation Failure) 117M->117M(130M) 14.134ms
[2020-08-10T13:03:44.964+0300][1164.509s][info ][gc] GC(37131) Pause Young (Allocation Failure) 118M->118M(130M) 14.426ms
[2020-08-10T13:03:44.979+0300][1164.524s][info ][gc] GC(37132) Pause Young (Allocation Failure) 118M->118M(130M) 14.360ms
[2020-08-10T13:03:44.993+0300][1164.539s][info ][gc] GC(37133) Pause Young (Allocation Failure) 119M->119M(130M) 14.305ms
[2020-08-10T13:03:45.008+0300][1164.553s][info ][gc] GC(37134) Pause Young (Allocation Failure) 119M->119M(130M) 14.424ms
[2020-08-10T13:03:45.042+0300][1164.587s][info ][gc] GC(37135) Pause Young (Allocation Failure) 120M->120M(130M) 33.466ms
[2020-08-10T13:03:45.057+0300][1164.602s][info ][gc] GC(37136) Pause Young (Allocation Failure) 120M->120M(129M) 14.567ms
[2020-08-10T13:03:45.072+0300][1164.617s][info ][gc] GC(37137) Pause Young (Allocation Failure) 120M->120M(129M) 14.410ms
[2020-08-10T13:03:45.089+0300][1164.634s][info ][gc] GC(37138) Pause Young (Allocation Failure) 121M->121M(129M) 16.619ms
[2020-08-10T13:03:45.104+0300][1164.649s][info ][gc] GC(37139) Pause Young (Allocation Failure) 121M->121M(129M) 14.431ms
[2020-08-10T13:03:45.119+0300][1164.664s][info ][gc] GC(37140) Pause Young (Allocation Failure) 122M->122M(129M) 14.651ms
[2020-08-10T13:03:45.134+0300][1164.679s][info ][gc] GC(37141) Pause Young (Allocation Failure) 122M->122M(129M) 14.479ms
[2020-08-10T13:03:45.168+0300][1164.713s][info ][gc] GC(37142) Pause Young (Allocation Failure) 123M->123M(129M) 34.094ms
[2020-08-10T13:03:45.194+0300][1164.739s][info ][gc] GC(37143) Pause Young (Allocation Failure) 123M->123M(129M) 25.036ms
[2020-08-10T13:03:45.215+0300][1164.761s][info ][gc] GC(37144) Pause Young (Allocation Failure) 124M->124M(129M) 21.547ms
[2020-08-10T13:03:45.235+0300][1164.780s][info ][gc] GC(37145) Pause Young (Allocation Failure) 124M->124M(129M) 18.917ms
[2020-08-10T13:03:45.250+0300][1164.795s][info ][gc] GC(37146) Pause Young (Allocation Failure) 124M->124M(129M) 14.802ms
[2020-08-10T13:03:45.270+0300][1164.815s][info ][gc] GC(37147) Pause Young (Allocation Failure) 125M->125M(129M) 19.281ms
[2020-08-10T13:03:45.285+0300][1164.830s][info ][gc] GC(37148) Pause Young (Allocation Failure) 125M->125M(129M) 14.612ms
[2020-08-10T13:03:45.300+0300][1164.846s][info ][gc] GC(37149) Pause Young (Allocation Failure) 126M->126M(129M) 15.265ms
[2020-08-10T13:03:45.316+0300][1164.861s][info ][gc] GC(37150) Pause Young (Allocation Failure) 126M->126M(129M) 14.798ms
[2020-08-10T13:03:45.331+0300][1164.876s][info ][gc] GC(37151) Pause Young (Allocation Failure) 127M->127M(129M) 14.910ms
[2020-08-10T13:03:45.346+0300][1164.891s][info ][gc] GC(37152) Pause Young (Allocation Failure) 127M->127M(129M) 14.754ms
[2020-08-10T13:03:45.361+0300][1164.907s][info ][gc] GC(37153) Pause Young (Allocation Failure) 128M->128M(129M) 14.739ms
[2020-08-10T13:03:45.727+0300][1165.272s][debug][gc] GC(37154) Expanding ParOldGen from 131072K by 10752K to 141824K
[2020-08-10T13:03:45.727+0300][1165.272s][info ][gc] GC(37154) Pause Full (Ergonomics) 128M->127M(140M) 365.271ms
[2020-08-10T13:03:45.741+0300][1165.286s][info ][gc] GC(37155) Pause Young (Allocation Failure) 128M->128M(140M) 13.932ms
[2020-08-10T13:03:45.756+0300][1165.302s][info ][gc] GC(37156) Pause Young (Allocation Failure) 128M->128M(140M) 14.897ms
[2020-08-10T13:03:45.772+0300][1165.317s][info ][gc] GC(37157) Pause Young (Allocation Failure) 129M->129M(140M) 14.863ms
[2020-08-10T13:03:45.789+0300][1165.335s][info ][gc] GC(37158) Pause Young (Allocation Failure) 129M->129M(140M) 17.357ms
[2020-08-10T13:03:45.805+0300][1165.350s][info ][gc] GC(37159) Pause Young (Allocation Failure) 130M->130M(140M) 14.878ms
[2020-08-10T13:03:45.820+0300][1165.365s][info ][gc] GC(37160) Pause Young (Allocation Failure) 130M->130M(140M) 15.202ms
[2020-08-10T13:03:45.836+0300][1165.381s][info ][gc] GC(37161) Pause Young (Allocation Failure) 131M->131M(140M) 15.008ms
[2020-08-10T13:03:45.878+0300][1165.424s][info ][gc] GC(37162) Pause Young (Allocation Failure) 131M->131M(140M) 42.485ms
[2020-08-10T13:03:45.908+0300][1165.453s][info ][gc] GC(37163) Pause Young (Allocation Failure) 131M->131M(140M) 29.228ms
[2020-08-10T13:03:45.924+0300][1165.469s][info ][gc] GC(37164) Pause Young (Allocation Failure) 132M->132M(140M) 15.629ms
[2020-08-10T13:03:45.940+0300][1165.485s][info ][gc] GC(37165) Pause Young (Allocation Failure) 132M->132M(140M) 15.496ms
[2020-08-10T13:03:45.955+0300][1165.501s][info ][gc] GC(37166) Pause Young (Allocation Failure) 133M->133M(140M) 15.189ms
[2020-08-10T13:03:45.971+0300][1165.517s][info ][gc] GC(37167) Pause Young (Allocation Failure) 133M->133M(140M) 15.423ms
[2020-08-10T13:03:46.007+0300][1165.552s][info ][gc] GC(37168) Pause Young (Allocation Failure) 134M->134M(140M) 35.025ms
[2020-08-10T13:03:46.022+0300][1165.567s][info ][gc] GC(37169) Pause Young (Allocation Failure) 134M->134M(140M) 15.119ms
[2020-08-10T13:03:46.038+0300][1165.583s][info ][gc] GC(37170) Pause Young (Allocation Failure) 135M->135M(140M) 15.361ms
[2020-08-10T13:03:46.054+0300][1165.599s][info ][gc] GC(37171) Pause Young (Allocation Failure) 135M->135M(140M) 16.004ms
[2020-08-10T13:03:46.054+0300][1165.600s][debug][gc] Expanding ParOldGen from 141824K by 19968K to 161792K
[2020-08-10T13:03:46.077+0300][1165.622s][info ][gc] GC(37172) Pause Young (Allocation Failure) 155M->154M(159M) 14.715ms
[2020-08-10T13:03:46.091+0300][1165.636s][info ][gc] GC(37173) Pause Young (Allocation Failure) 155M->155M(159M) 13.475ms
[2020-08-10T13:03:46.104+0300][1165.650s][info ][gc] GC(37174) Pause Young (Allocation Failure) 155M->155M(159M) 13.115ms
[2020-08-10T13:03:46.140+0300][1165.685s][info ][gc] GC(37175) Pause Young (Allocation Failure) 156M->156M(159M) 35.021ms
[2020-08-10T13:03:46.153+0300][1165.699s][info ][gc] GC(37176) Pause Young (Allocation Failure) 156M->156M(159M) 13.287ms
[2020-08-10T13:03:46.169+0300][1165.714s][info ][gc] GC(37177) Pause Young (Allocation Failure) 157M->157M(159M) 14.667ms
[2020-08-10T13:03:46.182+0300][1165.728s][info ][gc] GC(37178) Pause Young (Allocation Failure) 157M->157M(159M) 13.335ms
[2020-08-10T13:03:46.200+0300][1165.746s][info ][gc] GC(37179) Pause Young (Allocation Failure) 158M->158M(159M) 17.696ms
[2020-08-10T13:03:46.240+0300][1165.786s][debug][gc] GC(37180) Shrinking ParOldGen from 161792K by 125952K to 35840K
[2020-08-10T13:03:46.240+0300][1165.786s][info ][gc] GC(37180) Pause Full (Ergonomics) 158M->24M(36M) 39.759ms
[2020-08-10T13:03:46.253+0300][1165.799s][info ][gc] GC(37181) Pause Young (Allocation Failure) 24M->24M(36M) 12.636ms
[2020-08-10T13:03:46.267+0300][1165.812s][info ][gc] GC(37182) Pause Young (Allocation Failure) 25M->25M(36M) 12.846ms
[2020-08-10T13:03:46.280+0300][1165.825s][info ][gc] GC(37183) Pause Young (Allocation Failure) 25M->25M(36M) 12.769ms
[2020-08-10T13:03:46.293+0300][1165.838s][info ][gc] GC(37184) Pause Young (Allocation Failure) 26M->26M(36M) 12.952ms
[2020-08-10T13:03:46.306+0300][1165.852s][info ][gc] GC(37185) Pause Young (Allocation Failure) 26M->26M(36M) 12.929ms
[2020-08-10T13:03:46.320+0300][1165.865s][info ][gc] GC(37186) Pause Young (Allocation Failure) 27M->27M(36M) 12.995ms
[2020-08-10T13:03:46.333+0300][1165.879s][info ][gc] GC(37187) Pause Young (Allocation Failure) 27M->27M(36M) 12.962ms
[2020-08-10T13:03:46.347+0300][1165.892s][info ][gc] GC(37188) Pause Young (Allocation Failure) 28M->28M(36M) 12.815ms
[2020-08-10T13:03:46.360+0300][1165.905s][info ][gc] GC(37189) Pause Young (Allocation Failure) 28M->28M(36M) 12.958ms
[2020-08-10T13:03:46.373+0300][1165.919s][info ][gc] GC(37190) Pause Young (Allocation Failure) 29M->28M(36M) 12.970ms
[2020-08-10T13:03:46.387+0300][1165.932s][info ][gc] GC(37191) Pause Young (Allocation Failure) 29M->29M(36M) 12.959ms
[2020-08-10T13:03:46.400+0300][1165.946s][info ][gc] GC(37192) Pause Young (Allocation Failure) 29M->29M(36M) 12.939ms
[2020-08-10T13:03:46.414+0300][1165.959s][info ][gc] GC(37193) Pause Young (Allocation Failure) 30M->30M(36M) 12.931ms
[2020-08-10T13:03:46.427+0300][1165.972s][info ][gc] GC(37194) Pause Young (Allocation Failure) 30M->30M(36M) 12.955ms
[2020-08-10T13:03:46.440+0300][1165.986s][info ][gc] GC(37195) Pause Young (Allocation Failure) 31M->31M(36M) 12.951ms
[2020-08-10T13:03:46.454+0300][1165.999s][info ][gc] GC(37196) Pause Young (Allocation Failure) 31M->31M(36M) 12.944ms
[2020-08-10T13:03:46.467+0300][1166.013s][info ][gc] GC(37197) Pause Young (Allocation Failure) 32M->32M(36M) 12.961ms
[2020-08-10T13:03:46.481+0300][1166.026s][info ][gc] GC(37198) Pause Young (Allocation Failure) 32M->32M(36M) 13.088ms
[2020-08-10T13:03:46.494+0300][1166.040s][info ][gc] GC(37199) Pause Young (Allocation Failure) 33M->33M(36M) 13.112ms
[2020-08-10T13:03:46.509+0300][1166.054s][info ][gc] GC(37200) Pause Young (Allocation Failure) 34M->34M(37M) 13.529ms
[2020-08-10T13:03:46.523+0300][1166.068s][info ][gc] GC(37201) Pause Young (Allocation Failure) 35M->35M(37M) 13.507ms
[2020-08-10T13:03:46.583+0300][1166.128s][debug][gc] GC(37202) Expanding ParOldGen from 35840K by 11264K to 47104K
[2020-08-10T13:03:46.583+0300][1166.128s][info ][gc] GC(37202) Pause Full (Ergonomics) 35M->35M(48M) 60.039ms
[2020-08-10T13:03:46.601+0300][1166.146s][info ][gc] GC(37203) Pause Young (Allocation Failure) 36M->36M(48M) 16.725ms
[2020-08-10T13:03:46.622+0300][1166.167s][info ][gc] GC(37204) Pause Young (Allocation Failure) 37M->37M(48M) 20.501ms
[2020-08-10T13:03:46.636+0300][1166.181s][info ][gc] GC(37205) Pause Young (Allocation Failure) 38M->37M(48M) 13.480ms
[2020-08-10T13:03:46.650+0300][1166.195s][info ][gc] GC(37206) Pause Young (Allocation Failure) 38M->38M(48M) 13.427ms
[2020-08-10T13:03:46.664+0300][1166.209s][info ][gc] GC(37207) Pause Young (Allocation Failure) 39M->39M(48M) 13.519ms
[2020-08-10T13:03:46.678+0300][1166.223s][info ][gc] GC(37208) Pause Young (Allocation Failure) 40M->40M(48M) 13.410ms
[2020-08-10T13:03:46.692+0300][1166.237s][info ][gc] GC(37209) Pause Young (Allocation Failure) 41M->41M(48M) 13.529ms
[2020-08-10T13:03:46.706+0300][1166.251s][info ][gc] GC(37210) Pause Young (Allocation Failure) 42M->42M(48M) 13.531ms
[2020-08-10T13:03:46.720+0300][1166.265s][info ][gc] GC(37211) Pause Young (Allocation Failure) 43M->43M(48M) 13.517ms
[2020-08-10T13:03:46.734+0300][1166.279s][info ][gc] GC(37212) Pause Young (Allocation Failure) 44M->44M(48M) 13.544ms
[2020-08-10T13:03:46.748+0300][1166.294s][info ][gc] GC(37213) Pause Young (Allocation Failure) 45M->45M(48M) 13.561ms
[2020-08-10T13:03:46.762+0300][1166.308s][info ][gc] GC(37214) Pause Young (Allocation Failure) 46M->46M(48M) 13.571ms
[2020-08-10T13:03:46.851+0300][1166.397s][debug][gc] GC(37215) Expanding ParOldGen from 47104K by 11776K to 58880K
[2020-08-10T13:03:46.851+0300][1166.397s][info ][gc] GC(37215) Pause Full (Ergonomics) 46M->46M(60M) 88.899ms
[2020-08-10T13:03:46.871+0300][1166.417s][info ][gc] GC(37216) Pause Young (Allocation Failure) 47M->47M(60M) 19.321ms
[2020-08-10T13:03:46.885+0300][1166.431s][info ][gc] GC(37217) Pause Young (Allocation Failure) 48M->48M(60M) 13.502ms
[2020-08-10T13:03:46.899+0300][1166.445s][info ][gc] GC(37218) Pause Young (Allocation Failure) 49M->49M(60M) 13.520ms
[2020-08-10T13:03:46.914+0300][1166.459s][info ][gc] GC(37219) Pause Young (Allocation Failure) 50M->50M(60M) 13.642ms
[2020-08-10T13:03:46.928+0300][1166.473s][info ][gc] GC(37220) Pause Young (Allocation Failure) 51M->51M(60M) 13.576ms
[2020-08-10T13:03:46.942+0300][1166.487s][info ][gc] GC(37221) Pause Young (Allocation Failure) 52M->52M(60M) 13.551ms
[2020-08-10T13:03:46.956+0300][1166.501s][info ][gc] GC(37222) Pause Young (Allocation Failure) 53M->52M(60M) 13.628ms
[2020-08-10T13:03:46.970+0300][1166.515s][info ][gc] GC(37223) Pause Young (Allocation Failure) 53M->53M(60M) 13.596ms
[2020-08-10T13:03:46.984+0300][1166.530s][info ][gc] GC(37224) Pause Young (Allocation Failure) 54M->54M(60M) 13.722ms
[2020-08-10T13:03:46.998+0300][1166.544s][info ][gc] GC(37225) Pause Young (Allocation Failure) 55M->55M(60M) 13.410ms
[2020-08-10T13:03:47.012+0300][1166.558s][info ][gc] GC(37226) Pause Young (Allocation Failure) 56M->56M(60M) 13.646ms
[2020-08-10T13:03:47.027+0300][1166.572s][info ][gc] GC(37227) Pause Young (Allocation Failure) 57M->57M(60M) 13.499ms
[2020-08-10T13:03:47.151+0300][1166.697s][debug][gc] GC(37228) Expanding ParOldGen from 58880K by 11264K to 70144K
[2020-08-10T13:03:47.152+0300][1166.697s][info ][gc] GC(37228) Pause Full (Ergonomics) 57M->57M(71M) 124.803ms
[2020-08-10T13:03:47.176+0300][1166.722s][info ][gc] GC(37229) Pause Young (Allocation Failure) 58M->58M(71M) 24.134ms
[2020-08-10T13:03:47.190+0300][1166.736s][info ][gc] GC(37230) Pause Young (Allocation Failure) 59M->59M(71M) 13.501ms
[2020-08-10T13:03:47.204+0300][1166.750s][info ][gc] GC(37231) Pause Young (Allocation Failure) 60M->60M(71M) 13.669ms
[2020-08-10T13:03:47.218+0300][1166.764s][info ][gc] GC(37232) Pause Young (Allocation Failure) 61M->61M(71M) 13.710ms
[2020-08-10T13:03:47.233+0300][1166.778s][info ][gc] GC(37233) Pause Young (Allocation Failure) 62M->62M(71M) 13.751ms
[2020-08-10T13:03:47.247+0300][1166.793s][info ][gc] GC(37234) Pause Young (Allocation Failure) 63M->63M(71M) 13.670ms
[2020-08-10T13:03:47.261+0300][1166.807s][info ][gc] GC(37235) Pause Young (Allocation Failure) 64M->64M(71M) 13.733ms
[2020-08-10T13:03:47.276+0300][1166.821s][info ][gc] GC(37236) Pause Young (Allocation Failure) 65M->65M(71M) 13.720ms
[2020-08-10T13:03:47.290+0300][1166.835s][info ][gc] GC(37237) Pause Young (Allocation Failure) 66M->66M(71M) 13.658ms
[2020-08-10T13:03:47.304+0300][1166.850s][info ][gc] GC(37238) Pause Young (Allocation Failure) 67M->67M(71M) 13.718ms
[2020-08-10T13:03:47.318+0300][1166.864s][info ][gc] GC(37239) Pause Young (Allocation Failure) 68M->68M(71M) 13.716ms
[2020-08-10T13:03:47.333+0300][1166.878s][info ][gc] GC(37240) Pause Young (Allocation Failure) 69M->69M(71M) 13.711ms
[2020-08-10T13:03:47.486+0300][1167.031s][debug][gc] GC(37241) Expanding ParOldGen from 70144K by 11776K to 81920K
[2020-08-10T13:03:47.486+0300][1167.031s][info ][gc] GC(37241) Pause Full (Ergonomics) 69M->68M(82M) 153.058ms
[2020-08-10T13:03:47.514+0300][1167.060s][info ][gc] GC(37242) Pause Young (Allocation Failure) 69M->69M(82M) 27.853ms
[2020-08-10T13:03:47.529+0300][1167.074s][info ][gc] GC(37243) Pause Young (Allocation Failure) 70M->70M(82M) 13.736ms
[2020-08-10T13:03:47.543+0300][1167.088s][info ][gc] GC(37244) Pause Young (Allocation Failure) 71M->71M(82M) 13.660ms
[2020-08-10T13:03:47.557+0300][1167.102s][info ][gc] GC(37245) Pause Young (Allocation Failure) 72M->72M(82M) 13.743ms
[2020-08-10T13:03:47.571+0300][1167.116s][info ][gc] GC(37246) Pause Young (Allocation Failure) 73M->73M(82M) 13.571ms
[2020-08-10T13:03:47.585+0300][1167.131s][info ][gc] GC(37247) Pause Young (Allocation Failure) 74M->74M(82M) 13.765ms
[2020-08-10T13:03:47.599+0300][1167.145s][info ][gc] GC(37248) Pause Young (Allocation Failure) 75M->75M(82M) 13.763ms
[2020-08-10T13:03:47.614+0300][1167.159s][info ][gc] GC(37249) Pause Young (Allocation Failure) 76M->76M(82M) 13.740ms
[2020-08-10T13:03:47.628+0300][1167.174s][info ][gc] GC(37250) Pause Young (Allocation Failure) 77M->77M(82M) 13.811ms
[2020-08-10T13:03:47.643+0300][1167.188s][info ][gc] GC(37251) Pause Young (Allocation Failure) 78M->78M(82M) 13.766ms
[2020-08-10T13:03:47.657+0300][1167.202s][info ][gc] GC(37252) Pause Young (Allocation Failure) 79M->79M(82M) 13.867ms
[2020-08-10T13:03:47.671+0300][1167.217s][info ][gc] GC(37253) Pause Young (Allocation Failure) 80M->80M(82M) 13.814ms
[2020-08-10T13:03:47.860+0300][1167.406s][debug][gc] GC(37254) Expanding ParOldGen from 81920K by 11264K to 93184K
[2020-08-10T13:03:47.861+0300][1167.406s][info ][gc] GC(37254) Pause Full (Ergonomics) 80M->80M(93M) 189.010ms
[2020-08-10T13:03:47.891+0300][1167.437s][info ][gc] GC(37255) Pause Young (Allocation Failure) 81M->81M(93M) 29.998ms
[2020-08-10T13:03:47.906+0300][1167.451s][info ][gc] GC(37256) Pause Young (Allocation Failure) 82M->82M(93M) 13.898ms
[2020-08-10T13:03:47.920+0300][1167.465s][info ][gc] GC(37257) Pause Young (Allocation Failure) 83M->83M(93M) 13.686ms
[2020-08-10T13:03:47.934+0300][1167.480s][info ][gc] GC(37258) Pause Young (Allocation Failure) 84M->83M(93M) 14.109ms
[2020-08-10T13:03:47.949+0300][1167.494s][info ][gc] GC(37259) Pause Young (Allocation Failure) 84M->84M(93M) 14.119ms
[2020-08-10T13:03:47.963+0300][1167.509s][info ][gc] GC(37260) Pause Young (Allocation Failure) 85M->85M(93M) 13.910ms
[2020-08-10T13:03:47.982+0300][1167.528s][info ][gc] GC(37261) Pause Young (Allocation Failure) 86M->86M(93M) 18.220ms
[2020-08-10T13:03:47.997+0300][1167.542s][info ][gc] GC(37262) Pause Young (Allocation Failure) 87M->87M(93M) 14.212ms
[2020-08-10T13:03:48.011+0300][1167.557s][info ][gc] GC(37263) Pause Young (Allocation Failure) 88M->88M(93M) 14.104ms
[2020-08-10T13:03:48.026+0300][1167.572s][info ][gc] GC(37264) Pause Young (Allocation Failure) 89M->89M(93M) 14.292ms
[2020-08-10T13:03:48.041+0300][1167.587s][info ][gc] GC(37265) Pause Young (Allocation Failure) 90M->90M(93M) 14.821ms
[2020-08-10T13:03:48.057+0300][1167.602s][info ][gc] GC(37266) Pause Young (Allocation Failure) 91M->91M(93M) 14.844ms
[2020-08-10T13:03:48.273+0300][1167.819s][debug][gc] GC(37267) Expanding ParOldGen from 93184K by 11264K to 104448K
[2020-08-10T13:03:48.274+0300][1167.819s][info ][gc] GC(37267) Pause Full (Ergonomics) 91M->91M(104M) 216.880ms
[2020-08-10T13:03:48.308+0300][1167.853s][info ][gc] GC(37268) Pause Young (Allocation Failure) 92M->92M(104M) 33.598ms
[2020-08-10T13:03:48.323+0300][1167.869s][info ][gc] GC(37269) Pause Young (Allocation Failure) 93M->93M(104M) 15.000ms
[2020-08-10T13:03:48.339+0300][1167.884s][info ][gc] GC(37270) Pause Young (Allocation Failure) 94M->94M(104M) 14.846ms
[2020-08-10T13:03:48.354+0300][1167.900s][info ][gc] GC(37271) Pause Young (Allocation Failure) 95M->95M(104M) 15.134ms
[2020-08-10T13:03:48.370+0300][1167.915s][info ][gc] GC(37272) Pause Young (Allocation Failure) 96M->96M(104M) 15.088ms
[2020-08-10T13:03:48.386+0300][1167.931s][info ][gc] GC(37273) Pause Young (Allocation Failure) 97M->97M(104M) 15.294ms
[2020-08-10T13:03:48.401+0300][1167.947s][info ][gc] GC(37274) Pause Young (Allocation Failure) 98M->98M(104M) 15.296ms
[2020-08-10T13:03:48.417+0300][1167.963s][info ][gc] GC(37275) Pause Young (Allocation Failure) 99M->99M(104M) 15.298ms
[2020-08-10T13:03:48.434+0300][1167.979s][info ][gc] GC(37276) Pause Young (Allocation Failure) 100M->100M(104M) 15.924ms
[2020-08-10T13:03:48.450+0300][1167.995s][info ][gc] GC(37277) Pause Young (Allocation Failure) 101M->101M(104M) 15.675ms
[2020-08-10T13:03:48.466+0300][1168.012s][info ][gc] GC(37278) Pause Young (Allocation Failure) 102M->101M(104M) 15.682ms
[2020-08-10T13:03:48.713+0300][1168.258s][debug][gc] GC(37279) Expanding ParOldGen from 104448K by 11264K to 115712K
[2020-08-10T13:03:48.713+0300][1168.259s][info ][gc] GC(37279) Pause Full (Ergonomics) 101M->101M(115M) 246.773ms
[2020-08-10T13:03:48.727+0300][1168.272s][info ][gc] GC(37280) Pause Young (Allocation Failure) 102M->102M(114M) 13.121ms
[2020-08-10T13:03:48.741+0300][1168.287s][info ][gc] GC(37281) Pause Young (Allocation Failure) 103M->103M(115M) 13.934ms
[2020-08-10T13:03:48.754+0300][1168.300s][info ][gc] GC(37282) Pause Young (Allocation Failure) 103M->103M(115M) 13.077ms
[2020-08-10T13:03:48.768+0300][1168.314s][info ][gc] GC(37283) Pause Young (Allocation Failure) 104M->104M(115M) 13.166ms
[2020-08-10T13:03:48.782+0300][1168.328s][info ][gc] GC(37284) Pause Young (Allocation Failure) 104M->104M(115M) 13.134ms
[2020-08-10T13:03:48.796+0300][1168.341s][info ][gc] GC(37285) Pause Young (Allocation Failure) 105M->105M(115M) 13.127ms
[2020-08-10T13:03:48.809+0300][1168.355s][info ][gc] GC(37286) Pause Young (Allocation Failure) 105M->105M(115M) 13.161ms
[2020-08-10T13:03:48.823+0300][1168.368s][info ][gc] GC(37287) Pause Young (Allocation Failure) 105M->105M(115M) 13.150ms
[2020-08-10T13:03:48.836+0300][1168.382s][info ][gc] GC(37288) Pause Young (Allocation Failure) 106M->106M(115M) 13.129ms
[2020-08-10T13:03:48.850+0300][1168.395s][info ][gc] GC(37289) Pause Young (Allocation Failure) 106M->106M(115M) 13.159ms
[2020-08-10T13:03:48.864+0300][1168.409s][info ][gc] GC(37290) Pause Young (Allocation Failure) 107M->107M(115M) 13.227ms
[2020-08-10T13:03:48.877+0300][1168.423s][info ][gc] GC(37291) Pause Young (Allocation Failure) 107M->107M(115M) 13.253ms
[2020-08-10T13:03:48.891+0300][1168.437s][info ][gc] GC(37292) Pause Young (Allocation Failure) 108M->108M(115M) 13.178ms
[2020-08-10T13:03:48.905+0300][1168.450s][info ][gc] GC(37293) Pause Young (Allocation Failure) 108M->108M(115M) 13.165ms
[2020-08-10T13:03:48.918+0300][1168.464s][info ][gc] GC(37294) Pause Young (Allocation Failure) 109M->109M(115M) 13.240ms
[2020-08-10T13:03:48.932+0300][1168.478s][info ][gc] GC(37295) Pause Young (Allocation Failure) 109M->109M(115M) 13.199ms
[2020-08-10T13:03:48.946+0300][1168.491s][info ][gc] GC(37296) Pause Young (Allocation Failure) 110M->110M(115M) 13.313ms
[2020-08-10T13:03:48.960+0300][1168.505s][info ][gc] GC(37297) Pause Young (Allocation Failure) 110M->110M(114M) 13.324ms
[2020-08-10T13:03:48.973+0300][1168.519s][info ][gc] GC(37298) Pause Young (Allocation Failure) 111M->111M(114M) 13.306ms
[2020-08-10T13:03:48.987+0300][1168.533s][info ][gc] GC(37299) Pause Young (Allocation Failure) 111M->111M(114M) 13.271ms
[2020-08-10T13:03:49.001+0300][1168.546s][info ][gc] GC(37300) Pause Young (Allocation Failure) 111M->111M(114M) 13.222ms
[2020-08-10T13:03:49.015+0300][1168.560s][info ][gc] GC(37301) Pause Young (Allocation Failure) 112M->112M(114M) 13.828ms
[2020-08-10T13:03:49.029+0300][1168.574s][info ][gc] GC(37302) Pause Young (Allocation Failure) 112M->112M(114M) 13.419ms
[2020-08-10T13:03:49.291+0300][1168.836s][debug][gc] GC(37303) Expanding ParOldGen from 115712K by 10752K to 126464K
[2020-08-10T13:03:49.291+0300][1168.837s][info ][gc] GC(37303) Pause Full (Ergonomics) 112M->112M(125M) 262.175ms
[2020-08-10T13:03:49.305+0300][1168.850s][info ][gc] GC(37304) Pause Young (Allocation Failure) 113M->113M(125M) 13.401ms
[2020-08-10T13:03:49.326+0300][1168.872s][info ][gc] GC(37305) Pause Young (Allocation Failure) 113M->113M(125M) 20.808ms
[2020-08-10T13:03:49.359+0300][1168.904s][info ][gc] GC(37306) Pause Young (Allocation Failure) 114M->114M(125M) 32.236ms
[2020-08-10T13:03:49.373+0300][1168.919s][info ][gc] GC(37307) Pause Young (Allocation Failure) 114M->114M(125M) 14.062ms
[2020-08-10T13:03:49.399+0300][1168.945s][info ][gc] GC(37308) Pause Young (Allocation Failure) 115M->115M(125M) 25.431ms
[2020-08-10T13:03:49.413+0300][1168.959s][info ][gc] GC(37309) Pause Young (Allocation Failure) 115M->115M(125M) 14.001ms
[2020-08-10T13:03:49.428+0300][1168.974s][info ][gc] GC(37310) Pause Young (Allocation Failure) 115M->115M(125M) 14.064ms
[2020-08-10T13:03:49.443+0300][1168.988s][info ][gc] GC(37311) Pause Young (Allocation Failure) 116M->116M(125M) 14.072ms
[2020-08-10T13:03:49.457+0300][1169.003s][info ][gc] GC(37312) Pause Young (Allocation Failure) 116M->116M(125M) 13.933ms
[2020-08-10T13:03:49.472+0300][1169.017s][info ][gc] GC(37313) Pause Young (Allocation Failure) 117M->117M(125M) 14.191ms
[2020-08-10T13:03:49.486+0300][1169.032s][info ][gc] GC(37314) Pause Young (Allocation Failure) 117M->117M(125M) 13.938ms
[2020-08-10T13:03:49.500+0300][1169.046s][info ][gc] GC(37315) Pause Young (Allocation Failure) 118M->118M(125M) 14.156ms
[2020-08-10T13:03:49.537+0300][1169.082s][info ][gc] GC(37316) Pause Young (Allocation Failure) 118M->118M(125M) 36.149ms
[2020-08-10T13:03:49.564+0300][1169.109s][info ][gc] GC(37317) Pause Young (Allocation Failure) 119M->118M(125M) 26.446ms
[2020-08-10T13:03:49.578+0300][1169.124s][info ][gc] GC(37318) Pause Young (Allocation Failure) 119M->119M(125M) 14.232ms
[2020-08-10T13:03:49.593+0300][1169.139s][info ][gc] GC(37319) Pause Young (Allocation Failure) 119M->119M(125M) 14.249ms
[2020-08-10T13:03:49.608+0300][1169.153s][info ][gc] GC(37320) Pause Young (Allocation Failure) 120M->120M(125M) 14.201ms
[2020-08-10T13:03:49.628+0300][1169.173s][info ][gc] GC(37321) Pause Young (Allocation Failure) 120M->120M(125M) 19.754ms
[2020-08-10T13:03:49.642+0300][1169.188s][info ][gc] GC(37322) Pause Young (Allocation Failure) 121M->121M(125M) 14.471ms
[2020-08-10T13:03:49.657+0300][1169.203s][info ][gc] GC(37323) Pause Young (Allocation Failure) 121M->121M(125M) 14.391ms
[2020-08-10T13:03:49.677+0300][1169.223s][info ][gc] GC(37324) Pause Young (Allocation Failure) 122M->122M(125M) 19.840ms
[2020-08-10T13:03:49.692+0300][1169.238s][info ][gc] GC(37325) Pause Young (Allocation Failure) 122M->122M(125M) 14.485ms
[2020-08-10T13:03:49.707+0300][1169.253s][info ][gc] GC(37326) Pause Young (Allocation Failure) 123M->123M(125M) 14.373ms
[2020-08-10T13:03:49.722+0300][1169.268s][info ][gc] GC(37327) Pause Young (Allocation Failure) 123M->123M(125M) 14.712ms
[2020-08-10T13:03:50.042+0300][1169.587s][debug][gc] GC(37328) Expanding ParOldGen from 126464K by 10752K to 137216K
[2020-08-10T13:03:50.042+0300][1169.587s][info ][gc] GC(37328) Pause Full (Ergonomics) 123M->123M(135M) 319.381ms
[2020-08-10T13:03:50.055+0300][1169.601s][info ][gc] GC(37329) Pause Young (Allocation Failure) 123M->123M(135M) 13.317ms
[2020-08-10T13:03:50.071+0300][1169.616s][info ][gc] GC(37330) Pause Young (Allocation Failure) 124M->124M(135M) 14.724ms
[2020-08-10T13:03:50.086+0300][1169.631s][info ][gc] GC(37331) Pause Young (Allocation Failure) 124M->124M(135M) 14.741ms
[2020-08-10T13:03:50.101+0300][1169.647s][info ][gc] GC(37332) Pause Young (Allocation Failure) 125M->125M(135M) 15.229ms
[2020-08-10T13:03:50.116+0300][1169.662s][info ][gc] GC(37333) Pause Young (Allocation Failure) 125M->125M(135M) 14.510ms
[2020-08-10T13:03:50.131+0300][1169.677s][info ][gc] GC(37334) Pause Young (Allocation Failure) 126M->126M(135M) 14.641ms
[2020-08-10T13:03:50.146+0300][1169.692s][info ][gc] GC(37335) Pause Young (Allocation Failure) 126M->126M(135M) 14.831ms
[2020-08-10T13:03:50.186+0300][1169.732s][info ][gc] GC(37336) Pause Young (Allocation Failure) 127M->127M(135M) 39.612ms
[2020-08-10T13:03:50.201+0300][1169.747s][info ][gc] GC(37337) Pause Young (Allocation Failure) 127M->127M(135M) 14.743ms
[2020-08-10T13:03:50.225+0300][1169.770s][info ][gc] GC(37338) Pause Young (Allocation Failure) 127M->127M(135M) 22.641ms
[2020-08-10T13:03:50.240+0300][1169.785s][info ][gc] GC(37339) Pause Young (Allocation Failure) 128M->128M(135M) 14.820ms
[2020-08-10T13:03:50.255+0300][1169.801s][info ][gc] GC(37340) Pause Young (Allocation Failure) 128M->128M(135M) 14.712ms
[2020-08-10T13:03:50.270+0300][1169.816s][info ][gc] GC(37341) Pause Young (Allocation Failure) 129M->129M(135M) 14.835ms
[2020-08-10T13:03:50.285+0300][1169.831s][info ][gc] GC(37342) Pause Young (Allocation Failure) 129M->129M(135M) 14.763ms
[2020-08-10T13:03:50.322+0300][1169.867s][info ][gc] GC(37343) Pause Young (Allocation Failure) 130M->130M(135M) 36.143ms
[2020-08-10T13:03:50.337+0300][1169.882s][info ][gc] GC(37344) Pause Young (Allocation Failure) 130M->130M(135M) 14.975ms
[2020-08-10T13:03:50.352+0300][1169.898s][info ][gc] GC(37345) Pause Young (Allocation Failure) 130M->130M(135M) 14.994ms
[2020-08-10T13:03:50.370+0300][1169.916s][info ][gc] GC(37346) Pause Young (Allocation Failure) 131M->131M(135M) 17.648ms
[2020-08-10T13:03:50.386+0300][1169.932s][info ][gc] GC(37347) Pause Young (Allocation Failure) 131M->131M(135M) 15.147ms
[2020-08-10T13:03:50.401+0300][1169.947s][info ][gc] GC(37348) Pause Young (Allocation Failure) 132M->132M(135M) 15.082ms
[2020-08-10T13:03:50.417+0300][1169.962s][info ][gc] GC(37349) Pause Young (Allocation Failure) 132M->132M(135M) 15.115ms
[2020-08-10T13:03:50.439+0300][1169.985s][info ][gc] GC(37350) Pause Young (Allocation Failure) 133M->133M(135M) 22.004ms
[2020-08-10T13:03:50.455+0300][1170.001s][info ][gc] GC(37351) Pause Young (Allocation Failure) 133M->133M(135M) 15.637ms
[2020-08-10T13:03:50.471+0300][1170.016s][info ][gc] GC(37352) Pause Young (Allocation Failure) 134M->134M(135M) 14.988ms
[2020-08-10T13:03:50.858+0300][1170.403s][debug][gc] GC(37353) Expanding ParOldGen from 137216K by 10752K to 147968K
[2020-08-10T13:03:50.858+0300][1170.403s][info ][gc] GC(37353) Pause Full (Ergonomics) 134M->133M(146M) 386.998ms
[2020-08-10T13:03:50.872+0300][1170.418s][info ][gc] GC(37354) Pause Young (Allocation Failure) 134M->134M(146M) 13.911ms
[2020-08-10T13:03:50.888+0300][1170.434s][info ][gc] GC(37355) Pause Young (Allocation Failure) 134M->134M(146M) 15.485ms
[2020-08-10T13:03:50.903+0300][1170.449s][info ][gc] GC(37356) Pause Young (Allocation Failure) 135M->135M(146M) 15.088ms
[2020-08-10T13:03:50.904+0300][1170.449s][debug][gc] Expanding ParOldGen from 147968K by 19968K to 167936K
[2020-08-10T13:03:50.926+0300][1170.472s][info ][gc] GC(37357) Pause Young (Allocation Failure) 154M->154M(165M) 14.762ms
[2020-08-10T13:03:50.953+0300][1170.499s][info ][gc] GC(37358) Pause Young (Allocation Failure) 155M->155M(165M) 26.227ms
[2020-08-10T13:03:50.978+0300][1170.524s][info ][gc] GC(37359) Pause Young (Allocation Failure) 155M->155M(165M) 25.148ms
[2020-08-10T13:03:51.004+0300][1170.550s][info ][gc] GC(37360) Pause Young (Allocation Failure) 156M->156M(165M) 25.232ms
[2020-08-10T13:03:51.029+0300][1170.575s][info ][gc] GC(37361) Pause Young (Allocation Failure) 156M->156M(165M) 25.135ms
[2020-08-10T13:03:51.055+0300][1170.601s][info ][gc] GC(37362) Pause Young (Allocation Failure) 157M->157M(165M) 25.284ms
[2020-08-10T13:03:51.081+0300][1170.626s][info ][gc] GC(37363) Pause Young (Allocation Failure) 157M->157M(165M) 25.161ms
[2020-08-10T13:03:51.106+0300][1170.652s][info ][gc] GC(37364) Pause Young (Allocation Failure) 158M->157M(165M) 25.459ms
[2020-08-10T13:03:51.132+0300][1170.678s][info ][gc] GC(37365) Pause Young (Allocation Failure) 158M->158M(165M) 25.226ms
[2020-08-10T13:03:51.159+0300][1170.704s][info ][gc] GC(37366) Pause Young (Allocation Failure) 158M->158M(165M) 25.984ms
[2020-08-10T13:03:51.184+0300][1170.730s][info ][gc] GC(37367) Pause Young (Allocation Failure) 159M->159M(165M) 25.153ms
[2020-08-10T13:03:51.210+0300][1170.756s][info ][gc] GC(37368) Pause Young (Allocation Failure) 159M->159M(165M) 25.602ms
[2020-08-10T13:03:51.257+0300][1170.803s][info ][gc] GC(37369) Pause Young (Allocation Failure) 160M->160M(165M) 46.859ms
[2020-08-10T13:03:51.283+0300][1170.829s][info ][gc] GC(37370) Pause Young (Allocation Failure) 160M->160M(165M) 25.758ms
[2020-08-10T13:03:51.309+0300][1170.855s][info ][gc] GC(37371) Pause Young (Allocation Failure) 161M->161M(165M) 25.390ms
[2020-08-10T13:03:51.360+0300][1170.906s][info ][gc] GC(37372) Pause Young (Allocation Failure) 161M->161M(165M) 51.015ms
[2020-08-10T13:03:51.386+0300][1170.932s][info ][gc] GC(37373) Pause Young (Allocation Failure) 162M->162M(165M) 25.536ms
[2020-08-10T13:03:51.414+0300][1170.960s][info ][gc] GC(37374) Pause Young (Allocation Failure) 162M->162M(165M) 27.504ms
[2020-08-10T13:03:51.440+0300][1170.986s][info ][gc] GC(37375) Pause Young (Allocation Failure) 163M->163M(165M) 25.224ms
[2020-08-10T13:03:51.466+0300][1171.011s][info ][gc] GC(37376) Pause Young (Allocation Failure) 163M->163M(165M) 25.526ms
[2020-08-10T13:03:51.492+0300][1171.038s][info ][gc] GC(37377) Pause Young (Allocation Failure) 164M->164M(165M) 25.605ms
[2020-08-10T13:03:51.583+0300][1171.128s][debug][gc] GC(37378) Shrinking ParOldGen from 167936K by 125952K to 41984K
[2020-08-10T13:03:51.583+0300][1171.128s][info ][gc] GC(37378) Pause Full (Ergonomics) 164M->30M(42M) 90.782ms
[2020-08-10T13:03:51.596+0300][1171.141s][info ][gc] GC(37379) Pause Young (Allocation Failure) 30M->30M(42M) 12.555ms
[2020-08-10T13:03:51.613+0300][1171.159s][info ][gc] GC(37380) Pause Young (Allocation Failure) 31M->31M(42M) 16.622ms
[2020-08-10T13:03:51.626+0300][1171.172s][info ][gc] GC(37381) Pause Young (Allocation Failure) 31M->31M(42M) 12.806ms
[2020-08-10T13:03:51.639+0300][1171.185s][info ][gc] GC(37382) Pause Young (Allocation Failure) 32M->32M(42M) 13.022ms
[2020-08-10T13:03:51.653+0300][1171.199s][info ][gc] GC(37383) Pause Young (Allocation Failure) 32M->32M(42M) 13.090ms
[2020-08-10T13:03:51.666+0300][1171.212s][info ][gc] GC(37384) Pause Young (Allocation Failure) 32M->32M(42M) 13.030ms
[2020-08-10T13:03:51.680+0300][1171.225s][info ][gc] GC(37385) Pause Young (Allocation Failure) 33M->33M(42M) 12.936ms
[2020-08-10T13:03:51.693+0300][1171.239s][info ][gc] GC(37386) Pause Young (Allocation Failure) 33M->33M(42M) 13.011ms
[2020-08-10T13:03:51.707+0300][1171.252s][info ][gc] GC(37387) Pause Young (Allocation Failure) 34M->34M(42M) 12.948ms
[2020-08-10T13:03:51.720+0300][1171.266s][info ][gc] GC(37388) Pause Young (Allocation Failure) 34M->34M(42M) 12.907ms
[2020-08-10T13:03:51.733+0300][1171.279s][info ][gc] GC(37389) Pause Young (Allocation Failure) 35M->35M(42M) 12.941ms
[2020-08-10T13:03:51.747+0300][1171.293s][info ][gc] GC(37390) Pause Young (Allocation Failure) 35M->35M(42M) 13.015ms
[2020-08-10T13:03:51.760+0300][1171.306s][info ][gc] GC(37391) Pause Young (Allocation Failure) 36M->36M(42M) 12.933ms
[2020-08-10T13:03:51.774+0300][1171.319s][info ][gc] GC(37392) Pause Young (Allocation Failure) 36M->36M(42M) 12.852ms
[2020-08-10T13:03:51.787+0300][1171.333s][info ][gc] GC(37393) Pause Young (Allocation Failure) 37M->37M(42M) 12.909ms
[2020-08-10T13:03:51.800+0300][1171.346s][info ][gc] GC(37394) Pause Young (Allocation Failure) 37M->37M(42M) 12.914ms
[2020-08-10T13:03:51.814+0300][1171.359s][info ][gc] GC(37395) Pause Young (Allocation Failure) 38M->38M(42M) 12.902ms
[2020-08-10T13:03:51.827+0300][1171.373s][info ][gc] GC(37396) Pause Young (Allocation Failure) 38M->38M(42M) 12.938ms
[2020-08-10T13:03:51.840+0300][1171.386s][info ][gc] GC(37397) Pause Young (Allocation Failure) 38M->38M(42M) 13.045ms
[2020-08-10T13:03:51.854+0300][1171.400s][info ][gc] GC(37398) Pause Young (Allocation Failure) 39M->39M(42M) 12.931ms
[2020-08-10T13:03:51.867+0300][1171.413s][info ][gc] GC(37399) Pause Young (Allocation Failure) 39M->39M(42M) 12.895ms
[2020-08-10T13:03:51.881+0300][1171.426s][info ][gc] GC(37400) Pause Young (Allocation Failure) 40M->40M(42M) 12.923ms
[2020-08-10T13:03:51.894+0300][1171.440s][info ][gc] GC(37401) Pause Young (Allocation Failure) 40M->40M(42M) 12.905ms
[2020-08-10T13:03:51.907+0300][1171.453s][info ][gc] GC(37402) Pause Young (Allocation Failure) 41M->41M(42M) 12.983ms
[2020-08-10T13:03:51.981+0300][1171.527s][debug][gc] GC(37403) Expanding ParOldGen from 41984K by 10752K to 52736K
[2020-08-10T13:03:51.981+0300][1171.527s][info ][gc] GC(37403) Pause Full (Ergonomics) 41M->40M(53M) 73.658ms
[2020-08-10T13:03:51.995+0300][1171.541s][info ][gc] GC(37404) Pause Young (Allocation Failure) 41M->41M(52M) 12.919ms
[2020-08-10T13:03:52.008+0300][1171.554s][info ][gc] GC(37405) Pause Young (Allocation Failure) 42M->42M(53M) 13.019ms
[2020-08-10T13:03:52.022+0300][1171.567s][info ][gc] GC(37406) Pause Young (Allocation Failure) 42M->42M(53M) 12.940ms
[2020-08-10T13:03:52.035+0300][1171.581s][info ][gc] GC(37407) Pause Young (Allocation Failure) 43M->43M(53M) 12.937ms
[2020-08-10T13:03:52.049+0300][1171.594s][info ][gc] GC(37408) Pause Young (Allocation Failure) 43M->43M(53M) 12.939ms
[2020-08-10T13:03:52.062+0300][1171.608s][info ][gc] GC(37409) Pause Young (Allocation Failure) 44M->44M(53M) 12.943ms
[2020-08-10T13:03:52.075+0300][1171.621s][info ][gc] GC(37410) Pause Young (Allocation Failure) 44M->44M(53M) 12.983ms
[2020-08-10T13:03:52.089+0300][1171.635s][info ][gc] GC(37411) Pause Young (Allocation Failure) 45M->45M(53M) 12.930ms
[2020-08-10T13:03:52.102+0300][1171.648s][info ][gc] GC(37412) Pause Young (Allocation Failure) 45M->45M(53M) 12.784ms
[2020-08-10T13:03:52.116+0300][1171.661s][info ][gc] GC(37413) Pause Young (Allocation Failure) 46M->46M(53M) 12.992ms
[2020-08-10T13:03:52.129+0300][1171.675s][info ][gc] GC(37414) Pause Young (Allocation Failure) 46M->46M(53M) 12.976ms
[2020-08-10T13:03:52.142+0300][1171.688s][info ][gc] GC(37415) Pause Young (Allocation Failure) 46M->46M(53M) 12.990ms
[2020-08-10T13:03:52.156+0300][1171.702s][info ][gc] GC(37416) Pause Young (Allocation Failure) 47M->47M(53M) 13.023ms
[2020-08-10T13:03:52.169+0300][1171.715s][info ][gc] GC(37417) Pause Young (Allocation Failure) 47M->47M(53M) 12.998ms
[2020-08-10T13:03:52.183+0300][1171.728s][info ][gc] GC(37418) Pause Young (Allocation Failure) 48M->48M(53M) 13.010ms
[2020-08-10T13:03:52.196+0300][1171.742s][info ][gc] GC(37419) Pause Young (Allocation Failure) 48M->48M(53M) 12.822ms
[2020-08-10T13:03:52.209+0300][1171.755s][info ][gc] GC(37420) Pause Young (Allocation Failure) 49M->49M(53M) 12.945ms
[2020-08-10T13:03:52.223+0300][1171.768s][info ][gc] GC(37421) Pause Young (Allocation Failure) 49M->49M(53M) 12.959ms
[2020-08-10T13:03:52.236+0300][1171.782s][info ][gc] GC(37422) Pause Young (Allocation Failure) 50M->50M(53M) 12.991ms
[2020-08-10T13:03:52.250+0300][1171.795s][info ][gc] GC(37423) Pause Young (Allocation Failure) 50M->50M(53M) 13.098ms
[2020-08-10T13:03:52.264+0300][1171.809s][info ][gc] GC(37424) Pause Young (Allocation Failure) 51M->51M(53M) 13.932ms
[2020-08-10T13:03:52.277+0300][1171.823s][info ][gc] GC(37425) Pause Young (Allocation Failure) 51M->51M(53M) 12.910ms
[2020-08-10T13:03:52.380+0300][1171.926s][debug][gc] GC(37426) Expanding ParOldGen from 52736K by 10752K to 63488K
[2020-08-10T13:03:52.380+0300][1171.926s][info ][gc] GC(37426) Pause Full (Ergonomics) 51M->51M(63M) 102.940ms
[2020-08-10T13:03:52.394+0300][1171.939s][info ][gc] GC(37427) Pause Young (Allocation Failure) 51M->51M(63M) 12.832ms
[2020-08-10T13:03:52.407+0300][1171.953s][info ][gc] GC(37428) Pause Young (Allocation Failure) 52M->52M(63M) 12.999ms
[2020-08-10T13:03:52.421+0300][1171.966s][info ][gc] GC(37429) Pause Young (Allocation Failure) 52M->52M(63M) 12.945ms
[2020-08-10T13:03:52.434+0300][1171.980s][info ][gc] GC(37430) Pause Young (Allocation Failure) 53M->53M(63M) 13.154ms
[2020-08-10T13:03:52.448+0300][1171.994s][info ][gc] GC(37431) Pause Young (Allocation Failure) 53M->53M(63M) 13.021ms
[2020-08-10T13:03:52.461+0300][1172.007s][info ][gc] GC(37432) Pause Young (Allocation Failure) 54M->54M(63M) 12.997ms
[2020-08-10T13:03:52.475+0300][1172.021s][info ][gc] GC(37433) Pause Young (Allocation Failure) 54M->54M(63M) 13.149ms
[2020-08-10T13:03:52.488+0300][1172.034s][info ][gc] GC(37434) Pause Young (Allocation Failure) 55M->54M(63M) 13.158ms
[2020-08-10T13:03:52.502+0300][1172.048s][info ][gc] GC(37435) Pause Young (Allocation Failure) 55M->55M(63M) 13.395ms
[2020-08-10T13:03:52.516+0300][1172.062s][info ][gc] GC(37436) Pause Young (Allocation Failure) 56M->56M(64M) 13.355ms
[2020-08-10T13:03:52.530+0300][1172.076s][info ][gc] GC(37437) Pause Young (Allocation Failure) 57M->57M(64M) 13.559ms
[2020-08-10T13:03:52.545+0300][1172.090s][info ][gc] GC(37438) Pause Young (Allocation Failure) 58M->58M(64M) 13.418ms
[2020-08-10T13:03:52.559+0300][1172.104s][info ][gc] GC(37439) Pause Young (Allocation Failure) 59M->59M(64M) 13.491ms
[2020-08-10T13:03:52.589+0300][1172.135s][info ][gc] GC(37440) Pause Young (Allocation Failure) 60M->60M(64M) 29.904ms
[2020-08-10T13:03:52.603+0300][1172.149s][info ][gc] GC(37441) Pause Young (Allocation Failure) 61M->61M(64M) 13.601ms
[2020-08-10T13:03:52.617+0300][1172.163s][info ][gc] GC(37442) Pause Young (Allocation Failure) 62M->62M(64M) 13.557ms
[2020-08-10T13:03:52.751+0300][1172.297s][debug][gc] GC(37443) Expanding ParOldGen from 63488K by 11776K to 75264K
[2020-08-10T13:03:52.751+0300][1172.297s][info ][gc] GC(37443) Pause Full (Ergonomics) 62M->62M(76M) 133.925ms
[2020-08-10T13:03:52.777+0300][1172.323s][info ][gc] GC(37444) Pause Young (Allocation Failure) 63M->63M(76M) 24.985ms
[2020-08-10T13:03:52.791+0300][1172.337s][info ][gc] GC(37445) Pause Young (Allocation Failure) 64M->64M(76M) 13.652ms
[2020-08-10T13:03:52.805+0300][1172.351s][info ][gc] GC(37446) Pause Young (Allocation Failure) 65M->65M(76M) 13.716ms
[2020-08-10T13:03:52.820+0300][1172.365s][info ][gc] GC(37447) Pause Young (Allocation Failure) 66M->65M(76M) 13.695ms
[2020-08-10T13:03:52.834+0300][1172.380s][info ][gc] GC(37448) Pause Young (Allocation Failure) 66M->66M(76M) 13.734ms
[2020-08-10T13:03:52.848+0300][1172.394s][info ][gc] GC(37449) Pause Young (Allocation Failure) 67M->67M(76M) 13.730ms
[2020-08-10T13:03:52.862+0300][1172.408s][info ][gc] GC(37450) Pause Young (Allocation Failure) 68M->68M(76M) 13.648ms
[2020-08-10T13:03:52.876+0300][1172.422s][info ][gc] GC(37451) Pause Young (Allocation Failure) 69M->69M(76M) 13.750ms
[2020-08-10T13:03:52.891+0300][1172.437s][info ][gc] GC(37452) Pause Young (Allocation Failure) 70M->70M(76M) 13.716ms
[2020-08-10T13:03:52.905+0300][1172.451s][info ][gc] GC(37453) Pause Young (Allocation Failure) 71M->71M(76M) 13.439ms
[2020-08-10T13:03:52.919+0300][1172.465s][info ][gc] GC(37454) Pause Young (Allocation Failure) 72M->72M(76M) 13.682ms
[2020-08-10T13:03:52.934+0300][1172.479s][info ][gc] GC(37455) Pause Young (Allocation Failure) 73M->73M(76M) 13.745ms
[2020-08-10T13:03:53.105+0300][1172.651s][debug][gc] GC(37456) Expanding ParOldGen from 75264K by 11776K to 87040K
[2020-08-10T13:03:53.105+0300][1172.651s][info ][gc] GC(37456) Pause Full (Ergonomics) 73M->73M(87M) 171.681ms
[2020-08-10T13:03:53.119+0300][1172.665s][info ][gc] GC(37457) Pause Young (Allocation Failure) 74M->74M(87M) 13.076ms
[2020-08-10T13:03:53.133+0300][1172.679s][info ][gc] GC(37458) Pause Young (Allocation Failure) 75M->75M(87M) 13.586ms
[2020-08-10T13:03:53.147+0300][1172.693s][info ][gc] GC(37459) Pause Young (Allocation Failure) 76M->76M(87M) 13.547ms
[2020-08-10T13:03:53.161+0300][1172.707s][info ][gc] GC(37460) Pause Young (Allocation Failure) 77M->76M(87M) 13.560ms
[2020-08-10T13:03:53.175+0300][1172.721s][info ][gc] GC(37461) Pause Young (Allocation Failure) 77M->77M(87M) 13.514ms
[2020-08-10T13:03:53.190+0300][1172.735s][info ][gc] GC(37462) Pause Young (Allocation Failure) 78M->78M(87M) 13.560ms
[2020-08-10T13:03:53.204+0300][1172.750s][info ][gc] GC(37463) Pause Young (Allocation Failure) 79M->79M(87M) 13.568ms
[2020-08-10T13:03:53.218+0300][1172.764s][info ][gc] GC(37464) Pause Young (Allocation Failure) 80M->80M(87M) 13.392ms
[2020-08-10T13:03:53.232+0300][1172.778s][info ][gc] GC(37465) Pause Young (Allocation Failure) 81M->81M(87M) 13.610ms
[2020-08-10T13:03:53.246+0300][1172.792s][info ][gc] GC(37466) Pause Young (Allocation Failure) 82M->82M(87M) 13.576ms
[2020-08-10T13:03:53.260+0300][1172.806s][info ][gc] GC(37467) Pause Young (Allocation Failure) 83M->83M(87M) 13.584ms
[2020-08-10T13:03:53.275+0300][1172.820s][info ][gc] GC(37468) Pause Young (Allocation Failure) 84M->84M(87M) 13.647ms
[2020-08-10T13:03:53.289+0300][1172.835s][info ][gc] GC(37469) Pause Young (Allocation Failure) 85M->85M(87M) 13.801ms
[2020-08-10T13:03:53.480+0300][1173.026s][debug][gc] GC(37470) Expanding ParOldGen from 87040K by 11264K to 98304K
[2020-08-10T13:03:53.481+0300][1173.026s][info ][gc] GC(37470) Pause Full (Ergonomics) 85M->85M(98M) 191.341ms
[2020-08-10T13:03:53.512+0300][1173.058s][info ][gc] GC(37471) Pause Young (Allocation Failure) 86M->86M(98M) 31.046ms
[2020-08-10T13:03:53.527+0300][1173.073s][info ][gc] GC(37472) Pause Young (Allocation Failure) 87M->87M(98M) 14.353ms
[2020-08-10T13:03:53.542+0300][1173.088s][info ][gc] GC(37473) Pause Young (Allocation Failure) 88M->88M(98M) 14.515ms
[2020-08-10T13:03:53.557+0300][1173.103s][info ][gc] GC(37474) Pause Young (Allocation Failure) 89M->88M(98M) 14.638ms
[2020-08-10T13:03:53.572+0300][1173.118s][info ][gc] GC(37475) Pause Young (Allocation Failure) 89M->89M(98M) 14.610ms
[2020-08-10T13:03:53.587+0300][1173.133s][info ][gc] GC(37476) Pause Young (Allocation Failure) 90M->90M(98M) 14.469ms
[2020-08-10T13:03:53.603+0300][1173.148s][info ][gc] GC(37477) Pause Young (Allocation Failure) 91M->91M(98M) 14.726ms
[2020-08-10T13:03:53.618+0300][1173.164s][info ][gc] GC(37478) Pause Young (Allocation Failure) 92M->92M(98M) 14.703ms
[2020-08-10T13:03:53.633+0300][1173.179s][info ][gc] GC(37479) Pause Young (Allocation Failure) 93M->93M(98M) 14.793ms
[2020-08-10T13:03:53.649+0300][1173.194s][info ][gc] GC(37480) Pause Young (Allocation Failure) 94M->94M(98M) 14.892ms
[2020-08-10T13:03:53.664+0300][1173.210s][info ][gc] GC(37481) Pause Young (Allocation Failure) 95M->95M(98M) 14.904ms
[2020-08-10T13:03:53.680+0300][1173.225s][info ][gc] GC(37482) Pause Young (Allocation Failure) 96M->96M(98M) 15.115ms
[2020-08-10T13:03:53.914+0300][1173.460s][debug][gc] GC(37483) Expanding ParOldGen from 98304K by 11264K to 109568K
[2020-08-10T13:03:53.914+0300][1173.460s][info ][gc] GC(37483) Pause Full (Ergonomics) 96M->96M(109M) 234.395ms
[2020-08-10T13:03:53.950+0300][1173.496s][info ][gc] GC(37484) Pause Young (Allocation Failure) 97M->97M(109M) 35.185ms
[2020-08-10T13:03:53.966+0300][1173.512s][info ][gc] GC(37485) Pause Young (Allocation Failure) 98M->98M(109M) 15.559ms
[2020-08-10T13:03:53.982+0300][1173.528s][info ][gc] GC(37486) Pause Young (Allocation Failure) 99M->99M(109M) 15.471ms
[2020-08-10T13:03:53.998+0300][1173.544s][info ][gc] GC(37487) Pause Young (Allocation Failure) 100M->100M(109M) 15.572ms
[2020-08-10T13:03:54.015+0300][1173.560s][info ][gc] GC(37488) Pause Young (Allocation Failure) 101M->101M(109M) 15.558ms
[2020-08-10T13:03:54.031+0300][1173.577s][info ][gc] GC(37489) Pause Young (Allocation Failure) 102M->102M(109M) 15.589ms
[2020-08-10T13:03:54.047+0300][1173.593s][info ][gc] GC(37490) Pause Young (Allocation Failure) 103M->103M(109M) 15.738ms
[2020-08-10T13:03:54.063+0300][1173.609s][info ][gc] GC(37491) Pause Young (Allocation Failure) 104M->104M(109M) 15.715ms
[2020-08-10T13:03:54.080+0300][1173.626s][info ][gc] GC(37492) Pause Young (Allocation Failure) 105M->105M(109M) 15.679ms
[2020-08-10T13:03:54.096+0300][1173.642s][info ][gc] GC(37493) Pause Young (Allocation Failure) 106M->105M(109M) 15.816ms
[2020-08-10T13:03:54.113+0300][1173.659s][info ][gc] GC(37494) Pause Young (Allocation Failure) 106M->106M(109M) 16.416ms
[2020-08-10T13:03:54.386+0300][1173.932s][debug][gc] GC(37495) Expanding ParOldGen from 109568K by 11264K to 120832K
[2020-08-10T13:03:54.386+0300][1173.932s][info ][gc] GC(37495) Pause Full (Ergonomics) 106M->106M(120M) 272.843ms
[2020-08-10T13:03:54.400+0300][1173.946s][info ][gc] GC(37496) Pause Young (Allocation Failure) 107M->107M(120M) 13.248ms
[2020-08-10T13:03:54.416+0300][1173.962s][info ][gc] GC(37497) Pause Young (Allocation Failure) 108M->108M(120M) 15.769ms
[2020-08-10T13:03:54.433+0300][1173.979s][info ][gc] GC(37498) Pause Young (Allocation Failure) 109M->109M(120M) 15.822ms
[2020-08-10T13:03:54.449+0300][1173.995s][info ][gc] GC(37499) Pause Young (Allocation Failure) 110M->110M(120M) 15.785ms
[2020-08-10T13:03:54.466+0300][1174.012s][info ][gc] GC(37500) Pause Young (Allocation Failure) 111M->111M(120M) 16.089ms
[2020-08-10T13:03:54.483+0300][1174.029s][info ][gc] GC(37501) Pause Young (Allocation Failure) 112M->112M(120M) 16.218ms
[2020-08-10T13:03:54.499+0300][1174.045s][info ][gc] GC(37502) Pause Young (Allocation Failure) 113M->113M(120M) 16.041ms
[2020-08-10T13:03:54.516+0300][1174.062s][info ][gc] GC(37503) Pause Young (Allocation Failure) 114M->114M(120M) 16.372ms
[2020-08-10T13:03:54.533+0300][1174.079s][info ][gc] GC(37504) Pause Young (Allocation Failure) 115M->115M(120M) 16.367ms
[2020-08-10T13:03:54.550+0300][1174.096s][info ][gc] GC(37505) Pause Young (Allocation Failure) 116M->116M(120M) 16.673ms
[2020-08-10T13:03:54.575+0300][1174.121s][info ][gc] GC(37506) Pause Young (Allocation Failure) 117M->117M(120M) 24.014ms
[2020-08-10T13:03:54.592+0300][1174.138s][info ][gc] GC(37507) Pause Young (Allocation Failure) 118M->118M(120M) 16.585ms
[2020-08-10T13:03:54.868+0300][1174.414s][debug][gc] GC(37508) Expanding ParOldGen from 120832K by 11264K to 132096K
[2020-08-10T13:03:54.868+0300][1174.414s][info ][gc] GC(37508) Pause Full (Ergonomics) 118M->118M(131M) 275.766ms
[2020-08-10T13:03:54.900+0300][1174.446s][info ][gc] GC(37509) Pause Young (Allocation Failure) 119M->119M(131M) 31.170ms
[2020-08-10T13:03:54.918+0300][1174.464s][info ][gc] GC(37510) Pause Young (Allocation Failure) 120M->120M(131M) 17.395ms
[2020-08-10T13:03:54.936+0300][1174.482s][info ][gc] GC(37511) Pause Young (Allocation Failure) 121M->120M(131M) 17.648ms
[2020-08-10T13:03:54.954+0300][1174.499s][info ][gc] GC(37512) Pause Young (Allocation Failure) 121M->121M(131M) 17.169ms
[2020-08-10T13:03:54.972+0300][1174.518s][info ][gc] GC(37513) Pause Young (Allocation Failure) 122M->122M(131M) 17.746ms
[2020-08-10T13:03:54.990+0300][1174.536s][info ][gc] GC(37514) Pause Young (Allocation Failure) 123M->123M(131M) 17.954ms
[2020-08-10T13:03:55.008+0300][1174.554s][info ][gc] GC(37515) Pause Young (Allocation Failure) 124M->124M(131M) 17.380ms
[2020-08-10T13:03:55.027+0300][1174.572s][info ][gc] GC(37516) Pause Young (Allocation Failure) 125M->125M(131M) 17.914ms
[2020-08-10T13:03:55.045+0300][1174.591s][info ][gc] GC(37517) Pause Young (Allocation Failure) 126M->126M(131M) 18.321ms
[2020-08-10T13:03:55.064+0300][1174.610s][info ][gc] GC(37518) Pause Young (Allocation Failure) 127M->127M(131M) 18.002ms
[2020-08-10T13:03:55.083+0300][1174.628s][info ][gc] GC(37519) Pause Young (Allocation Failure) 128M->128M(131M) 18.245ms
[2020-08-10T13:03:55.102+0300][1174.647s][info ][gc] GC(37520) Pause Young (Allocation Failure) 129M->129M(131M) 18.380ms
[2020-08-10T13:03:55.486+0300][1175.032s][debug][gc] GC(37521) Expanding ParOldGen from 132096K by 11776K to 143872K
[2020-08-10T13:03:55.487+0300][1175.032s][info ][gc] GC(37521) Pause Full (Ergonomics) 129M->129M(143M) 384.810ms
[2020-08-10T13:03:55.520+0300][1175.066s][info ][gc] GC(37522) Pause Young (Allocation Failure) 130M->130M(143M) 32.990ms
[2020-08-10T13:03:55.539+0300][1175.085s][info ][gc] GC(37523) Pause Young (Allocation Failure) 131M->131M(143M) 18.246ms
[2020-08-10T13:03:55.558+0300][1175.104s][info ][gc] GC(37524) Pause Young (Allocation Failure) 132M->132M(143M) 18.351ms
[2020-08-10T13:03:55.598+0300][1175.144s][info ][gc] GC(37525) Pause Young (Allocation Failure) 133M->133M(143M) 39.900ms
[2020-08-10T13:03:55.617+0300][1175.163s][info ][gc] GC(37526) Pause Young (Allocation Failure) 134M->134M(143M) 18.561ms
[2020-08-10T13:03:55.636+0300][1175.182s][info ][gc] GC(37527) Pause Young (Allocation Failure) 135M->135M(143M) 18.306ms
[2020-08-10T13:03:55.636+0300][1175.182s][debug][gc] Expanding ParOldGen from 143872K by 19968K to 163840K
[2020-08-10T13:03:55.661+0300][1175.207s][info ][gc] GC(37528) Pause Young (Allocation Failure) 155M->155M(162M) 17.520ms
[2020-08-10T13:03:55.677+0300][1175.222s][info ][gc] GC(37529) Pause Young (Allocation Failure) 156M->156M(162M) 14.793ms
[2020-08-10T13:03:55.691+0300][1175.237s][info ][gc] GC(37530) Pause Young (Allocation Failure) 157M->157M(162M) 13.764ms
[2020-08-10T13:03:55.719+0300][1175.265s][info ][gc] GC(37531) Pause Young (Allocation Failure) 158M->157M(162M) 27.953ms
[2020-08-10T13:03:55.733+0300][1175.279s][info ][gc] GC(37532) Pause Young (Allocation Failure) 158M->158M(162M) 13.928ms
[2020-08-10T13:03:55.748+0300][1175.294s][info ][gc] GC(37533) Pause Young (Allocation Failure) 159M->159M(162M) 13.850ms
[2020-08-10T13:03:55.812+0300][1175.358s][debug][gc] GC(37534) Shrinking ParOldGen from 163840K by 125440K to 38400K
[2020-08-10T13:03:55.812+0300][1175.358s][info ][gc] GC(37534) Pause Full (Ergonomics) 159M->26M(40M) 64.045ms
[2020-08-10T13:03:55.841+0300][1175.387s][info ][gc] GC(37535) Pause Young (Allocation Failure) 27M->27M(40M) 28.013ms
[2020-08-10T13:03:55.862+0300][1175.408s][info ][gc] GC(37536) Pause Young (Allocation Failure) 28M->28M(40M) 20.751ms
[2020-08-10T13:03:55.876+0300][1175.422s][info ][gc] GC(37537) Pause Young (Allocation Failure) 29M->29M(40M) 13.392ms
[2020-08-10T13:03:55.890+0300][1175.436s][info ][gc] GC(37538) Pause Young (Allocation Failure) 30M->30M(40M) 13.362ms
[2020-08-10T13:03:55.904+0300][1175.450s][info ][gc] GC(37539) Pause Young (Allocation Failure) 31M->30M(40M) 13.464ms
[2020-08-10T13:03:55.918+0300][1175.464s][info ][gc] GC(37540) Pause Young (Allocation Failure) 31M->31M(40M) 13.460ms
[2020-08-10T13:03:55.932+0300][1175.478s][info ][gc] GC(37541) Pause Young (Allocation Failure) 32M->32M(40M) 13.472ms
[2020-08-10T13:03:55.946+0300][1175.492s][info ][gc] GC(37542) Pause Young (Allocation Failure) 33M->33M(40M) 13.501ms
[2020-08-10T13:03:55.960+0300][1175.506s][info ][gc] GC(37543) Pause Young (Allocation Failure) 34M->34M(39M) 13.493ms
[2020-08-10T13:03:55.974+0300][1175.520s][info ][gc] GC(37544) Pause Young (Allocation Failure) 35M->35M(39M) 13.596ms
[2020-08-10T13:03:55.988+0300][1175.534s][info ][gc] GC(37545) Pause Young (Allocation Failure) 36M->36M(39M) 13.505ms
[2020-08-10T13:03:56.002+0300][1175.548s][info ][gc] GC(37546) Pause Young (Allocation Failure) 37M->37M(40M) 13.240ms
[2020-08-10T13:03:56.069+0300][1175.615s][debug][gc] GC(37547) Expanding ParOldGen from 38400K by 11264K to 49664K
[2020-08-10T13:03:56.069+0300][1175.615s][info ][gc] GC(37547) Pause Full (Ergonomics) 37M->37M(51M) 66.608ms
[2020-08-10T13:03:56.087+0300][1175.633s][info ][gc] GC(37548) Pause Young (Allocation Failure) 38M->38M(51M) 17.272ms
[2020-08-10T13:03:56.101+0300][1175.647s][info ][gc] GC(37549) Pause Young (Allocation Failure) 39M->39M(51M) 13.688ms
[2020-08-10T13:03:56.115+0300][1175.661s][info ][gc] GC(37550) Pause Young (Allocation Failure) 40M->40M(51M) 13.524ms
[2020-08-10T13:03:56.129+0300][1175.675s][info ][gc] GC(37551) Pause Young (Allocation Failure) 41M->41M(51M) 13.565ms
[2020-08-10T13:03:56.143+0300][1175.689s][info ][gc] GC(37552) Pause Young (Allocation Failure) 42M->42M(51M) 13.496ms
[2020-08-10T13:03:56.157+0300][1175.703s][info ][gc] GC(37553) Pause Young (Allocation Failure) 43M->43M(51M) 13.484ms
[2020-08-10T13:03:56.171+0300][1175.717s][info ][gc] GC(37554) Pause Young (Allocation Failure) 44M->44M(51M) 13.526ms
[2020-08-10T13:03:56.185+0300][1175.731s][info ][gc] GC(37555) Pause Young (Allocation Failure) 45M->45M(51M) 13.556ms
[2020-08-10T13:03:56.200+0300][1175.745s][info ][gc] GC(37556) Pause Young (Allocation Failure) 46M->46M(51M) 13.577ms
[2020-08-10T13:03:56.213+0300][1175.759s][info ][gc] GC(37557) Pause Young (Allocation Failure) 47M->47M(51M) 13.409ms
[2020-08-10T13:03:56.228+0300][1175.774s][info ][gc] GC(37558) Pause Young (Allocation Failure) 48M->47M(51M) 13.607ms
[2020-08-10T13:03:56.242+0300][1175.788s][info ][gc] GC(37559) Pause Young (Allocation Failure) 48M->48M(51M) 13.589ms
[2020-08-10T13:03:56.346+0300][1175.892s][debug][gc] GC(37560) Expanding ParOldGen from 49664K by 11776K to 61440K
[2020-08-10T13:03:56.346+0300][1175.892s][info ][gc] GC(37560) Pause Full (Ergonomics) 48M->48M(62M) 104.057ms
[2020-08-10T13:03:56.366+0300][1175.912s][info ][gc] GC(37561) Pause Young (Allocation Failure) 49M->49M(62M) 19.751ms
[2020-08-10T13:03:56.380+0300][1175.926s][info ][gc] GC(37562) Pause Young (Allocation Failure) 50M->50M(62M) 13.600ms
[2020-08-10T13:03:56.394+0300][1175.940s][info ][gc] GC(37563) Pause Young (Allocation Failure) 51M->51M(62M) 13.570ms
[2020-08-10T13:03:56.408+0300][1175.954s][info ][gc] GC(37564) Pause Young (Allocation Failure) 52M->52M(62M) 13.618ms
[2020-08-10T13:03:56.422+0300][1175.968s][info ][gc] GC(37565) Pause Young (Allocation Failure) 53M->53M(62M) 13.693ms
[2020-08-10T13:03:56.437+0300][1175.983s][info ][gc] GC(37566) Pause Young (Allocation Failure) 54M->54M(62M) 13.699ms
[2020-08-10T13:03:56.451+0300][1175.997s][info ][gc] GC(37567) Pause Young (Allocation Failure) 55M->55M(62M) 13.633ms
[2020-08-10T13:03:56.465+0300][1176.011s][info ][gc] GC(37568) Pause Young (Allocation Failure) 56M->56M(62M) 13.652ms
[2020-08-10T13:03:56.479+0300][1176.025s][info ][gc] GC(37569) Pause Young (Allocation Failure) 57M->57M(62M) 13.664ms
[2020-08-10T13:03:56.493+0300][1176.039s][info ][gc] GC(37570) Pause Young (Allocation Failure) 58M->58M(62M) 13.612ms
[2020-08-10T13:03:56.507+0300][1176.053s][info ][gc] GC(37571) Pause Young (Allocation Failure) 59M->59M(62M) 13.663ms
[2020-08-10T13:03:56.522+0300][1176.067s][info ][gc] GC(37572) Pause Young (Allocation Failure) 60M->60M(62M) 13.655ms
[2020-08-10T13:03:56.647+0300][1176.193s][debug][gc] GC(37573) Expanding ParOldGen from 61440K by 11264K to 72704K
[2020-08-10T13:03:56.648+0300][1176.193s][info ][gc] GC(37573) Pause Full (Ergonomics) 60M->60M(73M) 125.787ms
[2020-08-10T13:03:56.672+0300][1176.218s][info ][gc] GC(37574) Pause Young (Allocation Failure) 61M->61M(73M) 23.847ms
[2020-08-10T13:03:56.686+0300][1176.232s][info ][gc] GC(37575) Pause Young (Allocation Failure) 62M->61M(73M) 13.762ms
[2020-08-10T13:03:56.701+0300][1176.247s][info ][gc] GC(37576) Pause Young (Allocation Failure) 62M->62M(73M) 13.673ms
[2020-08-10T13:03:56.715+0300][1176.261s][info ][gc] GC(37577) Pause Young (Allocation Failure) 63M->63M(73M) 13.751ms
[2020-08-10T13:03:56.729+0300][1176.275s][info ][gc] GC(37578) Pause Young (Allocation Failure) 64M->64M(73M) 13.713ms
[2020-08-10T13:03:56.743+0300][1176.289s][info ][gc] GC(37579) Pause Young (Allocation Failure) 65M->65M(73M) 13.688ms
[2020-08-10T13:03:56.758+0300][1176.303s][info ][gc] GC(37580) Pause Young (Allocation Failure) 66M->66M(73M) 13.635ms
[2020-08-10T13:03:56.772+0300][1176.318s][info ][gc] GC(37581) Pause Young (Allocation Failure) 67M->67M(73M) 13.772ms
[2020-08-10T13:03:56.786+0300][1176.332s][info ][gc] GC(37582) Pause Young (Allocation Failure) 68M->68M(73M) 13.755ms
[2020-08-10T13:03:56.801+0300][1176.347s][info ][gc] GC(37583) Pause Young (Allocation Failure) 69M->69M(73M) 14.024ms
[2020-08-10T13:03:56.815+0300][1176.361s][info ][gc] GC(37584) Pause Young (Allocation Failure) 70M->70M(73M) 13.696ms
[2020-08-10T13:03:56.829+0300][1176.375s][info ][gc] GC(37585) Pause Young (Allocation Failure) 71M->71M(73M) 13.751ms
[2020-08-10T13:03:56.988+0300][1176.534s][debug][gc] GC(37586) Expanding ParOldGen from 72704K by 11776K to 84480K
[2020-08-10T13:03:56.988+0300][1176.534s][info ][gc] GC(37586) Pause Full (Ergonomics) 71M->71M(84M) 158.604ms
[2020-08-10T13:03:57.017+0300][1176.563s][info ][gc] GC(37587) Pause Young (Allocation Failure) 72M->72M(84M) 28.663ms
[2020-08-10T13:03:57.031+0300][1176.577s][info ][gc] GC(37588) Pause Young (Allocation Failure) 73M->73M(84M) 13.755ms
[2020-08-10T13:03:57.046+0300][1176.592s][info ][gc] GC(37589) Pause Young (Allocation Failure) 74M->74M(84M) 13.767ms
[2020-08-10T13:03:57.060+0300][1176.606s][info ][gc] GC(37590) Pause Young (Allocation Failure) 75M->75M(84M) 13.803ms
[2020-08-10T13:03:57.075+0300][1176.621s][info ][gc] GC(37591) Pause Young (Allocation Failure) 76M->76M(84M) 13.791ms
[2020-08-10T13:03:57.089+0300][1176.635s][info ][gc] GC(37592) Pause Young (Allocation Failure) 77M->77M(84M) 13.830ms
[2020-08-10T13:03:57.103+0300][1176.649s][info ][gc] GC(37593) Pause Young (Allocation Failure) 78M->78M(84M) 13.768ms
[2020-08-10T13:03:57.118+0300][1176.664s][info ][gc] GC(37594) Pause Young (Allocation Failure) 79M->78M(84M) 13.794ms
[2020-08-10T13:03:57.132+0300][1176.678s][info ][gc] GC(37595) Pause Young (Allocation Failure) 79M->79M(84M) 13.795ms
[2020-08-10T13:03:57.147+0300][1176.693s][info ][gc] GC(37596) Pause Young (Allocation Failure) 80M->80M(84M) 14.143ms
[2020-08-10T13:03:57.161+0300][1176.707s][info ][gc] GC(37597) Pause Young (Allocation Failure) 81M->81M(84M) 13.814ms
[2020-08-10T13:03:57.175+0300][1176.721s][info ][gc] GC(37598) Pause Young (Allocation Failure) 82M->82M(84M) 13.787ms
[2020-08-10T13:03:57.363+0300][1176.909s][debug][gc] GC(37599) Expanding ParOldGen from 84480K by 11264K to 95744K
[2020-08-10T13:03:57.364+0300][1176.910s][info ][gc] GC(37599) Pause Full (Ergonomics) 82M->82M(95M) 188.053ms
[2020-08-10T13:03:57.395+0300][1176.941s][info ][gc] GC(37600) Pause Young (Allocation Failure) 83M->83M(95M) 30.606ms
[2020-08-10T13:03:57.409+0300][1176.955s][info ][gc] GC(37601) Pause Young (Allocation Failure) 84M->84M(95M) 14.078ms
[2020-08-10T13:03:57.424+0300][1176.970s][info ][gc] GC(37602) Pause Young (Allocation Failure) 85M->85M(95M) 14.109ms
[2020-08-10T13:03:57.439+0300][1176.985s][info ][gc] GC(37603) Pause Young (Allocation Failure) 86M->86M(95M) 14.174ms
[2020-08-10T13:03:57.454+0300][1177.000s][info ][gc] GC(37604) Pause Young (Allocation Failure) 87M->87M(95M) 14.279ms
[2020-08-10T13:03:57.468+0300][1177.014s][info ][gc] GC(37605) Pause Young (Allocation Failure) 88M->88M(95M) 14.367ms
[2020-08-10T13:03:57.484+0300][1177.030s][info ][gc] GC(37606) Pause Young (Allocation Failure) 89M->89M(95M) 14.714ms
[2020-08-10T13:03:57.499+0300][1177.045s][info ][gc] GC(37607) Pause Young (Allocation Failure) 90M->90M(95M) 14.519ms
[2020-08-10T13:03:57.514+0300][1177.060s][info ][gc] GC(37608) Pause Young (Allocation Failure) 91M->91M(96M) 14.627ms
[2020-08-10T13:03:57.529+0300][1177.075s][info ][gc] GC(37609) Pause Young (Allocation Failure) 92M->92M(96M) 14.594ms
[2020-08-10T13:03:57.544+0300][1177.090s][info ][gc] GC(37610) Pause Young (Allocation Failure) 93M->93M(96M) 14.754ms
[2020-08-10T13:03:57.560+0300][1177.106s][info ][gc] GC(37611) Pause Young (Allocation Failure) 94M->94M(96M) 14.814ms
[2020-08-10T13:03:57.842+0300][1177.388s][debug][gc] GC(37612) Expanding ParOldGen from 95744K by 11264K to 107008K
[2020-08-10T13:03:57.843+0300][1177.389s][info ][gc] GC(37612) Pause Full (Ergonomics) 94M->93M(107M) 282.668ms
[2020-08-10T13:03:57.877+0300][1177.423s][info ][gc] GC(37613) Pause Young (Allocation Failure) 94M->94M(107M) 34.249ms
[2020-08-10T13:03:57.893+0300][1177.439s][info ][gc] GC(37614) Pause Young (Allocation Failure) 95M->95M(107M) 15.257ms
[2020-08-10T13:03:57.909+0300][1177.455s][info ][gc] GC(37615) Pause Young (Allocation Failure) 96M->96M(107M) 15.281ms
[2020-08-10T13:03:57.925+0300][1177.471s][info ][gc] GC(37616) Pause Young (Allocation Failure) 97M->97M(107M) 15.299ms
[2020-08-10T13:03:57.941+0300][1177.487s][info ][gc] GC(37617) Pause Young (Allocation Failure) 98M->98M(107M) 15.415ms
[2020-08-10T13:03:57.957+0300][1177.503s][info ][gc] GC(37618) Pause Young (Allocation Failure) 99M->99M(107M) 15.481ms
[2020-08-10T13:03:57.973+0300][1177.519s][info ][gc] GC(37619) Pause Young (Allocation Failure) 100M->100M(107M) 15.575ms
[2020-08-10T13:03:57.989+0300][1177.535s][info ][gc] GC(37620) Pause Young (Allocation Failure) 101M->101M(107M) 15.545ms
[2020-08-10T13:03:58.006+0300][1177.552s][info ][gc] GC(37621) Pause Young (Allocation Failure) 102M->102M(107M) 15.715ms
[2020-08-10T13:03:58.022+0300][1177.568s][info ][gc] GC(37622) Pause Young (Allocation Failure) 103M->103M(107M) 15.716ms
[2020-08-10T13:03:58.038+0300][1177.584s][info ][gc] GC(37623) Pause Young (Allocation Failure) 104M->104M(107M) 15.902ms
[2020-08-10T13:03:58.055+0300][1177.601s][info ][gc] GC(37624) Pause Young (Allocation Failure) 105M->105M(107M) 15.822ms
[2020-08-10T13:03:58.307+0300][1177.853s][debug][gc] GC(37625) Expanding ParOldGen from 107008K by 11264K to 118272K
[2020-08-10T13:03:58.307+0300][1177.853s][info ][gc] GC(37625) Pause Full (Ergonomics) 105M->105M(118M) 252.265ms
[2020-08-10T13:03:58.344+0300][1177.890s][info ][gc] GC(37626) Pause Young (Allocation Failure) 106M->106M(118M) 36.531ms
[2020-08-10T13:03:58.361+0300][1177.907s][info ][gc] GC(37627) Pause Young (Allocation Failure) 107M->107M(118M) 16.117ms
[2020-08-10T13:03:58.378+0300][1177.924s][info ][gc] GC(37628) Pause Young (Allocation Failure) 108M->108M(118M) 16.023ms
[2020-08-10T13:03:58.394+0300][1177.940s][info ][gc] GC(37629) Pause Young (Allocation Failure) 109M->109M(118M) 16.216ms
[2020-08-10T13:03:58.411+0300][1177.957s][info ][gc] GC(37630) Pause Young (Allocation Failure) 110M->110M(118M) 16.383ms
[2020-08-10T13:03:58.428+0300][1177.974s][info ][gc] GC(37631) Pause Young (Allocation Failure) 111M->110M(118M) 16.311ms
[2020-08-10T13:03:58.445+0300][1177.991s][info ][gc] GC(37632) Pause Young (Allocation Failure) 111M->111M(118M) 16.593ms
[2020-08-10T13:03:58.462+0300][1178.009s][info ][gc] GC(37633) Pause Young (Allocation Failure) 112M->112M(118M) 16.673ms
[2020-08-10T13:03:58.480+0300][1178.026s][info ][gc] GC(37634) Pause Young (Allocation Failure) 113M->113M(118M) 16.582ms
[2020-08-10T13:03:58.497+0300][1178.043s][info ][gc] GC(37635) Pause Young (Allocation Failure) 114M->114M(118M) 16.773ms
[2020-08-10T13:03:58.514+0300][1178.060s][info ][gc] GC(37636) Pause Young (Allocation Failure) 115M->115M(118M) 16.838ms
[2020-08-10T13:03:58.794+0300][1178.340s][debug][gc] GC(37637) Expanding ParOldGen from 118272K by 11264K to 129536K
[2020-08-10T13:03:58.794+0300][1178.340s][info ][gc] GC(37637) Pause Full (Ergonomics) 115M->115M(129M) 279.362ms
[2020-08-10T13:03:58.825+0300][1178.371s][info ][gc] GC(37638) Pause Young (Allocation Failure) 116M->116M(129M) 30.821ms
[2020-08-10T13:03:58.873+0300][1178.419s][info ][gc] GC(37639) Pause Young (Allocation Failure) 117M->117M(129M) 47.374ms
[2020-08-10T13:03:58.891+0300][1178.437s][info ][gc] GC(37640) Pause Young (Allocation Failure) 118M->118M(129M) 17.516ms
[2020-08-10T13:03:58.909+0300][1178.455s][info ][gc] GC(37641) Pause Young (Allocation Failure) 119M->119M(129M) 17.462ms
[2020-08-10T13:03:58.927+0300][1178.473s][info ][gc] GC(37642) Pause Young (Allocation Failure) 120M->120M(129M) 17.525ms
[2020-08-10T13:03:58.945+0300][1178.492s][info ][gc] GC(37643) Pause Young (Allocation Failure) 121M->121M(129M) 17.537ms
[2020-08-10T13:03:58.964+0300][1178.510s][info ][gc] GC(37644) Pause Young (Allocation Failure) 122M->122M(129M) 17.664ms
[2020-08-10T13:03:58.982+0300][1178.528s][info ][gc] GC(37645) Pause Young (Allocation Failure) 123M->123M(129M) 17.824ms
[2020-08-10T13:03:59.000+0300][1178.547s][info ][gc] GC(37646) Pause Young (Allocation Failure) 124M->124M(129M) 17.923ms
[2020-08-10T13:03:59.019+0300][1178.565s][info ][gc] GC(37647) Pause Young (Allocation Failure) 125M->125M(129M) 17.577ms
[2020-08-10T13:03:59.064+0300][1178.610s][info ][gc] GC(37648) Pause Young (Allocation Failure) 126M->126M(129M) 44.683ms
[2020-08-10T13:03:59.082+0300][1178.628s][info ][gc] GC(37649) Pause Young (Allocation Failure) 127M->127M(129M) 18.246ms
[2020-08-10T13:03:59.414+0300][1178.960s][debug][gc] GC(37650) Expanding ParOldGen from 129536K by 11264K to 140800K
[2020-08-10T13:03:59.414+0300][1178.960s][info ][gc] GC(37650) Pause Full (Ergonomics) 127M->126M(140M) 331.743ms
[2020-08-10T13:03:59.447+0300][1178.994s][info ][gc] GC(37651) Pause Young (Allocation Failure) 127M->127M(140M) 32.750ms
[2020-08-10T13:03:59.467+0300][1179.013s][info ][gc] GC(37652) Pause Young (Allocation Failure) 128M->128M(140M) 18.662ms
[2020-08-10T13:03:59.485+0300][1179.031s][info ][gc] GC(37653) Pause Young (Allocation Failure) 129M->129M(140M) 17.889ms
[2020-08-10T13:03:59.503+0300][1179.049s][info ][gc] GC(37654) Pause Young (Allocation Failure) 130M->130M(140M) 18.008ms
[2020-08-10T13:03:59.522+0300][1179.068s][info ][gc] GC(37655) Pause Young (Allocation Failure) 131M->131M(140M) 18.049ms
[2020-08-10T13:03:59.540+0300][1179.086s][info ][gc] GC(37656) Pause Young (Allocation Failure) 132M->132M(140M) 18.015ms
[2020-08-10T13:03:59.559+0300][1179.105s][info ][gc] GC(37657) Pause Young (Allocation Failure) 133M->133M(140M) 18.333ms
[2020-08-10T13:03:59.577+0300][1179.123s][info ][gc] GC(37658) Pause Young (Allocation Failure) 134M->134M(140M) 17.997ms
[2020-08-10T13:03:59.596+0300][1179.142s][info ][gc] GC(37659) Pause Young (Allocation Failure) 135M->135M(140M) 18.492ms
[2020-08-10T13:03:59.596+0300][1179.142s][debug][gc] Expanding ParOldGen from 140800K by 19968K to 160768K
[2020-08-10T13:03:59.620+0300][1179.167s][info ][gc] GC(37660) Pause Young (Allocation Failure) 155M->155M(159M) 16.418ms
[2020-08-10T13:03:59.634+0300][1179.180s][info ][gc] GC(37661) Pause Young (Allocation Failure) 156M->156M(159M) 13.482ms
[2020-08-10T13:03:59.648+0300][1179.194s][info ][gc] GC(37662) Pause Young (Allocation Failure) 157M->157M(159M) 13.634ms
[2020-08-10T13:03:59.683+0300][1179.229s][debug][gc] GC(37663) Shrinking ParOldGen from 160768K by 124928K to 35840K
[2020-08-10T13:03:59.683+0300][1179.229s][info ][gc] GC(37663) Pause Full (Ergonomics) 157M->23M(37M) 34.496ms
[2020-08-10T13:03:59.696+0300][1179.242s][info ][gc] GC(37664) Pause Young (Allocation Failure) 24M->24M(37M) 12.839ms
[2020-08-10T13:03:59.710+0300][1179.256s][info ][gc] GC(37665) Pause Young (Allocation Failure) 25M->25M(37M) 13.305ms
[2020-08-10T13:03:59.724+0300][1179.270s][info ][gc] GC(37666) Pause Young (Allocation Failure) 26M->26M(37M) 13.255ms
[2020-08-10T13:03:59.737+0300][1179.283s][info ][gc] GC(37667) Pause Young (Allocation Failure) 27M->27M(37M) 13.188ms
[2020-08-10T13:03:59.751+0300][1179.297s][info ][gc] GC(37668) Pause Young (Allocation Failure) 28M->28M(37M) 13.281ms
[2020-08-10T13:03:59.765+0300][1179.311s][info ][gc] GC(37669) Pause Young (Allocation Failure) 29M->29M(37M) 13.453ms
[2020-08-10T13:03:59.779+0300][1179.325s][info ][gc] GC(37670) Pause Young (Allocation Failure) 30M->30M(37M) 13.399ms
[2020-08-10T13:03:59.793+0300][1179.339s][info ][gc] GC(37671) Pause Young (Allocation Failure) 31M->31M(37M) 13.367ms
[2020-08-10T13:03:59.807+0300][1179.353s][info ][gc] GC(37672) Pause Young (Allocation Failure) 32M->32M(37M) 13.501ms
[2020-08-10T13:03:59.821+0300][1179.367s][info ][gc] GC(37673) Pause Young (Allocation Failure) 33M->33M(37M) 13.620ms
[2020-08-10T13:03:59.834+0300][1179.381s][info ][gc] GC(37674) Pause Young (Allocation Failure) 34M->34M(37M) 13.247ms
[2020-08-10T13:03:59.848+0300][1179.394s][info ][gc] GC(37675) Pause Young (Allocation Failure) 35M->35M(37M) 13.236ms
[2020-08-10T13:03:59.906+0300][1179.452s][debug][gc] GC(37676) Expanding ParOldGen from 35840K by 11264K to 47104K
[2020-08-10T13:03:59.906+0300][1179.452s][info ][gc] GC(37676) Pause Full (Ergonomics) 35M->35M(48M) 57.551ms
[2020-08-10T13:03:59.925+0300][1179.471s][info ][gc] GC(37677) Pause Young (Allocation Failure) 36M->35M(48M) 18.322ms
[2020-08-10T13:03:59.939+0300][1179.485s][info ][gc] GC(37678) Pause Young (Allocation Failure) 36M->36M(48M) 13.414ms
[2020-08-10T13:03:59.953+0300][1179.499s][info ][gc] GC(37679) Pause Young (Allocation Failure) 37M->37M(48M) 13.472ms
[2020-08-10T13:03:59.966+0300][1179.512s][info ][gc] GC(37680) Pause Young (Allocation Failure) 38M->38M(48M) 13.360ms
[2020-08-10T13:03:59.980+0300][1179.526s][info ][gc] GC(37681) Pause Young (Allocation Failure) 39M->39M(48M) 13.398ms
[2020-08-10T13:03:59.994+0300][1179.540s][info ][gc] GC(37682) Pause Young (Allocation Failure) 40M->40M(48M) 13.388ms
[2020-08-10T13:04:00.008+0300][1179.554s][info ][gc] GC(37683) Pause Young (Allocation Failure) 41M->41M(48M) 13.512ms
[2020-08-10T13:04:00.022+0300][1179.568s][info ][gc] GC(37684) Pause Young (Allocation Failure) 42M->42M(48M) 13.514ms
[2020-08-10T13:04:00.036+0300][1179.582s][info ][gc] GC(37685) Pause Young (Allocation Failure) 43M->43M(48M) 13.257ms
[2020-08-10T13:04:00.058+0300][1179.604s][info ][gc] GC(37686) Pause Young (Allocation Failure) 44M->44M(48M) 22.145ms
[2020-08-10T13:04:00.072+0300][1179.619s][info ][gc] GC(37687) Pause Young (Allocation Failure) 45M->45M(48M) 13.494ms
[2020-08-10T13:04:00.098+0300][1179.644s][info ][gc] GC(37688) Pause Young (Allocation Failure) 46M->46M(48M) 25.343ms
[2020-08-10T13:04:00.188+0300][1179.734s][debug][gc] GC(37689) Expanding ParOldGen from 47104K by 11264K to 58368K
[2020-08-10T13:04:00.188+0300][1179.734s][info ][gc] GC(37689) Pause Full (Ergonomics) 46M->46M(59M) 89.725ms
[2020-08-10T13:04:00.208+0300][1179.754s][info ][gc] GC(37690) Pause Young (Allocation Failure) 47M->47M(59M) 19.323ms
[2020-08-10T13:04:00.223+0300][1179.768s][info ][gc] GC(37691) Pause Young (Allocation Failure) 48M->48M(59M) 13.639ms
[2020-08-10T13:04:00.238+0300][1179.783s][info ][gc] GC(37692) Pause Young (Allocation Failure) 49M->49M(59M) 13.684ms
[2020-08-10T13:04:00.251+0300][1179.797s][info ][gc] GC(37693) Pause Young (Allocation Failure) 50M->50M(59M) 13.383ms
[2020-08-10T13:04:00.265+0300][1179.810s][info ][gc] GC(37694) Pause Young (Allocation Failure) 51M->51M(59M) 13.390ms
[2020-08-10T13:04:00.279+0300][1179.824s][info ][gc] GC(37695) Pause Young (Allocation Failure) 52M->52M(59M) 13.427ms
[2020-08-10T13:04:00.293+0300][1179.838s][info ][gc] GC(37696) Pause Young (Allocation Failure) 53M->52M(59M) 13.418ms
[2020-08-10T13:04:00.307+0300][1179.852s][info ][gc] GC(37697) Pause Young (Allocation Failure) 53M->53M(59M) 13.532ms
[2020-08-10T13:04:00.321+0300][1179.866s][info ][gc] GC(37698) Pause Young (Allocation Failure) 54M->54M(59M) 13.610ms
[2020-08-10T13:04:00.335+0300][1179.880s][info ][gc] GC(37699) Pause Young (Allocation Failure) 55M->55M(59M) 13.664ms
[2020-08-10T13:04:00.349+0300][1179.894s][info ][gc] GC(37700) Pause Young (Allocation Failure) 56M->56M(59M) 13.672ms
[2020-08-10T13:04:00.363+0300][1179.908s][info ][gc] GC(37701) Pause Young (Allocation Failure) 57M->57M(59M) 13.615ms
[2020-08-10T13:04:00.481+0300][1180.026s][debug][gc] GC(37702) Expanding ParOldGen from 58368K by 11264K to 69632K
[2020-08-10T13:04:00.481+0300][1180.027s][info ][gc] GC(37702) Pause Full (Ergonomics) 57M->57M(70M) 117.906ms
[2020-08-10T13:04:00.506+0300][1180.051s][info ][gc] GC(37703) Pause Young (Allocation Failure) 58M->58M(70M) 24.040ms
[2020-08-10T13:04:00.520+0300][1180.065s][info ][gc] GC(37704) Pause Young (Allocation Failure) 59M->59M(70M) 13.763ms
[2020-08-10T13:04:00.534+0300][1180.080s][info ][gc] GC(37705) Pause Young (Allocation Failure) 60M->60M(70M) 13.654ms
[2020-08-10T13:04:00.549+0300][1180.094s][info ][gc] GC(37706) Pause Young (Allocation Failure) 61M->61M(70M) 13.654ms
[2020-08-10T13:04:00.563+0300][1180.108s][info ][gc] GC(37707) Pause Young (Allocation Failure) 62M->62M(70M) 13.671ms
[2020-08-10T13:04:00.585+0300][1180.130s][info ][gc] GC(37708) Pause Young (Allocation Failure) 63M->63M(70M) 22.042ms
[2020-08-10T13:04:00.600+0300][1180.145s][info ][gc] GC(37709) Pause Young (Allocation Failure) 64M->64M(70M) 13.721ms
[2020-08-10T13:04:00.614+0300][1180.159s][info ][gc] GC(37710) Pause Young (Allocation Failure) 65M->65M(70M) 13.766ms
[2020-08-10T13:04:00.628+0300][1180.173s][info ][gc] GC(37711) Pause Young (Allocation Failure) 66M->66M(70M) 13.760ms
[2020-08-10T13:04:00.642+0300][1180.187s][info ][gc] GC(37712) Pause Young (Allocation Failure) 67M->67M(70M) 13.643ms
[2020-08-10T13:04:00.656+0300][1180.201s][info ][gc] GC(37713) Pause Young (Allocation Failure) 68M->68M(70M) 13.481ms
[2020-08-10T13:04:00.805+0300][1180.350s][debug][gc] GC(37714) Expanding ParOldGen from 69632K by 11264K to 80896K
[2020-08-10T13:04:00.805+0300][1180.350s][info ][gc] GC(37714) Pause Full (Ergonomics) 68M->67M(81M) 148.334ms
[2020-08-10T13:04:00.818+0300][1180.363s][info ][gc] GC(37715) Pause Young (Allocation Failure) 68M->68M(81M) 13.124ms
[2020-08-10T13:04:00.832+0300][1180.377s][info ][gc] GC(37716) Pause Young (Allocation Failure) 69M->69M(81M) 13.420ms
[2020-08-10T13:04:00.846+0300][1180.391s][info ][gc] GC(37717) Pause Young (Allocation Failure) 70M->70M(81M) 13.576ms
[2020-08-10T13:04:00.860+0300][1180.405s][info ][gc] GC(37718) Pause Young (Allocation Failure) 71M->71M(81M) 13.479ms
[2020-08-10T13:04:00.874+0300][1180.420s][info ][gc] GC(37719) Pause Young (Allocation Failure) 72M->72M(81M) 13.598ms
[2020-08-10T13:04:00.888+0300][1180.434s][info ][gc] GC(37720) Pause Young (Allocation Failure) 73M->73M(81M) 13.538ms
[2020-08-10T13:04:00.902+0300][1180.448s][info ][gc] GC(37721) Pause Young (Allocation Failure) 74M->74M(81M) 13.549ms
[2020-08-10T13:04:00.916+0300][1180.462s][info ][gc] GC(37722) Pause Young (Allocation Failure) 75M->75M(81M) 13.598ms
[2020-08-10T13:04:00.930+0300][1180.476s][info ][gc] GC(37723) Pause Young (Allocation Failure) 76M->76M(81M) 13.540ms
[2020-08-10T13:04:00.945+0300][1180.490s][info ][gc] GC(37724) Pause Young (Allocation Failure) 77M->77M(81M) 13.554ms
[2020-08-10T13:04:00.959+0300][1180.504s][info ][gc] GC(37725) Pause Young (Allocation Failure) 78M->78M(81M) 13.501ms
[2020-08-10T13:04:00.973+0300][1180.518s][info ][gc] GC(37726) Pause Young (Allocation Failure) 79M->79M(81M) 13.557ms
[2020-08-10T13:04:01.151+0300][1180.696s][debug][gc] GC(37727) Expanding ParOldGen from 80896K by 11264K to 92160K
[2020-08-10T13:04:01.151+0300][1180.696s][info ][gc] GC(37727) Pause Full (Ergonomics) 79M->79M(92M) 178.252ms
[2020-08-10T13:04:01.181+0300][1180.726s][info ][gc] GC(37728) Pause Young (Allocation Failure) 80M->80M(92M) 29.769ms
[2020-08-10T13:04:01.196+0300][1180.741s][info ][gc] GC(37729) Pause Young (Allocation Failure) 81M->81M(92M) 13.834ms
[2020-08-10T13:04:01.210+0300][1180.755s][info ][gc] GC(37730) Pause Young (Allocation Failure) 82M->82M(92M) 13.748ms
[2020-08-10T13:04:01.225+0300][1180.770s][info ][gc] GC(37731) Pause Young (Allocation Failure) 83M->83M(92M) 13.921ms
[2020-08-10T13:04:01.239+0300][1180.784s][info ][gc] GC(37732) Pause Young (Allocation Failure) 84M->83M(92M) 13.998ms
[2020-08-10T13:04:01.254+0300][1180.799s][info ][gc] GC(37733) Pause Young (Allocation Failure) 84M->84M(92M) 14.020ms
[2020-08-10T13:04:01.268+0300][1180.813s][info ][gc] GC(37734) Pause Young (Allocation Failure) 85M->85M(92M) 14.032ms
[2020-08-10T13:04:01.283+0300][1180.828s][info ][gc] GC(37735) Pause Young (Allocation Failure) 86M->86M(92M) 14.519ms
[2020-08-10T13:04:01.298+0300][1180.843s][info ][gc] GC(37736) Pause Young (Allocation Failure) 87M->87M(92M) 14.286ms
[2020-08-10T13:04:01.313+0300][1180.858s][info ][gc] GC(37737) Pause Young (Allocation Failure) 88M->88M(92M) 14.262ms
[2020-08-10T13:04:01.328+0300][1180.873s][info ][gc] GC(37738) Pause Young (Allocation Failure) 89M->89M(92M) 14.386ms
[2020-08-10T13:04:01.343+0300][1180.888s][info ][gc] GC(37739) Pause Young (Allocation Failure) 90M->90M(92M) 14.507ms
[2020-08-10T13:04:01.552+0300][1181.097s][debug][gc] GC(37740) Expanding ParOldGen from 92160K by 11264K to 103424K
[2020-08-10T13:04:01.552+0300][1181.097s][info ][gc] GC(37740) Pause Full (Ergonomics) 90M->90M(103M) 209.088ms
[2020-08-10T13:04:01.586+0300][1181.131s][info ][gc] GC(37741) Pause Young (Allocation Failure) 91M->91M(103M) 33.454ms
[2020-08-10T13:04:01.601+0300][1181.146s][info ][gc] GC(37742) Pause Young (Allocation Failure) 92M->92M(103M) 14.787ms
[2020-08-10T13:04:01.616+0300][1181.162s][info ][gc] GC(37743) Pause Young (Allocation Failure) 93M->93M(103M) 14.764ms
[2020-08-10T13:04:01.632+0300][1181.177s][info ][gc] GC(37744) Pause Young (Allocation Failure) 94M->94M(103M) 14.971ms
[2020-08-10T13:04:01.648+0300][1181.193s][info ][gc] GC(37745) Pause Young (Allocation Failure) 95M->95M(103M) 15.246ms
[2020-08-10T13:04:01.675+0300][1181.220s][info ][gc] GC(37746) Pause Young (Allocation Failure) 96M->96M(103M) 26.911ms
[2020-08-10T13:04:01.691+0300][1181.236s][info ][gc] GC(37747) Pause Young (Allocation Failure) 97M->97M(103M) 15.097ms
[2020-08-10T13:04:01.707+0300][1181.252s][info ][gc] GC(37748) Pause Young (Allocation Failure) 98M->98M(103M) 15.474ms
[2020-08-10T13:04:01.723+0300][1181.268s][info ][gc] GC(37749) Pause Young (Allocation Failure) 99M->99M(103M) 15.281ms
[2020-08-10T13:04:01.739+0300][1181.284s][info ][gc] GC(37750) Pause Young (Allocation Failure) 100M->100M(103M) 15.578ms
[2020-08-10T13:04:01.756+0300][1181.301s][info ][gc] GC(37751) Pause Young (Allocation Failure) 101M->101M(103M) 15.959ms
[2020-08-10T13:04:01.998+0300][1181.544s][debug][gc] GC(37752) Expanding ParOldGen from 103424K by 11264K to 114688K
[2020-08-10T13:04:01.999+0300][1181.544s][info ][gc] GC(37752) Pause Full (Ergonomics) 101M->100M(114M) 242.660ms
[2020-08-10T13:04:02.012+0300][1181.557s][info ][gc] GC(37753) Pause Young (Allocation Failure) 101M->101M(114M) 13.236ms
[2020-08-10T13:04:02.028+0300][1181.573s][info ][gc] GC(37754) Pause Young (Allocation Failure) 102M->102M(114M) 15.386ms
[2020-08-10T13:04:02.045+0300][1181.590s][info ][gc] GC(37755) Pause Young (Allocation Failure) 103M->103M(114M) 15.831ms
[2020-08-10T13:04:02.061+0300][1181.606s][info ][gc] GC(37756) Pause Young (Allocation Failure) 104M->104M(114M) 15.361ms
[2020-08-10T13:04:02.077+0300][1181.622s][info ][gc] GC(37757) Pause Young (Allocation Failure) 105M->105M(114M) 15.623ms
[2020-08-10T13:04:02.093+0300][1181.638s][info ][gc] GC(37758) Pause Young (Allocation Failure) 106M->106M(114M) 15.795ms
[2020-08-10T13:04:02.110+0300][1181.655s][info ][gc] GC(37759) Pause Young (Allocation Failure) 107M->107M(114M) 15.793ms
[2020-08-10T13:04:02.126+0300][1181.671s][info ][gc] GC(37760) Pause Young (Allocation Failure) 108M->108M(114M) 15.938ms
[2020-08-10T13:04:02.142+0300][1181.687s][info ][gc] GC(37761) Pause Young (Allocation Failure) 109M->109M(114M) 15.724ms
[2020-08-10T13:04:02.159+0300][1181.704s][info ][gc] GC(37762) Pause Young (Allocation Failure) 110M->110M(114M) 16.106ms
[2020-08-10T13:04:02.176+0300][1181.721s][info ][gc] GC(37763) Pause Young (Allocation Failure) 111M->111M(113M) 16.449ms
[2020-08-10T13:04:02.451+0300][1181.996s][debug][gc] GC(37764) Expanding ParOldGen from 114688K by 10752K to 125440K
[2020-08-10T13:04:02.451+0300][1181.997s][info ][gc] GC(37764) Pause Full (Ergonomics) 111M->111M(125M) 275.291ms
[2020-08-10T13:04:02.466+0300][1182.011s][info ][gc] GC(37765) Pause Young (Allocation Failure) 112M->112M(125M) 13.874ms
[2020-08-10T13:04:02.483+0300][1182.028s][info ][gc] GC(37766) Pause Young (Allocation Failure) 113M->113M(125M) 16.652ms
[2020-08-10T13:04:02.500+0300][1182.045s][info ][gc] GC(37767) Pause Young (Allocation Failure) 114M->114M(125M) 16.546ms
[2020-08-10T13:04:02.517+0300][1182.062s][info ][gc] GC(37768) Pause Young (Allocation Failure) 115M->115M(125M) 16.590ms
[2020-08-10T13:04:02.534+0300][1182.079s][info ][gc] GC(37769) Pause Young (Allocation Failure) 116M->116M(125M) 16.500ms
[2020-08-10T13:04:02.551+0300][1182.096s][info ][gc] GC(37770) Pause Young (Allocation Failure) 117M->116M(125M) 16.801ms
[2020-08-10T13:04:02.569+0300][1182.114s][info ][gc] GC(37771) Pause Young (Allocation Failure) 117M->117M(125M) 17.461ms
[2020-08-10T13:04:02.586+0300][1182.131s][info ][gc] GC(37772) Pause Young (Allocation Failure) 118M->118M(125M) 17.160ms
[2020-08-10T13:04:02.604+0300][1182.149s][info ][gc] GC(37773) Pause Young (Allocation Failure) 119M->119M(125M) 17.178ms
[2020-08-10T13:04:02.621+0300][1182.166s][info ][gc] GC(37774) Pause Young (Allocation Failure) 120M->120M(125M) 17.194ms
[2020-08-10T13:04:02.639+0300][1182.184s][info ][gc] GC(37775) Pause Young (Allocation Failure) 121M->121M(125M) 17.286ms
[2020-08-10T13:04:02.656+0300][1182.202s][info ][gc] GC(37776) Pause Young (Allocation Failure) 122M->122M(125M) 17.171ms
[2020-08-10T13:04:02.973+0300][1182.519s][debug][gc] GC(37777) Expanding ParOldGen from 125440K by 11264K to 136704K
[2020-08-10T13:04:02.974+0300][1182.519s][info ][gc] GC(37777) Pause Full (Ergonomics) 122M->122M(136M) 316.993ms
[2020-08-10T13:04:03.006+0300][1182.552s][info ][gc] GC(37778) Pause Young (Allocation Failure) 123M->123M(136M) 32.280ms
[2020-08-10T13:04:03.025+0300][1182.570s][info ][gc] GC(37779) Pause Young (Allocation Failure) 124M->124M(136M) 18.311ms
[2020-08-10T13:04:03.044+0300][1182.589s][info ][gc] GC(37780) Pause Young (Allocation Failure) 125M->125M(136M) 17.956ms
[2020-08-10T13:04:03.062+0300][1182.607s][info ][gc] GC(37781) Pause Young (Allocation Failure) 126M->126M(136M) 17.892ms
[2020-08-10T13:04:03.080+0300][1182.626s][info ][gc] GC(37782) Pause Young (Allocation Failure) 127M->127M(136M) 17.878ms
[2020-08-10T13:04:03.099+0300][1182.644s][info ][gc] GC(37783) Pause Young (Allocation Failure) 128M->128M(136M) 18.056ms
[2020-08-10T13:04:03.117+0300][1182.663s][info ][gc] GC(37784) Pause Young (Allocation Failure) 129M->129M(136M) 18.155ms
[2020-08-10T13:04:03.136+0300][1182.681s][info ][gc] GC(37785) Pause Young (Allocation Failure) 130M->130M(136M) 18.376ms
[2020-08-10T13:04:03.155+0300][1182.700s][info ][gc] GC(37786) Pause Young (Allocation Failure) 131M->131M(136M) 18.171ms
[2020-08-10T13:04:03.173+0300][1182.719s][info ][gc] GC(37787) Pause Young (Allocation Failure) 132M->132M(136M) 18.197ms
[2020-08-10T13:04:03.192+0300][1182.737s][info ][gc] GC(37788) Pause Young (Allocation Failure) 133M->133M(136M) 18.313ms
[2020-08-10T13:04:03.240+0300][1182.785s][info ][gc] GC(37789) Pause Young (Allocation Failure) 134M->133M(136M) 47.501ms
[2020-08-10T13:04:03.587+0300][1183.133s][debug][gc] GC(37790) Expanding ParOldGen from 136704K by 11264K to 147968K
[2020-08-10T13:04:03.588+0300][1183.133s][info ][gc] GC(37790) Pause Full (Ergonomics) 133M->133M(147M) 347.322ms
[2020-08-10T13:04:03.622+0300][1183.167s][info ][gc] GC(37791) Pause Young (Allocation Failure) 134M->134M(147M) 33.747ms
[2020-08-10T13:04:03.622+0300][1183.167s][debug][gc] Expanding ParOldGen from 147968K by 19968K to 167936K
[2020-08-10T13:04:03.663+0300][1183.208s][info ][gc] GC(37792) Pause Young (Allocation Failure) 154M->154M(166M) 33.013ms
[2020-08-10T13:04:03.692+0300][1183.237s][info ][gc] GC(37793) Pause Young (Allocation Failure) 155M->155M(166M) 28.485ms
[2020-08-10T13:04:03.719+0300][1183.264s][info ][gc] GC(37794) Pause Young (Allocation Failure) 156M->156M(166M) 26.350ms
[2020-08-10T13:04:03.746+0300][1183.291s][info ][gc] GC(37795) Pause Young (Allocation Failure) 157M->157M(166M) 26.690ms
[2020-08-10T13:04:03.772+0300][1183.318s][info ][gc] GC(37796) Pause Young (Allocation Failure) 158M->158M(166M) 26.342ms
[2020-08-10T13:04:03.799+0300][1183.345s][info ][gc] GC(37797) Pause Young (Allocation Failure) 159M->159M(166M) 26.338ms
[2020-08-10T13:04:03.843+0300][1183.389s][info ][gc] GC(37798) Pause Young (Allocation Failure) 160M->160M(166M) 43.769ms
[2020-08-10T13:04:03.870+0300][1183.415s][info ][gc] GC(37799) Pause Young (Allocation Failure) 161M->161M(166M) 26.359ms
[2020-08-10T13:04:03.897+0300][1183.442s][info ][gc] GC(37800) Pause Young (Allocation Failure) 162M->162M(166M) 26.115ms
[2020-08-10T13:04:03.923+0300][1183.468s][info ][gc] GC(37801) Pause Young (Allocation Failure) 163M->163M(166M) 26.117ms
[2020-08-10T13:04:03.950+0300][1183.495s][info ][gc] GC(37802) Pause Young (Allocation Failure) 164M->164M(166M) 26.054ms
[2020-08-10T13:04:04.073+0300][1183.619s][debug][gc] GC(37803) Shrinking ParOldGen from 167936K by 124928K to 43008K
[2020-08-10T13:04:04.073+0300][1183.619s][info ][gc] GC(37803) Pause Full (Ergonomics) 164M->30M(44M) 123.724ms
[2020-08-10T13:04:04.099+0300][1183.644s][info ][gc] GC(37804) Pause Young (Allocation Failure) 31M->31M(44M) 24.560ms
[2020-08-10T13:04:04.115+0300][1183.660s][info ][gc] GC(37805) Pause Young (Allocation Failure) 32M->32M(44M) 15.543ms
[2020-08-10T13:04:04.128+0300][1183.674s][info ][gc] GC(37806) Pause Young (Allocation Failure) 33M->33M(44M) 13.283ms
[2020-08-10T13:04:04.142+0300][1183.688s][info ][gc] GC(37807) Pause Young (Allocation Failure) 34M->34M(44M) 13.486ms
[2020-08-10T13:04:04.156+0300][1183.702s][info ][gc] GC(37808) Pause Young (Allocation Failure) 35M->35M(44M) 13.461ms
[2020-08-10T13:04:04.170+0300][1183.716s][info ][gc] GC(37809) Pause Young (Allocation Failure) 36M->36M(44M) 13.424ms
[2020-08-10T13:04:04.184+0300][1183.730s][info ][gc] GC(37810) Pause Young (Allocation Failure) 37M->37M(44M) 13.444ms
[2020-08-10T13:04:04.198+0300][1183.744s][info ][gc] GC(37811) Pause Young (Allocation Failure) 38M->38M(44M) 13.559ms
[2020-08-10T13:04:04.212+0300][1183.758s][info ][gc] GC(37812) Pause Young (Allocation Failure) 39M->39M(44M) 13.438ms
[2020-08-10T13:04:04.226+0300][1183.772s][info ][gc] GC(37813) Pause Young (Allocation Failure) 40M->40M(44M) 13.457ms
[2020-08-10T13:04:04.240+0300][1183.786s][info ][gc] GC(37814) Pause Young (Allocation Failure) 41M->41M(44M) 13.443ms
[2020-08-10T13:04:04.254+0300][1183.800s][info ][gc] GC(37815) Pause Young (Allocation Failure) 42M->42M(44M) 13.611ms
[2020-08-10T13:04:04.339+0300][1183.884s][debug][gc] GC(37816) Expanding ParOldGen from 43008K by 11776K to 54784K
[2020-08-10T13:04:04.339+0300][1183.884s][info ][gc] GC(37816) Pause Full (Ergonomics) 42M->41M(56M) 84.138ms
[2020-08-10T13:04:04.352+0300][1183.898s][info ][gc] GC(37817) Pause Young (Allocation Failure) 42M->42M(56M) 12.938ms
[2020-08-10T13:04:04.366+0300][1183.912s][info ][gc] GC(37818) Pause Young (Allocation Failure) 43M->43M(56M) 13.430ms
[2020-08-10T13:04:04.380+0300][1183.926s][info ][gc] GC(37819) Pause Young (Allocation Failure) 44M->44M(56M) 13.469ms
[2020-08-10T13:04:04.394+0300][1183.939s][info ][gc] GC(37820) Pause Young (Allocation Failure) 45M->45M(56M) 13.436ms
[2020-08-10T13:04:04.408+0300][1183.953s][info ][gc] GC(37821) Pause Young (Allocation Failure) 46M->46M(56M) 13.212ms
[2020-08-10T13:04:04.422+0300][1183.967s][info ][gc] GC(37822) Pause Young (Allocation Failure) 47M->47M(55M) 13.841ms
[2020-08-10T13:04:04.436+0300][1183.981s][info ][gc] GC(37823) Pause Young (Allocation Failure) 48M->48M(55M) 13.570ms
[2020-08-10T13:04:04.450+0300][1183.996s][info ][gc] GC(37824) Pause Young (Allocation Failure) 49M->49M(55M) 13.578ms
[2020-08-10T13:04:04.464+0300][1184.010s][info ][gc] GC(37825) Pause Young (Allocation Failure) 50M->50M(55M) 13.550ms
[2020-08-10T13:04:04.478+0300][1184.024s][info ][gc] GC(37826) Pause Young (Allocation Failure) 51M->51M(55M) 13.462ms
[2020-08-10T13:04:04.492+0300][1184.038s][info ][gc] GC(37827) Pause Young (Allocation Failure) 52M->52M(55M) 13.352ms
[2020-08-10T13:04:04.506+0300][1184.051s][info ][gc] GC(37828) Pause Young (Allocation Failure) 53M->53M(55M) 13.265ms
[2020-08-10T13:04:04.520+0300][1184.065s][info ][gc] GC(37829) Pause Young (Allocation Failure) 54M->54M(55M) 13.409ms
[2020-08-10T13:04:04.635+0300][1184.181s][debug][gc] GC(37830) Expanding ParOldGen from 54784K by 11264K to 66048K
[2020-08-10T13:04:04.635+0300][1184.181s][info ][gc] GC(37830) Pause Full (Ergonomics) 54M->54M(66M) 115.611ms
[2020-08-10T13:04:04.659+0300][1184.204s][info ][gc] GC(37831) Pause Young (Allocation Failure) 55M->55M(66M) 22.796ms
[2020-08-10T13:04:04.673+0300][1184.218s][info ][gc] GC(37832) Pause Young (Allocation Failure) 56M->56M(66M) 13.735ms
[2020-08-10T13:04:04.687+0300][1184.232s][info ][gc] GC(37833) Pause Young (Allocation Failure) 57M->57M(66M) 13.550ms
[2020-08-10T13:04:04.701+0300][1184.246s][info ][gc] GC(37834) Pause Young (Allocation Failure) 58M->57M(66M) 13.469ms
[2020-08-10T13:04:04.715+0300][1184.261s][info ][gc] GC(37835) Pause Young (Allocation Failure) 58M->58M(66M) 13.748ms
[2020-08-10T13:04:04.729+0300][1184.275s][info ][gc] GC(37836) Pause Young (Allocation Failure) 59M->59M(66M) 13.723ms
[2020-08-10T13:04:04.744+0300][1184.289s][info ][gc] GC(37837) Pause Young (Allocation Failure) 60M->60M(66M) 13.627ms
[2020-08-10T13:04:04.758+0300][1184.303s][info ][gc] GC(37838) Pause Young (Allocation Failure) 61M->61M(66M) 13.722ms
[2020-08-10T13:04:04.772+0300][1184.318s][info ][gc] GC(37839) Pause Young (Allocation Failure) 62M->62M(66M) 13.646ms
[2020-08-10T13:04:04.786+0300][1184.332s][info ][gc] GC(37840) Pause Young (Allocation Failure) 63M->63M(66M) 13.542ms
[2020-08-10T13:04:04.800+0300][1184.345s][info ][gc] GC(37841) Pause Young (Allocation Failure) 64M->64M(66M) 13.553ms
[2020-08-10T13:04:04.937+0300][1184.482s][debug][gc] GC(37842) Expanding ParOldGen from 66048K by 11264K to 77312K
[2020-08-10T13:04:04.937+0300][1184.482s][info ][gc] GC(37842) Pause Full (Ergonomics) 64M->64M(77M) 136.415ms
[2020-08-10T13:04:04.964+0300][1184.510s][info ][gc] GC(37843) Pause Young (Allocation Failure) 65M->65M(77M) 27.351ms
[2020-08-10T13:04:04.978+0300][1184.524s][info ][gc] GC(37844) Pause Young (Allocation Failure) 66M->66M(77M) 13.614ms
[2020-08-10T13:04:04.992+0300][1184.538s][info ][gc] GC(37845) Pause Young (Allocation Failure) 67M->67M(77M) 13.473ms
[2020-08-10T13:04:05.006+0300][1184.552s][info ][gc] GC(37846) Pause Young (Allocation Failure) 68M->68M(77M) 13.605ms
[2020-08-10T13:04:05.021+0300][1184.566s][info ][gc] GC(37847) Pause Young (Allocation Failure) 69M->69M(77M) 13.775ms
[2020-08-10T13:04:05.035+0300][1184.580s][info ][gc] GC(37848) Pause Young (Allocation Failure) 70M->70M(77M) 13.601ms
[2020-08-10T13:04:05.049+0300][1184.594s][info ][gc] GC(37849) Pause Young (Allocation Failure) 71M->71M(77M) 13.751ms
[2020-08-10T13:04:05.063+0300][1184.609s][info ][gc] GC(37850) Pause Young (Allocation Failure) 72M->72M(77M) 13.708ms
[2020-08-10T13:04:05.078+0300][1184.623s][info ][gc] GC(37851) Pause Young (Allocation Failure) 73M->73M(77M) 13.842ms
[2020-08-10T13:04:05.092+0300][1184.637s][info ][gc] GC(37852) Pause Young (Allocation Failure) 74M->74M(77M) 13.685ms
[2020-08-10T13:04:05.106+0300][1184.652s][info ][gc] GC(37853) Pause Young (Allocation Failure) 75M->74M(77M) 13.866ms
[2020-08-10T13:04:05.121+0300][1184.666s][info ][gc] GC(37854) Pause Young (Allocation Failure) 75M->75M(77M) 13.776ms
[2020-08-10T13:04:05.285+0300][1184.830s][debug][gc] GC(37855) Expanding ParOldGen from 77312K by 11264K to 88576K
[2020-08-10T13:04:05.285+0300][1184.830s][info ][gc] GC(37855) Pause Full (Ergonomics) 75M->75M(88M) 164.087ms
[2020-08-10T13:04:05.315+0300][1184.860s][info ][gc] GC(37856) Pause Young (Allocation Failure) 76M->76M(88M) 29.337ms
[2020-08-10T13:04:05.329+0300][1184.874s][info ][gc] GC(37857) Pause Young (Allocation Failure) 77M->77M(88M) 13.794ms
[2020-08-10T13:04:05.343+0300][1184.889s][info ][gc] GC(37858) Pause Young (Allocation Failure) 78M->78M(88M) 13.845ms
[2020-08-10T13:04:05.358+0300][1184.903s][info ][gc] GC(37859) Pause Young (Allocation Failure) 79M->79M(88M) 13.619ms
[2020-08-10T13:04:05.372+0300][1184.917s][info ][gc] GC(37860) Pause Young (Allocation Failure) 80M->80M(88M) 13.795ms
[2020-08-10T13:04:05.386+0300][1184.932s][info ][gc] GC(37861) Pause Young (Allocation Failure) 81M->81M(88M) 13.862ms
[2020-08-10T13:04:05.401+0300][1184.946s][info ][gc] GC(37862) Pause Young (Allocation Failure) 82M->82M(88M) 13.921ms
[2020-08-10T13:04:05.415+0300][1184.961s][info ][gc] GC(37863) Pause Young (Allocation Failure) 83M->83M(88M) 13.946ms
[2020-08-10T13:04:05.430+0300][1184.975s][info ][gc] GC(37864) Pause Young (Allocation Failure) 84M->84M(88M) 14.337ms
[2020-08-10T13:04:05.445+0300][1184.990s][info ][gc] GC(37865) Pause Young (Allocation Failure) 85M->85M(88M) 14.170ms
[2020-08-10T13:04:05.460+0300][1185.005s][info ][gc] GC(37866) Pause Young (Allocation Failure) 86M->86M(88M) 14.408ms
[2020-08-10T13:04:05.475+0300][1185.020s][info ][gc] GC(37867) Pause Young (Allocation Failure) 87M->87M(88M) 14.422ms
[2020-08-10T13:04:05.673+0300][1185.219s][debug][gc] GC(37868) Expanding ParOldGen from 88576K by 11264K to 99840K
[2020-08-10T13:04:05.674+0300][1185.219s][info ][gc] GC(37868) Pause Full (Ergonomics) 87M->87M(99M) 198.589ms
[2020-08-10T13:04:05.709+0300][1185.255s][info ][gc] GC(37869) Pause Young (Allocation Failure) 88M->88M(99M) 35.201ms
[2020-08-10T13:04:05.724+0300][1185.270s][info ][gc] GC(37870) Pause Young (Allocation Failure) 89M->89M(99M) 14.388ms
[2020-08-10T13:04:05.739+0300][1185.285s][info ][gc] GC(37871) Pause Young (Allocation Failure) 90M->89M(99M) 14.543ms
[2020-08-10T13:04:05.755+0300][1185.300s][info ][gc] GC(37872) Pause Young (Allocation Failure) 90M->90M(99M) 14.613ms
[2020-08-10T13:04:05.770+0300][1185.316s][info ][gc] GC(37873) Pause Young (Allocation Failure) 91M->91M(99M) 15.001ms
[2020-08-10T13:04:05.785+0300][1185.331s][info ][gc] GC(37874) Pause Young (Allocation Failure) 92M->92M(99M) 14.728ms
[2020-08-10T13:04:05.801+0300][1185.346s][info ][gc] GC(37875) Pause Young (Allocation Failure) 93M->93M(99M) 14.831ms
[2020-08-10T13:04:05.816+0300][1185.362s][info ][gc] GC(37876) Pause Young (Allocation Failure) 94M->94M(99M) 15.121ms
[2020-08-10T13:04:05.832+0300][1185.378s][info ][gc] GC(37877) Pause Young (Allocation Failure) 95M->95M(99M) 15.250ms
[2020-08-10T13:04:05.848+0300][1185.393s][info ][gc] GC(37878) Pause Young (Allocation Failure) 96M->96M(99M) 15.322ms
[2020-08-10T13:04:05.864+0300][1185.409s][info ][gc] GC(37879) Pause Young (Allocation Failure) 97M->97M(100M) 15.097ms
[2020-08-10T13:04:06.103+0300][1185.648s][debug][gc] GC(37880) Expanding ParOldGen from 99840K by 11264K to 111104K
[2020-08-10T13:04:06.103+0300][1185.649s][info ][gc] GC(37880) Pause Full (Ergonomics) 97M->97M(111M) 239.363ms
[2020-08-10T13:04:06.117+0300][1185.662s][info ][gc] GC(37881) Pause Young (Allocation Failure) 98M->98M(111M) 13.238ms
[2020-08-10T13:04:06.133+0300][1185.678s][info ][gc] GC(37882) Pause Young (Allocation Failure) 99M->99M(111M) 15.087ms
[2020-08-10T13:04:06.148+0300][1185.694s][info ][gc] GC(37883) Pause Young (Allocation Failure) 100M->100M(111M) 15.108ms
[2020-08-10T13:04:06.164+0300][1185.710s][info ][gc] GC(37884) Pause Young (Allocation Failure) 101M->101M(111M) 15.275ms
[2020-08-10T13:04:06.180+0300][1185.725s][info ][gc] GC(37885) Pause Young (Allocation Failure) 102M->102M(110M) 15.350ms
[2020-08-10T13:04:06.196+0300][1185.742s][info ][gc] GC(37886) Pause Young (Allocation Failure) 103M->103M(110M) 15.668ms
[2020-08-10T13:04:06.213+0300][1185.758s][info ][gc] GC(37887) Pause Young (Allocation Failure) 104M->104M(110M) 16.000ms
[2020-08-10T13:04:06.228+0300][1185.773s][info ][gc] GC(37888) Pause Young (Allocation Failure) 105M->105M(111M) 14.216ms
[2020-08-10T13:04:06.244+0300][1185.789s][info ][gc] GC(37889) Pause Young (Allocation Failure) 106M->106M(111M) 15.714ms
[2020-08-10T13:04:06.260+0300][1185.806s][info ][gc] GC(37890) Pause Young (Allocation Failure) 107M->106M(111M) 15.891ms
[2020-08-10T13:04:06.277+0300][1185.822s][info ][gc] GC(37891) Pause Young (Allocation Failure) 107M->107M(111M) 15.820ms
[2020-08-10T13:04:06.293+0300][1185.839s][info ][gc] GC(37892) Pause Young (Allocation Failure) 108M->108M(111M) 15.969ms
[2020-08-10T13:04:06.561+0300][1186.107s][debug][gc] GC(37893) Expanding ParOldGen from 111104K by 11264K to 122368K
[2020-08-10T13:04:06.561+0300][1186.107s][info ][gc] GC(37893) Pause Full (Ergonomics) 108M->108M(122M) 267.915ms
[2020-08-10T13:04:06.599+0300][1186.145s][info ][gc] GC(37894) Pause Young (Allocation Failure) 109M->109M(122M) 37.535ms
[2020-08-10T13:04:06.616+0300][1186.162s][info ][gc] GC(37895) Pause Young (Allocation Failure) 110M->110M(122M) 16.430ms
[2020-08-10T13:04:06.633+0300][1186.179s][info ][gc] GC(37896) Pause Young (Allocation Failure) 111M->111M(122M) 16.412ms
[2020-08-10T13:04:06.650+0300][1186.196s][info ][gc] GC(37897) Pause Young (Allocation Failure) 112M->112M(122M) 16.369ms
[2020-08-10T13:04:06.667+0300][1186.213s][info ][gc] GC(37898) Pause Young (Allocation Failure) 113M->113M(122M) 16.479ms
[2020-08-10T13:04:06.684+0300][1186.230s][info ][gc] GC(37899) Pause Young (Allocation Failure) 114M->114M(122M) 16.687ms
[2020-08-10T13:04:06.702+0300][1186.247s][info ][gc] GC(37900) Pause Young (Allocation Failure) 115M->115M(122M) 16.871ms
[2020-08-10T13:04:06.719+0300][1186.265s][info ][gc] GC(37901) Pause Young (Allocation Failure) 116M->116M(122M) 17.003ms
[2020-08-10T13:04:06.737+0300][1186.282s][info ][gc] GC(37902) Pause Young (Allocation Failure) 117M->117M(122M) 16.920ms
[2020-08-10T13:04:06.754+0300][1186.300s][info ][gc] GC(37903) Pause Young (Allocation Failure) 118M->118M(122M) 17.047ms
[2020-08-10T13:04:06.772+0300][1186.317s][info ][gc] GC(37904) Pause Young (Allocation Failure) 119M->119M(122M) 17.111ms
[2020-08-10T13:04:06.790+0300][1186.335s][info ][gc] GC(37905) Pause Young (Allocation Failure) 120M->120M(122M) 17.462ms
[2020-08-10T13:04:07.087+0300][1186.633s][debug][gc] GC(37906) Expanding ParOldGen from 122368K by 11264K to 133632K
[2020-08-10T13:04:07.088+0300][1186.633s][info ][gc] GC(37906) Pause Full (Ergonomics) 120M->120M(133M) 297.439ms
[2020-08-10T13:04:07.120+0300][1186.666s][info ][gc] GC(37907) Pause Young (Allocation Failure) 121M->120M(133M) 32.295ms
[2020-08-10T13:04:07.138+0300][1186.684s][info ][gc] GC(37908) Pause Young (Allocation Failure) 121M->121M(133M) 17.350ms
[2020-08-10T13:04:07.156+0300][1186.702s][info ][gc] GC(37909) Pause Young (Allocation Failure) 122M->122M(133M) 17.638ms
[2020-08-10T13:04:07.174+0300][1186.719s][info ][gc] GC(37910) Pause Young (Allocation Failure) 123M->123M(133M) 17.467ms
[2020-08-10T13:04:07.192+0300][1186.738s][info ][gc] GC(37911) Pause Young (Allocation Failure) 124M->124M(133M) 17.744ms
[2020-08-10T13:04:07.210+0300][1186.756s][info ][gc] GC(37912) Pause Young (Allocation Failure) 125M->125M(133M) 17.723ms
[2020-08-10T13:04:07.230+0300][1186.775s][info ][gc] GC(37913) Pause Young (Allocation Failure) 126M->126M(133M) 18.745ms
[2020-08-10T13:04:07.248+0300][1186.794s][info ][gc] GC(37914) Pause Young (Allocation Failure) 127M->127M(133M) 17.980ms
[2020-08-10T13:04:07.266+0300][1186.812s][info ][gc] GC(37915) Pause Young (Allocation Failure) 128M->128M(133M) 17.925ms
[2020-08-10T13:04:07.285+0300][1186.830s][info ][gc] GC(37916) Pause Young (Allocation Failure) 129M->129M(133M) 18.092ms
[2020-08-10T13:04:07.303+0300][1186.849s][info ][gc] GC(37917) Pause Young (Allocation Failure) 130M->130M(133M) 17.891ms
[2020-08-10T13:04:07.689+0300][1187.234s][debug][gc] GC(37918) Expanding ParOldGen from 133632K by 11264K to 144896K
[2020-08-10T13:04:07.689+0300][1187.235s][info ][gc] GC(37918) Pause Full (Ergonomics) 130M->130M(144M) 385.780ms
[2020-08-10T13:04:07.705+0300][1187.251s][info ][gc] GC(37919) Pause Young (Allocation Failure) 131M->131M(144M) 15.543ms
[2020-08-10T13:04:07.723+0300][1187.269s][info ][gc] GC(37920) Pause Young (Allocation Failure) 132M->132M(144M) 17.927ms
[2020-08-10T13:04:07.742+0300][1187.287s][info ][gc] GC(37921) Pause Young (Allocation Failure) 133M->133M(144M) 18.053ms
[2020-08-10T13:04:07.760+0300][1187.305s][info ][gc] GC(37922) Pause Young (Allocation Failure) 134M->134M(144M) 17.582ms
[2020-08-10T13:04:07.779+0300][1187.324s][info ][gc] GC(37923) Pause Young (Allocation Failure) 135M->135M(144M) 18.349ms
[2020-08-10T13:04:07.779+0300][1187.325s][debug][gc] Expanding ParOldGen from 144896K by 19968K to 164864K
[2020-08-10T13:04:07.804+0300][1187.349s][info ][gc] GC(37924) Pause Young (Allocation Failure) 155M->155M(163M) 17.220ms
[2020-08-10T13:04:07.818+0300][1187.364s][info ][gc] GC(37925) Pause Young (Allocation Failure) 156M->156M(163M) 14.116ms
[2020-08-10T13:04:07.832+0300][1187.378s][info ][gc] GC(37926) Pause Young (Allocation Failure) 157M->157M(163M) 13.441ms
[2020-08-10T13:04:07.846+0300][1187.392s][info ][gc] GC(37927) Pause Young (Allocation Failure) 158M->158M(163M) 13.477ms
[2020-08-10T13:04:07.860+0300][1187.405s][info ][gc] GC(37928) Pause Young (Allocation Failure) 159M->158M(163M) 13.485ms
[2020-08-10T13:04:07.874+0300][1187.419s][info ][gc] GC(37929) Pause Young (Allocation Failure) 159M->159M(163M) 13.472ms
[2020-08-10T13:04:07.888+0300][1187.433s][info ][gc] GC(37930) Pause Young (Allocation Failure) 160M->160M(163M) 13.651ms
[2020-08-10T13:04:07.902+0300][1187.448s][info ][gc] GC(37931) Pause Young (Allocation Failure) 161M->161M(163M) 13.606ms
[2020-08-10T13:04:07.954+0300][1187.499s][debug][gc] GC(37932) Shrinking ParOldGen from 164864K by 124416K to 40448K
[2020-08-10T13:04:07.954+0300][1187.500s][info ][gc] GC(37932) Pause Full (Ergonomics) 161M->28M(42M) 51.611ms
[2020-08-10T13:04:07.967+0300][1187.513s][info ][gc] GC(37933) Pause Young (Allocation Failure) 29M->29M(42M) 12.863ms
[2020-08-10T13:04:07.981+0300][1187.527s][info ][gc] GC(37934) Pause Young (Allocation Failure) 30M->30M(42M) 13.536ms
[2020-08-10T13:04:07.995+0300][1187.541s][info ][gc] GC(37935) Pause Young (Allocation Failure) 31M->31M(42M) 13.434ms
[2020-08-10T13:04:08.009+0300][1187.555s][info ][gc] GC(37936) Pause Young (Allocation Failure) 32M->31M(42M) 13.490ms
[2020-08-10T13:04:08.023+0300][1187.569s][info ][gc] GC(37937) Pause Young (Allocation Failure) 32M->32M(42M) 13.471ms
[2020-08-10T13:04:08.037+0300][1187.582s][info ][gc] GC(37938) Pause Young (Allocation Failure) 33M->33M(42M) 13.354ms
[2020-08-10T13:04:08.051+0300][1187.596s][info ][gc] GC(37939) Pause Young (Allocation Failure) 34M->34M(42M) 13.448ms
[2020-08-10T13:04:08.065+0300][1187.610s][info ][gc] GC(37940) Pause Young (Allocation Failure) 35M->35M(42M) 13.437ms
[2020-08-10T13:04:08.079+0300][1187.625s][info ][gc] GC(37941) Pause Young (Allocation Failure) 36M->36M(42M) 13.580ms
[2020-08-10T13:04:08.093+0300][1187.639s][info ][gc] GC(37942) Pause Young (Allocation Failure) 37M->37M(42M) 13.483ms
[2020-08-10T13:04:08.107+0300][1187.653s][info ][gc] GC(37943) Pause Young (Allocation Failure) 38M->38M(42M) 13.493ms
[2020-08-10T13:04:08.122+0300][1187.667s][info ][gc] GC(37944) Pause Young (Allocation Failure) 39M->39M(41M) 13.870ms
[2020-08-10T13:04:08.194+0300][1187.740s][debug][gc] GC(37945) Expanding ParOldGen from 40448K by 11776K to 52224K
[2020-08-10T13:04:08.195+0300][1187.740s][info ][gc] GC(37945) Pause Full (Ergonomics) 39M->39M(53M) 72.733ms
[2020-08-10T13:04:08.208+0300][1187.754s][info ][gc] GC(37946) Pause Young (Allocation Failure) 40M->40M(53M) 13.021ms
[2020-08-10T13:04:08.222+0300][1187.768s][info ][gc] GC(37947) Pause Young (Allocation Failure) 41M->41M(53M) 13.495ms
[2020-08-10T13:04:08.236+0300][1187.782s][info ][gc] GC(37948) Pause Young (Allocation Failure) 42M->42M(53M) 13.432ms
[2020-08-10T13:04:08.250+0300][1187.796s][info ][gc] GC(37949) Pause Young (Allocation Failure) 43M->43M(53M) 13.491ms
[2020-08-10T13:04:08.264+0300][1187.809s][info ][gc] GC(37950) Pause Young (Allocation Failure) 44M->44M(53M) 13.422ms
[2020-08-10T13:04:08.278+0300][1187.823s][info ][gc] GC(37951) Pause Young (Allocation Failure) 45M->45M(52M) 13.330ms
[2020-08-10T13:04:08.291+0300][1187.837s][info ][gc] GC(37952) Pause Young (Allocation Failure) 46M->46M(53M) 13.286ms
[2020-08-10T13:04:08.305+0300][1187.851s][info ][gc] GC(37953) Pause Young (Allocation Failure) 47M->47M(53M) 13.543ms
[2020-08-10T13:04:08.319+0300][1187.865s][info ][gc] GC(37954) Pause Young (Allocation Failure) 48M->48M(53M) 13.331ms
[2020-08-10T13:04:08.333+0300][1187.879s][info ][gc] GC(37955) Pause Young (Allocation Failure) 49M->48M(53M) 13.324ms
[2020-08-10T13:04:08.347+0300][1187.892s][info ][gc] GC(37956) Pause Young (Allocation Failure) 49M->49M(53M) 13.371ms
[2020-08-10T13:04:08.361+0300][1187.907s][info ][gc] GC(37957) Pause Young (Allocation Failure) 50M->50M(53M) 13.538ms
[2020-08-10T13:04:08.464+0300][1188.009s][debug][gc] GC(37958) Expanding ParOldGen from 52224K by 11264K to 63488K
[2020-08-10T13:04:08.464+0300][1188.009s][info ][gc] GC(37958) Pause Full (Ergonomics) 50M->50M(64M) 102.631ms
[2020-08-10T13:04:08.477+0300][1188.023s][info ][gc] GC(37959) Pause Young (Allocation Failure) 51M->51M(64M) 13.062ms
[2020-08-10T13:04:08.491+0300][1188.037s][info ][gc] GC(37960) Pause Young (Allocation Failure) 52M->52M(64M) 13.537ms
[2020-08-10T13:04:08.505+0300][1188.051s][info ][gc] GC(37961) Pause Young (Allocation Failure) 53M->53M(64M) 13.492ms
[2020-08-10T13:04:08.520+0300][1188.065s][info ][gc] GC(37962) Pause Young (Allocation Failure) 54M->54M(64M) 13.527ms
[2020-08-10T13:04:08.534+0300][1188.079s][info ][gc] GC(37963) Pause Young (Allocation Failure) 55M->55M(64M) 13.606ms
[2020-08-10T13:04:08.548+0300][1188.093s][info ][gc] GC(37964) Pause Young (Allocation Failure) 56M->56M(64M) 13.481ms
[2020-08-10T13:04:08.562+0300][1188.108s][info ][gc] GC(37965) Pause Young (Allocation Failure) 57M->57M(64M) 13.418ms
[2020-08-10T13:04:08.576+0300][1188.122s][info ][gc] GC(37966) Pause Young (Allocation Failure) 58M->58M(64M) 13.448ms
[2020-08-10T13:04:08.590+0300][1188.136s][info ][gc] GC(37967) Pause Young (Allocation Failure) 59M->59M(64M) 13.630ms
[2020-08-10T13:04:08.604+0300][1188.150s][info ][gc] GC(37968) Pause Young (Allocation Failure) 60M->60M(64M) 13.648ms
[2020-08-10T13:04:08.619+0300][1188.164s][info ][gc] GC(37969) Pause Young (Allocation Failure) 61M->61M(64M) 13.528ms
[2020-08-10T13:04:08.632+0300][1188.178s][info ][gc] GC(37970) Pause Young (Allocation Failure) 62M->62M(64M) 13.400ms
[2020-08-10T13:04:08.772+0300][1188.318s][debug][gc] GC(37971) Expanding ParOldGen from 63488K by 11264K to 74752K
[2020-08-10T13:04:08.772+0300][1188.318s][info ][gc] GC(37971) Pause Full (Ergonomics) 62M->62M(75M) 139.641ms
[2020-08-10T13:04:08.798+0300][1188.343s][info ][gc] GC(37972) Pause Young (Allocation Failure) 63M->62M(75M) 24.822ms
[2020-08-10T13:04:08.812+0300][1188.358s][info ][gc] GC(37973) Pause Young (Allocation Failure) 63M->63M(75M) 13.923ms
[2020-08-10T13:04:08.826+0300][1188.372s][info ][gc] GC(37974) Pause Young (Allocation Failure) 64M->64M(75M) 13.628ms
[2020-08-10T13:04:08.841+0300][1188.386s][info ][gc] GC(37975) Pause Young (Allocation Failure) 65M->65M(75M) 13.679ms
[2020-08-10T13:04:08.855+0300][1188.400s][info ][gc] GC(37976) Pause Young (Allocation Failure) 66M->66M(75M) 13.726ms
[2020-08-10T13:04:08.869+0300][1188.415s][info ][gc] GC(37977) Pause Young (Allocation Failure) 67M->67M(75M) 13.843ms
[2020-08-10T13:04:08.884+0300][1188.429s][info ][gc] GC(37978) Pause Young (Allocation Failure) 68M->68M(75M) 13.755ms
[2020-08-10T13:04:08.898+0300][1188.443s][info ][gc] GC(37979) Pause Young (Allocation Failure) 69M->69M(75M) 13.728ms
[2020-08-10T13:04:08.912+0300][1188.458s][info ][gc] GC(37980) Pause Young (Allocation Failure) 70M->70M(75M) 13.740ms
[2020-08-10T13:04:08.926+0300][1188.472s][info ][gc] GC(37981) Pause Young (Allocation Failure) 71M->71M(75M) 13.782ms
[2020-08-10T13:04:08.941+0300][1188.486s][info ][gc] GC(37982) Pause Young (Allocation Failure) 72M->72M(75M) 13.762ms
[2020-08-10T13:04:08.955+0300][1188.501s][info ][gc] GC(37983) Pause Young (Allocation Failure) 73M->73M(75M) 13.801ms
[2020-08-10T13:04:09.116+0300][1188.661s][debug][gc] GC(37984) Expanding ParOldGen from 74752K by 11264K to 86016K
[2020-08-10T13:04:09.116+0300][1188.662s][info ][gc] GC(37984) Pause Full (Ergonomics) 73M->73M(86M) 160.589ms
[2020-08-10T13:04:09.148+0300][1188.694s][info ][gc] GC(37985) Pause Young (Allocation Failure) 74M->74M(86M) 31.572ms
[2020-08-10T13:04:09.162+0300][1188.708s][info ][gc] GC(37986) Pause Young (Allocation Failure) 75M->75M(86M) 13.851ms
[2020-08-10T13:04:09.177+0300][1188.722s][info ][gc] GC(37987) Pause Young (Allocation Failure) 76M->76M(86M) 13.803ms
[2020-08-10T13:04:09.191+0300][1188.737s][info ][gc] GC(37988) Pause Young (Allocation Failure) 77M->77M(86M) 13.773ms
[2020-08-10T13:04:09.206+0300][1188.751s][info ][gc] GC(37989) Pause Young (Allocation Failure) 78M->78M(86M) 13.795ms
[2020-08-10T13:04:09.220+0300][1188.766s][info ][gc] GC(37990) Pause Young (Allocation Failure) 79M->79M(86M) 14.106ms
[2020-08-10T13:04:09.235+0300][1188.780s][info ][gc] GC(37991) Pause Young (Allocation Failure) 80M->79M(86M) 13.797ms
[2020-08-10T13:04:09.249+0300][1188.795s][info ][gc] GC(37992) Pause Young (Allocation Failure) 80M->80M(86M) 13.811ms
[2020-08-10T13:04:09.263+0300][1188.809s][info ][gc] GC(37993) Pause Young (Allocation Failure) 81M->81M(86M) 13.883ms
[2020-08-10T13:04:09.278+0300][1188.823s][info ][gc] GC(37994) Pause Young (Allocation Failure) 82M->82M(86M) 14.082ms
[2020-08-10T13:04:09.293+0300][1188.838s][info ][gc] GC(37995) Pause Young (Allocation Failure) 83M->83M(86M) 14.276ms
[2020-08-10T13:04:09.307+0300][1188.853s][info ][gc] GC(37996) Pause Young (Allocation Failure) 84M->84M(86M) 14.022ms
[2020-08-10T13:04:09.500+0300][1189.046s][debug][gc] GC(37997) Expanding ParOldGen from 86016K by 11264K to 97280K
[2020-08-10T13:04:09.500+0300][1189.046s][info ][gc] GC(37997) Pause Full (Ergonomics) 84M->84M(97M) 192.732ms
[2020-08-10T13:04:09.533+0300][1189.078s][info ][gc] GC(37998) Pause Young (Allocation Failure) 85M->85M(97M) 32.174ms
[2020-08-10T13:04:09.548+0300][1189.094s][info ][gc] GC(37999) Pause Young (Allocation Failure) 86M->86M(97M) 14.534ms
[2020-08-10T13:04:09.563+0300][1189.108s][info ][gc] GC(38000) Pause Young (Allocation Failure) 87M->87M(96M) 14.093ms
[2020-08-10T13:04:09.577+0300][1189.122s][info ][gc] GC(38001) Pause Young (Allocation Failure) 87M->87M(97M) 13.697ms
[2020-08-10T13:04:09.591+0300][1189.136s][info ][gc] GC(38002) Pause Young (Allocation Failure) 88M->88M(97M) 13.403ms
[2020-08-10T13:04:09.604+0300][1189.150s][info ][gc] GC(38003) Pause Young (Allocation Failure) 88M->88M(97M) 13.346ms
[2020-08-10T13:04:09.618+0300][1189.164s][info ][gc] GC(38004) Pause Young (Allocation Failure) 89M->89M(97M) 13.410ms
[2020-08-10T13:04:09.632+0300][1189.178s][info ][gc] GC(38005) Pause Young (Allocation Failure) 89M->89M(97M) 13.413ms
[2020-08-10T13:04:09.646+0300][1189.192s][info ][gc] GC(38006) Pause Young (Allocation Failure) 90M->90M(97M) 13.349ms
[2020-08-10T13:04:09.660+0300][1189.205s][info ][gc] GC(38007) Pause Young (Allocation Failure) 90M->90M(97M) 13.325ms
[2020-08-10T13:04:09.673+0300][1189.219s][info ][gc] GC(38008) Pause Young (Allocation Failure) 91M->91M(97M) 13.423ms
[2020-08-10T13:04:09.687+0300][1189.233s][info ][gc] GC(38009) Pause Young (Allocation Failure) 91M->91M(97M) 13.410ms
[2020-08-10T13:04:09.701+0300][1189.247s][info ][gc] GC(38010) Pause Young (Allocation Failure) 92M->92M(97M) 13.473ms
[2020-08-10T13:04:09.715+0300][1189.260s][info ][gc] GC(38011) Pause Young (Allocation Failure) 92M->92M(97M) 13.225ms
[2020-08-10T13:04:09.729+0300][1189.274s][info ][gc] GC(38012) Pause Young (Allocation Failure) 92M->92M(97M) 13.401ms
[2020-08-10T13:04:09.743+0300][1189.288s][info ][gc] GC(38013) Pause Young (Allocation Failure) 93M->93M(97M) 13.460ms
[2020-08-10T13:04:09.756+0300][1189.302s][info ][gc] GC(38014) Pause Young (Allocation Failure) 93M->93M(97M) 13.332ms
[2020-08-10T13:04:09.770+0300][1189.316s][info ][gc] GC(38015) Pause Young (Allocation Failure) 94M->94M(97M) 13.467ms
[2020-08-10T13:04:09.784+0300][1189.330s][info ][gc] GC(38016) Pause Young (Allocation Failure) 94M->94M(97M) 13.377ms
[2020-08-10T13:04:10.010+0300][1189.555s][debug][gc] GC(38017) Expanding ParOldGen from 97280K by 11264K to 108544K
[2020-08-10T13:04:10.010+0300][1189.556s][info ][gc] GC(38017) Pause Full (Ergonomics) 94M->94M(108M) 225.692ms
[2020-08-10T13:04:10.024+0300][1189.569s][info ][gc] GC(38018) Pause Young (Allocation Failure) 95M->95M(107M) 13.199ms
[2020-08-10T13:04:10.037+0300][1189.583s][info ][gc] GC(38019) Pause Young (Allocation Failure) 95M->95M(107M) 13.156ms
[2020-08-10T13:04:10.051+0300][1189.597s][info ][gc] GC(38020) Pause Young (Allocation Failure) 96M->96M(107M) 13.383ms
[2020-08-10T13:04:10.065+0300][1189.610s][info ][gc] GC(38021) Pause Young (Allocation Failure) 96M->96M(107M) 13.238ms
[2020-08-10T13:04:10.078+0300][1189.624s][info ][gc] GC(38022) Pause Young (Allocation Failure) 96M->96M(107M) 13.102ms
[2020-08-10T13:04:10.092+0300][1189.638s][info ][gc] GC(38023) Pause Young (Allocation Failure) 97M->97M(107M) 13.139ms
[2020-08-10T13:04:10.106+0300][1189.651s][info ][gc] GC(38024) Pause Young (Allocation Failure) 97M->97M(107M) 13.158ms
[2020-08-10T13:04:10.119+0300][1189.665s][info ][gc] GC(38025) Pause Young (Allocation Failure) 98M->98M(107M) 13.264ms
[2020-08-10T13:04:10.133+0300][1189.678s][info ][gc] GC(38026) Pause Young (Allocation Failure) 98M->98M(107M) 13.121ms
[2020-08-10T13:04:10.147+0300][1189.692s][info ][gc] GC(38027) Pause Young (Allocation Failure) 99M->99M(107M) 13.227ms
[2020-08-10T13:04:10.160+0300][1189.706s][info ][gc] GC(38028) Pause Young (Allocation Failure) 99M->99M(107M) 13.166ms
[2020-08-10T13:04:10.174+0300][1189.719s][info ][gc] GC(38029) Pause Young (Allocation Failure) 100M->100M(107M) 13.187ms
[2020-08-10T13:04:10.187+0300][1189.733s][info ][gc] GC(38030) Pause Young (Allocation Failure) 100M->100M(107M) 13.104ms
[2020-08-10T13:04:10.201+0300][1189.747s][info ][gc] GC(38031) Pause Young (Allocation Failure) 101M->101M(107M) 13.224ms
[2020-08-10T13:04:10.215+0300][1189.760s][info ][gc] GC(38032) Pause Young (Allocation Failure) 101M->101M(107M) 13.178ms
[2020-08-10T13:04:10.228+0300][1189.774s][info ][gc] GC(38033) Pause Young (Allocation Failure) 102M->102M(107M) 13.184ms
[2020-08-10T13:04:10.242+0300][1189.787s][info ][gc] GC(38034) Pause Young (Allocation Failure) 102M->102M(107M) 13.202ms
[2020-08-10T13:04:10.255+0300][1189.801s][info ][gc] GC(38035) Pause Young (Allocation Failure) 102M->102M(107M) 13.183ms
[2020-08-10T13:04:10.269+0300][1189.815s][info ][gc] GC(38036) Pause Young (Allocation Failure) 103M->103M(107M) 13.140ms
[2020-08-10T13:04:10.283+0300][1189.828s][info ][gc] GC(38037) Pause Young (Allocation Failure) 103M->103M(107M) 13.173ms
[2020-08-10T13:04:10.296+0300][1189.842s][info ][gc] GC(38038) Pause Young (Allocation Failure) 104M->104M(107M) 13.174ms
[2020-08-10T13:04:10.310+0300][1189.856s][info ][gc] GC(38039) Pause Young (Allocation Failure) 104M->104M(107M) 13.180ms
[2020-08-10T13:04:10.324+0300][1189.869s][info ][gc] GC(38040) Pause Young (Allocation Failure) 105M->105M(107M) 13.180ms
[2020-08-10T13:04:10.337+0300][1189.883s][info ][gc] GC(38041) Pause Young (Allocation Failure) 105M->105M(107M) 13.194ms
[2020-08-10T13:04:10.351+0300][1189.896s][info ][gc] GC(38042) Pause Young (Allocation Failure) 106M->106M(107M) 13.129ms
[2020-08-10T13:04:10.603+0300][1190.148s][debug][gc] GC(38043) Expanding ParOldGen from 108544K by 10752K to 119296K
[2020-08-10T13:04:10.603+0300][1190.148s][info ][gc] GC(38043) Pause Full (Ergonomics) 106M->105M(118M) 251.927ms
[2020-08-10T13:04:10.616+0300][1190.162s][info ][gc] GC(38044) Pause Young (Allocation Failure) 106M->106M(118M) 12.857ms
[2020-08-10T13:04:10.629+0300][1190.175s][info ][gc] GC(38045) Pause Young (Allocation Failure) 106M->106M(118M) 13.178ms
[2020-08-10T13:04:10.643+0300][1190.189s][info ][gc] GC(38046) Pause Young (Allocation Failure) 107M->107M(118M) 13.179ms
[2020-08-10T13:04:10.656+0300][1190.202s][info ][gc] GC(38047) Pause Young (Allocation Failure) 107M->107M(118M) 13.090ms
[2020-08-10T13:04:10.670+0300][1190.216s][info ][gc] GC(38048) Pause Young (Allocation Failure) 108M->108M(118M) 13.185ms
[2020-08-10T13:04:10.684+0300][1190.229s][info ][gc] GC(38049) Pause Young (Allocation Failure) 108M->108M(118M) 13.125ms
[2020-08-10T13:04:10.697+0300][1190.243s][info ][gc] GC(38050) Pause Young (Allocation Failure) 109M->109M(118M) 13.180ms
[2020-08-10T13:04:10.711+0300][1190.256s][info ][gc] GC(38051) Pause Young (Allocation Failure) 109M->109M(118M) 13.155ms
[2020-08-10T13:04:10.724+0300][1190.270s][info ][gc] GC(38052) Pause Young (Allocation Failure) 110M->110M(118M) 13.202ms
[2020-08-10T13:04:10.738+0300][1190.284s][info ][gc] GC(38053) Pause Young (Allocation Failure) 110M->110M(118M) 13.182ms
[2020-08-10T13:04:10.752+0300][1190.297s][info ][gc] GC(38054) Pause Young (Allocation Failure) 111M->111M(118M) 13.181ms
[2020-08-10T13:04:10.765+0300][1190.311s][info ][gc] GC(38055) Pause Young (Allocation Failure) 111M->111M(118M) 13.469ms
[2020-08-10T13:04:10.779+0300][1190.325s][info ][gc] GC(38056) Pause Young (Allocation Failure) 112M->111M(118M) 13.374ms
[2020-08-10T13:04:10.793+0300][1190.339s][info ][gc] GC(38057) Pause Young (Allocation Failure) 112M->112M(118M) 13.466ms
[2020-08-10T13:04:10.807+0300][1190.353s][info ][gc] GC(38058) Pause Young (Allocation Failure) 112M->112M(118M) 13.614ms
[2020-08-10T13:04:10.821+0300][1190.367s][info ][gc] GC(38059) Pause Young (Allocation Failure) 113M->113M(118M) 13.581ms
[2020-08-10T13:04:10.836+0300][1190.381s][info ][gc] GC(38060) Pause Young (Allocation Failure) 113M->113M(118M) 13.712ms
[2020-08-10T13:04:10.850+0300][1190.396s][info ][gc] GC(38061) Pause Young (Allocation Failure) 114M->114M(118M) 14.047ms
[2020-08-10T13:04:10.864+0300][1190.410s][info ][gc] GC(38062) Pause Young (Allocation Failure) 114M->114M(118M) 13.629ms
[2020-08-10T13:04:10.878+0300][1190.424s][info ][gc] GC(38063) Pause Young (Allocation Failure) 115M->115M(118M) 13.677ms
[2020-08-10T13:04:10.892+0300][1190.438s][info ][gc] GC(38064) Pause Young (Allocation Failure) 115M->115M(118M) 13.556ms
[2020-08-10T13:04:10.906+0300][1190.452s][info ][gc] GC(38065) Pause Young (Allocation Failure) 116M->116M(118M) 13.697ms
[2020-08-10T13:04:10.921+0300][1190.466s][info ][gc] GC(38066) Pause Young (Allocation Failure) 116M->116M(118M) 13.917ms
[2020-08-10T13:04:11.201+0300][1190.747s][debug][gc] GC(38067) Expanding ParOldGen from 119296K by 10752K to 130048K
[2020-08-10T13:04:11.201+0300][1190.747s][info ][gc] GC(38067) Pause Full (Ergonomics) 116M->116M(128M) 280.480ms
[2020-08-10T13:04:11.231+0300][1190.777s][info ][gc] GC(38068) Pause Young (Allocation Failure) 116M->116M(128M) 29.205ms
[2020-08-10T13:04:11.246+0300][1190.792s][info ][gc] GC(38069) Pause Young (Allocation Failure) 117M->117M(128M) 14.616ms
[2020-08-10T13:04:11.261+0300][1190.806s][info ][gc] GC(38070) Pause Young (Allocation Failure) 117M->117M(128M) 14.301ms
[2020-08-10T13:04:11.275+0300][1190.821s][info ][gc] GC(38071) Pause Young (Allocation Failure) 118M->118M(128M) 14.270ms
[2020-08-10T13:04:11.290+0300][1190.836s][info ][gc] GC(38072) Pause Young (Allocation Failure) 118M->118M(128M) 14.023ms
[2020-08-10T13:04:11.305+0300][1190.850s][info ][gc] GC(38073) Pause Young (Allocation Failure) 119M->119M(128M) 14.363ms
[2020-08-10T13:04:11.319+0300][1190.865s][info ][gc] GC(38074) Pause Young (Allocation Failure) 119M->119M(128M) 14.378ms
[2020-08-10T13:04:11.334+0300][1190.880s][info ][gc] GC(38075) Pause Young (Allocation Failure) 120M->120M(128M) 14.245ms
[2020-08-10T13:04:11.349+0300][1190.895s][info ][gc] GC(38076) Pause Young (Allocation Failure) 120M->120M(128M) 14.412ms
[2020-08-10T13:04:11.364+0300][1190.910s][info ][gc] GC(38077) Pause Young (Allocation Failure) 120M->120M(128M) 14.424ms
[2020-08-10T13:04:11.379+0300][1190.924s][info ][gc] GC(38078) Pause Young (Allocation Failure) 121M->121M(128M) 14.194ms
[2020-08-10T13:04:11.412+0300][1190.957s][info ][gc] GC(38079) Pause Young (Allocation Failure) 121M->121M(128M) 32.822ms
[2020-08-10T13:04:11.427+0300][1190.973s][info ][gc] GC(38080) Pause Young (Allocation Failure) 122M->122M(128M) 15.287ms
[2020-08-10T13:04:11.442+0300][1190.988s][info ][gc] GC(38081) Pause Young (Allocation Failure) 122M->122M(128M) 14.461ms
[2020-08-10T13:04:11.457+0300][1191.003s][info ][gc] GC(38082) Pause Young (Allocation Failure) 123M->123M(128M) 14.434ms
[2020-08-10T13:04:11.472+0300][1191.018s][info ][gc] GC(38083) Pause Young (Allocation Failure) 123M->123M(128M) 14.636ms
[2020-08-10T13:04:11.487+0300][1191.032s][info ][gc] GC(38084) Pause Young (Allocation Failure) 124M->124M(128M) 14.268ms
[2020-08-10T13:04:11.502+0300][1191.047s][info ][gc] GC(38085) Pause Young (Allocation Failure) 124M->124M(128M) 14.602ms
[2020-08-10T13:04:11.534+0300][1191.080s][info ][gc] GC(38086) Pause Young (Allocation Failure) 125M->125M(128M) 32.319ms
[2020-08-10T13:04:11.558+0300][1191.104s][info ][gc] GC(38087) Pause Young (Allocation Failure) 125M->125M(128M) 23.272ms
[2020-08-10T13:04:11.573+0300][1191.118s][info ][gc] GC(38088) Pause Young (Allocation Failure) 125M->125M(128M) 14.442ms
[2020-08-10T13:04:11.588+0300][1191.133s][info ][gc] GC(38089) Pause Young (Allocation Failure) 126M->126M(128M) 14.651ms
[2020-08-10T13:04:11.623+0300][1191.168s][info ][gc] GC(38090) Pause Young (Allocation Failure) 126M->126M(128M) 34.661ms
[2020-08-10T13:04:11.638+0300][1191.183s][info ][gc] GC(38091) Pause Young (Allocation Failure) 127M->127M(128M) 14.683ms
[2020-08-10T13:04:12.060+0300][1191.606s][debug][gc] GC(38092) Expanding ParOldGen from 130048K by 10752K to 140800K
[2020-08-10T13:04:12.060+0300][1191.606s][info ][gc] GC(38092) Pause Full (Ergonomics) 127M->126M(139M) 422.648ms
[2020-08-10T13:04:12.074+0300][1191.620s][info ][gc] GC(38093) Pause Young (Allocation Failure) 127M->127M(139M) 13.606ms
[2020-08-10T13:04:12.090+0300][1191.635s][info ][gc] GC(38094) Pause Young (Allocation Failure) 127M->127M(139M) 14.842ms
[2020-08-10T13:04:12.105+0300][1191.651s][info ][gc] GC(38095) Pause Young (Allocation Failure) 128M->128M(139M) 14.890ms
[2020-08-10T13:04:12.120+0300][1191.666s][info ][gc] GC(38096) Pause Young (Allocation Failure) 128M->128M(139M) 15.017ms
[2020-08-10T13:04:12.136+0300][1191.682s][info ][gc] GC(38097) Pause Young (Allocation Failure) 129M->129M(139M) 15.136ms
[2020-08-10T13:04:12.152+0300][1191.697s][info ][gc] GC(38098) Pause Young (Allocation Failure) 129M->129M(139M) 15.058ms
[2020-08-10T13:04:12.167+0300][1191.713s][info ][gc] GC(38099) Pause Young (Allocation Failure) 130M->130M(139M) 15.130ms
[2020-08-10T13:04:12.183+0300][1191.728s][info ][gc] GC(38100) Pause Young (Allocation Failure) 130M->130M(139M) 15.102ms
[2020-08-10T13:04:12.198+0300][1191.744s][info ][gc] GC(38101) Pause Young (Allocation Failure) 131M->131M(139M) 15.050ms
[2020-08-10T13:04:12.229+0300][1191.775s][info ][gc] GC(38102) Pause Young (Allocation Failure) 131M->131M(139M) 30.532ms
[2020-08-10T13:04:12.245+0300][1191.790s][info ][gc] GC(38103) Pause Young (Allocation Failure) 132M->132M(139M) 15.187ms
[2020-08-10T13:04:12.267+0300][1191.813s][info ][gc] GC(38104) Pause Young (Allocation Failure) 132M->132M(139M) 21.979ms
[2020-08-10T13:04:12.282+0300][1191.828s][info ][gc] GC(38105) Pause Young (Allocation Failure) 133M->132M(139M) 15.205ms
[2020-08-10T13:04:12.298+0300][1191.844s][info ][gc] GC(38106) Pause Young (Allocation Failure) 133M->133M(139M) 15.350ms
[2020-08-10T13:04:12.314+0300][1191.859s][info ][gc] GC(38107) Pause Young (Allocation Failure) 133M->133M(139M) 15.010ms
[2020-08-10T13:04:12.330+0300][1191.876s][info ][gc] GC(38108) Pause Young (Allocation Failure) 134M->134M(139M) 16.028ms
[2020-08-10T13:04:12.346+0300][1191.892s][info ][gc] GC(38109) Pause Young (Allocation Failure) 134M->134M(139M) 15.501ms
[2020-08-10T13:04:12.391+0300][1191.937s][info ][gc] GC(38110) Pause Young (Allocation Failure) 135M->135M(139M) 44.577ms
[2020-08-10T13:04:12.411+0300][1191.957s][info ][gc] GC(38111) Pause Young (Allocation Failure) 135M->135M(139M) 19.511ms
[2020-08-10T13:04:12.411+0300][1191.957s][debug][gc] Expanding ParOldGen from 140800K by 19968K to 160768K
[2020-08-10T13:04:12.438+0300][1191.984s][info ][gc] GC(38112) Pause Young (Allocation Failure) 155M->154M(158M) 14.553ms
[2020-08-10T13:04:12.452+0300][1191.998s][info ][gc] GC(38113) Pause Young (Allocation Failure) 155M->155M(158M) 13.302ms
[2020-08-10T13:04:12.465+0300][1192.011s][info ][gc] GC(38114) Pause Young (Allocation Failure) 155M->155M(158M) 12.862ms
[2020-08-10T13:04:12.479+0300][1192.025s][info ][gc] GC(38115) Pause Young (Allocation Failure) 156M->156M(158M) 12.956ms
[2020-08-10T13:04:12.492+0300][1192.038s][info ][gc] GC(38116) Pause Young (Allocation Failure) 156M->156M(158M) 12.887ms
[2020-08-10T13:04:12.505+0300][1192.051s][info ][gc] GC(38117) Pause Young (Allocation Failure) 157M->157M(158M) 12.753ms
[2020-08-10T13:04:12.554+0300][1192.099s][debug][gc] GC(38118) Shrinking ParOldGen from 160768K by 125952K to 34816K
[2020-08-10T13:04:12.554+0300][1192.100s][info ][gc] GC(38118) Pause Full (Ergonomics) 157M->23M(35M) 48.573ms
[2020-08-10T13:04:12.567+0300][1192.112s][info ][gc] GC(38119) Pause Young (Allocation Failure) 23M->23M(35M) 12.573ms
[2020-08-10T13:04:12.580+0300][1192.126s][info ][gc] GC(38120) Pause Young (Allocation Failure) 24M->24M(35M) 12.838ms
[2020-08-10T13:04:12.593+0300][1192.139s][info ][gc] GC(38121) Pause Young (Allocation Failure) 24M->24M(35M) 12.762ms
[2020-08-10T13:04:12.606+0300][1192.152s][info ][gc] GC(38122) Pause Young (Allocation Failure) 25M->25M(35M) 12.965ms
[2020-08-10T13:04:12.619+0300][1192.165s][info ][gc] GC(38123) Pause Young (Allocation Failure) 25M->25M(35M) 12.861ms
[2020-08-10T13:04:12.633+0300][1192.179s][info ][gc] GC(38124) Pause Young (Allocation Failure) 26M->26M(35M) 12.797ms
[2020-08-10T13:04:12.646+0300][1192.192s][info ][gc] GC(38125) Pause Young (Allocation Failure) 26M->26M(35M) 12.922ms
[2020-08-10T13:04:12.659+0300][1192.205s][info ][gc] GC(38126) Pause Young (Allocation Failure) 27M->27M(35M) 12.814ms
[2020-08-10T13:04:12.673+0300][1192.219s][info ][gc] GC(38127) Pause Young (Allocation Failure) 27M->27M(35M) 12.905ms
[2020-08-10T13:04:12.686+0300][1192.232s][info ][gc] GC(38128) Pause Young (Allocation Failure) 28M->27M(35M) 12.875ms
[2020-08-10T13:04:12.700+0300][1192.245s][info ][gc] GC(38129) Pause Young (Allocation Failure) 28M->28M(35M) 12.939ms
[2020-08-10T13:04:12.713+0300][1192.259s][info ][gc] GC(38130) Pause Young (Allocation Failure) 28M->28M(35M) 13.013ms
[2020-08-10T13:04:12.727+0300][1192.272s][info ][gc] GC(38131) Pause Young (Allocation Failure) 29M->29M(35M) 13.091ms
[2020-08-10T13:04:12.756+0300][1192.301s][info ][gc] GC(38132) Pause Young (Allocation Failure) 30M->30M(36M) 28.570ms
[2020-08-10T13:04:12.769+0300][1192.315s][info ][gc] GC(38133) Pause Young (Allocation Failure) 31M->31M(36M) 13.176ms
[2020-08-10T13:04:12.783+0300][1192.329s][info ][gc] GC(38134) Pause Young (Allocation Failure) 32M->32M(36M) 13.167ms
[2020-08-10T13:04:12.796+0300][1192.342s][info ][gc] GC(38135) Pause Young (Allocation Failure) 33M->33M(36M) 13.132ms
[2020-08-10T13:04:12.810+0300][1192.356s][info ][gc] GC(38136) Pause Young (Allocation Failure) 34M->34M(36M) 13.259ms
[2020-08-10T13:04:12.869+0300][1192.415s][debug][gc] GC(38137) Expanding ParOldGen from 34816K by 11264K to 46080K
[2020-08-10T13:04:12.869+0300][1192.415s][info ][gc] GC(38137) Pause Full (Ergonomics) 34M->34M(47M) 58.892ms
[2020-08-10T13:04:12.890+0300][1192.436s][info ][gc] GC(38138) Pause Young (Allocation Failure) 35M->35M(47M) 20.241ms
[2020-08-10T13:04:12.904+0300][1192.450s][info ][gc] GC(38139) Pause Young (Allocation Failure) 36M->36M(47M) 13.525ms
[2020-08-10T13:04:12.918+0300][1192.464s][info ][gc] GC(38140) Pause Young (Allocation Failure) 37M->37M(47M) 13.467ms
[2020-08-10T13:04:12.932+0300][1192.478s][info ][gc] GC(38141) Pause Young (Allocation Failure) 38M->37M(47M) 13.570ms
[2020-08-10T13:04:12.946+0300][1192.492s][info ][gc] GC(38142) Pause Young (Allocation Failure) 38M->38M(47M) 13.489ms
[2020-08-10T13:04:12.960+0300][1192.506s][info ][gc] GC(38143) Pause Young (Allocation Failure) 39M->39M(47M) 13.484ms
[2020-08-10T13:04:12.974+0300][1192.520s][info ][gc] GC(38144) Pause Young (Allocation Failure) 40M->40M(47M) 13.223ms
[2020-08-10T13:04:12.988+0300][1192.533s][info ][gc] GC(38145) Pause Young (Allocation Failure) 41M->41M(47M) 13.278ms
[2020-08-10T13:04:13.001+0300][1192.547s][info ][gc] GC(38146) Pause Young (Allocation Failure) 42M->42M(47M) 13.299ms
[2020-08-10T13:04:13.015+0300][1192.561s][info ][gc] GC(38147) Pause Young (Allocation Failure) 43M->43M(47M) 13.301ms
[2020-08-10T13:04:13.029+0300][1192.575s][info ][gc] GC(38148) Pause Young (Allocation Failure) 44M->44M(47M) 13.574ms
[2020-08-10T13:04:13.043+0300][1192.589s][info ][gc] GC(38149) Pause Young (Allocation Failure) 45M->45M(47M) 13.512ms
[2020-08-10T13:04:13.129+0300][1192.675s][debug][gc] GC(38150) Expanding ParOldGen from 46080K by 11776K to 57856K
[2020-08-10T13:04:13.129+0300][1192.675s][info ][gc] GC(38150) Pause Full (Ergonomics) 45M->45M(59M) 86.003ms
[2020-08-10T13:04:13.150+0300][1192.696s][info ][gc] GC(38151) Pause Young (Allocation Failure) 46M->46M(59M) 20.212ms
[2020-08-10T13:04:13.164+0300][1192.710s][info ][gc] GC(38152) Pause Young (Allocation Failure) 47M->47M(59M) 13.558ms
[2020-08-10T13:04:13.179+0300][1192.724s][info ][gc] GC(38153) Pause Young (Allocation Failure) 48M->48M(59M) 13.753ms
[2020-08-10T13:04:13.193+0300][1192.738s][info ][gc] GC(38154) Pause Young (Allocation Failure) 49M->49M(59M) 13.562ms
[2020-08-10T13:04:13.207+0300][1192.753s][info ][gc] GC(38155) Pause Young (Allocation Failure) 50M->50M(59M) 13.509ms
[2020-08-10T13:04:13.221+0300][1192.767s][info ][gc] GC(38156) Pause Young (Allocation Failure) 51M->51M(59M) 13.477ms
[2020-08-10T13:04:13.235+0300][1192.781s][info ][gc] GC(38157) Pause Young (Allocation Failure) 52M->51M(59M) 13.552ms
[2020-08-10T13:04:13.249+0300][1192.795s][info ][gc] GC(38158) Pause Young (Allocation Failure) 52M->52M(59M) 13.607ms
[2020-08-10T13:04:13.263+0300][1192.809s][info ][gc] GC(38159) Pause Young (Allocation Failure) 53M->53M(59M) 13.609ms
[2020-08-10T13:04:13.277+0300][1192.823s][info ][gc] GC(38160) Pause Young (Allocation Failure) 54M->54M(59M) 13.609ms
[2020-08-10T13:04:13.291+0300][1192.837s][info ][gc] GC(38161) Pause Young (Allocation Failure) 55M->55M(59M) 13.568ms
[2020-08-10T13:04:13.306+0300][1192.851s][info ][gc] GC(38162) Pause Young (Allocation Failure) 56M->56M(59M) 13.569ms
[2020-08-10T13:04:13.423+0300][1192.969s][debug][gc] GC(38163) Expanding ParOldGen from 57856K by 11264K to 69120K
[2020-08-10T13:04:13.423+0300][1192.969s][info ][gc] GC(38163) Pause Full (Ergonomics) 56M->56M(70M) 117.162ms
[2020-08-10T13:04:13.446+0300][1192.992s][info ][gc] GC(38164) Pause Young (Allocation Failure) 57M->57M(70M) 22.831ms
[2020-08-10T13:04:13.460+0300][1193.006s][info ][gc] GC(38165) Pause Young (Allocation Failure) 58M->58M(70M) 13.716ms
[2020-08-10T13:04:13.475+0300][1193.020s][info ][gc] GC(38166) Pause Young (Allocation Failure) 59M->59M(70M) 13.566ms
[2020-08-10T13:04:13.489+0300][1193.035s][info ][gc] GC(38167) Pause Young (Allocation Failure) 60M->60M(70M) 13.648ms
[2020-08-10T13:04:13.503+0300][1193.049s][info ][gc] GC(38168) Pause Young (Allocation Failure) 61M->61M(70M) 13.726ms
[2020-08-10T13:04:13.517+0300][1193.063s][info ][gc] GC(38169) Pause Young (Allocation Failure) 62M->62M(70M) 13.675ms
[2020-08-10T13:04:13.531+0300][1193.077s][info ][gc] GC(38170) Pause Young (Allocation Failure) 63M->63M(70M) 13.652ms
[2020-08-10T13:04:13.546+0300][1193.091s][info ][gc] GC(38171) Pause Young (Allocation Failure) 64M->64M(70M) 13.689ms
[2020-08-10T13:04:13.560+0300][1193.106s][info ][gc] GC(38172) Pause Young (Allocation Failure) 65M->65M(70M) 13.666ms
[2020-08-10T13:04:13.587+0300][1193.133s][info ][gc] GC(38173) Pause Young (Allocation Failure) 66M->66M(70M) 26.782ms
[2020-08-10T13:04:13.601+0300][1193.147s][info ][gc] GC(38174) Pause Young (Allocation Failure) 67M->66M(70M) 13.746ms
[2020-08-10T13:04:13.615+0300][1193.161s][info ][gc] GC(38175) Pause Young (Allocation Failure) 67M->67M(70M) 13.507ms
[2020-08-10T13:04:13.764+0300][1193.310s][debug][gc] GC(38176) Expanding ParOldGen from 69120K by 11264K to 80384K
[2020-08-10T13:04:13.764+0300][1193.310s][info ][gc] GC(38176) Pause Full (Ergonomics) 67M->67M(81M) 148.602ms
[2020-08-10T13:04:13.792+0300][1193.338s][info ][gc] GC(38177) Pause Young (Allocation Failure) 68M->68M(81M) 27.248ms
[2020-08-10T13:04:13.806+0300][1193.352s][info ][gc] GC(38178) Pause Young (Allocation Failure) 69M->69M(81M) 13.755ms
[2020-08-10T13:04:13.820+0300][1193.366s][info ][gc] GC(38179) Pause Young (Allocation Failure) 70M->70M(81M) 13.561ms
[2020-08-10T13:04:13.835+0300][1193.380s][info ][gc] GC(38180) Pause Young (Allocation Failure) 71M->71M(81M) 13.784ms
[2020-08-10T13:04:13.849+0300][1193.395s][info ][gc] GC(38181) Pause Young (Allocation Failure) 72M->72M(81M) 13.767ms
[2020-08-10T13:04:13.863+0300][1193.409s][info ][gc] GC(38182) Pause Young (Allocation Failure) 73M->73M(81M) 13.542ms
[2020-08-10T13:04:13.878+0300][1193.423s][info ][gc] GC(38183) Pause Young (Allocation Failure) 74M->74M(81M) 14.081ms
[2020-08-10T13:04:13.892+0300][1193.438s][info ][gc] GC(38184) Pause Young (Allocation Failure) 75M->75M(81M) 13.810ms
[2020-08-10T13:04:13.906+0300][1193.452s][info ][gc] GC(38185) Pause Young (Allocation Failure) 76M->76M(81M) 13.565ms
[2020-08-10T13:04:13.920+0300][1193.466s][info ][gc] GC(38186) Pause Young (Allocation Failure) 77M->77M(81M) 13.669ms
[2020-08-10T13:04:13.935+0300][1193.480s][info ][gc] GC(38187) Pause Young (Allocation Failure) 78M->78M(81M) 13.856ms
[2020-08-10T13:04:13.949+0300][1193.495s][info ][gc] GC(38188) Pause Young (Allocation Failure) 79M->79M(81M) 13.740ms
[2020-08-10T13:04:14.122+0300][1193.668s][debug][gc] GC(38189) Expanding ParOldGen from 80384K by 11264K to 91648K
[2020-08-10T13:04:14.123+0300][1193.668s][info ][gc] GC(38189) Pause Full (Ergonomics) 79M->78M(92M) 173.514ms
[2020-08-10T13:04:14.154+0300][1193.700s][info ][gc] GC(38190) Pause Young (Allocation Failure) 79M->79M(92M) 30.569ms
[2020-08-10T13:04:14.168+0300][1193.714s][info ][gc] GC(38191) Pause Young (Allocation Failure) 80M->80M(92M) 13.957ms
[2020-08-10T13:04:14.183+0300][1193.728s][info ][gc] GC(38192) Pause Young (Allocation Failure) 81M->81M(92M) 13.900ms
[2020-08-10T13:04:14.197+0300][1193.743s][info ][gc] GC(38193) Pause Young (Allocation Failure) 82M->82M(92M) 13.945ms
[2020-08-10T13:04:14.212+0300][1193.758s][info ][gc] GC(38194) Pause Young (Allocation Failure) 83M->83M(92M) 14.402ms
[2020-08-10T13:04:14.227+0300][1193.772s][info ][gc] GC(38195) Pause Young (Allocation Failure) 84M->84M(92M) 14.017ms
[2020-08-10T13:04:14.241+0300][1193.787s][info ][gc] GC(38196) Pause Young (Allocation Failure) 85M->85M(92M) 14.101ms
[2020-08-10T13:04:14.256+0300][1193.802s][info ][gc] GC(38197) Pause Young (Allocation Failure) 86M->86M(92M) 14.453ms
[2020-08-10T13:04:14.271+0300][1193.817s][info ][gc] GC(38198) Pause Young (Allocation Failure) 87M->87M(92M) 14.415ms
[2020-08-10T13:04:14.286+0300][1193.832s][info ][gc] GC(38199) Pause Young (Allocation Failure) 88M->88M(92M) 14.653ms
[2020-08-10T13:04:14.301+0300][1193.847s][info ][gc] GC(38200) Pause Young (Allocation Failure) 89M->89M(92M) 14.414ms
[2020-08-10T13:04:14.504+0300][1194.050s][debug][gc] GC(38201) Expanding ParOldGen from 91648K by 11264K to 102912K
[2020-08-10T13:04:14.504+0300][1194.050s][info ][gc] GC(38201) Pause Full (Ergonomics) 89M->89M(103M) 202.841ms
[2020-08-10T13:04:14.518+0300][1194.064s][info ][gc] GC(38202) Pause Young (Allocation Failure) 90M->90M(102M) 13.543ms
[2020-08-10T13:04:14.533+0300][1194.079s][info ][gc] GC(38203) Pause Young (Allocation Failure) 91M->91M(102M) 14.531ms
[2020-08-10T13:04:14.547+0300][1194.093s][info ][gc] GC(38204) Pause Young (Allocation Failure) 91M->91M(102M) 13.438ms
[2020-08-10T13:04:14.561+0300][1194.107s][info ][gc] GC(38205) Pause Young (Allocation Failure) 92M->92M(102M) 13.147ms
[2020-08-10T13:04:14.582+0300][1194.128s][info ][gc] GC(38206) Pause Young (Allocation Failure) 92M->92M(102M) 20.966ms
[2020-08-10T13:04:14.596+0300][1194.142s][info ][gc] GC(38207) Pause Young (Allocation Failure) 93M->93M(102M) 13.108ms
[2020-08-10T13:04:14.609+0300][1194.155s][info ][gc] GC(38208) Pause Young (Allocation Failure) 93M->93M(102M) 12.996ms
[2020-08-10T13:04:14.623+0300][1194.168s][info ][gc] GC(38209) Pause Young (Allocation Failure) 93M->93M(102M) 13.127ms
[2020-08-10T13:04:14.636+0300][1194.182s][info ][gc] GC(38210) Pause Young (Allocation Failure) 94M->94M(102M) 13.126ms
[2020-08-10T13:04:14.650+0300][1194.196s][info ][gc] GC(38211) Pause Young (Allocation Failure) 94M->94M(102M) 13.116ms
[2020-08-10T13:04:14.663+0300][1194.209s][info ][gc] GC(38212) Pause Young (Allocation Failure) 95M->95M(102M) 13.101ms
[2020-08-10T13:04:14.677+0300][1194.223s][info ][gc] GC(38213) Pause Young (Allocation Failure) 95M->95M(102M) 13.097ms
[2020-08-10T13:04:14.690+0300][1194.236s][info ][gc] GC(38214) Pause Young (Allocation Failure) 96M->96M(102M) 13.131ms
[2020-08-10T13:04:14.704+0300][1194.250s][info ][gc] GC(38215) Pause Young (Allocation Failure) 96M->96M(102M) 13.138ms
[2020-08-10T13:04:14.717+0300][1194.263s][info ][gc] GC(38216) Pause Young (Allocation Failure) 97M->97M(102M) 13.162ms
[2020-08-10T13:04:14.731+0300][1194.277s][info ][gc] GC(38217) Pause Young (Allocation Failure) 97M->97M(102M) 13.086ms
[2020-08-10T13:04:14.744+0300][1194.290s][info ][gc] GC(38218) Pause Young (Allocation Failure) 98M->98M(102M) 12.979ms
[2020-08-10T13:04:14.758+0300][1194.304s][info ][gc] GC(38219) Pause Young (Allocation Failure) 98M->98M(102M) 13.168ms
[2020-08-10T13:04:14.771+0300][1194.317s][info ][gc] GC(38220) Pause Young (Allocation Failure) 99M->98M(101M) 13.267ms
[2020-08-10T13:04:14.785+0300][1194.331s][info ][gc] GC(38221) Pause Young (Allocation Failure) 99M->99M(102M) 13.148ms
[2020-08-10T13:04:14.799+0300][1194.345s][info ][gc] GC(38222) Pause Young (Allocation Failure) 99M->99M(102M) 13.094ms
[2020-08-10T13:04:14.812+0300][1194.358s][info ][gc] GC(38223) Pause Young (Allocation Failure) 100M->100M(102M) 13.054ms
[2020-08-10T13:04:15.081+0300][1194.627s][debug][gc] GC(38224) Expanding ParOldGen from 102912K by 10752K to 113664K
[2020-08-10T13:04:15.081+0300][1194.627s][info ][gc] GC(38224) Pause Full (Ergonomics) 100M->100M(112M) 268.487ms
[2020-08-10T13:04:15.094+0300][1194.640s][info ][gc] GC(38225) Pause Young (Allocation Failure) 100M->100M(112M) 12.802ms
[2020-08-10T13:04:15.108+0300][1194.654s][info ][gc] GC(38226) Pause Young (Allocation Failure) 101M->101M(112M) 13.132ms
[2020-08-10T13:04:15.121+0300][1194.667s][info ][gc] GC(38227) Pause Young (Allocation Failure) 101M->101M(112M) 13.147ms
[2020-08-10T13:04:15.135+0300][1194.681s][info ][gc] GC(38228) Pause Young (Allocation Failure) 102M->101M(112M) 13.119ms
[2020-08-10T13:04:15.149+0300][1194.694s][info ][gc] GC(38229) Pause Young (Allocation Failure) 102M->102M(112M) 13.193ms
[2020-08-10T13:04:15.162+0300][1194.708s][info ][gc] GC(38230) Pause Young (Allocation Failure) 102M->102M(112M) 13.088ms
[2020-08-10T13:04:15.176+0300][1194.722s][info ][gc] GC(38231) Pause Young (Allocation Failure) 103M->103M(112M) 13.174ms
[2020-08-10T13:04:15.189+0300][1194.735s][info ][gc] GC(38232) Pause Young (Allocation Failure) 103M->103M(112M) 13.129ms
[2020-08-10T13:04:15.203+0300][1194.749s][info ][gc] GC(38233) Pause Young (Allocation Failure) 104M->104M(112M) 13.034ms
[2020-08-10T13:04:15.216+0300][1194.762s][info ][gc] GC(38234) Pause Young (Allocation Failure) 104M->104M(112M) 13.075ms
[2020-08-10T13:04:15.230+0300][1194.775s][info ][gc] GC(38235) Pause Young (Allocation Failure) 105M->105M(112M) 13.121ms
[2020-08-10T13:04:15.243+0300][1194.789s][info ][gc] GC(38236) Pause Young (Allocation Failure) 105M->105M(112M) 13.125ms
[2020-08-10T13:04:15.257+0300][1194.803s][info ][gc] GC(38237) Pause Young (Allocation Failure) 106M->106M(112M) 13.215ms
[2020-08-10T13:04:15.270+0300][1194.816s][info ][gc] GC(38238) Pause Young (Allocation Failure) 106M->106M(112M) 13.015ms
[2020-08-10T13:04:15.284+0300][1194.830s][info ][gc] GC(38239) Pause Young (Allocation Failure) 107M->106M(112M) 13.212ms
[2020-08-10T13:04:15.297+0300][1194.843s][info ][gc] GC(38240) Pause Young (Allocation Failure) 107M->107M(112M) 13.201ms
[2020-08-10T13:04:15.311+0300][1194.857s][info ][gc] GC(38241) Pause Young (Allocation Failure) 107M->107M(112M) 13.288ms
[2020-08-10T13:04:15.325+0300][1194.871s][info ][gc] GC(38242) Pause Young (Allocation Failure) 108M->108M(112M) 13.204ms
[2020-08-10T13:04:15.339+0300][1194.884s][info ][gc] GC(38243) Pause Young (Allocation Failure) 108M->108M(112M) 13.206ms
[2020-08-10T13:04:15.352+0300][1194.898s][info ][gc] GC(38244) Pause Young (Allocation Failure) 109M->109M(112M) 13.225ms
[2020-08-10T13:04:15.366+0300][1194.912s][info ][gc] GC(38245) Pause Young (Allocation Failure) 109M->109M(112M) 13.209ms
[2020-08-10T13:04:15.379+0300][1194.925s][info ][gc] GC(38246) Pause Young (Allocation Failure) 110M->110M(112M) 13.194ms
[2020-08-10T13:04:15.393+0300][1194.939s][info ][gc] GC(38247) Pause Young (Allocation Failure) 110M->110M(112M) 13.207ms
[2020-08-10T13:04:15.407+0300][1194.953s][info ][gc] GC(38248) Pause Young (Allocation Failure) 111M->111M(112M) 13.159ms
[2020-08-10T13:04:15.669+0300][1195.215s][debug][gc] GC(38249) Expanding ParOldGen from 113664K by 10752K to 124416K
[2020-08-10T13:04:15.670+0300][1195.215s][info ][gc] GC(38249) Pause Full (Ergonomics) 111M->110M(123M) 262.660ms
[2020-08-10T13:04:15.683+0300][1195.229s][info ][gc] GC(38250) Pause Young (Allocation Failure) 111M->111M(123M) 13.004ms
[2020-08-10T13:04:15.697+0300][1195.243s][info ][gc] GC(38251) Pause Young (Allocation Failure) 111M->111M(123M) 13.651ms
[2020-08-10T13:04:15.711+0300][1195.257s][info ][gc] GC(38252) Pause Young (Allocation Failure) 112M->112M(123M) 13.564ms
[2020-08-10T13:04:15.725+0300][1195.271s][info ][gc] GC(38253) Pause Young (Allocation Failure) 112M->112M(123M) 13.534ms
[2020-08-10T13:04:15.739+0300][1195.285s][info ][gc] GC(38254) Pause Young (Allocation Failure) 113M->113M(123M) 13.573ms
[2020-08-10T13:04:15.753+0300][1195.299s][info ][gc] GC(38255) Pause Young (Allocation Failure) 113M->113M(123M) 13.608ms
[2020-08-10T13:04:15.767+0300][1195.313s][info ][gc] GC(38256) Pause Young (Allocation Failure) 114M->114M(123M) 13.503ms
[2020-08-10T13:04:15.781+0300][1195.327s][info ][gc] GC(38257) Pause Young (Allocation Failure) 114M->114M(123M) 13.558ms
[2020-08-10T13:04:15.795+0300][1195.341s][info ][gc] GC(38258) Pause Young (Allocation Failure) 115M->115M(123M) 13.623ms
[2020-08-10T13:04:15.809+0300][1195.355s][info ][gc] GC(38259) Pause Young (Allocation Failure) 115M->115M(123M) 13.593ms
[2020-08-10T13:04:15.823+0300][1195.369s][info ][gc] GC(38260) Pause Young (Allocation Failure) 116M->115M(123M) 13.734ms
[2020-08-10T13:04:15.837+0300][1195.383s][info ][gc] GC(38261) Pause Young (Allocation Failure) 116M->116M(123M) 13.690ms
[2020-08-10T13:04:15.851+0300][1195.397s][info ][gc] GC(38262) Pause Young (Allocation Failure) 116M->116M(123M) 13.776ms
[2020-08-10T13:04:15.866+0300][1195.412s][info ][gc] GC(38263) Pause Young (Allocation Failure) 117M->117M(123M) 13.833ms
[2020-08-10T13:04:15.880+0300][1195.426s][info ][gc] GC(38264) Pause Young (Allocation Failure) 117M->117M(123M) 13.870ms
[2020-08-10T13:04:15.894+0300][1195.440s][info ][gc] GC(38265) Pause Young (Allocation Failure) 118M->118M(123M) 13.908ms
[2020-08-10T13:04:15.915+0300][1195.461s][info ][gc] GC(38266) Pause Young (Allocation Failure) 118M->118M(123M) 20.067ms
[2020-08-10T13:04:15.929+0300][1195.475s][info ][gc] GC(38267) Pause Young (Allocation Failure) 119M->119M(123M) 13.947ms
[2020-08-10T13:04:15.943+0300][1195.489s][info ][gc] GC(38268) Pause Young (Allocation Failure) 119M->119M(123M) 13.957ms
[2020-08-10T13:04:15.958+0300][1195.504s][info ][gc] GC(38269) Pause Young (Allocation Failure) 120M->120M(123M) 14.086ms
[2020-08-10T13:04:15.973+0300][1195.519s][info ][gc] GC(38270) Pause Young (Allocation Failure) 120M->120M(123M) 14.197ms
[2020-08-10T13:04:15.987+0300][1195.533s][info ][gc] GC(38271) Pause Young (Allocation Failure) 121M->121M(123M) 13.930ms
[2020-08-10T13:04:16.002+0300][1195.548s][info ][gc] GC(38272) Pause Young (Allocation Failure) 121M->121M(123M) 14.183ms
[2020-08-10T13:04:16.016+0300][1195.562s][info ][gc] GC(38273) Pause Young (Allocation Failure) 121M->121M(123M) 14.284ms
[2020-08-10T13:04:16.319+0300][1195.865s][debug][gc] GC(38274) Expanding ParOldGen from 124416K by 10752K to 135168K
[2020-08-10T13:04:16.319+0300][1195.865s][info ][gc] GC(38274) Pause Full (Ergonomics) 121M->121M(133M) 302.360ms
[2020-08-10T13:04:16.350+0300][1195.896s][info ][gc] GC(38275) Pause Young (Allocation Failure) 122M->122M(133M) 31.188ms
[2020-08-10T13:04:16.366+0300][1195.912s][info ][gc] GC(38276) Pause Young (Allocation Failure) 122M->122M(133M) 14.966ms
[2020-08-10T13:04:16.381+0300][1195.927s][info ][gc] GC(38277) Pause Young (Allocation Failure) 123M->123M(133M) 14.874ms
[2020-08-10T13:04:16.397+0300][1195.942s][info ][gc] GC(38278) Pause Young (Allocation Failure) 123M->123M(133M) 14.887ms
[2020-08-10T13:04:16.435+0300][1195.981s][info ][gc] GC(38279) Pause Young (Allocation Failure) 124M->124M(133M) 38.463ms
[2020-08-10T13:04:16.451+0300][1195.997s][info ][gc] GC(38280) Pause Young (Allocation Failure) 124M->124M(133M) 15.041ms
[2020-08-10T13:04:16.466+0300][1196.012s][info ][gc] GC(38281) Pause Young (Allocation Failure) 125M->124M(133M) 14.975ms
[2020-08-10T13:04:16.482+0300][1196.028s][info ][gc] GC(38282) Pause Young (Allocation Failure) 125M->125M(133M) 15.200ms
[2020-08-10T13:04:16.522+0300][1196.068s][info ][gc] GC(38283) Pause Young (Allocation Failure) 125M->125M(133M) 39.788ms
[2020-08-10T13:04:16.538+0300][1196.084s][info ][gc] GC(38284) Pause Young (Allocation Failure) 126M->126M(133M) 15.069ms
[2020-08-10T13:04:16.553+0300][1196.099s][info ][gc] GC(38285) Pause Young (Allocation Failure) 126M->126M(133M) 14.954ms
[2020-08-10T13:04:16.569+0300][1196.115s][info ][gc] GC(38286) Pause Young (Allocation Failure) 127M->127M(133M) 15.211ms
[2020-08-10T13:04:16.587+0300][1196.133s][info ][gc] GC(38287) Pause Young (Allocation Failure) 127M->127M(133M) 17.408ms
[2020-08-10T13:04:16.602+0300][1196.148s][info ][gc] GC(38288) Pause Young (Allocation Failure) 128M->128M(133M) 15.230ms
[2020-08-10T13:04:16.630+0300][1196.176s][info ][gc] GC(38289) Pause Young (Allocation Failure) 128M->128M(133M) 27.381ms
[2020-08-10T13:04:16.661+0300][1196.207s][info ][gc] GC(38290) Pause Young (Allocation Failure) 129M->128M(133M) 30.768ms
[2020-08-10T13:04:16.677+0300][1196.223s][info ][gc] GC(38291) Pause Young (Allocation Failure) 129M->129M(133M) 15.280ms
[2020-08-10T13:04:16.692+0300][1196.238s][info ][gc] GC(38292) Pause Young (Allocation Failure) 129M->129M(133M) 15.287ms
[2020-08-10T13:04:16.714+0300][1196.259s][info ][gc] GC(38293) Pause Young (Allocation Failure) 130M->130M(133M) 20.718ms
[2020-08-10T13:04:16.729+0300][1196.275s][info ][gc] GC(38294) Pause Young (Allocation Failure) 130M->130M(133M) 15.095ms
[2020-08-10T13:04:16.750+0300][1196.296s][info ][gc] GC(38295) Pause Young (Allocation Failure) 131M->131M(133M) 21.180ms
[2020-08-10T13:04:16.766+0300][1196.312s][info ][gc] GC(38296) Pause Young (Allocation Failure) 131M->131M(133M) 15.248ms
[2020-08-10T13:04:16.787+0300][1196.333s][info ][gc] GC(38297) Pause Young (Allocation Failure) 132M->132M(133M) 21.109ms
[2020-08-10T13:04:17.128+0300][1196.674s][debug][gc] GC(38298) Expanding ParOldGen from 135168K by 10752K to 145920K
[2020-08-10T13:04:17.128+0300][1196.674s][info ][gc] GC(38298) Pause Full (Ergonomics) 132M->131M(144M) 340.636ms
[2020-08-10T13:04:17.142+0300][1196.688s][info ][gc] GC(38299) Pause Young (Allocation Failure) 132M->132M(144M) 13.943ms
[2020-08-10T13:04:17.158+0300][1196.704s][info ][gc] GC(38300) Pause Young (Allocation Failure) 132M->132M(144M) 15.362ms
[2020-08-10T13:04:17.174+0300][1196.720s][info ][gc] GC(38301) Pause Young (Allocation Failure) 133M->133M(144M) 15.161ms
[2020-08-10T13:04:17.189+0300][1196.735s][info ][gc] GC(38302) Pause Young (Allocation Failure) 133M->133M(144M) 15.208ms
[2020-08-10T13:04:17.205+0300][1196.751s][info ][gc] GC(38303) Pause Young (Allocation Failure) 134M->134M(144M) 15.117ms
[2020-08-10T13:04:17.220+0300][1196.766s][info ][gc] GC(38304) Pause Young (Allocation Failure) 134M->134M(144M) 15.071ms
[2020-08-10T13:04:17.236+0300][1196.782s][info ][gc] GC(38305) Pause Young (Allocation Failure) 135M->135M(144M) 15.190ms
[2020-08-10T13:04:17.252+0300][1196.798s][info ][gc] GC(38306) Pause Young (Allocation Failure) 135M->135M(144M) 15.455ms
[2020-08-10T13:04:17.252+0300][1196.798s][debug][gc] Expanding ParOldGen from 145920K by 19968K to 165888K
[2020-08-10T13:04:17.274+0300][1196.820s][info ][gc] GC(38307) Pause Young (Allocation Failure) 155M->154M(163M) 14.363ms
[2020-08-10T13:04:17.311+0300][1196.857s][info ][gc] GC(38308) Pause Young (Allocation Failure) 155M->155M(163M) 36.640ms
[2020-08-10T13:04:17.326+0300][1196.872s][info ][gc] GC(38309) Pause Young (Allocation Failure) 155M->155M(163M) 14.851ms
[2020-08-10T13:04:17.340+0300][1196.886s][info ][gc] GC(38310) Pause Young (Allocation Failure) 156M->156M(163M) 13.119ms
[2020-08-10T13:04:17.353+0300][1196.899s][info ][gc] GC(38311) Pause Young (Allocation Failure) 156M->156M(163M) 13.226ms
[2020-08-10T13:04:17.369+0300][1196.915s][info ][gc] GC(38312) Pause Young (Allocation Failure) 157M->157M(163M) 14.676ms
[2020-08-10T13:04:17.384+0300][1196.930s][info ][gc] GC(38313) Pause Young (Allocation Failure) 157M->157M(163M) 14.705ms
[2020-08-10T13:04:17.398+0300][1196.944s][info ][gc] GC(38314) Pause Young (Allocation Failure) 158M->157M(163M) 13.290ms
[2020-08-10T13:04:17.411+0300][1196.957s][info ][gc] GC(38315) Pause Young (Allocation Failure) 158M->158M(163M) 13.249ms
[2020-08-10T13:04:17.425+0300][1196.971s][info ][gc] GC(38316) Pause Young (Allocation Failure) 158M->158M(163M) 13.176ms
[2020-08-10T13:04:17.439+0300][1196.985s][info ][gc] GC(38317) Pause Young (Allocation Failure) 159M->159M(163M) 13.246ms
[2020-08-10T13:04:17.452+0300][1196.998s][info ][gc] GC(38318) Pause Young (Allocation Failure) 159M->159M(163M) 13.226ms
[2020-08-10T13:04:17.466+0300][1197.012s][info ][gc] GC(38319) Pause Young (Allocation Failure) 160M->160M(163M) 13.015ms
[2020-08-10T13:04:17.479+0300][1197.025s][info ][gc] GC(38320) Pause Young (Allocation Failure) 160M->160M(163M) 12.977ms
[2020-08-10T13:04:17.492+0300][1197.038s][info ][gc] GC(38321) Pause Young (Allocation Failure) 161M->161M(163M) 13.268ms
[2020-08-10T13:04:17.506+0300][1197.052s][info ][gc] GC(38322) Pause Young (Allocation Failure) 161M->161M(163M) 13.171ms
[2020-08-10T13:04:17.512+0300][1197.058s][debug][gc] GC(38323) Expanding ParOldGen from 165888K by 512K to 166400K
[2020-08-10T13:04:17.542+0300][1197.088s][info ][gc] GC(38323) Pause Young (Allocation Failure) 162M->162M(164M) 34.896ms
[2020-08-10T13:04:17.606+0300][1197.152s][debug][gc] GC(38324) Shrinking ParOldGen from 166400K by 125952K to 40448K
[2020-08-10T13:04:17.606+0300][1197.152s][info ][gc] GC(38324) Pause Full (Ergonomics) 162M->28M(41M) 63.999ms
[2020-08-10T13:04:17.620+0300][1197.166s][info ][gc] GC(38325) Pause Young (Allocation Failure) 29M->29M(41M) 13.886ms
[2020-08-10T13:04:17.641+0300][1197.187s][info ][gc] GC(38326) Pause Young (Allocation Failure) 30M->30M(41M) 20.506ms
[2020-08-10T13:04:17.654+0300][1197.200s][info ][gc] GC(38327) Pause Young (Allocation Failure) 31M->31M(41M) 13.139ms
[2020-08-10T13:04:17.668+0300][1197.214s][info ][gc] GC(38328) Pause Young (Allocation Failure) 31M->31M(41M) 12.811ms
[2020-08-10T13:04:17.681+0300][1197.227s][info ][gc] GC(38329) Pause Young (Allocation Failure) 32M->32M(41M) 12.921ms
[2020-08-10T13:04:17.695+0300][1197.240s][info ][gc] GC(38330) Pause Young (Allocation Failure) 32M->32M(40M) 12.993ms
[2020-08-10T13:04:17.709+0300][1197.254s][info ][gc] GC(38331) Pause Young (Allocation Failure) 33M->32M(41M) 12.914ms
[2020-08-10T13:04:17.722+0300][1197.267s][info ][gc] GC(38332) Pause Young (Allocation Failure) 33M->33M(41M) 12.943ms
[2020-08-10T13:04:17.736+0300][1197.281s][info ][gc] GC(38333) Pause Young (Allocation Failure) 33M->33M(41M) 13.008ms
[2020-08-10T13:04:17.749+0300][1197.294s][info ][gc] GC(38334) Pause Young (Allocation Failure) 34M->34M(41M) 12.815ms
[2020-08-10T13:04:17.762+0300][1197.307s][info ][gc] GC(38335) Pause Young (Allocation Failure) 34M->34M(41M) 12.996ms
[2020-08-10T13:04:17.775+0300][1197.320s][info ][gc] GC(38336) Pause Young (Allocation Failure) 35M->35M(41M) 12.876ms
[2020-08-10T13:04:17.789+0300][1197.334s][info ][gc] GC(38337) Pause Young (Allocation Failure) 35M->35M(41M) 12.967ms
[2020-08-10T13:04:17.802+0300][1197.347s][info ][gc] GC(38338) Pause Young (Allocation Failure) 36M->36M(41M) 12.790ms
[2020-08-10T13:04:17.815+0300][1197.360s][info ][gc] GC(38339) Pause Young (Allocation Failure) 36M->36M(41M) 12.814ms
[2020-08-10T13:04:17.829+0300][1197.374s][info ][gc] GC(38340) Pause Young (Allocation Failure) 37M->37M(41M) 12.893ms
[2020-08-10T13:04:17.842+0300][1197.387s][info ][gc] GC(38341) Pause Young (Allocation Failure) 37M->37M(41M) 12.929ms
[2020-08-10T13:04:17.855+0300][1197.400s][info ][gc] GC(38342) Pause Young (Allocation Failure) 37M->37M(41M) 12.873ms
[2020-08-10T13:04:17.868+0300][1197.413s][info ][gc] GC(38343) Pause Young (Allocation Failure) 38M->38M(41M) 12.887ms
[2020-08-10T13:04:17.882+0300][1197.427s][info ][gc] GC(38344) Pause Young (Allocation Failure) 38M->38M(41M) 12.884ms
[2020-08-10T13:04:17.895+0300][1197.440s][info ][gc] GC(38345) Pause Young (Allocation Failure) 39M->39M(41M) 12.959ms
[2020-08-10T13:04:17.908+0300][1197.454s][info ][gc] GC(38346) Pause Young (Allocation Failure) 39M->39M(41M) 12.930ms
[2020-08-10T13:04:17.982+0300][1197.527s][debug][gc] GC(38347) Expanding ParOldGen from 40448K by 10752K to 51200K
[2020-08-10T13:04:17.982+0300][1197.527s][info ][gc] GC(38347) Pause Full (Ergonomics) 39M->39M(51M) 73.708ms
[2020-08-10T13:04:18.000+0300][1197.545s][info ][gc] GC(38348) Pause Young (Allocation Failure) 40M->40M(51M) 17.593ms
[2020-08-10T13:04:18.014+0300][1197.559s][info ][gc] GC(38349) Pause Young (Allocation Failure) 40M->40M(51M) 13.093ms
[2020-08-10T13:04:18.027+0300][1197.572s][info ][gc] GC(38350) Pause Young (Allocation Failure) 41M->40M(51M) 13.011ms
[2020-08-10T13:04:18.041+0300][1197.586s][info ][gc] GC(38351) Pause Young (Allocation Failure) 41M->41M(51M) 13.149ms
[2020-08-10T13:04:18.055+0300][1197.600s][info ][gc] GC(38352) Pause Young (Allocation Failure) 41M->41M(51M) 13.082ms
[2020-08-10T13:04:18.068+0300][1197.613s][info ][gc] GC(38353) Pause Young (Allocation Failure) 42M->42M(51M) 13.036ms
[2020-08-10T13:04:18.081+0300][1197.626s][info ][gc] GC(38354) Pause Young (Allocation Failure) 42M->42M(51M) 13.023ms
[2020-08-10T13:04:18.095+0300][1197.640s][info ][gc] GC(38355) Pause Young (Allocation Failure) 43M->43M(51M) 12.998ms
[2020-08-10T13:04:18.108+0300][1197.653s][info ][gc] GC(38356) Pause Young (Allocation Failure) 43M->43M(51M) 13.014ms
[2020-08-10T13:04:18.122+0300][1197.667s][info ][gc] GC(38357) Pause Young (Allocation Failure) 44M->44M(51M) 13.051ms
[2020-08-10T13:04:18.135+0300][1197.680s][info ][gc] GC(38358) Pause Young (Allocation Failure) 44M->44M(51M) 13.034ms
[2020-08-10T13:04:18.149+0300][1197.694s][info ][gc] GC(38359) Pause Young (Allocation Failure) 45M->45M(51M) 13.022ms
[2020-08-10T13:04:18.162+0300][1197.707s][info ][gc] GC(38360) Pause Young (Allocation Failure) 45M->45M(51M) 13.029ms
[2020-08-10T13:04:18.176+0300][1197.721s][info ][gc] GC(38361) Pause Young (Allocation Failure) 46M->45M(51M) 13.044ms
[2020-08-10T13:04:18.189+0300][1197.734s][info ][gc] GC(38362) Pause Young (Allocation Failure) 46M->46M(51M) 13.067ms
[2020-08-10T13:04:18.203+0300][1197.748s][info ][gc] GC(38363) Pause Young (Allocation Failure) 46M->46M(51M) 13.106ms
[2020-08-10T13:04:18.216+0300][1197.761s][info ][gc] GC(38364) Pause Young (Allocation Failure) 47M->47M(51M) 13.007ms
[2020-08-10T13:04:18.230+0300][1197.775s][info ][gc] GC(38365) Pause Young (Allocation Failure) 47M->47M(51M) 13.059ms
[2020-08-10T13:04:18.243+0300][1197.788s][info ][gc] GC(38366) Pause Young (Allocation Failure) 48M->48M(51M) 13.055ms
[2020-08-10T13:04:18.256+0300][1197.801s][info ][gc] GC(38367) Pause Young (Allocation Failure) 48M->48M(51M) 12.823ms
[2020-08-10T13:04:18.270+0300][1197.815s][info ][gc] GC(38368) Pause Young (Allocation Failure) 49M->49M(51M) 12.858ms
[2020-08-10T13:04:18.283+0300][1197.828s][info ][gc] GC(38369) Pause Young (Allocation Failure) 49M->49M(51M) 13.157ms
[2020-08-10T13:04:18.297+0300][1197.842s][info ][gc] GC(38370) Pause Young (Allocation Failure) 50M->50M(51M) 13.044ms
[2020-08-10T13:04:18.395+0300][1197.940s][debug][gc] GC(38371) Expanding ParOldGen from 51200K by 10752K to 61952K
[2020-08-10T13:04:18.395+0300][1197.940s][info ][gc] GC(38371) Pause Full (Ergonomics) 50M->49M(62M) 98.526ms
[2020-08-10T13:04:18.409+0300][1197.954s][info ][gc] GC(38372) Pause Young (Allocation Failure) 50M->50M(62M) 12.865ms
[2020-08-10T13:04:18.422+0300][1197.967s][info ][gc] GC(38373) Pause Young (Allocation Failure) 50M->50M(62M) 12.999ms
[2020-08-10T13:04:18.436+0300][1197.981s][info ][gc] GC(38374) Pause Young (Allocation Failure) 51M->51M(62M) 13.054ms
[2020-08-10T13:04:18.449+0300][1197.994s][info ][gc] GC(38375) Pause Young (Allocation Failure) 51M->51M(62M) 13.102ms
[2020-08-10T13:04:18.463+0300][1198.008s][info ][gc] GC(38376) Pause Young (Allocation Failure) 52M->52M(62M) 13.277ms
[2020-08-10T13:04:18.477+0300][1198.022s][info ][gc] GC(38377) Pause Young (Allocation Failure) 53M->53M(62M) 13.212ms
[2020-08-10T13:04:18.491+0300][1198.036s][info ][gc] GC(38378) Pause Young (Allocation Failure) 54M->54M(62M) 13.507ms
[2020-08-10T13:04:18.505+0300][1198.050s][info ][gc] GC(38379) Pause Young (Allocation Failure) 55M->55M(63M) 13.560ms
[2020-08-10T13:04:18.519+0300][1198.064s][info ][gc] GC(38380) Pause Young (Allocation Failure) 56M->56M(63M) 13.545ms
[2020-08-10T13:04:18.533+0300][1198.078s][info ][gc] GC(38381) Pause Young (Allocation Failure) 57M->57M(63M) 13.461ms
[2020-08-10T13:04:18.547+0300][1198.092s][info ][gc] GC(38382) Pause Young (Allocation Failure) 58M->58M(63M) 13.547ms
[2020-08-10T13:04:18.561+0300][1198.106s][info ][gc] GC(38383) Pause Young (Allocation Failure) 59M->59M(63M) 13.507ms
[2020-08-10T13:04:18.576+0300][1198.121s][info ][gc] GC(38384) Pause Young (Allocation Failure) 60M->60M(63M) 13.810ms
[2020-08-10T13:04:18.702+0300][1198.247s][debug][gc] GC(38385) Expanding ParOldGen from 61952K by 11264K to 73216K
[2020-08-10T13:04:18.702+0300][1198.247s][info ][gc] GC(38385) Pause Full (Ergonomics) 60M->60M(74M) 126.224ms
[2020-08-10T13:04:18.716+0300][1198.261s][info ][gc] GC(38386) Pause Young (Allocation Failure) 61M->61M(74M) 13.072ms
[2020-08-10T13:04:18.730+0300][1198.275s][info ][gc] GC(38387) Pause Young (Allocation Failure) 62M->62M(74M) 13.485ms
[2020-08-10T13:04:18.744+0300][1198.289s][info ][gc] GC(38388) Pause Young (Allocation Failure) 63M->63M(74M) 13.495ms
[2020-08-10T13:04:18.758+0300][1198.303s][info ][gc] GC(38389) Pause Young (Allocation Failure) 64M->63M(74M) 13.502ms
[2020-08-10T13:04:18.772+0300][1198.317s][info ][gc] GC(38390) Pause Young (Allocation Failure) 64M->64M(74M) 13.548ms
[2020-08-10T13:04:18.786+0300][1198.331s][info ][gc] GC(38391) Pause Young (Allocation Failure) 65M->65M(74M) 13.544ms
[2020-08-10T13:04:18.800+0300][1198.345s][info ][gc] GC(38392) Pause Young (Allocation Failure) 66M->66M(74M) 13.537ms
[2020-08-10T13:04:18.814+0300][1198.359s][info ][gc] GC(38393) Pause Young (Allocation Failure) 67M->67M(74M) 13.454ms
[2020-08-10T13:04:18.828+0300][1198.373s][info ][gc] GC(38394) Pause Young (Allocation Failure) 68M->68M(74M) 13.388ms
[2020-08-10T13:04:18.842+0300][1198.387s][info ][gc] GC(38395) Pause Young (Allocation Failure) 69M->69M(74M) 13.584ms
[2020-08-10T13:04:18.856+0300][1198.401s][info ][gc] GC(38396) Pause Young (Allocation Failure) 70M->70M(74M) 13.599ms
[2020-08-10T13:04:18.870+0300][1198.415s][info ][gc] GC(38397) Pause Young (Allocation Failure) 71M->71M(74M) 13.554ms
[2020-08-10T13:04:19.030+0300][1198.575s][debug][gc] GC(38398) Expanding ParOldGen from 73216K by 11776K to 84992K
[2020-08-10T13:04:19.030+0300][1198.576s][info ][gc] GC(38398) Pause Full (Ergonomics) 71M->71M(85M) 160.035ms
[2020-08-10T13:04:19.044+0300][1198.589s][info ][gc] GC(38399) Pause Young (Allocation Failure) 72M->72M(85M) 13.189ms
[2020-08-10T13:04:19.058+0300][1198.603s][info ][gc] GC(38400) Pause Young (Allocation Failure) 73M->73M(85M) 13.634ms
[2020-08-10T13:04:19.073+0300][1198.618s][info ][gc] GC(38401) Pause Young (Allocation Failure) 74M->74M(85M) 13.613ms
[2020-08-10T13:04:19.087+0300][1198.632s][info ][gc] GC(38402) Pause Young (Allocation Failure) 75M->75M(85M) 13.588ms
[2020-08-10T13:04:19.101+0300][1198.646s][info ][gc] GC(38403) Pause Young (Allocation Failure) 76M->76M(85M) 13.526ms
[2020-08-10T13:04:19.115+0300][1198.660s][info ][gc] GC(38404) Pause Young (Allocation Failure) 77M->77M(85M) 13.498ms
[2020-08-10T13:04:19.129+0300][1198.674s][info ][gc] GC(38405) Pause Young (Allocation Failure) 78M->78M(85M) 13.639ms
[2020-08-10T13:04:19.143+0300][1198.688s][info ][gc] GC(38406) Pause Young (Allocation Failure) 79M->78M(85M) 13.602ms
[2020-08-10T13:04:19.157+0300][1198.702s][info ][gc] GC(38407) Pause Young (Allocation Failure) 79M->79M(85M) 13.728ms
[2020-08-10T13:04:19.171+0300][1198.717s][info ][gc] GC(38408) Pause Young (Allocation Failure) 80M->80M(85M) 13.657ms
[2020-08-10T13:04:19.186+0300][1198.731s][info ][gc] GC(38409) Pause Young (Allocation Failure) 81M->81M(85M) 13.608ms
[2020-08-10T13:04:19.200+0300][1198.745s][info ][gc] GC(38410) Pause Young (Allocation Failure) 82M->82M(85M) 13.628ms
[2020-08-10T13:04:19.391+0300][1198.936s][debug][gc] GC(38411) Expanding ParOldGen from 84992K by 11264K to 96256K
[2020-08-10T13:04:19.391+0300][1198.936s][info ][gc] GC(38411) Pause Full (Ergonomics) 82M->82M(96M) 190.735ms
[2020-08-10T13:04:19.405+0300][1198.950s][info ][gc] GC(38412) Pause Young (Allocation Failure) 83M->83M(96M) 13.279ms
[2020-08-10T13:04:19.419+0300][1198.964s][info ][gc] GC(38413) Pause Young (Allocation Failure) 84M->84M(96M) 13.934ms
[2020-08-10T13:04:19.434+0300][1198.979s][info ][gc] GC(38414) Pause Young (Allocation Failure) 85M->85M(96M) 13.822ms
[2020-08-10T13:04:19.448+0300][1198.993s][info ][gc] GC(38415) Pause Young (Allocation Failure) 86M->86M(96M) 13.804ms
[2020-08-10T13:04:19.463+0300][1199.008s][info ][gc] GC(38416) Pause Young (Allocation Failure) 87M->87M(96M) 14.083ms
[2020-08-10T13:04:19.477+0300][1199.022s][info ][gc] GC(38417) Pause Young (Allocation Failure) 88M->88M(96M) 14.005ms
[2020-08-10T13:04:19.492+0300][1199.037s][info ][gc] GC(38418) Pause Young (Allocation Failure) 89M->89M(96M) 14.259ms
[2020-08-10T13:04:19.507+0300][1199.052s][info ][gc] GC(38419) Pause Young (Allocation Failure) 90M->90M(96M) 14.107ms
[2020-08-10T13:04:19.522+0300][1199.067s][info ][gc] GC(38420) Pause Young (Allocation Failure) 91M->91M(96M) 14.353ms
[2020-08-10T13:04:19.537+0300][1199.082s][info ][gc] GC(38421) Pause Young (Allocation Failure) 92M->92M(96M) 14.426ms
[2020-08-10T13:04:19.552+0300][1199.097s][info ][gc] GC(38422) Pause Young (Allocation Failure) 93M->92M(96M) 14.486ms
[2020-08-10T13:04:19.567+0300][1199.112s][info ][gc] GC(38423) Pause Young (Allocation Failure) 93M->93M(96M) 14.407ms
[2020-08-10T13:04:19.793+0300][1199.338s][debug][gc] GC(38424) Expanding ParOldGen from 96256K by 11264K to 107520K
[2020-08-10T13:04:19.793+0300][1199.338s][info ][gc] GC(38424) Pause Full (Ergonomics) 93M->93M(107M) 226.304ms
[2020-08-10T13:04:19.807+0300][1199.352s][info ][gc] GC(38425) Pause Young (Allocation Failure) 94M->94M(107M) 13.132ms
[2020-08-10T13:04:19.822+0300][1199.367s][info ][gc] GC(38426) Pause Young (Allocation Failure) 95M->95M(107M) 14.759ms
[2020-08-10T13:04:19.837+0300][1199.382s][info ][gc] GC(38427) Pause Young (Allocation Failure) 96M->96M(107M) 14.725ms
[2020-08-10T13:04:19.853+0300][1199.398s][info ][gc] GC(38428) Pause Young (Allocation Failure) 97M->97M(107M) 14.838ms
[2020-08-10T13:04:19.868+0300][1199.413s][info ][gc] GC(38429) Pause Young (Allocation Failure) 98M->98M(107M) 14.964ms
[2020-08-10T13:04:19.884+0300][1199.429s][info ][gc] GC(38430) Pause Young (Allocation Failure) 99M->99M(107M) 15.229ms
[2020-08-10T13:04:19.900+0300][1199.445s][info ][gc] GC(38431) Pause Young (Allocation Failure) 100M->100M(107M) 15.138ms
[2020-08-10T13:04:19.916+0300][1199.461s][info ][gc] GC(38432) Pause Young (Allocation Failure) 101M->101M(107M) 15.475ms
[2020-08-10T13:04:19.932+0300][1199.477s][info ][gc] GC(38433) Pause Young (Allocation Failure) 102M->102M(107M) 15.237ms
[2020-08-10T13:04:19.947+0300][1199.493s][info ][gc] GC(38434) Pause Young (Allocation Failure) 103M->103M(107M) 15.382ms
[2020-08-10T13:04:19.963+0300][1199.509s][info ][gc] GC(38435) Pause Young (Allocation Failure) 104M->104M(107M) 15.424ms
[2020-08-10T13:04:19.979+0300][1199.524s][info ][gc] GC(38436) Pause Young (Allocation Failure) 105M->105M(107M) 15.344ms
[2020-08-10T13:04:20.233+0300][1199.778s][debug][gc] GC(38437) Expanding ParOldGen from 107520K by 11264K to 118784K
[2020-08-10T13:04:20.233+0300][1199.778s][info ][gc] GC(38437) Pause Full (Ergonomics) 105M->105M(118M) 253.622ms
[2020-08-10T13:04:20.270+0300][1199.815s][info ][gc] GC(38438) Pause Young (Allocation Failure) 106M->105M(118M) 36.138ms
[2020-08-10T13:04:20.287+0300][1199.832s][info ][gc] GC(38439) Pause Young (Allocation Failure) 106M->106M(118M) 16.154ms
[2020-08-10T13:04:20.303+0300][1199.849s][info ][gc] GC(38440) Pause Young (Allocation Failure) 107M->107M(117M) 16.227ms
[2020-08-10T13:04:20.319+0300][1199.864s][info ][gc] GC(38441) Pause Young (Allocation Failure) 108M->108M(118M) 14.887ms
[2020-08-10T13:04:20.336+0300][1199.881s][info ][gc] GC(38442) Pause Young (Allocation Failure) 109M->109M(118M) 16.199ms
[2020-08-10T13:04:20.353+0300][1199.898s][info ][gc] GC(38443) Pause Young (Allocation Failure) 110M->110M(118M) 16.497ms
[2020-08-10T13:04:20.370+0300][1199.915s][info ][gc] GC(38444) Pause Young (Allocation Failure) 111M->111M(118M) 16.325ms
[2020-08-10T13:04:20.387+0300][1199.932s][info ][gc] GC(38445) Pause Young (Allocation Failure) 112M->112M(118M) 16.476ms
[2020-08-10T13:04:20.403+0300][1199.948s][info ][gc] GC(38446) Pause Young (Allocation Failure) 113M->113M(118M) 16.251ms
[2020-08-10T13:04:20.420+0300][1199.965s][info ][gc] GC(38447) Pause Young (Allocation Failure) 114M->114M(118M) 16.472ms
[2020-08-10T13:04:20.438+0300][1199.983s][info ][gc] GC(38448) Pause Young (Allocation Failure) 115M->115M(118M) 17.141ms
[2020-08-10T13:04:20.455+0300][1200.000s][info ][gc] GC(38449) Pause Young (Allocation Failure) 116M->116M(118M) 16.780ms
[2020-08-10T13:04:20.740+0300][1200.285s][debug][gc] GC(38450) Expanding ParOldGen from 118784K by 11264K to 130048K
[2020-08-10T13:04:20.740+0300][1200.285s][info ][gc] GC(38450) Pause Full (Ergonomics) 116M->116M(129M) 284.484ms
[2020-08-10T13:04:20.798+0300][1200.344s][info ][gc] GC(38451) Pause Young (Allocation Failure) 117M->117M(129M) 57.827ms
[2020-08-10T13:04:20.817+0300][1200.362s][info ][gc] GC(38452) Pause Young (Allocation Failure) 118M->118M(129M) 17.823ms
[2020-08-10T13:04:20.835+0300][1200.380s][info ][gc] GC(38453) Pause Young (Allocation Failure) 119M->119M(129M) 17.633ms
[2020-08-10T13:04:20.853+0300][1200.398s][info ][gc] GC(38454) Pause Young (Allocation Failure) 120M->120M(129M) 17.434ms
[2020-08-10T13:04:20.871+0300][1200.416s][info ][gc] GC(38455) Pause Young (Allocation Failure) 121M->120M(129M) 17.466ms
[2020-08-10T13:04:20.889+0300][1200.434s][info ][gc] GC(38456) Pause Young (Allocation Failure) 121M->121M(129M) 17.640ms
[2020-08-10T13:04:20.907+0300][1200.452s][info ][gc] GC(38457) Pause Young (Allocation Failure) 122M->122M(129M) 17.455ms
[2020-08-10T13:04:20.925+0300][1200.470s][info ][gc] GC(38458) Pause Young (Allocation Failure) 123M->123M(129M) 17.754ms
[2020-08-10T13:04:20.943+0300][1200.489s][info ][gc] GC(38459) Pause Young (Allocation Failure) 124M->124M(129M) 17.642ms
[2020-08-10T13:04:20.990+0300][1200.535s][info ][gc] GC(38460) Pause Young (Allocation Failure) 125M->125M(129M) 46.065ms
[2020-08-10T13:04:21.021+0300][1200.566s][info ][gc] GC(38461) Pause Young (Allocation Failure) 126M->126M(129M) 30.415ms
[2020-08-10T13:04:21.040+0300][1200.585s][info ][gc] GC(38462) Pause Young (Allocation Failure) 127M->127M(129M) 18.241ms
[2020-08-10T13:04:21.371+0300][1200.916s][debug][gc] GC(38463) Expanding ParOldGen from 130048K by 11264K to 141312K
[2020-08-10T13:04:21.371+0300][1200.916s][info ][gc] GC(38463) Pause Full (Ergonomics) 127M->127M(140M) 331.003ms
[2020-08-10T13:04:21.404+0300][1200.949s][info ][gc] GC(38464) Pause Young (Allocation Failure) 128M->128M(140M) 32.782ms
[2020-08-10T13:04:21.423+0300][1200.968s][info ][gc] GC(38465) Pause Young (Allocation Failure) 129M->129M(140M) 18.071ms
[2020-08-10T13:04:21.442+0300][1200.987s][info ][gc] GC(38466) Pause Young (Allocation Failure) 130M->130M(140M) 18.700ms
[2020-08-10T13:04:21.461+0300][1201.006s][info ][gc] GC(38467) Pause Young (Allocation Failure) 131M->131M(140M) 18.553ms
[2020-08-10T13:04:21.480+0300][1201.025s][info ][gc] GC(38468) Pause Young (Allocation Failure) 132M->132M(140M) 18.582ms
[2020-08-10T13:04:21.498+0300][1201.043s][info ][gc] GC(38469) Pause Young (Allocation Failure) 133M->133M(140M) 17.811ms
[2020-08-10T13:04:21.533+0300][1201.079s][info ][gc] GC(38470) Pause Young (Allocation Failure) 134M->133M(140M) 34.766ms
[2020-08-10T13:04:21.553+0300][1201.098s][info ][gc] GC(38471) Pause Young (Allocation Failure) 134M->134M(140M) 18.932ms
[2020-08-10T13:04:21.553+0300][1201.098s][debug][gc] Expanding ParOldGen from 141312K by 19968K to 161280K
[2020-08-10T13:04:21.598+0300][1201.144s][info ][gc] GC(38472) Pause Young (Allocation Failure) 155M->154M(160M) 37.393ms
[2020-08-10T13:04:21.614+0300][1201.159s][info ][gc] GC(38473) Pause Young (Allocation Failure) 155M->155M(160M) 15.320ms
[2020-08-10T13:04:21.628+0300][1201.174s][info ][gc] GC(38474) Pause Young (Allocation Failure) 156M->156M(160M) 13.886ms
[2020-08-10T13:04:21.643+0300][1201.188s][info ][gc] GC(38475) Pause Young (Allocation Failure) 157M->157M(160M) 13.722ms
[2020-08-10T13:04:21.678+0300][1201.223s][debug][gc] GC(38476) Shrinking ParOldGen from 161280K by 124928K to 36352K
[2020-08-10T13:04:21.678+0300][1201.223s][info ][gc] GC(38476) Pause Full (Ergonomics) 157M->24M(38M) 35.368ms
[2020-08-10T13:04:21.691+0300][1201.237s][info ][gc] GC(38477) Pause Young (Allocation Failure) 25M->25M(38M) 12.861ms
[2020-08-10T13:04:21.705+0300][1201.250s][info ][gc] GC(38478) Pause Young (Allocation Failure) 26M->26M(38M) 13.298ms
[2020-08-10T13:04:21.719+0300][1201.264s][info ][gc] GC(38479) Pause Young (Allocation Failure) 27M->26M(38M) 13.266ms
[2020-08-10T13:04:21.732+0300][1201.278s][info ][gc] GC(38480) Pause Young (Allocation Failure) 27M->27M(38M) 13.265ms
[2020-08-10T13:04:21.746+0300][1201.291s][info ][gc] GC(38481) Pause Young (Allocation Failure) 28M->28M(38M) 13.315ms
[2020-08-10T13:04:21.760+0300][1201.305s][info ][gc] GC(38482) Pause Young (Allocation Failure) 29M->29M(38M) 13.337ms
[2020-08-10T13:04:21.774+0300][1201.319s][info ][gc] GC(38483) Pause Young (Allocation Failure) 30M->30M(38M) 13.576ms
[2020-08-10T13:04:21.788+0300][1201.333s][info ][gc] GC(38484) Pause Young (Allocation Failure) 31M->31M(38M) 13.555ms
[2020-08-10T13:04:21.802+0300][1201.347s][info ][gc] GC(38485) Pause Young (Allocation Failure) 32M->32M(38M) 13.494ms
[2020-08-10T13:04:21.816+0300][1201.361s][info ][gc] GC(38486) Pause Young (Allocation Failure) 33M->33M(38M) 13.345ms
[2020-08-10T13:04:21.830+0300][1201.375s][info ][gc] GC(38487) Pause Young (Allocation Failure) 34M->34M(38M) 13.502ms
[2020-08-10T13:04:21.844+0300][1201.389s][info ][gc] GC(38488) Pause Young (Allocation Failure) 35M->35M(38M) 13.440ms
[2020-08-10T13:04:21.905+0300][1201.450s][debug][gc] GC(38489) Expanding ParOldGen from 36352K by 11776K to 48128K
[2020-08-10T13:04:21.905+0300][1201.450s][info ][gc] GC(38489) Pause Full (Ergonomics) 35M->35M(49M) 60.676ms
[2020-08-10T13:04:21.918+0300][1201.464s][info ][gc] GC(38490) Pause Young (Allocation Failure) 36M->36M(49M) 12.956ms
[2020-08-10T13:04:21.932+0300][1201.478s][info ][gc] GC(38491) Pause Young (Allocation Failure) 37M->37M(49M) 13.404ms
[2020-08-10T13:04:21.946+0300][1201.491s][info ][gc] GC(38492) Pause Young (Allocation Failure) 38M->38M(49M) 13.425ms
[2020-08-10T13:04:21.960+0300][1201.505s][info ][gc] GC(38493) Pause Young (Allocation Failure) 39M->39M(49M) 13.545ms
[2020-08-10T13:04:21.974+0300][1201.519s][info ][gc] GC(38494) Pause Young (Allocation Failure) 40M->40M(49M) 13.428ms
[2020-08-10T13:04:21.988+0300][1201.533s][info ][gc] GC(38495) Pause Young (Allocation Failure) 41M->41M(49M) 13.371ms
[2020-08-10T13:04:22.002+0300][1201.547s][info ][gc] GC(38496) Pause Young (Allocation Failure) 42M->42M(49M) 13.360ms
[2020-08-10T13:04:22.016+0300][1201.561s][info ][gc] GC(38497) Pause Young (Allocation Failure) 43M->43M(49M) 13.348ms
[2020-08-10T13:04:22.030+0300][1201.575s][info ][gc] GC(38498) Pause Young (Allocation Failure) 44M->43M(49M) 13.559ms
[2020-08-10T13:04:22.044+0300][1201.589s][info ][gc] GC(38499) Pause Young (Allocation Failure) 44M->44M(49M) 13.464ms
[2020-08-10T13:04:22.058+0300][1201.603s][info ][gc] GC(38500) Pause Young (Allocation Failure) 45M->45M(49M) 13.553ms
[2020-08-10T13:04:22.072+0300][1201.617s][info ][gc] GC(38501) Pause Young (Allocation Failure) 46M->46M(49M) 13.294ms
[2020-08-10T13:04:22.086+0300][1201.631s][info ][gc] GC(38502) Pause Young (Allocation Failure) 47M->47M(49M) 13.471ms
[2020-08-10T13:04:22.178+0300][1201.723s][debug][gc] GC(38503) Expanding ParOldGen from 48128K by 11264K to 59392K
[2020-08-10T13:04:22.178+0300][1201.724s][info ][gc] GC(38503) Pause Full (Ergonomics) 47M->47M(60M) 92.559ms
[2020-08-10T13:04:22.199+0300][1201.744s][info ][gc] GC(38504) Pause Young (Allocation Failure) 48M->48M(60M) 19.765ms
[2020-08-10T13:04:22.213+0300][1201.758s][info ][gc] GC(38505) Pause Young (Allocation Failure) 49M->49M(60M) 13.590ms
[2020-08-10T13:04:22.227+0300][1201.772s][info ][gc] GC(38506) Pause Young (Allocation Failure) 50M->50M(60M) 13.597ms
[2020-08-10T13:04:22.241+0300][1201.786s][info ][gc] GC(38507) Pause Young (Allocation Failure) 51M->51M(60M) 13.674ms
[2020-08-10T13:04:22.255+0300][1201.800s][info ][gc] GC(38508) Pause Young (Allocation Failure) 52M->52M(60M) 13.645ms
[2020-08-10T13:04:22.269+0300][1201.815s][info ][gc] GC(38509) Pause Young (Allocation Failure) 53M->53M(60M) 13.605ms
[2020-08-10T13:04:22.283+0300][1201.829s][info ][gc] GC(38510) Pause Young (Allocation Failure) 54M->54M(60M) 13.572ms
[2020-08-10T13:04:22.297+0300][1201.843s][info ][gc] GC(38511) Pause Young (Allocation Failure) 55M->55M(60M) 13.569ms
[2020-08-10T13:04:22.312+0300][1201.857s][info ][gc] GC(38512) Pause Young (Allocation Failure) 56M->56M(60M) 13.655ms
[2020-08-10T13:04:22.326+0300][1201.871s][info ][gc] GC(38513) Pause Young (Allocation Failure) 57M->57M(60M) 13.574ms
[2020-08-10T13:04:22.340+0300][1201.885s][info ][gc] GC(38514) Pause Young (Allocation Failure) 58M->58M(60M) 13.635ms
[2020-08-10T13:04:22.468+0300][1202.013s][debug][gc] GC(38515) Expanding ParOldGen from 59392K by 11776K to 71168K
[2020-08-10T13:04:22.468+0300][1202.014s][info ][gc] GC(38515) Pause Full (Ergonomics) 58M->57M(71M) 128.356ms
[2020-08-10T13:04:22.482+0300][1202.027s][info ][gc] GC(38516) Pause Young (Allocation Failure) 58M->58M(71M) 13.118ms
[2020-08-10T13:04:22.496+0300][1202.041s][info ][gc] GC(38517) Pause Young (Allocation Failure) 59M->59M(71M) 13.679ms
[2020-08-10T13:04:22.510+0300][1202.055s][info ][gc] GC(38518) Pause Young (Allocation Failure) 60M->60M(71M) 13.545ms
[2020-08-10T13:04:22.524+0300][1202.069s][info ][gc] GC(38519) Pause Young (Allocation Failure) 61M->61M(71M) 13.512ms
[2020-08-10T13:04:22.538+0300][1202.083s][info ][gc] GC(38520) Pause Young (Allocation Failure) 62M->62M(71M) 13.533ms
[2020-08-10T13:04:22.552+0300][1202.097s][info ][gc] GC(38521) Pause Young (Allocation Failure) 63M->63M(71M) 13.486ms
[2020-08-10T13:04:22.566+0300][1202.111s][info ][gc] GC(38522) Pause Young (Allocation Failure) 64M->64M(71M) 13.472ms
[2020-08-10T13:04:22.580+0300][1202.125s][info ][gc] GC(38523) Pause Young (Allocation Failure) 65M->65M(71M) 13.369ms
[2020-08-10T13:04:22.594+0300][1202.139s][info ][gc] GC(38524) Pause Young (Allocation Failure) 66M->66M(71M) 13.736ms
[2020-08-10T13:04:22.608+0300][1202.154s][info ][gc] GC(38525) Pause Young (Allocation Failure) 67M->67M(71M) 13.616ms
[2020-08-10T13:04:22.622+0300][1202.168s][info ][gc] GC(38526) Pause Young (Allocation Failure) 68M->68M(71M) 13.644ms
[2020-08-10T13:04:22.636+0300][1202.182s][info ][gc] GC(38527) Pause Young (Allocation Failure) 69M->69M(71M) 13.519ms
[2020-08-10T13:04:22.796+0300][1202.341s][debug][gc] GC(38528) Expanding ParOldGen from 71168K by 11264K to 82432K
[2020-08-10T13:04:22.796+0300][1202.341s][info ][gc] GC(38528) Pause Full (Ergonomics) 69M->69M(82M) 159.231ms
[2020-08-10T13:04:22.809+0300][1202.355s][info ][gc] GC(38529) Pause Young (Allocation Failure) 70M->70M(82M) 13.125ms
[2020-08-10T13:04:22.824+0300][1202.369s][info ][gc] GC(38530) Pause Young (Allocation Failure) 71M->71M(82M) 13.584ms
[2020-08-10T13:04:22.838+0300][1202.383s][info ][gc] GC(38531) Pause Young (Allocation Failure) 72M->72M(82M) 13.626ms
[2020-08-10T13:04:22.852+0300][1202.397s][info ][gc] GC(38532) Pause Young (Allocation Failure) 73M->73M(82M) 13.571ms
[2020-08-10T13:04:22.866+0300][1202.411s][info ][gc] GC(38533) Pause Young (Allocation Failure) 74M->74M(82M) 13.566ms
[2020-08-10T13:04:22.880+0300][1202.425s][info ][gc] GC(38534) Pause Young (Allocation Failure) 75M->74M(82M) 13.504ms
[2020-08-10T13:04:22.894+0300][1202.439s][info ][gc] GC(38535) Pause Young (Allocation Failure) 75M->75M(82M) 13.506ms
[2020-08-10T13:04:22.908+0300][1202.453s][info ][gc] GC(38536) Pause Young (Allocation Failure) 76M->76M(82M) 13.538ms
[2020-08-10T13:04:22.922+0300][1202.468s][info ][gc] GC(38537) Pause Young (Allocation Failure) 77M->77M(82M) 13.661ms
[2020-08-10T13:04:22.936+0300][1202.482s][info ][gc] GC(38538) Pause Young (Allocation Failure) 78M->78M(82M) 13.516ms
[2020-08-10T13:04:22.951+0300][1202.496s][info ][gc] GC(38539) Pause Young (Allocation Failure) 79M->79M(82M) 13.503ms
[2020-08-10T13:04:22.965+0300][1202.510s][info ][gc] GC(38540) Pause Young (Allocation Failure) 80M->80M(82M) 13.631ms
[2020-08-10T13:04:23.160+0300][1202.705s][debug][gc] GC(38541) Expanding ParOldGen from 82432K by 11264K to 93696K
[2020-08-10T13:04:23.160+0300][1202.705s][info ][gc] GC(38541) Pause Full (Ergonomics) 80M->80M(93M) 194.869ms
[2020-08-10T13:04:23.191+0300][1202.736s][info ][gc] GC(38542) Pause Young (Allocation Failure) 81M->81M(93M) 30.553ms
[2020-08-10T13:04:23.205+0300][1202.751s][info ][gc] GC(38543) Pause Young (Allocation Failure) 82M->82M(93M) 14.110ms
[2020-08-10T13:04:23.220+0300][1202.765s][info ][gc] GC(38544) Pause Young (Allocation Failure) 83M->83M(93M) 13.968ms
[2020-08-10T13:04:23.235+0300][1202.780s][info ][gc] GC(38545) Pause Young (Allocation Failure) 84M->84M(93M) 13.956ms
[2020-08-10T13:04:23.249+0300][1202.794s][info ][gc] GC(38546) Pause Young (Allocation Failure) 85M->85M(93M) 14.025ms
[2020-08-10T13:04:23.264+0300][1202.809s][info ][gc] GC(38547) Pause Young (Allocation Failure) 86M->86M(93M) 14.207ms
[2020-08-10T13:04:23.279+0300][1202.824s][info ][gc] GC(38548) Pause Young (Allocation Failure) 87M->87M(93M) 14.450ms
[2020-08-10T13:04:23.294+0300][1202.839s][info ][gc] GC(38549) Pause Young (Allocation Failure) 88M->88M(93M) 14.444ms
[2020-08-10T13:04:23.309+0300][1202.854s][info ][gc] GC(38550) Pause Young (Allocation Failure) 89M->89M(93M) 14.381ms
[2020-08-10T13:04:23.324+0300][1202.869s][info ][gc] GC(38551) Pause Young (Allocation Failure) 90M->90M(93M) 14.706ms
[2020-08-10T13:04:23.339+0300][1202.885s][info ][gc] GC(38552) Pause Young (Allocation Failure) 91M->91M(93M) 14.700ms
[2020-08-10T13:04:23.355+0300][1202.900s][info ][gc] GC(38553) Pause Young (Allocation Failure) 92M->92M(93M) 14.917ms
[2020-08-10T13:04:23.565+0300][1203.111s][debug][gc] GC(38554) Expanding ParOldGen from 93696K by 11776K to 105472K
[2020-08-10T13:04:23.565+0300][1203.111s][info ][gc] GC(38554) Pause Full (Ergonomics) 92M->91M(105M) 210.183ms
[2020-08-10T13:04:23.599+0300][1203.144s][info ][gc] GC(38555) Pause Young (Allocation Failure) 92M->92M(105M) 32.757ms
[2020-08-10T13:04:23.614+0300][1203.159s][info ][gc] GC(38556) Pause Young (Allocation Failure) 93M->93M(105M) 14.906ms
[2020-08-10T13:04:23.630+0300][1203.175s][info ][gc] GC(38557) Pause Young (Allocation Failure) 94M->94M(105M) 15.093ms
[2020-08-10T13:04:23.645+0300][1203.191s][info ][gc] GC(38558) Pause Young (Allocation Failure) 95M->95M(105M) 15.110ms
[2020-08-10T13:04:23.661+0300][1203.206s][info ][gc] GC(38559) Pause Young (Allocation Failure) 96M->96M(105M) 15.103ms
[2020-08-10T13:04:23.677+0300][1203.222s][info ][gc] GC(38560) Pause Young (Allocation Failure) 97M->97M(105M) 15.294ms
[2020-08-10T13:04:23.693+0300][1203.238s][info ][gc] GC(38561) Pause Young (Allocation Failure) 98M->98M(105M) 15.397ms
[2020-08-10T13:04:23.709+0300][1203.254s][info ][gc] GC(38562) Pause Young (Allocation Failure) 99M->99M(105M) 15.813ms
[2020-08-10T13:04:23.725+0300][1203.270s][info ][gc] GC(38563) Pause Young (Allocation Failure) 100M->100M(105M) 15.547ms
[2020-08-10T13:04:23.741+0300][1203.287s][info ][gc] GC(38564) Pause Young (Allocation Failure) 101M->101M(105M) 15.613ms
[2020-08-10T13:04:23.758+0300][1203.303s][info ][gc] GC(38565) Pause Young (Allocation Failure) 102M->102M(105M) 15.761ms
[2020-08-10T13:04:23.774+0300][1203.319s][info ][gc] GC(38566) Pause Young (Allocation Failure) 103M->103M(105M) 15.683ms
[2020-08-10T13:04:24.019+0300][1203.564s][debug][gc] GC(38567) Expanding ParOldGen from 105472K by 11264K to 116736K
[2020-08-10T13:04:24.019+0300][1203.564s][info ][gc] GC(38567) Pause Full (Ergonomics) 103M->103M(116M) 244.757ms
[2020-08-10T13:04:24.055+0300][1203.600s][info ][gc] GC(38568) Pause Young (Allocation Failure) 104M->104M(116M) 35.466ms
[2020-08-10T13:04:24.071+0300][1203.617s][info ][gc] GC(38569) Pause Young (Allocation Failure) 105M->105M(116M) 15.925ms
[2020-08-10T13:04:24.088+0300][1203.633s][info ][gc] GC(38570) Pause Young (Allocation Failure) 106M->105M(116M) 15.899ms
[2020-08-10T13:04:24.104+0300][1203.650s][info ][gc] GC(38571) Pause Young (Allocation Failure) 106M->106M(116M) 16.290ms
[2020-08-10T13:04:24.121+0300][1203.667s][info ][gc] GC(38572) Pause Young (Allocation Failure) 107M->107M(116M) 16.293ms
[2020-08-10T13:04:24.138+0300][1203.683s][info ][gc] GC(38573) Pause Young (Allocation Failure) 108M->108M(116M) 16.205ms
[2020-08-10T13:04:24.174+0300][1203.720s][info ][gc] GC(38574) Pause Young (Allocation Failure) 109M->109M(116M) 35.823ms
[2020-08-10T13:04:24.191+0300][1203.737s][info ][gc] GC(38575) Pause Young (Allocation Failure) 110M->110M(116M) 16.468ms
[2020-08-10T13:04:24.208+0300][1203.754s][info ][gc] GC(38576) Pause Young (Allocation Failure) 111M->111M(116M) 16.470ms
[2020-08-10T13:04:24.225+0300][1203.771s][info ][gc] GC(38577) Pause Young (Allocation Failure) 112M->112M(116M) 16.577ms
[2020-08-10T13:04:24.243+0300][1203.788s][info ][gc] GC(38578) Pause Young (Allocation Failure) 113M->113M(116M) 16.640ms
[2020-08-10T13:04:24.260+0300][1203.805s][info ][gc] GC(38579) Pause Young (Allocation Failure) 114M->114M(116M) 16.681ms
[2020-08-10T13:04:24.534+0300][1204.079s][debug][gc] GC(38580) Expanding ParOldGen from 116736K by 11776K to 128512K
[2020-08-10T13:04:24.534+0300][1204.079s][info ][gc] GC(38580) Pause Full (Ergonomics) 114M->114M(127M) 274.061ms
[2020-08-10T13:04:24.565+0300][1204.111s][info ][gc] GC(38581) Pause Young (Allocation Failure) 115M->115M(127M) 30.800ms
[2020-08-10T13:04:24.589+0300][1204.135s][info ][gc] GC(38582) Pause Young (Allocation Failure) 116M->116M(127M) 23.139ms
[2020-08-10T13:04:24.606+0300][1204.152s][info ][gc] GC(38583) Pause Young (Allocation Failure) 117M->117M(127M) 16.830ms
[2020-08-10T13:04:24.625+0300][1204.170s][info ][gc] GC(38584) Pause Young (Allocation Failure) 118M->118M(127M) 17.520ms
[2020-08-10T13:04:24.643+0300][1204.188s][info ][gc] GC(38585) Pause Young (Allocation Failure) 119M->119M(127M) 17.417ms
[2020-08-10T13:04:24.684+0300][1204.229s][info ][gc] GC(38586) Pause Young (Allocation Failure) 119M->119M(127M) 40.881ms
[2020-08-10T13:04:24.699+0300][1204.244s][info ][gc] GC(38587) Pause Young (Allocation Failure) 120M->120M(127M) 14.659ms
[2020-08-10T13:04:24.714+0300][1204.259s][info ][gc] GC(38588) Pause Young (Allocation Failure) 120M->120M(127M) 14.548ms
[2020-08-10T13:04:24.729+0300][1204.274s][info ][gc] GC(38589) Pause Young (Allocation Failure) 121M->121M(127M) 14.707ms
[2020-08-10T13:04:24.744+0300][1204.290s][info ][gc] GC(38590) Pause Young (Allocation Failure) 121M->121M(127M) 15.006ms
[2020-08-10T13:04:24.760+0300][1204.305s][info ][gc] GC(38591) Pause Young (Allocation Failure) 121M->121M(127M) 14.790ms
[2020-08-10T13:04:24.775+0300][1204.320s][info ][gc] GC(38592) Pause Young (Allocation Failure) 122M->122M(127M) 14.799ms
[2020-08-10T13:04:24.790+0300][1204.335s][info ][gc] GC(38593) Pause Young (Allocation Failure) 122M->122M(127M) 14.644ms
[2020-08-10T13:04:24.805+0300][1204.350s][info ][gc] GC(38594) Pause Young (Allocation Failure) 123M->123M(127M) 14.636ms
[2020-08-10T13:04:24.820+0300][1204.366s][info ][gc] GC(38595) Pause Young (Allocation Failure) 123M->123M(127M) 14.855ms
[2020-08-10T13:04:24.835+0300][1204.381s][info ][gc] GC(38596) Pause Young (Allocation Failure) 124M->124M(127M) 14.802ms
[2020-08-10T13:04:24.851+0300][1204.396s][info ][gc] GC(38597) Pause Young (Allocation Failure) 124M->124M(127M) 14.990ms
[2020-08-10T13:04:24.866+0300][1204.412s][info ][gc] GC(38598) Pause Young (Allocation Failure) 125M->125M(127M) 14.873ms
[2020-08-10T13:04:25.188+0300][1204.733s][debug][gc] GC(38599) Expanding ParOldGen from 128512K by 11264K to 139776K
[2020-08-10T13:04:25.188+0300][1204.733s][info ][gc] GC(38599) Pause Full (Ergonomics) 125M->124M(138M) 321.715ms
[2020-08-10T13:04:25.202+0300][1204.747s][info ][gc] GC(38600) Pause Young (Allocation Failure) 125M->125M(138M) 13.276ms
[2020-08-10T13:04:25.217+0300][1204.762s][info ][gc] GC(38601) Pause Young (Allocation Failure) 125M->125M(138M) 14.629ms
[2020-08-10T13:04:25.232+0300][1204.777s][info ][gc] GC(38602) Pause Young (Allocation Failure) 126M->126M(138M) 14.750ms
[2020-08-10T13:04:25.272+0300][1204.818s][info ][gc] GC(38603) Pause Young (Allocation Failure) 126M->126M(137M) 40.008ms
[2020-08-10T13:04:25.288+0300][1204.833s][info ][gc] GC(38604) Pause Young (Allocation Failure) 127M->127M(138M) 15.326ms
[2020-08-10T13:04:25.303+0300][1204.849s][info ][gc] GC(38605) Pause Young (Allocation Failure) 127M->127M(138M) 14.792ms
[2020-08-10T13:04:25.318+0300][1204.864s][info ][gc] GC(38606) Pause Young (Allocation Failure) 128M->128M(138M) 14.853ms
[2020-08-10T13:04:25.358+0300][1204.903s][info ][gc] GC(38607) Pause Young (Allocation Failure) 128M->128M(138M) 38.857ms
[2020-08-10T13:04:25.376+0300][1204.922s][info ][gc] GC(38608) Pause Young (Allocation Failure) 129M->129M(138M) 18.347ms
[2020-08-10T13:04:25.392+0300][1204.937s][info ][gc] GC(38609) Pause Young (Allocation Failure) 129M->129M(138M) 15.028ms
[2020-08-10T13:04:25.414+0300][1204.960s][info ][gc] GC(38610) Pause Young (Allocation Failure) 129M->129M(138M) 21.927ms
[2020-08-10T13:04:25.430+0300][1204.975s][info ][gc] GC(38611) Pause Young (Allocation Failure) 130M->130M(138M) 15.141ms
[2020-08-10T13:04:25.445+0300][1204.991s][info ][gc] GC(38612) Pause Young (Allocation Failure) 130M->130M(138M) 15.001ms
[2020-08-10T13:04:25.482+0300][1205.028s][info ][gc] GC(38613) Pause Young (Allocation Failure) 131M->131M(138M) 36.652ms
[2020-08-10T13:04:25.504+0300][1205.050s][info ][gc] GC(38614) Pause Young (Allocation Failure) 131M->131M(138M) 21.679ms
[2020-08-10T13:04:25.520+0300][1205.065s][info ][gc] GC(38615) Pause Young (Allocation Failure) 132M->132M(138M) 15.166ms
[2020-08-10T13:04:25.536+0300][1205.081s][info ][gc] GC(38616) Pause Young (Allocation Failure) 132M->132M(138M) 15.264ms
[2020-08-10T13:04:25.573+0300][1205.118s][info ][gc] GC(38617) Pause Young (Allocation Failure) 133M->133M(138M) 37.025ms
[2020-08-10T13:04:25.589+0300][1205.134s][info ][gc] GC(38618) Pause Young (Allocation Failure) 133M->133M(138M) 15.169ms
[2020-08-10T13:04:25.604+0300][1205.150s][info ][gc] GC(38619) Pause Young (Allocation Failure) 133M->133M(138M) 15.356ms
[2020-08-10T13:04:25.620+0300][1205.166s][info ][gc] GC(38620) Pause Young (Allocation Failure) 134M->134M(138M) 15.415ms
[2020-08-10T13:04:25.636+0300][1205.181s][info ][gc] GC(38621) Pause Young (Allocation Failure) 134M->134M(138M) 15.257ms
[2020-08-10T13:04:25.677+0300][1205.222s][info ][gc] GC(38622) Pause Young (Allocation Failure) 135M->135M(138M) 40.587ms
[2020-08-10T13:04:25.693+0300][1205.239s][info ][gc] GC(38623) Pause Young (Allocation Failure) 135M->135M(138M) 15.928ms
[2020-08-10T13:04:25.694+0300][1205.239s][debug][gc] Expanding ParOldGen from 139776K by 19968K to 159744K
[2020-08-10T13:04:25.716+0300][1205.261s][info ][gc] GC(38624) Pause Young (Allocation Failure) 155M->155M(157M) 14.437ms
[2020-08-10T13:04:25.729+0300][1205.275s][info ][gc] GC(38625) Pause Young (Allocation Failure) 155M->155M(157M) 13.124ms
[2020-08-10T13:04:25.743+0300][1205.288s][info ][gc] GC(38626) Pause Young (Allocation Failure) 156M->156M(157M) 13.059ms
[2020-08-10T13:04:25.772+0300][1205.317s][debug][gc] GC(38627) Shrinking ParOldGen from 159744K by 125952K to 33792K
[2020-08-10T13:04:25.772+0300][1205.317s][info ][gc] GC(38627) Pause Full (Ergonomics) 156M->22M(34M) 28.447ms
[2020-08-10T13:04:25.784+0300][1205.330s][info ][gc] GC(38628) Pause Young (Allocation Failure) 22M->22M(34M) 12.588ms
[2020-08-10T13:04:25.798+0300][1205.343s][info ][gc] GC(38629) Pause Young (Allocation Failure) 23M->23M(34M) 12.791ms
[2020-08-10T13:04:25.811+0300][1205.356s][info ][gc] GC(38630) Pause Young (Allocation Failure) 23M->23M(34M) 12.885ms
[2020-08-10T13:04:25.824+0300][1205.369s][info ][gc] GC(38631) Pause Young (Allocation Failure) 24M->24M(34M) 12.772ms
[2020-08-10T13:04:25.837+0300][1205.383s][info ][gc] GC(38632) Pause Young (Allocation Failure) 24M->24M(34M) 12.887ms
[2020-08-10T13:04:25.851+0300][1205.396s][info ][gc] GC(38633) Pause Young (Allocation Failure) 25M->25M(34M) 12.916ms
[2020-08-10T13:04:25.864+0300][1205.409s][info ][gc] GC(38634) Pause Young (Allocation Failure) 25M->25M(34M) 12.919ms
[2020-08-10T13:04:25.877+0300][1205.423s][info ][gc] GC(38635) Pause Young (Allocation Failure) 26M->26M(34M) 12.850ms
[2020-08-10T13:04:25.890+0300][1205.436s][info ][gc] GC(38636) Pause Young (Allocation Failure) 26M->26M(34M) 12.898ms
[2020-08-10T13:04:25.904+0300][1205.449s][info ][gc] GC(38637) Pause Young (Allocation Failure) 27M->26M(34M) 12.827ms
[2020-08-10T13:04:25.917+0300][1205.462s][info ][gc] GC(38638) Pause Young (Allocation Failure) 27M->27M(34M) 12.933ms
[2020-08-10T13:04:25.930+0300][1205.476s][info ][gc] GC(38639) Pause Young (Allocation Failure) 27M->27M(34M) 12.859ms
[2020-08-10T13:04:25.944+0300][1205.489s][info ][gc] GC(38640) Pause Young (Allocation Failure) 28M->28M(34M) 12.915ms
[2020-08-10T13:04:25.957+0300][1205.502s][info ][gc] GC(38641) Pause Young (Allocation Failure) 28M->28M(34M) 12.893ms
[2020-08-10T13:04:25.970+0300][1205.516s][info ][gc] GC(38642) Pause Young (Allocation Failure) 29M->29M(34M) 12.919ms
[2020-08-10T13:04:25.984+0300][1205.529s][info ][gc] GC(38643) Pause Young (Allocation Failure) 29M->29M(34M) 12.905ms
[2020-08-10T13:04:25.997+0300][1205.542s][info ][gc] GC(38644) Pause Young (Allocation Failure) 30M->30M(34M) 12.940ms
[2020-08-10T13:04:26.010+0300][1205.556s][info ][gc] GC(38645) Pause Young (Allocation Failure) 30M->30M(34M) 12.902ms
[2020-08-10T13:04:26.024+0300][1205.569s][info ][gc] GC(38646) Pause Young (Allocation Failure) 31M->31M(34M) 12.944ms
[2020-08-10T13:04:26.037+0300][1205.582s][info ][gc] GC(38647) Pause Young (Allocation Failure) 31M->31M(34M) 12.898ms
[2020-08-10T13:04:26.050+0300][1205.596s][info ][gc] GC(38648) Pause Young (Allocation Failure) 32M->31M(34M) 12.878ms
[2020-08-10T13:04:26.063+0300][1205.609s][info ][gc] GC(38649) Pause Young (Allocation Failure) 32M->32M(34M) 12.677ms
[2020-08-10T13:04:26.077+0300][1205.622s][info ][gc] GC(38650) Pause Young (Allocation Failure) 33M->33M(34M) 13.159ms
[2020-08-10T13:04:26.132+0300][1205.678s][debug][gc] GC(38651) Expanding ParOldGen from 33792K by 10752K to 44544K
[2020-08-10T13:04:26.132+0300][1205.678s][info ][gc] GC(38651) Pause Full (Ergonomics) 33M->33M(45M) 55.512ms
[2020-08-10T13:04:26.149+0300][1205.695s][info ][gc] GC(38652) Pause Young (Allocation Failure) 34M->34M(45M) 16.169ms
[2020-08-10T13:04:26.163+0300][1205.709s][info ][gc] GC(38653) Pause Young (Allocation Failure) 35M->35M(45M) 13.568ms
[2020-08-10T13:04:26.177+0300][1205.723s][info ][gc] GC(38654) Pause Young (Allocation Failure) 36M->35M(46M) 13.508ms
[2020-08-10T13:04:26.191+0300][1205.737s][info ][gc] GC(38655) Pause Young (Allocation Failure) 36M->36M(46M) 13.491ms
[2020-08-10T13:04:26.205+0300][1205.751s][info ][gc] GC(38656) Pause Young (Allocation Failure) 37M->37M(46M) 13.419ms
[2020-08-10T13:04:26.219+0300][1205.765s][info ][gc] GC(38657) Pause Young (Allocation Failure) 38M->38M(46M) 13.469ms
[2020-08-10T13:04:26.233+0300][1205.779s][info ][gc] GC(38658) Pause Young (Allocation Failure) 39M->39M(46M) 13.496ms
[2020-08-10T13:04:26.248+0300][1205.793s][info ][gc] GC(38659) Pause Young (Allocation Failure) 40M->40M(46M) 13.580ms
[2020-08-10T13:04:26.262+0300][1205.807s][info ][gc] GC(38660) Pause Young (Allocation Failure) 41M->41M(46M) 13.433ms
[2020-08-10T13:04:26.276+0300][1205.821s][info ][gc] GC(38661) Pause Young (Allocation Failure) 42M->42M(46M) 13.310ms
[2020-08-10T13:04:26.290+0300][1205.835s][info ][gc] GC(38662) Pause Young (Allocation Failure) 43M->43M(46M) 13.588ms
[2020-08-10T13:04:26.366+0300][1205.912s][debug][gc] GC(38663) Expanding ParOldGen from 44544K by 11776K to 56320K
[2020-08-10T13:04:26.366+0300][1205.912s][info ][gc] GC(38663) Pause Full (Ergonomics) 43M->43M(57M) 76.657ms
[2020-08-10T13:04:26.380+0300][1205.925s][info ][gc] GC(38664) Pause Young (Allocation Failure) 44M->44M(57M) 12.851ms
[2020-08-10T13:04:26.394+0300][1205.939s][info ][gc] GC(38665) Pause Young (Allocation Failure) 45M->45M(57M) 13.478ms
[2020-08-10T13:04:26.408+0300][1205.953s][info ][gc] GC(38666) Pause Young (Allocation Failure) 46M->46M(57M) 13.381ms
[2020-08-10T13:04:26.422+0300][1205.967s][info ][gc] GC(38667) Pause Young (Allocation Failure) 47M->47M(57M) 13.284ms
[2020-08-10T13:04:26.436+0300][1205.981s][info ][gc] GC(38668) Pause Young (Allocation Failure) 48M->48M(57M) 13.489ms
[2020-08-10T13:04:26.450+0300][1205.995s][info ][gc] GC(38669) Pause Young (Allocation Failure) 49M->49M(57M) 13.276ms
[2020-08-10T13:04:26.463+0300][1206.009s][info ][gc] GC(38670) Pause Young (Allocation Failure) 50M->50M(57M) 13.371ms
[2020-08-10T13:04:26.478+0300][1206.023s][info ][gc] GC(38671) Pause Young (Allocation Failure) 51M->50M(57M) 13.520ms
[2020-08-10T13:04:26.492+0300][1206.037s][info ][gc] GC(38672) Pause Young (Allocation Failure) 51M->51M(57M) 13.495ms
[2020-08-10T13:04:26.506+0300][1206.051s][info ][gc] GC(38673) Pause Young (Allocation Failure) 52M->52M(57M) 13.504ms
[2020-08-10T13:04:26.520+0300][1206.065s][info ][gc] GC(38674) Pause Young (Allocation Failure) 53M->53M(57M) 13.487ms
[2020-08-10T13:04:26.534+0300][1206.079s][info ][gc] GC(38675) Pause Young (Allocation Failure) 54M->54M(57M) 13.532ms
[2020-08-10T13:04:26.650+0300][1206.196s][debug][gc] GC(38676) Expanding ParOldGen from 56320K by 11264K to 67584K
[2020-08-10T13:04:26.650+0300][1206.196s][info ][gc] GC(38676) Pause Full (Ergonomics) 54M->54M(68M) 116.361ms
[2020-08-10T13:04:26.664+0300][1206.209s][info ][gc] GC(38677) Pause Young (Allocation Failure) 55M->55M(68M) 13.042ms
[2020-08-10T13:04:26.678+0300][1206.223s][info ][gc] GC(38678) Pause Young (Allocation Failure) 56M->56M(68M) 13.560ms
[2020-08-10T13:04:26.692+0300][1206.238s][info ][gc] GC(38679) Pause Young (Allocation Failure) 57M->57M(68M) 13.513ms
[2020-08-10T13:04:26.706+0300][1206.251s][info ][gc] GC(38680) Pause Young (Allocation Failure) 58M->58M(68M) 13.455ms
[2020-08-10T13:04:26.720+0300][1206.265s][info ][gc] GC(38681) Pause Young (Allocation Failure) 59M->59M(68M) 13.397ms
[2020-08-10T13:04:26.734+0300][1206.279s][info ][gc] GC(38682) Pause Young (Allocation Failure) 60M->60M(68M) 13.342ms
[2020-08-10T13:04:26.748+0300][1206.293s][info ][gc] GC(38683) Pause Young (Allocation Failure) 61M->61M(68M) 13.525ms
[2020-08-10T13:04:26.762+0300][1206.307s][info ][gc] GC(38684) Pause Young (Allocation Failure) 62M->62M(68M) 13.405ms
[2020-08-10T13:04:26.776+0300][1206.321s][info ][gc] GC(38685) Pause Young (Allocation Failure) 63M->63M(68M) 13.424ms
[2020-08-10T13:04:26.790+0300][1206.335s][info ][gc] GC(38686) Pause Young (Allocation Failure) 64M->64M(68M) 13.559ms
[2020-08-10T13:04:26.804+0300][1206.349s][info ][gc] GC(38687) Pause Young (Allocation Failure) 65M->65M(68M) 13.418ms
[2020-08-10T13:04:26.818+0300][1206.363s][info ][gc] GC(38688) Pause Young (Allocation Failure) 66M->66M(68M) 13.426ms
[2020-08-10T13:04:26.963+0300][1206.508s][debug][gc] GC(38689) Expanding ParOldGen from 67584K by 11776K to 79360K
[2020-08-10T13:04:26.963+0300][1206.508s][info ][gc] GC(38689) Pause Full (Ergonomics) 66M->65M(80M) 144.986ms
[2020-08-10T13:04:26.976+0300][1206.522s][info ][gc] GC(38690) Pause Young (Allocation Failure) 66M->66M(80M) 13.071ms
[2020-08-10T13:04:26.990+0300][1206.536s][info ][gc] GC(38691) Pause Young (Allocation Failure) 67M->67M(80M) 13.576ms
[2020-08-10T13:04:27.004+0300][1206.550s][info ][gc] GC(38692) Pause Young (Allocation Failure) 68M->68M(80M) 13.480ms
[2020-08-10T13:04:27.018+0300][1206.564s][info ][gc] GC(38693) Pause Young (Allocation Failure) 69M->69M(80M) 13.532ms
[2020-08-10T13:04:27.032+0300][1206.578s][info ][gc] GC(38694) Pause Young (Allocation Failure) 70M->70M(80M) 13.466ms
[2020-08-10T13:04:27.046+0300][1206.592s][info ][gc] GC(38695) Pause Young (Allocation Failure) 71M->71M(80M) 13.403ms
[2020-08-10T13:04:27.061+0300][1206.606s][info ][gc] GC(38696) Pause Young (Allocation Failure) 72M->72M(80M) 13.845ms
[2020-08-10T13:04:27.075+0300][1206.620s][info ][gc] GC(38697) Pause Young (Allocation Failure) 73M->73M(80M) 13.552ms
[2020-08-10T13:04:27.089+0300][1206.634s][info ][gc] GC(38698) Pause Young (Allocation Failure) 74M->74M(80M) 13.491ms
[2020-08-10T13:04:27.103+0300][1206.648s][info ][gc] GC(38699) Pause Young (Allocation Failure) 75M->75M(80M) 13.577ms
[2020-08-10T13:04:27.117+0300][1206.662s][info ][gc] GC(38700) Pause Young (Allocation Failure) 76M->76M(80M) 13.612ms
[2020-08-10T13:04:27.131+0300][1206.676s][info ][gc] GC(38701) Pause Young (Allocation Failure) 77M->77M(80M) 13.519ms
[2020-08-10T13:04:27.308+0300][1206.854s][debug][gc] GC(38702) Expanding ParOldGen from 79360K by 11264K to 90624K
[2020-08-10T13:04:27.308+0300][1206.854s][info ][gc] GC(38702) Pause Full (Ergonomics) 77M->77M(91M) 177.227ms
[2020-08-10T13:04:27.322+0300][1206.868s][info ][gc] GC(38703) Pause Young (Allocation Failure) 78M->78M(91M) 13.094ms
[2020-08-10T13:04:27.336+0300][1206.882s][info ][gc] GC(38704) Pause Young (Allocation Failure) 79M->79M(91M) 13.462ms
[2020-08-10T13:04:27.350+0300][1206.896s][info ][gc] GC(38705) Pause Young (Allocation Failure) 80M->80M(91M) 13.427ms
[2020-08-10T13:04:27.364+0300][1206.910s][info ][gc] GC(38706) Pause Young (Allocation Failure) 81M->81M(91M) 13.631ms
[2020-08-10T13:04:27.379+0300][1206.924s][info ][gc] GC(38707) Pause Young (Allocation Failure) 82M->81M(91M) 13.685ms
[2020-08-10T13:04:27.393+0300][1206.938s][info ][gc] GC(38708) Pause Young (Allocation Failure) 82M->82M(91M) 13.729ms
[2020-08-10T13:04:27.407+0300][1206.953s][info ][gc] GC(38709) Pause Young (Allocation Failure) 83M->83M(91M) 13.783ms
[2020-08-10T13:04:27.422+0300][1206.968s][info ][gc] GC(38710) Pause Young (Allocation Failure) 84M->84M(90M) 14.121ms
[2020-08-10T13:04:27.437+0300][1206.982s][info ][gc] GC(38711) Pause Young (Allocation Failure) 85M->85M(90M) 14.296ms
[2020-08-10T13:04:27.452+0300][1206.997s][info ][gc] GC(38712) Pause Young (Allocation Failure) 86M->86M(90M) 14.037ms
[2020-08-10T13:04:27.465+0300][1207.011s][info ][gc] GC(38713) Pause Young (Allocation Failure) 87M->87M(91M) 13.217ms
[2020-08-10T13:04:27.480+0300][1207.026s][info ][gc] GC(38714) Pause Young (Allocation Failure) 88M->88M(91M) 14.091ms
[2020-08-10T13:04:27.711+0300][1207.257s][debug][gc] GC(38715) Expanding ParOldGen from 90624K by 11264K to 101888K
[2020-08-10T13:04:27.712+0300][1207.257s][info ][gc] GC(38715) Pause Full (Ergonomics) 88M->88M(102M) 231.327ms
[2020-08-10T13:04:27.744+0300][1207.290s][info ][gc] GC(38716) Pause Young (Allocation Failure) 89M->89M(102M) 32.234ms
[2020-08-10T13:04:27.759+0300][1207.305s][info ][gc] GC(38717) Pause Young (Allocation Failure) 90M->90M(102M) 14.606ms
[2020-08-10T13:04:27.775+0300][1207.320s][info ][gc] GC(38718) Pause Young (Allocation Failure) 91M->91M(102M) 14.846ms
[2020-08-10T13:04:27.790+0300][1207.336s][info ][gc] GC(38719) Pause Young (Allocation Failure) 92M->92M(102M) 14.849ms
[2020-08-10T13:04:27.806+0300][1207.351s][info ][gc] GC(38720) Pause Young (Allocation Failure) 93M->93M(102M) 14.912ms
[2020-08-10T13:04:27.821+0300][1207.367s][info ][gc] GC(38721) Pause Young (Allocation Failure) 94M->94M(102M) 14.940ms
[2020-08-10T13:04:27.836+0300][1207.382s][info ][gc] GC(38722) Pause Young (Allocation Failure) 95M->95M(102M) 14.670ms
[2020-08-10T13:04:27.852+0300][1207.397s][info ][gc] GC(38723) Pause Young (Allocation Failure) 96M->96M(102M) 14.949ms
[2020-08-10T13:04:27.867+0300][1207.413s][info ][gc] GC(38724) Pause Young (Allocation Failure) 97M->97M(102M) 15.225ms
[2020-08-10T13:04:27.883+0300][1207.429s][info ][gc] GC(38725) Pause Young (Allocation Failure) 98M->98M(102M) 15.230ms
[2020-08-10T13:04:27.899+0300][1207.445s][info ][gc] GC(38726) Pause Young (Allocation Failure) 99M->98M(102M) 15.355ms
[2020-08-10T13:04:27.915+0300][1207.461s][info ][gc] GC(38727) Pause Young (Allocation Failure) 99M->99M(102M) 15.800ms
[2020-08-10T13:04:28.160+0300][1207.706s][debug][gc] GC(38728) Expanding ParOldGen from 101888K by 11776K to 113664K
[2020-08-10T13:04:28.160+0300][1207.706s][info ][gc] GC(38728) Pause Full (Ergonomics) 99M->99M(113M) 244.679ms
[2020-08-10T13:04:28.196+0300][1207.741s][info ][gc] GC(38729) Pause Young (Allocation Failure) 100M->100M(113M) 34.807ms
[2020-08-10T13:04:28.212+0300][1207.757s][info ][gc] GC(38730) Pause Young (Allocation Failure) 101M->101M(113M) 15.602ms
[2020-08-10T13:04:28.228+0300][1207.773s][info ][gc] GC(38731) Pause Young (Allocation Failure) 102M->102M(113M) 15.494ms
[2020-08-10T13:04:28.244+0300][1207.789s][info ][gc] GC(38732) Pause Young (Allocation Failure) 103M->103M(113M) 15.572ms
[2020-08-10T13:04:28.260+0300][1207.805s][info ][gc] GC(38733) Pause Young (Allocation Failure) 104M->104M(113M) 15.715ms
[2020-08-10T13:04:28.276+0300][1207.822s][info ][gc] GC(38734) Pause Young (Allocation Failure) 105M->105M(113M) 16.147ms
[2020-08-10T13:04:28.293+0300][1207.838s][info ][gc] GC(38735) Pause Young (Allocation Failure) 106M->106M(113M) 15.738ms
[2020-08-10T13:04:28.309+0300][1207.855s][info ][gc] GC(38736) Pause Young (Allocation Failure) 107M->107M(113M) 15.822ms
[2020-08-10T13:04:28.325+0300][1207.871s][info ][gc] GC(38737) Pause Young (Allocation Failure) 108M->108M(113M) 16.012ms
[2020-08-10T13:04:28.342+0300][1207.887s][info ][gc] GC(38738) Pause Young (Allocation Failure) 109M->109M(113M) 16.142ms
[2020-08-10T13:04:28.359+0300][1207.904s][info ][gc] GC(38739) Pause Young (Allocation Failure) 110M->110M(113M) 16.385ms
[2020-08-10T13:04:28.376+0300][1207.921s][info ][gc] GC(38740) Pause Young (Allocation Failure) 111M->111M(113M) 16.413ms
[2020-08-10T13:04:28.640+0300][1208.185s][debug][gc] GC(38741) Expanding ParOldGen from 113664K by 11264K to 124928K
[2020-08-10T13:04:28.640+0300][1208.185s][info ][gc] GC(38741) Pause Full (Ergonomics) 111M->111M(124M) 263.904ms
[2020-08-10T13:04:28.678+0300][1208.223s][info ][gc] GC(38742) Pause Young (Allocation Failure) 112M->112M(124M) 37.382ms
[2020-08-10T13:04:28.695+0300][1208.240s][info ][gc] GC(38743) Pause Young (Allocation Failure) 113M->112M(124M) 16.533ms
[2020-08-10T13:04:28.712+0300][1208.258s][info ][gc] GC(38744) Pause Young (Allocation Failure) 113M->113M(124M) 16.642ms
[2020-08-10T13:04:28.730+0300][1208.275s][info ][gc] GC(38745) Pause Young (Allocation Failure) 114M->114M(124M) 16.793ms
[2020-08-10T13:04:28.747+0300][1208.292s][info ][gc] GC(38746) Pause Young (Allocation Failure) 115M->115M(124M) 16.723ms
[2020-08-10T13:04:28.764+0300][1208.310s][info ][gc] GC(38747) Pause Young (Allocation Failure) 116M->116M(124M) 16.822ms
[2020-08-10T13:04:28.782+0300][1208.328s][info ][gc] GC(38748) Pause Young (Allocation Failure) 117M->117M(124M) 17.092ms
[2020-08-10T13:04:28.800+0300][1208.345s][info ][gc] GC(38749) Pause Young (Allocation Failure) 118M->118M(124M) 17.042ms
[2020-08-10T13:04:28.817+0300][1208.363s][info ][gc] GC(38750) Pause Young (Allocation Failure) 119M->119M(124M) 17.144ms
[2020-08-10T13:04:28.835+0300][1208.381s][info ][gc] GC(38751) Pause Young (Allocation Failure) 120M->120M(124M) 17.171ms
[2020-08-10T13:04:28.853+0300][1208.398s][info ][gc] GC(38752) Pause Young (Allocation Failure) 121M->121M(124M) 17.091ms
[2020-08-10T13:04:28.871+0300][1208.416s][info ][gc] GC(38753) Pause Young (Allocation Failure) 122M->122M(124M) 17.420ms
[2020-08-10T13:04:29.177+0300][1208.722s][debug][gc] GC(38754) Expanding ParOldGen from 124928K by 11776K to 136704K
[2020-08-10T13:04:29.177+0300][1208.722s][info ][gc] GC(38754) Pause Full (Ergonomics) 122M->122M(136M) 305.777ms
[2020-08-10T13:04:29.209+0300][1208.755s][info ][gc] GC(38755) Pause Young (Allocation Failure) 123M->123M(136M) 31.680ms
[2020-08-10T13:04:29.227+0300][1208.773s][info ][gc] GC(38756) Pause Young (Allocation Failure) 124M->124M(136M) 17.875ms
[2020-08-10T13:04:29.246+0300][1208.792s][info ][gc] GC(38757) Pause Young (Allocation Failure) 125M->125M(136M) 18.067ms
[2020-08-10T13:04:29.297+0300][1208.843s][info ][gc] GC(38758) Pause Young (Allocation Failure) 126M->126M(136M) 50.601ms
[2020-08-10T13:04:29.317+0300][1208.862s][info ][gc] GC(38759) Pause Young (Allocation Failure) 127M->127M(136M) 18.853ms
[2020-08-10T13:04:29.336+0300][1208.881s][info ][gc] GC(38760) Pause Young (Allocation Failure) 128M->128M(136M) 18.339ms
[2020-08-10T13:04:29.354+0300][1208.900s][info ][gc] GC(38761) Pause Young (Allocation Failure) 129M->129M(136M) 18.078ms
[2020-08-10T13:04:29.373+0300][1208.919s][info ][gc] GC(38762) Pause Young (Allocation Failure) 130M->130M(136M) 18.078ms
[2020-08-10T13:04:29.391+0300][1208.937s][info ][gc] GC(38763) Pause Young (Allocation Failure) 131M->130M(136M) 17.682ms
[2020-08-10T13:04:29.410+0300][1208.956s][info ][gc] GC(38764) Pause Young (Allocation Failure) 131M->131M(136M) 18.447ms
[2020-08-10T13:04:29.429+0300][1208.975s][info ][gc] GC(38765) Pause Young (Allocation Failure) 132M->132M(136M) 18.544ms
[2020-08-10T13:04:29.448+0300][1208.994s][info ][gc] GC(38766) Pause Young (Allocation Failure) 133M->133M(136M) 18.246ms
[2020-08-10T13:04:29.796+0300][1209.342s][debug][gc] GC(38767) Expanding ParOldGen from 136704K by 11264K to 147968K
[2020-08-10T13:04:29.796+0300][1209.342s][info ][gc] GC(38767) Pause Full (Ergonomics) 133M->133M(147M) 348.032ms
[2020-08-10T13:04:29.830+0300][1209.376s][info ][gc] GC(38768) Pause Young (Allocation Failure) 134M->134M(147M) 33.712ms
[2020-08-10T13:04:29.850+0300][1209.396s][info ][gc] GC(38769) Pause Young (Allocation Failure) 135M->135M(147M) 19.147ms
[2020-08-10T13:04:29.850+0300][1209.396s][debug][gc] Expanding ParOldGen from 147968K by 19968K to 167936K
[2020-08-10T13:04:29.875+0300][1209.420s][info ][gc] GC(38770) Pause Young (Allocation Failure) 155M->155M(166M) 16.177ms
[2020-08-10T13:04:29.889+0300][1209.435s][info ][gc] GC(38771) Pause Young (Allocation Failure) 156M->156M(166M) 14.155ms
[2020-08-10T13:04:29.904+0300][1209.450s][info ][gc] GC(38772) Pause Young (Allocation Failure) 157M->157M(166M) 14.166ms
[2020-08-10T13:04:29.919+0300][1209.465s][info ][gc] GC(38773) Pause Young (Allocation Failure) 158M->158M(166M) 14.155ms
[2020-08-10T13:04:29.934+0300][1209.479s][info ][gc] GC(38774) Pause Young (Allocation Failure) 159M->159M(166M) 13.931ms
[2020-08-10T13:04:29.948+0300][1209.494s][info ][gc] GC(38775) Pause Young (Allocation Failure) 160M->160M(166M) 14.136ms
[2020-08-10T13:04:29.968+0300][1209.514s][info ][gc] GC(38776) Pause Young (Allocation Failure) 161M->161M(166M) 19.622ms
[2020-08-10T13:04:29.983+0300][1209.528s][info ][gc] GC(38777) Pause Young (Allocation Failure) 162M->162M(166M) 13.982ms
[2020-08-10T13:04:29.997+0300][1209.543s][info ][gc] GC(38778) Pause Young (Allocation Failure) 163M->163M(166M) 14.114ms
[2020-08-10T13:04:30.016+0300][1209.562s][info ][gc] GC(38779) Pause Young (Allocation Failure) 164M->164M(166M) 18.940ms
[2020-08-10T13:04:30.105+0300][1209.651s][debug][gc] GC(38780) Shrinking ParOldGen from 167936K by 124928K to 43008K
[2020-08-10T13:04:30.105+0300][1209.651s][info ][gc] GC(38780) Pause Full (Ergonomics) 164M->30M(44M) 88.610ms
[2020-08-10T13:04:30.134+0300][1209.680s][info ][gc] GC(38781) Pause Young (Allocation Failure) 31M->31M(44M) 28.491ms
[2020-08-10T13:04:30.156+0300][1209.701s][info ][gc] GC(38782) Pause Young (Allocation Failure) 32M->32M(44M) 20.608ms
[2020-08-10T13:04:30.186+0300][1209.732s][info ][gc] GC(38783) Pause Young (Allocation Failure) 33M->33M(44M) 29.908ms
[2020-08-10T13:04:30.203+0300][1209.749s][info ][gc] GC(38784) Pause Young (Allocation Failure) 34M->34M(44M) 16.521ms
[2020-08-10T13:04:30.218+0300][1209.764s][info ][gc] GC(38785) Pause Young (Allocation Failure) 35M->35M(44M) 14.686ms
[2020-08-10T13:04:30.232+0300][1209.778s][info ][gc] GC(38786) Pause Young (Allocation Failure) 36M->36M(44M) 13.194ms
[2020-08-10T13:04:30.246+0300][1209.791s][info ][gc] GC(38787) Pause Young (Allocation Failure) 37M->37M(44M) 13.416ms
[2020-08-10T13:04:30.260+0300][1209.805s][info ][gc] GC(38788) Pause Young (Allocation Failure) 38M->38M(44M) 13.386ms
[2020-08-10T13:04:30.274+0300][1209.819s][info ][gc] GC(38789) Pause Young (Allocation Failure) 39M->39M(44M) 13.430ms
[2020-08-10T13:04:30.288+0300][1209.833s][info ][gc] GC(38790) Pause Young (Allocation Failure) 40M->40M(44M) 13.556ms
[2020-08-10T13:04:30.302+0300][1209.847s][info ][gc] GC(38791) Pause Young (Allocation Failure) 41M->40M(44M) 13.596ms
[2020-08-10T13:04:30.316+0300][1209.861s][info ][gc] GC(38792) Pause Young (Allocation Failure) 41M->41M(44M) 13.551ms
[2020-08-10T13:04:30.391+0300][1209.937s][debug][gc] GC(38793) Expanding ParOldGen from 43008K by 11264K to 54272K
[2020-08-10T13:04:30.392+0300][1209.937s][info ][gc] GC(38793) Pause Full (Ergonomics) 41M->41M(55M) 75.662ms
[2020-08-10T13:04:30.405+0300][1209.951s][info ][gc] GC(38794) Pause Young (Allocation Failure) 42M->42M(55M) 12.976ms
[2020-08-10T13:04:30.419+0300][1209.965s][info ][gc] GC(38795) Pause Young (Allocation Failure) 43M->43M(55M) 13.499ms
[2020-08-10T13:04:30.433+0300][1209.979s][info ][gc] GC(38796) Pause Young (Allocation Failure) 44M->44M(55M) 13.460ms
[2020-08-10T13:04:30.447+0300][1209.993s][info ][gc] GC(38797) Pause Young (Allocation Failure) 45M->45M(55M) 13.452ms
[2020-08-10T13:04:30.461+0300][1210.007s][info ][gc] GC(38798) Pause Young (Allocation Failure) 46M->46M(55M) 13.339ms
[2020-08-10T13:04:30.475+0300][1210.021s][info ][gc] GC(38799) Pause Young (Allocation Failure) 47M->47M(55M) 13.474ms
[2020-08-10T13:04:30.489+0300][1210.035s][info ][gc] GC(38800) Pause Young (Allocation Failure) 48M->48M(55M) 13.512ms
[2020-08-10T13:04:30.503+0300][1210.049s][info ][gc] GC(38801) Pause Young (Allocation Failure) 49M->49M(55M) 13.440ms
[2020-08-10T13:04:30.517+0300][1210.062s][info ][gc] GC(38802) Pause Young (Allocation Failure) 50M->50M(55M) 13.299ms
[2020-08-10T13:04:30.531+0300][1210.076s][info ][gc] GC(38803) Pause Young (Allocation Failure) 51M->51M(55M) 13.470ms
[2020-08-10T13:04:30.544+0300][1210.090s][info ][gc] GC(38804) Pause Young (Allocation Failure) 52M->52M(55M) 13.401ms
[2020-08-10T13:04:30.558+0300][1210.104s][info ][gc] GC(38805) Pause Young (Allocation Failure) 53M->53M(55M) 13.518ms
[2020-08-10T13:04:30.674+0300][1210.219s][debug][gc] GC(38806) Expanding ParOldGen from 54272K by 11264K to 65536K
[2020-08-10T13:04:30.674+0300][1210.219s][info ][gc] GC(38806) Pause Full (Ergonomics) 53M->53M(66M) 115.083ms
[2020-08-10T13:04:30.695+0300][1210.241s][info ][gc] GC(38807) Pause Young (Allocation Failure) 54M->54M(66M) 21.175ms
[2020-08-10T13:04:30.710+0300][1210.255s][info ][gc] GC(38808) Pause Young (Allocation Failure) 55M->54M(66M) 13.737ms
[2020-08-10T13:04:30.724+0300][1210.270s][info ][gc] GC(38809) Pause Young (Allocation Failure) 55M->55M(66M) 13.676ms
[2020-08-10T13:04:30.738+0300][1210.284s][info ][gc] GC(38810) Pause Young (Allocation Failure) 56M->56M(66M) 13.614ms
[2020-08-10T13:04:30.752+0300][1210.298s][info ][gc] GC(38811) Pause Young (Allocation Failure) 57M->57M(66M) 13.685ms
[2020-08-10T13:04:30.766+0300][1210.312s][info ][gc] GC(38812) Pause Young (Allocation Failure) 58M->58M(66M) 13.436ms
[2020-08-10T13:04:30.781+0300][1210.326s][info ][gc] GC(38813) Pause Young (Allocation Failure) 59M->59M(66M) 13.738ms
[2020-08-10T13:04:30.795+0300][1210.340s][info ][gc] GC(38814) Pause Young (Allocation Failure) 60M->60M(66M) 13.674ms
[2020-08-10T13:04:30.809+0300][1210.355s][info ][gc] GC(38815) Pause Young (Allocation Failure) 61M->61M(66M) 13.687ms
[2020-08-10T13:04:30.823+0300][1210.369s][info ][gc] GC(38816) Pause Young (Allocation Failure) 62M->62M(66M) 13.667ms
[2020-08-10T13:04:30.838+0300][1210.383s][info ][gc] GC(38817) Pause Young (Allocation Failure) 63M->63M(66M) 13.694ms
[2020-08-10T13:04:30.852+0300][1210.397s][info ][gc] GC(38818) Pause Young (Allocation Failure) 64M->64M(66M) 13.716ms
[2020-08-10T13:04:30.989+0300][1210.535s][debug][gc] GC(38819) Expanding ParOldGen from 65536K by 11776K to 77312K
[2020-08-10T13:04:30.989+0300][1210.535s][info ][gc] GC(38819) Pause Full (Ergonomics) 64M->64M(77M) 137.118ms
[2020-08-10T13:04:31.015+0300][1210.561s][info ][gc] GC(38820) Pause Young (Allocation Failure) 65M->65M(77M) 25.772ms
[2020-08-10T13:04:31.032+0300][1210.578s][info ][gc] GC(38821) Pause Young (Allocation Failure) 66M->66M(77M) 16.296ms
[2020-08-10T13:04:31.047+0300][1210.592s][info ][gc] GC(38822) Pause Young (Allocation Failure) 67M->67M(77M) 13.820ms
[2020-08-10T13:04:31.061+0300][1210.607s][info ][gc] GC(38823) Pause Young (Allocation Failure) 68M->68M(77M) 13.805ms
[2020-08-10T13:04:31.075+0300][1210.621s][info ][gc] GC(38824) Pause Young (Allocation Failure) 69M->69M(77M) 13.723ms
[2020-08-10T13:04:31.090+0300][1210.635s][info ][gc] GC(38825) Pause Young (Allocation Failure) 70M->70M(77M) 13.747ms
[2020-08-10T13:04:31.104+0300][1210.649s][info ][gc] GC(38826) Pause Young (Allocation Failure) 71M->71M(77M) 13.675ms
[2020-08-10T13:04:31.118+0300][1210.663s][info ][gc] GC(38827) Pause Young (Allocation Failure) 72M->71M(77M) 13.652ms
[2020-08-10T13:04:31.132+0300][1210.677s][info ][gc] GC(38828) Pause Young (Allocation Failure) 72M->72M(77M) 13.588ms
[2020-08-10T13:04:31.146+0300][1210.692s][info ][gc] GC(38829) Pause Young (Allocation Failure) 73M->73M(77M) 13.778ms
[2020-08-10T13:04:31.160+0300][1210.706s][info ][gc] GC(38830) Pause Young (Allocation Failure) 74M->74M(77M) 13.609ms
[2020-08-10T13:04:31.174+0300][1210.720s][info ][gc] GC(38831) Pause Young (Allocation Failure) 75M->75M(77M) 13.844ms
[2020-08-10T13:04:31.344+0300][1210.890s][debug][gc] GC(38832) Expanding ParOldGen from 77312K by 11264K to 88576K
[2020-08-10T13:04:31.344+0300][1210.890s][info ][gc] GC(38832) Pause Full (Ergonomics) 75M->75M(88M) 169.835ms
[2020-08-10T13:04:31.374+0300][1210.920s][info ][gc] GC(38833) Pause Young (Allocation Failure) 76M->76M(88M) 29.543ms
[2020-08-10T13:04:31.389+0300][1210.934s][info ][gc] GC(38834) Pause Young (Allocation Failure) 77M->77M(88M) 13.755ms
[2020-08-10T13:04:31.403+0300][1210.948s][info ][gc] GC(38835) Pause Young (Allocation Failure) 78M->78M(88M) 13.646ms
[2020-08-10T13:04:31.417+0300][1210.963s][info ][gc] GC(38836) Pause Young (Allocation Failure) 79M->79M(88M) 13.792ms
[2020-08-10T13:04:31.431+0300][1210.977s][info ][gc] GC(38837) Pause Young (Allocation Failure) 80M->80M(88M) 13.766ms
[2020-08-10T13:04:31.445+0300][1210.991s][info ][gc] GC(38838) Pause Young (Allocation Failure) 81M->81M(88M) 13.908ms
[2020-08-10T13:04:31.460+0300][1211.005s][info ][gc] GC(38839) Pause Young (Allocation Failure) 82M->82M(88M) 13.767ms
[2020-08-10T13:04:31.474+0300][1211.020s][info ][gc] GC(38840) Pause Young (Allocation Failure) 83M->83M(88M) 14.178ms
[2020-08-10T13:04:31.489+0300][1211.035s][info ][gc] GC(38841) Pause Young (Allocation Failure) 84M->84M(88M) 13.999ms
[2020-08-10T13:04:31.504+0300][1211.050s][info ][gc] GC(38842) Pause Young (Allocation Failure) 85M->85M(88M) 14.395ms
[2020-08-10T13:04:31.519+0300][1211.064s][info ][gc] GC(38843) Pause Young (Allocation Failure) 86M->86M(88M) 14.068ms
[2020-08-10T13:04:31.533+0300][1211.079s][info ][gc] GC(38844) Pause Young (Allocation Failure) 87M->87M(88M) 14.233ms
[2020-08-10T13:04:31.753+0300][1211.299s][debug][gc] GC(38845) Expanding ParOldGen from 88576K by 11264K to 99840K
[2020-08-10T13:04:31.753+0300][1211.299s][info ][gc] GC(38845) Pause Full (Ergonomics) 87M->86M(99M) 219.607ms
[2020-08-10T13:04:31.786+0300][1211.332s][info ][gc] GC(38846) Pause Young (Allocation Failure) 87M->87M(99M) 32.436ms
[2020-08-10T13:04:31.801+0300][1211.347s][info ][gc] GC(38847) Pause Young (Allocation Failure) 88M->88M(99M) 14.489ms
[2020-08-10T13:04:31.816+0300][1211.362s][info ][gc] GC(38848) Pause Young (Allocation Failure) 89M->89M(99M) 14.655ms
[2020-08-10T13:04:31.832+0300][1211.377s][info ][gc] GC(38849) Pause Young (Allocation Failure) 90M->90M(99M) 14.728ms
[2020-08-10T13:04:31.847+0300][1211.393s][info ][gc] GC(38850) Pause Young (Allocation Failure) 91M->91M(99M) 14.615ms
[2020-08-10T13:04:31.862+0300][1211.408s][info ][gc] GC(38851) Pause Young (Allocation Failure) 92M->92M(99M) 14.946ms
[2020-08-10T13:04:31.878+0300][1211.424s][info ][gc] GC(38852) Pause Young (Allocation Failure) 93M->93M(99M) 15.007ms
[2020-08-10T13:04:31.893+0300][1211.439s][info ][gc] GC(38853) Pause Young (Allocation Failure) 94M->94M(99M) 15.035ms
[2020-08-10T13:04:31.909+0300][1211.454s][info ][gc] GC(38854) Pause Young (Allocation Failure) 95M->95M(99M) 14.766ms
[2020-08-10T13:04:31.924+0300][1211.470s][info ][gc] GC(38855) Pause Young (Allocation Failure) 96M->96M(99M) 15.163ms
[2020-08-10T13:04:31.938+0300][1211.484s][info ][gc] GC(38856) Pause Young (Allocation Failure) 96M->96M(99M) 13.729ms
[2020-08-10T13:04:31.952+0300][1211.498s][info ][gc] GC(38857) Pause Young (Allocation Failure) 97M->97M(99M) 13.468ms
[2020-08-10T13:04:32.185+0300][1211.731s][debug][gc] GC(38858) Expanding ParOldGen from 99840K by 11264K to 111104K
[2020-08-10T13:04:32.185+0300][1211.731s][info ][gc] GC(38858) Pause Full (Ergonomics) 97M->97M(110M) 232.430ms
[2020-08-10T13:04:32.198+0300][1211.744s][info ][gc] GC(38859) Pause Young (Allocation Failure) 97M->97M(110M) 13.002ms
[2020-08-10T13:04:32.212+0300][1211.758s][info ][gc] GC(38860) Pause Young (Allocation Failure) 98M->98M(110M) 13.228ms
[2020-08-10T13:04:32.226+0300][1211.772s][info ][gc] GC(38861) Pause Young (Allocation Failure) 98M->98M(110M) 13.124ms
[2020-08-10T13:04:32.239+0300][1211.785s][info ][gc] GC(38862) Pause Young (Allocation Failure) 99M->99M(110M) 12.974ms
[2020-08-10T13:04:32.253+0300][1211.798s][info ][gc] GC(38863) Pause Young (Allocation Failure) 99M->99M(110M) 13.068ms
[2020-08-10T13:04:32.266+0300][1211.812s][info ][gc] GC(38864) Pause Young (Allocation Failure) 100M->100M(110M) 13.021ms
[2020-08-10T13:04:32.280+0300][1211.825s][info ][gc] GC(38865) Pause Young (Allocation Failure) 100M->100M(110M) 13.099ms
[2020-08-10T13:04:32.293+0300][1211.839s][info ][gc] GC(38866) Pause Young (Allocation Failure) 100M->100M(110M) 13.175ms
[2020-08-10T13:04:32.307+0300][1211.852s][info ][gc] GC(38867) Pause Young (Allocation Failure) 101M->101M(110M) 12.999ms
[2020-08-10T13:04:32.320+0300][1211.866s][info ][gc] GC(38868) Pause Young (Allocation Failure) 101M->101M(110M) 13.030ms
[2020-08-10T13:04:32.334+0300][1211.880s][info ][gc] GC(38869) Pause Young (Allocation Failure) 102M->102M(110M) 13.145ms
[2020-08-10T13:04:32.347+0300][1211.893s][info ][gc] GC(38870) Pause Young (Allocation Failure) 102M->102M(110M) 13.125ms
[2020-08-10T13:04:32.361+0300][1211.907s][info ][gc] GC(38871) Pause Young (Allocation Failure) 103M->103M(110M) 12.912ms
[2020-08-10T13:04:32.374+0300][1211.920s][info ][gc] GC(38872) Pause Young (Allocation Failure) 103M->103M(110M) 13.055ms
[2020-08-10T13:04:32.388+0300][1211.934s][info ][gc] GC(38873) Pause Young (Allocation Failure) 104M->104M(109M) 13.330ms
[2020-08-10T13:04:32.402+0300][1211.947s][info ][gc] GC(38874) Pause Young (Allocation Failure) 104M->104M(110M) 13.203ms
[2020-08-10T13:04:32.415+0300][1211.961s][info ][gc] GC(38875) Pause Young (Allocation Failure) 105M->104M(110M) 13.176ms
[2020-08-10T13:04:32.429+0300][1211.975s][info ][gc] GC(38876) Pause Young (Allocation Failure) 105M->105M(110M) 13.136ms
[2020-08-10T13:04:32.442+0300][1211.988s][info ][gc] GC(38877) Pause Young (Allocation Failure) 105M->105M(110M) 13.140ms
[2020-08-10T13:04:32.456+0300][1212.002s][info ][gc] GC(38878) Pause Young (Allocation Failure) 106M->106M(110M) 13.139ms
[2020-08-10T13:04:32.470+0300][1212.015s][info ][gc] GC(38879) Pause Young (Allocation Failure) 106M->106M(110M) 13.225ms
[2020-08-10T13:04:32.483+0300][1212.029s][info ][gc] GC(38880) Pause Young (Allocation Failure) 107M->107M(110M) 13.136ms
[2020-08-10T13:04:32.497+0300][1212.043s][info ][gc] GC(38881) Pause Young (Allocation Failure) 107M->107M(110M) 13.223ms
[2020-08-10T13:04:32.510+0300][1212.056s][info ][gc] GC(38882) Pause Young (Allocation Failure) 108M->108M(110M) 13.150ms
[2020-08-10T13:04:32.524+0300][1212.070s][info ][gc] GC(38883) Pause Young (Allocation Failure) 108M->108M(110M) 13.225ms
[2020-08-10T13:04:32.790+0300][1212.336s][debug][gc] GC(38884) Expanding ParOldGen from 111104K by 11264K to 122368K
[2020-08-10T13:04:32.790+0300][1212.336s][info ][gc] GC(38884) Pause Full (Ergonomics) 108M->108M(121M) 265.886ms
[2020-08-10T13:04:32.803+0300][1212.349s][info ][gc] GC(38885) Pause Young (Allocation Failure) 108M->108M(121M) 12.995ms
[2020-08-10T13:04:32.823+0300][1212.368s][info ][gc] GC(38886) Pause Young (Allocation Failure) 109M->109M(121M) 18.657ms
[2020-08-10T13:04:32.836+0300][1212.382s][info ][gc] GC(38887) Pause Young (Allocation Failure) 109M->109M(121M) 13.150ms
[2020-08-10T13:04:32.850+0300][1212.396s][info ][gc] GC(38888) Pause Young (Allocation Failure) 110M->110M(121M) 13.169ms
[2020-08-10T13:04:32.864+0300][1212.409s][info ][gc] GC(38889) Pause Young (Allocation Failure) 110M->110M(121M) 13.311ms
[2020-08-10T13:04:32.878+0300][1212.423s][info ][gc] GC(38890) Pause Young (Allocation Failure) 111M->111M(121M) 13.396ms
[2020-08-10T13:04:32.892+0300][1212.437s][info ][gc] GC(38891) Pause Young (Allocation Failure) 111M->111M(121M) 13.754ms
[2020-08-10T13:04:32.906+0300][1212.451s][info ][gc] GC(38892) Pause Young (Allocation Failure) 112M->112M(121M) 13.613ms
[2020-08-10T13:04:32.920+0300][1212.466s][info ][gc] GC(38893) Pause Young (Allocation Failure) 112M->112M(121M) 13.996ms
[2020-08-10T13:04:32.934+0300][1212.480s][info ][gc] GC(38894) Pause Young (Allocation Failure) 113M->113M(121M) 13.743ms
[2020-08-10T13:04:32.948+0300][1212.494s][info ][gc] GC(38895) Pause Young (Allocation Failure) 113M->113M(121M) 13.561ms
[2020-08-10T13:04:32.962+0300][1212.508s][info ][gc] GC(38896) Pause Young (Allocation Failure) 114M->113M(121M) 13.599ms
[2020-08-10T13:04:32.976+0300][1212.522s][info ][gc] GC(38897) Pause Young (Allocation Failure) 114M->114M(121M) 13.722ms
[2020-08-10T13:04:32.991+0300][1212.536s][info ][gc] GC(38898) Pause Young (Allocation Failure) 114M->114M(121M) 13.697ms
[2020-08-10T13:04:33.005+0300][1212.551s][info ][gc] GC(38899) Pause Young (Allocation Failure) 115M->115M(121M) 13.940ms
[2020-08-10T13:04:33.019+0300][1212.565s][info ][gc] GC(38900) Pause Young (Allocation Failure) 115M->115M(121M) 13.469ms
[2020-08-10T13:04:33.033+0300][1212.579s][info ][gc] GC(38901) Pause Young (Allocation Failure) 116M->116M(121M) 13.531ms
[2020-08-10T13:04:33.047+0300][1212.593s][info ][gc] GC(38902) Pause Young (Allocation Failure) 116M->116M(121M) 13.813ms
[2020-08-10T13:04:33.061+0300][1212.607s][info ][gc] GC(38903) Pause Young (Allocation Failure) 117M->117M(121M) 13.822ms
[2020-08-10T13:04:33.075+0300][1212.621s][info ][gc] GC(38904) Pause Young (Allocation Failure) 117M->117M(121M) 13.790ms
[2020-08-10T13:04:33.089+0300][1212.635s][info ][gc] GC(38905) Pause Young (Allocation Failure) 118M->118M(121M) 13.600ms
[2020-08-10T13:04:33.103+0300][1212.649s][info ][gc] GC(38906) Pause Young (Allocation Failure) 118M->118M(121M) 13.668ms
[2020-08-10T13:04:33.117+0300][1212.663s][info ][gc] GC(38907) Pause Young (Allocation Failure) 119M->118M(121M) 13.766ms
[2020-08-10T13:04:33.131+0300][1212.677s][info ][gc] GC(38908) Pause Young (Allocation Failure) 119M->119M(121M) 13.876ms
[2020-08-10T13:04:33.146+0300][1212.692s][info ][gc] GC(38909) Pause Young (Allocation Failure) 119M->119M(121M) 13.960ms
[2020-08-10T13:04:33.447+0300][1212.993s][debug][gc] GC(38910) Expanding ParOldGen from 122368K by 10752K to 133120K
[2020-08-10T13:04:33.447+0300][1212.993s][info ][gc] GC(38910) Pause Full (Ergonomics) 119M->119M(131M) 301.321ms
[2020-08-10T13:04:33.478+0300][1213.024s][info ][gc] GC(38911) Pause Young (Allocation Failure) 120M->120M(131M) 30.639ms
[2020-08-10T13:04:33.494+0300][1213.040s][info ][gc] GC(38912) Pause Young (Allocation Failure) 120M->120M(131M) 14.785ms
[2020-08-10T13:04:33.509+0300][1213.055s][info ][gc] GC(38913) Pause Young (Allocation Failure) 121M->121M(131M) 14.798ms
[2020-08-10T13:04:33.524+0300][1213.070s][info ][gc] GC(38914) Pause Young (Allocation Failure) 121M->121M(131M) 14.750ms
[2020-08-10T13:04:33.563+0300][1213.109s][info ][gc] GC(38915) Pause Young (Allocation Failure) 122M->122M(131M) 38.338ms
[2020-08-10T13:04:33.578+0300][1213.124s][info ][gc] GC(38916) Pause Young (Allocation Failure) 122M->122M(131M) 14.501ms
[2020-08-10T13:04:33.593+0300][1213.139s][info ][gc] GC(38917) Pause Young (Allocation Failure) 122M->122M(131M) 14.805ms
[2020-08-10T13:04:33.627+0300][1213.172s][info ][gc] GC(38918) Pause Young (Allocation Failure) 123M->123M(131M) 33.020ms
[2020-08-10T13:04:33.642+0300][1213.188s][info ][gc] GC(38919) Pause Young (Allocation Failure) 123M->123M(131M) 14.810ms
[2020-08-10T13:04:33.657+0300][1213.203s][info ][gc] GC(38920) Pause Young (Allocation Failure) 124M->124M(131M) 14.985ms
[2020-08-10T13:04:33.697+0300][1213.243s][info ][gc] GC(38921) Pause Young (Allocation Failure) 124M->124M(131M) 39.347ms
[2020-08-10T13:04:33.712+0300][1213.258s][info ][gc] GC(38922) Pause Young (Allocation Failure) 125M->125M(131M) 15.137ms
[2020-08-10T13:04:33.728+0300][1213.274s][info ][gc] GC(38923) Pause Young (Allocation Failure) 125M->125M(131M) 15.121ms
[2020-08-10T13:04:33.750+0300][1213.296s][info ][gc] GC(38924) Pause Young (Allocation Failure) 126M->125M(131M) 21.243ms
[2020-08-10T13:04:33.766+0300][1213.312s][info ][gc] GC(38925) Pause Young (Allocation Failure) 126M->126M(131M) 15.546ms
[2020-08-10T13:04:33.782+0300][1213.328s][info ][gc] GC(38926) Pause Young (Allocation Failure) 126M->126M(131M) 15.613ms
[2020-08-10T13:04:33.820+0300][1213.366s][info ][gc] GC(38927) Pause Young (Allocation Failure) 127M->127M(131M) 37.978ms
[2020-08-10T13:04:33.848+0300][1213.393s][info ][gc] GC(38928) Pause Young (Allocation Failure) 127M->127M(131M) 26.981ms
[2020-08-10T13:04:33.870+0300][1213.416s][info ][gc] GC(38929) Pause Young (Allocation Failure) 128M->128M(131M) 21.816ms
[2020-08-10T13:04:33.886+0300][1213.432s][info ][gc] GC(38930) Pause Young (Allocation Failure) 128M->128M(131M) 15.322ms
[2020-08-10T13:04:33.901+0300][1213.447s][info ][gc] GC(38931) Pause Young (Allocation Failure) 129M->129M(131M) 15.291ms
[2020-08-10T13:04:33.941+0300][1213.487s][info ][gc] GC(38932) Pause Young (Allocation Failure) 129M->129M(131M) 39.197ms
[2020-08-10T13:04:33.958+0300][1213.504s][info ][gc] GC(38933) Pause Young (Allocation Failure) 130M->130M(131M) 16.318ms
[2020-08-10T13:04:34.300+0300][1213.846s][debug][gc] GC(38934) Expanding ParOldGen from 133120K by 10752K to 143872K
[2020-08-10T13:04:34.301+0300][1213.846s][info ][gc] GC(38934) Pause Full (Ergonomics) 130M->129M(142M) 342.550ms
[2020-08-10T13:04:34.315+0300][1213.861s][info ][gc] GC(38935) Pause Young (Allocation Failure) 130M->130M(142M) 14.380ms
[2020-08-10T13:04:34.331+0300][1213.877s][info ][gc] GC(38936) Pause Young (Allocation Failure) 130M->130M(142M) 15.515ms
[2020-08-10T13:04:34.347+0300][1213.893s][info ][gc] GC(38937) Pause Young (Allocation Failure) 131M->131M(142M) 15.602ms
[2020-08-10T13:04:34.364+0300][1213.909s][info ][gc] GC(38938) Pause Young (Allocation Failure) 131M->131M(142M) 15.814ms
[2020-08-10T13:04:34.380+0300][1213.926s][info ][gc] GC(38939) Pause Young (Allocation Failure) 132M->132M(142M) 15.678ms
[2020-08-10T13:04:34.396+0300][1213.942s][info ][gc] GC(38940) Pause Young (Allocation Failure) 132M->132M(142M) 15.923ms
[2020-08-10T13:04:34.413+0300][1213.958s][info ][gc] GC(38941) Pause Young (Allocation Failure) 133M->133M(142M) 15.939ms
[2020-08-10T13:04:34.429+0300][1213.975s][info ][gc] GC(38942) Pause Young (Allocation Failure) 133M->133M(142M) 15.571ms
[2020-08-10T13:04:34.445+0300][1213.991s][info ][gc] GC(38943) Pause Young (Allocation Failure) 134M->134M(142M) 15.898ms
[2020-08-10T13:04:34.461+0300][1214.007s][info ][gc] GC(38944) Pause Young (Allocation Failure) 134M->134M(142M) 15.908ms
[2020-08-10T13:04:34.478+0300][1214.023s][info ][gc] GC(38945) Pause Young (Allocation Failure) 134M->134M(142M) 15.706ms
[2020-08-10T13:04:34.494+0300][1214.040s][info ][gc] GC(38946) Pause Young (Allocation Failure) 135M->135M(142M) 16.089ms
[2020-08-10T13:04:34.494+0300][1214.040s][debug][gc] Expanding ParOldGen from 143872K by 19968K to 163840K
[2020-08-10T13:04:34.541+0300][1214.087s][info ][gc] GC(38947) Pause Young (Allocation Failure) 154M->154M(161M) 38.874ms
[2020-08-10T13:04:34.556+0300][1214.102s][info ][gc] GC(38948) Pause Young (Allocation Failure) 155M->155M(161M) 14.474ms
[2020-08-10T13:04:34.572+0300][1214.118s][info ][gc] GC(38949) Pause Young (Allocation Failure) 155M->155M(161M) 14.875ms
[2020-08-10T13:04:34.586+0300][1214.132s][info ][gc] GC(38950) Pause Young (Allocation Failure) 156M->156M(161M) 13.753ms
[2020-08-10T13:04:34.600+0300][1214.146s][info ][gc] GC(38951) Pause Young (Allocation Failure) 156M->156M(161M) 13.567ms
[2020-08-10T13:04:34.626+0300][1214.172s][info ][gc] GC(38952) Pause Young (Allocation Failure) 157M->157M(161M) 25.832ms
[2020-08-10T13:04:34.640+0300][1214.186s][info ][gc] GC(38953) Pause Young (Allocation Failure) 157M->157M(161M) 13.624ms
[2020-08-10T13:04:34.654+0300][1214.200s][info ][gc] GC(38954) Pause Young (Allocation Failure) 158M->158M(161M) 13.559ms
[2020-08-10T13:04:34.669+0300][1214.214s][info ][gc] GC(38955) Pause Young (Allocation Failure) 158M->158M(161M) 13.693ms
[2020-08-10T13:04:34.683+0300][1214.228s][info ][gc] GC(38956) Pause Young (Allocation Failure) 158M->158M(161M) 13.488ms
[2020-08-10T13:04:34.696+0300][1214.242s][info ][gc] GC(38957) Pause Young (Allocation Failure) 159M->159M(161M) 13.379ms
[2020-08-10T13:04:34.710+0300][1214.256s][info ][gc] GC(38958) Pause Young (Allocation Failure) 159M->159M(161M) 13.591ms
[2020-08-10T13:04:34.724+0300][1214.270s][info ][gc] GC(38959) Pause Young (Allocation Failure) 160M->160M(161M) 13.380ms
[2020-08-10T13:04:34.788+0300][1214.333s][debug][gc] GC(38960) Shrinking ParOldGen from 163840K by 125440K to 38400K
[2020-08-10T13:04:34.788+0300][1214.333s][info ][gc] GC(38960) Pause Full (Ergonomics) 160M->26M(39M) 63.516ms
[2020-08-10T13:04:34.812+0300][1214.358s][info ][gc] GC(38961) Pause Young (Allocation Failure) 27M->26M(39M) 24.276ms
[2020-08-10T13:04:34.832+0300][1214.378s][info ][gc] GC(38962) Pause Young (Allocation Failure) 27M->27M(39M) 19.444ms
[2020-08-10T13:04:34.853+0300][1214.399s][info ][gc] GC(38963) Pause Young (Allocation Failure) 27M->27M(39M) 20.517ms
[2020-08-10T13:04:34.867+0300][1214.413s][info ][gc] GC(38964) Pause Young (Allocation Failure) 28M->28M(39M) 13.448ms
[2020-08-10T13:04:34.881+0300][1214.427s][info ][gc] GC(38965) Pause Young (Allocation Failure) 28M->28M(39M) 13.452ms
[2020-08-10T13:04:34.895+0300][1214.441s][info ][gc] GC(38966) Pause Young (Allocation Failure) 29M->29M(39M) 13.469ms
[2020-08-10T13:04:34.909+0300][1214.455s][info ][gc] GC(38967) Pause Young (Allocation Failure) 29M->29M(39M) 13.443ms
[2020-08-10T13:04:34.923+0300][1214.469s][info ][gc] GC(38968) Pause Young (Allocation Failure) 30M->30M(39M) 13.625ms
[2020-08-10T13:04:34.937+0300][1214.483s][info ][gc] GC(38969) Pause Young (Allocation Failure) 31M->31M(39M) 13.735ms
[2020-08-10T13:04:34.952+0300][1214.497s][info ][gc] GC(38970) Pause Young (Allocation Failure) 32M->32M(39M) 13.784ms
[2020-08-10T13:04:34.966+0300][1214.512s][info ][gc] GC(38971) Pause Young (Allocation Failure) 33M->33M(39M) 14.032ms
[2020-08-10T13:04:34.981+0300][1214.527s][info ][gc] GC(38972) Pause Young (Allocation Failure) 34M->34M(40M) 13.983ms
[2020-08-10T13:04:34.995+0300][1214.541s][info ][gc] GC(38973) Pause Young (Allocation Failure) 35M->34M(40M) 14.017ms
[2020-08-10T13:04:35.010+0300][1214.556s][info ][gc] GC(38974) Pause Young (Allocation Failure) 35M->35M(40M) 13.989ms
[2020-08-10T13:04:35.025+0300][1214.571s][info ][gc] GC(38975) Pause Young (Allocation Failure) 36M->36M(40M) 13.981ms
[2020-08-10T13:04:35.039+0300][1214.585s][info ][gc] GC(38976) Pause Young (Allocation Failure) 37M->37M(40M) 14.057ms
[2020-08-10T13:04:35.110+0300][1214.656s][debug][gc] GC(38977) Expanding ParOldGen from 38400K by 11264K to 49664K
[2020-08-10T13:04:35.110+0300][1214.656s][info ][gc] GC(38977) Pause Full (Ergonomics) 37M->37M(51M) 70.368ms
[2020-08-10T13:04:35.128+0300][1214.674s][info ][gc] GC(38978) Pause Young (Allocation Failure) 38M->38M(51M) 17.844ms
[2020-08-10T13:04:35.143+0300][1214.689s][info ][gc] GC(38979) Pause Young (Allocation Failure) 39M->39M(51M) 14.119ms
[2020-08-10T13:04:35.158+0300][1214.704s][info ][gc] GC(38980) Pause Young (Allocation Failure) 40M->40M(51M) 14.014ms
[2020-08-10T13:04:35.172+0300][1214.718s][info ][gc] GC(38981) Pause Young (Allocation Failure) 41M->41M(51M) 13.869ms
[2020-08-10T13:04:35.188+0300][1214.733s][info ][gc] GC(38982) Pause Young (Allocation Failure) 42M->42M(51M) 13.989ms
[2020-08-10T13:04:35.202+0300][1214.747s][info ][gc] GC(38983) Pause Young (Allocation Failure) 43M->43M(51M) 14.128ms
[2020-08-10T13:04:35.217+0300][1214.762s][info ][gc] GC(38984) Pause Young (Allocation Failure) 44M->44M(51M) 14.027ms
[2020-08-10T13:04:35.232+0300][1214.777s][info ][gc] GC(38985) Pause Young (Allocation Failure) 45M->45M(51M) 14.102ms
[2020-08-10T13:04:35.246+0300][1214.791s][info ][gc] GC(38986) Pause Young (Allocation Failure) 46M->46M(51M) 13.921ms
[2020-08-10T13:04:35.261+0300][1214.806s][info ][gc] GC(38987) Pause Young (Allocation Failure) 47M->46M(51M) 13.999ms
[2020-08-10T13:04:35.275+0300][1214.820s][info ][gc] GC(38988) Pause Young (Allocation Failure) 47M->47M(51M) 14.041ms
[2020-08-10T13:04:35.290+0300][1214.835s][info ][gc] GC(38989) Pause Young (Allocation Failure) 48M->48M(51M) 14.038ms
[2020-08-10T13:04:35.388+0300][1214.933s][debug][gc] GC(38990) Expanding ParOldGen from 49664K by 11776K to 61440K
[2020-08-10T13:04:35.388+0300][1214.933s][info ][gc] GC(38990) Pause Full (Ergonomics) 48M->48M(62M) 98.209ms
[2020-08-10T13:04:35.409+0300][1214.954s][info ][gc] GC(38991) Pause Young (Allocation Failure) 49M->49M(62M) 20.589ms
[2020-08-10T13:04:35.424+0300][1214.969s][info ][gc] GC(38992) Pause Young (Allocation Failure) 50M->50M(62M) 14.167ms
[2020-08-10T13:04:35.439+0300][1214.984s][info ][gc] GC(38993) Pause Young (Allocation Failure) 51M->51M(62M) 14.177ms
[2020-08-10T13:04:35.454+0300][1214.999s][info ][gc] GC(38994) Pause Young (Allocation Failure) 52M->52M(62M) 14.105ms
[2020-08-10T13:04:35.468+0300][1215.013s][info ][gc] GC(38995) Pause Young (Allocation Failure) 53M->53M(62M) 14.133ms
[2020-08-10T13:04:35.483+0300][1215.028s][info ][gc] GC(38996) Pause Young (Allocation Failure) 54M->54M(62M) 14.009ms
[2020-08-10T13:04:35.498+0300][1215.043s][info ][gc] GC(38997) Pause Young (Allocation Failure) 55M->55M(62M) 13.953ms
[2020-08-10T13:04:35.512+0300][1215.057s][info ][gc] GC(38998) Pause Young (Allocation Failure) 56M->56M(62M) 14.187ms
[2020-08-10T13:04:35.527+0300][1215.072s][info ][gc] GC(38999) Pause Young (Allocation Failure) 57M->57M(62M) 14.094ms
[2020-08-10T13:04:35.542+0300][1215.087s][info ][gc] GC(39000) Pause Young (Allocation Failure) 58M->58M(62M) 14.167ms
[2020-08-10T13:04:35.557+0300][1215.102s][info ][gc] GC(39001) Pause Young (Allocation Failure) 59M->59M(62M) 14.198ms
[2020-08-10T13:04:35.583+0300][1215.128s][info ][gc] GC(39002) Pause Young (Allocation Failure) 60M->60M(62M) 25.233ms
[2020-08-10T13:04:35.710+0300][1215.255s][debug][gc] GC(39003) Expanding ParOldGen from 61440K by 11776K to 73216K
[2020-08-10T13:04:35.710+0300][1215.255s][info ][gc] GC(39003) Pause Full (Ergonomics) 60M->59M(74M) 127.477ms
[2020-08-10T13:04:35.724+0300][1215.269s][info ][gc] GC(39004) Pause Young (Allocation Failure) 60M->60M(74M) 13.588ms
[2020-08-10T13:04:35.739+0300][1215.284s][info ][gc] GC(39005) Pause Young (Allocation Failure) 61M->61M(74M) 13.825ms
[2020-08-10T13:04:35.753+0300][1215.298s][info ][gc] GC(39006) Pause Young (Allocation Failure) 62M->62M(74M) 13.895ms
[2020-08-10T13:04:35.768+0300][1215.313s][info ][gc] GC(39007) Pause Young (Allocation Failure) 63M->63M(74M) 13.896ms
[2020-08-10T13:04:35.782+0300][1215.327s][info ][gc] GC(39008) Pause Young (Allocation Failure) 64M->64M(74M) 13.978ms
[2020-08-10T13:04:35.797+0300][1215.342s][info ][gc] GC(39009) Pause Young (Allocation Failure) 65M->65M(74M) 14.069ms
[2020-08-10T13:04:35.812+0300][1215.357s][info ][gc] GC(39010) Pause Young (Allocation Failure) 66M->66M(74M) 14.062ms
[2020-08-10T13:04:35.827+0300][1215.372s][info ][gc] GC(39011) Pause Young (Allocation Failure) 67M->67M(74M) 14.170ms
[2020-08-10T13:04:35.841+0300][1215.386s][info ][gc] GC(39012) Pause Young (Allocation Failure) 68M->68M(74M) 14.029ms
[2020-08-10T13:04:35.856+0300][1215.401s][info ][gc] GC(39013) Pause Young (Allocation Failure) 69M->69M(74M) 13.938ms
[2020-08-10T13:04:35.870+0300][1215.415s][info ][gc] GC(39014) Pause Young (Allocation Failure) 70M->70M(74M) 13.985ms
[2020-08-10T13:04:35.885+0300][1215.430s][info ][gc] GC(39015) Pause Young (Allocation Failure) 71M->71M(74M) 13.991ms
[2020-08-10T13:04:35.900+0300][1215.445s][info ][gc] GC(39016) Pause Young (Allocation Failure) 72M->72M(74M) 14.073ms
[2020-08-10T13:04:36.072+0300][1215.617s][debug][gc] GC(39017) Expanding ParOldGen from 73216K by 11264K to 84480K
[2020-08-10T13:04:36.072+0300][1215.617s][info ][gc] GC(39017) Pause Full (Ergonomics) 72M->72M(85M) 172.253ms
[2020-08-10T13:04:36.103+0300][1215.648s][info ][gc] GC(39018) Pause Young (Allocation Failure) 73M->73M(85M) 30.818ms
[2020-08-10T13:04:36.118+0300][1215.663s][info ][gc] GC(39019) Pause Young (Allocation Failure) 74M->73M(85M) 14.365ms
[2020-08-10T13:04:36.133+0300][1215.678s][info ][gc] GC(39020) Pause Young (Allocation Failure) 74M->74M(85M) 14.347ms
[2020-08-10T13:04:36.148+0300][1215.693s][info ][gc] GC(39021) Pause Young (Allocation Failure) 75M->75M(85M) 14.324ms
[2020-08-10T13:04:36.163+0300][1215.708s][info ][gc] GC(39022) Pause Young (Allocation Failure) 76M->76M(85M) 14.381ms
[2020-08-10T13:04:36.178+0300][1215.723s][info ][gc] GC(39023) Pause Young (Allocation Failure) 77M->77M(85M) 14.225ms
[2020-08-10T13:04:36.193+0300][1215.738s][info ][gc] GC(39024) Pause Young (Allocation Failure) 78M->78M(85M) 14.617ms
[2020-08-10T13:04:36.208+0300][1215.753s][info ][gc] GC(39025) Pause Young (Allocation Failure) 79M->79M(85M) 14.240ms
[2020-08-10T13:04:36.223+0300][1215.768s][info ][gc] GC(39026) Pause Young (Allocation Failure) 80M->80M(85M) 14.353ms
[2020-08-10T13:04:36.238+0300][1215.783s][info ][gc] GC(39027) Pause Young (Allocation Failure) 81M->81M(85M) 14.325ms
[2020-08-10T13:04:36.253+0300][1215.798s][info ][gc] GC(39028) Pause Young (Allocation Failure) 82M->82M(85M) 14.383ms
[2020-08-10T13:04:36.460+0300][1216.005s][debug][gc] GC(39029) Expanding ParOldGen from 84480K by 11264K to 95744K
[2020-08-10T13:04:36.460+0300][1216.005s][info ][gc] GC(39029) Pause Full (Ergonomics) 82M->82M(96M) 206.531ms
[2020-08-10T13:04:36.474+0300][1216.019s][info ][gc] GC(39030) Pause Young (Allocation Failure) 83M->83M(96M) 13.664ms
[2020-08-10T13:04:36.489+0300][1216.034s][info ][gc] GC(39031) Pause Young (Allocation Failure) 84M->84M(96M) 13.999ms
[2020-08-10T13:04:36.503+0300][1216.048s][info ][gc] GC(39032) Pause Young (Allocation Failure) 85M->85M(96M) 14.113ms
[2020-08-10T13:04:36.518+0300][1216.063s][info ][gc] GC(39033) Pause Young (Allocation Failure) 86M->86M(96M) 14.402ms
[2020-08-10T13:04:36.534+0300][1216.079s][info ][gc] GC(39034) Pause Young (Allocation Failure) 87M->87M(96M) 14.757ms
[2020-08-10T13:04:36.549+0300][1216.094s][info ][gc] GC(39035) Pause Young (Allocation Failure) 88M->88M(96M) 14.469ms
[2020-08-10T13:04:36.564+0300][1216.109s][info ][gc] GC(39036) Pause Young (Allocation Failure) 89M->88M(96M) 14.379ms
[2020-08-10T13:04:36.591+0300][1216.136s][info ][gc] GC(39037) Pause Young (Allocation Failure) 89M->89M(96M) 26.625ms
[2020-08-10T13:04:36.606+0300][1216.151s][info ][gc] GC(39038) Pause Young (Allocation Failure) 90M->90M(96M) 14.755ms
[2020-08-10T13:04:36.621+0300][1216.166s][info ][gc] GC(39039) Pause Young (Allocation Failure) 91M->91M(96M) 14.859ms
[2020-08-10T13:04:36.637+0300][1216.182s][info ][gc] GC(39040) Pause Young (Allocation Failure) 92M->92M(96M) 14.940ms
[2020-08-10T13:04:36.652+0300][1216.197s][info ][gc] GC(39041) Pause Young (Allocation Failure) 93M->93M(96M) 15.104ms
[2020-08-10T13:04:36.881+0300][1216.426s][debug][gc] GC(39042) Expanding ParOldGen from 95744K by 11264K to 107008K
[2020-08-10T13:04:36.882+0300][1216.427s][info ][gc] GC(39042) Pause Full (Ergonomics) 93M->93M(107M) 228.854ms
[2020-08-10T13:04:36.916+0300][1216.461s][info ][gc] GC(39043) Pause Young (Allocation Failure) 94M->94M(107M) 34.336ms
[2020-08-10T13:04:36.933+0300][1216.478s][info ][gc] GC(39044) Pause Young (Allocation Failure) 95M->95M(107M) 15.544ms
[2020-08-10T13:04:36.949+0300][1216.494s][info ][gc] GC(39045) Pause Young (Allocation Failure) 96M->96M(107M) 15.669ms
[2020-08-10T13:04:36.965+0300][1216.510s][info ][gc] GC(39046) Pause Young (Allocation Failure) 97M->97M(107M) 15.820ms
[2020-08-10T13:04:36.982+0300][1216.527s][info ][gc] GC(39047) Pause Young (Allocation Failure) 98M->98M(107M) 16.275ms
[2020-08-10T13:04:36.999+0300][1216.544s][info ][gc] GC(39048) Pause Young (Allocation Failure) 99M->99M(107M) 16.021ms
[2020-08-10T13:04:37.016+0300][1216.560s][info ][gc] GC(39049) Pause Young (Allocation Failure) 100M->100M(107M) 16.207ms
[2020-08-10T13:04:37.032+0300][1216.577s][info ][gc] GC(39050) Pause Young (Allocation Failure) 101M->101M(107M) 16.101ms
[2020-08-10T13:04:37.049+0300][1216.594s][info ][gc] GC(39051) Pause Young (Allocation Failure) 102M->102M(107M) 16.292ms
[2020-08-10T13:04:37.066+0300][1216.611s][info ][gc] GC(39052) Pause Young (Allocation Failure) 103M->103M(107M) 16.253ms
[2020-08-10T13:04:37.083+0300][1216.628s][info ][gc] GC(39053) Pause Young (Allocation Failure) 104M->104M(106M) 16.502ms
[2020-08-10T13:04:37.099+0300][1216.644s][info ][gc] GC(39054) Pause Young (Allocation Failure) 105M->104M(106M) 16.000ms
[2020-08-10T13:04:37.362+0300][1216.907s][debug][gc] GC(39055) Expanding ParOldGen from 107008K by 11264K to 118272K
[2020-08-10T13:04:37.363+0300][1216.908s][info ][gc] GC(39055) Pause Full (Ergonomics) 104M->104M(117M) 263.394ms
[2020-08-10T13:04:37.400+0300][1216.945s][info ][gc] GC(39056) Pause Young (Allocation Failure) 105M->105M(117M) 37.062ms
[2020-08-10T13:04:37.417+0300][1216.962s][info ][gc] GC(39057) Pause Young (Allocation Failure) 106M->106M(117M) 16.516ms
[2020-08-10T13:04:37.435+0300][1216.980s][info ][gc] GC(39058) Pause Young (Allocation Failure) 107M->107M(117M) 16.783ms
[2020-08-10T13:04:37.452+0300][1216.997s][info ][gc] GC(39059) Pause Young (Allocation Failure) 108M->108M(117M) 16.835ms
[2020-08-10T13:04:37.469+0300][1217.014s][info ][gc] GC(39060) Pause Young (Allocation Failure) 109M->109M(117M) 16.570ms
[2020-08-10T13:04:37.487+0300][1217.032s][info ][gc] GC(39061) Pause Young (Allocation Failure) 110M->110M(117M) 16.940ms
[2020-08-10T13:04:37.504+0300][1217.049s][info ][gc] GC(39062) Pause Young (Allocation Failure) 111M->111M(117M) 16.870ms
[2020-08-10T13:04:37.522+0300][1217.067s][info ][gc] GC(39063) Pause Young (Allocation Failure) 112M->112M(117M) 17.126ms
[2020-08-10T13:04:37.540+0300][1217.085s][info ][gc] GC(39064) Pause Young (Allocation Failure) 113M->113M(117M) 17.396ms
[2020-08-10T13:04:37.558+0300][1217.103s][info ][gc] GC(39065) Pause Young (Allocation Failure) 114M->114M(117M) 17.520ms
[2020-08-10T13:04:37.591+0300][1217.136s][info ][gc] GC(39066) Pause Young (Allocation Failure) 115M->115M(117M) 32.997ms
[2020-08-10T13:04:37.609+0300][1217.154s][info ][gc] GC(39067) Pause Young (Allocation Failure) 116M->116M(117M) 17.022ms
[2020-08-10T13:04:37.906+0300][1217.451s][debug][gc] GC(39068) Expanding ParOldGen from 118272K by 11264K to 129536K
[2020-08-10T13:04:37.906+0300][1217.451s][info ][gc] GC(39068) Pause Full (Ergonomics) 116M->116M(128M) 297.098ms
[2020-08-10T13:04:37.971+0300][1217.516s][info ][gc] GC(39069) Pause Young (Allocation Failure) 117M->117M(128M) 63.924ms
[2020-08-10T13:04:37.989+0300][1217.534s][info ][gc] GC(39070) Pause Young (Allocation Failure) 118M->118M(128M) 17.873ms
[2020-08-10T13:04:38.007+0300][1217.552s][info ][gc] GC(39071) Pause Young (Allocation Failure) 119M->119M(128M) 17.866ms
[2020-08-10T13:04:38.054+0300][1217.599s][info ][gc] GC(39072) Pause Young (Allocation Failure) 120M->119M(128M) 46.896ms
[2020-08-10T13:04:38.074+0300][1217.619s][info ][gc] GC(39073) Pause Young (Allocation Failure) 120M->120M(128M) 18.443ms
[2020-08-10T13:04:38.093+0300][1217.638s][info ][gc] GC(39074) Pause Young (Allocation Failure) 121M->121M(128M) 18.551ms
[2020-08-10T13:04:38.110+0300][1217.655s][info ][gc] GC(39075) Pause Young (Allocation Failure) 122M->122M(128M) 16.653ms
[2020-08-10T13:04:38.125+0300][1217.670s][info ][gc] GC(39076) Pause Young (Allocation Failure) 122M->122M(128M) 15.164ms
[2020-08-10T13:04:38.141+0300][1217.686s][info ][gc] GC(39077) Pause Young (Allocation Failure) 123M->123M(128M) 15.273ms
[2020-08-10T13:04:38.157+0300][1217.702s][info ][gc] GC(39078) Pause Young (Allocation Failure) 123M->123M(128M) 15.435ms
[2020-08-10T13:04:38.173+0300][1217.718s][info ][gc] GC(39079) Pause Young (Allocation Failure) 124M->124M(128M) 15.578ms
[2020-08-10T13:04:38.189+0300][1217.734s][info ][gc] GC(39080) Pause Young (Allocation Failure) 124M->124M(128M) 15.607ms
[2020-08-10T13:04:38.205+0300][1217.750s][info ][gc] GC(39081) Pause Young (Allocation Failure) 125M->125M(128M) 15.630ms
[2020-08-10T13:04:38.221+0300][1217.766s][info ][gc] GC(39082) Pause Young (Allocation Failure) 125M->125M(128M) 15.885ms
[2020-08-10T13:04:38.260+0300][1217.805s][info ][gc] GC(39083) Pause Young (Allocation Failure) 126M->126M(128M) 38.390ms
[2020-08-10T13:04:38.663+0300][1218.208s][debug][gc] GC(39084) Expanding ParOldGen from 129536K by 11264K to 140800K
[2020-08-10T13:04:38.663+0300][1218.208s][info ][gc] GC(39084) Pause Full (Ergonomics) 126M->125M(139M) 402.615ms
[2020-08-10T13:04:38.677+0300][1218.222s][info ][gc] GC(39085) Pause Young (Allocation Failure) 126M->126M(139M) 13.941ms
[2020-08-10T13:04:38.693+0300][1218.238s][info ][gc] GC(39086) Pause Young (Allocation Failure) 126M->126M(139M) 15.230ms
[2020-08-10T13:04:38.728+0300][1218.273s][info ][gc] GC(39087) Pause Young (Allocation Failure) 127M->127M(139M) 34.501ms
[2020-08-10T13:04:38.746+0300][1218.291s][info ][gc] GC(39088) Pause Young (Allocation Failure) 127M->127M(139M) 18.432ms
[2020-08-10T13:04:38.771+0300][1218.316s][info ][gc] GC(39089) Pause Young (Allocation Failure) 128M->128M(139M) 23.653ms
[2020-08-10T13:04:38.787+0300][1218.332s][info ][gc] GC(39090) Pause Young (Allocation Failure) 128M->128M(139M) 15.570ms
[2020-08-10T13:04:38.803+0300][1218.348s][info ][gc] GC(39091) Pause Young (Allocation Failure) 129M->129M(139M) 15.637ms
[2020-08-10T13:04:38.819+0300][1218.364s][info ][gc] GC(39092) Pause Young (Allocation Failure) 129M->129M(138M) 15.704ms
[2020-08-10T13:04:38.835+0300][1218.380s][info ][gc] GC(39093) Pause Young (Allocation Failure) 129M->129M(139M) 15.672ms
[2020-08-10T13:04:38.851+0300][1218.396s][info ][gc] GC(39094) Pause Young (Allocation Failure) 130M->130M(139M) 15.696ms
[2020-08-10T13:04:38.867+0300][1218.412s][info ][gc] GC(39095) Pause Young (Allocation Failure) 130M->130M(139M) 15.668ms
[2020-08-10T13:04:38.883+0300][1218.428s][info ][gc] GC(39096) Pause Young (Allocation Failure) 131M->131M(139M) 15.339ms
[2020-08-10T13:04:38.922+0300][1218.467s][info ][gc] GC(39097) Pause Young (Allocation Failure) 131M->131M(139M) 38.674ms
[2020-08-10T13:04:38.938+0300][1218.484s][info ][gc] GC(39098) Pause Young (Allocation Failure) 132M->132M(139M) 15.822ms
[2020-08-10T13:04:38.955+0300][1218.500s][info ][gc] GC(39099) Pause Young (Allocation Failure) 132M->132M(139M) 15.798ms
[2020-08-10T13:04:38.971+0300][1218.516s][info ][gc] GC(39100) Pause Young (Allocation Failure) 133M->133M(139M) 15.766ms
[2020-08-10T13:04:38.987+0300][1218.532s][info ][gc] GC(39101) Pause Young (Allocation Failure) 133M->133M(139M) 15.714ms
[2020-08-10T13:04:39.004+0300][1218.549s][info ][gc] GC(39102) Pause Young (Allocation Failure) 134M->133M(139M) 15.906ms
[2020-08-10T13:04:39.020+0300][1218.565s][info ][gc] GC(39103) Pause Young (Allocation Failure) 134M->134M(139M) 15.729ms
[2020-08-10T13:04:39.036+0300][1218.581s][info ][gc] GC(39104) Pause Young (Allocation Failure) 134M->134M(139M) 15.859ms
[2020-08-10T13:04:39.053+0300][1218.598s][info ][gc] GC(39105) Pause Young (Allocation Failure) 135M->135M(139M) 16.085ms
[2020-08-10T13:04:39.069+0300][1218.614s][info ][gc] GC(39106) Pause Young (Allocation Failure) 135M->135M(139M) 15.841ms
[2020-08-10T13:04:39.069+0300][1218.614s][debug][gc] Expanding ParOldGen from 140800K by 19968K to 160768K
[2020-08-10T13:04:39.092+0300][1218.637s][info ][gc] GC(39107) Pause Young (Allocation Failure) 155M->155M(158M) 14.683ms
[2020-08-10T13:04:39.106+0300][1218.651s][info ][gc] GC(39108) Pause Young (Allocation Failure) 155M->155M(158M) 13.503ms
[2020-08-10T13:04:39.140+0300][1218.685s][info ][gc] GC(39109) Pause Young (Allocation Failure) 156M->156M(158M) 33.303ms
[2020-08-10T13:04:39.159+0300][1218.704s][info ][gc] GC(39110) Pause Young (Allocation Failure) 156M->156M(158M) 18.732ms
[2020-08-10T13:04:39.175+0300][1218.720s][info ][gc] GC(39111) Pause Young (Allocation Failure) 157M->157M(158M) 15.554ms
[2020-08-10T13:04:39.224+0300][1218.769s][debug][gc] GC(39112) Shrinking ParOldGen from 160768K by 125952K to 34816K
[2020-08-10T13:04:39.224+0300][1218.769s][info ][gc] GC(39112) Pause Full (Ergonomics) 157M->23M(35M) 48.554ms
[2020-08-10T13:04:39.238+0300][1218.783s][info ][gc] GC(39113) Pause Young (Allocation Failure) 23M->23M(35M) 13.663ms
[2020-08-10T13:04:39.252+0300][1218.797s][info ][gc] GC(39114) Pause Young (Allocation Failure) 24M->24M(35M) 13.457ms
[2020-08-10T13:04:39.265+0300][1218.810s][info ][gc] GC(39115) Pause Young (Allocation Failure) 24M->24M(35M) 13.254ms
[2020-08-10T13:04:39.279+0300][1218.824s][info ][gc] GC(39116) Pause Young (Allocation Failure) 25M->25M(35M) 13.425ms
[2020-08-10T13:04:39.293+0300][1218.838s][info ][gc] GC(39117) Pause Young (Allocation Failure) 25M->25M(35M) 13.489ms
[2020-08-10T13:04:39.307+0300][1218.852s][info ][gc] GC(39118) Pause Young (Allocation Failure) 26M->25M(35M) 13.485ms
[2020-08-10T13:04:39.321+0300][1218.866s][info ][gc] GC(39119) Pause Young (Allocation Failure) 26M->26M(35M) 13.382ms
[2020-08-10T13:04:39.335+0300][1218.880s][info ][gc] GC(39120) Pause Young (Allocation Failure) 26M->26M(35M) 13.460ms
[2020-08-10T13:04:39.349+0300][1218.894s][info ][gc] GC(39121) Pause Young (Allocation Failure) 27M->27M(35M) 13.472ms
[2020-08-10T13:04:39.363+0300][1218.908s][info ][gc] GC(39122) Pause Young (Allocation Failure) 27M->27M(35M) 13.489ms
[2020-08-10T13:04:39.377+0300][1218.922s][info ][gc] GC(39123) Pause Young (Allocation Failure) 28M->28M(35M) 13.478ms
[2020-08-10T13:04:39.391+0300][1218.936s][info ][gc] GC(39124) Pause Young (Allocation Failure) 28M->28M(35M) 13.495ms
[2020-08-10T13:04:39.405+0300][1218.950s][info ][gc] GC(39125) Pause Young (Allocation Failure) 29M->29M(35M) 13.349ms
[2020-08-10T13:04:39.419+0300][1218.964s][info ][gc] GC(39126) Pause Young (Allocation Failure) 29M->29M(35M) 13.456ms
[2020-08-10T13:04:39.432+0300][1218.978s][info ][gc] GC(39127) Pause Young (Allocation Failure) 30M->30M(35M) 13.462ms
[2020-08-10T13:04:39.446+0300][1218.991s][info ][gc] GC(39128) Pause Young (Allocation Failure) 30M->30M(35M) 13.418ms
[2020-08-10T13:04:39.460+0300][1219.005s][info ][gc] GC(39129) Pause Young (Allocation Failure) 31M->31M(35M) 13.458ms
[2020-08-10T13:04:39.474+0300][1219.019s][info ][gc] GC(39130) Pause Young (Allocation Failure) 31M->31M(35M) 13.482ms
[2020-08-10T13:04:39.488+0300][1219.033s][info ][gc] GC(39131) Pause Young (Allocation Failure) 32M->32M(35M) 13.470ms
[2020-08-10T13:04:39.502+0300][1219.047s][info ][gc] GC(39132) Pause Young (Allocation Failure) 32M->32M(35M) 13.443ms
[2020-08-10T13:04:39.516+0300][1219.062s][info ][gc] GC(39133) Pause Young (Allocation Failure) 32M->32M(35M) 13.641ms
[2020-08-10T13:04:39.530+0300][1219.076s][info ][gc] GC(39134) Pause Young (Allocation Failure) 33M->33M(35M) 13.453ms
[2020-08-10T13:04:39.545+0300][1219.090s][info ][gc] GC(39135) Pause Young (Allocation Failure) 34M->34M(35M) 13.691ms
[2020-08-10T13:04:39.602+0300][1219.147s][debug][gc] GC(39136) Expanding ParOldGen from 34816K by 10752K to 45568K
[2020-08-10T13:04:39.602+0300][1219.147s][info ][gc] GC(39136) Pause Full (Ergonomics) 34M->34M(46M) 56.771ms
[2020-08-10T13:04:39.620+0300][1219.165s][info ][gc] GC(39137) Pause Young (Allocation Failure) 35M->35M(46M) 17.526ms
[2020-08-10T13:04:39.634+0300][1219.179s][info ][gc] GC(39138) Pause Young (Allocation Failure) 36M->36M(46M) 14.072ms
[2020-08-10T13:04:39.649+0300][1219.194s][info ][gc] GC(39139) Pause Young (Allocation Failure) 37M->37M(47M) 14.006ms
[2020-08-10T13:04:39.663+0300][1219.209s][info ][gc] GC(39140) Pause Young (Allocation Failure) 38M->37M(47M) 14.020ms
[2020-08-10T13:04:39.678+0300][1219.223s][info ][gc] GC(39141) Pause Young (Allocation Failure) 38M->38M(47M) 14.011ms
[2020-08-10T13:04:39.693+0300][1219.238s][info ][gc] GC(39142) Pause Young (Allocation Failure) 39M->39M(47M) 13.930ms
[2020-08-10T13:04:39.707+0300][1219.252s][info ][gc] GC(39143) Pause Young (Allocation Failure) 40M->40M(47M) 13.951ms
[2020-08-10T13:04:39.722+0300][1219.267s][info ][gc] GC(39144) Pause Young (Allocation Failure) 41M->41M(47M) 13.887ms
[2020-08-10T13:04:39.736+0300][1219.282s][info ][gc] GC(39145) Pause Young (Allocation Failure) 42M->42M(47M) 14.003ms
[2020-08-10T13:04:39.751+0300][1219.296s][info ][gc] GC(39146) Pause Young (Allocation Failure) 43M->43M(47M) 13.985ms
[2020-08-10T13:04:39.766+0300][1219.311s][info ][gc] GC(39147) Pause Young (Allocation Failure) 44M->44M(47M) 13.951ms
[2020-08-10T13:04:39.888+0300][1219.433s][debug][gc] GC(39148) Expanding ParOldGen from 45568K by 11776K to 57344K
[2020-08-10T13:04:39.888+0300][1219.433s][info ][gc] GC(39148) Pause Full (Ergonomics) 44M->44M(58M) 122.227ms
[2020-08-10T13:04:39.902+0300][1219.447s][info ][gc] GC(39149) Pause Young (Allocation Failure) 45M->45M(58M) 13.529ms
[2020-08-10T13:04:39.917+0300][1219.462s][info ][gc] GC(39150) Pause Young (Allocation Failure) 46M->46M(58M) 13.971ms
[2020-08-10T13:04:39.931+0300][1219.476s][info ][gc] GC(39151) Pause Young (Allocation Failure) 47M->47M(58M) 14.000ms
[2020-08-10T13:04:39.946+0300][1219.491s][info ][gc] GC(39152) Pause Young (Allocation Failure) 48M->48M(58M) 13.957ms
[2020-08-10T13:04:39.960+0300][1219.506s][info ][gc] GC(39153) Pause Young (Allocation Failure) 49M->49M(58M) 13.947ms
[2020-08-10T13:04:39.975+0300][1219.520s][info ][gc] GC(39154) Pause Young (Allocation Failure) 50M->50M(58M) 13.751ms
[2020-08-10T13:04:39.989+0300][1219.534s][info ][gc] GC(39155) Pause Young (Allocation Failure) 51M->51M(58M) 13.970ms
[2020-08-10T13:04:40.004+0300][1219.549s][info ][gc] GC(39156) Pause Young (Allocation Failure) 52M->51M(58M) 14.028ms
[2020-08-10T13:04:40.019+0300][1219.564s][info ][gc] GC(39157) Pause Young (Allocation Failure) 52M->52M(58M) 13.977ms
[2020-08-10T13:04:40.033+0300][1219.578s][info ][gc] GC(39158) Pause Young (Allocation Failure) 53M->53M(58M) 13.991ms
[2020-08-10T13:04:40.048+0300][1219.593s][info ][gc] GC(39159) Pause Young (Allocation Failure) 54M->54M(58M) 13.959ms
[2020-08-10T13:04:40.062+0300][1219.608s][info ][gc] GC(39160) Pause Young (Allocation Failure) 55M->55M(58M) 14.034ms
[2020-08-10T13:04:40.077+0300][1219.622s][info ][gc] GC(39161) Pause Young (Allocation Failure) 56M->56M(58M) 14.039ms
[2020-08-10T13:04:40.206+0300][1219.751s][debug][gc] GC(39162) Expanding ParOldGen from 57344K by 11264K to 68608K
[2020-08-10T13:04:40.206+0300][1219.752s][info ][gc] GC(39162) Pause Full (Ergonomics) 56M->56M(69M) 129.140ms
[2020-08-10T13:04:40.231+0300][1219.777s][info ][gc] GC(39163) Pause Young (Allocation Failure) 57M->57M(69M) 24.496ms
[2020-08-10T13:04:40.247+0300][1219.792s][info ][gc] GC(39164) Pause Young (Allocation Failure) 58M->58M(69M) 14.398ms
[2020-08-10T13:04:40.261+0300][1219.806s][info ][gc] GC(39165) Pause Young (Allocation Failure) 59M->59M(69M) 14.241ms
[2020-08-10T13:04:40.276+0300][1219.821s][info ][gc] GC(39166) Pause Young (Allocation Failure) 60M->60M(69M) 14.194ms
[2020-08-10T13:04:40.291+0300][1219.836s][info ][gc] GC(39167) Pause Young (Allocation Failure) 61M->61M(69M) 14.241ms
[2020-08-10T13:04:40.306+0300][1219.851s][info ][gc] GC(39168) Pause Young (Allocation Failure) 62M->62M(69M) 14.222ms
[2020-08-10T13:04:40.321+0300][1219.866s][info ][gc] GC(39169) Pause Young (Allocation Failure) 63M->63M(69M) 14.291ms
[2020-08-10T13:04:40.336+0300][1219.881s][info ][gc] GC(39170) Pause Young (Allocation Failure) 64M->64M(69M) 14.237ms
[2020-08-10T13:04:40.350+0300][1219.896s][info ][gc] GC(39171) Pause Young (Allocation Failure) 65M->65M(69M) 14.224ms
[2020-08-10T13:04:40.365+0300][1219.911s][info ][gc] GC(39172) Pause Young (Allocation Failure) 66M->65M(69M) 14.225ms
[2020-08-10T13:04:40.380+0300][1219.925s][info ][gc] GC(39173) Pause Young (Allocation Failure) 66M->66M(69M) 14.102ms
[2020-08-10T13:04:40.540+0300][1220.085s][debug][gc] GC(39174) Expanding ParOldGen from 68608K by 11264K to 79872K
[2020-08-10T13:04:40.540+0300][1220.085s][info ][gc] GC(39174) Pause Full (Ergonomics) 66M->66M(80M) 159.447ms
[2020-08-10T13:04:40.554+0300][1220.099s][info ][gc] GC(39175) Pause Young (Allocation Failure) 67M->67M(80M) 13.605ms
[2020-08-10T13:04:40.568+0300][1220.114s][info ][gc] GC(39176) Pause Young (Allocation Failure) 68M->68M(80M) 13.835ms
[2020-08-10T13:04:40.583+0300][1220.128s][info ][gc] GC(39177) Pause Young (Allocation Failure) 69M->69M(80M) 14.081ms
[2020-08-10T13:04:40.608+0300][1220.153s][info ][gc] GC(39178) Pause Young (Allocation Failure) 70M->70M(80M) 24.116ms
[2020-08-10T13:04:40.622+0300][1220.168s][info ][gc] GC(39179) Pause Young (Allocation Failure) 71M->71M(80M) 14.232ms
[2020-08-10T13:04:40.637+0300][1220.182s][info ][gc] GC(39180) Pause Young (Allocation Failure) 72M->72M(80M) 14.148ms
[2020-08-10T13:04:40.652+0300][1220.197s][info ][gc] GC(39181) Pause Young (Allocation Failure) 73M->73M(80M) 14.231ms
[2020-08-10T13:04:40.667+0300][1220.212s][info ][gc] GC(39182) Pause Young (Allocation Failure) 74M->74M(80M) 14.124ms
[2020-08-10T13:04:40.682+0300][1220.227s][info ][gc] GC(39183) Pause Young (Allocation Failure) 75M->75M(80M) 14.112ms
[2020-08-10T13:04:40.696+0300][1220.242s][info ][gc] GC(39184) Pause Young (Allocation Failure) 76M->76M(80M) 14.128ms
[2020-08-10T13:04:40.711+0300][1220.256s][info ][gc] GC(39185) Pause Young (Allocation Failure) 77M->77M(80M) 14.120ms
[2020-08-10T13:04:40.726+0300][1220.271s][info ][gc] GC(39186) Pause Young (Allocation Failure) 78M->78M(80M) 14.113ms
[2020-08-10T13:04:40.907+0300][1220.452s][debug][gc] GC(39187) Expanding ParOldGen from 79872K by 11264K to 91136K
[2020-08-10T13:04:40.907+0300][1220.452s][info ][gc] GC(39187) Pause Full (Ergonomics) 78M->78M(91M) 180.790ms
[2020-08-10T13:04:40.941+0300][1220.486s][info ][gc] GC(39188) Pause Young (Allocation Failure) 79M->79M(91M) 33.566ms
[2020-08-10T13:04:40.956+0300][1220.501s][info ][gc] GC(39189) Pause Young (Allocation Failure) 80M->79M(91M) 14.428ms
[2020-08-10T13:04:40.971+0300][1220.516s][info ][gc] GC(39190) Pause Young (Allocation Failure) 80M->80M(91M) 14.385ms
[2020-08-10T13:04:40.986+0300][1220.531s][info ][gc] GC(39191) Pause Young (Allocation Failure) 81M->81M(91M) 14.340ms
[2020-08-10T13:04:41.001+0300][1220.546s][info ][gc] GC(39192) Pause Young (Allocation Failure) 82M->82M(91M) 14.335ms
[2020-08-10T13:04:41.016+0300][1220.561s][info ][gc] GC(39193) Pause Young (Allocation Failure) 83M->83M(91M) 14.531ms
[2020-08-10T13:04:41.031+0300][1220.576s][info ][gc] GC(39194) Pause Young (Allocation Failure) 84M->84M(91M) 14.580ms
[2020-08-10T13:04:41.046+0300][1220.591s][info ][gc] GC(39195) Pause Young (Allocation Failure) 85M->85M(91M) 14.703ms
[2020-08-10T13:04:41.061+0300][1220.607s][info ][gc] GC(39196) Pause Young (Allocation Failure) 86M->86M(91M) 14.851ms
[2020-08-10T13:04:41.077+0300][1220.622s][info ][gc] GC(39197) Pause Young (Allocation Failure) 87M->87M(91M) 14.861ms
[2020-08-10T13:04:41.093+0300][1220.638s][info ][gc] GC(39198) Pause Young (Allocation Failure) 88M->88M(91M) 14.911ms
[2020-08-10T13:04:41.108+0300][1220.653s][info ][gc] GC(39199) Pause Young (Allocation Failure) 89M->89M(91M) 14.815ms
[2020-08-10T13:04:41.365+0300][1220.911s][debug][gc] GC(39200) Expanding ParOldGen from 91136K by 11776K to 102912K
[2020-08-10T13:04:41.365+0300][1220.911s][info ][gc] GC(39200) Pause Full (Ergonomics) 89M->89M(103M) 257.297ms
[2020-08-10T13:04:41.399+0300][1220.944s][info ][gc] GC(39201) Pause Young (Allocation Failure) 90M->90M(102M) 33.138ms
[2020-08-10T13:04:41.415+0300][1220.960s][info ][gc] GC(39202) Pause Young (Allocation Failure) 91M->91M(102M) 15.056ms
[2020-08-10T13:04:41.430+0300][1220.976s][info ][gc] GC(39203) Pause Young (Allocation Failure) 92M->92M(102M) 15.317ms
[2020-08-10T13:04:41.447+0300][1220.992s][info ][gc] GC(39204) Pause Young (Allocation Failure) 93M->93M(102M) 15.417ms
[2020-08-10T13:04:41.461+0300][1221.007s][info ][gc] GC(39205) Pause Young (Allocation Failure) 93M->93M(102M) 14.386ms
[2020-08-10T13:04:41.476+0300][1221.021s][info ][gc] GC(39206) Pause Young (Allocation Failure) 94M->94M(102M) 13.944ms
[2020-08-10T13:04:41.490+0300][1221.036s][info ][gc] GC(39207) Pause Young (Allocation Failure) 94M->94M(102M) 13.991ms
[2020-08-10T13:04:41.505+0300][1221.050s][info ][gc] GC(39208) Pause Young (Allocation Failure) 95M->95M(102M) 14.052ms
[2020-08-10T13:04:41.519+0300][1221.065s][info ][gc] GC(39209) Pause Young (Allocation Failure) 95M->95M(102M) 13.959ms
[2020-08-10T13:04:41.534+0300][1221.079s][info ][gc] GC(39210) Pause Young (Allocation Failure) 96M->95M(102M) 13.937ms
[2020-08-10T13:04:41.548+0300][1221.093s][info ][gc] GC(39211) Pause Young (Allocation Failure) 96M->96M(102M) 13.915ms
[2020-08-10T13:04:41.563+0300][1221.108s][info ][gc] GC(39212) Pause Young (Allocation Failure) 96M->96M(102M) 13.960ms
[2020-08-10T13:04:41.577+0300][1221.122s][info ][gc] GC(39213) Pause Young (Allocation Failure) 97M->97M(102M) 13.955ms
[2020-08-10T13:04:41.592+0300][1221.137s][info ][gc] GC(39214) Pause Young (Allocation Failure) 97M->97M(102M) 13.900ms
[2020-08-10T13:04:41.606+0300][1221.151s][info ][gc] GC(39215) Pause Young (Allocation Failure) 98M->98M(102M) 13.981ms
[2020-08-10T13:04:41.621+0300][1221.166s][info ][gc] GC(39216) Pause Young (Allocation Failure) 98M->98M(102M) 13.901ms
[2020-08-10T13:04:41.635+0300][1221.180s][info ][gc] GC(39217) Pause Young (Allocation Failure) 99M->99M(102M) 13.778ms
[2020-08-10T13:04:41.649+0300][1221.194s][info ][gc] GC(39218) Pause Young (Allocation Failure) 99M->99M(102M) 13.989ms
[2020-08-10T13:04:41.664+0300][1221.209s][info ][gc] GC(39219) Pause Young (Allocation Failure) 100M->100M(102M) 13.974ms
[2020-08-10T13:04:41.962+0300][1221.507s][debug][gc] GC(39220) Expanding ParOldGen from 102912K by 10752K to 113664K
[2020-08-10T13:04:41.962+0300][1221.507s][info ][gc] GC(39220) Pause Full (Ergonomics) 100M->99M(113M) 298.348ms
[2020-08-10T13:04:41.976+0300][1221.521s][info ][gc] GC(39221) Pause Young (Allocation Failure) 100M->100M(113M) 13.427ms
[2020-08-10T13:04:41.990+0300][1221.536s][info ][gc] GC(39222) Pause Young (Allocation Failure) 100M->100M(112M) 13.805ms
[2020-08-10T13:04:42.004+0300][1221.550s][info ][gc] GC(39223) Pause Young (Allocation Failure) 101M->101M(112M) 13.643ms
[2020-08-10T13:04:42.019+0300][1221.564s][info ][gc] GC(39224) Pause Young (Allocation Failure) 101M->101M(112M) 13.723ms
[2020-08-10T13:04:42.033+0300][1221.578s][info ][gc] GC(39225) Pause Young (Allocation Failure) 102M->102M(112M) 13.658ms
[2020-08-10T13:04:42.047+0300][1221.592s][info ][gc] GC(39226) Pause Young (Allocation Failure) 102M->102M(112M) 13.697ms
[2020-08-10T13:04:42.061+0300][1221.606s][info ][gc] GC(39227) Pause Young (Allocation Failure) 103M->103M(112M) 13.696ms
[2020-08-10T13:04:42.075+0300][1221.620s][info ][gc] GC(39228) Pause Young (Allocation Failure) 103M->103M(112M) 13.645ms
[2020-08-10T13:04:42.089+0300][1221.634s][info ][gc] GC(39229) Pause Young (Allocation Failure) 104M->104M(112M) 13.419ms
[2020-08-10T13:04:42.103+0300][1221.648s][info ][gc] GC(39230) Pause Young (Allocation Failure) 104M->104M(112M) 13.661ms
[2020-08-10T13:04:42.117+0300][1221.663s][info ][gc] GC(39231) Pause Young (Allocation Failure) 105M->105M(112M) 13.688ms
[2020-08-10T13:04:42.132+0300][1221.677s][info ][gc] GC(39232) Pause Young (Allocation Failure) 105M->105M(112M) 13.721ms
[2020-08-10T13:04:42.146+0300][1221.691s][info ][gc] GC(39233) Pause Young (Allocation Failure) 105M->105M(112M) 13.701ms
[2020-08-10T13:04:42.160+0300][1221.705s][info ][gc] GC(39234) Pause Young (Allocation Failure) 106M->106M(112M) 13.713ms
[2020-08-10T13:04:42.174+0300][1221.719s][info ][gc] GC(39235) Pause Young (Allocation Failure) 106M->106M(112M) 13.694ms
[2020-08-10T13:04:42.189+0300][1221.734s][info ][gc] GC(39236) Pause Young (Allocation Failure) 107M->107M(112M) 13.828ms
[2020-08-10T13:04:42.203+0300][1221.748s][info ][gc] GC(39237) Pause Young (Allocation Failure) 107M->107M(112M) 13.696ms
[2020-08-10T13:04:42.217+0300][1221.762s][info ][gc] GC(39238) Pause Young (Allocation Failure) 108M->108M(112M) 13.765ms
[2020-08-10T13:04:42.231+0300][1221.776s][info ][gc] GC(39239) Pause Young (Allocation Failure) 108M->108M(112M) 13.705ms
[2020-08-10T13:04:42.245+0300][1221.790s][info ][gc] GC(39240) Pause Young (Allocation Failure) 109M->109M(112M) 13.414ms
[2020-08-10T13:04:42.259+0300][1221.804s][info ][gc] GC(39241) Pause Young (Allocation Failure) 109M->109M(112M) 13.750ms
[2020-08-10T13:04:42.273+0300][1221.819s][info ][gc] GC(39242) Pause Young (Allocation Failure) 110M->110M(112M) 13.782ms
[2020-08-10T13:04:42.288+0300][1221.833s][info ][gc] GC(39243) Pause Young (Allocation Failure) 110M->110M(112M) 13.802ms
[2020-08-10T13:04:42.302+0300][1221.847s][info ][gc] GC(39244) Pause Young (Allocation Failure) 111M->110M(112M) 13.774ms
[2020-08-10T13:04:42.573+0300][1222.118s][debug][gc] GC(39245) Expanding ParOldGen from 113664K by 10752K to 124416K
[2020-08-10T13:04:42.573+0300][1222.118s][info ][gc] GC(39245) Pause Full (Ergonomics) 110M->110M(123M) 270.862ms
[2020-08-10T13:04:42.587+0300][1222.132s][info ][gc] GC(39246) Pause Young (Allocation Failure) 111M->111M(123M) 13.460ms
[2020-08-10T13:04:42.601+0300][1222.147s][info ][gc] GC(39247) Pause Young (Allocation Failure) 111M->111M(123M) 13.809ms
[2020-08-10T13:04:42.615+0300][1222.161s][info ][gc] GC(39248) Pause Young (Allocation Failure) 112M->112M(123M) 13.785ms
[2020-08-10T13:04:42.630+0300][1222.175s][info ][gc] GC(39249) Pause Young (Allocation Failure) 112M->112M(123M) 14.149ms
[2020-08-10T13:04:42.644+0300][1222.189s][info ][gc] GC(39250) Pause Young (Allocation Failure) 113M->113M(123M) 13.997ms
[2020-08-10T13:04:42.659+0300][1222.204s][info ][gc] GC(39251) Pause Young (Allocation Failure) 113M->113M(123M) 14.441ms
[2020-08-10T13:04:42.674+0300][1222.219s][info ][gc] GC(39252) Pause Young (Allocation Failure) 114M->113M(123M) 14.038ms
[2020-08-10T13:04:42.688+0300][1222.233s][info ][gc] GC(39253) Pause Young (Allocation Failure) 114M->114M(123M) 14.024ms
[2020-08-10T13:04:42.703+0300][1222.248s][info ][gc] GC(39254) Pause Young (Allocation Failure) 114M->114M(123M) 14.125ms
[2020-08-10T13:04:42.717+0300][1222.263s][info ][gc] GC(39255) Pause Young (Allocation Failure) 115M->115M(123M) 14.157ms
[2020-08-10T13:04:42.732+0300][1222.277s][info ][gc] GC(39256) Pause Young (Allocation Failure) 115M->115M(123M) 14.155ms
[2020-08-10T13:04:42.747+0300][1222.292s][info ][gc] GC(39257) Pause Young (Allocation Failure) 116M->116M(123M) 14.274ms
[2020-08-10T13:04:42.762+0300][1222.307s][info ][gc] GC(39258) Pause Young (Allocation Failure) 116M->116M(123M) 14.293ms
[2020-08-10T13:04:42.776+0300][1222.322s][info ][gc] GC(39259) Pause Young (Allocation Failure) 117M->117M(123M) 14.224ms
[2020-08-10T13:04:42.791+0300][1222.336s][info ][gc] GC(39260) Pause Young (Allocation Failure) 117M->117M(123M) 14.394ms
[2020-08-10T13:04:42.806+0300][1222.351s][info ][gc] GC(39261) Pause Young (Allocation Failure) 118M->118M(123M) 14.440ms
[2020-08-10T13:04:42.821+0300][1222.366s][info ][gc] GC(39262) Pause Young (Allocation Failure) 118M->118M(123M) 14.541ms
[2020-08-10T13:04:42.836+0300][1222.381s][info ][gc] GC(39263) Pause Young (Allocation Failure) 119M->119M(123M) 14.582ms
[2020-08-10T13:04:42.851+0300][1222.396s][info ][gc] GC(39264) Pause Young (Allocation Failure) 119M->119M(123M) 14.452ms
[2020-08-10T13:04:42.866+0300][1222.411s][info ][gc] GC(39265) Pause Young (Allocation Failure) 120M->119M(123M) 14.591ms
[2020-08-10T13:04:42.881+0300][1222.427s][info ][gc] GC(39266) Pause Young (Allocation Failure) 120M->120M(123M) 14.778ms
[2020-08-10T13:04:42.896+0300][1222.442s][info ][gc] GC(39267) Pause Young (Allocation Failure) 120M->120M(123M) 14.608ms
[2020-08-10T13:04:42.911+0300][1222.457s][info ][gc] GC(39268) Pause Young (Allocation Failure) 121M->121M(123M) 14.559ms
[2020-08-10T13:04:42.926+0300][1222.472s][info ][gc] GC(39269) Pause Young (Allocation Failure) 121M->121M(123M) 14.572ms
[2020-08-10T13:04:43.240+0300][1222.786s][debug][gc] GC(39270) Expanding ParOldGen from 124416K by 10752K to 135168K
[2020-08-10T13:04:43.240+0300][1222.786s][info ][gc] GC(39270) Pause Full (Ergonomics) 121M->121M(133M) 314.010ms
[2020-08-10T13:04:43.273+0300][1222.818s][info ][gc] GC(39271) Pause Young (Allocation Failure) 122M->122M(133M) 31.937ms
[2020-08-10T13:04:43.289+0300][1222.835s][info ][gc] GC(39272) Pause Young (Allocation Failure) 122M->122M(133M) 15.928ms
[2020-08-10T13:04:43.305+0300][1222.851s][info ][gc] GC(39273) Pause Young (Allocation Failure) 123M->123M(133M) 15.503ms
[2020-08-10T13:04:43.321+0300][1222.867s][info ][gc] GC(39274) Pause Young (Allocation Failure) 123M->123M(133M) 15.669ms
[2020-08-10T13:04:43.338+0300][1222.883s][info ][gc] GC(39275) Pause Young (Allocation Failure) 124M->124M(133M) 15.639ms
[2020-08-10T13:04:43.353+0300][1222.899s][info ][gc] GC(39276) Pause Young (Allocation Failure) 124M->124M(133M) 15.280ms
[2020-08-10T13:04:43.369+0300][1222.915s][info ][gc] GC(39277) Pause Young (Allocation Failure) 124M->124M(133M) 15.641ms
[2020-08-10T13:04:43.385+0300][1222.931s][info ][gc] GC(39278) Pause Young (Allocation Failure) 125M->125M(133M) 15.537ms
[2020-08-10T13:04:43.401+0300][1222.946s][info ][gc] GC(39279) Pause Young (Allocation Failure) 125M->125M(133M) 15.277ms
[2020-08-10T13:04:43.417+0300][1222.962s][info ][gc] GC(39280) Pause Young (Allocation Failure) 126M->126M(133M) 15.705ms
[2020-08-10T13:04:43.434+0300][1222.979s][info ][gc] GC(39281) Pause Young (Allocation Failure) 126M->126M(133M) 16.025ms
[2020-08-10T13:04:43.450+0300][1222.995s][info ][gc] GC(39282) Pause Young (Allocation Failure) 127M->127M(133M) 15.527ms
[2020-08-10T13:04:43.466+0300][1223.011s][info ][gc] GC(39283) Pause Young (Allocation Failure) 127M->127M(133M) 15.982ms
[2020-08-10T13:04:43.482+0300][1223.027s][info ][gc] GC(39284) Pause Young (Allocation Failure) 128M->128M(133M) 15.658ms
[2020-08-10T13:04:43.498+0300][1223.044s][info ][gc] GC(39285) Pause Young (Allocation Failure) 128M->128M(133M) 15.841ms
[2020-08-10T13:04:43.515+0300][1223.060s][info ][gc] GC(39286) Pause Young (Allocation Failure) 129M->129M(133M) 15.952ms
[2020-08-10T13:04:43.531+0300][1223.076s][info ][gc] GC(39287) Pause Young (Allocation Failure) 129M->129M(133M) 15.805ms
[2020-08-10T13:04:43.548+0300][1223.093s][info ][gc] GC(39288) Pause Young (Allocation Failure) 130M->130M(133M) 15.995ms
[2020-08-10T13:04:43.564+0300][1223.109s][info ][gc] GC(39289) Pause Young (Allocation Failure) 130M->130M(133M) 15.794ms
[2020-08-10T13:04:43.580+0300][1223.126s][info ][gc] GC(39290) Pause Young (Allocation Failure) 131M->130M(133M) 16.308ms
[2020-08-10T13:04:43.597+0300][1223.142s][info ][gc] GC(39291) Pause Young (Allocation Failure) 131M->131M(133M) 15.767ms
[2020-08-10T13:04:43.635+0300][1223.180s][info ][gc] GC(39292) Pause Young (Allocation Failure) 131M->131M(133M) 37.989ms
[2020-08-10T13:04:43.651+0300][1223.197s][info ][gc] GC(39293) Pause Young (Allocation Failure) 132M->132M(133M) 16.086ms
[2020-08-10T13:04:44.002+0300][1223.547s][debug][gc] GC(39294) Expanding ParOldGen from 135168K by 10752K to 145920K
[2020-08-10T13:04:44.002+0300][1223.547s][info ][gc] GC(39294) Pause Full (Ergonomics) 132M->132M(144M) 350.398ms
[2020-08-10T13:04:44.036+0300][1223.581s][info ][gc] GC(39295) Pause Young (Allocation Failure) 132M->132M(144M) 33.294ms
[2020-08-10T13:04:44.052+0300][1223.598s][info ][gc] GC(39296) Pause Young (Allocation Failure) 133M->133M(144M) 16.263ms
[2020-08-10T13:04:44.069+0300][1223.614s][info ][gc] GC(39297) Pause Young (Allocation Failure) 133M->133M(144M) 16.208ms
[2020-08-10T13:04:44.086+0300][1223.631s][info ][gc] GC(39298) Pause Young (Allocation Failure) 133M->133M(144M) 16.193ms
[2020-08-10T13:04:44.102+0300][1223.648s][info ][gc] GC(39299) Pause Young (Allocation Failure) 134M->134M(144M) 16.227ms
[2020-08-10T13:04:44.143+0300][1223.688s][info ][gc] GC(39300) Pause Young (Allocation Failure) 134M->134M(144M) 40.519ms
[2020-08-10T13:04:44.165+0300][1223.710s][info ][gc] GC(39301) Pause Young (Allocation Failure) 135M->135M(144M) 21.410ms
[2020-08-10T13:04:44.165+0300][1223.711s][debug][gc] Expanding ParOldGen from 145920K by 19968K to 165888K
[2020-08-10T13:04:44.190+0300][1223.735s][info ][gc] GC(39302) Pause Young (Allocation Failure) 154M->154M(163M) 16.098ms
[2020-08-10T13:04:44.218+0300][1223.763s][info ][gc] GC(39303) Pause Young (Allocation Failure) 155M->155M(163M) 27.772ms
[2020-08-10T13:04:44.245+0300][1223.791s][info ][gc] GC(39304) Pause Young (Allocation Failure) 155M->155M(163M) 26.632ms
[2020-08-10T13:04:44.272+0300][1223.817s][info ][gc] GC(39305) Pause Young (Allocation Failure) 156M->156M(163M) 26.386ms
[2020-08-10T13:04:44.299+0300][1223.844s][info ][gc] GC(39306) Pause Young (Allocation Failure) 156M->156M(163M) 26.656ms
[2020-08-10T13:04:44.326+0300][1223.872s][info ][gc] GC(39307) Pause Young (Allocation Failure) 157M->157M(163M) 26.651ms
[2020-08-10T13:04:44.353+0300][1223.898s][info ][gc] GC(39308) Pause Young (Allocation Failure) 157M->157M(163M) 26.437ms
[2020-08-10T13:04:44.380+0300][1223.925s][info ][gc] GC(39309) Pause Young (Allocation Failure) 158M->158M(163M) 26.552ms
[2020-08-10T13:04:44.407+0300][1223.953s][info ][gc] GC(39310) Pause Young (Allocation Failure) 158M->158M(163M) 26.654ms
[2020-08-10T13:04:44.434+0300][1223.980s][info ][gc] GC(39311) Pause Young (Allocation Failure) 158M->158M(163M) 26.688ms
[2020-08-10T13:04:44.461+0300][1224.007s][info ][gc] GC(39312) Pause Young (Allocation Failure) 159M->159M(163M) 26.689ms
[2020-08-10T13:04:44.489+0300][1224.034s][info ][gc] GC(39313) Pause Young (Allocation Failure) 159M->159M(163M) 26.599ms
[2020-08-10T13:04:44.515+0300][1224.061s][info ][gc] GC(39314) Pause Young (Allocation Failure) 160M->160M(163M) 26.379ms
[2020-08-10T13:04:44.542+0300][1224.088s][info ][gc] GC(39315) Pause Young (Allocation Failure) 160M->160M(163M) 26.637ms
[2020-08-10T13:04:44.569+0300][1224.115s][info ][gc] GC(39316) Pause Young (Allocation Failure) 161M->161M(163M) 26.464ms
[2020-08-10T13:04:44.596+0300][1224.141s][info ][gc] GC(39317) Pause Young (Allocation Failure) 161M->161M(163M) 26.454ms
[2020-08-10T13:04:44.623+0300][1224.168s][info ][gc] GC(39318) Pause Young (Allocation Failure) 162M->162M(163M) 26.695ms
[2020-08-10T13:04:44.704+0300][1224.249s][debug][gc] GC(39319) Shrinking ParOldGen from 165888K by 125952K to 39936K
[2020-08-10T13:04:44.704+0300][1224.249s][info ][gc] GC(39319) Pause Full (Ergonomics) 162M->28M(40M) 80.367ms
[2020-08-10T13:04:44.717+0300][1224.262s][info ][gc] GC(39320) Pause Young (Allocation Failure) 28M->28M(40M) 13.039ms
[2020-08-10T13:04:44.731+0300][1224.276s][info ][gc] GC(39321) Pause Young (Allocation Failure) 29M->29M(40M) 13.470ms
[2020-08-10T13:04:44.745+0300][1224.290s][info ][gc] GC(39322) Pause Young (Allocation Failure) 29M->29M(40M) 13.430ms
[2020-08-10T13:04:44.759+0300][1224.304s][info ][gc] GC(39323) Pause Young (Allocation Failure) 30M->30M(40M) 13.441ms
[2020-08-10T13:04:44.772+0300][1224.318s][info ][gc] GC(39324) Pause Young (Allocation Failure) 30M->30M(40M) 13.403ms
[2020-08-10T13:04:44.786+0300][1224.332s][info ][gc] GC(39325) Pause Young (Allocation Failure) 31M->31M(40M) 13.452ms
[2020-08-10T13:04:44.800+0300][1224.346s][info ][gc] GC(39326) Pause Young (Allocation Failure) 31M->31M(40M) 13.377ms
[2020-08-10T13:04:44.814+0300][1224.359s][info ][gc] GC(39327) Pause Young (Allocation Failure) 32M->32M(40M) 13.422ms
[2020-08-10T13:04:44.828+0300][1224.373s][info ][gc] GC(39328) Pause Young (Allocation Failure) 32M->32M(40M) 13.479ms
[2020-08-10T13:04:44.842+0300][1224.387s][info ][gc] GC(39329) Pause Young (Allocation Failure) 32M->32M(40M) 13.477ms
[2020-08-10T13:04:44.856+0300][1224.401s][info ][gc] GC(39330) Pause Young (Allocation Failure) 33M->33M(40M) 13.433ms
[2020-08-10T13:04:44.870+0300][1224.415s][info ][gc] GC(39331) Pause Young (Allocation Failure) 33M->33M(40M) 13.436ms
[2020-08-10T13:04:44.884+0300][1224.429s][info ][gc] GC(39332) Pause Young (Allocation Failure) 34M->34M(40M) 13.497ms
[2020-08-10T13:04:44.898+0300][1224.443s][info ][gc] GC(39333) Pause Young (Allocation Failure) 34M->34M(40M) 13.307ms
[2020-08-10T13:04:44.911+0300][1224.457s][info ][gc] GC(39334) Pause Young (Allocation Failure) 35M->35M(40M) 13.401ms
[2020-08-10T13:04:44.925+0300][1224.471s][info ][gc] GC(39335) Pause Young (Allocation Failure) 35M->35M(40M) 13.411ms
[2020-08-10T13:04:44.939+0300][1224.484s][info ][gc] GC(39336) Pause Young (Allocation Failure) 36M->36M(40M) 13.367ms
[2020-08-10T13:04:44.953+0300][1224.498s][info ][gc] GC(39337) Pause Young (Allocation Failure) 36M->36M(40M) 13.497ms
[2020-08-10T13:04:44.967+0300][1224.512s][info ][gc] GC(39338) Pause Young (Allocation Failure) 37M->37M(40M) 13.369ms
[2020-08-10T13:04:44.981+0300][1224.527s][info ][gc] GC(39339) Pause Young (Allocation Failure) 38M->37M(40M) 13.749ms
[2020-08-10T13:04:44.995+0300][1224.541s][info ][gc] GC(39340) Pause Young (Allocation Failure) 38M->38M(41M) 13.683ms
[2020-08-10T13:04:45.010+0300][1224.555s][info ][gc] GC(39341) Pause Young (Allocation Failure) 39M->39M(41M) 14.023ms
[2020-08-10T13:04:45.087+0300][1224.633s][debug][gc] GC(39342) Expanding ParOldGen from 39936K by 11264K to 51200K
[2020-08-10T13:04:45.087+0300][1224.633s][info ][gc] GC(39342) Pause Full (Ergonomics) 39M->39M(52M) 77.132ms
[2020-08-10T13:04:45.106+0300][1224.652s][info ][gc] GC(39343) Pause Young (Allocation Failure) 40M->40M(52M) 18.372ms
[2020-08-10T13:04:45.121+0300][1224.666s][info ][gc] GC(39344) Pause Young (Allocation Failure) 41M->41M(52M) 13.854ms
[2020-08-10T13:04:45.135+0300][1224.680s][info ][gc] GC(39345) Pause Young (Allocation Failure) 42M->42M(52M) 13.787ms
[2020-08-10T13:04:45.149+0300][1224.695s][info ][gc] GC(39346) Pause Young (Allocation Failure) 43M->43M(52M) 13.809ms
[2020-08-10T13:04:45.164+0300][1224.710s][info ][gc] GC(39347) Pause Young (Allocation Failure) 44M->44M(52M) 14.686ms
[2020-08-10T13:04:45.179+0300][1224.725s][info ][gc] GC(39348) Pause Young (Allocation Failure) 45M->45M(52M) 13.967ms
[2020-08-10T13:04:45.194+0300][1224.739s][info ][gc] GC(39349) Pause Young (Allocation Failure) 46M->46M(52M) 13.883ms
[2020-08-10T13:04:45.208+0300][1224.754s][info ][gc] GC(39350) Pause Young (Allocation Failure) 47M->47M(52M) 13.907ms
[2020-08-10T13:04:45.223+0300][1224.768s][info ][gc] GC(39351) Pause Young (Allocation Failure) 48M->47M(52M) 14.057ms
[2020-08-10T13:04:45.237+0300][1224.783s][info ][gc] GC(39352) Pause Young (Allocation Failure) 48M->48M(52M) 13.943ms
[2020-08-10T13:04:45.252+0300][1224.798s][info ][gc] GC(39353) Pause Young (Allocation Failure) 49M->49M(52M) 13.987ms
[2020-08-10T13:04:45.352+0300][1224.897s][debug][gc] GC(39354) Expanding ParOldGen from 51200K by 11776K to 62976K
[2020-08-10T13:04:45.352+0300][1224.897s][info ][gc] GC(39354) Pause Full (Ergonomics) 49M->49M(64M) 99.717ms
[2020-08-10T13:04:45.366+0300][1224.911s][info ][gc] GC(39355) Pause Young (Allocation Failure) 50M->50M(64M) 13.463ms
[2020-08-10T13:04:45.380+0300][1224.926s][info ][gc] GC(39356) Pause Young (Allocation Failure) 51M->51M(64M) 13.652ms
[2020-08-10T13:04:45.395+0300][1224.940s][info ][gc] GC(39357) Pause Young (Allocation Failure) 52M->52M(64M) 13.917ms
[2020-08-10T13:04:45.409+0300][1224.954s][info ][gc] GC(39358) Pause Young (Allocation Failure) 53M->53M(64M) 13.669ms
[2020-08-10T13:04:45.423+0300][1224.968s][info ][gc] GC(39359) Pause Young (Allocation Failure) 54M->54M(64M) 13.972ms
[2020-08-10T13:04:45.437+0300][1224.983s][info ][gc] GC(39360) Pause Young (Allocation Failure) 55M->55M(64M) 13.842ms
[2020-08-10T13:04:45.452+0300][1224.997s][info ][gc] GC(39361) Pause Young (Allocation Failure) 56M->56M(64M) 13.795ms
[2020-08-10T13:04:45.466+0300][1225.012s][info ][gc] GC(39362) Pause Young (Allocation Failure) 57M->57M(64M) 13.874ms
[2020-08-10T13:04:45.480+0300][1225.026s][info ][gc] GC(39363) Pause Young (Allocation Failure) 58M->58M(64M) 13.874ms
[2020-08-10T13:04:45.495+0300][1225.040s][info ][gc] GC(39364) Pause Young (Allocation Failure) 59M->59M(64M) 13.898ms
[2020-08-10T13:04:45.510+0300][1225.055s][info ][gc] GC(39365) Pause Young (Allocation Failure) 60M->59M(64M) 14.092ms
[2020-08-10T13:04:45.524+0300][1225.070s][info ][gc] GC(39366) Pause Young (Allocation Failure) 60M->60M(64M) 13.965ms
[2020-08-10T13:04:45.539+0300][1225.084s][info ][gc] GC(39367) Pause Young (Allocation Failure) 61M->61M(64M) 14.046ms
[2020-08-10T13:04:45.678+0300][1225.224s][debug][gc] GC(39368) Expanding ParOldGen from 62976K by 11264K to 74240K
[2020-08-10T13:04:45.678+0300][1225.224s][info ][gc] GC(39368) Pause Full (Ergonomics) 61M->61M(75M) 139.183ms
[2020-08-10T13:04:45.704+0300][1225.250s][info ][gc] GC(39369) Pause Young (Allocation Failure) 62M->62M(75M) 25.495ms
[2020-08-10T13:04:45.719+0300][1225.265s][info ][gc] GC(39370) Pause Young (Allocation Failure) 63M->63M(75M) 14.264ms
[2020-08-10T13:04:45.734+0300][1225.279s][info ][gc] GC(39371) Pause Young (Allocation Failure) 64M->64M(75M) 14.006ms
[2020-08-10T13:04:45.749+0300][1225.294s][info ][gc] GC(39372) Pause Young (Allocation Failure) 65M->65M(75M) 14.139ms
[2020-08-10T13:04:45.764+0300][1225.309s][info ][gc] GC(39373) Pause Young (Allocation Failure) 66M->66M(75M) 14.303ms
[2020-08-10T13:04:45.778+0300][1225.324s][info ][gc] GC(39374) Pause Young (Allocation Failure) 67M->67M(75M) 14.327ms
[2020-08-10T13:04:45.793+0300][1225.339s][info ][gc] GC(39375) Pause Young (Allocation Failure) 68M->68M(75M) 14.130ms
[2020-08-10T13:04:45.808+0300][1225.353s][info ][gc] GC(39376) Pause Young (Allocation Failure) 69M->69M(75M) 14.134ms
[2020-08-10T13:04:45.823+0300][1225.368s][info ][gc] GC(39377) Pause Young (Allocation Failure) 70M->70M(75M) 14.288ms
[2020-08-10T13:04:45.838+0300][1225.383s][info ][gc] GC(39378) Pause Young (Allocation Failure) 71M->70M(75M) 14.284ms
[2020-08-10T13:04:45.853+0300][1225.398s][info ][gc] GC(39379) Pause Young (Allocation Failure) 71M->71M(75M) 14.158ms
[2020-08-10T13:04:45.867+0300][1225.413s][info ][gc] GC(39380) Pause Young (Allocation Failure) 72M->72M(75M) 14.044ms
[2020-08-10T13:04:46.039+0300][1225.585s][debug][gc] GC(39381) Expanding ParOldGen from 74240K by 11264K to 85504K
[2020-08-10T13:04:46.039+0300][1225.585s][info ][gc] GC(39381) Pause Full (Ergonomics) 72M->72M(86M) 171.920ms
[2020-08-10T13:04:46.070+0300][1225.615s][info ][gc] GC(39382) Pause Young (Allocation Failure) 73M->73M(86M) 30.148ms
[2020-08-10T13:04:46.085+0300][1225.630s][info ][gc] GC(39383) Pause Young (Allocation Failure) 74M->74M(86M) 14.335ms
[2020-08-10T13:04:46.100+0300][1225.645s][info ][gc] GC(39384) Pause Young (Allocation Failure) 75M->75M(86M) 14.356ms
[2020-08-10T13:04:46.114+0300][1225.660s][info ][gc] GC(39385) Pause Young (Allocation Failure) 76M->76M(86M) 14.179ms
[2020-08-10T13:04:46.129+0300][1225.674s][info ][gc] GC(39386) Pause Young (Allocation Failure) 77M->77M(86M) 14.043ms
[2020-08-10T13:04:46.144+0300][1225.689s][info ][gc] GC(39387) Pause Young (Allocation Failure) 78M->78M(86M) 14.229ms
[2020-08-10T13:04:46.158+0300][1225.704s][info ][gc] GC(39388) Pause Young (Allocation Failure) 79M->79M(86M) 14.207ms
[2020-08-10T13:04:46.173+0300][1225.719s][info ][gc] GC(39389) Pause Young (Allocation Failure) 80M->80M(86M) 14.202ms
[2020-08-10T13:04:46.188+0300][1225.734s][info ][gc] GC(39390) Pause Young (Allocation Failure) 81M->81M(85M) 14.411ms
[2020-08-10T13:04:46.203+0300][1225.749s][info ][gc] GC(39391) Pause Young (Allocation Failure) 82M->82M(85M) 14.234ms
[2020-08-10T13:04:46.218+0300][1225.763s][info ][gc] GC(39392) Pause Young (Allocation Failure) 83M->82M(85M) 14.248ms
[2020-08-10T13:04:46.233+0300][1225.778s][info ][gc] GC(39393) Pause Young (Allocation Failure) 83M->83M(85M) 14.374ms
[2020-08-10T13:04:46.441+0300][1225.987s][debug][gc] GC(39394) Expanding ParOldGen from 85504K by 11264K to 96768K
[2020-08-10T13:04:46.441+0300][1225.987s][info ][gc] GC(39394) Pause Full (Ergonomics) 83M->83M(96M) 208.091ms
[2020-08-10T13:04:46.474+0300][1226.019s][info ][gc] GC(39395) Pause Young (Allocation Failure) 84M->84M(96M) 31.814ms
[2020-08-10T13:04:46.489+0300][1226.034s][info ][gc] GC(39396) Pause Young (Allocation Failure) 85M->85M(96M) 14.648ms
[2020-08-10T13:04:46.504+0300][1226.049s][info ][gc] GC(39397) Pause Young (Allocation Failure) 86M->86M(96M) 14.241ms
[2020-08-10T13:04:46.518+0300][1226.064s][info ][gc] GC(39398) Pause Young (Allocation Failure) 86M->86M(96M) 13.893ms
[2020-08-10T13:04:46.532+0300][1226.078s][info ][gc] GC(39399) Pause Young (Allocation Failure) 87M->87M(96M) 13.878ms
[2020-08-10T13:04:46.547+0300][1226.092s][info ][gc] GC(39400) Pause Young (Allocation Failure) 87M->87M(96M) 13.917ms
[2020-08-10T13:04:46.561+0300][1226.107s][info ][gc] GC(39401) Pause Young (Allocation Failure) 88M->88M(96M) 13.917ms
[2020-08-10T13:04:46.595+0300][1226.140s][info ][gc] GC(39402) Pause Young (Allocation Failure) 88M->88M(96M) 32.884ms
[2020-08-10T13:04:46.609+0300][1226.155s][info ][gc] GC(39403) Pause Young (Allocation Failure) 89M->88M(96M) 13.985ms
[2020-08-10T13:04:46.624+0300][1226.169s][info ][gc] GC(39404) Pause Young (Allocation Failure) 89M->89M(96M) 14.019ms
[2020-08-10T13:04:46.638+0300][1226.184s][info ][gc] GC(39405) Pause Young (Allocation Failure) 89M->89M(96M) 13.885ms
[2020-08-10T13:04:46.653+0300][1226.198s][info ][gc] GC(39406) Pause Young (Allocation Failure) 90M->90M(96M) 13.959ms
[2020-08-10T13:04:46.667+0300][1226.212s][info ][gc] GC(39407) Pause Young (Allocation Failure) 90M->90M(96M) 13.938ms
[2020-08-10T13:04:46.681+0300][1226.227s][info ][gc] GC(39408) Pause Young (Allocation Failure) 91M->91M(96M) 13.951ms
[2020-08-10T13:04:46.696+0300][1226.241s][info ][gc] GC(39409) Pause Young (Allocation Failure) 91M->91M(96M) 13.884ms
[2020-08-10T13:04:46.710+0300][1226.256s][info ][gc] GC(39410) Pause Young (Allocation Failure) 92M->92M(96M) 13.887ms
[2020-08-10T13:04:46.725+0300][1226.270s][info ][gc] GC(39411) Pause Young (Allocation Failure) 92M->92M(96M) 13.945ms
[2020-08-10T13:04:46.739+0300][1226.285s][info ][gc] GC(39412) Pause Young (Allocation Failure) 93M->93M(95M) 14.065ms
[2020-08-10T13:04:46.753+0300][1226.299s][info ][gc] GC(39413) Pause Young (Allocation Failure) 93M->93M(96M) 13.877ms
[2020-08-10T13:04:46.768+0300][1226.313s][info ][gc] GC(39414) Pause Young (Allocation Failure) 94M->94M(96M) 13.920ms
[2020-08-10T13:04:46.782+0300][1226.328s][info ][gc] GC(39415) Pause Young (Allocation Failure) 94M->94M(96M) 13.962ms
[2020-08-10T13:04:47.013+0300][1226.558s][debug][gc] GC(39416) Expanding ParOldGen from 96768K by 11264K to 108032K
[2020-08-10T13:04:47.013+0300][1226.558s][info ][gc] GC(39416) Pause Full (Ergonomics) 94M->94M(107M) 230.144ms
[2020-08-10T13:04:47.027+0300][1226.572s][info ][gc] GC(39417) Pause Young (Allocation Failure) 94M->94M(107M) 13.394ms
[2020-08-10T13:04:47.041+0300][1226.586s][info ][gc] GC(39418) Pause Young (Allocation Failure) 95M->95M(107M) 13.595ms
[2020-08-10T13:04:47.055+0300][1226.600s][info ][gc] GC(39419) Pause Young (Allocation Failure) 95M->95M(107M) 13.687ms
[2020-08-10T13:04:47.069+0300][1226.615s][info ][gc] GC(39420) Pause Young (Allocation Failure) 96M->96M(107M) 13.632ms
[2020-08-10T13:04:47.083+0300][1226.629s][info ][gc] GC(39421) Pause Young (Allocation Failure) 96M->96M(107M) 13.697ms
[2020-08-10T13:04:47.097+0300][1226.643s][info ][gc] GC(39422) Pause Young (Allocation Failure) 97M->97M(107M) 13.682ms
[2020-08-10T13:04:47.112+0300][1226.657s][info ][gc] GC(39423) Pause Young (Allocation Failure) 97M->97M(107M) 13.688ms
[2020-08-10T13:04:47.126+0300][1226.671s][info ][gc] GC(39424) Pause Young (Allocation Failure) 97M->98M(107M) 13.720ms
[2020-08-10T13:04:47.140+0300][1226.686s][info ][gc] GC(39425) Pause Young (Allocation Failure) 98M->98M(107M) 13.703ms
[2020-08-10T13:04:47.154+0300][1226.700s][info ][gc] GC(39426) Pause Young (Allocation Failure) 98M->98M(107M) 13.707ms
[2020-08-10T13:04:47.168+0300][1226.714s][info ][gc] GC(39427) Pause Young (Allocation Failure) 99M->99M(107M) 13.692ms
[2020-08-10T13:04:47.183+0300][1226.728s][info ][gc] GC(39428) Pause Young (Allocation Failure) 99M->99M(107M) 13.660ms
[2020-08-10T13:04:47.197+0300][1226.742s][info ][gc] GC(39429) Pause Young (Allocation Failure) 100M->100M(107M) 13.506ms
[2020-08-10T13:04:47.211+0300][1226.756s][info ][gc] GC(39430) Pause Young (Allocation Failure) 100M->100M(107M) 13.670ms
[2020-08-10T13:04:47.225+0300][1226.771s][info ][gc] GC(39431) Pause Young (Allocation Failure) 101M->101M(107M) 13.751ms
[2020-08-10T13:04:47.239+0300][1226.785s][info ][gc] GC(39432) Pause Young (Allocation Failure) 101M->101M(107M) 13.776ms
[2020-08-10T13:04:47.254+0300][1226.799s][info ][gc] GC(39433) Pause Young (Allocation Failure) 102M->102M(107M) 13.738ms
[2020-08-10T13:04:47.268+0300][1226.813s][info ][gc] GC(39434) Pause Young (Allocation Failure) 102M->102M(107M) 13.700ms
[2020-08-10T13:04:47.282+0300][1226.828s][info ][gc] GC(39435) Pause Young (Allocation Failure) 103M->103M(107M) 13.703ms
[2020-08-10T13:04:47.296+0300][1226.842s][info ][gc] GC(39436) Pause Young (Allocation Failure) 103M->103M(107M) 13.695ms
[2020-08-10T13:04:47.310+0300][1226.856s][info ][gc] GC(39437) Pause Young (Allocation Failure) 104M->104M(107M) 13.454ms
[2020-08-10T13:04:47.324+0300][1226.870s][info ][gc] GC(39438) Pause Young (Allocation Failure) 104M->104M(107M) 13.669ms
[2020-08-10T13:04:47.338+0300][1226.884s][info ][gc] GC(39439) Pause Young (Allocation Failure) 104M->104M(107M) 13.525ms
[2020-08-10T13:04:47.353+0300][1226.898s][info ][gc] GC(39440) Pause Young (Allocation Failure) 105M->105M(107M) 13.946ms
[2020-08-10T13:04:47.367+0300][1226.912s][info ][gc] GC(39441) Pause Young (Allocation Failure) 105M->105M(107M) 13.753ms
[2020-08-10T13:04:47.640+0300][1227.186s][debug][gc] GC(39442) Expanding ParOldGen from 108032K by 10752K to 118784K
[2020-08-10T13:04:47.641+0300][1227.186s][info ][gc] GC(39442) Pause Full (Ergonomics) 105M->105M(117M) 273.405ms
[2020-08-10T13:04:47.677+0300][1227.223s][info ][gc] GC(39443) Pause Young (Allocation Failure) 106M->106M(117M) 36.421ms
[2020-08-10T13:04:47.692+0300][1227.238s][info ][gc] GC(39444) Pause Young (Allocation Failure) 106M->106M(117M) 14.106ms
[2020-08-10T13:04:47.707+0300][1227.252s][info ][gc] GC(39445) Pause Young (Allocation Failure) 107M->107M(117M) 14.060ms
[2020-08-10T13:04:47.721+0300][1227.267s][info ][gc] GC(39446) Pause Young (Allocation Failure) 107M->107M(117M) 14.128ms
[2020-08-10T13:04:47.736+0300][1227.281s][info ][gc] GC(39447) Pause Young (Allocation Failure) 107M->107M(117M) 14.008ms
[2020-08-10T13:04:47.750+0300][1227.295s][info ][gc] GC(39448) Pause Young (Allocation Failure) 108M->108M(117M) 13.894ms
[2020-08-10T13:04:47.764+0300][1227.310s][info ][gc] GC(39449) Pause Young (Allocation Failure) 108M->108M(117M) 14.060ms
[2020-08-10T13:04:47.779+0300][1227.324s][info ][gc] GC(39450) Pause Young (Allocation Failure) 109M->109M(117M) 14.127ms
[2020-08-10T13:04:47.793+0300][1227.339s][info ][gc] GC(39451) Pause Young (Allocation Failure) 109M->109M(117M) 14.098ms
[2020-08-10T13:04:47.808+0300][1227.354s][info ][gc] GC(39452) Pause Young (Allocation Failure) 110M->110M(117M) 14.191ms
[2020-08-10T13:04:47.823+0300][1227.368s][info ][gc] GC(39453) Pause Young (Allocation Failure) 110M->110M(117M) 14.191ms
[2020-08-10T13:04:47.838+0300][1227.383s][info ][gc] GC(39454) Pause Young (Allocation Failure) 111M->111M(117M) 14.280ms
[2020-08-10T13:04:47.852+0300][1227.398s][info ][gc] GC(39455) Pause Young (Allocation Failure) 111M->111M(117M) 14.283ms
[2020-08-10T13:04:47.867+0300][1227.413s][info ][gc] GC(39456) Pause Young (Allocation Failure) 112M->112M(117M) 14.464ms
[2020-08-10T13:04:47.882+0300][1227.428s][info ][gc] GC(39457) Pause Young (Allocation Failure) 112M->112M(117M) 14.379ms
[2020-08-10T13:04:47.897+0300][1227.443s][info ][gc] GC(39458) Pause Young (Allocation Failure) 113M->113M(117M) 14.394ms
[2020-08-10T13:04:47.912+0300][1227.458s][info ][gc] GC(39459) Pause Young (Allocation Failure) 113M->113M(117M) 14.420ms
[2020-08-10T13:04:47.927+0300][1227.473s][info ][gc] GC(39460) Pause Young (Allocation Failure) 114M->113M(117M) 14.462ms
[2020-08-10T13:04:47.942+0300][1227.488s][info ][gc] GC(39461) Pause Young (Allocation Failure) 114M->114M(117M) 14.535ms
[2020-08-10T13:04:47.957+0300][1227.503s][info ][gc] GC(39462) Pause Young (Allocation Failure) 114M->114M(117M) 14.719ms
[2020-08-10T13:04:47.972+0300][1227.518s][info ][gc] GC(39463) Pause Young (Allocation Failure) 115M->115M(117M) 14.563ms
[2020-08-10T13:04:47.988+0300][1227.533s][info ][gc] GC(39464) Pause Young (Allocation Failure) 115M->115M(117M) 14.546ms
[2020-08-10T13:04:48.002+0300][1227.548s][info ][gc] GC(39465) Pause Young (Allocation Failure) 116M->116M(117M) 14.396ms
[2020-08-10T13:04:48.303+0300][1227.848s][debug][gc] GC(39466) Expanding ParOldGen from 118784K by 10752K to 129536K
[2020-08-10T13:04:48.303+0300][1227.849s][info ][gc] GC(39466) Pause Full (Ergonomics) 116M->116M(128M) 300.527ms
[2020-08-10T13:04:48.335+0300][1227.880s][info ][gc] GC(39467) Pause Young (Allocation Failure) 116M->116M(128M) 31.051ms
[2020-08-10T13:04:48.350+0300][1227.895s][info ][gc] GC(39468) Pause Young (Allocation Failure) 117M->117M(128M) 14.777ms
[2020-08-10T13:04:48.365+0300][1227.911s][info ][gc] GC(39469) Pause Young (Allocation Failure) 117M->117M(128M) 15.077ms
[2020-08-10T13:04:48.381+0300][1227.927s][info ][gc] GC(39470) Pause Young (Allocation Failure) 118M->118M(128M) 15.514ms
[2020-08-10T13:04:48.401+0300][1227.946s][info ][gc] GC(39471) Pause Young (Allocation Failure) 118M->118M(128M) 18.640ms
[2020-08-10T13:04:48.416+0300][1227.961s][info ][gc] GC(39472) Pause Young (Allocation Failure) 118M->118M(128M) 14.925ms
[2020-08-10T13:04:48.431+0300][1227.977s][info ][gc] GC(39473) Pause Young (Allocation Failure) 119M->119M(128M) 15.052ms
[2020-08-10T13:04:48.447+0300][1227.992s][info ][gc] GC(39474) Pause Young (Allocation Failure) 119M->119M(128M) 15.096ms
[2020-08-10T13:04:48.462+0300][1228.008s][info ][gc] GC(39475) Pause Young (Allocation Failure) 120M->120M(128M) 15.006ms
[2020-08-10T13:04:48.477+0300][1228.023s][info ][gc] GC(39476) Pause Young (Allocation Failure) 120M->120M(128M) 15.072ms
[2020-08-10T13:04:48.493+0300][1228.038s][info ][gc] GC(39477) Pause Young (Allocation Failure) 121M->121M(128M) 14.998ms
[2020-08-10T13:04:48.508+0300][1228.054s][info ][gc] GC(39478) Pause Young (Allocation Failure) 121M->121M(128M) 14.977ms
[2020-08-10T13:04:48.524+0300][1228.069s][info ][gc] GC(39479) Pause Young (Allocation Failure) 122M->122M(128M) 15.286ms
[2020-08-10T13:04:48.539+0300][1228.085s][info ][gc] GC(39480) Pause Young (Allocation Failure) 122M->122M(128M) 15.173ms
[2020-08-10T13:04:48.555+0300][1228.101s][info ][gc] GC(39481) Pause Young (Allocation Failure) 123M->123M(128M) 15.455ms
[2020-08-10T13:04:48.573+0300][1228.119s][info ][gc] GC(39482) Pause Young (Allocation Failure) 123M->123M(128M) 17.612ms
[2020-08-10T13:04:48.589+0300][1228.135s][info ][gc] GC(39483) Pause Young (Allocation Failure) 124M->124M(128M) 15.252ms
[2020-08-10T13:04:48.605+0300][1228.150s][info ][gc] GC(39484) Pause Young (Allocation Failure) 124M->124M(128M) 15.472ms
[2020-08-10T13:04:48.621+0300][1228.166s][info ][gc] GC(39485) Pause Young (Allocation Failure) 124M->124M(128M) 15.492ms
[2020-08-10T13:04:48.636+0300][1228.182s][info ][gc] GC(39486) Pause Young (Allocation Failure) 125M->125M(128M) 15.426ms
[2020-08-10T13:04:48.652+0300][1228.198s][info ][gc] GC(39487) Pause Young (Allocation Failure) 125M->125M(128M) 15.703ms
[2020-08-10T13:04:48.669+0300][1228.214s][info ][gc] GC(39488) Pause Young (Allocation Failure) 126M->126M(128M) 15.725ms
[2020-08-10T13:04:48.685+0300][1228.230s][info ][gc] GC(39489) Pause Young (Allocation Failure) 126M->126M(128M) 15.478ms
[2020-08-10T13:04:49.016+0300][1228.562s][debug][gc] GC(39490) Expanding ParOldGen from 129536K by 10752K to 140288K
[2020-08-10T13:04:49.016+0300][1228.562s][info ][gc] GC(39490) Pause Full (Ergonomics) 126M->126M(138M) 331.378ms
[2020-08-10T13:04:49.030+0300][1228.576s][info ][gc] GC(39491) Pause Young (Allocation Failure) 126M->126M(138M) 13.733ms
[2020-08-10T13:04:49.046+0300][1228.592s][info ][gc] GC(39492) Pause Young (Allocation Failure) 127M->127M(138M) 15.525ms
[2020-08-10T13:04:49.062+0300][1228.608s][info ][gc] GC(39493) Pause Young (Allocation Failure) 127M->127M(138M) 15.496ms
[2020-08-10T13:04:49.078+0300][1228.623s][info ][gc] GC(39494) Pause Young (Allocation Failure) 128M->128M(138M) 15.137ms
[2020-08-10T13:04:49.094+0300][1228.639s][info ][gc] GC(39495) Pause Young (Allocation Failure) 128M->128M(138M) 15.619ms
[2020-08-10T13:04:49.110+0300][1228.656s][info ][gc] GC(39496) Pause Young (Allocation Failure) 129M->129M(138M) 15.652ms
[2020-08-10T13:04:49.126+0300][1228.671s][info ][gc] GC(39497) Pause Young (Allocation Failure) 129M->129M(138M) 15.331ms
[2020-08-10T13:04:49.142+0300][1228.687s][info ][gc] GC(39498) Pause Young (Allocation Failure) 130M->130M(138M) 15.603ms
[2020-08-10T13:04:49.158+0300][1228.704s][info ][gc] GC(39499) Pause Young (Allocation Failure) 130M->130M(138M) 15.754ms
[2020-08-10T13:04:49.174+0300][1228.720s][info ][gc] GC(39500) Pause Young (Allocation Failure) 131M->131M(138M) 15.544ms
[2020-08-10T13:04:49.190+0300][1228.735s][info ][gc] GC(39501) Pause Young (Allocation Failure) 131M->131M(138M) 15.530ms
[2020-08-10T13:04:49.206+0300][1228.751s][info ][gc] GC(39502) Pause Young (Allocation Failure) 132M->132M(138M) 15.667ms
[2020-08-10T13:04:49.222+0300][1228.767s][info ][gc] GC(39503) Pause Young (Allocation Failure) 132M->132M(138M) 15.505ms
[2020-08-10T13:04:49.238+0300][1228.783s][info ][gc] GC(39504) Pause Young (Allocation Failure) 132M->132M(138M) 15.625ms
[2020-08-10T13:04:49.254+0300][1228.800s][info ][gc] GC(39505) Pause Young (Allocation Failure) 133M->133M(138M) 15.737ms
[2020-08-10T13:04:49.270+0300][1228.816s][info ][gc] GC(39506) Pause Young (Allocation Failure) 133M->133M(138M) 15.478ms
[2020-08-10T13:04:49.286+0300][1228.832s][info ][gc] GC(39507) Pause Young (Allocation Failure) 134M->134M(138M) 15.956ms
[2020-08-10T13:04:49.302+0300][1228.848s][info ][gc] GC(39508) Pause Young (Allocation Failure) 134M->134M(138M) 15.657ms
[2020-08-10T13:04:49.319+0300][1228.864s][info ][gc] GC(39509) Pause Young (Allocation Failure) 135M->135M(138M) 15.792ms
[2020-08-10T13:04:49.335+0300][1228.881s][info ][gc] GC(39510) Pause Young (Allocation Failure) 135M->135M(138M) 16.073ms
[2020-08-10T13:04:49.335+0300][1228.881s][debug][gc] Expanding ParOldGen from 140288K by 19968K to 160256K
[2020-08-10T13:04:49.359+0300][1228.904s][info ][gc] GC(39511) Pause Young (Allocation Failure) 155M->154M(158M) 15.102ms
[2020-08-10T13:04:49.386+0300][1228.931s][info ][gc] GC(39512) Pause Young (Allocation Failure) 155M->155M(158M) 26.292ms
[2020-08-10T13:04:49.412+0300][1228.958s][info ][gc] GC(39513) Pause Young (Allocation Failure) 155M->155M(158M) 26.326ms
[2020-08-10T13:04:49.439+0300][1228.985s][info ][gc] GC(39514) Pause Young (Allocation Failure) 156M->156M(158M) 26.607ms
[2020-08-10T13:04:49.483+0300][1229.029s][info ][gc] GC(39515) Pause Young (Allocation Failure) 156M->156M(158M) 43.345ms
[2020-08-10T13:04:49.529+0300][1229.075s][debug][gc] GC(39516) Shrinking ParOldGen from 160256K by 125952K to 34304K
[2020-08-10T13:04:49.529+0300][1229.075s][info ][gc] GC(39516) Pause Full (Ergonomics) 156M->22M(35M) 46.150ms
[2020-08-10T13:04:49.562+0300][1229.108s][info ][gc] GC(39517) Pause Young (Allocation Failure) 23M->23M(35M) 32.277ms
[2020-08-10T13:04:49.587+0300][1229.133s][info ][gc] GC(39518) Pause Young (Allocation Failure) 23M->23M(35M) 24.651ms
[2020-08-10T13:04:49.602+0300][1229.148s][info ][gc] GC(39519) Pause Young (Allocation Failure) 24M->24M(35M) 14.305ms
[2020-08-10T13:04:49.616+0300][1229.162s][info ][gc] GC(39520) Pause Young (Allocation Failure) 24M->24M(35M) 14.018ms
[2020-08-10T13:04:49.630+0300][1229.176s][info ][gc] GC(39521) Pause Young (Allocation Failure) 25M->25M(35M) 13.715ms
[2020-08-10T13:04:49.644+0300][1229.190s][info ][gc] GC(39522) Pause Young (Allocation Failure) 25M->25M(35M) 13.475ms
[2020-08-10T13:04:49.658+0300][1229.204s][info ][gc] GC(39523) Pause Young (Allocation Failure) 26M->26M(35M) 13.461ms
[2020-08-10T13:04:49.672+0300][1229.218s][info ][gc] GC(39524) Pause Young (Allocation Failure) 26M->26M(35M) 13.465ms
[2020-08-10T13:04:49.686+0300][1229.232s][info ][gc] GC(39525) Pause Young (Allocation Failure) 27M->27M(35M) 13.407ms
[2020-08-10T13:04:49.700+0300][1229.246s][info ][gc] GC(39526) Pause Young (Allocation Failure) 27M->27M(35M) 13.483ms
[2020-08-10T13:04:49.714+0300][1229.260s][info ][gc] GC(39527) Pause Young (Allocation Failure) 28M->28M(35M) 13.466ms
[2020-08-10T13:04:49.728+0300][1229.274s][info ][gc] GC(39528) Pause Young (Allocation Failure) 28M->28M(35M) 13.434ms
[2020-08-10T13:04:49.742+0300][1229.288s][info ][gc] GC(39529) Pause Young (Allocation Failure) 28M->28M(35M) 13.574ms
[2020-08-10T13:04:49.756+0300][1229.302s][info ][gc] GC(39530) Pause Young (Allocation Failure) 29M->29M(35M) 13.451ms
[2020-08-10T13:04:49.771+0300][1229.316s][info ][gc] GC(39531) Pause Young (Allocation Failure) 30M->30M(35M) 13.728ms
[2020-08-10T13:04:49.785+0300][1229.331s][info ][gc] GC(39532) Pause Young (Allocation Failure) 31M->31M(35M) 13.676ms
[2020-08-10T13:04:49.800+0300][1229.345s][info ][gc] GC(39533) Pause Young (Allocation Failure) 32M->32M(35M) 13.996ms
[2020-08-10T13:04:49.814+0300][1229.360s][info ][gc] GC(39534) Pause Young (Allocation Failure) 33M->33M(36M) 13.969ms
[2020-08-10T13:04:49.829+0300][1229.374s][info ][gc] GC(39535) Pause Young (Allocation Failure) 34M->34M(36M) 13.928ms
[2020-08-10T13:04:49.891+0300][1229.437s][debug][gc] GC(39536) Expanding ParOldGen from 34304K by 11776K to 46080K
[2020-08-10T13:04:49.892+0300][1229.437s][info ][gc] GC(39536) Pause Full (Ergonomics) 34M->33M(47M) 62.646ms
[2020-08-10T13:04:49.909+0300][1229.455s][info ][gc] GC(39537) Pause Young (Allocation Failure) 34M->34M(47M) 16.935ms
[2020-08-10T13:04:49.924+0300][1229.469s][info ][gc] GC(39538) Pause Young (Allocation Failure) 35M->35M(47M) 14.022ms
[2020-08-10T13:04:49.938+0300][1229.484s][info ][gc] GC(39539) Pause Young (Allocation Failure) 36M->36M(47M) 13.992ms
[2020-08-10T13:04:49.953+0300][1229.499s][info ][gc] GC(39540) Pause Young (Allocation Failure) 37M->37M(47M) 14.029ms
[2020-08-10T13:04:49.968+0300][1229.513s][info ][gc] GC(39541) Pause Young (Allocation Failure) 38M->38M(47M) 14.015ms
[2020-08-10T13:04:49.982+0300][1229.528s][info ][gc] GC(39542) Pause Young (Allocation Failure) 39M->39M(47M) 14.004ms
[2020-08-10T13:04:49.997+0300][1229.543s][info ][gc] GC(39543) Pause Young (Allocation Failure) 40M->40M(47M) 14.010ms
[2020-08-10T13:04:50.011+0300][1229.557s][info ][gc] GC(39544) Pause Young (Allocation Failure) 41M->41M(47M) 13.866ms
[2020-08-10T13:04:50.026+0300][1229.572s][info ][gc] GC(39545) Pause Young (Allocation Failure) 42M->42M(47M) 14.064ms
[2020-08-10T13:04:50.041+0300][1229.586s][info ][gc] GC(39546) Pause Young (Allocation Failure) 43M->43M(47M) 14.036ms
[2020-08-10T13:04:50.055+0300][1229.601s][info ][gc] GC(39547) Pause Young (Allocation Failure) 44M->44M(47M) 14.047ms
[2020-08-10T13:04:50.070+0300][1229.615s][info ][gc] GC(39548) Pause Young (Allocation Failure) 45M->45M(47M) 13.757ms
[2020-08-10T13:04:50.166+0300][1229.712s][debug][gc] GC(39549) Expanding ParOldGen from 46080K by 11776K to 57856K
[2020-08-10T13:04:50.166+0300][1229.712s][info ][gc] GC(39549) Pause Full (Ergonomics) 45M->45M(59M) 96.684ms
[2020-08-10T13:04:50.187+0300][1229.732s][info ][gc] GC(39550) Pause Young (Allocation Failure) 46M->46M(59M) 19.766ms
[2020-08-10T13:04:50.201+0300][1229.747s][info ][gc] GC(39551) Pause Young (Allocation Failure) 47M->46M(59M) 14.105ms
[2020-08-10T13:04:50.216+0300][1229.762s][info ][gc] GC(39552) Pause Young (Allocation Failure) 47M->47M(59M) 14.083ms
[2020-08-10T13:04:50.231+0300][1229.776s][info ][gc] GC(39553) Pause Young (Allocation Failure) 48M->48M(59M) 13.974ms
[2020-08-10T13:04:50.245+0300][1229.791s][info ][gc] GC(39554) Pause Young (Allocation Failure) 49M->49M(59M) 14.123ms
[2020-08-10T13:04:50.260+0300][1229.806s][info ][gc] GC(39555) Pause Young (Allocation Failure) 50M->50M(59M) 14.119ms
[2020-08-10T13:04:50.275+0300][1229.820s][info ][gc] GC(39556) Pause Young (Allocation Failure) 51M->51M(59M) 14.098ms
[2020-08-10T13:04:50.289+0300][1229.835s][info ][gc] GC(39557) Pause Young (Allocation Failure) 52M->52M(59M) 13.856ms
[2020-08-10T13:04:50.303+0300][1229.849s][info ][gc] GC(39558) Pause Young (Allocation Failure) 53M->53M(59M) 13.945ms
[2020-08-10T13:04:50.318+0300][1229.864s][info ][gc] GC(39559) Pause Young (Allocation Failure) 54M->54M(59M) 13.997ms
[2020-08-10T13:04:50.332+0300][1229.878s][info ][gc] GC(39560) Pause Young (Allocation Failure) 55M->55M(59M) 13.991ms
[2020-08-10T13:04:50.347+0300][1229.893s][info ][gc] GC(39561) Pause Young (Allocation Failure) 56M->56M(59M) 14.165ms
[2020-08-10T13:04:50.465+0300][1230.010s][debug][gc] GC(39562) Expanding ParOldGen from 57856K by 11264K to 69120K
[2020-08-10T13:04:50.465+0300][1230.010s][info ][gc] GC(39562) Pause Full (Ergonomics) 56M->56M(70M) 117.533ms
[2020-08-10T13:04:50.479+0300][1230.025s][info ][gc] GC(39563) Pause Young (Allocation Failure) 57M->57M(70M) 13.550ms
[2020-08-10T13:04:50.494+0300][1230.039s][info ][gc] GC(39564) Pause Young (Allocation Failure) 58M->58M(70M) 14.079ms
[2020-08-10T13:04:50.508+0300][1230.054s][info ][gc] GC(39565) Pause Young (Allocation Failure) 59M->59M(70M) 13.974ms
[2020-08-10T13:04:50.523+0300][1230.068s][info ][gc] GC(39566) Pause Young (Allocation Failure) 60M->60M(70M) 14.091ms
[2020-08-10T13:04:50.537+0300][1230.083s][info ][gc] GC(39567) Pause Young (Allocation Failure) 61M->61M(70M) 13.999ms
[2020-08-10T13:04:50.552+0300][1230.098s][info ][gc] GC(39568) Pause Young (Allocation Failure) 62M->61M(70M) 14.062ms
[2020-08-10T13:04:50.566+0300][1230.112s][info ][gc] GC(39569) Pause Young (Allocation Failure) 62M->62M(70M) 13.710ms
[2020-08-10T13:04:50.581+0300][1230.127s][info ][gc] GC(39570) Pause Young (Allocation Failure) 63M->63M(70M) 14.034ms
[2020-08-10T13:04:50.596+0300][1230.142s][info ][gc] GC(39571) Pause Young (Allocation Failure) 64M->64M(70M) 13.981ms
[2020-08-10T13:04:50.610+0300][1230.156s][info ][gc] GC(39572) Pause Young (Allocation Failure) 65M->65M(70M) 13.803ms
[2020-08-10T13:04:50.625+0300][1230.170s][info ][gc] GC(39573) Pause Young (Allocation Failure) 66M->66M(70M) 13.902ms
[2020-08-10T13:04:50.639+0300][1230.185s][info ][gc] GC(39574) Pause Young (Allocation Failure) 67M->67M(70M) 14.055ms
[2020-08-10T13:04:50.791+0300][1230.337s][debug][gc] GC(39575) Expanding ParOldGen from 69120K by 11264K to 80384K
[2020-08-10T13:04:50.791+0300][1230.337s][info ][gc] GC(39575) Pause Full (Ergonomics) 67M->67M(81M) 151.811ms
[2020-08-10T13:04:50.806+0300][1230.351s][info ][gc] GC(39576) Pause Young (Allocation Failure) 68M->68M(81M) 13.581ms
[2020-08-10T13:04:50.820+0300][1230.366s][info ][gc] GC(39577) Pause Young (Allocation Failure) 69M->69M(81M) 14.115ms
[2020-08-10T13:04:50.835+0300][1230.381s][info ][gc] GC(39578) Pause Young (Allocation Failure) 70M->70M(81M) 14.068ms
[2020-08-10T13:04:50.850+0300][1230.395s][info ][gc] GC(39579) Pause Young (Allocation Failure) 71M->71M(80M) 13.982ms
[2020-08-10T13:04:50.864+0300][1230.410s][info ][gc] GC(39580) Pause Young (Allocation Failure) 72M->71M(80M) 13.945ms
[2020-08-10T13:04:50.879+0300][1230.424s][info ][gc] GC(39581) Pause Young (Allocation Failure) 72M->72M(80M) 13.964ms
[2020-08-10T13:04:50.893+0300][1230.439s][info ][gc] GC(39582) Pause Young (Allocation Failure) 73M->73M(80M) 13.971ms
[2020-08-10T13:04:50.908+0300][1230.453s][info ][gc] GC(39583) Pause Young (Allocation Failure) 74M->74M(80M) 13.844ms
[2020-08-10T13:04:50.921+0300][1230.467s][info ][gc] GC(39584) Pause Young (Allocation Failure) 74M->74M(80M) 13.507ms
[2020-08-10T13:04:50.936+0300][1230.481s][info ][gc] GC(39585) Pause Young (Allocation Failure) 75M->75M(80M) 13.641ms
[2020-08-10T13:04:50.950+0300][1230.495s][info ][gc] GC(39586) Pause Young (Allocation Failure) 75M->75M(80M) 13.579ms
[2020-08-10T13:04:50.964+0300][1230.509s][info ][gc] GC(39587) Pause Young (Allocation Failure) 76M->76M(80M) 13.599ms
[2020-08-10T13:04:50.978+0300][1230.523s][info ][gc] GC(39588) Pause Young (Allocation Failure) 76M->76M(80M) 13.505ms
[2020-08-10T13:04:50.992+0300][1230.538s][info ][gc] GC(39589) Pause Young (Allocation Failure) 77M->77M(80M) 13.562ms
[2020-08-10T13:04:51.006+0300][1230.552s][info ][gc] GC(39590) Pause Young (Allocation Failure) 77M->77M(80M) 13.559ms
[2020-08-10T13:04:51.020+0300][1230.565s][info ][gc] GC(39591) Pause Young (Allocation Failure) 78M->78M(80M) 13.347ms
[2020-08-10T13:04:51.204+0300][1230.749s][debug][gc] GC(39592) Expanding ParOldGen from 80384K by 11264K to 91648K
[2020-08-10T13:04:51.204+0300][1230.750s][info ][gc] GC(39592) Pause Full (Ergonomics) 78M->77M(91M) 183.953ms
[2020-08-10T13:04:51.218+0300][1230.763s][info ][gc] GC(39593) Pause Young (Allocation Failure) 78M->78M(91M) 13.382ms
[2020-08-10T13:04:51.232+0300][1230.778s][info ][gc] GC(39594) Pause Young (Allocation Failure) 78M->78M(91M) 13.618ms
[2020-08-10T13:04:51.246+0300][1230.792s][info ][gc] GC(39595) Pause Young (Allocation Failure) 79M->79M(91M) 13.618ms
[2020-08-10T13:04:51.260+0300][1230.806s][info ][gc] GC(39596) Pause Young (Allocation Failure) 79M->79M(91M) 13.558ms
[2020-08-10T13:04:51.274+0300][1230.820s][info ][gc] GC(39597) Pause Young (Allocation Failure) 80M->80M(91M) 13.573ms
[2020-08-10T13:04:51.288+0300][1230.834s][info ][gc] GC(39598) Pause Young (Allocation Failure) 80M->80M(91M) 13.610ms
[2020-08-10T13:04:51.303+0300][1230.848s][info ][gc] GC(39599) Pause Young (Allocation Failure) 81M->81M(90M) 13.840ms
[2020-08-10T13:04:51.317+0300][1230.863s][info ][gc] GC(39600) Pause Young (Allocation Failure) 81M->81M(91M) 13.676ms
[2020-08-10T13:04:51.331+0300][1230.877s][info ][gc] GC(39601) Pause Young (Allocation Failure) 82M->82M(91M) 13.625ms
[2020-08-10T13:04:51.345+0300][1230.891s][info ][gc] GC(39602) Pause Young (Allocation Failure) 82M->82M(91M) 13.624ms
[2020-08-10T13:04:51.359+0300][1230.905s][info ][gc] GC(39603) Pause Young (Allocation Failure) 83M->82M(91M) 13.587ms
[2020-08-10T13:04:51.373+0300][1230.919s][info ][gc] GC(39604) Pause Young (Allocation Failure) 83M->83M(91M) 13.624ms
[2020-08-10T13:04:51.388+0300][1230.933s][info ][gc] GC(39605) Pause Young (Allocation Failure) 83M->83M(91M) 13.647ms
[2020-08-10T13:04:51.402+0300][1230.948s][info ][gc] GC(39606) Pause Young (Allocation Failure) 84M->84M(91M) 13.896ms
[2020-08-10T13:04:51.416+0300][1230.962s][info ][gc] GC(39607) Pause Young (Allocation Failure) 84M->84M(91M) 13.626ms
[2020-08-10T13:04:51.430+0300][1230.976s][info ][gc] GC(39608) Pause Young (Allocation Failure) 85M->85M(91M) 13.681ms
[2020-08-10T13:04:51.444+0300][1230.990s][info ][gc] GC(39609) Pause Young (Allocation Failure) 85M->85M(91M) 13.586ms
[2020-08-10T13:04:51.459+0300][1231.004s][info ][gc] GC(39610) Pause Young (Allocation Failure) 86M->86M(91M) 13.690ms
[2020-08-10T13:04:51.473+0300][1231.018s][info ][gc] GC(39611) Pause Young (Allocation Failure) 86M->86M(91M) 13.644ms
[2020-08-10T13:04:51.487+0300][1231.033s][info ][gc] GC(39612) Pause Young (Allocation Failure) 87M->87M(91M) 13.681ms
[2020-08-10T13:04:51.501+0300][1231.047s][info ][gc] GC(39613) Pause Young (Allocation Failure) 87M->87M(91M) 13.592ms
[2020-08-10T13:04:51.515+0300][1231.061s][info ][gc] GC(39614) Pause Young (Allocation Failure) 88M->88M(91M) 13.669ms
[2020-08-10T13:04:51.529+0300][1231.075s][info ][gc] GC(39615) Pause Young (Allocation Failure) 88M->88M(91M) 13.752ms
[2020-08-10T13:04:51.543+0300][1231.089s][info ][gc] GC(39616) Pause Young (Allocation Failure) 89M->88M(91M) 13.645ms
[2020-08-10T13:04:51.558+0300][1231.103s][info ][gc] GC(39617) Pause Young (Allocation Failure) 89M->89M(91M) 13.758ms
[2020-08-10T13:04:51.770+0300][1231.316s][debug][gc] GC(39618) Expanding ParOldGen from 91648K by 10752K to 102400K
[2020-08-10T13:04:51.770+0300][1231.316s][info ][gc] GC(39618) Pause Full (Ergonomics) 89M->89M(101M) 212.216ms
[2020-08-10T13:04:51.784+0300][1231.330s][info ][gc] GC(39619) Pause Young (Allocation Failure) 89M->89M(101M) 13.466ms
[2020-08-10T13:04:51.798+0300][1231.344s][info ][gc] GC(39620) Pause Young (Allocation Failure) 90M->90M(101M) 13.618ms
[2020-08-10T13:04:51.812+0300][1231.358s][info ][gc] GC(39621) Pause Young (Allocation Failure) 90M->90M(101M) 13.568ms
[2020-08-10T13:04:51.826+0300][1231.372s][info ][gc] GC(39622) Pause Young (Allocation Failure) 91M->91M(101M) 13.674ms
[2020-08-10T13:04:51.841+0300][1231.386s][info ][gc] GC(39623) Pause Young (Allocation Failure) 91M->91M(101M) 13.727ms
[2020-08-10T13:04:51.855+0300][1231.400s][info ][gc] GC(39624) Pause Young (Allocation Failure) 91M->91M(101M) 13.650ms
[2020-08-10T13:04:51.869+0300][1231.415s][info ][gc] GC(39625) Pause Young (Allocation Failure) 92M->92M(101M) 13.634ms
[2020-08-10T13:04:51.883+0300][1231.429s][info ][gc] GC(39626) Pause Young (Allocation Failure) 92M->92M(101M) 13.667ms
[2020-08-10T13:04:51.897+0300][1231.443s][info ][gc] GC(39627) Pause Young (Allocation Failure) 93M->93M(101M) 13.693ms
[2020-08-10T13:04:51.911+0300][1231.457s][info ][gc] GC(39628) Pause Young (Allocation Failure) 93M->93M(101M) 13.662ms
[2020-08-10T13:04:51.926+0300][1231.471s][info ][gc] GC(39629) Pause Young (Allocation Failure) 94M->94M(101M) 13.680ms
[2020-08-10T13:04:51.940+0300][1231.486s][info ][gc] GC(39630) Pause Young (Allocation Failure) 94M->94M(101M) 13.700ms
[2020-08-10T13:04:51.954+0300][1231.500s][info ][gc] GC(39631) Pause Young (Allocation Failure) 95M->95M(101M) 13.652ms
[2020-08-10T13:04:51.968+0300][1231.514s][info ][gc] GC(39632) Pause Young (Allocation Failure) 95M->95M(101M) 13.695ms
[2020-08-10T13:04:51.982+0300][1231.528s][info ][gc] GC(39633) Pause Young (Allocation Failure) 96M->96M(101M) 13.673ms
[2020-08-10T13:04:51.997+0300][1231.542s][info ][gc] GC(39634) Pause Young (Allocation Failure) 96M->96M(101M) 13.676ms
[2020-08-10T13:04:52.011+0300][1231.556s][info ][gc] GC(39635) Pause Young (Allocation Failure) 97M->96M(101M) 13.580ms
[2020-08-10T13:04:52.025+0300][1231.570s][info ][gc] GC(39636) Pause Young (Allocation Failure) 97M->97M(101M) 13.638ms
[2020-08-10T13:04:52.039+0300][1231.584s][info ][gc] GC(39637) Pause Young (Allocation Failure) 97M->97M(101M) 13.478ms
[2020-08-10T13:04:52.053+0300][1231.599s][info ][gc] GC(39638) Pause Young (Allocation Failure) 98M->98M(101M) 13.813ms
[2020-08-10T13:04:52.068+0300][1231.613s][info ][gc] GC(39639) Pause Young (Allocation Failure) 99M->99M(101M) 14.266ms
[2020-08-10T13:04:52.083+0300][1231.629s][info ][gc] GC(39640) Pause Young (Allocation Failure) 100M->100M(102M) 14.490ms
[2020-08-10T13:04:52.095+0300][1231.641s][debug][gc] GC(39641) Expanding ParOldGen from 102400K by 512K to 102912K
[2020-08-10T13:04:52.099+0300][1231.645s][info ][gc] GC(39641) Pause Young (Allocation Failure) 101M->101M(102M) 15.857ms
[2020-08-10T13:04:52.344+0300][1231.890s][debug][gc] GC(39642) Expanding ParOldGen from 102912K by 10752K to 113664K
[2020-08-10T13:04:52.344+0300][1231.890s][info ][gc] GC(39642) Pause Full (Ergonomics) 101M->100M(113M) 244.887ms
[2020-08-10T13:04:52.382+0300][1231.928s][info ][gc] GC(39643) Pause Young (Allocation Failure) 101M->101M(113M) 37.287ms
[2020-08-10T13:04:52.399+0300][1231.945s][info ][gc] GC(39644) Pause Young (Allocation Failure) 102M->102M(113M) 16.384ms
[2020-08-10T13:04:52.416+0300][1231.962s][info ][gc] GC(39645) Pause Young (Allocation Failure) 103M->103M(113M) 16.474ms
[2020-08-10T13:04:52.433+0300][1231.979s][info ][gc] GC(39646) Pause Young (Allocation Failure) 104M->104M(113M) 16.462ms
[2020-08-10T13:04:52.451+0300][1231.997s][info ][gc] GC(39647) Pause Young (Allocation Failure) 105M->105M(113M) 16.597ms
[2020-08-10T13:04:52.468+0300][1232.014s][info ][gc] GC(39648) Pause Young (Allocation Failure) 106M->106M(113M) 16.532ms
[2020-08-10T13:04:52.485+0300][1232.031s][info ][gc] GC(39649) Pause Young (Allocation Failure) 107M->107M(113M) 16.589ms
[2020-08-10T13:04:52.502+0300][1232.048s][info ][gc] GC(39650) Pause Young (Allocation Failure) 108M->108M(113M) 16.824ms
[2020-08-10T13:04:52.520+0300][1232.066s][info ][gc] GC(39651) Pause Young (Allocation Failure) 109M->109M(113M) 16.917ms
[2020-08-10T13:04:52.537+0300][1232.083s][info ][gc] GC(39652) Pause Young (Allocation Failure) 110M->110M(113M) 16.887ms
[2020-08-10T13:04:52.555+0300][1232.101s][info ][gc] GC(39653) Pause Young (Allocation Failure) 111M->111M(113M) 16.855ms
[2020-08-10T13:04:52.834+0300][1232.379s][debug][gc] GC(39654) Expanding ParOldGen from 113664K by 11776K to 125440K
[2020-08-10T13:04:52.834+0300][1232.379s][info ][gc] GC(39654) Pause Full (Ergonomics) 111M->111M(125M) 278.334ms
[2020-08-10T13:04:52.866+0300][1232.411s][info ][gc] GC(39655) Pause Young (Allocation Failure) 112M->112M(125M) 31.153ms
[2020-08-10T13:04:52.884+0300][1232.429s][info ][gc] GC(39656) Pause Young (Allocation Failure) 113M->113M(125M) 17.653ms
[2020-08-10T13:04:52.903+0300][1232.447s][info ][gc] GC(39657) Pause Young (Allocation Failure) 114M->114M(125M) 17.647ms
[2020-08-10T13:04:52.921+0300][1232.466s][info ][gc] GC(39658) Pause Young (Allocation Failure) 115M->115M(125M) 17.782ms
[2020-08-10T13:04:52.944+0300][1232.489s][info ][gc] GC(39659) Pause Young (Allocation Failure) 116M->115M(125M) 22.634ms
[2020-08-10T13:04:52.962+0300][1232.507s][info ][gc] GC(39660) Pause Young (Allocation Failure) 116M->116M(125M) 17.234ms
[2020-08-10T13:04:52.981+0300][1232.525s][info ][gc] GC(39661) Pause Young (Allocation Failure) 117M->117M(125M) 17.914ms
[2020-08-10T13:04:52.999+0300][1232.544s][info ][gc] GC(39662) Pause Young (Allocation Failure) 118M->118M(125M) 17.694ms
[2020-08-10T13:04:53.017+0300][1232.562s][info ][gc] GC(39663) Pause Young (Allocation Failure) 119M->119M(125M) 17.950ms
[2020-08-10T13:04:53.036+0300][1232.581s][info ][gc] GC(39664) Pause Young (Allocation Failure) 120M->120M(125M) 18.017ms
[2020-08-10T13:04:53.085+0300][1232.630s][info ][gc] GC(39665) Pause Young (Allocation Failure) 121M->121M(125M) 48.989ms
[2020-08-10T13:04:53.131+0300][1232.676s][info ][gc] GC(39666) Pause Young (Allocation Failure) 122M->122M(125M) 45.691ms
[2020-08-10T13:04:53.461+0300][1233.006s][debug][gc] GC(39667) Expanding ParOldGen from 125440K by 11264K to 136704K
[2020-08-10T13:04:53.461+0300][1233.006s][info ][gc] GC(39667) Pause Full (Ergonomics) 122M->122M(136M) 329.422ms
[2020-08-10T13:04:53.476+0300][1233.021s][info ][gc] GC(39668) Pause Young (Allocation Failure) 123M->123M(136M) 14.947ms
[2020-08-10T13:04:53.495+0300][1233.040s][info ][gc] GC(39669) Pause Young (Allocation Failure) 124M->124M(136M) 18.176ms
[2020-08-10T13:04:53.515+0300][1233.060s][info ][gc] GC(39670) Pause Young (Allocation Failure) 125M->125M(136M) 19.972ms
[2020-08-10T13:04:53.534+0300][1233.079s][info ][gc] GC(39671) Pause Young (Allocation Failure) 126M->126M(136M) 18.202ms
[2020-08-10T13:04:53.553+0300][1233.098s][info ][gc] GC(39672) Pause Young (Allocation Failure) 127M->127M(136M) 18.350ms
[2020-08-10T13:04:53.582+0300][1233.127s][info ][gc] GC(39673) Pause Young (Allocation Failure) 128M->127M(136M) 28.957ms
[2020-08-10T13:04:53.601+0300][1233.146s][info ][gc] GC(39674) Pause Young (Allocation Failure) 128M->128M(136M) 18.443ms
[2020-08-10T13:04:53.620+0300][1233.165s][info ][gc] GC(39675) Pause Young (Allocation Failure) 129M->129M(136M) 18.105ms
[2020-08-10T13:04:53.639+0300][1233.183s][info ][gc] GC(39676) Pause Young (Allocation Failure) 130M->130M(136M) 18.490ms
[2020-08-10T13:04:53.658+0300][1233.202s][info ][gc] GC(39677) Pause Young (Allocation Failure) 131M->131M(136M) 18.632ms
[2020-08-10T13:04:53.676+0300][1233.221s][info ][gc] GC(39678) Pause Young (Allocation Failure) 132M->132M(136M) 18.305ms
[2020-08-10T13:04:53.695+0300][1233.240s][info ][gc] GC(39679) Pause Young (Allocation Failure) 133M->133M(136M) 18.116ms
[2020-08-10T13:04:54.049+0300][1233.593s][debug][gc] GC(39680) Expanding ParOldGen from 136704K by 11776K to 148480K
[2020-08-10T13:04:54.049+0300][1233.593s][info ][gc] GC(39680) Pause Full (Ergonomics) 133M->133M(147M) 353.655ms
[2020-08-10T13:04:54.065+0300][1233.610s][info ][gc] GC(39681) Pause Young (Allocation Failure) 134M->134M(147M) 16.352ms
[2020-08-10T13:04:54.084+0300][1233.629s][info ][gc] GC(39682) Pause Young (Allocation Failure) 135M->135M(147M) 18.506ms
[2020-08-10T13:04:54.084+0300][1233.629s][debug][gc] Expanding ParOldGen from 148480K by 19968K to 168448K
[2020-08-10T13:04:54.109+0300][1233.654s][info ][gc] GC(39683) Pause Young (Allocation Failure) 155M->154M(167M) 16.960ms
[2020-08-10T13:04:54.125+0300][1233.670s][info ][gc] GC(39684) Pause Young (Allocation Failure) 155M->155M(167M) 14.946ms
[2020-08-10T13:04:54.145+0300][1233.690s][info ][gc] GC(39685) Pause Young (Allocation Failure) 156M->156M(167M) 19.449ms
[2020-08-10T13:04:54.165+0300][1233.710s][info ][gc] GC(39686) Pause Young (Allocation Failure) 157M->157M(167M) 19.397ms
[2020-08-10T13:04:54.185+0300][1233.730s][info ][gc] GC(39687) Pause Young (Allocation Failure) 158M->158M(167M) 19.099ms
[2020-08-10T13:04:54.199+0300][1233.744s][info ][gc] GC(39688) Pause Young (Allocation Failure) 159M->159M(167M) 14.049ms
[2020-08-10T13:04:54.214+0300][1233.759s][info ][gc] GC(39689) Pause Young (Allocation Failure) 160M->160M(167M) 14.229ms
[2020-08-10T13:04:54.228+0300][1233.773s][info ][gc] GC(39690) Pause Young (Allocation Failure) 161M->161M(167M) 14.047ms
[2020-08-10T13:04:54.243+0300][1233.788s][info ][gc] GC(39691) Pause Young (Allocation Failure) 162M->162M(167M) 13.999ms
[2020-08-10T13:04:54.257+0300][1233.802s][info ][gc] GC(39692) Pause Young (Allocation Failure) 163M->163M(167M) 14.078ms
[2020-08-10T13:04:54.272+0300][1233.817s][info ][gc] GC(39693) Pause Young (Allocation Failure) 164M->164M(167M) 14.024ms
[2020-08-10T13:04:54.405+0300][1233.950s][debug][gc] GC(39694) Shrinking ParOldGen from 168448K by 125440K to 43008K
[2020-08-10T13:04:54.405+0300][1233.950s][info ][gc] GC(39694) Pause Full (Ergonomics) 164M->30M(44M) 133.281ms
[2020-08-10T13:04:54.421+0300][1233.966s][info ][gc] GC(39695) Pause Young (Allocation Failure) 31M->31M(44M) 14.783ms
[2020-08-10T13:04:54.451+0300][1233.995s][info ][gc] GC(39696) Pause Young (Allocation Failure) 32M->32M(44M) 28.996ms
[2020-08-10T13:04:54.483+0300][1234.028s][info ][gc] GC(39697) Pause Young (Allocation Failure) 33M->33M(44M) 31.302ms
[2020-08-10T13:04:54.497+0300][1234.042s][info ][gc] GC(39698) Pause Young (Allocation Failure) 34M->34M(44M) 13.874ms
[2020-08-10T13:04:54.511+0300][1234.056s][info ][gc] GC(39699) Pause Young (Allocation Failure) 35M->35M(44M) 13.842ms
[2020-08-10T13:04:54.526+0300][1234.071s][info ][gc] GC(39700) Pause Young (Allocation Failure) 36M->36M(44M) 14.036ms
[2020-08-10T13:04:54.541+0300][1234.086s][info ][gc] GC(39701) Pause Young (Allocation Failure) 37M->37M(44M) 13.997ms
[2020-08-10T13:04:54.555+0300][1234.100s][info ][gc] GC(39702) Pause Young (Allocation Failure) 38M->38M(44M) 13.879ms
[2020-08-10T13:04:54.569+0300][1234.114s][info ][gc] GC(39703) Pause Young (Allocation Failure) 39M->39M(44M) 13.768ms
[2020-08-10T13:04:54.584+0300][1234.129s][info ][gc] GC(39704) Pause Young (Allocation Failure) 40M->40M(44M) 13.881ms
[2020-08-10T13:04:54.598+0300][1234.143s][info ][gc] GC(39705) Pause Young (Allocation Failure) 41M->41M(44M) 14.130ms
[2020-08-10T13:04:54.612+0300][1234.157s][info ][gc] GC(39706) Pause Young (Allocation Failure) 42M->42M(44M) 13.796ms
[2020-08-10T13:04:54.694+0300][1234.239s][debug][gc] GC(39707) Expanding ParOldGen from 43008K by 11776K to 54784K
[2020-08-10T13:04:54.694+0300][1234.239s][info ][gc] GC(39707) Pause Full (Ergonomics) 42M->41M(56M) 81.480ms
[2020-08-10T13:04:54.723+0300][1234.268s][info ][gc] GC(39708) Pause Young (Allocation Failure) 42M->42M(56M) 28.351ms
[2020-08-10T13:04:54.737+0300][1234.282s][info ][gc] GC(39709) Pause Young (Allocation Failure) 43M->43M(56M) 13.883ms
[2020-08-10T13:04:54.759+0300][1234.304s][info ][gc] GC(39710) Pause Young (Allocation Failure) 44M->44M(56M) 21.409ms
[2020-08-10T13:04:54.773+0300][1234.318s][info ][gc] GC(39711) Pause Young (Allocation Failure) 45M->45M(56M) 13.797ms
[2020-08-10T13:04:54.788+0300][1234.333s][info ][gc] GC(39712) Pause Young (Allocation Failure) 46M->46M(56M) 13.970ms
[2020-08-10T13:04:54.802+0300][1234.347s][info ][gc] GC(39713) Pause Young (Allocation Failure) 47M->47M(56M) 13.845ms
[2020-08-10T13:04:54.817+0300][1234.362s][info ][gc] GC(39714) Pause Young (Allocation Failure) 48M->48M(56M) 13.938ms
[2020-08-10T13:04:54.831+0300][1234.376s][info ][gc] GC(39715) Pause Young (Allocation Failure) 49M->49M(56M) 13.799ms
[2020-08-10T13:04:54.845+0300][1234.390s][info ][gc] GC(39716) Pause Young (Allocation Failure) 50M->50M(56M) 13.813ms
[2020-08-10T13:04:54.860+0300][1234.405s][info ][gc] GC(39717) Pause Young (Allocation Failure) 51M->51M(55M) 13.993ms
[2020-08-10T13:04:54.874+0300][1234.419s][info ][gc] GC(39718) Pause Young (Allocation Failure) 52M->52M(55M) 13.990ms
[2020-08-10T13:04:54.889+0300][1234.434s][info ][gc] GC(39719) Pause Young (Allocation Failure) 53M->53M(55M) 13.956ms
[2020-08-10T13:04:54.903+0300][1234.448s][info ][gc] GC(39720) Pause Young (Allocation Failure) 54M->54M(55M) 13.848ms
[2020-08-10T13:04:55.020+0300][1234.565s][debug][gc] GC(39721) Expanding ParOldGen from 54784K by 11264K to 66048K
[2020-08-10T13:04:55.020+0300][1234.565s][info ][gc] GC(39721) Pause Full (Ergonomics) 54M->54M(66M) 116.672ms
[2020-08-10T13:04:55.044+0300][1234.589s][info ][gc] GC(39722) Pause Young (Allocation Failure) 55M->55M(66M) 23.310ms
[2020-08-10T13:04:55.059+0300][1234.604s][info ][gc] GC(39723) Pause Young (Allocation Failure) 56M->56M(66M) 14.107ms
[2020-08-10T13:04:55.073+0300][1234.618s][info ][gc] GC(39724) Pause Young (Allocation Failure) 57M->56M(66M) 14.060ms
[2020-08-10T13:04:55.088+0300][1234.633s][info ][gc] GC(39725) Pause Young (Allocation Failure) 57M->57M(66M) 14.155ms
[2020-08-10T13:04:55.103+0300][1234.648s][info ][gc] GC(39726) Pause Young (Allocation Failure) 58M->58M(66M) 14.053ms
[2020-08-10T13:04:55.117+0300][1234.662s][info ][gc] GC(39727) Pause Young (Allocation Failure) 59M->59M(66M) 14.198ms
[2020-08-10T13:04:55.132+0300][1234.677s][info ][gc] GC(39728) Pause Young (Allocation Failure) 60M->60M(66M) 14.154ms
[2020-08-10T13:04:55.147+0300][1234.692s][info ][gc] GC(39729) Pause Young (Allocation Failure) 61M->61M(66M) 14.222ms
[2020-08-10T13:04:55.162+0300][1234.707s][info ][gc] GC(39730) Pause Young (Allocation Failure) 62M->62M(66M) 14.211ms
[2020-08-10T13:04:55.176+0300][1234.721s][info ][gc] GC(39731) Pause Young (Allocation Failure) 63M->63M(66M) 14.230ms
[2020-08-10T13:04:55.191+0300][1234.736s][info ][gc] GC(39732) Pause Young (Allocation Failure) 64M->64M(66M) 14.232ms
[2020-08-10T13:04:55.329+0300][1234.874s][debug][gc] GC(39733) Expanding ParOldGen from 66048K by 11776K to 77824K
[2020-08-10T13:04:55.329+0300][1234.874s][info ][gc] GC(39733) Pause Full (Ergonomics) 64M->64M(78M) 137.257ms
[2020-08-10T13:04:55.343+0300][1234.888s][info ][gc] GC(39734) Pause Young (Allocation Failure) 65M->65M(78M) 13.509ms
[2020-08-10T13:04:55.358+0300][1234.902s][info ][gc] GC(39735) Pause Young (Allocation Failure) 66M->66M(78M) 14.083ms
[2020-08-10T13:04:55.372+0300][1234.917s][info ][gc] GC(39736) Pause Young (Allocation Failure) 67M->67M(78M) 13.973ms
[2020-08-10T13:04:55.386+0300][1234.931s][info ][gc] GC(39737) Pause Young (Allocation Failure) 68M->68M(78M) 13.728ms
[2020-08-10T13:04:55.400+0300][1234.945s][info ][gc] GC(39738) Pause Young (Allocation Failure) 69M->69M(78M) 13.889ms
[2020-08-10T13:04:55.415+0300][1234.960s][info ][gc] GC(39739) Pause Young (Allocation Failure) 70M->70M(78M) 14.030ms
[2020-08-10T13:04:55.429+0300][1234.974s][info ][gc] GC(39740) Pause Young (Allocation Failure) 71M->71M(78M) 13.956ms
[2020-08-10T13:04:55.444+0300][1234.989s][info ][gc] GC(39741) Pause Young (Allocation Failure) 72M->72M(78M) 14.129ms
[2020-08-10T13:04:55.459+0300][1235.004s][info ][gc] GC(39742) Pause Young (Allocation Failure) 73M->73M(78M) 14.060ms
[2020-08-10T13:04:55.473+0300][1235.018s][info ][gc] GC(39743) Pause Young (Allocation Failure) 74M->73M(78M) 14.130ms
[2020-08-10T13:04:55.488+0300][1235.033s][info ][gc] GC(39744) Pause Young (Allocation Failure) 74M->74M(78M) 14.129ms
[2020-08-10T13:04:55.503+0300][1235.048s][info ][gc] GC(39745) Pause Young (Allocation Failure) 75M->75M(78M) 14.093ms
[2020-08-10T13:04:55.518+0300][1235.063s][info ][gc] GC(39746) Pause Young (Allocation Failure) 76M->76M(78M) 14.087ms
[2020-08-10T13:04:55.699+0300][1235.244s][debug][gc] GC(39747) Expanding ParOldGen from 77824K by 11264K to 89088K
[2020-08-10T13:04:55.699+0300][1235.244s][info ][gc] GC(39747) Pause Full (Ergonomics) 76M->76M(89M) 181.384ms
[2020-08-10T13:04:55.732+0300][1235.277s][info ][gc] GC(39748) Pause Young (Allocation Failure) 77M->77M(89M) 32.468ms
[2020-08-10T13:04:55.747+0300][1235.292s][info ][gc] GC(39749) Pause Young (Allocation Failure) 78M->78M(89M) 14.450ms
[2020-08-10T13:04:55.762+0300][1235.307s][info ][gc] GC(39750) Pause Young (Allocation Failure) 79M->79M(89M) 14.389ms
[2020-08-10T13:04:55.777+0300][1235.322s][info ][gc] GC(39751) Pause Young (Allocation Failure) 80M->80M(89M) 14.336ms
[2020-08-10T13:04:55.792+0300][1235.337s][info ][gc] GC(39752) Pause Young (Allocation Failure) 81M->81M(89M) 14.327ms
[2020-08-10T13:04:55.807+0300][1235.352s][info ][gc] GC(39753) Pause Young (Allocation Failure) 82M->82M(89M) 14.468ms
[2020-08-10T13:04:55.822+0300][1235.367s][info ][gc] GC(39754) Pause Young (Allocation Failure) 83M->83M(89M) 14.166ms
[2020-08-10T13:04:55.837+0300][1235.382s][info ][gc] GC(39755) Pause Young (Allocation Failure) 84M->84M(89M) 14.564ms
[2020-08-10T13:04:55.852+0300][1235.397s][info ][gc] GC(39756) Pause Young (Allocation Failure) 85M->85M(89M) 14.421ms
[2020-08-10T13:04:55.866+0300][1235.411s][info ][gc] GC(39757) Pause Young (Allocation Failure) 86M->86M(89M) 14.577ms
[2020-08-10T13:04:55.882+0300][1235.427s][info ][gc] GC(39758) Pause Young (Allocation Failure) 87M->87M(89M) 14.811ms
[2020-08-10T13:04:56.095+0300][1235.640s][debug][gc] GC(39759) Expanding ParOldGen from 89088K by 11264K to 100352K
[2020-08-10T13:04:56.096+0300][1235.641s][info ][gc] GC(39759) Pause Full (Ergonomics) 87M->87M(100M) 213.795ms
[2020-08-10T13:04:56.132+0300][1235.677s][info ][gc] GC(39760) Pause Young (Allocation Failure) 88M->88M(100M) 35.500ms
[2020-08-10T13:04:56.147+0300][1235.692s][info ][gc] GC(39761) Pause Young (Allocation Failure) 89M->88M(100M) 14.768ms
[2020-08-10T13:04:56.162+0300][1235.707s][info ][gc] GC(39762) Pause Young (Allocation Failure) 89M->89M(100M) 15.036ms
[2020-08-10T13:04:56.178+0300][1235.723s][info ][gc] GC(39763) Pause Young (Allocation Failure) 90M->90M(100M) 15.167ms
[2020-08-10T13:04:56.194+0300][1235.739s][info ][gc] GC(39764) Pause Young (Allocation Failure) 91M->91M(100M) 15.381ms
[2020-08-10T13:04:56.210+0300][1235.755s][info ][gc] GC(39765) Pause Young (Allocation Failure) 92M->92M(100M) 15.445ms
[2020-08-10T13:04:56.226+0300][1235.771s][info ][gc] GC(39766) Pause Young (Allocation Failure) 93M->93M(100M) 15.519ms
[2020-08-10T13:04:56.242+0300][1235.787s][info ][gc] GC(39767) Pause Young (Allocation Failure) 94M->94M(100M) 15.542ms
[2020-08-10T13:04:56.259+0300][1235.804s][info ][gc] GC(39768) Pause Young (Allocation Failure) 95M->95M(100M) 15.665ms
[2020-08-10T13:04:56.275+0300][1235.820s][info ][gc] GC(39769) Pause Young (Allocation Failure) 96M->96M(100M) 15.699ms
[2020-08-10T13:04:56.291+0300][1235.836s][info ][gc] GC(39770) Pause Young (Allocation Failure) 97M->97M(100M) 15.609ms
[2020-08-10T13:04:56.307+0300][1235.852s][info ][gc] GC(39771) Pause Young (Allocation Failure) 98M->98M(100M) 15.757ms
[2020-08-10T13:04:56.542+0300][1236.087s][debug][gc] GC(39772) Expanding ParOldGen from 100352K by 11264K to 111616K
[2020-08-10T13:04:56.542+0300][1236.087s][info ][gc] GC(39772) Pause Full (Ergonomics) 98M->98M(111M) 234.255ms
[2020-08-10T13:04:56.578+0300][1236.123s][info ][gc] GC(39773) Pause Young (Allocation Failure) 99M->99M(111M) 35.375ms
[2020-08-10T13:04:56.594+0300][1236.139s][info ][gc] GC(39774) Pause Young (Allocation Failure) 100M->100M(111M) 15.829ms
[2020-08-10T13:04:56.610+0300][1236.155s][info ][gc] GC(39775) Pause Young (Allocation Failure) 101M->101M(111M) 16.084ms
[2020-08-10T13:04:56.627+0300][1236.172s][info ][gc] GC(39776) Pause Young (Allocation Failure) 102M->102M(110M) 16.127ms
[2020-08-10T13:04:56.642+0300][1236.187s][info ][gc] GC(39777) Pause Young (Allocation Failure) 102M->102M(111M) 14.885ms
[2020-08-10T13:04:56.657+0300][1236.202s][info ][gc] GC(39778) Pause Young (Allocation Failure) 103M->103M(111M) 13.795ms
[2020-08-10T13:04:56.671+0300][1236.216s][info ][gc] GC(39779) Pause Young (Allocation Failure) 103M->103M(111M) 14.127ms
[2020-08-10T13:04:56.686+0300][1236.231s][info ][gc] GC(39780) Pause Young (Allocation Failure) 104M->103M(111M) 14.054ms
[2020-08-10T13:04:56.700+0300][1236.245s][info ][gc] GC(39781) Pause Young (Allocation Failure) 104M->104M(111M) 14.056ms
[2020-08-10T13:04:56.715+0300][1236.260s][info ][gc] GC(39782) Pause Young (Allocation Failure) 104M->104M(111M) 14.061ms
[2020-08-10T13:04:56.729+0300][1236.274s][info ][gc] GC(39783) Pause Young (Allocation Failure) 105M->105M(111M) 14.063ms
[2020-08-10T13:04:56.744+0300][1236.289s][info ][gc] GC(39784) Pause Young (Allocation Failure) 105M->105M(111M) 14.008ms
[2020-08-10T13:04:56.758+0300][1236.303s][info ][gc] GC(39785) Pause Young (Allocation Failure) 106M->106M(111M) 14.089ms
[2020-08-10T13:04:56.773+0300][1236.318s][info ][gc] GC(39786) Pause Young (Allocation Failure) 106M->106M(111M) 13.974ms
[2020-08-10T13:04:56.787+0300][1236.332s][info ][gc] GC(39787) Pause Young (Allocation Failure) 107M->107M(111M) 14.076ms
[2020-08-10T13:04:56.802+0300][1236.347s][info ][gc] GC(39788) Pause Young (Allocation Failure) 107M->107M(111M) 14.070ms
[2020-08-10T13:04:56.816+0300][1236.362s][info ][gc] GC(39789) Pause Young (Allocation Failure) 108M->108M(111M) 14.016ms
[2020-08-10T13:04:56.831+0300][1236.376s][info ][gc] GC(39790) Pause Young (Allocation Failure) 108M->108M(111M) 14.089ms
[2020-08-10T13:04:57.104+0300][1236.649s][debug][gc] GC(39791) Expanding ParOldGen from 111616K by 11264K to 122880K
[2020-08-10T13:04:57.104+0300][1236.649s][info ][gc] GC(39791) Pause Full (Ergonomics) 108M->108M(122M) 273.037ms
[2020-08-10T13:04:57.118+0300][1236.663s][info ][gc] GC(39792) Pause Young (Allocation Failure) 108M->108M(122M) 13.537ms
[2020-08-10T13:04:57.133+0300][1236.678s][info ][gc] GC(39793) Pause Young (Allocation Failure) 109M->109M(122M) 13.729ms
[2020-08-10T13:04:57.147+0300][1236.692s][info ][gc] GC(39794) Pause Young (Allocation Failure) 109M->109M(121M) 13.896ms
[2020-08-10T13:04:57.161+0300][1236.706s][info ][gc] GC(39795) Pause Young (Allocation Failure) 110M->110M(121M) 13.846ms
[2020-08-10T13:04:57.176+0300][1236.721s][info ][gc] GC(39796) Pause Young (Allocation Failure) 110M->110M(121M) 14.277ms
[2020-08-10T13:04:57.190+0300][1236.736s][info ][gc] GC(39797) Pause Young (Allocation Failure) 111M->111M(121M) 13.915ms
[2020-08-10T13:04:57.205+0300][1236.750s][info ][gc] GC(39798) Pause Young (Allocation Failure) 111M->111M(121M) 14.144ms
[2020-08-10T13:04:57.220+0300][1236.765s][info ][gc] GC(39799) Pause Young (Allocation Failure) 112M->112M(121M) 14.543ms
[2020-08-10T13:04:57.235+0300][1236.780s][info ][gc] GC(39800) Pause Young (Allocation Failure) 112M->112M(121M) 14.393ms
[2020-08-10T13:04:57.250+0300][1236.795s][info ][gc] GC(39801) Pause Young (Allocation Failure) 113M->113M(121M) 14.374ms
[2020-08-10T13:04:57.264+0300][1236.809s][info ][gc] GC(39802) Pause Young (Allocation Failure) 113M->113M(121M) 13.818ms
[2020-08-10T13:04:57.279+0300][1236.824s][info ][gc] GC(39803) Pause Young (Allocation Failure) 114M->114M(121M) 14.349ms
[2020-08-10T13:04:57.294+0300][1236.839s][info ][gc] GC(39804) Pause Young (Allocation Failure) 114M->114M(121M) 14.470ms
[2020-08-10T13:04:57.309+0300][1236.854s][info ][gc] GC(39805) Pause Young (Allocation Failure) 115M->114M(121M) 14.392ms
[2020-08-10T13:04:57.324+0300][1236.869s][info ][gc] GC(39806) Pause Young (Allocation Failure) 115M->115M(121M) 14.113ms
[2020-08-10T13:04:57.338+0300][1236.883s][info ][gc] GC(39807) Pause Young (Allocation Failure) 115M->115M(121M) 13.959ms
[2020-08-10T13:04:57.353+0300][1236.898s][info ][gc] GC(39808) Pause Young (Allocation Failure) 116M->116M(121M) 14.259ms
[2020-08-10T13:04:57.367+0300][1236.913s][info ][gc] GC(39809) Pause Young (Allocation Failure) 116M->116M(121M) 14.377ms
[2020-08-10T13:04:57.382+0300][1236.927s][info ][gc] GC(39810) Pause Young (Allocation Failure) 117M->117M(121M) 14.386ms
[2020-08-10T13:04:57.397+0300][1236.942s][info ][gc] GC(39811) Pause Young (Allocation Failure) 117M->117M(121M) 14.395ms
[2020-08-10T13:04:57.412+0300][1236.957s][info ][gc] GC(39812) Pause Young (Allocation Failure) 118M->118M(121M) 14.120ms
[2020-08-10T13:04:57.427+0300][1236.972s][info ][gc] GC(39813) Pause Young (Allocation Failure) 118M->118M(121M) 14.396ms
[2020-08-10T13:04:57.442+0300][1236.987s][info ][gc] GC(39814) Pause Young (Allocation Failure) 119M->119M(121M) 14.521ms
[2020-08-10T13:04:57.457+0300][1237.002s][info ][gc] GC(39815) Pause Young (Allocation Failure) 119M->119M(121M) 14.580ms
[2020-08-10T13:04:57.472+0300][1237.017s][info ][gc] GC(39816) Pause Young (Allocation Failure) 120M->120M(121M) 14.637ms
[2020-08-10T13:04:57.788+0300][1237.333s][debug][gc] GC(39817) Expanding ParOldGen from 122880K by 10752K to 133632K
[2020-08-10T13:04:57.788+0300][1237.333s][info ][gc] GC(39817) Pause Full (Ergonomics) 120M->119M(132M) 316.236ms
[2020-08-10T13:04:57.803+0300][1237.348s][info ][gc] GC(39818) Pause Young (Allocation Failure) 120M->120M(132M) 14.262ms
[2020-08-10T13:04:57.839+0300][1237.384s][info ][gc] GC(39819) Pause Young (Allocation Failure) 120M->120M(132M) 35.878ms
[2020-08-10T13:04:57.858+0300][1237.403s][info ][gc] GC(39820) Pause Young (Allocation Failure) 121M->121M(132M) 17.690ms
[2020-08-10T13:04:57.874+0300][1237.419s][info ][gc] GC(39821) Pause Young (Allocation Failure) 121M->121M(132M) 15.598ms
[2020-08-10T13:04:57.889+0300][1237.434s][info ][gc] GC(39822) Pause Young (Allocation Failure) 122M->122M(132M) 15.056ms
[2020-08-10T13:04:57.927+0300][1237.472s][info ][gc] GC(39823) Pause Young (Allocation Failure) 122M->122M(132M) 37.332ms
[2020-08-10T13:04:57.961+0300][1237.506s][info ][gc] GC(39824) Pause Young (Allocation Failure) 123M->123M(132M) 33.988ms
[2020-08-10T13:04:57.978+0300][1237.523s][info ][gc] GC(39825) Pause Young (Allocation Failure) 123M->123M(132M) 16.076ms
[2020-08-10T13:04:57.995+0300][1237.540s][info ][gc] GC(39826) Pause Young (Allocation Failure) 124M->124M(132M) 16.781ms
[2020-08-10T13:04:58.011+0300][1237.556s][info ][gc] GC(39827) Pause Young (Allocation Failure) 124M->124M(132M) 14.999ms
[2020-08-10T13:04:58.026+0300][1237.571s][info ][gc] GC(39828) Pause Young (Allocation Failure) 125M->125M(132M) 15.216ms
[2020-08-10T13:04:58.042+0300][1237.587s][info ][gc] GC(39829) Pause Young (Allocation Failure) 125M->125M(132M) 15.008ms
[2020-08-10T13:04:58.057+0300][1237.602s][info ][gc] GC(39830) Pause Young (Allocation Failure) 125M->125M(132M) 15.412ms
[2020-08-10T13:04:58.073+0300][1237.618s][info ][gc] GC(39831) Pause Young (Allocation Failure) 126M->126M(132M) 15.400ms
[2020-08-10T13:04:58.089+0300][1237.634s][info ][gc] GC(39832) Pause Young (Allocation Failure) 126M->126M(132M) 15.043ms
[2020-08-10T13:04:58.105+0300][1237.650s][info ][gc] GC(39833) Pause Young (Allocation Failure) 127M->127M(132M) 15.440ms
[2020-08-10T13:04:58.121+0300][1237.666s][info ][gc] GC(39834) Pause Young (Allocation Failure) 127M->127M(132M) 15.533ms
[2020-08-10T13:04:58.137+0300][1237.682s][info ][gc] GC(39835) Pause Young (Allocation Failure) 128M->128M(132M) 15.542ms
[2020-08-10T13:04:58.155+0300][1237.700s][info ][gc] GC(39836) Pause Young (Allocation Failure) 128M->128M(132M) 18.070ms
[2020-08-10T13:04:58.171+0300][1237.716s][info ][gc] GC(39837) Pause Young (Allocation Failure) 129M->129M(132M) 15.572ms
[2020-08-10T13:04:58.187+0300][1237.732s][info ][gc] GC(39838) Pause Young (Allocation Failure) 129M->129M(132M) 15.405ms
[2020-08-10T13:04:58.230+0300][1237.775s][info ][gc] GC(39839) Pause Young (Allocation Failure) 130M->130M(132M) 42.498ms
[2020-08-10T13:04:58.246+0300][1237.791s][info ][gc] GC(39840) Pause Young (Allocation Failure) 130M->130M(132M) 15.562ms
[2020-08-10T13:04:58.609+0300][1238.154s][debug][gc] GC(39841) Expanding ParOldGen from 133632K by 10752K to 144384K
[2020-08-10T13:04:58.609+0300][1238.154s][info ][gc] GC(39841) Pause Full (Ergonomics) 130M->130M(142M) 362.620ms
[2020-08-10T13:04:58.624+0300][1238.169s][info ][gc] GC(39842) Pause Young (Allocation Failure) 130M->130M(142M) 14.204ms
[2020-08-10T13:04:58.640+0300][1238.185s][info ][gc] GC(39843) Pause Young (Allocation Failure) 131M->131M(142M) 15.604ms
[2020-08-10T13:04:58.656+0300][1238.201s][info ][gc] GC(39844) Pause Young (Allocation Failure) 131M->131M(142M) 15.854ms
[2020-08-10T13:04:58.672+0300][1238.217s][info ][gc] GC(39845) Pause Young (Allocation Failure) 132M->132M(142M) 15.787ms
[2020-08-10T13:04:58.688+0300][1238.233s][info ][gc] GC(39846) Pause Young (Allocation Failure) 132M->132M(142M) 15.781ms
[2020-08-10T13:04:58.705+0300][1238.250s][info ][gc] GC(39847) Pause Young (Allocation Failure) 133M->133M(142M) 15.841ms
[2020-08-10T13:04:58.721+0300][1238.266s][info ][gc] GC(39848) Pause Young (Allocation Failure) 133M->133M(142M) 15.872ms
[2020-08-10T13:04:58.737+0300][1238.282s][info ][gc] GC(39849) Pause Young (Allocation Failure) 133M->133M(142M) 15.777ms
[2020-08-10T13:04:58.756+0300][1238.301s][info ][gc] GC(39850) Pause Young (Allocation Failure) 134M->134M(142M) 18.233ms
[2020-08-10T13:04:58.772+0300][1238.317s][info ][gc] GC(39851) Pause Young (Allocation Failure) 134M->134M(142M) 16.025ms
[2020-08-10T13:04:58.788+0300][1238.334s][info ][gc] GC(39852) Pause Young (Allocation Failure) 135M->135M(142M) 15.523ms
[2020-08-10T13:04:58.789+0300][1238.334s][debug][gc] Expanding ParOldGen from 144384K by 19968K to 164352K
[2020-08-10T13:04:58.812+0300][1238.358s][info ][gc] GC(39853) Pause Young (Allocation Failure) 154M->154M(162M) 15.785ms
[2020-08-10T13:04:58.840+0300][1238.385s][info ][gc] GC(39854) Pause Young (Allocation Failure) 155M->155M(162M) 27.360ms
[2020-08-10T13:04:58.891+0300][1238.436s][info ][gc] GC(39855) Pause Young (Allocation Failure) 155M->155M(162M) 50.330ms
[2020-08-10T13:04:58.918+0300][1238.463s][info ][gc] GC(39856) Pause Young (Allocation Failure) 156M->156M(162M) 26.304ms
[2020-08-10T13:04:58.945+0300][1238.490s][info ][gc] GC(39857) Pause Young (Allocation Failure) 156M->156M(162M) 26.330ms
[2020-08-10T13:04:58.971+0300][1238.516s][info ][gc] GC(39858) Pause Young (Allocation Failure) 157M->157M(162M) 26.056ms
[2020-08-10T13:04:58.998+0300][1238.543s][info ][gc] GC(39859) Pause Young (Allocation Failure) 157M->157M(162M) 26.266ms
[2020-08-10T13:04:59.025+0300][1238.570s][info ][gc] GC(39860) Pause Young (Allocation Failure) 157M->157M(162M) 26.366ms
[2020-08-10T13:04:59.051+0300][1238.597s][info ][gc] GC(39861) Pause Young (Allocation Failure) 158M->158M(162M) 26.283ms
[2020-08-10T13:04:59.078+0300][1238.623s][info ][gc] GC(39862) Pause Young (Allocation Failure) 158M->158M(162M) 26.343ms
[2020-08-10T13:04:59.105+0300][1238.650s][info ][gc] GC(39863) Pause Young (Allocation Failure) 159M->159M(162M) 26.289ms
[2020-08-10T13:04:59.132+0300][1238.677s][info ][gc] GC(39864) Pause Young (Allocation Failure) 159M->159M(162M) 26.079ms
[2020-08-10T13:04:59.158+0300][1238.704s][info ][gc] GC(39865) Pause Young (Allocation Failure) 160M->160M(162M) 26.345ms
[2020-08-10T13:04:59.185+0300][1238.730s][info ][gc] GC(39866) Pause Young (Allocation Failure) 160M->160M(162M) 26.334ms
[2020-08-10T13:04:59.267+0300][1238.812s][debug][gc] GC(39867) Shrinking ParOldGen from 164352K by 125952K to 38400K
[2020-08-10T13:04:59.267+0300][1238.812s][info ][gc] GC(39867) Pause Full (Ergonomics) 160M->26M(39M) 81.451ms
[2020-08-10T13:04:59.298+0300][1238.843s][info ][gc] GC(39868) Pause Young (Allocation Failure) 27M->27M(39M) 30.682ms
[2020-08-10T13:04:59.318+0300][1238.863s][info ][gc] GC(39869) Pause Young (Allocation Failure) 27M->27M(39M) 19.885ms
[2020-08-10T13:04:59.342+0300][1238.887s][info ][gc] GC(39870) Pause Young (Allocation Failure) 28M->28M(39M) 22.800ms
[2020-08-10T13:04:59.356+0300][1238.901s][info ][gc] GC(39871) Pause Young (Allocation Failure) 28M->28M(39M) 13.458ms
[2020-08-10T13:04:59.370+0300][1238.915s][info ][gc] GC(39872) Pause Young (Allocation Failure) 29M->29M(39M) 13.421ms
[2020-08-10T13:04:59.384+0300][1238.929s][info ][gc] GC(39873) Pause Young (Allocation Failure) 29M->29M(39M) 13.489ms
[2020-08-10T13:04:59.398+0300][1238.943s][info ][gc] GC(39874) Pause Young (Allocation Failure) 30M->30M(39M) 13.412ms
[2020-08-10T13:04:59.411+0300][1238.957s][info ][gc] GC(39875) Pause Young (Allocation Failure) 30M->30M(39M) 13.409ms
[2020-08-10T13:04:59.426+0300][1238.971s][info ][gc] GC(39876) Pause Young (Allocation Failure) 31M->31M(39M) 13.603ms
[2020-08-10T13:04:59.440+0300][1238.985s][info ][gc] GC(39877) Pause Young (Allocation Failure) 31M->31M(39M) 13.500ms
[2020-08-10T13:04:59.454+0300][1238.999s][info ][gc] GC(39878) Pause Young (Allocation Failure) 32M->31M(39M) 13.478ms
[2020-08-10T13:04:59.467+0300][1239.013s][info ][gc] GC(39879) Pause Young (Allocation Failure) 32M->32M(39M) 13.486ms
[2020-08-10T13:04:59.481+0300][1239.026s][info ][gc] GC(39880) Pause Young (Allocation Failure) 32M->32M(39M) 13.426ms
[2020-08-10T13:04:59.495+0300][1239.040s][info ][gc] GC(39881) Pause Young (Allocation Failure) 33M->33M(39M) 13.479ms
[2020-08-10T13:04:59.509+0300][1239.054s][info ][gc] GC(39882) Pause Young (Allocation Failure) 33M->33M(39M) 13.590ms
[2020-08-10T13:04:59.523+0300][1239.068s][info ][gc] GC(39883) Pause Young (Allocation Failure) 34M->34M(39M) 13.431ms
[2020-08-10T13:04:59.537+0300][1239.082s][info ][gc] GC(39884) Pause Young (Allocation Failure) 34M->34M(39M) 13.636ms
[2020-08-10T13:04:59.552+0300][1239.097s][info ][gc] GC(39885) Pause Young (Allocation Failure) 35M->35M(39M) 13.754ms
[2020-08-10T13:04:59.566+0300][1239.111s][info ][gc] GC(39886) Pause Young (Allocation Failure) 36M->36M(39M) 13.640ms
[2020-08-10T13:04:59.584+0300][1239.129s][info ][gc] GC(39887) Pause Young (Allocation Failure) 37M->37M(39M) 17.645ms
[2020-08-10T13:04:59.590+0300][1239.135s][debug][gc] GC(39888) Expanding ParOldGen from 38400K by 512K to 38912K
[2020-08-10T13:04:59.599+0300][1239.144s][info ][gc] GC(39888) Pause Young (Allocation Failure) 38M->38M(40M) 13.857ms
[2020-08-10T13:04:59.672+0300][1239.217s][debug][gc] GC(39889) Expanding ParOldGen from 38912K by 11264K to 50176K
[2020-08-10T13:04:59.672+0300][1239.217s][info ][gc] GC(39889) Pause Full (Ergonomics) 38M->38M(51M) 73.228ms
[2020-08-10T13:04:59.691+0300][1239.236s][info ][gc] GC(39890) Pause Young (Allocation Failure) 39M->39M(51M) 18.047ms
[2020-08-10T13:04:59.705+0300][1239.250s][info ][gc] GC(39891) Pause Young (Allocation Failure) 40M->40M(51M) 14.101ms
[2020-08-10T13:04:59.720+0300][1239.265s][info ][gc] GC(39892) Pause Young (Allocation Failure) 41M->41M(51M) 13.875ms
[2020-08-10T13:04:59.734+0300][1239.279s][info ][gc] GC(39893) Pause Young (Allocation Failure) 42M->42M(51M) 13.808ms
[2020-08-10T13:04:59.748+0300][1239.293s][info ][gc] GC(39894) Pause Young (Allocation Failure) 43M->42M(51M) 13.814ms
[2020-08-10T13:04:59.762+0300][1239.308s][info ][gc] GC(39895) Pause Young (Allocation Failure) 43M->43M(51M) 13.719ms
[2020-08-10T13:04:59.777+0300][1239.322s][info ][gc] GC(39896) Pause Young (Allocation Failure) 44M->44M(51M) 13.831ms
[2020-08-10T13:04:59.791+0300][1239.336s][info ][gc] GC(39897) Pause Young (Allocation Failure) 45M->45M(51M) 13.959ms
[2020-08-10T13:04:59.805+0300][1239.351s][info ][gc] GC(39898) Pause Young (Allocation Failure) 46M->46M(51M) 13.896ms
[2020-08-10T13:04:59.820+0300][1239.365s][info ][gc] GC(39899) Pause Young (Allocation Failure) 47M->47M(51M) 13.987ms
[2020-08-10T13:04:59.834+0300][1239.380s][info ][gc] GC(39900) Pause Young (Allocation Failure) 48M->48M(51M) 13.938ms
[2020-08-10T13:04:59.952+0300][1239.497s][debug][gc] GC(39901) Expanding ParOldGen from 50176K by 11264K to 61440K
[2020-08-10T13:04:59.952+0300][1239.497s][info ][gc] GC(39901) Pause Full (Ergonomics) 48M->48M(62M) 117.614ms
[2020-08-10T13:04:59.966+0300][1239.512s][info ][gc] GC(39902) Pause Young (Allocation Failure) 49M->49M(62M) 13.608ms
[2020-08-10T13:04:59.981+0300][1239.526s][info ][gc] GC(39903) Pause Young (Allocation Failure) 50M->50M(62M) 14.018ms
[2020-08-10T13:04:59.996+0300][1239.541s][info ][gc] GC(39904) Pause Young (Allocation Failure) 51M->51M(62M) 13.882ms
[2020-08-10T13:05:00.013+0300][1239.558s][info ][gc] GC(39905) Pause Young (Allocation Failure) 52M->52M(62M) 16.716ms
[2020-08-10T13:05:00.028+0300][1239.573s][info ][gc] GC(39906) Pause Young (Allocation Failure) 53M->53M(62M) 13.841ms
[2020-08-10T13:05:00.042+0300][1239.587s][info ][gc] GC(39907) Pause Young (Allocation Failure) 54M->54M(62M) 13.850ms
[2020-08-10T13:05:00.056+0300][1239.601s][info ][gc] GC(39908) Pause Young (Allocation Failure) 55M->55M(62M) 13.666ms
[2020-08-10T13:05:00.070+0300][1239.616s][info ][gc] GC(39909) Pause Young (Allocation Failure) 56M->56M(62M) 13.856ms
[2020-08-10T13:05:00.085+0300][1239.630s][info ][gc] GC(39910) Pause Young (Allocation Failure) 57M->57M(62M) 13.934ms
[2020-08-10T13:05:00.099+0300][1239.645s][info ][gc] GC(39911) Pause Young (Allocation Failure) 58M->58M(62M) 13.905ms
[2020-08-10T13:05:00.114+0300][1239.659s][info ][gc] GC(39912) Pause Young (Allocation Failure) 59M->58M(62M) 13.917ms
[2020-08-10T13:05:00.128+0300][1239.673s][info ][gc] GC(39913) Pause Young (Allocation Failure) 59M->59M(62M) 13.739ms
[2020-08-10T13:05:00.258+0300][1239.803s][debug][gc] GC(39914) Expanding ParOldGen from 61440K by 11776K to 73216K
[2020-08-10T13:05:00.258+0300][1239.803s][info ][gc] GC(39914) Pause Full (Ergonomics) 59M->59M(74M) 129.709ms
[2020-08-10T13:05:00.272+0300][1239.817s][info ][gc] GC(39915) Pause Young (Allocation Failure) 60M->60M(74M) 13.519ms
[2020-08-10T13:05:00.287+0300][1239.832s][info ][gc] GC(39916) Pause Young (Allocation Failure) 61M->61M(74M) 13.970ms
[2020-08-10T13:05:00.301+0300][1239.846s][info ][gc] GC(39917) Pause Young (Allocation Failure) 62M->62M(74M) 13.892ms
[2020-08-10T13:05:00.316+0300][1239.861s][info ][gc] GC(39918) Pause Young (Allocation Failure) 63M->63M(74M) 13.978ms
[2020-08-10T13:05:00.330+0300][1239.876s][info ][gc] GC(39919) Pause Young (Allocation Failure) 64M->64M(74M) 14.062ms
[2020-08-10T13:05:00.345+0300][1239.890s][info ][gc] GC(39920) Pause Young (Allocation Failure) 65M->65M(74M) 14.012ms
[2020-08-10T13:05:00.359+0300][1239.904s][info ][gc] GC(39921) Pause Young (Allocation Failure) 66M->66M(74M) 13.746ms
[2020-08-10T13:05:00.374+0300][1239.919s][info ][gc] GC(39922) Pause Young (Allocation Failure) 67M->67M(74M) 14.041ms
[2020-08-10T13:05:00.388+0300][1239.933s][info ][gc] GC(39923) Pause Young (Allocation Failure) 68M->68M(74M) 13.999ms
[2020-08-10T13:05:00.403+0300][1239.948s][info ][gc] GC(39924) Pause Young (Allocation Failure) 69M->69M(74M) 13.959ms
[2020-08-10T13:05:00.418+0300][1239.963s][info ][gc] GC(39925) Pause Young (Allocation Failure) 70M->70M(74M) 14.112ms
[2020-08-10T13:05:00.432+0300][1239.977s][info ][gc] GC(39926) Pause Young (Allocation Failure) 71M->70M(74M) 14.067ms
[2020-08-10T13:05:00.447+0300][1239.992s][info ][gc] GC(39927) Pause Young (Allocation Failure) 71M->71M(74M) 14.135ms
[2020-08-10T13:05:00.611+0300][1240.156s][debug][gc] GC(39928) Expanding ParOldGen from 73216K by 11776K to 84992K
[2020-08-10T13:05:00.611+0300][1240.156s][info ][gc] GC(39928) Pause Full (Ergonomics) 71M->71M(85M) 164.002ms
[2020-08-10T13:05:00.641+0300][1240.186s][info ][gc] GC(39929) Pause Young (Allocation Failure) 72M->72M(85M) 29.288ms
[2020-08-10T13:05:00.656+0300][1240.201s][info ][gc] GC(39930) Pause Young (Allocation Failure) 73M->73M(85M) 14.271ms
[2020-08-10T13:05:00.671+0300][1240.216s][info ][gc] GC(39931) Pause Young (Allocation Failure) 74M->74M(85M) 14.170ms
[2020-08-10T13:05:00.685+0300][1240.230s][info ][gc] GC(39932) Pause Young (Allocation Failure) 75M->75M(85M) 13.964ms
[2020-08-10T13:05:00.700+0300][1240.245s][info ][gc] GC(39933) Pause Young (Allocation Failure) 76M->76M(85M) 14.137ms
[2020-08-10T13:05:00.714+0300][1240.260s][info ][gc] GC(39934) Pause Young (Allocation Failure) 77M->77M(85M) 14.126ms
[2020-08-10T13:05:00.729+0300][1240.274s][info ][gc] GC(39935) Pause Young (Allocation Failure) 78M->78M(85M) 14.092ms
[2020-08-10T13:05:00.743+0300][1240.289s][info ][gc] GC(39936) Pause Young (Allocation Failure) 79M->79M(85M) 14.018ms
[2020-08-10T13:05:00.758+0300][1240.303s][info ][gc] GC(39937) Pause Young (Allocation Failure) 80M->80M(85M) 14.374ms
[2020-08-10T13:05:00.773+0300][1240.318s][info ][gc] GC(39938) Pause Young (Allocation Failure) 81M->81M(85M) 14.003ms
[2020-08-10T13:05:00.787+0300][1240.332s][info ][gc] GC(39939) Pause Young (Allocation Failure) 82M->82M(85M) 14.210ms
[2020-08-10T13:05:00.802+0300][1240.347s][info ][gc] GC(39940) Pause Young (Allocation Failure) 83M->82M(85M) 14.198ms
[2020-08-10T13:05:01.003+0300][1240.548s][debug][gc] GC(39941) Expanding ParOldGen from 84992K by 11264K to 96256K
[2020-08-10T13:05:01.003+0300][1240.548s][info ][gc] GC(39941) Pause Full (Ergonomics) 82M->82M(96M) 200.566ms
[2020-08-10T13:05:01.017+0300][1240.562s][info ][gc] GC(39942) Pause Young (Allocation Failure) 83M->83M(95M) 13.663ms
[2020-08-10T13:05:01.031+0300][1240.577s][info ][gc] GC(39943) Pause Young (Allocation Failure) 84M->84M(96M) 13.883ms
[2020-08-10T13:05:01.045+0300][1240.591s][info ][gc] GC(39944) Pause Young (Allocation Failure) 84M->84M(96M) 13.614ms
[2020-08-10T13:05:01.060+0300][1240.605s][info ][gc] GC(39945) Pause Young (Allocation Failure) 85M->85M(96M) 13.631ms
[2020-08-10T13:05:01.074+0300][1240.619s][info ][gc] GC(39946) Pause Young (Allocation Failure) 85M->85M(96M) 13.617ms
[2020-08-10T13:05:01.088+0300][1240.633s][info ][gc] GC(39947) Pause Young (Allocation Failure) 86M->86M(96M) 13.635ms
[2020-08-10T13:05:01.102+0300][1240.647s][info ][gc] GC(39948) Pause Young (Allocation Failure) 86M->86M(96M) 13.648ms
[2020-08-10T13:05:01.116+0300][1240.661s][info ][gc] GC(39949) Pause Young (Allocation Failure) 87M->87M(96M) 13.627ms
[2020-08-10T13:05:01.130+0300][1240.676s][info ][gc] GC(39950) Pause Young (Allocation Failure) 87M->87M(96M) 13.616ms
[2020-08-10T13:05:01.144+0300][1240.690s][info ][gc] GC(39951) Pause Young (Allocation Failure) 87M->87M(96M) 13.559ms
[2020-08-10T13:05:01.158+0300][1240.704s][info ][gc] GC(39952) Pause Young (Allocation Failure) 88M->88M(96M) 13.580ms
[2020-08-10T13:05:01.173+0300][1240.718s][info ][gc] GC(39953) Pause Young (Allocation Failure) 88M->88M(96M) 13.634ms
[2020-08-10T13:05:01.187+0300][1240.732s][info ][gc] GC(39954) Pause Young (Allocation Failure) 89M->89M(96M) 13.581ms
[2020-08-10T13:05:01.201+0300][1240.746s][info ][gc] GC(39955) Pause Young (Allocation Failure) 89M->89M(96M) 13.546ms
[2020-08-10T13:05:01.215+0300][1240.760s][info ][gc] GC(39956) Pause Young (Allocation Failure) 90M->90M(96M) 13.613ms
[2020-08-10T13:05:01.229+0300][1240.774s][info ][gc] GC(39957) Pause Young (Allocation Failure) 90M->90M(96M) 13.653ms
[2020-08-10T13:05:01.243+0300][1240.789s][info ][gc] GC(39958) Pause Young (Allocation Failure) 91M->91M(95M) 13.833ms
[2020-08-10T13:05:01.273+0300][1240.818s][info ][gc] GC(39959) Pause Young (Allocation Failure) 91M->91M(95M) 28.951ms
[2020-08-10T13:05:01.287+0300][1240.832s][info ][gc] GC(39960) Pause Young (Allocation Failure) 92M->92M(95M) 13.597ms
[2020-08-10T13:05:01.301+0300][1240.846s][info ][gc] GC(39961) Pause Young (Allocation Failure) 92M->92M(95M) 13.632ms
[2020-08-10T13:05:01.315+0300][1240.860s][info ][gc] GC(39962) Pause Young (Allocation Failure) 93M->93M(95M) 13.646ms
[2020-08-10T13:05:01.329+0300][1240.875s][info ][gc] GC(39963) Pause Young (Allocation Failure) 93M->93M(95M) 13.645ms
[2020-08-10T13:05:01.344+0300][1240.889s][info ][gc] GC(39964) Pause Young (Allocation Failure) 93M->93M(95M) 13.699ms
[2020-08-10T13:05:01.581+0300][1241.127s][debug][gc] GC(39965) Expanding ParOldGen from 96256K by 10752K to 107008K
[2020-08-10T13:05:01.582+0300][1241.127s][info ][gc] GC(39965) Pause Full (Ergonomics) 93M->93M(106M) 237.770ms
[2020-08-10T13:05:01.596+0300][1241.141s][info ][gc] GC(39966) Pause Young (Allocation Failure) 94M->94M(106M) 13.485ms
[2020-08-10T13:05:01.610+0300][1241.155s][info ][gc] GC(39967) Pause Young (Allocation Failure) 94M->94M(106M) 13.711ms
[2020-08-10T13:05:01.624+0300][1241.169s][info ][gc] GC(39968) Pause Young (Allocation Failure) 95M->95M(106M) 13.673ms
[2020-08-10T13:05:01.638+0300][1241.183s][info ][gc] GC(39969) Pause Young (Allocation Failure) 95M->95M(106M) 13.612ms
[2020-08-10T13:05:01.652+0300][1241.198s][info ][gc] GC(39970) Pause Young (Allocation Failure) 96M->96M(106M) 13.673ms
[2020-08-10T13:05:01.667+0300][1241.212s][info ][gc] GC(39971) Pause Young (Allocation Failure) 96M->96M(106M) 13.658ms
[2020-08-10T13:05:01.681+0300][1241.226s][info ][gc] GC(39972) Pause Young (Allocation Failure) 97M->96M(106M) 13.679ms
[2020-08-10T13:05:01.695+0300][1241.240s][info ][gc] GC(39973) Pause Young (Allocation Failure) 97M->97M(106M) 13.613ms
[2020-08-10T13:05:01.709+0300][1241.254s][info ][gc] GC(39974) Pause Young (Allocation Failure) 97M->97M(106M) 13.687ms
[2020-08-10T13:05:01.723+0300][1241.269s][info ][gc] GC(39975) Pause Young (Allocation Failure) 98M->98M(106M) 13.712ms
[2020-08-10T13:05:01.738+0300][1241.283s][info ][gc] GC(39976) Pause Young (Allocation Failure) 98M->98M(106M) 13.657ms
[2020-08-10T13:05:01.752+0300][1241.297s][info ][gc] GC(39977) Pause Young (Allocation Failure) 99M->99M(106M) 13.633ms
[2020-08-10T13:05:01.766+0300][1241.311s][info ][gc] GC(39978) Pause Young (Allocation Failure) 99M->99M(106M) 13.620ms
[2020-08-10T13:05:01.780+0300][1241.325s][info ][gc] GC(39979) Pause Young (Allocation Failure) 100M->100M(106M) 13.620ms
[2020-08-10T13:05:01.794+0300][1241.339s][info ][gc] GC(39980) Pause Young (Allocation Failure) 100M->100M(106M) 13.668ms
[2020-08-10T13:05:01.808+0300][1241.354s][info ][gc] GC(39981) Pause Young (Allocation Failure) 101M->101M(106M) 13.639ms
[2020-08-10T13:05:01.822+0300][1241.368s][info ][gc] GC(39982) Pause Young (Allocation Failure) 101M->101M(106M) 13.653ms
[2020-08-10T13:05:01.837+0300][1241.382s][info ][gc] GC(39983) Pause Young (Allocation Failure) 102M->102M(106M) 13.716ms
[2020-08-10T13:05:01.851+0300][1241.396s][info ][gc] GC(39984) Pause Young (Allocation Failure) 102M->102M(106M) 13.635ms
[2020-08-10T13:05:01.865+0300][1241.410s][info ][gc] GC(39985) Pause Young (Allocation Failure) 103M->103M(106M) 13.737ms
[2020-08-10T13:05:01.879+0300][1241.424s][info ][gc] GC(39986) Pause Young (Allocation Failure) 103M->103M(106M) 13.719ms
[2020-08-10T13:05:01.893+0300][1241.438s][info ][gc] GC(39987) Pause Young (Allocation Failure) 103M->103M(106M) 13.642ms
[2020-08-10T13:05:01.907+0300][1241.453s][info ][gc] GC(39988) Pause Young (Allocation Failure) 104M->104M(106M) 13.759ms
[2020-08-10T13:05:01.922+0300][1241.467s][info ][gc] GC(39989) Pause Young (Allocation Failure) 104M->104M(106M) 13.838ms
[2020-08-10T13:05:02.184+0300][1241.729s][debug][gc] GC(39990) Expanding ParOldGen from 107008K by 10752K to 117760K
[2020-08-10T13:05:02.184+0300][1241.729s][info ][gc] GC(39990) Pause Full (Ergonomics) 104M->104M(116M) 262.153ms
[2020-08-10T13:05:02.221+0300][1241.766s][info ][gc] GC(39991) Pause Young (Allocation Failure) 105M->105M(116M) 36.054ms
[2020-08-10T13:05:02.235+0300][1241.781s][info ][gc] GC(39992) Pause Young (Allocation Failure) 105M->105M(116M) 14.188ms
[2020-08-10T13:05:02.250+0300][1241.795s][info ][gc] GC(39993) Pause Young (Allocation Failure) 106M->106M(116M) 14.055ms
[2020-08-10T13:05:02.264+0300][1241.810s][info ][gc] GC(39994) Pause Young (Allocation Failure) 106M->106M(116M) 14.014ms
[2020-08-10T13:05:02.279+0300][1241.824s][info ][gc] GC(39995) Pause Young (Allocation Failure) 107M->106M(116M) 14.072ms
[2020-08-10T13:05:02.293+0300][1241.839s][info ][gc] GC(39996) Pause Young (Allocation Failure) 107M->107M(116M) 13.947ms
[2020-08-10T13:05:02.308+0300][1241.853s][info ][gc] GC(39997) Pause Young (Allocation Failure) 107M->107M(116M) 14.083ms
[2020-08-10T13:05:02.323+0300][1241.868s][info ][gc] GC(39998) Pause Young (Allocation Failure) 108M->108M(116M) 13.992ms
[2020-08-10T13:05:02.337+0300][1241.882s][info ][gc] GC(39999) Pause Young (Allocation Failure) 108M->108M(116M) 14.057ms
[2020-08-10T13:05:02.352+0300][1241.897s][info ][gc] GC(40000) Pause Young (Allocation Failure) 109M->109M(116M) 14.098ms
[2020-08-10T13:05:02.366+0300][1241.912s][info ][gc] GC(40001) Pause Young (Allocation Failure) 109M->109M(116M) 14.100ms
[2020-08-10T13:05:02.381+0300][1241.926s][info ][gc] GC(40002) Pause Young (Allocation Failure) 110M->110M(116M) 14.096ms
[2020-08-10T13:05:02.396+0300][1241.941s][info ][gc] GC(40003) Pause Young (Allocation Failure) 110M->110M(116M) 13.977ms
[2020-08-10T13:05:02.410+0300][1241.956s][info ][gc] GC(40004) Pause Young (Allocation Failure) 111M->111M(116M) 14.232ms
[2020-08-10T13:05:02.425+0300][1241.970s][info ][gc] GC(40005) Pause Young (Allocation Failure) 111M->111M(116M) 14.149ms
[2020-08-10T13:05:02.439+0300][1241.985s][info ][gc] GC(40006) Pause Young (Allocation Failure) 112M->112M(116M) 14.147ms
[2020-08-10T13:05:02.454+0300][1241.999s][info ][gc] GC(40007) Pause Young (Allocation Failure) 112M->112M(116M) 14.274ms
[2020-08-10T13:05:02.469+0300][1242.014s][info ][gc] GC(40008) Pause Young (Allocation Failure) 112M->112M(116M) 14.321ms
[2020-08-10T13:05:02.484+0300][1242.029s][info ][gc] GC(40009) Pause Young (Allocation Failure) 113M->113M(116M) 14.348ms
[2020-08-10T13:05:02.499+0300][1242.044s][info ][gc] GC(40010) Pause Young (Allocation Failure) 113M->113M(116M) 14.318ms
[2020-08-10T13:05:02.513+0300][1242.059s][info ][gc] GC(40011) Pause Young (Allocation Failure) 114M->114M(116M) 14.337ms
[2020-08-10T13:05:02.528+0300][1242.074s][info ][gc] GC(40012) Pause Young (Allocation Failure) 114M->114M(116M) 14.492ms
[2020-08-10T13:05:02.544+0300][1242.089s][info ][gc] GC(40013) Pause Young (Allocation Failure) 115M->115M(116M) 14.526ms
[2020-08-10T13:05:02.870+0300][1242.415s][debug][gc] GC(40014) Expanding ParOldGen from 117760K by 10752K to 128512K
[2020-08-10T13:05:02.870+0300][1242.415s][info ][gc] GC(40014) Pause Full (Ergonomics) 115M->115M(127M) 326.187ms
[2020-08-10T13:05:02.901+0300][1242.447s][info ][gc] GC(40015) Pause Young (Allocation Failure) 115M->115M(127M) 30.875ms
[2020-08-10T13:05:02.916+0300][1242.462s][info ][gc] GC(40016) Pause Young (Allocation Failure) 116M->115M(127M) 14.733ms
[2020-08-10T13:05:02.932+0300][1242.477s][info ][gc] GC(40017) Pause Young (Allocation Failure) 116M->116M(127M) 15.112ms
[2020-08-10T13:05:02.947+0300][1242.493s][info ][gc] GC(40018) Pause Young (Allocation Failure) 116M->116M(127M) 14.819ms
[2020-08-10T13:05:02.963+0300][1242.508s][info ][gc] GC(40019) Pause Young (Allocation Failure) 117M->117M(127M) 14.863ms
[2020-08-10T13:05:02.978+0300][1242.523s][info ][gc] GC(40020) Pause Young (Allocation Failure) 117M->117M(127M) 15.055ms
[2020-08-10T13:05:02.994+0300][1242.539s][info ][gc] GC(40021) Pause Young (Allocation Failure) 118M->118M(127M) 15.051ms
[2020-08-10T13:05:03.009+0300][1242.555s][info ][gc] GC(40022) Pause Young (Allocation Failure) 118M->118M(127M) 15.233ms
[2020-08-10T13:05:03.025+0300][1242.570s][info ][gc] GC(40023) Pause Young (Allocation Failure) 119M->119M(127M) 15.240ms
[2020-08-10T13:05:03.040+0300][1242.586s][info ][gc] GC(40024) Pause Young (Allocation Failure) 119M->119M(127M) 14.919ms
[2020-08-10T13:05:03.056+0300][1242.601s][info ][gc] GC(40025) Pause Young (Allocation Failure) 120M->120M(127M) 15.241ms
[2020-08-10T13:05:03.072+0300][1242.617s][info ][gc] GC(40026) Pause Young (Allocation Failure) 120M->120M(127M) 15.265ms
[2020-08-10T13:05:03.088+0300][1242.633s][info ][gc] GC(40027) Pause Young (Allocation Failure) 121M->121M(127M) 15.619ms
[2020-08-10T13:05:03.104+0300][1242.649s][info ][gc] GC(40028) Pause Young (Allocation Failure) 121M->121M(127M) 15.213ms
[2020-08-10T13:05:03.119+0300][1242.665s][info ][gc] GC(40029) Pause Young (Allocation Failure) 122M->121M(127M) 15.293ms
[2020-08-10T13:05:03.148+0300][1242.694s][info ][gc] GC(40030) Pause Young (Allocation Failure) 122M->122M(127M) 28.743ms
[2020-08-10T13:05:03.165+0300][1242.710s][info ][gc] GC(40031) Pause Young (Allocation Failure) 122M->122M(127M) 15.743ms
[2020-08-10T13:05:03.181+0300][1242.726s][info ][gc] GC(40032) Pause Young (Allocation Failure) 123M->123M(127M) 15.737ms
[2020-08-10T13:05:03.197+0300][1242.742s][info ][gc] GC(40033) Pause Young (Allocation Failure) 123M->123M(127M) 15.297ms
[2020-08-10T13:05:03.212+0300][1242.758s][info ][gc] GC(40034) Pause Young (Allocation Failure) 124M->124M(127M) 15.509ms
[2020-08-10T13:05:03.229+0300][1242.774s][info ][gc] GC(40035) Pause Young (Allocation Failure) 124M->124M(127M) 15.539ms
[2020-08-10T13:05:03.245+0300][1242.790s][info ][gc] GC(40036) Pause Young (Allocation Failure) 125M->125M(127M) 15.456ms
[2020-08-10T13:05:03.261+0300][1242.806s][info ][gc] GC(40037) Pause Young (Allocation Failure) 125M->125M(127M) 15.509ms
[2020-08-10T13:05:03.594+0300][1243.139s][debug][gc] GC(40038) Expanding ParOldGen from 128512K by 10752K to 139264K
[2020-08-10T13:05:03.594+0300][1243.140s][info ][gc] GC(40038) Pause Full (Ergonomics) 125M->125M(137M) 333.458ms
[2020-08-10T13:05:03.608+0300][1243.154s][info ][gc] GC(40039) Pause Young (Allocation Failure) 125M->125M(137M) 13.836ms
[2020-08-10T13:05:03.624+0300][1243.169s][info ][gc] GC(40040) Pause Young (Allocation Failure) 126M->126M(137M) 15.264ms
[2020-08-10T13:05:03.639+0300][1243.185s][info ][gc] GC(40041) Pause Young (Allocation Failure) 126M->126M(137M) 15.108ms
[2020-08-10T13:05:03.655+0300][1243.200s][info ][gc] GC(40042) Pause Young (Allocation Failure) 127M->127M(137M) 15.365ms
[2020-08-10T13:05:03.671+0300][1243.216s][info ][gc] GC(40043) Pause Young (Allocation Failure) 127M->127M(137M) 15.342ms
[2020-08-10T13:05:03.686+0300][1243.232s][info ][gc] GC(40044) Pause Young (Allocation Failure) 128M->128M(137M) 15.136ms
[2020-08-10T13:05:03.702+0300][1243.248s][info ][gc] GC(40045) Pause Young (Allocation Failure) 128M->128M(137M) 15.588ms
[2020-08-10T13:05:03.719+0300][1243.264s][info ][gc] GC(40046) Pause Young (Allocation Failure) 129M->129M(137M) 15.649ms
[2020-08-10T13:05:03.735+0300][1243.280s][info ][gc] GC(40047) Pause Young (Allocation Failure) 129M->129M(137M) 15.557ms
[2020-08-10T13:05:03.751+0300][1243.296s][info ][gc] GC(40048) Pause Young (Allocation Failure) 129M->129M(137M) 15.487ms
[2020-08-10T13:05:03.767+0300][1243.312s][info ][gc] GC(40049) Pause Young (Allocation Failure) 130M->130M(137M) 15.567ms
[2020-08-10T13:05:03.815+0300][1243.360s][info ][gc] GC(40050) Pause Young (Allocation Failure) 130M->130M(137M) 47.808ms
[2020-08-10T13:05:03.843+0300][1243.388s][info ][gc] GC(40051) Pause Young (Allocation Failure) 131M->131M(137M) 27.536ms
[2020-08-10T13:05:03.859+0300][1243.405s][info ][gc] GC(40052) Pause Young (Allocation Failure) 131M->131M(137M) 16.061ms
[2020-08-10T13:05:03.876+0300][1243.422s][info ][gc] GC(40053) Pause Young (Allocation Failure) 132M->132M(137M) 16.346ms
[2020-08-10T13:05:03.915+0300][1243.460s][info ][gc] GC(40054) Pause Young (Allocation Failure) 132M->132M(137M) 38.320ms
[2020-08-10T13:05:03.932+0300][1243.477s][info ][gc] GC(40055) Pause Young (Allocation Failure) 133M->133M(137M) 16.144ms
[2020-08-10T13:05:03.948+0300][1243.493s][info ][gc] GC(40056) Pause Young (Allocation Failure) 133M->133M(137M) 15.834ms
[2020-08-10T13:05:03.964+0300][1243.510s][info ][gc] GC(40057) Pause Young (Allocation Failure) 134M->134M(137M) 16.191ms
[2020-08-10T13:05:03.981+0300][1243.526s][info ][gc] GC(40058) Pause Young (Allocation Failure) 134M->134M(137M) 15.981ms
[2020-08-10T13:05:03.997+0300][1243.543s][info ][gc] GC(40059) Pause Young (Allocation Failure) 135M->135M(137M) 15.764ms
[2020-08-10T13:05:04.036+0300][1243.582s][info ][gc] GC(40060) Pause Young (Allocation Failure) 135M->135M(137M) 38.638ms
[2020-08-10T13:05:04.037+0300][1243.582s][debug][gc] Expanding ParOldGen from 139264K by 19968K to 159232K
[2020-08-10T13:05:04.062+0300][1243.607s][info ][gc] GC(40061) Pause Young (Allocation Failure) 155M->154M(157M) 16.120ms
[2020-08-10T13:05:04.100+0300][1243.646s][info ][gc] GC(40062) Pause Young (Allocation Failure) 155M->155M(157M) 37.964ms
[2020-08-10T13:05:04.127+0300][1243.672s][info ][gc] GC(40063) Pause Young (Allocation Failure) 155M->155M(157M) 26.275ms
[2020-08-10T13:05:04.180+0300][1243.726s][debug][gc] GC(40064) Shrinking ParOldGen from 159232K by 125440K to 33792K
[2020-08-10T13:05:04.180+0300][1243.726s][info ][gc] GC(40064) Pause Full (Ergonomics) 155M->22M(34M) 53.320ms
[2020-08-10T13:05:04.209+0300][1243.754s][info ][gc] GC(40065) Pause Young (Allocation Failure) 22M->22M(34M) 27.739ms
[2020-08-10T13:05:04.228+0300][1243.774s][info ][gc] GC(40066) Pause Young (Allocation Failure) 22M->22M(34M) 19.438ms
[2020-08-10T13:05:04.243+0300][1243.788s][info ][gc] GC(40067) Pause Young (Allocation Failure) 23M->23M(34M) 13.973ms
[2020-08-10T13:05:04.257+0300][1243.802s][info ][gc] GC(40068) Pause Young (Allocation Failure) 23M->23M(34M) 13.274ms
[2020-08-10T13:05:04.270+0300][1243.816s][info ][gc] GC(40069) Pause Young (Allocation Failure) 24M->24M(34M) 13.324ms
[2020-08-10T13:05:04.284+0300][1243.830s][info ][gc] GC(40070) Pause Young (Allocation Failure) 24M->24M(34M) 13.383ms
[2020-08-10T13:05:04.298+0300][1243.844s][info ][gc] GC(40071) Pause Young (Allocation Failure) 25M->25M(34M) 13.474ms
[2020-08-10T13:05:04.312+0300][1243.858s][info ][gc] GC(40072) Pause Young (Allocation Failure) 25M->25M(34M) 13.352ms
[2020-08-10T13:05:04.326+0300][1243.871s][info ][gc] GC(40073) Pause Young (Allocation Failure) 26M->26M(34M) 13.199ms
[2020-08-10T13:05:04.340+0300][1243.885s][info ][gc] GC(40074) Pause Young (Allocation Failure) 26M->26M(34M) 13.389ms
[2020-08-10T13:05:04.354+0300][1243.899s][info ][gc] GC(40075) Pause Young (Allocation Failure) 27M->27M(34M) 13.474ms
[2020-08-10T13:05:04.367+0300][1243.913s][info ][gc] GC(40076) Pause Young (Allocation Failure) 27M->27M(34M) 13.390ms
[2020-08-10T13:05:04.381+0300][1243.927s][info ][gc] GC(40077) Pause Young (Allocation Failure) 27M->27M(34M) 13.424ms
[2020-08-10T13:05:04.395+0300][1243.940s][info ][gc] GC(40078) Pause Young (Allocation Failure) 28M->28M(34M) 13.322ms
[2020-08-10T13:05:04.409+0300][1243.954s][info ][gc] GC(40079) Pause Young (Allocation Failure) 28M->28M(34M) 13.456ms
[2020-08-10T13:05:04.423+0300][1243.968s][info ][gc] GC(40080) Pause Young (Allocation Failure) 29M->29M(34M) 13.469ms
[2020-08-10T13:05:04.437+0300][1243.982s][info ][gc] GC(40081) Pause Young (Allocation Failure) 29M->29M(34M) 13.497ms
[2020-08-10T13:05:04.451+0300][1243.996s][info ][gc] GC(40082) Pause Young (Allocation Failure) 30M->30M(34M) 13.565ms
[2020-08-10T13:05:04.465+0300][1244.011s][info ][gc] GC(40083) Pause Young (Allocation Failure) 31M->31M(34M) 13.714ms
[2020-08-10T13:05:04.480+0300][1244.025s][info ][gc] GC(40084) Pause Young (Allocation Failure) 32M->32M(35M) 13.713ms
[2020-08-10T13:05:04.494+0300][1244.039s][info ][gc] GC(40085) Pause Young (Allocation Failure) 33M->32M(35M) 13.789ms
[2020-08-10T13:05:04.508+0300][1244.054s][info ][gc] GC(40086) Pause Young (Allocation Failure) 33M->33M(35M) 13.849ms
[2020-08-10T13:05:04.573+0300][1244.118s][debug][gc] GC(40087) Expanding ParOldGen from 33792K by 11264K to 45056K
[2020-08-10T13:05:04.573+0300][1244.119s][info ][gc] GC(40087) Pause Full (Ergonomics) 33M->33M(46M) 64.525ms
[2020-08-10T13:05:04.591+0300][1244.137s][info ][gc] GC(40088) Pause Young (Allocation Failure) 34M->34M(46M) 17.792ms
[2020-08-10T13:05:04.606+0300][1244.152s][info ][gc] GC(40089) Pause Young (Allocation Failure) 35M->35M(46M) 14.071ms
[2020-08-10T13:05:04.621+0300][1244.166s][info ][gc] GC(40090) Pause Young (Allocation Failure) 36M->36M(46M) 13.966ms
[2020-08-10T13:05:04.635+0300][1244.181s][info ][gc] GC(40091) Pause Young (Allocation Failure) 37M->37M(46M) 14.021ms
[2020-08-10T13:05:04.650+0300][1244.195s][info ][gc] GC(40092) Pause Young (Allocation Failure) 38M->38M(46M) 13.998ms
[2020-08-10T13:05:04.665+0300][1244.210s][info ][gc] GC(40093) Pause Young (Allocation Failure) 39M->39M(46M) 14.008ms
[2020-08-10T13:05:04.679+0300][1244.225s][info ][gc] GC(40094) Pause Young (Allocation Failure) 40M->40M(46M) 13.941ms
[2020-08-10T13:05:04.694+0300][1244.239s][info ][gc] GC(40095) Pause Young (Allocation Failure) 41M->41M(46M) 14.046ms
[2020-08-10T13:05:04.708+0300][1244.254s][info ][gc] GC(40096) Pause Young (Allocation Failure) 42M->42M(46M) 14.045ms
[2020-08-10T13:05:04.742+0300][1244.287s][info ][gc] GC(40097) Pause Young (Allocation Failure) 43M->43M(46M) 32.868ms
[2020-08-10T13:05:04.773+0300][1244.319s][info ][gc] GC(40098) Pause Young (Allocation Failure) 44M->43M(46M) 30.741ms
[2020-08-10T13:05:04.859+0300][1244.405s][debug][gc] GC(40099) Expanding ParOldGen from 45056K by 11776K to 56832K
[2020-08-10T13:05:04.860+0300][1244.405s][info ][gc] GC(40099) Pause Full (Ergonomics) 43M->43M(58M) 86.106ms
[2020-08-10T13:05:04.874+0300][1244.419s][info ][gc] GC(40100) Pause Young (Allocation Failure) 44M->44M(58M) 13.716ms
[2020-08-10T13:05:04.888+0300][1244.434s][info ][gc] GC(40101) Pause Young (Allocation Failure) 45M->45M(58M) 13.906ms
[2020-08-10T13:05:04.903+0300][1244.448s][info ][gc] GC(40102) Pause Young (Allocation Failure) 46M->46M(58M) 13.796ms
[2020-08-10T13:05:04.917+0300][1244.463s][info ][gc] GC(40103) Pause Young (Allocation Failure) 47M->47M(58M) 13.984ms
[2020-08-10T13:05:04.932+0300][1244.478s][info ][gc] GC(40104) Pause Young (Allocation Failure) 48M->48M(58M) 13.994ms
[2020-08-10T13:05:04.947+0300][1244.492s][info ][gc] GC(40105) Pause Young (Allocation Failure) 49M->49M(58M) 14.091ms
[2020-08-10T13:05:04.962+0300][1244.507s][info ][gc] GC(40106) Pause Young (Allocation Failure) 50M->50M(58M) 13.959ms
[2020-08-10T13:05:04.976+0300][1244.522s][info ][gc] GC(40107) Pause Young (Allocation Failure) 51M->51M(58M) 13.916ms
[2020-08-10T13:05:04.991+0300][1244.536s][info ][gc] GC(40108) Pause Young (Allocation Failure) 52M->52M(58M) 14.091ms
[2020-08-10T13:05:05.005+0300][1244.551s][info ][gc] GC(40109) Pause Young (Allocation Failure) 53M->53M(58M) 14.064ms
[2020-08-10T13:05:05.020+0300][1244.566s][info ][gc] GC(40110) Pause Young (Allocation Failure) 54M->54M(58M) 13.967ms
[2020-08-10T13:05:05.035+0300][1244.580s][info ][gc] GC(40111) Pause Young (Allocation Failure) 55M->54M(58M) 14.009ms
[2020-08-10T13:05:05.049+0300][1244.595s][info ][gc] GC(40112) Pause Young (Allocation Failure) 55M->55M(58M) 14.031ms
[2020-08-10T13:05:05.169+0300][1244.714s][debug][gc] GC(40113) Expanding ParOldGen from 56832K by 11776K to 68608K
[2020-08-10T13:05:05.169+0300][1244.714s][info ][gc] GC(40113) Pause Full (Ergonomics) 55M->55M(69M) 119.485ms
[2020-08-10T13:05:05.194+0300][1244.739s][info ][gc] GC(40114) Pause Young (Allocation Failure) 56M->56M(69M) 24.342ms
[2020-08-10T13:05:05.209+0300][1244.754s][info ][gc] GC(40115) Pause Young (Allocation Failure) 57M->57M(69M) 14.163ms
[2020-08-10T13:05:05.224+0300][1244.769s][info ][gc] GC(40116) Pause Young (Allocation Failure) 58M->58M(69M) 14.178ms
[2020-08-10T13:05:05.238+0300][1244.784s][info ][gc] GC(40117) Pause Young (Allocation Failure) 59M->59M(69M) 14.111ms
[2020-08-10T13:05:05.253+0300][1244.798s][info ][gc] GC(40118) Pause Young (Allocation Failure) 60M->60M(69M) 14.208ms
[2020-08-10T13:05:05.268+0300][1244.813s][info ][gc] GC(40119) Pause Young (Allocation Failure) 61M->61M(69M) 14.201ms
[2020-08-10T13:05:05.283+0300][1244.828s][info ][gc] GC(40120) Pause Young (Allocation Failure) 62M->62M(69M) 14.199ms
[2020-08-10T13:05:05.297+0300][1244.843s][info ][gc] GC(40121) Pause Young (Allocation Failure) 63M->63M(69M) 14.162ms
[2020-08-10T13:05:05.312+0300][1244.858s][info ][gc] GC(40122) Pause Young (Allocation Failure) 64M->64M(69M) 14.214ms
[2020-08-10T13:05:05.327+0300][1244.873s][info ][gc] GC(40123) Pause Young (Allocation Failure) 65M->65M(69M) 14.194ms
[2020-08-10T13:05:05.342+0300][1244.887s][info ][gc] GC(40124) Pause Young (Allocation Failure) 66M->65M(69M) 14.111ms
[2020-08-10T13:05:05.356+0300][1244.902s][info ][gc] GC(40125) Pause Young (Allocation Failure) 66M->66M(69M) 14.049ms
[2020-08-10T13:05:05.511+0300][1245.056s][debug][gc] GC(40126) Expanding ParOldGen from 68608K by 11264K to 79872K
[2020-08-10T13:05:05.511+0300][1245.056s][info ][gc] GC(40126) Pause Full (Ergonomics) 66M->66M(80M) 154.134ms
[2020-08-10T13:05:05.525+0300][1245.070s][info ][gc] GC(40127) Pause Young (Allocation Failure) 67M->67M(80M) 13.603ms
[2020-08-10T13:05:05.539+0300][1245.085s][info ][gc] GC(40128) Pause Young (Allocation Failure) 68M->68M(80M) 13.896ms
[2020-08-10T13:05:05.554+0300][1245.100s][info ][gc] GC(40129) Pause Young (Allocation Failure) 69M->69M(80M) 14.382ms
[2020-08-10T13:05:05.569+0300][1245.115s][info ][gc] GC(40130) Pause Young (Allocation Failure) 70M->70M(80M) 14.064ms
[2020-08-10T13:05:05.584+0300][1245.129s][info ][gc] GC(40131) Pause Young (Allocation Failure) 71M->71M(80M) 13.871ms
[2020-08-10T13:05:05.598+0300][1245.144s][info ][gc] GC(40132) Pause Young (Allocation Failure) 72M->72M(80M) 14.403ms
[2020-08-10T13:05:05.613+0300][1245.159s][info ][gc] GC(40133) Pause Young (Allocation Failure) 73M->73M(80M) 14.183ms
[2020-08-10T13:05:05.628+0300][1245.173s][info ][gc] GC(40134) Pause Young (Allocation Failure) 74M->74M(79M) 14.080ms
[2020-08-10T13:05:05.642+0300][1245.188s][info ][gc] GC(40135) Pause Young (Allocation Failure) 74M->74M(80M) 13.853ms
[2020-08-10T13:05:05.656+0300][1245.202s][info ][gc] GC(40136) Pause Young (Allocation Failure) 75M->75M(80M) 13.561ms
[2020-08-10T13:05:05.670+0300][1245.216s][info ][gc] GC(40137) Pause Young (Allocation Failure) 75M->75M(80M) 13.620ms
[2020-08-10T13:05:05.684+0300][1245.230s][info ][gc] GC(40138) Pause Young (Allocation Failure) 76M->76M(80M) 13.431ms
[2020-08-10T13:05:05.698+0300][1245.244s][info ][gc] GC(40139) Pause Young (Allocation Failure) 76M->76M(80M) 13.506ms
[2020-08-10T13:05:05.712+0300][1245.257s][info ][gc] GC(40140) Pause Young (Allocation Failure) 77M->77M(80M) 13.383ms
[2020-08-10T13:05:05.728+0300][1245.274s][info ][gc] GC(40141) Pause Young (Allocation Failure) 77M->77M(80M) 15.917ms
[2020-08-10T13:05:05.929+0300][1245.474s][debug][gc] GC(40142) Expanding ParOldGen from 79872K by 11264K to 91136K
[2020-08-10T13:05:05.929+0300][1245.474s][info ][gc] GC(40142) Pause Full (Ergonomics) 77M->77M(91M) 200.569ms
[2020-08-10T13:05:05.943+0300][1245.488s][info ][gc] GC(40143) Pause Young (Allocation Failure) 77M->77M(91M) 13.414ms
[2020-08-10T13:05:05.957+0300][1245.502s][info ][gc] GC(40144) Pause Young (Allocation Failure) 78M->78M(91M) 13.343ms
[2020-08-10T13:05:05.971+0300][1245.516s][info ][gc] GC(40145) Pause Young (Allocation Failure) 78M->78M(91M) 13.549ms
[2020-08-10T13:05:05.984+0300][1245.530s][info ][gc] GC(40146) Pause Young (Allocation Failure) 79M->79M(91M) 13.439ms
[2020-08-10T13:05:05.998+0300][1245.544s][info ][gc] GC(40147) Pause Young (Allocation Failure) 79M->79M(91M) 13.467ms
[2020-08-10T13:05:06.012+0300][1245.558s][info ][gc] GC(40148) Pause Young (Allocation Failure) 80M->80M(91M) 13.533ms
[2020-08-10T13:05:06.026+0300][1245.572s][info ][gc] GC(40149) Pause Young (Allocation Failure) 80M->80M(91M) 13.610ms
[2020-08-10T13:05:06.040+0300][1245.586s][info ][gc] GC(40150) Pause Young (Allocation Failure) 81M->81M(91M) 13.626ms
[2020-08-10T13:05:06.055+0300][1245.600s][info ][gc] GC(40151) Pause Young (Allocation Failure) 81M->81M(90M) 13.949ms
[2020-08-10T13:05:06.069+0300][1245.615s][info ][gc] GC(40152) Pause Young (Allocation Failure) 82M->82M(90M) 13.683ms
[2020-08-10T13:05:06.083+0300][1245.629s][info ][gc] GC(40153) Pause Young (Allocation Failure) 82M->82M(90M) 13.614ms
[2020-08-10T13:05:06.097+0300][1245.643s][info ][gc] GC(40154) Pause Young (Allocation Failure) 82M->82M(90M) 13.615ms
[2020-08-10T13:05:06.111+0300][1245.657s][info ][gc] GC(40155) Pause Young (Allocation Failure) 83M->83M(90M) 13.588ms
[2020-08-10T13:05:06.126+0300][1245.671s][info ][gc] GC(40156) Pause Young (Allocation Failure) 83M->83M(90M) 13.650ms
[2020-08-10T13:05:06.140+0300][1245.685s][info ][gc] GC(40157) Pause Young (Allocation Failure) 84M->84M(90M) 13.634ms
[2020-08-10T13:05:06.154+0300][1245.699s][info ][gc] GC(40158) Pause Young (Allocation Failure) 84M->84M(90M) 13.731ms
[2020-08-10T13:05:06.168+0300][1245.713s][info ][gc] GC(40159) Pause Young (Allocation Failure) 85M->85M(90M) 13.447ms
[2020-08-10T13:05:06.182+0300][1245.727s][info ][gc] GC(40160) Pause Young (Allocation Failure) 85M->85M(90M) 13.475ms
[2020-08-10T13:05:06.196+0300][1245.741s][info ][gc] GC(40161) Pause Young (Allocation Failure) 86M->86M(90M) 13.665ms
[2020-08-10T13:05:06.210+0300][1245.755s][info ][gc] GC(40162) Pause Young (Allocation Failure) 86M->86M(90M) 13.609ms
[2020-08-10T13:05:06.224+0300][1245.770s][info ][gc] GC(40163) Pause Young (Allocation Failure) 87M->87M(90M) 13.658ms
[2020-08-10T13:05:06.238+0300][1245.784s][info ][gc] GC(40164) Pause Young (Allocation Failure) 87M->87M(90M) 13.643ms
[2020-08-10T13:05:06.252+0300][1245.798s][info ][gc] GC(40165) Pause Young (Allocation Failure) 88M->87M(90M) 13.577ms
[2020-08-10T13:05:06.266+0300][1245.812s][info ][gc] GC(40166) Pause Young (Allocation Failure) 88M->88M(90M) 13.573ms
[2020-08-10T13:05:06.280+0300][1245.826s][info ][gc] GC(40167) Pause Young (Allocation Failure) 88M->88M(90M) 13.600ms
[2020-08-10T13:05:06.497+0300][1246.042s][debug][gc] GC(40168) Expanding ParOldGen from 91136K by 10752K to 101888K
[2020-08-10T13:05:06.497+0300][1246.042s][info ][gc] GC(40168) Pause Full (Ergonomics) 88M->88M(101M) 216.208ms
[2020-08-10T13:05:06.511+0300][1246.056s][info ][gc] GC(40169) Pause Young (Allocation Failure) 89M->89M(101M) 13.465ms
[2020-08-10T13:05:06.525+0300][1246.070s][info ][gc] GC(40170) Pause Young (Allocation Failure) 89M->89M(101M) 13.606ms
[2020-08-10T13:05:06.539+0300][1246.085s][info ][gc] GC(40171) Pause Young (Allocation Failure) 90M->90M(101M) 13.691ms
[2020-08-10T13:05:06.553+0300][1246.099s][info ][gc] GC(40172) Pause Young (Allocation Failure) 90M->90M(101M) 13.610ms
[2020-08-10T13:05:06.567+0300][1246.113s][info ][gc] GC(40173) Pause Young (Allocation Failure) 91M->90M(101M) 13.481ms
[2020-08-10T13:05:06.581+0300][1246.126s][info ][gc] GC(40174) Pause Young (Allocation Failure) 91M->91M(101M) 13.423ms
[2020-08-10T13:05:06.595+0300][1246.140s][info ][gc] GC(40175) Pause Young (Allocation Failure) 91M->91M(101M) 13.358ms
[2020-08-10T13:05:06.608+0300][1246.154s][info ][gc] GC(40176) Pause Young (Allocation Failure) 92M->92M(101M) 13.359ms
[2020-08-10T13:05:06.622+0300][1246.168s][info ][gc] GC(40177) Pause Young (Allocation Failure) 92M->92M(101M) 13.398ms
[2020-08-10T13:05:06.636+0300][1246.181s][info ][gc] GC(40178) Pause Young (Allocation Failure) 93M->93M(101M) 13.526ms
[2020-08-10T13:05:06.650+0300][1246.195s][info ][gc] GC(40179) Pause Young (Allocation Failure) 93M->93M(101M) 13.528ms
[2020-08-10T13:05:06.664+0300][1246.209s][info ][gc] GC(40180) Pause Young (Allocation Failure) 94M->94M(101M) 13.571ms
[2020-08-10T13:05:06.678+0300][1246.223s][info ][gc] GC(40181) Pause Young (Allocation Failure) 94M->94M(101M) 13.651ms
[2020-08-10T13:05:06.692+0300][1246.238s][info ][gc] GC(40182) Pause Young (Allocation Failure) 95M->95M(101M) 13.643ms
[2020-08-10T13:05:06.706+0300][1246.252s][info ][gc] GC(40183) Pause Young (Allocation Failure) 95M->95M(101M) 13.722ms
[2020-08-10T13:05:06.721+0300][1246.266s][info ][gc] GC(40184) Pause Young (Allocation Failure) 96M->96M(101M) 13.662ms
[2020-08-10T13:05:06.735+0300][1246.280s][info ][gc] GC(40185) Pause Young (Allocation Failure) 96M->96M(101M) 13.620ms
[2020-08-10T13:05:06.749+0300][1246.294s][info ][gc] GC(40186) Pause Young (Allocation Failure) 96M->96M(101M) 13.617ms
[2020-08-10T13:05:06.763+0300][1246.308s][info ][gc] GC(40187) Pause Young (Allocation Failure) 97M->97M(101M) 13.672ms
[2020-08-10T13:05:06.777+0300][1246.322s][info ][gc] GC(40188) Pause Young (Allocation Failure) 97M->97M(101M) 13.615ms
[2020-08-10T13:05:06.791+0300][1246.337s][info ][gc] GC(40189) Pause Young (Allocation Failure) 98M->98M(101M) 13.836ms
[2020-08-10T13:05:06.805+0300][1246.351s][info ][gc] GC(40190) Pause Young (Allocation Failure) 98M->98M(101M) 13.551ms
[2020-08-10T13:05:06.820+0300][1246.366s][info ][gc] GC(40191) Pause Young (Allocation Failure) 99M->99M(101M) 14.213ms
[2020-08-10T13:05:07.074+0300][1246.619s][debug][gc] GC(40192) Expanding ParOldGen from 101888K by 10752K to 112640K
[2020-08-10T13:05:07.074+0300][1246.619s][info ][gc] GC(40192) Pause Full (Ergonomics) 99M->99M(111M) 253.478ms
[2020-08-10T13:05:07.116+0300][1246.662s][info ][gc] GC(40193) Pause Young (Allocation Failure) 100M->100M(112M) 41.961ms
[2020-08-10T13:05:07.133+0300][1246.679s][info ][gc] GC(40194) Pause Young (Allocation Failure) 101M->101M(112M) 16.174ms
[2020-08-10T13:05:07.150+0300][1246.696s][info ][gc] GC(40195) Pause Young (Allocation Failure) 102M->102M(112M) 16.383ms
[2020-08-10T13:05:07.167+0300][1246.712s][info ][gc] GC(40196) Pause Young (Allocation Failure) 103M->103M(112M) 16.282ms
[2020-08-10T13:05:07.184+0300][1246.729s][info ][gc] GC(40197) Pause Young (Allocation Failure) 104M->104M(112M) 16.313ms
[2020-08-10T13:05:07.201+0300][1246.746s][info ][gc] GC(40198) Pause Young (Allocation Failure) 105M->105M(112M) 16.415ms
[2020-08-10T13:05:07.218+0300][1246.764s][info ][gc] GC(40199) Pause Young (Allocation Failure) 106M->106M(112M) 16.468ms
[2020-08-10T13:05:07.235+0300][1246.781s][info ][gc] GC(40200) Pause Young (Allocation Failure) 107M->106M(112M) 16.810ms
[2020-08-10T13:05:07.253+0300][1246.798s][info ][gc] GC(40201) Pause Young (Allocation Failure) 107M->107M(112M) 16.571ms
[2020-08-10T13:05:07.270+0300][1246.815s][info ][gc] GC(40202) Pause Young (Allocation Failure) 108M->108M(112M) 16.705ms
[2020-08-10T13:05:07.287+0300][1246.833s][info ][gc] GC(40203) Pause Young (Allocation Failure) 109M->109M(112M) 16.883ms
[2020-08-10T13:05:07.617+0300][1247.162s][debug][gc] GC(40204) Expanding ParOldGen from 112640K by 11264K to 123904K
[2020-08-10T13:05:07.617+0300][1247.162s][info ][gc] GC(40204) Pause Full (Ergonomics) 109M->109M(123M) 329.363ms
[2020-08-10T13:05:07.632+0300][1247.177s][info ][gc] GC(40205) Pause Young (Allocation Failure) 110M->110M(123M) 14.280ms
[2020-08-10T13:05:07.649+0300][1247.194s][info ][gc] GC(40206) Pause Young (Allocation Failure) 111M->111M(123M) 16.574ms
[2020-08-10T13:05:07.666+0300][1247.212s][info ][gc] GC(40207) Pause Young (Allocation Failure) 112M->112M(123M) 16.670ms
[2020-08-10T13:05:07.683+0300][1247.229s][info ][gc] GC(40208) Pause Young (Allocation Failure) 113M->113M(123M) 16.609ms
[2020-08-10T13:05:07.701+0300][1247.246s][info ][gc] GC(40209) Pause Young (Allocation Failure) 114M->114M(123M) 16.871ms
[2020-08-10T13:05:07.718+0300][1247.264s][info ][gc] GC(40210) Pause Young (Allocation Failure) 115M->115M(123M) 16.870ms
[2020-08-10T13:05:07.736+0300][1247.281s][info ][gc] GC(40211) Pause Young (Allocation Failure) 116M->116M(123M) 17.003ms
[2020-08-10T13:05:07.753+0300][1247.299s][info ][gc] GC(40212) Pause Young (Allocation Failure) 117M->117M(123M) 16.869ms
[2020-08-10T13:05:07.771+0300][1247.316s][info ][gc] GC(40213) Pause Young (Allocation Failure) 118M->118M(123M) 16.860ms
[2020-08-10T13:05:07.789+0300][1247.334s][info ][gc] GC(40214) Pause Young (Allocation Failure) 119M->119M(123M) 17.642ms
[2020-08-10T13:05:07.807+0300][1247.352s][info ][gc] GC(40215) Pause Young (Allocation Failure) 120M->120M(123M) 17.626ms
[2020-08-10T13:05:07.825+0300][1247.370s][info ][gc] GC(40216) Pause Young (Allocation Failure) 121M->120M(123M) 17.405ms
[2020-08-10T13:05:08.147+0300][1247.692s][debug][gc] GC(40217) Expanding ParOldGen from 123904K by 11776K to 135680K
[2020-08-10T13:05:08.147+0300][1247.693s][info ][gc] GC(40217) Pause Full (Ergonomics) 120M->120M(135M) 322.105ms
[2020-08-10T13:05:08.189+0300][1247.734s][info ][gc] GC(40218) Pause Young (Allocation Failure) 121M->121M(135M) 41.299ms
[2020-08-10T13:05:08.207+0300][1247.753s][info ][gc] GC(40219) Pause Young (Allocation Failure) 122M->122M(135M) 17.806ms
[2020-08-10T13:05:08.233+0300][1247.778s][info ][gc] GC(40220) Pause Young (Allocation Failure) 123M->123M(135M) 24.700ms
[2020-08-10T13:05:08.251+0300][1247.797s][info ][gc] GC(40221) Pause Young (Allocation Failure) 124M->124M(135M) 17.947ms
[2020-08-10T13:05:08.270+0300][1247.816s][info ][gc] GC(40222) Pause Young (Allocation Failure) 125M->125M(135M) 18.381ms
[2020-08-10T13:05:08.289+0300][1247.835s][info ][gc] GC(40223) Pause Young (Allocation Failure) 126M->126M(135M) 18.174ms
[2020-08-10T13:05:08.308+0300][1247.854s][info ][gc] GC(40224) Pause Young (Allocation Failure) 127M->127M(135M) 18.561ms
[2020-08-10T13:05:08.332+0300][1247.877s][info ][gc] GC(40225) Pause Young (Allocation Failure) 128M->128M(135M) 22.754ms
[2020-08-10T13:05:08.351+0300][1247.896s][info ][gc] GC(40226) Pause Young (Allocation Failure) 129M->129M(135M) 18.475ms
[2020-08-10T13:05:08.387+0300][1247.932s][info ][gc] GC(40227) Pause Young (Allocation Failure) 130M->130M(135M) 35.567ms
[2020-08-10T13:05:08.406+0300][1247.952s][info ][gc] GC(40228) Pause Young (Allocation Failure) 131M->130M(135M) 19.090ms
[2020-08-10T13:05:08.426+0300][1247.971s][info ][gc] GC(40229) Pause Young (Allocation Failure) 131M->131M(135M) 18.966ms
[2020-08-10T13:05:08.446+0300][1247.991s][info ][gc] GC(40230) Pause Young (Allocation Failure) 132M->132M(135M) 19.058ms
[2020-08-10T13:05:08.803+0300][1248.348s][debug][gc] GC(40231) Expanding ParOldGen from 135680K by 11264K to 146944K
[2020-08-10T13:05:08.803+0300][1248.348s][info ][gc] GC(40231) Pause Full (Ergonomics) 132M->132M(146M) 357.141ms
[2020-08-10T13:05:08.838+0300][1248.384s][info ][gc] GC(40232) Pause Young (Allocation Failure) 133M->133M(146M) 34.616ms
[2020-08-10T13:05:08.858+0300][1248.403s][info ][gc] GC(40233) Pause Young (Allocation Failure) 134M->134M(146M) 19.305ms
[2020-08-10T13:05:08.877+0300][1248.423s][info ][gc] GC(40234) Pause Young (Allocation Failure) 135M->135M(146M) 19.057ms
[2020-08-10T13:05:08.878+0300][1248.423s][debug][gc] Expanding ParOldGen from 146944K by 19968K to 166912K
[2020-08-10T13:05:08.916+0300][1248.461s][info ][gc] GC(40235) Pause Young (Allocation Failure) 155M->155M(165M) 29.927ms
[2020-08-10T13:05:08.944+0300][1248.489s][info ][gc] GC(40236) Pause Young (Allocation Failure) 156M->156M(165M) 27.447ms
[2020-08-10T13:05:08.971+0300][1248.517s][info ][gc] GC(40237) Pause Young (Allocation Failure) 157M->157M(165M) 27.096ms
[2020-08-10T13:05:08.999+0300][1248.545s][info ][gc] GC(40238) Pause Young (Allocation Failure) 158M->158M(165M) 27.584ms
[2020-08-10T13:05:09.027+0300][1248.573s][info ][gc] GC(40239) Pause Young (Allocation Failure) 159M->159M(165M) 27.037ms
[2020-08-10T13:05:09.055+0300][1248.601s][info ][gc] GC(40240) Pause Young (Allocation Failure) 160M->160M(165M) 27.214ms
[2020-08-10T13:05:09.083+0300][1248.628s][info ][gc] GC(40241) Pause Young (Allocation Failure) 161M->161M(165M) 27.220ms
[2020-08-10T13:05:09.111+0300][1248.656s][info ][gc] GC(40242) Pause Young (Allocation Failure) 162M->162M(165M) 27.315ms
[2020-08-10T13:05:09.139+0300][1248.684s][info ][gc] GC(40243) Pause Young (Allocation Failure) 163M->163M(165M) 27.303ms
[2020-08-10T13:05:09.224+0300][1248.770s][debug][gc] GC(40244) Shrinking ParOldGen from 166912K by 125440K to 41472K
[2020-08-10T13:05:09.224+0300][1248.770s][info ][gc] GC(40244) Pause Full (Ergonomics) 163M->29M(43M) 85.490ms
[2020-08-10T13:05:09.238+0300][1248.784s][info ][gc] GC(40245) Pause Young (Allocation Failure) 30M->30M(43M) 13.335ms
[2020-08-10T13:05:09.252+0300][1248.798s][info ][gc] GC(40246) Pause Young (Allocation Failure) 31M->31M(43M) 13.849ms
[2020-08-10T13:05:09.267+0300][1248.812s][info ][gc] GC(40247) Pause Young (Allocation Failure) 32M->32M(43M) 13.915ms
[2020-08-10T13:05:09.281+0300][1248.827s][info ][gc] GC(40248) Pause Young (Allocation Failure) 33M->33M(43M) 14.084ms
[2020-08-10T13:05:09.296+0300][1248.841s][info ][gc] GC(40249) Pause Young (Allocation Failure) 34M->34M(43M) 13.621ms
[2020-08-10T13:05:09.310+0300][1248.856s][info ][gc] GC(40250) Pause Young (Allocation Failure) 35M->34M(43M) 13.917ms
[2020-08-10T13:05:09.325+0300][1248.870s][info ][gc] GC(40251) Pause Young (Allocation Failure) 35M->35M(43M) 13.815ms
[2020-08-10T13:05:09.339+0300][1248.885s][info ][gc] GC(40252) Pause Young (Allocation Failure) 36M->36M(43M) 13.952ms
[2020-08-10T13:05:09.354+0300][1248.899s][info ][gc] GC(40253) Pause Young (Allocation Failure) 37M->37M(43M) 13.866ms
[2020-08-10T13:05:09.368+0300][1248.914s][info ][gc] GC(40254) Pause Young (Allocation Failure) 38M->38M(43M) 13.731ms
[2020-08-10T13:05:09.382+0300][1248.928s][info ][gc] GC(40255) Pause Young (Allocation Failure) 39M->39M(43M) 13.904ms
[2020-08-10T13:05:09.397+0300][1248.942s][info ][gc] GC(40256) Pause Young (Allocation Failure) 40M->40M(43M) 13.857ms
[2020-08-10T13:05:09.479+0300][1249.025s][debug][gc] GC(40257) Expanding ParOldGen from 41472K by 11264K to 52736K
[2020-08-10T13:05:09.479+0300][1249.025s][info ][gc] GC(40257) Pause Full (Ergonomics) 40M->40M(54M) 82.821ms
[2020-08-10T13:05:09.499+0300][1249.044s][info ][gc] GC(40258) Pause Young (Allocation Failure) 41M->41M(54M) 18.573ms
[2020-08-10T13:05:09.516+0300][1249.061s][info ][gc] GC(40259) Pause Young (Allocation Failure) 42M->42M(54M) 16.594ms
[2020-08-10T13:05:09.530+0300][1249.076s][info ][gc] GC(40260) Pause Young (Allocation Failure) 43M->43M(54M) 14.009ms
[2020-08-10T13:05:09.545+0300][1249.090s][info ][gc] GC(40261) Pause Young (Allocation Failure) 44M->44M(54M) 14.071ms
[2020-08-10T13:05:09.560+0300][1249.105s][info ][gc] GC(40262) Pause Young (Allocation Failure) 45M->45M(53M) 14.351ms
[2020-08-10T13:05:09.574+0300][1249.120s][info ][gc] GC(40263) Pause Young (Allocation Failure) 46M->46M(53M) 14.058ms
[2020-08-10T13:05:09.589+0300][1249.135s][info ][gc] GC(40264) Pause Young (Allocation Failure) 47M->47M(53M) 14.052ms
[2020-08-10T13:05:09.603+0300][1249.149s][info ][gc] GC(40265) Pause Young (Allocation Failure) 48M->48M(53M) 14.019ms
[2020-08-10T13:05:09.618+0300][1249.164s][info ][gc] GC(40266) Pause Young (Allocation Failure) 49M->49M(53M) 14.146ms
[2020-08-10T13:05:09.633+0300][1249.179s][info ][gc] GC(40267) Pause Young (Allocation Failure) 50M->50M(53M) 14.096ms
[2020-08-10T13:05:09.647+0300][1249.193s][info ][gc] GC(40268) Pause Young (Allocation Failure) 51M->51M(53M) 13.907ms
[2020-08-10T13:05:09.662+0300][1249.207s][info ][gc] GC(40269) Pause Young (Allocation Failure) 52M->51M(53M) 13.942ms
[2020-08-10T13:05:09.771+0300][1249.316s][debug][gc] GC(40270) Expanding ParOldGen from 52736K by 11776K to 64512K
[2020-08-10T13:05:09.771+0300][1249.316s][info ][gc] GC(40270) Pause Full (Ergonomics) 51M->51M(65M) 108.753ms
[2020-08-10T13:05:09.793+0300][1249.338s][info ][gc] GC(40271) Pause Young (Allocation Failure) 52M->52M(65M) 21.428ms
[2020-08-10T13:05:09.808+0300][1249.353s][info ][gc] GC(40272) Pause Young (Allocation Failure) 53M->53M(65M) 14.177ms
[2020-08-10T13:05:09.822+0300][1249.368s][info ][gc] GC(40273) Pause Young (Allocation Failure) 54M->54M(65M) 14.149ms
[2020-08-10T13:05:09.837+0300][1249.383s][info ][gc] GC(40274) Pause Young (Allocation Failure) 55M->55M(65M) 14.155ms
[2020-08-10T13:05:09.852+0300][1249.398s][info ][gc] GC(40275) Pause Young (Allocation Failure) 56M->56M(65M) 14.216ms
[2020-08-10T13:05:09.867+0300][1249.412s][info ][gc] GC(40276) Pause Young (Allocation Failure) 57M->57M(65M) 14.165ms
[2020-08-10T13:05:09.882+0300][1249.427s][info ][gc] GC(40277) Pause Young (Allocation Failure) 58M->58M(65M) 14.207ms
[2020-08-10T13:05:09.896+0300][1249.442s][info ][gc] GC(40278) Pause Young (Allocation Failure) 59M->59M(65M) 14.158ms
[2020-08-10T13:05:09.911+0300][1249.457s][info ][gc] GC(40279) Pause Young (Allocation Failure) 60M->60M(65M) 14.029ms
[2020-08-10T13:05:09.926+0300][1249.471s][info ][gc] GC(40280) Pause Young (Allocation Failure) 61M->61M(65M) 14.068ms
[2020-08-10T13:05:09.940+0300][1249.486s][info ][gc] GC(40281) Pause Young (Allocation Failure) 62M->62M(65M) 14.165ms
[2020-08-10T13:05:09.955+0300][1249.501s][info ][gc] GC(40282) Pause Young (Allocation Failure) 63M->63M(65M) 14.117ms
[2020-08-10T13:05:10.094+0300][1249.639s][debug][gc] GC(40283) Expanding ParOldGen from 64512K by 11264K to 75776K
[2020-08-10T13:05:10.094+0300][1249.640s][info ][gc] GC(40283) Pause Full (Ergonomics) 63M->63M(76M) 138.874ms
[2020-08-10T13:05:10.121+0300][1249.667s][info ][gc] GC(40284) Pause Young (Allocation Failure) 64M->64M(76M) 26.415ms
[2020-08-10T13:05:10.136+0300][1249.681s][info ][gc] GC(40285) Pause Young (Allocation Failure) 65M->65M(76M) 14.313ms
[2020-08-10T13:05:10.152+0300][1249.696s][info ][gc] GC(40286) Pause Young (Allocation Failure) 66M->65M(76M) 14.317ms
[2020-08-10T13:05:10.166+0300][1249.711s][info ][gc] GC(40287) Pause Young (Allocation Failure) 66M->66M(76M) 14.294ms
[2020-08-10T13:05:10.181+0300][1249.726s][info ][gc] GC(40288) Pause Young (Allocation Failure) 67M->67M(76M) 14.271ms
[2020-08-10T13:05:10.196+0300][1249.741s][info ][gc] GC(40289) Pause Young (Allocation Failure) 68M->68M(76M) 14.222ms
[2020-08-10T13:05:10.211+0300][1249.756s][info ][gc] GC(40290) Pause Young (Allocation Failure) 69M->69M(76M) 14.125ms
[2020-08-10T13:05:10.226+0300][1249.770s][info ][gc] GC(40291) Pause Young (Allocation Failure) 70M->70M(76M) 14.297ms
[2020-08-10T13:05:10.241+0300][1249.785s][info ][gc] GC(40292) Pause Young (Allocation Failure) 71M->71M(76M) 14.280ms
[2020-08-10T13:05:10.255+0300][1249.800s][info ][gc] GC(40293) Pause Young (Allocation Failure) 72M->72M(76M) 14.267ms
[2020-08-10T13:05:10.270+0300][1249.815s][info ][gc] GC(40294) Pause Young (Allocation Failure) 73M->73M(76M) 14.206ms
[2020-08-10T13:05:10.285+0300][1249.829s][info ][gc] GC(40295) Pause Young (Allocation Failure) 74M->74M(76M) 13.990ms
[2020-08-10T13:05:10.458+0300][1250.003s][debug][gc] GC(40296) Expanding ParOldGen from 75776K by 11776K to 87552K
[2020-08-10T13:05:10.458+0300][1250.003s][info ][gc] GC(40296) Pause Full (Ergonomics) 74M->74M(87M) 173.492ms
[2020-08-10T13:05:10.489+0300][1250.034s][info ][gc] GC(40297) Pause Young (Allocation Failure) 75M->75M(87M) 30.311ms
[2020-08-10T13:05:10.504+0300][1250.048s][info ][gc] GC(40298) Pause Young (Allocation Failure) 76M->76M(87M) 14.249ms
[2020-08-10T13:05:10.519+0300][1250.063s][info ][gc] GC(40299) Pause Young (Allocation Failure) 77M->77M(87M) 14.224ms
[2020-08-10T13:05:10.534+0300][1250.078s][info ][gc] GC(40300) Pause Young (Allocation Failure) 78M->78M(87M) 14.342ms
[2020-08-10T13:05:10.548+0300][1250.093s][info ][gc] GC(40301) Pause Young (Allocation Failure) 79M->79M(87M) 14.367ms
[2020-08-10T13:05:10.563+0300][1250.108s][info ][gc] GC(40302) Pause Young (Allocation Failure) 80M->80M(87M) 14.386ms
[2020-08-10T13:05:10.578+0300][1250.123s][info ][gc] GC(40303) Pause Young (Allocation Failure) 81M->81M(87M) 14.043ms
[2020-08-10T13:05:10.593+0300][1250.138s][info ][gc] GC(40304) Pause Young (Allocation Failure) 82M->82M(87M) 14.469ms
[2020-08-10T13:05:10.608+0300][1250.153s][info ][gc] GC(40305) Pause Young (Allocation Failure) 83M->82M(87M) 14.559ms
[2020-08-10T13:05:10.623+0300][1250.168s][info ][gc] GC(40306) Pause Young (Allocation Failure) 83M->83M(87M) 14.541ms
[2020-08-10T13:05:10.638+0300][1250.183s][info ][gc] GC(40307) Pause Young (Allocation Failure) 84M->84M(87M) 14.562ms
[2020-08-10T13:05:10.654+0300][1250.198s][info ][gc] GC(40308) Pause Young (Allocation Failure) 85M->85M(87M) 14.680ms
[2020-08-10T13:05:10.860+0300][1250.405s][debug][gc] GC(40309) Expanding ParOldGen from 87552K by 11264K to 98816K
[2020-08-10T13:05:10.860+0300][1250.405s][info ][gc] GC(40309) Pause Full (Ergonomics) 85M->85M(98M) 206.113ms
[2020-08-10T13:05:10.893+0300][1250.438s][info ][gc] GC(40310) Pause Young (Allocation Failure) 86M->86M(98M) 32.292ms
[2020-08-10T13:05:10.908+0300][1250.453s][info ][gc] GC(40311) Pause Young (Allocation Failure) 87M->87M(98M) 14.890ms
[2020-08-10T13:05:10.924+0300][1250.469s][info ][gc] GC(40312) Pause Young (Allocation Failure) 88M->88M(98M) 15.232ms
[2020-08-10T13:05:10.940+0300][1250.484s][info ][gc] GC(40313) Pause Young (Allocation Failure) 89M->89M(98M) 15.001ms
[2020-08-10T13:05:10.955+0300][1250.500s][info ][gc] GC(40314) Pause Young (Allocation Failure) 90M->90M(98M) 15.273ms
[2020-08-10T13:05:10.971+0300][1250.516s][info ][gc] GC(40315) Pause Young (Allocation Failure) 91M->91M(98M) 15.313ms
[2020-08-10T13:05:10.986+0300][1250.531s][info ][gc] GC(40316) Pause Young (Allocation Failure) 91M->91M(98M) 14.237ms
[2020-08-10T13:05:11.000+0300][1250.545s][info ][gc] GC(40317) Pause Young (Allocation Failure) 92M->92M(98M) 13.876ms
[2020-08-10T13:05:11.015+0300][1250.560s][info ][gc] GC(40318) Pause Young (Allocation Failure) 92M->92M(98M) 13.939ms
[2020-08-10T13:05:11.029+0300][1250.574s][info ][gc] GC(40319) Pause Young (Allocation Failure) 93M->93M(98M) 13.880ms
[2020-08-10T13:05:11.044+0300][1250.588s][info ][gc] GC(40320) Pause Young (Allocation Failure) 93M->93M(98M) 13.903ms
[2020-08-10T13:05:11.058+0300][1250.603s][info ][gc] GC(40321) Pause Young (Allocation Failure) 94M->94M(98M) 13.969ms
[2020-08-10T13:05:11.073+0300][1250.617s][info ][gc] GC(40322) Pause Young (Allocation Failure) 94M->94M(98M) 13.960ms
[2020-08-10T13:05:11.087+0300][1250.631s][info ][gc] GC(40323) Pause Young (Allocation Failure) 95M->95M(98M) 13.687ms
[2020-08-10T13:05:11.101+0300][1250.646s][info ][gc] GC(40324) Pause Young (Allocation Failure) 95M->95M(98M) 13.928ms
[2020-08-10T13:05:11.115+0300][1250.660s][info ][gc] GC(40325) Pause Young (Allocation Failure) 96M->95M(98M) 13.893ms
[2020-08-10T13:05:11.349+0300][1250.894s][debug][gc] GC(40326) Expanding ParOldGen from 98816K by 11264K to 110080K
[2020-08-10T13:05:11.350+0300][1250.894s][info ][gc] GC(40326) Pause Full (Ergonomics) 95M->95M(109M) 233.845ms
[2020-08-10T13:05:11.363+0300][1250.908s][info ][gc] GC(40327) Pause Young (Allocation Failure) 96M->96M(109M) 13.452ms
[2020-08-10T13:05:11.378+0300][1250.922s][info ][gc] GC(40328) Pause Young (Allocation Failure) 96M->96M(109M) 13.669ms
[2020-08-10T13:05:11.392+0300][1250.936s][info ][gc] GC(40329) Pause Young (Allocation Failure) 97M->97M(109M) 13.613ms
[2020-08-10T13:05:11.406+0300][1250.951s][info ][gc] GC(40330) Pause Young (Allocation Failure) 97M->97M(109M) 13.640ms
[2020-08-10T13:05:11.420+0300][1250.965s][info ][gc] GC(40331) Pause Young (Allocation Failure) 98M->98M(109M) 13.650ms
[2020-08-10T13:05:11.434+0300][1250.979s][info ][gc] GC(40332) Pause Young (Allocation Failure) 98M->98M(109M) 13.748ms
[2020-08-10T13:05:11.449+0300][1250.993s][info ][gc] GC(40333) Pause Young (Allocation Failure) 99M->99M(108M) 13.850ms
[2020-08-10T13:05:11.463+0300][1251.008s][info ][gc] GC(40334) Pause Young (Allocation Failure) 99M->99M(109M) 13.754ms
[2020-08-10T13:05:11.477+0300][1251.022s][info ][gc] GC(40335) Pause Young (Allocation Failure) 100M->100M(109M) 13.678ms
[2020-08-10T13:05:11.491+0300][1251.036s][info ][gc] GC(40336) Pause Young (Allocation Failure) 100M->100M(109M) 13.661ms
[2020-08-10T13:05:11.506+0300][1251.050s][info ][gc] GC(40337) Pause Young (Allocation Failure) 100M->100M(109M) 13.683ms
[2020-08-10T13:05:11.520+0300][1251.064s][info ][gc] GC(40338) Pause Young (Allocation Failure) 101M->101M(109M) 13.662ms
[2020-08-10T13:05:11.534+0300][1251.079s][info ][gc] GC(40339) Pause Young (Allocation Failure) 101M->101M(109M) 13.668ms
[2020-08-10T13:05:11.548+0300][1251.093s][info ][gc] GC(40340) Pause Young (Allocation Failure) 102M->102M(109M) 13.697ms
[2020-08-10T13:05:11.562+0300][1251.107s][info ][gc] GC(40341) Pause Young (Allocation Failure) 102M->102M(109M) 13.654ms
[2020-08-10T13:05:11.588+0300][1251.133s][info ][gc] GC(40342) Pause Young (Allocation Failure) 103M->103M(109M) 25.590ms
[2020-08-10T13:05:11.603+0300][1251.147s][info ][gc] GC(40343) Pause Young (Allocation Failure) 103M->103M(109M) 13.715ms
[2020-08-10T13:05:11.617+0300][1251.162s][info ][gc] GC(40344) Pause Young (Allocation Failure) 104M->104M(109M) 13.710ms
[2020-08-10T13:05:11.631+0300][1251.176s][info ][gc] GC(40345) Pause Young (Allocation Failure) 104M->104M(109M) 13.775ms
[2020-08-10T13:05:11.645+0300][1251.190s][info ][gc] GC(40346) Pause Young (Allocation Failure) 105M->105M(109M) 13.747ms
[2020-08-10T13:05:11.660+0300][1251.204s][info ][gc] GC(40347) Pause Young (Allocation Failure) 105M->105M(109M) 13.694ms
[2020-08-10T13:05:11.674+0300][1251.218s][info ][gc] GC(40348) Pause Young (Allocation Failure) 106M->106M(109M) 13.619ms
[2020-08-10T13:05:11.688+0300][1251.232s][info ][gc] GC(40349) Pause Young (Allocation Failure) 106M->106M(109M) 13.670ms
[2020-08-10T13:05:11.702+0300][1251.247s][info ][gc] GC(40350) Pause Young (Allocation Failure) 106M->106M(109M) 13.757ms
[2020-08-10T13:05:11.716+0300][1251.261s][info ][gc] GC(40351) Pause Young (Allocation Failure) 107M->107M(109M) 13.621ms
[2020-08-10T13:05:11.979+0300][1251.524s][debug][gc] GC(40352) Expanding ParOldGen from 110080K by 10752K to 120832K
[2020-08-10T13:05:11.980+0300][1251.524s][info ][gc] GC(40352) Pause Full (Ergonomics) 107M->107M(119M) 263.304ms
[2020-08-10T13:05:11.993+0300][1251.538s][info ][gc] GC(40353) Pause Young (Allocation Failure) 107M->107M(119M) 13.452ms
[2020-08-10T13:05:12.008+0300][1251.552s][info ][gc] GC(40354) Pause Young (Allocation Failure) 108M->108M(119M) 13.700ms
[2020-08-10T13:05:12.022+0300][1251.566s][info ][gc] GC(40355) Pause Young (Allocation Failure) 108M->108M(119M) 13.637ms
[2020-08-10T13:05:12.036+0300][1251.581s][info ][gc] GC(40356) Pause Young (Allocation Failure) 109M->109M(119M) 13.712ms
[2020-08-10T13:05:12.050+0300][1251.595s][info ][gc] GC(40357) Pause Young (Allocation Failure) 109M->109M(119M) 13.715ms
[2020-08-10T13:05:12.064+0300][1251.609s][info ][gc] GC(40358) Pause Young (Allocation Failure) 110M->109M(119M) 13.712ms
[2020-08-10T13:05:12.078+0300][1251.623s][info ][gc] GC(40359) Pause Young (Allocation Failure) 110M->110M(119M) 13.674ms
[2020-08-10T13:05:12.093+0300][1251.637s][info ][gc] GC(40360) Pause Young (Allocation Failure) 110M->110M(119M) 13.653ms
[2020-08-10T13:05:12.107+0300][1251.652s][info ][gc] GC(40361) Pause Young (Allocation Failure) 111M->111M(119M) 13.821ms
[2020-08-10T13:05:12.121+0300][1251.666s][info ][gc] GC(40362) Pause Young (Allocation Failure) 111M->111M(119M) 13.892ms
[2020-08-10T13:05:12.136+0300][1251.680s][info ][gc] GC(40363) Pause Young (Allocation Failure) 112M->112M(119M) 13.926ms
[2020-08-10T13:05:12.150+0300][1251.695s][info ][gc] GC(40364) Pause Young (Allocation Failure) 112M->112M(119M) 14.015ms
[2020-08-10T13:05:12.164+0300][1251.709s][info ][gc] GC(40365) Pause Young (Allocation Failure) 113M->113M(119M) 13.867ms
[2020-08-10T13:05:12.179+0300][1251.724s][info ][gc] GC(40366) Pause Young (Allocation Failure) 113M->113M(119M) 13.844ms
[2020-08-10T13:05:12.193+0300][1251.738s][info ][gc] GC(40367) Pause Young (Allocation Failure) 114M->114M(119M) 14.137ms
[2020-08-10T13:05:12.208+0300][1251.753s][info ][gc] GC(40368) Pause Young (Allocation Failure) 114M->114M(119M) 14.394ms
[2020-08-10T13:05:12.223+0300][1251.768s][info ][gc] GC(40369) Pause Young (Allocation Failure) 114M->114M(119M) 14.229ms
[2020-08-10T13:05:12.238+0300][1251.783s][info ][gc] GC(40370) Pause Young (Allocation Failure) 115M->115M(119M) 14.261ms
[2020-08-10T13:05:12.253+0300][1251.797s][info ][gc] GC(40371) Pause Young (Allocation Failure) 115M->115M(119M) 14.159ms
[2020-08-10T13:05:12.267+0300][1251.812s][info ][gc] GC(40372) Pause Young (Allocation Failure) 116M->116M(119M) 14.262ms
[2020-08-10T13:05:12.282+0300][1251.827s][info ][gc] GC(40373) Pause Young (Allocation Failure) 116M->116M(119M) 14.455ms
[2020-08-10T13:05:12.297+0300][1251.842s][info ][gc] GC(40374) Pause Young (Allocation Failure) 117M->117M(119M) 14.496ms
[2020-08-10T13:05:12.312+0300][1251.857s][info ][gc] GC(40375) Pause Young (Allocation Failure) 117M->117M(119M) 14.449ms
[2020-08-10T13:05:12.327+0300][1251.872s][info ][gc] GC(40376) Pause Young (Allocation Failure) 118M->118M(119M) 14.189ms
[2020-08-10T13:05:12.621+0300][1252.166s][debug][gc] GC(40377) Expanding ParOldGen from 120832K by 10752K to 131584K
[2020-08-10T13:05:12.621+0300][1252.166s][info ][gc] GC(40377) Pause Full (Ergonomics) 118M->117M(130M) 294.432ms
[2020-08-10T13:05:12.635+0300][1252.180s][info ][gc] GC(40378) Pause Young (Allocation Failure) 118M->118M(130M) 13.542ms
[2020-08-10T13:05:12.651+0300][1252.195s][info ][gc] GC(40379) Pause Young (Allocation Failure) 119M->118M(130M) 14.966ms
[2020-08-10T13:05:12.666+0300][1252.211s][info ][gc] GC(40380) Pause Young (Allocation Failure) 119M->119M(130M) 14.818ms
[2020-08-10T13:05:12.681+0300][1252.226s][info ][gc] GC(40381) Pause Young (Allocation Failure) 119M->119M(130M) 14.971ms
[2020-08-10T13:05:12.697+0300][1252.242s][info ][gc] GC(40382) Pause Young (Allocation Failure) 120M->120M(130M) 15.049ms
[2020-08-10T13:05:12.712+0300][1252.257s][info ][gc] GC(40383) Pause Young (Allocation Failure) 120M->120M(130M) 15.061ms
[2020-08-10T13:05:12.728+0300][1252.273s][info ][gc] GC(40384) Pause Young (Allocation Failure) 121M->121M(130M) 15.138ms
[2020-08-10T13:05:12.744+0300][1252.288s][info ][gc] GC(40385) Pause Young (Allocation Failure) 121M->121M(130M) 14.941ms
[2020-08-10T13:05:12.759+0300][1252.304s][info ][gc] GC(40386) Pause Young (Allocation Failure) 122M->122M(130M) 15.146ms
[2020-08-10T13:05:12.775+0300][1252.319s][info ][gc] GC(40387) Pause Young (Allocation Failure) 122M->122M(130M) 14.845ms
[2020-08-10T13:05:12.793+0300][1252.338s][info ][gc] GC(40388) Pause Young (Allocation Failure) 123M->123M(130M) 18.075ms
[2020-08-10T13:05:12.808+0300][1252.353s][info ][gc] GC(40389) Pause Young (Allocation Failure) 123M->123M(130M) 15.222ms
[2020-08-10T13:05:12.824+0300][1252.369s][info ][gc] GC(40390) Pause Young (Allocation Failure) 124M->123M(130M) 15.096ms
[2020-08-10T13:05:12.840+0300][1252.384s][info ][gc] GC(40391) Pause Young (Allocation Failure) 124M->124M(130M) 14.962ms
[2020-08-10T13:05:12.879+0300][1252.424s][info ][gc] GC(40392) Pause Young (Allocation Failure) 124M->124M(130M) 39.340ms
[2020-08-10T13:05:12.895+0300][1252.440s][info ][gc] GC(40393) Pause Young (Allocation Failure) 125M->125M(130M) 15.357ms
[2020-08-10T13:05:12.911+0300][1252.455s][info ][gc] GC(40394) Pause Young (Allocation Failure) 125M->125M(130M) 15.053ms
[2020-08-10T13:05:12.927+0300][1252.471s][info ][gc] GC(40395) Pause Young (Allocation Failure) 126M->126M(130M) 15.479ms
[2020-08-10T13:05:12.943+0300][1252.487s][info ][gc] GC(40396) Pause Young (Allocation Failure) 126M->126M(130M) 15.485ms
[2020-08-10T13:05:12.958+0300][1252.503s][info ][gc] GC(40397) Pause Young (Allocation Failure) 127M->127M(130M) 15.314ms
[2020-08-10T13:05:12.974+0300][1252.519s][info ][gc] GC(40398) Pause Young (Allocation Failure) 127M->127M(130M) 15.447ms
[2020-08-10T13:05:12.990+0300][1252.535s][info ][gc] GC(40399) Pause Young (Allocation Failure) 128M->128M(130M) 15.574ms
[2020-08-10T13:05:13.006+0300][1252.551s][info ][gc] GC(40400) Pause Young (Allocation Failure) 128M->128M(130M) 15.337ms
[2020-08-10T13:05:13.347+0300][1252.892s][debug][gc] GC(40401) Expanding ParOldGen from 131584K by 10752K to 142336K
[2020-08-10T13:05:13.347+0300][1252.892s][info ][gc] GC(40401) Pause Full (Ergonomics) 128M->128M(140M) 340.872ms
[2020-08-10T13:05:13.362+0300][1252.907s][info ][gc] GC(40402) Pause Young (Allocation Failure) 128M->128M(140M) 14.293ms
[2020-08-10T13:05:13.378+0300][1252.923s][info ][gc] GC(40403) Pause Young (Allocation Failure) 129M->129M(140M) 15.884ms
[2020-08-10T13:05:13.394+0300][1252.939s][info ][gc] GC(40404) Pause Young (Allocation Failure) 129M->129M(140M) 15.609ms
[2020-08-10T13:05:13.410+0300][1252.955s][info ][gc] GC(40405) Pause Young (Allocation Failure) 130M->130M(140M) 15.427ms
[2020-08-10T13:05:13.426+0300][1252.971s][info ][gc] GC(40406) Pause Young (Allocation Failure) 130M->130M(140M) 15.614ms
[2020-08-10T13:05:13.442+0300][1252.987s][info ][gc] GC(40407) Pause Young (Allocation Failure) 131M->131M(140M) 15.771ms
[2020-08-10T13:05:13.458+0300][1253.003s][info ][gc] GC(40408) Pause Young (Allocation Failure) 131M->131M(140M) 15.637ms
[2020-08-10T13:05:13.474+0300][1253.019s][info ][gc] GC(40409) Pause Young (Allocation Failure) 132M->132M(140M) 15.769ms
[2020-08-10T13:05:13.491+0300][1253.036s][info ][gc] GC(40410) Pause Young (Allocation Failure) 132M->132M(140M) 15.764ms
[2020-08-10T13:05:13.507+0300][1253.052s][info ][gc] GC(40411) Pause Young (Allocation Failure) 133M->133M(140M) 15.704ms
[2020-08-10T13:05:13.523+0300][1253.068s][info ][gc] GC(40412) Pause Young (Allocation Failure) 133M->133M(140M) 15.954ms
[2020-08-10T13:05:13.559+0300][1253.104s][info ][gc] GC(40413) Pause Young (Allocation Failure) 133M->133M(140M) 35.627ms
[2020-08-10T13:05:13.576+0300][1253.121s][info ][gc] GC(40414) Pause Young (Allocation Failure) 134M->134M(140M) 16.497ms
[2020-08-10T13:05:13.593+0300][1253.138s][info ][gc] GC(40415) Pause Young (Allocation Failure) 134M->134M(140M) 16.541ms
[2020-08-10T13:05:13.610+0300][1253.155s][info ][gc] GC(40416) Pause Young (Allocation Failure) 135M->135M(140M) 16.107ms
[2020-08-10T13:05:13.626+0300][1253.171s][info ][gc] GC(40417) Pause Young (Allocation Failure) 135M->135M(140M) 15.708ms
[2020-08-10T13:05:13.626+0300][1253.171s][debug][gc] Expanding ParOldGen from 142336K by 19968K to 162304K
[2020-08-10T13:05:13.649+0300][1253.194s][info ][gc] GC(40418) Pause Young (Allocation Failure) 155M->154M(160M) 14.497ms
[2020-08-10T13:05:13.663+0300][1253.208s][info ][gc] GC(40419) Pause Young (Allocation Failure) 155M->155M(160M) 13.433ms
[2020-08-10T13:05:13.677+0300][1253.222s][info ][gc] GC(40420) Pause Young (Allocation Failure) 155M->155M(160M) 13.576ms
[2020-08-10T13:05:13.691+0300][1253.236s][info ][gc] GC(40421) Pause Young (Allocation Failure) 156M->156M(160M) 13.421ms
[2020-08-10T13:05:13.705+0300][1253.250s][info ][gc] GC(40422) Pause Young (Allocation Failure) 156M->156M(160M) 13.418ms
[2020-08-10T13:05:13.719+0300][1253.264s][info ][gc] GC(40423) Pause Young (Allocation Failure) 157M->157M(160M) 13.613ms
[2020-08-10T13:05:13.733+0300][1253.278s][info ][gc] GC(40424) Pause Young (Allocation Failure) 157M->157M(160M) 13.633ms
[2020-08-10T13:05:13.747+0300][1253.292s][info ][gc] GC(40425) Pause Young (Allocation Failure) 158M->158M(160M) 13.640ms
[2020-08-10T13:05:13.761+0300][1253.306s][info ][gc] GC(40426) Pause Young (Allocation Failure) 158M->158M(160M) 13.617ms
[2020-08-10T13:05:13.816+0300][1253.361s][debug][gc] GC(40427) Shrinking ParOldGen from 162304K by 125952K to 36352K
[2020-08-10T13:05:13.816+0300][1253.361s][info ][gc] GC(40427) Pause Full (Ergonomics) 158M->24M(37M) 54.767ms
[2020-08-10T13:05:13.829+0300][1253.374s][info ][gc] GC(40428) Pause Young (Allocation Failure) 25M->25M(37M) 12.983ms
[2020-08-10T13:05:13.843+0300][1253.388s][info ][gc] GC(40429) Pause Young (Allocation Failure) 25M->25M(37M) 13.238ms
[2020-08-10T13:05:13.857+0300][1253.401s][info ][gc] GC(40430) Pause Young (Allocation Failure) 26M->26M(37M) 13.219ms
[2020-08-10T13:05:13.870+0300][1253.415s][info ][gc] GC(40431) Pause Young (Allocation Failure) 26M->26M(37M) 13.452ms
[2020-08-10T13:05:13.884+0300][1253.429s][info ][gc] GC(40432) Pause Young (Allocation Failure) 27M->27M(37M) 13.452ms
[2020-08-10T13:05:13.898+0300][1253.443s][info ][gc] GC(40433) Pause Young (Allocation Failure) 27M->27M(37M) 13.458ms
[2020-08-10T13:05:13.912+0300][1253.457s][info ][gc] GC(40434) Pause Young (Allocation Failure) 27M->27M(37M) 13.463ms
[2020-08-10T13:05:13.926+0300][1253.471s][info ][gc] GC(40435) Pause Young (Allocation Failure) 28M->28M(37M) 13.451ms
[2020-08-10T13:05:13.940+0300][1253.485s][info ][gc] GC(40436) Pause Young (Allocation Failure) 28M->28M(37M) 13.460ms
[2020-08-10T13:05:13.954+0300][1253.499s][info ][gc] GC(40437) Pause Young (Allocation Failure) 29M->29M(37M) 13.423ms
[2020-08-10T13:05:13.968+0300][1253.513s][info ][gc] GC(40438) Pause Young (Allocation Failure) 29M->29M(37M) 13.561ms
[2020-08-10T13:05:13.982+0300][1253.527s][info ][gc] GC(40439) Pause Young (Allocation Failure) 30M->30M(37M) 13.474ms
[2020-08-10T13:05:13.996+0300][1253.541s][info ][gc] GC(40440) Pause Young (Allocation Failure) 31M->31M(37M) 13.712ms
[2020-08-10T13:05:14.011+0300][1253.556s][info ][gc] GC(40441) Pause Young (Allocation Failure) 32M->32M(37M) 13.718ms
[2020-08-10T13:05:14.025+0300][1253.570s][info ][gc] GC(40442) Pause Young (Allocation Failure) 33M->33M(37M) 13.700ms
[2020-08-10T13:05:14.039+0300][1253.584s][info ][gc] GC(40443) Pause Young (Allocation Failure) 34M->33M(38M) 13.714ms
[2020-08-10T13:05:14.053+0300][1253.598s][info ][gc] GC(40444) Pause Young (Allocation Failure) 34M->34M(38M) 13.737ms
[2020-08-10T13:05:14.067+0300][1253.612s][info ][gc] GC(40445) Pause Young (Allocation Failure) 35M->35M(38M) 13.793ms
[2020-08-10T13:05:14.128+0300][1253.673s][debug][gc] GC(40446) Expanding ParOldGen from 36352K by 11264K to 47616K
[2020-08-10T13:05:14.129+0300][1253.673s][info ][gc] GC(40446) Pause Full (Ergonomics) 35M->35M(49M) 61.169ms
[2020-08-10T13:05:14.147+0300][1253.692s][info ][gc] GC(40447) Pause Young (Allocation Failure) 36M->36M(49M) 17.427ms
[2020-08-10T13:05:14.161+0300][1253.706s][info ][gc] GC(40448) Pause Young (Allocation Failure) 37M->37M(49M) 13.969ms
[2020-08-10T13:05:14.175+0300][1253.720s][info ][gc] GC(40449) Pause Young (Allocation Failure) 38M->38M(49M) 13.909ms
[2020-08-10T13:05:14.190+0300][1253.735s][info ][gc] GC(40450) Pause Young (Allocation Failure) 39M->39M(49M) 13.857ms
[2020-08-10T13:05:14.204+0300][1253.749s][info ][gc] GC(40451) Pause Young (Allocation Failure) 40M->40M(49M) 14.057ms
[2020-08-10T13:05:14.219+0300][1253.764s][info ][gc] GC(40452) Pause Young (Allocation Failure) 41M->41M(49M) 13.996ms
[2020-08-10T13:05:14.234+0300][1253.778s][info ][gc] GC(40453) Pause Young (Allocation Failure) 42M->42M(49M) 14.059ms
[2020-08-10T13:05:14.248+0300][1253.793s][info ][gc] GC(40454) Pause Young (Allocation Failure) 43M->43M(49M) 14.029ms
[2020-08-10T13:05:14.263+0300][1253.808s][info ][gc] GC(40455) Pause Young (Allocation Failure) 44M->44M(49M) 13.919ms
[2020-08-10T13:05:14.278+0300][1253.822s][info ][gc] GC(40456) Pause Young (Allocation Failure) 45M->45M(49M) 14.153ms
[2020-08-10T13:05:14.292+0300][1253.837s][info ][gc] GC(40457) Pause Young (Allocation Failure) 46M->46M(49M) 13.945ms
[2020-08-10T13:05:14.307+0300][1253.851s][info ][gc] GC(40458) Pause Young (Allocation Failure) 47M->46M(49M) 14.005ms
[2020-08-10T13:05:14.403+0300][1253.948s][debug][gc] GC(40459) Expanding ParOldGen from 47616K by 11776K to 59392K
[2020-08-10T13:05:14.404+0300][1253.949s][info ][gc] GC(40459) Pause Full (Ergonomics) 46M->46M(60M) 96.832ms
[2020-08-10T13:05:14.424+0300][1253.969s][info ][gc] GC(40460) Pause Young (Allocation Failure) 47M->47M(60M) 20.162ms
[2020-08-10T13:05:14.439+0300][1253.984s][info ][gc] GC(40461) Pause Young (Allocation Failure) 48M->48M(60M) 14.127ms
[2020-08-10T13:05:14.454+0300][1253.999s][info ][gc] GC(40462) Pause Young (Allocation Failure) 49M->49M(60M) 14.127ms
[2020-08-10T13:05:14.468+0300][1254.013s][info ][gc] GC(40463) Pause Young (Allocation Failure) 50M->50M(60M) 14.028ms
[2020-08-10T13:05:14.483+0300][1254.028s][info ][gc] GC(40464) Pause Young (Allocation Failure) 51M->51M(60M) 13.994ms
[2020-08-10T13:05:14.498+0300][1254.043s][info ][gc] GC(40465) Pause Young (Allocation Failure) 52M->52M(60M) 13.938ms
[2020-08-10T13:05:14.512+0300][1254.057s][info ][gc] GC(40466) Pause Young (Allocation Failure) 53M->53M(60M) 14.105ms
[2020-08-10T13:05:14.527+0300][1254.072s][info ][gc] GC(40467) Pause Young (Allocation Failure) 54M->54M(60M) 14.111ms
[2020-08-10T13:05:14.542+0300][1254.087s][info ][gc] GC(40468) Pause Young (Allocation Failure) 55M->55M(60M) 14.111ms
[2020-08-10T13:05:14.556+0300][1254.101s][info ][gc] GC(40469) Pause Young (Allocation Failure) 56M->56M(60M) 14.170ms
[2020-08-10T13:05:14.571+0300][1254.116s][info ][gc] GC(40470) Pause Young (Allocation Failure) 57M->57M(60M) 13.971ms
[2020-08-10T13:05:14.586+0300][1254.131s][info ][gc] GC(40471) Pause Young (Allocation Failure) 58M->58M(60M) 14.153ms
[2020-08-10T13:05:14.716+0300][1254.261s][debug][gc] GC(40472) Expanding ParOldGen from 59392K by 11776K to 71168K
[2020-08-10T13:05:14.716+0300][1254.261s][info ][gc] GC(40472) Pause Full (Ergonomics) 58M->57M(72M) 130.254ms
[2020-08-10T13:05:14.731+0300][1254.276s][info ][gc] GC(40473) Pause Young (Allocation Failure) 58M->58M(72M) 14.757ms
[2020-08-10T13:05:14.746+0300][1254.291s][info ][gc] GC(40474) Pause Young (Allocation Failure) 59M->59M(72M) 13.996ms
[2020-08-10T13:05:14.761+0300][1254.306s][info ][gc] GC(40475) Pause Young (Allocation Failure) 60M->60M(72M) 14.000ms
[2020-08-10T13:05:14.775+0300][1254.320s][info ][gc] GC(40476) Pause Young (Allocation Failure) 61M->61M(72M) 13.926ms
[2020-08-10T13:05:14.790+0300][1254.335s][info ][gc] GC(40477) Pause Young (Allocation Failure) 62M->62M(72M) 13.989ms
[2020-08-10T13:05:14.804+0300][1254.349s][info ][gc] GC(40478) Pause Young (Allocation Failure) 63M->63M(72M) 14.014ms
[2020-08-10T13:05:14.819+0300][1254.364s][info ][gc] GC(40479) Pause Young (Allocation Failure) 64M->64M(72M) 14.032ms
[2020-08-10T13:05:14.834+0300][1254.379s][info ][gc] GC(40480) Pause Young (Allocation Failure) 65M->65M(72M) 14.086ms
[2020-08-10T13:05:14.848+0300][1254.393s][info ][gc] GC(40481) Pause Young (Allocation Failure) 66M->66M(72M) 13.977ms
[2020-08-10T13:05:14.863+0300][1254.408s][info ][gc] GC(40482) Pause Young (Allocation Failure) 67M->67M(72M) 14.065ms
[2020-08-10T13:05:14.878+0300][1254.423s][info ][gc] GC(40483) Pause Young (Allocation Failure) 68M->68M(72M) 14.027ms
[2020-08-10T13:05:14.893+0300][1254.438s][info ][gc] GC(40484) Pause Young (Allocation Failure) 69M->69M(72M) 14.113ms
[2020-08-10T13:05:14.907+0300][1254.452s][info ][gc] GC(40485) Pause Young (Allocation Failure) 70M->70M(72M) 13.929ms
[2020-08-10T13:05:15.068+0300][1254.613s][debug][gc] GC(40486) Expanding ParOldGen from 71168K by 11264K to 82432K
[2020-08-10T13:05:15.069+0300][1254.614s][info ][gc] GC(40486) Pause Full (Ergonomics) 70M->70M(83M) 161.451ms
[2020-08-10T13:05:15.100+0300][1254.644s][info ][gc] GC(40487) Pause Young (Allocation Failure) 71M->71M(83M) 30.300ms
[2020-08-10T13:05:15.114+0300][1254.659s][info ][gc] GC(40488) Pause Young (Allocation Failure) 72M->72M(83M) 14.362ms
[2020-08-10T13:05:15.141+0300][1254.686s][info ][gc] GC(40489) Pause Young (Allocation Failure) 73M->72M(83M) 25.518ms
[2020-08-10T13:05:15.156+0300][1254.701s][info ][gc] GC(40490) Pause Young (Allocation Failure) 73M->73M(83M) 14.401ms
[2020-08-10T13:05:15.170+0300][1254.715s][info ][gc] GC(40491) Pause Young (Allocation Failure) 74M->74M(83M) 14.190ms
[2020-08-10T13:05:15.185+0300][1254.730s][info ][gc] GC(40492) Pause Young (Allocation Failure) 75M->75M(83M) 14.273ms
[2020-08-10T13:05:15.200+0300][1254.745s][info ][gc] GC(40493) Pause Young (Allocation Failure) 76M->76M(83M) 14.290ms
[2020-08-10T13:05:15.215+0300][1254.760s][info ][gc] GC(40494) Pause Young (Allocation Failure) 77M->77M(83M) 14.318ms
[2020-08-10T13:05:15.230+0300][1254.775s][info ][gc] GC(40495) Pause Young (Allocation Failure) 78M->78M(83M) 14.355ms
[2020-08-10T13:05:15.245+0300][1254.790s][info ][gc] GC(40496) Pause Young (Allocation Failure) 79M->79M(83M) 14.204ms
[2020-08-10T13:05:15.259+0300][1254.804s][info ][gc] GC(40497) Pause Young (Allocation Failure) 80M->80M(83M) 14.029ms
[2020-08-10T13:05:15.274+0300][1254.819s][info ][gc] GC(40498) Pause Young (Allocation Failure) 81M->81M(83M) 14.283ms
[2020-08-10T13:05:15.465+0300][1255.010s][debug][gc] GC(40499) Expanding ParOldGen from 82432K by 11264K to 93696K
[2020-08-10T13:05:15.465+0300][1255.010s][info ][gc] GC(40499) Pause Full (Ergonomics) 81M->81M(94M) 191.217ms
[2020-08-10T13:05:15.499+0300][1255.044s][info ][gc] GC(40500) Pause Young (Allocation Failure) 82M->82M(94M) 33.006ms
[2020-08-10T13:05:15.514+0300][1255.059s][info ][gc] GC(40501) Pause Young (Allocation Failure) 83M->83M(94M) 14.721ms
[2020-08-10T13:05:15.529+0300][1255.074s][info ][gc] GC(40502) Pause Young (Allocation Failure) 84M->84M(94M) 14.497ms
[2020-08-10T13:05:15.544+0300][1255.089s][info ][gc] GC(40503) Pause Young (Allocation Failure) 85M->85M(94M) 14.623ms
[2020-08-10T13:05:15.560+0300][1255.105s][info ][gc] GC(40504) Pause Young (Allocation Failure) 86M->85M(94M) 14.727ms
[2020-08-10T13:05:15.575+0300][1255.120s][info ][gc] GC(40505) Pause Young (Allocation Failure) 86M->86M(94M) 15.106ms
[2020-08-10T13:05:15.590+0300][1255.135s][info ][gc] GC(40506) Pause Young (Allocation Failure) 87M->87M(94M) 14.572ms
[2020-08-10T13:05:15.606+0300][1255.151s][info ][gc] GC(40507) Pause Young (Allocation Failure) 88M->88M(94M) 15.291ms
[2020-08-10T13:05:15.622+0300][1255.167s][info ][gc] GC(40508) Pause Young (Allocation Failure) 89M->89M(94M) 15.015ms
[2020-08-10T13:05:15.637+0300][1255.182s][info ][gc] GC(40509) Pause Young (Allocation Failure) 90M->90M(94M) 15.076ms
[2020-08-10T13:05:15.653+0300][1255.198s][info ][gc] GC(40510) Pause Young (Allocation Failure) 91M->91M(94M) 15.087ms
[2020-08-10T13:05:15.921+0300][1255.466s][debug][gc] GC(40511) Expanding ParOldGen from 93696K by 11264K to 104960K
[2020-08-10T13:05:15.921+0300][1255.466s][info ][gc] GC(40511) Pause Full (Ergonomics) 91M->91M(105M) 268.253ms
[2020-08-10T13:05:15.956+0300][1255.501s][info ][gc] GC(40512) Pause Young (Allocation Failure) 92M->92M(105M) 33.766ms
[2020-08-10T13:05:15.971+0300][1255.516s][info ][gc] GC(40513) Pause Young (Allocation Failure) 93M->93M(105M) 15.355ms
[2020-08-10T13:05:15.988+0300][1255.533s][info ][gc] GC(40514) Pause Young (Allocation Failure) 94M->94M(105M) 15.576ms
[2020-08-10T13:05:16.005+0300][1255.550s][info ][gc] GC(40515) Pause Young (Allocation Failure) 95M->95M(105M) 16.982ms
[2020-08-10T13:05:16.022+0300][1255.567s][info ][gc] GC(40516) Pause Young (Allocation Failure) 96M->96M(105M) 15.921ms
[2020-08-10T13:05:16.038+0300][1255.583s][info ][gc] GC(40517) Pause Young (Allocation Failure) 97M->97M(104M) 16.183ms
[2020-08-10T13:05:16.055+0300][1255.600s][info ][gc] GC(40518) Pause Young (Allocation Failure) 98M->98M(104M) 15.808ms
[2020-08-10T13:05:16.071+0300][1255.616s][info ][gc] GC(40519) Pause Young (Allocation Failure) 99M->99M(104M) 15.755ms
[2020-08-10T13:05:16.088+0300][1255.633s][info ][gc] GC(40520) Pause Young (Allocation Failure) 100M->100M(104M) 16.093ms
[2020-08-10T13:05:16.104+0300][1255.649s][info ][gc] GC(40521) Pause Young (Allocation Failure) 101M->101M(104M) 15.654ms
[2020-08-10T13:05:16.120+0300][1255.665s][info ][gc] GC(40522) Pause Young (Allocation Failure) 102M->102M(104M) 16.107ms
[2020-08-10T13:05:16.137+0300][1255.682s][info ][gc] GC(40523) Pause Young (Allocation Failure) 103M->103M(104M) 16.085ms
[2020-08-10T13:05:16.389+0300][1255.934s][debug][gc] GC(40524) Expanding ParOldGen from 104960K by 11264K to 116224K
[2020-08-10T13:05:16.389+0300][1255.934s][info ][gc] GC(40524) Pause Full (Ergonomics) 103M->102M(115M) 251.785ms
[2020-08-10T13:05:16.439+0300][1255.984s][info ][gc] GC(40525) Pause Young (Allocation Failure) 103M->103M(115M) 49.409ms
[2020-08-10T13:05:16.456+0300][1256.001s][info ][gc] GC(40526) Pause Young (Allocation Failure) 104M->104M(115M) 16.234ms
[2020-08-10T13:05:16.473+0300][1256.018s][info ][gc] GC(40527) Pause Young (Allocation Failure) 105M->105M(115M) 16.911ms
[2020-08-10T13:05:16.490+0300][1256.035s][info ][gc] GC(40528) Pause Young (Allocation Failure) 106M->106M(115M) 16.526ms
[2020-08-10T13:05:16.507+0300][1256.052s][info ][gc] GC(40529) Pause Young (Allocation Failure) 107M->107M(115M) 16.232ms
[2020-08-10T13:05:16.524+0300][1256.069s][info ][gc] GC(40530) Pause Young (Allocation Failure) 108M->108M(115M) 16.355ms
[2020-08-10T13:05:16.540+0300][1256.085s][info ][gc] GC(40531) Pause Young (Allocation Failure) 109M->109M(115M) 16.437ms
[2020-08-10T13:05:16.558+0300][1256.103s][info ][gc] GC(40532) Pause Young (Allocation Failure) 110M->110M(115M) 16.687ms
[2020-08-10T13:05:16.575+0300][1256.120s][info ][gc] GC(40533) Pause Young (Allocation Failure) 111M->111M(115M) 17.061ms
[2020-08-10T13:05:16.592+0300][1256.137s][info ][gc] GC(40534) Pause Young (Allocation Failure) 112M->112M(115M) 16.893ms
[2020-08-10T13:05:16.610+0300][1256.155s][info ][gc] GC(40535) Pause Young (Allocation Failure) 113M->113M(115M) 16.899ms
[2020-08-10T13:05:16.627+0300][1256.172s][info ][gc] GC(40536) Pause Young (Allocation Failure) 114M->114M(115M) 17.104ms
[2020-08-10T13:05:16.911+0300][1256.456s][debug][gc] GC(40537) Expanding ParOldGen from 116224K by 11264K to 127488K
[2020-08-10T13:05:16.912+0300][1256.457s][info ][gc] GC(40537) Pause Full (Ergonomics) 114M->114M(126M) 284.126ms
[2020-08-10T13:05:16.945+0300][1256.490s][info ][gc] GC(40538) Pause Young (Allocation Failure) 115M->115M(126M) 33.081ms
[2020-08-10T13:05:16.963+0300][1256.508s][info ][gc] GC(40539) Pause Young (Allocation Failure) 116M->116M(126M) 17.624ms
[2020-08-10T13:05:16.981+0300][1256.526s][info ][gc] GC(40540) Pause Young (Allocation Failure) 117M->117M(126M) 17.516ms
[2020-08-10T13:05:16.999+0300][1256.544s][info ][gc] GC(40541) Pause Young (Allocation Failure) 118M->118M(126M) 17.665ms
[2020-08-10T13:05:17.018+0300][1256.563s][info ][gc] GC(40542) Pause Young (Allocation Failure) 119M->118M(127M) 17.917ms
[2020-08-10T13:05:17.036+0300][1256.581s][info ][gc] GC(40543) Pause Young (Allocation Failure) 119M->119M(127M) 18.234ms
[2020-08-10T13:05:17.055+0300][1256.600s][info ][gc] GC(40544) Pause Young (Allocation Failure) 120M->120M(127M) 18.167ms
[2020-08-10T13:05:17.073+0300][1256.618s][info ][gc] GC(40545) Pause Young (Allocation Failure) 121M->121M(127M) 17.989ms
[2020-08-10T13:05:17.092+0300][1256.637s][info ][gc] GC(40546) Pause Young (Allocation Failure) 122M->122M(127M) 18.048ms
[2020-08-10T13:05:17.110+0300][1256.655s][info ][gc] GC(40547) Pause Young (Allocation Failure) 123M->123M(127M) 18.312ms
[2020-08-10T13:05:17.129+0300][1256.674s][info ][gc] GC(40548) Pause Young (Allocation Failure) 124M->124M(127M) 18.330ms
[2020-08-10T13:05:17.460+0300][1257.005s][debug][gc] GC(40549) Expanding ParOldGen from 127488K by 11264K to 138752K
[2020-08-10T13:05:17.460+0300][1257.005s][info ][gc] GC(40549) Pause Full (Ergonomics) 124M->124M(138M) 330.554ms
[2020-08-10T13:05:17.493+0300][1257.038s][info ][gc] GC(40550) Pause Young (Allocation Failure) 125M->125M(138M) 32.554ms
[2020-08-10T13:05:17.511+0300][1257.056s][info ][gc] GC(40551) Pause Young (Allocation Failure) 126M->126M(138M) 17.772ms
[2020-08-10T13:05:17.529+0300][1257.074s][info ][gc] GC(40552) Pause Young (Allocation Failure) 127M->127M(138M) 17.680ms
[2020-08-10T13:05:17.575+0300][1257.120s][info ][gc] GC(40553) Pause Young (Allocation Failure) 128M->128M(138M) 44.996ms
[2020-08-10T13:05:17.593+0300][1257.138s][info ][gc] GC(40554) Pause Young (Allocation Failure) 129M->129M(138M) 18.211ms
[2020-08-10T13:05:17.612+0300][1257.157s][info ][gc] GC(40555) Pause Young (Allocation Failure) 130M->130M(138M) 18.141ms
[2020-08-10T13:05:17.630+0300][1257.176s][info ][gc] GC(40556) Pause Young (Allocation Failure) 131M->131M(138M) 18.215ms
[2020-08-10T13:05:17.649+0300][1257.194s][info ][gc] GC(40557) Pause Young (Allocation Failure) 132M->132M(138M) 17.877ms
[2020-08-10T13:05:17.667+0300][1257.212s][info ][gc] GC(40558) Pause Young (Allocation Failure) 133M->133M(138M) 17.906ms
[2020-08-10T13:05:17.685+0300][1257.230s][info ][gc] GC(40559) Pause Young (Allocation Failure) 134M->134M(138M) 17.993ms
[2020-08-10T13:05:17.704+0300][1257.249s][info ][gc] GC(40560) Pause Young (Allocation Failure) 135M->135M(138M) 18.196ms
[2020-08-10T13:05:17.704+0300][1257.249s][debug][gc] Expanding ParOldGen from 138752K by 19968K to 158720K
[2020-08-10T13:05:17.742+0300][1257.287s][info ][gc] GC(40561) Pause Young (Allocation Failure) 155M->155M(157M) 29.948ms
[2020-08-10T13:05:17.772+0300][1257.317s][debug][gc] GC(40562) Shrinking ParOldGen from 158720K by 125440K to 33280K
[2020-08-10T13:05:17.772+0300][1257.317s][info ][gc] GC(40562) Pause Full (Ergonomics) 155M->21M(35M) 29.947ms
[2020-08-10T13:05:17.785+0300][1257.330s][info ][gc] GC(40563) Pause Young (Allocation Failure) 22M->22M(35M) 12.711ms
[2020-08-10T13:05:17.799+0300][1257.344s][info ][gc] GC(40564) Pause Young (Allocation Failure) 23M->23M(35M) 13.184ms
[2020-08-10T13:05:17.812+0300][1257.358s][info ][gc] GC(40565) Pause Young (Allocation Failure) 24M->24M(35M) 13.183ms
[2020-08-10T13:05:17.826+0300][1257.371s][info ][gc] GC(40566) Pause Young (Allocation Failure) 25M->25M(35M) 13.435ms
[2020-08-10T13:05:17.840+0300][1257.385s][info ][gc] GC(40567) Pause Young (Allocation Failure) 26M->26M(35M) 13.413ms
[2020-08-10T13:05:17.854+0300][1257.399s][info ][gc] GC(40568) Pause Young (Allocation Failure) 27M->27M(35M) 13.548ms
[2020-08-10T13:05:17.868+0300][1257.413s][info ][gc] GC(40569) Pause Young (Allocation Failure) 28M->28M(35M) 13.266ms
[2020-08-10T13:05:17.882+0300][1257.427s][info ][gc] GC(40570) Pause Young (Allocation Failure) 29M->28M(35M) 13.195ms
[2020-08-10T13:05:17.895+0300][1257.440s][info ][gc] GC(40571) Pause Young (Allocation Failure) 29M->29M(35M) 13.277ms
[2020-08-10T13:05:17.909+0300][1257.454s][info ][gc] GC(40572) Pause Young (Allocation Failure) 30M->30M(35M) 13.163ms
[2020-08-10T13:05:17.923+0300][1257.468s][info ][gc] GC(40573) Pause Young (Allocation Failure) 31M->31M(35M) 13.412ms
[2020-08-10T13:05:17.937+0300][1257.482s][info ][gc] GC(40574) Pause Young (Allocation Failure) 32M->32M(35M) 13.400ms
[2020-08-10T13:05:17.995+0300][1257.540s][debug][gc] GC(40575) Expanding ParOldGen from 33280K by 11264K to 44544K
[2020-08-10T13:05:17.995+0300][1257.540s][info ][gc] GC(40575) Pause Full (Ergonomics) 32M->32M(46M) 58.068ms
[2020-08-10T13:05:18.011+0300][1257.557s][info ][gc] GC(40576) Pause Young (Allocation Failure) 33M->33M(46M) 16.044ms
[2020-08-10T13:05:18.026+0300][1257.571s][info ][gc] GC(40577) Pause Young (Allocation Failure) 34M->34M(45M) 13.572ms
[2020-08-10T13:05:18.040+0300][1257.585s][info ][gc] GC(40578) Pause Young (Allocation Failure) 35M->35M(45M) 13.495ms
[2020-08-10T13:05:18.053+0300][1257.599s][info ][gc] GC(40579) Pause Young (Allocation Failure) 36M->36M(45M) 13.301ms
[2020-08-10T13:05:18.067+0300][1257.613s][info ][gc] GC(40580) Pause Young (Allocation Failure) 37M->37M(45M) 13.420ms
[2020-08-10T13:05:18.082+0300][1257.627s][info ][gc] GC(40581) Pause Young (Allocation Failure) 38M->38M(45M) 13.577ms
[2020-08-10T13:05:18.095+0300][1257.640s][info ][gc] GC(40582) Pause Young (Allocation Failure) 39M->39M(45M) 13.321ms
[2020-08-10T13:05:18.109+0300][1257.654s][info ][gc] GC(40583) Pause Young (Allocation Failure) 40M->40M(45M) 13.252ms
[2020-08-10T13:05:18.123+0300][1257.668s][info ][gc] GC(40584) Pause Young (Allocation Failure) 41M->41M(45M) 13.220ms
[2020-08-10T13:05:18.136+0300][1257.681s][info ][gc] GC(40585) Pause Young (Allocation Failure) 42M->42M(45M) 13.314ms
[2020-08-10T13:05:18.150+0300][1257.695s][info ][gc] GC(40586) Pause Young (Allocation Failure) 43M->43M(45M) 13.265ms
[2020-08-10T13:05:18.164+0300][1257.709s][info ][gc] GC(40587) Pause Young (Allocation Failure) 44M->44M(45M) 13.342ms
[2020-08-10T13:05:18.248+0300][1257.794s][debug][gc] GC(40588) Expanding ParOldGen from 44544K by 11776K to 56320K
[2020-08-10T13:05:18.249+0300][1257.794s][info ][gc] GC(40588) Pause Full (Ergonomics) 44M->43M(57M) 84.752ms
[2020-08-10T13:05:18.268+0300][1257.813s][info ][gc] GC(40589) Pause Young (Allocation Failure) 44M->44M(57M) 18.736ms
[2020-08-10T13:05:18.282+0300][1257.827s][info ][gc] GC(40590) Pause Young (Allocation Failure) 45M->45M(57M) 13.438ms
[2020-08-10T13:05:18.296+0300][1257.841s][info ][gc] GC(40591) Pause Young (Allocation Failure) 46M->46M(57M) 13.278ms
[2020-08-10T13:05:18.310+0300][1257.855s][info ][gc] GC(40592) Pause Young (Allocation Failure) 47M->47M(57M) 13.649ms
[2020-08-10T13:05:18.324+0300][1257.869s][info ][gc] GC(40593) Pause Young (Allocation Failure) 48M->48M(57M) 13.473ms
[2020-08-10T13:05:18.338+0300][1257.883s][info ][gc] GC(40594) Pause Young (Allocation Failure) 49M->49M(57M) 13.500ms
[2020-08-10T13:05:18.352+0300][1257.897s][info ][gc] GC(40595) Pause Young (Allocation Failure) 50M->50M(57M) 13.448ms
[2020-08-10T13:05:18.365+0300][1257.911s][info ][gc] GC(40596) Pause Young (Allocation Failure) 51M->51M(57M) 13.258ms
[2020-08-10T13:05:18.379+0300][1257.924s][info ][gc] GC(40597) Pause Young (Allocation Failure) 52M->52M(57M) 13.495ms
[2020-08-10T13:05:18.393+0300][1257.938s][info ][gc] GC(40598) Pause Young (Allocation Failure) 53M->53M(57M) 13.465ms
[2020-08-10T13:05:18.407+0300][1257.952s][info ][gc] GC(40599) Pause Young (Allocation Failure) 54M->54M(57M) 13.582ms
[2020-08-10T13:05:18.422+0300][1257.967s][info ][gc] GC(40600) Pause Young (Allocation Failure) 55M->55M(57M) 13.812ms
[2020-08-10T13:05:18.539+0300][1258.084s][debug][gc] GC(40601) Expanding ParOldGen from 56320K by 11264K to 67584K
[2020-08-10T13:05:18.539+0300][1258.084s][info ][gc] GC(40601) Pause Full (Ergonomics) 55M->55M(68M) 117.445ms
[2020-08-10T13:05:18.562+0300][1258.107s][info ][gc] GC(40602) Pause Young (Allocation Failure) 56M->56M(68M) 21.965ms
[2020-08-10T13:05:18.576+0300][1258.121s][info ][gc] GC(40603) Pause Young (Allocation Failure) 57M->57M(68M) 13.643ms
[2020-08-10T13:05:18.590+0300][1258.135s][info ][gc] GC(40604) Pause Young (Allocation Failure) 58M->58M(68M) 13.552ms
[2020-08-10T13:05:18.604+0300][1258.149s][info ][gc] GC(40605) Pause Young (Allocation Failure) 59M->59M(68M) 13.526ms
[2020-08-10T13:05:18.618+0300][1258.163s][info ][gc] GC(40606) Pause Young (Allocation Failure) 60M->59M(68M) 13.588ms
[2020-08-10T13:05:18.632+0300][1258.177s][info ][gc] GC(40607) Pause Young (Allocation Failure) 60M->60M(68M) 13.753ms
[2020-08-10T13:05:18.646+0300][1258.191s][info ][gc] GC(40608) Pause Young (Allocation Failure) 61M->61M(68M) 13.662ms
[2020-08-10T13:05:18.660+0300][1258.206s][info ][gc] GC(40609) Pause Young (Allocation Failure) 62M->62M(68M) 13.753ms
[2020-08-10T13:05:18.675+0300][1258.220s][info ][gc] GC(40610) Pause Young (Allocation Failure) 63M->63M(68M) 13.623ms
[2020-08-10T13:05:18.689+0300][1258.234s][info ][gc] GC(40611) Pause Young (Allocation Failure) 64M->64M(68M) 13.616ms
[2020-08-10T13:05:18.703+0300][1258.248s][info ][gc] GC(40612) Pause Young (Allocation Failure) 65M->65M(68M) 13.619ms
[2020-08-10T13:05:18.717+0300][1258.262s][info ][gc] GC(40613) Pause Young (Allocation Failure) 66M->66M(68M) 13.768ms
[2020-08-10T13:05:18.866+0300][1258.411s][debug][gc] GC(40614) Expanding ParOldGen from 67584K by 11264K to 78848K
[2020-08-10T13:05:18.866+0300][1258.412s][info ][gc] GC(40614) Pause Full (Ergonomics) 66M->66M(79M) 149.318ms
[2020-08-10T13:05:18.895+0300][1258.440s][info ][gc] GC(40615) Pause Young (Allocation Failure) 67M->67M(79M) 28.282ms
[2020-08-10T13:05:18.910+0300][1258.455s][info ][gc] GC(40616) Pause Young (Allocation Failure) 68M->68M(79M) 13.864ms
[2020-08-10T13:05:18.924+0300][1258.469s][info ][gc] GC(40617) Pause Young (Allocation Failure) 69M->69M(79M) 13.625ms
[2020-08-10T13:05:18.938+0300][1258.484s][info ][gc] GC(40618) Pause Young (Allocation Failure) 70M->70M(79M) 13.826ms
[2020-08-10T13:05:18.953+0300][1258.498s][info ][gc] GC(40619) Pause Young (Allocation Failure) 71M->71M(79M) 13.680ms
[2020-08-10T13:05:18.967+0300][1258.512s][info ][gc] GC(40620) Pause Young (Allocation Failure) 72M->72M(79M) 13.749ms
[2020-08-10T13:05:18.981+0300][1258.526s][info ][gc] GC(40621) Pause Young (Allocation Failure) 73M->73M(79M) 13.693ms
[2020-08-10T13:05:18.996+0300][1258.541s][info ][gc] GC(40622) Pause Young (Allocation Failure) 74M->74M(79M) 13.752ms
[2020-08-10T13:05:19.010+0300][1258.555s][info ][gc] GC(40623) Pause Young (Allocation Failure) 75M->75M(79M) 13.690ms
[2020-08-10T13:05:19.024+0300][1258.569s][info ][gc] GC(40624) Pause Young (Allocation Failure) 76M->76M(79M) 13.737ms
[2020-08-10T13:05:19.038+0300][1258.583s][info ][gc] GC(40625) Pause Young (Allocation Failure) 77M->76M(79M) 13.764ms
[2020-08-10T13:05:19.225+0300][1258.770s][debug][gc] GC(40626) Expanding ParOldGen from 78848K by 11264K to 90112K
[2020-08-10T13:05:19.225+0300][1258.770s][info ][gc] GC(40626) Pause Full (Ergonomics) 76M->76M(90M) 186.273ms
[2020-08-10T13:05:19.238+0300][1258.784s][info ][gc] GC(40627) Pause Young (Allocation Failure) 77M->77M(90M) 13.157ms
[2020-08-10T13:05:19.253+0300][1258.798s][info ][gc] GC(40628) Pause Young (Allocation Failure) 78M->78M(90M) 13.542ms
[2020-08-10T13:05:19.267+0300][1258.812s][info ][gc] GC(40629) Pause Young (Allocation Failure) 79M->79M(90M) 13.620ms
[2020-08-10T13:05:19.281+0300][1258.826s][info ][gc] GC(40630) Pause Young (Allocation Failure) 80M->80M(90M) 13.579ms
[2020-08-10T13:05:19.295+0300][1258.840s][info ][gc] GC(40631) Pause Young (Allocation Failure) 81M->81M(90M) 13.710ms
[2020-08-10T13:05:19.309+0300][1258.855s][info ][gc] GC(40632) Pause Young (Allocation Failure) 82M->82M(90M) 13.921ms
[2020-08-10T13:05:19.324+0300][1258.869s][info ][gc] GC(40633) Pause Young (Allocation Failure) 83M->83M(90M) 13.952ms
[2020-08-10T13:05:19.338+0300][1258.883s][info ][gc] GC(40634) Pause Young (Allocation Failure) 84M->84M(90M) 13.769ms
[2020-08-10T13:05:19.353+0300][1258.898s][info ][gc] GC(40635) Pause Young (Allocation Failure) 85M->85M(90M) 13.919ms
[2020-08-10T13:05:19.367+0300][1258.912s][info ][gc] GC(40636) Pause Young (Allocation Failure) 86M->86M(90M) 14.008ms
[2020-08-10T13:05:19.382+0300][1258.927s][info ][gc] GC(40637) Pause Young (Allocation Failure) 87M->87M(90M) 14.057ms
[2020-08-10T13:05:19.397+0300][1258.942s][info ][gc] GC(40638) Pause Young (Allocation Failure) 88M->88M(90M) 14.271ms
[2020-08-10T13:05:19.601+0300][1259.146s][debug][gc] GC(40639) Expanding ParOldGen from 90112K by 11264K to 101376K
[2020-08-10T13:05:19.601+0300][1259.146s][info ][gc] GC(40639) Pause Full (Ergonomics) 88M->88M(101M) 203.915ms
[2020-08-10T13:05:19.633+0300][1259.179s][info ][gc] GC(40640) Pause Young (Allocation Failure) 89M->89M(101M) 31.917ms
[2020-08-10T13:05:19.648+0300][1259.194s][info ][gc] GC(40641) Pause Young (Allocation Failure) 90M->90M(101M) 14.506ms
[2020-08-10T13:05:19.664+0300][1259.209s][info ][gc] GC(40642) Pause Young (Allocation Failure) 91M->90M(101M) 14.682ms
[2020-08-10T13:05:19.679+0300][1259.224s][info ][gc] GC(40643) Pause Young (Allocation Failure) 91M->91M(101M) 14.723ms
[2020-08-10T13:05:19.694+0300][1259.239s][info ][gc] GC(40644) Pause Young (Allocation Failure) 92M->92M(101M) 14.884ms
[2020-08-10T13:05:19.710+0300][1259.255s][info ][gc] GC(40645) Pause Young (Allocation Failure) 93M->93M(101M) 14.973ms
[2020-08-10T13:05:19.725+0300][1259.270s][info ][gc] GC(40646) Pause Young (Allocation Failure) 94M->94M(101M) 14.759ms
[2020-08-10T13:05:19.741+0300][1259.286s][info ][gc] GC(40647) Pause Young (Allocation Failure) 95M->95M(101M) 15.066ms
[2020-08-10T13:05:19.756+0300][1259.302s][info ][gc] GC(40648) Pause Young (Allocation Failure) 96M->96M(101M) 15.210ms
[2020-08-10T13:05:19.772+0300][1259.317s][info ][gc] GC(40649) Pause Young (Allocation Failure) 97M->97M(101M) 15.202ms
[2020-08-10T13:05:19.788+0300][1259.333s][info ][gc] GC(40650) Pause Young (Allocation Failure) 98M->98M(101M) 15.357ms
[2020-08-10T13:05:19.804+0300][1259.349s][info ][gc] GC(40651) Pause Young (Allocation Failure) 99M->99M(101M) 15.190ms
[2020-08-10T13:05:20.040+0300][1259.585s][debug][gc] GC(40652) Expanding ParOldGen from 101376K by 11776K to 113152K
[2020-08-10T13:05:20.040+0300][1259.585s][info ][gc] GC(40652) Pause Full (Ergonomics) 99M->99M(112M) 235.912ms
[2020-08-10T13:05:20.075+0300][1259.620s][info ][gc] GC(40653) Pause Young (Allocation Failure) 100M->100M(112M) 34.643ms
[2020-08-10T13:05:20.091+0300][1259.637s][info ][gc] GC(40654) Pause Young (Allocation Failure) 101M->101M(112M) 15.749ms
[2020-08-10T13:05:20.108+0300][1259.653s][info ][gc] GC(40655) Pause Young (Allocation Failure) 102M->102M(112M) 15.801ms
[2020-08-10T13:05:20.124+0300][1259.669s][info ][gc] GC(40656) Pause Young (Allocation Failure) 103M->103M(112M) 15.794ms
[2020-08-10T13:05:20.141+0300][1259.686s][info ][gc] GC(40657) Pause Young (Allocation Failure) 104M->104M(112M) 15.762ms
[2020-08-10T13:05:20.157+0300][1259.702s][info ][gc] GC(40658) Pause Young (Allocation Failure) 105M->105M(112M) 15.777ms
[2020-08-10T13:05:20.173+0300][1259.718s][info ][gc] GC(40659) Pause Young (Allocation Failure) 106M->106M(112M) 15.849ms
[2020-08-10T13:05:20.190+0300][1259.735s][info ][gc] GC(40660) Pause Young (Allocation Failure) 107M->107M(112M) 16.079ms
[2020-08-10T13:05:20.206+0300][1259.752s][info ][gc] GC(40661) Pause Young (Allocation Failure) 108M->108M(112M) 16.126ms
[2020-08-10T13:05:20.223+0300][1259.768s][info ][gc] GC(40662) Pause Young (Allocation Failure) 109M->108M(112M) 16.117ms
[2020-08-10T13:05:20.240+0300][1259.785s][info ][gc] GC(40663) Pause Young (Allocation Failure) 109M->109M(112M) 16.412ms
[2020-08-10T13:05:20.257+0300][1259.802s][info ][gc] GC(40664) Pause Young (Allocation Failure) 110M->110M(112M) 16.622ms
[2020-08-10T13:05:20.530+0300][1260.075s][debug][gc] GC(40665) Expanding ParOldGen from 113152K by 11264K to 124416K
[2020-08-10T13:05:20.530+0300][1260.075s][info ][gc] GC(40665) Pause Full (Ergonomics) 110M->110M(123M) 272.967ms
[2020-08-10T13:05:20.573+0300][1260.119s][info ][gc] GC(40666) Pause Young (Allocation Failure) 111M->111M(124M) 42.559ms
[2020-08-10T13:05:20.590+0300][1260.136s][info ][gc] GC(40667) Pause Young (Allocation Failure) 112M->112M(124M) 16.629ms
[2020-08-10T13:05:20.608+0300][1260.153s][info ][gc] GC(40668) Pause Young (Allocation Failure) 113M->113M(124M) 16.734ms
[2020-08-10T13:05:20.625+0300][1260.170s][info ][gc] GC(40669) Pause Young (Allocation Failure) 114M->114M(124M) 16.640ms
[2020-08-10T13:05:20.642+0300][1260.188s][info ][gc] GC(40670) Pause Young (Allocation Failure) 115M->115M(124M) 16.748ms
[2020-08-10T13:05:20.660+0300][1260.205s][info ][gc] GC(40671) Pause Young (Allocation Failure) 116M->116M(124M) 16.851ms
[2020-08-10T13:05:20.677+0300][1260.223s][info ][gc] GC(40672) Pause Young (Allocation Failure) 117M->117M(124M) 17.073ms
[2020-08-10T13:05:20.695+0300][1260.240s][info ][gc] GC(40673) Pause Young (Allocation Failure) 118M->118M(124M) 17.105ms
[2020-08-10T13:05:20.713+0300][1260.258s][info ][gc] GC(40674) Pause Young (Allocation Failure) 119M->119M(124M) 17.094ms
[2020-08-10T13:05:20.730+0300][1260.276s][info ][gc] GC(40675) Pause Young (Allocation Failure) 120M->120M(124M) 17.188ms
[2020-08-10T13:05:20.748+0300][1260.294s][info ][gc] GC(40676) Pause Young (Allocation Failure) 121M->121M(124M) 17.389ms
[2020-08-10T13:05:20.766+0300][1260.312s][info ][gc] GC(40677) Pause Young (Allocation Failure) 122M->122M(124M) 17.312ms
[2020-08-10T13:05:21.061+0300][1260.606s][debug][gc] GC(40678) Expanding ParOldGen from 124416K by 11264K to 135680K
[2020-08-10T13:05:21.061+0300][1260.606s][info ][gc] GC(40678) Pause Full (Ergonomics) 122M->122M(135M) 294.295ms
[2020-08-10T13:05:21.094+0300][1260.640s][info ][gc] GC(40679) Pause Young (Allocation Failure) 123M->123M(135M) 32.865ms
[2020-08-10T13:05:21.113+0300][1260.658s][info ][gc] GC(40680) Pause Young (Allocation Failure) 124M->123M(135M) 17.885ms
[2020-08-10T13:05:21.131+0300][1260.677s][info ][gc] GC(40681) Pause Young (Allocation Failure) 124M->124M(135M) 17.987ms
[2020-08-10T13:05:21.150+0300][1260.695s][info ][gc] GC(40682) Pause Young (Allocation Failure) 125M->125M(135M) 18.001ms
[2020-08-10T13:05:21.169+0300][1260.714s][info ][gc] GC(40683) Pause Young (Allocation Failure) 126M->126M(135M) 18.158ms
[2020-08-10T13:05:21.187+0300][1260.732s][info ][gc] GC(40684) Pause Young (Allocation Failure) 127M->127M(135M) 17.797ms
[2020-08-10T13:05:21.206+0300][1260.751s][info ][gc] GC(40685) Pause Young (Allocation Failure) 128M->128M(135M) 18.265ms
[2020-08-10T13:05:21.224+0300][1260.770s][info ][gc] GC(40686) Pause Young (Allocation Failure) 129M->129M(135M) 18.330ms
[2020-08-10T13:05:21.243+0300][1260.788s][info ][gc] GC(40687) Pause Young (Allocation Failure) 130M->130M(135M) 18.129ms
[2020-08-10T13:05:21.262+0300][1260.807s][info ][gc] GC(40688) Pause Young (Allocation Failure) 131M->131M(135M) 18.163ms
[2020-08-10T13:05:21.316+0300][1260.861s][info ][gc] GC(40689) Pause Young (Allocation Failure) 132M->132M(135M) 54.249ms
[2020-08-10T13:05:21.713+0300][1261.258s][debug][gc] GC(40690) Expanding ParOldGen from 135680K by 11264K to 146944K
[2020-08-10T13:05:21.713+0300][1261.258s][info ][gc] GC(40690) Pause Full (Ergonomics) 132M->132M(146M) 396.331ms
[2020-08-10T13:05:21.728+0300][1261.274s][info ][gc] GC(40691) Pause Young (Allocation Failure) 133M->133M(146M) 15.313ms
[2020-08-10T13:05:21.747+0300][1261.292s][info ][gc] GC(40692) Pause Young (Allocation Failure) 134M->134M(146M) 18.071ms
[2020-08-10T13:05:21.766+0300][1261.311s][info ][gc] GC(40693) Pause Young (Allocation Failure) 135M->135M(146M) 18.660ms
[2020-08-10T13:05:21.766+0300][1261.312s][debug][gc] Expanding ParOldGen from 146944K by 19968K to 166912K
[2020-08-10T13:05:21.803+0300][1261.349s][info ][gc] GC(40694) Pause Young (Allocation Failure) 155M->155M(165M) 29.171ms
[2020-08-10T13:05:21.831+0300][1261.376s][info ][gc] GC(40695) Pause Young (Allocation Failure) 156M->156M(165M) 26.745ms
[2020-08-10T13:05:21.857+0300][1261.402s][info ][gc] GC(40696) Pause Young (Allocation Failure) 157M->157M(165M) 25.729ms
[2020-08-10T13:05:21.883+0300][1261.428s][info ][gc] GC(40697) Pause Young (Allocation Failure) 158M->158M(165M) 25.712ms
[2020-08-10T13:05:21.909+0300][1261.454s][info ][gc] GC(40698) Pause Young (Allocation Failure) 159M->159M(165M) 25.743ms
[2020-08-10T13:05:21.935+0300][1261.480s][info ][gc] GC(40699) Pause Young (Allocation Failure) 160M->160M(165M) 25.712ms
[2020-08-10T13:05:21.961+0300][1261.507s][info ][gc] GC(40700) Pause Young (Allocation Failure) 161M->160M(165M) 25.868ms
[2020-08-10T13:05:21.988+0300][1261.533s][info ][gc] GC(40701) Pause Young (Allocation Failure) 161M->161M(165M) 25.693ms
[2020-08-10T13:05:22.014+0300][1261.559s][info ][gc] GC(40702) Pause Young (Allocation Failure) 162M->162M(165M) 25.697ms
[2020-08-10T13:05:22.040+0300][1261.585s][info ][gc] GC(40703) Pause Young (Allocation Failure) 163M->163M(165M) 25.733ms
[2020-08-10T13:05:22.129+0300][1261.675s][debug][gc] GC(40704) Shrinking ParOldGen from 166912K by 124416K to 42496K
[2020-08-10T13:05:22.129+0300][1261.675s][info ][gc] GC(40704) Pause Full (Ergonomics) 163M->30M(44M) 89.255ms
[2020-08-10T13:05:22.143+0300][1261.688s][info ][gc] GC(40705) Pause Young (Allocation Failure) 31M->31M(44M) 12.975ms
[2020-08-10T13:05:22.157+0300][1261.702s][info ][gc] GC(40706) Pause Young (Allocation Failure) 32M->32M(44M) 13.321ms
[2020-08-10T13:05:22.170+0300][1261.716s][info ][gc] GC(40707) Pause Young (Allocation Failure) 33M->32M(44M) 13.243ms
[2020-08-10T13:05:22.184+0300][1261.729s][info ][gc] GC(40708) Pause Young (Allocation Failure) 33M->33M(44M) 13.326ms
[2020-08-10T13:05:22.198+0300][1261.743s][info ][gc] GC(40709) Pause Young (Allocation Failure) 34M->34M(44M) 13.299ms
[2020-08-10T13:05:22.212+0300][1261.757s][info ][gc] GC(40710) Pause Young (Allocation Failure) 35M->35M(44M) 13.378ms
[2020-08-10T13:05:22.226+0300][1261.771s][info ][gc] GC(40711) Pause Young (Allocation Failure) 36M->36M(44M) 13.452ms
[2020-08-10T13:05:22.240+0300][1261.785s][info ][gc] GC(40712) Pause Young (Allocation Failure) 37M->37M(44M) 13.499ms
[2020-08-10T13:05:22.254+0300][1261.799s][info ][gc] GC(40713) Pause Young (Allocation Failure) 38M->38M(44M) 13.560ms
[2020-08-10T13:05:22.268+0300][1261.813s][info ][gc] GC(40714) Pause Young (Allocation Failure) 39M->39M(43M) 13.809ms
[2020-08-10T13:05:22.282+0300][1261.827s][info ][gc] GC(40715) Pause Young (Allocation Failure) 40M->40M(43M) 13.463ms
[2020-08-10T13:05:22.296+0300][1261.841s][info ][gc] GC(40716) Pause Young (Allocation Failure) 41M->41M(43M) 13.467ms
[2020-08-10T13:05:22.370+0300][1261.916s][debug][gc] GC(40717) Expanding ParOldGen from 42496K by 11776K to 54272K
[2020-08-10T13:05:22.370+0300][1261.916s][info ][gc] GC(40717) Pause Full (Ergonomics) 41M->41M(55M) 74.116ms
[2020-08-10T13:05:22.384+0300][1261.930s][info ][gc] GC(40718) Pause Young (Allocation Failure) 42M->42M(55M) 13.070ms
[2020-08-10T13:05:22.398+0300][1261.944s][info ][gc] GC(40719) Pause Young (Allocation Failure) 43M->43M(55M) 13.394ms
[2020-08-10T13:05:22.412+0300][1261.958s][info ][gc] GC(40720) Pause Young (Allocation Failure) 44M->44M(55M) 13.495ms
[2020-08-10T13:05:22.426+0300][1261.972s][info ][gc] GC(40721) Pause Young (Allocation Failure) 45M->45M(55M) 13.448ms
[2020-08-10T13:05:22.441+0300][1261.986s][info ][gc] GC(40722) Pause Young (Allocation Failure) 46M->46M(55M) 13.541ms
[2020-08-10T13:05:22.455+0300][1262.000s][info ][gc] GC(40723) Pause Young (Allocation Failure) 47M->47M(55M) 13.426ms
[2020-08-10T13:05:22.469+0300][1262.014s][info ][gc] GC(40724) Pause Young (Allocation Failure) 48M->48M(55M) 13.388ms
[2020-08-10T13:05:22.482+0300][1262.028s][info ][gc] GC(40725) Pause Young (Allocation Failure) 49M->49M(55M) 13.479ms
[2020-08-10T13:05:22.496+0300][1262.042s][info ][gc] GC(40726) Pause Young (Allocation Failure) 50M->49M(55M) 13.473ms
[2020-08-10T13:05:22.510+0300][1262.056s][info ][gc] GC(40727) Pause Young (Allocation Failure) 50M->50M(55M) 13.487ms
[2020-08-10T13:05:22.524+0300][1262.070s][info ][gc] GC(40728) Pause Young (Allocation Failure) 51M->51M(55M) 13.457ms
[2020-08-10T13:05:22.538+0300][1262.084s][info ][gc] GC(40729) Pause Young (Allocation Failure) 52M->52M(55M) 13.420ms
[2020-08-10T13:05:22.553+0300][1262.098s][info ][gc] GC(40730) Pause Young (Allocation Failure) 53M->53M(55M) 13.645ms
[2020-08-10T13:05:22.661+0300][1262.207s][debug][gc] GC(40731) Expanding ParOldGen from 54272K by 11264K to 65536K
[2020-08-10T13:05:22.661+0300][1262.207s][info ][gc] GC(40731) Pause Full (Ergonomics) 53M->53M(66M) 108.591ms
[2020-08-10T13:05:22.685+0300][1262.230s][info ][gc] GC(40732) Pause Young (Allocation Failure) 54M->54M(66M) 23.351ms
[2020-08-10T13:05:22.699+0300][1262.245s][info ][gc] GC(40733) Pause Young (Allocation Failure) 55M->55M(66M) 13.740ms
[2020-08-10T13:05:22.714+0300][1262.259s][info ][gc] GC(40734) Pause Young (Allocation Failure) 56M->56M(66M) 13.697ms
[2020-08-10T13:05:22.728+0300][1262.273s][info ][gc] GC(40735) Pause Young (Allocation Failure) 57M->57M(66M) 13.627ms
[2020-08-10T13:05:22.742+0300][1262.287s][info ][gc] GC(40736) Pause Young (Allocation Failure) 58M->58M(66M) 13.681ms
[2020-08-10T13:05:22.756+0300][1262.302s][info ][gc] GC(40737) Pause Young (Allocation Failure) 59M->59M(66M) 13.677ms
[2020-08-10T13:05:22.771+0300][1262.316s][info ][gc] GC(40738) Pause Young (Allocation Failure) 60M->60M(66M) 13.610ms
[2020-08-10T13:05:22.785+0300][1262.330s][info ][gc] GC(40739) Pause Young (Allocation Failure) 61M->61M(66M) 13.569ms
[2020-08-10T13:05:22.799+0300][1262.344s][info ][gc] GC(40740) Pause Young (Allocation Failure) 62M->62M(66M) 13.689ms
[2020-08-10T13:05:22.813+0300][1262.359s][info ][gc] GC(40741) Pause Young (Allocation Failure) 63M->63M(66M) 13.707ms
[2020-08-10T13:05:22.828+0300][1262.373s][info ][gc] GC(40742) Pause Young (Allocation Failure) 64M->64M(66M) 13.532ms
[2020-08-10T13:05:22.966+0300][1262.511s][debug][gc] GC(40743) Expanding ParOldGen from 65536K by 11264K to 76800K
[2020-08-10T13:05:22.966+0300][1262.511s][info ][gc] GC(40743) Pause Full (Ergonomics) 64M->64M(77M) 138.096ms
[2020-08-10T13:05:22.992+0300][1262.538s][info ][gc] GC(40744) Pause Young (Allocation Failure) 65M->64M(77M) 25.766ms
[2020-08-10T13:05:23.007+0300][1262.552s][info ][gc] GC(40745) Pause Young (Allocation Failure) 65M->65M(77M) 13.761ms
[2020-08-10T13:05:23.021+0300][1262.566s][info ][gc] GC(40746) Pause Young (Allocation Failure) 66M->66M(77M) 13.727ms
[2020-08-10T13:05:23.035+0300][1262.581s][info ][gc] GC(40747) Pause Young (Allocation Failure) 67M->67M(77M) 13.566ms
[2020-08-10T13:05:23.050+0300][1262.595s][info ][gc] GC(40748) Pause Young (Allocation Failure) 68M->68M(77M) 13.763ms
[2020-08-10T13:05:23.064+0300][1262.609s][info ][gc] GC(40749) Pause Young (Allocation Failure) 69M->69M(77M) 13.661ms
[2020-08-10T13:05:23.078+0300][1262.623s][info ][gc] GC(40750) Pause Young (Allocation Failure) 70M->70M(77M) 13.759ms
[2020-08-10T13:05:23.092+0300][1262.638s][info ][gc] GC(40751) Pause Young (Allocation Failure) 71M->71M(77M) 13.736ms
[2020-08-10T13:05:23.107+0300][1262.652s][info ][gc] GC(40752) Pause Young (Allocation Failure) 72M->72M(77M) 13.746ms
[2020-08-10T13:05:23.121+0300][1262.666s][info ][gc] GC(40753) Pause Young (Allocation Failure) 73M->73M(77M) 13.716ms
[2020-08-10T13:05:23.135+0300][1262.680s][info ][gc] GC(40754) Pause Young (Allocation Failure) 74M->74M(77M) 13.708ms
[2020-08-10T13:05:23.149+0300][1262.695s][info ][gc] GC(40755) Pause Young (Allocation Failure) 75M->75M(77M) 13.804ms
[2020-08-10T13:05:23.330+0300][1262.876s][debug][gc] GC(40756) Expanding ParOldGen from 76800K by 11264K to 88064K
[2020-08-10T13:05:23.330+0300][1262.876s][info ][gc] GC(40756) Pause Full (Ergonomics) 75M->75M(88M) 180.961ms
[2020-08-10T13:05:23.361+0300][1262.906s][info ][gc] GC(40757) Pause Young (Allocation Failure) 76M->76M(88M) 29.613ms
[2020-08-10T13:05:23.376+0300][1262.921s][info ][gc] GC(40758) Pause Young (Allocation Failure) 77M->77M(88M) 13.903ms
[2020-08-10T13:05:23.390+0300][1262.935s][info ][gc] GC(40759) Pause Young (Allocation Failure) 78M->78M(88M) 13.889ms
[2020-08-10T13:05:23.405+0300][1262.950s][info ][gc] GC(40760) Pause Young (Allocation Failure) 79M->79M(88M) 13.855ms
[2020-08-10T13:05:23.419+0300][1262.964s][info ][gc] GC(40761) Pause Young (Allocation Failure) 80M->80M(88M) 13.899ms
[2020-08-10T13:05:23.433+0300][1262.979s][info ][gc] GC(40762) Pause Young (Allocation Failure) 81M->81M(88M) 13.891ms
[2020-08-10T13:05:23.448+0300][1262.993s][info ][gc] GC(40763) Pause Young (Allocation Failure) 82M->81M(88M) 14.074ms
[2020-08-10T13:05:23.463+0300][1263.008s][info ][gc] GC(40764) Pause Young (Allocation Failure) 82M->82M(88M) 13.919ms
[2020-08-10T13:05:23.477+0300][1263.022s][info ][gc] GC(40765) Pause Young (Allocation Failure) 83M->83M(88M) 13.916ms
[2020-08-10T13:05:23.491+0300][1263.037s][info ][gc] GC(40766) Pause Young (Allocation Failure) 84M->84M(88M) 13.944ms
[2020-08-10T13:05:23.506+0300][1263.052s][info ][gc] GC(40767) Pause Young (Allocation Failure) 85M->85M(88M) 14.112ms
[2020-08-10T13:05:23.521+0300][1263.067s][info ][gc] GC(40768) Pause Young (Allocation Failure) 86M->86M(88M) 14.296ms
[2020-08-10T13:05:23.724+0300][1263.269s][debug][gc] GC(40769) Expanding ParOldGen from 88064K by 11264K to 99328K
[2020-08-10T13:05:23.724+0300][1263.270s][info ][gc] GC(40769) Pause Full (Ergonomics) 86M->86M(99M) 202.747ms
[2020-08-10T13:05:23.757+0300][1263.302s][info ][gc] GC(40770) Pause Young (Allocation Failure) 87M->87M(99M) 32.397ms
[2020-08-10T13:05:23.772+0300][1263.317s][info ][gc] GC(40771) Pause Young (Allocation Failure) 88M->88M(99M) 14.451ms
[2020-08-10T13:05:23.787+0300][1263.333s][info ][gc] GC(40772) Pause Young (Allocation Failure) 89M->89M(99M) 14.554ms
[2020-08-10T13:05:23.802+0300][1263.348s][info ][gc] GC(40773) Pause Young (Allocation Failure) 90M->90M(99M) 14.533ms
[2020-08-10T13:05:23.818+0300][1263.363s][info ][gc] GC(40774) Pause Young (Allocation Failure) 91M->91M(99M) 14.740ms
[2020-08-10T13:05:23.833+0300][1263.378s][info ][gc] GC(40775) Pause Young (Allocation Failure) 92M->92M(99M) 14.911ms
[2020-08-10T13:05:23.849+0300][1263.394s][info ][gc] GC(40776) Pause Young (Allocation Failure) 93M->93M(99M) 15.068ms
[2020-08-10T13:05:23.864+0300][1263.410s][info ][gc] GC(40777) Pause Young (Allocation Failure) 94M->94M(99M) 15.053ms
[2020-08-10T13:05:23.879+0300][1263.425s][info ][gc] GC(40778) Pause Young (Allocation Failure) 95M->95M(99M) 14.720ms
[2020-08-10T13:05:23.895+0300][1263.440s][info ][gc] GC(40779) Pause Young (Allocation Failure) 96M->96M(99M) 15.057ms
[2020-08-10T13:05:23.911+0300][1263.456s][info ][gc] GC(40780) Pause Young (Allocation Failure) 97M->97M(99M) 15.234ms
[2020-08-10T13:05:24.148+0300][1263.693s][debug][gc] GC(40781) Expanding ParOldGen from 99328K by 11264K to 110592K
[2020-08-10T13:05:24.148+0300][1263.693s][info ][gc] GC(40781) Pause Full (Ergonomics) 97M->96M(110M) 236.755ms
[2020-08-10T13:05:24.162+0300][1263.707s][info ][gc] GC(40782) Pause Young (Allocation Failure) 97M->97M(110M) 13.195ms
[2020-08-10T13:05:24.177+0300][1263.722s][info ][gc] GC(40783) Pause Young (Allocation Failure) 98M->98M(110M) 14.962ms
[2020-08-10T13:05:24.193+0300][1263.738s][info ][gc] GC(40784) Pause Young (Allocation Failure) 99M->99M(110M) 15.260ms
[2020-08-10T13:05:24.209+0300][1263.754s][info ][gc] GC(40785) Pause Young (Allocation Failure) 100M->100M(110M) 15.351ms
[2020-08-10T13:05:24.225+0300][1263.770s][info ][gc] GC(40786) Pause Young (Allocation Failure) 101M->101M(110M) 15.548ms
[2020-08-10T13:05:24.241+0300][1263.786s][info ][gc] GC(40787) Pause Young (Allocation Failure) 102M->102M(110M) 15.364ms
[2020-08-10T13:05:24.257+0300][1263.802s][info ][gc] GC(40788) Pause Young (Allocation Failure) 103M->103M(110M) 15.373ms
[2020-08-10T13:05:24.273+0300][1263.818s][info ][gc] GC(40789) Pause Young (Allocation Failure) 104M->104M(110M) 15.534ms
[2020-08-10T13:05:24.289+0300][1263.834s][info ][gc] GC(40790) Pause Young (Allocation Failure) 105M->105M(110M) 15.554ms
[2020-08-10T13:05:24.305+0300][1263.850s][info ][gc] GC(40791) Pause Young (Allocation Failure) 106M->106M(110M) 15.649ms
[2020-08-10T13:05:24.321+0300][1263.866s][info ][gc] GC(40792) Pause Young (Allocation Failure) 107M->107M(110M) 15.708ms
[2020-08-10T13:05:24.338+0300][1263.883s][info ][gc] GC(40793) Pause Young (Allocation Failure) 108M->108M(109M) 15.917ms
[2020-08-10T13:05:24.589+0300][1264.134s][debug][gc] GC(40794) Expanding ParOldGen from 110592K by 11264K to 121856K
[2020-08-10T13:05:24.589+0300][1264.134s][info ][gc] GC(40794) Pause Full (Ergonomics) 108M->108M(120M) 251.298ms
[2020-08-10T13:05:24.626+0300][1264.171s][info ][gc] GC(40795) Pause Young (Allocation Failure) 108M->108M(121M) 36.373ms
[2020-08-10T13:05:24.640+0300][1264.185s][info ][gc] GC(40796) Pause Young (Allocation Failure) 109M->109M(121M) 13.596ms
[2020-08-10T13:05:24.654+0300][1264.199s][info ][gc] GC(40797) Pause Young (Allocation Failure) 109M->109M(121M) 13.550ms
[2020-08-10T13:05:24.668+0300][1264.213s][info ][gc] GC(40798) Pause Young (Allocation Failure) 110M->110M(121M) 13.607ms
[2020-08-10T13:05:24.682+0300][1264.227s][info ][gc] GC(40799) Pause Young (Allocation Failure) 110M->110M(121M) 13.533ms
[2020-08-10T13:05:24.696+0300][1264.241s][info ][gc] GC(40800) Pause Young (Allocation Failure) 111M->111M(121M) 13.524ms
[2020-08-10T13:05:24.710+0300][1264.255s][info ][gc] GC(40801) Pause Young (Allocation Failure) 111M->111M(121M) 13.624ms
[2020-08-10T13:05:24.724+0300][1264.269s][info ][gc] GC(40802) Pause Young (Allocation Failure) 111M->111M(121M) 13.816ms
[2020-08-10T13:05:24.738+0300][1264.284s][info ][gc] GC(40803) Pause Young (Allocation Failure) 112M->112M(121M) 13.860ms
[2020-08-10T13:05:24.752+0300][1264.298s][info ][gc] GC(40804) Pause Young (Allocation Failure) 112M->112M(121M) 13.818ms
[2020-08-10T13:05:24.767+0300][1264.312s][info ][gc] GC(40805) Pause Young (Allocation Failure) 113M->113M(121M) 13.775ms
[2020-08-10T13:05:24.781+0300][1264.326s][info ][gc] GC(40806) Pause Young (Allocation Failure) 113M->113M(121M) 13.889ms
[2020-08-10T13:05:24.795+0300][1264.341s][info ][gc] GC(40807) Pause Young (Allocation Failure) 114M->114M(121M) 13.961ms
[2020-08-10T13:05:24.810+0300][1264.355s][info ][gc] GC(40808) Pause Young (Allocation Failure) 114M->114M(121M) 13.969ms
[2020-08-10T13:05:24.824+0300][1264.370s][info ][gc] GC(40809) Pause Young (Allocation Failure) 115M->115M(121M) 13.958ms
[2020-08-10T13:05:24.839+0300][1264.385s][info ][gc] GC(40810) Pause Young (Allocation Failure) 115M->115M(121M) 14.538ms
[2020-08-10T13:05:24.854+0300][1264.399s][info ][gc] GC(40811) Pause Young (Allocation Failure) 116M->116M(120M) 14.074ms
[2020-08-10T13:05:24.868+0300][1264.414s][info ][gc] GC(40812) Pause Young (Allocation Failure) 116M->116M(120M) 14.302ms
[2020-08-10T13:05:24.883+0300][1264.429s][info ][gc] GC(40813) Pause Young (Allocation Failure) 116M->116M(120M) 14.506ms
[2020-08-10T13:05:24.898+0300][1264.444s][info ][gc] GC(40814) Pause Young (Allocation Failure) 117M->117M(120M) 14.615ms
[2020-08-10T13:05:24.913+0300][1264.459s][info ][gc] GC(40815) Pause Young (Allocation Failure) 117M->117M(120M) 14.489ms
[2020-08-10T13:05:24.928+0300][1264.473s][info ][gc] GC(40816) Pause Young (Allocation Failure) 118M->118M(120M) 14.433ms
[2020-08-10T13:05:24.943+0300][1264.488s][info ][gc] GC(40817) Pause Young (Allocation Failure) 118M->118M(120M) 14.322ms
[2020-08-10T13:05:25.226+0300][1264.771s][debug][gc] GC(40818) Expanding ParOldGen from 121856K by 10752K to 132608K
[2020-08-10T13:05:25.226+0300][1264.771s][info ][gc] GC(40818) Pause Full (Ergonomics) 118M->118M(131M) 282.716ms
[2020-08-10T13:05:25.240+0300][1264.785s][info ][gc] GC(40819) Pause Young (Allocation Failure) 119M->119M(131M) 13.696ms
[2020-08-10T13:05:25.273+0300][1264.818s][info ][gc] GC(40820) Pause Young (Allocation Failure) 119M->119M(131M) 32.456ms
[2020-08-10T13:05:25.287+0300][1264.833s][info ][gc] GC(40821) Pause Young (Allocation Failure) 119M->119M(131M) 14.438ms
[2020-08-10T13:05:25.302+0300][1264.848s][info ][gc] GC(40822) Pause Young (Allocation Failure) 120M->120M(131M) 14.474ms
[2020-08-10T13:05:25.317+0300][1264.863s][info ][gc] GC(40823) Pause Young (Allocation Failure) 120M->120M(131M) 14.560ms
[2020-08-10T13:05:25.355+0300][1264.901s][info ][gc] GC(40824) Pause Young (Allocation Failure) 121M->121M(131M) 37.376ms
[2020-08-10T13:05:25.380+0300][1264.925s][info ][gc] GC(40825) Pause Young (Allocation Failure) 121M->121M(131M) 24.410ms
[2020-08-10T13:05:25.396+0300][1264.942s][info ][gc] GC(40826) Pause Young (Allocation Failure) 122M->122M(131M) 16.401ms
[2020-08-10T13:05:25.416+0300][1264.961s][info ][gc] GC(40827) Pause Young (Allocation Failure) 122M->122M(131M) 18.680ms
[2020-08-10T13:05:25.431+0300][1264.976s][info ][gc] GC(40828) Pause Young (Allocation Failure) 123M->123M(131M) 14.559ms
[2020-08-10T13:05:25.446+0300][1264.991s][info ][gc] GC(40829) Pause Young (Allocation Failure) 123M->123M(131M) 14.580ms
[2020-08-10T13:05:25.461+0300][1265.006s][info ][gc] GC(40830) Pause Young (Allocation Failure) 124M->124M(131M) 14.595ms
[2020-08-10T13:05:25.476+0300][1265.021s][info ][gc] GC(40831) Pause Young (Allocation Failure) 124M->124M(131M) 14.728ms
[2020-08-10T13:05:25.491+0300][1265.036s][info ][gc] GC(40832) Pause Young (Allocation Failure) 124M->124M(131M) 14.533ms
[2020-08-10T13:05:25.506+0300][1265.051s][info ][gc] GC(40833) Pause Young (Allocation Failure) 125M->125M(131M) 14.688ms
[2020-08-10T13:05:25.541+0300][1265.087s][info ][gc] GC(40834) Pause Young (Allocation Failure) 125M->125M(131M) 35.121ms
[2020-08-10T13:05:25.557+0300][1265.102s][info ][gc] GC(40835) Pause Young (Allocation Failure) 126M->126M(131M) 14.721ms
[2020-08-10T13:05:25.572+0300][1265.117s][info ][gc] GC(40836) Pause Young (Allocation Failure) 126M->126M(131M) 14.797ms
[2020-08-10T13:05:25.587+0300][1265.133s][info ][gc] GC(40837) Pause Young (Allocation Failure) 127M->127M(131M) 14.912ms
[2020-08-10T13:05:25.602+0300][1265.148s][info ][gc] GC(40838) Pause Young (Allocation Failure) 127M->127M(131M) 14.828ms
[2020-08-10T13:05:25.618+0300][1265.163s][info ][gc] GC(40839) Pause Young (Allocation Failure) 128M->128M(131M) 14.889ms
[2020-08-10T13:05:25.633+0300][1265.178s][info ][gc] GC(40840) Pause Young (Allocation Failure) 128M->128M(131M) 14.908ms
[2020-08-10T13:05:25.675+0300][1265.220s][info ][gc] GC(40841) Pause Young (Allocation Failure) 129M->129M(131M) 41.378ms
[2020-08-10T13:05:25.690+0300][1265.235s][info ][gc] GC(40842) Pause Young (Allocation Failure) 129M->129M(131M) 14.899ms
[2020-08-10T13:05:26.023+0300][1265.568s][debug][gc] GC(40843) Expanding ParOldGen from 132608K by 10752K to 143360K
[2020-08-10T13:05:26.023+0300][1265.568s][info ][gc] GC(40843) Pause Full (Ergonomics) 129M->129M(141M) 332.877ms
[2020-08-10T13:05:26.037+0300][1265.583s][info ][gc] GC(40844) Pause Young (Allocation Failure) 129M->129M(141M) 13.779ms
[2020-08-10T13:05:26.053+0300][1265.598s][info ][gc] GC(40845) Pause Young (Allocation Failure) 130M->130M(141M) 15.405ms
[2020-08-10T13:05:26.068+0300][1265.614s][info ][gc] GC(40846) Pause Young (Allocation Failure) 130M->130M(141M) 14.942ms
[2020-08-10T13:05:26.084+0300][1265.629s][info ][gc] GC(40847) Pause Young (Allocation Failure) 131M->131M(141M) 14.953ms
[2020-08-10T13:05:26.099+0300][1265.644s][info ][gc] GC(40848) Pause Young (Allocation Failure) 131M->131M(141M) 14.795ms
[2020-08-10T13:05:26.114+0300][1265.660s][info ][gc] GC(40849) Pause Young (Allocation Failure) 132M->132M(141M) 15.118ms
[2020-08-10T13:05:26.154+0300][1265.699s][info ][gc] GC(40850) Pause Young (Allocation Failure) 132M->132M(141M) 39.299ms
[2020-08-10T13:05:26.169+0300][1265.715s][info ][gc] GC(40851) Pause Young (Allocation Failure) 133M->132M(141M) 15.234ms
[2020-08-10T13:05:26.193+0300][1265.738s][info ][gc] GC(40852) Pause Young (Allocation Failure) 133M->133M(141M) 22.696ms
[2020-08-10T13:05:26.208+0300][1265.754s][info ][gc] GC(40853) Pause Young (Allocation Failure) 133M->133M(141M) 15.340ms
[2020-08-10T13:05:26.224+0300][1265.770s][info ][gc] GC(40854) Pause Young (Allocation Failure) 134M->134M(141M) 15.304ms
[2020-08-10T13:05:26.240+0300][1265.786s][info ][gc] GC(40855) Pause Young (Allocation Failure) 134M->134M(141M) 15.672ms
[2020-08-10T13:05:26.279+0300][1265.824s][info ][gc] GC(40856) Pause Young (Allocation Failure) 135M->135M(141M) 38.172ms
[2020-08-10T13:05:26.295+0300][1265.840s][info ][gc] GC(40857) Pause Young (Allocation Failure) 135M->135M(141M) 15.320ms
[2020-08-10T13:05:26.295+0300][1265.841s][debug][gc] Expanding ParOldGen from 143360K by 19968K to 163328K
[2020-08-10T13:05:26.329+0300][1265.875s][info ][gc] GC(40858) Pause Young (Allocation Failure) 155M->154M(161M) 26.471ms
[2020-08-10T13:05:26.379+0300][1265.925s][info ][gc] GC(40859) Pause Young (Allocation Failure) 155M->155M(161M) 49.684ms
[2020-08-10T13:05:26.407+0300][1265.953s][info ][gc] GC(40860) Pause Young (Allocation Failure) 155M->155M(161M) 27.666ms
[2020-08-10T13:05:26.446+0300][1265.991s][info ][gc] GC(40861) Pause Young (Allocation Failure) 156M->156M(161M) 37.622ms
[2020-08-10T13:05:26.471+0300][1266.017s][info ][gc] GC(40862) Pause Young (Allocation Failure) 156M->156M(161M) 25.202ms
[2020-08-10T13:05:26.520+0300][1266.066s][info ][gc] GC(40863) Pause Young (Allocation Failure) 157M->157M(161M) 48.939ms
[2020-08-10T13:05:26.556+0300][1266.101s][info ][gc] GC(40864) Pause Young (Allocation Failure) 157M->157M(161M) 34.694ms
[2020-08-10T13:05:26.582+0300][1266.128s][info ][gc] GC(40865) Pause Young (Allocation Failure) 158M->158M(161M) 25.946ms
[2020-08-10T13:05:26.608+0300][1266.154s][info ][gc] GC(40866) Pause Young (Allocation Failure) 158M->158M(161M) 25.534ms
[2020-08-10T13:05:26.657+0300][1266.202s][info ][gc] GC(40867) Pause Young (Allocation Failure) 159M->158M(161M) 48.243ms
[2020-08-10T13:05:26.684+0300][1266.230s][info ][gc] GC(40868) Pause Young (Allocation Failure) 159M->159M(161M) 26.961ms
[2020-08-10T13:05:26.711+0300][1266.257s][info ][gc] GC(40869) Pause Young (Allocation Failure) 159M->159M(161M) 26.631ms
[2020-08-10T13:05:26.801+0300][1266.347s][debug][gc] GC(40870) Shrinking ParOldGen from 163328K by 125440K to 37888K
[2020-08-10T13:05:26.802+0300][1266.347s][info ][gc] GC(40870) Pause Full (Ergonomics) 159M->26M(38M) 90.050ms
[2020-08-10T13:05:26.828+0300][1266.374s][info ][gc] GC(40871) Pause Young (Allocation Failure) 26M->26M(38M) 26.299ms
[2020-08-10T13:05:26.849+0300][1266.395s][info ][gc] GC(40872) Pause Young (Allocation Failure) 26M->26M(38M) 20.588ms
[2020-08-10T13:05:26.870+0300][1266.415s][info ][gc] GC(40873) Pause Young (Allocation Failure) 27M->27M(38M) 19.618ms
[2020-08-10T13:05:26.883+0300][1266.429s][info ][gc] GC(40874) Pause Young (Allocation Failure) 27M->27M(38M) 13.295ms
[2020-08-10T13:05:26.897+0300][1266.443s][info ][gc] GC(40875) Pause Young (Allocation Failure) 28M->28M(38M) 13.392ms
[2020-08-10T13:05:26.911+0300][1266.456s][info ][gc] GC(40876) Pause Young (Allocation Failure) 28M->28M(38M) 13.201ms
[2020-08-10T13:05:26.924+0300][1266.470s][info ][gc] GC(40877) Pause Young (Allocation Failure) 29M->29M(38M) 13.414ms
[2020-08-10T13:05:26.938+0300][1266.484s][info ][gc] GC(40878) Pause Young (Allocation Failure) 29M->29M(38M) 13.362ms
[2020-08-10T13:05:26.952+0300][1266.498s][info ][gc] GC(40879) Pause Young (Allocation Failure) 30M->30M(38M) 13.516ms
[2020-08-10T13:05:26.966+0300][1266.512s][info ][gc] GC(40880) Pause Young (Allocation Failure) 30M->30M(38M) 13.409ms
[2020-08-10T13:05:26.980+0300][1266.526s][info ][gc] GC(40881) Pause Young (Allocation Failure) 31M->31M(38M) 13.403ms
[2020-08-10T13:05:26.994+0300][1266.540s][info ][gc] GC(40882) Pause Young (Allocation Failure) 31M->31M(38M) 13.397ms
[2020-08-10T13:05:27.008+0300][1266.553s][info ][gc] GC(40883) Pause Young (Allocation Failure) 32M->31M(38M) 13.411ms
[2020-08-10T13:05:27.022+0300][1266.567s][info ][gc] GC(40884) Pause Young (Allocation Failure) 32M->32M(38M) 13.407ms
[2020-08-10T13:05:27.036+0300][1266.581s][info ][gc] GC(40885) Pause Young (Allocation Failure) 32M->32M(38M) 13.478ms
[2020-08-10T13:05:27.050+0300][1266.595s][info ][gc] GC(40886) Pause Young (Allocation Failure) 33M->33M(38M) 13.508ms
[2020-08-10T13:05:27.064+0300][1266.609s][info ][gc] GC(40887) Pause Young (Allocation Failure) 34M->34M(38M) 13.571ms
[2020-08-10T13:05:27.078+0300][1266.624s][info ][gc] GC(40888) Pause Young (Allocation Failure) 35M->35M(39M) 13.674ms
[2020-08-10T13:05:27.093+0300][1266.638s][info ][gc] GC(40889) Pause Young (Allocation Failure) 36M->36M(39M) 14.093ms
[2020-08-10T13:05:27.107+0300][1266.653s][info ][gc] GC(40890) Pause Young (Allocation Failure) 37M->37M(39M) 14.033ms
[2020-08-10T13:05:27.177+0300][1266.722s][debug][gc] GC(40891) Expanding ParOldGen from 37888K by 11264K to 49152K
[2020-08-10T13:05:27.177+0300][1266.722s][info ][gc] GC(40891) Pause Full (Ergonomics) 37M->37M(50M) 69.394ms
[2020-08-10T13:05:27.196+0300][1266.742s][info ][gc] GC(40892) Pause Young (Allocation Failure) 38M->37M(50M) 18.519ms
[2020-08-10T13:05:27.211+0300][1266.756s][info ][gc] GC(40893) Pause Young (Allocation Failure) 38M->38M(50M) 14.234ms
[2020-08-10T13:05:27.226+0300][1266.771s][info ][gc] GC(40894) Pause Young (Allocation Failure) 39M->39M(50M) 14.062ms
[2020-08-10T13:05:27.240+0300][1266.786s][info ][gc] GC(40895) Pause Young (Allocation Failure) 40M->40M(50M) 13.994ms
[2020-08-10T13:05:27.255+0300][1266.800s][info ][gc] GC(40896) Pause Young (Allocation Failure) 41M->41M(50M) 14.008ms
[2020-08-10T13:05:27.269+0300][1266.815s][info ][gc] GC(40897) Pause Young (Allocation Failure) 42M->42M(50M) 14.023ms
[2020-08-10T13:05:27.284+0300][1266.830s][info ][gc] GC(40898) Pause Young (Allocation Failure) 43M->43M(50M) 14.088ms
[2020-08-10T13:05:27.299+0300][1266.844s][info ][gc] GC(40899) Pause Young (Allocation Failure) 44M->44M(50M) 14.064ms
[2020-08-10T13:05:27.313+0300][1266.859s][info ][gc] GC(40900) Pause Young (Allocation Failure) 45M->45M(50M) 13.965ms
[2020-08-10T13:05:27.328+0300][1266.874s][info ][gc] GC(40901) Pause Young (Allocation Failure) 46M->46M(50M) 14.067ms
[2020-08-10T13:05:27.351+0300][1266.897s][info ][gc] GC(40902) Pause Young (Allocation Failure) 47M->47M(50M) 22.591ms
[2020-08-10T13:05:27.366+0300][1266.912s][info ][gc] GC(40903) Pause Young (Allocation Failure) 48M->48M(50M) 14.156ms
[2020-08-10T13:05:27.460+0300][1267.005s][debug][gc] GC(40904) Expanding ParOldGen from 49152K by 11776K to 60928K
[2020-08-10T13:05:27.460+0300][1267.005s][info ][gc] GC(40904) Pause Full (Ergonomics) 48M->48M(62M) 93.496ms
[2020-08-10T13:05:27.481+0300][1267.026s][info ][gc] GC(40905) Pause Young (Allocation Failure) 49M->49M(62M) 20.491ms
[2020-08-10T13:05:27.496+0300][1267.041s][info ][gc] GC(40906) Pause Young (Allocation Failure) 50M->50M(62M) 14.178ms
[2020-08-10T13:05:27.511+0300][1267.056s][info ][gc] GC(40907) Pause Young (Allocation Failure) 51M->50M(62M) 14.173ms
[2020-08-10T13:05:27.525+0300][1267.071s][info ][gc] GC(40908) Pause Young (Allocation Failure) 51M->51M(62M) 14.166ms
[2020-08-10T13:05:27.540+0300][1267.085s][info ][gc] GC(40909) Pause Young (Allocation Failure) 52M->52M(62M) 13.891ms
[2020-08-10T13:05:27.554+0300][1267.100s][info ][gc] GC(40910) Pause Young (Allocation Failure) 53M->53M(62M) 14.032ms
[2020-08-10T13:05:27.569+0300][1267.115s][info ][gc] GC(40911) Pause Young (Allocation Failure) 54M->54M(62M) 14.176ms
[2020-08-10T13:05:27.584+0300][1267.129s][info ][gc] GC(40912) Pause Young (Allocation Failure) 55M->55M(62M) 14.192ms
[2020-08-10T13:05:27.599+0300][1267.144s][info ][gc] GC(40913) Pause Young (Allocation Failure) 56M->56M(62M) 14.161ms
[2020-08-10T13:05:27.613+0300][1267.159s][info ][gc] GC(40914) Pause Young (Allocation Failure) 57M->57M(62M) 14.115ms
[2020-08-10T13:05:27.629+0300][1267.173s][info ][gc] GC(40915) Pause Young (Allocation Failure) 58M->58M(62M) 14.045ms
[2020-08-10T13:05:27.644+0300][1267.188s][info ][gc] GC(40916) Pause Young (Allocation Failure) 59M->59M(62M) 14.144ms
[2020-08-10T13:05:27.774+0300][1267.319s][debug][gc] GC(40917) Expanding ParOldGen from 60928K by 11776K to 72704K
[2020-08-10T13:05:27.774+0300][1267.319s][info ][gc] GC(40917) Pause Full (Ergonomics) 59M->59M(73M) 130.507ms
[2020-08-10T13:05:27.789+0300][1267.333s][info ][gc] GC(40918) Pause Young (Allocation Failure) 60M->60M(73M) 13.688ms
[2020-08-10T13:05:27.803+0300][1267.348s][info ][gc] GC(40919) Pause Young (Allocation Failure) 61M->61M(73M) 13.992ms
[2020-08-10T13:05:27.818+0300][1267.362s][info ][gc] GC(40920) Pause Young (Allocation Failure) 62M->62M(73M) 13.905ms
[2020-08-10T13:05:27.832+0300][1267.377s][info ][gc] GC(40921) Pause Young (Allocation Failure) 63M->63M(73M) 13.787ms
[2020-08-10T13:05:27.846+0300][1267.391s][info ][gc] GC(40922) Pause Young (Allocation Failure) 64M->64M(73M) 13.920ms
[2020-08-10T13:05:27.860+0300][1267.405s][info ][gc] GC(40923) Pause Young (Allocation Failure) 65M->65M(73M) 13.731ms
[2020-08-10T13:05:27.875+0300][1267.419s][info ][gc] GC(40924) Pause Young (Allocation Failure) 66M->66M(73M) 13.817ms
[2020-08-10T13:05:27.889+0300][1267.433s][info ][gc] GC(40925) Pause Young (Allocation Failure) 67M->67M(73M) 13.883ms
[2020-08-10T13:05:27.903+0300][1267.448s][info ][gc] GC(40926) Pause Young (Allocation Failure) 68M->67M(73M) 13.873ms
[2020-08-10T13:05:27.917+0300][1267.462s][info ][gc] GC(40927) Pause Young (Allocation Failure) 68M->68M(73M) 13.831ms
[2020-08-10T13:05:27.932+0300][1267.476s][info ][gc] GC(40928) Pause Young (Allocation Failure) 69M->69M(73M) 13.885ms
[2020-08-10T13:05:27.946+0300][1267.490s][info ][gc] GC(40929) Pause Young (Allocation Failure) 70M->70M(73M) 13.720ms
[2020-08-10T13:05:28.117+0300][1267.662s][debug][gc] GC(40930) Expanding ParOldGen from 72704K by 11264K to 83968K
[2020-08-10T13:05:28.117+0300][1267.662s][info ][gc] GC(40930) Pause Full (Ergonomics) 70M->70M(84M) 171.201ms
[2020-08-10T13:05:28.131+0300][1267.676s][info ][gc] GC(40931) Pause Young (Allocation Failure) 71M->71M(84M) 13.588ms
[2020-08-10T13:05:28.146+0300][1267.691s][info ][gc] GC(40932) Pause Young (Allocation Failure) 72M->72M(84M) 14.087ms
[2020-08-10T13:05:28.161+0300][1267.705s][info ][gc] GC(40933) Pause Young (Allocation Failure) 73M->73M(84M) 14.126ms
[2020-08-10T13:05:28.175+0300][1267.720s][info ][gc] GC(40934) Pause Young (Allocation Failure) 74M->74M(84M) 14.140ms
[2020-08-10T13:05:28.190+0300][1267.735s][info ][gc] GC(40935) Pause Young (Allocation Failure) 75M->75M(84M) 14.109ms
[2020-08-10T13:05:28.205+0300][1267.750s][info ][gc] GC(40936) Pause Young (Allocation Failure) 76M->76M(84M) 14.150ms
[2020-08-10T13:05:28.220+0300][1267.764s][info ][gc] GC(40937) Pause Young (Allocation Failure) 77M->77M(84M) 14.022ms
[2020-08-10T13:05:28.234+0300][1267.779s][info ][gc] GC(40938) Pause Young (Allocation Failure) 78M->78M(84M) 14.138ms
[2020-08-10T13:05:28.249+0300][1267.794s][info ][gc] GC(40939) Pause Young (Allocation Failure) 79M->79M(84M) 14.128ms
[2020-08-10T13:05:28.264+0300][1267.808s][info ][gc] GC(40940) Pause Young (Allocation Failure) 80M->80M(84M) 14.116ms
[2020-08-10T13:05:28.278+0300][1267.823s][info ][gc] GC(40941) Pause Young (Allocation Failure) 81M->81M(84M) 14.101ms
[2020-08-10T13:05:28.293+0300][1267.838s][info ][gc] GC(40942) Pause Young (Allocation Failure) 82M->82M(84M) 14.256ms
[2020-08-10T13:05:28.488+0300][1268.033s][debug][gc] GC(40943) Expanding ParOldGen from 83968K by 11776K to 95744K
[2020-08-10T13:05:28.488+0300][1268.033s][info ][gc] GC(40943) Pause Full (Ergonomics) 82M->81M(96M) 194.616ms
[2020-08-10T13:05:28.503+0300][1268.047s][info ][gc] GC(40944) Pause Young (Allocation Failure) 82M->82M(96M) 13.709ms
[2020-08-10T13:05:28.517+0300][1268.062s][info ][gc] GC(40945) Pause Young (Allocation Failure) 83M->83M(96M) 14.160ms
[2020-08-10T13:05:28.532+0300][1268.077s][info ][gc] GC(40946) Pause Young (Allocation Failure) 84M->84M(96M) 14.532ms
[2020-08-10T13:05:28.547+0300][1268.092s][info ][gc] GC(40947) Pause Young (Allocation Failure) 85M->85M(96M) 14.302ms
[2020-08-10T13:05:28.562+0300][1268.107s][info ][gc] GC(40948) Pause Young (Allocation Failure) 86M->86M(96M) 14.539ms
[2020-08-10T13:05:28.577+0300][1268.122s][info ][gc] GC(40949) Pause Young (Allocation Failure) 87M->87M(96M) 14.339ms
[2020-08-10T13:05:28.592+0300][1268.137s][info ][gc] GC(40950) Pause Young (Allocation Failure) 88M->88M(96M) 14.664ms
[2020-08-10T13:05:28.608+0300][1268.152s][info ][gc] GC(40951) Pause Young (Allocation Failure) 89M->89M(96M) 14.800ms
[2020-08-10T13:05:28.623+0300][1268.168s][info ][gc] GC(40952) Pause Young (Allocation Failure) 90M->90M(96M) 14.882ms
[2020-08-10T13:05:28.638+0300][1268.183s][info ][gc] GC(40953) Pause Young (Allocation Failure) 91M->91M(96M) 14.789ms
[2020-08-10T13:05:28.654+0300][1268.199s][info ][gc] GC(40954) Pause Young (Allocation Failure) 92M->92M(95M) 15.135ms
[2020-08-10T13:05:28.670+0300][1268.215s][info ][gc] GC(40955) Pause Young (Allocation Failure) 93M->93M(95M) 15.496ms
[2020-08-10T13:05:28.891+0300][1268.435s][debug][gc] GC(40956) Expanding ParOldGen from 95744K by 11264K to 107008K
[2020-08-10T13:05:28.891+0300][1268.436s][info ][gc] GC(40956) Pause Full (Ergonomics) 93M->93M(106M) 220.629ms
[2020-08-10T13:05:28.905+0300][1268.450s][info ][gc] GC(40957) Pause Young (Allocation Failure) 94M->94M(106M) 13.680ms
[2020-08-10T13:05:28.921+0300][1268.466s][info ][gc] GC(40958) Pause Young (Allocation Failure) 95M->95M(106M) 15.120ms
[2020-08-10T13:05:28.937+0300][1268.481s][info ][gc] GC(40959) Pause Young (Allocation Failure) 96M->96M(106M) 15.349ms
[2020-08-10T13:05:28.953+0300][1268.498s][info ][gc] GC(40960) Pause Young (Allocation Failure) 97M->97M(106M) 15.584ms
[2020-08-10T13:05:28.968+0300][1268.512s][info ][gc] GC(40961) Pause Young (Allocation Failure) 97M->97M(106M) 14.313ms
[2020-08-10T13:05:28.982+0300][1268.526s][info ][gc] GC(40962) Pause Young (Allocation Failure) 98M->97M(106M) 13.643ms
[2020-08-10T13:05:28.996+0300][1268.541s][info ][gc] GC(40963) Pause Young (Allocation Failure) 98M->98M(106M) 13.688ms
[2020-08-10T13:05:29.010+0300][1268.555s][info ][gc] GC(40964) Pause Young (Allocation Failure) 98M->98M(106M) 13.677ms
[2020-08-10T13:05:29.024+0300][1268.569s][info ][gc] GC(40965) Pause Young (Allocation Failure) 99M->99M(106M) 13.666ms
[2020-08-10T13:05:29.039+0300][1268.583s][info ][gc] GC(40966) Pause Young (Allocation Failure) 99M->99M(106M) 13.743ms
[2020-08-10T13:05:29.053+0300][1268.597s][info ][gc] GC(40967) Pause Young (Allocation Failure) 100M->100M(106M) 13.541ms
[2020-08-10T13:05:29.067+0300][1268.611s][info ][gc] GC(40968) Pause Young (Allocation Failure) 100M->100M(106M) 13.675ms
[2020-08-10T13:05:29.081+0300][1268.626s][info ][gc] GC(40969) Pause Young (Allocation Failure) 101M->101M(106M) 13.718ms
[2020-08-10T13:05:29.095+0300][1268.640s][info ][gc] GC(40970) Pause Young (Allocation Failure) 101M->101M(106M) 13.477ms
[2020-08-10T13:05:29.109+0300][1268.654s][info ][gc] GC(40971) Pause Young (Allocation Failure) 102M->102M(106M) 13.699ms
[2020-08-10T13:05:29.123+0300][1268.668s][info ][gc] GC(40972) Pause Young (Allocation Failure) 102M->102M(106M) 13.715ms
[2020-08-10T13:05:29.137+0300][1268.682s][info ][gc] GC(40973) Pause Young (Allocation Failure) 103M->103M(106M) 13.644ms
[2020-08-10T13:05:29.152+0300][1268.696s][info ][gc] GC(40974) Pause Young (Allocation Failure) 103M->103M(106M) 13.693ms
[2020-08-10T13:05:29.166+0300][1268.710s][info ][gc] GC(40975) Pause Young (Allocation Failure) 104M->103M(106M) 13.691ms
[2020-08-10T13:05:29.477+0300][1269.022s][debug][gc] GC(40976) Expanding ParOldGen from 107008K by 10752K to 117760K
[2020-08-10T13:05:29.477+0300][1269.022s][info ][gc] GC(40976) Pause Full (Ergonomics) 103M->103M(117M) 311.365ms
[2020-08-10T13:05:29.491+0300][1269.036s][info ][gc] GC(40977) Pause Young (Allocation Failure) 104M->104M(117M) 13.491ms
[2020-08-10T13:05:29.506+0300][1269.051s][info ][gc] GC(40978) Pause Young (Allocation Failure) 104M->104M(116M) 13.988ms
[2020-08-10T13:05:29.520+0300][1269.065s][info ][gc] GC(40979) Pause Young (Allocation Failure) 105M->105M(116M) 13.659ms
[2020-08-10T13:05:29.534+0300][1269.079s][info ][gc] GC(40980) Pause Young (Allocation Failure) 105M->105M(116M) 13.715ms
[2020-08-10T13:05:29.548+0300][1269.093s][info ][gc] GC(40981) Pause Young (Allocation Failure) 106M->106M(116M) 13.648ms
[2020-08-10T13:05:29.563+0300][1269.107s][info ][gc] GC(40982) Pause Young (Allocation Failure) 106M->106M(116M) 13.691ms
[2020-08-10T13:05:29.577+0300][1269.122s][info ][gc] GC(40983) Pause Young (Allocation Failure) 107M->107M(116M) 13.663ms
[2020-08-10T13:05:29.591+0300][1269.136s][info ][gc] GC(40984) Pause Young (Allocation Failure) 107M->107M(116M) 13.691ms
[2020-08-10T13:05:29.605+0300][1269.150s][info ][gc] GC(40985) Pause Young (Allocation Failure) 108M->108M(116M) 13.720ms
[2020-08-10T13:05:29.619+0300][1269.164s][info ][gc] GC(40986) Pause Young (Allocation Failure) 108M->108M(116M) 13.759ms
[2020-08-10T13:05:29.634+0300][1269.178s][info ][gc] GC(40987) Pause Young (Allocation Failure) 109M->108M(116M) 13.679ms
[2020-08-10T13:05:29.648+0300][1269.193s][info ][gc] GC(40988) Pause Young (Allocation Failure) 109M->109M(116M) 13.774ms
[2020-08-10T13:05:29.663+0300][1269.207s][info ][gc] GC(40989) Pause Young (Allocation Failure) 109M->109M(116M) 13.775ms
[2020-08-10T13:05:29.677+0300][1269.222s][info ][gc] GC(40990) Pause Young (Allocation Failure) 110M->110M(116M) 13.791ms
[2020-08-10T13:05:29.691+0300][1269.236s][info ][gc] GC(40991) Pause Young (Allocation Failure) 110M->110M(116M) 13.790ms
[2020-08-10T13:05:29.706+0300][1269.250s][info ][gc] GC(40992) Pause Young (Allocation Failure) 111M->111M(116M) 13.853ms
[2020-08-10T13:05:29.720+0300][1269.265s][info ][gc] GC(40993) Pause Young (Allocation Failure) 111M->111M(116M) 13.893ms
[2020-08-10T13:05:29.734+0300][1269.279s][info ][gc] GC(40994) Pause Young (Allocation Failure) 112M->112M(116M) 13.943ms
[2020-08-10T13:05:29.749+0300][1269.294s][info ][gc] GC(40995) Pause Young (Allocation Failure) 112M->112M(116M) 14.273ms
[2020-08-10T13:05:29.764+0300][1269.308s][info ][gc] GC(40996) Pause Young (Allocation Failure) 113M->113M(116M) 14.042ms
[2020-08-10T13:05:29.778+0300][1269.323s][info ][gc] GC(40997) Pause Young (Allocation Failure) 113M->113M(116M) 13.826ms
[2020-08-10T13:05:29.793+0300][1269.337s][info ][gc] GC(40998) Pause Young (Allocation Failure) 114M->114M(116M) 14.171ms
[2020-08-10T13:05:29.807+0300][1269.352s][info ][gc] GC(40999) Pause Young (Allocation Failure) 114M->114M(116M) 14.312ms
[2020-08-10T13:05:29.822+0300][1269.367s][info ][gc] GC(41000) Pause Young (Allocation Failure) 115M->115M(116M) 14.419ms
[2020-08-10T13:05:30.124+0300][1269.669s][debug][gc] GC(41001) Expanding ParOldGen from 117760K by 10752K to 128512K
[2020-08-10T13:05:30.124+0300][1269.669s][info ][gc] GC(41001) Pause Full (Ergonomics) 115M->114M(127M) 301.544ms
[2020-08-10T13:05:30.139+0300][1269.683s][info ][gc] GC(41002) Pause Young (Allocation Failure) 115M->115M(127M) 14.329ms
[2020-08-10T13:05:30.154+0300][1269.699s][info ][gc] GC(41003) Pause Young (Allocation Failure) 115M->115M(127M) 15.069ms
[2020-08-10T13:05:30.170+0300][1269.714s][info ][gc] GC(41004) Pause Young (Allocation Failure) 116M->116M(127M) 14.707ms
[2020-08-10T13:05:30.184+0300][1269.729s][info ][gc] GC(41005) Pause Young (Allocation Failure) 116M->116M(127M) 14.426ms
[2020-08-10T13:05:30.200+0300][1269.744s][info ][gc] GC(41006) Pause Young (Allocation Failure) 117M->117M(127M) 14.740ms
[2020-08-10T13:05:30.215+0300][1269.760s][info ][gc] GC(41007) Pause Young (Allocation Failure) 117M->117M(127M) 14.896ms
[2020-08-10T13:05:30.230+0300][1269.775s][info ][gc] GC(41008) Pause Young (Allocation Failure) 118M->118M(127M) 14.589ms
[2020-08-10T13:05:30.246+0300][1269.790s][info ][gc] GC(41009) Pause Young (Allocation Failure) 118M->118M(127M) 15.141ms
[2020-08-10T13:05:30.261+0300][1269.806s][info ][gc] GC(41010) Pause Young (Allocation Failure) 119M->119M(127M) 14.855ms
[2020-08-10T13:05:30.276+0300][1269.821s][info ][gc] GC(41011) Pause Young (Allocation Failure) 119M->119M(127M) 14.622ms
[2020-08-10T13:05:30.291+0300][1269.836s][info ][gc] GC(41012) Pause Young (Allocation Failure) 120M->119M(127M) 14.941ms
[2020-08-10T13:05:30.307+0300][1269.852s][info ][gc] GC(41013) Pause Young (Allocation Failure) 120M->120M(127M) 15.017ms
[2020-08-10T13:05:30.322+0300][1269.867s][info ][gc] GC(41014) Pause Young (Allocation Failure) 120M->120M(127M) 14.729ms
[2020-08-10T13:05:30.338+0300][1269.882s][info ][gc] GC(41015) Pause Young (Allocation Failure) 121M->121M(127M) 15.022ms
[2020-08-10T13:05:30.353+0300][1269.898s][info ][gc] GC(41016) Pause Young (Allocation Failure) 121M->121M(127M) 14.790ms
[2020-08-10T13:05:30.368+0300][1269.913s][info ][gc] GC(41017) Pause Young (Allocation Failure) 122M->122M(127M) 14.896ms
[2020-08-10T13:05:30.384+0300][1269.928s][info ][gc] GC(41018) Pause Young (Allocation Failure) 122M->122M(127M) 15.114ms
[2020-08-10T13:05:30.399+0300][1269.944s][info ][gc] GC(41019) Pause Young (Allocation Failure) 123M->123M(127M) 15.131ms
[2020-08-10T13:05:30.414+0300][1269.959s][info ][gc] GC(41020) Pause Young (Allocation Failure) 123M->123M(127M) 14.847ms
[2020-08-10T13:05:30.430+0300][1269.975s][info ][gc] GC(41021) Pause Young (Allocation Failure) 124M->124M(127M) 15.168ms
[2020-08-10T13:05:30.445+0300][1269.990s][info ][gc] GC(41022) Pause Young (Allocation Failure) 124M->124M(127M) 15.231ms
[2020-08-10T13:05:30.461+0300][1270.005s][info ][gc] GC(41023) Pause Young (Allocation Failure) 125M->125M(127M) 14.932ms
[2020-08-10T13:05:30.476+0300][1270.021s][info ][gc] GC(41024) Pause Young (Allocation Failure) 125M->125M(127M) 15.165ms
[2020-08-10T13:05:30.913+0300][1270.458s][debug][gc] GC(41025) Expanding ParOldGen from 128512K by 10752K to 139264K
[2020-08-10T13:05:30.913+0300][1270.458s][info ][gc] GC(41025) Pause Full (Ergonomics) 125M->125M(137M) 436.954ms
[2020-08-10T13:05:30.942+0300][1270.486s][info ][gc] GC(41026) Pause Young (Allocation Failure) 125M->125M(137M) 27.987ms
[2020-08-10T13:05:30.958+0300][1270.502s][info ][gc] GC(41027) Pause Young (Allocation Failure) 126M->126M(137M) 15.973ms
[2020-08-10T13:05:30.973+0300][1270.518s][info ][gc] GC(41028) Pause Young (Allocation Failure) 126M->126M(137M) 15.089ms
[2020-08-10T13:05:30.998+0300][1270.542s][info ][gc] GC(41029) Pause Young (Allocation Failure) 127M->127M(137M) 24.143ms
[2020-08-10T13:05:31.013+0300][1270.558s][info ][gc] GC(41030) Pause Young (Allocation Failure) 127M->127M(137M) 15.123ms
[2020-08-10T13:05:31.029+0300][1270.574s][info ][gc] GC(41031) Pause Young (Allocation Failure) 128M->127M(137M) 15.192ms
[2020-08-10T13:05:31.045+0300][1270.590s][info ][gc] GC(41032) Pause Young (Allocation Failure) 128M->128M(137M) 15.567ms
[2020-08-10T13:05:31.061+0300][1270.606s][info ][gc] GC(41033) Pause Young (Allocation Failure) 128M->128M(137M) 15.616ms
[2020-08-10T13:05:31.077+0300][1270.622s][info ][gc] GC(41034) Pause Young (Allocation Failure) 129M->129M(137M) 15.671ms
[2020-08-10T13:05:31.093+0300][1270.638s][info ][gc] GC(41035) Pause Young (Allocation Failure) 129M->129M(137M) 15.695ms
[2020-08-10T13:05:31.109+0300][1270.654s][info ][gc] GC(41036) Pause Young (Allocation Failure) 130M->130M(137M) 15.600ms
[2020-08-10T13:05:31.126+0300][1270.670s][info ][gc] GC(41037) Pause Young (Allocation Failure) 130M->130M(137M) 15.700ms
[2020-08-10T13:05:31.142+0300][1270.687s][info ][gc] GC(41038) Pause Young (Allocation Failure) 131M->131M(137M) 15.667ms
[2020-08-10T13:05:31.158+0300][1270.703s][info ][gc] GC(41039) Pause Young (Allocation Failure) 131M->131M(137M) 15.734ms
[2020-08-10T13:05:31.174+0300][1270.719s][info ][gc] GC(41040) Pause Young (Allocation Failure) 132M->132M(137M) 15.767ms
[2020-08-10T13:05:31.213+0300][1270.757s][info ][gc] GC(41041) Pause Young (Allocation Failure) 132M->132M(137M) 37.774ms
[2020-08-10T13:05:31.229+0300][1270.774s][info ][gc] GC(41042) Pause Young (Allocation Failure) 132M->132M(137M) 15.746ms
[2020-08-10T13:05:31.245+0300][1270.790s][info ][gc] GC(41043) Pause Young (Allocation Failure) 133M->133M(137M) 15.520ms
[2020-08-10T13:05:31.261+0300][1270.806s][info ][gc] GC(41044) Pause Young (Allocation Failure) 133M->133M(137M) 15.857ms
[2020-08-10T13:05:31.277+0300][1270.822s][info ][gc] GC(41045) Pause Young (Allocation Failure) 134M->134M(137M) 15.749ms
[2020-08-10T13:05:31.293+0300][1270.838s][info ][gc] GC(41046) Pause Young (Allocation Failure) 134M->134M(137M) 15.465ms
[2020-08-10T13:05:31.309+0300][1270.854s][info ][gc] GC(41047) Pause Young (Allocation Failure) 135M->135M(137M) 15.851ms
[2020-08-10T13:05:31.326+0300][1270.870s][info ][gc] GC(41048) Pause Young (Allocation Failure) 135M->135M(137M) 15.889ms
[2020-08-10T13:05:31.326+0300][1270.871s][debug][gc] Expanding ParOldGen from 139264K by 19968K to 159232K
[2020-08-10T13:05:31.360+0300][1270.905s][info ][gc] GC(41049) Pause Young (Allocation Failure) 155M->154M(157M) 21.103ms
[2020-08-10T13:05:31.387+0300][1270.932s][info ][gc] GC(41050) Pause Young (Allocation Failure) 155M->155M(157M) 27.102ms
[2020-08-10T13:05:31.414+0300][1270.959s][info ][gc] GC(41051) Pause Young (Allocation Failure) 155M->155M(157M) 26.155ms
[2020-08-10T13:05:31.447+0300][1270.992s][debug][gc] GC(41052) Shrinking ParOldGen from 159232K by 125440K to 33792K
[2020-08-10T13:05:31.448+0300][1270.992s][info ][gc] GC(41052) Pause Full (Ergonomics) 155M->22M(34M) 33.519ms
[2020-08-10T13:05:31.461+0300][1271.006s][info ][gc] GC(41053) Pause Young (Allocation Failure) 22M->22M(34M) 13.092ms
[2020-08-10T13:05:31.475+0300][1271.020s][info ][gc] GC(41054) Pause Young (Allocation Failure) 23M->22M(34M) 13.347ms
[2020-08-10T13:05:31.489+0300][1271.033s][info ][gc] GC(41055) Pause Young (Allocation Failure) 23M->23M(34M) 13.362ms
[2020-08-10T13:05:31.502+0300][1271.047s][info ][gc] GC(41056) Pause Young (Allocation Failure) 23M->23M(34M) 13.420ms
