[2020-08-10T13:09:17.589+0300][1497.132s][info ][gc] GC(49259) Pause Young (Allocation Failure) 77M->77M(80M) 13.872ms
[2020-08-10T13:09:17.603+0300][1497.146s][info ][gc] GC(49260) Pause Young (Allocation Failure) 78M->78M(80M) 13.779ms
[2020-08-10T13:09:17.813+0300][1497.356s][debug][gc] GC(49261) Expanding ParOldGen from 79872K by 11264K to 91136K
[2020-08-10T13:09:17.813+0300][1497.357s][info ][gc] GC(49261) Pause Full (Ergonomics) 78M->78M(91M) 209.913ms
[2020-08-10T13:09:17.845+0300][1497.389s][info ][gc] GC(49262) Pause Young (Allocation Failure) 79M->79M(91M) 31.575ms
[2020-08-10T13:09:17.860+0300][1497.403s][info ][gc] GC(49263) Pause Young (Allocation Failure) 80M->80M(91M) 13.766ms
[2020-08-10T13:09:17.874+0300][1497.418s][info ][gc] GC(49264) Pause Young (Allocation Failure) 81M->81M(91M) 13.954ms
[2020-08-10T13:09:17.889+0300][1497.432s][info ][gc] GC(49265) Pause Young (Allocation Failure) 82M->82M(91M) 13.802ms
[2020-08-10T13:09:17.903+0300][1497.446s][info ][gc] GC(49266) Pause Young (Allocation Failure) 83M->83M(91M) 13.861ms
[2020-08-10T13:09:17.918+0300][1497.461s][info ][gc] GC(49267) Pause Young (Allocation Failure) 84M->84M(91M) 14.236ms
[2020-08-10T13:09:17.933+0300][1497.476s][info ][gc] GC(49268) Pause Young (Allocation Failure) 85M->85M(91M) 14.289ms
[2020-08-10T13:09:17.948+0300][1497.491s][info ][gc] GC(49269) Pause Young (Allocation Failure) 86M->86M(91M) 14.437ms
[2020-08-10T13:09:17.963+0300][1497.506s][info ][gc] GC(49270) Pause Young (Allocation Failure) 87M->87M(91M) 14.287ms
[2020-08-10T13:09:17.977+0300][1497.521s][info ][gc] GC(49271) Pause Young (Allocation Failure) 88M->87M(91M) 14.215ms
[2020-08-10T13:09:17.992+0300][1497.536s][info ][gc] GC(49272) Pause Young (Allocation Failure) 88M->88M(91M) 14.394ms
[2020-08-10T13:09:18.008+0300][1497.551s][info ][gc] GC(49273) Pause Young (Allocation Failure) 89M->89M(91M) 14.499ms
[2020-08-10T13:09:18.241+0300][1497.784s][debug][gc] GC(49274) Expanding ParOldGen from 91136K by 11264K to 102400K
[2020-08-10T13:09:18.241+0300][1497.784s][info ][gc] GC(49274) Pause Full (Ergonomics) 89M->89M(102M) 233.370ms
[2020-08-10T13:09:18.275+0300][1497.818s][info ][gc] GC(49275) Pause Young (Allocation Failure) 90M->90M(102M) 32.963ms
[2020-08-10T13:09:18.290+0300][1497.833s][info ][gc] GC(49276) Pause Young (Allocation Failure) 91M->91M(102M) 14.571ms
[2020-08-10T13:09:18.305+0300][1497.849s][info ][gc] GC(49277) Pause Young (Allocation Failure) 92M->92M(102M) 14.811ms
[2020-08-10T13:09:18.321+0300][1497.864s][info ][gc] GC(49278) Pause Young (Allocation Failure) 93M->93M(102M) 15.101ms
[2020-08-10T13:09:18.336+0300][1497.880s][info ][gc] GC(49279) Pause Young (Allocation Failure) 94M->94M(101M) 14.997ms
[2020-08-10T13:09:18.350+0300][1497.894s][info ][gc] GC(49280) Pause Young (Allocation Failure) 95M->94M(102M) 13.678ms
[2020-08-10T13:09:18.364+0300][1497.908s][info ][gc] GC(49281) Pause Young (Allocation Failure) 95M->95M(102M) 13.427ms
[2020-08-10T13:09:18.378+0300][1497.922s][info ][gc] GC(49282) Pause Young (Allocation Failure) 95M->95M(102M) 13.313ms
[2020-08-10T13:09:18.392+0300][1497.936s][info ][gc] GC(49283) Pause Young (Allocation Failure) 96M->96M(102M) 13.518ms
[2020-08-10T13:09:18.406+0300][1497.949s][info ][gc] GC(49284) Pause Young (Allocation Failure) 96M->96M(102M) 13.431ms
[2020-08-10T13:09:18.420+0300][1497.963s][info ][gc] GC(49285) Pause Young (Allocation Failure) 97M->97M(102M) 13.443ms
[2020-08-10T13:09:18.434+0300][1497.977s][info ][gc] GC(49286) Pause Young (Allocation Failure) 97M->97M(102M) 13.402ms
[2020-08-10T13:09:18.448+0300][1497.991s][info ][gc] GC(49287) Pause Young (Allocation Failure) 98M->98M(102M) 13.400ms
[2020-08-10T13:09:18.462+0300][1498.005s][info ][gc] GC(49288) Pause Young (Allocation Failure) 98M->98M(102M) 13.509ms
[2020-08-10T13:09:18.475+0300][1498.019s][info ][gc] GC(49289) Pause Young (Allocation Failure) 99M->99M(102M) 13.447ms
[2020-08-10T13:09:18.489+0300][1498.033s][info ][gc] GC(49290) Pause Young (Allocation Failure) 99M->99M(102M) 13.478ms
[2020-08-10T13:09:18.726+0300][1498.270s][debug][gc] GC(49291) Expanding ParOldGen from 102400K by 11264K to 113664K
[2020-08-10T13:09:18.726+0300][1498.270s][info ][gc] GC(49291) Pause Full (Ergonomics) 99M->99M(113M) 236.907ms
[2020-08-10T13:09:18.740+0300][1498.283s][info ][gc] GC(49292) Pause Young (Allocation Failure) 99M->99M(113M) 12.931ms
[2020-08-10T13:09:18.753+0300][1498.297s][info ][gc] GC(49293) Pause Young (Allocation Failure) 100M->100M(113M) 13.052ms
[2020-08-10T13:09:18.767+0300][1498.310s][info ][gc] GC(49294) Pause Young (Allocation Failure) 100M->100M(113M) 13.162ms
[2020-08-10T13:09:18.781+0300][1498.324s][info ][gc] GC(49295) Pause Young (Allocation Failure) 101M->101M(113M) 13.159ms
[2020-08-10T13:09:18.794+0300][1498.338s][info ][gc] GC(49296) Pause Young (Allocation Failure) 101M->101M(113M) 13.175ms
[2020-08-10T13:09:18.808+0300][1498.351s][info ][gc] GC(49297) Pause Young (Allocation Failure) 102M->102M(112M) 13.250ms
[2020-08-10T13:09:18.821+0300][1498.365s][info ][gc] GC(49298) Pause Young (Allocation Failure) 102M->102M(112M) 13.202ms
[2020-08-10T13:09:18.835+0300][1498.378s][info ][gc] GC(49299) Pause Young (Allocation Failure) 103M->103M(112M) 13.175ms
[2020-08-10T13:09:18.849+0300][1498.392s][info ][gc] GC(49300) Pause Young (Allocation Failure) 103M->103M(112M) 13.195ms
[2020-08-10T13:09:18.862+0300][1498.406s][info ][gc] GC(49301) Pause Young (Allocation Failure) 104M->103M(112M) 13.103ms
[2020-08-10T13:09:18.876+0300][1498.419s][info ][gc] GC(49302) Pause Young (Allocation Failure) 104M->104M(112M) 13.269ms
[2020-08-10T13:09:18.890+0300][1498.433s][info ][gc] GC(49303) Pause Young (Allocation Failure) 104M->104M(112M) 13.162ms
[2020-08-10T13:09:18.903+0300][1498.447s][info ][gc] GC(49304) Pause Young (Allocation Failure) 105M->105M(112M) 13.177ms
[2020-08-10T13:09:18.917+0300][1498.460s][info ][gc] GC(49305) Pause Young (Allocation Failure) 105M->105M(112M) 13.142ms
[2020-08-10T13:09:18.930+0300][1498.474s][info ][gc] GC(49306) Pause Young (Allocation Failure) 106M->106M(112M) 13.157ms
[2020-08-10T13:09:18.944+0300][1498.487s][info ][gc] GC(49307) Pause Young (Allocation Failure) 106M->106M(112M) 13.126ms
[2020-08-10T13:09:18.957+0300][1498.501s][info ][gc] GC(49308) Pause Young (Allocation Failure) 107M->107M(112M) 13.017ms
[2020-08-10T13:09:18.971+0300][1498.514s][info ][gc] GC(49309) Pause Young (Allocation Failure) 107M->107M(112M) 13.041ms
[2020-08-10T13:09:18.984+0300][1498.528s][info ][gc] GC(49310) Pause Young (Allocation Failure) 108M->108M(112M) 13.183ms
[2020-08-10T13:09:18.998+0300][1498.541s][info ][gc] GC(49311) Pause Young (Allocation Failure) 108M->108M(112M) 13.167ms
[2020-08-10T13:09:19.012+0300][1498.555s][info ][gc] GC(49312) Pause Young (Allocation Failure) 109M->109M(112M) 13.212ms
[2020-08-10T13:09:19.025+0300][1498.568s][info ][gc] GC(49313) Pause Young (Allocation Failure) 109M->109M(112M) 13.132ms
[2020-08-10T13:09:19.039+0300][1498.582s][info ][gc] GC(49314) Pause Young (Allocation Failure) 110M->109M(112M) 13.312ms
[2020-08-10T13:09:19.052+0300][1498.596s][info ][gc] GC(49315) Pause Young (Allocation Failure) 110M->110M(112M) 13.306ms
[2020-08-10T13:09:19.066+0300][1498.610s][info ][gc] GC(49316) Pause Young (Allocation Failure) 110M->110M(112M) 13.200ms
[2020-08-10T13:09:19.080+0300][1498.623s][info ][gc] GC(49317) Pause Young (Allocation Failure) 111M->111M(112M) 13.263ms
[2020-08-10T13:09:19.345+0300][1498.888s][debug][gc] GC(49318) Expanding ParOldGen from 113664K by 10752K to 124416K
[2020-08-10T13:09:19.345+0300][1498.889s][info ][gc] GC(49318) Pause Full (Ergonomics) 111M->111M(123M) 264.982ms
[2020-08-10T13:09:19.382+0300][1498.925s][info ][gc] GC(49319) Pause Young (Allocation Failure) 111M->111M(123M) 36.466ms
[2020-08-10T13:09:19.396+0300][1498.940s][info ][gc] GC(49320) Pause Young (Allocation Failure) 112M->112M(123M) 13.970ms
[2020-08-10T13:09:19.411+0300][1498.954s][info ][gc] GC(49321) Pause Young (Allocation Failure) 112M->112M(123M) 13.817ms
[2020-08-10T13:09:19.425+0300][1498.969s][info ][gc] GC(49322) Pause Young (Allocation Failure) 113M->112M(123M) 13.950ms
[2020-08-10T13:09:19.440+0300][1498.983s][info ][gc] GC(49323) Pause Young (Allocation Failure) 113M->113M(123M) 13.819ms
[2020-08-10T13:09:19.454+0300][1498.997s][info ][gc] GC(49324) Pause Young (Allocation Failure) 113M->113M(123M) 13.809ms
[2020-08-10T13:09:19.468+0300][1499.012s][info ][gc] GC(49325) Pause Young (Allocation Failure) 114M->114M(123M) 14.038ms
[2020-08-10T13:09:19.483+0300][1499.026s][info ][gc] GC(49326) Pause Young (Allocation Failure) 114M->114M(123M) 13.968ms
[2020-08-10T13:09:19.497+0300][1499.041s][info ][gc] GC(49327) Pause Young (Allocation Failure) 115M->115M(123M) 13.984ms
[2020-08-10T13:09:19.512+0300][1499.055s][info ][gc] GC(49328) Pause Young (Allocation Failure) 115M->115M(123M) 14.032ms
[2020-08-10T13:09:19.526+0300][1499.070s][info ][gc] GC(49329) Pause Young (Allocation Failure) 116M->116M(123M) 14.102ms
[2020-08-10T13:09:19.541+0300][1499.085s][info ][gc] GC(49330) Pause Young (Allocation Failure) 116M->116M(123M) 14.451ms
[2020-08-10T13:09:19.556+0300][1499.099s][info ][gc] GC(49331) Pause Young (Allocation Failure) 117M->117M(123M) 14.344ms
[2020-08-10T13:09:19.571+0300][1499.114s][info ][gc] GC(49332) Pause Young (Allocation Failure) 117M->117M(123M) 14.213ms
[2020-08-10T13:09:19.585+0300][1499.129s][info ][gc] GC(49333) Pause Young (Allocation Failure) 118M->118M(123M) 14.607ms
[2020-08-10T13:09:19.600+0300][1499.144s][info ][gc] GC(49334) Pause Young (Allocation Failure) 118M->118M(123M) 14.145ms
[2020-08-10T13:09:19.615+0300][1499.159s][info ][gc] GC(49335) Pause Young (Allocation Failure) 118M->118M(123M) 14.705ms
[2020-08-10T13:09:19.630+0300][1499.173s][info ][gc] GC(49336) Pause Young (Allocation Failure) 119M->119M(123M) 14.305ms
[2020-08-10T13:09:19.644+0300][1499.188s][info ][gc] GC(49337) Pause Young (Allocation Failure) 119M->119M(123M) 14.269ms
[2020-08-10T13:09:19.659+0300][1499.203s][info ][gc] GC(49338) Pause Young (Allocation Failure) 120M->120M(123M) 14.453ms
[2020-08-10T13:09:19.674+0300][1499.218s][info ][gc] GC(49339) Pause Young (Allocation Failure) 120M->120M(123M) 14.484ms
[2020-08-10T13:09:19.689+0300][1499.233s][info ][gc] GC(49340) Pause Young (Allocation Failure) 121M->121M(123M) 14.513ms
[2020-08-10T13:09:19.704+0300][1499.247s][info ][gc] GC(49341) Pause Young (Allocation Failure) 121M->121M(123M) 14.329ms
[2020-08-10T13:09:20.000+0300][1499.544s][debug][gc] GC(49342) Expanding ParOldGen from 124416K by 10752K to 135168K
[2020-08-10T13:09:20.001+0300][1499.544s][info ][gc] GC(49342) Pause Full (Ergonomics) 121M->121M(133M) 296.600ms
[2020-08-10T13:09:20.035+0300][1499.579s][info ][gc] GC(49343) Pause Young (Allocation Failure) 121M->121M(133M) 34.334ms
[2020-08-10T13:09:20.050+0300][1499.594s][info ][gc] GC(49344) Pause Young (Allocation Failure) 122M->122M(133M) 14.677ms
[2020-08-10T13:09:20.078+0300][1499.621s][info ][gc] GC(49345) Pause Young (Allocation Failure) 122M->122M(133M) 27.064ms
[2020-08-10T13:09:20.113+0300][1499.657s][info ][gc] GC(49346) Pause Young (Allocation Failure) 123M->123M(133M) 34.954ms
[2020-08-10T13:09:20.129+0300][1499.672s][info ][gc] GC(49347) Pause Young (Allocation Failure) 123M->123M(133M) 15.049ms
[2020-08-10T13:09:20.144+0300][1499.688s][info ][gc] GC(49348) Pause Young (Allocation Failure) 124M->124M(133M) 14.812ms
[2020-08-10T13:09:20.159+0300][1499.703s][info ][gc] GC(49349) Pause Young (Allocation Failure) 124M->124M(133M) 14.688ms
[2020-08-10T13:09:20.174+0300][1499.718s][info ][gc] GC(49350) Pause Young (Allocation Failure) 125M->125M(133M) 14.483ms
[2020-08-10T13:09:20.189+0300][1499.733s][info ][gc] GC(49351) Pause Young (Allocation Failure) 125M->125M(133M) 14.591ms
[2020-08-10T13:09:20.229+0300][1499.772s][info ][gc] GC(49352) Pause Young (Allocation Failure) 126M->126M(133M) 39.105ms
[2020-08-10T13:09:20.244+0300][1499.787s][info ][gc] GC(49353) Pause Young (Allocation Failure) 126M->126M(133M) 14.567ms
[2020-08-10T13:09:20.259+0300][1499.802s][info ][gc] GC(49354) Pause Young (Allocation Failure) 126M->126M(133M) 14.910ms
[2020-08-10T13:09:20.281+0300][1499.824s][info ][gc] GC(49355) Pause Young (Allocation Failure) 127M->127M(133M) 21.225ms
[2020-08-10T13:09:20.296+0300][1499.839s][info ][gc] GC(49356) Pause Young (Allocation Failure) 127M->127M(133M) 14.900ms
[2020-08-10T13:09:20.312+0300][1499.855s][info ][gc] GC(49357) Pause Young (Allocation Failure) 128M->128M(133M) 15.355ms
[2020-08-10T13:09:20.327+0300][1499.871s][info ][gc] GC(49358) Pause Young (Allocation Failure) 128M->128M(133M) 15.034ms
[2020-08-10T13:09:20.342+0300][1499.886s][info ][gc] GC(49359) Pause Young (Allocation Failure) 129M->129M(133M) 14.889ms
[2020-08-10T13:09:20.358+0300][1499.901s][info ][gc] GC(49360) Pause Young (Allocation Failure) 129M->129M(133M) 15.077ms
[2020-08-10T13:09:20.374+0300][1499.917s][info ][gc] GC(49361) Pause Young (Allocation Failure) 130M->130M(133M) 15.206ms
[2020-08-10T13:09:20.389+0300][1499.933s][info ][gc] GC(49362) Pause Young (Allocation Failure) 130M->130M(133M) 15.020ms
[2020-08-10T13:09:20.405+0300][1499.948s][info ][gc] GC(49363) Pause Young (Allocation Failure) 131M->131M(133M) 15.123ms
[2020-08-10T13:09:20.420+0300][1499.964s][info ][gc] GC(49364) Pause Young (Allocation Failure) 131M->131M(133M) 15.255ms
[2020-08-10T13:09:20.436+0300][1499.979s][info ][gc] GC(49365) Pause Young (Allocation Failure) 131M->131M(133M) 15.021ms
[2020-08-10T13:09:20.452+0300][1499.995s][info ][gc] GC(49366) Pause Young (Allocation Failure) 132M->132M(133M) 15.259ms
[2020-08-10T13:09:20.796+0300][1500.339s][debug][gc] GC(49367) Expanding ParOldGen from 135168K by 10752K to 145920K
[2020-08-10T13:09:20.796+0300][1500.339s][info ][gc] GC(49367) Pause Full (Ergonomics) 132M->132M(144M) 343.943ms
[2020-08-10T13:09:20.829+0300][1500.372s][info ][gc] GC(49368) Pause Young (Allocation Failure) 132M->132M(144M) 32.430ms
[2020-08-10T13:09:20.844+0300][1500.388s][info ][gc] GC(49369) Pause Young (Allocation Failure) 133M->133M(144M) 15.293ms
[2020-08-10T13:09:20.860+0300][1500.403s][info ][gc] GC(49370) Pause Young (Allocation Failure) 133M->133M(144M) 15.277ms
[2020-08-10T13:09:20.876+0300][1500.420s][info ][gc] GC(49371) Pause Young (Allocation Failure) 134M->134M(144M) 16.028ms
[2020-08-10T13:09:20.892+0300][1500.435s][info ][gc] GC(49372) Pause Young (Allocation Failure) 134M->134M(144M) 15.502ms
[2020-08-10T13:09:20.908+0300][1500.451s][info ][gc] GC(49373) Pause Young (Allocation Failure) 134M->134M(144M) 15.459ms
[2020-08-10T13:09:20.924+0300][1500.467s][info ][gc] GC(49374) Pause Young (Allocation Failure) 135M->135M(144M) 15.590ms
[2020-08-10T13:09:20.924+0300][1500.467s][debug][gc] Expanding ParOldGen from 145920K by 19968K to 165888K
[2020-08-10T13:09:20.948+0300][1500.491s][info ][gc] GC(49375) Pause Young (Allocation Failure) 154M->154M(163M) 15.195ms
[2020-08-10T13:09:20.962+0300][1500.505s][info ][gc] GC(49376) Pause Young (Allocation Failure) 155M->155M(163M) 13.697ms
[2020-08-10T13:09:20.976+0300][1500.519s][info ][gc] GC(49377) Pause Young (Allocation Failure) 155M->155M(163M) 13.343ms
[2020-08-10T13:09:20.989+0300][1500.533s][info ][gc] GC(49378) Pause Young (Allocation Failure) 156M->156M(163M) 13.397ms
[2020-08-10T13:09:21.003+0300][1500.546s][info ][gc] GC(49379) Pause Young (Allocation Failure) 156M->156M(163M) 13.168ms
[2020-08-10T13:09:21.016+0300][1500.560s][info ][gc] GC(49380) Pause Young (Allocation Failure) 157M->157M(163M) 13.211ms
[2020-08-10T13:09:21.030+0300][1500.573s][info ][gc] GC(49381) Pause Young (Allocation Failure) 157M->157M(163M) 13.203ms
[2020-08-10T13:09:21.044+0300][1500.587s][info ][gc] GC(49382) Pause Young (Allocation Failure) 158M->157M(163M) 13.416ms
[2020-08-10T13:09:21.057+0300][1500.601s][info ][gc] GC(49383) Pause Young (Allocation Failure) 158M->158M(163M) 13.422ms
[2020-08-10T13:09:21.071+0300][1500.615s][info ][gc] GC(49384) Pause Young (Allocation Failure) 158M->158M(163M) 13.428ms
[2020-08-10T13:09:21.085+0300][1500.628s][info ][gc] GC(49385) Pause Young (Allocation Failure) 159M->159M(163M) 13.251ms
[2020-08-10T13:09:21.099+0300][1500.642s][info ][gc] GC(49386) Pause Young (Allocation Failure) 159M->159M(163M) 13.362ms
[2020-08-10T13:09:21.113+0300][1500.656s][info ][gc] GC(49387) Pause Young (Allocation Failure) 160M->160M(163M) 13.410ms
[2020-08-10T13:09:21.126+0300][1500.670s][info ][gc] GC(49388) Pause Young (Allocation Failure) 160M->160M(163M) 13.438ms
[2020-08-10T13:09:21.140+0300][1500.684s][info ][gc] GC(49389) Pause Young (Allocation Failure) 161M->161M(163M) 13.423ms
[2020-08-10T13:09:21.154+0300][1500.698s][info ][gc] GC(49390) Pause Young (Allocation Failure) 161M->161M(163M) 13.432ms
[2020-08-10T13:09:21.168+0300][1500.712s][info ][gc] GC(49391) Pause Young (Allocation Failure) 162M->162M(163M) 13.456ms
[2020-08-10T13:09:21.233+0300][1500.776s][debug][gc] GC(49392) Shrinking ParOldGen from 165888K by 125952K to 39936K
[2020-08-10T13:09:21.233+0300][1500.776s][info ][gc] GC(49392) Pause Full (Ergonomics) 162M->28M(40M) 64.500ms
[2020-08-10T13:09:21.246+0300][1500.789s][info ][gc] GC(49393) Pause Young (Allocation Failure) 28M->28M(40M) 12.584ms
[2020-08-10T13:09:21.259+0300][1500.802s][info ][gc] GC(49394) Pause Young (Allocation Failure) 29M->29M(40M) 12.766ms
[2020-08-10T13:09:21.272+0300][1500.816s][info ][gc] GC(49395) Pause Young (Allocation Failure) 29M->29M(40M) 12.936ms
[2020-08-10T13:09:21.285+0300][1500.829s][info ][gc] GC(49396) Pause Young (Allocation Failure) 30M->30M(40M) 13.009ms
[2020-08-10T13:09:21.299+0300][1500.842s][info ][gc] GC(49397) Pause Young (Allocation Failure) 30M->30M(40M) 12.868ms
[2020-08-10T13:09:21.312+0300][1500.856s][info ][gc] GC(49398) Pause Young (Allocation Failure) 31M->31M(40M) 13.097ms
[2020-08-10T13:09:21.326+0300][1500.870s][info ][gc] GC(49399) Pause Young (Allocation Failure) 32M->32M(41M) 13.265ms
[2020-08-10T13:09:21.340+0300][1500.884s][info ][gc] GC(49400) Pause Young (Allocation Failure) 33M->33M(41M) 13.419ms
[2020-08-10T13:09:21.354+0300][1500.898s][info ][gc] GC(49401) Pause Young (Allocation Failure) 34M->34M(41M) 13.315ms
[2020-08-10T13:09:21.368+0300][1500.912s][info ][gc] GC(49402) Pause Young (Allocation Failure) 35M->35M(41M) 13.495ms
[2020-08-10T13:09:21.382+0300][1500.926s][info ][gc] GC(49403) Pause Young (Allocation Failure) 36M->36M(41M) 13.519ms
[2020-08-10T13:09:21.396+0300][1500.940s][info ][gc] GC(49404) Pause Young (Allocation Failure) 37M->37M(41M) 13.342ms
[2020-08-10T13:09:21.410+0300][1500.953s][info ][gc] GC(49405) Pause Young (Allocation Failure) 38M->38M(41M) 13.242ms
[2020-08-10T13:09:21.424+0300][1500.967s][info ][gc] GC(49406) Pause Young (Allocation Failure) 39M->38M(41M) 13.271ms
[2020-08-10T13:09:21.494+0300][1501.037s][debug][gc] GC(49407) Expanding ParOldGen from 39936K by 11776K to 51712K
[2020-08-10T13:09:21.494+0300][1501.037s][info ][gc] GC(49407) Pause Full (Ergonomics) 38M->38M(53M) 70.042ms
[2020-08-10T13:09:21.507+0300][1501.051s][info ][gc] GC(49408) Pause Young (Allocation Failure) 39M->39M(53M) 13.074ms
[2020-08-10T13:09:21.521+0300][1501.065s][info ][gc] GC(49409) Pause Young (Allocation Failure) 40M->40M(53M) 13.433ms
[2020-08-10T13:09:21.535+0300][1501.079s][info ][gc] GC(49410) Pause Young (Allocation Failure) 41M->41M(53M) 13.365ms
[2020-08-10T13:09:21.549+0300][1501.093s][info ][gc] GC(49411) Pause Young (Allocation Failure) 42M->42M(53M) 13.479ms
[2020-08-10T13:09:21.563+0300][1501.107s][info ][gc] GC(49412) Pause Young (Allocation Failure) 43M->43M(53M) 13.413ms
[2020-08-10T13:09:21.577+0300][1501.121s][info ][gc] GC(49413) Pause Young (Allocation Failure) 44M->44M(53M) 13.397ms
[2020-08-10T13:09:21.591+0300][1501.134s][info ][gc] GC(49414) Pause Young (Allocation Failure) 45M->45M(53M) 13.274ms
[2020-08-10T13:09:21.604+0300][1501.148s][info ][gc] GC(49415) Pause Young (Allocation Failure) 46M->46M(53M) 13.408ms
[2020-08-10T13:09:21.618+0300][1501.162s][info ][gc] GC(49416) Pause Young (Allocation Failure) 47M->47M(53M) 13.211ms
[2020-08-10T13:09:21.632+0300][1501.176s][info ][gc] GC(49417) Pause Young (Allocation Failure) 48M->48M(53M) 13.443ms
[2020-08-10T13:09:21.646+0300][1501.190s][info ][gc] GC(49418) Pause Young (Allocation Failure) 49M->49M(53M) 13.481ms
[2020-08-10T13:09:21.660+0300][1501.204s][info ][gc] GC(49419) Pause Young (Allocation Failure) 50M->50M(53M) 13.463ms
[2020-08-10T13:09:21.674+0300][1501.218s][info ][gc] GC(49420) Pause Young (Allocation Failure) 51M->50M(53M) 13.366ms
[2020-08-10T13:09:21.777+0300][1501.320s][debug][gc] GC(49421) Expanding ParOldGen from 51712K by 11776K to 63488K
[2020-08-10T13:09:21.777+0300][1501.320s][info ][gc] GC(49421) Pause Full (Ergonomics) 50M->50M(64M) 102.697ms
[2020-08-10T13:09:21.800+0300][1501.343s][info ][gc] GC(49422) Pause Young (Allocation Failure) 51M->51M(64M) 22.314ms
[2020-08-10T13:09:21.814+0300][1501.357s][info ][gc] GC(49423) Pause Young (Allocation Failure) 52M->52M(64M) 13.524ms
[2020-08-10T13:09:21.828+0300][1501.371s][info ][gc] GC(49424) Pause Young (Allocation Failure) 53M->53M(64M) 13.552ms
[2020-08-10T13:09:21.842+0300][1501.385s][info ][gc] GC(49425) Pause Young (Allocation Failure) 54M->54M(64M) 13.678ms
[2020-08-10T13:09:21.856+0300][1501.400s][info ][gc] GC(49426) Pause Young (Allocation Failure) 55M->55M(64M) 13.574ms
[2020-08-10T13:09:21.870+0300][1501.414s][info ][gc] GC(49427) Pause Young (Allocation Failure) 56M->56M(64M) 13.688ms
[2020-08-10T13:09:21.884+0300][1501.428s][info ][gc] GC(49428) Pause Young (Allocation Failure) 57M->57M(64M) 13.510ms
[2020-08-10T13:09:21.898+0300][1501.442s][info ][gc] GC(49429) Pause Young (Allocation Failure) 58M->58M(64M) 13.444ms
[2020-08-10T13:09:21.913+0300][1501.456s][info ][gc] GC(49430) Pause Young (Allocation Failure) 59M->59M(64M) 13.658ms
[2020-08-10T13:09:21.927+0300][1501.470s][info ][gc] GC(49431) Pause Young (Allocation Failure) 60M->60M(64M) 13.678ms
[2020-08-10T13:09:21.941+0300][1501.485s][info ][gc] GC(49432) Pause Young (Allocation Failure) 61M->61M(64M) 13.636ms
[2020-08-10T13:09:21.955+0300][1501.499s][info ][gc] GC(49433) Pause Young (Allocation Failure) 62M->62M(64M) 13.693ms
[2020-08-10T13:09:22.088+0300][1501.632s][debug][gc] GC(49434) Expanding ParOldGen from 63488K by 11776K to 75264K
[2020-08-10T13:09:22.088+0300][1501.632s][info ][gc] GC(49434) Pause Full (Ergonomics) 62M->61M(76M) 132.657ms
[2020-08-10T13:09:22.102+0300][1501.645s][info ][gc] GC(49435) Pause Young (Allocation Failure) 62M->62M(76M) 13.064ms
[2020-08-10T13:09:22.116+0300][1501.659s][info ][gc] GC(49436) Pause Young (Allocation Failure) 63M->63M(76M) 13.366ms
[2020-08-10T13:09:22.129+0300][1501.673s][info ][gc] GC(49437) Pause Young (Allocation Failure) 64M->64M(76M) 13.239ms
[2020-08-10T13:09:22.143+0300][1501.687s][info ][gc] GC(49438) Pause Young (Allocation Failure) 65M->65M(76M) 13.234ms
[2020-08-10T13:09:22.157+0300][1501.700s][info ][gc] GC(49439) Pause Young (Allocation Failure) 66M->66M(76M) 13.523ms
[2020-08-10T13:09:22.171+0300][1501.715s][info ][gc] GC(49440) Pause Young (Allocation Failure) 67M->67M(76M) 13.528ms
[2020-08-10T13:09:22.185+0300][1501.728s][info ][gc] GC(49441) Pause Young (Allocation Failure) 68M->68M(76M) 13.453ms
[2020-08-10T13:09:22.199+0300][1501.742s][info ][gc] GC(49442) Pause Young (Allocation Failure) 69M->69M(76M) 13.441ms
[2020-08-10T13:09:22.213+0300][1501.756s][info ][gc] GC(49443) Pause Young (Allocation Failure) 70M->70M(76M) 13.504ms
[2020-08-10T13:09:22.227+0300][1501.770s][info ][gc] GC(49444) Pause Young (Allocation Failure) 71M->71M(76M) 13.567ms
[2020-08-10T13:09:22.241+0300][1501.784s][info ][gc] GC(49445) Pause Young (Allocation Failure) 72M->72M(76M) 13.557ms
[2020-08-10T13:09:22.255+0300][1501.798s][info ][gc] GC(49446) Pause Young (Allocation Failure) 73M->73M(76M) 13.520ms
[2020-08-10T13:09:22.269+0300][1501.813s][info ][gc] GC(49447) Pause Young (Allocation Failure) 74M->74M(76M) 13.620ms
[2020-08-10T13:09:22.449+0300][1501.993s][debug][gc] GC(49448) Expanding ParOldGen from 75264K by 11264K to 86528K
[2020-08-10T13:09:22.449+0300][1501.993s][info ][gc] GC(49448) Pause Full (Ergonomics) 74M->74M(87M) 180.078ms
[2020-08-10T13:09:22.481+0300][1502.024s][info ][gc] GC(49449) Pause Young (Allocation Failure) 75M->75M(87M) 30.628ms
[2020-08-10T13:09:22.495+0300][1502.039s][info ][gc] GC(49450) Pause Young (Allocation Failure) 76M->75M(87M) 13.843ms
[2020-08-10T13:09:22.509+0300][1502.053s][info ][gc] GC(49451) Pause Young (Allocation Failure) 76M->76M(87M) 13.788ms
[2020-08-10T13:09:22.524+0300][1502.067s][info ][gc] GC(49452) Pause Young (Allocation Failure) 77M->77M(87M) 13.793ms
[2020-08-10T13:09:22.538+0300][1502.082s][info ][gc] GC(49453) Pause Young (Allocation Failure) 78M->78M(87M) 13.882ms
[2020-08-10T13:09:22.553+0300][1502.096s][info ][gc] GC(49454) Pause Young (Allocation Failure) 79M->79M(87M) 13.852ms
[2020-08-10T13:09:22.567+0300][1502.111s][info ][gc] GC(49455) Pause Young (Allocation Failure) 80M->80M(87M) 13.850ms
[2020-08-10T13:09:22.581+0300][1502.125s][info ][gc] GC(49456) Pause Young (Allocation Failure) 81M->81M(87M) 13.594ms
[2020-08-10T13:09:22.595+0300][1502.139s][info ][gc] GC(49457) Pause Young (Allocation Failure) 82M->82M(87M) 13.935ms
[2020-08-10T13:09:22.610+0300][1502.153s][info ][gc] GC(49458) Pause Young (Allocation Failure) 83M->83M(87M) 13.979ms
[2020-08-10T13:09:22.624+0300][1502.168s][info ][gc] GC(49459) Pause Young (Allocation Failure) 84M->84M(87M) 13.783ms
[2020-08-10T13:09:22.834+0300][1502.377s][debug][gc] GC(49460) Expanding ParOldGen from 86528K by 11264K to 97792K
[2020-08-10T13:09:22.834+0300][1502.377s][info ][gc] GC(49460) Pause Full (Ergonomics) 84M->84M(98M) 209.719ms
[2020-08-10T13:09:22.847+0300][1502.391s][info ][gc] GC(49461) Pause Young (Allocation Failure) 85M->85M(98M) 13.118ms
[2020-08-10T13:09:22.870+0300][1502.413s][info ][gc] GC(49462) Pause Young (Allocation Failure) 86M->86M(98M) 21.855ms
[2020-08-10T13:09:22.884+0300][1502.428s][info ][gc] GC(49463) Pause Young (Allocation Failure) 87M->87M(98M) 14.104ms
[2020-08-10T13:09:22.899+0300][1502.443s][info ][gc] GC(49464) Pause Young (Allocation Failure) 88M->88M(98M) 14.074ms
[2020-08-10T13:09:22.914+0300][1502.457s][info ][gc] GC(49465) Pause Young (Allocation Failure) 89M->89M(98M) 14.063ms
[2020-08-10T13:09:22.928+0300][1502.472s][info ][gc] GC(49466) Pause Young (Allocation Failure) 90M->90M(97M) 14.314ms
[2020-08-10T13:09:22.943+0300][1502.487s][info ][gc] GC(49467) Pause Young (Allocation Failure) 91M->91M(97M) 14.272ms
[2020-08-10T13:09:22.958+0300][1502.501s][info ][gc] GC(49468) Pause Young (Allocation Failure) 92M->92M(97M) 14.166ms
[2020-08-10T13:09:22.972+0300][1502.516s][info ][gc] GC(49469) Pause Young (Allocation Failure) 93M->92M(97M) 14.291ms
[2020-08-10T13:09:22.988+0300][1502.531s][info ][gc] GC(49470) Pause Young (Allocation Failure) 93M->93M(97M) 14.882ms
[2020-08-10T13:09:23.003+0300][1502.547s][info ][gc] GC(49471) Pause Young (Allocation Failure) 94M->94M(97M) 14.851ms
[2020-08-10T13:09:23.019+0300][1502.562s][info ][gc] GC(49472) Pause Young (Allocation Failure) 95M->95M(97M) 15.175ms
[2020-08-10T13:09:23.241+0300][1502.784s][debug][gc] GC(49473) Expanding ParOldGen from 97792K by 11264K to 109056K
[2020-08-10T13:09:23.241+0300][1502.784s][info ][gc] GC(49473) Pause Full (Ergonomics) 95M->95M(108M) 221.856ms
[2020-08-10T13:09:23.292+0300][1502.835s][info ][gc] GC(49474) Pause Young (Allocation Failure) 96M->96M(108M) 50.536ms
[2020-08-10T13:09:23.307+0300][1502.851s][info ][gc] GC(49475) Pause Young (Allocation Failure) 97M->97M(108M) 14.889ms
[2020-08-10T13:09:23.323+0300][1502.866s][info ][gc] GC(49476) Pause Young (Allocation Failure) 98M->98M(108M) 15.113ms
[2020-08-10T13:09:23.339+0300][1502.882s][info ][gc] GC(49477) Pause Young (Allocation Failure) 99M->99M(108M) 15.305ms
[2020-08-10T13:09:23.354+0300][1502.898s][info ][gc] GC(49478) Pause Young (Allocation Failure) 100M->100M(108M) 15.463ms
[2020-08-10T13:09:23.371+0300][1502.914s][info ][gc] GC(49479) Pause Young (Allocation Failure) 101M->101M(108M) 15.674ms
[2020-08-10T13:09:23.387+0300][1502.930s][info ][gc] GC(49480) Pause Young (Allocation Failure) 102M->102M(108M) 15.597ms
[2020-08-10T13:09:23.403+0300][1502.947s][info ][gc] GC(49481) Pause Young (Allocation Failure) 103M->103M(108M) 15.876ms
[2020-08-10T13:09:23.420+0300][1502.963s][info ][gc] GC(49482) Pause Young (Allocation Failure) 104M->104M(108M) 15.955ms
[2020-08-10T13:09:23.436+0300][1502.979s][info ][gc] GC(49483) Pause Young (Allocation Failure) 105M->105M(108M) 15.637ms
[2020-08-10T13:09:23.452+0300][1502.996s][info ][gc] GC(49484) Pause Young (Allocation Failure) 106M->106M(108M) 15.877ms
[2020-08-10T13:09:23.468+0300][1503.012s][info ][gc] GC(49485) Pause Young (Allocation Failure) 107M->107M(108M) 15.866ms
[2020-08-10T13:09:23.768+0300][1503.312s][debug][gc] GC(49486) Expanding ParOldGen from 109056K by 11264K to 120320K
[2020-08-10T13:09:23.769+0300][1503.312s][info ][gc] GC(49486) Pause Full (Ergonomics) 107M->107M(119M) 300.150ms
[2020-08-10T13:09:23.806+0300][1503.350s][info ][gc] GC(49487) Pause Young (Allocation Failure) 108M->107M(119M) 37.210ms
[2020-08-10T13:09:23.823+0300][1503.367s][info ][gc] GC(49488) Pause Young (Allocation Failure) 108M->108M(119M) 16.107ms
[2020-08-10T13:09:23.839+0300][1503.383s][info ][gc] GC(49489) Pause Young (Allocation Failure) 109M->109M(119M) 16.075ms
[2020-08-10T13:09:23.856+0300][1503.400s][info ][gc] GC(49490) Pause Young (Allocation Failure) 110M->110M(119M) 16.283ms
[2020-08-10T13:09:23.873+0300][1503.417s][info ][gc] GC(49491) Pause Young (Allocation Failure) 111M->111M(119M) 16.440ms
[2020-08-10T13:09:23.889+0300][1503.432s][info ][gc] GC(49492) Pause Young (Allocation Failure) 112M->112M(119M) 15.237ms
[2020-08-10T13:09:23.903+0300][1503.447s][info ][gc] GC(49493) Pause Young (Allocation Failure) 112M->112M(119M) 13.782ms
[2020-08-10T13:09:23.917+0300][1503.461s][info ][gc] GC(49494) Pause Young (Allocation Failure) 113M->113M(119M) 13.801ms
[2020-08-10T13:09:23.932+0300][1503.475s][info ][gc] GC(49495) Pause Young (Allocation Failure) 113M->113M(119M) 13.887ms
[2020-08-10T13:09:23.946+0300][1503.490s][info ][gc] GC(49496) Pause Young (Allocation Failure) 114M->114M(119M) 13.914ms
[2020-08-10T13:09:23.960+0300][1503.504s][info ][gc] GC(49497) Pause Young (Allocation Failure) 114M->114M(119M) 13.990ms
[2020-08-10T13:09:23.975+0300][1503.519s][info ][gc] GC(49498) Pause Young (Allocation Failure) 114M->114M(119M) 14.300ms
[2020-08-10T13:09:23.995+0300][1503.539s][info ][gc] GC(49499) Pause Young (Allocation Failure) 115M->115M(119M) 19.745ms
[2020-08-10T13:09:24.010+0300][1503.554s][info ][gc] GC(49500) Pause Young (Allocation Failure) 115M->115M(119M) 14.424ms
[2020-08-10T13:09:24.024+0300][1503.568s][info ][gc] GC(49501) Pause Young (Allocation Failure) 116M->116M(119M) 13.934ms
[2020-08-10T13:09:24.039+0300][1503.583s][info ][gc] GC(49502) Pause Young (Allocation Failure) 116M->116M(119M) 14.499ms
[2020-08-10T13:09:24.054+0300][1503.598s][info ][gc] GC(49503) Pause Young (Allocation Failure) 117M->117M(119M) 14.477ms
[2020-08-10T13:09:24.401+0300][1503.944s][debug][gc] GC(49504) Expanding ParOldGen from 120320K by 11264K to 131584K
[2020-08-10T13:09:24.401+0300][1503.944s][info ][gc] GC(49504) Pause Full (Ergonomics) 117M->117M(130M) 346.284ms
[2020-08-10T13:09:24.415+0300][1503.958s][info ][gc] GC(49505) Pause Young (Allocation Failure) 117M->117M(130M) 13.544ms
[2020-08-10T13:09:24.430+0300][1503.973s][info ][gc] GC(49506) Pause Young (Allocation Failure) 118M->118M(130M) 14.360ms
[2020-08-10T13:09:24.444+0300][1503.988s][info ][gc] GC(49507) Pause Young (Allocation Failure) 118M->118M(130M) 14.420ms
[2020-08-10T13:09:24.480+0300][1504.024s][info ][gc] GC(49508) Pause Young (Allocation Failure) 119M->119M(130M) 35.456ms
[2020-08-10T13:09:24.495+0300][1504.039s][info ][gc] GC(49509) Pause Young (Allocation Failure) 119M->119M(129M) 14.658ms
[2020-08-10T13:09:24.519+0300][1504.063s][info ][gc] GC(49510) Pause Young (Allocation Failure) 119M->119M(130M) 23.424ms
[2020-08-10T13:09:24.534+0300][1504.078s][info ][gc] GC(49511) Pause Young (Allocation Failure) 120M->120M(130M) 14.609ms
[2020-08-10T13:09:24.549+0300][1504.093s][info ][gc] GC(49512) Pause Young (Allocation Failure) 120M->120M(130M) 14.612ms
[2020-08-10T13:09:24.583+0300][1504.127s][info ][gc] GC(49513) Pause Young (Allocation Failure) 121M->121M(130M) 33.669ms
[2020-08-10T13:09:24.598+0300][1504.142s][info ][gc] GC(49514) Pause Young (Allocation Failure) 121M->121M(130M) 14.258ms
[2020-08-10T13:09:24.613+0300][1504.157s][info ][gc] GC(49515) Pause Young (Allocation Failure) 122M->122M(130M) 14.596ms
[2020-08-10T13:09:24.628+0300][1504.172s][info ][gc] GC(49516) Pause Young (Allocation Failure) 122M->122M(130M) 14.671ms
[2020-08-10T13:09:24.643+0300][1504.187s][info ][gc] GC(49517) Pause Young (Allocation Failure) 123M->123M(130M) 14.313ms
[2020-08-10T13:09:24.658+0300][1504.202s][info ][gc] GC(49518) Pause Young (Allocation Failure) 123M->123M(130M) 14.571ms
[2020-08-10T13:09:24.673+0300][1504.217s][info ][gc] GC(49519) Pause Young (Allocation Failure) 124M->124M(130M) 14.538ms
[2020-08-10T13:09:24.708+0300][1504.252s][info ][gc] GC(49520) Pause Young (Allocation Failure) 124M->124M(130M) 34.996ms
[2020-08-10T13:09:24.734+0300][1504.278s][info ][gc] GC(49521) Pause Young (Allocation Failure) 125M->124M(130M) 25.383ms
[2020-08-10T13:09:24.749+0300][1504.293s][info ][gc] GC(49522) Pause Young (Allocation Failure) 125M->125M(130M) 14.644ms
[2020-08-10T13:09:24.764+0300][1504.308s][info ][gc] GC(49523) Pause Young (Allocation Failure) 125M->125M(130M) 14.655ms
[2020-08-10T13:09:24.780+0300][1504.323s][info ][gc] GC(49524) Pause Young (Allocation Failure) 126M->126M(130M) 14.949ms
[2020-08-10T13:09:24.795+0300][1504.338s][info ][gc] GC(49525) Pause Young (Allocation Failure) 126M->126M(130M) 14.737ms
[2020-08-10T13:09:24.810+0300][1504.354s][info ][gc] GC(49526) Pause Young (Allocation Failure) 127M->127M(130M) 14.710ms
[2020-08-10T13:09:24.825+0300][1504.369s][info ][gc] GC(49527) Pause Young (Allocation Failure) 127M->127M(130M) 14.737ms
[2020-08-10T13:09:24.840+0300][1504.384s][info ][gc] GC(49528) Pause Young (Allocation Failure) 128M->128M(130M) 14.838ms
[2020-08-10T13:09:24.865+0300][1504.409s][info ][gc] GC(49529) Pause Young (Allocation Failure) 128M->128M(130M) 24.566ms
[2020-08-10T13:09:25.198+0300][1504.742s][debug][gc] GC(49530) Expanding ParOldGen from 131584K by 10752K to 142336K
[2020-08-10T13:09:25.198+0300][1504.742s][info ][gc] GC(49530) Pause Full (Ergonomics) 128M->128M(140M) 333.096ms
[2020-08-10T13:09:25.212+0300][1504.756s][info ][gc] GC(49531) Pause Young (Allocation Failure) 128M->128M(140M) 13.426ms
[2020-08-10T13:09:25.228+0300][1504.771s][info ][gc] GC(49532) Pause Young (Allocation Failure) 129M->129M(140M) 15.341ms
[2020-08-10T13:09:25.243+0300][1504.786s][info ][gc] GC(49533) Pause Young (Allocation Failure) 129M->129M(140M) 14.880ms
[2020-08-10T13:09:25.258+0300][1504.802s][info ][gc] GC(49534) Pause Young (Allocation Failure) 130M->130M(140M) 14.859ms
[2020-08-10T13:09:25.273+0300][1504.817s][info ][gc] GC(49535) Pause Young (Allocation Failure) 130M->130M(140M) 14.974ms
[2020-08-10T13:09:25.289+0300][1504.833s][info ][gc] GC(49536) Pause Young (Allocation Failure) 131M->131M(140M) 15.368ms
[2020-08-10T13:09:25.304+0300][1504.848s][info ][gc] GC(49537) Pause Young (Allocation Failure) 131M->131M(140M) 15.096ms
[2020-08-10T13:09:25.320+0300][1504.864s][info ][gc] GC(49538) Pause Young (Allocation Failure) 132M->131M(140M) 15.316ms
[2020-08-10T13:09:25.336+0300][1504.879s][info ][gc] GC(49539) Pause Young (Allocation Failure) 132M->132M(140M) 14.935ms
[2020-08-10T13:09:25.351+0300][1504.894s][info ][gc] GC(49540) Pause Young (Allocation Failure) 132M->132M(140M) 14.816ms
[2020-08-10T13:09:25.366+0300][1504.910s][info ][gc] GC(49541) Pause Young (Allocation Failure) 133M->133M(140M) 15.169ms
[2020-08-10T13:09:25.382+0300][1504.926s][info ][gc] GC(49542) Pause Young (Allocation Failure) 133M->133M(140M) 15.350ms
[2020-08-10T13:09:25.397+0300][1504.941s][info ][gc] GC(49543) Pause Young (Allocation Failure) 134M->134M(140M) 15.222ms
[2020-08-10T13:09:25.413+0300][1504.957s][info ][gc] GC(49544) Pause Young (Allocation Failure) 134M->134M(140M) 15.394ms
[2020-08-10T13:09:25.429+0300][1504.973s][info ][gc] GC(49545) Pause Young (Allocation Failure) 135M->135M(140M) 15.314ms
[2020-08-10T13:09:25.445+0300][1504.988s][info ][gc] GC(49546) Pause Young (Allocation Failure) 135M->135M(140M) 15.343ms
[2020-08-10T13:09:25.445+0300][1504.989s][debug][gc] Expanding ParOldGen from 142336K by 19968K to 162304K
[2020-08-10T13:09:25.468+0300][1505.012s][info ][gc] GC(49547) Pause Young (Allocation Failure) 155M->154M(160M) 14.481ms
[2020-08-10T13:09:25.495+0300][1505.038s][info ][gc] GC(49548) Pause Young (Allocation Failure) 155M->155M(160M) 26.105ms
[2020-08-10T13:09:25.520+0300][1505.064s][info ][gc] GC(49549) Pause Young (Allocation Failure) 155M->155M(160M) 25.337ms
[2020-08-10T13:09:25.572+0300][1505.116s][info ][gc] GC(49550) Pause Young (Allocation Failure) 156M->156M(160M) 51.196ms
[2020-08-10T13:09:25.610+0300][1505.153s][info ][gc] GC(49551) Pause Young (Allocation Failure) 156M->156M(160M) 37.286ms
[2020-08-10T13:09:25.636+0300][1505.180s][info ][gc] GC(49552) Pause Young (Allocation Failure) 157M->157M(160M) 26.103ms
[2020-08-10T13:09:25.662+0300][1505.206s][info ][gc] GC(49553) Pause Young (Allocation Failure) 157M->157M(160M) 25.444ms
[2020-08-10T13:09:25.711+0300][1505.255s][info ][gc] GC(49554) Pause Young (Allocation Failure) 158M->158M(160M) 49.024ms
[2020-08-10T13:09:25.739+0300][1505.283s][info ][gc] GC(49555) Pause Young (Allocation Failure) 158M->158M(160M) 27.139ms
[2020-08-10T13:09:25.813+0300][1505.357s][debug][gc] GC(49556) Shrinking ParOldGen from 162304K by 125952K to 36352K
[2020-08-10T13:09:25.813+0300][1505.357s][info ][gc] GC(49556) Pause Full (Ergonomics) 158M->24M(37M) 74.335ms
[2020-08-10T13:09:25.827+0300][1505.370s][info ][gc] GC(49557) Pause Young (Allocation Failure) 25M->25M(37M) 12.764ms
[2020-08-10T13:09:25.842+0300][1505.386s][info ][gc] GC(49558) Pause Young (Allocation Failure) 25M->25M(37M) 15.264ms
[2020-08-10T13:09:25.856+0300][1505.399s][info ][gc] GC(49559) Pause Young (Allocation Failure) 26M->26M(37M) 12.738ms
[2020-08-10T13:09:25.869+0300][1505.413s][info ][gc] GC(49560) Pause Young (Allocation Failure) 26M->26M(37M) 13.003ms
[2020-08-10T13:09:25.882+0300][1505.426s][info ][gc] GC(49561) Pause Young (Allocation Failure) 27M->26M(37M) 12.960ms
[2020-08-10T13:09:25.896+0300][1505.440s][info ][gc] GC(49562) Pause Young (Allocation Failure) 27M->27M(37M) 12.901ms
[2020-08-10T13:09:25.909+0300][1505.453s][info ][gc] GC(49563) Pause Young (Allocation Failure) 27M->27M(37M) 12.800ms
[2020-08-10T13:09:25.922+0300][1505.466s][info ][gc] GC(49564) Pause Young (Allocation Failure) 28M->28M(37M) 13.005ms
[2020-08-10T13:09:25.936+0300][1505.480s][info ][gc] GC(49565) Pause Young (Allocation Failure) 28M->28M(37M) 12.986ms
[2020-08-10T13:09:25.949+0300][1505.493s][info ][gc] GC(49566) Pause Young (Allocation Failure) 29M->29M(37M) 12.893ms
[2020-08-10T13:09:25.963+0300][1505.506s][info ][gc] GC(49567) Pause Young (Allocation Failure) 29M->29M(37M) 12.935ms
[2020-08-10T13:09:25.976+0300][1505.520s][info ][gc] GC(49568) Pause Young (Allocation Failure) 30M->30M(37M) 13.082ms
[2020-08-10T13:09:25.990+0300][1505.534s][info ][gc] GC(49569) Pause Young (Allocation Failure) 30M->30M(37M) 13.017ms
[2020-08-10T13:09:26.003+0300][1505.547s][info ][gc] GC(49570) Pause Young (Allocation Failure) 31M->31M(37M) 12.890ms
[2020-08-10T13:09:26.017+0300][1505.560s][info ][gc] GC(49571) Pause Young (Allocation Failure) 31M->31M(37M) 13.048ms
[2020-08-10T13:09:26.030+0300][1505.574s][info ][gc] GC(49572) Pause Young (Allocation Failure) 32M->31M(37M) 12.952ms
[2020-08-10T13:09:26.043+0300][1505.587s][info ][gc] GC(49573) Pause Young (Allocation Failure) 32M->32M(37M) 13.003ms
[2020-08-10T13:09:26.057+0300][1505.600s][info ][gc] GC(49574) Pause Young (Allocation Failure) 32M->32M(37M) 12.819ms
[2020-08-10T13:09:26.070+0300][1505.614s][info ][gc] GC(49575) Pause Young (Allocation Failure) 33M->33M(37M) 12.841ms
[2020-08-10T13:09:26.084+0300][1505.627s][info ][gc] GC(49576) Pause Young (Allocation Failure) 34M->34M(37M) 13.142ms
[2020-08-10T13:09:26.097+0300][1505.641s][info ][gc] GC(49577) Pause Young (Allocation Failure) 35M->35M(37M) 13.251ms
[2020-08-10T13:09:26.111+0300][1505.655s][info ][gc] GC(49578) Pause Young (Allocation Failure) 36M->36M(37M) 13.363ms
[2020-08-10T13:09:26.175+0300][1505.719s][debug][gc] GC(49579) Expanding ParOldGen from 36352K by 10752K to 47104K
[2020-08-10T13:09:26.176+0300][1505.719s][info ][gc] GC(49579) Pause Full (Ergonomics) 36M->35M(48M) 64.135ms
[2020-08-10T13:09:26.193+0300][1505.737s][info ][gc] GC(49580) Pause Young (Allocation Failure) 36M->36M(48M) 17.149ms
[2020-08-10T13:09:26.207+0300][1505.751s][info ][gc] GC(49581) Pause Young (Allocation Failure) 37M->37M(48M) 13.555ms
[2020-08-10T13:09:26.222+0300][1505.765s][info ][gc] GC(49582) Pause Young (Allocation Failure) 38M->38M(48M) 13.524ms
[2020-08-10T13:09:26.236+0300][1505.779s][info ][gc] GC(49583) Pause Young (Allocation Failure) 39M->39M(48M) 13.431ms
[2020-08-10T13:09:26.250+0300][1505.794s][info ][gc] GC(49584) Pause Young (Allocation Failure) 40M->40M(48M) 13.541ms
[2020-08-10T13:09:26.264+0300][1505.808s][info ][gc] GC(49585) Pause Young (Allocation Failure) 41M->41M(48M) 13.451ms
[2020-08-10T13:09:26.278+0300][1505.822s][info ][gc] GC(49586) Pause Young (Allocation Failure) 42M->42M(48M) 13.508ms
[2020-08-10T13:09:26.292+0300][1505.836s][info ][gc] GC(49587) Pause Young (Allocation Failure) 43M->43M(48M) 13.432ms
[2020-08-10T13:09:26.306+0300][1505.850s][info ][gc] GC(49588) Pause Young (Allocation Failure) 44M->44M(48M) 13.492ms
[2020-08-10T13:09:26.320+0300][1505.863s][info ][gc] GC(49589) Pause Young (Allocation Failure) 45M->45M(48M) 13.311ms
[2020-08-10T13:09:26.334+0300][1505.877s][info ][gc] GC(49590) Pause Young (Allocation Failure) 46M->46M(48M) 13.546ms
[2020-08-10T13:09:26.424+0300][1505.968s][debug][gc] GC(49591) Expanding ParOldGen from 47104K by 11776K to 58880K
[2020-08-10T13:09:26.424+0300][1505.968s][info ][gc] GC(49591) Pause Full (Ergonomics) 46M->46M(60M) 90.577ms
[2020-08-10T13:09:26.444+0300][1505.988s][info ][gc] GC(49592) Pause Young (Allocation Failure) 47M->47M(60M) 19.256ms
[2020-08-10T13:09:26.459+0300][1506.002s][info ][gc] GC(49593) Pause Young (Allocation Failure) 48M->48M(60M) 13.665ms
[2020-08-10T13:09:26.473+0300][1506.016s][info ][gc] GC(49594) Pause Young (Allocation Failure) 49M->49M(60M) 13.515ms
[2020-08-10T13:09:26.487+0300][1506.030s][info ][gc] GC(49595) Pause Young (Allocation Failure) 50M->50M(60M) 13.577ms
[2020-08-10T13:09:26.501+0300][1506.045s][info ][gc] GC(49596) Pause Young (Allocation Failure) 51M->50M(60M) 13.647ms
[2020-08-10T13:09:26.515+0300][1506.058s][info ][gc] GC(49597) Pause Young (Allocation Failure) 51M->51M(60M) 13.437ms
[2020-08-10T13:09:26.529+0300][1506.072s][info ][gc] GC(49598) Pause Young (Allocation Failure) 52M->52M(60M) 13.488ms
[2020-08-10T13:09:26.543+0300][1506.086s][info ][gc] GC(49599) Pause Young (Allocation Failure) 53M->53M(60M) 13.563ms
[2020-08-10T13:09:26.557+0300][1506.101s][info ][gc] GC(49600) Pause Young (Allocation Failure) 54M->54M(60M) 13.621ms
[2020-08-10T13:09:26.571+0300][1506.115s][info ][gc] GC(49601) Pause Young (Allocation Failure) 55M->55M(60M) 13.592ms
[2020-08-10T13:09:26.585+0300][1506.129s][info ][gc] GC(49602) Pause Young (Allocation Failure) 56M->56M(60M) 13.749ms
[2020-08-10T13:09:26.599+0300][1506.143s][info ][gc] GC(49603) Pause Young (Allocation Failure) 57M->57M(60M) 13.610ms
[2020-08-10T13:09:26.721+0300][1506.264s][debug][gc] GC(49604) Expanding ParOldGen from 58880K by 11776K to 70656K
[2020-08-10T13:09:26.721+0300][1506.265s][info ][gc] GC(49604) Pause Full (Ergonomics) 57M->57M(71M) 121.444ms
[2020-08-10T13:09:26.734+0300][1506.278s][info ][gc] GC(49605) Pause Young (Allocation Failure) 58M->58M(71M) 13.094ms
[2020-08-10T13:09:26.749+0300][1506.292s][info ][gc] GC(49606) Pause Young (Allocation Failure) 59M->59M(71M) 13.581ms
[2020-08-10T13:09:26.763+0300][1506.306s][info ][gc] GC(49607) Pause Young (Allocation Failure) 60M->60M(71M) 13.454ms
[2020-08-10T13:09:26.777+0300][1506.320s][info ][gc] GC(49608) Pause Young (Allocation Failure) 61M->61M(71M) 13.492ms
[2020-08-10T13:09:26.791+0300][1506.334s][info ][gc] GC(49609) Pause Young (Allocation Failure) 62M->62M(71M) 13.520ms
[2020-08-10T13:09:26.805+0300][1506.348s][info ][gc] GC(49610) Pause Young (Allocation Failure) 63M->63M(71M) 13.507ms
[2020-08-10T13:09:26.819+0300][1506.363s][info ][gc] GC(49611) Pause Young (Allocation Failure) 64M->64M(71M) 13.653ms
[2020-08-10T13:09:26.833+0300][1506.377s][info ][gc] GC(49612) Pause Young (Allocation Failure) 65M->65M(71M) 13.613ms
[2020-08-10T13:09:26.847+0300][1506.391s][info ][gc] GC(49613) Pause Young (Allocation Failure) 66M->66M(71M) 13.607ms
[2020-08-10T13:09:26.861+0300][1506.405s][info ][gc] GC(49614) Pause Young (Allocation Failure) 67M->66M(71M) 13.507ms
[2020-08-10T13:09:26.876+0300][1506.419s][info ][gc] GC(49615) Pause Young (Allocation Failure) 67M->67M(71M) 13.709ms
[2020-08-10T13:09:26.890+0300][1506.433s][info ][gc] GC(49616) Pause Young (Allocation Failure) 68M->68M(71M) 13.547ms
[2020-08-10T13:09:27.042+0300][1506.585s][debug][gc] GC(49617) Expanding ParOldGen from 70656K by 11264K to 81920K
[2020-08-10T13:09:27.042+0300][1506.586s][info ][gc] GC(49617) Pause Full (Ergonomics) 68M->68M(82M) 151.903ms
[2020-08-10T13:09:27.055+0300][1506.599s][info ][gc] GC(49618) Pause Young (Allocation Failure) 69M->69M(82M) 13.034ms
[2020-08-10T13:09:27.070+0300][1506.613s][info ][gc] GC(49619) Pause Young (Allocation Failure) 70M->70M(82M) 13.627ms
[2020-08-10T13:09:27.084+0300][1506.628s][info ][gc] GC(49620) Pause Young (Allocation Failure) 71M->71M(82M) 13.558ms
[2020-08-10T13:09:27.098+0300][1506.642s][info ][gc] GC(49621) Pause Young (Allocation Failure) 72M->72M(82M) 13.555ms
[2020-08-10T13:09:27.112+0300][1506.656s][info ][gc] GC(49622) Pause Young (Allocation Failure) 73M->73M(82M) 13.600ms
[2020-08-10T13:09:27.126+0300][1506.670s][info ][gc] GC(49623) Pause Young (Allocation Failure) 74M->74M(82M) 13.534ms
[2020-08-10T13:09:27.140+0300][1506.684s][info ][gc] GC(49624) Pause Young (Allocation Failure) 75M->75M(82M) 13.490ms
[2020-08-10T13:09:27.154+0300][1506.698s][info ][gc] GC(49625) Pause Young (Allocation Failure) 76M->76M(82M) 13.534ms
[2020-08-10T13:09:27.168+0300][1506.712s][info ][gc] GC(49626) Pause Young (Allocation Failure) 77M->77M(82M) 13.384ms
[2020-08-10T13:09:27.182+0300][1506.726s][info ][gc] GC(49627) Pause Young (Allocation Failure) 78M->78M(82M) 13.634ms
[2020-08-10T13:09:27.196+0300][1506.740s][info ][gc] GC(49628) Pause Young (Allocation Failure) 79M->79M(82M) 13.542ms
[2020-08-10T13:09:27.210+0300][1506.754s][info ][gc] GC(49629) Pause Young (Allocation Failure) 80M->80M(82M) 13.675ms
[2020-08-10T13:09:27.394+0300][1506.938s][debug][gc] GC(49630) Expanding ParOldGen from 81920K by 11264K to 93184K
[2020-08-10T13:09:27.394+0300][1506.938s][info ][gc] GC(49630) Pause Full (Ergonomics) 80M->80M(93M) 184.075ms
[2020-08-10T13:09:27.425+0300][1506.969s][info ][gc] GC(49631) Pause Young (Allocation Failure) 81M->81M(93M) 29.966ms
[2020-08-10T13:09:27.439+0300][1506.983s][info ][gc] GC(49632) Pause Young (Allocation Failure) 82M->81M(93M) 13.893ms
[2020-08-10T13:09:27.454+0300][1506.998s][info ][gc] GC(49633) Pause Young (Allocation Failure) 82M->82M(93M) 14.249ms
[2020-08-10T13:09:27.469+0300][1507.012s][info ][gc] GC(49634) Pause Young (Allocation Failure) 83M->83M(93M) 13.786ms
[2020-08-10T13:09:27.483+0300][1507.027s][info ][gc] GC(49635) Pause Young (Allocation Failure) 84M->84M(93M) 14.062ms
[2020-08-10T13:09:27.498+0300][1507.042s][info ][gc] GC(49636) Pause Young (Allocation Failure) 85M->85M(92M) 14.342ms
[2020-08-10T13:09:27.512+0300][1507.056s][info ][gc] GC(49637) Pause Young (Allocation Failure) 86M->86M(93M) 13.557ms
[2020-08-10T13:09:27.526+0300][1507.070s][info ][gc] GC(49638) Pause Young (Allocation Failure) 86M->86M(93M) 13.180ms
[2020-08-10T13:09:27.539+0300][1507.083s][info ][gc] GC(49639) Pause Young (Allocation Failure) 87M->87M(93M) 13.292ms
[2020-08-10T13:09:27.553+0300][1507.097s][info ][gc] GC(49640) Pause Young (Allocation Failure) 87M->87M(93M) 13.409ms
[2020-08-10T13:09:27.567+0300][1507.111s][info ][gc] GC(49641) Pause Young (Allocation Failure) 88M->88M(93M) 13.256ms
[2020-08-10T13:09:27.584+0300][1507.128s][info ][gc] GC(49642) Pause Young (Allocation Failure) 88M->88M(93M) 16.630ms
[2020-08-10T13:09:27.598+0300][1507.142s][info ][gc] GC(49643) Pause Young (Allocation Failure) 89M->88M(93M) 13.457ms
[2020-08-10T13:09:27.612+0300][1507.156s][info ][gc] GC(49644) Pause Young (Allocation Failure) 89M->89M(93M) 13.213ms
[2020-08-10T13:09:27.625+0300][1507.169s][info ][gc] GC(49645) Pause Young (Allocation Failure) 89M->89M(93M) 13.298ms
[2020-08-10T13:09:27.639+0300][1507.183s][info ][gc] GC(49646) Pause Young (Allocation Failure) 90M->90M(93M) 13.385ms
[2020-08-10T13:09:27.851+0300][1507.395s][debug][gc] GC(49647) Expanding ParOldGen from 93184K by 10752K to 103936K
[2020-08-10T13:09:27.851+0300][1507.395s][info ][gc] GC(49647) Pause Full (Ergonomics) 90M->90M(103M) 211.650ms
[2020-08-10T13:09:27.864+0300][1507.408s][info ][gc] GC(49648) Pause Young (Allocation Failure) 90M->90M(103M) 12.914ms
[2020-08-10T13:09:27.878+0300][1507.422s][info ][gc] GC(49649) Pause Young (Allocation Failure) 91M->91M(103M) 13.148ms
[2020-08-10T13:09:27.892+0300][1507.436s][info ][gc] GC(49650) Pause Young (Allocation Failure) 91M->91M(103M) 13.187ms
[2020-08-10T13:09:27.905+0300][1507.449s][info ][gc] GC(49651) Pause Young (Allocation Failure) 92M->92M(103M) 13.198ms
[2020-08-10T13:09:27.919+0300][1507.463s][info ][gc] GC(49652) Pause Young (Allocation Failure) 92M->92M(103M) 13.160ms
[2020-08-10T13:09:27.933+0300][1507.476s][info ][gc] GC(49653) Pause Young (Allocation Failure) 92M->92M(103M) 13.163ms
[2020-08-10T13:09:27.946+0300][1507.490s][info ][gc] GC(49654) Pause Young (Allocation Failure) 93M->93M(102M) 13.359ms
[2020-08-10T13:09:27.960+0300][1507.504s][info ][gc] GC(49655) Pause Young (Allocation Failure) 93M->93M(103M) 13.053ms
[2020-08-10T13:09:27.974+0300][1507.517s][info ][gc] GC(49656) Pause Young (Allocation Failure) 94M->94M(103M) 13.089ms
[2020-08-10T13:09:27.987+0300][1507.531s][info ][gc] GC(49657) Pause Young (Allocation Failure) 94M->94M(103M) 13.176ms
[2020-08-10T13:09:28.001+0300][1507.545s][info ][gc] GC(49658) Pause Young (Allocation Failure) 95M->95M(103M) 13.149ms
[2020-08-10T13:09:28.014+0300][1507.558s][info ][gc] GC(49659) Pause Young (Allocation Failure) 95M->95M(103M) 13.133ms
[2020-08-10T13:09:28.028+0300][1507.572s][info ][gc] GC(49660) Pause Young (Allocation Failure) 96M->96M(103M) 13.156ms
[2020-08-10T13:09:28.042+0300][1507.585s][info ][gc] GC(49661) Pause Young (Allocation Failure) 96M->96M(103M) 13.124ms
[2020-08-10T13:09:28.055+0300][1507.599s][info ][gc] GC(49662) Pause Young (Allocation Failure) 97M->97M(103M) 13.109ms
[2020-08-10T13:09:28.069+0300][1507.612s][info ][gc] GC(49663) Pause Young (Allocation Failure) 97M->97M(103M) 13.076ms
[2020-08-10T13:09:28.082+0300][1507.626s][info ][gc] GC(49664) Pause Young (Allocation Failure) 98M->97M(103M) 13.173ms
[2020-08-10T13:09:28.096+0300][1507.640s][info ][gc] GC(49665) Pause Young (Allocation Failure) 98M->98M(103M) 13.090ms
[2020-08-10T13:09:28.109+0300][1507.653s][info ][gc] GC(49666) Pause Young (Allocation Failure) 98M->98M(103M) 13.107ms
[2020-08-10T13:09:28.123+0300][1507.667s][info ][gc] GC(49667) Pause Young (Allocation Failure) 99M->99M(103M) 13.087ms
[2020-08-10T13:09:28.136+0300][1507.680s][info ][gc] GC(49668) Pause Young (Allocation Failure) 99M->99M(103M) 13.166ms
[2020-08-10T13:09:28.150+0300][1507.694s][info ][gc] GC(49669) Pause Young (Allocation Failure) 100M->100M(103M) 13.149ms
[2020-08-10T13:09:28.164+0300][1507.707s][info ][gc] GC(49670) Pause Young (Allocation Failure) 100M->100M(103M) 13.138ms
[2020-08-10T13:09:28.177+0300][1507.721s][info ][gc] GC(49671) Pause Young (Allocation Failure) 101M->101M(103M) 13.147ms
[2020-08-10T13:09:28.191+0300][1507.735s][info ][gc] GC(49672) Pause Young (Allocation Failure) 101M->101M(103M) 13.183ms
[2020-08-10T13:09:28.432+0300][1507.975s][debug][gc] GC(49673) Expanding ParOldGen from 103936K by 11264K to 115200K
[2020-08-10T13:09:28.432+0300][1507.976s][info ][gc] GC(49673) Pause Full (Ergonomics) 101M->101M(114M) 240.831ms
[2020-08-10T13:09:28.445+0300][1507.989s][info ][gc] GC(49674) Pause Young (Allocation Failure) 101M->101M(114M) 12.885ms
[2020-08-10T13:09:28.459+0300][1508.003s][info ][gc] GC(49675) Pause Young (Allocation Failure) 102M->102M(114M) 13.115ms
[2020-08-10T13:09:28.472+0300][1508.016s][info ][gc] GC(49676) Pause Young (Allocation Failure) 102M->102M(114M) 13.225ms
[2020-08-10T13:09:28.486+0300][1508.030s][info ][gc] GC(49677) Pause Young (Allocation Failure) 103M->103M(114M) 13.122ms
[2020-08-10T13:09:28.500+0300][1508.043s][info ][gc] GC(49678) Pause Young (Allocation Failure) 103M->103M(114M) 13.214ms
[2020-08-10T13:09:28.513+0300][1508.057s][info ][gc] GC(49679) Pause Young (Allocation Failure) 104M->104M(114M) 13.247ms
[2020-08-10T13:09:28.527+0300][1508.071s][info ][gc] GC(49680) Pause Young (Allocation Failure) 104M->104M(114M) 13.161ms
[2020-08-10T13:09:28.541+0300][1508.084s][info ][gc] GC(49681) Pause Young (Allocation Failure) 105M->105M(114M) 13.175ms
[2020-08-10T13:09:28.554+0300][1508.098s][info ][gc] GC(49682) Pause Young (Allocation Failure) 105M->105M(114M) 13.107ms
[2020-08-10T13:09:28.568+0300][1508.111s][info ][gc] GC(49683) Pause Young (Allocation Failure) 106M->106M(114M) 13.071ms
[2020-08-10T13:09:28.581+0300][1508.125s][info ][gc] GC(49684) Pause Young (Allocation Failure) 106M->106M(114M) 13.163ms
[2020-08-10T13:09:28.595+0300][1508.139s][info ][gc] GC(49685) Pause Young (Allocation Failure) 107M->106M(114M) 13.188ms
[2020-08-10T13:09:28.609+0300][1508.152s][info ][gc] GC(49686) Pause Young (Allocation Failure) 107M->107M(114M) 13.234ms
[2020-08-10T13:09:28.622+0300][1508.166s][info ][gc] GC(49687) Pause Young (Allocation Failure) 107M->107M(114M) 13.246ms
[2020-08-10T13:09:28.636+0300][1508.180s][info ][gc] GC(49688) Pause Young (Allocation Failure) 108M->108M(114M) 13.195ms
[2020-08-10T13:09:28.650+0300][1508.193s][info ][gc] GC(49689) Pause Young (Allocation Failure) 108M->108M(114M) 13.145ms
[2020-08-10T13:09:28.663+0300][1508.207s][info ][gc] GC(49690) Pause Young (Allocation Failure) 109M->109M(114M) 13.186ms
[2020-08-10T13:09:28.677+0300][1508.221s][info ][gc] GC(49691) Pause Young (Allocation Failure) 109M->109M(114M) 13.183ms
[2020-08-10T13:09:28.691+0300][1508.234s][info ][gc] GC(49692) Pause Young (Allocation Failure) 110M->110M(114M) 13.340ms
[2020-08-10T13:09:28.706+0300][1508.250s][info ][gc] GC(49693) Pause Young (Allocation Failure) 111M->111M(114M) 14.697ms
[2020-08-10T13:09:28.721+0300][1508.265s][info ][gc] GC(49694) Pause Young (Allocation Failure) 112M->112M(114M) 14.765ms
[2020-08-10T13:09:28.737+0300][1508.281s][info ][gc] GC(49695) Pause Young (Allocation Failure) 113M->112M(114M) 15.682ms
[2020-08-10T13:09:29.023+0300][1508.567s][debug][gc] GC(49696) Expanding ParOldGen from 115200K by 11264K to 126464K
[2020-08-10T13:09:29.023+0300][1508.567s][info ][gc] GC(49696) Pause Full (Ergonomics) 112M->112M(125M) 286.005ms
[2020-08-10T13:09:29.055+0300][1508.598s][info ][gc] GC(49697) Pause Young (Allocation Failure) 113M->113M(126M) 30.662ms
[2020-08-10T13:09:29.072+0300][1508.616s][info ][gc] GC(49698) Pause Young (Allocation Failure) 114M->114M(126M) 16.607ms
[2020-08-10T13:09:29.093+0300][1508.637s][info ][gc] GC(49699) Pause Young (Allocation Failure) 115M->115M(126M) 21.328ms
[2020-08-10T13:09:29.111+0300][1508.655s][info ][gc] GC(49700) Pause Young (Allocation Failure) 116M->116M(126M) 17.023ms
[2020-08-10T13:09:29.128+0300][1508.672s][info ][gc] GC(49701) Pause Young (Allocation Failure) 117M->117M(126M) 16.970ms
[2020-08-10T13:09:29.176+0300][1508.720s][info ][gc] GC(49702) Pause Young (Allocation Failure) 118M->118M(126M) 46.895ms
[2020-08-10T13:09:29.195+0300][1508.739s][info ][gc] GC(49703) Pause Young (Allocation Failure) 119M->119M(126M) 18.153ms
[2020-08-10T13:09:29.212+0300][1508.756s][info ][gc] GC(49704) Pause Young (Allocation Failure) 120M->120M(126M) 16.808ms
[2020-08-10T13:09:29.235+0300][1508.779s][info ][gc] GC(49705) Pause Young (Allocation Failure) 121M->121M(126M) 21.983ms
[2020-08-10T13:09:29.252+0300][1508.796s][info ][gc] GC(49706) Pause Young (Allocation Failure) 122M->122M(126M) 17.205ms
[2020-08-10T13:09:29.270+0300][1508.814s][info ][gc] GC(49707) Pause Young (Allocation Failure) 123M->123M(126M) 17.354ms
[2020-08-10T13:09:29.288+0300][1508.832s][info ][gc] GC(49708) Pause Young (Allocation Failure) 124M->124M(126M) 17.618ms
[2020-08-10T13:09:29.644+0300][1509.188s][debug][gc] GC(49709) Expanding ParOldGen from 126464K by 11776K to 138240K
[2020-08-10T13:09:29.645+0300][1509.188s][info ][gc] GC(49709) Pause Full (Ergonomics) 124M->123M(137M) 356.399ms
[2020-08-10T13:09:29.677+0300][1509.221s][info ][gc] GC(49710) Pause Young (Allocation Failure) 124M->124M(137M) 32.154ms
[2020-08-10T13:09:29.701+0300][1509.245s][info ][gc] GC(49711) Pause Young (Allocation Failure) 125M->125M(137M) 23.537ms
[2020-08-10T13:09:29.719+0300][1509.263s][info ][gc] GC(49712) Pause Young (Allocation Failure) 126M->126M(137M) 17.572ms
[2020-08-10T13:09:29.737+0300][1509.281s][info ][gc] GC(49713) Pause Young (Allocation Failure) 127M->127M(137M) 17.766ms
[2020-08-10T13:09:29.756+0300][1509.300s][info ][gc] GC(49714) Pause Young (Allocation Failure) 128M->128M(137M) 17.917ms
[2020-08-10T13:09:29.774+0300][1509.318s][info ][gc] GC(49715) Pause Young (Allocation Failure) 129M->129M(137M) 17.931ms
[2020-08-10T13:09:29.792+0300][1509.336s][info ][gc] GC(49716) Pause Young (Allocation Failure) 130M->130M(137M) 17.918ms
[2020-08-10T13:09:29.811+0300][1509.355s][info ][gc] GC(49717) Pause Young (Allocation Failure) 131M->131M(137M) 18.099ms
[2020-08-10T13:09:29.829+0300][1509.373s][info ][gc] GC(49718) Pause Young (Allocation Failure) 132M->132M(137M) 17.891ms
[2020-08-10T13:09:29.848+0300][1509.392s][info ][gc] GC(49719) Pause Young (Allocation Failure) 133M->133M(137M) 18.104ms
[2020-08-10T13:09:29.866+0300][1509.410s][info ][gc] GC(49720) Pause Young (Allocation Failure) 134M->134M(137M) 18.340ms
[2020-08-10T13:09:29.885+0300][1509.429s][info ][gc] GC(49721) Pause Young (Allocation Failure) 135M->135M(137M) 18.367ms
[2020-08-10T13:09:30.281+0300][1509.825s][debug][gc] GC(49722) Expanding ParOldGen from 138240K by 11776K to 150016K
[2020-08-10T13:09:30.281+0300][1509.825s][info ][gc] GC(49722) Pause Full (Ergonomics) 135M->134M(149M) 396.324ms
[2020-08-10T13:09:30.282+0300][1509.826s][debug][gc] Expanding ParOldGen from 150016K by 19968K to 169984K
[2020-08-10T13:09:30.304+0300][1509.848s][info ][gc] GC(49723) Pause Young (Allocation Failure) 155M->155M(168M) 14.590ms
[2020-08-10T13:09:30.324+0300][1509.868s][info ][gc] GC(49724) Pause Young (Allocation Failure) 156M->155M(168M) 19.578ms
[2020-08-10T13:09:30.341+0300][1509.885s][info ][gc] GC(49725) Pause Young (Allocation Failure) 156M->156M(168M) 16.517ms
[2020-08-10T13:09:30.357+0300][1509.901s][info ][gc] GC(49726) Pause Young (Allocation Failure) 157M->157M(168M) 15.143ms
[2020-08-10T13:09:30.372+0300][1509.916s][info ][gc] GC(49727) Pause Young (Allocation Failure) 158M->158M(168M) 15.241ms
[2020-08-10T13:09:30.388+0300][1509.932s][info ][gc] GC(49728) Pause Young (Allocation Failure) 159M->159M(168M) 15.226ms
[2020-08-10T13:09:30.404+0300][1509.948s][info ][gc] GC(49729) Pause Young (Allocation Failure) 160M->160M(168M) 15.339ms
[2020-08-10T13:09:30.420+0300][1509.964s][info ][gc] GC(49730) Pause Young (Allocation Failure) 161M->161M(168M) 15.242ms
[2020-08-10T13:09:30.439+0300][1509.983s][info ][gc] GC(49731) Pause Young (Allocation Failure) 162M->162M(168M) 18.988ms
[2020-08-10T13:09:30.455+0300][1509.999s][info ][gc] GC(49732) Pause Young (Allocation Failure) 163M->163M(168M) 15.213ms
[2020-08-10T13:09:30.486+0300][1510.030s][info ][gc] GC(49733) Pause Young (Allocation Failure) 164M->164M(168M) 30.438ms
[2020-08-10T13:09:30.514+0300][1510.058s][info ][gc] GC(49734) Pause Young (Allocation Failure) 165M->165M(168M) 27.200ms
[2020-08-10T13:09:30.530+0300][1510.074s][info ][gc] GC(49735) Pause Young (Allocation Failure) 166M->166M(168M) 15.434ms
[2020-08-10T13:09:30.634+0300][1510.178s][debug][gc] GC(49736) Shrinking ParOldGen from 169984K by 124928K to 45056K
[2020-08-10T13:09:30.634+0300][1510.178s][info ][gc] GC(49736) Pause Full (Ergonomics) 166M->32M(46M) 104.485ms
[2020-08-10T13:09:30.648+0300][1510.192s][info ][gc] GC(49737) Pause Young (Allocation Failure) 33M->33M(46M) 12.986ms
[2020-08-10T13:09:30.665+0300][1510.209s][info ][gc] GC(49738) Pause Young (Allocation Failure) 34M->34M(46M) 16.197ms
[2020-08-10T13:09:30.678+0300][1510.222s][info ][gc] GC(49739) Pause Young (Allocation Failure) 35M->35M(46M) 13.267ms
[2020-08-10T13:09:30.692+0300][1510.236s][info ][gc] GC(49740) Pause Young (Allocation Failure) 36M->36M(46M) 13.318ms
[2020-08-10T13:09:30.706+0300][1510.250s][info ][gc] GC(49741) Pause Young (Allocation Failure) 37M->37M(46M) 13.372ms
[2020-08-10T13:09:30.720+0300][1510.264s][info ][gc] GC(49742) Pause Young (Allocation Failure) 38M->38M(46M) 13.500ms
[2020-08-10T13:09:30.734+0300][1510.278s][info ][gc] GC(49743) Pause Young (Allocation Failure) 39M->39M(46M) 13.331ms
[2020-08-10T13:09:30.748+0300][1510.292s][info ][gc] GC(49744) Pause Young (Allocation Failure) 40M->40M(46M) 13.459ms
[2020-08-10T13:09:30.762+0300][1510.306s][info ][gc] GC(49745) Pause Young (Allocation Failure) 41M->41M(46M) 13.311ms
[2020-08-10T13:09:30.776+0300][1510.320s][info ][gc] GC(49746) Pause Young (Allocation Failure) 42M->42M(46M) 13.471ms
[2020-08-10T13:09:30.790+0300][1510.334s][info ][gc] GC(49747) Pause Young (Allocation Failure) 43M->43M(46M) 13.416ms
[2020-08-10T13:09:30.804+0300][1510.348s][info ][gc] GC(49748) Pause Young (Allocation Failure) 44M->44M(46M) 13.484ms
[2020-08-10T13:09:30.887+0300][1510.432s][debug][gc] GC(49749) Expanding ParOldGen from 45056K by 11264K to 56320K
[2020-08-10T13:09:30.888+0300][1510.432s][info ][gc] GC(49749) Pause Full (Ergonomics) 44M->44M(57M) 83.960ms
[2020-08-10T13:09:30.907+0300][1510.451s][info ][gc] GC(49750) Pause Young (Allocation Failure) 45M->44M(57M) 18.679ms
[2020-08-10T13:09:30.921+0300][1510.465s][info ][gc] GC(49751) Pause Young (Allocation Failure) 45M->45M(57M) 13.661ms
[2020-08-10T13:09:30.935+0300][1510.479s][info ][gc] GC(49752) Pause Young (Allocation Failure) 46M->46M(57M) 13.574ms
[2020-08-10T13:09:30.949+0300][1510.493s][info ][gc] GC(49753) Pause Young (Allocation Failure) 47M->47M(57M) 13.607ms
[2020-08-10T13:09:30.963+0300][1510.507s][info ][gc] GC(49754) Pause Young (Allocation Failure) 48M->48M(57M) 13.584ms
[2020-08-10T13:09:30.978+0300][1510.522s][info ][gc] GC(49755) Pause Young (Allocation Failure) 49M->49M(57M) 13.783ms
[2020-08-10T13:09:30.992+0300][1510.536s][info ][gc] GC(49756) Pause Young (Allocation Failure) 50M->50M(57M) 13.623ms
[2020-08-10T13:09:31.006+0300][1510.550s][info ][gc] GC(49757) Pause Young (Allocation Failure) 51M->51M(56M) 13.562ms
[2020-08-10T13:09:31.020+0300][1510.564s][info ][gc] GC(49758) Pause Young (Allocation Failure) 52M->52M(57M) 13.468ms
[2020-08-10T13:09:31.034+0300][1510.578s][info ][gc] GC(49759) Pause Young (Allocation Failure) 53M->53M(57M) 13.621ms
[2020-08-10T13:09:31.048+0300][1510.592s][info ][gc] GC(49760) Pause Young (Allocation Failure) 54M->54M(57M) 13.501ms
[2020-08-10T13:09:31.062+0300][1510.606s][info ][gc] GC(49761) Pause Young (Allocation Failure) 55M->55M(57M) 13.625ms
[2020-08-10T13:09:31.175+0300][1510.719s][debug][gc] GC(49762) Expanding ParOldGen from 56320K by 11776K to 68096K
[2020-08-10T13:09:31.176+0300][1510.720s][info ][gc] GC(49762) Pause Full (Ergonomics) 55M->55M(69M) 113.423ms
[2020-08-10T13:09:31.198+0300][1510.742s][info ][gc] GC(49763) Pause Young (Allocation Failure) 56M->56M(69M) 21.934ms
[2020-08-10T13:09:31.212+0300][1510.756s][info ][gc] GC(49764) Pause Young (Allocation Failure) 57M->57M(69M) 13.555ms
[2020-08-10T13:09:31.226+0300][1510.770s][info ][gc] GC(49765) Pause Young (Allocation Failure) 58M->58M(69M) 13.689ms
[2020-08-10T13:09:31.240+0300][1510.784s][info ][gc] GC(49766) Pause Young (Allocation Failure) 59M->59M(69M) 13.600ms
[2020-08-10T13:09:31.255+0300][1510.799s][info ][gc] GC(49767) Pause Young (Allocation Failure) 60M->60M(69M) 13.668ms
[2020-08-10T13:09:31.269+0300][1510.813s][info ][gc] GC(49768) Pause Young (Allocation Failure) 61M->61M(69M) 13.747ms
[2020-08-10T13:09:31.283+0300][1510.827s][info ][gc] GC(49769) Pause Young (Allocation Failure) 62M->61M(69M) 13.657ms
[2020-08-10T13:09:31.297+0300][1510.841s][info ][gc] GC(49770) Pause Young (Allocation Failure) 62M->62M(69M) 13.617ms
[2020-08-10T13:09:31.312+0300][1510.856s][info ][gc] GC(49771) Pause Young (Allocation Failure) 63M->63M(69M) 13.643ms
[2020-08-10T13:09:31.326+0300][1510.870s][info ][gc] GC(49772) Pause Young (Allocation Failure) 64M->64M(69M) 13.544ms
[2020-08-10T13:09:31.340+0300][1510.884s][info ][gc] GC(49773) Pause Young (Allocation Failure) 65M->65M(69M) 13.777ms
[2020-08-10T13:09:31.354+0300][1510.898s][info ][gc] GC(49774) Pause Young (Allocation Failure) 66M->66M(69M) 13.704ms
[2020-08-10T13:09:31.505+0300][1511.049s][debug][gc] GC(49775) Expanding ParOldGen from 68096K by 11264K to 79360K
[2020-08-10T13:09:31.505+0300][1511.049s][info ][gc] GC(49775) Pause Full (Ergonomics) 66M->66M(80M) 150.751ms
[2020-08-10T13:09:31.534+0300][1511.078s][info ][gc] GC(49776) Pause Young (Allocation Failure) 67M->67M(80M) 28.410ms
[2020-08-10T13:09:31.549+0300][1511.093s][info ][gc] GC(49777) Pause Young (Allocation Failure) 68M->68M(80M) 13.829ms
[2020-08-10T13:09:31.563+0300][1511.107s][info ][gc] GC(49778) Pause Young (Allocation Failure) 69M->69M(80M) 13.864ms
[2020-08-10T13:09:31.588+0300][1511.132s][info ][gc] GC(49779) Pause Young (Allocation Failure) 70M->70M(80M) 24.397ms
[2020-08-10T13:09:31.602+0300][1511.146s][info ][gc] GC(49780) Pause Young (Allocation Failure) 71M->71M(80M) 13.763ms
[2020-08-10T13:09:31.617+0300][1511.161s][info ][gc] GC(49781) Pause Young (Allocation Failure) 72M->72M(80M) 13.782ms
[2020-08-10T13:09:31.631+0300][1511.175s][info ][gc] GC(49782) Pause Young (Allocation Failure) 73M->73M(80M) 13.767ms
[2020-08-10T13:09:31.645+0300][1511.189s][info ][gc] GC(49783) Pause Young (Allocation Failure) 74M->74M(80M) 13.790ms
[2020-08-10T13:09:31.659+0300][1511.203s][info ][gc] GC(49784) Pause Young (Allocation Failure) 75M->75M(80M) 13.772ms
[2020-08-10T13:09:31.674+0300][1511.218s][info ][gc] GC(49785) Pause Young (Allocation Failure) 76M->76M(80M) 13.718ms
[2020-08-10T13:09:31.688+0300][1511.232s][info ][gc] GC(49786) Pause Young (Allocation Failure) 77M->77M(80M) 13.784ms
[2020-08-10T13:09:31.702+0300][1511.246s][info ][gc] GC(49787) Pause Young (Allocation Failure) 78M->78M(80M) 13.796ms
[2020-08-10T13:09:31.884+0300][1511.428s][debug][gc] GC(49788) Expanding ParOldGen from 79360K by 11776K to 91136K
[2020-08-10T13:09:31.884+0300][1511.428s][info ][gc] GC(49788) Pause Full (Ergonomics) 78M->77M(91M) 181.238ms
[2020-08-10T13:09:31.914+0300][1511.458s][info ][gc] GC(49789) Pause Young (Allocation Failure) 78M->78M(91M) 29.414ms
[2020-08-10T13:09:31.928+0300][1511.472s][info ][gc] GC(49790) Pause Young (Allocation Failure) 79M->79M(91M) 13.825ms
[2020-08-10T13:09:31.942+0300][1511.487s][info ][gc] GC(49791) Pause Young (Allocation Failure) 80M->80M(91M) 13.861ms
[2020-08-10T13:09:31.957+0300][1511.501s][info ][gc] GC(49792) Pause Young (Allocation Failure) 81M->81M(91M) 13.707ms
[2020-08-10T13:09:31.971+0300][1511.515s][info ][gc] GC(49793) Pause Young (Allocation Failure) 82M->82M(91M) 13.737ms
[2020-08-10T13:09:31.985+0300][1511.529s][info ][gc] GC(49794) Pause Young (Allocation Failure) 83M->83M(91M) 13.850ms
[2020-08-10T13:09:32.000+0300][1511.544s][info ][gc] GC(49795) Pause Young (Allocation Failure) 84M->84M(91M) 14.005ms
[2020-08-10T13:09:32.014+0300][1511.558s][info ][gc] GC(49796) Pause Young (Allocation Failure) 85M->85M(91M) 14.331ms
[2020-08-10T13:09:32.029+0300][1511.573s][info ][gc] GC(49797) Pause Young (Allocation Failure) 86M->86M(91M) 14.284ms
[2020-08-10T13:09:32.044+0300][1511.588s][info ][gc] GC(49798) Pause Young (Allocation Failure) 87M->87M(91M) 14.343ms
[2020-08-10T13:09:32.059+0300][1511.603s][info ][gc] GC(49799) Pause Young (Allocation Failure) 88M->88M(91M) 14.397ms
[2020-08-10T13:09:32.074+0300][1511.618s][info ][gc] GC(49800) Pause Young (Allocation Failure) 89M->89M(91M) 14.368ms
[2020-08-10T13:09:32.280+0300][1511.824s][debug][gc] GC(49801) Expanding ParOldGen from 91136K by 11264K to 102400K
[2020-08-10T13:09:32.280+0300][1511.825s][info ][gc] GC(49801) Pause Full (Ergonomics) 89M->89M(102M) 206.611ms
[2020-08-10T13:09:32.313+0300][1511.857s][info ][gc] GC(49802) Pause Young (Allocation Failure) 90M->90M(102M) 32.425ms
[2020-08-10T13:09:32.328+0300][1511.873s][info ][gc] GC(49803) Pause Young (Allocation Failure) 91M->91M(102M) 14.492ms
[2020-08-10T13:09:32.344+0300][1511.888s][info ][gc] GC(49804) Pause Young (Allocation Failure) 92M->92M(102M) 14.673ms
[2020-08-10T13:09:32.359+0300][1511.903s][info ][gc] GC(49805) Pause Young (Allocation Failure) 93M->92M(102M) 14.808ms
[2020-08-10T13:09:32.375+0300][1511.919s][info ][gc] GC(49806) Pause Young (Allocation Failure) 93M->93M(102M) 15.263ms
[2020-08-10T13:09:32.391+0300][1511.935s][info ][gc] GC(49807) Pause Young (Allocation Failure) 94M->94M(102M) 15.085ms
[2020-08-10T13:09:32.408+0300][1511.951s][info ][gc] GC(49808) Pause Young (Allocation Failure) 95M->95M(102M) 15.276ms
[2020-08-10T13:09:32.423+0300][1511.966s][info ][gc] GC(49809) Pause Young (Allocation Failure) 96M->96M(102M) 15.142ms
[2020-08-10T13:09:32.439+0300][1511.982s][info ][gc] GC(49810) Pause Young (Allocation Failure) 97M->97M(102M) 15.248ms
[2020-08-10T13:09:32.455+0300][1511.998s][info ][gc] GC(49811) Pause Young (Allocation Failure) 98M->98M(102M) 15.341ms
[2020-08-10T13:09:32.471+0300][1512.014s][info ][gc] GC(49812) Pause Young (Allocation Failure) 99M->99M(102M) 15.271ms
[2020-08-10T13:09:32.486+0300][1512.029s][info ][gc] GC(49813) Pause Young (Allocation Failure) 100M->100M(102M) 15.260ms
[2020-08-10T13:09:32.785+0300][1512.329s][debug][gc] GC(49814) Expanding ParOldGen from 102400K by 11264K to 113664K
[2020-08-10T13:09:32.786+0300][1512.329s][info ][gc] GC(49814) Pause Full (Ergonomics) 100M->100M(113M) 299.050ms
[2020-08-10T13:09:32.822+0300][1512.365s][info ][gc] GC(49815) Pause Young (Allocation Failure) 101M->101M(113M) 36.127ms
[2020-08-10T13:09:32.838+0300][1512.382s][info ][gc] GC(49816) Pause Young (Allocation Failure) 102M->102M(113M) 15.789ms
[2020-08-10T13:09:32.855+0300][1512.398s][info ][gc] GC(49817) Pause Young (Allocation Failure) 103M->103M(113M) 15.800ms
[2020-08-10T13:09:32.871+0300][1512.414s][info ][gc] GC(49818) Pause Young (Allocation Failure) 104M->104M(113M) 15.784ms
[2020-08-10T13:09:32.888+0300][1512.431s][info ][gc] GC(49819) Pause Young (Allocation Failure) 105M->105M(113M) 16.045ms
[2020-08-10T13:09:32.904+0300][1512.447s][info ][gc] GC(49820) Pause Young (Allocation Failure) 106M->106M(113M) 15.977ms
[2020-08-10T13:09:32.921+0300][1512.464s][info ][gc] GC(49821) Pause Young (Allocation Failure) 107M->107M(113M) 16.165ms
[2020-08-10T13:09:32.938+0300][1512.481s][info ][gc] GC(49822) Pause Young (Allocation Failure) 108M->108M(113M) 16.170ms
[2020-08-10T13:09:32.954+0300][1512.497s][info ][gc] GC(49823) Pause Young (Allocation Failure) 109M->109M(113M) 16.309ms
[2020-08-10T13:09:32.971+0300][1512.514s][info ][gc] GC(49824) Pause Young (Allocation Failure) 110M->109M(113M) 16.323ms
[2020-08-10T13:09:32.988+0300][1512.531s][info ][gc] GC(49825) Pause Young (Allocation Failure) 110M->110M(113M) 16.254ms
[2020-08-10T13:09:33.269+0300][1512.812s][debug][gc] GC(49826) Expanding ParOldGen from 113664K by 11264K to 124928K
[2020-08-10T13:09:33.269+0300][1512.812s][info ][gc] GC(49826) Pause Full (Ergonomics) 110M->110M(124M) 280.644ms
[2020-08-10T13:09:33.283+0300][1512.826s][info ][gc] GC(49827) Pause Young (Allocation Failure) 111M->111M(124M) 13.514ms
[2020-08-10T13:09:33.300+0300][1512.843s][info ][gc] GC(49828) Pause Young (Allocation Failure) 112M->112M(124M) 16.291ms
[2020-08-10T13:09:33.316+0300][1512.859s][info ][gc] GC(49829) Pause Young (Allocation Failure) 113M->113M(124M) 16.183ms
[2020-08-10T13:09:33.333+0300][1512.876s][info ][gc] GC(49830) Pause Young (Allocation Failure) 114M->114M(123M) 16.480ms
[2020-08-10T13:09:33.349+0300][1512.892s][info ][gc] GC(49831) Pause Young (Allocation Failure) 115M->115M(124M) 15.029ms
[2020-08-10T13:09:33.363+0300][1512.906s][info ][gc] GC(49832) Pause Young (Allocation Failure) 115M->115M(124M) 14.079ms
[2020-08-10T13:09:33.377+0300][1512.920s][info ][gc] GC(49833) Pause Young (Allocation Failure) 116M->116M(124M) 13.421ms
[2020-08-10T13:09:33.391+0300][1512.934s][info ][gc] GC(49834) Pause Young (Allocation Failure) 116M->116M(124M) 13.785ms
[2020-08-10T13:09:33.406+0300][1512.949s][info ][gc] GC(49835) Pause Young (Allocation Failure) 116M->116M(124M) 13.943ms
[2020-08-10T13:09:33.420+0300][1512.963s][info ][gc] GC(49836) Pause Young (Allocation Failure) 117M->117M(124M) 14.009ms
[2020-08-10T13:09:33.435+0300][1512.978s][info ][gc] GC(49837) Pause Young (Allocation Failure) 117M->117M(124M) 14.039ms
[2020-08-10T13:09:33.449+0300][1512.992s][info ][gc] GC(49838) Pause Young (Allocation Failure) 118M->118M(124M) 13.963ms
[2020-08-10T13:09:33.464+0300][1513.007s][info ][gc] GC(49839) Pause Young (Allocation Failure) 118M->118M(124M) 14.207ms
[2020-08-10T13:09:33.478+0300][1513.021s][info ][gc] GC(49840) Pause Young (Allocation Failure) 119M->119M(124M) 14.000ms
[2020-08-10T13:09:33.492+0300][1513.036s][info ][gc] GC(49841) Pause Young (Allocation Failure) 119M->119M(124M) 14.046ms
[2020-08-10T13:09:33.507+0300][1513.050s][info ][gc] GC(49842) Pause Young (Allocation Failure) 120M->120M(124M) 14.154ms
[2020-08-10T13:09:33.521+0300][1513.065s][info ][gc] GC(49843) Pause Young (Allocation Failure) 120M->120M(124M) 14.054ms
[2020-08-10T13:09:33.536+0300][1513.079s][info ][gc] GC(49844) Pause Young (Allocation Failure) 121M->121M(124M) 14.066ms
[2020-08-10T13:09:33.550+0300][1513.094s][info ][gc] GC(49845) Pause Young (Allocation Failure) 121M->121M(124M) 14.098ms
[2020-08-10T13:09:33.846+0300][1513.389s][debug][gc] GC(49846) Expanding ParOldGen from 124928K by 10752K to 135680K
[2020-08-10T13:09:33.846+0300][1513.389s][info ][gc] GC(49846) Pause Full (Ergonomics) 121M->121M(134M) 295.564ms
[2020-08-10T13:09:33.860+0300][1513.403s][info ][gc] GC(49847) Pause Young (Allocation Failure) 121M->121M(134M) 13.238ms
[2020-08-10T13:09:33.904+0300][1513.448s][info ][gc] GC(49848) Pause Young (Allocation Failure) 122M->122M(133M) 44.229ms
[2020-08-10T13:09:33.925+0300][1513.468s][info ][gc] GC(49849) Pause Young (Allocation Failure) 122M->122M(134M) 20.177ms
[2020-08-10T13:09:33.941+0300][1513.485s][info ][gc] GC(49850) Pause Young (Allocation Failure) 123M->123M(134M) 16.003ms
[2020-08-10T13:09:33.957+0300][1513.500s][info ][gc] GC(49851) Pause Young (Allocation Failure) 123M->123M(134M) 14.792ms
[2020-08-10T13:09:33.971+0300][1513.515s][info ][gc] GC(49852) Pause Young (Allocation Failure) 124M->124M(134M) 14.566ms
[2020-08-10T13:09:33.986+0300][1513.529s][info ][gc] GC(49853) Pause Young (Allocation Failure) 124M->124M(134M) 14.300ms
[2020-08-10T13:09:34.001+0300][1513.544s][info ][gc] GC(49854) Pause Young (Allocation Failure) 125M->125M(134M) 14.717ms
[2020-08-10T13:09:34.034+0300][1513.578s][info ][gc] GC(49855) Pause Young (Allocation Failure) 125M->125M(134M) 32.945ms
[2020-08-10T13:09:34.050+0300][1513.593s][info ][gc] GC(49856) Pause Young (Allocation Failure) 126M->125M(134M) 14.720ms
[2020-08-10T13:09:34.074+0300][1513.617s][info ][gc] GC(49857) Pause Young (Allocation Failure) 126M->126M(134M) 24.101ms
[2020-08-10T13:09:34.089+0300][1513.633s][info ][gc] GC(49858) Pause Young (Allocation Failure) 126M->126M(134M) 14.945ms
[2020-08-10T13:09:34.105+0300][1513.648s][info ][gc] GC(49859) Pause Young (Allocation Failure) 127M->127M(134M) 14.804ms
[2020-08-10T13:09:34.120+0300][1513.663s][info ][gc] GC(49860) Pause Young (Allocation Failure) 127M->127M(134M) 14.934ms
[2020-08-10T13:09:34.136+0300][1513.679s][info ][gc] GC(49861) Pause Young (Allocation Failure) 128M->128M(134M) 15.412ms
[2020-08-10T13:09:34.177+0300][1513.720s][info ][gc] GC(49862) Pause Young (Allocation Failure) 128M->128M(134M) 40.871ms
[2020-08-10T13:09:34.207+0300][1513.750s][info ][gc] GC(49863) Pause Young (Allocation Failure) 129M->129M(134M) 29.529ms
[2020-08-10T13:09:34.226+0300][1513.769s][info ][gc] GC(49864) Pause Young (Allocation Failure) 129M->129M(134M) 18.058ms
[2020-08-10T13:09:34.242+0300][1513.785s][info ][gc] GC(49865) Pause Young (Allocation Failure) 130M->130M(134M) 16.297ms
[2020-08-10T13:09:34.265+0300][1513.808s][info ][gc] GC(49866) Pause Young (Allocation Failure) 130M->130M(134M) 22.017ms
[2020-08-10T13:09:34.281+0300][1513.824s][info ][gc] GC(49867) Pause Young (Allocation Failure) 131M->130M(134M) 15.744ms
[2020-08-10T13:09:34.297+0300][1513.840s][info ][gc] GC(49868) Pause Young (Allocation Failure) 131M->131M(134M) 15.431ms
[2020-08-10T13:09:34.313+0300][1513.856s][info ][gc] GC(49869) Pause Young (Allocation Failure) 131M->131M(134M) 15.647ms
[2020-08-10T13:09:34.329+0300][1513.872s][info ][gc] GC(49870) Pause Young (Allocation Failure) 132M->132M(134M) 15.921ms
[2020-08-10T13:09:34.367+0300][1513.910s][info ][gc] GC(49871) Pause Young (Allocation Failure) 132M->132M(134M) 37.531ms
[2020-08-10T13:09:34.720+0300][1514.263s][debug][gc] GC(49872) Expanding ParOldGen from 135680K by 11264K to 146944K
[2020-08-10T13:09:34.720+0300][1514.264s][info ][gc] GC(49872) Pause Full (Ergonomics) 132M->132M(145M) 353.280ms
[2020-08-10T13:09:34.735+0300][1514.278s][info ][gc] GC(49873) Pause Young (Allocation Failure) 132M->132M(145M) 14.158ms
[2020-08-10T13:09:34.751+0300][1514.294s][info ][gc] GC(49874) Pause Young (Allocation Failure) 133M->133M(145M) 15.564ms
[2020-08-10T13:09:34.767+0300][1514.310s][info ][gc] GC(49875) Pause Young (Allocation Failure) 133M->133M(145M) 15.731ms
[2020-08-10T13:09:34.783+0300][1514.326s][info ][gc] GC(49876) Pause Young (Allocation Failure) 134M->134M(145M) 15.698ms
[2020-08-10T13:09:34.817+0300][1514.361s][info ][gc] GC(49877) Pause Young (Allocation Failure) 134M->134M(145M) 34.515ms
[2020-08-10T13:09:34.834+0300][1514.377s][info ][gc] GC(49878) Pause Young (Allocation Failure) 135M->135M(145M) 16.055ms
[2020-08-10T13:09:34.834+0300][1514.378s][debug][gc] Expanding ParOldGen from 146944K by 19968K to 166912K
[2020-08-10T13:09:34.858+0300][1514.402s][info ][gc] GC(49879) Pause Young (Allocation Failure) 154M->154M(164M) 15.693ms
[2020-08-10T13:09:34.910+0300][1514.454s][info ][gc] GC(49880) Pause Young (Allocation Failure) 155M->155M(164M) 51.614ms
[2020-08-10T13:09:34.937+0300][1514.480s][info ][gc] GC(49881) Pause Young (Allocation Failure) 155M->155M(164M) 26.398ms
[2020-08-10T13:09:34.965+0300][1514.508s][info ][gc] GC(49882) Pause Young (Allocation Failure) 156M->156M(164M) 27.374ms
[2020-08-10T13:09:34.992+0300][1514.535s][info ][gc] GC(49883) Pause Young (Allocation Failure) 156M->156M(164M) 26.766ms
[2020-08-10T13:09:35.019+0300][1514.562s][info ][gc] GC(49884) Pause Young (Allocation Failure) 157M->157M(164M) 26.495ms
[2020-08-10T13:09:35.046+0300][1514.589s][info ][gc] GC(49885) Pause Young (Allocation Failure) 157M->157M(164M) 26.327ms
[2020-08-10T13:09:35.073+0300][1514.616s][info ][gc] GC(49886) Pause Young (Allocation Failure) 158M->157M(164M) 26.577ms
[2020-08-10T13:09:35.100+0300][1514.643s][info ][gc] GC(49887) Pause Young (Allocation Failure) 158M->158M(164M) 26.423ms
[2020-08-10T13:09:35.127+0300][1514.670s][info ][gc] GC(49888) Pause Young (Allocation Failure) 158M->158M(164M) 26.202ms
[2020-08-10T13:09:35.153+0300][1514.697s][info ][gc] GC(49889) Pause Young (Allocation Failure) 159M->159M(164M) 26.434ms
[2020-08-10T13:09:35.181+0300][1514.724s][info ][gc] GC(49890) Pause Young (Allocation Failure) 159M->159M(164M) 27.228ms
[2020-08-10T13:09:35.221+0300][1514.764s][info ][gc] GC(49891) Pause Young (Allocation Failure) 160M->160M(164M) 39.538ms
[2020-08-10T13:09:35.252+0300][1514.795s][info ][gc] GC(49892) Pause Young (Allocation Failure) 160M->160M(164M) 30.641ms
[2020-08-10T13:09:35.279+0300][1514.822s][info ][gc] GC(49893) Pause Young (Allocation Failure) 161M->161M(164M) 26.507ms
[2020-08-10T13:09:35.306+0300][1514.849s][info ][gc] GC(49894) Pause Young (Allocation Failure) 161M->161M(164M) 26.298ms
[2020-08-10T13:09:35.333+0300][1514.876s][info ][gc] GC(49895) Pause Young (Allocation Failure) 162M->162M(164M) 26.923ms
[2020-08-10T13:09:35.360+0300][1514.903s][info ][gc] GC(49896) Pause Young (Allocation Failure) 162M->162M(164M) 26.489ms
[2020-08-10T13:09:35.387+0300][1514.930s][info ][gc] GC(49897) Pause Young (Allocation Failure) 163M->163M(164M) 26.193ms
[2020-08-10T13:09:35.474+0300][1515.017s][debug][gc] GC(49898) Shrinking ParOldGen from 166912K by 125952K to 40960K
[2020-08-10T13:09:35.474+0300][1515.017s][info ][gc] GC(49898) Pause Full (Ergonomics) 163M->29M(41M) 87.184ms
[2020-08-10T13:09:35.488+0300][1515.031s][info ][gc] GC(49899) Pause Young (Allocation Failure) 29M->29M(41M) 13.204ms
[2020-08-10T13:09:35.502+0300][1515.045s][info ][gc] GC(49900) Pause Young (Allocation Failure) 30M->30M(41M) 13.374ms
[2020-08-10T13:09:35.516+0300][1515.059s][info ][gc] GC(49901) Pause Young (Allocation Failure) 30M->30M(41M) 13.354ms
[2020-08-10T13:09:35.530+0300][1515.073s][info ][gc] GC(49902) Pause Young (Allocation Failure) 31M->31M(41M) 13.584ms
[2020-08-10T13:09:35.544+0300][1515.087s][info ][gc] GC(49903) Pause Young (Allocation Failure) 31M->31M(41M) 13.482ms
[2020-08-10T13:09:35.558+0300][1515.101s][info ][gc] GC(49904) Pause Young (Allocation Failure) 31M->31M(41M) 13.432ms
[2020-08-10T13:09:35.572+0300][1515.115s][info ][gc] GC(49905) Pause Young (Allocation Failure) 32M->32M(41M) 13.471ms
[2020-08-10T13:09:35.586+0300][1515.129s][info ][gc] GC(49906) Pause Young (Allocation Failure) 32M->32M(41M) 13.501ms
[2020-08-10T13:09:35.600+0300][1515.143s][info ][gc] GC(49907) Pause Young (Allocation Failure) 33M->33M(41M) 13.486ms
[2020-08-10T13:09:35.614+0300][1515.157s][info ][gc] GC(49908) Pause Young (Allocation Failure) 33M->33M(41M) 13.454ms
[2020-08-10T13:09:35.628+0300][1515.171s][info ][gc] GC(49909) Pause Young (Allocation Failure) 34M->34M(41M) 13.480ms
[2020-08-10T13:09:35.642+0300][1515.185s][info ][gc] GC(49910) Pause Young (Allocation Failure) 34M->34M(41M) 13.503ms
[2020-08-10T13:09:35.656+0300][1515.199s][info ][gc] GC(49911) Pause Young (Allocation Failure) 35M->35M(41M) 13.445ms
[2020-08-10T13:09:35.670+0300][1515.213s][info ][gc] GC(49912) Pause Young (Allocation Failure) 35M->35M(41M) 13.493ms
[2020-08-10T13:09:35.684+0300][1515.227s][info ][gc] GC(49913) Pause Young (Allocation Failure) 36M->36M(41M) 13.506ms
[2020-08-10T13:09:35.698+0300][1515.241s][info ][gc] GC(49914) Pause Young (Allocation Failure) 36M->36M(41M) 13.472ms
[2020-08-10T13:09:35.712+0300][1515.255s][info ][gc] GC(49915) Pause Young (Allocation Failure) 37M->37M(41M) 13.449ms
[2020-08-10T13:09:35.726+0300][1515.269s][info ][gc] GC(49916) Pause Young (Allocation Failure) 37M->37M(41M) 13.479ms
[2020-08-10T13:09:35.740+0300][1515.283s][info ][gc] GC(49917) Pause Young (Allocation Failure) 38M->37M(41M) 13.522ms
[2020-08-10T13:09:35.754+0300][1515.297s][info ][gc] GC(49918) Pause Young (Allocation Failure) 38M->38M(41M) 13.430ms
[2020-08-10T13:09:35.768+0300][1515.311s][info ][gc] GC(49919) Pause Young (Allocation Failure) 38M->38M(41M) 13.410ms
[2020-08-10T13:09:35.782+0300][1515.325s][info ][gc] GC(49920) Pause Young (Allocation Failure) 39M->39M(41M) 13.354ms
[2020-08-10T13:09:35.796+0300][1515.339s][info ][gc] GC(49921) Pause Young (Allocation Failure) 40M->40M(41M) 13.744ms
[2020-08-10T13:09:35.873+0300][1515.416s][debug][gc] GC(49922) Expanding ParOldGen from 40960K by 10752K to 51712K
[2020-08-10T13:09:35.873+0300][1515.416s][info ][gc] GC(49922) Pause Full (Ergonomics) 40M->40M(52M) 76.563ms
[2020-08-10T13:09:35.892+0300][1515.435s][info ][gc] GC(49923) Pause Young (Allocation Failure) 41M->41M(52M) 18.505ms
[2020-08-10T13:09:35.906+0300][1515.450s][info ][gc] GC(49924) Pause Young (Allocation Failure) 42M->41M(52M) 13.979ms
[2020-08-10T13:09:35.921+0300][1515.464s][info ][gc] GC(49925) Pause Young (Allocation Failure) 42M->42M(53M) 14.057ms
[2020-08-10T13:09:35.936+0300][1515.479s][info ][gc] GC(49926) Pause Young (Allocation Failure) 43M->43M(53M) 14.121ms
[2020-08-10T13:09:35.950+0300][1515.494s][info ][gc] GC(49927) Pause Young (Allocation Failure) 44M->44M(53M) 14.079ms
[2020-08-10T13:09:35.965+0300][1515.508s][info ][gc] GC(49928) Pause Young (Allocation Failure) 45M->45M(53M) 14.008ms
[2020-08-10T13:09:35.980+0300][1515.523s][info ][gc] GC(49929) Pause Young (Allocation Failure) 46M->46M(53M) 14.044ms
[2020-08-10T13:09:35.995+0300][1515.538s][info ][gc] GC(49930) Pause Young (Allocation Failure) 47M->47M(53M) 13.966ms
[2020-08-10T13:09:36.009+0300][1515.552s][info ][gc] GC(49931) Pause Young (Allocation Failure) 48M->48M(53M) 13.876ms
[2020-08-10T13:09:36.024+0300][1515.567s][info ][gc] GC(49932) Pause Young (Allocation Failure) 49M->49M(53M) 14.112ms
[2020-08-10T13:09:36.039+0300][1515.582s][info ][gc] GC(49933) Pause Young (Allocation Failure) 50M->50M(53M) 14.096ms
[2020-08-10T13:09:36.143+0300][1515.687s][debug][gc] GC(49934) Expanding ParOldGen from 51712K by 11264K to 62976K
[2020-08-10T13:09:36.144+0300][1515.687s][info ][gc] GC(49934) Pause Full (Ergonomics) 50M->50M(64M) 104.763ms
[2020-08-10T13:09:36.158+0300][1515.701s][info ][gc] GC(49935) Pause Young (Allocation Failure) 51M->51M(64M) 13.504ms
[2020-08-10T13:09:36.172+0300][1515.715s][info ][gc] GC(49936) Pause Young (Allocation Failure) 52M->52M(64M) 14.054ms
[2020-08-10T13:09:36.187+0300][1515.730s][info ][gc] GC(49937) Pause Young (Allocation Failure) 53M->52M(64M) 14.041ms
[2020-08-10T13:09:36.202+0300][1515.745s][info ][gc] GC(49938) Pause Young (Allocation Failure) 53M->53M(64M) 14.001ms
[2020-08-10T13:09:36.216+0300][1515.759s][info ][gc] GC(49939) Pause Young (Allocation Failure) 54M->54M(64M) 14.096ms
[2020-08-10T13:09:36.231+0300][1515.774s][info ][gc] GC(49940) Pause Young (Allocation Failure) 55M->55M(64M) 14.013ms
[2020-08-10T13:09:36.245+0300][1515.789s][info ][gc] GC(49941) Pause Young (Allocation Failure) 56M->56M(64M) 14.016ms
[2020-08-10T13:09:36.260+0300][1515.803s][info ][gc] GC(49942) Pause Young (Allocation Failure) 57M->57M(64M) 14.034ms
[2020-08-10T13:09:36.275+0300][1515.818s][info ][gc] GC(49943) Pause Young (Allocation Failure) 58M->58M(64M) 13.931ms
[2020-08-10T13:09:36.289+0300][1515.832s][info ][gc] GC(49944) Pause Young (Allocation Failure) 59M->59M(64M) 13.967ms
[2020-08-10T13:09:36.304+0300][1515.847s][info ][gc] GC(49945) Pause Young (Allocation Failure) 60M->60M(64M) 14.079ms
[2020-08-10T13:09:36.318+0300][1515.862s][info ][gc] GC(49946) Pause Young (Allocation Failure) 61M->61M(64M) 14.091ms
[2020-08-10T13:09:36.455+0300][1515.998s][debug][gc] GC(49947) Expanding ParOldGen from 62976K by 11264K to 74240K
[2020-08-10T13:09:36.455+0300][1515.998s][info ][gc] GC(49947) Pause Full (Ergonomics) 61M->61M(75M) 136.110ms
[2020-08-10T13:09:36.469+0300][1516.012s][info ][gc] GC(49948) Pause Young (Allocation Failure) 62M->62M(75M) 13.535ms
[2020-08-10T13:09:36.483+0300][1516.027s][info ][gc] GC(49949) Pause Young (Allocation Failure) 63M->63M(75M) 13.906ms
[2020-08-10T13:09:36.498+0300][1516.041s][info ][gc] GC(49950) Pause Young (Allocation Failure) 64M->64M(75M) 13.968ms
[2020-08-10T13:09:36.512+0300][1516.055s][info ][gc] GC(49951) Pause Young (Allocation Failure) 65M->64M(75M) 13.694ms
[2020-08-10T13:09:36.526+0300][1516.070s][info ][gc] GC(49952) Pause Young (Allocation Failure) 65M->65M(75M) 13.917ms
[2020-08-10T13:09:36.541+0300][1516.084s][info ][gc] GC(49953) Pause Young (Allocation Failure) 66M->66M(75M) 14.075ms
[2020-08-10T13:09:36.556+0300][1516.099s][info ][gc] GC(49954) Pause Young (Allocation Failure) 67M->67M(75M) 14.045ms
[2020-08-10T13:09:36.570+0300][1516.113s][info ][gc] GC(49955) Pause Young (Allocation Failure) 68M->68M(75M) 13.859ms
[2020-08-10T13:09:36.596+0300][1516.139s][info ][gc] GC(49956) Pause Young (Allocation Failure) 69M->69M(75M) 24.997ms
[2020-08-10T13:09:36.610+0300][1516.153s][info ][gc] GC(49957) Pause Young (Allocation Failure) 70M->70M(75M) 14.128ms
[2020-08-10T13:09:36.625+0300][1516.168s][info ][gc] GC(49958) Pause Young (Allocation Failure) 71M->71M(75M) 14.192ms
[2020-08-10T13:09:36.640+0300][1516.183s][info ][gc] GC(49959) Pause Young (Allocation Failure) 72M->72M(75M) 14.119ms
[2020-08-10T13:09:36.823+0300][1516.367s][debug][gc] GC(49960) Expanding ParOldGen from 74240K by 11776K to 86016K
[2020-08-10T13:09:36.823+0300][1516.367s][info ][gc] GC(49960) Pause Full (Ergonomics) 72M->72M(86M) 183.471ms
[2020-08-10T13:09:36.838+0300][1516.381s][info ][gc] GC(49961) Pause Young (Allocation Failure) 73M->73M(86M) 13.590ms
[2020-08-10T13:09:36.852+0300][1516.396s][info ][gc] GC(49962) Pause Young (Allocation Failure) 74M->74M(86M) 14.067ms
[2020-08-10T13:09:36.867+0300][1516.410s][info ][gc] GC(49963) Pause Young (Allocation Failure) 75M->75M(86M) 14.067ms
[2020-08-10T13:09:36.882+0300][1516.425s][info ][gc] GC(49964) Pause Young (Allocation Failure) 76M->76M(86M) 14.074ms
[2020-08-10T13:09:36.896+0300][1516.440s][info ][gc] GC(49965) Pause Young (Allocation Failure) 77M->77M(86M) 14.102ms
[2020-08-10T13:09:36.911+0300][1516.454s][info ][gc] GC(49966) Pause Young (Allocation Failure) 78M->78M(86M) 14.156ms
[2020-08-10T13:09:36.926+0300][1516.469s][info ][gc] GC(49967) Pause Young (Allocation Failure) 79M->79M(86M) 14.125ms
[2020-08-10T13:09:36.941+0300][1516.484s][info ][gc] GC(49968) Pause Young (Allocation Failure) 80M->80M(86M) 14.142ms
[2020-08-10T13:09:36.956+0300][1516.499s][info ][gc] GC(49969) Pause Young (Allocation Failure) 81M->81M(86M) 14.175ms
[2020-08-10T13:09:36.970+0300][1516.514s][info ][gc] GC(49970) Pause Young (Allocation Failure) 82M->81M(86M) 14.085ms
[2020-08-10T13:09:36.985+0300][1516.528s][info ][gc] GC(49971) Pause Young (Allocation Failure) 82M->82M(86M) 14.158ms
[2020-08-10T13:09:37.000+0300][1516.543s][info ][gc] GC(49972) Pause Young (Allocation Failure) 83M->83M(86M) 14.211ms
[2020-08-10T13:09:37.201+0300][1516.745s][debug][gc] GC(49973) Expanding ParOldGen from 86016K by 11264K to 97280K
[2020-08-10T13:09:37.201+0300][1516.745s][info ][gc] GC(49973) Pause Full (Ergonomics) 83M->83M(97M) 201.328ms
[2020-08-10T13:09:37.216+0300][1516.759s][info ][gc] GC(49974) Pause Young (Allocation Failure) 84M->84M(97M) 13.661ms
[2020-08-10T13:09:37.231+0300][1516.774s][info ][gc] GC(49975) Pause Young (Allocation Failure) 85M->85M(97M) 14.592ms
[2020-08-10T13:09:37.246+0300][1516.789s][info ][gc] GC(49976) Pause Young (Allocation Failure) 86M->86M(97M) 14.436ms
[2020-08-10T13:09:37.261+0300][1516.805s][info ][gc] GC(49977) Pause Young (Allocation Failure) 87M->87M(97M) 14.614ms
[2020-08-10T13:09:37.276+0300][1516.820s][info ][gc] GC(49978) Pause Young (Allocation Failure) 88M->88M(97M) 14.533ms
[2020-08-10T13:09:37.292+0300][1516.835s][info ][gc] GC(49979) Pause Young (Allocation Failure) 89M->89M(97M) 15.051ms
[2020-08-10T13:09:37.308+0300][1516.851s][info ][gc] GC(49980) Pause Young (Allocation Failure) 90M->90M(97M) 15.196ms
[2020-08-10T13:09:37.324+0300][1516.867s][info ][gc] GC(49981) Pause Young (Allocation Failure) 91M->91M(97M) 15.035ms
[2020-08-10T13:09:37.339+0300][1516.882s][info ][gc] GC(49982) Pause Young (Allocation Failure) 92M->92M(97M) 14.903ms
[2020-08-10T13:09:37.355+0300][1516.898s][info ][gc] GC(49983) Pause Young (Allocation Failure) 93M->93M(97M) 15.016ms
[2020-08-10T13:09:37.371+0300][1516.914s][info ][gc] GC(49984) Pause Young (Allocation Failure) 94M->94M(97M) 15.222ms
[2020-08-10T13:09:37.387+0300][1516.930s][info ][gc] GC(49985) Pause Young (Allocation Failure) 95M->95M(97M) 15.466ms
[2020-08-10T13:09:37.630+0300][1517.173s][debug][gc] GC(49986) Expanding ParOldGen from 97280K by 11264K to 108544K
[2020-08-10T13:09:37.630+0300][1517.173s][info ][gc] GC(49986) Pause Full (Ergonomics) 95M->95M(108M) 242.868ms
[2020-08-10T13:09:37.665+0300][1517.208s][info ][gc] GC(49987) Pause Young (Allocation Failure) 96M->95M(108M) 34.666ms
[2020-08-10T13:09:37.681+0300][1517.225s][info ][gc] GC(49988) Pause Young (Allocation Failure) 96M->96M(108M) 15.724ms
[2020-08-10T13:09:37.698+0300][1517.241s][info ][gc] GC(49989) Pause Young (Allocation Failure) 97M->97M(108M) 16.048ms
[2020-08-10T13:09:37.714+0300][1517.258s][info ][gc] GC(49990) Pause Young (Allocation Failure) 98M->98M(108M) 15.905ms
[2020-08-10T13:09:37.731+0300][1517.274s][info ][gc] GC(49991) Pause Young (Allocation Failure) 99M->99M(108M) 15.947ms
[2020-08-10T13:09:37.748+0300][1517.291s][info ][gc] GC(49992) Pause Young (Allocation Failure) 100M->100M(108M) 16.164ms
[2020-08-10T13:09:37.765+0300][1517.308s][info ][gc] GC(49993) Pause Young (Allocation Failure) 101M->101M(108M) 16.053ms
[2020-08-10T13:09:37.782+0300][1517.325s][info ][gc] GC(49994) Pause Young (Allocation Failure) 102M->102M(108M) 16.448ms
[2020-08-10T13:09:37.799+0300][1517.342s][info ][gc] GC(49995) Pause Young (Allocation Failure) 103M->103M(108M) 16.369ms
[2020-08-10T13:09:37.816+0300][1517.359s][info ][gc] GC(49996) Pause Young (Allocation Failure) 104M->104M(107M) 16.681ms
[2020-08-10T13:09:37.831+0300][1517.375s][info ][gc] GC(49997) Pause Young (Allocation Failure) 105M->105M(108M) 14.976ms
[2020-08-10T13:09:37.849+0300][1517.392s][info ][gc] GC(49998) Pause Young (Allocation Failure) 106M->106M(108M) 16.606ms
[2020-08-10T13:09:38.116+0300][1517.659s][debug][gc] GC(49999) Expanding ParOldGen from 108544K by 11776K to 120320K
[2020-08-10T13:09:38.116+0300][1517.659s][info ][gc] GC(49999) Pause Full (Ergonomics) 106M->106M(120M) 267.067ms
[2020-08-10T13:09:38.176+0300][1517.719s][info ][gc] GC(50000) Pause Young (Allocation Failure) 107M->107M(120M) 59.215ms
[2020-08-10T13:09:38.193+0300][1517.736s][info ][gc] GC(50001) Pause Young (Allocation Failure) 108M->108M(120M) 16.701ms
[2020-08-10T13:09:38.210+0300][1517.754s][info ][gc] GC(50002) Pause Young (Allocation Failure) 109M->109M(120M) 16.879ms
[2020-08-10T13:09:38.228+0300][1517.771s][info ][gc] GC(50003) Pause Young (Allocation Failure) 110M->110M(120M) 16.971ms
[2020-08-10T13:09:38.246+0300][1517.789s][info ][gc] GC(50004) Pause Young (Allocation Failure) 111M->111M(120M) 17.102ms
[2020-08-10T13:09:38.264+0300][1517.807s][info ][gc] GC(50005) Pause Young (Allocation Failure) 112M->112M(120M) 17.188ms
[2020-08-10T13:09:38.282+0300][1517.825s][info ][gc] GC(50006) Pause Young (Allocation Failure) 113M->112M(120M) 17.349ms
[2020-08-10T13:09:38.300+0300][1517.843s][info ][gc] GC(50007) Pause Young (Allocation Failure) 113M->113M(120M) 17.421ms
[2020-08-10T13:09:38.318+0300][1517.861s][info ][gc] GC(50008) Pause Young (Allocation Failure) 114M->114M(120M) 17.300ms
[2020-08-10T13:09:38.335+0300][1517.879s][info ][gc] GC(50009) Pause Young (Allocation Failure) 115M->115M(120M) 17.195ms
[2020-08-10T13:09:38.353+0300][1517.897s][info ][gc] GC(50010) Pause Young (Allocation Failure) 116M->116M(120M) 17.555ms
[2020-08-10T13:09:38.372+0300][1517.915s][info ][gc] GC(50011) Pause Young (Allocation Failure) 117M->117M(120M) 17.866ms
[2020-08-10T13:09:38.664+0300][1518.208s][debug][gc] GC(50012) Expanding ParOldGen from 120320K by 11264K to 131584K
[2020-08-10T13:09:38.665+0300][1518.208s][info ][gc] GC(50012) Pause Full (Ergonomics) 117M->117M(131M) 292.930ms
[2020-08-10T13:09:38.698+0300][1518.241s][info ][gc] GC(50013) Pause Young (Allocation Failure) 118M->118M(131M) 32.399ms
[2020-08-10T13:09:38.716+0300][1518.259s][info ][gc] GC(50014) Pause Young (Allocation Failure) 119M->119M(131M) 17.614ms
[2020-08-10T13:09:38.735+0300][1518.278s][info ][gc] GC(50015) Pause Young (Allocation Failure) 120M->120M(131M) 18.250ms
[2020-08-10T13:09:38.753+0300][1518.297s][info ][gc] GC(50016) Pause Young (Allocation Failure) 121M->121M(131M) 18.215ms
[2020-08-10T13:09:38.772+0300][1518.316s][info ][gc] GC(50017) Pause Young (Allocation Failure) 122M->122M(131M) 18.233ms
[2020-08-10T13:09:38.818+0300][1518.362s][info ][gc] GC(50018) Pause Young (Allocation Failure) 123M->123M(131M) 45.757ms
[2020-08-10T13:09:38.837+0300][1518.381s][info ][gc] GC(50019) Pause Young (Allocation Failure) 124M->124M(131M) 18.344ms
[2020-08-10T13:09:38.857+0300][1518.400s][info ][gc] GC(50020) Pause Young (Allocation Failure) 125M->125M(131M) 19.042ms
[2020-08-10T13:09:38.876+0300][1518.420s][info ][gc] GC(50021) Pause Young (Allocation Failure) 126M->126M(131M) 18.806ms
[2020-08-10T13:09:38.895+0300][1518.439s][info ][gc] GC(50022) Pause Young (Allocation Failure) 127M->127M(131M) 18.576ms
[2020-08-10T13:09:38.948+0300][1518.491s][info ][gc] GC(50023) Pause Young (Allocation Failure) 128M->128M(131M) 52.090ms
[2020-08-10T13:09:38.981+0300][1518.524s][info ][gc] GC(50024) Pause Young (Allocation Failure) 129M->129M(131M) 32.200ms
[2020-08-10T13:09:39.324+0300][1518.867s][debug][gc] GC(50025) Expanding ParOldGen from 131584K by 11776K to 143360K
[2020-08-10T13:09:39.324+0300][1518.868s][info ][gc] GC(50025) Pause Full (Ergonomics) 129M->128M(142M) 343.188ms
[2020-08-10T13:09:39.362+0300][1518.905s][info ][gc] GC(50026) Pause Young (Allocation Failure) 129M->129M(142M) 37.273ms
[2020-08-10T13:09:39.381+0300][1518.925s][info ][gc] GC(50027) Pause Young (Allocation Failure) 130M->130M(142M) 18.977ms
[2020-08-10T13:09:39.401+0300][1518.944s][info ][gc] GC(50028) Pause Young (Allocation Failure) 131M->131M(142M) 18.860ms
[2020-08-10T13:09:39.420+0300][1518.963s][info ][gc] GC(50029) Pause Young (Allocation Failure) 132M->132M(142M) 19.025ms
[2020-08-10T13:09:39.440+0300][1518.984s][info ][gc] GC(50030) Pause Young (Allocation Failure) 133M->133M(142M) 19.637ms
[2020-08-10T13:09:39.459+0300][1519.003s][info ][gc] GC(50031) Pause Young (Allocation Failure) 134M->134M(142M) 18.940ms
[2020-08-10T13:09:39.479+0300][1519.023s][info ][gc] GC(50032) Pause Young (Allocation Failure) 135M->135M(142M) 19.203ms
[2020-08-10T13:09:39.479+0300][1519.023s][debug][gc] Expanding ParOldGen from 143360K by 19968K to 163328K
[2020-08-10T13:09:39.517+0300][1519.061s][info ][gc] GC(50033) Pause Young (Allocation Failure) 155M->155M(162M) 30.008ms
[2020-08-10T13:09:39.545+0300][1519.089s][info ][gc] GC(50034) Pause Young (Allocation Failure) 156M->156M(162M) 27.529ms
[2020-08-10T13:09:39.573+0300][1519.116s][info ][gc] GC(50035) Pause Young (Allocation Failure) 157M->157M(162M) 26.938ms
[2020-08-10T13:09:39.621+0300][1519.164s][info ][gc] GC(50036) Pause Young (Allocation Failure) 158M->158M(162M) 47.857ms
[2020-08-10T13:09:39.649+0300][1519.192s][info ][gc] GC(50037) Pause Young (Allocation Failure) 159M->159M(162M) 27.303ms
[2020-08-10T13:09:39.724+0300][1519.268s][debug][gc] GC(50038) Shrinking ParOldGen from 163328K by 125440K to 37888K
[2020-08-10T13:09:39.724+0300][1519.268s][info ][gc] GC(50038) Pause Full (Ergonomics) 159M->25M(39M) 75.435ms
[2020-08-10T13:09:39.754+0300][1519.298s][info ][gc] GC(50039) Pause Young (Allocation Failure) 26M->26M(39M) 29.018ms
[2020-08-10T13:09:39.769+0300][1519.312s][info ][gc] GC(50040) Pause Young (Allocation Failure) 27M->27M(39M) 13.756ms
[2020-08-10T13:09:39.783+0300][1519.327s][info ][gc] GC(50041) Pause Young (Allocation Failure) 28M->28M(39M) 14.107ms
[2020-08-10T13:09:39.798+0300][1519.341s][info ][gc] GC(50042) Pause Young (Allocation Failure) 29M->29M(39M) 13.927ms
[2020-08-10T13:09:39.812+0300][1519.356s][info ][gc] GC(50043) Pause Young (Allocation Failure) 30M->30M(39M) 13.971ms
[2020-08-10T13:09:39.827+0300][1519.370s][info ][gc] GC(50044) Pause Young (Allocation Failure) 31M->31M(39M) 13.941ms
[2020-08-10T13:09:39.841+0300][1519.385s][info ][gc] GC(50045) Pause Young (Allocation Failure) 32M->32M(39M) 13.956ms
[2020-08-10T13:09:39.856+0300][1519.399s][info ][gc] GC(50046) Pause Young (Allocation Failure) 33M->33M(39M) 14.074ms
[2020-08-10T13:09:39.871+0300][1519.414s][info ][gc] GC(50047) Pause Young (Allocation Failure) 34M->34M(39M) 14.084ms
[2020-08-10T13:09:39.885+0300][1519.429s][info ][gc] GC(50048) Pause Young (Allocation Failure) 35M->35M(39M) 14.009ms
[2020-08-10T13:09:39.900+0300][1519.443s][info ][gc] GC(50049) Pause Young (Allocation Failure) 36M->36M(39M) 13.928ms
[2020-08-10T13:09:39.914+0300][1519.458s][info ][gc] GC(50050) Pause Young (Allocation Failure) 37M->37M(39M) 13.925ms
[2020-08-10T13:09:39.981+0300][1519.524s][debug][gc] GC(50051) Expanding ParOldGen from 37888K by 11264K to 49152K
[2020-08-10T13:09:39.981+0300][1519.525s][info ][gc] GC(50051) Pause Full (Ergonomics) 37M->37M(50M) 66.509ms
[2020-08-10T13:09:40.000+0300][1519.543s][info ][gc] GC(50052) Pause Young (Allocation Failure) 38M->37M(50M) 17.776ms
[2020-08-10T13:09:40.014+0300][1519.558s][info ][gc] GC(50053) Pause Young (Allocation Failure) 38M->38M(50M) 14.097ms
[2020-08-10T13:09:40.029+0300][1519.572s][info ][gc] GC(50054) Pause Young (Allocation Failure) 39M->39M(50M) 13.820ms
[2020-08-10T13:09:40.044+0300][1519.587s][info ][gc] GC(50055) Pause Young (Allocation Failure) 40M->40M(50M) 14.167ms
[2020-08-10T13:09:40.058+0300][1519.601s][info ][gc] GC(50056) Pause Young (Allocation Failure) 41M->41M(49M) 13.852ms
[2020-08-10T13:09:40.072+0300][1519.616s][info ][gc] GC(50057) Pause Young (Allocation Failure) 42M->42M(50M) 13.885ms
[2020-08-10T13:09:40.087+0300][1519.630s][info ][gc] GC(50058) Pause Young (Allocation Failure) 43M->43M(50M) 14.136ms
[2020-08-10T13:09:40.102+0300][1519.645s][info ][gc] GC(50059) Pause Young (Allocation Failure) 44M->44M(50M) 14.048ms
[2020-08-10T13:09:40.116+0300][1519.660s][info ][gc] GC(50060) Pause Young (Allocation Failure) 45M->45M(50M) 14.057ms
[2020-08-10T13:09:40.131+0300][1519.674s][info ][gc] GC(50061) Pause Young (Allocation Failure) 46M->46M(50M) 14.027ms
[2020-08-10T13:09:40.146+0300][1519.689s][info ][gc] GC(50062) Pause Young (Allocation Failure) 47M->47M(50M) 14.113ms
[2020-08-10T13:09:40.160+0300][1519.704s][info ][gc] GC(50063) Pause Young (Allocation Failure) 48M->48M(50M) 14.106ms
[2020-08-10T13:09:40.264+0300][1519.807s][debug][gc] GC(50064) Expanding ParOldGen from 49152K by 11776K to 60928K
[2020-08-10T13:09:40.264+0300][1519.808s][info ][gc] GC(50064) Pause Full (Ergonomics) 48M->48M(62M) 103.514ms
[2020-08-10T13:09:40.285+0300][1519.829s][info ][gc] GC(50065) Pause Young (Allocation Failure) 49M->49M(62M) 20.501ms
[2020-08-10T13:09:40.300+0300][1519.843s][info ][gc] GC(50066) Pause Young (Allocation Failure) 50M->50M(62M) 14.234ms
[2020-08-10T13:09:40.315+0300][1519.858s][info ][gc] GC(50067) Pause Young (Allocation Failure) 51M->51M(62M) 14.137ms
[2020-08-10T13:09:40.329+0300][1519.873s][info ][gc] GC(50068) Pause Young (Allocation Failure) 52M->52M(62M) 14.123ms
[2020-08-10T13:09:40.344+0300][1519.888s][info ][gc] GC(50069) Pause Young (Allocation Failure) 53M->53M(62M) 14.148ms
[2020-08-10T13:09:40.359+0300][1519.903s][info ][gc] GC(50070) Pause Young (Allocation Failure) 54M->54M(62M) 14.236ms
[2020-08-10T13:09:40.374+0300][1519.917s][info ][gc] GC(50071) Pause Young (Allocation Failure) 55M->54M(62M) 14.102ms
[2020-08-10T13:09:40.389+0300][1519.932s][info ][gc] GC(50072) Pause Young (Allocation Failure) 55M->55M(62M) 14.486ms
[2020-08-10T13:09:40.404+0300][1519.947s][info ][gc] GC(50073) Pause Young (Allocation Failure) 56M->56M(62M) 14.357ms
[2020-08-10T13:09:40.419+0300][1519.962s][info ][gc] GC(50074) Pause Young (Allocation Failure) 57M->57M(62M) 14.245ms
[2020-08-10T13:09:40.434+0300][1519.977s][info ][gc] GC(50075) Pause Young (Allocation Failure) 58M->58M(62M) 14.361ms
[2020-08-10T13:09:40.449+0300][1519.992s][info ][gc] GC(50076) Pause Young (Allocation Failure) 59M->59M(62M) 14.338ms
[2020-08-10T13:09:40.580+0300][1520.123s][debug][gc] GC(50077) Expanding ParOldGen from 60928K by 11264K to 72192K
[2020-08-10T13:09:40.580+0300][1520.123s][info ][gc] GC(50077) Pause Full (Ergonomics) 59M->59M(73M) 131.172ms
[2020-08-10T13:09:40.607+0300][1520.150s][info ][gc] GC(50078) Pause Young (Allocation Failure) 60M->60M(73M) 26.384ms
[2020-08-10T13:09:40.622+0300][1520.165s][info ][gc] GC(50079) Pause Young (Allocation Failure) 61M->61M(73M) 14.205ms
[2020-08-10T13:09:40.637+0300][1520.180s][info ][gc] GC(50080) Pause Young (Allocation Failure) 62M->62M(73M) 14.225ms
[2020-08-10T13:09:40.651+0300][1520.195s][info ][gc] GC(50081) Pause Young (Allocation Failure) 63M->63M(73M) 14.265ms
[2020-08-10T13:09:40.666+0300][1520.210s][info ][gc] GC(50082) Pause Young (Allocation Failure) 64M->64M(73M) 14.273ms
[2020-08-10T13:09:40.681+0300][1520.225s][info ][gc] GC(50083) Pause Young (Allocation Failure) 65M->65M(73M) 14.253ms
[2020-08-10T13:09:40.696+0300][1520.239s][info ][gc] GC(50084) Pause Young (Allocation Failure) 66M->66M(73M) 14.173ms
[2020-08-10T13:09:40.711+0300][1520.254s][info ][gc] GC(50085) Pause Young (Allocation Failure) 67M->67M(73M) 14.311ms
[2020-08-10T13:09:40.725+0300][1520.269s][info ][gc] GC(50086) Pause Young (Allocation Failure) 68M->68M(73M) 14.117ms
[2020-08-10T13:09:40.740+0300][1520.283s][info ][gc] GC(50087) Pause Young (Allocation Failure) 69M->69M(73M) 14.060ms
[2020-08-10T13:09:40.754+0300][1520.298s][info ][gc] GC(50088) Pause Young (Allocation Failure) 70M->70M(73M) 14.201ms
[2020-08-10T13:09:40.769+0300][1520.313s][info ][gc] GC(50089) Pause Young (Allocation Failure) 71M->71M(73M) 14.246ms
[2020-08-10T13:09:40.931+0300][1520.474s][debug][gc] GC(50090) Expanding ParOldGen from 72192K by 11776K to 83968K
[2020-08-10T13:09:40.931+0300][1520.475s][info ][gc] GC(50090) Pause Full (Ergonomics) 71M->70M(84M) 161.594ms
[2020-08-10T13:09:40.961+0300][1520.504s][info ][gc] GC(50091) Pause Young (Allocation Failure) 71M->71M(84M) 29.356ms
[2020-08-10T13:09:40.976+0300][1520.519s][info ][gc] GC(50092) Pause Young (Allocation Failure) 72M->72M(84M) 14.117ms
[2020-08-10T13:09:40.991+0300][1520.534s][info ][gc] GC(50093) Pause Young (Allocation Failure) 73M->73M(84M) 14.390ms
[2020-08-10T13:09:41.006+0300][1520.549s][info ][gc] GC(50094) Pause Young (Allocation Failure) 74M->74M(84M) 14.390ms
[2020-08-10T13:09:41.021+0300][1520.564s][info ][gc] GC(50095) Pause Young (Allocation Failure) 75M->75M(84M) 14.446ms
[2020-08-10T13:09:41.036+0300][1520.579s][info ][gc] GC(50096) Pause Young (Allocation Failure) 76M->76M(84M) 14.430ms
[2020-08-10T13:09:41.051+0300][1520.594s][info ][gc] GC(50097) Pause Young (Allocation Failure) 77M->77M(83M) 14.500ms
[2020-08-10T13:09:41.065+0300][1520.609s][info ][gc] GC(50098) Pause Young (Allocation Failure) 78M->78M(84M) 14.100ms
[2020-08-10T13:09:41.080+0300][1520.624s][info ][gc] GC(50099) Pause Young (Allocation Failure) 79M->79M(84M) 14.228ms
[2020-08-10T13:09:41.095+0300][1520.639s][info ][gc] GC(50100) Pause Young (Allocation Failure) 80M->80M(84M) 14.326ms
[2020-08-10T13:09:41.110+0300][1520.654s][info ][gc] GC(50101) Pause Young (Allocation Failure) 81M->81M(84M) 14.373ms
[2020-08-10T13:09:41.125+0300][1520.669s][info ][gc] GC(50102) Pause Young (Allocation Failure) 82M->82M(84M) 14.476ms
[2020-08-10T13:09:41.314+0300][1520.857s][debug][gc] GC(50103) Expanding ParOldGen from 83968K by 11264K to 95232K
[2020-08-10T13:09:41.314+0300][1520.858s][info ][gc] GC(50103) Pause Full (Ergonomics) 82M->82M(95M) 188.478ms
[2020-08-10T13:09:41.364+0300][1520.908s][info ][gc] GC(50104) Pause Young (Allocation Failure) 83M->83M(95M) 49.707ms
[2020-08-10T13:09:41.380+0300][1520.923s][info ][gc] GC(50105) Pause Young (Allocation Failure) 84M->84M(95M) 14.700ms
[2020-08-10T13:09:41.396+0300][1520.939s][info ][gc] GC(50106) Pause Young (Allocation Failure) 85M->85M(95M) 14.987ms
[2020-08-10T13:09:41.411+0300][1520.955s][info ][gc] GC(50107) Pause Young (Allocation Failure) 86M->85M(95M) 15.217ms
[2020-08-10T13:09:41.427+0300][1520.970s][info ][gc] GC(50108) Pause Young (Allocation Failure) 86M->86M(95M) 14.824ms
[2020-08-10T13:09:41.442+0300][1520.986s][info ][gc] GC(50109) Pause Young (Allocation Failure) 87M->87M(95M) 14.882ms
[2020-08-10T13:09:41.458+0300][1521.001s][info ][gc] GC(50110) Pause Young (Allocation Failure) 88M->88M(95M) 15.067ms
[2020-08-10T13:09:41.474+0300][1521.017s][info ][gc] GC(50111) Pause Young (Allocation Failure) 89M->89M(95M) 15.038ms
[2020-08-10T13:09:41.489+0300][1521.033s][info ][gc] GC(50112) Pause Young (Allocation Failure) 90M->90M(95M) 15.182ms
[2020-08-10T13:09:41.505+0300][1521.049s][info ][gc] GC(50113) Pause Young (Allocation Failure) 91M->91M(95M) 15.205ms
[2020-08-10T13:09:41.521+0300][1521.064s][info ][gc] GC(50114) Pause Young (Allocation Failure) 92M->92M(95M) 15.234ms
[2020-08-10T13:09:41.537+0300][1521.081s][info ][gc] GC(50115) Pause Young (Allocation Failure) 93M->93M(95M) 15.584ms
[2020-08-10T13:09:41.765+0300][1521.309s][debug][gc] GC(50116) Expanding ParOldGen from 95232K by 11264K to 106496K
[2020-08-10T13:09:41.765+0300][1521.309s][info ][gc] GC(50116) Pause Full (Ergonomics) 93M->93M(106M) 227.821ms
[2020-08-10T13:09:41.801+0300][1521.345s][info ][gc] GC(50117) Pause Young (Allocation Failure) 94M->94M(106M) 35.352ms
[2020-08-10T13:09:41.817+0300][1521.361s][info ][gc] GC(50118) Pause Young (Allocation Failure) 95M->95M(106M) 15.665ms
[2020-08-10T13:09:41.834+0300][1521.377s][info ][gc] GC(50119) Pause Young (Allocation Failure) 96M->96M(106M) 15.597ms
[2020-08-10T13:09:41.850+0300][1521.393s][info ][gc] GC(50120) Pause Young (Allocation Failure) 97M->97M(106M) 15.605ms
[2020-08-10T13:09:41.866+0300][1521.410s][info ][gc] GC(50121) Pause Young (Allocation Failure) 98M->98M(106M) 15.831ms
[2020-08-10T13:09:41.883+0300][1521.426s][info ][gc] GC(50122) Pause Young (Allocation Failure) 99M->99M(106M) 15.916ms
[2020-08-10T13:09:41.899+0300][1521.443s][info ][gc] GC(50123) Pause Young (Allocation Failure) 100M->100M(106M) 16.020ms
[2020-08-10T13:09:41.916+0300][1521.460s][info ][gc] GC(50124) Pause Young (Allocation Failure) 101M->101M(106M) 16.212ms
[2020-08-10T13:09:41.933+0300][1521.477s][info ][gc] GC(50125) Pause Young (Allocation Failure) 102M->102M(106M) 16.394ms
[2020-08-10T13:09:41.950+0300][1521.494s][info ][gc] GC(50126) Pause Young (Allocation Failure) 103M->102M(106M) 16.402ms
[2020-08-10T13:09:41.967+0300][1521.510s][info ][gc] GC(50127) Pause Young (Allocation Failure) 103M->103M(106M) 16.304ms
[2020-08-10T13:09:42.226+0300][1521.769s][debug][gc] GC(50128) Expanding ParOldGen from 106496K by 11264K to 117760K
[2020-08-10T13:09:42.226+0300][1521.769s][info ][gc] GC(50128) Pause Full (Ergonomics) 103M->103M(117M) 258.659ms
[2020-08-10T13:09:42.240+0300][1521.784s][info ][gc] GC(50129) Pause Young (Allocation Failure) 104M->104M(117M) 13.779ms
[2020-08-10T13:09:42.257+0300][1521.800s][info ][gc] GC(50130) Pause Young (Allocation Failure) 105M->105M(117M) 16.014ms
[2020-08-10T13:09:42.274+0300][1521.817s][info ][gc] GC(50131) Pause Young (Allocation Failure) 106M->106M(117M) 16.236ms
[2020-08-10T13:09:42.290+0300][1521.834s][info ][gc] GC(50132) Pause Young (Allocation Failure) 107M->107M(117M) 16.309ms
[2020-08-10T13:09:42.308+0300][1521.851s][info ][gc] GC(50133) Pause Young (Allocation Failure) 108M->108M(117M) 16.520ms
[2020-08-10T13:09:42.325+0300][1521.868s][info ][gc] GC(50134) Pause Young (Allocation Failure) 109M->109M(117M) 16.670ms
[2020-08-10T13:09:42.342+0300][1521.886s][info ][gc] GC(50135) Pause Young (Allocation Failure) 110M->110M(117M) 16.772ms
[2020-08-10T13:09:42.360+0300][1521.903s][info ][gc] GC(50136) Pause Young (Allocation Failure) 111M->111M(117M) 16.834ms
[2020-08-10T13:09:42.377+0300][1521.921s][info ][gc] GC(50137) Pause Young (Allocation Failure) 112M->112M(117M) 16.813ms
[2020-08-10T13:09:42.394+0300][1521.938s][info ][gc] GC(50138) Pause Young (Allocation Failure) 113M->113M(117M) 16.834ms
[2020-08-10T13:09:42.412+0300][1521.955s][info ][gc] GC(50139) Pause Young (Allocation Failure) 114M->114M(117M) 16.730ms
[2020-08-10T13:09:42.429+0300][1521.972s][info ][gc] GC(50140) Pause Young (Allocation Failure) 115M->115M(117M) 16.654ms
[2020-08-10T13:09:42.723+0300][1522.266s][debug][gc] GC(50141) Expanding ParOldGen from 117760K by 11264K to 129024K
[2020-08-10T13:09:42.723+0300][1522.267s][info ][gc] GC(50141) Pause Full (Ergonomics) 115M->115M(128M) 294.080ms
[2020-08-10T13:09:42.756+0300][1522.300s][info ][gc] GC(50142) Pause Young (Allocation Failure) 116M->116M(128M) 32.916ms
[2020-08-10T13:09:42.775+0300][1522.318s][info ][gc] GC(50143) Pause Young (Allocation Failure) 117M->117M(128M) 17.812ms
[2020-08-10T13:09:42.793+0300][1522.337s][info ][gc] GC(50144) Pause Young (Allocation Failure) 118M->117M(128M) 17.951ms
[2020-08-10T13:09:42.811+0300][1522.355s][info ][gc] GC(50145) Pause Young (Allocation Failure) 118M->118M(128M) 17.699ms
[2020-08-10T13:09:42.830+0300][1522.373s][info ][gc] GC(50146) Pause Young (Allocation Failure) 119M->119M(128M) 17.925ms
[2020-08-10T13:09:42.849+0300][1522.392s][info ][gc] GC(50147) Pause Young (Allocation Failure) 120M->120M(128M) 18.336ms
[2020-08-10T13:09:42.867+0300][1522.411s][info ][gc] GC(50148) Pause Young (Allocation Failure) 121M->121M(128M) 17.960ms
[2020-08-10T13:09:42.886+0300][1522.430s][info ][gc] GC(50149) Pause Young (Allocation Failure) 122M->122M(128M) 18.496ms
[2020-08-10T13:09:42.905+0300][1522.449s][info ][gc] GC(50150) Pause Young (Allocation Failure) 123M->123M(128M) 18.550ms
[2020-08-10T13:09:42.924+0300][1522.468s][info ][gc] GC(50151) Pause Young (Allocation Failure) 124M->124M(128M) 18.052ms
[2020-08-10T13:09:42.974+0300][1522.518s][info ][gc] GC(50152) Pause Young (Allocation Failure) 125M->125M(128M) 49.775ms
[2020-08-10T13:09:42.993+0300][1522.537s][info ][gc] GC(50153) Pause Young (Allocation Failure) 126M->126M(128M) 18.844ms
[2020-08-10T13:09:43.334+0300][1522.877s][debug][gc] GC(50154) Expanding ParOldGen from 129024K by 11776K to 140800K
[2020-08-10T13:09:43.334+0300][1522.877s][info ][gc] GC(50154) Pause Full (Ergonomics) 126M->126M(140M) 340.164ms
[2020-08-10T13:09:43.367+0300][1522.911s][info ][gc] GC(50155) Pause Young (Allocation Failure) 127M->127M(140M) 32.685ms
[2020-08-10T13:09:43.385+0300][1522.929s][info ][gc] GC(50156) Pause Young (Allocation Failure) 128M->128M(140M) 17.671ms
[2020-08-10T13:09:43.404+0300][1522.947s][info ][gc] GC(50157) Pause Young (Allocation Failure) 129M->129M(140M) 17.987ms
[2020-08-10T13:09:43.422+0300][1522.966s][info ][gc] GC(50158) Pause Young (Allocation Failure) 130M->130M(140M) 18.152ms
[2020-08-10T13:09:43.441+0300][1522.984s][info ][gc] GC(50159) Pause Young (Allocation Failure) 131M->131M(140M) 17.810ms
[2020-08-10T13:09:43.460+0300][1523.003s][info ][gc] GC(50160) Pause Young (Allocation Failure) 132M->132M(140M) 18.606ms
[2020-08-10T13:09:43.479+0300][1523.023s][info ][gc] GC(50161) Pause Young (Allocation Failure) 133M->133M(140M) 18.670ms
[2020-08-10T13:09:43.498+0300][1523.041s][info ][gc] GC(50162) Pause Young (Allocation Failure) 134M->134M(140M) 18.225ms
[2020-08-10T13:09:43.517+0300][1523.060s][info ][gc] GC(50163) Pause Young (Allocation Failure) 135M->135M(140M) 18.444ms
[2020-08-10T13:09:43.517+0300][1523.061s][debug][gc] Expanding ParOldGen from 140800K by 19968K to 160768K
[2020-08-10T13:09:43.555+0300][1523.098s][info ][gc] GC(50164) Pause Young (Allocation Failure) 155M->155M(159M) 29.807ms
[2020-08-10T13:09:43.585+0300][1523.129s][info ][gc] GC(50165) Pause Young (Allocation Failure) 156M->156M(159M) 30.274ms
[2020-08-10T13:09:43.612+0300][1523.156s][info ][gc] GC(50166) Pause Young (Allocation Failure) 157M->156M(159M) 26.277ms
[2020-08-10T13:09:43.655+0300][1523.199s][debug][gc] GC(50167) Shrinking ParOldGen from 160768K by 125440K to 35328K
[2020-08-10T13:09:43.656+0300][1523.199s][info ][gc] GC(50167) Pause Full (Ergonomics) 156M->23M(37M) 43.153ms
[2020-08-10T13:09:43.685+0300][1523.229s][info ][gc] GC(50168) Pause Young (Allocation Failure) 24M->24M(37M) 28.884ms
[2020-08-10T13:09:43.700+0300][1523.244s][info ][gc] GC(50169) Pause Young (Allocation Failure) 25M->25M(37M) 14.713ms
[2020-08-10T13:09:43.717+0300][1523.261s][info ][gc] GC(50170) Pause Young (Allocation Failure) 26M->26M(37M) 15.968ms
[2020-08-10T13:09:43.731+0300][1523.275s][info ][gc] GC(50171) Pause Young (Allocation Failure) 27M->27M(37M) 13.515ms
[2020-08-10T13:09:43.745+0300][1523.289s][info ][gc] GC(50172) Pause Young (Allocation Failure) 28M->27M(37M) 13.501ms
[2020-08-10T13:09:43.759+0300][1523.303s][info ][gc] GC(50173) Pause Young (Allocation Failure) 28M->28M(37M) 13.453ms
[2020-08-10T13:09:43.773+0300][1523.317s][info ][gc] GC(50174) Pause Young (Allocation Failure) 29M->29M(37M) 13.404ms
[2020-08-10T13:09:43.787+0300][1523.331s][info ][gc] GC(50175) Pause Young (Allocation Failure) 30M->30M(37M) 13.465ms
[2020-08-10T13:09:43.801+0300][1523.345s][info ][gc] GC(50176) Pause Young (Allocation Failure) 31M->31M(37M) 13.230ms
[2020-08-10T13:09:43.815+0300][1523.358s][info ][gc] GC(50177) Pause Young (Allocation Failure) 32M->32M(37M) 13.234ms
[2020-08-10T13:09:43.828+0300][1523.372s][info ][gc] GC(50178) Pause Young (Allocation Failure) 33M->33M(37M) 13.187ms
[2020-08-10T13:09:43.842+0300][1523.386s][info ][gc] GC(50179) Pause Young (Allocation Failure) 34M->34M(37M) 13.485ms
[2020-08-10T13:09:43.898+0300][1523.442s][debug][gc] GC(50180) Expanding ParOldGen from 35328K by 11264K to 46592K
[2020-08-10T13:09:43.898+0300][1523.442s][info ][gc] GC(50180) Pause Full (Ergonomics) 34M->34M(48M) 56.113ms
[2020-08-10T13:09:43.915+0300][1523.459s][info ][gc] GC(50181) Pause Young (Allocation Failure) 35M->35M(48M) 16.524ms
[2020-08-10T13:09:43.930+0300][1523.474s][info ][gc] GC(50182) Pause Young (Allocation Failure) 36M->36M(48M) 13.667ms
[2020-08-10T13:09:43.944+0300][1523.488s][info ][gc] GC(50183) Pause Young (Allocation Failure) 37M->37M(48M) 13.392ms
[2020-08-10T13:09:43.958+0300][1523.502s][info ][gc] GC(50184) Pause Young (Allocation Failure) 38M->38M(47M) 13.510ms
[2020-08-10T13:09:43.972+0300][1523.516s][info ][gc] GC(50185) Pause Young (Allocation Failure) 39M->39M(47M) 13.540ms
[2020-08-10T13:09:43.986+0300][1523.529s][info ][gc] GC(50186) Pause Young (Allocation Failure) 40M->40M(47M) 13.436ms
[2020-08-10T13:09:43.999+0300][1523.543s][info ][gc] GC(50187) Pause Young (Allocation Failure) 41M->41M(48M) 13.204ms
[2020-08-10T13:09:44.013+0300][1523.557s][info ][gc] GC(50188) Pause Young (Allocation Failure) 42M->42M(48M) 13.447ms
[2020-08-10T13:09:44.027+0300][1523.571s][info ][gc] GC(50189) Pause Young (Allocation Failure) 43M->43M(48M) 13.282ms
[2020-08-10T13:09:44.041+0300][1523.585s][info ][gc] GC(50190) Pause Young (Allocation Failure) 44M->44M(48M) 13.502ms
[2020-08-10T13:09:44.055+0300][1523.599s][info ][gc] GC(50191) Pause Young (Allocation Failure) 45M->45M(48M) 13.315ms
[2020-08-10T13:09:44.069+0300][1523.612s][info ][gc] GC(50192) Pause Young (Allocation Failure) 46M->45M(48M) 13.389ms
[2020-08-10T13:09:44.159+0300][1523.703s][debug][gc] GC(50193) Expanding ParOldGen from 46592K by 11776K to 58368K
[2020-08-10T13:09:44.160+0300][1523.703s][info ][gc] GC(50193) Pause Full (Ergonomics) 45M->45M(59M) 90.663ms
[2020-08-10T13:09:44.179+0300][1523.723s][info ][gc] GC(50194) Pause Young (Allocation Failure) 46M->46M(59M) 19.260ms
[2020-08-10T13:09:44.194+0300][1523.737s][info ][gc] GC(50195) Pause Young (Allocation Failure) 47M->47M(59M) 13.639ms
[2020-08-10T13:09:44.208+0300][1523.751s][info ][gc] GC(50196) Pause Young (Allocation Failure) 48M->48M(59M) 13.670ms
[2020-08-10T13:09:44.222+0300][1523.765s][info ][gc] GC(50197) Pause Young (Allocation Failure) 49M->49M(59M) 13.439ms
[2020-08-10T13:09:44.235+0300][1523.779s][info ][gc] GC(50198) Pause Young (Allocation Failure) 50M->50M(59M) 13.298ms
[2020-08-10T13:09:44.249+0300][1523.793s][info ][gc] GC(50199) Pause Young (Allocation Failure) 51M->51M(59M) 13.375ms
[2020-08-10T13:09:44.272+0300][1523.815s][info ][gc] GC(50200) Pause Young (Allocation Failure) 52M->52M(59M) 22.140ms
[2020-08-10T13:09:44.286+0300][1523.829s][info ][gc] GC(50201) Pause Young (Allocation Failure) 53M->53M(59M) 13.571ms
[2020-08-10T13:09:44.300+0300][1523.844s][info ][gc] GC(50202) Pause Young (Allocation Failure) 54M->54M(59M) 13.608ms
[2020-08-10T13:09:44.314+0300][1523.858s][info ][gc] GC(50203) Pause Young (Allocation Failure) 55M->55M(59M) 13.612ms
[2020-08-10T13:09:44.328+0300][1523.872s][info ][gc] GC(50204) Pause Young (Allocation Failure) 56M->56M(59M) 13.591ms
[2020-08-10T13:09:44.342+0300][1523.886s][info ][gc] GC(50205) Pause Young (Allocation Failure) 57M->57M(59M) 13.706ms
[2020-08-10T13:09:44.465+0300][1524.008s][debug][gc] GC(50206) Expanding ParOldGen from 58368K by 11264K to 69632K
[2020-08-10T13:09:44.465+0300][1524.009s][info ][gc] GC(50206) Pause Full (Ergonomics) 57M->57M(70M) 122.225ms
[2020-08-10T13:09:44.489+0300][1524.033s][info ][gc] GC(50207) Pause Young (Allocation Failure) 58M->58M(70M) 24.115ms
[2020-08-10T13:09:44.504+0300][1524.047s][info ][gc] GC(50208) Pause Young (Allocation Failure) 59M->59M(70M) 13.756ms
[2020-08-10T13:09:44.518+0300][1524.061s][info ][gc] GC(50209) Pause Young (Allocation Failure) 60M->59M(70M) 13.705ms
[2020-08-10T13:09:44.532+0300][1524.076s][info ][gc] GC(50210) Pause Young (Allocation Failure) 60M->60M(70M) 13.732ms
[2020-08-10T13:09:44.546+0300][1524.090s][info ][gc] GC(50211) Pause Young (Allocation Failure) 61M->61M(70M) 13.546ms
[2020-08-10T13:09:44.561+0300][1524.104s][info ][gc] GC(50212) Pause Young (Allocation Failure) 62M->62M(70M) 13.804ms
[2020-08-10T13:09:44.581+0300][1524.125s][info ][gc] GC(50213) Pause Young (Allocation Failure) 63M->63M(70M) 20.127ms
[2020-08-10T13:09:44.596+0300][1524.139s][info ][gc] GC(50214) Pause Young (Allocation Failure) 64M->64M(70M) 13.776ms
[2020-08-10T13:09:44.610+0300][1524.154s][info ][gc] GC(50215) Pause Young (Allocation Failure) 65M->65M(70M) 13.675ms
[2020-08-10T13:09:44.624+0300][1524.168s][info ][gc] GC(50216) Pause Young (Allocation Failure) 66M->66M(70M) 13.739ms
[2020-08-10T13:09:44.638+0300][1524.182s][info ][gc] GC(50217) Pause Young (Allocation Failure) 67M->67M(70M) 13.610ms
[2020-08-10T13:09:44.652+0300][1524.196s][info ][gc] GC(50218) Pause Young (Allocation Failure) 68M->68M(70M) 13.685ms
[2020-08-10T13:09:44.801+0300][1524.345s][debug][gc] GC(50219) Expanding ParOldGen from 69632K by 11776K to 81408K
[2020-08-10T13:09:44.801+0300][1524.345s][info ][gc] GC(50219) Pause Full (Ergonomics) 68M->68M(82M) 148.875ms
[2020-08-10T13:09:44.829+0300][1524.373s][info ][gc] GC(50220) Pause Young (Allocation Failure) 69M->69M(82M) 27.632ms
[2020-08-10T13:09:44.844+0300][1524.388s][info ][gc] GC(50221) Pause Young (Allocation Failure) 70M->70M(82M) 13.716ms
[2020-08-10T13:09:44.858+0300][1524.402s][info ][gc] GC(50222) Pause Young (Allocation Failure) 71M->71M(82M) 13.681ms
[2020-08-10T13:09:44.873+0300][1524.416s][info ][gc] GC(50223) Pause Young (Allocation Failure) 72M->72M(82M) 13.815ms
[2020-08-10T13:09:44.887+0300][1524.430s][info ][gc] GC(50224) Pause Young (Allocation Failure) 73M->73M(82M) 13.713ms
[2020-08-10T13:09:44.901+0300][1524.445s][info ][gc] GC(50225) Pause Young (Allocation Failure) 74M->74M(81M) 13.878ms
[2020-08-10T13:09:44.916+0300][1524.459s][info ][gc] GC(50226) Pause Young (Allocation Failure) 75M->75M(81M) 13.872ms
[2020-08-10T13:09:44.930+0300][1524.474s][info ][gc] GC(50227) Pause Young (Allocation Failure) 76M->75M(81M) 13.811ms
[2020-08-10T13:09:44.944+0300][1524.488s][info ][gc] GC(50228) Pause Young (Allocation Failure) 76M->76M(82M) 13.520ms
[2020-08-10T13:09:44.959+0300][1524.502s][info ][gc] GC(50229) Pause Young (Allocation Failure) 77M->77M(82M) 13.861ms
[2020-08-10T13:09:44.973+0300][1524.517s][info ][gc] GC(50230) Pause Young (Allocation Failure) 78M->78M(82M) 13.861ms
[2020-08-10T13:09:44.987+0300][1524.531s][info ][gc] GC(50231) Pause Young (Allocation Failure) 79M->79M(82M) 13.840ms
[2020-08-10T13:09:45.179+0300][1524.723s][debug][gc] GC(50232) Expanding ParOldGen from 81408K by 11264K to 92672K
[2020-08-10T13:09:45.179+0300][1524.723s][info ][gc] GC(50232) Pause Full (Ergonomics) 79M->79M(93M) 191.524ms
[2020-08-10T13:09:45.212+0300][1524.756s][info ][gc] GC(50233) Pause Young (Allocation Failure) 80M->80M(93M) 32.751ms
[2020-08-10T13:09:45.227+0300][1524.770s][info ][gc] GC(50234) Pause Young (Allocation Failure) 81M->81M(93M) 13.876ms
[2020-08-10T13:09:45.241+0300][1524.785s][info ][gc] GC(50235) Pause Young (Allocation Failure) 82M->82M(93M) 13.833ms
[2020-08-10T13:09:45.255+0300][1524.799s][info ][gc] GC(50236) Pause Young (Allocation Failure) 83M->83M(93M) 13.829ms
[2020-08-10T13:09:45.270+0300][1524.814s][info ][gc] GC(50237) Pause Young (Allocation Failure) 84M->84M(93M) 14.150ms
[2020-08-10T13:09:45.284+0300][1524.828s][info ][gc] GC(50238) Pause Young (Allocation Failure) 85M->85M(93M) 13.830ms
[2020-08-10T13:09:45.299+0300][1524.843s][info ][gc] GC(50239) Pause Young (Allocation Failure) 86M->86M(93M) 14.196ms
[2020-08-10T13:09:45.314+0300][1524.858s][info ][gc] GC(50240) Pause Young (Allocation Failure) 87M->87M(93M) 14.280ms
[2020-08-10T13:09:45.329+0300][1524.873s][info ][gc] GC(50241) Pause Young (Allocation Failure) 88M->88M(93M) 14.372ms
[2020-08-10T13:09:45.344+0300][1524.888s][info ][gc] GC(50242) Pause Young (Allocation Failure) 89M->89M(93M) 14.907ms
[2020-08-10T13:09:45.360+0300][1524.903s][info ][gc] GC(50243) Pause Young (Allocation Failure) 90M->90M(93M) 14.444ms
[2020-08-10T13:09:45.375+0300][1524.918s][info ][gc] GC(50244) Pause Young (Allocation Failure) 91M->91M(93M) 14.559ms
[2020-08-10T13:09:45.594+0300][1525.138s][debug][gc] GC(50245) Expanding ParOldGen from 92672K by 11264K to 103936K
[2020-08-10T13:09:45.594+0300][1525.138s][info ][gc] GC(50245) Pause Full (Ergonomics) 91M->90M(104M) 219.561ms
[2020-08-10T13:09:45.628+0300][1525.172s][info ][gc] GC(50246) Pause Young (Allocation Failure) 91M->91M(104M) 33.604ms
[2020-08-10T13:09:45.644+0300][1525.187s][info ][gc] GC(50247) Pause Young (Allocation Failure) 92M->92M(104M) 14.726ms
[2020-08-10T13:09:45.659+0300][1525.203s][info ][gc] GC(50248) Pause Young (Allocation Failure) 93M->93M(104M) 14.913ms
[2020-08-10T13:09:45.675+0300][1525.218s][info ][gc] GC(50249) Pause Young (Allocation Failure) 94M->94M(104M) 14.928ms
[2020-08-10T13:09:45.690+0300][1525.234s][info ][gc] GC(50250) Pause Young (Allocation Failure) 95M->95M(104M) 15.063ms
[2020-08-10T13:09:45.725+0300][1525.268s][info ][gc] GC(50251) Pause Young (Allocation Failure) 96M->96M(104M) 33.885ms
[2020-08-10T13:09:45.742+0300][1525.286s][info ][gc] GC(50252) Pause Young (Allocation Failure) 97M->97M(104M) 16.642ms
[2020-08-10T13:09:45.759+0300][1525.302s][info ][gc] GC(50253) Pause Young (Allocation Failure) 98M->98M(104M) 16.446ms
[2020-08-10T13:09:45.775+0300][1525.319s][info ][gc] GC(50254) Pause Young (Allocation Failure) 99M->99M(104M) 15.517ms
[2020-08-10T13:09:45.791+0300][1525.335s][info ][gc] GC(50255) Pause Young (Allocation Failure) 100M->100M(104M) 15.527ms
[2020-08-10T13:09:45.807+0300][1525.350s][info ][gc] GC(50256) Pause Young (Allocation Failure) 101M->101M(104M) 15.350ms
[2020-08-10T13:09:46.050+0300][1525.594s][debug][gc] GC(50257) Expanding ParOldGen from 103936K by 11264K to 115200K
[2020-08-10T13:09:46.050+0300][1525.594s][info ][gc] GC(50257) Pause Full (Ergonomics) 101M->101M(115M) 243.018ms
[2020-08-10T13:09:46.064+0300][1525.607s][info ][gc] GC(50258) Pause Young (Allocation Failure) 102M->102M(115M) 13.167ms
[2020-08-10T13:09:46.079+0300][1525.623s][info ][gc] GC(50259) Pause Young (Allocation Failure) 103M->103M(115M) 15.136ms
[2020-08-10T13:09:46.095+0300][1525.639s][info ][gc] GC(50260) Pause Young (Allocation Failure) 104M->104M(115M) 15.401ms
[2020-08-10T13:09:46.111+0300][1525.655s][info ][gc] GC(50261) Pause Young (Allocation Failure) 105M->105M(115M) 15.603ms
[2020-08-10T13:09:46.127+0300][1525.671s][info ][gc] GC(50262) Pause Young (Allocation Failure) 106M->106M(115M) 15.743ms
[2020-08-10T13:09:46.144+0300][1525.688s][info ][gc] GC(50263) Pause Young (Allocation Failure) 107M->107M(115M) 15.948ms
[2020-08-10T13:09:46.160+0300][1525.704s][info ][gc] GC(50264) Pause Young (Allocation Failure) 108M->107M(115M) 15.637ms
[2020-08-10T13:09:46.176+0300][1525.720s][info ][gc] GC(50265) Pause Young (Allocation Failure) 108M->108M(115M) 15.820ms
[2020-08-10T13:09:46.193+0300][1525.737s][info ][gc] GC(50266) Pause Young (Allocation Failure) 109M->109M(115M) 15.980ms
[2020-08-10T13:09:46.209+0300][1525.753s][info ][gc] GC(50267) Pause Young (Allocation Failure) 110M->110M(115M) 15.874ms
[2020-08-10T13:09:46.226+0300][1525.770s][info ][gc] GC(50268) Pause Young (Allocation Failure) 111M->111M(115M) 16.129ms
[2020-08-10T13:09:46.243+0300][1525.786s][info ][gc] GC(50269) Pause Young (Allocation Failure) 112M->112M(115M) 16.207ms
[2020-08-10T13:09:46.512+0300][1526.055s][debug][gc] GC(50270) Expanding ParOldGen from 115200K by 11264K to 126464K
[2020-08-10T13:09:46.512+0300][1526.056s][info ][gc] GC(50270) Pause Full (Ergonomics) 112M->112M(126M) 269.099ms
[2020-08-10T13:09:46.566+0300][1526.109s][info ][gc] GC(50271) Pause Young (Allocation Failure) 113M->113M(126M) 52.794ms
[2020-08-10T13:09:46.599+0300][1526.143s][info ][gc] GC(50272) Pause Young (Allocation Failure) 114M->114M(126M) 32.958ms
[2020-08-10T13:09:46.617+0300][1526.160s][info ][gc] GC(50273) Pause Young (Allocation Failure) 115M->115M(126M) 17.199ms
[2020-08-10T13:09:46.634+0300][1526.178s][info ][gc] GC(50274) Pause Young (Allocation Failure) 116M->116M(126M) 17.183ms
[2020-08-10T13:09:46.652+0300][1526.196s][info ][gc] GC(50275) Pause Young (Allocation Failure) 117M->117M(126M) 17.259ms
[2020-08-10T13:09:46.670+0300][1526.214s][info ][gc] GC(50276) Pause Young (Allocation Failure) 118M->118M(126M) 17.263ms
[2020-08-10T13:09:46.688+0300][1526.231s][info ][gc] GC(50277) Pause Young (Allocation Failure) 119M->119M(126M) 17.254ms
[2020-08-10T13:09:46.705+0300][1526.249s][info ][gc] GC(50278) Pause Young (Allocation Failure) 120M->120M(126M) 17.201ms
[2020-08-10T13:09:46.723+0300][1526.267s][info ][gc] GC(50279) Pause Young (Allocation Failure) 121M->121M(126M) 17.338ms
[2020-08-10T13:09:46.741+0300][1526.285s][info ][gc] GC(50280) Pause Young (Allocation Failure) 122M->122M(126M) 17.710ms
[2020-08-10T13:09:46.790+0300][1526.333s][info ][gc] GC(50281) Pause Young (Allocation Failure) 123M->123M(126M) 48.122ms
[2020-08-10T13:09:46.814+0300][1526.358s][info ][gc] GC(50282) Pause Young (Allocation Failure) 124M->124M(126M) 23.686ms
[2020-08-10T13:09:47.139+0300][1526.683s][debug][gc] GC(50283) Expanding ParOldGen from 126464K by 11776K to 138240K
[2020-08-10T13:09:47.140+0300][1526.683s][info ][gc] GC(50283) Pause Full (Ergonomics) 124M->123M(137M) 325.490ms
[2020-08-10T13:09:47.172+0300][1526.716s][info ][gc] GC(50284) Pause Young (Allocation Failure) 124M->124M(137M) 32.267ms
[2020-08-10T13:09:47.191+0300][1526.735s][info ][gc] GC(50285) Pause Young (Allocation Failure) 125M->125M(137M) 17.973ms
[2020-08-10T13:09:47.209+0300][1526.753s][info ][gc] GC(50286) Pause Young (Allocation Failure) 126M->126M(137M) 17.584ms
[2020-08-10T13:09:47.228+0300][1526.772s][info ][gc] GC(50287) Pause Young (Allocation Failure) 127M->127M(137M) 18.227ms
[2020-08-10T13:09:47.247+0300][1526.790s][info ][gc] GC(50288) Pause Young (Allocation Failure) 128M->128M(137M) 18.275ms
[2020-08-10T13:09:47.265+0300][1526.809s][info ][gc] GC(50289) Pause Young (Allocation Failure) 129M->129M(137M) 17.821ms
[2020-08-10T13:09:47.284+0300][1526.827s][info ][gc] GC(50290) Pause Young (Allocation Failure) 130M->130M(137M) 18.381ms
[2020-08-10T13:09:47.303+0300][1526.846s][info ][gc] GC(50291) Pause Young (Allocation Failure) 131M->131M(137M) 18.531ms
[2020-08-10T13:09:47.322+0300][1526.865s][info ][gc] GC(50292) Pause Young (Allocation Failure) 132M->132M(137M) 18.515ms
[2020-08-10T13:09:47.341+0300][1526.885s][info ][gc] GC(50293) Pause Young (Allocation Failure) 133M->133M(137M) 18.514ms
[2020-08-10T13:09:47.360+0300][1526.904s][info ][gc] GC(50294) Pause Young (Allocation Failure) 134M->134M(137M) 19.135ms
[2020-08-10T13:09:47.379+0300][1526.923s][info ][gc] GC(50295) Pause Young (Allocation Failure) 135M->135M(137M) 18.350ms
[2020-08-10T13:09:47.795+0300][1527.339s][debug][gc] GC(50296) Expanding ParOldGen from 138240K by 11264K to 149504K
[2020-08-10T13:09:47.795+0300][1527.339s][info ][gc] GC(50296) Pause Full (Ergonomics) 135M->135M(148M) 416.157ms
[2020-08-10T13:09:47.796+0300][1527.339s][debug][gc] Expanding ParOldGen from 149504K by 19968K to 169472K
[2020-08-10T13:09:47.844+0300][1527.388s][info ][gc] GC(50297) Pause Young (Allocation Failure) 155M->155M(168M) 40.523ms
[2020-08-10T13:09:47.872+0300][1527.415s][info ][gc] GC(50298) Pause Young (Allocation Failure) 156M->156M(168M) 27.045ms
[2020-08-10T13:09:47.898+0300][1527.442s][info ][gc] GC(50299) Pause Young (Allocation Failure) 157M->157M(168M) 26.362ms
[2020-08-10T13:09:47.925+0300][1527.469s][info ][gc] GC(50300) Pause Young (Allocation Failure) 158M->158M(168M) 26.358ms
[2020-08-10T13:09:47.952+0300][1527.495s][info ][gc] GC(50301) Pause Young (Allocation Failure) 159M->159M(168M) 25.738ms
[2020-08-10T13:09:47.978+0300][1527.522s][info ][gc] GC(50302) Pause Young (Allocation Failure) 160M->160M(168M) 26.495ms
[2020-08-10T13:09:48.005+0300][1527.549s][info ][gc] GC(50303) Pause Young (Allocation Failure) 161M->161M(168M) 26.150ms
[2020-08-10T13:09:48.032+0300][1527.576s][info ][gc] GC(50304) Pause Young (Allocation Failure) 162M->161M(168M) 26.090ms
[2020-08-10T13:09:48.058+0300][1527.602s][info ][gc] GC(50305) Pause Young (Allocation Failure) 162M->162M(168M) 26.352ms
[2020-08-10T13:09:48.085+0300][1527.629s][info ][gc] GC(50306) Pause Young (Allocation Failure) 163M->163M(168M) 26.049ms
[2020-08-10T13:09:48.112+0300][1527.655s][info ][gc] GC(50307) Pause Young (Allocation Failure) 164M->164M(168M) 26.287ms
[2020-08-10T13:09:48.138+0300][1527.682s][info ][gc] GC(50308) Pause Young (Allocation Failure) 165M->165M(168M) 26.274ms
[2020-08-10T13:09:48.256+0300][1527.800s][debug][gc] GC(50309) Shrinking ParOldGen from 169472K by 124928K to 44544K
[2020-08-10T13:09:48.256+0300][1527.800s][info ][gc] GC(50309) Pause Full (Ergonomics) 165M->32M(46M) 117.212ms
[2020-08-10T13:09:48.277+0300][1527.821s][info ][gc] GC(50310) Pause Young (Allocation Failure) 33M->32M(46M) 20.421ms
[2020-08-10T13:09:48.291+0300][1527.835s][info ][gc] GC(50311) Pause Young (Allocation Failure) 33M->33M(46M) 13.381ms
[2020-08-10T13:09:48.307+0300][1527.851s][info ][gc] GC(50312) Pause Young (Allocation Failure) 34M->34M(46M) 16.012ms
[2020-08-10T13:09:48.326+0300][1527.870s][info ][gc] GC(50313) Pause Young (Allocation Failure) 35M->35M(46M) 17.896ms
[2020-08-10T13:09:48.340+0300][1527.883s][info ][gc] GC(50314) Pause Young (Allocation Failure) 36M->36M(46M) 13.378ms
[2020-08-10T13:09:48.353+0300][1527.897s][info ][gc] GC(50315) Pause Young (Allocation Failure) 37M->37M(46M) 13.319ms
[2020-08-10T13:09:48.367+0300][1527.911s][info ][gc] GC(50316) Pause Young (Allocation Failure) 38M->38M(46M) 13.386ms
[2020-08-10T13:09:48.381+0300][1527.925s][info ][gc] GC(50317) Pause Young (Allocation Failure) 39M->39M(46M) 13.346ms
[2020-08-10T13:09:48.395+0300][1527.939s][info ][gc] GC(50318) Pause Young (Allocation Failure) 40M->40M(46M) 13.339ms
[2020-08-10T13:09:48.409+0300][1527.953s][info ][gc] GC(50319) Pause Young (Allocation Failure) 41M->41M(46M) 13.536ms
[2020-08-10T13:09:48.424+0300][1527.968s][info ][gc] GC(50320) Pause Young (Allocation Failure) 42M->42M(46M) 13.539ms
[2020-08-10T13:09:48.438+0300][1527.981s][info ][gc] GC(50321) Pause Young (Allocation Failure) 43M->43M(46M) 13.457ms
[2020-08-10T13:09:48.519+0300][1528.063s][debug][gc] GC(50322) Expanding ParOldGen from 44544K by 11264K to 55808K
[2020-08-10T13:09:48.519+0300][1528.063s][info ][gc] GC(50322) Pause Full (Ergonomics) 43M->43M(57M) 81.267ms
[2020-08-10T13:09:48.533+0300][1528.076s][info ][gc] GC(50323) Pause Young (Allocation Failure) 44M->44M(57M) 12.933ms
[2020-08-10T13:09:48.546+0300][1528.090s][info ][gc] GC(50324) Pause Young (Allocation Failure) 45M->45M(57M) 13.364ms
[2020-08-10T13:09:48.560+0300][1528.104s][info ][gc] GC(50325) Pause Young (Allocation Failure) 46M->46M(57M) 13.521ms
[2020-08-10T13:09:48.575+0300][1528.119s][info ][gc] GC(50326) Pause Young (Allocation Failure) 47M->47M(57M) 14.302ms
[2020-08-10T13:09:48.589+0300][1528.133s][info ][gc] GC(50327) Pause Young (Allocation Failure) 48M->48M(57M) 13.354ms
[2020-08-10T13:09:48.603+0300][1528.147s][info ][gc] GC(50328) Pause Young (Allocation Failure) 49M->49M(56M) 13.425ms
[2020-08-10T13:09:48.617+0300][1528.161s][info ][gc] GC(50329) Pause Young (Allocation Failure) 50M->49M(56M) 13.569ms
[2020-08-10T13:09:48.631+0300][1528.175s][info ][gc] GC(50330) Pause Young (Allocation Failure) 50M->50M(56M) 13.571ms
[2020-08-10T13:09:48.645+0300][1528.189s][info ][gc] GC(50331) Pause Young (Allocation Failure) 51M->51M(57M) 13.237ms
[2020-08-10T13:09:48.659+0300][1528.203s][info ][gc] GC(50332) Pause Young (Allocation Failure) 52M->52M(57M) 13.481ms
[2020-08-10T13:09:48.673+0300][1528.217s][info ][gc] GC(50333) Pause Young (Allocation Failure) 53M->53M(57M) 13.591ms
[2020-08-10T13:09:48.687+0300][1528.231s][info ][gc] GC(50334) Pause Young (Allocation Failure) 54M->54M(57M) 13.580ms
[2020-08-10T13:09:48.797+0300][1528.341s][debug][gc] GC(50335) Expanding ParOldGen from 55808K by 11264K to 67072K
[2020-08-10T13:09:48.797+0300][1528.341s][info ][gc] GC(50335) Pause Full (Ergonomics) 54M->54M(68M) 109.916ms
[2020-08-10T13:09:48.819+0300][1528.363s][info ][gc] GC(50336) Pause Young (Allocation Failure) 55M->55M(68M) 21.654ms
[2020-08-10T13:09:48.833+0300][1528.377s][info ][gc] GC(50337) Pause Young (Allocation Failure) 56M->56M(68M) 13.744ms
[2020-08-10T13:09:48.848+0300][1528.392s][info ][gc] GC(50338) Pause Young (Allocation Failure) 57M->57M(68M) 13.734ms
[2020-08-10T13:09:48.862+0300][1528.406s][info ][gc] GC(50339) Pause Young (Allocation Failure) 58M->58M(68M) 13.617ms
[2020-08-10T13:09:48.876+0300][1528.420s][info ][gc] GC(50340) Pause Young (Allocation Failure) 59M->59M(68M) 13.605ms
[2020-08-10T13:09:48.890+0300][1528.434s][info ][gc] GC(50341) Pause Young (Allocation Failure) 60M->60M(68M) 13.601ms
[2020-08-10T13:09:48.904+0300][1528.448s][info ][gc] GC(50342) Pause Young (Allocation Failure) 61M->61M(68M) 13.665ms
[2020-08-10T13:09:48.918+0300][1528.462s][info ][gc] GC(50343) Pause Young (Allocation Failure) 62M->62M(68M) 13.734ms
[2020-08-10T13:09:48.933+0300][1528.477s][info ][gc] GC(50344) Pause Young (Allocation Failure) 63M->63M(68M) 13.700ms
[2020-08-10T13:09:48.947+0300][1528.491s][info ][gc] GC(50345) Pause Young (Allocation Failure) 64M->64M(68M) 13.641ms
[2020-08-10T13:09:48.961+0300][1528.505s][info ][gc] GC(50346) Pause Young (Allocation Failure) 65M->65M(68M) 13.625ms
[2020-08-10T13:09:48.975+0300][1528.519s][info ][gc] GC(50347) Pause Young (Allocation Failure) 66M->66M(68M) 13.707ms
[2020-08-10T13:09:49.116+0300][1528.660s][debug][gc] GC(50348) Expanding ParOldGen from 67072K by 11776K to 78848K
[2020-08-10T13:09:49.116+0300][1528.660s][info ][gc] GC(50348) Pause Full (Ergonomics) 66M->65M(79M) 141.390ms
[2020-08-10T13:09:49.144+0300][1528.688s][info ][gc] GC(50349) Pause Young (Allocation Failure) 66M->66M(79M) 26.643ms
[2020-08-10T13:09:49.158+0300][1528.702s][info ][gc] GC(50350) Pause Young (Allocation Failure) 67M->67M(79M) 13.755ms
[2020-08-10T13:09:49.172+0300][1528.716s][info ][gc] GC(50351) Pause Young (Allocation Failure) 68M->68M(79M) 13.709ms
[2020-08-10T13:09:49.187+0300][1528.731s][info ][gc] GC(50352) Pause Young (Allocation Failure) 69M->69M(79M) 13.835ms
[2020-08-10T13:09:49.201+0300][1528.745s][info ][gc] GC(50353) Pause Young (Allocation Failure) 70M->70M(79M) 13.807ms
[2020-08-10T13:09:49.215+0300][1528.759s][info ][gc] GC(50354) Pause Young (Allocation Failure) 71M->71M(79M) 13.711ms
[2020-08-10T13:09:49.229+0300][1528.773s][info ][gc] GC(50355) Pause Young (Allocation Failure) 72M->72M(79M) 13.803ms
[2020-08-10T13:09:49.244+0300][1528.788s][info ][gc] GC(50356) Pause Young (Allocation Failure) 73M->73M(79M) 13.864ms
[2020-08-10T13:09:49.258+0300][1528.802s][info ][gc] GC(50357) Pause Young (Allocation Failure) 74M->74M(79M) 13.882ms
[2020-08-10T13:09:49.273+0300][1528.817s][info ][gc] GC(50358) Pause Young (Allocation Failure) 75M->75M(79M) 13.779ms
[2020-08-10T13:09:49.287+0300][1528.831s][info ][gc] GC(50359) Pause Young (Allocation Failure) 76M->76M(79M) 13.840ms
[2020-08-10T13:09:49.302+0300][1528.846s][info ][gc] GC(50360) Pause Young (Allocation Failure) 77M->77M(79M) 13.797ms
[2020-08-10T13:09:49.470+0300][1529.014s][debug][gc] GC(50361) Expanding ParOldGen from 78848K by 11264K to 90112K
[2020-08-10T13:09:49.470+0300][1529.014s][info ][gc] GC(50361) Pause Full (Ergonomics) 77M->77M(90M) 167.987ms
[2020-08-10T13:09:49.500+0300][1529.044s][info ][gc] GC(50362) Pause Young (Allocation Failure) 78M->78M(90M) 29.769ms
[2020-08-10T13:09:49.515+0300][1529.059s][info ][gc] GC(50363) Pause Young (Allocation Failure) 79M->79M(90M) 14.020ms
[2020-08-10T13:09:49.529+0300][1529.073s][info ][gc] GC(50364) Pause Young (Allocation Failure) 80M->80M(90M) 13.856ms
[2020-08-10T13:09:49.543+0300][1529.087s][info ][gc] GC(50365) Pause Young (Allocation Failure) 81M->81M(90M) 13.902ms
[2020-08-10T13:09:49.558+0300][1529.102s][info ][gc] GC(50366) Pause Young (Allocation Failure) 82M->81M(90M) 13.869ms
[2020-08-10T13:09:49.572+0300][1529.116s][info ][gc] GC(50367) Pause Young (Allocation Failure) 82M->82M(90M) 14.021ms
[2020-08-10T13:09:49.587+0300][1529.131s][info ][gc] GC(50368) Pause Young (Allocation Failure) 83M->83M(90M) 13.934ms
[2020-08-10T13:09:49.602+0300][1529.146s][info ][gc] GC(50369) Pause Young (Allocation Failure) 84M->84M(90M) 14.017ms
[2020-08-10T13:09:49.616+0300][1529.160s][info ][gc] GC(50370) Pause Young (Allocation Failure) 85M->85M(90M) 14.158ms
[2020-08-10T13:09:49.631+0300][1529.175s][info ][gc] GC(50371) Pause Young (Allocation Failure) 86M->86M(90M) 14.220ms
[2020-08-10T13:09:49.646+0300][1529.190s][info ][gc] GC(50372) Pause Young (Allocation Failure) 87M->87M(90M) 14.207ms
[2020-08-10T13:09:49.661+0300][1529.205s][info ][gc] GC(50373) Pause Young (Allocation Failure) 88M->88M(90M) 14.359ms
[2020-08-10T13:09:49.867+0300][1529.411s][debug][gc] GC(50374) Expanding ParOldGen from 90112K by 11264K to 101376K
[2020-08-10T13:09:49.867+0300][1529.411s][info ][gc] GC(50374) Pause Full (Ergonomics) 88M->88M(101M) 205.997ms
[2020-08-10T13:09:49.901+0300][1529.444s][info ][gc] GC(50375) Pause Young (Allocation Failure) 89M->89M(101M) 32.944ms
[2020-08-10T13:09:49.917+0300][1529.460s][info ][gc] GC(50376) Pause Young (Allocation Failure) 90M->90M(101M) 14.817ms
[2020-08-10T13:09:49.932+0300][1529.475s][info ][gc] GC(50377) Pause Young (Allocation Failure) 91M->91M(101M) 14.611ms
[2020-08-10T13:09:49.947+0300][1529.490s][info ][gc] GC(50378) Pause Young (Allocation Failure) 92M->92M(101M) 14.817ms
[2020-08-10T13:09:49.963+0300][1529.506s][info ][gc] GC(50379) Pause Young (Allocation Failure) 93M->93M(101M) 14.880ms
[2020-08-10T13:09:49.978+0300][1529.521s][info ][gc] GC(50380) Pause Young (Allocation Failure) 94M->94M(101M) 15.013ms
[2020-08-10T13:09:49.994+0300][1529.537s][info ][gc] GC(50381) Pause Young (Allocation Failure) 95M->95M(101M) 14.925ms
[2020-08-10T13:09:50.009+0300][1529.552s][info ][gc] GC(50382) Pause Young (Allocation Failure) 96M->96M(101M) 15.087ms
[2020-08-10T13:09:50.025+0300][1529.568s][info ][gc] GC(50383) Pause Young (Allocation Failure) 97M->97M(101M) 15.194ms
[2020-08-10T13:09:50.041+0300][1529.584s][info ][gc] GC(50384) Pause Young (Allocation Failure) 98M->98M(101M) 15.407ms
[2020-08-10T13:09:50.057+0300][1529.600s][info ][gc] GC(50385) Pause Young (Allocation Failure) 99M->98M(101M) 15.918ms
[2020-08-10T13:09:50.304+0300][1529.847s][debug][gc] GC(50386) Expanding ParOldGen from 101376K by 11264K to 112640K
[2020-08-10T13:09:50.304+0300][1529.847s][info ][gc] GC(50386) Pause Full (Ergonomics) 98M->98M(112M) 246.313ms
[2020-08-10T13:09:50.317+0300][1529.860s][info ][gc] GC(50387) Pause Young (Allocation Failure) 99M->99M(112M) 13.014ms
[2020-08-10T13:09:50.333+0300][1529.876s][info ][gc] GC(50388) Pause Young (Allocation Failure) 100M->100M(112M) 14.986ms
[2020-08-10T13:09:50.349+0300][1529.892s][info ][gc] GC(50389) Pause Young (Allocation Failure) 101M->101M(112M) 15.520ms
[2020-08-10T13:09:50.364+0300][1529.907s][info ][gc] GC(50390) Pause Young (Allocation Failure) 102M->102M(112M) 15.294ms
[2020-08-10T13:09:50.380+0300][1529.923s][info ][gc] GC(50391) Pause Young (Allocation Failure) 103M->103M(112M) 15.375ms
[2020-08-10T13:09:50.396+0300][1529.939s][info ][gc] GC(50392) Pause Young (Allocation Failure) 104M->104M(112M) 15.405ms
[2020-08-10T13:09:50.412+0300][1529.955s][info ][gc] GC(50393) Pause Young (Allocation Failure) 105M->105M(112M) 15.507ms
[2020-08-10T13:09:50.429+0300][1529.972s][info ][gc] GC(50394) Pause Young (Allocation Failure) 106M->106M(112M) 15.871ms
[2020-08-10T13:09:50.445+0300][1529.988s][info ][gc] GC(50395) Pause Young (Allocation Failure) 107M->107M(112M) 15.976ms
[2020-08-10T13:09:50.462+0300][1530.005s][info ][gc] GC(50396) Pause Young (Allocation Failure) 108M->108M(112M) 15.943ms
[2020-08-10T13:09:50.478+0300][1530.021s][info ][gc] GC(50397) Pause Young (Allocation Failure) 109M->109M(112M) 16.014ms
[2020-08-10T13:09:50.494+0300][1530.037s][info ][gc] GC(50398) Pause Young (Allocation Failure) 110M->110M(112M) 15.879ms
[2020-08-10T13:09:50.754+0300][1530.297s][debug][gc] GC(50399) Expanding ParOldGen from 112640K by 11264K to 123904K
[2020-08-10T13:09:50.754+0300][1530.297s][info ][gc] GC(50399) Pause Full (Ergonomics) 110M->110M(123M) 259.703ms
[2020-08-10T13:09:50.792+0300][1530.335s][info ][gc] GC(50400) Pause Young (Allocation Failure) 111M->111M(123M) 37.184ms
[2020-08-10T13:09:50.809+0300][1530.352s][info ][gc] GC(50401) Pause Young (Allocation Failure) 112M->112M(123M) 16.720ms
[2020-08-10T13:09:50.826+0300][1530.369s][info ][gc] GC(50402) Pause Young (Allocation Failure) 113M->112M(123M) 16.470ms
[2020-08-10T13:09:50.843+0300][1530.386s][info ][gc] GC(50403) Pause Young (Allocation Failure) 113M->113M(123M) 16.383ms
[2020-08-10T13:09:50.860+0300][1530.403s][info ][gc] GC(50404) Pause Young (Allocation Failure) 114M->114M(123M) 16.929ms
[2020-08-10T13:09:50.878+0300][1530.421s][info ][gc] GC(50405) Pause Young (Allocation Failure) 115M->115M(123M) 17.109ms
[2020-08-10T13:09:50.896+0300][1530.439s][info ][gc] GC(50406) Pause Young (Allocation Failure) 116M->116M(123M) 17.127ms
[2020-08-10T13:09:50.914+0300][1530.457s][info ][gc] GC(50407) Pause Young (Allocation Failure) 117M->117M(123M) 17.214ms
[2020-08-10T13:09:50.931+0300][1530.474s][info ][gc] GC(50408) Pause Young (Allocation Failure) 118M->118M(123M) 16.991ms
[2020-08-10T13:09:50.949+0300][1530.492s][info ][gc] GC(50409) Pause Young (Allocation Failure) 119M->119M(123M) 17.042ms
[2020-08-10T13:09:50.967+0300][1530.510s][info ][gc] GC(50410) Pause Young (Allocation Failure) 120M->120M(123M) 17.296ms
[2020-08-10T13:09:50.984+0300][1530.528s][info ][gc] GC(50411) Pause Young (Allocation Failure) 121M->121M(123M) 17.391ms
[2020-08-10T13:09:51.283+0300][1530.826s][debug][gc] GC(50412) Expanding ParOldGen from 123904K by 11776K to 135680K
[2020-08-10T13:09:51.283+0300][1530.826s][info ][gc] GC(50412) Pause Full (Ergonomics) 121M->121M(134M) 298.152ms
[2020-08-10T13:09:51.315+0300][1530.858s][info ][gc] GC(50413) Pause Young (Allocation Failure) 122M->122M(134M) 31.789ms
[2020-08-10T13:09:51.333+0300][1530.876s][info ][gc] GC(50414) Pause Young (Allocation Failure) 123M->123M(134M) 17.261ms
[2020-08-10T13:09:51.351+0300][1530.894s][info ][gc] GC(50415) Pause Young (Allocation Failure) 123M->123M(134M) 17.706ms
[2020-08-10T13:09:51.367+0300][1530.910s][info ][gc] GC(50416) Pause Young (Allocation Failure) 124M->124M(134M) 15.043ms
[2020-08-10T13:09:51.382+0300][1530.925s][info ][gc] GC(50417) Pause Young (Allocation Failure) 124M->124M(134M) 14.972ms
[2020-08-10T13:09:51.397+0300][1530.940s][info ][gc] GC(50418) Pause Young (Allocation Failure) 125M->125M(134M) 14.991ms
[2020-08-10T13:09:51.433+0300][1530.976s][info ][gc] GC(50419) Pause Young (Allocation Failure) 125M->125M(134M) 35.651ms
[2020-08-10T13:09:51.449+0300][1530.992s][info ][gc] GC(50420) Pause Young (Allocation Failure) 126M->126M(134M) 15.164ms
[2020-08-10T13:09:51.464+0300][1531.008s][info ][gc] GC(50421) Pause Young (Allocation Failure) 126M->126M(134M) 15.165ms
[2020-08-10T13:09:51.490+0300][1531.033s][info ][gc] GC(50422) Pause Young (Allocation Failure) 127M->126M(134M) 24.705ms
[2020-08-10T13:09:51.505+0300][1531.048s][info ][gc] GC(50423) Pause Young (Allocation Failure) 127M->127M(134M) 15.015ms
[2020-08-10T13:09:51.530+0300][1531.073s][info ][gc] GC(50424) Pause Young (Allocation Failure) 127M->127M(134M) 24.915ms
[2020-08-10T13:09:51.546+0300][1531.089s][info ][gc] GC(50425) Pause Young (Allocation Failure) 128M->128M(134M) 15.647ms
[2020-08-10T13:09:51.562+0300][1531.105s][info ][gc] GC(50426) Pause Young (Allocation Failure) 128M->128M(134M) 15.257ms
[2020-08-10T13:09:51.584+0300][1531.127s][info ][gc] GC(50427) Pause Young (Allocation Failure) 129M->129M(134M) 21.245ms
[2020-08-10T13:09:51.599+0300][1531.143s][info ][gc] GC(50428) Pause Young (Allocation Failure) 129M->129M(134M) 15.311ms
[2020-08-10T13:09:51.615+0300][1531.158s][info ][gc] GC(50429) Pause Young (Allocation Failure) 130M->130M(134M) 15.219ms
[2020-08-10T13:09:51.631+0300][1531.174s][info ][gc] GC(50430) Pause Young (Allocation Failure) 130M->130M(134M) 15.346ms
[2020-08-10T13:09:51.671+0300][1531.214s][info ][gc] GC(50431) Pause Young (Allocation Failure) 131M->131M(133M) 39.820ms
[2020-08-10T13:09:51.687+0300][1531.230s][info ][gc] GC(50432) Pause Young (Allocation Failure) 131M->131M(134M) 15.417ms
[2020-08-10T13:09:51.703+0300][1531.246s][info ][gc] GC(50433) Pause Young (Allocation Failure) 132M->131M(134M) 15.328ms
[2020-08-10T13:09:51.719+0300][1531.262s][info ][gc] GC(50434) Pause Young (Allocation Failure) 132M->132M(134M) 15.573ms
[2020-08-10T13:09:52.061+0300][1531.604s][debug][gc] GC(50435) Expanding ParOldGen from 135680K by 11264K to 146944K
[2020-08-10T13:09:52.062+0300][1531.605s][info ][gc] GC(50435) Pause Full (Ergonomics) 132M->132M(145M) 342.714ms
[2020-08-10T13:09:52.076+0300][1531.619s][info ][gc] GC(50436) Pause Young (Allocation Failure) 132M->132M(145M) 13.926ms
[2020-08-10T13:09:52.091+0300][1531.635s][info ][gc] GC(50437) Pause Young (Allocation Failure) 133M->133M(145M) 15.227ms
[2020-08-10T13:09:52.107+0300][1531.650s][info ][gc] GC(50438) Pause Young (Allocation Failure) 133M->133M(145M) 15.315ms
[2020-08-10T13:09:52.123+0300][1531.666s][info ][gc] GC(50439) Pause Young (Allocation Failure) 134M->134M(145M) 15.287ms
[2020-08-10T13:09:52.138+0300][1531.681s][info ][gc] GC(50440) Pause Young (Allocation Failure) 134M->134M(145M) 15.124ms
[2020-08-10T13:09:52.154+0300][1531.697s][info ][gc] GC(50441) Pause Young (Allocation Failure) 134M->134M(145M) 15.443ms
[2020-08-10T13:09:52.170+0300][1531.713s][info ][gc] GC(50442) Pause Young (Allocation Failure) 135M->135M(145M) 15.463ms
[2020-08-10T13:09:52.170+0300][1531.713s][debug][gc] Expanding ParOldGen from 146944K by 19968K to 166912K
[2020-08-10T13:09:52.193+0300][1531.736s][info ][gc] GC(50443) Pause Young (Allocation Failure) 155M->154M(164M) 14.548ms
[2020-08-10T13:09:52.207+0300][1531.750s][info ][gc] GC(50444) Pause Young (Allocation Failure) 155M->155M(164M) 13.493ms
[2020-08-10T13:09:52.220+0300][1531.763s][info ][gc] GC(50445) Pause Young (Allocation Failure) 155M->155M(164M) 13.153ms
[2020-08-10T13:09:52.254+0300][1531.797s][info ][gc] GC(50446) Pause Young (Allocation Failure) 156M->156M(164M) 33.198ms
[2020-08-10T13:09:52.268+0300][1531.811s][info ][gc] GC(50447) Pause Young (Allocation Failure) 156M->156M(164M) 13.280ms
[2020-08-10T13:09:52.281+0300][1531.824s][info ][gc] GC(50448) Pause Young (Allocation Failure) 157M->157M(164M) 13.234ms
[2020-08-10T13:09:52.299+0300][1531.842s][info ][gc] GC(50449) Pause Young (Allocation Failure) 157M->157M(164M) 17.412ms
[2020-08-10T13:09:52.313+0300][1531.856s][info ][gc] GC(50450) Pause Young (Allocation Failure) 158M->158M(164M) 13.171ms
[2020-08-10T13:09:52.345+0300][1531.889s][info ][gc] GC(50451) Pause Young (Allocation Failure) 158M->158M(164M) 32.436ms
[2020-08-10T13:09:52.359+0300][1531.902s][info ][gc] GC(50452) Pause Young (Allocation Failure) 159M->158M(164M) 13.090ms
[2020-08-10T13:09:52.372+0300][1531.915s][info ][gc] GC(50453) Pause Young (Allocation Failure) 159M->159M(164M) 13.071ms
[2020-08-10T13:09:52.398+0300][1531.941s][info ][gc] GC(50454) Pause Young (Allocation Failure) 159M->159M(164M) 25.426ms
[2020-08-10T13:09:52.411+0300][1531.955s][info ][gc] GC(50455) Pause Young (Allocation Failure) 160M->160M(164M) 13.081ms
[2020-08-10T13:09:52.425+0300][1531.968s][info ][gc] GC(50456) Pause Young (Allocation Failure) 160M->160M(164M) 13.073ms
[2020-08-10T13:09:52.438+0300][1531.982s][info ][gc] GC(50457) Pause Young (Allocation Failure) 161M->161M(164M) 13.308ms
[2020-08-10T13:09:52.471+0300][1532.014s][info ][gc] GC(50458) Pause Young (Allocation Failure) 161M->161M(164M) 32.342ms
[2020-08-10T13:09:52.485+0300][1532.028s][info ][gc] GC(50459) Pause Young (Allocation Failure) 162M->162M(164M) 13.607ms
[2020-08-10T13:09:52.499+0300][1532.042s][info ][gc] GC(50460) Pause Young (Allocation Failure) 162M->162M(164M) 13.639ms
[2020-08-10T13:09:52.513+0300][1532.056s][info ][gc] GC(50461) Pause Young (Allocation Failure) 163M->163M(164M) 13.354ms
[2020-08-10T13:09:52.583+0300][1532.126s][debug][gc] GC(50462) Shrinking ParOldGen from 166912K by 125952K to 40960K
[2020-08-10T13:09:52.583+0300][1532.126s][info ][gc] GC(50462) Pause Full (Ergonomics) 163M->29M(41M) 69.896ms
[2020-08-10T13:09:52.596+0300][1532.139s][info ][gc] GC(50463) Pause Young (Allocation Failure) 29M->29M(41M) 12.611ms
[2020-08-10T13:09:52.609+0300][1532.152s][info ][gc] GC(50464) Pause Young (Allocation Failure) 30M->30M(41M) 12.802ms
[2020-08-10T13:09:52.623+0300][1532.166s][info ][gc] GC(50465) Pause Young (Allocation Failure) 30M->30M(41M) 12.987ms
[2020-08-10T13:09:52.636+0300][1532.179s][info ][gc] GC(50466) Pause Young (Allocation Failure) 31M->31M(41M) 12.977ms
[2020-08-10T13:09:52.649+0300][1532.192s][info ][gc] GC(50467) Pause Young (Allocation Failure) 31M->31M(41M) 12.917ms
[2020-08-10T13:09:52.663+0300][1532.206s][info ][gc] GC(50468) Pause Young (Allocation Failure) 32M->32M(41M) 12.921ms
[2020-08-10T13:09:52.676+0300][1532.219s][info ][gc] GC(50469) Pause Young (Allocation Failure) 32M->32M(41M) 13.029ms
[2020-08-10T13:09:52.689+0300][1532.233s][info ][gc] GC(50470) Pause Young (Allocation Failure) 33M->33M(41M) 12.989ms
[2020-08-10T13:09:52.703+0300][1532.246s][info ][gc] GC(50471) Pause Young (Allocation Failure) 33M->33M(41M) 12.914ms
[2020-08-10T13:09:52.716+0300][1532.259s][info ][gc] GC(50472) Pause Young (Allocation Failure) 33M->33M(41M) 12.720ms
[2020-08-10T13:09:52.729+0300][1532.272s][info ][gc] GC(50473) Pause Young (Allocation Failure) 34M->34M(41M) 12.942ms
[2020-08-10T13:09:52.743+0300][1532.286s][info ][gc] GC(50474) Pause Young (Allocation Failure) 34M->34M(41M) 12.944ms
[2020-08-10T13:09:52.756+0300][1532.299s][info ][gc] GC(50475) Pause Young (Allocation Failure) 35M->35M(41M) 12.963ms
[2020-08-10T13:09:52.770+0300][1532.313s][info ][gc] GC(50476) Pause Young (Allocation Failure) 35M->35M(41M) 13.158ms
[2020-08-10T13:09:52.783+0300][1532.326s][info ][gc] GC(50477) Pause Young (Allocation Failure) 36M->36M(41M) 13.143ms
[2020-08-10T13:09:52.797+0300][1532.340s][info ][gc] GC(50478) Pause Young (Allocation Failure) 37M->37M(42M) 13.245ms
[2020-08-10T13:09:52.811+0300][1532.354s][info ][gc] GC(50479) Pause Young (Allocation Failure) 38M->38M(42M) 13.536ms
[2020-08-10T13:09:52.825+0300][1532.368s][info ][gc] GC(50480) Pause Young (Allocation Failure) 39M->39M(42M) 13.459ms
[2020-08-10T13:09:52.839+0300][1532.382s][info ][gc] GC(50481) Pause Young (Allocation Failure) 40M->40M(42M) 13.544ms
[2020-08-10T13:09:52.920+0300][1532.463s][debug][gc] GC(50482) Expanding ParOldGen from 40960K by 11264K to 52224K
[2020-08-10T13:09:52.920+0300][1532.463s][info ][gc] GC(50482) Pause Full (Ergonomics) 40M->40M(53M) 80.651ms
[2020-08-10T13:09:52.938+0300][1532.481s][info ][gc] GC(50483) Pause Young (Allocation Failure) 41M->41M(53M) 17.888ms
[2020-08-10T13:09:52.952+0300][1532.496s][info ][gc] GC(50484) Pause Young (Allocation Failure) 42M->42M(53M) 13.553ms
[2020-08-10T13:09:52.967+0300][1532.510s][info ][gc] GC(50485) Pause Young (Allocation Failure) 43M->43M(53M) 13.565ms
[2020-08-10T13:09:52.981+0300][1532.524s][info ][gc] GC(50486) Pause Young (Allocation Failure) 44M->44M(53M) 13.512ms
[2020-08-10T13:09:52.995+0300][1532.538s][info ][gc] GC(50487) Pause Young (Allocation Failure) 45M->44M(53M) 13.489ms
[2020-08-10T13:09:53.009+0300][1532.552s][info ][gc] GC(50488) Pause Young (Allocation Failure) 45M->45M(53M) 13.555ms
[2020-08-10T13:09:53.023+0300][1532.566s][info ][gc] GC(50489) Pause Young (Allocation Failure) 46M->46M(53M) 13.576ms
[2020-08-10T13:09:53.037+0300][1532.580s][info ][gc] GC(50490) Pause Young (Allocation Failure) 47M->47M(53M) 13.445ms
[2020-08-10T13:09:53.051+0300][1532.594s][info ][gc] GC(50491) Pause Young (Allocation Failure) 48M->48M(53M) 13.406ms
[2020-08-10T13:09:53.064+0300][1532.608s][info ][gc] GC(50492) Pause Young (Allocation Failure) 49M->49M(53M) 13.325ms
[2020-08-10T13:09:53.078+0300][1532.622s][info ][gc] GC(50493) Pause Young (Allocation Failure) 50M->50M(53M) 13.563ms
[2020-08-10T13:09:53.093+0300][1532.636s][info ][gc] GC(50494) Pause Young (Allocation Failure) 51M->51M(53M) 13.552ms
[2020-08-10T13:09:53.195+0300][1532.738s][debug][gc] GC(50495) Expanding ParOldGen from 52224K by 11776K to 64000K
[2020-08-10T13:09:53.195+0300][1532.738s][info ][gc] GC(50495) Pause Full (Ergonomics) 51M->51M(65M) 101.891ms
[2020-08-10T13:09:53.216+0300][1532.759s][info ][gc] GC(50496) Pause Young (Allocation Failure) 52M->52M(65M) 20.358ms
[2020-08-10T13:09:53.230+0300][1532.773s][info ][gc] GC(50497) Pause Young (Allocation Failure) 53M->53M(65M) 13.507ms
[2020-08-10T13:09:53.244+0300][1532.787s][info ][gc] GC(50498) Pause Young (Allocation Failure) 54M->54M(65M) 13.485ms
[2020-08-10T13:09:53.258+0300][1532.801s][info ][gc] GC(50499) Pause Young (Allocation Failure) 55M->55M(65M) 13.599ms
[2020-08-10T13:09:53.272+0300][1532.815s][info ][gc] GC(50500) Pause Young (Allocation Failure) 56M->56M(65M) 13.656ms
[2020-08-10T13:09:53.293+0300][1532.837s][info ][gc] GC(50501) Pause Young (Allocation Failure) 57M->57M(65M) 21.177ms
[2020-08-10T13:09:53.307+0300][1532.851s][info ][gc] GC(50502) Pause Young (Allocation Failure) 58M->58M(65M) 13.504ms
[2020-08-10T13:09:53.321+0300][1532.865s][info ][gc] GC(50503) Pause Young (Allocation Failure) 59M->58M(65M) 13.530ms
[2020-08-10T13:09:53.335+0300][1532.878s][info ][gc] GC(50504) Pause Young (Allocation Failure) 59M->59M(65M) 13.394ms
[2020-08-10T13:09:53.349+0300][1532.892s][info ][gc] GC(50505) Pause Young (Allocation Failure) 60M->60M(65M) 13.433ms
[2020-08-10T13:09:53.363+0300][1532.907s][info ][gc] GC(50506) Pause Young (Allocation Failure) 61M->61M(65M) 13.672ms
[2020-08-10T13:09:53.378+0300][1532.921s][info ][gc] GC(50507) Pause Young (Allocation Failure) 62M->62M(65M) 13.648ms
[2020-08-10T13:09:53.517+0300][1533.060s][debug][gc] GC(50508) Expanding ParOldGen from 64000K by 11264K to 75264K
[2020-08-10T13:09:53.517+0300][1533.060s][info ][gc] GC(50508) Pause Full (Ergonomics) 62M->62M(76M) 139.106ms
[2020-08-10T13:09:53.543+0300][1533.086s][info ][gc] GC(50509) Pause Young (Allocation Failure) 63M->63M(76M) 25.175ms
[2020-08-10T13:09:53.557+0300][1533.100s][info ][gc] GC(50510) Pause Young (Allocation Failure) 64M->64M(76M) 13.859ms
[2020-08-10T13:09:53.571+0300][1533.115s][info ][gc] GC(50511) Pause Young (Allocation Failure) 65M->65M(76M) 13.705ms
[2020-08-10T13:09:53.586+0300][1533.129s][info ][gc] GC(50512) Pause Young (Allocation Failure) 66M->66M(76M) 13.836ms
[2020-08-10T13:09:53.600+0300][1533.143s][info ][gc] GC(50513) Pause Young (Allocation Failure) 67M->67M(76M) 13.562ms
[2020-08-10T13:09:53.614+0300][1533.157s][info ][gc] GC(50514) Pause Young (Allocation Failure) 68M->68M(76M) 13.627ms
[2020-08-10T13:09:53.628+0300][1533.171s][info ][gc] GC(50515) Pause Young (Allocation Failure) 69M->69M(76M) 13.566ms
[2020-08-10T13:09:53.642+0300][1533.185s][info ][gc] GC(50516) Pause Young (Allocation Failure) 70M->70M(76M) 13.774ms
[2020-08-10T13:09:53.656+0300][1533.200s][info ][gc] GC(50517) Pause Young (Allocation Failure) 71M->71M(76M) 13.671ms
[2020-08-10T13:09:53.671+0300][1533.214s][info ][gc] GC(50518) Pause Young (Allocation Failure) 72M->72M(76M) 13.668ms
[2020-08-10T13:09:53.685+0300][1533.228s][info ][gc] GC(50519) Pause Young (Allocation Failure) 73M->73M(76M) 13.684ms
[2020-08-10T13:09:53.699+0300][1533.242s][info ][gc] GC(50520) Pause Young (Allocation Failure) 74M->74M(76M) 13.748ms
[2020-08-10T13:09:53.877+0300][1533.421s][debug][gc] GC(50521) Expanding ParOldGen from 75264K by 11776K to 87040K
[2020-08-10T13:09:53.878+0300][1533.421s][info ][gc] GC(50521) Pause Full (Ergonomics) 74M->73M(87M) 178.495ms
[2020-08-10T13:09:53.908+0300][1533.451s][info ][gc] GC(50522) Pause Young (Allocation Failure) 74M->74M(87M) 29.349ms
[2020-08-10T13:09:53.922+0300][1533.465s][info ][gc] GC(50523) Pause Young (Allocation Failure) 75M->75M(87M) 13.887ms
[2020-08-10T13:09:53.948+0300][1533.491s][info ][gc] GC(50524) Pause Young (Allocation Failure) 76M->76M(87M) 25.125ms
[2020-08-10T13:09:53.962+0300][1533.505s][info ][gc] GC(50525) Pause Young (Allocation Failure) 77M->77M(87M) 13.856ms
[2020-08-10T13:09:53.976+0300][1533.519s][info ][gc] GC(50526) Pause Young (Allocation Failure) 78M->78M(87M) 13.724ms
[2020-08-10T13:09:53.990+0300][1533.534s][info ][gc] GC(50527) Pause Young (Allocation Failure) 79M->79M(87M) 13.789ms
[2020-08-10T13:09:54.005+0300][1533.548s][info ][gc] GC(50528) Pause Young (Allocation Failure) 80M->80M(87M) 13.831ms
[2020-08-10T13:09:54.019+0300][1533.562s][info ][gc] GC(50529) Pause Young (Allocation Failure) 81M->81M(87M) 13.793ms
[2020-08-10T13:09:54.034+0300][1533.577s][info ][gc] GC(50530) Pause Young (Allocation Failure) 82M->82M(87M) 14.338ms
[2020-08-10T13:09:54.049+0300][1533.592s][info ][gc] GC(50531) Pause Young (Allocation Failure) 83M->83M(87M) 13.982ms
[2020-08-10T13:09:54.063+0300][1533.606s][info ][gc] GC(50532) Pause Young (Allocation Failure) 84M->84M(87M) 14.045ms
[2020-08-10T13:09:54.078+0300][1533.621s][info ][gc] GC(50533) Pause Young (Allocation Failure) 85M->85M(87M) 14.332ms
[2020-08-10T13:09:54.277+0300][1533.820s][debug][gc] GC(50534) Expanding ParOldGen from 87040K by 11264K to 98304K
[2020-08-10T13:09:54.277+0300][1533.820s][info ][gc] GC(50534) Pause Full (Ergonomics) 85M->85M(98M) 198.871ms
[2020-08-10T13:09:54.309+0300][1533.852s][info ][gc] GC(50535) Pause Young (Allocation Failure) 86M->86M(98M) 30.979ms
[2020-08-10T13:09:54.323+0300][1533.867s][info ][gc] GC(50536) Pause Young (Allocation Failure) 87M->87M(98M) 14.260ms
[2020-08-10T13:09:54.338+0300][1533.882s][info ][gc] GC(50537) Pause Young (Allocation Failure) 88M->88M(98M) 14.458ms
[2020-08-10T13:09:54.353+0300][1533.897s][info ][gc] GC(50538) Pause Young (Allocation Failure) 89M->89M(98M) 14.522ms
[2020-08-10T13:09:54.368+0300][1533.912s][info ][gc] GC(50539) Pause Young (Allocation Failure) 90M->89M(97M) 14.552ms
[2020-08-10T13:09:54.382+0300][1533.926s][info ][gc] GC(50540) Pause Young (Allocation Failure) 90M->90M(98M) 13.555ms
[2020-08-10T13:09:54.398+0300][1533.941s][info ][gc] GC(50541) Pause Young (Allocation Failure) 91M->91M(98M) 14.802ms
[2020-08-10T13:09:54.413+0300][1533.956s][info ][gc] GC(50542) Pause Young (Allocation Failure) 92M->92M(98M) 14.786ms
[2020-08-10T13:09:54.428+0300][1533.971s][info ][gc] GC(50543) Pause Young (Allocation Failure) 93M->93M(98M) 14.676ms
[2020-08-10T13:09:54.443+0300][1533.986s][info ][gc] GC(50544) Pause Young (Allocation Failure) 94M->94M(98M) 14.799ms
[2020-08-10T13:09:54.458+0300][1534.001s][info ][gc] GC(50545) Pause Young (Allocation Failure) 95M->95M(98M) 14.779ms
[2020-08-10T13:09:54.474+0300][1534.017s][info ][gc] GC(50546) Pause Young (Allocation Failure) 96M->96M(98M) 14.899ms
[2020-08-10T13:09:54.743+0300][1534.286s][debug][gc] GC(50547) Expanding ParOldGen from 98304K by 11264K to 109568K
[2020-08-10T13:09:54.743+0300][1534.286s][info ][gc] GC(50547) Pause Full (Ergonomics) 96M->96M(109M) 269.614ms
[2020-08-10T13:09:54.790+0300][1534.334s][info ][gc] GC(50548) Pause Young (Allocation Failure) 97M->97M(109M) 46.760ms
[2020-08-10T13:09:54.806+0300][1534.349s][info ][gc] GC(50549) Pause Young (Allocation Failure) 98M->98M(109M) 15.119ms
[2020-08-10T13:09:54.822+0300][1534.365s][info ][gc] GC(50550) Pause Young (Allocation Failure) 99M->99M(109M) 15.338ms
[2020-08-10T13:09:54.849+0300][1534.392s][info ][gc] GC(50551) Pause Young (Allocation Failure) 100M->100M(109M) 26.967ms
[2020-08-10T13:09:54.865+0300][1534.408s][info ][gc] GC(50552) Pause Young (Allocation Failure) 101M->101M(109M) 15.313ms
[2020-08-10T13:09:54.881+0300][1534.424s][info ][gc] GC(50553) Pause Young (Allocation Failure) 102M->102M(109M) 15.652ms
[2020-08-10T13:09:54.897+0300][1534.440s][info ][gc] GC(50554) Pause Young (Allocation Failure) 103M->103M(109M) 15.778ms
[2020-08-10T13:09:54.914+0300][1534.457s][info ][gc] GC(50555) Pause Young (Allocation Failure) 104M->104M(109M) 16.077ms
[2020-08-10T13:09:54.930+0300][1534.474s][info ][gc] GC(50556) Pause Young (Allocation Failure) 105M->105M(109M) 16.159ms
[2020-08-10T13:09:54.947+0300][1534.490s][info ][gc] GC(50557) Pause Young (Allocation Failure) 106M->106M(109M) 15.673ms
[2020-08-10T13:09:54.963+0300][1534.506s][info ][gc] GC(50558) Pause Young (Allocation Failure) 107M->106M(109M) 16.007ms
[2020-08-10T13:09:55.225+0300][1534.768s][debug][gc] GC(50559) Expanding ParOldGen from 109568K by 11264K to 120832K
[2020-08-10T13:09:55.225+0300][1534.769s][info ][gc] GC(50559) Pause Full (Ergonomics) 106M->106M(120M) 261.915ms
[2020-08-10T13:09:55.239+0300][1534.782s][info ][gc] GC(50560) Pause Young (Allocation Failure) 107M->107M(120M) 13.314ms
[2020-08-10T13:09:55.256+0300][1534.799s][info ][gc] GC(50561) Pause Young (Allocation Failure) 108M->108M(120M) 15.769ms
[2020-08-10T13:09:55.272+0300][1534.815s][info ][gc] GC(50562) Pause Young (Allocation Failure) 109M->109M(120M) 15.799ms
[2020-08-10T13:09:55.288+0300][1534.832s][info ][gc] GC(50563) Pause Young (Allocation Failure) 110M->110M(120M) 16.023ms
[2020-08-10T13:09:55.305+0300][1534.848s][info ][gc] GC(50564) Pause Young (Allocation Failure) 111M->111M(120M) 16.273ms
[2020-08-10T13:09:55.322+0300][1534.865s][info ][gc] GC(50565) Pause Young (Allocation Failure) 112M->112M(120M) 16.337ms
[2020-08-10T13:09:55.338+0300][1534.882s][info ][gc] GC(50566) Pause Young (Allocation Failure) 113M->113M(120M) 15.904ms
[2020-08-10T13:09:55.355+0300][1534.898s][info ][gc] GC(50567) Pause Young (Allocation Failure) 114M->114M(120M) 16.423ms
[2020-08-10T13:09:55.372+0300][1534.915s][info ][gc] GC(50568) Pause Young (Allocation Failure) 115M->115M(120M) 16.441ms
[2020-08-10T13:09:55.390+0300][1534.933s][info ][gc] GC(50569) Pause Young (Allocation Failure) 116M->116M(120M) 16.808ms
[2020-08-10T13:09:55.407+0300][1534.950s][info ][gc] GC(50570) Pause Young (Allocation Failure) 117M->117M(120M) 16.671ms
[2020-08-10T13:09:55.431+0300][1534.974s][info ][gc] GC(50571) Pause Young (Allocation Failure) 118M->118M(120M) 23.569ms
[2020-08-10T13:09:55.726+0300][1535.270s][debug][gc] GC(50572) Expanding ParOldGen from 120832K by 11264K to 132096K
[2020-08-10T13:09:55.726+0300][1535.270s][info ][gc] GC(50572) Pause Full (Ergonomics) 118M->118M(131M) 295.270ms
[2020-08-10T13:09:55.758+0300][1535.302s][info ][gc] GC(50573) Pause Young (Allocation Failure) 119M->119M(131M) 31.326ms
[2020-08-10T13:09:55.776+0300][1535.319s][info ][gc] GC(50574) Pause Young (Allocation Failure) 120M->120M(131M) 16.979ms
[2020-08-10T13:09:55.794+0300][1535.337s][info ][gc] GC(50575) Pause Young (Allocation Failure) 121M->121M(131M) 17.461ms
[2020-08-10T13:09:55.812+0300][1535.355s][info ][gc] GC(50576) Pause Young (Allocation Failure) 122M->121M(131M) 17.636ms
[2020-08-10T13:09:55.830+0300][1535.373s][info ][gc] GC(50577) Pause Young (Allocation Failure) 122M->122M(131M) 17.368ms
[2020-08-10T13:09:55.848+0300][1535.391s][info ][gc] GC(50578) Pause Young (Allocation Failure) 123M->123M(131M) 17.585ms
[2020-08-10T13:09:55.866+0300][1535.409s][info ][gc] GC(50579) Pause Young (Allocation Failure) 124M->124M(131M) 17.768ms
[2020-08-10T13:09:55.884+0300][1535.428s][info ][gc] GC(50580) Pause Young (Allocation Failure) 125M->125M(131M) 17.809ms
[2020-08-10T13:09:55.903+0300][1535.446s][info ][gc] GC(50581) Pause Young (Allocation Failure) 126M->126M(131M) 18.140ms
[2020-08-10T13:09:55.922+0300][1535.465s][info ][gc] GC(50582) Pause Young (Allocation Failure) 127M->127M(131M) 18.033ms
[2020-08-10T13:09:55.940+0300][1535.483s][info ][gc] GC(50583) Pause Young (Allocation Failure) 128M->128M(131M) 17.935ms
[2020-08-10T13:09:55.959+0300][1535.502s][info ][gc] GC(50584) Pause Young (Allocation Failure) 129M->129M(131M) 18.027ms
[2020-08-10T13:09:56.294+0300][1535.837s][debug][gc] GC(50585) Expanding ParOldGen from 132096K by 11776K to 143872K
[2020-08-10T13:09:56.294+0300][1535.838s][info ][gc] GC(50585) Pause Full (Ergonomics) 129M->129M(143M) 335.427ms
[2020-08-10T13:09:56.328+0300][1535.871s][info ][gc] GC(50586) Pause Young (Allocation Failure) 130M->130M(143M) 32.969ms
[2020-08-10T13:09:56.347+0300][1535.890s][info ][gc] GC(50587) Pause Young (Allocation Failure) 131M->131M(143M) 18.412ms
[2020-08-10T13:09:56.365+0300][1535.908s][info ][gc] GC(50588) Pause Young (Allocation Failure) 132M->132M(143M) 17.847ms
[2020-08-10T13:09:56.384+0300][1535.927s][info ][gc] GC(50589) Pause Young (Allocation Failure) 133M->133M(143M) 18.291ms
[2020-08-10T13:09:56.403+0300][1535.946s][info ][gc] GC(50590) Pause Young (Allocation Failure) 134M->134M(143M) 18.627ms
[2020-08-10T13:09:56.422+0300][1535.965s][info ][gc] GC(50591) Pause Young (Allocation Failure) 135M->135M(143M) 18.488ms
[2020-08-10T13:09:56.422+0300][1535.965s][debug][gc] Expanding ParOldGen from 143872K by 19968K to 163840K
[2020-08-10T13:09:56.448+0300][1535.991s][info ][gc] GC(50592) Pause Young (Allocation Failure) 155M->155M(162M) 17.378ms
[2020-08-10T13:09:56.463+0300][1536.006s][info ][gc] GC(50593) Pause Young (Allocation Failure) 156M->156M(162M) 14.752ms
[2020-08-10T13:09:56.477+0300][1536.020s][info ][gc] GC(50594) Pause Young (Allocation Failure) 157M->157M(162M) 13.871ms
[2020-08-10T13:09:56.492+0300][1536.035s][info ][gc] GC(50595) Pause Young (Allocation Failure) 158M->158M(162M) 13.952ms
[2020-08-10T13:09:56.506+0300][1536.049s][info ][gc] GC(50596) Pause Young (Allocation Failure) 159M->158M(162M) 13.898ms
[2020-08-10T13:09:56.535+0300][1536.078s][info ][gc] GC(50597) Pause Young (Allocation Failure) 159M->159M(162M) 28.185ms
[2020-08-10T13:09:56.583+0300][1536.126s][debug][gc] GC(50598) Shrinking ParOldGen from 163840K by 125440K to 38400K
[2020-08-10T13:09:56.583+0300][1536.126s][info ][gc] GC(50598) Pause Full (Ergonomics) 159M->26M(40M) 47.794ms
[2020-08-10T13:09:56.596+0300][1536.139s][info ][gc] GC(50599) Pause Young (Allocation Failure) 27M->27M(40M) 12.831ms
[2020-08-10T13:09:56.610+0300][1536.153s][info ][gc] GC(50600) Pause Young (Allocation Failure) 28M->28M(40M) 13.166ms
[2020-08-10T13:09:56.624+0300][1536.167s][info ][gc] GC(50601) Pause Young (Allocation Failure) 29M->29M(40M) 13.587ms
[2020-08-10T13:09:56.637+0300][1536.181s][info ][gc] GC(50602) Pause Young (Allocation Failure) 30M->30M(40M) 13.288ms
[2020-08-10T13:09:56.651+0300][1536.194s][info ][gc] GC(50603) Pause Young (Allocation Failure) 31M->31M(40M) 13.341ms
[2020-08-10T13:09:56.665+0300][1536.208s][info ][gc] GC(50604) Pause Young (Allocation Failure) 32M->31M(40M) 13.180ms
[2020-08-10T13:09:56.678+0300][1536.222s][info ][gc] GC(50605) Pause Young (Allocation Failure) 32M->32M(40M) 13.400ms
[2020-08-10T13:09:56.692+0300][1536.236s][info ][gc] GC(50606) Pause Young (Allocation Failure) 33M->33M(40M) 13.369ms
[2020-08-10T13:09:56.706+0300][1536.250s][info ][gc] GC(50607) Pause Young (Allocation Failure) 34M->34M(40M) 13.519ms
[2020-08-10T13:09:56.720+0300][1536.264s][info ][gc] GC(50608) Pause Young (Allocation Failure) 35M->35M(39M) 13.514ms
[2020-08-10T13:09:56.735+0300][1536.278s][info ][gc] GC(50609) Pause Young (Allocation Failure) 36M->36M(39M) 13.605ms
[2020-08-10T13:09:56.748+0300][1536.292s][info ][gc] GC(50610) Pause Young (Allocation Failure) 37M->37M(39M) 13.510ms
[2020-08-10T13:09:56.815+0300][1536.359s][debug][gc] GC(50611) Expanding ParOldGen from 38400K by 11264K to 49664K
[2020-08-10T13:09:56.816+0300][1536.359s][info ][gc] GC(50611) Pause Full (Ergonomics) 37M->37M(50M) 66.796ms
[2020-08-10T13:09:56.834+0300][1536.377s][info ][gc] GC(50612) Pause Young (Allocation Failure) 38M->38M(51M) 17.989ms
[2020-08-10T13:09:56.848+0300][1536.392s][info ][gc] GC(50613) Pause Young (Allocation Failure) 39M->39M(51M) 13.700ms
[2020-08-10T13:09:56.862+0300][1536.406s][info ][gc] GC(50614) Pause Young (Allocation Failure) 40M->40M(51M) 13.556ms
[2020-08-10T13:09:56.877+0300][1536.420s][info ][gc] GC(50615) Pause Young (Allocation Failure) 41M->41M(51M) 13.475ms
[2020-08-10T13:09:56.891+0300][1536.434s][info ][gc] GC(50616) Pause Young (Allocation Failure) 42M->42M(51M) 13.665ms
[2020-08-10T13:09:56.905+0300][1536.448s][info ][gc] GC(50617) Pause Young (Allocation Failure) 43M->43M(51M) 13.496ms
[2020-08-10T13:09:56.919+0300][1536.462s][info ][gc] GC(50618) Pause Young (Allocation Failure) 44M->44M(51M) 13.574ms
[2020-08-10T13:09:56.933+0300][1536.477s][info ][gc] GC(50619) Pause Young (Allocation Failure) 45M->45M(51M) 13.729ms
[2020-08-10T13:09:56.947+0300][1536.491s][info ][gc] GC(50620) Pause Young (Allocation Failure) 46M->46M(51M) 13.485ms
[2020-08-10T13:09:56.961+0300][1536.505s][info ][gc] GC(50621) Pause Young (Allocation Failure) 47M->47M(51M) 13.470ms
[2020-08-10T13:09:56.975+0300][1536.519s][info ][gc] GC(50622) Pause Young (Allocation Failure) 48M->48M(51M) 13.596ms
[2020-08-10T13:09:56.990+0300][1536.533s][info ][gc] GC(50623) Pause Young (Allocation Failure) 49M->48M(51M) 13.684ms
[2020-08-10T13:09:57.084+0300][1536.627s][debug][gc] GC(50624) Expanding ParOldGen from 49664K by 11776K to 61440K
[2020-08-10T13:09:57.084+0300][1536.627s][info ][gc] GC(50624) Pause Full (Ergonomics) 48M->48M(62M) 93.919ms
[2020-08-10T13:09:57.104+0300][1536.647s][info ][gc] GC(50625) Pause Young (Allocation Failure) 49M->49M(62M) 19.947ms
[2020-08-10T13:09:57.118+0300][1536.662s][info ][gc] GC(50626) Pause Young (Allocation Failure) 50M->50M(62M) 13.598ms
[2020-08-10T13:09:57.132+0300][1536.676s][info ][gc] GC(50627) Pause Young (Allocation Failure) 51M->51M(62M) 13.662ms
[2020-08-10T13:09:57.147+0300][1536.690s][info ][gc] GC(50628) Pause Young (Allocation Failure) 52M->52M(62M) 13.658ms
[2020-08-10T13:09:57.161+0300][1536.704s][info ][gc] GC(50629) Pause Young (Allocation Failure) 53M->53M(62M) 13.549ms
[2020-08-10T13:09:57.175+0300][1536.718s][info ][gc] GC(50630) Pause Young (Allocation Failure) 54M->54M(62M) 13.561ms
[2020-08-10T13:09:57.189+0300][1536.732s][info ][gc] GC(50631) Pause Young (Allocation Failure) 55M->55M(62M) 13.428ms
[2020-08-10T13:09:57.203+0300][1536.746s][info ][gc] GC(50632) Pause Young (Allocation Failure) 56M->56M(62M) 13.569ms
[2020-08-10T13:09:57.217+0300][1536.760s][info ][gc] GC(50633) Pause Young (Allocation Failure) 57M->57M(62M) 13.628ms
[2020-08-10T13:09:57.231+0300][1536.774s][info ][gc] GC(50634) Pause Young (Allocation Failure) 58M->58M(62M) 13.546ms
[2020-08-10T13:09:57.245+0300][1536.788s][info ][gc] GC(50635) Pause Young (Allocation Failure) 59M->59M(62M) 13.624ms
[2020-08-10T13:09:57.259+0300][1536.802s][info ][gc] GC(50636) Pause Young (Allocation Failure) 60M->60M(62M) 13.470ms
[2020-08-10T13:09:57.395+0300][1536.938s][debug][gc] GC(50637) Expanding ParOldGen from 61440K by 11264K to 72704K
[2020-08-10T13:09:57.395+0300][1536.938s][info ][gc] GC(50637) Pause Full (Ergonomics) 60M->60M(73M) 136.206ms
[2020-08-10T13:09:57.421+0300][1536.965s][info ][gc] GC(50638) Pause Young (Allocation Failure) 61M->61M(73M) 25.746ms
[2020-08-10T13:09:57.436+0300][1536.979s][info ][gc] GC(50639) Pause Young (Allocation Failure) 62M->62M(73M) 13.777ms
[2020-08-10T13:09:57.450+0300][1536.993s][info ][gc] GC(50640) Pause Young (Allocation Failure) 63M->62M(73M) 13.669ms
[2020-08-10T13:09:57.464+0300][1537.007s][info ][gc] GC(50641) Pause Young (Allocation Failure) 63M->63M(73M) 13.549ms
[2020-08-10T13:09:57.478+0300][1537.022s][info ][gc] GC(50642) Pause Young (Allocation Failure) 64M->64M(73M) 13.741ms
[2020-08-10T13:09:57.492+0300][1537.036s][info ][gc] GC(50643) Pause Young (Allocation Failure) 65M->65M(73M) 13.718ms
[2020-08-10T13:09:57.507+0300][1537.050s][info ][gc] GC(50644) Pause Young (Allocation Failure) 66M->66M(73M) 13.647ms
[2020-08-10T13:09:57.521+0300][1537.064s][info ][gc] GC(50645) Pause Young (Allocation Failure) 67M->67M(73M) 13.768ms
[2020-08-10T13:09:57.535+0300][1537.079s][info ][gc] GC(50646) Pause Young (Allocation Failure) 68M->68M(73M) 13.713ms
[2020-08-10T13:09:57.550+0300][1537.093s][info ][gc] GC(50647) Pause Young (Allocation Failure) 69M->69M(73M) 13.758ms
[2020-08-10T13:09:57.564+0300][1537.107s][info ][gc] GC(50648) Pause Young (Allocation Failure) 70M->70M(73M) 13.550ms
[2020-08-10T13:09:57.578+0300][1537.121s][info ][gc] GC(50649) Pause Young (Allocation Failure) 71M->71M(73M) 13.562ms
[2020-08-10T13:09:57.740+0300][1537.283s][debug][gc] GC(50650) Expanding ParOldGen from 72704K by 11776K to 84480K
[2020-08-10T13:09:57.740+0300][1537.283s][info ][gc] GC(50650) Pause Full (Ergonomics) 71M->71M(84M) 162.032ms
[2020-08-10T13:09:57.769+0300][1537.312s][info ][gc] GC(50651) Pause Young (Allocation Failure) 72M->72M(84M) 28.738ms
[2020-08-10T13:09:57.783+0300][1537.327s][info ][gc] GC(50652) Pause Young (Allocation Failure) 73M->73M(84M) 13.678ms
[2020-08-10T13:09:57.798+0300][1537.341s][info ][gc] GC(50653) Pause Young (Allocation Failure) 74M->74M(84M) 13.740ms
[2020-08-10T13:09:57.812+0300][1537.355s][info ][gc] GC(50654) Pause Young (Allocation Failure) 75M->75M(84M) 13.580ms
[2020-08-10T13:09:57.826+0300][1537.369s][info ][gc] GC(50655) Pause Young (Allocation Failure) 76M->76M(84M) 13.665ms
[2020-08-10T13:09:57.840+0300][1537.384s][info ][gc] GC(50656) Pause Young (Allocation Failure) 77M->77M(84M) 13.836ms
[2020-08-10T13:09:57.855+0300][1537.398s][info ][gc] GC(50657) Pause Young (Allocation Failure) 78M->78M(84M) 13.799ms
[2020-08-10T13:09:57.869+0300][1537.412s][info ][gc] GC(50658) Pause Young (Allocation Failure) 79M->79M(84M) 13.726ms
[2020-08-10T13:09:57.883+0300][1537.427s][info ][gc] GC(50659) Pause Young (Allocation Failure) 80M->79M(84M) 13.793ms
[2020-08-10T13:09:57.897+0300][1537.441s][info ][gc] GC(50660) Pause Young (Allocation Failure) 80M->80M(84M) 13.725ms
[2020-08-10T13:09:57.912+0300][1537.455s][info ][gc] GC(50661) Pause Young (Allocation Failure) 81M->81M(84M) 13.821ms
[2020-08-10T13:09:57.926+0300][1537.470s][info ][gc] GC(50662) Pause Young (Allocation Failure) 82M->82M(84M) 13.997ms
[2020-08-10T13:09:58.113+0300][1537.656s][debug][gc] GC(50663) Expanding ParOldGen from 84480K by 11264K to 95744K
[2020-08-10T13:09:58.113+0300][1537.656s][info ][gc] GC(50663) Pause Full (Ergonomics) 82M->82M(95M) 186.573ms
[2020-08-10T13:09:58.147+0300][1537.690s][info ][gc] GC(50664) Pause Young (Allocation Failure) 83M->83M(95M) 33.183ms
[2020-08-10T13:09:58.161+0300][1537.705s][info ][gc] GC(50665) Pause Young (Allocation Failure) 84M->84M(95M) 14.060ms
[2020-08-10T13:09:58.176+0300][1537.720s][info ][gc] GC(50666) Pause Young (Allocation Failure) 85M->85M(95M) 14.119ms
[2020-08-10T13:09:58.191+0300][1537.734s][info ][gc] GC(50667) Pause Young (Allocation Failure) 86M->86M(95M) 14.195ms
[2020-08-10T13:09:58.206+0300][1537.749s][info ][gc] GC(50668) Pause Young (Allocation Failure) 87M->87M(95M) 14.486ms
[2020-08-10T13:09:58.221+0300][1537.764s][info ][gc] GC(50669) Pause Young (Allocation Failure) 88M->88M(95M) 14.385ms
[2020-08-10T13:09:58.236+0300][1537.779s][info ][gc] GC(50670) Pause Young (Allocation Failure) 89M->89M(95M) 14.545ms
[2020-08-10T13:09:58.251+0300][1537.794s][info ][gc] GC(50671) Pause Young (Allocation Failure) 90M->90M(95M) 14.454ms
[2020-08-10T13:09:58.266+0300][1537.809s][info ][gc] GC(50672) Pause Young (Allocation Failure) 91M->91M(95M) 14.626ms
[2020-08-10T13:09:58.281+0300][1537.824s][info ][gc] GC(50673) Pause Young (Allocation Failure) 92M->92M(95M) 14.915ms
[2020-08-10T13:09:58.296+0300][1537.840s][info ][gc] GC(50674) Pause Young (Allocation Failure) 93M->93M(95M) 14.727ms
[2020-08-10T13:09:58.312+0300][1537.855s][info ][gc] GC(50675) Pause Young (Allocation Failure) 94M->94M(95M) 14.791ms
[2020-08-10T13:09:58.547+0300][1538.090s][debug][gc] GC(50676) Expanding ParOldGen from 95744K by 11264K to 107008K
[2020-08-10T13:09:58.547+0300][1538.091s][info ][gc] GC(50676) Pause Full (Ergonomics) 94M->94M(106M) 235.364ms
[2020-08-10T13:09:58.582+0300][1538.125s][info ][gc] GC(50677) Pause Young (Allocation Failure) 95M->94M(106M) 34.216ms
[2020-08-10T13:09:58.597+0300][1538.141s][info ][gc] GC(50678) Pause Young (Allocation Failure) 95M->95M(106M) 15.076ms
[2020-08-10T13:09:58.613+0300][1538.157s][info ][gc] GC(50679) Pause Young (Allocation Failure) 96M->96M(106M) 15.245ms
[2020-08-10T13:09:58.629+0300][1538.172s][info ][gc] GC(50680) Pause Young (Allocation Failure) 97M->97M(106M) 15.308ms
[2020-08-10T13:09:58.645+0300][1538.188s][info ][gc] GC(50681) Pause Young (Allocation Failure) 98M->98M(106M) 15.274ms
[2020-08-10T13:09:58.661+0300][1538.204s][info ][gc] GC(50682) Pause Young (Allocation Failure) 99M->99M(106M) 15.582ms
[2020-08-10T13:09:58.677+0300][1538.220s][info ][gc] GC(50683) Pause Young (Allocation Failure) 100M->100M(106M) 15.614ms
[2020-08-10T13:09:58.693+0300][1538.236s][info ][gc] GC(50684) Pause Young (Allocation Failure) 101M->101M(106M) 15.518ms
[2020-08-10T13:09:58.709+0300][1538.253s][info ][gc] GC(50685) Pause Young (Allocation Failure) 102M->102M(106M) 15.716ms
[2020-08-10T13:09:58.725+0300][1538.269s][info ][gc] GC(50686) Pause Young (Allocation Failure) 103M->103M(106M) 15.691ms
[2020-08-10T13:09:58.742+0300][1538.285s][info ][gc] GC(50687) Pause Young (Allocation Failure) 104M->104M(106M) 15.880ms
[2020-08-10T13:09:59.040+0300][1538.583s][debug][gc] GC(50688) Expanding ParOldGen from 107008K by 11264K to 118272K
[2020-08-10T13:09:59.040+0300][1538.583s][info ][gc] GC(50688) Pause Full (Ergonomics) 104M->104M(117M) 297.895ms
[2020-08-10T13:09:59.054+0300][1538.597s][info ][gc] GC(50689) Pause Young (Allocation Failure) 105M->105M(117M) 13.248ms
[2020-08-10T13:09:59.070+0300][1538.613s][info ][gc] GC(50690) Pause Young (Allocation Failure) 106M->106M(117M) 15.577ms
[2020-08-10T13:09:59.086+0300][1538.629s][info ][gc] GC(50691) Pause Young (Allocation Failure) 107M->107M(117M) 15.560ms
[2020-08-10T13:09:59.102+0300][1538.646s][info ][gc] GC(50692) Pause Young (Allocation Failure) 108M->108M(117M) 15.731ms
[2020-08-10T13:09:59.119+0300][1538.662s][info ][gc] GC(50693) Pause Young (Allocation Failure) 109M->109M(117M) 16.021ms
[2020-08-10T13:09:59.135+0300][1538.679s][info ][gc] GC(50694) Pause Young (Allocation Failure) 110M->110M(117M) 16.062ms
[2020-08-10T13:09:59.152+0300][1538.695s][info ][gc] GC(50695) Pause Young (Allocation Failure) 111M->111M(117M) 15.916ms
[2020-08-10T13:09:59.168+0300][1538.712s][info ][gc] GC(50696) Pause Young (Allocation Failure) 112M->111M(117M) 16.205ms
[2020-08-10T13:09:59.185+0300][1538.728s][info ][gc] GC(50697) Pause Young (Allocation Failure) 112M->112M(117M) 16.050ms
[2020-08-10T13:09:59.202+0300][1538.745s][info ][gc] GC(50698) Pause Young (Allocation Failure) 113M->113M(117M) 15.926ms
[2020-08-10T13:09:59.219+0300][1538.762s][info ][gc] GC(50699) Pause Young (Allocation Failure) 114M->114M(117M) 16.573ms
[2020-08-10T13:09:59.235+0300][1538.779s][info ][gc] GC(50700) Pause Young (Allocation Failure) 115M->115M(117M) 16.392ms
[2020-08-10T13:09:59.553+0300][1539.096s][debug][gc] GC(50701) Expanding ParOldGen from 118272K by 11264K to 129536K
[2020-08-10T13:09:59.553+0300][1539.096s][info ][gc] GC(50701) Pause Full (Ergonomics) 115M->115M(128M) 317.040ms
[2020-08-10T13:09:59.593+0300][1539.137s][info ][gc] GC(50702) Pause Young (Allocation Failure) 116M->116M(128M) 40.248ms
[2020-08-10T13:09:59.611+0300][1539.155s][info ][gc] GC(50703) Pause Young (Allocation Failure) 117M->117M(128M) 17.522ms
[2020-08-10T13:09:59.629+0300][1539.173s][info ][gc] GC(50704) Pause Young (Allocation Failure) 118M->118M(128M) 17.171ms
[2020-08-10T13:09:59.647+0300][1539.191s][info ][gc] GC(50705) Pause Young (Allocation Failure) 119M->119M(128M) 17.669ms
[2020-08-10T13:09:59.687+0300][1539.230s][info ][gc] GC(50706) Pause Young (Allocation Failure) 119M->119M(128M) 38.808ms
[2020-08-10T13:09:59.702+0300][1539.245s][info ][gc] GC(50707) Pause Young (Allocation Failure) 120M->120M(128M) 14.660ms
[2020-08-10T13:09:59.717+0300][1539.260s][info ][gc] GC(50708) Pause Young (Allocation Failure) 120M->120M(128M) 14.510ms
[2020-08-10T13:09:59.732+0300][1539.275s][info ][gc] GC(50709) Pause Young (Allocation Failure) 121M->121M(128M) 14.804ms
[2020-08-10T13:09:59.747+0300][1539.290s][info ][gc] GC(50710) Pause Young (Allocation Failure) 121M->121M(128M) 14.744ms
[2020-08-10T13:09:59.762+0300][1539.305s][info ][gc] GC(50711) Pause Young (Allocation Failure) 122M->122M(128M) 14.508ms
[2020-08-10T13:09:59.799+0300][1539.343s][info ][gc] GC(50712) Pause Young (Allocation Failure) 122M->122M(128M) 37.410ms
[2020-08-10T13:09:59.827+0300][1539.370s][info ][gc] GC(50713) Pause Young (Allocation Failure) 123M->123M(128M) 26.663ms
[2020-08-10T13:09:59.842+0300][1539.385s][info ][gc] GC(50714) Pause Young (Allocation Failure) 123M->123M(128M) 14.807ms
[2020-08-10T13:09:59.857+0300][1539.401s][info ][gc] GC(50715) Pause Young (Allocation Failure) 124M->124M(128M) 15.016ms
[2020-08-10T13:09:59.892+0300][1539.435s][info ][gc] GC(50716) Pause Young (Allocation Failure) 124M->124M(128M) 33.903ms
[2020-08-10T13:09:59.907+0300][1539.451s][info ][gc] GC(50717) Pause Young (Allocation Failure) 124M->124M(128M) 14.952ms
[2020-08-10T13:09:59.928+0300][1539.471s][info ][gc] GC(50718) Pause Young (Allocation Failure) 125M->125M(128M) 20.135ms
[2020-08-10T13:09:59.944+0300][1539.487s][info ][gc] GC(50719) Pause Young (Allocation Failure) 125M->125M(128M) 15.626ms
[2020-08-10T13:09:59.964+0300][1539.507s][info ][gc] GC(50720) Pause Young (Allocation Failure) 126M->126M(128M) 19.648ms
[2020-08-10T13:10:00.450+0300][1539.993s][debug][gc] GC(50721) Expanding ParOldGen from 129536K by 11264K to 140800K
[2020-08-10T13:10:00.450+0300][1539.994s][info ][gc] GC(50721) Pause Full (Ergonomics) 126M->126M(139M) 486.321ms
[2020-08-10T13:10:00.464+0300][1540.007s][info ][gc] GC(50722) Pause Young (Allocation Failure) 126M->126M(139M) 13.440ms
[2020-08-10T13:10:00.479+0300][1540.023s][info ][gc] GC(50723) Pause Young (Allocation Failure) 127M->126M(138M) 15.061ms
[2020-08-10T13:10:00.494+0300][1540.038s][info ][gc] GC(50724) Pause Young (Allocation Failure) 127M->127M(139M) 14.858ms
[2020-08-10T13:10:00.510+0300][1540.053s][info ][gc] GC(50725) Pause Young (Allocation Failure) 127M->127M(139M) 14.907ms
[2020-08-10T13:10:00.525+0300][1540.069s][info ][gc] GC(50726) Pause Young (Allocation Failure) 128M->128M(139M) 14.944ms
[2020-08-10T13:10:00.541+0300][1540.084s][info ][gc] GC(50727) Pause Young (Allocation Failure) 128M->128M(139M) 15.009ms
[2020-08-10T13:10:00.556+0300][1540.100s][info ][gc] GC(50728) Pause Young (Allocation Failure) 129M->129M(139M) 15.014ms
[2020-08-10T13:10:00.571+0300][1540.115s][info ][gc] GC(50729) Pause Young (Allocation Failure) 129M->129M(139M) 14.807ms
[2020-08-10T13:10:00.587+0300][1540.130s][info ][gc] GC(50730) Pause Young (Allocation Failure) 130M->130M(139M) 14.947ms
[2020-08-10T13:10:00.602+0300][1540.145s][info ][gc] GC(50731) Pause Young (Allocation Failure) 130M->130M(139M) 15.110ms
[2020-08-10T13:10:00.617+0300][1540.161s][info ][gc] GC(50732) Pause Young (Allocation Failure) 131M->131M(139M) 15.078ms
[2020-08-10T13:10:00.633+0300][1540.177s][info ][gc] GC(50733) Pause Young (Allocation Failure) 131M->131M(139M) 15.210ms
[2020-08-10T13:10:00.649+0300][1540.192s][info ][gc] GC(50734) Pause Young (Allocation Failure) 132M->132M(139M) 15.457ms
[2020-08-10T13:10:00.664+0300][1540.208s][info ][gc] GC(50735) Pause Young (Allocation Failure) 132M->132M(139M) 15.091ms
[2020-08-10T13:10:00.680+0300][1540.224s][info ][gc] GC(50736) Pause Young (Allocation Failure) 132M->132M(139M) 15.400ms
[2020-08-10T13:10:00.696+0300][1540.239s][info ][gc] GC(50737) Pause Young (Allocation Failure) 133M->133M(139M) 15.209ms
[2020-08-10T13:10:00.712+0300][1540.255s][info ][gc] GC(50738) Pause Young (Allocation Failure) 133M->133M(139M) 15.230ms
[2020-08-10T13:10:00.727+0300][1540.270s][info ][gc] GC(50739) Pause Young (Allocation Failure) 134M->134M(139M) 15.028ms
[2020-08-10T13:10:00.742+0300][1540.286s][info ][gc] GC(50740) Pause Young (Allocation Failure) 134M->134M(139M) 15.217ms
[2020-08-10T13:10:00.787+0300][1540.330s][info ][gc] GC(50741) Pause Young (Allocation Failure) 135M->135M(139M) 44.177ms
[2020-08-10T13:10:00.803+0300][1540.346s][info ][gc] GC(50742) Pause Young (Allocation Failure) 135M->135M(139M) 15.488ms
[2020-08-10T13:10:00.803+0300][1540.347s][debug][gc] Expanding ParOldGen from 140800K by 19968K to 160768K
[2020-08-10T13:10:00.825+0300][1540.369s][info ][gc] GC(50743) Pause Young (Allocation Failure) 155M->155M(158M) 14.383ms
[2020-08-10T13:10:00.839+0300][1540.383s][info ][gc] GC(50744) Pause Young (Allocation Failure) 155M->155M(158M) 13.181ms
[2020-08-10T13:10:00.852+0300][1540.396s][info ][gc] GC(50745) Pause Young (Allocation Failure) 155M->155M(158M) 12.944ms
[2020-08-10T13:10:00.866+0300][1540.409s][info ][gc] GC(50746) Pause Young (Allocation Failure) 156M->156M(158M) 12.744ms
[2020-08-10T13:10:00.888+0300][1540.432s][info ][gc] GC(50747) Pause Young (Allocation Failure) 156M->156M(158M) 22.424ms
[2020-08-10T13:10:00.902+0300][1540.445s][info ][gc] GC(50748) Pause Young (Allocation Failure) 157M->157M(158M) 12.978ms
[2020-08-10T13:10:00.937+0300][1540.481s][debug][gc] GC(50749) Shrinking ParOldGen from 160768K by 125440K to 35328K
[2020-08-10T13:10:00.937+0300][1540.481s][info ][gc] GC(50749) Pause Full (Ergonomics) 157M->23M(36M) 35.403ms
[2020-08-10T13:10:00.950+0300][1540.493s][info ][gc] GC(50750) Pause Young (Allocation Failure) 24M->24M(36M) 12.521ms
[2020-08-10T13:10:00.963+0300][1540.507s][info ][gc] GC(50751) Pause Young (Allocation Failure) 24M->24M(36M) 12.770ms
[2020-08-10T13:10:00.976+0300][1540.520s][info ][gc] GC(50752) Pause Young (Allocation Failure) 24M->24M(36M) 12.795ms
[2020-08-10T13:10:00.989+0300][1540.533s][info ][gc] GC(50753) Pause Young (Allocation Failure) 25M->25M(36M) 12.798ms
[2020-08-10T13:10:01.002+0300][1540.546s][info ][gc] GC(50754) Pause Young (Allocation Failure) 25M->25M(36M) 12.922ms
[2020-08-10T13:10:01.016+0300][1540.559s][info ][gc] GC(50755) Pause Young (Allocation Failure) 26M->26M(36M) 13.012ms
[2020-08-10T13:10:01.029+0300][1540.573s][info ][gc] GC(50756) Pause Young (Allocation Failure) 26M->26M(36M) 13.017ms
[2020-08-10T13:10:01.043+0300][1540.587s][info ][gc] GC(50757) Pause Young (Allocation Failure) 27M->27M(36M) 13.060ms
[2020-08-10T13:10:01.056+0300][1540.600s][info ][gc] GC(50758) Pause Young (Allocation Failure) 27M->27M(36M) 12.978ms
[2020-08-10T13:10:01.070+0300][1540.613s][info ][gc] GC(50759) Pause Young (Allocation Failure) 28M->28M(36M) 12.999ms
[2020-08-10T13:10:01.083+0300][1540.627s][info ][gc] GC(50760) Pause Young (Allocation Failure) 28M->28M(36M) 13.014ms
[2020-08-10T13:10:01.096+0300][1540.640s][info ][gc] GC(50761) Pause Young (Allocation Failure) 29M->29M(36M) 12.906ms
[2020-08-10T13:10:01.110+0300][1540.653s][info ][gc] GC(50762) Pause Young (Allocation Failure) 29M->29M(36M) 12.877ms
[2020-08-10T13:10:01.123+0300][1540.667s][info ][gc] GC(50763) Pause Young (Allocation Failure) 30M->29M(36M) 12.879ms
[2020-08-10T13:10:01.136+0300][1540.680s][info ][gc] GC(50764) Pause Young (Allocation Failure) 30M->30M(36M) 12.869ms
[2020-08-10T13:10:01.150+0300][1540.693s][info ][gc] GC(50765) Pause Young (Allocation Failure) 30M->30M(36M) 12.914ms
[2020-08-10T13:10:01.163+0300][1540.706s][info ][gc] GC(50766) Pause Young (Allocation Failure) 31M->31M(36M) 12.730ms
[2020-08-10T13:10:01.176+0300][1540.720s][info ][gc] GC(50767) Pause Young (Allocation Failure) 31M->31M(36M) 12.993ms
[2020-08-10T13:10:01.190+0300][1540.733s][info ][gc] GC(50768) Pause Young (Allocation Failure) 32M->32M(36M) 13.136ms
[2020-08-10T13:10:01.204+0300][1540.747s][info ][gc] GC(50769) Pause Young (Allocation Failure) 33M->33M(36M) 13.248ms
[2020-08-10T13:10:01.218+0300][1540.761s][info ][gc] GC(50770) Pause Young (Allocation Failure) 34M->34M(36M) 13.472ms
[2020-08-10T13:10:01.223+0300][1540.767s][debug][gc] GC(50771) Expanding ParOldGen from 35328K by 512K to 35840K
[2020-08-10T13:10:01.232+0300][1540.775s][info ][gc] GC(50771) Pause Young (Allocation Failure) 35M->35M(37M) 13.351ms
[2020-08-10T13:10:01.296+0300][1540.839s][debug][gc] GC(50772) Expanding ParOldGen from 35840K by 11264K to 47104K
[2020-08-10T13:10:01.296+0300][1540.839s][info ][gc] GC(50772) Pause Full (Ergonomics) 35M->35M(48M) 63.737ms
[2020-08-10T13:10:01.313+0300][1540.857s][info ][gc] GC(50773) Pause Young (Allocation Failure) 36M->36M(48M) 16.744ms
[2020-08-10T13:10:01.327+0300][1540.871s][info ][gc] GC(50774) Pause Young (Allocation Failure) 37M->37M(48M) 13.418ms
[2020-08-10T13:10:01.341+0300][1540.884s][info ][gc] GC(50775) Pause Young (Allocation Failure) 38M->38M(48M) 13.376ms
[2020-08-10T13:10:01.355+0300][1540.898s][info ][gc] GC(50776) Pause Young (Allocation Failure) 39M->39M(48M) 13.391ms
[2020-08-10T13:10:01.369+0300][1540.912s][info ][gc] GC(50777) Pause Young (Allocation Failure) 40M->39M(48M) 13.497ms
[2020-08-10T13:10:01.383+0300][1540.926s][info ][gc] GC(50778) Pause Young (Allocation Failure) 40M->40M(48M) 13.404ms
[2020-08-10T13:10:01.397+0300][1540.940s][info ][gc] GC(50779) Pause Young (Allocation Failure) 41M->41M(48M) 13.395ms
[2020-08-10T13:10:01.411+0300][1540.955s][info ][gc] GC(50780) Pause Young (Allocation Failure) 42M->42M(48M) 13.474ms
[2020-08-10T13:10:01.425+0300][1540.969s][info ][gc] GC(50781) Pause Young (Allocation Failure) 43M->43M(48M) 13.569ms
[2020-08-10T13:10:01.439+0300][1540.983s][info ][gc] GC(50782) Pause Young (Allocation Failure) 44M->44M(48M) 13.374ms
[2020-08-10T13:10:01.453+0300][1540.997s][info ][gc] GC(50783) Pause Young (Allocation Failure) 45M->45M(48M) 13.431ms
[2020-08-10T13:10:01.544+0300][1541.088s][debug][gc] GC(50784) Expanding ParOldGen from 47104K by 11264K to 58368K
[2020-08-10T13:10:01.544+0300][1541.088s][info ][gc] GC(50784) Pause Full (Ergonomics) 45M->45M(59M) 91.094ms
[2020-08-10T13:10:01.558+0300][1541.101s][info ][gc] GC(50785) Pause Young (Allocation Failure) 46M->46M(59M) 13.011ms
[2020-08-10T13:10:01.572+0300][1541.115s][info ][gc] GC(50786) Pause Young (Allocation Failure) 47M->47M(59M) 13.246ms
[2020-08-10T13:10:01.596+0300][1541.140s][info ][gc] GC(50787) Pause Young (Allocation Failure) 48M->48M(59M) 24.046ms
[2020-08-10T13:10:01.610+0300][1541.154s][info ][gc] GC(50788) Pause Young (Allocation Failure) 49M->49M(59M) 13.418ms
[2020-08-10T13:10:01.624+0300][1541.168s][info ][gc] GC(50789) Pause Young (Allocation Failure) 50M->50M(59M) 13.500ms
[2020-08-10T13:10:01.638+0300][1541.182s][info ][gc] GC(50790) Pause Young (Allocation Failure) 51M->51M(59M) 13.431ms
[2020-08-10T13:10:01.652+0300][1541.196s][info ][gc] GC(50791) Pause Young (Allocation Failure) 52M->52M(59M) 13.546ms
[2020-08-10T13:10:01.666+0300][1541.210s][info ][gc] GC(50792) Pause Young (Allocation Failure) 53M->53M(59M) 13.391ms
[2020-08-10T13:10:01.680+0300][1541.223s][info ][gc] GC(50793) Pause Young (Allocation Failure) 54M->54M(59M) 13.315ms
[2020-08-10T13:10:01.694+0300][1541.237s][info ][gc] GC(50794) Pause Young (Allocation Failure) 55M->55M(59M) 13.383ms
[2020-08-10T13:10:01.707+0300][1541.251s][info ][gc] GC(50795) Pause Young (Allocation Failure) 56M->56M(59M) 13.374ms
[2020-08-10T13:10:01.721+0300][1541.265s][info ][gc] GC(50796) Pause Young (Allocation Failure) 57M->56M(59M) 13.452ms
[2020-08-10T13:10:01.842+0300][1541.386s][debug][gc] GC(50797) Expanding ParOldGen from 58368K by 11776K to 70144K
[2020-08-10T13:10:01.842+0300][1541.386s][info ][gc] GC(50797) Pause Full (Ergonomics) 56M->56M(71M) 120.420ms
[2020-08-10T13:10:01.856+0300][1541.399s][info ][gc] GC(50798) Pause Young (Allocation Failure) 57M->57M(71M) 13.047ms
[2020-08-10T13:10:01.870+0300][1541.413s][info ][gc] GC(50799) Pause Young (Allocation Failure) 58M->58M(71M) 13.497ms
[2020-08-10T13:10:01.884+0300][1541.427s][info ][gc] GC(50800) Pause Young (Allocation Failure) 59M->59M(71M) 13.495ms
[2020-08-10T13:10:01.898+0300][1541.441s][info ][gc] GC(50801) Pause Young (Allocation Failure) 60M->60M(71M) 13.563ms
[2020-08-10T13:10:01.912+0300][1541.455s][info ][gc] GC(50802) Pause Young (Allocation Failure) 61M->61M(71M) 13.530ms
[2020-08-10T13:10:01.926+0300][1541.469s][info ][gc] GC(50803) Pause Young (Allocation Failure) 62M->62M(71M) 13.509ms
[2020-08-10T13:10:01.940+0300][1541.483s][info ][gc] GC(50804) Pause Young (Allocation Failure) 63M->63M(71M) 13.559ms
[2020-08-10T13:10:01.954+0300][1541.497s][info ][gc] GC(50805) Pause Young (Allocation Failure) 64M->64M(71M) 13.373ms
[2020-08-10T13:10:01.968+0300][1541.511s][info ][gc] GC(50806) Pause Young (Allocation Failure) 65M->65M(71M) 13.549ms
[2020-08-10T13:10:01.982+0300][1541.525s][info ][gc] GC(50807) Pause Young (Allocation Failure) 66M->66M(71M) 13.531ms
[2020-08-10T13:10:01.996+0300][1541.539s][info ][gc] GC(50808) Pause Young (Allocation Failure) 67M->67M(71M) 13.576ms
[2020-08-10T13:10:02.010+0300][1541.554s][info ][gc] GC(50809) Pause Young (Allocation Failure) 68M->68M(71M) 13.627ms
[2020-08-10T13:10:02.024+0300][1541.568s][info ][gc] GC(50810) Pause Young (Allocation Failure) 69M->69M(71M) 13.397ms
[2020-08-10T13:10:02.205+0300][1541.748s][debug][gc] GC(50811) Expanding ParOldGen from 70144K by 11264K to 81408K
[2020-08-10T13:10:02.205+0300][1541.748s][info ][gc] GC(50811) Pause Full (Ergonomics) 69M->69M(82M) 180.603ms
[2020-08-10T13:10:02.235+0300][1541.778s][info ][gc] GC(50812) Pause Young (Allocation Failure) 70M->70M(82M) 29.393ms
[2020-08-10T13:10:02.249+0300][1541.793s][info ][gc] GC(50813) Pause Young (Allocation Failure) 71M->70M(82M) 13.928ms
[2020-08-10T13:10:02.264+0300][1541.807s][info ][gc] GC(50814) Pause Young (Allocation Failure) 71M->71M(82M) 13.745ms
[2020-08-10T13:10:02.278+0300][1541.821s][info ][gc] GC(50815) Pause Young (Allocation Failure) 72M->72M(82M) 13.664ms
[2020-08-10T13:10:02.292+0300][1541.836s][info ][gc] GC(50816) Pause Young (Allocation Failure) 73M->73M(82M) 13.789ms
[2020-08-10T13:10:02.333+0300][1541.877s][info ][gc] GC(50817) Pause Young (Allocation Failure) 74M->74M(82M) 40.870ms
[2020-08-10T13:10:02.348+0300][1541.892s][info ][gc] GC(50818) Pause Young (Allocation Failure) 75M->75M(82M) 13.926ms
[2020-08-10T13:10:02.363+0300][1541.906s][info ][gc] GC(50819) Pause Young (Allocation Failure) 76M->76M(82M) 13.914ms
[2020-08-10T13:10:02.377+0300][1541.921s][info ][gc] GC(50820) Pause Young (Allocation Failure) 77M->77M(82M) 13.874ms
[2020-08-10T13:10:02.391+0300][1541.935s][info ][gc] GC(50821) Pause Young (Allocation Failure) 78M->78M(82M) 13.710ms
[2020-08-10T13:10:02.406+0300][1541.949s][info ][gc] GC(50822) Pause Young (Allocation Failure) 79M->79M(82M) 13.742ms
[2020-08-10T13:10:02.630+0300][1542.174s][debug][gc] GC(50823) Expanding ParOldGen from 81408K by 11264K to 92672K
[2020-08-10T13:10:02.630+0300][1542.174s][info ][gc] GC(50823) Pause Full (Ergonomics) 79M->79M(93M) 224.332ms
[2020-08-10T13:10:02.644+0300][1542.187s][info ][gc] GC(50824) Pause Young (Allocation Failure) 80M->80M(93M) 13.118ms
[2020-08-10T13:10:02.658+0300][1542.202s][info ][gc] GC(50825) Pause Young (Allocation Failure) 81M->81M(93M) 13.606ms
[2020-08-10T13:10:02.672+0300][1542.216s][info ][gc] GC(50826) Pause Young (Allocation Failure) 82M->82M(93M) 13.700ms
[2020-08-10T13:10:02.686+0300][1542.230s][info ][gc] GC(50827) Pause Young (Allocation Failure) 83M->83M(93M) 13.626ms
[2020-08-10T13:10:02.701+0300][1542.244s][info ][gc] GC(50828) Pause Young (Allocation Failure) 84M->84M(93M) 13.869ms
[2020-08-10T13:10:02.715+0300][1542.259s][info ][gc] GC(50829) Pause Young (Allocation Failure) 85M->85M(93M) 13.925ms
[2020-08-10T13:10:02.730+0300][1542.273s][info ][gc] GC(50830) Pause Young (Allocation Failure) 86M->86M(93M) 13.947ms
[2020-08-10T13:10:02.745+0300][1542.288s][info ][gc] GC(50831) Pause Young (Allocation Failure) 87M->87M(93M) 14.550ms
[2020-08-10T13:10:02.760+0300][1542.303s][info ][gc] GC(50832) Pause Young (Allocation Failure) 88M->87M(93M) 14.156ms
[2020-08-10T13:10:02.774+0300][1542.318s][info ][gc] GC(50833) Pause Young (Allocation Failure) 88M->88M(93M) 14.044ms
[2020-08-10T13:10:02.789+0300][1542.333s][info ][gc] GC(50834) Pause Young (Allocation Failure) 89M->89M(93M) 14.298ms
[2020-08-10T13:10:02.804+0300][1542.348s][info ][gc] GC(50835) Pause Young (Allocation Failure) 90M->90M(93M) 14.371ms
[2020-08-10T13:10:03.022+0300][1542.565s][debug][gc] GC(50836) Expanding ParOldGen from 92672K by 11264K to 103936K
[2020-08-10T13:10:03.022+0300][1542.565s][info ][gc] GC(50836) Pause Full (Ergonomics) 90M->90M(104M) 217.360ms
[2020-08-10T13:10:03.058+0300][1542.602s][info ][gc] GC(50837) Pause Young (Allocation Failure) 91M->91M(104M) 35.342ms
[2020-08-10T13:10:03.073+0300][1542.617s][info ][gc] GC(50838) Pause Young (Allocation Failure) 92M->92M(104M) 14.762ms
[2020-08-10T13:10:03.089+0300][1542.633s][info ][gc] GC(50839) Pause Young (Allocation Failure) 93M->93M(104M) 14.859ms
[2020-08-10T13:10:03.105+0300][1542.648s][info ][gc] GC(50840) Pause Young (Allocation Failure) 94M->94M(104M) 15.047ms
[2020-08-10T13:10:03.121+0300][1542.664s][info ][gc] GC(50841) Pause Young (Allocation Failure) 95M->95M(104M) 15.314ms
[2020-08-10T13:10:03.136+0300][1542.680s][info ][gc] GC(50842) Pause Young (Allocation Failure) 96M->96M(104M) 15.090ms
[2020-08-10T13:10:03.152+0300][1542.696s][info ][gc] GC(50843) Pause Young (Allocation Failure) 97M->97M(104M) 15.190ms
[2020-08-10T13:10:03.168+0300][1542.711s][info ][gc] GC(50844) Pause Young (Allocation Failure) 98M->98M(104M) 15.333ms
[2020-08-10T13:10:03.184+0300][1542.728s][info ][gc] GC(50845) Pause Young (Allocation Failure) 99M->99M(104M) 15.569ms
[2020-08-10T13:10:03.200+0300][1542.743s][info ][gc] GC(50846) Pause Young (Allocation Failure) 100M->100M(104M) 15.254ms
[2020-08-10T13:10:03.216+0300][1542.759s][info ][gc] GC(50847) Pause Young (Allocation Failure) 101M->101M(104M) 15.407ms
[2020-08-10T13:10:03.232+0300][1542.776s][info ][gc] GC(50848) Pause Young (Allocation Failure) 102M->102M(104M) 15.552ms
[2020-08-10T13:10:03.480+0300][1543.024s][debug][gc] GC(50849) Expanding ParOldGen from 103936K by 11264K to 115200K
[2020-08-10T13:10:03.480+0300][1543.024s][info ][gc] GC(50849) Pause Full (Ergonomics) 102M->101M(115M) 247.946ms
[2020-08-10T13:10:03.517+0300][1543.060s][info ][gc] GC(50850) Pause Young (Allocation Failure) 102M->102M(115M) 36.056ms
[2020-08-10T13:10:03.533+0300][1543.077s][info ][gc] GC(50851) Pause Young (Allocation Failure) 103M->103M(115M) 15.988ms
[2020-08-10T13:10:03.550+0300][1543.093s][info ][gc] GC(50852) Pause Young (Allocation Failure) 104M->104M(115M) 15.916ms
[2020-08-10T13:10:03.566+0300][1543.110s][info ][gc] GC(50853) Pause Young (Allocation Failure) 105M->105M(115M) 15.737ms
[2020-08-10T13:10:03.583+0300][1543.126s][info ][gc] GC(50854) Pause Young (Allocation Failure) 106M->106M(115M) 16.294ms
[2020-08-10T13:10:03.599+0300][1543.143s][info ][gc] GC(50855) Pause Young (Allocation Failure) 107M->107M(115M) 16.067ms
[2020-08-10T13:10:03.616+0300][1543.159s][info ][gc] GC(50856) Pause Young (Allocation Failure) 108M->108M(115M) 15.969ms
[2020-08-10T13:10:03.632+0300][1543.176s][info ][gc] GC(50857) Pause Young (Allocation Failure) 109M->109M(115M) 16.127ms
[2020-08-10T13:10:03.649+0300][1543.193s][info ][gc] GC(50858) Pause Young (Allocation Failure) 110M->110M(115M) 16.352ms
[2020-08-10T13:10:03.666+0300][1543.210s][info ][gc] GC(50859) Pause Young (Allocation Failure) 111M->111M(115M) 16.610ms
[2020-08-10T13:10:03.683+0300][1543.227s][info ][gc] GC(50860) Pause Young (Allocation Failure) 112M->112M(115M) 16.522ms
[2020-08-10T13:10:03.956+0300][1543.500s][debug][gc] GC(50861) Expanding ParOldGen from 115200K by 11264K to 126464K
[2020-08-10T13:10:03.956+0300][1543.500s][info ][gc] GC(50861) Pause Full (Ergonomics) 112M->112M(126M) 273.068ms
[2020-08-10T13:10:03.971+0300][1543.515s][info ][gc] GC(50862) Pause Young (Allocation Failure) 113M->113M(126M) 14.244ms
[2020-08-10T13:10:03.989+0300][1543.532s][info ][gc] GC(50863) Pause Young (Allocation Failure) 114M->114M(126M) 16.998ms
[2020-08-10T13:10:04.006+0300][1543.549s][info ][gc] GC(50864) Pause Young (Allocation Failure) 115M->115M(126M) 16.559ms
[2020-08-10T13:10:04.023+0300][1543.566s][info ][gc] GC(50865) Pause Young (Allocation Failure) 116M->116M(126M) 16.441ms
[2020-08-10T13:10:04.040+0300][1543.584s][info ][gc] GC(50866) Pause Young (Allocation Failure) 117M->117M(126M) 16.864ms
[2020-08-10T13:10:04.057+0300][1543.601s][info ][gc] GC(50867) Pause Young (Allocation Failure) 118M->118M(126M) 16.708ms
[2020-08-10T13:10:04.075+0300][1543.619s][info ][gc] GC(50868) Pause Young (Allocation Failure) 119M->119M(126M) 17.363ms
[2020-08-10T13:10:04.093+0300][1543.636s][info ][gc] GC(50869) Pause Young (Allocation Failure) 120M->119M(126M) 17.216ms
[2020-08-10T13:10:04.111+0300][1543.654s][info ][gc] GC(50870) Pause Young (Allocation Failure) 120M->120M(126M) 17.265ms
[2020-08-10T13:10:04.129+0300][1543.672s][info ][gc] GC(50871) Pause Young (Allocation Failure) 121M->121M(126M) 17.490ms
[2020-08-10T13:10:04.146+0300][1543.690s][info ][gc] GC(50872) Pause Young (Allocation Failure) 122M->122M(126M) 17.424ms
[2020-08-10T13:10:04.164+0300][1543.708s][info ][gc] GC(50873) Pause Young (Allocation Failure) 123M->123M(126M) 17.409ms
[2020-08-10T13:10:04.483+0300][1544.027s][debug][gc] GC(50874) Expanding ParOldGen from 126464K by 11264K to 137728K
[2020-08-10T13:10:04.483+0300][1544.027s][info ][gc] GC(50874) Pause Full (Ergonomics) 123M->123M(137M) 318.478ms
[2020-08-10T13:10:04.516+0300][1544.059s][info ][gc] GC(50875) Pause Young (Allocation Failure) 124M->124M(137M) 32.102ms
[2020-08-10T13:10:04.534+0300][1544.078s][info ][gc] GC(50876) Pause Young (Allocation Failure) 125M->125M(137M) 17.788ms
[2020-08-10T13:10:04.552+0300][1544.096s][info ][gc] GC(50877) Pause Young (Allocation Failure) 126M->126M(137M) 17.917ms
[2020-08-10T13:10:04.600+0300][1544.144s][info ][gc] GC(50878) Pause Young (Allocation Failure) 127M->127M(137M) 47.669ms
[2020-08-10T13:10:04.619+0300][1544.163s][info ][gc] GC(50879) Pause Young (Allocation Failure) 128M->128M(137M) 18.426ms
[2020-08-10T13:10:04.638+0300][1544.182s][info ][gc] GC(50880) Pause Young (Allocation Failure) 129M->129M(137M) 18.055ms
[2020-08-10T13:10:04.656+0300][1544.200s][info ][gc] GC(50881) Pause Young (Allocation Failure) 130M->130M(137M) 17.689ms
[2020-08-10T13:10:04.675+0300][1544.218s][info ][gc] GC(50882) Pause Young (Allocation Failure) 131M->131M(137M) 17.894ms
[2020-08-10T13:10:04.694+0300][1544.237s][info ][gc] GC(50883) Pause Young (Allocation Failure) 132M->132M(137M) 18.438ms
[2020-08-10T13:10:04.712+0300][1544.256s][info ][gc] GC(50884) Pause Young (Allocation Failure) 133M->133M(137M) 18.024ms
[2020-08-10T13:10:04.762+0300][1544.305s][info ][gc] GC(50885) Pause Young (Allocation Failure) 134M->134M(137M) 48.981ms
[2020-08-10T13:10:04.781+0300][1544.325s][info ][gc] GC(50886) Pause Young (Allocation Failure) 135M->135M(137M) 18.930ms
[2020-08-10T13:10:05.207+0300][1544.750s][debug][gc] GC(50887) Expanding ParOldGen from 137728K by 11776K to 149504K
[2020-08-10T13:10:05.207+0300][1544.750s][info ][gc] GC(50887) Pause Full (Ergonomics) 135M->134M(148M) 425.314ms
[2020-08-10T13:10:05.207+0300][1544.751s][debug][gc] Expanding ParOldGen from 149504K by 19968K to 169472K
[2020-08-10T13:10:05.244+0300][1544.788s][info ][gc] GC(50888) Pause Young (Allocation Failure) 154M->154M(168M) 28.865ms
[2020-08-10T13:10:05.281+0300][1544.825s][info ][gc] GC(50889) Pause Young (Allocation Failure) 155M->155M(168M) 37.044ms
[2020-08-10T13:10:05.315+0300][1544.858s][info ][gc] GC(50890) Pause Young (Allocation Failure) 156M->156M(168M) 32.776ms
[2020-08-10T13:10:05.331+0300][1544.875s][info ][gc] GC(50891) Pause Young (Allocation Failure) 157M->157M(168M) 15.754ms
[2020-08-10T13:10:05.366+0300][1544.909s][info ][gc] GC(50892) Pause Young (Allocation Failure) 158M->158M(168M) 34.146ms
[2020-08-10T13:10:05.380+0300][1544.924s][info ][gc] GC(50893) Pause Young (Allocation Failure) 159M->159M(168M) 13.991ms
[2020-08-10T13:10:05.395+0300][1544.938s][info ][gc] GC(50894) Pause Young (Allocation Failure) 160M->160M(168M) 13.854ms
[2020-08-10T13:10:05.415+0300][1544.959s][info ][gc] GC(50895) Pause Young (Allocation Failure) 161M->161M(168M) 19.849ms
[2020-08-10T13:10:05.429+0300][1544.973s][info ][gc] GC(50896) Pause Young (Allocation Failure) 162M->162M(168M) 13.900ms
[2020-08-10T13:10:05.444+0300][1544.987s][info ][gc] GC(50897) Pause Young (Allocation Failure) 163M->163M(168M) 13.938ms
[2020-08-10T13:10:05.458+0300][1545.002s][info ][gc] GC(50898) Pause Young (Allocation Failure) 164M->164M(168M) 13.875ms
[2020-08-10T13:10:05.472+0300][1545.016s][info ][gc] GC(50899) Pause Young (Allocation Failure) 165M->165M(168M) 14.070ms
[2020-08-10T13:10:05.569+0300][1545.113s][debug][gc] GC(50900) Shrinking ParOldGen from 169472K by 125440K to 44032K
[2020-08-10T13:10:05.569+0300][1545.113s][info ][gc] GC(50900) Pause Full (Ergonomics) 165M->31M(45M) 96.455ms
[2020-08-10T13:10:05.589+0300][1545.133s][info ][gc] GC(50901) Pause Young (Allocation Failure) 32M->32M(45M) 19.280ms
[2020-08-10T13:10:05.603+0300][1545.147s][info ][gc] GC(50902) Pause Young (Allocation Failure) 33M->33M(45M) 13.333ms
[2020-08-10T13:10:05.617+0300][1545.161s][info ][gc] GC(50903) Pause Young (Allocation Failure) 34M->34M(45M) 13.533ms
[2020-08-10T13:10:05.645+0300][1545.189s][info ][gc] GC(50904) Pause Young (Allocation Failure) 35M->35M(45M) 27.521ms
[2020-08-10T13:10:05.659+0300][1545.202s][info ][gc] GC(50905) Pause Young (Allocation Failure) 36M->36M(45M) 13.356ms
[2020-08-10T13:10:05.673+0300][1545.216s][info ][gc] GC(50906) Pause Young (Allocation Failure) 37M->37M(45M) 13.409ms
[2020-08-10T13:10:05.687+0300][1545.230s][info ][gc] GC(50907) Pause Young (Allocation Failure) 38M->38M(45M) 13.495ms
[2020-08-10T13:10:05.701+0300][1545.245s][info ][gc] GC(50908) Pause Young (Allocation Failure) 39M->39M(45M) 13.465ms
[2020-08-10T13:10:05.715+0300][1545.259s][info ][gc] GC(50909) Pause Young (Allocation Failure) 40M->40M(45M) 13.494ms
[2020-08-10T13:10:05.729+0300][1545.273s][info ][gc] GC(50910) Pause Young (Allocation Failure) 41M->41M(45M) 13.432ms
[2020-08-10T13:10:05.743+0300][1545.287s][info ][gc] GC(50911) Pause Young (Allocation Failure) 42M->42M(45M) 13.967ms
[2020-08-10T13:10:05.758+0300][1545.301s][info ][gc] GC(50912) Pause Young (Allocation Failure) 43M->43M(45M) 13.647ms
[2020-08-10T13:10:05.840+0300][1545.383s][debug][gc] GC(50913) Expanding ParOldGen from 44032K by 11264K to 55296K
[2020-08-10T13:10:05.840+0300][1545.383s][info ][gc] GC(50913) Pause Full (Ergonomics) 43M->43M(55M) 81.915ms
[2020-08-10T13:10:05.859+0300][1545.402s][info ][gc] GC(50914) Pause Young (Allocation Failure) 44M->44M(56M) 18.557ms
[2020-08-10T13:10:05.873+0300][1545.416s][info ][gc] GC(50915) Pause Young (Allocation Failure) 45M->44M(56M) 13.622ms
[2020-08-10T13:10:05.887+0300][1545.430s][info ][gc] GC(50916) Pause Young (Allocation Failure) 45M->45M(56M) 13.487ms
[2020-08-10T13:10:05.901+0300][1545.444s][info ][gc] GC(50917) Pause Young (Allocation Failure) 46M->46M(56M) 13.475ms
[2020-08-10T13:10:05.915+0300][1545.458s][info ][gc] GC(50918) Pause Young (Allocation Failure) 47M->47M(56M) 13.553ms
[2020-08-10T13:10:05.929+0300][1545.472s][info ][gc] GC(50919) Pause Young (Allocation Failure) 48M->48M(56M) 13.491ms
[2020-08-10T13:10:05.943+0300][1545.486s][info ][gc] GC(50920) Pause Young (Allocation Failure) 49M->49M(56M) 13.544ms
[2020-08-10T13:10:05.957+0300][1545.500s][info ][gc] GC(50921) Pause Young (Allocation Failure) 50M->50M(56M) 13.519ms
[2020-08-10T13:10:05.971+0300][1545.514s][info ][gc] GC(50922) Pause Young (Allocation Failure) 51M->51M(56M) 13.510ms
[2020-08-10T13:10:05.985+0300][1545.529s][info ][gc] GC(50923) Pause Young (Allocation Failure) 52M->52M(56M) 13.533ms
[2020-08-10T13:10:05.999+0300][1545.543s][info ][gc] GC(50924) Pause Young (Allocation Failure) 53M->53M(56M) 13.572ms
[2020-08-10T13:10:06.013+0300][1545.557s][info ][gc] GC(50925) Pause Young (Allocation Failure) 54M->54M(56M) 13.647ms
[2020-08-10T13:10:06.123+0300][1545.666s][debug][gc] GC(50926) Expanding ParOldGen from 55296K by 11776K to 67072K
[2020-08-10T13:10:06.123+0300][1545.667s][info ][gc] GC(50926) Pause Full (Ergonomics) 54M->54M(67M) 109.436ms
[2020-08-10T13:10:06.145+0300][1545.689s][info ][gc] GC(50927) Pause Young (Allocation Failure) 55M->55M(67M) 21.555ms
[2020-08-10T13:10:06.159+0300][1545.703s][info ][gc] GC(50928) Pause Young (Allocation Failure) 56M->56M(67M) 13.747ms
[2020-08-10T13:10:06.173+0300][1545.717s][info ][gc] GC(50929) Pause Young (Allocation Failure) 57M->57M(67M) 13.703ms
[2020-08-10T13:10:06.187+0300][1545.731s][info ][gc] GC(50930) Pause Young (Allocation Failure) 58M->58M(67M) 13.683ms
[2020-08-10T13:10:06.202+0300][1545.746s][info ][gc] GC(50931) Pause Young (Allocation Failure) 59M->59M(67M) 13.715ms
[2020-08-10T13:10:06.216+0300][1545.760s][info ][gc] GC(50932) Pause Young (Allocation Failure) 60M->60M(67M) 13.697ms
[2020-08-10T13:10:06.230+0300][1545.774s][info ][gc] GC(50933) Pause Young (Allocation Failure) 61M->61M(67M) 13.799ms
[2020-08-10T13:10:06.244+0300][1545.788s][info ][gc] GC(50934) Pause Young (Allocation Failure) 62M->61M(67M) 13.688ms
[2020-08-10T13:10:06.259+0300][1545.802s][info ][gc] GC(50935) Pause Young (Allocation Failure) 62M->62M(67M) 13.682ms
[2020-08-10T13:10:06.273+0300][1545.817s][info ][gc] GC(50936) Pause Young (Allocation Failure) 63M->63M(67M) 13.716ms
[2020-08-10T13:10:06.287+0300][1545.831s][info ][gc] GC(50937) Pause Young (Allocation Failure) 64M->64M(67M) 13.560ms
[2020-08-10T13:10:06.301+0300][1545.845s][info ][gc] GC(50938) Pause Young (Allocation Failure) 65M->65M(67M) 13.625ms
[2020-08-10T13:10:06.443+0300][1545.987s][debug][gc] GC(50939) Expanding ParOldGen from 67072K by 11264K to 78336K
[2020-08-10T13:10:06.443+0300][1545.987s][info ][gc] GC(50939) Pause Full (Ergonomics) 65M->65M(78M) 141.687ms
[2020-08-10T13:10:06.470+0300][1546.014s][info ][gc] GC(50940) Pause Young (Allocation Failure) 66M->66M(78M) 26.279ms
[2020-08-10T13:10:06.484+0300][1546.028s][info ][gc] GC(50941) Pause Young (Allocation Failure) 67M->67M(78M) 13.888ms
[2020-08-10T13:10:06.499+0300][1546.043s][info ][gc] GC(50942) Pause Young (Allocation Failure) 68M->68M(78M) 13.739ms
[2020-08-10T13:10:06.513+0300][1546.057s][info ][gc] GC(50943) Pause Young (Allocation Failure) 69M->69M(78M) 13.818ms
[2020-08-10T13:10:06.528+0300][1546.071s][info ][gc] GC(50944) Pause Young (Allocation Failure) 70M->70M(78M) 13.716ms
[2020-08-10T13:10:06.542+0300][1546.086s][info ][gc] GC(50945) Pause Young (Allocation Failure) 71M->71M(78M) 13.719ms
[2020-08-10T13:10:06.556+0300][1546.100s][info ][gc] GC(50946) Pause Young (Allocation Failure) 72M->72M(78M) 13.818ms
[2020-08-10T13:10:06.571+0300][1546.115s][info ][gc] GC(50947) Pause Young (Allocation Failure) 73M->73M(78M) 13.860ms
[2020-08-10T13:10:06.596+0300][1546.140s][info ][gc] GC(50948) Pause Young (Allocation Failure) 74M->74M(78M) 25.126ms
[2020-08-10T13:10:06.611+0300][1546.155s][info ][gc] GC(50949) Pause Young (Allocation Failure) 75M->75M(78M) 13.797ms
[2020-08-10T13:10:06.625+0300][1546.169s][info ][gc] GC(50950) Pause Young (Allocation Failure) 76M->76M(78M) 13.779ms
[2020-08-10T13:10:06.640+0300][1546.184s][info ][gc] GC(50951) Pause Young (Allocation Failure) 77M->77M(78M) 13.854ms
[2020-08-10T13:10:06.819+0300][1546.362s][debug][gc] GC(50952) Expanding ParOldGen from 78336K by 11776K to 90112K
[2020-08-10T13:10:06.819+0300][1546.363s][info ][gc] GC(50952) Pause Full (Ergonomics) 77M->76M(90M) 178.773ms
[2020-08-10T13:10:06.848+0300][1546.392s][info ][gc] GC(50953) Pause Young (Allocation Failure) 77M->77M(90M) 29.112ms
[2020-08-10T13:10:06.863+0300][1546.406s][info ][gc] GC(50954) Pause Young (Allocation Failure) 78M->78M(90M) 13.799ms
[2020-08-10T13:10:06.877+0300][1546.421s][info ][gc] GC(50955) Pause Young (Allocation Failure) 79M->79M(90M) 13.737ms
[2020-08-10T13:10:06.891+0300][1546.435s][info ][gc] GC(50956) Pause Young (Allocation Failure) 80M->80M(90M) 13.711ms
[2020-08-10T13:10:06.905+0300][1546.449s][info ][gc] GC(50957) Pause Young (Allocation Failure) 81M->81M(90M) 13.748ms
[2020-08-10T13:10:06.919+0300][1546.463s][info ][gc] GC(50958) Pause Young (Allocation Failure) 82M->82M(90M) 13.812ms
[2020-08-10T13:10:06.934+0300][1546.478s][info ][gc] GC(50959) Pause Young (Allocation Failure) 83M->83M(90M) 14.143ms
[2020-08-10T13:10:06.949+0300][1546.492s][info ][gc] GC(50960) Pause Young (Allocation Failure) 84M->84M(90M) 14.005ms
[2020-08-10T13:10:06.963+0300][1546.507s][info ][gc] GC(50961) Pause Young (Allocation Failure) 85M->85M(90M) 14.118ms
[2020-08-10T13:10:06.978+0300][1546.522s][info ][gc] GC(50962) Pause Young (Allocation Failure) 86M->86M(90M) 14.234ms
[2020-08-10T13:10:06.993+0300][1546.536s][info ][gc] GC(50963) Pause Young (Allocation Failure) 87M->87M(90M) 14.298ms
[2020-08-10T13:10:07.008+0300][1546.552s][info ][gc] GC(50964) Pause Young (Allocation Failure) 88M->88M(90M) 14.760ms
[2020-08-10T13:10:07.252+0300][1546.796s][debug][gc] GC(50965) Expanding ParOldGen from 90112K by 11264K to 101376K
[2020-08-10T13:10:07.252+0300][1546.796s][info ][gc] GC(50965) Pause Full (Ergonomics) 88M->88M(101M) 243.842ms
[2020-08-10T13:10:07.285+0300][1546.828s][info ][gc] GC(50966) Pause Young (Allocation Failure) 89M->89M(101M) 32.058ms
[2020-08-10T13:10:07.300+0300][1546.843s][info ][gc] GC(50967) Pause Young (Allocation Failure) 90M->90M(101M) 14.631ms
[2020-08-10T13:10:07.315+0300][1546.859s][info ][gc] GC(50968) Pause Young (Allocation Failure) 91M->91M(101M) 14.871ms
[2020-08-10T13:10:07.330+0300][1546.874s][info ][gc] GC(50969) Pause Young (Allocation Failure) 92M->92M(101M) 14.727ms
[2020-08-10T13:10:07.346+0300][1546.889s][info ][gc] GC(50970) Pause Young (Allocation Failure) 93M->92M(101M) 14.804ms
[2020-08-10T13:10:07.361+0300][1546.905s][info ][gc] GC(50971) Pause Young (Allocation Failure) 93M->93M(101M) 14.902ms
[2020-08-10T13:10:07.377+0300][1546.920s][info ][gc] GC(50972) Pause Young (Allocation Failure) 94M->94M(101M) 15.112ms
[2020-08-10T13:10:07.393+0300][1546.936s][info ][gc] GC(50973) Pause Young (Allocation Failure) 95M->95M(101M) 15.076ms
[2020-08-10T13:10:07.409+0300][1546.952s][info ][gc] GC(50974) Pause Young (Allocation Failure) 96M->96M(101M) 15.279ms
[2020-08-10T13:10:07.425+0300][1546.968s][info ][gc] GC(50975) Pause Young (Allocation Failure) 97M->97M(101M) 14.976ms
[2020-08-10T13:10:07.440+0300][1546.983s][info ][gc] GC(50976) Pause Young (Allocation Failure) 98M->98M(101M) 15.261ms
[2020-08-10T13:10:07.456+0300][1546.999s][info ][gc] GC(50977) Pause Young (Allocation Failure) 99M->99M(101M) 15.375ms
[2020-08-10T13:10:07.695+0300][1547.238s][debug][gc] GC(50978) Expanding ParOldGen from 101376K by 11264K to 112640K
[2020-08-10T13:10:07.695+0300][1547.238s][info ][gc] GC(50978) Pause Full (Ergonomics) 99M->99M(112M) 238.411ms
[2020-08-10T13:10:07.747+0300][1547.289s][info ][gc] GC(50979) Pause Young (Allocation Failure) 100M->100M(112M) 51.328ms
[2020-08-10T13:10:07.763+0300][1547.306s][info ][gc] GC(50980) Pause Young (Allocation Failure) 101M->101M(112M) 15.585ms
[2020-08-10T13:10:07.778+0300][1547.321s][info ][gc] GC(50981) Pause Young (Allocation Failure) 102M->102M(112M) 15.297ms
[2020-08-10T13:10:07.794+0300][1547.337s][info ][gc] GC(50982) Pause Young (Allocation Failure) 103M->103M(112M) 15.591ms
[2020-08-10T13:10:07.810+0300][1547.353s][info ][gc] GC(50983) Pause Young (Allocation Failure) 104M->104M(112M) 15.620ms
[2020-08-10T13:10:07.827+0300][1547.370s][info ][gc] GC(50984) Pause Young (Allocation Failure) 105M->105M(112M) 15.944ms
[2020-08-10T13:10:07.843+0300][1547.386s][info ][gc] GC(50985) Pause Young (Allocation Failure) 106M->106M(112M) 15.892ms
[2020-08-10T13:10:07.860+0300][1547.403s][info ][gc] GC(50986) Pause Young (Allocation Failure) 107M->107M(112M) 16.067ms
[2020-08-10T13:10:07.876+0300][1547.419s][info ][gc] GC(50987) Pause Young (Allocation Failure) 108M->108M(112M) 16.274ms
[2020-08-10T13:10:07.893+0300][1547.436s][info ][gc] GC(50988) Pause Young (Allocation Failure) 109M->109M(112M) 16.479ms
[2020-08-10T13:10:07.910+0300][1547.453s][info ][gc] GC(50989) Pause Young (Allocation Failure) 110M->109M(112M) 16.550ms
[2020-08-10T13:10:08.167+0300][1547.710s][debug][gc] GC(50990) Expanding ParOldGen from 112640K by 11264K to 123904K
[2020-08-10T13:10:08.167+0300][1547.710s][info ][gc] GC(50990) Pause Full (Ergonomics) 109M->109M(123M) 256.287ms
[2020-08-10T13:10:08.181+0300][1547.724s][info ][gc] GC(50991) Pause Young (Allocation Failure) 110M->110M(123M) 13.273ms
[2020-08-10T13:10:08.197+0300][1547.740s][info ][gc] GC(50992) Pause Young (Allocation Failure) 111M->111M(123M) 16.168ms
[2020-08-10T13:10:08.214+0300][1547.757s][info ][gc] GC(50993) Pause Young (Allocation Failure) 112M->112M(122M) 16.395ms
[2020-08-10T13:10:08.229+0300][1547.772s][info ][gc] GC(50994) Pause Young (Allocation Failure) 113M->113M(123M) 14.776ms
[2020-08-10T13:10:08.246+0300][1547.789s][info ][gc] GC(50995) Pause Young (Allocation Failure) 114M->114M(123M) 16.157ms
[2020-08-10T13:10:08.263+0300][1547.806s][info ][gc] GC(50996) Pause Young (Allocation Failure) 115M->115M(123M) 16.360ms
[2020-08-10T13:10:08.280+0300][1547.822s][info ][gc] GC(50997) Pause Young (Allocation Failure) 116M->116M(123M) 16.363ms
[2020-08-10T13:10:08.296+0300][1547.839s][info ][gc] GC(50998) Pause Young (Allocation Failure) 117M->117M(123M) 16.459ms
[2020-08-10T13:10:08.314+0300][1547.857s][info ][gc] GC(50999) Pause Young (Allocation Failure) 118M->118M(123M) 16.828ms
[2020-08-10T13:10:08.331+0300][1547.874s][info ][gc] GC(51000) Pause Young (Allocation Failure) 119M->119M(123M) 16.785ms
[2020-08-10T13:10:08.349+0300][1547.892s][info ][gc] GC(51001) Pause Young (Allocation Failure) 120M->120M(123M) 16.894ms
[2020-08-10T13:10:08.366+0300][1547.909s][info ][gc] GC(51002) Pause Young (Allocation Failure) 121M->121M(123M) 16.772ms
[2020-08-10T13:10:08.675+0300][1548.218s][debug][gc] GC(51003) Expanding ParOldGen from 123904K by 11264K to 135168K
[2020-08-10T13:10:08.675+0300][1548.218s][info ][gc] GC(51003) Pause Full (Ergonomics) 121M->121M(134M) 309.221ms
[2020-08-10T13:10:08.707+0300][1548.250s][info ][gc] GC(51004) Pause Young (Allocation Failure) 122M->122M(134M) 31.575ms
[2020-08-10T13:10:08.725+0300][1548.268s][info ][gc] GC(51005) Pause Young (Allocation Failure) 123M->123M(134M) 17.146ms
[2020-08-10T13:10:08.743+0300][1548.286s][info ][gc] GC(51006) Pause Young (Allocation Failure) 124M->123M(134M) 17.422ms
[2020-08-10T13:10:08.761+0300][1548.304s][info ][gc] GC(51007) Pause Young (Allocation Failure) 124M->124M(134M) 17.695ms
[2020-08-10T13:10:08.779+0300][1548.322s][info ][gc] GC(51008) Pause Young (Allocation Failure) 125M->125M(134M) 18.176ms
[2020-08-10T13:10:08.799+0300][1548.342s][info ][gc] GC(51009) Pause Young (Allocation Failure) 126M->126M(134M) 18.898ms
[2020-08-10T13:10:08.817+0300][1548.360s][info ][gc] GC(51010) Pause Young (Allocation Failure) 127M->127M(134M) 17.720ms
[2020-08-10T13:10:08.835+0300][1548.378s][info ][gc] GC(51011) Pause Young (Allocation Failure) 128M->128M(134M) 17.789ms
[2020-08-10T13:10:08.853+0300][1548.396s][info ][gc] GC(51012) Pause Young (Allocation Failure) 129M->129M(134M) 17.955ms
[2020-08-10T13:10:08.872+0300][1548.415s][info ][gc] GC(51013) Pause Young (Allocation Failure) 130M->130M(134M) 18.057ms
[2020-08-10T13:10:08.890+0300][1548.433s][info ][gc] GC(51014) Pause Young (Allocation Failure) 131M->131M(134M) 17.684ms
[2020-08-10T13:10:08.909+0300][1548.451s][info ][gc] GC(51015) Pause Young (Allocation Failure) 132M->132M(134M) 18.287ms
[2020-08-10T13:10:09.359+0300][1548.902s][debug][gc] GC(51016) Expanding ParOldGen from 135168K by 11776K to 146944K
[2020-08-10T13:10:09.359+0300][1548.902s][info ][gc] GC(51016) Pause Full (Ergonomics) 132M->132M(146M) 450.391ms
[2020-08-10T13:10:09.394+0300][1548.937s][info ][gc] GC(51017) Pause Young (Allocation Failure) 133M->133M(146M) 34.278ms
[2020-08-10T13:10:09.413+0300][1548.956s][info ][gc] GC(51018) Pause Young (Allocation Failure) 134M->134M(146M) 18.480ms
[2020-08-10T13:10:09.432+0300][1548.975s][info ][gc] GC(51019) Pause Young (Allocation Failure) 135M->135M(146M) 18.561ms
[2020-08-10T13:10:09.432+0300][1548.975s][debug][gc] Expanding ParOldGen from 146944K by 19968K to 166912K
[2020-08-10T13:10:09.456+0300][1548.999s][info ][gc] GC(51020) Pause Young (Allocation Failure) 155M->155M(165M) 16.545ms
[2020-08-10T13:10:09.471+0300][1549.014s][info ][gc] GC(51021) Pause Young (Allocation Failure) 156M->156M(165M) 13.915ms
[2020-08-10T13:10:09.486+0300][1549.029s][info ][gc] GC(51022) Pause Young (Allocation Failure) 157M->157M(165M) 14.730ms
[2020-08-10T13:10:09.500+0300][1549.043s][info ][gc] GC(51023) Pause Young (Allocation Failure) 158M->158M(165M) 13.708ms
[2020-08-10T13:10:09.514+0300][1549.057s][info ][gc] GC(51024) Pause Young (Allocation Failure) 159M->159M(165M) 13.714ms
[2020-08-10T13:10:09.528+0300][1549.071s][info ][gc] GC(51025) Pause Young (Allocation Failure) 160M->160M(165M) 13.876ms
[2020-08-10T13:10:09.543+0300][1549.086s][info ][gc] GC(51026) Pause Young (Allocation Failure) 161M->161M(165M) 13.945ms
[2020-08-10T13:10:09.557+0300][1549.100s][info ][gc] GC(51027) Pause Young (Allocation Failure) 162M->161M(165M) 14.002ms
[2020-08-10T13:10:09.572+0300][1549.115s][info ][gc] GC(51028) Pause Young (Allocation Failure) 162M->162M(165M) 13.765ms
[2020-08-10T13:10:09.630+0300][1549.173s][debug][gc] GC(51029) Shrinking ParOldGen from 166912K by 125440K to 41472K
[2020-08-10T13:10:09.630+0300][1549.173s][info ][gc] GC(51029) Pause Full (Ergonomics) 162M->29M(43M) 58.381ms
[2020-08-10T13:10:09.643+0300][1549.186s][info ][gc] GC(51030) Pause Young (Allocation Failure) 30M->30M(43M) 12.803ms
[2020-08-10T13:10:09.657+0300][1549.200s][info ][gc] GC(51031) Pause Young (Allocation Failure) 31M->31M(43M) 13.223ms
[2020-08-10T13:10:09.671+0300][1549.214s][info ][gc] GC(51032) Pause Young (Allocation Failure) 32M->32M(43M) 13.373ms
[2020-08-10T13:10:09.684+0300][1549.227s][info ][gc] GC(51033) Pause Young (Allocation Failure) 33M->33M(43M) 13.345ms
[2020-08-10T13:10:09.698+0300][1549.241s][info ][gc] GC(51034) Pause Young (Allocation Failure) 34M->34M(43M) 13.267ms
[2020-08-10T13:10:09.712+0300][1549.255s][info ][gc] GC(51035) Pause Young (Allocation Failure) 35M->34M(43M) 13.332ms
[2020-08-10T13:10:09.725+0300][1549.268s][info ][gc] GC(51036) Pause Young (Allocation Failure) 35M->35M(43M) 13.303ms
[2020-08-10T13:10:09.739+0300][1549.282s][info ][gc] GC(51037) Pause Young (Allocation Failure) 36M->36M(43M) 13.200ms
[2020-08-10T13:10:09.753+0300][1549.296s][info ][gc] GC(51038) Pause Young (Allocation Failure) 37M->37M(43M) 13.387ms
[2020-08-10T13:10:09.767+0300][1549.310s][info ][gc] GC(51039) Pause Young (Allocation Failure) 38M->38M(42M) 13.346ms
[2020-08-10T13:10:09.781+0300][1549.324s][info ][gc] GC(51040) Pause Young (Allocation Failure) 39M->39M(42M) 13.493ms
[2020-08-10T13:10:09.795+0300][1549.338s][info ][gc] GC(51041) Pause Young (Allocation Failure) 40M->40M(42M) 13.623ms
[2020-08-10T13:10:09.869+0300][1549.412s][debug][gc] GC(51042) Expanding ParOldGen from 41472K by 11264K to 52736K
[2020-08-10T13:10:09.869+0300][1549.412s][info ][gc] GC(51042) Pause Full (Ergonomics) 40M->40M(53M) 73.917ms
[2020-08-10T13:10:09.888+0300][1549.431s][info ][gc] GC(51043) Pause Young (Allocation Failure) 41M->41M(54M) 18.786ms
[2020-08-10T13:10:09.902+0300][1549.445s][info ][gc] GC(51044) Pause Young (Allocation Failure) 42M->42M(54M) 13.641ms
[2020-08-10T13:10:09.916+0300][1549.459s][info ][gc] GC(51045) Pause Young (Allocation Failure) 43M->43M(54M) 13.553ms
[2020-08-10T13:10:09.930+0300][1549.473s][info ][gc] GC(51046) Pause Young (Allocation Failure) 44M->44M(54M) 13.570ms
[2020-08-10T13:10:09.944+0300][1549.487s][info ][gc] GC(51047) Pause Young (Allocation Failure) 45M->45M(54M) 13.584ms
[2020-08-10T13:10:09.958+0300][1549.501s][info ][gc] GC(51048) Pause Young (Allocation Failure) 46M->46M(54M) 13.534ms
[2020-08-10T13:10:09.973+0300][1549.516s][info ][gc] GC(51049) Pause Young (Allocation Failure) 47M->47M(54M) 13.478ms
[2020-08-10T13:10:09.987+0300][1549.530s][info ][gc] GC(51050) Pause Young (Allocation Failure) 48M->48M(54M) 13.462ms
[2020-08-10T13:10:10.001+0300][1549.544s][info ][gc] GC(51051) Pause Young (Allocation Failure) 49M->49M(54M) 13.638ms
[2020-08-10T13:10:10.015+0300][1549.558s][info ][gc] GC(51052) Pause Young (Allocation Failure) 50M->50M(54M) 13.491ms
[2020-08-10T13:10:10.029+0300][1549.572s][info ][gc] GC(51053) Pause Young (Allocation Failure) 51M->51M(54M) 13.644ms
[2020-08-10T13:10:10.043+0300][1549.586s][info ][gc] GC(51054) Pause Young (Allocation Failure) 52M->51M(54M) 13.417ms
[2020-08-10T13:10:10.152+0300][1549.695s][debug][gc] GC(51055) Expanding ParOldGen from 52736K by 11776K to 64512K
[2020-08-10T13:10:10.152+0300][1549.695s][info ][gc] GC(51055) Pause Full (Ergonomics) 51M->51M(65M) 109.370ms
[2020-08-10T13:10:10.174+0300][1549.717s][info ][gc] GC(51056) Pause Young (Allocation Failure) 52M->52M(65M) 21.490ms
[2020-08-10T13:10:10.188+0300][1549.731s][info ][gc] GC(51057) Pause Young (Allocation Failure) 53M->53M(65M) 13.547ms
[2020-08-10T13:10:10.203+0300][1549.746s][info ][gc] GC(51058) Pause Young (Allocation Failure) 54M->54M(65M) 13.639ms
[2020-08-10T13:10:10.217+0300][1549.760s][info ][gc] GC(51059) Pause Young (Allocation Failure) 55M->55M(65M) 13.639ms
[2020-08-10T13:10:10.231+0300][1549.774s][info ][gc] GC(51060) Pause Young (Allocation Failure) 56M->56M(65M) 13.728ms
[2020-08-10T13:10:10.245+0300][1549.788s][info ][gc] GC(51061) Pause Young (Allocation Failure) 57M->57M(65M) 13.544ms
[2020-08-10T13:10:10.259+0300][1549.802s][info ][gc] GC(51062) Pause Young (Allocation Failure) 58M->58M(65M) 13.590ms
[2020-08-10T13:10:10.274+0300][1549.817s][info ][gc] GC(51063) Pause Young (Allocation Failure) 59M->59M(65M) 13.738ms
[2020-08-10T13:10:10.288+0300][1549.831s][info ][gc] GC(51064) Pause Young (Allocation Failure) 60M->60M(65M) 13.629ms
[2020-08-10T13:10:10.302+0300][1549.845s][info ][gc] GC(51065) Pause Young (Allocation Failure) 61M->61M(65M) 13.647ms
[2020-08-10T13:10:10.316+0300][1549.859s][info ][gc] GC(51066) Pause Young (Allocation Failure) 62M->62M(65M) 13.735ms
[2020-08-10T13:10:10.330+0300][1549.873s][info ][gc] GC(51067) Pause Young (Allocation Failure) 63M->63M(65M) 13.764ms
[2020-08-10T13:10:10.470+0300][1550.013s][debug][gc] GC(51068) Expanding ParOldGen from 64512K by 11264K to 75776K
[2020-08-10T13:10:10.471+0300][1550.014s][info ][gc] GC(51068) Pause Full (Ergonomics) 63M->63M(76M) 139.886ms
[2020-08-10T13:10:10.496+0300][1550.039s][info ][gc] GC(51069) Pause Young (Allocation Failure) 64M->64M(76M) 25.293ms
[2020-08-10T13:10:10.511+0300][1550.054s][info ][gc] GC(51070) Pause Young (Allocation Failure) 65M->65M(76M) 13.789ms
[2020-08-10T13:10:10.525+0300][1550.068s][info ][gc] GC(51071) Pause Young (Allocation Failure) 66M->65M(76M) 13.621ms
[2020-08-10T13:10:10.539+0300][1550.082s][info ][gc] GC(51072) Pause Young (Allocation Failure) 66M->66M(76M) 13.521ms
[2020-08-10T13:10:10.553+0300][1550.096s][info ][gc] GC(51073) Pause Young (Allocation Failure) 67M->67M(76M) 13.639ms
[2020-08-10T13:10:10.567+0300][1550.110s][info ][gc] GC(51074) Pause Young (Allocation Failure) 68M->68M(76M) 13.510ms
[2020-08-10T13:10:10.592+0300][1550.135s][info ][gc] GC(51075) Pause Young (Allocation Failure) 69M->69M(76M) 24.258ms
[2020-08-10T13:10:10.606+0300][1550.149s][info ][gc] GC(51076) Pause Young (Allocation Failure) 70M->70M(76M) 13.431ms
[2020-08-10T13:10:10.620+0300][1550.163s][info ][gc] GC(51077) Pause Young (Allocation Failure) 71M->71M(76M) 13.493ms
[2020-08-10T13:10:10.634+0300][1550.177s][info ][gc] GC(51078) Pause Young (Allocation Failure) 72M->72M(76M) 13.622ms
[2020-08-10T13:10:10.648+0300][1550.191s][info ][gc] GC(51079) Pause Young (Allocation Failure) 73M->73M(76M) 13.747ms
[2020-08-10T13:10:10.662+0300][1550.205s][info ][gc] GC(51080) Pause Young (Allocation Failure) 74M->74M(76M) 13.715ms
[2020-08-10T13:10:10.830+0300][1550.373s][debug][gc] GC(51081) Expanding ParOldGen from 75776K by 11776K to 87552K
[2020-08-10T13:10:10.830+0300][1550.373s][info ][gc] GC(51081) Pause Full (Ergonomics) 74M->74M(87M) 167.847ms
[2020-08-10T13:10:10.860+0300][1550.403s][info ][gc] GC(51082) Pause Young (Allocation Failure) 75M->75M(87M) 29.269ms
[2020-08-10T13:10:10.874+0300][1550.417s][info ][gc] GC(51083) Pause Young (Allocation Failure) 76M->76M(87M) 13.705ms
[2020-08-10T13:10:10.888+0300][1550.431s][info ][gc] GC(51084) Pause Young (Allocation Failure) 77M->77M(87M) 13.769ms
[2020-08-10T13:10:10.903+0300][1550.446s][info ][gc] GC(51085) Pause Young (Allocation Failure) 78M->78M(87M) 13.749ms
[2020-08-10T13:10:10.917+0300][1550.461s][info ][gc] GC(51086) Pause Young (Allocation Failure) 79M->79M(87M) 13.780ms
[2020-08-10T13:10:10.932+0300][1550.475s][info ][gc] GC(51087) Pause Young (Allocation Failure) 80M->80M(87M) 13.784ms
[2020-08-10T13:10:10.946+0300][1550.489s][info ][gc] GC(51088) Pause Young (Allocation Failure) 81M->81M(87M) 13.778ms
[2020-08-10T13:10:10.961+0300][1550.504s][info ][gc] GC(51089) Pause Young (Allocation Failure) 82M->82M(87M) 13.842ms
[2020-08-10T13:10:10.975+0300][1550.518s][info ][gc] GC(51090) Pause Young (Allocation Failure) 83M->82M(87M) 13.897ms
[2020-08-10T13:10:10.989+0300][1550.533s][info ][gc] GC(51091) Pause Young (Allocation Failure) 83M->83M(87M) 13.835ms
[2020-08-10T13:10:11.004+0300][1550.547s][info ][gc] GC(51092) Pause Young (Allocation Failure) 84M->84M(87M) 14.099ms
[2020-08-10T13:10:11.019+0300][1550.562s][info ][gc] GC(51093) Pause Young (Allocation Failure) 85M->85M(87M) 14.454ms
[2020-08-10T13:10:11.217+0300][1550.760s][debug][gc] GC(51094) Expanding ParOldGen from 87552K by 11264K to 98816K
[2020-08-10T13:10:11.217+0300][1550.761s][info ][gc] GC(51094) Pause Full (Ergonomics) 85M->85M(98M) 198.238ms
[2020-08-10T13:10:11.249+0300][1550.792s][info ][gc] GC(51095) Pause Young (Allocation Failure) 86M->86M(98M) 31.284ms
[2020-08-10T13:10:11.264+0300][1550.807s][info ][gc] GC(51096) Pause Young (Allocation Failure) 87M->87M(98M) 14.309ms
[2020-08-10T13:10:11.279+0300][1550.822s][info ][gc] GC(51097) Pause Young (Allocation Failure) 88M->88M(98M) 14.548ms
[2020-08-10T13:10:11.294+0300][1550.837s][info ][gc] GC(51098) Pause Young (Allocation Failure) 89M->89M(98M) 14.454ms
[2020-08-10T13:10:11.309+0300][1550.852s][info ][gc] GC(51099) Pause Young (Allocation Failure) 90M->90M(98M) 14.609ms
[2020-08-10T13:10:11.325+0300][1550.868s][info ][gc] GC(51100) Pause Young (Allocation Failure) 91M->91M(99M) 14.750ms
[2020-08-10T13:10:11.340+0300][1550.883s][info ][gc] GC(51101) Pause Young (Allocation Failure) 92M->92M(99M) 14.584ms
[2020-08-10T13:10:11.355+0300][1550.898s][info ][gc] GC(51102) Pause Young (Allocation Failure) 93M->93M(99M) 15.128ms
[2020-08-10T13:10:11.371+0300][1550.914s][info ][gc] GC(51103) Pause Young (Allocation Failure) 94M->94M(99M) 15.234ms
[2020-08-10T13:10:11.387+0300][1550.930s][info ][gc] GC(51104) Pause Young (Allocation Failure) 95M->95M(99M) 15.139ms
[2020-08-10T13:10:11.402+0300][1550.945s][info ][gc] GC(51105) Pause Young (Allocation Failure) 96M->96M(99M) 15.112ms
[2020-08-10T13:10:11.418+0300][1550.961s][info ][gc] GC(51106) Pause Young (Allocation Failure) 97M->97M(99M) 15.261ms
[2020-08-10T13:10:11.688+0300][1551.231s][debug][gc] GC(51107) Expanding ParOldGen from 98816K by 11264K to 110080K
[2020-08-10T13:10:11.688+0300][1551.231s][info ][gc] GC(51107) Pause Full (Ergonomics) 97M->97M(110M) 269.747ms
[2020-08-10T13:10:11.724+0300][1551.267s][info ][gc] GC(51108) Pause Young (Allocation Failure) 98M->97M(110M) 34.855ms
[2020-08-10T13:10:11.740+0300][1551.283s][info ][gc] GC(51109) Pause Young (Allocation Failure) 98M->98M(110M) 15.336ms
[2020-08-10T13:10:11.756+0300][1551.299s][info ][gc] GC(51110) Pause Young (Allocation Failure) 99M->99M(110M) 15.799ms
[2020-08-10T13:10:11.772+0300][1551.315s][info ][gc] GC(51111) Pause Young (Allocation Failure) 100M->100M(110M) 15.562ms
[2020-08-10T13:10:11.789+0300][1551.332s][info ][gc] GC(51112) Pause Young (Allocation Failure) 101M->101M(110M) 15.785ms
[2020-08-10T13:10:11.805+0300][1551.348s][info ][gc] GC(51113) Pause Young (Allocation Failure) 102M->102M(110M) 16.009ms
[2020-08-10T13:10:11.822+0300][1551.365s][info ][gc] GC(51114) Pause Young (Allocation Failure) 103M->103M(110M) 15.873ms
[2020-08-10T13:10:11.838+0300][1551.381s][info ][gc] GC(51115) Pause Young (Allocation Failure) 104M->104M(110M) 16.056ms
[2020-08-10T13:10:11.855+0300][1551.398s][info ][gc] GC(51116) Pause Young (Allocation Failure) 105M->105M(110M) 15.924ms
[2020-08-10T13:10:11.871+0300][1551.414s][info ][gc] GC(51117) Pause Young (Allocation Failure) 106M->106M(109M) 16.092ms
[2020-08-10T13:10:11.888+0300][1551.431s][info ][gc] GC(51118) Pause Young (Allocation Failure) 107M->107M(109M) 16.247ms
[2020-08-10T13:10:12.151+0300][1551.694s][debug][gc] GC(51119) Expanding ParOldGen from 110080K by 11264K to 121344K
[2020-08-10T13:10:12.151+0300][1551.694s][info ][gc] GC(51119) Pause Full (Ergonomics) 107M->107M(120M) 262.654ms
[2020-08-10T13:10:12.165+0300][1551.708s][info ][gc] GC(51120) Pause Young (Allocation Failure) 108M->108M(120M) 13.328ms
[2020-08-10T13:10:12.181+0300][1551.724s][info ][gc] GC(51121) Pause Young (Allocation Failure) 109M->109M(120M) 15.838ms
[2020-08-10T13:10:12.198+0300][1551.741s][info ][gc] GC(51122) Pause Young (Allocation Failure) 110M->110M(120M) 16.113ms
[2020-08-10T13:10:12.215+0300][1551.758s][info ][gc] GC(51123) Pause Young (Allocation Failure) 111M->111M(120M) 16.201ms
[2020-08-10T13:10:12.232+0300][1551.775s][info ][gc] GC(51124) Pause Young (Allocation Failure) 112M->112M(120M) 16.353ms
[2020-08-10T13:10:12.249+0300][1551.792s][info ][gc] GC(51125) Pause Young (Allocation Failure) 113M->113M(120M) 16.353ms
[2020-08-10T13:10:12.266+0300][1551.809s][info ][gc] GC(51126) Pause Young (Allocation Failure) 114M->113M(120M) 16.374ms
[2020-08-10T13:10:12.283+0300][1551.826s][info ][gc] GC(51127) Pause Young (Allocation Failure) 114M->114M(120M) 16.451ms
[2020-08-10T13:10:12.298+0300][1551.841s][info ][gc] GC(51128) Pause Young (Allocation Failure) 115M->115M(120M) 15.081ms
[2020-08-10T13:10:12.313+0300][1551.856s][info ][gc] GC(51129) Pause Young (Allocation Failure) 115M->115M(120M) 13.874ms
[2020-08-10T13:10:12.327+0300][1551.870s][info ][gc] GC(51130) Pause Young (Allocation Failure) 116M->116M(120M) 13.829ms
[2020-08-10T13:10:12.341+0300][1551.884s][info ][gc] GC(51131) Pause Young (Allocation Failure) 116M->116M(120M) 13.728ms
[2020-08-10T13:10:12.356+0300][1551.899s][info ][gc] GC(51132) Pause Young (Allocation Failure) 117M->117M(120M) 13.846ms
[2020-08-10T13:10:12.370+0300][1551.913s][info ][gc] GC(51133) Pause Young (Allocation Failure) 117M->117M(120M) 13.885ms
[2020-08-10T13:10:12.384+0300][1551.927s][info ][gc] GC(51134) Pause Young (Allocation Failure) 118M->118M(120M) 13.812ms
[2020-08-10T13:10:12.737+0300][1552.280s][debug][gc] GC(51135) Expanding ParOldGen from 121344K by 11264K to 132608K
[2020-08-10T13:10:12.737+0300][1552.280s][info ][gc] GC(51135) Pause Full (Ergonomics) 118M->118M(131M) 353.089ms
[2020-08-10T13:10:12.751+0300][1552.294s][info ][gc] GC(51136) Pause Young (Allocation Failure) 118M->118M(131M) 12.946ms
[2020-08-10T13:10:12.788+0300][1552.331s][info ][gc] GC(51137) Pause Young (Allocation Failure) 119M->118M(131M) 36.866ms
[2020-08-10T13:10:12.803+0300][1552.347s][info ][gc] GC(51138) Pause Young (Allocation Failure) 119M->119M(131M) 14.921ms
[2020-08-10T13:10:12.818+0300][1552.362s][info ][gc] GC(51139) Pause Young (Allocation Failure) 119M->119M(131M) 14.532ms
[2020-08-10T13:10:12.833+0300][1552.376s][info ][gc] GC(51140) Pause Young (Allocation Failure) 120M->120M(131M) 14.394ms
[2020-08-10T13:10:12.848+0300][1552.391s][info ][gc] GC(51141) Pause Young (Allocation Failure) 120M->120M(131M) 14.304ms
[2020-08-10T13:10:12.863+0300][1552.406s][info ][gc] GC(51142) Pause Young (Allocation Failure) 121M->121M(131M) 14.280ms
[2020-08-10T13:10:12.891+0300][1552.435s][info ][gc] GC(51143) Pause Young (Allocation Failure) 121M->121M(131M) 28.481ms
[2020-08-10T13:10:12.906+0300][1552.450s][info ][gc] GC(51144) Pause Young (Allocation Failure) 122M->122M(131M) 14.602ms
[2020-08-10T13:10:12.922+0300][1552.465s][info ][gc] GC(51145) Pause Young (Allocation Failure) 122M->122M(130M) 14.803ms
[2020-08-10T13:10:12.937+0300][1552.480s][info ][gc] GC(51146) Pause Young (Allocation Failure) 123M->123M(131M) 14.728ms
[2020-08-10T13:10:12.972+0300][1552.515s][info ][gc] GC(51147) Pause Young (Allocation Failure) 123M->123M(131M) 34.768ms
[2020-08-10T13:10:12.987+0300][1552.530s][info ][gc] GC(51148) Pause Young (Allocation Failure) 124M->124M(131M) 14.609ms
[2020-08-10T13:10:13.002+0300][1552.545s][info ][gc] GC(51149) Pause Young (Allocation Failure) 124M->124M(131M) 14.650ms
[2020-08-10T13:10:13.017+0300][1552.560s][info ][gc] GC(51150) Pause Young (Allocation Failure) 125M->124M(131M) 14.435ms
[2020-08-10T13:10:13.032+0300][1552.575s][info ][gc] GC(51151) Pause Young (Allocation Failure) 125M->125M(131M) 14.807ms
[2020-08-10T13:10:13.065+0300][1552.608s][info ][gc] GC(51152) Pause Young (Allocation Failure) 125M->125M(131M) 32.451ms
[2020-08-10T13:10:13.080+0300][1552.623s][info ][gc] GC(51153) Pause Young (Allocation Failure) 126M->126M(131M) 14.628ms
[2020-08-10T13:10:13.095+0300][1552.638s][info ][gc] GC(51154) Pause Young (Allocation Failure) 126M->126M(131M) 14.822ms
[2020-08-10T13:10:13.118+0300][1552.661s][info ][gc] GC(51155) Pause Young (Allocation Failure) 127M->127M(131M) 22.556ms
[2020-08-10T13:10:13.133+0300][1552.676s][info ][gc] GC(51156) Pause Young (Allocation Failure) 127M->127M(131M) 14.780ms
[2020-08-10T13:10:13.148+0300][1552.692s][info ][gc] GC(51157) Pause Young (Allocation Failure) 128M->128M(131M) 14.781ms
[2020-08-10T13:10:13.164+0300][1552.707s][info ][gc] GC(51158) Pause Young (Allocation Failure) 128M->128M(131M) 14.783ms
[2020-08-10T13:10:13.179+0300][1552.722s][info ][gc] GC(51159) Pause Young (Allocation Failure) 129M->129M(131M) 14.891ms
[2020-08-10T13:10:13.194+0300][1552.737s][info ][gc] GC(51160) Pause Young (Allocation Failure) 129M->129M(131M) 14.953ms
[2020-08-10T13:10:13.532+0300][1553.076s][debug][gc] GC(51161) Expanding ParOldGen from 132608K by 10752K to 143360K
[2020-08-10T13:10:13.533+0300][1553.076s][info ][gc] GC(51161) Pause Full (Ergonomics) 129M->129M(141M) 338.147ms
[2020-08-10T13:10:13.547+0300][1553.090s][info ][gc] GC(51162) Pause Young (Allocation Failure) 129M->129M(141M) 13.531ms
[2020-08-10T13:10:13.562+0300][1553.105s][info ][gc] GC(51163) Pause Young (Allocation Failure) 130M->130M(141M) 15.190ms
[2020-08-10T13:10:13.578+0300][1553.122s][info ][gc] GC(51164) Pause Young (Allocation Failure) 130M->130M(141M) 15.927ms
[2020-08-10T13:10:13.594+0300][1553.137s][info ][gc] GC(51165) Pause Young (Allocation Failure) 131M->131M(141M) 15.227ms
[2020-08-10T13:10:13.610+0300][1553.153s][info ][gc] GC(51166) Pause Young (Allocation Failure) 131M->131M(141M) 15.199ms
[2020-08-10T13:10:13.625+0300][1553.169s][info ][gc] GC(51167) Pause Young (Allocation Failure) 132M->131M(141M) 15.098ms
[2020-08-10T13:10:13.641+0300][1553.184s][info ][gc] GC(51168) Pause Young (Allocation Failure) 132M->132M(141M) 15.234ms
[2020-08-10T13:10:13.656+0300][1553.200s][info ][gc] GC(51169) Pause Young (Allocation Failure) 132M->132M(141M) 15.160ms
[2020-08-10T13:10:13.672+0300][1553.215s][info ][gc] GC(51170) Pause Young (Allocation Failure) 133M->133M(141M) 15.118ms
[2020-08-10T13:10:13.688+0300][1553.231s][info ][gc] GC(51171) Pause Young (Allocation Failure) 133M->133M(141M) 15.227ms
[2020-08-10T13:10:13.703+0300][1553.246s][info ][gc] GC(51172) Pause Young (Allocation Failure) 134M->134M(141M) 15.196ms
[2020-08-10T13:10:13.719+0300][1553.262s][info ][gc] GC(51173) Pause Young (Allocation Failure) 134M->134M(141M) 15.392ms
[2020-08-10T13:10:13.758+0300][1553.301s][info ][gc] GC(51174) Pause Young (Allocation Failure) 135M->135M(141M) 38.810ms
[2020-08-10T13:10:13.774+0300][1553.317s][info ][gc] GC(51175) Pause Young (Allocation Failure) 135M->135M(141M) 15.591ms
[2020-08-10T13:10:13.774+0300][1553.317s][debug][gc] Expanding ParOldGen from 143360K by 19968K to 163328K
[2020-08-10T13:10:13.797+0300][1553.340s][info ][gc] GC(51176) Pause Young (Allocation Failure) 155M->154M(161M) 14.501ms
[2020-08-10T13:10:13.830+0300][1553.374s][info ][gc] GC(51177) Pause Young (Allocation Failure) 155M->155M(161M) 33.546ms
[2020-08-10T13:10:13.844+0300][1553.387s][info ][gc] GC(51178) Pause Young (Allocation Failure) 155M->155M(161M) 13.009ms
[2020-08-10T13:10:13.858+0300][1553.401s][info ][gc] GC(51179) Pause Young (Allocation Failure) 156M->156M(161M) 13.159ms
[2020-08-10T13:10:13.871+0300][1553.414s][info ][gc] GC(51180) Pause Young (Allocation Failure) 156M->156M(161M) 12.767ms
[2020-08-10T13:10:13.884+0300][1553.427s][info ][gc] GC(51181) Pause Young (Allocation Failure) 157M->157M(161M) 12.752ms
[2020-08-10T13:10:13.897+0300][1553.440s][info ][gc] GC(51182) Pause Young (Allocation Failure) 157M->157M(161M) 13.033ms
[2020-08-10T13:10:13.910+0300][1553.454s][info ][gc] GC(51183) Pause Young (Allocation Failure) 158M->158M(161M) 13.047ms
[2020-08-10T13:10:13.924+0300][1553.467s][info ][gc] GC(51184) Pause Young (Allocation Failure) 158M->158M(161M) 13.119ms
[2020-08-10T13:10:13.937+0300][1553.481s][info ][gc] GC(51185) Pause Young (Allocation Failure) 159M->159M(161M) 13.002ms
[2020-08-10T13:10:13.951+0300][1553.494s][info ][gc] GC(51186) Pause Young (Allocation Failure) 159M->159M(161M) 13.115ms
[2020-08-10T13:10:14.010+0300][1553.554s][debug][gc] GC(51187) Shrinking ParOldGen from 163328K by 125952K to 37376K
[2020-08-10T13:10:14.010+0300][1553.554s][info ][gc] GC(51187) Pause Full (Ergonomics) 159M->25M(38M) 59.198ms
[2020-08-10T13:10:14.043+0300][1553.586s][info ][gc] GC(51188) Pause Young (Allocation Failure) 26M->26M(38M) 31.691ms
[2020-08-10T13:10:14.056+0300][1553.600s][info ][gc] GC(51189) Pause Young (Allocation Failure) 26M->26M(38M) 13.329ms
[2020-08-10T13:10:14.070+0300][1553.613s][info ][gc] GC(51190) Pause Young (Allocation Failure) 27M->27M(38M) 13.246ms
[2020-08-10T13:10:14.083+0300][1553.627s][info ][gc] GC(51191) Pause Young (Allocation Failure) 27M->27M(38M) 12.941ms
[2020-08-10T13:10:14.097+0300][1553.640s][info ][gc] GC(51192) Pause Young (Allocation Failure) 28M->27M(38M) 12.948ms
[2020-08-10T13:10:14.110+0300][1553.653s][info ][gc] GC(51193) Pause Young (Allocation Failure) 28M->28M(38M) 12.864ms
[2020-08-10T13:10:14.123+0300][1553.667s][info ][gc] GC(51194) Pause Young (Allocation Failure) 28M->28M(38M) 12.947ms
[2020-08-10T13:10:14.137+0300][1553.680s][info ][gc] GC(51195) Pause Young (Allocation Failure) 29M->29M(38M) 13.056ms
[2020-08-10T13:10:14.151+0300][1553.694s][info ][gc] GC(51196) Pause Young (Allocation Failure) 30M->30M(38M) 13.150ms
[2020-08-10T13:10:14.164+0300][1553.708s][info ][gc] GC(51197) Pause Young (Allocation Failure) 31M->31M(38M) 13.220ms
[2020-08-10T13:10:14.178+0300][1553.721s][info ][gc] GC(51198) Pause Young (Allocation Failure) 32M->32M(38M) 13.423ms
[2020-08-10T13:10:14.192+0300][1553.736s][info ][gc] GC(51199) Pause Young (Allocation Failure) 33M->33M(39M) 13.464ms
[2020-08-10T13:10:14.206+0300][1553.749s][info ][gc] GC(51200) Pause Young (Allocation Failure) 34M->33M(39M) 13.305ms
[2020-08-10T13:10:14.220+0300][1553.763s][info ][gc] GC(51201) Pause Young (Allocation Failure) 34M->34M(39M) 13.452ms
[2020-08-10T13:10:14.234+0300][1553.777s][info ][gc] GC(51202) Pause Young (Allocation Failure) 35M->35M(39M) 13.478ms
[2020-08-10T13:10:14.248+0300][1553.791s][info ][gc] GC(51203) Pause Young (Allocation Failure) 36M->36M(39M) 13.437ms
[2020-08-10T13:10:14.313+0300][1553.856s][debug][gc] GC(51204) Expanding ParOldGen from 37376K by 11264K to 48640K
[2020-08-10T13:10:14.313+0300][1553.856s][info ][gc] GC(51204) Pause Full (Ergonomics) 36M->36M(50M) 64.484ms
[2020-08-10T13:10:14.330+0300][1553.873s][info ][gc] GC(51205) Pause Young (Allocation Failure) 37M->37M(50M) 16.856ms
[2020-08-10T13:10:14.344+0300][1553.887s][info ][gc] GC(51206) Pause Young (Allocation Failure) 38M->38M(50M) 13.508ms
[2020-08-10T13:10:14.358+0300][1553.901s][info ][gc] GC(51207) Pause Young (Allocation Failure) 39M->39M(50M) 13.396ms
[2020-08-10T13:10:14.372+0300][1553.915s][info ][gc] GC(51208) Pause Young (Allocation Failure) 40M->40M(50M) 13.552ms
[2020-08-10T13:10:14.386+0300][1553.929s][info ][gc] GC(51209) Pause Young (Allocation Failure) 41M->41M(50M) 13.518ms
[2020-08-10T13:10:14.400+0300][1553.943s][info ][gc] GC(51210) Pause Young (Allocation Failure) 42M->42M(50M) 13.529ms
[2020-08-10T13:10:14.414+0300][1553.957s][info ][gc] GC(51211) Pause Young (Allocation Failure) 43M->43M(50M) 13.464ms
[2020-08-10T13:10:14.428+0300][1553.971s][info ][gc] GC(51212) Pause Young (Allocation Failure) 44M->44M(50M) 13.508ms
[2020-08-10T13:10:14.442+0300][1553.985s][info ][gc] GC(51213) Pause Young (Allocation Failure) 45M->45M(50M) 13.446ms
[2020-08-10T13:10:14.456+0300][1553.999s][info ][gc] GC(51214) Pause Young (Allocation Failure) 46M->46M(50M) 13.572ms
[2020-08-10T13:10:14.470+0300][1554.014s][info ][gc] GC(51215) Pause Young (Allocation Failure) 47M->47M(50M) 13.619ms
[2020-08-10T13:10:14.569+0300][1554.112s][debug][gc] GC(51216) Expanding ParOldGen from 48640K by 11264K to 59904K
[2020-08-10T13:10:14.569+0300][1554.112s][info ][gc] GC(51216) Pause Full (Ergonomics) 47M->47M(61M) 98.116ms
[2020-08-10T13:10:14.592+0300][1554.136s][info ][gc] GC(51217) Pause Young (Allocation Failure) 48M->47M(61M) 23.184ms
[2020-08-10T13:10:14.606+0300][1554.149s][info ][gc] GC(51218) Pause Young (Allocation Failure) 48M->48M(61M) 13.353ms
[2020-08-10T13:10:14.620+0300][1554.163s][info ][gc] GC(51219) Pause Young (Allocation Failure) 49M->49M(61M) 13.396ms
[2020-08-10T13:10:14.634+0300][1554.177s][info ][gc] GC(51220) Pause Young (Allocation Failure) 50M->50M(61M) 13.382ms
[2020-08-10T13:10:14.648+0300][1554.191s][info ][gc] GC(51221) Pause Young (Allocation Failure) 51M->51M(61M) 13.436ms
[2020-08-10T13:10:14.662+0300][1554.205s][info ][gc] GC(51222) Pause Young (Allocation Failure) 52M->52M(61M) 13.501ms
[2020-08-10T13:10:14.676+0300][1554.219s][info ][gc] GC(51223) Pause Young (Allocation Failure) 53M->53M(61M) 13.542ms
[2020-08-10T13:10:14.690+0300][1554.233s][info ][gc] GC(51224) Pause Young (Allocation Failure) 54M->54M(61M) 13.417ms
[2020-08-10T13:10:14.704+0300][1554.247s][info ][gc] GC(51225) Pause Young (Allocation Failure) 55M->55M(61M) 13.409ms
[2020-08-10T13:10:14.718+0300][1554.261s][info ][gc] GC(51226) Pause Young (Allocation Failure) 56M->56M(61M) 13.564ms
[2020-08-10T13:10:14.732+0300][1554.275s][info ][gc] GC(51227) Pause Young (Allocation Failure) 57M->57M(61M) 13.486ms
[2020-08-10T13:10:14.746+0300][1554.289s][info ][gc] GC(51228) Pause Young (Allocation Failure) 58M->58M(61M) 13.362ms
[2020-08-10T13:10:14.867+0300][1554.411s][debug][gc] GC(51229) Expanding ParOldGen from 59904K by 11776K to 71680K
[2020-08-10T13:10:14.867+0300][1554.411s][info ][gc] GC(51229) Pause Full (Ergonomics) 58M->58M(72M) 121.347ms
[2020-08-10T13:10:14.881+0300][1554.424s][info ][gc] GC(51230) Pause Young (Allocation Failure) 59M->59M(72M) 13.041ms
[2020-08-10T13:10:14.895+0300][1554.438s][info ][gc] GC(51231) Pause Young (Allocation Failure) 60M->60M(72M) 13.497ms
[2020-08-10T13:10:14.909+0300][1554.452s][info ][gc] GC(51232) Pause Young (Allocation Failure) 61M->61M(72M) 13.383ms
[2020-08-10T13:10:14.923+0300][1554.466s][info ][gc] GC(51233) Pause Young (Allocation Failure) 62M->62M(72M) 13.456ms
[2020-08-10T13:10:14.937+0300][1554.480s][info ][gc] GC(51234) Pause Young (Allocation Failure) 63M->63M(72M) 13.458ms
[2020-08-10T13:10:14.951+0300][1554.494s][info ][gc] GC(51235) Pause Young (Allocation Failure) 64M->63M(72M) 13.518ms
[2020-08-10T13:10:14.965+0300][1554.508s][info ][gc] GC(51236) Pause Young (Allocation Failure) 64M->64M(72M) 13.474ms
[2020-08-10T13:10:14.979+0300][1554.522s][info ][gc] GC(51237) Pause Young (Allocation Failure) 65M->65M(72M) 13.589ms
[2020-08-10T13:10:14.993+0300][1554.536s][info ][gc] GC(51238) Pause Young (Allocation Failure) 66M->66M(72M) 13.523ms
[2020-08-10T13:10:15.007+0300][1554.550s][info ][gc] GC(51239) Pause Young (Allocation Failure) 67M->67M(72M) 13.571ms
[2020-08-10T13:10:15.021+0300][1554.565s][info ][gc] GC(51240) Pause Young (Allocation Failure) 68M->68M(72M) 13.588ms
[2020-08-10T13:10:15.035+0300][1554.579s][info ][gc] GC(51241) Pause Young (Allocation Failure) 69M->69M(72M) 13.535ms
[2020-08-10T13:10:15.049+0300][1554.593s][info ][gc] GC(51242) Pause Young (Allocation Failure) 70M->70M(72M) 13.593ms
[2020-08-10T13:10:15.214+0300][1554.757s][debug][gc] GC(51243) Expanding ParOldGen from 71680K by 11264K to 82944K
[2020-08-10T13:10:15.214+0300][1554.758s][info ][gc] GC(51243) Pause Full (Ergonomics) 70M->70M(83M) 164.700ms
[2020-08-10T13:10:15.244+0300][1554.788s][info ][gc] GC(51244) Pause Young (Allocation Failure) 71M->71M(83M) 29.448ms
[2020-08-10T13:10:15.259+0300][1554.802s][info ][gc] GC(51245) Pause Young (Allocation Failure) 72M->72M(83M) 13.817ms
[2020-08-10T13:10:15.273+0300][1554.816s][info ][gc] GC(51246) Pause Young (Allocation Failure) 73M->73M(83M) 13.768ms
[2020-08-10T13:10:15.287+0300][1554.830s][info ][gc] GC(51247) Pause Young (Allocation Failure) 74M->74M(83M) 13.714ms
[2020-08-10T13:10:15.301+0300][1554.845s][info ][gc] GC(51248) Pause Young (Allocation Failure) 75M->75M(83M) 13.771ms
[2020-08-10T13:10:15.316+0300][1554.859s][info ][gc] GC(51249) Pause Young (Allocation Failure) 76M->76M(83M) 13.721ms
[2020-08-10T13:10:15.330+0300][1554.873s][info ][gc] GC(51250) Pause Young (Allocation Failure) 77M->77M(83M) 13.823ms
[2020-08-10T13:10:15.345+0300][1554.888s][info ][gc] GC(51251) Pause Young (Allocation Failure) 78M->78M(83M) 14.007ms
[2020-08-10T13:10:15.359+0300][1554.902s][info ][gc] GC(51252) Pause Young (Allocation Failure) 79M->79M(83M) 13.970ms
[2020-08-10T13:10:15.374+0300][1554.917s][info ][gc] GC(51253) Pause Young (Allocation Failure) 80M->80M(82M) 14.026ms
[2020-08-10T13:10:15.388+0300][1554.931s][info ][gc] GC(51254) Pause Young (Allocation Failure) 81M->81M(83M) 13.649ms
[2020-08-10T13:10:15.570+0300][1555.113s][debug][gc] GC(51255) Expanding ParOldGen from 82944K by 11776K to 94720K
[2020-08-10T13:10:15.570+0300][1555.113s][info ][gc] GC(51255) Pause Full (Ergonomics) 81M->80M(95M) 181.611ms
[2020-08-10T13:10:15.583+0300][1555.126s][info ][gc] GC(51256) Pause Young (Allocation Failure) 81M->81M(95M) 13.076ms
[2020-08-10T13:10:15.597+0300][1555.141s][info ][gc] GC(51257) Pause Young (Allocation Failure) 82M->82M(95M) 13.739ms
[2020-08-10T13:10:15.612+0300][1555.155s][info ][gc] GC(51258) Pause Young (Allocation Failure) 83M->83M(95M) 13.712ms
[2020-08-10T13:10:15.626+0300][1555.169s][info ][gc] GC(51259) Pause Young (Allocation Failure) 84M->84M(95M) 13.743ms
[2020-08-10T13:10:15.640+0300][1555.184s][info ][gc] GC(51260) Pause Young (Allocation Failure) 85M->85M(95M) 13.828ms
[2020-08-10T13:10:15.655+0300][1555.198s][info ][gc] GC(51261) Pause Young (Allocation Failure) 86M->86M(95M) 13.932ms
[2020-08-10T13:10:15.670+0300][1555.213s][info ][gc] GC(51262) Pause Young (Allocation Failure) 87M->87M(95M) 14.329ms
[2020-08-10T13:10:15.685+0300][1555.228s][info ][gc] GC(51263) Pause Young (Allocation Failure) 88M->88M(95M) 14.224ms
[2020-08-10T13:10:15.699+0300][1555.243s][info ][gc] GC(51264) Pause Young (Allocation Failure) 89M->89M(95M) 14.253ms
[2020-08-10T13:10:15.714+0300][1555.257s][info ][gc] GC(51265) Pause Young (Allocation Failure) 90M->90M(95M) 14.057ms
[2020-08-10T13:10:15.728+0300][1555.272s][info ][gc] GC(51266) Pause Young (Allocation Failure) 91M->91M(95M) 14.235ms
[2020-08-10T13:10:15.743+0300][1555.287s][info ][gc] GC(51267) Pause Young (Allocation Failure) 92M->92M(95M) 14.458ms
[2020-08-10T13:10:15.758+0300][1555.301s][info ][gc] GC(51268) Pause Young (Allocation Failure) 93M->93M(95M) 14.447ms
[2020-08-10T13:10:15.992+0300][1555.535s][debug][gc] GC(51269) Expanding ParOldGen from 94720K by 11264K to 105984K
[2020-08-10T13:10:15.992+0300][1555.535s][info ][gc] GC(51269) Pause Full (Ergonomics) 93M->93M(106M) 233.809ms
[2020-08-10T13:10:16.026+0300][1555.570s][info ][gc] GC(51270) Pause Young (Allocation Failure) 94M->94M(106M) 33.916ms
[2020-08-10T13:10:16.042+0300][1555.585s][info ][gc] GC(51271) Pause Young (Allocation Failure) 95M->95M(106M) 14.970ms
[2020-08-10T13:10:16.058+0300][1555.601s][info ][gc] GC(51272) Pause Young (Allocation Failure) 96M->95M(106M) 15.044ms
[2020-08-10T13:10:16.073+0300][1555.617s][info ][gc] GC(51273) Pause Young (Allocation Failure) 96M->96M(106M) 15.015ms
[2020-08-10T13:10:16.089+0300][1555.632s][info ][gc] GC(51274) Pause Young (Allocation Failure) 97M->97M(106M) 15.389ms
[2020-08-10T13:10:16.105+0300][1555.648s][info ][gc] GC(51275) Pause Young (Allocation Failure) 98M->98M(106M) 15.328ms
[2020-08-10T13:10:16.121+0300][1555.664s][info ][gc] GC(51276) Pause Young (Allocation Failure) 99M->99M(106M) 15.351ms
[2020-08-10T13:10:16.137+0300][1555.680s][info ][gc] GC(51277) Pause Young (Allocation Failure) 100M->100M(106M) 15.517ms
[2020-08-10T13:10:16.153+0300][1555.696s][info ][gc] GC(51278) Pause Young (Allocation Failure) 101M->101M(106M) 15.330ms
[2020-08-10T13:10:16.169+0300][1555.712s][info ][gc] GC(51279) Pause Young (Allocation Failure) 102M->102M(106M) 15.710ms
[2020-08-10T13:10:16.185+0300][1555.728s][info ][gc] GC(51280) Pause Young (Allocation Failure) 103M->103M(106M) 15.737ms
[2020-08-10T13:10:16.434+0300][1555.977s][debug][gc] GC(51281) Expanding ParOldGen from 105984K by 11264K to 117248K
[2020-08-10T13:10:16.434+0300][1555.978s][info ][gc] GC(51281) Pause Full (Ergonomics) 103M->103M(117M) 248.938ms
[2020-08-10T13:10:16.448+0300][1555.991s][info ][gc] GC(51282) Pause Young (Allocation Failure) 104M->104M(117M) 13.252ms
[2020-08-10T13:10:16.464+0300][1556.007s][info ][gc] GC(51283) Pause Young (Allocation Failure) 105M->105M(117M) 15.483ms
[2020-08-10T13:10:16.480+0300][1556.024s][info ][gc] GC(51284) Pause Young (Allocation Failure) 106M->106M(117M) 15.802ms
[2020-08-10T13:10:16.497+0300][1556.040s][info ][gc] GC(51285) Pause Young (Allocation Failure) 107M->107M(117M) 15.754ms
[2020-08-10T13:10:16.513+0300][1556.056s][info ][gc] GC(51286) Pause Young (Allocation Failure) 108M->108M(117M) 15.760ms
[2020-08-10T13:10:16.529+0300][1556.073s][info ][gc] GC(51287) Pause Young (Allocation Failure) 109M->109M(117M) 15.961ms
[2020-08-10T13:10:16.546+0300][1556.089s][info ][gc] GC(51288) Pause Young (Allocation Failure) 110M->110M(117M) 16.210ms
[2020-08-10T13:10:16.563+0300][1556.106s][info ][gc] GC(51289) Pause Young (Allocation Failure) 111M->111M(117M) 15.893ms
[2020-08-10T13:10:16.581+0300][1556.124s][info ][gc] GC(51290) Pause Young (Allocation Failure) 112M->112M(117M) 17.260ms
[2020-08-10T13:10:16.597+0300][1556.141s][info ][gc] GC(51291) Pause Young (Allocation Failure) 113M->112M(117M) 16.349ms
[2020-08-10T13:10:16.614+0300][1556.158s][info ][gc] GC(51292) Pause Young (Allocation Failure) 113M->113M(117M) 16.555ms
[2020-08-10T13:10:16.632+0300][1556.175s][info ][gc] GC(51293) Pause Young (Allocation Failure) 114M->114M(117M) 16.553ms
[2020-08-10T13:10:16.909+0300][1556.452s][debug][gc] GC(51294) Expanding ParOldGen from 117248K by 11264K to 128512K
[2020-08-10T13:10:16.909+0300][1556.453s][info ][gc] GC(51294) Pause Full (Ergonomics) 114M->114M(128M) 277.522ms
[2020-08-10T13:10:16.941+0300][1556.484s][info ][gc] GC(51295) Pause Young (Allocation Failure) 115M->115M(128M) 30.739ms
[2020-08-10T13:10:16.959+0300][1556.502s][info ][gc] GC(51296) Pause Young (Allocation Failure) 116M->116M(128M) 17.208ms
[2020-08-10T13:10:16.976+0300][1556.519s][info ][gc] GC(51297) Pause Young (Allocation Failure) 117M->117M(128M) 16.961ms
[2020-08-10T13:10:16.994+0300][1556.538s][info ][gc] GC(51298) Pause Young (Allocation Failure) 118M->118M(128M) 17.611ms
[2020-08-10T13:10:17.012+0300][1556.555s][info ][gc] GC(51299) Pause Young (Allocation Failure) 119M->119M(128M) 17.419ms
[2020-08-10T13:10:17.030+0300][1556.573s][info ][gc] GC(51300) Pause Young (Allocation Failure) 120M->120M(128M) 17.203ms
[2020-08-10T13:10:17.048+0300][1556.591s][info ][gc] GC(51301) Pause Young (Allocation Failure) 121M->121M(128M) 17.724ms
[2020-08-10T13:10:17.066+0300][1556.610s][info ][gc] GC(51302) Pause Young (Allocation Failure) 122M->122M(128M) 17.615ms
[2020-08-10T13:10:17.084+0300][1556.627s][info ][gc] GC(51303) Pause Young (Allocation Failure) 123M->123M(128M) 17.415ms
[2020-08-10T13:10:17.102+0300][1556.646s][info ][gc] GC(51304) Pause Young (Allocation Failure) 124M->124M(128M) 17.993ms
[2020-08-10T13:10:17.121+0300][1556.664s][info ][gc] GC(51305) Pause Young (Allocation Failure) 125M->125M(128M) 17.787ms
[2020-08-10T13:10:17.139+0300][1556.682s][info ][gc] GC(51306) Pause Young (Allocation Failure) 126M->126M(128M) 17.601ms
[2020-08-10T13:10:17.469+0300][1557.012s][debug][gc] GC(51307) Expanding ParOldGen from 128512K by 11264K to 139776K
[2020-08-10T13:10:17.469+0300][1557.012s][info ][gc] GC(51307) Pause Full (Ergonomics) 126M->126M(139M) 330.071ms
[2020-08-10T13:10:17.502+0300][1557.046s][info ][gc] GC(51308) Pause Young (Allocation Failure) 127M->127M(139M) 33.129ms
[2020-08-10T13:10:17.521+0300][1557.065s][info ][gc] GC(51309) Pause Young (Allocation Failure) 128M->127M(139M) 18.551ms
[2020-08-10T13:10:17.539+0300][1557.083s][info ][gc] GC(51310) Pause Young (Allocation Failure) 128M->128M(139M) 17.793ms
[2020-08-10T13:10:17.558+0300][1557.101s][info ][gc] GC(51311) Pause Young (Allocation Failure) 129M->129M(139M) 18.056ms
[2020-08-10T13:10:17.577+0300][1557.120s][info ][gc] GC(51312) Pause Young (Allocation Failure) 130M->130M(139M) 18.323ms
[2020-08-10T13:10:17.595+0300][1557.139s][info ][gc] GC(51313) Pause Young (Allocation Failure) 131M->131M(139M) 18.154ms
[2020-08-10T13:10:17.614+0300][1557.158s][info ][gc] GC(51314) Pause Young (Allocation Failure) 132M->132M(139M) 18.292ms
[2020-08-10T13:10:17.633+0300][1557.177s][info ][gc] GC(51315) Pause Young (Allocation Failure) 133M->133M(139M) 18.622ms
[2020-08-10T13:10:17.652+0300][1557.196s][info ][gc] GC(51316) Pause Young (Allocation Failure) 134M->134M(139M) 18.695ms
[2020-08-10T13:10:17.671+0300][1557.215s][info ][gc] GC(51317) Pause Young (Allocation Failure) 135M->135M(139M) 18.498ms
[2020-08-10T13:10:17.672+0300][1557.215s][debug][gc] Expanding ParOldGen from 139776K by 19968K to 159744K
[2020-08-10T13:10:17.708+0300][1557.251s][info ][gc] GC(51318) Pause Young (Allocation Failure) 155M->155M(158M) 29.006ms
[2020-08-10T13:10:17.735+0300][1557.278s][info ][gc] GC(51319) Pause Young (Allocation Failure) 156M->156M(158M) 26.341ms
[2020-08-10T13:10:17.774+0300][1557.317s][debug][gc] GC(51320) Shrinking ParOldGen from 159744K by 124928K to 34816K
[2020-08-10T13:10:17.774+0300][1557.317s][info ][gc] GC(51320) Pause Full (Ergonomics) 156M->22M(36M) 39.022ms
[2020-08-10T13:10:17.787+0300][1557.331s][info ][gc] GC(51321) Pause Young (Allocation Failure) 23M->23M(36M) 12.958ms
[2020-08-10T13:10:17.801+0300][1557.345s][info ][gc] GC(51322) Pause Young (Allocation Failure) 24M->24M(36M) 13.490ms
[2020-08-10T13:10:17.815+0300][1557.359s][info ][gc] GC(51323) Pause Young (Allocation Failure) 25M->25M(36M) 13.555ms
[2020-08-10T13:10:17.829+0300][1557.373s][info ][gc] GC(51324) Pause Young (Allocation Failure) 26M->26M(36M) 13.499ms
[2020-08-10T13:10:17.843+0300][1557.387s][info ][gc] GC(51325) Pause Young (Allocation Failure) 27M->27M(36M) 13.417ms
[2020-08-10T13:10:17.857+0300][1557.401s][info ][gc] GC(51326) Pause Young (Allocation Failure) 28M->28M(36M) 13.464ms
[2020-08-10T13:10:17.872+0300][1557.415s][info ][gc] GC(51327) Pause Young (Allocation Failure) 29M->29M(36M) 13.482ms
[2020-08-10T13:10:17.886+0300][1557.429s][info ][gc] GC(51328) Pause Young (Allocation Failure) 30M->30M(36M) 13.514ms
[2020-08-10T13:10:17.900+0300][1557.443s][info ][gc] GC(51329) Pause Young (Allocation Failure) 31M->31M(36M) 13.423ms
[2020-08-10T13:10:17.914+0300][1557.457s][info ][gc] GC(51330) Pause Young (Allocation Failure) 32M->32M(36M) 13.474ms
[2020-08-10T13:10:17.928+0300][1557.471s][info ][gc] GC(51331) Pause Young (Allocation Failure) 33M->33M(36M) 13.480ms
[2020-08-10T13:10:17.941+0300][1557.485s][info ][gc] GC(51332) Pause Young (Allocation Failure) 34M->34M(36M) 13.456ms
[2020-08-10T13:10:18.004+0300][1557.548s][debug][gc] GC(51333) Expanding ParOldGen from 34816K by 11264K to 46080K
[2020-08-10T13:10:18.004+0300][1557.548s][info ][gc] GC(51333) Pause Full (Ergonomics) 34M->34M(47M) 62.763ms
[2020-08-10T13:10:18.022+0300][1557.565s][info ][gc] GC(51334) Pause Young (Allocation Failure) 35M->35M(47M) 16.274ms
[2020-08-10T13:10:18.036+0300][1557.580s][info ][gc] GC(51335) Pause Young (Allocation Failure) 36M->36M(47M) 13.474ms
[2020-08-10T13:10:18.050+0300][1557.594s][info ][gc] GC(51336) Pause Young (Allocation Failure) 37M->37M(47M) 13.489ms
[2020-08-10T13:10:18.064+0300][1557.608s][info ][gc] GC(51337) Pause Young (Allocation Failure) 38M->37M(47M) 13.619ms
[2020-08-10T13:10:18.078+0300][1557.622s][info ][gc] GC(51338) Pause Young (Allocation Failure) 38M->38M(47M) 13.698ms
[2020-08-10T13:10:18.092+0300][1557.636s][info ][gc] GC(51339) Pause Young (Allocation Failure) 39M->39M(46M) 13.580ms
[2020-08-10T13:10:18.106+0300][1557.650s][info ][gc] GC(51340) Pause Young (Allocation Failure) 40M->40M(47M) 13.270ms
[2020-08-10T13:10:18.120+0300][1557.664s][info ][gc] GC(51341) Pause Young (Allocation Failure) 41M->41M(47M) 13.481ms
[2020-08-10T13:10:18.134+0300][1557.678s][info ][gc] GC(51342) Pause Young (Allocation Failure) 42M->42M(47M) 13.536ms
[2020-08-10T13:10:18.148+0300][1557.692s][info ][gc] GC(51343) Pause Young (Allocation Failure) 43M->43M(47M) 13.562ms
[2020-08-10T13:10:18.162+0300][1557.705s][info ][gc] GC(51344) Pause Young (Allocation Failure) 44M->44M(47M) 13.406ms
[2020-08-10T13:10:18.176+0300][1557.719s][info ][gc] GC(51345) Pause Young (Allocation Failure) 45M->45M(47M) 13.527ms
[2020-08-10T13:10:18.262+0300][1557.806s][debug][gc] GC(51346) Expanding ParOldGen from 46080K by 11264K to 57344K
[2020-08-10T13:10:18.262+0300][1557.806s][info ][gc] GC(51346) Pause Full (Ergonomics) 45M->45M(58M) 86.096ms
[2020-08-10T13:10:18.282+0300][1557.826s][info ][gc] GC(51347) Pause Young (Allocation Failure) 46M->46M(58M) 19.254ms
[2020-08-10T13:10:18.296+0300][1557.840s][info ][gc] GC(51348) Pause Young (Allocation Failure) 47M->47M(58M) 13.642ms
[2020-08-10T13:10:18.311+0300][1557.854s][info ][gc] GC(51349) Pause Young (Allocation Failure) 48M->48M(58M) 13.582ms
[2020-08-10T13:10:18.324+0300][1557.868s][info ][gc] GC(51350) Pause Young (Allocation Failure) 49M->49M(58M) 13.331ms
[2020-08-10T13:10:18.338+0300][1557.882s][info ][gc] GC(51351) Pause Young (Allocation Failure) 50M->50M(58M) 13.560ms
[2020-08-10T13:10:18.352+0300][1557.896s][info ][gc] GC(51352) Pause Young (Allocation Failure) 51M->51M(58M) 13.694ms
[2020-08-10T13:10:18.366+0300][1557.910s][info ][gc] GC(51353) Pause Young (Allocation Failure) 52M->52M(58M) 13.379ms
[2020-08-10T13:10:18.380+0300][1557.923s][info ][gc] GC(51354) Pause Young (Allocation Failure) 53M->53M(58M) 13.353ms
[2020-08-10T13:10:18.396+0300][1557.939s][info ][gc] GC(51355) Pause Young (Allocation Failure) 54M->54M(58M) 15.484ms
[2020-08-10T13:10:18.410+0300][1557.953s][info ][gc] GC(51356) Pause Young (Allocation Failure) 55M->54M(58M) 13.497ms
[2020-08-10T13:10:18.424+0300][1557.967s][info ][gc] GC(51357) Pause Young (Allocation Failure) 55M->55M(58M) 13.563ms
[2020-08-10T13:10:18.544+0300][1558.087s][debug][gc] GC(51358) Expanding ParOldGen from 57344K by 11264K to 68608K
[2020-08-10T13:10:18.544+0300][1558.087s][info ][gc] GC(51358) Pause Full (Ergonomics) 55M->55M(69M) 120.102ms
[2020-08-10T13:10:18.557+0300][1558.101s][info ][gc] GC(51359) Pause Young (Allocation Failure) 56M->56M(69M) 13.021ms
[2020-08-10T13:10:18.574+0300][1558.117s][info ][gc] GC(51360) Pause Young (Allocation Failure) 57M->57M(69M) 15.873ms
[2020-08-10T13:10:18.588+0300][1558.131s][info ][gc] GC(51361) Pause Young (Allocation Failure) 58M->58M(69M) 13.350ms
[2020-08-10T13:10:18.601+0300][1558.145s][info ][gc] GC(51362) Pause Young (Allocation Failure) 59M->59M(69M) 13.346ms
[2020-08-10T13:10:18.615+0300][1558.158s][info ][gc] GC(51363) Pause Young (Allocation Failure) 60M->60M(69M) 13.326ms
[2020-08-10T13:10:18.629+0300][1558.172s][info ][gc] GC(51364) Pause Young (Allocation Failure) 61M->61M(69M) 13.336ms
[2020-08-10T13:10:18.643+0300][1558.186s][info ][gc] GC(51365) Pause Young (Allocation Failure) 62M->62M(69M) 13.495ms
[2020-08-10T13:10:18.657+0300][1558.200s][info ][gc] GC(51366) Pause Young (Allocation Failure) 63M->63M(69M) 13.595ms
[2020-08-10T13:10:18.671+0300][1558.214s][info ][gc] GC(51367) Pause Young (Allocation Failure) 64M->64M(69M) 13.602ms
[2020-08-10T13:10:18.685+0300][1558.229s][info ][gc] GC(51368) Pause Young (Allocation Failure) 65M->65M(69M) 13.684ms
[2020-08-10T13:10:18.699+0300][1558.243s][info ][gc] GC(51369) Pause Young (Allocation Failure) 66M->66M(69M) 13.575ms
[2020-08-10T13:10:18.713+0300][1558.257s][info ][gc] GC(51370) Pause Young (Allocation Failure) 67M->67M(69M) 13.556ms
[2020-08-10T13:10:18.863+0300][1558.406s][debug][gc] GC(51371) Expanding ParOldGen from 68608K by 11264K to 79872K
[2020-08-10T13:10:18.863+0300][1558.407s][info ][gc] GC(51371) Pause Full (Ergonomics) 67M->67M(80M) 149.538ms
[2020-08-10T13:10:18.891+0300][1558.434s][info ][gc] GC(51372) Pause Young (Allocation Failure) 68M->68M(80M) 27.074ms
[2020-08-10T13:10:18.905+0300][1558.449s][info ][gc] GC(51373) Pause Young (Allocation Failure) 69M->68M(80M) 13.885ms
[2020-08-10T13:10:18.919+0300][1558.463s][info ][gc] GC(51374) Pause Young (Allocation Failure) 69M->69M(80M) 13.588ms
[2020-08-10T13:10:18.934+0300][1558.477s][info ][gc] GC(51375) Pause Young (Allocation Failure) 70M->70M(80M) 13.770ms
[2020-08-10T13:10:18.948+0300][1558.492s][info ][gc] GC(51376) Pause Young (Allocation Failure) 71M->71M(80M) 13.770ms
[2020-08-10T13:10:18.963+0300][1558.506s][info ][gc] GC(51377) Pause Young (Allocation Failure) 72M->72M(80M) 13.784ms
[2020-08-10T13:10:18.977+0300][1558.521s][info ][gc] GC(51378) Pause Young (Allocation Failure) 73M->73M(80M) 14.089ms
[2020-08-10T13:10:18.991+0300][1558.535s][info ][gc] GC(51379) Pause Young (Allocation Failure) 74M->74M(80M) 13.780ms
[2020-08-10T13:10:19.006+0300][1558.549s][info ][gc] GC(51380) Pause Young (Allocation Failure) 75M->75M(80M) 13.655ms
[2020-08-10T13:10:19.020+0300][1558.563s][info ][gc] GC(51381) Pause Young (Allocation Failure) 76M->76M(80M) 13.592ms
[2020-08-10T13:10:19.034+0300][1558.577s][info ][gc] GC(51382) Pause Young (Allocation Failure) 77M->77M(80M) 13.783ms
[2020-08-10T13:10:19.048+0300][1558.592s][info ][gc] GC(51383) Pause Young (Allocation Failure) 78M->78M(80M) 13.882ms
[2020-08-10T13:10:19.227+0300][1558.771s][debug][gc] GC(51384) Expanding ParOldGen from 79872K by 11776K to 91648K
[2020-08-10T13:10:19.227+0300][1558.771s][info ][gc] GC(51384) Pause Full (Ergonomics) 78M->78M(91M) 178.881ms
[2020-08-10T13:10:19.280+0300][1558.824s][info ][gc] GC(51385) Pause Young (Allocation Failure) 79M->79M(91M) 52.305ms
[2020-08-10T13:10:19.315+0300][1558.859s][info ][gc] GC(51386) Pause Young (Allocation Failure) 80M->80M(91M) 34.578ms
[2020-08-10T13:10:19.329+0300][1558.873s][info ][gc] GC(51387) Pause Young (Allocation Failure) 81M->81M(91M) 13.738ms
[2020-08-10T13:10:19.344+0300][1558.887s][info ][gc] GC(51388) Pause Young (Allocation Failure) 82M->82M(91M) 13.920ms
[2020-08-10T13:10:19.358+0300][1558.902s][info ][gc] GC(51389) Pause Young (Allocation Failure) 83M->83M(91M) 13.844ms
[2020-08-10T13:10:19.373+0300][1558.916s][info ][gc] GC(51390) Pause Young (Allocation Failure) 84M->84M(91M) 14.074ms
[2020-08-10T13:10:19.387+0300][1558.931s][info ][gc] GC(51391) Pause Young (Allocation Failure) 85M->85M(91M) 14.259ms
[2020-08-10T13:10:19.402+0300][1558.945s][info ][gc] GC(51392) Pause Young (Allocation Failure) 86M->85M(91M) 14.025ms
[2020-08-10T13:10:19.417+0300][1558.960s][info ][gc] GC(51393) Pause Young (Allocation Failure) 86M->86M(91M) 14.306ms
[2020-08-10T13:10:19.432+0300][1558.975s][info ][gc] GC(51394) Pause Young (Allocation Failure) 87M->87M(91M) 14.335ms
[2020-08-10T13:10:19.447+0300][1558.990s][info ][gc] GC(51395) Pause Young (Allocation Failure) 88M->88M(91M) 14.477ms
[2020-08-10T13:10:19.462+0300][1559.005s][info ][gc] GC(51396) Pause Young (Allocation Failure) 89M->89M(91M) 14.440ms
[2020-08-10T13:10:19.671+0300][1559.214s][debug][gc] GC(51397) Expanding ParOldGen from 91648K by 11264K to 102912K
[2020-08-10T13:10:19.671+0300][1559.214s][info ][gc] GC(51397) Pause Full (Ergonomics) 89M->89M(102M) 209.022ms
[2020-08-10T13:10:19.723+0300][1559.267s][info ][gc] GC(51398) Pause Young (Allocation Failure) 90M->90M(102M) 51.829ms
[2020-08-10T13:10:19.738+0300][1559.282s][info ][gc] GC(51399) Pause Young (Allocation Failure) 91M->91M(102M) 14.591ms
[2020-08-10T13:10:19.753+0300][1559.297s][info ][gc] GC(51400) Pause Young (Allocation Failure) 92M->92M(102M) 14.435ms
[2020-08-10T13:10:19.768+0300][1559.312s][info ][gc] GC(51401) Pause Young (Allocation Failure) 93M->93M(102M) 14.770ms
[2020-08-10T13:10:19.784+0300][1559.327s][info ][gc] GC(51402) Pause Young (Allocation Failure) 94M->94M(102M) 14.960ms
[2020-08-10T13:10:19.799+0300][1559.342s][info ][gc] GC(51403) Pause Young (Allocation Failure) 95M->95M(102M) 14.911ms
[2020-08-10T13:10:19.815+0300][1559.358s][info ][gc] GC(51404) Pause Young (Allocation Failure) 96M->96M(102M) 15.148ms
[2020-08-10T13:10:19.830+0300][1559.374s][info ][gc] GC(51405) Pause Young (Allocation Failure) 97M->97M(102M) 15.171ms
[2020-08-10T13:10:19.846+0300][1559.389s][info ][gc] GC(51406) Pause Young (Allocation Failure) 98M->98M(102M) 15.237ms
[2020-08-10T13:10:19.862+0300][1559.405s][info ][gc] GC(51407) Pause Young (Allocation Failure) 99M->99M(102M) 15.545ms
[2020-08-10T13:10:19.878+0300][1559.421s][info ][gc] GC(51408) Pause Young (Allocation Failure) 100M->100M(102M) 15.454ms
[2020-08-10T13:10:19.894+0300][1559.437s][info ][gc] GC(51409) Pause Young (Allocation Failure) 101M->101M(102M) 15.758ms
[2020-08-10T13:10:20.134+0300][1559.677s][debug][gc] GC(51410) Expanding ParOldGen from 102912K by 11264K to 114176K
[2020-08-10T13:10:20.134+0300][1559.678s][info ][gc] GC(51410) Pause Full (Ergonomics) 101M->100M(113M) 239.877ms
[2020-08-10T13:10:20.171+0300][1559.714s][info ][gc] GC(51411) Pause Young (Allocation Failure) 101M->101M(113M) 35.962ms
[2020-08-10T13:10:20.187+0300][1559.730s][info ][gc] GC(51412) Pause Young (Allocation Failure) 102M->102M(113M) 15.699ms
[2020-08-10T13:10:20.202+0300][1559.745s][info ][gc] GC(51413) Pause Young (Allocation Failure) 103M->103M(113M) 14.457ms
[2020-08-10T13:10:20.216+0300][1559.759s][info ][gc] GC(51414) Pause Young (Allocation Failure) 103M->103M(113M) 13.478ms
[2020-08-10T13:10:20.230+0300][1559.773s][info ][gc] GC(51415) Pause Young (Allocation Failure) 104M->104M(113M) 13.456ms
[2020-08-10T13:10:20.244+0300][1559.787s][info ][gc] GC(51416) Pause Young (Allocation Failure) 104M->104M(113M) 13.534ms
[2020-08-10T13:10:20.257+0300][1559.801s][info ][gc] GC(51417) Pause Young (Allocation Failure) 105M->105M(113M) 13.493ms
[2020-08-10T13:10:20.271+0300][1559.815s][info ][gc] GC(51418) Pause Young (Allocation Failure) 105M->105M(113M) 13.446ms
[2020-08-10T13:10:20.285+0300][1559.829s][info ][gc] GC(51419) Pause Young (Allocation Failure) 106M->106M(113M) 13.532ms
[2020-08-10T13:10:20.299+0300][1559.843s][info ][gc] GC(51420) Pause Young (Allocation Failure) 106M->106M(113M) 13.487ms
[2020-08-10T13:10:20.313+0300][1559.857s][info ][gc] GC(51421) Pause Young (Allocation Failure) 107M->107M(113M) 13.484ms
[2020-08-10T13:10:20.327+0300][1559.871s][info ][gc] GC(51422) Pause Young (Allocation Failure) 107M->107M(113M) 13.457ms
[2020-08-10T13:10:20.341+0300][1559.885s][info ][gc] GC(51423) Pause Young (Allocation Failure) 107M->107M(113M) 13.502ms
[2020-08-10T13:10:20.355+0300][1559.899s][info ][gc] GC(51424) Pause Young (Allocation Failure) 108M->108M(113M) 13.548ms
[2020-08-10T13:10:20.369+0300][1559.913s][info ][gc] GC(51425) Pause Young (Allocation Failure) 108M->108M(113M) 13.512ms
[2020-08-10T13:10:20.383+0300][1559.927s][info ][gc] GC(51426) Pause Young (Allocation Failure) 109M->109M(113M) 13.480ms
[2020-08-10T13:10:20.397+0300][1559.941s][info ][gc] GC(51427) Pause Young (Allocation Failure) 109M->109M(113M) 13.550ms
[2020-08-10T13:10:20.411+0300][1559.955s][info ][gc] GC(51428) Pause Young (Allocation Failure) 110M->110M(113M) 13.591ms
[2020-08-10T13:10:20.425+0300][1559.969s][info ][gc] GC(51429) Pause Young (Allocation Failure) 110M->110M(112M) 13.636ms
[2020-08-10T13:10:20.439+0300][1559.983s][info ][gc] GC(51430) Pause Young (Allocation Failure) 111M->111M(113M) 13.638ms
[2020-08-10T13:10:20.716+0300][1560.259s][debug][gc] GC(51431) Expanding ParOldGen from 114176K by 10752K to 124928K
[2020-08-10T13:10:20.716+0300][1560.260s][info ][gc] GC(51431) Pause Full (Ergonomics) 111M->110M(123M) 276.434ms
[2020-08-10T13:10:20.730+0300][1560.273s][info ][gc] GC(51432) Pause Young (Allocation Failure) 111M->111M(123M) 12.950ms
[2020-08-10T13:10:20.743+0300][1560.287s][info ][gc] GC(51433) Pause Young (Allocation Failure) 111M->111M(123M) 13.325ms
[2020-08-10T13:10:20.757+0300][1560.301s][info ][gc] GC(51434) Pause Young (Allocation Failure) 112M->112M(123M) 13.447ms
[2020-08-10T13:10:20.772+0300][1560.315s][info ][gc] GC(51435) Pause Young (Allocation Failure) 112M->112M(123M) 13.973ms
[2020-08-10T13:10:20.786+0300][1560.330s][info ][gc] GC(51436) Pause Young (Allocation Failure) 113M->113M(123M) 13.821ms
[2020-08-10T13:10:20.800+0300][1560.344s][info ][gc] GC(51437) Pause Young (Allocation Failure) 113M->113M(123M) 13.511ms
[2020-08-10T13:10:20.814+0300][1560.358s][info ][gc] GC(51438) Pause Young (Allocation Failure) 114M->114M(123M) 13.586ms
[2020-08-10T13:10:20.828+0300][1560.372s][info ][gc] GC(51439) Pause Young (Allocation Failure) 114M->114M(123M) 13.739ms
[2020-08-10T13:10:20.842+0300][1560.386s][info ][gc] GC(51440) Pause Young (Allocation Failure) 115M->115M(123M) 13.642ms
[2020-08-10T13:10:20.857+0300][1560.400s][info ][gc] GC(51441) Pause Young (Allocation Failure) 115M->115M(123M) 13.789ms
[2020-08-10T13:10:20.871+0300][1560.415s][info ][gc] GC(51442) Pause Young (Allocation Failure) 116M->116M(123M) 13.875ms
[2020-08-10T13:10:20.885+0300][1560.429s][info ][gc] GC(51443) Pause Young (Allocation Failure) 116M->116M(123M) 13.878ms
[2020-08-10T13:10:20.924+0300][1560.468s][info ][gc] GC(51444) Pause Young (Allocation Failure) 116M->116M(123M) 38.391ms
[2020-08-10T13:10:20.949+0300][1560.493s][info ][gc] GC(51445) Pause Young (Allocation Failure) 117M->117M(123M) 24.737ms
[2020-08-10T13:10:20.966+0300][1560.510s][info ][gc] GC(51446) Pause Young (Allocation Failure) 117M->117M(123M) 16.196ms
[2020-08-10T13:10:20.981+0300][1560.524s][info ][gc] GC(51447) Pause Young (Allocation Failure) 118M->118M(123M) 14.354ms
[2020-08-10T13:10:20.996+0300][1560.539s][info ][gc] GC(51448) Pause Young (Allocation Failure) 118M->118M(123M) 14.257ms
[2020-08-10T13:10:21.010+0300][1560.554s][info ][gc] GC(51449) Pause Young (Allocation Failure) 119M->119M(123M) 14.002ms
[2020-08-10T13:10:21.024+0300][1560.568s][info ][gc] GC(51450) Pause Young (Allocation Failure) 119M->119M(123M) 13.894ms
[2020-08-10T13:10:21.039+0300][1560.582s][info ][gc] GC(51451) Pause Young (Allocation Failure) 120M->120M(123M) 14.087ms
[2020-08-10T13:10:21.053+0300][1560.597s][info ][gc] GC(51452) Pause Young (Allocation Failure) 120M->120M(123M) 14.056ms
[2020-08-10T13:10:21.068+0300][1560.611s][info ][gc] GC(51453) Pause Young (Allocation Failure) 121M->121M(123M) 14.127ms
[2020-08-10T13:10:21.083+0300][1560.626s][info ][gc] GC(51454) Pause Young (Allocation Failure) 121M->121M(123M) 14.169ms
[2020-08-10T13:10:21.097+0300][1560.641s][info ][gc] GC(51455) Pause Young (Allocation Failure) 122M->121M(123M) 14.217ms
[2020-08-10T13:10:21.112+0300][1560.656s][info ][gc] GC(51456) Pause Young (Allocation Failure) 122M->122M(123M) 14.254ms
[2020-08-10T13:10:21.411+0300][1560.955s][debug][gc] GC(51457) Expanding ParOldGen from 124928K by 10752K to 135680K
[2020-08-10T13:10:21.412+0300][1560.955s][info ][gc] GC(51457) Pause Full (Ergonomics) 122M->122M(134M) 299.374ms
[2020-08-10T13:10:21.443+0300][1560.987s][info ][gc] GC(51458) Pause Young (Allocation Failure) 122M->122M(134M) 30.955ms
[2020-08-10T13:10:21.458+0300][1561.002s][info ][gc] GC(51459) Pause Young (Allocation Failure) 123M->123M(134M) 14.692ms
[2020-08-10T13:10:21.473+0300][1561.017s][info ][gc] GC(51460) Pause Young (Allocation Failure) 123M->123M(134M) 14.917ms
[2020-08-10T13:10:21.489+0300][1561.032s][info ][gc] GC(51461) Pause Young (Allocation Failure) 124M->124M(134M) 15.016ms
[2020-08-10T13:10:21.504+0300][1561.048s][info ][gc] GC(51462) Pause Young (Allocation Failure) 124M->124M(134M) 14.792ms
[2020-08-10T13:10:21.519+0300][1561.063s][info ][gc] GC(51463) Pause Young (Allocation Failure) 125M->125M(134M) 15.047ms
[2020-08-10T13:10:21.555+0300][1561.098s][info ][gc] GC(51464) Pause Young (Allocation Failure) 125M->125M(134M) 35.026ms
[2020-08-10T13:10:21.575+0300][1561.118s][info ][gc] GC(51465) Pause Young (Allocation Failure) 126M->125M(134M) 19.439ms
[2020-08-10T13:10:21.601+0300][1561.144s][info ][gc] GC(51466) Pause Young (Allocation Failure) 126M->126M(134M) 25.631ms
[2020-08-10T13:10:21.621+0300][1561.165s][info ][gc] GC(51467) Pause Young (Allocation Failure) 126M->126M(134M) 20.135ms
[2020-08-10T13:10:21.637+0300][1561.180s][info ][gc] GC(51468) Pause Young (Allocation Failure) 127M->127M(134M) 15.189ms
[2020-08-10T13:10:21.653+0300][1561.196s][info ][gc] GC(51469) Pause Young (Allocation Failure) 127M->127M(134M) 15.298ms
[2020-08-10T13:10:21.668+0300][1561.212s][info ][gc] GC(51470) Pause Young (Allocation Failure) 128M->128M(134M) 15.192ms
[2020-08-10T13:10:21.684+0300][1561.227s][info ][gc] GC(51471) Pause Young (Allocation Failure) 128M->128M(134M) 15.081ms
[2020-08-10T13:10:21.725+0300][1561.269s][info ][gc] GC(51472) Pause Young (Allocation Failure) 129M->129M(134M) 41.271ms
[2020-08-10T13:10:21.741+0300][1561.284s][info ][gc] GC(51473) Pause Young (Allocation Failure) 129M->129M(134M) 15.199ms
[2020-08-10T13:10:21.756+0300][1561.300s][info ][gc] GC(51474) Pause Young (Allocation Failure) 130M->130M(134M) 15.333ms
[2020-08-10T13:10:21.772+0300][1561.316s][info ][gc] GC(51475) Pause Young (Allocation Failure) 130M->130M(134M) 15.506ms
[2020-08-10T13:10:21.788+0300][1561.332s][info ][gc] GC(51476) Pause Young (Allocation Failure) 131M->130M(134M) 15.278ms
[2020-08-10T13:10:21.826+0300][1561.369s][info ][gc] GC(51477) Pause Young (Allocation Failure) 131M->131M(134M) 37.121ms
[2020-08-10T13:10:21.841+0300][1561.385s][info ][gc] GC(51478) Pause Young (Allocation Failure) 131M->131M(134M) 15.396ms
[2020-08-10T13:10:21.881+0300][1561.425s][info ][gc] GC(51479) Pause Young (Allocation Failure) 132M->132M(134M) 39.282ms
[2020-08-10T13:10:21.897+0300][1561.441s][info ][gc] GC(51480) Pause Young (Allocation Failure) 132M->132M(134M) 15.491ms
[2020-08-10T13:10:22.235+0300][1561.779s][debug][gc] GC(51481) Expanding ParOldGen from 135680K by 10752K to 146432K
[2020-08-10T13:10:22.235+0300][1561.779s][info ][gc] GC(51481) Pause Full (Ergonomics) 132M->132M(144M) 337.890ms
[2020-08-10T13:10:22.249+0300][1561.793s][info ][gc] GC(51482) Pause Young (Allocation Failure) 132M->132M(144M) 13.661ms
[2020-08-10T13:10:22.265+0300][1561.808s][info ][gc] GC(51483) Pause Young (Allocation Failure) 133M->133M(144M) 15.435ms
[2020-08-10T13:10:22.280+0300][1561.824s][info ][gc] GC(51484) Pause Young (Allocation Failure) 133M->133M(144M) 15.042ms
[2020-08-10T13:10:22.296+0300][1561.839s][info ][gc] GC(51485) Pause Young (Allocation Failure) 134M->134M(144M) 15.188ms
[2020-08-10T13:10:22.311+0300][1561.855s][info ][gc] GC(51486) Pause Young (Allocation Failure) 134M->134M(144M) 15.189ms
[2020-08-10T13:10:22.327+0300][1561.870s][info ][gc] GC(51487) Pause Young (Allocation Failure) 135M->135M(144M) 15.349ms
[2020-08-10T13:10:22.327+0300][1561.871s][debug][gc] Expanding ParOldGen from 146432K by 19968K to 166400K
[2020-08-10T13:10:22.351+0300][1561.894s][info ][gc] GC(51488) Pause Young (Allocation Failure) 154M->154M(164M) 15.013ms
[2020-08-10T13:10:22.377+0300][1561.921s][info ][gc] GC(51489) Pause Young (Allocation Failure) 155M->155M(164M) 26.158ms
[2020-08-10T13:10:22.403+0300][1561.946s][info ][gc] GC(51490) Pause Young (Allocation Failure) 155M->155M(164M) 25.271ms
[2020-08-10T13:10:22.428+0300][1561.972s][info ][gc] GC(51491) Pause Young (Allocation Failure) 156M->156M(164M) 25.179ms
[2020-08-10T13:10:22.454+0300][1561.998s][info ][gc] GC(51492) Pause Young (Allocation Failure) 156M->156M(164M) 25.371ms
[2020-08-10T13:10:22.480+0300][1562.023s][info ][gc] GC(51493) Pause Young (Allocation Failure) 157M->157M(164M) 25.369ms
[2020-08-10T13:10:22.505+0300][1562.049s][info ][gc] GC(51494) Pause Young (Allocation Failure) 157M->157M(164M) 25.138ms
[2020-08-10T13:10:22.531+0300][1562.074s][info ][gc] GC(51495) Pause Young (Allocation Failure) 158M->158M(164M) 25.156ms
[2020-08-10T13:10:22.556+0300][1562.100s][info ][gc] GC(51496) Pause Young (Allocation Failure) 158M->158M(164M) 25.172ms
[2020-08-10T13:10:22.582+0300][1562.126s][info ][gc] GC(51497) Pause Young (Allocation Failure) 158M->158M(164M) 25.355ms
[2020-08-10T13:10:22.608+0300][1562.151s][info ][gc] GC(51498) Pause Young (Allocation Failure) 159M->159M(164M) 25.350ms
[2020-08-10T13:10:22.662+0300][1562.206s][info ][gc] GC(51499) Pause Young (Allocation Failure) 159M->159M(164M) 53.937ms
[2020-08-10T13:10:22.691+0300][1562.235s][info ][gc] GC(51500) Pause Young (Allocation Failure) 160M->160M(164M) 28.800ms
[2020-08-10T13:10:22.717+0300][1562.261s][info ][gc] GC(51501) Pause Young (Allocation Failure) 160M->160M(164M) 25.458ms
[2020-08-10T13:10:22.743+0300][1562.287s][info ][gc] GC(51502) Pause Young (Allocation Failure) 161M->161M(164M) 25.517ms
[2020-08-10T13:10:22.769+0300][1562.312s][info ][gc] GC(51503) Pause Young (Allocation Failure) 161M->161M(164M) 25.189ms
[2020-08-10T13:10:22.795+0300][1562.338s][info ][gc] GC(51504) Pause Young (Allocation Failure) 162M->162M(164M) 25.387ms
[2020-08-10T13:10:22.820+0300][1562.364s][info ][gc] GC(51505) Pause Young (Allocation Failure) 162M->162M(164M) 25.372ms
[2020-08-10T13:10:22.924+0300][1562.468s][debug][gc] GC(51506) Shrinking ParOldGen from 166400K by 125952K to 40448K
[2020-08-10T13:10:22.924+0300][1562.468s][info ][gc] GC(51506) Pause Full (Ergonomics) 162M->28M(41M) 103.763ms
[2020-08-10T13:10:22.953+0300][1562.497s][info ][gc] GC(51507) Pause Young (Allocation Failure) 29M->29M(41M) 28.547ms
[2020-08-10T13:10:22.967+0300][1562.511s][info ][gc] GC(51508) Pause Young (Allocation Failure) 29M->29M(41M) 13.328ms
[2020-08-10T13:10:22.983+0300][1562.526s][info ][gc] GC(51509) Pause Young (Allocation Failure) 30M->30M(41M) 15.264ms
[2020-08-10T13:10:22.996+0300][1562.540s][info ][gc] GC(51510) Pause Young (Allocation Failure) 30M->30M(41M) 12.901ms
[2020-08-10T13:10:23.010+0300][1562.553s][info ][gc] GC(51511) Pause Young (Allocation Failure) 31M->31M(41M) 13.044ms
[2020-08-10T13:10:23.023+0300][1562.567s][info ][gc] GC(51512) Pause Young (Allocation Failure) 31M->31M(41M) 12.953ms
[2020-08-10T13:10:23.036+0300][1562.580s][info ][gc] GC(51513) Pause Young (Allocation Failure) 32M->32M(41M) 12.992ms
[2020-08-10T13:10:23.050+0300][1562.593s][info ][gc] GC(51514) Pause Young (Allocation Failure) 32M->32M(41M) 12.914ms
[2020-08-10T13:10:23.063+0300][1562.607s][info ][gc] GC(51515) Pause Young (Allocation Failure) 33M->32M(41M) 12.914ms
[2020-08-10T13:10:23.076+0300][1562.620s][info ][gc] GC(51516) Pause Young (Allocation Failure) 33M->33M(41M) 12.958ms
[2020-08-10T13:10:23.090+0300][1562.634s][info ][gc] GC(51517) Pause Young (Allocation Failure) 33M->33M(41M) 12.953ms
[2020-08-10T13:10:23.103+0300][1562.647s][info ][gc] GC(51518) Pause Young (Allocation Failure) 34M->34M(41M) 12.924ms
[2020-08-10T13:10:23.117+0300][1562.660s][info ][gc] GC(51519) Pause Young (Allocation Failure) 34M->34M(41M) 13.013ms
[2020-08-10T13:10:23.130+0300][1562.674s][info ][gc] GC(51520) Pause Young (Allocation Failure) 35M->35M(41M) 12.984ms
[2020-08-10T13:10:23.143+0300][1562.687s][info ][gc] GC(51521) Pause Young (Allocation Failure) 35M->35M(41M) 12.788ms
[2020-08-10T13:10:23.156+0300][1562.700s][info ][gc] GC(51522) Pause Young (Allocation Failure) 36M->36M(41M) 12.925ms
[2020-08-10T13:10:23.170+0300][1562.714s][info ][gc] GC(51523) Pause Young (Allocation Failure) 36M->36M(41M) 12.960ms
[2020-08-10T13:10:23.183+0300][1562.727s][info ][gc] GC(51524) Pause Young (Allocation Failure) 37M->37M(41M) 13.009ms
[2020-08-10T13:10:23.197+0300][1562.740s][info ][gc] GC(51525) Pause Young (Allocation Failure) 37M->37M(41M) 12.934ms
[2020-08-10T13:10:23.210+0300][1562.754s][info ][gc] GC(51526) Pause Young (Allocation Failure) 38M->38M(41M) 13.030ms
[2020-08-10T13:10:23.223+0300][1562.767s][info ][gc] GC(51527) Pause Young (Allocation Failure) 38M->38M(41M) 12.981ms
[2020-08-10T13:10:23.237+0300][1562.781s][info ][gc] GC(51528) Pause Young (Allocation Failure) 39M->39M(41M) 13.271ms
[2020-08-10T13:10:23.312+0300][1562.855s][debug][gc] GC(51529) Expanding ParOldGen from 40448K by 10752K to 51200K
[2020-08-10T13:10:23.312+0300][1562.855s][info ][gc] GC(51529) Pause Full (Ergonomics) 39M->39M(52M) 74.313ms
[2020-08-10T13:10:23.325+0300][1562.869s][info ][gc] GC(51530) Pause Young (Allocation Failure) 40M->40M(52M) 13.040ms
[2020-08-10T13:10:23.339+0300][1562.883s][info ][gc] GC(51531) Pause Young (Allocation Failure) 41M->41M(51M) 13.559ms
[2020-08-10T13:10:23.353+0300][1562.897s][info ][gc] GC(51532) Pause Young (Allocation Failure) 41M->41M(52M) 13.187ms
[2020-08-10T13:10:23.367+0300][1562.910s][info ][gc] GC(51533) Pause Young (Allocation Failure) 42M->41M(52M) 12.906ms
[2020-08-10T13:10:23.380+0300][1562.924s][info ][gc] GC(51534) Pause Young (Allocation Failure) 42M->42M(51M) 13.144ms
[2020-08-10T13:10:23.394+0300][1562.937s][info ][gc] GC(51535) Pause Young (Allocation Failure) 42M->42M(51M) 12.952ms
[2020-08-10T13:10:23.407+0300][1562.951s][info ][gc] GC(51536) Pause Young (Allocation Failure) 43M->43M(51M) 12.940ms
[2020-08-10T13:10:23.420+0300][1562.964s][info ][gc] GC(51537) Pause Young (Allocation Failure) 43M->43M(51M) 12.936ms
[2020-08-10T13:10:23.434+0300][1562.977s][info ][gc] GC(51538) Pause Young (Allocation Failure) 44M->44M(51M) 12.955ms
[2020-08-10T13:10:23.447+0300][1562.991s][info ][gc] GC(51539) Pause Young (Allocation Failure) 44M->44M(51M) 12.977ms
[2020-08-10T13:10:23.461+0300][1563.004s][info ][gc] GC(51540) Pause Young (Allocation Failure) 45M->45M(51M) 13.142ms
[2020-08-10T13:10:23.474+0300][1563.018s][info ][gc] GC(51541) Pause Young (Allocation Failure) 45M->45M(51M) 13.007ms
[2020-08-10T13:10:23.487+0300][1563.031s][info ][gc] GC(51542) Pause Young (Allocation Failure) 46M->46M(51M) 12.933ms
[2020-08-10T13:10:23.501+0300][1563.045s][info ][gc] GC(51543) Pause Young (Allocation Failure) 46M->46M(51M) 12.984ms
[2020-08-10T13:10:23.514+0300][1563.058s][info ][gc] GC(51544) Pause Young (Allocation Failure) 47M->47M(51M) 12.907ms
[2020-08-10T13:10:23.528+0300][1563.071s][info ][gc] GC(51545) Pause Young (Allocation Failure) 47M->47M(51M) 12.978ms
[2020-08-10T13:10:23.541+0300][1563.085s][info ][gc] GC(51546) Pause Young (Allocation Failure) 47M->47M(51M) 12.817ms
[2020-08-10T13:10:23.554+0300][1563.098s][info ][gc] GC(51547) Pause Young (Allocation Failure) 48M->48M(51M) 12.884ms
[2020-08-10T13:10:23.568+0300][1563.111s][info ][gc] GC(51548) Pause Young (Allocation Failure) 48M->48M(51M) 12.833ms
[2020-08-10T13:10:23.581+0300][1563.124s][info ][gc] GC(51549) Pause Young (Allocation Failure) 49M->49M(51M) 12.937ms
[2020-08-10T13:10:23.594+0300][1563.138s][info ][gc] GC(51550) Pause Young (Allocation Failure) 49M->49M(51M) 12.992ms
[2020-08-10T13:10:23.608+0300][1563.151s][info ][gc] GC(51551) Pause Young (Allocation Failure) 50M->50M(51M) 13.022ms
[2020-08-10T13:10:23.705+0300][1563.249s][debug][gc] GC(51552) Expanding ParOldGen from 51200K by 10752K to 61952K
[2020-08-10T13:10:23.705+0300][1563.249s][info ][gc] GC(51552) Pause Full (Ergonomics) 50M->50M(62M) 97.117ms
[2020-08-10T13:10:23.726+0300][1563.269s][info ][gc] GC(51553) Pause Young (Allocation Failure) 50M->50M(62M) 20.158ms
[2020-08-10T13:10:23.739+0300][1563.283s][info ][gc] GC(51554) Pause Young (Allocation Failure) 51M->50M(62M) 13.090ms
[2020-08-10T13:10:23.753+0300][1563.297s][info ][gc] GC(51555) Pause Young (Allocation Failure) 51M->51M(62M) 13.115ms
[2020-08-10T13:10:23.767+0300][1563.310s][info ][gc] GC(51556) Pause Young (Allocation Failure) 51M->51M(62M) 13.182ms
[2020-08-10T13:10:23.780+0300][1563.324s][info ][gc] GC(51557) Pause Young (Allocation Failure) 52M->52M(62M) 13.152ms
[2020-08-10T13:10:23.794+0300][1563.338s][info ][gc] GC(51558) Pause Young (Allocation Failure) 52M->52M(62M) 13.115ms
[2020-08-10T13:10:23.807+0300][1563.351s][info ][gc] GC(51559) Pause Young (Allocation Failure) 53M->53M(62M) 13.146ms
[2020-08-10T13:10:23.821+0300][1563.365s][info ][gc] GC(51560) Pause Young (Allocation Failure) 53M->53M(62M) 13.221ms
[2020-08-10T13:10:23.835+0300][1563.378s][info ][gc] GC(51561) Pause Young (Allocation Failure) 54M->54M(62M) 13.092ms
[2020-08-10T13:10:23.848+0300][1563.392s][info ][gc] GC(51562) Pause Young (Allocation Failure) 54M->54M(62M) 13.178ms
[2020-08-10T13:10:23.862+0300][1563.406s][info ][gc] GC(51563) Pause Young (Allocation Failure) 55M->55M(62M) 13.214ms
[2020-08-10T13:10:23.876+0300][1563.419s][info ][gc] GC(51564) Pause Young (Allocation Failure) 55M->55M(62M) 13.233ms
[2020-08-10T13:10:23.889+0300][1563.433s][info ][gc] GC(51565) Pause Young (Allocation Failure) 56M->55M(62M) 13.117ms
[2020-08-10T13:10:23.903+0300][1563.446s][info ][gc] GC(51566) Pause Young (Allocation Failure) 56M->56M(62M) 13.107ms
[2020-08-10T13:10:23.916+0300][1563.460s][info ][gc] GC(51567) Pause Young (Allocation Failure) 56M->56M(62M) 13.176ms
[2020-08-10T13:10:23.930+0300][1563.474s][info ][gc] GC(51568) Pause Young (Allocation Failure) 57M->57M(62M) 13.180ms
[2020-08-10T13:10:23.943+0300][1563.487s][info ][gc] GC(51569) Pause Young (Allocation Failure) 57M->57M(62M) 13.093ms
[2020-08-10T13:10:23.957+0300][1563.501s][info ][gc] GC(51570) Pause Young (Allocation Failure) 58M->58M(62M) 13.086ms
[2020-08-10T13:10:23.971+0300][1563.514s][info ][gc] GC(51571) Pause Young (Allocation Failure) 58M->58M(62M) 13.254ms
[2020-08-10T13:10:23.984+0300][1563.528s][info ][gc] GC(51572) Pause Young (Allocation Failure) 59M->59M(62M) 13.196ms
[2020-08-10T13:10:23.998+0300][1563.542s][info ][gc] GC(51573) Pause Young (Allocation Failure) 59M->59M(62M) 13.389ms
[2020-08-10T13:10:24.012+0300][1563.555s][info ][gc] GC(51574) Pause Young (Allocation Failure) 60M->60M(62M) 13.129ms
[2020-08-10T13:10:24.025+0300][1563.569s][info ][gc] GC(51575) Pause Young (Allocation Failure) 60M->60M(62M) 13.320ms
[2020-08-10T13:10:24.155+0300][1563.698s][debug][gc] GC(51576) Expanding ParOldGen from 61952K by 10752K to 72704K
[2020-08-10T13:10:24.155+0300][1563.698s][info ][gc] GC(51576) Pause Full (Ergonomics) 60M->60M(72M) 129.219ms
[2020-08-10T13:10:24.168+0300][1563.712s][info ][gc] GC(51577) Pause Young (Allocation Failure) 61M->61M(72M) 13.124ms
[2020-08-10T13:10:24.182+0300][1563.726s][info ][gc] GC(51578) Pause Young (Allocation Failure) 62M->62M(73M) 13.311ms
[2020-08-10T13:10:24.196+0300][1563.740s][info ][gc] GC(51579) Pause Young (Allocation Failure) 63M->63M(73M) 13.535ms
[2020-08-10T13:10:24.210+0300][1563.754s][info ][gc] GC(51580) Pause Young (Allocation Failure) 64M->64M(72M) 13.476ms
[2020-08-10T13:10:24.224+0300][1563.768s][info ][gc] GC(51581) Pause Young (Allocation Failure) 64M->64M(73M) 13.245ms
[2020-08-10T13:10:24.238+0300][1563.781s][info ][gc] GC(51582) Pause Young (Allocation Failure) 65M->64M(72M) 13.181ms
[2020-08-10T13:10:24.251+0300][1563.795s][info ][gc] GC(51583) Pause Young (Allocation Failure) 65M->65M(72M) 13.008ms
[2020-08-10T13:10:24.265+0300][1563.808s][info ][gc] GC(51584) Pause Young (Allocation Failure) 65M->65M(72M) 13.098ms
[2020-08-10T13:10:24.278+0300][1563.822s][info ][gc] GC(51585) Pause Young (Allocation Failure) 66M->66M(72M) 12.997ms
[2020-08-10T13:10:24.292+0300][1563.835s][info ][gc] GC(51586) Pause Young (Allocation Failure) 66M->66M(72M) 13.081ms
[2020-08-10T13:10:24.305+0300][1563.849s][info ][gc] GC(51587) Pause Young (Allocation Failure) 67M->67M(72M) 13.080ms
[2020-08-10T13:10:24.318+0300][1563.862s][info ][gc] GC(51588) Pause Young (Allocation Failure) 67M->67M(72M) 13.059ms
[2020-08-10T13:10:24.332+0300][1563.876s][info ][gc] GC(51589) Pause Young (Allocation Failure) 68M->68M(72M) 13.036ms
[2020-08-10T13:10:24.345+0300][1563.889s][info ][gc] GC(51590) Pause Young (Allocation Failure) 68M->68M(72M) 13.060ms
[2020-08-10T13:10:24.359+0300][1563.903s][info ][gc] GC(51591) Pause Young (Allocation Failure) 69M->69M(72M) 13.026ms
[2020-08-10T13:10:24.372+0300][1563.916s][info ][gc] GC(51592) Pause Young (Allocation Failure) 69M->69M(72M) 13.132ms
[2020-08-10T13:10:24.386+0300][1563.930s][info ][gc] GC(51593) Pause Young (Allocation Failure) 70M->70M(72M) 12.934ms
[2020-08-10T13:10:24.399+0300][1563.943s][info ][gc] GC(51594) Pause Young (Allocation Failure) 70M->70M(72M) 13.065ms
[2020-08-10T13:10:24.413+0300][1563.956s][info ][gc] GC(51595) Pause Young (Allocation Failure) 70M->70M(72M) 13.011ms
[2020-08-10T13:10:24.572+0300][1564.116s][debug][gc] GC(51596) Expanding ParOldGen from 72704K by 10752K to 83456K
[2020-08-10T13:10:24.572+0300][1564.116s][info ][gc] GC(51596) Pause Full (Ergonomics) 70M->70M(83M) 159.414ms
[2020-08-10T13:10:24.586+0300][1564.129s][info ][gc] GC(51597) Pause Young (Allocation Failure) 71M->71M(83M) 12.837ms
[2020-08-10T13:10:24.599+0300][1564.143s][info ][gc] GC(51598) Pause Young (Allocation Failure) 71M->71M(83M) 13.071ms
[2020-08-10T13:10:24.613+0300][1564.156s][info ][gc] GC(51599) Pause Young (Allocation Failure) 72M->72M(83M) 13.073ms
[2020-08-10T13:10:24.626+0300][1564.170s][info ][gc] GC(51600) Pause Young (Allocation Failure) 72M->72M(83M) 13.064ms
[2020-08-10T13:10:24.642+0300][1564.185s][info ][gc] GC(51601) Pause Young (Allocation Failure) 73M->73M(83M) 14.995ms
[2020-08-10T13:10:24.655+0300][1564.199s][info ][gc] GC(51602) Pause Young (Allocation Failure) 73M->73M(83M) 13.013ms
[2020-08-10T13:10:24.669+0300][1564.212s][info ][gc] GC(51603) Pause Young (Allocation Failure) 74M->74M(83M) 13.115ms
[2020-08-10T13:10:24.682+0300][1564.226s][info ][gc] GC(51604) Pause Young (Allocation Failure) 74M->74M(83M) 13.080ms
[2020-08-10T13:10:24.696+0300][1564.239s][info ][gc] GC(51605) Pause Young (Allocation Failure) 74M->74M(83M) 13.081ms
[2020-08-10T13:10:24.709+0300][1564.253s][info ][gc] GC(51606) Pause Young (Allocation Failure) 75M->75M(83M) 13.006ms
[2020-08-10T13:10:24.723+0300][1564.266s][info ][gc] GC(51607) Pause Young (Allocation Failure) 75M->75M(83M) 13.068ms
[2020-08-10T13:10:24.736+0300][1564.280s][info ][gc] GC(51608) Pause Young (Allocation Failure) 76M->76M(83M) 13.145ms
[2020-08-10T13:10:24.749+0300][1564.293s][info ][gc] GC(51609) Pause Young (Allocation Failure) 76M->76M(83M) 12.823ms
[2020-08-10T13:10:24.763+0300][1564.307s][info ][gc] GC(51610) Pause Young (Allocation Failure) 77M->77M(83M) 13.011ms
[2020-08-10T13:10:24.777+0300][1564.320s][info ][gc] GC(51611) Pause Young (Allocation Failure) 77M->77M(83M) 13.105ms
[2020-08-10T13:10:24.790+0300][1564.334s][info ][gc] GC(51612) Pause Young (Allocation Failure) 78M->78M(83M) 13.092ms
[2020-08-10T13:10:24.804+0300][1564.347s][info ][gc] GC(51613) Pause Young (Allocation Failure) 78M->78M(83M) 13.079ms
[2020-08-10T13:10:24.817+0300][1564.361s][info ][gc] GC(51614) Pause Young (Allocation Failure) 79M->79M(83M) 13.050ms
[2020-08-10T13:10:24.831+0300][1564.374s][info ][gc] GC(51615) Pause Young (Allocation Failure) 79M->79M(83M) 13.099ms
[2020-08-10T13:10:24.844+0300][1564.388s][info ][gc] GC(51616) Pause Young (Allocation Failure) 80M->79M(83M) 13.061ms
[2020-08-10T13:10:24.858+0300][1564.401s][info ][gc] GC(51617) Pause Young (Allocation Failure) 80M->80M(83M) 13.032ms
[2020-08-10T13:10:24.872+0300][1564.415s][info ][gc] GC(51618) Pause Young (Allocation Failure) 80M->80M(83M) 13.006ms
[2020-08-10T13:10:24.885+0300][1564.428s][info ][gc] GC(51619) Pause Young (Allocation Failure) 81M->81M(83M) 13.093ms
[2020-08-10T13:10:24.899+0300][1564.442s][info ][gc] GC(51620) Pause Young (Allocation Failure) 81M->81M(83M) 13.004ms
[2020-08-10T13:10:25.090+0300][1564.633s][debug][gc] GC(51621) Expanding ParOldGen from 83456K by 10752K to 94208K
[2020-08-10T13:10:25.090+0300][1564.633s][info ][gc] GC(51621) Pause Full (Ergonomics) 81M->81M(93M) 191.426ms
[2020-08-10T13:10:25.120+0300][1564.663s][info ][gc] GC(51622) Pause Young (Allocation Failure) 82M->82M(93M) 29.279ms
[2020-08-10T13:10:25.134+0300][1564.677s][info ][gc] GC(51623) Pause Young (Allocation Failure) 82M->82M(93M) 13.480ms
[2020-08-10T13:10:25.148+0300][1564.691s][info ][gc] GC(51624) Pause Young (Allocation Failure) 83M->82M(93M) 13.306ms
[2020-08-10T13:10:25.162+0300][1564.704s][info ][gc] GC(51625) Pause Young (Allocation Failure) 83M->83M(93M) 13.327ms
[2020-08-10T13:10:25.175+0300][1564.718s][info ][gc] GC(51626) Pause Young (Allocation Failure) 83M->83M(93M) 13.320ms
[2020-08-10T13:10:25.189+0300][1564.732s][info ][gc] GC(51627) Pause Young (Allocation Failure) 84M->84M(93M) 13.320ms
[2020-08-10T13:10:25.203+0300][1564.746s][info ][gc] GC(51628) Pause Young (Allocation Failure) 84M->84M(93M) 13.336ms
[2020-08-10T13:10:25.217+0300][1564.759s][info ][gc] GC(51629) Pause Young (Allocation Failure) 85M->85M(93M) 13.507ms
[2020-08-10T13:10:25.231+0300][1564.774s][info ][gc] GC(51630) Pause Young (Allocation Failure) 86M->86M(93M) 13.530ms
[2020-08-10T13:10:25.245+0300][1564.788s][info ][gc] GC(51631) Pause Young (Allocation Failure) 87M->87M(94M) 13.667ms
[2020-08-10T13:10:25.260+0300][1564.803s][info ][gc] GC(51632) Pause Young (Allocation Failure) 88M->88M(94M) 14.215ms
[2020-08-10T13:10:25.275+0300][1564.818s][info ][gc] GC(51633) Pause Young (Allocation Failure) 89M->88M(94M) 14.567ms
[2020-08-10T13:10:25.290+0300][1564.833s][info ][gc] GC(51634) Pause Young (Allocation Failure) 89M->89M(94M) 14.422ms
[2020-08-10T13:10:25.305+0300][1564.848s][info ][gc] GC(51635) Pause Young (Allocation Failure) 90M->90M(94M) 14.509ms
[2020-08-10T13:10:25.320+0300][1564.863s][info ][gc] GC(51636) Pause Young (Allocation Failure) 91M->91M(94M) 14.610ms
[2020-08-10T13:10:25.336+0300][1564.879s][info ][gc] GC(51637) Pause Young (Allocation Failure) 92M->92M(94M) 14.778ms
[2020-08-10T13:10:25.549+0300][1565.092s][debug][gc] GC(51638) Expanding ParOldGen from 94208K by 11264K to 105472K
[2020-08-10T13:10:25.549+0300][1565.092s][info ][gc] GC(51638) Pause Full (Ergonomics) 92M->92M(105M) 213.104ms
[2020-08-10T13:10:25.583+0300][1565.126s][info ][gc] GC(51639) Pause Young (Allocation Failure) 93M->93M(105M) 33.643ms
[2020-08-10T13:10:25.599+0300][1565.142s][info ][gc] GC(51640) Pause Young (Allocation Failure) 94M->94M(105M) 15.160ms
[2020-08-10T13:10:25.626+0300][1565.169s][info ][gc] GC(51641) Pause Young (Allocation Failure) 95M->95M(105M) 26.338ms
[2020-08-10T13:10:25.642+0300][1565.184s][info ][gc] GC(51642) Pause Young (Allocation Failure) 96M->96M(105M) 15.162ms
[2020-08-10T13:10:25.658+0300][1565.200s][info ][gc] GC(51643) Pause Young (Allocation Failure) 97M->97M(105M) 15.379ms
[2020-08-10T13:10:25.673+0300][1565.216s][info ][gc] GC(51644) Pause Young (Allocation Failure) 98M->98M(105M) 15.267ms
[2020-08-10T13:10:25.689+0300][1565.232s][info ][gc] GC(51645) Pause Young (Allocation Failure) 99M->99M(105M) 15.353ms
[2020-08-10T13:10:25.705+0300][1565.248s][info ][gc] GC(51646) Pause Young (Allocation Failure) 100M->100M(105M) 15.507ms
[2020-08-10T13:10:25.721+0300][1565.264s][info ][gc] GC(51647) Pause Young (Allocation Failure) 101M->101M(105M) 15.501ms
[2020-08-10T13:10:25.737+0300][1565.280s][info ][gc] GC(51648) Pause Young (Allocation Failure) 102M->102M(105M) 15.469ms
[2020-08-10T13:10:25.753+0300][1565.296s][info ][gc] GC(51649) Pause Young (Allocation Failure) 103M->102M(105M) 15.275ms
[2020-08-10T13:10:25.995+0300][1565.538s][debug][gc] GC(51650) Expanding ParOldGen from 105472K by 11776K to 117248K
[2020-08-10T13:10:25.996+0300][1565.538s][info ][gc] GC(51650) Pause Full (Ergonomics) 102M->102M(117M) 242.140ms
[2020-08-10T13:10:26.009+0300][1565.552s][info ][gc] GC(51651) Pause Young (Allocation Failure) 103M->103M(117M) 13.253ms
[2020-08-10T13:10:26.025+0300][1565.568s][info ][gc] GC(51652) Pause Young (Allocation Failure) 104M->104M(117M) 15.507ms
[2020-08-10T13:10:26.041+0300][1565.584s][info ][gc] GC(51653) Pause Young (Allocation Failure) 105M->105M(117M) 15.559ms
[2020-08-10T13:10:26.057+0300][1565.600s][info ][gc] GC(51654) Pause Young (Allocation Failure) 106M->106M(117M) 15.535ms
[2020-08-10T13:10:26.074+0300][1565.616s][info ][gc] GC(51655) Pause Young (Allocation Failure) 107M->107M(117M) 15.651ms
[2020-08-10T13:10:26.090+0300][1565.633s][info ][gc] GC(51656) Pause Young (Allocation Failure) 108M->108M(117M) 15.585ms
[2020-08-10T13:10:26.106+0300][1565.649s][info ][gc] GC(51657) Pause Young (Allocation Failure) 109M->109M(117M) 15.793ms
[2020-08-10T13:10:26.122+0300][1565.665s][info ][gc] GC(51658) Pause Young (Allocation Failure) 110M->110M(117M) 15.865ms
[2020-08-10T13:10:26.139+0300][1565.682s][info ][gc] GC(51659) Pause Young (Allocation Failure) 111M->111M(117M) 16.009ms
[2020-08-10T13:10:26.156+0300][1565.698s][info ][gc] GC(51660) Pause Young (Allocation Failure) 112M->112M(117M) 16.113ms
[2020-08-10T13:10:26.173+0300][1565.716s][info ][gc] GC(51661) Pause Young (Allocation Failure) 113M->113M(117M) 17.448ms
[2020-08-10T13:10:26.190+0300][1565.733s][info ][gc] GC(51662) Pause Young (Allocation Failure) 114M->114M(117M) 16.441ms
[2020-08-10T13:10:26.207+0300][1565.750s][info ][gc] GC(51663) Pause Young (Allocation Failure) 115M->114M(117M) 16.003ms
[2020-08-10T13:10:26.491+0300][1566.034s][debug][gc] GC(51664) Expanding ParOldGen from 117248K by 11776K to 129024K
[2020-08-10T13:10:26.492+0300][1566.034s][info ][gc] GC(51664) Pause Full (Ergonomics) 114M->114M(128M) 284.584ms
[2020-08-10T13:10:26.523+0300][1566.066s][info ][gc] GC(51665) Pause Young (Allocation Failure) 115M->115M(128M) 30.886ms
[2020-08-10T13:10:26.540+0300][1566.083s][info ][gc] GC(51666) Pause Young (Allocation Failure) 116M->116M(128M) 16.793ms
[2020-08-10T13:10:26.558+0300][1566.101s][info ][gc] GC(51667) Pause Young (Allocation Failure) 117M->117M(128M) 17.214ms
[2020-08-10T13:10:26.591+0300][1566.134s][info ][gc] GC(51668) Pause Young (Allocation Failure) 118M->118M(128M) 32.262ms
[2020-08-10T13:10:26.609+0300][1566.152s][info ][gc] GC(51669) Pause Young (Allocation Failure) 119M->119M(128M) 17.527ms
[2020-08-10T13:10:26.627+0300][1566.170s][info ][gc] GC(51670) Pause Young (Allocation Failure) 120M->120M(128M) 17.326ms
[2020-08-10T13:10:26.645+0300][1566.187s][info ][gc] GC(51671) Pause Young (Allocation Failure) 121M->121M(128M) 17.492ms
[2020-08-10T13:10:26.662+0300][1566.205s][info ][gc] GC(51672) Pause Young (Allocation Failure) 122M->122M(128M) 17.397ms
[2020-08-10T13:10:26.681+0300][1566.223s][info ][gc] GC(51673) Pause Young (Allocation Failure) 123M->123M(128M) 17.450ms
[2020-08-10T13:10:26.698+0300][1566.241s][info ][gc] GC(51674) Pause Young (Allocation Failure) 124M->124M(128M) 17.283ms
[2020-08-10T13:10:26.716+0300][1566.259s][info ][gc] GC(51675) Pause Young (Allocation Failure) 125M->125M(128M) 17.520ms
[2020-08-10T13:10:26.734+0300][1566.277s][info ][gc] GC(51676) Pause Young (Allocation Failure) 126M->126M(128M) 17.342ms
[2020-08-10T13:10:27.059+0300][1566.602s][debug][gc] GC(51677) Expanding ParOldGen from 129024K by 11264K to 140288K
[2020-08-10T13:10:27.059+0300][1566.602s][info ][gc] GC(51677) Pause Full (Ergonomics) 126M->125M(139M) 324.593ms
[2020-08-10T13:10:27.090+0300][1566.633s][info ][gc] GC(51678) Pause Young (Allocation Failure) 126M->126M(139M) 30.949ms
[2020-08-10T13:10:27.108+0300][1566.651s][info ][gc] GC(51679) Pause Young (Allocation Failure) 127M->127M(139M) 17.676ms
[2020-08-10T13:10:27.127+0300][1566.669s][info ][gc] GC(51680) Pause Young (Allocation Failure) 128M->128M(139M) 17.736ms
[2020-08-10T13:10:27.145+0300][1566.688s][info ][gc] GC(51681) Pause Young (Allocation Failure) 129M->129M(139M) 17.910ms
[2020-08-10T13:10:27.164+0300][1566.706s][info ][gc] GC(51682) Pause Young (Allocation Failure) 130M->130M(139M) 18.209ms
[2020-08-10T13:10:27.182+0300][1566.725s][info ][gc] GC(51683) Pause Young (Allocation Failure) 131M->131M(139M) 18.111ms
[2020-08-10T13:10:27.201+0300][1566.744s][info ][gc] GC(51684) Pause Young (Allocation Failure) 132M->132M(139M) 18.134ms
[2020-08-10T13:10:27.220+0300][1566.763s][info ][gc] GC(51685) Pause Young (Allocation Failure) 133M->133M(139M) 18.194ms
[2020-08-10T13:10:27.238+0300][1566.781s][info ][gc] GC(51686) Pause Young (Allocation Failure) 134M->134M(139M) 18.217ms
[2020-08-10T13:10:27.257+0300][1566.800s][info ][gc] GC(51687) Pause Young (Allocation Failure) 135M->135M(139M) 17.871ms
[2020-08-10T13:10:27.257+0300][1566.800s][debug][gc] Expanding ParOldGen from 140288K by 19968K to 160256K
[2020-08-10T13:10:27.283+0300][1566.826s][info ][gc] GC(51688) Pause Young (Allocation Failure) 155M->154M(159M) 17.015ms
[2020-08-10T13:10:27.297+0300][1566.840s][info ][gc] GC(51689) Pause Young (Allocation Failure) 155M->155M(159M) 14.251ms
[2020-08-10T13:10:27.311+0300][1566.854s][info ][gc] GC(51690) Pause Young (Allocation Failure) 156M->156M(159M) 13.431ms
[2020-08-10T13:10:27.351+0300][1566.894s][debug][gc] GC(51691) Shrinking ParOldGen from 160256K by 124928K to 35328K
[2020-08-10T13:10:27.351+0300][1566.894s][info ][gc] GC(51691) Pause Full (Ergonomics) 156M->22M(37M) 39.486ms
[2020-08-10T13:10:27.364+0300][1566.907s][info ][gc] GC(51692) Pause Young (Allocation Failure) 23M->23M(37M) 12.855ms
[2020-08-10T13:10:27.378+0300][1566.921s][info ][gc] GC(51693) Pause Young (Allocation Failure) 24M->24M(37M) 13.367ms
[2020-08-10T13:10:27.392+0300][1566.935s][info ][gc] GC(51694) Pause Young (Allocation Failure) 25M->25M(37M) 13.297ms
[2020-08-10T13:10:27.406+0300][1566.949s][info ][gc] GC(51695) Pause Young (Allocation Failure) 26M->26M(37M) 13.311ms
[2020-08-10T13:10:27.420+0300][1566.963s][info ][gc] GC(51696) Pause Young (Allocation Failure) 27M->27M(37M) 13.413ms
[2020-08-10T13:10:27.434+0300][1566.977s][info ][gc] GC(51697) Pause Young (Allocation Failure) 28M->28M(37M) 13.472ms
[2020-08-10T13:10:27.447+0300][1566.990s][info ][gc] GC(51698) Pause Young (Allocation Failure) 29M->29M(37M) 13.353ms
[2020-08-10T13:10:27.461+0300][1567.004s][info ][gc] GC(51699) Pause Young (Allocation Failure) 30M->30M(37M) 13.340ms
[2020-08-10T13:10:27.475+0300][1567.018s][info ][gc] GC(51700) Pause Young (Allocation Failure) 31M->31M(37M) 13.323ms
[2020-08-10T13:10:27.489+0300][1567.032s][info ][gc] GC(51701) Pause Young (Allocation Failure) 32M->32M(37M) 13.459ms
[2020-08-10T13:10:27.503+0300][1567.046s][info ][gc] GC(51702) Pause Young (Allocation Failure) 33M->33M(37M) 13.369ms
[2020-08-10T13:10:27.517+0300][1567.060s][info ][gc] GC(51703) Pause Young (Allocation Failure) 34M->34M(37M) 13.370ms
[2020-08-10T13:10:27.531+0300][1567.074s][info ][gc] GC(51704) Pause Young (Allocation Failure) 35M->35M(37M) 13.455ms
[2020-08-10T13:10:27.593+0300][1567.136s][debug][gc] GC(51705) Expanding ParOldGen from 35328K by 11264K to 46592K
[2020-08-10T13:10:27.594+0300][1567.136s][info ][gc] GC(51705) Pause Full (Ergonomics) 35M->35M(48M) 62.465ms
[2020-08-10T13:10:27.611+0300][1567.153s][info ][gc] GC(51706) Pause Young (Allocation Failure) 36M->36M(48M) 16.634ms
[2020-08-10T13:10:27.625+0300][1567.168s][info ][gc] GC(51707) Pause Young (Allocation Failure) 37M->37M(48M) 13.557ms
[2020-08-10T13:10:27.639+0300][1567.182s][info ][gc] GC(51708) Pause Young (Allocation Failure) 38M->37M(48M) 13.422ms
[2020-08-10T13:10:27.653+0300][1567.195s][info ][gc] GC(51709) Pause Young (Allocation Failure) 38M->38M(48M) 13.490ms
[2020-08-10T13:10:27.667+0300][1567.209s][info ][gc] GC(51710) Pause Young (Allocation Failure) 39M->39M(48M) 13.507ms
[2020-08-10T13:10:27.681+0300][1567.223s][info ][gc] GC(51711) Pause Young (Allocation Failure) 40M->40M(48M) 13.551ms
[2020-08-10T13:10:27.695+0300][1567.237s][info ][gc] GC(51712) Pause Young (Allocation Failure) 41M->41M(48M) 13.542ms
[2020-08-10T13:10:27.709+0300][1567.252s][info ][gc] GC(51713) Pause Young (Allocation Failure) 42M->42M(48M) 13.547ms
[2020-08-10T13:10:27.723+0300][1567.266s][info ][gc] GC(51714) Pause Young (Allocation Failure) 43M->43M(48M) 13.533ms
[2020-08-10T13:10:27.737+0300][1567.280s][info ][gc] GC(51715) Pause Young (Allocation Failure) 44M->44M(48M) 13.406ms
[2020-08-10T13:10:27.751+0300][1567.294s][info ][gc] GC(51716) Pause Young (Allocation Failure) 45M->45M(48M) 13.535ms
[2020-08-10T13:10:27.839+0300][1567.381s][debug][gc] GC(51717) Expanding ParOldGen from 46592K by 11776K to 58368K
[2020-08-10T13:10:27.839+0300][1567.382s][info ][gc] GC(51717) Pause Full (Ergonomics) 45M->45M(59M) 87.776ms
[2020-08-10T13:10:27.852+0300][1567.395s][info ][gc] GC(51718) Pause Young (Allocation Failure) 46M->46M(59M) 12.754ms
[2020-08-10T13:10:27.866+0300][1567.408s][info ][gc] GC(51719) Pause Young (Allocation Failure) 47M->47M(59M) 13.267ms
[2020-08-10T13:10:27.879+0300][1567.422s][info ][gc] GC(51720) Pause Young (Allocation Failure) 48M->48M(59M) 13.438ms
[2020-08-10T13:10:27.905+0300][1567.448s][info ][gc] GC(51721) Pause Young (Allocation Failure) 49M->49M(59M) 24.757ms
[2020-08-10T13:10:27.918+0300][1567.461s][info ][gc] GC(51722) Pause Young (Allocation Failure) 50M->50M(59M) 13.359ms
[2020-08-10T13:10:27.932+0300][1567.475s][info ][gc] GC(51723) Pause Young (Allocation Failure) 51M->51M(59M) 13.553ms
[2020-08-10T13:10:27.946+0300][1567.489s][info ][gc] GC(51724) Pause Young (Allocation Failure) 52M->52M(58M) 13.559ms
[2020-08-10T13:10:27.960+0300][1567.503s][info ][gc] GC(51725) Pause Young (Allocation Failure) 53M->53M(59M) 13.255ms
[2020-08-10T13:10:27.974+0300][1567.517s][info ][gc] GC(51726) Pause Young (Allocation Failure) 54M->54M(59M) 13.473ms
[2020-08-10T13:10:27.988+0300][1567.531s][info ][gc] GC(51727) Pause Young (Allocation Failure) 55M->54M(59M) 13.340ms
[2020-08-10T13:10:28.002+0300][1567.545s][info ][gc] GC(51728) Pause Young (Allocation Failure) 55M->55M(59M) 13.504ms
[2020-08-10T13:10:28.016+0300][1567.559s][info ][gc] GC(51729) Pause Young (Allocation Failure) 56M->56M(59M) 13.576ms
[2020-08-10T13:10:28.140+0300][1567.683s][debug][gc] GC(51730) Expanding ParOldGen from 58368K by 11264K to 69632K
[2020-08-10T13:10:28.140+0300][1567.683s][info ][gc] GC(51730) Pause Full (Ergonomics) 56M->56M(70M) 124.241ms
[2020-08-10T13:10:28.154+0300][1567.697s][info ][gc] GC(51731) Pause Young (Allocation Failure) 57M->57M(70M) 13.035ms
[2020-08-10T13:10:28.168+0300][1567.711s][info ][gc] GC(51732) Pause Young (Allocation Failure) 58M->58M(70M) 13.497ms
[2020-08-10T13:10:28.182+0300][1567.725s][info ][gc] GC(51733) Pause Young (Allocation Failure) 59M->59M(70M) 13.545ms
[2020-08-10T13:10:28.196+0300][1567.739s][info ][gc] GC(51734) Pause Young (Allocation Failure) 60M->60M(70M) 13.449ms
[2020-08-10T13:10:28.210+0300][1567.753s][info ][gc] GC(51735) Pause Young (Allocation Failure) 61M->61M(70M) 13.278ms
[2020-08-10T13:10:28.224+0300][1567.767s][info ][gc] GC(51736) Pause Young (Allocation Failure) 62M->62M(70M) 13.556ms
[2020-08-10T13:10:28.238+0300][1567.781s][info ][gc] GC(51737) Pause Young (Allocation Failure) 63M->63M(70M) 13.520ms
[2020-08-10T13:10:28.252+0300][1567.795s][info ][gc] GC(51738) Pause Young (Allocation Failure) 64M->64M(70M) 13.557ms
[2020-08-10T13:10:28.266+0300][1567.809s][info ][gc] GC(51739) Pause Young (Allocation Failure) 65M->65M(70M) 13.469ms
[2020-08-10T13:10:28.280+0300][1567.822s][info ][gc] GC(51740) Pause Young (Allocation Failure) 66M->66M(70M) 13.398ms
[2020-08-10T13:10:28.294+0300][1567.837s][info ][gc] GC(51741) Pause Young (Allocation Failure) 67M->67M(70M) 13.601ms
[2020-08-10T13:10:28.308+0300][1567.851s][info ][gc] GC(51742) Pause Young (Allocation Failure) 68M->68M(70M) 13.399ms
[2020-08-10T13:10:28.456+0300][1567.999s][debug][gc] GC(51743) Expanding ParOldGen from 69632K by 11264K to 80896K
[2020-08-10T13:10:28.456+0300][1567.999s][info ][gc] GC(51743) Pause Full (Ergonomics) 68M->68M(81M) 148.574ms
[2020-08-10T13:10:28.486+0300][1568.029s][info ][gc] GC(51744) Pause Young (Allocation Failure) 69M->68M(81M) 29.218ms
[2020-08-10T13:10:28.500+0300][1568.043s][info ][gc] GC(51745) Pause Young (Allocation Failure) 69M->69M(81M) 13.608ms
[2020-08-10T13:10:28.515+0300][1568.058s][info ][gc] GC(51746) Pause Young (Allocation Failure) 70M->70M(81M) 13.725ms
[2020-08-10T13:10:28.529+0300][1568.072s][info ][gc] GC(51747) Pause Young (Allocation Failure) 71M->71M(81M) 13.829ms
[2020-08-10T13:10:28.543+0300][1568.086s][info ][gc] GC(51748) Pause Young (Allocation Failure) 72M->72M(81M) 13.834ms
[2020-08-10T13:10:28.558+0300][1568.101s][info ][gc] GC(51749) Pause Young (Allocation Failure) 73M->73M(81M) 13.722ms
[2020-08-10T13:10:28.572+0300][1568.115s][info ][gc] GC(51750) Pause Young (Allocation Failure) 74M->74M(81M) 13.955ms
[2020-08-10T13:10:28.587+0300][1568.130s][info ][gc] GC(51751) Pause Young (Allocation Failure) 75M->75M(81M) 13.852ms
[2020-08-10T13:10:28.601+0300][1568.144s][info ][gc] GC(51752) Pause Young (Allocation Failure) 76M->76M(81M) 13.901ms
[2020-08-10T13:10:28.615+0300][1568.158s][info ][gc] GC(51753) Pause Young (Allocation Failure) 77M->77M(81M) 13.733ms
[2020-08-10T13:10:28.630+0300][1568.173s][info ][gc] GC(51754) Pause Young (Allocation Failure) 78M->78M(81M) 13.785ms
[2020-08-10T13:10:28.644+0300][1568.187s][info ][gc] GC(51755) Pause Young (Allocation Failure) 79M->79M(81M) 13.833ms
[2020-08-10T13:10:28.819+0300][1568.362s][debug][gc] GC(51756) Expanding ParOldGen from 80896K by 11264K to 92160K
[2020-08-10T13:10:28.819+0300][1568.362s][info ][gc] GC(51756) Pause Full (Ergonomics) 79M->79M(92M) 174.564ms
[2020-08-10T13:10:28.850+0300][1568.393s][info ][gc] GC(51757) Pause Young (Allocation Failure) 80M->80M(92M) 30.153ms
[2020-08-10T13:10:28.864+0300][1568.407s][info ][gc] GC(51758) Pause Young (Allocation Failure) 81M->81M(92M) 13.756ms
[2020-08-10T13:10:28.878+0300][1568.421s][info ][gc] GC(51759) Pause Young (Allocation Failure) 82M->82M(92M) 13.848ms
[2020-08-10T13:10:28.893+0300][1568.436s][info ][gc] GC(51760) Pause Young (Allocation Failure) 83M->83M(92M) 13.931ms
[2020-08-10T13:10:28.907+0300][1568.450s][info ][gc] GC(51761) Pause Young (Allocation Failure) 84M->84M(92M) 13.999ms
[2020-08-10T13:10:28.922+0300][1568.465s][info ][gc] GC(51762) Pause Young (Allocation Failure) 85M->85M(92M) 14.122ms
[2020-08-10T13:10:28.937+0300][1568.480s][info ][gc] GC(51763) Pause Young (Allocation Failure) 86M->85M(92M) 14.192ms
[2020-08-10T13:10:28.951+0300][1568.494s][info ][gc] GC(51764) Pause Young (Allocation Failure) 86M->86M(92M) 14.263ms
[2020-08-10T13:10:28.966+0300][1568.509s][info ][gc] GC(51765) Pause Young (Allocation Failure) 87M->87M(92M) 14.372ms
[2020-08-10T13:10:28.982+0300][1568.525s][info ][gc] GC(51766) Pause Young (Allocation Failure) 88M->88M(92M) 14.661ms
[2020-08-10T13:10:28.997+0300][1568.540s][info ][gc] GC(51767) Pause Young (Allocation Failure) 89M->89M(92M) 14.718ms
[2020-08-10T13:10:29.012+0300][1568.555s][info ][gc] GC(51768) Pause Young (Allocation Failure) 90M->90M(92M) 14.795ms
[2020-08-10T13:10:29.227+0300][1568.770s][debug][gc] GC(51769) Expanding ParOldGen from 92160K by 11264K to 103424K
[2020-08-10T13:10:29.227+0300][1568.770s][info ][gc] GC(51769) Pause Full (Ergonomics) 90M->90M(103M) 214.407ms
[2020-08-10T13:10:29.263+0300][1568.806s][info ][gc] GC(51770) Pause Young (Allocation Failure) 91M->91M(103M) 36.047ms
[2020-08-10T13:10:29.279+0300][1568.822s][info ][gc] GC(51771) Pause Young (Allocation Failure) 92M->92M(102M) 15.085ms
[2020-08-10T13:10:29.294+0300][1568.837s][info ][gc] GC(51772) Pause Young (Allocation Failure) 93M->93M(103M) 13.742ms
[2020-08-10T13:10:29.309+0300][1568.852s][info ][gc] GC(51773) Pause Young (Allocation Failure) 94M->94M(103M) 14.590ms
[2020-08-10T13:10:29.325+0300][1568.868s][info ][gc] GC(51774) Pause Young (Allocation Failure) 95M->95M(103M) 16.251ms
[2020-08-10T13:10:29.341+0300][1568.884s][info ][gc] GC(51775) Pause Young (Allocation Failure) 96M->96M(103M) 15.078ms
[2020-08-10T13:10:29.357+0300][1568.900s][info ][gc] GC(51776) Pause Young (Allocation Failure) 97M->97M(103M) 15.252ms
[2020-08-10T13:10:29.373+0300][1568.916s][info ][gc] GC(51777) Pause Young (Allocation Failure) 98M->98M(103M) 15.606ms
[2020-08-10T13:10:29.389+0300][1568.932s][info ][gc] GC(51778) Pause Young (Allocation Failure) 99M->99M(103M) 15.331ms
[2020-08-10T13:10:29.405+0300][1568.948s][info ][gc] GC(51779) Pause Young (Allocation Failure) 100M->100M(103M) 15.398ms
[2020-08-10T13:10:29.421+0300][1568.964s][info ][gc] GC(51780) Pause Young (Allocation Failure) 101M->101M(103M) 15.549ms
[2020-08-10T13:10:29.654+0300][1569.197s][debug][gc] GC(51781) Expanding ParOldGen from 103424K by 11776K to 115200K
[2020-08-10T13:10:29.654+0300][1569.197s][info ][gc] GC(51781) Pause Full (Ergonomics) 101M->100M(115M) 233.357ms
[2020-08-10T13:10:29.679+0300][1569.222s][info ][gc] GC(51782) Pause Young (Allocation Failure) 101M->101M(115M) 24.331ms
[2020-08-10T13:10:29.695+0300][1569.238s][info ][gc] GC(51783) Pause Young (Allocation Failure) 102M->102M(115M) 15.171ms
[2020-08-10T13:10:29.711+0300][1569.254s][info ][gc] GC(51784) Pause Young (Allocation Failure) 103M->103M(115M) 15.501ms
[2020-08-10T13:10:29.727+0300][1569.270s][info ][gc] GC(51785) Pause Young (Allocation Failure) 104M->104M(115M) 15.475ms
[2020-08-10T13:10:29.743+0300][1569.286s][info ][gc] GC(51786) Pause Young (Allocation Failure) 105M->105M(115M) 15.583ms
[2020-08-10T13:10:29.759+0300][1569.302s][info ][gc] GC(51787) Pause Young (Allocation Failure) 106M->106M(115M) 15.685ms
[2020-08-10T13:10:29.775+0300][1569.318s][info ][gc] GC(51788) Pause Young (Allocation Failure) 107M->107M(115M) 15.740ms
[2020-08-10T13:10:29.791+0300][1569.334s][info ][gc] GC(51789) Pause Young (Allocation Failure) 108M->108M(115M) 15.795ms
[2020-08-10T13:10:29.808+0300][1569.351s][info ][gc] GC(51790) Pause Young (Allocation Failure) 109M->109M(115M) 15.970ms
[2020-08-10T13:10:29.825+0300][1569.368s][info ][gc] GC(51791) Pause Young (Allocation Failure) 110M->110M(115M) 16.130ms
[2020-08-10T13:10:29.842+0300][1569.385s][info ][gc] GC(51792) Pause Young (Allocation Failure) 111M->111M(115M) 16.325ms
[2020-08-10T13:10:29.859+0300][1569.402s][info ][gc] GC(51793) Pause Young (Allocation Failure) 112M->112M(115M) 16.433ms
[2020-08-10T13:10:30.121+0300][1569.664s][debug][gc] GC(51794) Expanding ParOldGen from 115200K by 11264K to 126464K
[2020-08-10T13:10:30.121+0300][1569.664s][info ][gc] GC(51794) Pause Full (Ergonomics) 112M->112M(126M) 261.941ms
[2020-08-10T13:10:30.136+0300][1569.679s][info ][gc] GC(51795) Pause Young (Allocation Failure) 113M->113M(126M) 14.007ms
[2020-08-10T13:10:30.153+0300][1569.696s][info ][gc] GC(51796) Pause Young (Allocation Failure) 114M->114M(126M) 17.114ms
[2020-08-10T13:10:30.170+0300][1569.713s][info ][gc] GC(51797) Pause Young (Allocation Failure) 115M->115M(126M) 16.736ms
[2020-08-10T13:10:30.188+0300][1569.731s][info ][gc] GC(51798) Pause Young (Allocation Failure) 116M->116M(126M) 17.303ms
[2020-08-10T13:10:30.206+0300][1569.749s][info ][gc] GC(51799) Pause Young (Allocation Failure) 117M->117M(126M) 17.213ms
[2020-08-10T13:10:30.254+0300][1569.797s][info ][gc] GC(51800) Pause Young (Allocation Failure) 118M->117M(126M) 47.805ms
[2020-08-10T13:10:30.272+0300][1569.815s][info ][gc] GC(51801) Pause Young (Allocation Failure) 118M->118M(126M) 17.368ms
[2020-08-10T13:10:30.290+0300][1569.833s][info ][gc] GC(51802) Pause Young (Allocation Failure) 119M->119M(126M) 17.102ms
[2020-08-10T13:10:30.307+0300][1569.850s][info ][gc] GC(51803) Pause Young (Allocation Failure) 120M->120M(126M) 17.371ms
[2020-08-10T13:10:30.325+0300][1569.868s][info ][gc] GC(51804) Pause Young (Allocation Failure) 121M->121M(126M) 17.358ms
[2020-08-10T13:10:30.375+0300][1569.918s][info ][gc] GC(51805) Pause Young (Allocation Failure) 122M->122M(126M) 49.232ms
[2020-08-10T13:10:30.394+0300][1569.937s][info ][gc] GC(51806) Pause Young (Allocation Failure) 123M->123M(126M) 18.074ms
[2020-08-10T13:10:30.713+0300][1570.256s][debug][gc] GC(51807) Expanding ParOldGen from 126464K by 11264K to 137728K
[2020-08-10T13:10:30.713+0300][1570.256s][info ][gc] GC(51807) Pause Full (Ergonomics) 123M->123M(137M) 319.098ms
[2020-08-10T13:10:30.745+0300][1570.288s][info ][gc] GC(51808) Pause Young (Allocation Failure) 124M->124M(137M) 32.113ms
[2020-08-10T13:10:30.764+0300][1570.307s][info ][gc] GC(51809) Pause Young (Allocation Failure) 125M->125M(137M) 17.760ms
[2020-08-10T13:10:30.782+0300][1570.325s][info ][gc] GC(51810) Pause Young (Allocation Failure) 126M->126M(137M) 17.857ms
[2020-08-10T13:10:30.800+0300][1570.343s][info ][gc] GC(51811) Pause Young (Allocation Failure) 127M->127M(137M) 17.792ms
[2020-08-10T13:10:30.819+0300][1570.362s][info ][gc] GC(51812) Pause Young (Allocation Failure) 128M->128M(137M) 18.330ms
[2020-08-10T13:10:30.837+0300][1570.380s][info ][gc] GC(51813) Pause Young (Allocation Failure) 129M->129M(137M) 17.832ms
[2020-08-10T13:10:30.856+0300][1570.399s][info ][gc] GC(51814) Pause Young (Allocation Failure) 130M->130M(137M) 18.223ms
[2020-08-10T13:10:30.874+0300][1570.417s][info ][gc] GC(51815) Pause Young (Allocation Failure) 131M->131M(137M) 18.205ms
[2020-08-10T13:10:30.893+0300][1570.436s][info ][gc] GC(51816) Pause Young (Allocation Failure) 132M->132M(137M) 18.124ms
[2020-08-10T13:10:30.911+0300][1570.454s][info ][gc] GC(51817) Pause Young (Allocation Failure) 133M->133M(137M) 18.346ms
[2020-08-10T13:10:30.931+0300][1570.474s][info ][gc] GC(51818) Pause Young (Allocation Failure) 134M->134M(137M) 18.414ms
[2020-08-10T13:10:30.949+0300][1570.492s][info ][gc] GC(51819) Pause Young (Allocation Failure) 135M->134M(137M) 18.313ms
[2020-08-10T13:10:31.299+0300][1570.843s][debug][gc] GC(51820) Expanding ParOldGen from 137728K by 11264K to 148992K
[2020-08-10T13:10:31.300+0300][1570.843s][info ][gc] GC(51820) Pause Full (Ergonomics) 134M->134M(148M) 350.246ms
[2020-08-10T13:10:31.300+0300][1570.843s][debug][gc] Expanding ParOldGen from 148992K by 19968K to 168960K
[2020-08-10T13:10:31.337+0300][1570.880s][info ][gc] GC(51821) Pause Young (Allocation Failure) 154M->154M(167M) 29.121ms
[2020-08-10T13:10:31.352+0300][1570.895s][info ][gc] GC(51822) Pause Young (Allocation Failure) 155M->155M(167M) 15.131ms
[2020-08-10T13:10:31.367+0300][1570.910s][info ][gc] GC(51823) Pause Young (Allocation Failure) 156M->156M(167M) 14.172ms
[2020-08-10T13:10:31.382+0300][1570.925s][info ][gc] GC(51824) Pause Young (Allocation Failure) 157M->157M(167M) 14.438ms
[2020-08-10T13:10:31.396+0300][1570.939s][info ][gc] GC(51825) Pause Young (Allocation Failure) 158M->158M(167M) 13.909ms
[2020-08-10T13:10:31.410+0300][1570.953s][info ][gc] GC(51826) Pause Young (Allocation Failure) 159M->159M(167M) 13.750ms
[2020-08-10T13:10:31.424+0300][1570.967s][info ][gc] GC(51827) Pause Young (Allocation Failure) 160M->160M(167M) 13.908ms
[2020-08-10T13:10:31.438+0300][1570.981s][info ][gc] GC(51828) Pause Young (Allocation Failure) 161M->161M(167M) 13.741ms
[2020-08-10T13:10:31.453+0300][1570.996s][info ][gc] GC(51829) Pause Young (Allocation Failure) 162M->162M(167M) 13.759ms
[2020-08-10T13:10:31.467+0300][1571.010s][info ][gc] GC(51830) Pause Young (Allocation Failure) 163M->163M(167M) 13.718ms
[2020-08-10T13:10:31.481+0300][1571.024s][info ][gc] GC(51831) Pause Young (Allocation Failure) 164M->164M(167M) 13.889ms
[2020-08-10T13:10:31.495+0300][1571.038s][info ][gc] GC(51832) Pause Young (Allocation Failure) 165M->165M(167M) 14.130ms
[2020-08-10T13:10:31.626+0300][1571.169s][debug][gc] GC(51833) Shrinking ParOldGen from 168960K by 124928K to 44032K
[2020-08-10T13:10:31.626+0300][1571.169s][info ][gc] GC(51833) Pause Full (Ergonomics) 165M->31M(45M) 130.309ms
[2020-08-10T13:10:31.657+0300][1571.200s][info ][gc] GC(51834) Pause Young (Allocation Failure) 32M->32M(45M) 30.196ms
[2020-08-10T13:10:31.671+0300][1571.214s][info ][gc] GC(51835) Pause Young (Allocation Failure) 33M->33M(45M) 13.313ms
[2020-08-10T13:10:31.684+0300][1571.228s][info ][gc] GC(51836) Pause Young (Allocation Failure) 34M->34M(45M) 13.273ms
[2020-08-10T13:10:31.698+0300][1571.241s][info ][gc] GC(51837) Pause Young (Allocation Failure) 35M->35M(45M) 13.157ms
[2020-08-10T13:10:31.712+0300][1571.255s][info ][gc] GC(51838) Pause Young (Allocation Failure) 36M->36M(45M) 13.380ms
[2020-08-10T13:10:31.726+0300][1571.269s][info ][gc] GC(51839) Pause Young (Allocation Failure) 37M->37M(45M) 13.402ms
[2020-08-10T13:10:31.740+0300][1571.283s][info ][gc] GC(51840) Pause Young (Allocation Failure) 38M->38M(45M) 13.405ms
[2020-08-10T13:10:31.754+0300][1571.297s][info ][gc] GC(51841) Pause Young (Allocation Failure) 39M->39M(45M) 13.498ms
[2020-08-10T13:10:31.768+0300][1571.311s][info ][gc] GC(51842) Pause Young (Allocation Failure) 40M->40M(45M) 13.512ms
[2020-08-10T13:10:31.782+0300][1571.325s][info ][gc] GC(51843) Pause Young (Allocation Failure) 41M->41M(45M) 13.546ms
[2020-08-10T13:10:31.796+0300][1571.339s][info ][gc] GC(51844) Pause Young (Allocation Failure) 42M->42M(45M) 13.454ms
[2020-08-10T13:10:31.810+0300][1571.353s][info ][gc] GC(51845) Pause Young (Allocation Failure) 43M->43M(45M) 13.572ms
[2020-08-10T13:10:31.890+0300][1571.433s][debug][gc] GC(51846) Expanding ParOldGen from 44032K by 11776K to 55808K
[2020-08-10T13:10:31.890+0300][1571.434s][info ][gc] GC(51846) Pause Full (Ergonomics) 43M->42M(57M) 80.266ms
[2020-08-10T13:10:31.904+0300][1571.447s][info ][gc] GC(51847) Pause Young (Allocation Failure) 43M->43M(57M) 12.987ms
[2020-08-10T13:10:31.918+0300][1571.461s][info ][gc] GC(51848) Pause Young (Allocation Failure) 44M->44M(57M) 13.500ms
[2020-08-10T13:10:31.932+0300][1571.475s][info ][gc] GC(51849) Pause Young (Allocation Failure) 45M->45M(57M) 13.534ms
[2020-08-10T13:10:31.946+0300][1571.489s][info ][gc] GC(51850) Pause Young (Allocation Failure) 46M->46M(57M) 13.442ms
[2020-08-10T13:10:31.960+0300][1571.503s][info ][gc] GC(51851) Pause Young (Allocation Failure) 47M->47M(56M) 13.586ms
[2020-08-10T13:10:31.975+0300][1571.518s][info ][gc] GC(51852) Pause Young (Allocation Failure) 48M->48M(56M) 13.777ms
[2020-08-10T13:10:31.989+0300][1571.532s][info ][gc] GC(51853) Pause Young (Allocation Failure) 49M->49M(56M) 13.585ms
[2020-08-10T13:10:32.002+0300][1571.546s][info ][gc] GC(51854) Pause Young (Allocation Failure) 50M->50M(57M) 13.264ms
[2020-08-10T13:10:32.017+0300][1571.560s][info ][gc] GC(51855) Pause Young (Allocation Failure) 51M->51M(57M) 13.598ms
[2020-08-10T13:10:32.031+0300][1571.574s][info ][gc] GC(51856) Pause Young (Allocation Failure) 52M->52M(57M) 13.499ms
[2020-08-10T13:10:32.045+0300][1571.588s][info ][gc] GC(51857) Pause Young (Allocation Failure) 53M->53M(57M) 13.337ms
[2020-08-10T13:10:32.059+0300][1571.602s][info ][gc] GC(51858) Pause Young (Allocation Failure) 54M->54M(57M) 13.471ms
[2020-08-10T13:10:32.173+0300][1571.716s][debug][gc] GC(51859) Expanding ParOldGen from 55808K by 11264K to 67072K
[2020-08-10T13:10:32.173+0300][1571.716s][info ][gc] GC(51859) Pause Full (Ergonomics) 54M->54M(68M) 114.073ms
[2020-08-10T13:10:32.186+0300][1571.729s][info ][gc] GC(51860) Pause Young (Allocation Failure) 55M->55M(68M) 12.907ms
[2020-08-10T13:10:32.200+0300][1571.743s][info ][gc] GC(51861) Pause Young (Allocation Failure) 56M->56M(68M) 13.387ms
[2020-08-10T13:10:32.214+0300][1571.757s][info ][gc] GC(51862) Pause Young (Allocation Failure) 57M->57M(68M) 13.371ms
[2020-08-10T13:10:32.228+0300][1571.771s][info ][gc] GC(51863) Pause Young (Allocation Failure) 58M->58M(68M) 13.489ms
[2020-08-10T13:10:32.242+0300][1571.785s][info ][gc] GC(51864) Pause Young (Allocation Failure) 59M->58M(68M) 13.446ms
[2020-08-10T13:10:32.257+0300][1571.800s][info ][gc] GC(51865) Pause Young (Allocation Failure) 59M->59M(68M) 13.454ms
[2020-08-10T13:10:32.271+0300][1571.814s][info ][gc] GC(51866) Pause Young (Allocation Failure) 60M->60M(68M) 13.484ms
[2020-08-10T13:10:32.285+0300][1571.828s][info ][gc] GC(51867) Pause Young (Allocation Failure) 61M->61M(68M) 13.539ms
[2020-08-10T13:10:32.298+0300][1571.842s][info ][gc] GC(51868) Pause Young (Allocation Failure) 62M->62M(68M) 13.460ms
[2020-08-10T13:10:32.312+0300][1571.856s][info ][gc] GC(51869) Pause Young (Allocation Failure) 63M->63M(68M) 13.505ms
[2020-08-10T13:10:32.327+0300][1571.870s][info ][gc] GC(51870) Pause Young (Allocation Failure) 64M->64M(68M) 13.585ms
[2020-08-10T13:10:32.341+0300][1571.884s][info ][gc] GC(51871) Pause Young (Allocation Failure) 65M->65M(68M) 13.631ms
[2020-08-10T13:10:32.483+0300][1572.026s][debug][gc] GC(51872) Expanding ParOldGen from 67072K by 11264K to 78336K
[2020-08-10T13:10:32.483+0300][1572.026s][info ][gc] GC(51872) Pause Full (Ergonomics) 65M->65M(79M) 142.076ms
[2020-08-10T13:10:32.510+0300][1572.053s][info ][gc] GC(51873) Pause Young (Allocation Failure) 66M->66M(79M) 26.344ms
[2020-08-10T13:10:32.525+0300][1572.068s][info ][gc] GC(51874) Pause Young (Allocation Failure) 67M->67M(79M) 13.870ms
[2020-08-10T13:10:32.539+0300][1572.082s][info ][gc] GC(51875) Pause Young (Allocation Failure) 68M->68M(79M) 13.673ms
[2020-08-10T13:10:32.553+0300][1572.096s][info ][gc] GC(51876) Pause Young (Allocation Failure) 69M->69M(79M) 13.703ms
[2020-08-10T13:10:32.567+0300][1572.110s][info ][gc] GC(51877) Pause Young (Allocation Failure) 70M->70M(79M) 13.545ms
[2020-08-10T13:10:32.582+0300][1572.125s][info ][gc] GC(51878) Pause Young (Allocation Failure) 71M->71M(79M) 13.862ms
[2020-08-10T13:10:32.596+0300][1572.139s][info ][gc] GC(51879) Pause Young (Allocation Failure) 72M->72M(79M) 13.857ms
[2020-08-10T13:10:32.610+0300][1572.154s][info ][gc] GC(51880) Pause Young (Allocation Failure) 73M->73M(79M) 13.879ms
[2020-08-10T13:10:32.625+0300][1572.168s][info ][gc] GC(51881) Pause Young (Allocation Failure) 74M->74M(79M) 13.795ms
[2020-08-10T13:10:32.639+0300][1572.182s][info ][gc] GC(51882) Pause Young (Allocation Failure) 75M->75M(79M) 13.806ms
[2020-08-10T13:10:32.653+0300][1572.196s][info ][gc] GC(51883) Pause Young (Allocation Failure) 76M->76M(79M) 13.779ms
[2020-08-10T13:10:32.667+0300][1572.211s][info ][gc] GC(51884) Pause Young (Allocation Failure) 77M->76M(79M) 13.829ms
[2020-08-10T13:10:32.845+0300][1572.388s][debug][gc] GC(51885) Expanding ParOldGen from 78336K by 11776K to 90112K
[2020-08-10T13:10:32.845+0300][1572.388s][info ][gc] GC(51885) Pause Full (Ergonomics) 76M->76M(90M) 177.209ms
[2020-08-10T13:10:32.874+0300][1572.418s][info ][gc] GC(51886) Pause Young (Allocation Failure) 77M->77M(90M) 29.162ms
[2020-08-10T13:10:32.889+0300][1572.432s][info ][gc] GC(51887) Pause Young (Allocation Failure) 78M->78M(90M) 13.907ms
[2020-08-10T13:10:32.904+0300][1572.447s][info ][gc] GC(51888) Pause Young (Allocation Failure) 79M->79M(90M) 13.963ms
[2020-08-10T13:10:32.918+0300][1572.461s][info ][gc] GC(51889) Pause Young (Allocation Failure) 80M->80M(90M) 13.901ms
[2020-08-10T13:10:32.932+0300][1572.476s][info ][gc] GC(51890) Pause Young (Allocation Failure) 81M->81M(90M) 13.837ms
[2020-08-10T13:10:32.947+0300][1572.490s][info ][gc] GC(51891) Pause Young (Allocation Failure) 82M->82M(90M) 13.907ms
[2020-08-10T13:10:32.962+0300][1572.505s][info ][gc] GC(51892) Pause Young (Allocation Failure) 83M->83M(90M) 14.131ms
[2020-08-10T13:10:32.976+0300][1572.519s][info ][gc] GC(51893) Pause Young (Allocation Failure) 84M->84M(90M) 14.087ms
[2020-08-10T13:10:32.991+0300][1572.534s][info ][gc] GC(51894) Pause Young (Allocation Failure) 85M->85M(90M) 14.113ms
[2020-08-10T13:10:33.006+0300][1572.549s][info ][gc] GC(51895) Pause Young (Allocation Failure) 86M->86M(90M) 14.042ms
[2020-08-10T13:10:33.021+0300][1572.564s][info ][gc] GC(51896) Pause Young (Allocation Failure) 87M->87M(90M) 14.325ms
[2020-08-10T13:10:33.036+0300][1572.579s][info ][gc] GC(51897) Pause Young (Allocation Failure) 88M->88M(90M) 14.419ms
[2020-08-10T13:10:33.249+0300][1572.792s][debug][gc] GC(51898) Expanding ParOldGen from 90112K by 11264K to 101376K
[2020-08-10T13:10:33.249+0300][1572.792s][info ][gc] GC(51898) Pause Full (Ergonomics) 88M->88M(101M) 213.126ms
[2020-08-10T13:10:33.282+0300][1572.825s][info ][gc] GC(51899) Pause Young (Allocation Failure) 89M->89M(101M) 32.139ms
[2020-08-10T13:10:33.297+0300][1572.840s][info ][gc] GC(51900) Pause Young (Allocation Failure) 90M->90M(100M) 14.421ms
[2020-08-10T13:10:33.311+0300][1572.854s][info ][gc] GC(51901) Pause Young (Allocation Failure) 90M->90M(101M) 13.744ms
[2020-08-10T13:10:33.325+0300][1572.868s][info ][gc] GC(51902) Pause Young (Allocation Failure) 90M->90M(101M) 13.353ms
[2020-08-10T13:10:33.339+0300][1572.882s][info ][gc] GC(51903) Pause Young (Allocation Failure) 91M->91M(101M) 13.375ms
[2020-08-10T13:10:33.353+0300][1572.896s][info ][gc] GC(51904) Pause Young (Allocation Failure) 91M->91M(101M) 13.436ms
[2020-08-10T13:10:33.366+0300][1572.909s][info ][gc] GC(51905) Pause Young (Allocation Failure) 92M->92M(101M) 13.332ms
[2020-08-10T13:10:33.380+0300][1572.923s][info ][gc] GC(51906) Pause Young (Allocation Failure) 92M->92M(101M) 13.341ms
[2020-08-10T13:10:33.394+0300][1572.937s][info ][gc] GC(51907) Pause Young (Allocation Failure) 93M->93M(101M) 13.260ms
[2020-08-10T13:10:33.407+0300][1572.951s][info ][gc] GC(51908) Pause Young (Allocation Failure) 93M->93M(101M) 13.418ms
[2020-08-10T13:10:33.421+0300][1572.964s][info ][gc] GC(51909) Pause Young (Allocation Failure) 94M->94M(101M) 13.452ms
[2020-08-10T13:10:33.435+0300][1572.978s][info ][gc] GC(51910) Pause Young (Allocation Failure) 94M->94M(101M) 13.377ms
[2020-08-10T13:10:33.449+0300][1572.992s][info ][gc] GC(51911) Pause Young (Allocation Failure) 95M->95M(101M) 13.385ms
[2020-08-10T13:10:33.463+0300][1573.006s][info ][gc] GC(51912) Pause Young (Allocation Failure) 95M->95M(101M) 13.446ms
[2020-08-10T13:10:33.477+0300][1573.020s][info ][gc] GC(51913) Pause Young (Allocation Failure) 95M->95M(101M) 13.413ms
[2020-08-10T13:10:33.490+0300][1573.034s][info ][gc] GC(51914) Pause Young (Allocation Failure) 96M->96M(101M) 13.414ms
[2020-08-10T13:10:33.504+0300][1573.047s][info ][gc] GC(51915) Pause Young (Allocation Failure) 96M->96M(101M) 13.245ms
[2020-08-10T13:10:33.518+0300][1573.061s][info ][gc] GC(51916) Pause Young (Allocation Failure) 97M->97M(101M) 13.402ms
[2020-08-10T13:10:33.532+0300][1573.075s][info ][gc] GC(51917) Pause Young (Allocation Failure) 97M->97M(100M) 13.543ms
[2020-08-10T13:10:33.546+0300][1573.089s][info ][gc] GC(51918) Pause Young (Allocation Failure) 98M->98M(100M) 13.439ms
[2020-08-10T13:10:33.560+0300][1573.103s][info ][gc] GC(51919) Pause Young (Allocation Failure) 98M->98M(100M) 13.425ms
[2020-08-10T13:10:33.795+0300][1573.339s][debug][gc] GC(51920) Expanding ParOldGen from 101376K by 10752K to 112128K
[2020-08-10T13:10:33.796+0300][1573.339s][info ][gc] GC(51920) Pause Full (Ergonomics) 98M->98M(111M) 235.762ms
[2020-08-10T13:10:33.809+0300][1573.352s][info ][gc] GC(51921) Pause Young (Allocation Failure) 99M->99M(111M) 12.856ms
[2020-08-10T13:10:33.822+0300][1573.366s][info ][gc] GC(51922) Pause Young (Allocation Failure) 99M->99M(111M) 13.179ms
[2020-08-10T13:10:33.836+0300][1573.379s][info ][gc] GC(51923) Pause Young (Allocation Failure) 99M->99M(111M) 13.165ms
[2020-08-10T13:10:33.850+0300][1573.393s][info ][gc] GC(51924) Pause Young (Allocation Failure) 100M->100M(111M) 13.106ms
[2020-08-10T13:10:33.863+0300][1573.406s][info ][gc] GC(51925) Pause Young (Allocation Failure) 100M->100M(111M) 13.071ms
[2020-08-10T13:10:33.877+0300][1573.420s][info ][gc] GC(51926) Pause Young (Allocation Failure) 101M->101M(111M) 13.139ms
[2020-08-10T13:10:33.890+0300][1573.433s][info ][gc] GC(51927) Pause Young (Allocation Failure) 101M->101M(111M) 13.149ms
[2020-08-10T13:10:33.904+0300][1573.447s][info ][gc] GC(51928) Pause Young (Allocation Failure) 102M->102M(111M) 13.087ms
[2020-08-10T13:10:33.917+0300][1573.460s][info ][gc] GC(51929) Pause Young (Allocation Failure) 102M->102M(111M) 13.058ms
[2020-08-10T13:10:33.931+0300][1573.474s][info ][gc] GC(51930) Pause Young (Allocation Failure) 103M->103M(111M) 13.175ms
[2020-08-10T13:10:33.944+0300][1573.488s][info ][gc] GC(51931) Pause Young (Allocation Failure) 103M->103M(111M) 13.231ms
[2020-08-10T13:10:33.958+0300][1573.501s][info ][gc] GC(51932) Pause Young (Allocation Failure) 104M->104M(111M) 12.873ms
[2020-08-10T13:10:33.971+0300][1573.515s][info ][gc] GC(51933) Pause Young (Allocation Failure) 104M->104M(111M) 13.136ms
[2020-08-10T13:10:33.985+0300][1573.528s][info ][gc] GC(51934) Pause Young (Allocation Failure) 104M->104M(111M) 13.212ms
[2020-08-10T13:10:33.998+0300][1573.542s][info ][gc] GC(51935) Pause Young (Allocation Failure) 105M->105M(111M) 12.970ms
[2020-08-10T13:10:34.012+0300][1573.555s][info ][gc] GC(51936) Pause Young (Allocation Failure) 105M->105M(111M) 13.075ms
[2020-08-10T13:10:34.025+0300][1573.569s][info ][gc] GC(51937) Pause Young (Allocation Failure) 106M->106M(111M) 13.147ms
[2020-08-10T13:10:34.039+0300][1573.582s][info ][gc] GC(51938) Pause Young (Allocation Failure) 106M->106M(111M) 13.183ms
[2020-08-10T13:10:34.052+0300][1573.596s][info ][gc] GC(51939) Pause Young (Allocation Failure) 107M->107M(111M) 13.057ms
[2020-08-10T13:10:34.066+0300][1573.609s][info ][gc] GC(51940) Pause Young (Allocation Failure) 107M->107M(111M) 13.178ms
[2020-08-10T13:10:34.080+0300][1573.623s][info ][gc] GC(51941) Pause Young (Allocation Failure) 108M->108M(111M) 13.162ms
[2020-08-10T13:10:34.093+0300][1573.636s][info ][gc] GC(51942) Pause Young (Allocation Failure) 108M->108M(111M) 13.123ms
[2020-08-10T13:10:34.112+0300][1573.656s][info ][gc] GC(51943) Pause Young (Allocation Failure) 109M->109M(111M) 18.734ms
[2020-08-10T13:10:34.126+0300][1573.669s][info ][gc] GC(51944) Pause Young (Allocation Failure) 109M->109M(111M) 13.216ms
[2020-08-10T13:10:34.393+0300][1573.937s][debug][gc] GC(51945) Expanding ParOldGen from 112128K by 10752K to 122880K
[2020-08-10T13:10:34.394+0300][1573.937s][info ][gc] GC(51945) Pause Full (Ergonomics) 109M->109M(121M) 267.426ms
[2020-08-10T13:10:34.407+0300][1573.950s][info ][gc] GC(51946) Pause Young (Allocation Failure) 109M->109M(121M) 12.964ms
[2020-08-10T13:10:34.421+0300][1573.964s][info ][gc] GC(51947) Pause Young (Allocation Failure) 110M->110M(121M) 13.081ms
[2020-08-10T13:10:34.434+0300][1573.978s][info ][gc] GC(51948) Pause Young (Allocation Failure) 110M->110M(121M) 13.317ms
[2020-08-10T13:10:34.448+0300][1573.991s][info ][gc] GC(51949) Pause Young (Allocation Failure) 111M->111M(121M) 13.248ms
[2020-08-10T13:10:34.462+0300][1574.005s][info ][gc] GC(51950) Pause Young (Allocation Failure) 111M->111M(121M) 13.455ms
[2020-08-10T13:10:34.476+0300][1574.019s][info ][gc] GC(51951) Pause Young (Allocation Failure) 112M->112M(121M) 13.452ms
[2020-08-10T13:10:34.490+0300][1574.033s][info ][gc] GC(51952) Pause Young (Allocation Failure) 112M->112M(121M) 13.420ms
[2020-08-10T13:10:34.504+0300][1574.047s][info ][gc] GC(51953) Pause Young (Allocation Failure) 113M->113M(121M) 13.502ms
[2020-08-10T13:10:34.518+0300][1574.061s][info ][gc] GC(51954) Pause Young (Allocation Failure) 113M->113M(121M) 13.538ms
[2020-08-10T13:10:34.532+0300][1574.075s][info ][gc] GC(51955) Pause Young (Allocation Failure) 113M->113M(121M) 13.775ms
[2020-08-10T13:10:34.546+0300][1574.089s][info ][gc] GC(51956) Pause Young (Allocation Failure) 114M->114M(121M) 13.627ms
[2020-08-10T13:10:34.560+0300][1574.103s][info ][gc] GC(51957) Pause Young (Allocation Failure) 114M->114M(121M) 13.618ms
[2020-08-10T13:10:34.574+0300][1574.118s][info ][gc] GC(51958) Pause Young (Allocation Failure) 115M->115M(121M) 13.815ms
[2020-08-10T13:10:34.588+0300][1574.132s][info ][gc] GC(51959) Pause Young (Allocation Failure) 115M->115M(121M) 13.697ms
[2020-08-10T13:10:34.603+0300][1574.146s][info ][gc] GC(51960) Pause Young (Allocation Failure) 116M->116M(121M) 13.721ms
[2020-08-10T13:10:34.617+0300][1574.160s][info ][gc] GC(51961) Pause Young (Allocation Failure) 116M->116M(121M) 13.960ms
[2020-08-10T13:10:34.631+0300][1574.174s][info ][gc] GC(51962) Pause Young (Allocation Failure) 117M->117M(121M) 13.761ms
[2020-08-10T13:10:34.645+0300][1574.188s][info ][gc] GC(51963) Pause Young (Allocation Failure) 117M->117M(121M) 13.780ms
[2020-08-10T13:10:34.659+0300][1574.203s][info ][gc] GC(51964) Pause Young (Allocation Failure) 118M->118M(121M) 13.842ms
[2020-08-10T13:10:34.674+0300][1574.217s][info ][gc] GC(51965) Pause Young (Allocation Failure) 118M->118M(121M) 13.947ms
[2020-08-10T13:10:34.688+0300][1574.232s][info ][gc] GC(51966) Pause Young (Allocation Failure) 119M->119M(121M) 13.983ms
[2020-08-10T13:10:34.702+0300][1574.246s][info ][gc] GC(51967) Pause Young (Allocation Failure) 119M->119M(121M) 13.868ms
[2020-08-10T13:10:34.717+0300][1574.260s][info ][gc] GC(51968) Pause Young (Allocation Failure) 119M->119M(121M) 14.006ms
[2020-08-10T13:10:34.731+0300][1574.275s][info ][gc] GC(51969) Pause Young (Allocation Failure) 120M->120M(121M) 13.921ms
[2020-08-10T13:10:35.044+0300][1574.587s][debug][gc] GC(51970) Expanding ParOldGen from 122880K by 10752K to 133632K
[2020-08-10T13:10:35.044+0300][1574.587s][info ][gc] GC(51970) Pause Full (Ergonomics) 120M->120M(132M) 312.279ms
[2020-08-10T13:10:35.075+0300][1574.618s][info ][gc] GC(51971) Pause Young (Allocation Failure) 120M->120M(132M) 30.645ms
[2020-08-10T13:10:35.090+0300][1574.633s][info ][gc] GC(51972) Pause Young (Allocation Failure) 121M->121M(132M) 14.852ms
[2020-08-10T13:10:35.129+0300][1574.672s][info ][gc] GC(51973) Pause Young (Allocation Failure) 121M->121M(132M) 38.076ms
[2020-08-10T13:10:35.144+0300][1574.687s][info ][gc] GC(51974) Pause Young (Allocation Failure) 122M->122M(132M) 15.180ms
[2020-08-10T13:10:35.160+0300][1574.703s][info ][gc] GC(51975) Pause Young (Allocation Failure) 122M->122M(132M) 15.303ms
[2020-08-10T13:10:35.199+0300][1574.742s][info ][gc] GC(51976) Pause Young (Allocation Failure) 122M->122M(132M) 38.427ms
[2020-08-10T13:10:35.219+0300][1574.762s][info ][gc] GC(51977) Pause Young (Allocation Failure) 123M->123M(132M) 19.571ms
[2020-08-10T13:10:35.234+0300][1574.777s][info ][gc] GC(51978) Pause Young (Allocation Failure) 123M->123M(132M) 14.942ms
[2020-08-10T13:10:35.255+0300][1574.798s][info ][gc] GC(51979) Pause Young (Allocation Failure) 124M->124M(132M) 20.709ms
[2020-08-10T13:10:35.270+0300][1574.814s][info ][gc] GC(51980) Pause Young (Allocation Failure) 124M->124M(132M) 14.988ms
[2020-08-10T13:10:35.286+0300][1574.829s][info ][gc] GC(51981) Pause Young (Allocation Failure) 125M->125M(132M) 14.911ms
[2020-08-10T13:10:35.301+0300][1574.844s][info ][gc] GC(51982) Pause Young (Allocation Failure) 125M->125M(132M) 14.892ms
[2020-08-10T13:10:35.329+0300][1574.873s][info ][gc] GC(51983) Pause Young (Allocation Failure) 126M->126M(132M) 28.189ms
[2020-08-10T13:10:35.345+0300][1574.888s][info ][gc] GC(51984) Pause Young (Allocation Failure) 126M->126M(132M) 14.988ms
[2020-08-10T13:10:35.361+0300][1574.904s][info ][gc] GC(51985) Pause Young (Allocation Failure) 127M->126M(132M) 15.373ms
[2020-08-10T13:10:35.376+0300][1574.919s][info ][gc] GC(51986) Pause Young (Allocation Failure) 127M->127M(132M) 15.188ms
[2020-08-10T13:10:35.392+0300][1574.935s][info ][gc] GC(51987) Pause Young (Allocation Failure) 127M->127M(132M) 15.148ms
[2020-08-10T13:10:35.407+0300][1574.951s][info ][gc] GC(51988) Pause Young (Allocation Failure) 128M->128M(132M) 15.303ms
[2020-08-10T13:10:35.423+0300][1574.967s][info ][gc] GC(51989) Pause Young (Allocation Failure) 128M->128M(132M) 15.418ms
[2020-08-10T13:10:35.439+0300][1574.982s][info ][gc] GC(51990) Pause Young (Allocation Failure) 129M->129M(132M) 15.231ms
[2020-08-10T13:10:35.455+0300][1574.998s][info ][gc] GC(51991) Pause Young (Allocation Failure) 129M->129M(132M) 15.241ms
[2020-08-10T13:10:35.470+0300][1575.013s][info ][gc] GC(51992) Pause Young (Allocation Failure) 130M->130M(132M) 15.157ms
[2020-08-10T13:10:35.507+0300][1575.051s][info ][gc] GC(51993) Pause Young (Allocation Failure) 130M->130M(132M) 36.897ms
[2020-08-10T13:10:35.925+0300][1575.469s][debug][gc] GC(51994) Expanding ParOldGen from 133632K by 10752K to 144384K
[2020-08-10T13:10:35.925+0300][1575.469s][info ][gc] GC(51994) Pause Full (Ergonomics) 130M->130M(142M) 417.666ms
[2020-08-10T13:10:35.939+0300][1575.483s][info ][gc] GC(51995) Pause Young (Allocation Failure) 130M->130M(142M) 13.724ms
[2020-08-10T13:10:35.955+0300][1575.498s][info ][gc] GC(51996) Pause Young (Allocation Failure) 131M->131M(142M) 15.393ms
[2020-08-10T13:10:35.970+0300][1575.514s][info ][gc] GC(51997) Pause Young (Allocation Failure) 131M->131M(142M) 14.821ms
[2020-08-10T13:10:35.986+0300][1575.529s][info ][gc] GC(51998) Pause Young (Allocation Failure) 132M->132M(142M) 15.009ms
[2020-08-10T13:10:36.002+0300][1575.545s][info ][gc] GC(51999) Pause Young (Allocation Failure) 132M->132M(142M) 15.323ms
[2020-08-10T13:10:36.017+0300][1575.561s][info ][gc] GC(52000) Pause Young (Allocation Failure) 133M->133M(142M) 15.256ms
[2020-08-10T13:10:36.033+0300][1575.576s][info ][gc] GC(52001) Pause Young (Allocation Failure) 133M->133M(142M) 14.956ms
[2020-08-10T13:10:36.048+0300][1575.591s][info ][gc] GC(52002) Pause Young (Allocation Failure) 134M->134M(142M) 15.198ms
[2020-08-10T13:10:36.063+0300][1575.607s][info ][gc] GC(52003) Pause Young (Allocation Failure) 134M->134M(142M) 14.984ms
[2020-08-10T13:10:36.079+0300][1575.622s][info ][gc] GC(52004) Pause Young (Allocation Failure) 135M->135M(142M) 15.256ms
[2020-08-10T13:10:36.097+0300][1575.640s][info ][gc] GC(52005) Pause Young (Allocation Failure) 135M->135M(142M) 17.449ms
[2020-08-10T13:10:36.097+0300][1575.641s][debug][gc] Expanding ParOldGen from 144384K by 19968K to 164352K
[2020-08-10T13:10:36.121+0300][1575.664s][info ][gc] GC(52006) Pause Young (Allocation Failure) 155M->154M(162M) 14.878ms
[2020-08-10T13:10:36.134+0300][1575.678s][info ][gc] GC(52007) Pause Young (Allocation Failure) 155M->155M(162M) 13.491ms
[2020-08-10T13:10:36.148+0300][1575.691s][info ][gc] GC(52008) Pause Young (Allocation Failure) 155M->155M(162M) 12.864ms
[2020-08-10T13:10:36.161+0300][1575.705s][info ][gc] GC(52009) Pause Young (Allocation Failure) 156M->156M(162M) 13.260ms
[2020-08-10T13:10:36.175+0300][1575.718s][info ][gc] GC(52010) Pause Young (Allocation Failure) 156M->156M(162M) 12.978ms
[2020-08-10T13:10:36.188+0300][1575.731s][info ][gc] GC(52011) Pause Young (Allocation Failure) 157M->157M(162M) 12.831ms
[2020-08-10T13:10:36.201+0300][1575.744s][info ][gc] GC(52012) Pause Young (Allocation Failure) 157M->157M(162M) 12.811ms
[2020-08-10T13:10:36.214+0300][1575.758s][info ][gc] GC(52013) Pause Young (Allocation Failure) 158M->158M(162M) 13.020ms
[2020-08-10T13:10:36.228+0300][1575.771s][info ][gc] GC(52014) Pause Young (Allocation Failure) 158M->158M(162M) 12.976ms
[2020-08-10T13:10:36.241+0300][1575.785s][info ][gc] GC(52015) Pause Young (Allocation Failure) 158M->158M(162M) 13.056ms
[2020-08-10T13:10:36.255+0300][1575.798s][info ][gc] GC(52016) Pause Young (Allocation Failure) 159M->159M(162M) 13.077ms
[2020-08-10T13:10:36.268+0300][1575.812s][info ][gc] GC(52017) Pause Young (Allocation Failure) 159M->159M(162M) 13.090ms
[2020-08-10T13:10:36.282+0300][1575.825s][info ][gc] GC(52018) Pause Young (Allocation Failure) 160M->160M(162M) 12.826ms
[2020-08-10T13:10:36.295+0300][1575.838s][info ][gc] GC(52019) Pause Young (Allocation Failure) 160M->160M(162M) 13.034ms
[2020-08-10T13:10:36.358+0300][1575.902s][debug][gc] GC(52020) Shrinking ParOldGen from 164352K by 125952K to 38400K
[2020-08-10T13:10:36.358+0300][1575.902s][info ][gc] GC(52020) Pause Full (Ergonomics) 160M->26M(39M) 63.234ms
[2020-08-10T13:10:36.390+0300][1575.933s][info ][gc] GC(52021) Pause Young (Allocation Failure) 27M->27M(39M) 31.229ms
[2020-08-10T13:10:36.405+0300][1575.948s][info ][gc] GC(52022) Pause Young (Allocation Failure) 27M->27M(39M) 14.258ms
[2020-08-10T13:10:36.420+0300][1575.963s][info ][gc] GC(52023) Pause Young (Allocation Failure) 28M->28M(39M) 14.508ms
[2020-08-10T13:10:36.433+0300][1575.976s][info ][gc] GC(52024) Pause Young (Allocation Failure) 28M->28M(39M) 13.006ms
[2020-08-10T13:10:36.448+0300][1575.991s][info ][gc] GC(52025) Pause Young (Allocation Failure) 29M->29M(39M) 14.128ms
[2020-08-10T13:10:36.461+0300][1576.005s][info ][gc] GC(52026) Pause Young (Allocation Failure) 29M->29M(39M) 12.962ms
[2020-08-10T13:10:36.475+0300][1576.018s][info ][gc] GC(52027) Pause Young (Allocation Failure) 30M->30M(39M) 12.962ms
[2020-08-10T13:10:36.488+0300][1576.031s][info ][gc] GC(52028) Pause Young (Allocation Failure) 30M->30M(39M) 12.881ms
[2020-08-10T13:10:36.502+0300][1576.045s][info ][gc] GC(52029) Pause Young (Allocation Failure) 31M->31M(39M) 13.052ms
[2020-08-10T13:10:36.515+0300][1576.059s][info ][gc] GC(52030) Pause Young (Allocation Failure) 32M->32M(39M) 13.264ms
[2020-08-10T13:10:36.529+0300][1576.073s][info ][gc] GC(52031) Pause Young (Allocation Failure) 33M->33M(39M) 13.284ms
[2020-08-10T13:10:36.543+0300][1576.086s][info ][gc] GC(52032) Pause Young (Allocation Failure) 34M->33M(39M) 13.376ms
[2020-08-10T13:10:36.557+0300][1576.100s][info ][gc] GC(52033) Pause Young (Allocation Failure) 34M->34M(40M) 13.208ms
[2020-08-10T13:10:36.570+0300][1576.114s][info ][gc] GC(52034) Pause Young (Allocation Failure) 35M->35M(40M) 13.303ms
[2020-08-10T13:10:36.584+0300][1576.128s][info ][gc] GC(52035) Pause Young (Allocation Failure) 36M->36M(40M) 13.434ms
[2020-08-10T13:10:36.598+0300][1576.141s][info ][gc] GC(52036) Pause Young (Allocation Failure) 37M->37M(40M) 13.269ms
[2020-08-10T13:10:36.667+0300][1576.211s][debug][gc] GC(52037) Expanding ParOldGen from 38400K by 11264K to 49664K
[2020-08-10T13:10:36.668+0300][1576.211s][info ][gc] GC(52037) Pause Full (Ergonomics) 37M->37M(51M) 69.391ms
[2020-08-10T13:10:36.685+0300][1576.229s][info ][gc] GC(52038) Pause Young (Allocation Failure) 38M->38M(51M) 17.324ms
[2020-08-10T13:10:36.700+0300][1576.243s][info ][gc] GC(52039) Pause Young (Allocation Failure) 39M->39M(51M) 13.680ms
[2020-08-10T13:10:36.714+0300][1576.257s][info ][gc] GC(52040) Pause Young (Allocation Failure) 40M->40M(51M) 13.559ms
[2020-08-10T13:10:36.728+0300][1576.271s][info ][gc] GC(52041) Pause Young (Allocation Failure) 41M->41M(51M) 13.477ms
[2020-08-10T13:10:36.742+0300][1576.285s][info ][gc] GC(52042) Pause Young (Allocation Failure) 42M->42M(51M) 13.484ms
[2020-08-10T13:10:36.756+0300][1576.299s][info ][gc] GC(52043) Pause Young (Allocation Failure) 43M->43M(51M) 13.485ms
[2020-08-10T13:10:36.770+0300][1576.313s][info ][gc] GC(52044) Pause Young (Allocation Failure) 44M->44M(51M) 13.556ms
[2020-08-10T13:10:36.784+0300][1576.327s][info ][gc] GC(52045) Pause Young (Allocation Failure) 45M->45M(51M) 13.547ms
[2020-08-10T13:10:36.798+0300][1576.341s][info ][gc] GC(52046) Pause Young (Allocation Failure) 46M->46M(51M) 13.223ms
[2020-08-10T13:10:36.812+0300][1576.355s][info ][gc] GC(52047) Pause Young (Allocation Failure) 47M->46M(51M) 13.512ms
[2020-08-10T13:10:36.826+0300][1576.369s][info ][gc] GC(52048) Pause Young (Allocation Failure) 47M->47M(51M) 13.539ms
[2020-08-10T13:10:36.840+0300][1576.383s][info ][gc] GC(52049) Pause Young (Allocation Failure) 48M->48M(51M) 13.564ms
[2020-08-10T13:10:36.942+0300][1576.485s][debug][gc] GC(52050) Expanding ParOldGen from 49664K by 11776K to 61440K
[2020-08-10T13:10:36.942+0300][1576.485s][info ][gc] GC(52050) Pause Full (Ergonomics) 48M->48M(62M) 101.531ms
[2020-08-10T13:10:36.962+0300][1576.505s][info ][gc] GC(52051) Pause Young (Allocation Failure) 49M->49M(62M) 19.792ms
[2020-08-10T13:10:36.976+0300][1576.519s][info ][gc] GC(52052) Pause Young (Allocation Failure) 50M->50M(62M) 13.435ms
[2020-08-10T13:10:36.990+0300][1576.533s][info ][gc] GC(52053) Pause Young (Allocation Failure) 51M->51M(62M) 13.388ms
[2020-08-10T13:10:37.004+0300][1576.547s][info ][gc] GC(52054) Pause Young (Allocation Failure) 52M->52M(62M) 13.673ms
[2020-08-10T13:10:37.018+0300][1576.561s][info ][gc] GC(52055) Pause Young (Allocation Failure) 53M->53M(62M) 13.483ms
[2020-08-10T13:10:37.032+0300][1576.575s][info ][gc] GC(52056) Pause Young (Allocation Failure) 54M->54M(62M) 13.593ms
[2020-08-10T13:10:37.046+0300][1576.589s][info ][gc] GC(52057) Pause Young (Allocation Failure) 55M->55M(62M) 13.577ms
[2020-08-10T13:10:37.060+0300][1576.604s][info ][gc] GC(52058) Pause Young (Allocation Failure) 56M->56M(62M) 13.654ms
[2020-08-10T13:10:37.074+0300][1576.618s][info ][gc] GC(52059) Pause Young (Allocation Failure) 57M->57M(62M) 13.652ms
[2020-08-10T13:10:37.088+0300][1576.632s][info ][gc] GC(52060) Pause Young (Allocation Failure) 58M->58M(62M) 13.610ms
[2020-08-10T13:10:37.103+0300][1576.646s][info ][gc] GC(52061) Pause Young (Allocation Failure) 59M->59M(62M) 13.628ms
[2020-08-10T13:10:37.117+0300][1576.660s][info ][gc] GC(52062) Pause Young (Allocation Failure) 60M->60M(62M) 13.580ms
[2020-08-10T13:10:37.247+0300][1576.790s][debug][gc] GC(52063) Expanding ParOldGen from 61440K by 11776K to 73216K
[2020-08-10T13:10:37.247+0300][1576.791s][info ][gc] GC(52063) Pause Full (Ergonomics) 60M->59M(74M) 130.257ms
[2020-08-10T13:10:37.261+0300][1576.805s][info ][gc] GC(52064) Pause Young (Allocation Failure) 60M->60M(74M) 13.021ms
[2020-08-10T13:10:37.275+0300][1576.819s][info ][gc] GC(52065) Pause Young (Allocation Failure) 61M->61M(74M) 13.461ms
[2020-08-10T13:10:37.289+0300][1576.832s][info ][gc] GC(52066) Pause Young (Allocation Failure) 62M->62M(74M) 13.309ms
[2020-08-10T13:10:37.303+0300][1576.846s][info ][gc] GC(52067) Pause Young (Allocation Failure) 63M->63M(74M) 13.520ms
[2020-08-10T13:10:37.317+0300][1576.860s][info ][gc] GC(52068) Pause Young (Allocation Failure) 64M->64M(74M) 13.538ms
[2020-08-10T13:10:37.331+0300][1576.874s][info ][gc] GC(52069) Pause Young (Allocation Failure) 65M->65M(74M) 13.493ms
[2020-08-10T13:10:37.345+0300][1576.888s][info ][gc] GC(52070) Pause Young (Allocation Failure) 66M->66M(74M) 13.507ms
[2020-08-10T13:10:37.359+0300][1576.902s][info ][gc] GC(52071) Pause Young (Allocation Failure) 67M->67M(74M) 13.449ms
[2020-08-10T13:10:37.373+0300][1576.917s][info ][gc] GC(52072) Pause Young (Allocation Failure) 68M->68M(74M) 13.652ms
[2020-08-10T13:10:37.387+0300][1576.931s][info ][gc] GC(52073) Pause Young (Allocation Failure) 69M->69M(74M) 13.502ms
[2020-08-10T13:10:37.401+0300][1576.945s][info ][gc] GC(52074) Pause Young (Allocation Failure) 70M->70M(74M) 13.540ms
[2020-08-10T13:10:37.415+0300][1576.959s][info ][gc] GC(52075) Pause Young (Allocation Failure) 71M->71M(74M) 13.435ms
[2020-08-10T13:10:37.429+0300][1576.973s][info ][gc] GC(52076) Pause Young (Allocation Failure) 72M->72M(74M) 13.449ms
[2020-08-10T13:10:37.598+0300][1577.142s][debug][gc] GC(52077) Expanding ParOldGen from 73216K by 11264K to 84480K
[2020-08-10T13:10:37.598+0300][1577.142s][info ][gc] GC(52077) Pause Full (Ergonomics) 72M->71M(85M) 169.089ms
[2020-08-10T13:10:37.631+0300][1577.174s][info ][gc] GC(52078) Pause Young (Allocation Failure) 72M->72M(85M) 32.075ms
[2020-08-10T13:10:37.645+0300][1577.189s][info ][gc] GC(52079) Pause Young (Allocation Failure) 73M->73M(85M) 13.797ms
[2020-08-10T13:10:37.660+0300][1577.203s][info ][gc] GC(52080) Pause Young (Allocation Failure) 74M->74M(85M) 13.832ms
[2020-08-10T13:10:37.674+0300][1577.217s][info ][gc] GC(52081) Pause Young (Allocation Failure) 75M->75M(85M) 13.573ms
[2020-08-10T13:10:37.688+0300][1577.231s][info ][gc] GC(52082) Pause Young (Allocation Failure) 76M->76M(85M) 13.800ms
[2020-08-10T13:10:37.702+0300][1577.246s][info ][gc] GC(52083) Pause Young (Allocation Failure) 77M->77M(85M) 13.743ms
[2020-08-10T13:10:37.717+0300][1577.260s][info ][gc] GC(52084) Pause Young (Allocation Failure) 78M->78M(85M) 13.790ms
[2020-08-10T13:10:37.731+0300][1577.274s][info ][gc] GC(52085) Pause Young (Allocation Failure) 79M->79M(85M) 13.687ms
[2020-08-10T13:10:37.745+0300][1577.289s][info ][gc] GC(52086) Pause Young (Allocation Failure) 80M->80M(84M) 14.035ms
[2020-08-10T13:10:37.760+0300][1577.304s][info ][gc] GC(52087) Pause Young (Allocation Failure) 81M->81M(84M) 14.025ms
[2020-08-10T13:10:37.774+0300][1577.318s][info ][gc] GC(52088) Pause Young (Allocation Failure) 82M->82M(84M) 13.764ms
[2020-08-10T13:10:37.969+0300][1577.513s][debug][gc] GC(52089) Expanding ParOldGen from 84480K by 11264K to 95744K
[2020-08-10T13:10:37.969+0300][1577.513s][info ][gc] GC(52089) Pause Full (Ergonomics) 82M->82M(96M) 194.916ms
[2020-08-10T13:10:37.983+0300][1577.527s][info ][gc] GC(52090) Pause Young (Allocation Failure) 83M->83M(96M) 13.155ms
[2020-08-10T13:10:37.997+0300][1577.541s][info ][gc] GC(52091) Pause Young (Allocation Failure) 84M->84M(96M) 13.841ms
[2020-08-10T13:10:38.012+0300][1577.555s][info ][gc] GC(52092) Pause Young (Allocation Failure) 85M->84M(96M) 13.954ms
[2020-08-10T13:10:38.026+0300][1577.570s][info ][gc] GC(52093) Pause Young (Allocation Failure) 85M->85M(96M) 13.840ms
[2020-08-10T13:10:38.041+0300][1577.584s][info ][gc] GC(52094) Pause Young (Allocation Failure) 86M->86M(96M) 13.816ms
[2020-08-10T13:10:38.055+0300][1577.599s][info ][gc] GC(52095) Pause Young (Allocation Failure) 87M->87M(96M) 14.225ms
[2020-08-10T13:10:38.070+0300][1577.613s][info ][gc] GC(52096) Pause Young (Allocation Failure) 88M->88M(96M) 14.030ms
[2020-08-10T13:10:38.084+0300][1577.628s][info ][gc] GC(52097) Pause Young (Allocation Failure) 89M->89M(96M) 13.966ms
[2020-08-10T13:10:38.099+0300][1577.643s][info ][gc] GC(52098) Pause Young (Allocation Failure) 90M->90M(96M) 14.168ms
[2020-08-10T13:10:38.114+0300][1577.657s][info ][gc] GC(52099) Pause Young (Allocation Failure) 91M->91M(96M) 14.245ms
[2020-08-10T13:10:38.129+0300][1577.672s][info ][gc] GC(52100) Pause Young (Allocation Failure) 92M->92M(96M) 14.426ms
[2020-08-10T13:10:38.144+0300][1577.688s][info ][gc] GC(52101) Pause Young (Allocation Failure) 93M->93M(96M) 14.850ms
[2020-08-10T13:10:38.159+0300][1577.703s][info ][gc] GC(52102) Pause Young (Allocation Failure) 94M->94M(96M) 14.553ms
[2020-08-10T13:10:38.381+0300][1577.925s][debug][gc] GC(52103) Expanding ParOldGen from 95744K by 11264K to 107008K
[2020-08-10T13:10:38.381+0300][1577.925s][info ][gc] GC(52103) Pause Full (Ergonomics) 94M->94M(107M) 221.653ms
[2020-08-10T13:10:38.416+0300][1577.960s][info ][gc] GC(52104) Pause Young (Allocation Failure) 95M->95M(107M) 34.378ms
[2020-08-10T13:10:38.432+0300][1577.975s][info ][gc] GC(52105) Pause Young (Allocation Failure) 96M->96M(107M) 15.062ms
[2020-08-10T13:10:38.447+0300][1577.991s][info ][gc] GC(52106) Pause Young (Allocation Failure) 97M->97M(107M) 14.981ms
[2020-08-10T13:10:38.463+0300][1578.007s][info ][gc] GC(52107) Pause Young (Allocation Failure) 98M->98M(107M) 15.465ms
[2020-08-10T13:10:38.479+0300][1578.023s][info ][gc] GC(52108) Pause Young (Allocation Failure) 99M->99M(107M) 15.443ms
[2020-08-10T13:10:38.495+0300][1578.039s][info ][gc] GC(52109) Pause Young (Allocation Failure) 100M->99M(107M) 15.555ms
[2020-08-10T13:10:38.511+0300][1578.055s][info ][gc] GC(52110) Pause Young (Allocation Failure) 100M->100M(107M) 15.581ms
[2020-08-10T13:10:38.528+0300][1578.071s][info ][gc] GC(52111) Pause Young (Allocation Failure) 101M->101M(107M) 15.788ms
[2020-08-10T13:10:38.544+0300][1578.087s][info ][gc] GC(52112) Pause Young (Allocation Failure) 102M->102M(107M) 15.753ms
[2020-08-10T13:10:38.560+0300][1578.104s][info ][gc] GC(52113) Pause Young (Allocation Failure) 103M->103M(107M) 15.924ms
[2020-08-10T13:10:38.587+0300][1578.131s][info ][gc] GC(52114) Pause Young (Allocation Failure) 104M->104M(107M) 26.475ms
[2020-08-10T13:10:38.844+0300][1578.387s][debug][gc] GC(52115) Expanding ParOldGen from 107008K by 11264K to 118272K
[2020-08-10T13:10:38.844+0300][1578.387s][info ][gc] GC(52115) Pause Full (Ergonomics) 104M->104M(118M) 256.404ms
[2020-08-10T13:10:38.880+0300][1578.424s][info ][gc] GC(52116) Pause Young (Allocation Failure) 105M->105M(118M) 35.806ms
[2020-08-10T13:10:38.897+0300][1578.440s][info ][gc] GC(52117) Pause Young (Allocation Failure) 106M->106M(118M) 16.122ms
[2020-08-10T13:10:38.914+0300][1578.457s][info ][gc] GC(52118) Pause Young (Allocation Failure) 107M->107M(118M) 16.197ms
[2020-08-10T13:10:38.930+0300][1578.474s][info ][gc] GC(52119) Pause Young (Allocation Failure) 108M->108M(118M) 16.285ms
[2020-08-10T13:10:38.947+0300][1578.491s][info ][gc] GC(52120) Pause Young (Allocation Failure) 109M->109M(118M) 16.190ms
[2020-08-10T13:10:38.964+0300][1578.508s][info ][gc] GC(52121) Pause Young (Allocation Failure) 110M->110M(118M) 16.396ms
[2020-08-10T13:10:38.981+0300][1578.524s][info ][gc] GC(52122) Pause Young (Allocation Failure) 111M->111M(118M) 16.396ms
[2020-08-10T13:10:38.998+0300][1578.541s][info ][gc] GC(52123) Pause Young (Allocation Failure) 112M->112M(118M) 16.480ms
[2020-08-10T13:10:39.015+0300][1578.558s][info ][gc] GC(52124) Pause Young (Allocation Failure) 113M->113M(118M) 16.738ms
[2020-08-10T13:10:39.032+0300][1578.575s][info ][gc] GC(52125) Pause Young (Allocation Failure) 114M->114M(118M) 16.417ms
[2020-08-10T13:10:39.049+0300][1578.592s][info ][gc] GC(52126) Pause Young (Allocation Failure) 115M->115M(118M) 16.688ms
[2020-08-10T13:10:39.066+0300][1578.610s][info ][gc] GC(52127) Pause Young (Allocation Failure) 116M->116M(118M) 16.945ms
[2020-08-10T13:10:39.359+0300][1578.902s][debug][gc] GC(52128) Expanding ParOldGen from 118272K by 11264K to 129536K
[2020-08-10T13:10:39.359+0300][1578.902s][info ][gc] GC(52128) Pause Full (Ergonomics) 116M->115M(129M) 292.434ms
[2020-08-10T13:10:39.391+0300][1578.934s][info ][gc] GC(52129) Pause Young (Allocation Failure) 116M->116M(129M) 31.358ms
[2020-08-10T13:10:39.408+0300][1578.952s][info ][gc] GC(52130) Pause Young (Allocation Failure) 117M->117M(129M) 17.056ms
[2020-08-10T13:10:39.445+0300][1578.988s][info ][gc] GC(52131) Pause Young (Allocation Failure) 118M->118M(129M) 36.060ms
[2020-08-10T13:10:39.463+0300][1579.007s][info ][gc] GC(52132) Pause Young (Allocation Failure) 119M->119M(129M) 17.992ms
[2020-08-10T13:10:39.482+0300][1579.026s][info ][gc] GC(52133) Pause Young (Allocation Failure) 120M->120M(129M) 18.186ms
[2020-08-10T13:10:39.500+0300][1579.044s][info ][gc] GC(52134) Pause Young (Allocation Failure) 121M->121M(129M) 17.769ms
[2020-08-10T13:10:39.519+0300][1579.062s][info ][gc] GC(52135) Pause Young (Allocation Failure) 122M->122M(129M) 17.690ms
[2020-08-10T13:10:39.537+0300][1579.080s][info ][gc] GC(52136) Pause Young (Allocation Failure) 123M->123M(129M) 17.598ms
[2020-08-10T13:10:39.555+0300][1579.099s][info ][gc] GC(52137) Pause Young (Allocation Failure) 124M->124M(129M) 17.951ms
[2020-08-10T13:10:39.573+0300][1579.117s][info ][gc] GC(52138) Pause Young (Allocation Failure) 125M->125M(129M) 17.723ms
[2020-08-10T13:10:39.620+0300][1579.164s][info ][gc] GC(52139) Pause Young (Allocation Failure) 126M->126M(129M) 46.527ms
[2020-08-10T13:10:39.940+0300][1579.484s][debug][gc] GC(52140) Expanding ParOldGen from 129536K by 11264K to 140800K
[2020-08-10T13:10:39.940+0300][1579.484s][info ][gc] GC(52140) Pause Full (Ergonomics) 126M->126M(140M) 319.663ms
[2020-08-10T13:10:39.955+0300][1579.499s][info ][gc] GC(52141) Pause Young (Allocation Failure) 127M->127M(140M) 14.587ms
[2020-08-10T13:10:39.973+0300][1579.517s][info ][gc] GC(52142) Pause Young (Allocation Failure) 128M->128M(140M) 17.515ms
[2020-08-10T13:10:39.991+0300][1579.535s][info ][gc] GC(52143) Pause Young (Allocation Failure) 129M->129M(140M) 17.786ms
[2020-08-10T13:10:40.010+0300][1579.553s][info ][gc] GC(52144) Pause Young (Allocation Failure) 130M->130M(140M) 17.904ms
[2020-08-10T13:10:40.028+0300][1579.571s][info ][gc] GC(52145) Pause Young (Allocation Failure) 131M->130M(140M) 17.915ms
[2020-08-10T13:10:40.046+0300][1579.590s][info ][gc] GC(52146) Pause Young (Allocation Failure) 131M->131M(140M) 17.661ms
[2020-08-10T13:10:40.065+0300][1579.608s][info ][gc] GC(52147) Pause Young (Allocation Failure) 132M->132M(140M) 18.325ms
[2020-08-10T13:10:40.084+0300][1579.627s][info ][gc] GC(52148) Pause Young (Allocation Failure) 133M->133M(140M) 18.371ms
[2020-08-10T13:10:40.102+0300][1579.646s][info ][gc] GC(52149) Pause Young (Allocation Failure) 134M->134M(140M) 18.148ms
[2020-08-10T13:10:40.103+0300][1579.646s][debug][gc] Expanding ParOldGen from 140800K by 19968K to 160768K
[2020-08-10T13:10:40.141+0300][1579.685s][info ][gc] GC(52150) Pause Young (Allocation Failure) 154M->154M(159M) 30.548ms
[2020-08-10T13:10:40.198+0300][1579.741s][info ][gc] GC(52151) Pause Young (Allocation Failure) 155M->155M(159M) 56.262ms
[2020-08-10T13:10:40.224+0300][1579.768s][info ][gc] GC(52152) Pause Young (Allocation Failure) 156M->156M(159M) 26.172ms
[2020-08-10T13:10:40.251+0300][1579.794s][info ][gc] GC(52153) Pause Young (Allocation Failure) 157M->157M(159M) 26.028ms
[2020-08-10T13:10:40.313+0300][1579.857s][debug][gc] GC(52154) Shrinking ParOldGen from 160768K by 124416K to 36352K
[2020-08-10T13:10:40.313+0300][1579.857s][info ][gc] GC(52154) Pause Full (Ergonomics) 157M->24M(38M) 62.439ms
[2020-08-10T13:10:40.333+0300][1579.877s][info ][gc] GC(52155) Pause Young (Allocation Failure) 25M->24M(38M) 19.311ms
[2020-08-10T13:10:40.351+0300][1579.895s][info ][gc] GC(52156) Pause Young (Allocation Failure) 25M->25M(38M) 17.408ms
[2020-08-10T13:10:40.365+0300][1579.909s][info ][gc] GC(52157) Pause Young (Allocation Failure) 26M->26M(38M) 13.511ms
[2020-08-10T13:10:40.382+0300][1579.925s][info ][gc] GC(52158) Pause Young (Allocation Failure) 27M->27M(38M) 15.928ms
[2020-08-10T13:10:40.400+0300][1579.943s][info ][gc] GC(52159) Pause Young (Allocation Failure) 28M->28M(38M) 17.128ms
[2020-08-10T13:10:40.414+0300][1579.957s][info ][gc] GC(52160) Pause Young (Allocation Failure) 29M->29M(38M) 13.455ms
[2020-08-10T13:10:40.428+0300][1579.971s][info ][gc] GC(52161) Pause Young (Allocation Failure) 30M->30M(38M) 13.378ms
[2020-08-10T13:10:40.442+0300][1579.985s][info ][gc] GC(52162) Pause Young (Allocation Failure) 31M->31M(38M) 13.402ms
[2020-08-10T13:10:40.456+0300][1580.000s][info ][gc] GC(52163) Pause Young (Allocation Failure) 32M->32M(38M) 13.744ms
[2020-08-10T13:10:40.470+0300][1580.014s][info ][gc] GC(52164) Pause Young (Allocation Failure) 33M->33M(38M) 13.495ms
[2020-08-10T13:10:40.484+0300][1580.028s][info ][gc] GC(52165) Pause Young (Allocation Failure) 34M->34M(38M) 13.496ms
[2020-08-10T13:10:40.499+0300][1580.042s][info ][gc] GC(52166) Pause Young (Allocation Failure) 35M->35M(38M) 13.574ms
[2020-08-10T13:10:40.561+0300][1580.105s][debug][gc] GC(52167) Expanding ParOldGen from 36352K by 11264K to 47616K
[2020-08-10T13:10:40.562+0300][1580.105s][info ][gc] GC(52167) Pause Full (Ergonomics) 35M->35M(49M) 62.789ms
[2020-08-10T13:10:40.575+0300][1580.119s][info ][gc] GC(52168) Pause Young (Allocation Failure) 36M->36M(49M) 13.145ms
[2020-08-10T13:10:40.589+0300][1580.132s][info ][gc] GC(52169) Pause Young (Allocation Failure) 37M->37M(49M) 13.228ms
[2020-08-10T13:10:40.602+0300][1580.146s][info ][gc] GC(52170) Pause Young (Allocation Failure) 38M->38M(49M) 13.395ms
[2020-08-10T13:10:40.617+0300][1580.160s][info ][gc] GC(52171) Pause Young (Allocation Failure) 39M->39M(48M) 13.582ms
[2020-08-10T13:10:40.631+0300][1580.174s][info ][gc] GC(52172) Pause Young (Allocation Failure) 40M->40M(48M) 13.487ms
[2020-08-10T13:10:40.645+0300][1580.188s][info ][gc] GC(52173) Pause Young (Allocation Failure) 41M->40M(48M) 13.505ms
[2020-08-10T13:10:40.658+0300][1580.202s][info ][gc] GC(52174) Pause Young (Allocation Failure) 41M->41M(49M) 13.311ms
[2020-08-10T13:10:40.672+0300][1580.216s][info ][gc] GC(52175) Pause Young (Allocation Failure) 42M->42M(49M) 13.499ms
[2020-08-10T13:10:40.686+0300][1580.230s][info ][gc] GC(52176) Pause Young (Allocation Failure) 43M->43M(49M) 13.522ms
[2020-08-10T13:10:40.700+0300][1580.244s][info ][gc] GC(52177) Pause Young (Allocation Failure) 44M->44M(49M) 13.229ms
[2020-08-10T13:10:40.714+0300][1580.258s][info ][gc] GC(52178) Pause Young (Allocation Failure) 45M->45M(49M) 13.488ms
[2020-08-10T13:10:40.728+0300][1580.272s][info ][gc] GC(52179) Pause Young (Allocation Failure) 46M->46M(49M) 13.490ms
[2020-08-10T13:10:40.821+0300][1580.364s][debug][gc] GC(52180) Expanding ParOldGen from 47616K by 11264K to 58880K
[2020-08-10T13:10:40.821+0300][1580.364s][info ][gc] GC(52180) Pause Full (Ergonomics) 46M->46M(60M) 92.370ms
[2020-08-10T13:10:40.840+0300][1580.384s][info ][gc] GC(52181) Pause Young (Allocation Failure) 47M->47M(60M) 19.209ms
[2020-08-10T13:10:40.854+0300][1580.398s][info ][gc] GC(52182) Pause Young (Allocation Failure) 48M->48M(60M) 13.378ms
[2020-08-10T13:10:40.868+0300][1580.411s][info ][gc] GC(52183) Pause Young (Allocation Failure) 49M->49M(60M) 13.336ms
[2020-08-10T13:10:40.882+0300][1580.425s][info ][gc] GC(52184) Pause Young (Allocation Failure) 50M->50M(60M) 13.344ms
[2020-08-10T13:10:40.896+0300][1580.439s][info ][gc] GC(52185) Pause Young (Allocation Failure) 51M->51M(60M) 13.689ms
[2020-08-10T13:10:40.910+0300][1580.453s][info ][gc] GC(52186) Pause Young (Allocation Failure) 52M->52M(60M) 13.554ms
[2020-08-10T13:10:40.924+0300][1580.467s][info ][gc] GC(52187) Pause Young (Allocation Failure) 53M->53M(60M) 13.499ms
[2020-08-10T13:10:40.938+0300][1580.481s][info ][gc] GC(52188) Pause Young (Allocation Failure) 54M->54M(60M) 13.546ms
[2020-08-10T13:10:40.952+0300][1580.495s][info ][gc] GC(52189) Pause Young (Allocation Failure) 55M->55M(60M) 13.495ms
[2020-08-10T13:10:40.966+0300][1580.510s][info ][gc] GC(52190) Pause Young (Allocation Failure) 56M->56M(60M) 13.691ms
[2020-08-10T13:10:40.980+0300][1580.524s][info ][gc] GC(52191) Pause Young (Allocation Failure) 57M->57M(60M) 13.582ms
[2020-08-10T13:10:40.994+0300][1580.538s][info ][gc] GC(52192) Pause Young (Allocation Failure) 58M->58M(60M) 13.354ms
[2020-08-10T13:10:41.114+0300][1580.658s][debug][gc] GC(52193) Expanding ParOldGen from 58880K by 11776K to 70656K
[2020-08-10T13:10:41.114+0300][1580.658s][info ][gc] GC(52193) Pause Full (Ergonomics) 58M->57M(71M) 120.328ms
[2020-08-10T13:10:41.138+0300][1580.682s][info ][gc] GC(52194) Pause Young (Allocation Failure) 58M->58M(71M) 23.111ms
[2020-08-10T13:10:41.152+0300][1580.696s][info ][gc] GC(52195) Pause Young (Allocation Failure) 59M->59M(71M) 13.753ms
[2020-08-10T13:10:41.167+0300][1580.710s][info ][gc] GC(52196) Pause Young (Allocation Failure) 60M->60M(71M) 13.748ms
[2020-08-10T13:10:41.181+0300][1580.724s][info ][gc] GC(52197) Pause Young (Allocation Failure) 61M->61M(71M) 13.613ms
[2020-08-10T13:10:41.195+0300][1580.739s][info ][gc] GC(52198) Pause Young (Allocation Failure) 62M->62M(71M) 13.687ms
[2020-08-10T13:10:41.209+0300][1580.752s][info ][gc] GC(52199) Pause Young (Allocation Failure) 63M->63M(71M) 13.450ms
[2020-08-10T13:10:41.223+0300][1580.767s][info ][gc] GC(52200) Pause Young (Allocation Failure) 64M->64M(71M) 13.702ms
[2020-08-10T13:10:41.237+0300][1580.781s][info ][gc] GC(52201) Pause Young (Allocation Failure) 65M->65M(71M) 13.981ms
[2020-08-10T13:10:41.252+0300][1580.795s][info ][gc] GC(52202) Pause Young (Allocation Failure) 66M->66M(71M) 13.756ms
[2020-08-10T13:10:41.266+0300][1580.810s][info ][gc] GC(52203) Pause Young (Allocation Failure) 67M->67M(71M) 13.722ms
[2020-08-10T13:10:41.280+0300][1580.824s][info ][gc] GC(52204) Pause Young (Allocation Failure) 68M->68M(71M) 13.724ms
[2020-08-10T13:10:41.294+0300][1580.838s][info ][gc] GC(52205) Pause Young (Allocation Failure) 69M->69M(71M) 13.418ms
[2020-08-10T13:10:41.460+0300][1581.004s][debug][gc] GC(52206) Expanding ParOldGen from 70656K by 11264K to 81920K
[2020-08-10T13:10:41.460+0300][1581.004s][info ][gc] GC(52206) Pause Full (Ergonomics) 69M->69M(82M) 165.840ms
[2020-08-10T13:10:41.489+0300][1581.032s][info ][gc] GC(52207) Pause Young (Allocation Failure) 70M->70M(82M) 28.000ms
[2020-08-10T13:10:41.503+0300][1581.047s][info ][gc] GC(52208) Pause Young (Allocation Failure) 71M->71M(82M) 13.782ms
[2020-08-10T13:10:41.518+0300][1581.061s][info ][gc] GC(52209) Pause Young (Allocation Failure) 72M->72M(82M) 13.812ms
[2020-08-10T13:10:41.532+0300][1581.076s][info ][gc] GC(52210) Pause Young (Allocation Failure) 73M->72M(82M) 13.907ms
[2020-08-10T13:10:41.547+0300][1581.090s][info ][gc] GC(52211) Pause Young (Allocation Failure) 73M->73M(82M) 14.000ms
[2020-08-10T13:10:41.561+0300][1581.104s][info ][gc] GC(52212) Pause Young (Allocation Failure) 74M->74M(82M) 13.721ms
[2020-08-10T13:10:41.575+0300][1581.119s][info ][gc] GC(52213) Pause Young (Allocation Failure) 75M->75M(82M) 13.792ms
[2020-08-10T13:10:41.589+0300][1581.133s][info ][gc] GC(52214) Pause Young (Allocation Failure) 76M->76M(82M) 13.713ms
[2020-08-10T13:10:41.604+0300][1581.147s][info ][gc] GC(52215) Pause Young (Allocation Failure) 77M->77M(82M) 13.678ms
[2020-08-10T13:10:41.618+0300][1581.161s][info ][gc] GC(52216) Pause Young (Allocation Failure) 78M->78M(82M) 13.793ms
[2020-08-10T13:10:41.632+0300][1581.176s][info ][gc] GC(52217) Pause Young (Allocation Failure) 79M->79M(82M) 14.039ms
[2020-08-10T13:10:41.647+0300][1581.190s][info ][gc] GC(52218) Pause Young (Allocation Failure) 80M->80M(82M) 13.717ms
[2020-08-10T13:10:41.834+0300][1581.377s][debug][gc] GC(52219) Expanding ParOldGen from 81920K by 11264K to 93184K
[2020-08-10T13:10:41.834+0300][1581.377s][info ][gc] GC(52219) Pause Full (Ergonomics) 80M->80M(93M) 186.873ms
[2020-08-10T13:10:41.866+0300][1581.410s][info ][gc] GC(52220) Pause Young (Allocation Failure) 81M->81M(93M) 31.715ms
[2020-08-10T13:10:41.880+0300][1581.424s][info ][gc] GC(52221) Pause Young (Allocation Failure) 82M->82M(93M) 13.893ms
[2020-08-10T13:10:41.912+0300][1581.456s][info ][gc] GC(52222) Pause Young (Allocation Failure) 83M->83M(93M) 31.527ms
[2020-08-10T13:10:41.944+0300][1581.488s][info ][gc] GC(52223) Pause Young (Allocation Failure) 84M->84M(92M) 30.983ms
[2020-08-10T13:10:41.959+0300][1581.503s][info ][gc] GC(52224) Pause Young (Allocation Failure) 84M->84M(93M) 14.750ms
[2020-08-10T13:10:41.974+0300][1581.517s][info ][gc] GC(52225) Pause Young (Allocation Failure) 85M->85M(93M) 14.123ms
[2020-08-10T13:10:41.988+0300][1581.531s][info ][gc] GC(52226) Pause Young (Allocation Failure) 85M->85M(93M) 13.437ms
[2020-08-10T13:10:42.001+0300][1581.545s][info ][gc] GC(52227) Pause Young (Allocation Failure) 86M->86M(93M) 13.351ms
[2020-08-10T13:10:42.015+0300][1581.559s][info ][gc] GC(52228) Pause Young (Allocation Failure) 86M->86M(93M) 13.360ms
[2020-08-10T13:10:42.029+0300][1581.573s][info ][gc] GC(52229) Pause Young (Allocation Failure) 87M->87M(93M) 13.281ms
[2020-08-10T13:10:42.043+0300][1581.586s][info ][gc] GC(52230) Pause Young (Allocation Failure) 87M->87M(93M) 13.273ms
[2020-08-10T13:10:42.056+0300][1581.600s][info ][gc] GC(52231) Pause Young (Allocation Failure) 87M->87M(93M) 13.291ms
[2020-08-10T13:10:42.070+0300][1581.614s][info ][gc] GC(52232) Pause Young (Allocation Failure) 88M->88M(93M) 13.402ms
[2020-08-10T13:10:42.084+0300][1581.628s][info ][gc] GC(52233) Pause Young (Allocation Failure) 88M->88M(93M) 13.373ms
[2020-08-10T13:10:42.098+0300][1581.642s][info ][gc] GC(52234) Pause Young (Allocation Failure) 89M->89M(93M) 13.363ms
[2020-08-10T13:10:42.112+0300][1581.655s][info ][gc] GC(52235) Pause Young (Allocation Failure) 89M->89M(93M) 13.323ms
[2020-08-10T13:10:42.125+0300][1581.669s][info ][gc] GC(52236) Pause Young (Allocation Failure) 90M->90M(93M) 13.415ms
[2020-08-10T13:10:42.139+0300][1581.683s][info ][gc] GC(52237) Pause Young (Allocation Failure) 90M->90M(93M) 13.291ms
[2020-08-10T13:10:42.359+0300][1581.902s][debug][gc] GC(52238) Expanding ParOldGen from 93184K by 11264K to 104448K
[2020-08-10T13:10:42.359+0300][1581.902s][info ][gc] GC(52238) Pause Full (Ergonomics) 90M->90M(104M) 218.764ms
[2020-08-10T13:10:42.373+0300][1581.915s][info ][gc] GC(52239) Pause Young (Allocation Failure) 91M->90M(104M) 12.916ms
[2020-08-10T13:10:42.386+0300][1581.929s][info ][gc] GC(52240) Pause Young (Allocation Failure) 91M->91M(104M) 13.210ms
[2020-08-10T13:10:42.400+0300][1581.943s][info ][gc] GC(52241) Pause Young (Allocation Failure) 91M->91M(103M) 13.304ms
[2020-08-10T13:10:42.418+0300][1581.960s][info ][gc] GC(52242) Pause Young (Allocation Failure) 92M->92M(103M) 17.081ms
[2020-08-10T13:10:42.431+0300][1581.974s][info ][gc] GC(52243) Pause Young (Allocation Failure) 92M->92M(103M) 13.129ms
[2020-08-10T13:10:42.445+0300][1581.987s][info ][gc] GC(52244) Pause Young (Allocation Failure) 93M->93M(103M) 12.909ms
[2020-08-10T13:10:42.458+0300][1582.001s][info ][gc] GC(52245) Pause Young (Allocation Failure) 93M->93M(103M) 13.149ms
[2020-08-10T13:10:42.472+0300][1582.014s][info ][gc] GC(52246) Pause Young (Allocation Failure) 94M->94M(103M) 13.189ms
[2020-08-10T13:10:42.485+0300][1582.028s][info ][gc] GC(52247) Pause Young (Allocation Failure) 94M->94M(103M) 13.126ms
[2020-08-10T13:10:42.499+0300][1582.041s][info ][gc] GC(52248) Pause Young (Allocation Failure) 95M->95M(103M) 13.156ms
[2020-08-10T13:10:42.512+0300][1582.055s][info ][gc] GC(52249) Pause Young (Allocation Failure) 95M->95M(103M) 13.133ms
[2020-08-10T13:10:42.526+0300][1582.069s][info ][gc] GC(52250) Pause Young (Allocation Failure) 96M->95M(103M) 13.174ms
[2020-08-10T13:10:42.540+0300][1582.082s][info ][gc] GC(52251) Pause Young (Allocation Failure) 96M->96M(103M) 13.181ms
[2020-08-10T13:10:42.553+0300][1582.096s][info ][gc] GC(52252) Pause Young (Allocation Failure) 96M->96M(103M) 13.140ms
[2020-08-10T13:10:42.567+0300][1582.109s][info ][gc] GC(52253) Pause Young (Allocation Failure) 97M->97M(103M) 13.003ms
[2020-08-10T13:10:42.595+0300][1582.138s][info ][gc] GC(52254) Pause Young (Allocation Failure) 97M->97M(103M) 28.294ms
[2020-08-10T13:10:42.609+0300][1582.152s][info ][gc] GC(52255) Pause Young (Allocation Failure) 98M->98M(103M) 13.288ms
[2020-08-10T13:10:42.636+0300][1582.178s][info ][gc] GC(52256) Pause Young (Allocation Failure) 98M->98M(103M) 26.146ms
[2020-08-10T13:10:42.650+0300][1582.192s][info ][gc] GC(52257) Pause Young (Allocation Failure) 99M->99M(103M) 13.619ms
[2020-08-10T13:10:42.664+0300][1582.206s][info ][gc] GC(52258) Pause Young (Allocation Failure) 99M->99M(103M) 13.444ms
[2020-08-10T13:10:42.677+0300][1582.220s][info ][gc] GC(52259) Pause Young (Allocation Failure) 100M->100M(103M) 13.131ms
[2020-08-10T13:10:42.691+0300][1582.233s][info ][gc] GC(52260) Pause Young (Allocation Failure) 100M->100M(103M) 13.086ms
[2020-08-10T13:10:42.704+0300][1582.247s][info ][gc] GC(52261) Pause Young (Allocation Failure) 101M->101M(103M) 13.149ms
[2020-08-10T13:10:42.718+0300][1582.261s][info ][gc] GC(52262) Pause Young (Allocation Failure) 101M->101M(103M) 13.150ms
[2020-08-10T13:10:42.731+0300][1582.274s][info ][gc] GC(52263) Pause Young (Allocation Failure) 102M->101M(103M) 13.048ms
[2020-08-10T13:10:43.044+0300][1582.586s][debug][gc] GC(52264) Expanding ParOldGen from 104448K by 10752K to 115200K
[2020-08-10T13:10:43.044+0300][1582.586s][info ][gc] GC(52264) Pause Full (Ergonomics) 101M->101M(114M) 312.097ms
[2020-08-10T13:10:43.057+0300][1582.600s][info ][gc] GC(52265) Pause Young (Allocation Failure) 102M->102M(114M) 13.018ms
[2020-08-10T13:10:43.071+0300][1582.614s][info ][gc] GC(52266) Pause Young (Allocation Failure) 102M->102M(114M) 13.110ms
[2020-08-10T13:10:43.084+0300][1582.627s][info ][gc] GC(52267) Pause Young (Allocation Failure) 103M->103M(114M) 13.102ms
[2020-08-10T13:10:43.098+0300][1582.641s][info ][gc] GC(52268) Pause Young (Allocation Failure) 103M->103M(114M) 13.145ms
[2020-08-10T13:10:43.112+0300][1582.654s][info ][gc] GC(52269) Pause Young (Allocation Failure) 104M->104M(114M) 12.985ms
[2020-08-10T13:10:43.125+0300][1582.668s][info ][gc] GC(52270) Pause Young (Allocation Failure) 104M->104M(114M) 13.258ms
[2020-08-10T13:10:43.139+0300][1582.682s][info ][gc] GC(52271) Pause Young (Allocation Failure) 105M->105M(114M) 13.213ms
[2020-08-10T13:10:43.153+0300][1582.695s][info ][gc] GC(52272) Pause Young (Allocation Failure) 105M->105M(114M) 13.252ms
[2020-08-10T13:10:43.167+0300][1582.709s][info ][gc] GC(52273) Pause Young (Allocation Failure) 105M->105M(114M) 13.245ms
[2020-08-10T13:10:43.180+0300][1582.723s][info ][gc] GC(52274) Pause Young (Allocation Failure) 106M->106M(114M) 13.152ms
[2020-08-10T13:10:43.194+0300][1582.737s][info ][gc] GC(52275) Pause Young (Allocation Failure) 106M->106M(114M) 13.227ms
[2020-08-10T13:10:43.208+0300][1582.750s][info ][gc] GC(52276) Pause Young (Allocation Failure) 107M->107M(114M) 13.205ms
[2020-08-10T13:10:43.222+0300][1582.764s][info ][gc] GC(52277) Pause Young (Allocation Failure) 107M->107M(114M) 13.278ms
[2020-08-10T13:10:43.235+0300][1582.778s][info ][gc] GC(52278) Pause Young (Allocation Failure) 108M->108M(114M) 13.214ms
[2020-08-10T13:10:43.249+0300][1582.792s][info ][gc] GC(52279) Pause Young (Allocation Failure) 108M->108M(114M) 13.321ms
[2020-08-10T13:10:43.276+0300][1582.819s][info ][gc] GC(52280) Pause Young (Allocation Failure) 109M->109M(114M) 26.679ms
[2020-08-10T13:10:43.292+0300][1582.834s][info ][gc] GC(52281) Pause Young (Allocation Failure) 110M->110M(114M) 14.802ms
[2020-08-10T13:10:43.308+0300][1582.851s][info ][gc] GC(52282) Pause Young (Allocation Failure) 111M->111M(114M) 16.148ms
[2020-08-10T13:10:43.325+0300][1582.868s][info ][gc] GC(52283) Pause Young (Allocation Failure) 112M->112M(115M) 16.119ms
[2020-08-10T13:10:43.342+0300][1582.884s][info ][gc] GC(52284) Pause Young (Allocation Failure) 113M->113M(115M) 16.044ms
[2020-08-10T13:10:43.662+0300][1583.205s][debug][gc] GC(52285) Expanding ParOldGen from 115200K by 11264K to 126464K
[2020-08-10T13:10:43.662+0300][1583.205s][info ][gc] GC(52285) Pause Full (Ergonomics) 113M->113M(126M) 320.111ms
[2020-08-10T13:10:43.694+0300][1583.237s][info ][gc] GC(52286) Pause Young (Allocation Failure) 114M->114M(126M) 31.949ms
[2020-08-10T13:10:43.712+0300][1583.255s][info ][gc] GC(52287) Pause Young (Allocation Failure) 115M->115M(126M) 17.102ms
[2020-08-10T13:10:43.730+0300][1583.273s][info ][gc] GC(52288) Pause Young (Allocation Failure) 116M->116M(126M) 17.279ms
[2020-08-10T13:10:43.748+0300][1583.290s][info ][gc] GC(52289) Pause Young (Allocation Failure) 117M->116M(126M) 17.319ms
[2020-08-10T13:10:43.765+0300][1583.308s][info ][gc] GC(52290) Pause Young (Allocation Failure) 117M->117M(126M) 16.969ms
[2020-08-10T13:10:43.783+0300][1583.325s][info ][gc] GC(52291) Pause Young (Allocation Failure) 118M->118M(126M) 17.178ms
[2020-08-10T13:10:43.800+0300][1583.343s][info ][gc] GC(52292) Pause Young (Allocation Failure) 119M->119M(126M) 16.999ms
[2020-08-10T13:10:43.817+0300][1583.360s][info ][gc] GC(52293) Pause Young (Allocation Failure) 120M->120M(126M) 16.947ms
[2020-08-10T13:10:43.835+0300][1583.378s][info ][gc] GC(52294) Pause Young (Allocation Failure) 121M->121M(126M) 17.338ms
[2020-08-10T13:10:43.853+0300][1583.396s][info ][gc] GC(52295) Pause Young (Allocation Failure) 122M->122M(126M) 17.440ms
[2020-08-10T13:10:43.871+0300][1583.414s][info ][gc] GC(52296) Pause Young (Allocation Failure) 123M->123M(126M) 17.766ms
[2020-08-10T13:10:44.188+0300][1583.731s][debug][gc] GC(52297) Expanding ParOldGen from 126464K by 11776K to 138240K
[2020-08-10T13:10:44.188+0300][1583.731s][info ][gc] GC(52297) Pause Full (Ergonomics) 123M->123M(137M) 316.648ms
[2020-08-10T13:10:44.203+0300][1583.746s][info ][gc] GC(52298) Pause Young (Allocation Failure) 124M->124M(137M) 15.040ms
[2020-08-10T13:10:44.221+0300][1583.764s][info ][gc] GC(52299) Pause Young (Allocation Failure) 125M->125M(137M) 17.602ms
[2020-08-10T13:10:44.239+0300][1583.782s][info ][gc] GC(52300) Pause Young (Allocation Failure) 126M->126M(137M) 17.250ms
[2020-08-10T13:10:44.257+0300][1583.800s][info ][gc] GC(52301) Pause Young (Allocation Failure) 127M->127M(137M) 17.422ms
[2020-08-10T13:10:44.275+0300][1583.818s][info ][gc] GC(52302) Pause Young (Allocation Failure) 128M->128M(137M) 17.485ms
[2020-08-10T13:10:44.293+0300][1583.836s][info ][gc] GC(52303) Pause Young (Allocation Failure) 129M->129M(137M) 17.351ms
[2020-08-10T13:10:44.311+0300][1583.854s][info ][gc] GC(52304) Pause Young (Allocation Failure) 130M->129M(137M) 17.674ms
[2020-08-10T13:10:44.329+0300][1583.872s][info ][gc] GC(52305) Pause Young (Allocation Failure) 130M->130M(137M) 17.983ms
[2020-08-10T13:10:44.347+0300][1583.890s][info ][gc] GC(52306) Pause Young (Allocation Failure) 131M->131M(137M) 17.643ms
[2020-08-10T13:10:44.365+0300][1583.908s][info ][gc] GC(52307) Pause Young (Allocation Failure) 132M->132M(137M) 17.723ms
[2020-08-10T13:10:44.384+0300][1583.927s][info ][gc] GC(52308) Pause Young (Allocation Failure) 133M->133M(137M) 17.976ms
[2020-08-10T13:10:44.402+0300][1583.945s][info ][gc] GC(52309) Pause Young (Allocation Failure) 134M->134M(137M) 17.779ms
[2020-08-10T13:10:44.420+0300][1583.963s][info ][gc] GC(52310) Pause Young (Allocation Failure) 135M->135M(137M) 17.879ms
[2020-08-10T13:10:44.777+0300][1584.320s][debug][gc] GC(52311) Expanding ParOldGen from 138240K by 11776K to 150016K
[2020-08-10T13:10:44.777+0300][1584.320s][info ][gc] GC(52311) Pause Full (Ergonomics) 135M->135M(149M) 356.644ms
[2020-08-10T13:10:44.777+0300][1584.320s][debug][gc] Expanding ParOldGen from 150016K by 19968K to 169984K
[2020-08-10T13:10:44.813+0300][1584.356s][info ][gc] GC(52312) Pause Young (Allocation Failure) 155M->155M(168M) 27.758ms
[2020-08-10T13:10:44.851+0300][1584.394s][info ][gc] GC(52313) Pause Young (Allocation Failure) 156M->156M(168M) 37.575ms
[2020-08-10T13:10:44.867+0300][1584.410s][info ][gc] GC(52314) Pause Young (Allocation Failure) 157M->157M(168M) 15.617ms
[2020-08-10T13:10:44.901+0300][1584.443s][info ][gc] GC(52315) Pause Young (Allocation Failure) 158M->158M(168M) 32.914ms
[2020-08-10T13:10:44.917+0300][1584.460s][info ][gc] GC(52316) Pause Young (Allocation Failure) 159M->159M(168M) 15.663ms
[2020-08-10T13:10:44.933+0300][1584.476s][info ][gc] GC(52317) Pause Young (Allocation Failure) 160M->160M(168M) 15.533ms
[2020-08-10T13:10:44.949+0300][1584.492s][info ][gc] GC(52318) Pause Young (Allocation Failure) 161M->161M(168M) 15.578ms
[2020-08-10T13:10:44.980+0300][1584.523s][info ][gc] GC(52319) Pause Young (Allocation Failure) 162M->162M(168M) 30.863ms
[2020-08-10T13:10:44.996+0300][1584.539s][info ][gc] GC(52320) Pause Young (Allocation Failure) 163M->163M(168M) 15.395ms
[2020-08-10T13:10:45.012+0300][1584.555s][info ][gc] GC(52321) Pause Young (Allocation Failure) 164M->163M(168M) 15.432ms
[2020-08-10T13:10:45.028+0300][1584.571s][info ][gc] GC(52322) Pause Young (Allocation Failure) 164M->164M(168M) 15.460ms
[2020-08-10T13:10:45.044+0300][1584.587s][info ][gc] GC(52323) Pause Young (Allocation Failure) 165M->165M(168M) 15.539ms
[2020-08-10T13:10:45.160+0300][1584.703s][debug][gc] GC(52324) Shrinking ParOldGen from 169984K by 125440K to 44544K
[2020-08-10T13:10:45.161+0300][1584.703s][info ][gc] GC(52324) Pause Full (Ergonomics) 165M->32M(46M) 116.468ms
[2020-08-10T13:10:45.176+0300][1584.719s][info ][gc] GC(52325) Pause Young (Allocation Failure) 33M->33M(46M) 14.601ms
[2020-08-10T13:10:45.192+0300][1584.735s][info ][gc] GC(52326) Pause Young (Allocation Failure) 34M->34M(46M) 15.723ms
[2020-08-10T13:10:45.206+0300][1584.749s][info ][gc] GC(52327) Pause Young (Allocation Failure) 35M->35M(46M) 13.334ms
[2020-08-10T13:10:45.220+0300][1584.763s][info ][gc] GC(52328) Pause Young (Allocation Failure) 36M->35M(46M) 13.430ms
[2020-08-10T13:10:45.234+0300][1584.777s][info ][gc] GC(52329) Pause Young (Allocation Failure) 36M->36M(46M) 13.468ms
[2020-08-10T13:10:45.248+0300][1584.791s][info ][gc] GC(52330) Pause Young (Allocation Failure) 37M->37M(46M) 13.298ms
[2020-08-10T13:10:45.262+0300][1584.805s][info ][gc] GC(52331) Pause Young (Allocation Failure) 38M->38M(46M) 13.533ms
[2020-08-10T13:10:45.276+0300][1584.819s][info ][gc] GC(52332) Pause Young (Allocation Failure) 39M->39M(46M) 13.520ms
[2020-08-10T13:10:45.290+0300][1584.833s][info ][gc] GC(52333) Pause Young (Allocation Failure) 40M->40M(46M) 13.444ms
[2020-08-10T13:10:45.304+0300][1584.847s][info ][gc] GC(52334) Pause Young (Allocation Failure) 41M->41M(46M) 13.614ms
[2020-08-10T13:10:45.318+0300][1584.861s][info ][gc] GC(52335) Pause Young (Allocation Failure) 42M->42M(46M) 13.565ms
[2020-08-10T13:10:45.332+0300][1584.875s][info ][gc] GC(52336) Pause Young (Allocation Failure) 43M->43M(46M) 13.568ms
[2020-08-10T13:10:45.416+0300][1584.959s][debug][gc] GC(52337) Expanding ParOldGen from 44544K by 11776K to 56320K
[2020-08-10T13:10:45.416+0300][1584.959s][info ][gc] GC(52337) Pause Full (Ergonomics) 43M->43M(57M) 83.745ms
[2020-08-10T13:10:45.430+0300][1584.973s][info ][gc] GC(52338) Pause Young (Allocation Failure) 44M->44M(57M) 13.161ms
[2020-08-10T13:10:45.444+0300][1584.987s][info ][gc] GC(52339) Pause Young (Allocation Failure) 45M->45M(57M) 13.436ms
[2020-08-10T13:10:45.458+0300][1585.001s][info ][gc] GC(52340) Pause Young (Allocation Failure) 46M->46M(57M) 13.436ms
[2020-08-10T13:10:45.472+0300][1585.014s][info ][gc] GC(52341) Pause Young (Allocation Failure) 47M->47M(57M) 13.460ms
[2020-08-10T13:10:45.486+0300][1585.029s][info ][gc] GC(52342) Pause Young (Allocation Failure) 48M->48M(57M) 13.693ms
[2020-08-10T13:10:45.500+0300][1585.042s][info ][gc] GC(52343) Pause Young (Allocation Failure) 49M->49M(57M) 13.350ms
[2020-08-10T13:10:45.513+0300][1585.056s][info ][gc] GC(52344) Pause Young (Allocation Failure) 50M->50M(57M) 13.358ms
[2020-08-10T13:10:45.527+0300][1585.070s][info ][gc] GC(52345) Pause Young (Allocation Failure) 51M->51M(57M) 13.359ms
[2020-08-10T13:10:45.541+0300][1585.084s][info ][gc] GC(52346) Pause Young (Allocation Failure) 52M->52M(57M) 13.462ms
[2020-08-10T13:10:45.555+0300][1585.098s][info ][gc] GC(52347) Pause Young (Allocation Failure) 53M->53M(57M) 13.461ms
[2020-08-10T13:10:45.569+0300][1585.112s][info ][gc] GC(52348) Pause Young (Allocation Failure) 54M->53M(57M) 13.366ms
[2020-08-10T13:10:45.583+0300][1585.126s][info ][gc] GC(52349) Pause Young (Allocation Failure) 54M->54M(57M) 13.246ms
[2020-08-10T13:10:45.693+0300][1585.236s][debug][gc] GC(52350) Expanding ParOldGen from 56320K by 11264K to 67584K
[2020-08-10T13:10:45.693+0300][1585.236s][info ][gc] GC(52350) Pause Full (Ergonomics) 54M->54M(68M) 110.121ms
[2020-08-10T13:10:45.707+0300][1585.250s][info ][gc] GC(52351) Pause Young (Allocation Failure) 55M->55M(68M) 13.051ms
[2020-08-10T13:10:45.721+0300][1585.264s][info ][gc] GC(52352) Pause Young (Allocation Failure) 56M->56M(68M) 13.588ms
[2020-08-10T13:10:45.735+0300][1585.278s][info ][gc] GC(52353) Pause Young (Allocation Failure) 57M->57M(68M) 13.579ms
[2020-08-10T13:10:45.770+0300][1585.313s][info ][gc] GC(52354) Pause Young (Allocation Failure) 58M->58M(68M) 34.791ms
[2020-08-10T13:10:45.785+0300][1585.327s][info ][gc] GC(52355) Pause Young (Allocation Failure) 59M->59M(68M) 13.657ms
[2020-08-10T13:10:45.799+0300][1585.342s][info ][gc] GC(52356) Pause Young (Allocation Failure) 60M->60M(68M) 13.564ms
[2020-08-10T13:10:45.813+0300][1585.355s][info ][gc] GC(52357) Pause Young (Allocation Failure) 61M->61M(68M) 13.418ms
[2020-08-10T13:10:45.827+0300][1585.369s][info ][gc] GC(52358) Pause Young (Allocation Failure) 62M->62M(68M) 13.395ms
[2020-08-10T13:10:45.841+0300][1585.383s][info ][gc] GC(52359) Pause Young (Allocation Failure) 63M->63M(68M) 13.521ms
[2020-08-10T13:10:45.855+0300][1585.398s][info ][gc] GC(52360) Pause Young (Allocation Failure) 64M->64M(68M) 13.580ms
[2020-08-10T13:10:45.869+0300][1585.412s][info ][gc] GC(52361) Pause Young (Allocation Failure) 65M->65M(68M) 13.559ms
[2020-08-10T13:10:45.883+0300][1585.426s][info ][gc] GC(52362) Pause Young (Allocation Failure) 66M->66M(68M) 13.646ms
[2020-08-10T13:10:46.033+0300][1585.576s][debug][gc] GC(52363) Expanding ParOldGen from 67584K by 11264K to 78848K
[2020-08-10T13:10:46.033+0300][1585.576s][info ][gc] GC(52363) Pause Full (Ergonomics) 66M->66M(79M) 149.963ms
[2020-08-10T13:10:46.061+0300][1585.604s][info ][gc] GC(52364) Pause Young (Allocation Failure) 67M->67M(79M) 27.275ms
[2020-08-10T13:10:46.075+0300][1585.618s][info ][gc] GC(52365) Pause Young (Allocation Failure) 68M->67M(79M) 13.740ms
[2020-08-10T13:10:46.089+0300][1585.632s][info ][gc] GC(52366) Pause Young (Allocation Failure) 68M->68M(79M) 13.518ms
[2020-08-10T13:10:46.103+0300][1585.646s][info ][gc] GC(52367) Pause Young (Allocation Failure) 69M->69M(79M) 13.642ms
[2020-08-10T13:10:46.117+0300][1585.660s][info ][gc] GC(52368) Pause Young (Allocation Failure) 70M->70M(79M) 13.642ms
[2020-08-10T13:10:46.131+0300][1585.674s][info ][gc] GC(52369) Pause Young (Allocation Failure) 71M->71M(79M) 13.625ms
[2020-08-10T13:10:46.145+0300][1585.688s][info ][gc] GC(52370) Pause Young (Allocation Failure) 72M->72M(79M) 13.696ms
[2020-08-10T13:10:46.159+0300][1585.702s][info ][gc] GC(52371) Pause Young (Allocation Failure) 73M->73M(79M) 13.600ms
[2020-08-10T13:10:46.173+0300][1585.716s][info ][gc] GC(52372) Pause Young (Allocation Failure) 74M->74M(79M) 13.525ms
[2020-08-10T13:10:46.187+0300][1585.730s][info ][gc] GC(52373) Pause Young (Allocation Failure) 75M->75M(79M) 13.611ms
[2020-08-10T13:10:46.201+0300][1585.744s][info ][gc] GC(52374) Pause Young (Allocation Failure) 76M->76M(79M) 13.430ms
[2020-08-10T13:10:46.215+0300][1585.758s][info ][gc] GC(52375) Pause Young (Allocation Failure) 77M->77M(79M) 13.618ms
[2020-08-10T13:10:46.389+0300][1585.932s][debug][gc] GC(52376) Expanding ParOldGen from 78848K by 11776K to 90624K
[2020-08-10T13:10:46.389+0300][1585.932s][info ][gc] GC(52376) Pause Full (Ergonomics) 77M->77M(90M) 173.606ms
[2020-08-10T13:10:46.440+0300][1585.983s][info ][gc] GC(52377) Pause Young (Allocation Failure) 78M->78M(90M) 50.602ms
[2020-08-10T13:10:46.454+0300][1585.997s][info ][gc] GC(52378) Pause Young (Allocation Failure) 79M->79M(90M) 13.611ms
[2020-08-10T13:10:46.468+0300][1586.011s][info ][gc] GC(52379) Pause Young (Allocation Failure) 80M->80M(90M) 13.631ms
[2020-08-10T13:10:46.483+0300][1586.025s][info ][gc] GC(52380) Pause Young (Allocation Failure) 81M->81M(90M) 13.840ms
[2020-08-10T13:10:46.497+0300][1586.040s][info ][gc] GC(52381) Pause Young (Allocation Failure) 82M->82M(90M) 13.927ms
[2020-08-10T13:10:46.512+0300][1586.054s][info ][gc] GC(52382) Pause Young (Allocation Failure) 83M->83M(90M) 13.976ms
[2020-08-10T13:10:46.526+0300][1586.069s][info ][gc] GC(52383) Pause Young (Allocation Failure) 84M->84M(90M) 13.933ms
[2020-08-10T13:10:46.540+0300][1586.083s][info ][gc] GC(52384) Pause Young (Allocation Failure) 85M->84M(90M) 14.053ms
[2020-08-10T13:10:46.555+0300][1586.098s][info ][gc] GC(52385) Pause Young (Allocation Failure) 85M->85M(90M) 14.250ms
[2020-08-10T13:10:46.570+0300][1586.113s][info ][gc] GC(52386) Pause Young (Allocation Failure) 86M->86M(90M) 14.233ms
[2020-08-10T13:10:46.585+0300][1586.127s][info ][gc] GC(52387) Pause Young (Allocation Failure) 87M->87M(90M) 14.189ms
[2020-08-10T13:10:46.599+0300][1586.142s][info ][gc] GC(52388) Pause Young (Allocation Failure) 88M->88M(90M) 14.248ms
[2020-08-10T13:10:46.804+0300][1586.347s][debug][gc] GC(52389) Expanding ParOldGen from 90624K by 11264K to 101888K
[2020-08-10T13:10:46.804+0300][1586.347s][info ][gc] GC(52389) Pause Full (Ergonomics) 88M->88M(101M) 204.649ms
[2020-08-10T13:10:46.839+0300][1586.382s][info ][gc] GC(52390) Pause Young (Allocation Failure) 89M->89M(101M) 34.708ms
[2020-08-10T13:10:46.855+0300][1586.398s][info ][gc] GC(52391) Pause Young (Allocation Failure) 90M->90M(101M) 14.772ms
[2020-08-10T13:10:46.870+0300][1586.413s][info ][gc] GC(52392) Pause Young (Allocation Failure) 91M->91M(101M) 14.628ms
[2020-08-10T13:10:46.885+0300][1586.428s][info ][gc] GC(52393) Pause Young (Allocation Failure) 92M->92M(101M) 14.859ms
[2020-08-10T13:10:46.901+0300][1586.444s][info ][gc] GC(52394) Pause Young (Allocation Failure) 93M->93M(101M) 15.217ms
[2020-08-10T13:10:46.916+0300][1586.459s][info ][gc] GC(52395) Pause Young (Allocation Failure) 94M->94M(101M) 15.030ms
[2020-08-10T13:10:46.932+0300][1586.475s][info ][gc] GC(52396) Pause Young (Allocation Failure) 95M->95M(101M) 15.163ms
[2020-08-10T13:10:46.948+0300][1586.490s][info ][gc] GC(52397) Pause Young (Allocation Failure) 96M->96M(101M) 15.011ms
[2020-08-10T13:10:46.963+0300][1586.506s][info ][gc] GC(52398) Pause Young (Allocation Failure) 97M->97M(101M) 15.223ms
[2020-08-10T13:10:46.979+0300][1586.522s][info ][gc] GC(52399) Pause Young (Allocation Failure) 98M->98M(101M) 15.259ms
[2020-08-10T13:10:46.995+0300][1586.538s][info ][gc] GC(52400) Pause Young (Allocation Failure) 99M->99M(101M) 15.432ms
[2020-08-10T13:10:47.011+0300][1586.554s][info ][gc] GC(52401) Pause Young (Allocation Failure) 100M->100M(101M) 15.507ms
[2020-08-10T13:10:47.252+0300][1586.795s][debug][gc] GC(52402) Expanding ParOldGen from 101888K by 11776K to 113664K
[2020-08-10T13:10:47.252+0300][1586.795s][info ][gc] GC(52402) Pause Full (Ergonomics) 100M->99M(113M) 240.759ms
[2020-08-10T13:10:47.287+0300][1586.830s][info ][gc] GC(52403) Pause Young (Allocation Failure) 100M->100M(113M) 34.757ms
[2020-08-10T13:10:47.304+0300][1586.847s][info ][gc] GC(52404) Pause Young (Allocation Failure) 101M->101M(113M) 15.846ms
[2020-08-10T13:10:47.320+0300][1586.863s][info ][gc] GC(52405) Pause Young (Allocation Failure) 102M->102M(113M) 15.685ms
[2020-08-10T13:10:47.336+0300][1586.879s][info ][gc] GC(52406) Pause Young (Allocation Failure) 103M->103M(113M) 15.772ms
[2020-08-10T13:10:47.353+0300][1586.896s][info ][gc] GC(52407) Pause Young (Allocation Failure) 104M->104M(113M) 15.874ms
[2020-08-10T13:10:47.369+0300][1586.912s][info ][gc] GC(52408) Pause Young (Allocation Failure) 105M->105M(113M) 15.965ms
[2020-08-10T13:10:47.386+0300][1586.928s][info ][gc] GC(52409) Pause Young (Allocation Failure) 106M->106M(113M) 15.957ms
[2020-08-10T13:10:47.402+0300][1586.945s][info ][gc] GC(52410) Pause Young (Allocation Failure) 107M->107M(113M) 16.111ms
[2020-08-10T13:10:47.419+0300][1586.962s][info ][gc] GC(52411) Pause Young (Allocation Failure) 108M->108M(113M) 16.193ms
[2020-08-10T13:10:47.436+0300][1586.979s][info ][gc] GC(52412) Pause Young (Allocation Failure) 109M->109M(113M) 16.228ms
[2020-08-10T13:10:47.453+0300][1586.996s][info ][gc] GC(52413) Pause Young (Allocation Failure) 110M->110M(113M) 16.417ms
[2020-08-10T13:10:47.470+0300][1587.013s][info ][gc] GC(52414) Pause Young (Allocation Failure) 111M->111M(113M) 16.498ms
[2020-08-10T13:10:47.742+0300][1587.285s][debug][gc] GC(52415) Expanding ParOldGen from 113664K by 11264K to 124928K
[2020-08-10T13:10:47.742+0300][1587.285s][info ][gc] GC(52415) Pause Full (Ergonomics) 111M->111M(124M) 272.290ms
[2020-08-10T13:10:47.780+0300][1587.323s][info ][gc] GC(52416) Pause Young (Allocation Failure) 112M->112M(124M) 37.374ms
[2020-08-10T13:10:47.797+0300][1587.340s][info ][gc] GC(52417) Pause Young (Allocation Failure) 113M->113M(124M) 16.294ms
[2020-08-10T13:10:47.814+0300][1587.357s][info ][gc] GC(52418) Pause Young (Allocation Failure) 114M->114M(124M) 16.356ms
[2020-08-10T13:10:47.831+0300][1587.374s][info ][gc] GC(52419) Pause Young (Allocation Failure) 115M->115M(124M) 16.521ms
[2020-08-10T13:10:47.848+0300][1587.391s][info ][gc] GC(52420) Pause Young (Allocation Failure) 116M->115M(124M) 16.807ms
[2020-08-10T13:10:47.865+0300][1587.408s][info ][gc] GC(52421) Pause Young (Allocation Failure) 116M->116M(124M) 16.768ms
[2020-08-10T13:10:47.883+0300][1587.426s][info ][gc] GC(52422) Pause Young (Allocation Failure) 117M->117M(124M) 16.996ms
[2020-08-10T13:10:47.900+0300][1587.443s][info ][gc] GC(52423) Pause Young (Allocation Failure) 118M->118M(124M) 17.038ms
[2020-08-10T13:10:47.918+0300][1587.461s][info ][gc] GC(52424) Pause Young (Allocation Failure) 119M->119M(124M) 17.304ms
[2020-08-10T13:10:47.943+0300][1587.486s][info ][gc] GC(52425) Pause Young (Allocation Failure) 120M->120M(124M) 24.591ms
[2020-08-10T13:10:47.960+0300][1587.503s][info ][gc] GC(52426) Pause Young (Allocation Failure) 121M->121M(124M) 16.845ms
[2020-08-10T13:10:47.978+0300][1587.521s][info ][gc] GC(52427) Pause Young (Allocation Failure) 122M->122M(124M) 17.225ms
[2020-08-10T13:10:48.273+0300][1587.816s][debug][gc] GC(52428) Expanding ParOldGen from 124928K by 11264K to 136192K
[2020-08-10T13:10:48.273+0300][1587.816s][info ][gc] GC(52428) Pause Full (Ergonomics) 122M->122M(135M) 294.548ms
[2020-08-10T13:10:48.306+0300][1587.849s][info ][gc] GC(52429) Pause Young (Allocation Failure) 123M->123M(134M) 32.882ms
[2020-08-10T13:10:48.323+0300][1587.866s][info ][gc] GC(52430) Pause Young (Allocation Failure) 124M->123M(135M) 16.486ms
[2020-08-10T13:10:48.339+0300][1587.882s][info ][gc] GC(52431) Pause Young (Allocation Failure) 124M->124M(135M) 15.004ms
[2020-08-10T13:10:48.374+0300][1587.917s][info ][gc] GC(52432) Pause Young (Allocation Failure) 124M->124M(135M) 35.005ms
[2020-08-10T13:10:48.389+0300][1587.932s][info ][gc] GC(52433) Pause Young (Allocation Failure) 125M->125M(135M) 15.037ms
[2020-08-10T13:10:48.405+0300][1587.948s][info ][gc] GC(52434) Pause Young (Allocation Failure) 125M->125M(135M) 14.921ms
[2020-08-10T13:10:48.420+0300][1587.963s][info ][gc] GC(52435) Pause Young (Allocation Failure) 126M->126M(135M) 14.982ms
[2020-08-10T13:10:48.436+0300][1587.979s][info ][gc] GC(52436) Pause Young (Allocation Failure) 126M->126M(135M) 14.985ms
[2020-08-10T13:10:48.451+0300][1587.994s][info ][gc] GC(52437) Pause Young (Allocation Failure) 127M->127M(135M) 15.263ms
[2020-08-10T13:10:48.467+0300][1588.010s][info ][gc] GC(52438) Pause Young (Allocation Failure) 127M->127M(135M) 14.966ms
[2020-08-10T13:10:48.482+0300][1588.025s][info ][gc] GC(52439) Pause Young (Allocation Failure) 128M->128M(135M) 15.110ms
[2020-08-10T13:10:48.498+0300][1588.041s][info ][gc] GC(52440) Pause Young (Allocation Failure) 128M->128M(135M) 15.134ms
[2020-08-10T13:10:48.513+0300][1588.056s][info ][gc] GC(52441) Pause Young (Allocation Failure) 129M->129M(135M) 15.127ms
[2020-08-10T13:10:48.529+0300][1588.072s][info ][gc] GC(52442) Pause Young (Allocation Failure) 129M->129M(135M) 15.105ms
[2020-08-10T13:10:48.544+0300][1588.087s][info ][gc] GC(52443) Pause Young (Allocation Failure) 129M->129M(135M) 15.335ms
[2020-08-10T13:10:48.560+0300][1588.103s][info ][gc] GC(52444) Pause Young (Allocation Failure) 130M->130M(135M) 15.264ms
[2020-08-10T13:10:48.578+0300][1588.121s][info ][gc] GC(52445) Pause Young (Allocation Failure) 130M->130M(135M) 17.563ms
[2020-08-10T13:10:48.594+0300][1588.137s][info ][gc] GC(52446) Pause Young (Allocation Failure) 131M->131M(134M) 15.299ms
[2020-08-10T13:10:48.609+0300][1588.152s][info ][gc] GC(52447) Pause Young (Allocation Failure) 131M->131M(134M) 15.504ms
[2020-08-10T13:10:48.625+0300][1588.168s][info ][gc] GC(52448) Pause Young (Allocation Failure) 132M->132M(134M) 15.430ms
[2020-08-10T13:10:48.641+0300][1588.184s][info ][gc] GC(52449) Pause Young (Allocation Failure) 132M->132M(134M) 15.595ms
[2020-08-10T13:10:48.980+0300][1588.523s][debug][gc] GC(52450) Expanding ParOldGen from 136192K by 10752K to 146944K
[2020-08-10T13:10:48.981+0300][1588.524s][info ][gc] GC(52450) Pause Full (Ergonomics) 132M->132M(145M) 339.125ms
[2020-08-10T13:10:48.995+0300][1588.538s][info ][gc] GC(52451) Pause Young (Allocation Failure) 132M->132M(145M) 13.930ms
[2020-08-10T13:10:49.011+0300][1588.554s][info ][gc] GC(52452) Pause Young (Allocation Failure) 133M->133M(145M) 15.681ms
[2020-08-10T13:10:49.026+0300][1588.569s][info ][gc] GC(52453) Pause Young (Allocation Failure) 133M->133M(145M) 15.081ms
[2020-08-10T13:10:49.042+0300][1588.585s][info ][gc] GC(52454) Pause Young (Allocation Failure) 134M->134M(145M) 15.106ms
[2020-08-10T13:10:49.058+0300][1588.601s][info ][gc] GC(52455) Pause Young (Allocation Failure) 134M->134M(145M) 15.398ms
[2020-08-10T13:10:49.096+0300][1588.639s][info ][gc] GC(52456) Pause Young (Allocation Failure) 135M->135M(145M) 37.988ms
[2020-08-10T13:10:49.112+0300][1588.655s][info ][gc] GC(52457) Pause Young (Allocation Failure) 135M->135M(145M) 15.476ms
[2020-08-10T13:10:49.112+0300][1588.655s][debug][gc] Expanding ParOldGen from 146944K by 19968K to 166912K
[2020-08-10T13:10:49.147+0300][1588.690s][info ][gc] GC(52458) Pause Young (Allocation Failure) 155M->154M(164M) 26.714ms
[2020-08-10T13:10:49.173+0300][1588.716s][info ][gc] GC(52459) Pause Young (Allocation Failure) 155M->155M(164M) 25.380ms
[2020-08-10T13:10:49.199+0300][1588.742s][info ][gc] GC(52460) Pause Young (Allocation Failure) 155M->155M(164M) 26.004ms
[2020-08-10T13:10:49.225+0300][1588.768s][info ][gc] GC(52461) Pause Young (Allocation Failure) 156M->156M(164M) 25.315ms
[2020-08-10T13:10:49.251+0300][1588.794s][info ][gc] GC(52462) Pause Young (Allocation Failure) 156M->156M(164M) 25.296ms
[2020-08-10T13:10:49.276+0300][1588.819s][info ][gc] GC(52463) Pause Young (Allocation Failure) 157M->157M(164M) 25.260ms
[2020-08-10T13:10:49.302+0300][1588.845s][info ][gc] GC(52464) Pause Young (Allocation Failure) 157M->157M(164M) 25.288ms
[2020-08-10T13:10:49.328+0300][1588.871s][info ][gc] GC(52465) Pause Young (Allocation Failure) 158M->158M(164M) 25.375ms
[2020-08-10T13:10:49.354+0300][1588.897s][info ][gc] GC(52466) Pause Young (Allocation Failure) 158M->158M(164M) 25.346ms
[2020-08-10T13:10:49.379+0300][1588.922s][info ][gc] GC(52467) Pause Young (Allocation Failure) 159M->159M(164M) 25.110ms
[2020-08-10T13:10:49.405+0300][1588.948s][info ][gc] GC(52468) Pause Young (Allocation Failure) 159M->159M(164M) 25.324ms
[2020-08-10T13:10:49.456+0300][1588.999s][info ][gc] GC(52469) Pause Young (Allocation Failure) 160M->160M(164M) 50.617ms
[2020-08-10T13:10:49.492+0300][1589.035s][info ][gc] GC(52470) Pause Young (Allocation Failure) 160M->160M(164M) 35.973ms
[2020-08-10T13:10:49.523+0300][1589.066s][info ][gc] GC(52471) Pause Young (Allocation Failure) 160M->160M(164M) 30.151ms
[2020-08-10T13:10:49.548+0300][1589.092s][info ][gc] GC(52472) Pause Young (Allocation Failure) 161M->161M(164M) 25.286ms
[2020-08-10T13:10:49.574+0300][1589.117s][info ][gc] GC(52473) Pause Young (Allocation Failure) 161M->161M(164M) 25.234ms
[2020-08-10T13:10:49.611+0300][1589.154s][info ][gc] GC(52474) Pause Young (Allocation Failure) 162M->162M(164M) 36.793ms
[2020-08-10T13:10:49.637+0300][1589.180s][info ][gc] GC(52475) Pause Young (Allocation Failure) 162M->162M(164M) 25.315ms
[2020-08-10T13:10:49.663+0300][1589.206s][info ][gc] GC(52476) Pause Young (Allocation Failure) 163M->163M(164M) 25.237ms
[2020-08-10T13:10:49.750+0300][1589.293s][debug][gc] GC(52477) Shrinking ParOldGen from 166912K by 125952K to 40960K
[2020-08-10T13:10:49.750+0300][1589.293s][info ][gc] GC(52477) Pause Full (Ergonomics) 163M->29M(41M) 87.558ms
[2020-08-10T13:10:49.779+0300][1589.322s][info ][gc] GC(52478) Pause Young (Allocation Failure) 29M->29M(41M) 27.937ms
[2020-08-10T13:10:49.799+0300][1589.342s][info ][gc] GC(52479) Pause Young (Allocation Failure) 30M->30M(41M) 19.593ms
[2020-08-10T13:10:49.812+0300][1589.355s][info ][gc] GC(52480) Pause Young (Allocation Failure) 30M->30M(41M) 13.431ms
[2020-08-10T13:10:49.826+0300][1589.369s][info ][gc] GC(52481) Pause Young (Allocation Failure) 31M->31M(41M) 12.918ms
[2020-08-10T13:10:49.839+0300][1589.382s][info ][gc] GC(52482) Pause Young (Allocation Failure) 31M->31M(41M) 12.815ms
[2020-08-10T13:10:49.852+0300][1589.395s][info ][gc] GC(52483) Pause Young (Allocation Failure) 32M->32M(41M) 12.824ms
[2020-08-10T13:10:49.866+0300][1589.409s][info ][gc] GC(52484) Pause Young (Allocation Failure) 32M->32M(41M) 12.887ms
[2020-08-10T13:10:49.879+0300][1589.422s][info ][gc] GC(52485) Pause Young (Allocation Failure) 33M->33M(41M) 12.962ms
[2020-08-10T13:10:49.892+0300][1589.435s][info ][gc] GC(52486) Pause Young (Allocation Failure) 33M->33M(41M) 12.873ms
[2020-08-10T13:10:49.906+0300][1589.449s][info ][gc] GC(52487) Pause Young (Allocation Failure) 34M->34M(41M) 12.855ms
[2020-08-10T13:10:49.919+0300][1589.462s][info ][gc] GC(52488) Pause Young (Allocation Failure) 34M->34M(41M) 12.975ms
[2020-08-10T13:10:49.932+0300][1589.476s][info ][gc] GC(52489) Pause Young (Allocation Failure) 34M->34M(41M) 12.992ms
[2020-08-10T13:10:49.946+0300][1589.489s][info ][gc] GC(52490) Pause Young (Allocation Failure) 35M->35M(41M) 12.923ms
[2020-08-10T13:10:49.959+0300][1589.502s][info ][gc] GC(52491) Pause Young (Allocation Failure) 35M->35M(41M) 12.964ms
[2020-08-10T13:10:49.973+0300][1589.516s][info ][gc] GC(52492) Pause Young (Allocation Failure) 36M->36M(41M) 12.918ms
[2020-08-10T13:10:49.986+0300][1589.529s][info ][gc] GC(52493) Pause Young (Allocation Failure) 36M->36M(41M) 12.956ms
[2020-08-10T13:10:50.000+0300][1589.543s][info ][gc] GC(52494) Pause Young (Allocation Failure) 37M->37M(41M) 12.912ms
[2020-08-10T13:10:50.013+0300][1589.556s][info ][gc] GC(52495) Pause Young (Allocation Failure) 37M->37M(41M) 12.923ms
[2020-08-10T13:10:50.026+0300][1589.569s][info ][gc] GC(52496) Pause Young (Allocation Failure) 38M->38M(41M) 12.928ms
[2020-08-10T13:10:50.039+0300][1589.582s][info ][gc] GC(52497) Pause Young (Allocation Failure) 38M->38M(41M) 12.819ms
[2020-08-10T13:10:50.053+0300][1589.596s][info ][gc] GC(52498) Pause Young (Allocation Failure) 39M->39M(41M) 13.004ms
[2020-08-10T13:10:50.066+0300][1589.609s][info ][gc] GC(52499) Pause Young (Allocation Failure) 40M->40M(42M) 12.956ms
[2020-08-10T13:10:50.140+0300][1589.683s][debug][gc] GC(52500) Expanding ParOldGen from 40960K by 10752K to 51712K
[2020-08-10T13:10:50.140+0300][1589.683s][info ][gc] GC(52500) Pause Full (Ergonomics) 40M->40M(52M) 73.673ms
[2020-08-10T13:10:50.175+0300][1589.718s][info ][gc] GC(52501) Pause Young (Allocation Failure) 41M->41M(52M) 34.526ms
[2020-08-10T13:10:50.189+0300][1589.732s][info ][gc] GC(52502) Pause Young (Allocation Failure) 42M->42M(53M) 13.217ms
[2020-08-10T13:10:50.203+0300][1589.746s][info ][gc] GC(52503) Pause Young (Allocation Failure) 43M->43M(53M) 13.465ms
[2020-08-10T13:10:50.217+0300][1589.760s][info ][gc] GC(52504) Pause Young (Allocation Failure) 44M->44M(53M) 13.360ms
[2020-08-10T13:10:50.231+0300][1589.774s][info ][gc] GC(52505) Pause Young (Allocation Failure) 45M->44M(53M) 13.476ms
[2020-08-10T13:10:50.245+0300][1589.788s][info ][gc] GC(52506) Pause Young (Allocation Failure) 45M->45M(53M) 13.508ms
[2020-08-10T13:10:50.259+0300][1589.802s][info ][gc] GC(52507) Pause Young (Allocation Failure) 46M->46M(53M) 13.592ms
[2020-08-10T13:10:50.273+0300][1589.816s][info ][gc] GC(52508) Pause Young (Allocation Failure) 47M->47M(53M) 13.456ms
[2020-08-10T13:10:50.287+0300][1589.830s][info ][gc] GC(52509) Pause Young (Allocation Failure) 48M->48M(53M) 13.423ms
[2020-08-10T13:10:50.301+0300][1589.844s][info ][gc] GC(52510) Pause Young (Allocation Failure) 49M->49M(53M) 13.484ms
[2020-08-10T13:10:50.315+0300][1589.858s][info ][gc] GC(52511) Pause Young (Allocation Failure) 50M->50M(53M) 13.512ms
[2020-08-10T13:10:50.418+0300][1589.961s][debug][gc] GC(52512) Expanding ParOldGen from 51712K by 11776K to 63488K
[2020-08-10T13:10:50.418+0300][1589.961s][info ][gc] GC(52512) Pause Full (Ergonomics) 50M->50M(64M) 103.166ms
[2020-08-10T13:10:50.432+0300][1589.975s][info ][gc] GC(52513) Pause Young (Allocation Failure) 51M->51M(64M) 12.938ms
[2020-08-10T13:10:50.445+0300][1589.989s][info ][gc] GC(52514) Pause Young (Allocation Failure) 52M->52M(64M) 13.439ms
[2020-08-10T13:10:50.459+0300][1590.003s][info ][gc] GC(52515) Pause Young (Allocation Failure) 53M->53M(64M) 13.488ms
[2020-08-10T13:10:50.474+0300][1590.017s][info ][gc] GC(52516) Pause Young (Allocation Failure) 54M->54M(64M) 13.530ms
[2020-08-10T13:10:50.488+0300][1590.031s][info ][gc] GC(52517) Pause Young (Allocation Failure) 55M->55M(64M) 13.402ms
[2020-08-10T13:10:50.502+0300][1590.045s][info ][gc] GC(52518) Pause Young (Allocation Failure) 56M->56M(64M) 13.532ms
[2020-08-10T13:10:50.516+0300][1590.059s][info ][gc] GC(52519) Pause Young (Allocation Failure) 57M->57M(64M) 13.482ms
[2020-08-10T13:10:50.530+0300][1590.073s][info ][gc] GC(52520) Pause Young (Allocation Failure) 58M->57M(64M) 13.497ms
[2020-08-10T13:10:50.543+0300][1590.086s][info ][gc] GC(52521) Pause Young (Allocation Failure) 58M->58M(64M) 13.395ms
[2020-08-10T13:10:50.557+0300][1590.100s][info ][gc] GC(52522) Pause Young (Allocation Failure) 59M->59M(64M) 13.501ms
[2020-08-10T13:10:50.571+0300][1590.114s][info ][gc] GC(52523) Pause Young (Allocation Failure) 60M->60M(64M) 13.490ms
[2020-08-10T13:10:50.596+0300][1590.139s][info ][gc] GC(52524) Pause Young (Allocation Failure) 61M->61M(64M) 24.070ms
[2020-08-10T13:10:50.726+0300][1590.269s][debug][gc] GC(52525) Expanding ParOldGen from 63488K by 11264K to 74752K
[2020-08-10T13:10:50.726+0300][1590.270s][info ][gc] GC(52525) Pause Full (Ergonomics) 61M->61M(75M) 130.094ms
[2020-08-10T13:10:50.740+0300][1590.283s][info ][gc] GC(52526) Pause Young (Allocation Failure) 62M->62M(75M) 12.952ms
[2020-08-10T13:10:50.754+0300][1590.297s][info ][gc] GC(52527) Pause Young (Allocation Failure) 63M->63M(75M) 13.569ms
[2020-08-10T13:10:50.768+0300][1590.311s][info ][gc] GC(52528) Pause Young (Allocation Failure) 64M->64M(75M) 13.491ms
[2020-08-10T13:10:50.782+0300][1590.325s][info ][gc] GC(52529) Pause Young (Allocation Failure) 65M->65M(75M) 13.559ms
[2020-08-10T13:10:50.801+0300][1590.344s][info ][gc] GC(52530) Pause Young (Allocation Failure) 66M->66M(75M) 17.978ms
[2020-08-10T13:10:50.815+0300][1590.358s][info ][gc] GC(52531) Pause Young (Allocation Failure) 67M->67M(75M) 13.431ms
[2020-08-10T13:10:50.829+0300][1590.372s][info ][gc] GC(52532) Pause Young (Allocation Failure) 68M->68M(75M) 13.513ms
[2020-08-10T13:10:50.843+0300][1590.386s][info ][gc] GC(52533) Pause Young (Allocation Failure) 69M->69M(75M) 13.556ms
[2020-08-10T13:10:50.857+0300][1590.400s][info ][gc] GC(52534) Pause Young (Allocation Failure) 70M->70M(75M) 13.567ms
[2020-08-10T13:10:50.870+0300][1590.414s][info ][gc] GC(52535) Pause Young (Allocation Failure) 71M->71M(75M) 13.388ms
[2020-08-10T13:10:50.884+0300][1590.427s][info ][gc] GC(52536) Pause Young (Allocation Failure) 72M->72M(75M) 13.456ms
[2020-08-10T13:10:50.898+0300][1590.441s][info ][gc] GC(52537) Pause Young (Allocation Failure) 73M->73M(75M) 13.478ms
[2020-08-10T13:10:51.062+0300][1590.605s][debug][gc] GC(52538) Expanding ParOldGen from 74752K by 11776K to 86528K
[2020-08-10T13:10:51.062+0300][1590.605s][info ][gc] GC(52538) Pause Full (Ergonomics) 73M->72M(87M) 164.067ms
[2020-08-10T13:10:51.076+0300][1590.619s][info ][gc] GC(52539) Pause Young (Allocation Failure) 73M->73M(87M) 12.917ms
[2020-08-10T13:10:51.090+0300][1590.633s][info ][gc] GC(52540) Pause Young (Allocation Failure) 74M->74M(87M) 13.701ms
[2020-08-10T13:10:51.104+0300][1590.647s][info ][gc] GC(52541) Pause Young (Allocation Failure) 75M->75M(87M) 13.610ms
[2020-08-10T13:10:51.118+0300][1590.661s][info ][gc] GC(52542) Pause Young (Allocation Failure) 76M->76M(87M) 13.589ms
[2020-08-10T13:10:51.132+0300][1590.675s][info ][gc] GC(52543) Pause Young (Allocation Failure) 77M->77M(87M) 13.588ms
[2020-08-10T13:10:51.146+0300][1590.690s][info ][gc] GC(52544) Pause Young (Allocation Failure) 78M->78M(87M) 13.650ms
[2020-08-10T13:10:51.160+0300][1590.703s][info ][gc] GC(52545) Pause Young (Allocation Failure) 79M->79M(87M) 13.268ms
[2020-08-10T13:10:51.175+0300][1590.718s][info ][gc] GC(52546) Pause Young (Allocation Failure) 80M->80M(87M) 13.692ms
[2020-08-10T13:10:51.189+0300][1590.732s][info ][gc] GC(52547) Pause Young (Allocation Failure) 81M->81M(87M) 13.559ms
[2020-08-10T13:10:51.203+0300][1590.746s][info ][gc] GC(52548) Pause Young (Allocation Failure) 82M->82M(87M) 13.756ms
[2020-08-10T13:10:51.217+0300][1590.761s][info ][gc] GC(52549) Pause Young (Allocation Failure) 83M->83M(87M) 13.744ms
[2020-08-10T13:10:51.232+0300][1590.775s][info ][gc] GC(52550) Pause Young (Allocation Failure) 84M->84M(87M) 13.675ms
[2020-08-10T13:10:51.413+0300][1590.956s][debug][gc] GC(52551) Expanding ParOldGen from 86528K by 11264K to 97792K
[2020-08-10T13:10:51.413+0300][1590.956s][info ][gc] GC(52551) Pause Full (Ergonomics) 84M->84M(98M) 181.381ms
[2020-08-10T13:10:51.427+0300][1590.970s][info ][gc] GC(52552) Pause Young (Allocation Failure) 85M->85M(98M) 12.962ms
[2020-08-10T13:10:51.441+0300][1590.984s][info ][gc] GC(52553) Pause Young (Allocation Failure) 86M->86M(98M) 13.638ms
[2020-08-10T13:10:51.455+0300][1590.998s][info ][gc] GC(52554) Pause Young (Allocation Failure) 87M->87M(98M) 14.189ms
[2020-08-10T13:10:51.470+0300][1591.013s][info ][gc] GC(52555) Pause Young (Allocation Failure) 88M->88M(98M) 14.040ms
[2020-08-10T13:10:51.485+0300][1591.028s][info ][gc] GC(52556) Pause Young (Allocation Failure) 89M->88M(98M) 14.369ms
[2020-08-10T13:10:51.500+0300][1591.043s][info ][gc] GC(52557) Pause Young (Allocation Failure) 89M->89M(98M) 14.129ms
[2020-08-10T13:10:51.514+0300][1591.058s][info ][gc] GC(52558) Pause Young (Allocation Failure) 90M->90M(98M) 14.420ms
[2020-08-10T13:10:51.529+0300][1591.073s][info ][gc] GC(52559) Pause Young (Allocation Failure) 91M->91M(98M) 14.479ms
[2020-08-10T13:10:51.545+0300][1591.088s][info ][gc] GC(52560) Pause Young (Allocation Failure) 92M->92M(98M) 14.593ms
[2020-08-10T13:10:51.560+0300][1591.103s][info ][gc] GC(52561) Pause Young (Allocation Failure) 93M->93M(98M) 14.459ms
[2020-08-10T13:10:51.575+0300][1591.118s][info ][gc] GC(52562) Pause Young (Allocation Failure) 94M->94M(98M) 14.864ms
[2020-08-10T13:10:51.603+0300][1591.146s][info ][gc] GC(52563) Pause Young (Allocation Failure) 95M->95M(98M) 27.180ms
[2020-08-10T13:10:51.827+0300][1591.370s][debug][gc] GC(52564) Expanding ParOldGen from 97792K by 11264K to 109056K
[2020-08-10T13:10:51.827+0300][1591.370s][info ][gc] GC(52564) Pause Full (Ergonomics) 95M->95M(109M) 224.105ms
[2020-08-10T13:10:51.864+0300][1591.407s][info ][gc] GC(52565) Pause Young (Allocation Failure) 96M->96M(109M) 36.569ms
[2020-08-10T13:10:51.879+0300][1591.422s][info ][gc] GC(52566) Pause Young (Allocation Failure) 97M->97M(109M) 14.888ms
[2020-08-10T13:10:51.895+0300][1591.438s][info ][gc] GC(52567) Pause Young (Allocation Failure) 98M->98M(109M) 15.071ms
[2020-08-10T13:10:51.911+0300][1591.454s][info ][gc] GC(52568) Pause Young (Allocation Failure) 99M->99M(108M) 15.831ms
[2020-08-10T13:10:51.927+0300][1591.470s][info ][gc] GC(52569) Pause Young (Allocation Failure) 100M->100M(108M) 15.785ms
[2020-08-10T13:10:51.943+0300][1591.487s][info ][gc] GC(52570) Pause Young (Allocation Failure) 101M->101M(108M) 15.491ms
[2020-08-10T13:10:51.960+0300][1591.503s][info ][gc] GC(52571) Pause Young (Allocation Failure) 102M->102M(108M) 15.685ms
[2020-08-10T13:10:51.976+0300][1591.519s][info ][gc] GC(52572) Pause Young (Allocation Failure) 103M->103M(108M) 15.844ms
[2020-08-10T13:10:51.992+0300][1591.536s][info ][gc] GC(52573) Pause Young (Allocation Failure) 104M->104M(108M) 15.883ms
[2020-08-10T13:10:52.009+0300][1591.552s][info ][gc] GC(52574) Pause Young (Allocation Failure) 105M->105M(108M) 16.248ms
[2020-08-10T13:10:52.026+0300][1591.569s][info ][gc] GC(52575) Pause Young (Allocation Failure) 106M->106M(108M) 15.797ms
[2020-08-10T13:10:52.042+0300][1591.585s][info ][gc] GC(52576) Pause Young (Allocation Failure) 107M->106M(108M) 16.004ms
[2020-08-10T13:10:52.292+0300][1591.836s][debug][gc] GC(52577) Expanding ParOldGen from 109056K by 11264K to 120320K
[2020-08-10T13:10:52.293+0300][1591.836s][info ][gc] GC(52577) Pause Full (Ergonomics) 106M->106M(119M) 250.348ms
[2020-08-10T13:10:52.329+0300][1591.872s][info ][gc] GC(52578) Pause Young (Allocation Failure) 107M->107M(119M) 36.266ms
[2020-08-10T13:10:52.346+0300][1591.889s][info ][gc] GC(52579) Pause Young (Allocation Failure) 108M->108M(119M) 16.032ms
[2020-08-10T13:10:52.363+0300][1591.906s][info ][gc] GC(52580) Pause Young (Allocation Failure) 109M->109M(119M) 16.298ms
[2020-08-10T13:10:52.380+0300][1591.923s][info ][gc] GC(52581) Pause Young (Allocation Failure) 110M->110M(119M) 16.423ms
[2020-08-10T13:10:52.397+0300][1591.940s][info ][gc] GC(52582) Pause Young (Allocation Failure) 111M->111M(120M) 16.674ms
[2020-08-10T13:10:52.414+0300][1591.957s][info ][gc] GC(52583) Pause Young (Allocation Failure) 112M->112M(120M) 16.733ms
[2020-08-10T13:10:52.431+0300][1591.974s][info ][gc] GC(52584) Pause Young (Allocation Failure) 113M->113M(120M) 16.534ms
[2020-08-10T13:10:52.449+0300][1591.992s][info ][gc] GC(52585) Pause Young (Allocation Failure) 114M->114M(120M) 16.876ms
[2020-08-10T13:10:52.466+0300][1592.009s][info ][gc] GC(52586) Pause Young (Allocation Failure) 115M->115M(120M) 16.888ms
[2020-08-10T13:10:52.484+0300][1592.027s][info ][gc] GC(52587) Pause Young (Allocation Failure) 116M->116M(120M) 16.930ms
[2020-08-10T13:10:52.501+0300][1592.044s][info ][gc] GC(52588) Pause Young (Allocation Failure) 117M->117M(120M) 17.021ms
[2020-08-10T13:10:52.519+0300][1592.062s][info ][gc] GC(52589) Pause Young (Allocation Failure) 118M->118M(120M) 16.768ms
[2020-08-10T13:10:52.812+0300][1592.355s][debug][gc] GC(52590) Expanding ParOldGen from 120320K by 11264K to 131584K
[2020-08-10T13:10:52.812+0300][1592.355s][info ][gc] GC(52590) Pause Full (Ergonomics) 118M->118M(131M) 293.276ms
[2020-08-10T13:10:52.845+0300][1592.388s][info ][gc] GC(52591) Pause Young (Allocation Failure) 119M->119M(131M) 32.162ms
[2020-08-10T13:10:52.863+0300][1592.406s][info ][gc] GC(52592) Pause Young (Allocation Failure) 120M->120M(131M) 17.478ms
[2020-08-10T13:10:52.880+0300][1592.424s][info ][gc] GC(52593) Pause Young (Allocation Failure) 121M->120M(131M) 17.399ms
[2020-08-10T13:10:52.898+0300][1592.442s][info ][gc] GC(52594) Pause Young (Allocation Failure) 121M->121M(131M) 17.542ms
[2020-08-10T13:10:52.916+0300][1592.459s][info ][gc] GC(52595) Pause Young (Allocation Failure) 122M->122M(131M) 17.332ms
[2020-08-10T13:10:52.934+0300][1592.477s][info ][gc] GC(52596) Pause Young (Allocation Failure) 123M->123M(131M) 17.769ms
[2020-08-10T13:10:52.952+0300][1592.496s][info ][gc] GC(52597) Pause Young (Allocation Failure) 124M->124M(131M) 17.671ms
[2020-08-10T13:10:52.970+0300][1592.514s][info ][gc] GC(52598) Pause Young (Allocation Failure) 125M->125M(131M) 17.702ms
[2020-08-10T13:10:52.989+0300][1592.532s][info ][gc] GC(52599) Pause Young (Allocation Failure) 126M->126M(131M) 17.918ms
[2020-08-10T13:10:53.007+0300][1592.550s][info ][gc] GC(52600) Pause Young (Allocation Failure) 127M->127M(131M) 17.728ms
[2020-08-10T13:10:53.025+0300][1592.569s][info ][gc] GC(52601) Pause Young (Allocation Failure) 128M->128M(131M) 17.992ms
[2020-08-10T13:10:53.358+0300][1592.901s][debug][gc] GC(52602) Expanding ParOldGen from 131584K by 11264K to 142848K
[2020-08-10T13:10:53.358+0300][1592.901s][info ][gc] GC(52602) Pause Full (Ergonomics) 128M->128M(142M) 332.380ms
[2020-08-10T13:10:53.373+0300][1592.917s][info ][gc] GC(52603) Pause Young (Allocation Failure) 129M->129M(142M) 14.948ms
[2020-08-10T13:10:53.392+0300][1592.935s][info ][gc] GC(52604) Pause Young (Allocation Failure) 130M->130M(142M) 18.071ms
[2020-08-10T13:10:53.410+0300][1592.954s][info ][gc] GC(52605) Pause Young (Allocation Failure) 131M->131M(142M) 18.045ms
[2020-08-10T13:10:53.429+0300][1592.972s][info ][gc] GC(52606) Pause Young (Allocation Failure) 132M->132M(142M) 18.059ms
[2020-08-10T13:10:53.447+0300][1592.991s][info ][gc] GC(52607) Pause Young (Allocation Failure) 133M->133M(142M) 18.170ms
[2020-08-10T13:10:53.466+0300][1593.009s][info ][gc] GC(52608) Pause Young (Allocation Failure) 134M->134M(142M) 18.287ms
[2020-08-10T13:10:53.484+0300][1593.027s][info ][gc] GC(52609) Pause Young (Allocation Failure) 135M->135M(142M) 17.788ms
[2020-08-10T13:10:53.484+0300][1593.028s][debug][gc] Expanding ParOldGen from 142848K by 19968K to 162816K
[2020-08-10T13:10:53.509+0300][1593.052s][info ][gc] GC(52610) Pause Young (Allocation Failure) 155M->155M(161M) 16.805ms
[2020-08-10T13:10:53.524+0300][1593.067s][info ][gc] GC(52611) Pause Young (Allocation Failure) 156M->156M(161M) 14.432ms
[2020-08-10T13:10:53.538+0300][1593.081s][info ][gc] GC(52612) Pause Young (Allocation Failure) 157M->157M(161M) 13.643ms
[2020-08-10T13:10:53.552+0300][1593.095s][info ][gc] GC(52613) Pause Young (Allocation Failure) 158M->158M(161M) 13.460ms
[2020-08-10T13:10:53.566+0300][1593.109s][info ][gc] GC(52614) Pause Young (Allocation Failure) 159M->158M(161M) 13.475ms
[2020-08-10T13:10:53.606+0300][1593.149s][debug][gc] GC(52615) Shrinking ParOldGen from 162816K by 125440K to 37376K
[2020-08-10T13:10:53.606+0300][1593.149s][info ][gc] GC(52615) Pause Full (Ergonomics) 158M->25M(39M) 40.357ms
[2020-08-10T13:10:53.619+0300][1593.163s][info ][gc] GC(52616) Pause Young (Allocation Failure) 26M->26M(39M) 12.791ms
[2020-08-10T13:10:53.633+0300][1593.176s][info ][gc] GC(52617) Pause Young (Allocation Failure) 27M->27M(39M) 13.057ms
[2020-08-10T13:10:53.647+0300][1593.190s][info ][gc] GC(52618) Pause Young (Allocation Failure) 28M->28M(39M) 13.235ms
[2020-08-10T13:10:53.660+0300][1593.203s][info ][gc] GC(52619) Pause Young (Allocation Failure) 29M->29M(39M) 13.230ms
[2020-08-10T13:10:53.674+0300][1593.217s][info ][gc] GC(52620) Pause Young (Allocation Failure) 30M->30M(39M) 13.141ms
[2020-08-10T13:10:53.687+0300][1593.230s][info ][gc] GC(52621) Pause Young (Allocation Failure) 31M->31M(39M) 13.109ms
[2020-08-10T13:10:53.701+0300][1593.244s][info ][gc] GC(52622) Pause Young (Allocation Failure) 32M->31M(39M) 13.449ms
[2020-08-10T13:10:53.715+0300][1593.258s][info ][gc] GC(52623) Pause Young (Allocation Failure) 32M->32M(39M) 13.510ms
[2020-08-10T13:10:53.729+0300][1593.272s][info ][gc] GC(52624) Pause Young (Allocation Failure) 33M->33M(39M) 13.396ms
[2020-08-10T13:10:53.743+0300][1593.286s][info ][gc] GC(52625) Pause Young (Allocation Failure) 34M->34M(39M) 13.358ms
[2020-08-10T13:10:53.757+0300][1593.300s][info ][gc] GC(52626) Pause Young (Allocation Failure) 35M->35M(39M) 13.530ms
[2020-08-10T13:10:53.771+0300][1593.314s][info ][gc] GC(52627) Pause Young (Allocation Failure) 36M->36M(39M) 13.487ms
[2020-08-10T13:10:53.834+0300][1593.377s][debug][gc] GC(52628) Expanding ParOldGen from 37376K by 11264K to 48640K
[2020-08-10T13:10:53.834+0300][1593.377s][info ][gc] GC(52628) Pause Full (Ergonomics) 36M->36M(50M) 62.991ms
[2020-08-10T13:10:53.852+0300][1593.395s][info ][gc] GC(52629) Pause Young (Allocation Failure) 37M->37M(50M) 16.882ms
[2020-08-10T13:10:53.866+0300][1593.409s][info ][gc] GC(52630) Pause Young (Allocation Failure) 38M->38M(50M) 13.615ms
[2020-08-10T13:10:53.880+0300][1593.423s][info ][gc] GC(52631) Pause Young (Allocation Failure) 39M->39M(49M) 13.856ms
[2020-08-10T13:10:53.894+0300][1593.437s][info ][gc] GC(52632) Pause Young (Allocation Failure) 40M->40M(49M) 13.391ms
[2020-08-10T13:10:53.908+0300][1593.451s][info ][gc] GC(52633) Pause Young (Allocation Failure) 41M->41M(49M) 13.470ms
[2020-08-10T13:10:53.922+0300][1593.465s][info ][gc] GC(52634) Pause Young (Allocation Failure) 42M->42M(49M) 13.519ms
[2020-08-10T13:10:53.936+0300][1593.479s][info ][gc] GC(52635) Pause Young (Allocation Failure) 43M->43M(49M) 13.535ms
[2020-08-10T13:10:53.950+0300][1593.493s][info ][gc] GC(52636) Pause Young (Allocation Failure) 44M->44M(49M) 13.720ms
[2020-08-10T13:10:53.964+0300][1593.507s][info ][gc] GC(52637) Pause Young (Allocation Failure) 45M->45M(49M) 13.624ms
[2020-08-10T13:10:53.978+0300][1593.521s][info ][gc] GC(52638) Pause Young (Allocation Failure) 46M->46M(49M) 13.594ms
[2020-08-10T13:10:53.992+0300][1593.535s][info ][gc] GC(52639) Pause Young (Allocation Failure) 47M->47M(49M) 13.517ms
[2020-08-10T13:10:54.006+0300][1593.549s][info ][gc] GC(52640) Pause Young (Allocation Failure) 48M->48M(49M) 13.494ms
[2020-08-10T13:10:54.100+0300][1593.643s][debug][gc] GC(52641) Expanding ParOldGen from 48640K by 11776K to 60416K
[2020-08-10T13:10:54.100+0300][1593.643s][info ][gc] GC(52641) Pause Full (Ergonomics) 48M->47M(61M) 93.709ms
[2020-08-10T13:10:54.120+0300][1593.664s][info ][gc] GC(52642) Pause Young (Allocation Failure) 48M->48M(61M) 19.728ms
[2020-08-10T13:10:54.134+0300][1593.678s][info ][gc] GC(52643) Pause Young (Allocation Failure) 49M->49M(61M) 13.643ms
[2020-08-10T13:10:54.148+0300][1593.692s][info ][gc] GC(52644) Pause Young (Allocation Failure) 50M->50M(61M) 13.630ms
[2020-08-10T13:10:54.184+0300][1593.728s][info ][gc] GC(52645) Pause Young (Allocation Failure) 51M->51M(61M) 35.394ms
[2020-08-10T13:10:54.199+0300][1593.742s][info ][gc] GC(52646) Pause Young (Allocation Failure) 52M->52M(61M) 13.637ms
[2020-08-10T13:10:54.213+0300][1593.756s][info ][gc] GC(52647) Pause Young (Allocation Failure) 53M->53M(61M) 13.691ms
[2020-08-10T13:10:54.227+0300][1593.771s][info ][gc] GC(52648) Pause Young (Allocation Failure) 54M->54M(61M) 13.644ms
[2020-08-10T13:10:54.241+0300][1593.785s][info ][gc] GC(52649) Pause Young (Allocation Failure) 55M->55M(61M) 13.598ms
[2020-08-10T13:10:54.256+0300][1593.799s][info ][gc] GC(52650) Pause Young (Allocation Failure) 56M->56M(61M) 13.647ms
[2020-08-10T13:10:54.270+0300][1593.813s][info ][gc] GC(52651) Pause Young (Allocation Failure) 57M->57M(61M) 13.600ms
[2020-08-10T13:10:54.284+0300][1593.827s][info ][gc] GC(52652) Pause Young (Allocation Failure) 58M->58M(61M) 13.651ms
[2020-08-10T13:10:54.298+0300][1593.841s][info ][gc] GC(52653) Pause Young (Allocation Failure) 59M->59M(61M) 13.698ms
[2020-08-10T13:10:54.421+0300][1593.964s][debug][gc] GC(52654) Expanding ParOldGen from 60416K by 11264K to 71680K
[2020-08-10T13:10:54.421+0300][1593.964s][info ][gc] GC(52654) Pause Full (Ergonomics) 59M->59M(72M) 122.665ms
[2020-08-10T13:10:54.445+0300][1593.988s][info ][gc] GC(52655) Pause Young (Allocation Failure) 60M->60M(72M) 23.611ms
[2020-08-10T13:10:54.459+0300][1594.002s][info ][gc] GC(52656) Pause Young (Allocation Failure) 61M->61M(72M) 13.761ms
[2020-08-10T13:10:54.474+0300][1594.017s][info ][gc] GC(52657) Pause Young (Allocation Failure) 62M->62M(72M) 13.750ms
[2020-08-10T13:10:54.488+0300][1594.031s][info ][gc] GC(52658) Pause Young (Allocation Failure) 63M->62M(72M) 13.629ms
[2020-08-10T13:10:54.502+0300][1594.045s][info ][gc] GC(52659) Pause Young (Allocation Failure) 63M->63M(72M) 13.781ms
[2020-08-10T13:10:54.516+0300][1594.060s][info ][gc] GC(52660) Pause Young (Allocation Failure) 64M->64M(72M) 13.666ms
[2020-08-10T13:10:54.531+0300][1594.074s][info ][gc] GC(52661) Pause Young (Allocation Failure) 65M->65M(72M) 13.778ms
[2020-08-10T13:10:54.545+0300][1594.089s][info ][gc] GC(52662) Pause Young (Allocation Failure) 66M->66M(72M) 13.750ms
[2020-08-10T13:10:54.560+0300][1594.103s][info ][gc] GC(52663) Pause Young (Allocation Failure) 67M->67M(72M) 13.738ms
[2020-08-10T13:10:54.574+0300][1594.117s][info ][gc] GC(52664) Pause Young (Allocation Failure) 68M->68M(72M) 13.766ms
[2020-08-10T13:10:54.588+0300][1594.131s][info ][gc] GC(52665) Pause Young (Allocation Failure) 69M->69M(72M) 13.682ms
[2020-08-10T13:10:54.602+0300][1594.146s][info ][gc] GC(52666) Pause Young (Allocation Failure) 70M->70M(72M) 13.664ms
[2020-08-10T13:10:54.755+0300][1594.298s][debug][gc] GC(52667) Expanding ParOldGen from 71680K by 11264K to 82944K
[2020-08-10T13:10:54.755+0300][1594.298s][info ][gc] GC(52667) Pause Full (Ergonomics) 70M->70M(83M) 152.516ms
[2020-08-10T13:10:54.785+0300][1594.328s][info ][gc] GC(52668) Pause Young (Allocation Failure) 71M->71M(83M) 29.575ms
[2020-08-10T13:10:54.800+0300][1594.343s][info ][gc] GC(52669) Pause Young (Allocation Failure) 72M->72M(83M) 13.831ms
[2020-08-10T13:10:54.814+0300][1594.357s][info ][gc] GC(52670) Pause Young (Allocation Failure) 73M->73M(83M) 13.864ms
[2020-08-10T13:10:54.828+0300][1594.371s][info ][gc] GC(52671) Pause Young (Allocation Failure) 74M->74M(83M) 13.761ms
[2020-08-10T13:10:54.843+0300][1594.386s][info ][gc] GC(52672) Pause Young (Allocation Failure) 75M->75M(83M) 13.888ms
[2020-08-10T13:10:54.857+0300][1594.400s][info ][gc] GC(52673) Pause Young (Allocation Failure) 76M->76M(83M) 13.908ms
[2020-08-10T13:10:54.871+0300][1594.415s][info ][gc] GC(52674) Pause Young (Allocation Failure) 77M->77M(83M) 13.795ms
[2020-08-10T13:10:54.886+0300][1594.429s][info ][gc] GC(52675) Pause Young (Allocation Failure) 78M->78M(83M) 13.831ms
[2020-08-10T13:10:54.900+0300][1594.443s][info ][gc] GC(52676) Pause Young (Allocation Failure) 79M->79M(83M) 13.763ms
[2020-08-10T13:10:54.914+0300][1594.458s][info ][gc] GC(52677) Pause Young (Allocation Failure) 80M->79M(83M) 13.917ms
[2020-08-10T13:10:54.929+0300][1594.472s][info ][gc] GC(52678) Pause Young (Allocation Failure) 80M->80M(83M) 13.897ms
[2020-08-10T13:10:54.943+0300][1594.486s][info ][gc] GC(52679) Pause Young (Allocation Failure) 81M->81M(83M) 14.006ms
[2020-08-10T13:10:55.128+0300][1594.671s][debug][gc] GC(52680) Expanding ParOldGen from 82944K by 11264K to 94208K
[2020-08-10T13:10:55.128+0300][1594.671s][info ][gc] GC(52680) Pause Full (Ergonomics) 81M->81M(94M) 184.578ms
[2020-08-10T13:10:55.161+0300][1594.704s][info ][gc] GC(52681) Pause Young (Allocation Failure) 82M->82M(94M) 32.047ms
[2020-08-10T13:10:55.175+0300][1594.718s][info ][gc] GC(52682) Pause Young (Allocation Failure) 83M->83M(94M) 13.906ms
[2020-08-10T13:10:55.190+0300][1594.733s][info ][gc] GC(52683) Pause Young (Allocation Failure) 84M->84M(94M) 13.981ms
[2020-08-10T13:10:55.204+0300][1594.748s][info ][gc] GC(52684) Pause Young (Allocation Failure) 85M->85M(94M) 14.281ms
[2020-08-10T13:10:55.219+0300][1594.763s][info ][gc] GC(52685) Pause Young (Allocation Failure) 86M->86M(94M) 14.364ms
[2020-08-10T13:10:55.235+0300][1594.778s][info ][gc] GC(52686) Pause Young (Allocation Failure) 87M->87M(94M) 14.667ms
[2020-08-10T13:10:55.249+0300][1594.793s][info ][gc] GC(52687) Pause Young (Allocation Failure) 88M->88M(94M) 14.294ms
[2020-08-10T13:10:55.264+0300][1594.808s][info ][gc] GC(52688) Pause Young (Allocation Failure) 89M->89M(94M) 14.289ms
[2020-08-10T13:10:55.280+0300][1594.823s][info ][gc] GC(52689) Pause Young (Allocation Failure) 90M->90M(94M) 14.647ms
[2020-08-10T13:10:55.295+0300][1594.838s][info ][gc] GC(52690) Pause Young (Allocation Failure) 91M->91M(94M) 14.568ms
[2020-08-10T13:10:55.310+0300][1594.854s][info ][gc] GC(52691) Pause Young (Allocation Failure) 92M->92M(94M) 14.984ms
[2020-08-10T13:10:55.521+0300][1595.064s][debug][gc] GC(52692) Expanding ParOldGen from 94208K by 11264K to 105472K
[2020-08-10T13:10:55.521+0300][1595.065s][info ][gc] GC(52692) Pause Full (Ergonomics) 92M->92M(105M) 210.613ms
[2020-08-10T13:10:55.555+0300][1595.098s][info ][gc] GC(52693) Pause Young (Allocation Failure) 93M->93M(105M) 32.873ms
[2020-08-10T13:10:55.571+0300][1595.114s][info ][gc] GC(52694) Pause Young (Allocation Failure) 94M->94M(105M) 15.443ms
[2020-08-10T13:10:55.586+0300][1595.129s][info ][gc] GC(52695) Pause Young (Allocation Failure) 95M->94M(105M) 14.989ms
[2020-08-10T13:10:55.602+0300][1595.145s][info ][gc] GC(52696) Pause Young (Allocation Failure) 95M->95M(105M) 15.039ms
[2020-08-10T13:10:55.617+0300][1595.161s][info ][gc] GC(52697) Pause Young (Allocation Failure) 96M->96M(105M) 15.177ms
[2020-08-10T13:10:55.633+0300][1595.176s][info ][gc] GC(52698) Pause Young (Allocation Failure) 97M->97M(105M) 15.304ms
[2020-08-10T13:10:55.649+0300][1595.193s][info ][gc] GC(52699) Pause Young (Allocation Failure) 98M->98M(105M) 15.557ms
[2020-08-10T13:10:55.665+0300][1595.208s][info ][gc] GC(52700) Pause Young (Allocation Failure) 99M->99M(105M) 15.421ms
[2020-08-10T13:10:55.681+0300][1595.225s][info ][gc] GC(52701) Pause Young (Allocation Failure) 100M->100M(105M) 15.635ms
[2020-08-10T13:10:55.697+0300][1595.241s][info ][gc] GC(52702) Pause Young (Allocation Failure) 101M->101M(105M) 15.550ms
[2020-08-10T13:10:55.714+0300][1595.257s][info ][gc] GC(52703) Pause Young (Allocation Failure) 102M->102M(105M) 15.710ms
[2020-08-10T13:10:55.730+0300][1595.273s][info ][gc] GC(52704) Pause Young (Allocation Failure) 103M->103M(105M) 16.059ms
[2020-08-10T13:10:55.978+0300][1595.521s][debug][gc] GC(52705) Expanding ParOldGen from 105472K by 11264K to 116736K
[2020-08-10T13:10:55.978+0300][1595.521s][info ][gc] GC(52705) Pause Full (Ergonomics) 103M->103M(116M) 247.637ms
[2020-08-10T13:10:56.014+0300][1595.558s][info ][gc] GC(52706) Pause Young (Allocation Failure) 104M->104M(116M) 35.806ms
[2020-08-10T13:10:56.031+0300][1595.574s][info ][gc] GC(52707) Pause Young (Allocation Failure) 105M->105M(116M) 15.874ms
[2020-08-10T13:10:56.048+0300][1595.591s][info ][gc] GC(52708) Pause Young (Allocation Failure) 106M->106M(116M) 16.266ms
[2020-08-10T13:10:56.064+0300][1595.607s][info ][gc] GC(52709) Pause Young (Allocation Failure) 107M->107M(116M) 15.883ms
[2020-08-10T13:10:56.081+0300][1595.625s][info ][gc] GC(52710) Pause Young (Allocation Failure) 108M->108M(116M) 16.411ms
[2020-08-10T13:10:56.098+0300][1595.641s][info ][gc] GC(52711) Pause Young (Allocation Failure) 109M->109M(116M) 16.379ms
[2020-08-10T13:10:56.115+0300][1595.659s][info ][gc] GC(52712) Pause Young (Allocation Failure) 110M->110M(115M) 16.579ms
[2020-08-10T13:10:56.131+0300][1595.674s][info ][gc] GC(52713) Pause Young (Allocation Failure) 111M->111M(116M) 15.310ms
[2020-08-10T13:10:56.148+0300][1595.692s][info ][gc] GC(52714) Pause Young (Allocation Failure) 112M->111M(116M) 16.697ms
[2020-08-10T13:10:56.166+0300][1595.709s][info ][gc] GC(52715) Pause Young (Allocation Failure) 112M->112M(116M) 16.620ms
[2020-08-10T13:10:56.183+0300][1595.726s][info ][gc] GC(52716) Pause Young (Allocation Failure) 113M->113M(116M) 16.654ms
[2020-08-10T13:10:56.460+0300][1596.004s][debug][gc] GC(52717) Expanding ParOldGen from 116736K by 11264K to 128000K
[2020-08-10T13:10:56.461+0300][1596.004s][info ][gc] GC(52717) Pause Full (Ergonomics) 113M->113M(127M) 277.652ms
[2020-08-10T13:10:56.476+0300][1596.019s][info ][gc] GC(52718) Pause Young (Allocation Failure) 114M->114M(127M) 14.890ms
[2020-08-10T13:10:56.501+0300][1596.045s][info ][gc] GC(52719) Pause Young (Allocation Failure) 115M->115M(127M) 24.866ms
[2020-08-10T13:10:56.519+0300][1596.062s][info ][gc] GC(52720) Pause Young (Allocation Failure) 116M->116M(127M) 16.982ms
[2020-08-10T13:10:56.536+0300][1596.080s][info ][gc] GC(52721) Pause Young (Allocation Failure) 117M->117M(127M) 17.263ms
[2020-08-10T13:10:56.554+0300][1596.098s][info ][gc] GC(52722) Pause Young (Allocation Failure) 118M->118M(127M) 17.293ms
[2020-08-10T13:10:56.574+0300][1596.117s][info ][gc] GC(52723) Pause Young (Allocation Failure) 119M->119M(127M) 18.953ms
[2020-08-10T13:10:56.592+0300][1596.135s][info ][gc] GC(52724) Pause Young (Allocation Failure) 120M->120M(127M) 17.430ms
[2020-08-10T13:10:56.609+0300][1596.153s][info ][gc] GC(52725) Pause Young (Allocation Failure) 121M->121M(127M) 17.028ms
[2020-08-10T13:10:56.627+0300][1596.171s][info ][gc] GC(52726) Pause Young (Allocation Failure) 122M->122M(127M) 17.402ms
[2020-08-10T13:10:56.645+0300][1596.189s][info ][gc] GC(52727) Pause Young (Allocation Failure) 123M->123M(127M) 17.624ms
[2020-08-10T13:10:56.663+0300][1596.206s][info ][gc] GC(52728) Pause Young (Allocation Failure) 124M->124M(127M) 17.196ms
[2020-08-10T13:10:56.681+0300][1596.224s][info ][gc] GC(52729) Pause Young (Allocation Failure) 125M->125M(127M) 17.445ms
[2020-08-10T13:10:57.005+0300][1596.548s][debug][gc] GC(52730) Expanding ParOldGen from 128000K by 11264K to 139264K
[2020-08-10T13:10:57.005+0300][1596.548s][info ][gc] GC(52730) Pause Full (Ergonomics) 125M->125M(138M) 323.435ms
[2020-08-10T13:10:57.040+0300][1596.584s][info ][gc] GC(52731) Pause Young (Allocation Failure) 126M->126M(138M) 35.142ms
[2020-08-10T13:10:57.059+0300][1596.602s][info ][gc] GC(52732) Pause Young (Allocation Failure) 127M->126M(138M) 18.161ms
[2020-08-10T13:10:57.078+0300][1596.621s][info ][gc] GC(52733) Pause Young (Allocation Failure) 127M->127M(138M) 18.263ms
[2020-08-10T13:10:57.096+0300][1596.640s][info ][gc] GC(52734) Pause Young (Allocation Failure) 128M->128M(138M) 18.112ms
[2020-08-10T13:10:57.114+0300][1596.658s][info ][gc] GC(52735) Pause Young (Allocation Failure) 129M->129M(138M) 17.789ms
[2020-08-10T13:10:57.132+0300][1596.676s][info ][gc] GC(52736) Pause Young (Allocation Failure) 130M->130M(138M) 17.669ms
[2020-08-10T13:10:57.151+0300][1596.694s][info ][gc] GC(52737) Pause Young (Allocation Failure) 131M->131M(138M) 18.048ms
[2020-08-10T13:10:57.170+0300][1596.713s][info ][gc] GC(52738) Pause Young (Allocation Failure) 132M->132M(138M) 18.346ms
[2020-08-10T13:10:57.188+0300][1596.732s][info ][gc] GC(52739) Pause Young (Allocation Failure) 133M->133M(138M) 18.582ms
[2020-08-10T13:10:57.208+0300][1596.751s][info ][gc] GC(52740) Pause Young (Allocation Failure) 134M->134M(138M) 18.768ms
[2020-08-10T13:10:57.226+0300][1596.770s][info ][gc] GC(52741) Pause Young (Allocation Failure) 135M->135M(138M) 18.236ms
[2020-08-10T13:10:57.227+0300][1596.770s][debug][gc] Expanding ParOldGen from 139264K by 19968K to 159232K
[2020-08-10T13:10:57.251+0300][1596.794s][info ][gc] GC(52742) Pause Young (Allocation Failure) 155M->155M(158M) 16.377ms
[2020-08-10T13:10:57.295+0300][1596.839s][debug][gc] GC(52743) Shrinking ParOldGen from 159232K by 125440K to 33792K
[2020-08-10T13:10:57.295+0300][1596.839s][info ][gc] GC(52743) Pause Full (Ergonomics) 155M->21M(35M) 44.226ms
[2020-08-10T13:10:57.322+0300][1596.866s][info ][gc] GC(52744) Pause Young (Allocation Failure) 22M->22M(35M) 26.470ms
[2020-08-10T13:10:57.341+0300][1596.884s][info ][gc] GC(52745) Pause Young (Allocation Failure) 23M->23M(35M) 17.690ms
[2020-08-10T13:10:57.355+0300][1596.899s][info ][gc] GC(52746) Pause Young (Allocation Failure) 24M->24M(35M) 13.721ms
[2020-08-10T13:10:57.369+0300][1596.913s][info ][gc] GC(52747) Pause Young (Allocation Failure) 25M->25M(35M) 13.505ms
[2020-08-10T13:10:57.383+0300][1596.927s][info ][gc] GC(52748) Pause Young (Allocation Failure) 26M->26M(35M) 13.445ms
[2020-08-10T13:10:57.399+0300][1596.942s][info ][gc] GC(52749) Pause Young (Allocation Failure) 27M->27M(35M) 15.337ms
[2020-08-10T13:10:57.413+0300][1596.956s][info ][gc] GC(52750) Pause Young (Allocation Failure) 28M->28M(35M) 13.200ms
[2020-08-10T13:10:57.427+0300][1596.970s][info ][gc] GC(52751) Pause Young (Allocation Failure) 29M->29M(35M) 13.447ms
[2020-08-10T13:10:57.441+0300][1596.984s][info ][gc] GC(52752) Pause Young (Allocation Failure) 30M->30M(35M) 13.456ms
[2020-08-10T13:10:57.455+0300][1596.998s][info ][gc] GC(52753) Pause Young (Allocation Failure) 31M->31M(35M) 13.361ms
[2020-08-10T13:10:57.468+0300][1597.012s][info ][gc] GC(52754) Pause Young (Allocation Failure) 32M->32M(35M) 13.336ms
[2020-08-10T13:10:57.482+0300][1597.026s][info ][gc] GC(52755) Pause Young (Allocation Failure) 33M->33M(35M) 13.523ms
[2020-08-10T13:10:57.537+0300][1597.081s][debug][gc] GC(52756) Expanding ParOldGen from 33792K by 11264K to 45056K
[2020-08-10T13:10:57.537+0300][1597.081s][info ][gc] GC(52756) Pause Full (Ergonomics) 33M->33M(46M) 54.822ms
[2020-08-10T13:10:57.555+0300][1597.098s][info ][gc] GC(52757) Pause Young (Allocation Failure) 34M->34M(46M) 16.655ms
[2020-08-10T13:10:57.569+0300][1597.112s][info ][gc] GC(52758) Pause Young (Allocation Failure) 35M->35M(46M) 13.430ms
[2020-08-10T13:10:57.582+0300][1597.126s][info ][gc] GC(52759) Pause Young (Allocation Failure) 36M->36M(46M) 13.290ms
[2020-08-10T13:10:57.596+0300][1597.140s][info ][gc] GC(52760) Pause Young (Allocation Failure) 37M->36M(46M) 13.394ms
[2020-08-10T13:10:57.610+0300][1597.154s][info ][gc] GC(52761) Pause Young (Allocation Failure) 37M->37M(46M) 13.435ms
[2020-08-10T13:10:57.625+0300][1597.168s][info ][gc] GC(52762) Pause Young (Allocation Failure) 38M->38M(46M) 13.653ms
[2020-08-10T13:10:57.639+0300][1597.182s][info ][gc] GC(52763) Pause Young (Allocation Failure) 39M->39M(46M) 13.574ms
[2020-08-10T13:10:57.653+0300][1597.196s][info ][gc] GC(52764) Pause Young (Allocation Failure) 40M->40M(45M) 13.483ms
[2020-08-10T13:10:57.666+0300][1597.210s][info ][gc] GC(52765) Pause Young (Allocation Failure) 41M->41M(46M) 13.229ms
[2020-08-10T13:10:57.680+0300][1597.224s][info ][gc] GC(52766) Pause Young (Allocation Failure) 42M->42M(46M) 13.556ms
[2020-08-10T13:10:57.694+0300][1597.238s][info ][gc] GC(52767) Pause Young (Allocation Failure) 43M->43M(46M) 13.413ms
[2020-08-10T13:10:57.708+0300][1597.252s][info ][gc] GC(52768) Pause Young (Allocation Failure) 44M->44M(46M) 13.375ms
[2020-08-10T13:10:57.795+0300][1597.339s][debug][gc] GC(52769) Expanding ParOldGen from 45056K by 11264K to 56320K
[2020-08-10T13:10:57.796+0300][1597.339s][info ][gc] GC(52769) Pause Full (Ergonomics) 44M->44M(57M) 87.266ms
[2020-08-10T13:10:57.815+0300][1597.358s][info ][gc] GC(52770) Pause Young (Allocation Failure) 45M->45M(57M) 18.862ms
[2020-08-10T13:10:57.829+0300][1597.372s][info ][gc] GC(52771) Pause Young (Allocation Failure) 46M->46M(57M) 13.592ms
[2020-08-10T13:10:57.843+0300][1597.386s][info ][gc] GC(52772) Pause Young (Allocation Failure) 47M->47M(57M) 13.265ms
[2020-08-10T13:10:57.857+0300][1597.400s][info ][gc] GC(52773) Pause Young (Allocation Failure) 48M->48M(57M) 13.474ms
[2020-08-10T13:10:57.871+0300][1597.414s][info ][gc] GC(52774) Pause Young (Allocation Failure) 49M->49M(57M) 13.584ms
[2020-08-10T13:10:57.885+0300][1597.428s][info ][gc] GC(52775) Pause Young (Allocation Failure) 50M->50M(57M) 13.449ms
[2020-08-10T13:10:57.899+0300][1597.442s][info ][gc] GC(52776) Pause Young (Allocation Failure) 51M->51M(57M) 13.467ms
[2020-08-10T13:10:57.913+0300][1597.456s][info ][gc] GC(52777) Pause Young (Allocation Failure) 52M->52M(57M) 13.422ms
[2020-08-10T13:10:57.927+0300][1597.470s][info ][gc] GC(52778) Pause Young (Allocation Failure) 53M->53M(57M) 13.590ms
[2020-08-10T13:10:57.941+0300][1597.484s][info ][gc] GC(52779) Pause Young (Allocation Failure) 54M->53M(57M) 13.508ms
[2020-08-10T13:10:57.955+0300][1597.498s][info ][gc] GC(52780) Pause Young (Allocation Failure) 54M->54M(57M) 13.507ms
[2020-08-10T13:10:58.063+0300][1597.606s][debug][gc] GC(52781) Expanding ParOldGen from 56320K by 11264K to 67584K
[2020-08-10T13:10:58.063+0300][1597.606s][info ][gc] GC(52781) Pause Full (Ergonomics) 54M->54M(68M) 107.520ms
[2020-08-10T13:10:58.076+0300][1597.619s][info ][gc] GC(52782) Pause Young (Allocation Failure) 55M->55M(68M) 12.833ms
[2020-08-10T13:10:58.090+0300][1597.633s][info ][gc] GC(52783) Pause Young (Allocation Failure) 56M->56M(68M) 13.280ms
[2020-08-10T13:10:58.115+0300][1597.658s][info ][gc] GC(52784) Pause Young (Allocation Failure) 57M->57M(68M) 24.838ms
[2020-08-10T13:10:58.129+0300][1597.672s][info ][gc] GC(52785) Pause Young (Allocation Failure) 58M->58M(68M) 13.385ms
[2020-08-10T13:10:58.143+0300][1597.686s][info ][gc] GC(52786) Pause Young (Allocation Failure) 59M->59M(68M) 13.442ms
[2020-08-10T13:10:58.157+0300][1597.700s][info ][gc] GC(52787) Pause Young (Allocation Failure) 60M->60M(68M) 13.467ms
[2020-08-10T13:10:58.171+0300][1597.715s][info ][gc] GC(52788) Pause Young (Allocation Failure) 61M->61M(68M) 13.506ms
[2020-08-10T13:10:58.185+0300][1597.728s][info ][gc] GC(52789) Pause Young (Allocation Failure) 62M->62M(68M) 13.372ms
[2020-08-10T13:10:58.199+0300][1597.742s][info ][gc] GC(52790) Pause Young (Allocation Failure) 63M->63M(68M) 13.402ms
[2020-08-10T13:10:58.213+0300][1597.757s][info ][gc] GC(52791) Pause Young (Allocation Failure) 64M->64M(68M) 13.598ms
[2020-08-10T13:10:58.227+0300][1597.771s][info ][gc] GC(52792) Pause Young (Allocation Failure) 65M->65M(68M) 13.550ms
[2020-08-10T13:10:58.241+0300][1597.785s][info ][gc] GC(52793) Pause Young (Allocation Failure) 66M->66M(68M) 13.437ms
[2020-08-10T13:10:58.381+0300][1597.925s][debug][gc] GC(52794) Expanding ParOldGen from 67584K by 11264K to 78848K
[2020-08-10T13:10:58.381+0300][1597.925s][info ][gc] GC(52794) Pause Full (Ergonomics) 66M->66M(79M) 140.019ms
[2020-08-10T13:10:58.409+0300][1597.953s][info ][gc] GC(52795) Pause Young (Allocation Failure) 67M->67M(79M) 27.444ms
[2020-08-10T13:10:58.424+0300][1597.967s][info ][gc] GC(52796) Pause Young (Allocation Failure) 68M->67M(79M) 13.738ms
[2020-08-10T13:10:58.438+0300][1597.982s][info ][gc] GC(52797) Pause Young (Allocation Failure) 68M->68M(79M) 13.797ms
[2020-08-10T13:10:58.452+0300][1597.996s][info ][gc] GC(52798) Pause Young (Allocation Failure) 69M->69M(79M) 13.684ms
[2020-08-10T13:10:58.467+0300][1598.011s][info ][gc] GC(52799) Pause Young (Allocation Failure) 70M->70M(79M) 14.023ms
[2020-08-10T13:10:58.481+0300][1598.025s][info ][gc] GC(52800) Pause Young (Allocation Failure) 71M->71M(79M) 13.658ms
[2020-08-10T13:10:58.496+0300][1598.039s][info ][gc] GC(52801) Pause Young (Allocation Failure) 72M->72M(79M) 13.780ms
[2020-08-10T13:10:58.510+0300][1598.053s][info ][gc] GC(52802) Pause Young (Allocation Failure) 73M->73M(79M) 13.694ms
[2020-08-10T13:10:58.524+0300][1598.068s][info ][gc] GC(52803) Pause Young (Allocation Failure) 74M->74M(79M) 13.915ms
[2020-08-10T13:10:58.538+0300][1598.082s][info ][gc] GC(52804) Pause Young (Allocation Failure) 75M->75M(78M) 13.741ms
[2020-08-10T13:10:58.552+0300][1598.096s][info ][gc] GC(52805) Pause Young (Allocation Failure) 76M->76M(79M) 13.573ms
[2020-08-10T13:10:58.566+0300][1598.110s][info ][gc] GC(52806) Pause Young (Allocation Failure) 77M->77M(79M) 13.555ms
[2020-08-10T13:10:58.785+0300][1598.328s][debug][gc] GC(52807) Expanding ParOldGen from 78848K by 11776K to 90624K
[2020-08-10T13:10:58.785+0300][1598.329s][info ][gc] GC(52807) Pause Full (Ergonomics) 77M->77M(91M) 218.421ms
[2020-08-10T13:10:58.837+0300][1598.381s][info ][gc] GC(52808) Pause Young (Allocation Failure) 78M->78M(91M) 51.623ms
[2020-08-10T13:10:58.852+0300][1598.395s][info ][gc] GC(52809) Pause Young (Allocation Failure) 79M->79M(91M) 13.863ms
[2020-08-10T13:10:58.866+0300][1598.409s][info ][gc] GC(52810) Pause Young (Allocation Failure) 80M->80M(91M) 13.834ms
[2020-08-10T13:10:58.880+0300][1598.424s][info ][gc] GC(52811) Pause Young (Allocation Failure) 81M->81M(91M) 13.754ms
[2020-08-10T13:10:58.895+0300][1598.438s][info ][gc] GC(52812) Pause Young (Allocation Failure) 82M->82M(91M) 13.922ms
[2020-08-10T13:10:58.909+0300][1598.453s][info ][gc] GC(52813) Pause Young (Allocation Failure) 83M->83M(91M) 14.151ms
[2020-08-10T13:10:58.924+0300][1598.468s][info ][gc] GC(52814) Pause Young (Allocation Failure) 84M->84M(91M) 14.463ms
[2020-08-10T13:10:58.939+0300][1598.482s][info ][gc] GC(52815) Pause Young (Allocation Failure) 85M->85M(91M) 14.016ms
[2020-08-10T13:10:58.954+0300][1598.497s][info ][gc] GC(52816) Pause Young (Allocation Failure) 86M->85M(91M) 14.215ms
[2020-08-10T13:10:58.969+0300][1598.512s][info ][gc] GC(52817) Pause Young (Allocation Failure) 86M->86M(91M) 14.278ms
[2020-08-10T13:10:58.983+0300][1598.527s][info ][gc] GC(52818) Pause Young (Allocation Failure) 87M->87M(91M) 14.351ms
[2020-08-10T13:10:58.998+0300][1598.542s][info ][gc] GC(52819) Pause Young (Allocation Failure) 88M->88M(91M) 14.324ms
[2020-08-10T13:10:59.201+0300][1598.745s][debug][gc] GC(52820) Expanding ParOldGen from 90624K by 11264K to 101888K
[2020-08-10T13:10:59.202+0300][1598.745s][info ][gc] GC(52820) Pause Full (Ergonomics) 88M->88M(102M) 203.159ms
[2020-08-10T13:10:59.234+0300][1598.778s][info ][gc] GC(52821) Pause Young (Allocation Failure) 89M->89M(102M) 31.978ms
[2020-08-10T13:10:59.249+0300][1598.793s][info ][gc] GC(52822) Pause Young (Allocation Failure) 90M->90M(102M) 14.647ms
[2020-08-10T13:10:59.265+0300][1598.808s][info ][gc] GC(52823) Pause Young (Allocation Failure) 91M->91M(102M) 14.834ms
[2020-08-10T13:10:59.280+0300][1598.824s][info ][gc] GC(52824) Pause Young (Allocation Failure) 92M->92M(102M) 14.869ms
[2020-08-10T13:10:59.295+0300][1598.839s][info ][gc] GC(52825) Pause Young (Allocation Failure) 93M->93M(102M) 14.850ms
[2020-08-10T13:10:59.311+0300][1598.854s][info ][gc] GC(52826) Pause Young (Allocation Failure) 94M->94M(102M) 14.818ms
[2020-08-10T13:10:59.326+0300][1598.870s][info ][gc] GC(52827) Pause Young (Allocation Failure) 95M->95M(102M) 14.997ms
[2020-08-10T13:10:59.342+0300][1598.885s][info ][gc] GC(52828) Pause Young (Allocation Failure) 96M->96M(102M) 14.793ms
[2020-08-10T13:10:59.357+0300][1598.901s][info ][gc] GC(52829) Pause Young (Allocation Failure) 97M->97M(102M) 15.051ms
[2020-08-10T13:10:59.373+0300][1598.916s][info ][gc] GC(52830) Pause Young (Allocation Failure) 98M->98M(102M) 15.146ms
[2020-08-10T13:10:59.389+0300][1598.932s][info ][gc] GC(52831) Pause Young (Allocation Failure) 99M->99M(102M) 15.470ms
[2020-08-10T13:10:59.405+0300][1598.948s][info ][gc] GC(52832) Pause Young (Allocation Failure) 100M->100M(102M) 15.633ms
[2020-08-10T13:10:59.649+0300][1599.192s][debug][gc] GC(52833) Expanding ParOldGen from 101888K by 11264K to 113152K
[2020-08-10T13:10:59.649+0300][1599.192s][info ][gc] GC(52833) Pause Full (Ergonomics) 100M->99M(113M) 243.808ms
[2020-08-10T13:10:59.685+0300][1599.229s][info ][gc] GC(52834) Pause Young (Allocation Failure) 100M->100M(113M) 35.630ms
[2020-08-10T13:10:59.701+0300][1599.245s][info ][gc] GC(52835) Pause Young (Allocation Failure) 101M->101M(113M) 15.750ms
[2020-08-10T13:10:59.717+0300][1599.261s][info ][gc] GC(52836) Pause Young (Allocation Failure) 102M->102M(113M) 15.503ms
[2020-08-10T13:10:59.734+0300][1599.278s][info ][gc] GC(52837) Pause Young (Allocation Failure) 103M->103M(113M) 15.975ms
[2020-08-10T13:10:59.751+0300][1599.294s][info ][gc] GC(52838) Pause Young (Allocation Failure) 104M->104M(113M) 16.002ms
[2020-08-10T13:10:59.767+0300][1599.311s][info ][gc] GC(52839) Pause Young (Allocation Failure) 105M->105M(113M) 16.019ms
[2020-08-10T13:10:59.784+0300][1599.327s][info ][gc] GC(52840) Pause Young (Allocation Failure) 106M->106M(113M) 16.081ms
[2020-08-10T13:10:59.800+0300][1599.344s][info ][gc] GC(52841) Pause Young (Allocation Failure) 107M->107M(113M) 16.024ms
[2020-08-10T13:10:59.818+0300][1599.361s][info ][gc] GC(52842) Pause Young (Allocation Failure) 108M->108M(113M) 16.391ms
[2020-08-10T13:10:59.835+0300][1599.378s][info ][gc] GC(52843) Pause Young (Allocation Failure) 109M->109M(113M) 16.444ms
[2020-08-10T13:10:59.852+0300][1599.394s][info ][gc] GC(52844) Pause Young (Allocation Failure) 110M->110M(113M) 16.021ms
[2020-08-10T13:10:59.868+0300][1599.411s][info ][gc] GC(52845) Pause Young (Allocation Failure) 111M->111M(113M) 16.038ms
[2020-08-10T13:11:00.151+0300][1599.693s][debug][gc] GC(52846) Expanding ParOldGen from 113152K by 11264K to 124416K
[2020-08-10T13:11:00.151+0300][1599.693s][info ][gc] GC(52846) Pause Full (Ergonomics) 111M->111M(124M) 282.678ms
[2020-08-10T13:11:00.190+0300][1599.732s][info ][gc] GC(52847) Pause Young (Allocation Failure) 112M->112M(124M) 38.534ms
[2020-08-10T13:11:00.207+0300][1599.750s][info ][gc] GC(52848) Pause Young (Allocation Failure) 113M->113M(124M) 16.690ms
[2020-08-10T13:11:00.226+0300][1599.768s][info ][gc] GC(52849) Pause Young (Allocation Failure) 114M->114M(124M) 18.161ms
[2020-08-10T13:11:00.243+0300][1599.785s][info ][gc] GC(52850) Pause Young (Allocation Failure) 115M->115M(124M) 16.477ms
[2020-08-10T13:11:00.260+0300][1599.802s][info ][gc] GC(52851) Pause Young (Allocation Failure) 116M->116M(124M) 16.727ms
[2020-08-10T13:11:00.277+0300][1599.820s][info ][gc] GC(52852) Pause Young (Allocation Failure) 117M->116M(124M) 16.892ms
[2020-08-10T13:11:00.295+0300][1599.837s][info ][gc] GC(52853) Pause Young (Allocation Failure) 117M->117M(124M) 17.172ms
[2020-08-10T13:11:00.312+0300][1599.855s][info ][gc] GC(52854) Pause Young (Allocation Failure) 118M->118M(124M) 16.890ms
[2020-08-10T13:11:00.330+0300][1599.872s][info ][gc] GC(52855) Pause Young (Allocation Failure) 119M->119M(124M) 16.884ms
[2020-08-10T13:11:00.347+0300][1599.890s][info ][gc] GC(52856) Pause Young (Allocation Failure) 120M->120M(124M) 17.192ms
[2020-08-10T13:11:00.365+0300][1599.907s][info ][gc] GC(52857) Pause Young (Allocation Failure) 121M->121M(124M) 17.280ms
[2020-08-10T13:11:00.697+0300][1600.240s][debug][gc] GC(52858) Expanding ParOldGen from 124416K by 11264K to 135680K
[2020-08-10T13:11:00.697+0300][1600.240s][info ][gc] GC(52858) Pause Full (Ergonomics) 121M->121M(135M) 332.311ms
[2020-08-10T13:11:00.729+0300][1600.272s][info ][gc] GC(52859) Pause Young (Allocation Failure) 122M->122M(135M) 31.584ms
[2020-08-10T13:11:00.747+0300][1600.290s][info ][gc] GC(52860) Pause Young (Allocation Failure) 123M->123M(135M) 17.593ms
[2020-08-10T13:11:00.765+0300][1600.308s][info ][gc] GC(52861) Pause Young (Allocation Failure) 124M->124M(135M) 17.502ms
[2020-08-10T13:11:00.784+0300][1600.326s][info ][gc] GC(52862) Pause Young (Allocation Failure) 125M->125M(135M) 17.724ms
[2020-08-10T13:11:00.802+0300][1600.344s][info ][gc] GC(52863) Pause Young (Allocation Failure) 126M->126M(135M) 17.766ms
[2020-08-10T13:11:00.820+0300][1600.363s][info ][gc] GC(52864) Pause Young (Allocation Failure) 127M->127M(135M) 18.117ms
[2020-08-10T13:11:00.838+0300][1600.381s][info ][gc] GC(52865) Pause Young (Allocation Failure) 128M->128M(135M) 17.631ms
[2020-08-10T13:11:00.857+0300][1600.400s][info ][gc] GC(52866) Pause Young (Allocation Failure) 129M->129M(135M) 18.118ms
[2020-08-10T13:11:00.875+0300][1600.417s][info ][gc] GC(52867) Pause Young (Allocation Failure) 130M->130M(135M) 17.556ms
[2020-08-10T13:11:00.893+0300][1600.436s][info ][gc] GC(52868) Pause Young (Allocation Failure) 131M->131M(135M) 18.030ms
[2020-08-10T13:11:00.912+0300][1600.454s][info ][gc] GC(52869) Pause Young (Allocation Failure) 132M->132M(135M) 18.067ms
[2020-08-10T13:11:00.930+0300][1600.473s][info ][gc] GC(52870) Pause Young (Allocation Failure) 133M->133M(135M) 18.313ms
[2020-08-10T13:11:01.318+0300][1600.860s][debug][gc] GC(52871) Expanding ParOldGen from 135680K by 11264K to 146944K
[2020-08-10T13:11:01.318+0300][1600.860s][info ][gc] GC(52871) Pause Full (Ergonomics) 133M->132M(146M) 387.344ms
[2020-08-10T13:11:01.355+0300][1600.897s][info ][gc] GC(52872) Pause Young (Allocation Failure) 133M->133M(146M) 36.484ms
[2020-08-10T13:11:01.373+0300][1600.916s][info ][gc] GC(52873) Pause Young (Allocation Failure) 134M->134M(146M) 18.229ms
[2020-08-10T13:11:01.374+0300][1600.917s][debug][gc] Expanding ParOldGen from 146944K by 19968K to 166912K
[2020-08-10T13:11:01.412+0300][1600.955s][info ][gc] GC(52874) Pause Young (Allocation Failure) 154M->154M(165M) 30.663ms
[2020-08-10T13:11:01.442+0300][1600.984s][info ][gc] GC(52875) Pause Young (Allocation Failure) 155M->155M(165M) 28.722ms
[2020-08-10T13:11:01.468+0300][1601.011s][info ][gc] GC(52876) Pause Young (Allocation Failure) 156M->156M(165M) 26.047ms
[2020-08-10T13:11:01.495+0300][1601.037s][info ][gc] GC(52877) Pause Young (Allocation Failure) 157M->157M(165M) 26.101ms
[2020-08-10T13:11:01.521+0300][1601.064s][info ][gc] GC(52878) Pause Young (Allocation Failure) 158M->158M(165M) 26.185ms
[2020-08-10T13:11:01.548+0300][1601.090s][info ][gc] GC(52879) Pause Young (Allocation Failure) 159M->159M(165M) 26.016ms
[2020-08-10T13:11:01.574+0300][1601.117s][info ][gc] GC(52880) Pause Young (Allocation Failure) 160M->160M(165M) 26.097ms
[2020-08-10T13:11:01.601+0300][1601.143s][info ][gc] GC(52881) Pause Young (Allocation Failure) 161M->161M(165M) 26.035ms
[2020-08-10T13:11:01.627+0300][1601.170s][info ][gc] GC(52882) Pause Young (Allocation Failure) 162M->162M(165M) 26.092ms
[2020-08-10T13:11:01.654+0300][1601.196s][info ][gc] GC(52883) Pause Young (Allocation Failure) 163M->163M(165M) 26.179ms
[2020-08-10T13:11:01.741+0300][1601.283s][debug][gc] GC(52884) Shrinking ParOldGen from 166912K by 124928K to 41984K
[2020-08-10T13:11:01.741+0300][1601.283s][info ][gc] GC(52884) Pause Full (Ergonomics) 163M->29M(43M) 86.904ms
[2020-08-10T13:11:01.754+0300][1601.297s][info ][gc] GC(52885) Pause Young (Allocation Failure) 30M->30M(43M) 12.990ms
[2020-08-10T13:11:01.768+0300][1601.311s][info ][gc] GC(52886) Pause Young (Allocation Failure) 31M->31M(43M) 13.622ms
[2020-08-10T13:11:01.782+0300][1601.325s][info ][gc] GC(52887) Pause Young (Allocation Failure) 32M->32M(43M) 13.525ms
[2020-08-10T13:11:01.796+0300][1601.339s][info ][gc] GC(52888) Pause Young (Allocation Failure) 33M->33M(43M) 13.536ms
[2020-08-10T13:11:01.811+0300][1601.353s][info ][gc] GC(52889) Pause Young (Allocation Failure) 34M->34M(43M) 13.550ms
[2020-08-10T13:11:01.825+0300][1601.367s][info ][gc] GC(52890) Pause Young (Allocation Failure) 35M->35M(43M) 13.472ms
[2020-08-10T13:11:01.839+0300][1601.381s][info ][gc] GC(52891) Pause Young (Allocation Failure) 36M->36M(43M) 13.547ms
[2020-08-10T13:11:01.853+0300][1601.396s][info ][gc] GC(52892) Pause Young (Allocation Failure) 37M->37M(43M) 13.569ms
[2020-08-10T13:11:01.867+0300][1601.410s][info ][gc] GC(52893) Pause Young (Allocation Failure) 38M->38M(43M) 13.521ms
[2020-08-10T13:11:01.881+0300][1601.423s][info ][gc] GC(52894) Pause Young (Allocation Failure) 39M->39M(43M) 13.449ms
[2020-08-10T13:11:01.895+0300][1601.437s][info ][gc] GC(52895) Pause Young (Allocation Failure) 40M->40M(43M) 13.503ms
[2020-08-10T13:11:01.909+0300][1601.452s][info ][gc] GC(52896) Pause Young (Allocation Failure) 41M->41M(43M) 13.588ms
[2020-08-10T13:11:01.983+0300][1601.525s][debug][gc] GC(52897) Expanding ParOldGen from 41984K by 11264K to 53248K
[2020-08-10T13:11:01.983+0300][1601.526s][info ][gc] GC(52897) Pause Full (Ergonomics) 41M->41M(54M) 73.706ms
[2020-08-10T13:11:02.001+0300][1601.544s][info ][gc] GC(52898) Pause Young (Allocation Failure) 42M->41M(54M) 18.088ms
[2020-08-10T13:11:02.016+0300][1601.558s][info ][gc] GC(52899) Pause Young (Allocation Failure) 42M->42M(54M) 13.555ms
[2020-08-10T13:11:02.030+0300][1601.572s][info ][gc] GC(52900) Pause Young (Allocation Failure) 43M->43M(54M) 13.537ms
[2020-08-10T13:11:02.043+0300][1601.586s][info ][gc] GC(52901) Pause Young (Allocation Failure) 44M->44M(54M) 13.406ms
[2020-08-10T13:11:02.057+0300][1601.600s][info ][gc] GC(52902) Pause Young (Allocation Failure) 45M->45M(54M) 13.576ms
[2020-08-10T13:11:02.071+0300][1601.614s][info ][gc] GC(52903) Pause Young (Allocation Failure) 46M->46M(54M) 13.503ms
[2020-08-10T13:11:02.085+0300][1601.628s][info ][gc] GC(52904) Pause Young (Allocation Failure) 47M->47M(54M) 13.620ms
[2020-08-10T13:11:02.100+0300][1601.642s][info ][gc] GC(52905) Pause Young (Allocation Failure) 48M->48M(54M) 13.657ms
[2020-08-10T13:11:02.114+0300][1601.657s][info ][gc] GC(52906) Pause Young (Allocation Failure) 49M->49M(54M) 13.548ms
[2020-08-10T13:11:02.128+0300][1601.671s][info ][gc] GC(52907) Pause Young (Allocation Failure) 50M->50M(54M) 13.669ms
[2020-08-10T13:11:02.142+0300][1601.685s][info ][gc] GC(52908) Pause Young (Allocation Failure) 51M->51M(54M) 13.580ms
[2020-08-10T13:11:02.156+0300][1601.699s][info ][gc] GC(52909) Pause Young (Allocation Failure) 52M->52M(54M) 13.562ms
[2020-08-10T13:11:02.263+0300][1601.806s][debug][gc] GC(52910) Expanding ParOldGen from 53248K by 11264K to 64512K
[2020-08-10T13:11:02.263+0300][1601.806s][info ][gc] GC(52910) Pause Full (Ergonomics) 52M->52M(65M) 106.892ms
[2020-08-10T13:11:02.286+0300][1601.829s][info ][gc] GC(52911) Pause Young (Allocation Failure) 53M->53M(65M) 22.121ms
[2020-08-10T13:11:02.300+0300][1601.843s][info ][gc] GC(52912) Pause Young (Allocation Failure) 54M->54M(65M) 13.683ms
[2020-08-10T13:11:02.314+0300][1601.857s][info ][gc] GC(52913) Pause Young (Allocation Failure) 55M->55M(65M) 13.670ms
[2020-08-10T13:11:02.329+0300][1601.871s][info ][gc] GC(52914) Pause Young (Allocation Failure) 56M->56M(65M) 13.692ms
[2020-08-10T13:11:02.343+0300][1601.885s][info ][gc] GC(52915) Pause Young (Allocation Failure) 57M->57M(65M) 13.562ms
[2020-08-10T13:11:02.357+0300][1601.900s][info ][gc] GC(52916) Pause Young (Allocation Failure) 58M->57M(65M) 13.784ms
[2020-08-10T13:11:02.371+0300][1601.914s][info ][gc] GC(52917) Pause Young (Allocation Failure) 58M->58M(65M) 13.794ms
[2020-08-10T13:11:02.386+0300][1601.928s][info ][gc] GC(52918) Pause Young (Allocation Failure) 59M->59M(65M) 13.703ms
[2020-08-10T13:11:02.400+0300][1601.943s][info ][gc] GC(52919) Pause Young (Allocation Failure) 60M->60M(65M) 13.582ms
[2020-08-10T13:11:02.414+0300][1601.957s][info ][gc] GC(52920) Pause Young (Allocation Failure) 61M->61M(65M) 13.681ms
[2020-08-10T13:11:02.429+0300][1601.971s][info ][gc] GC(52921) Pause Young (Allocation Failure) 62M->62M(65M) 13.766ms
[2020-08-10T13:11:02.443+0300][1601.986s][info ][gc] GC(52922) Pause Young (Allocation Failure) 63M->63M(65M) 13.773ms
[2020-08-10T13:11:02.586+0300][1602.129s][debug][gc] GC(52923) Expanding ParOldGen from 64512K by 11264K to 75776K
[2020-08-10T13:11:02.586+0300][1602.129s][info ][gc] GC(52923) Pause Full (Ergonomics) 63M->63M(76M) 142.983ms
[2020-08-10T13:11:02.613+0300][1602.156s][info ][gc] GC(52924) Pause Young (Allocation Failure) 64M->64M(76M) 26.470ms
[2020-08-10T13:11:02.627+0300][1602.170s][info ][gc] GC(52925) Pause Young (Allocation Failure) 65M->65M(76M) 13.641ms
[2020-08-10T13:11:02.641+0300][1602.184s][info ][gc] GC(52926) Pause Young (Allocation Failure) 66M->66M(76M) 13.695ms
[2020-08-10T13:11:02.656+0300][1602.198s][info ][gc] GC(52927) Pause Young (Allocation Failure) 67M->67M(76M) 13.775ms
[2020-08-10T13:11:02.670+0300][1602.213s][info ][gc] GC(52928) Pause Young (Allocation Failure) 68M->68M(76M) 13.818ms
[2020-08-10T13:11:02.684+0300][1602.227s][info ][gc] GC(52929) Pause Young (Allocation Failure) 69M->69M(76M) 13.639ms
[2020-08-10T13:11:02.699+0300][1602.241s][info ][gc] GC(52930) Pause Young (Allocation Failure) 70M->70M(76M) 13.735ms
[2020-08-10T13:11:02.713+0300][1602.256s][info ][gc] GC(52931) Pause Young (Allocation Failure) 71M->71M(76M) 13.775ms
[2020-08-10T13:11:02.727+0300][1602.270s][info ][gc] GC(52932) Pause Young (Allocation Failure) 72M->72M(76M) 13.831ms
[2020-08-10T13:11:02.742+0300][1602.284s][info ][gc] GC(52933) Pause Young (Allocation Failure) 73M->73M(76M) 13.774ms
[2020-08-10T13:11:02.756+0300][1602.299s][info ][gc] GC(52934) Pause Young (Allocation Failure) 74M->74M(76M) 13.707ms
[2020-08-10T13:11:02.922+0300][1602.465s][debug][gc] GC(52935) Expanding ParOldGen from 75776K by 11264K to 87040K
[2020-08-10T13:11:02.922+0300][1602.465s][info ][gc] GC(52935) Pause Full (Ergonomics) 74M->73M(87M) 166.427ms
[2020-08-10T13:11:02.936+0300][1602.479s][info ][gc] GC(52936) Pause Young (Allocation Failure) 74M->74M(87M) 13.128ms
[2020-08-10T13:11:02.950+0300][1602.493s][info ][gc] GC(52937) Pause Young (Allocation Failure) 75M->75M(87M) 13.547ms
[2020-08-10T13:11:02.964+0300][1602.507s][info ][gc] GC(52938) Pause Young (Allocation Failure) 76M->76M(87M) 13.627ms
[2020-08-10T13:11:02.978+0300][1602.521s][info ][gc] GC(52939) Pause Young (Allocation Failure) 77M->77M(87M) 13.596ms
[2020-08-10T13:11:02.993+0300][1602.535s][info ][gc] GC(52940) Pause Young (Allocation Failure) 78M->78M(87M) 13.591ms
[2020-08-10T13:11:03.007+0300][1602.549s][info ][gc] GC(52941) Pause Young (Allocation Failure) 79M->79M(87M) 13.552ms
[2020-08-10T13:11:03.021+0300][1602.564s][info ][gc] GC(52942) Pause Young (Allocation Failure) 80M->80M(87M) 13.634ms
[2020-08-10T13:11:03.035+0300][1602.578s][info ][gc] GC(52943) Pause Young (Allocation Failure) 81M->81M(87M) 13.640ms
[2020-08-10T13:11:03.049+0300][1602.592s][info ][gc] GC(52944) Pause Young (Allocation Failure) 82M->82M(87M) 13.793ms
[2020-08-10T13:11:03.064+0300][1602.606s][info ][gc] GC(52945) Pause Young (Allocation Failure) 83M->83M(87M) 13.748ms
[2020-08-10T13:11:03.078+0300][1602.621s][info ][gc] GC(52946) Pause Young (Allocation Failure) 84M->84M(87M) 13.700ms
[2020-08-10T13:11:03.092+0300][1602.635s][info ][gc] GC(52947) Pause Young (Allocation Failure) 85M->85M(87M) 13.905ms
[2020-08-10T13:11:03.321+0300][1602.863s][debug][gc] GC(52948) Expanding ParOldGen from 87040K by 11264K to 98304K
[2020-08-10T13:11:03.321+0300][1602.864s][info ][gc] GC(52948) Pause Full (Ergonomics) 85M->85M(98M) 228.269ms
[2020-08-10T13:11:03.353+0300][1602.895s][info ][gc] GC(52949) Pause Young (Allocation Failure) 86M->86M(98M) 31.205ms
[2020-08-10T13:11:03.368+0300][1602.910s][info ][gc] GC(52950) Pause Young (Allocation Failure) 87M->87M(98M) 14.295ms
[2020-08-10T13:11:03.383+0300][1602.925s][info ][gc] GC(52951) Pause Young (Allocation Failure) 88M->88M(98M) 14.407ms
[2020-08-10T13:11:03.398+0300][1602.940s][info ][gc] GC(52952) Pause Young (Allocation Failure) 89M->89M(98M) 14.493ms
[2020-08-10T13:11:03.413+0300][1602.955s][info ][gc] GC(52953) Pause Young (Allocation Failure) 90M->89M(98M) 14.545ms
[2020-08-10T13:11:03.428+0300][1602.971s][info ][gc] GC(52954) Pause Young (Allocation Failure) 90M->90M(98M) 14.808ms
[2020-08-10T13:11:03.444+0300][1602.986s][info ][gc] GC(52955) Pause Young (Allocation Failure) 91M->91M(98M) 14.815ms
[2020-08-10T13:11:03.459+0300][1603.002s][info ][gc] GC(52956) Pause Young (Allocation Failure) 92M->92M(98M) 14.867ms
[2020-08-10T13:11:03.474+0300][1603.017s][info ][gc] GC(52957) Pause Young (Allocation Failure) 93M->93M(98M) 14.929ms
[2020-08-10T13:11:03.490+0300][1603.033s][info ][gc] GC(52958) Pause Young (Allocation Failure) 94M->94M(98M) 14.910ms
[2020-08-10T13:11:03.505+0300][1603.048s][info ][gc] GC(52959) Pause Young (Allocation Failure) 95M->95M(98M) 15.018ms
[2020-08-10T13:11:03.521+0300][1603.064s][info ][gc] GC(52960) Pause Young (Allocation Failure) 96M->96M(98M) 15.104ms
[2020-08-10T13:11:03.767+0300][1603.309s][debug][gc] GC(52961) Expanding ParOldGen from 98304K by 11264K to 109568K
[2020-08-10T13:11:03.767+0300][1603.310s][info ][gc] GC(52961) Pause Full (Ergonomics) 96M->96M(109M) 245.687ms
[2020-08-10T13:11:03.802+0300][1603.345s][info ][gc] GC(52962) Pause Young (Allocation Failure) 97M->97M(109M) 34.771ms
[2020-08-10T13:11:03.818+0300][1603.361s][info ][gc] GC(52963) Pause Young (Allocation Failure) 98M->98M(109M) 15.324ms
[2020-08-10T13:11:03.834+0300][1603.377s][info ][gc] GC(52964) Pause Young (Allocation Failure) 99M->99M(109M) 15.381ms
[2020-08-10T13:11:03.850+0300][1603.393s][info ][gc] GC(52965) Pause Young (Allocation Failure) 100M->100M(109M) 15.590ms
[2020-08-10T13:11:03.866+0300][1603.409s][info ][gc] GC(52966) Pause Young (Allocation Failure) 101M->101M(109M) 15.612ms
[2020-08-10T13:11:03.883+0300][1603.425s][info ][gc] GC(52967) Pause Young (Allocation Failure) 102M->102M(109M) 15.897ms
[2020-08-10T13:11:03.899+0300][1603.442s][info ][gc] GC(52968) Pause Young (Allocation Failure) 103M->103M(109M) 15.687ms
[2020-08-10T13:11:03.915+0300][1603.458s][info ][gc] GC(52969) Pause Young (Allocation Failure) 104M->104M(109M) 15.742ms
[2020-08-10T13:11:03.932+0300][1603.474s][info ][gc] GC(52970) Pause Young (Allocation Failure) 105M->105M(109M) 16.032ms
[2020-08-10T13:11:03.948+0300][1603.491s][info ][gc] GC(52971) Pause Young (Allocation Failure) 106M->106M(109M) 15.963ms
[2020-08-10T13:11:03.964+0300][1603.507s][info ][gc] GC(52972) Pause Young (Allocation Failure) 107M->106M(109M) 15.939ms
[2020-08-10T13:11:04.221+0300][1603.763s][debug][gc] GC(52973) Expanding ParOldGen from 109568K by 11264K to 120832K
[2020-08-10T13:11:04.221+0300][1603.764s][info ][gc] GC(52973) Pause Full (Ergonomics) 106M->106M(120M) 256.206ms
[2020-08-10T13:11:04.235+0300][1603.778s][info ][gc] GC(52974) Pause Young (Allocation Failure) 107M->107M(120M) 13.300ms
[2020-08-10T13:11:04.251+0300][1603.794s][info ][gc] GC(52975) Pause Young (Allocation Failure) 108M->108M(120M) 15.771ms
[2020-08-10T13:11:04.268+0300][1603.810s][info ][gc] GC(52976) Pause Young (Allocation Failure) 109M->109M(120M) 15.972ms
[2020-08-10T13:11:04.284+0300][1603.827s][info ][gc] GC(52977) Pause Young (Allocation Failure) 110M->110M(120M) 16.339ms
[2020-08-10T13:11:04.301+0300][1603.844s][info ][gc] GC(52978) Pause Young (Allocation Failure) 111M->111M(120M) 16.215ms
[2020-08-10T13:11:04.318+0300][1603.861s][info ][gc] GC(52979) Pause Young (Allocation Failure) 112M->112M(120M) 16.296ms
[2020-08-10T13:11:04.335+0300][1603.878s][info ][gc] GC(52980) Pause Young (Allocation Failure) 113M->113M(120M) 16.186ms
[2020-08-10T13:11:04.352+0300][1603.895s][info ][gc] GC(52981) Pause Young (Allocation Failure) 114M->114M(120M) 16.298ms
[2020-08-10T13:11:04.369+0300][1603.911s][info ][gc] GC(52982) Pause Young (Allocation Failure) 115M->115M(120M) 16.368ms
[2020-08-10T13:11:04.386+0300][1603.928s][info ][gc] GC(52983) Pause Young (Allocation Failure) 116M->116M(119M) 16.403ms
[2020-08-10T13:11:04.401+0300][1603.944s][info ][gc] GC(52984) Pause Young (Allocation Failure) 116M->116M(120M) 15.220ms
[2020-08-10T13:11:04.416+0300][1603.958s][info ][gc] GC(52985) Pause Young (Allocation Failure) 117M->117M(120M) 13.879ms
[2020-08-10T13:11:04.430+0300][1603.973s][info ][gc] GC(52986) Pause Young (Allocation Failure) 117M->117M(120M) 13.821ms
[2020-08-10T13:11:04.712+0300][1604.255s][debug][gc] GC(52987) Expanding ParOldGen from 120832K by 11264K to 132096K
[2020-08-10T13:11:04.712+0300][1604.255s][info ][gc] GC(52987) Pause Full (Ergonomics) 117M->117M(131M) 282.265ms
[2020-08-10T13:11:04.726+0300][1604.269s][info ][gc] GC(52988) Pause Young (Allocation Failure) 118M->118M(131M) 13.119ms
[2020-08-10T13:11:04.741+0300][1604.284s][info ][gc] GC(52989) Pause Young (Allocation Failure) 118M->118M(131M) 14.661ms
[2020-08-10T13:11:04.778+0300][1604.321s][info ][gc] GC(52990) Pause Young (Allocation Failure) 119M->119M(131M) 36.723ms
[2020-08-10T13:11:04.798+0300][1604.340s][info ][gc] GC(52991) Pause Young (Allocation Failure) 119M->119M(131M) 19.151ms
[2020-08-10T13:11:04.812+0300][1604.355s][info ][gc] GC(52992) Pause Young (Allocation Failure) 119M->119M(131M) 14.140ms
[2020-08-10T13:11:04.831+0300][1604.374s][info ][gc] GC(52993) Pause Young (Allocation Failure) 120M->120M(131M) 18.343ms
[2020-08-10T13:11:04.846+0300][1604.388s][info ][gc] GC(52994) Pause Young (Allocation Failure) 120M->120M(131M) 14.491ms
[2020-08-10T13:11:04.861+0300][1604.404s][info ][gc] GC(52995) Pause Young (Allocation Failure) 121M->121M(131M) 14.508ms
[2020-08-10T13:11:04.876+0300][1604.419s][info ][gc] GC(52996) Pause Young (Allocation Failure) 121M->121M(131M) 14.547ms
[2020-08-10T13:11:04.891+0300][1604.434s][info ][gc] GC(52997) Pause Young (Allocation Failure) 122M->122M(131M) 14.522ms
[2020-08-10T13:11:04.907+0300][1604.450s][info ][gc] GC(52998) Pause Young (Allocation Failure) 122M->122M(131M) 16.270ms
[2020-08-10T13:11:04.923+0300][1604.466s][info ][gc] GC(52999) Pause Young (Allocation Failure) 123M->123M(131M) 15.286ms
[2020-08-10T13:11:04.938+0300][1604.481s][info ][gc] GC(53000) Pause Young (Allocation Failure) 123M->123M(131M) 14.482ms
[2020-08-10T13:11:04.977+0300][1604.520s][info ][gc] GC(53001) Pause Young (Allocation Failure) 124M->123M(130M) 38.178ms
[2020-08-10T13:11:04.994+0300][1604.536s][info ][gc] GC(53002) Pause Young (Allocation Failure) 124M->124M(130M) 16.352ms
[2020-08-10T13:11:05.018+0300][1604.561s][info ][gc] GC(53003) Pause Young (Allocation Failure) 124M->124M(130M) 24.047ms
[2020-08-10T13:11:05.037+0300][1604.579s][info ][gc] GC(53004) Pause Young (Allocation Failure) 125M->125M(130M) 18.180ms
[2020-08-10T13:11:05.059+0300][1604.602s][info ][gc] GC(53005) Pause Young (Allocation Failure) 125M->125M(130M) 22.468ms
[2020-08-10T13:11:05.075+0300][1604.617s][info ][gc] GC(53006) Pause Young (Allocation Failure) 126M->126M(130M) 14.906ms
[2020-08-10T13:11:05.090+0300][1604.633s][info ][gc] GC(53007) Pause Young (Allocation Failure) 126M->126M(130M) 14.856ms
[2020-08-10T13:11:05.111+0300][1604.653s][info ][gc] GC(53008) Pause Young (Allocation Failure) 127M->127M(130M) 20.288ms
[2020-08-10T13:11:05.126+0300][1604.669s][info ][gc] GC(53009) Pause Young (Allocation Failure) 127M->127M(130M) 15.188ms
[2020-08-10T13:11:05.142+0300][1604.684s][info ][gc] GC(53010) Pause Young (Allocation Failure) 128M->128M(130M) 14.825ms
[2020-08-10T13:11:05.157+0300][1604.700s][info ][gc] GC(53011) Pause Young (Allocation Failure) 128M->128M(130M) 15.093ms
[2020-08-10T13:11:05.193+0300][1604.736s][info ][gc] GC(53012) Pause Young (Allocation Failure) 129M->129M(130M) 35.303ms
[2020-08-10T13:11:05.524+0300][1605.067s][debug][gc] GC(53013) Expanding ParOldGen from 132096K by 10752K to 142848K
[2020-08-10T13:11:05.524+0300][1605.067s][info ][gc] GC(53013) Pause Full (Ergonomics) 129M->128M(141M) 331.348ms
[2020-08-10T13:11:05.539+0300][1605.081s][info ][gc] GC(53014) Pause Young (Allocation Failure) 129M->129M(141M) 13.927ms
[2020-08-10T13:11:05.555+0300][1605.097s][info ][gc] GC(53015) Pause Young (Allocation Failure) 129M->129M(141M) 15.457ms
[2020-08-10T13:11:05.592+0300][1605.135s][info ][gc] GC(53016) Pause Young (Allocation Failure) 130M->130M(141M) 37.253ms
[2020-08-10T13:11:05.607+0300][1605.150s][info ][gc] GC(53017) Pause Young (Allocation Failure) 130M->130M(141M) 14.971ms
[2020-08-10T13:11:05.630+0300][1605.173s][info ][gc] GC(53018) Pause Young (Allocation Failure) 131M->131M(141M) 22.120ms
[2020-08-10T13:11:05.645+0300][1605.188s][info ][gc] GC(53019) Pause Young (Allocation Failure) 131M->131M(141M) 15.031ms
[2020-08-10T13:11:05.661+0300][1605.203s][info ][gc] GC(53020) Pause Young (Allocation Failure) 131M->131M(141M) 14.983ms
[2020-08-10T13:11:05.682+0300][1605.225s][info ][gc] GC(53021) Pause Young (Allocation Failure) 132M->132M(141M) 21.073ms
[2020-08-10T13:11:05.698+0300][1605.241s][info ][gc] GC(53022) Pause Young (Allocation Failure) 132M->132M(141M) 15.245ms
[2020-08-10T13:11:05.714+0300][1605.256s][info ][gc] GC(53023) Pause Young (Allocation Failure) 133M->133M(141M) 15.316ms
[2020-08-10T13:11:05.729+0300][1605.272s][info ][gc] GC(53024) Pause Young (Allocation Failure) 133M->133M(141M) 15.025ms
[2020-08-10T13:11:05.745+0300][1605.288s][info ][gc] GC(53025) Pause Young (Allocation Failure) 134M->134M(141M) 15.292ms
[2020-08-10T13:11:05.780+0300][1605.323s][info ][gc] GC(53026) Pause Young (Allocation Failure) 134M->134M(141M) 35.240ms
[2020-08-10T13:11:05.796+0300][1605.339s][info ][gc] GC(53027) Pause Young (Allocation Failure) 135M->135M(141M) 15.384ms
[2020-08-10T13:11:05.812+0300][1605.355s][info ][gc] GC(53028) Pause Young (Allocation Failure) 135M->135M(141M) 15.311ms
[2020-08-10T13:11:05.812+0300][1605.355s][debug][gc] Expanding ParOldGen from 142848K by 19968K to 162816K
[2020-08-10T13:11:05.847+0300][1605.390s][info ][gc] GC(53029) Pause Young (Allocation Failure) 155M->154M(160M) 26.983ms
[2020-08-10T13:11:05.873+0300][1605.416s][info ][gc] GC(53030) Pause Young (Allocation Failure) 155M->155M(160M) 25.966ms
[2020-08-10T13:11:05.899+0300][1605.442s][info ][gc] GC(53031) Pause Young (Allocation Failure) 155M->155M(160M) 25.184ms
[2020-08-10T13:11:05.949+0300][1605.492s][info ][gc] GC(53032) Pause Young (Allocation Failure) 156M->156M(160M) 50.076ms
[2020-08-10T13:11:05.975+0300][1605.518s][info ][gc] GC(53033) Pause Young (Allocation Failure) 156M->156M(160M) 25.490ms
[2020-08-10T13:11:06.001+0300][1605.544s][info ][gc] GC(53034) Pause Young (Allocation Failure) 157M->157M(160M) 25.439ms
[2020-08-10T13:11:06.027+0300][1605.570s][info ][gc] GC(53035) Pause Young (Allocation Failure) 157M->157M(160M) 25.460ms
[2020-08-10T13:11:06.053+0300][1605.596s][info ][gc] GC(53036) Pause Young (Allocation Failure) 158M->158M(160M) 25.359ms
[2020-08-10T13:11:06.079+0300][1605.622s][info ][gc] GC(53037) Pause Young (Allocation Failure) 158M->158M(160M) 25.333ms
[2020-08-10T13:11:06.105+0300][1605.647s][info ][gc] GC(53038) Pause Young (Allocation Failure) 159M->159M(160M) 25.403ms
[2020-08-10T13:11:06.175+0300][1605.718s][debug][gc] GC(53039) Shrinking ParOldGen from 162816K by 125952K to 36864K
[2020-08-10T13:11:06.175+0300][1605.718s][info ][gc] GC(53039) Pause Full (Ergonomics) 159M->25M(37M) 70.080ms
[2020-08-10T13:11:06.193+0300][1605.736s][info ][gc] GC(53040) Pause Young (Allocation Failure) 25M->25M(37M) 17.953ms
[2020-08-10T13:11:06.210+0300][1605.753s][info ][gc] GC(53041) Pause Young (Allocation Failure) 26M->26M(37M) 16.486ms
[2020-08-10T13:11:06.223+0300][1605.766s][info ][gc] GC(53042) Pause Young (Allocation Failure) 26M->26M(37M) 12.875ms
[2020-08-10T13:11:06.237+0300][1605.780s][info ][gc] GC(53043) Pause Young (Allocation Failure) 27M->27M(37M) 12.842ms
[2020-08-10T13:11:06.250+0300][1605.793s][info ][gc] GC(53044) Pause Young (Allocation Failure) 27M->27M(37M) 12.635ms
[2020-08-10T13:11:06.263+0300][1605.806s][info ][gc] GC(53045) Pause Young (Allocation Failure) 28M->28M(37M) 12.943ms
[2020-08-10T13:11:06.277+0300][1605.820s][info ][gc] GC(53046) Pause Young (Allocation Failure) 28M->28M(37M) 12.888ms
[2020-08-10T13:11:06.290+0300][1605.833s][info ][gc] GC(53047) Pause Young (Allocation Failure) 29M->28M(37M) 12.890ms
[2020-08-10T13:11:06.304+0300][1605.846s][info ][gc] GC(53048) Pause Young (Allocation Failure) 29M->29M(37M) 12.963ms
[2020-08-10T13:11:06.317+0300][1605.860s][info ][gc] GC(53049) Pause Young (Allocation Failure) 29M->29M(37M) 13.024ms
[2020-08-10T13:11:06.330+0300][1605.873s][info ][gc] GC(53050) Pause Young (Allocation Failure) 30M->30M(37M) 12.899ms
[2020-08-10T13:11:06.344+0300][1605.887s][info ][gc] GC(53051) Pause Young (Allocation Failure) 30M->30M(37M) 13.013ms
[2020-08-10T13:11:06.357+0300][1605.900s][info ][gc] GC(53052) Pause Young (Allocation Failure) 31M->31M(37M) 13.095ms
[2020-08-10T13:11:06.371+0300][1605.914s][info ][gc] GC(53053) Pause Young (Allocation Failure) 31M->31M(37M) 12.912ms
[2020-08-10T13:11:06.384+0300][1605.927s][info ][gc] GC(53054) Pause Young (Allocation Failure) 32M->32M(37M) 12.953ms
[2020-08-10T13:11:06.398+0300][1605.940s][info ][gc] GC(53055) Pause Young (Allocation Failure) 32M->32M(37M) 12.940ms
[2020-08-10T13:11:06.411+0300][1605.954s][info ][gc] GC(53056) Pause Young (Allocation Failure) 33M->33M(37M) 12.889ms
[2020-08-10T13:11:06.424+0300][1605.967s][info ][gc] GC(53057) Pause Young (Allocation Failure) 33M->33M(37M) 13.010ms
[2020-08-10T13:11:06.438+0300][1605.981s][info ][gc] GC(53058) Pause Young (Allocation Failure) 34M->34M(37M) 13.122ms
[2020-08-10T13:11:06.451+0300][1605.994s][info ][gc] GC(53059) Pause Young (Allocation Failure) 34M->34M(37M) 12.903ms
[2020-08-10T13:11:06.465+0300][1606.008s][info ][gc] GC(53060) Pause Young (Allocation Failure) 35M->35M(37M) 13.168ms
[2020-08-10T13:11:06.479+0300][1606.022s][info ][gc] GC(53061) Pause Young (Allocation Failure) 36M->36M(38M) 13.194ms
[2020-08-10T13:11:06.543+0300][1606.086s][debug][gc] GC(53062) Expanding ParOldGen from 36864K by 10752K to 47616K
[2020-08-10T13:11:06.543+0300][1606.086s][info ][gc] GC(53062) Pause Full (Ergonomics) 36M->36M(48M) 64.101ms
[2020-08-10T13:11:06.560+0300][1606.103s][info ][gc] GC(53063) Pause Young (Allocation Failure) 37M->37M(48M) 16.936ms
[2020-08-10T13:11:06.574+0300][1606.117s][info ][gc] GC(53064) Pause Young (Allocation Failure) 38M->38M(49M) 13.369ms
[2020-08-10T13:11:06.588+0300][1606.131s][info ][gc] GC(53065) Pause Young (Allocation Failure) 39M->38M(49M) 13.246ms
[2020-08-10T13:11:06.602+0300][1606.144s][info ][gc] GC(53066) Pause Young (Allocation Failure) 39M->39M(49M) 13.208ms
[2020-08-10T13:11:06.615+0300][1606.158s][info ][gc] GC(53067) Pause Young (Allocation Failure) 40M->40M(49M) 13.314ms
[2020-08-10T13:11:06.629+0300][1606.172s][info ][gc] GC(53068) Pause Young (Allocation Failure) 41M->41M(49M) 13.329ms
[2020-08-10T13:11:06.643+0300][1606.186s][info ][gc] GC(53069) Pause Young (Allocation Failure) 42M->42M(49M) 13.439ms
[2020-08-10T13:11:06.657+0300][1606.200s][info ][gc] GC(53070) Pause Young (Allocation Failure) 43M->43M(49M) 13.440ms
[2020-08-10T13:11:06.671+0300][1606.214s][info ][gc] GC(53071) Pause Young (Allocation Failure) 44M->44M(49M) 13.384ms
[2020-08-10T13:11:06.685+0300][1606.228s][info ][gc] GC(53072) Pause Young (Allocation Failure) 45M->45M(49M) 13.550ms
[2020-08-10T13:11:06.699+0300][1606.242s][info ][gc] GC(53073) Pause Young (Allocation Failure) 46M->46M(49M) 13.493ms
[2020-08-10T13:11:06.789+0300][1606.332s][debug][gc] GC(53074) Expanding ParOldGen from 47616K by 11776K to 59392K
[2020-08-10T13:11:06.789+0300][1606.332s][info ][gc] GC(53074) Pause Full (Ergonomics) 46M->46M(60M) 89.902ms
[2020-08-10T13:11:06.802+0300][1606.345s][info ][gc] GC(53075) Pause Young (Allocation Failure) 47M->47M(60M) 12.981ms
[2020-08-10T13:11:06.816+0300][1606.359s][info ][gc] GC(53076) Pause Young (Allocation Failure) 48M->48M(60M) 13.443ms
[2020-08-10T13:11:06.830+0300][1606.373s][info ][gc] GC(53077) Pause Young (Allocation Failure) 49M->49M(60M) 13.425ms
[2020-08-10T13:11:06.844+0300][1606.387s][info ][gc] GC(53078) Pause Young (Allocation Failure) 50M->50M(60M) 13.413ms
[2020-08-10T13:11:06.858+0300][1606.401s][info ][gc] GC(53079) Pause Young (Allocation Failure) 51M->51M(60M) 13.480ms
[2020-08-10T13:11:06.872+0300][1606.415s][info ][gc] GC(53080) Pause Young (Allocation Failure) 52M->52M(60M) 13.368ms
[2020-08-10T13:11:06.886+0300][1606.429s][info ][gc] GC(53081) Pause Young (Allocation Failure) 53M->52M(60M) 13.529ms
[2020-08-10T13:11:06.900+0300][1606.443s][info ][gc] GC(53082) Pause Young (Allocation Failure) 53M->53M(60M) 13.503ms
[2020-08-10T13:11:06.914+0300][1606.457s][info ][gc] GC(53083) Pause Young (Allocation Failure) 54M->54M(60M) 13.515ms
[2020-08-10T13:11:06.928+0300][1606.471s][info ][gc] GC(53084) Pause Young (Allocation Failure) 55M->55M(60M) 13.564ms
[2020-08-10T13:11:06.943+0300][1606.486s][info ][gc] GC(53085) Pause Young (Allocation Failure) 56M->56M(60M) 13.598ms
[2020-08-10T13:11:06.957+0300][1606.500s][info ][gc] GC(53086) Pause Young (Allocation Failure) 57M->57M(60M) 13.546ms
[2020-08-10T13:11:06.971+0300][1606.514s][info ][gc] GC(53087) Pause Young (Allocation Failure) 58M->58M(60M) 13.472ms
[2020-08-10T13:11:07.095+0300][1606.638s][debug][gc] GC(53088) Expanding ParOldGen from 59392K by 11264K to 70656K
[2020-08-10T13:11:07.096+0300][1606.639s][info ][gc] GC(53088) Pause Full (Ergonomics) 58M->58M(71M) 124.677ms
[2020-08-10T13:11:07.120+0300][1606.663s][info ][gc] GC(53089) Pause Young (Allocation Failure) 59M->59M(71M) 24.397ms
[2020-08-10T13:11:07.135+0300][1606.678s][info ][gc] GC(53090) Pause Young (Allocation Failure) 60M->60M(71M) 13.806ms
[2020-08-10T13:11:07.149+0300][1606.692s][info ][gc] GC(53091) Pause Young (Allocation Failure) 61M->61M(71M) 13.694ms
[2020-08-10T13:11:07.163+0300][1606.706s][info ][gc] GC(53092) Pause Young (Allocation Failure) 62M->62M(71M) 13.506ms
[2020-08-10T13:11:07.177+0300][1606.720s][info ][gc] GC(53093) Pause Young (Allocation Failure) 63M->63M(71M) 13.626ms
[2020-08-10T13:11:07.191+0300][1606.734s][info ][gc] GC(53094) Pause Young (Allocation Failure) 64M->64M(71M) 13.430ms
[2020-08-10T13:11:07.205+0300][1606.748s][info ][gc] GC(53095) Pause Young (Allocation Failure) 65M->65M(71M) 13.758ms
[2020-08-10T13:11:07.220+0300][1606.763s][info ][gc] GC(53096) Pause Young (Allocation Failure) 66M->66M(71M) 13.759ms
[2020-08-10T13:11:07.234+0300][1606.777s][info ][gc] GC(53097) Pause Young (Allocation Failure) 67M->67M(71M) 13.627ms
[2020-08-10T13:11:07.248+0300][1606.791s][info ][gc] GC(53098) Pause Young (Allocation Failure) 68M->68M(71M) 13.790ms
[2020-08-10T13:11:07.262+0300][1606.805s][info ][gc] GC(53099) Pause Young (Allocation Failure) 69M->68M(71M) 13.673ms
[2020-08-10T13:11:07.410+0300][1606.953s][debug][gc] GC(53100) Expanding ParOldGen from 70656K by 11264K to 81920K
[2020-08-10T13:11:07.410+0300][1606.953s][info ][gc] GC(53100) Pause Full (Ergonomics) 68M->68M(82M) 147.207ms
[2020-08-10T13:11:07.424+0300][1606.967s][info ][gc] GC(53101) Pause Young (Allocation Failure) 69M->69M(82M) 13.118ms
[2020-08-10T13:11:07.438+0300][1606.981s][info ][gc] GC(53102) Pause Young (Allocation Failure) 70M->70M(82M) 13.551ms
[2020-08-10T13:11:07.452+0300][1606.995s][info ][gc] GC(53103) Pause Young (Allocation Failure) 71M->71M(82M) 13.322ms
[2020-08-10T13:11:07.466+0300][1607.009s][info ][gc] GC(53104) Pause Young (Allocation Failure) 72M->72M(82M) 13.600ms
[2020-08-10T13:11:07.480+0300][1607.023s][info ][gc] GC(53105) Pause Young (Allocation Failure) 73M->73M(82M) 13.607ms
[2020-08-10T13:11:07.494+0300][1607.037s][info ][gc] GC(53106) Pause Young (Allocation Failure) 74M->74M(82M) 13.610ms
[2020-08-10T13:11:07.508+0300][1607.051s][info ][gc] GC(53107) Pause Young (Allocation Failure) 75M->75M(82M) 13.505ms
[2020-08-10T13:11:07.522+0300][1607.065s][info ][gc] GC(53108) Pause Young (Allocation Failure) 76M->76M(82M) 13.582ms
[2020-08-10T13:11:07.536+0300][1607.079s][info ][gc] GC(53109) Pause Young (Allocation Failure) 77M->77M(82M) 13.716ms
[2020-08-10T13:11:07.551+0300][1607.094s][info ][gc] GC(53110) Pause Young (Allocation Failure) 78M->78M(82M) 13.617ms
[2020-08-10T13:11:07.565+0300][1607.108s][info ][gc] GC(53111) Pause Young (Allocation Failure) 79M->79M(82M) 13.522ms
[2020-08-10T13:11:07.579+0300][1607.122s][info ][gc] GC(53112) Pause Young (Allocation Failure) 80M->80M(82M) 13.659ms
[2020-08-10T13:11:07.816+0300][1607.359s][debug][gc] GC(53113) Expanding ParOldGen from 81920K by 11264K to 93184K
[2020-08-10T13:11:07.817+0300][1607.360s][info ][gc] GC(53113) Pause Full (Ergonomics) 80M->80M(93M) 237.477ms
[2020-08-10T13:11:07.850+0300][1607.393s][info ][gc] GC(53114) Pause Young (Allocation Failure) 81M->81M(93M) 32.672ms
[2020-08-10T13:11:07.864+0300][1607.407s][info ][gc] GC(53115) Pause Young (Allocation Failure) 82M->82M(93M) 13.970ms
[2020-08-10T13:11:07.879+0300][1607.422s][info ][gc] GC(53116) Pause Young (Allocation Failure) 83M->82M(93M) 13.918ms
[2020-08-10T13:11:07.893+0300][1607.436s][info ][gc] GC(53117) Pause Young (Allocation Failure) 83M->83M(93M) 13.954ms
[2020-08-10T13:11:07.908+0300][1607.451s][info ][gc] GC(53118) Pause Young (Allocation Failure) 84M->84M(93M) 14.016ms
[2020-08-10T13:11:07.923+0300][1607.465s][info ][gc] GC(53119) Pause Young (Allocation Failure) 85M->85M(93M) 14.384ms
[2020-08-10T13:11:07.938+0300][1607.481s][info ][gc] GC(53120) Pause Young (Allocation Failure) 86M->86M(93M) 14.520ms
[2020-08-10T13:11:07.953+0300][1607.496s][info ][gc] GC(53121) Pause Young (Allocation Failure) 87M->87M(93M) 14.623ms
[2020-08-10T13:11:07.968+0300][1607.511s][info ][gc] GC(53122) Pause Young (Allocation Failure) 88M->88M(93M) 14.328ms
[2020-08-10T13:11:07.983+0300][1607.526s][info ][gc] GC(53123) Pause Young (Allocation Failure) 89M->89M(93M) 14.557ms
[2020-08-10T13:11:07.998+0300][1607.541s][info ][gc] GC(53124) Pause Young (Allocation Failure) 90M->90M(93M) 14.583ms
[2020-08-10T13:11:08.013+0300][1607.556s][info ][gc] GC(53125) Pause Young (Allocation Failure) 91M->91M(93M) 14.637ms
[2020-08-10T13:11:08.229+0300][1607.772s][debug][gc] GC(53126) Expanding ParOldGen from 93184K by 11776K to 104960K
[2020-08-10T13:11:08.229+0300][1607.772s][info ][gc] GC(53126) Pause Full (Ergonomics) 91M->91M(104M) 216.044ms
[2020-08-10T13:11:08.262+0300][1607.805s][info ][gc] GC(53127) Pause Young (Allocation Failure) 92M->92M(104M) 32.632ms
[2020-08-10T13:11:08.278+0300][1607.821s][info ][gc] GC(53128) Pause Young (Allocation Failure) 93M->93M(104M) 14.860ms
[2020-08-10T13:11:08.293+0300][1607.836s][info ][gc] GC(53129) Pause Young (Allocation Failure) 94M->94M(104M) 14.911ms
[2020-08-10T13:11:08.329+0300][1607.872s][info ][gc] GC(53130) Pause Young (Allocation Failure) 95M->95M(104M) 35.593ms
[2020-08-10T13:11:08.345+0300][1607.888s][info ][gc] GC(53131) Pause Young (Allocation Failure) 96M->96M(104M) 15.004ms
[2020-08-10T13:11:08.360+0300][1607.903s][info ][gc] GC(53132) Pause Young (Allocation Failure) 97M->97M(104M) 14.875ms
[2020-08-10T13:11:08.376+0300][1607.919s][info ][gc] GC(53133) Pause Young (Allocation Failure) 98M->98M(104M) 15.256ms
[2020-08-10T13:11:08.392+0300][1607.935s][info ][gc] GC(53134) Pause Young (Allocation Failure) 99M->99M(104M) 15.303ms
[2020-08-10T13:11:08.408+0300][1607.951s][info ][gc] GC(53135) Pause Young (Allocation Failure) 100M->99M(104M) 15.401ms
[2020-08-10T13:11:08.424+0300][1607.967s][info ][gc] GC(53136) Pause Young (Allocation Failure) 100M->100M(104M) 15.691ms
[2020-08-10T13:11:08.440+0300][1607.983s][info ][gc] GC(53137) Pause Young (Allocation Failure) 101M->101M(104M) 15.732ms
[2020-08-10T13:11:08.456+0300][1607.999s][info ][gc] GC(53138) Pause Young (Allocation Failure) 102M->102M(104M) 15.724ms
[2020-08-10T13:11:08.707+0300][1608.250s][debug][gc] GC(53139) Expanding ParOldGen from 104960K by 11264K to 116224K
[2020-08-10T13:11:08.707+0300][1608.250s][info ][gc] GC(53139) Pause Full (Ergonomics) 102M->102M(115M) 250.353ms
[2020-08-10T13:11:08.743+0300][1608.286s][info ][gc] GC(53140) Pause Young (Allocation Failure) 103M->103M(115M) 35.380ms
[2020-08-10T13:11:08.759+0300][1608.302s][info ][gc] GC(53141) Pause Young (Allocation Failure) 104M->104M(115M) 15.755ms
[2020-08-10T13:11:08.775+0300][1608.318s][info ][gc] GC(53142) Pause Young (Allocation Failure) 105M->105M(115M) 15.841ms
[2020-08-10T13:11:08.791+0300][1608.334s][info ][gc] GC(53143) Pause Young (Allocation Failure) 106M->106M(115M) 15.818ms
[2020-08-10T13:11:08.808+0300][1608.351s][info ][gc] GC(53144) Pause Young (Allocation Failure) 107M->107M(115M) 16.000ms
[2020-08-10T13:11:08.825+0300][1608.368s][info ][gc] GC(53145) Pause Young (Allocation Failure) 108M->108M(115M) 16.279ms
[2020-08-10T13:11:08.842+0300][1608.385s][info ][gc] GC(53146) Pause Young (Allocation Failure) 109M->109M(115M) 16.266ms
[2020-08-10T13:11:08.859+0300][1608.402s][info ][gc] GC(53147) Pause Young (Allocation Failure) 110M->110M(115M) 16.444ms
[2020-08-10T13:11:08.876+0300][1608.419s][info ][gc] GC(53148) Pause Young (Allocation Failure) 111M->111M(115M) 16.395ms
[2020-08-10T13:11:08.893+0300][1608.436s][info ][gc] GC(53149) Pause Young (Allocation Failure) 112M->112M(115M) 16.748ms
[2020-08-10T13:11:08.910+0300][1608.453s][info ][gc] GC(53150) Pause Young (Allocation Failure) 113M->113M(115M) 16.552ms
[2020-08-10T13:11:08.946+0300][1608.489s][info ][gc] GC(53151) Pause Young (Allocation Failure) 114M->114M(115M) 35.365ms
[2020-08-10T13:11:09.219+0300][1608.762s][debug][gc] GC(53152) Expanding ParOldGen from 116224K by 11264K to 127488K
[2020-08-10T13:11:09.219+0300][1608.762s][info ][gc] GC(53152) Pause Full (Ergonomics) 114M->113M(126M) 273.139ms
[2020-08-10T13:11:09.251+0300][1608.794s][info ][gc] GC(53153) Pause Young (Allocation Failure) 114M->114M(126M) 31.933ms
[2020-08-10T13:11:09.269+0300][1608.812s][info ][gc] GC(53154) Pause Young (Allocation Failure) 115M->115M(126M) 17.722ms
[2020-08-10T13:11:09.287+0300][1608.830s][info ][gc] GC(53155) Pause Young (Allocation Failure) 116M->116M(126M) 17.040ms
[2020-08-10T13:11:09.305+0300][1608.848s][info ][gc] GC(53156) Pause Young (Allocation Failure) 117M->117M(126M) 17.454ms
[2020-08-10T13:11:09.323+0300][1608.866s][info ][gc] GC(53157) Pause Young (Allocation Failure) 118M->118M(126M) 17.357ms
[2020-08-10T13:11:09.340+0300][1608.883s][info ][gc] GC(53158) Pause Young (Allocation Failure) 119M->119M(126M) 17.208ms
[2020-08-10T13:11:09.358+0300][1608.901s][info ][gc] GC(53159) Pause Young (Allocation Failure) 120M->120M(127M) 17.371ms
[2020-08-10T13:11:09.376+0300][1608.919s][info ][gc] GC(53160) Pause Young (Allocation Failure) 121M->121M(127M) 17.347ms
[2020-08-10T13:11:09.394+0300][1608.937s][info ][gc] GC(53161) Pause Young (Allocation Failure) 122M->122M(127M) 17.478ms
[2020-08-10T13:11:09.411+0300][1608.954s][info ][gc] GC(53162) Pause Young (Allocation Failure) 123M->123M(127M) 17.451ms
[2020-08-10T13:11:09.430+0300][1608.973s][info ][gc] GC(53163) Pause Young (Allocation Failure) 124M->124M(127M) 18.059ms
[2020-08-10T13:11:09.749+0300][1609.292s][debug][gc] GC(53164) Expanding ParOldGen from 127488K by 11264K to 138752K
[2020-08-10T13:11:09.749+0300][1609.292s][info ][gc] GC(53164) Pause Full (Ergonomics) 124M->124M(138M) 318.723ms
[2020-08-10T13:11:09.764+0300][1609.307s][info ][gc] GC(53165) Pause Young (Allocation Failure) 125M->125M(138M) 14.839ms
[2020-08-10T13:11:09.788+0300][1609.331s][info ][gc] GC(53166) Pause Young (Allocation Failure) 126M->126M(138M) 23.357ms
[2020-08-10T13:11:09.806+0300][1609.349s][info ][gc] GC(53167) Pause Young (Allocation Failure) 127M->127M(138M) 17.726ms
[2020-08-10T13:11:09.824+0300][1609.367s][info ][gc] GC(53168) Pause Young (Allocation Failure) 128M->128M(138M) 17.668ms
[2020-08-10T13:11:09.843+0300][1609.386s][info ][gc] GC(53169) Pause Young (Allocation Failure) 129M->129M(138M) 18.602ms
[2020-08-10T13:11:09.862+0300][1609.405s][info ][gc] GC(53170) Pause Young (Allocation Failure) 130M->130M(138M) 17.871ms
[2020-08-10T13:11:09.880+0300][1609.423s][info ][gc] GC(53171) Pause Young (Allocation Failure) 131M->131M(138M) 17.923ms
[2020-08-10T13:11:09.899+0300][1609.442s][info ][gc] GC(53172) Pause Young (Allocation Failure) 132M->131M(138M) 18.105ms
[2020-08-10T13:11:09.917+0300][1609.460s][info ][gc] GC(53173) Pause Young (Allocation Failure) 132M->132M(138M) 17.874ms
[2020-08-10T13:11:09.936+0300][1609.479s][info ][gc] GC(53174) Pause Young (Allocation Failure) 133M->133M(138M) 18.058ms
[2020-08-10T13:11:09.954+0300][1609.497s][info ][gc] GC(53175) Pause Young (Allocation Failure) 134M->134M(138M) 18.136ms
[2020-08-10T13:11:09.954+0300][1609.497s][debug][gc] Expanding ParOldGen from 138752K by 19968K to 158720K
[2020-08-10T13:11:09.996+0300][1609.539s][info ][gc] GC(53176) Pause Young (Allocation Failure) 154M->154M(157M) 33.807ms
[2020-08-10T13:11:10.025+0300][1609.568s][info ][gc] GC(53177) Pause Young (Allocation Failure) 155M->155M(157M) 28.288ms
[2020-08-10T13:11:10.068+0300][1609.611s][debug][gc] GC(53178) Shrinking ParOldGen from 158720K by 124416K to 34304K
[2020-08-10T13:11:10.068+0300][1609.611s][info ][gc] GC(53178) Pause Full (Ergonomics) 155M->22M(36M) 42.882ms
[2020-08-10T13:11:10.081+0300][1609.624s][info ][gc] GC(53179) Pause Young (Allocation Failure) 23M->23M(36M) 12.777ms
[2020-08-10T13:11:10.095+0300][1609.638s][info ][gc] GC(53180) Pause Young (Allocation Failure) 24M->23M(36M) 13.352ms
[2020-08-10T13:11:10.108+0300][1609.651s][info ][gc] GC(53181) Pause Young (Allocation Failure) 24M->24M(36M) 13.151ms
[2020-08-10T13:11:10.122+0300][1609.665s][info ][gc] GC(53182) Pause Young (Allocation Failure) 25M->25M(36M) 13.486ms
[2020-08-10T13:11:10.136+0300][1609.679s][info ][gc] GC(53183) Pause Young (Allocation Failure) 26M->26M(36M) 13.323ms
[2020-08-10T13:11:10.150+0300][1609.693s][info ][gc] GC(53184) Pause Young (Allocation Failure) 27M->27M(36M) 13.491ms
[2020-08-10T13:11:10.164+0300][1609.707s][info ][gc] GC(53185) Pause Young (Allocation Failure) 28M->28M(36M) 13.325ms
[2020-08-10T13:11:10.178+0300][1609.721s][info ][gc] GC(53186) Pause Young (Allocation Failure) 29M->29M(36M) 13.450ms
[2020-08-10T13:11:10.192+0300][1609.735s][info ][gc] GC(53187) Pause Young (Allocation Failure) 30M->30M(36M) 13.357ms
[2020-08-10T13:11:10.206+0300][1609.749s][info ][gc] GC(53188) Pause Young (Allocation Failure) 31M->31M(36M) 13.458ms
[2020-08-10T13:11:10.220+0300][1609.763s][info ][gc] GC(53189) Pause Young (Allocation Failure) 32M->32M(36M) 13.374ms
[2020-08-10T13:11:10.233+0300][1609.777s][info ][gc] GC(53190) Pause Young (Allocation Failure) 33M->33M(36M) 13.492ms
[2020-08-10T13:11:10.289+0300][1609.832s][debug][gc] GC(53191) Expanding ParOldGen from 34304K by 11264K to 45568K
[2020-08-10T13:11:10.289+0300][1609.832s][info ][gc] GC(53191) Pause Full (Ergonomics) 33M->33M(47M) 55.553ms
[2020-08-10T13:11:10.303+0300][1609.846s][info ][gc] GC(53192) Pause Young (Allocation Failure) 34M->34M(47M) 12.845ms
[2020-08-10T13:11:10.317+0300][1609.860s][info ][gc] GC(53193) Pause Young (Allocation Failure) 35M->35M(47M) 13.455ms
[2020-08-10T13:11:10.331+0300][1609.874s][info ][gc] GC(53194) Pause Young (Allocation Failure) 36M->36M(46M) 13.466ms
[2020-08-10T13:11:10.345+0300][1609.888s][info ][gc] GC(53195) Pause Young (Allocation Failure) 37M->37M(46M) 13.345ms
[2020-08-10T13:11:10.359+0300][1609.902s][info ][gc] GC(53196) Pause Young (Allocation Failure) 38M->38M(46M) 13.406ms
[2020-08-10T13:11:10.373+0300][1609.916s][info ][gc] GC(53197) Pause Young (Allocation Failure) 39M->39M(46M) 13.562ms
[2020-08-10T13:11:10.387+0300][1609.930s][info ][gc] GC(53198) Pause Young (Allocation Failure) 40M->40M(46M) 13.408ms
[2020-08-10T13:11:10.401+0300][1609.944s][info ][gc] GC(53199) Pause Young (Allocation Failure) 41M->41M(46M) 13.326ms
[2020-08-10T13:11:10.415+0300][1609.958s][info ][gc] GC(53200) Pause Young (Allocation Failure) 42M->41M(46M) 13.223ms
[2020-08-10T13:11:10.429+0300][1609.972s][info ][gc] GC(53201) Pause Young (Allocation Failure) 42M->42M(46M) 13.457ms
[2020-08-10T13:11:10.442+0300][1609.985s][info ][gc] GC(53202) Pause Young (Allocation Failure) 43M->43M(46M) 13.235ms
[2020-08-10T13:11:10.456+0300][1609.999s][info ][gc] GC(53203) Pause Young (Allocation Failure) 44M->44M(46M) 13.487ms
[2020-08-10T13:11:10.544+0300][1610.087s][debug][gc] GC(53204) Expanding ParOldGen from 45568K by 11264K to 56832K
[2020-08-10T13:11:10.544+0300][1610.087s][info ][gc] GC(53204) Pause Full (Ergonomics) 44M->44M(57M) 87.737ms
[2020-08-10T13:11:10.564+0300][1610.107s][info ][gc] GC(53205) Pause Young (Allocation Failure) 45M->45M(57M) 18.951ms
[2020-08-10T13:11:10.589+0300][1610.132s][info ][gc] GC(53206) Pause Young (Allocation Failure) 46M->46M(57M) 25.169ms
[2020-08-10T13:11:10.603+0300][1610.146s][info ][gc] GC(53207) Pause Young (Allocation Failure) 47M->47M(57M) 13.438ms
[2020-08-10T13:11:10.617+0300][1610.160s][info ][gc] GC(53208) Pause Young (Allocation Failure) 48M->48M(57M) 13.547ms
[2020-08-10T13:11:10.631+0300][1610.174s][info ][gc] GC(53209) Pause Young (Allocation Failure) 49M->49M(57M) 13.409ms
[2020-08-10T13:11:10.645+0300][1610.188s][info ][gc] GC(53210) Pause Young (Allocation Failure) 50M->50M(57M) 13.425ms
[2020-08-10T13:11:10.659+0300][1610.202s][info ][gc] GC(53211) Pause Young (Allocation Failure) 51M->51M(57M) 13.592ms
[2020-08-10T13:11:10.673+0300][1610.216s][info ][gc] GC(53212) Pause Young (Allocation Failure) 52M->52M(57M) 13.592ms
[2020-08-10T13:11:10.687+0300][1610.231s][info ][gc] GC(53213) Pause Young (Allocation Failure) 53M->53M(57M) 13.614ms
[2020-08-10T13:11:10.702+0300][1610.245s][info ][gc] GC(53214) Pause Young (Allocation Failure) 54M->54M(57M) 13.573ms
[2020-08-10T13:11:10.716+0300][1610.259s][info ][gc] GC(53215) Pause Young (Allocation Failure) 55M->55M(57M) 13.719ms
[2020-08-10T13:11:10.730+0300][1610.273s][info ][gc] GC(53216) Pause Young (Allocation Failure) 56M->56M(57M) 13.538ms
[2020-08-10T13:11:10.845+0300][1610.388s][debug][gc] GC(53217) Expanding ParOldGen from 56832K by 11264K to 68096K
[2020-08-10T13:11:10.845+0300][1610.388s][info ][gc] GC(53217) Pause Full (Ergonomics) 56M->55M(68M) 114.468ms
[2020-08-10T13:11:10.869+0300][1610.412s][info ][gc] GC(53218) Pause Young (Allocation Failure) 56M->56M(68M) 23.435ms
[2020-08-10T13:11:10.883+0300][1610.426s][info ][gc] GC(53219) Pause Young (Allocation Failure) 57M->57M(68M) 13.738ms
[2020-08-10T13:11:10.897+0300][1610.440s][info ][gc] GC(53220) Pause Young (Allocation Failure) 58M->58M(68M) 13.716ms
[2020-08-10T13:11:10.912+0300][1610.455s][info ][gc] GC(53221) Pause Young (Allocation Failure) 59M->59M(68M) 13.664ms
[2020-08-10T13:11:10.926+0300][1610.469s][info ][gc] GC(53222) Pause Young (Allocation Failure) 60M->60M(68M) 13.702ms
[2020-08-10T13:11:10.940+0300][1610.483s][info ][gc] GC(53223) Pause Young (Allocation Failure) 61M->61M(68M) 13.731ms
[2020-08-10T13:11:10.954+0300][1610.497s][info ][gc] GC(53224) Pause Young (Allocation Failure) 62M->62M(68M) 13.791ms
[2020-08-10T13:11:10.969+0300][1610.512s][info ][gc] GC(53225) Pause Young (Allocation Failure) 63M->63M(68M) 13.711ms
[2020-08-10T13:11:10.983+0300][1610.526s][info ][gc] GC(53226) Pause Young (Allocation Failure) 64M->64M(68M) 13.665ms
[2020-08-10T13:11:10.997+0300][1610.540s][info ][gc] GC(53227) Pause Young (Allocation Failure) 65M->65M(68M) 13.678ms
[2020-08-10T13:11:11.011+0300][1610.554s][info ][gc] GC(53228) Pause Young (Allocation Failure) 66M->66M(68M) 13.648ms
[2020-08-10T13:11:11.156+0300][1610.699s][debug][gc] GC(53229) Expanding ParOldGen from 68096K by 11264K to 79360K
[2020-08-10T13:11:11.156+0300][1610.699s][info ][gc] GC(53229) Pause Full (Ergonomics) 66M->66M(79M) 144.650ms
[2020-08-10T13:11:11.170+0300][1610.713s][info ][gc] GC(53230) Pause Young (Allocation Failure) 67M->67M(79M) 13.087ms
[2020-08-10T13:11:11.184+0300][1610.727s][info ][gc] GC(53231) Pause Young (Allocation Failure) 68M->68M(79M) 13.502ms
[2020-08-10T13:11:11.198+0300][1610.741s][info ][gc] GC(53232) Pause Young (Allocation Failure) 69M->69M(79M) 13.574ms
[2020-08-10T13:11:11.212+0300][1610.755s][info ][gc] GC(53233) Pause Young (Allocation Failure) 70M->70M(79M) 13.500ms
[2020-08-10T13:11:11.226+0300][1610.769s][info ][gc] GC(53234) Pause Young (Allocation Failure) 71M->71M(79M) 13.546ms
[2020-08-10T13:11:11.240+0300][1610.783s][info ][gc] GC(53235) Pause Young (Allocation Failure) 72M->72M(79M) 13.569ms
[2020-08-10T13:11:11.254+0300][1610.798s][info ][gc] GC(53236) Pause Young (Allocation Failure) 73M->72M(79M) 13.558ms
[2020-08-10T13:11:11.268+0300][1610.812s][info ][gc] GC(53237) Pause Young (Allocation Failure) 73M->73M(79M) 13.438ms
[2020-08-10T13:11:11.283+0300][1610.826s][info ][gc] GC(53238) Pause Young (Allocation Failure) 74M->74M(79M) 13.612ms
[2020-08-10T13:11:11.297+0300][1610.840s][info ][gc] GC(53239) Pause Young (Allocation Failure) 75M->75M(79M) 13.509ms
[2020-08-10T13:11:11.311+0300][1610.854s][info ][gc] GC(53240) Pause Young (Allocation Failure) 76M->76M(79M) 13.560ms
[2020-08-10T13:11:11.325+0300][1610.868s][info ][gc] GC(53241) Pause Young (Allocation Failure) 77M->77M(79M) 13.625ms
[2020-08-10T13:11:11.503+0300][1611.047s][debug][gc] GC(53242) Expanding ParOldGen from 79360K by 11264K to 90624K
[2020-08-10T13:11:11.504+0300][1611.047s][info ][gc] GC(53242) Pause Full (Ergonomics) 77M->77M(90M) 178.416ms
[2020-08-10T13:11:11.533+0300][1611.077s][info ][gc] GC(53243) Pause Young (Allocation Failure) 78M->78M(90M) 29.375ms
[2020-08-10T13:11:11.548+0300][1611.091s][info ][gc] GC(53244) Pause Young (Allocation Failure) 79M->79M(90M) 13.878ms
[2020-08-10T13:11:11.562+0300][1611.105s][info ][gc] GC(53245) Pause Young (Allocation Failure) 80M->80M(90M) 13.842ms
[2020-08-10T13:11:11.577+0300][1611.120s][info ][gc] GC(53246) Pause Young (Allocation Failure) 81M->81M(90M) 13.966ms
[2020-08-10T13:11:11.591+0300][1611.134s][info ][gc] GC(53247) Pause Young (Allocation Failure) 82M->82M(90M) 14.020ms
[2020-08-10T13:11:11.606+0300][1611.149s][info ][gc] GC(53248) Pause Young (Allocation Failure) 83M->83M(90M) 13.891ms
[2020-08-10T13:11:11.620+0300][1611.163s][info ][gc] GC(53249) Pause Young (Allocation Failure) 84M->84M(90M) 14.201ms
[2020-08-10T13:11:11.635+0300][1611.178s][info ][gc] GC(53250) Pause Young (Allocation Failure) 85M->85M(90M) 14.293ms
[2020-08-10T13:11:11.650+0300][1611.193s][info ][gc] GC(53251) Pause Young (Allocation Failure) 86M->86M(90M) 14.294ms
[2020-08-10T13:11:11.665+0300][1611.208s][info ][gc] GC(53252) Pause Young (Allocation Failure) 87M->87M(91M) 14.267ms
[2020-08-10T13:11:11.679+0300][1611.223s][info ][gc] GC(53253) Pause Young (Allocation Failure) 88M->88M(91M) 14.335ms
[2020-08-10T13:11:11.694+0300][1611.238s][info ][gc] GC(53254) Pause Young (Allocation Failure) 89M->89M(90M) 14.484ms
[2020-08-10T13:11:11.903+0300][1611.446s][debug][gc] GC(53255) Expanding ParOldGen from 90624K by 11776K to 102400K
[2020-08-10T13:11:11.904+0300][1611.447s][info ][gc] GC(53255) Pause Full (Ergonomics) 89M->88M(101M) 208.898ms
[2020-08-10T13:11:11.936+0300][1611.479s][info ][gc] GC(53256) Pause Young (Allocation Failure) 89M->89M(102M) 32.148ms
[2020-08-10T13:11:11.951+0300][1611.495s][info ][gc] GC(53257) Pause Young (Allocation Failure) 90M->90M(102M) 14.562ms
[2020-08-10T13:11:11.967+0300][1611.510s][info ][gc] GC(53258) Pause Young (Allocation Failure) 91M->91M(102M) 14.814ms
[2020-08-10T13:11:11.982+0300][1611.525s][info ][gc] GC(53259) Pause Young (Allocation Failure) 92M->92M(102M) 14.859ms
[2020-08-10T13:11:11.997+0300][1611.541s][info ][gc] GC(53260) Pause Young (Allocation Failure) 93M->93M(102M) 14.826ms
[2020-08-10T13:11:12.013+0300][1611.556s][info ][gc] GC(53261) Pause Young (Allocation Failure) 94M->94M(102M) 15.109ms
[2020-08-10T13:11:12.029+0300][1611.572s][info ][gc] GC(53262) Pause Young (Allocation Failure) 95M->95M(102M) 15.055ms
[2020-08-10T13:11:12.045+0300][1611.588s][info ][gc] GC(53263) Pause Young (Allocation Failure) 96M->96M(102M) 15.226ms
[2020-08-10T13:11:12.060+0300][1611.603s][info ][gc] GC(53264) Pause Young (Allocation Failure) 97M->97M(102M) 15.188ms
[2020-08-10T13:11:12.076+0300][1611.619s][info ][gc] GC(53265) Pause Young (Allocation Failure) 98M->98M(102M) 15.317ms
[2020-08-10T13:11:12.092+0300][1611.635s][info ][gc] GC(53266) Pause Young (Allocation Failure) 99M->99M(102M) 15.605ms
[2020-08-10T13:11:12.108+0300][1611.651s][info ][gc] GC(53267) Pause Young (Allocation Failure) 100M->100M(102M) 15.125ms
[2020-08-10T13:11:12.387+0300][1611.930s][debug][gc] GC(53268) Expanding ParOldGen from 102400K by 11264K to 113664K
[2020-08-10T13:11:12.387+0300][1611.930s][info ][gc] GC(53268) Pause Full (Ergonomics) 100M->100M(113M) 279.236ms
[2020-08-10T13:11:12.423+0300][1611.966s][info ][gc] GC(53269) Pause Young (Allocation Failure) 101M->101M(113M) 34.793ms
[2020-08-10T13:11:12.456+0300][1612.000s][info ][gc] GC(53270) Pause Young (Allocation Failure) 102M->102M(113M) 33.396ms
[2020-08-10T13:11:12.474+0300][1612.017s][info ][gc] GC(53271) Pause Young (Allocation Failure) 103M->103M(113M) 17.040ms
[2020-08-10T13:11:12.491+0300][1612.034s][info ][gc] GC(53272) Pause Young (Allocation Failure) 104M->104M(113M) 16.363ms
[2020-08-10T13:11:12.507+0300][1612.050s][info ][gc] GC(53273) Pause Young (Allocation Failure) 105M->104M(113M) 15.872ms
[2020-08-10T13:11:12.524+0300][1612.067s][info ][gc] GC(53274) Pause Young (Allocation Failure) 105M->105M(113M) 16.044ms
[2020-08-10T13:11:12.541+0300][1612.084s][info ][gc] GC(53275) Pause Young (Allocation Failure) 106M->106M(113M) 16.268ms
[2020-08-10T13:11:12.557+0300][1612.100s][info ][gc] GC(53276) Pause Young (Allocation Failure) 107M->107M(113M) 16.015ms
[2020-08-10T13:11:12.588+0300][1612.131s][info ][gc] GC(53277) Pause Young (Allocation Failure) 108M->108M(113M) 30.003ms
[2020-08-10T13:11:12.605+0300][1612.148s][info ][gc] GC(53278) Pause Young (Allocation Failure) 109M->109M(113M) 16.440ms
[2020-08-10T13:11:12.622+0300][1612.165s][info ][gc] GC(53279) Pause Young (Allocation Failure) 110M->110M(113M) 16.654ms
[2020-08-10T13:11:12.639+0300][1612.182s][info ][gc] GC(53280) Pause Young (Allocation Failure) 111M->111M(113M) 16.421ms
[2020-08-10T13:11:12.904+0300][1612.447s][debug][gc] GC(53281) Expanding ParOldGen from 113664K by 11264K to 124928K
[2020-08-10T13:11:12.904+0300][1612.447s][info ][gc] GC(53281) Pause Full (Ergonomics) 111M->111M(124M) 264.961ms
[2020-08-10T13:11:12.943+0300][1612.486s][info ][gc] GC(53282) Pause Young (Allocation Failure) 112M->112M(124M) 38.421ms
[2020-08-10T13:11:12.960+0300][1612.503s][info ][gc] GC(53283) Pause Young (Allocation Failure) 113M->113M(124M) 16.544ms
[2020-08-10T13:11:12.977+0300][1612.521s][info ][gc] GC(53284) Pause Young (Allocation Failure) 114M->114M(124M) 16.981ms
[2020-08-10T13:11:12.995+0300][1612.538s][info ][gc] GC(53285) Pause Young (Allocation Failure) 115M->115M(124M) 16.826ms
[2020-08-10T13:11:13.012+0300][1612.555s][info ][gc] GC(53286) Pause Young (Allocation Failure) 116M->116M(124M) 17.056ms
[2020-08-10T13:11:13.030+0300][1612.573s][info ][gc] GC(53287) Pause Young (Allocation Failure) 117M->117M(124M) 16.994ms
[2020-08-10T13:11:13.047+0300][1612.590s][info ][gc] GC(53288) Pause Young (Allocation Failure) 118M->118M(124M) 16.597ms
[2020-08-10T13:11:13.064+0300][1612.608s][info ][gc] GC(53289) Pause Young (Allocation Failure) 119M->119M(123M) 17.176ms
[2020-08-10T13:11:13.080+0300][1612.624s][info ][gc] GC(53290) Pause Young (Allocation Failure) 119M->119M(124M) 15.604ms
[2020-08-10T13:11:13.095+0300][1612.639s][info ][gc] GC(53291) Pause Young (Allocation Failure) 120M->120M(124M) 14.563ms
[2020-08-10T13:11:13.110+0300][1612.654s][info ][gc] GC(53292) Pause Young (Allocation Failure) 120M->120M(124M) 14.473ms
[2020-08-10T13:11:13.125+0300][1612.668s][info ][gc] GC(53293) Pause Young (Allocation Failure) 120M->120M(124M) 14.263ms
[2020-08-10T13:11:13.140+0300][1612.683s][info ][gc] GC(53294) Pause Young (Allocation Failure) 121M->121M(124M) 14.710ms
[2020-08-10T13:11:13.428+0300][1612.971s][debug][gc] GC(53295) Expanding ParOldGen from 124928K by 11264K to 136192K
[2020-08-10T13:11:13.428+0300][1612.971s][info ][gc] GC(53295) Pause Full (Ergonomics) 121M->121M(135M) 287.857ms
[2020-08-10T13:11:13.442+0300][1612.985s][info ][gc] GC(53296) Pause Young (Allocation Failure) 121M->121M(135M) 13.230ms
[2020-08-10T13:11:13.457+0300][1613.000s][info ][gc] GC(53297) Pause Young (Allocation Failure) 122M->122M(135M) 14.600ms
[2020-08-10T13:11:13.495+0300][1613.038s][info ][gc] GC(53298) Pause Young (Allocation Failure) 122M->122M(135M) 37.712ms
[2020-08-10T13:11:13.510+0300][1613.054s][info ][gc] GC(53299) Pause Young (Allocation Failure) 123M->123M(135M) 14.985ms
[2020-08-10T13:11:13.526+0300][1613.069s][info ][gc] GC(53300) Pause Young (Allocation Failure) 123M->123M(135M) 14.733ms
[2020-08-10T13:11:13.541+0300][1613.084s][info ][gc] GC(53301) Pause Young (Allocation Failure) 124M->124M(135M) 14.752ms
[2020-08-10T13:11:13.575+0300][1613.119s][info ][gc] GC(53302) Pause Young (Allocation Failure) 124M->124M(135M) 34.079ms
[2020-08-10T13:11:13.591+0300][1613.134s][info ][gc] GC(53303) Pause Young (Allocation Failure) 125M->124M(135M) 14.952ms
[2020-08-10T13:11:13.606+0300][1613.149s][info ][gc] GC(53304) Pause Young (Allocation Failure) 125M->125M(135M) 15.119ms
[2020-08-10T13:11:13.621+0300][1613.164s][info ][gc] GC(53305) Pause Young (Allocation Failure) 125M->125M(135M) 14.821ms
[2020-08-10T13:11:13.636+0300][1613.179s][info ][gc] GC(53306) Pause Young (Allocation Failure) 126M->126M(135M) 14.633ms
[2020-08-10T13:11:13.651+0300][1613.194s][info ][gc] GC(53307) Pause Young (Allocation Failure) 126M->126M(134M) 14.769ms
[2020-08-10T13:11:13.690+0300][1613.233s][info ][gc] GC(53308) Pause Young (Allocation Failure) 127M->127M(134M) 38.327ms
[2020-08-10T13:11:13.705+0300][1613.249s][info ][gc] GC(53309) Pause Young (Allocation Failure) 127M->127M(134M) 15.019ms
[2020-08-10T13:11:13.721+0300][1613.264s][info ][gc] GC(53310) Pause Young (Allocation Failure) 128M->128M(134M) 14.910ms
[2020-08-10T13:11:13.736+0300][1613.279s][info ][gc] GC(53311) Pause Young (Allocation Failure) 128M->128M(134M) 14.781ms
[2020-08-10T13:11:13.751+0300][1613.294s][info ][gc] GC(53312) Pause Young (Allocation Failure) 129M->129M(134M) 14.723ms
[2020-08-10T13:11:13.784+0300][1613.328s][info ][gc] GC(53313) Pause Young (Allocation Failure) 129M->129M(134M) 33.002ms
[2020-08-10T13:11:13.799+0300][1613.343s][info ][gc] GC(53314) Pause Young (Allocation Failure) 130M->130M(134M) 14.602ms
[2020-08-10T13:11:13.815+0300][1613.358s][info ][gc] GC(53315) Pause Young (Allocation Failure) 130M->130M(134M) 15.040ms
[2020-08-10T13:11:13.837+0300][1613.381s][info ][gc] GC(53316) Pause Young (Allocation Failure) 130M->130M(134M) 22.339ms
[2020-08-10T13:11:13.853+0300][1613.396s][info ][gc] GC(53317) Pause Young (Allocation Failure) 131M->131M(134M) 15.200ms
[2020-08-10T13:11:13.890+0300][1613.434s][info ][gc] GC(53318) Pause Young (Allocation Failure) 131M->131M(134M) 36.735ms
[2020-08-10T13:11:13.906+0300][1613.449s][info ][gc] GC(53319) Pause Young (Allocation Failure) 132M->132M(134M) 15.063ms
[2020-08-10T13:11:13.943+0300][1613.486s][info ][gc] GC(53320) Pause Young (Allocation Failure) 132M->132M(134M) 36.740ms
[2020-08-10T13:11:13.958+0300][1613.502s][info ][gc] GC(53321) Pause Young (Allocation Failure) 133M->133M(134M) 15.115ms
[2020-08-10T13:11:14.304+0300][1613.847s][debug][gc] GC(53322) Expanding ParOldGen from 136192K by 10752K to 146944K
[2020-08-10T13:11:14.304+0300][1613.847s][info ][gc] GC(53322) Pause Full (Ergonomics) 133M->132M(145M) 345.692ms
[2020-08-10T13:11:14.318+0300][1613.862s][info ][gc] GC(53323) Pause Young (Allocation Failure) 133M->133M(145M) 13.874ms
[2020-08-10T13:11:14.334+0300][1613.877s][info ][gc] GC(53324) Pause Young (Allocation Failure) 133M->133M(145M) 15.153ms
[2020-08-10T13:11:14.349+0300][1613.892s][info ][gc] GC(53325) Pause Young (Allocation Failure) 134M->134M(145M) 15.198ms
[2020-08-10T13:11:14.365+0300][1613.908s][info ][gc] GC(53326) Pause Young (Allocation Failure) 134M->134M(145M) 15.380ms
[2020-08-10T13:11:14.381+0300][1613.924s][info ][gc] GC(53327) Pause Young (Allocation Failure) 135M->135M(145M) 15.521ms
[2020-08-10T13:11:14.397+0300][1613.940s][info ][gc] GC(53328) Pause Young (Allocation Failure) 135M->135M(145M) 15.298ms
[2020-08-10T13:11:14.397+0300][1613.940s][debug][gc] Expanding ParOldGen from 146944K by 19968K to 166912K
[2020-08-10T13:11:14.431+0300][1613.975s][info ][gc] GC(53329) Pause Young (Allocation Failure) 155M->154M(164M) 26.606ms
[2020-08-10T13:11:14.457+0300][1614.000s][info ][gc] GC(53330) Pause Young (Allocation Failure) 155M->155M(164M) 25.315ms
[2020-08-10T13:11:14.483+0300][1614.026s][info ][gc] GC(53331) Pause Young (Allocation Failure) 155M->155M(164M) 25.202ms
[2020-08-10T13:11:14.508+0300][1614.052s][info ][gc] GC(53332) Pause Young (Allocation Failure) 156M->156M(164M) 25.372ms
[2020-08-10T13:11:14.534+0300][1614.078s][info ][gc] GC(53333) Pause Young (Allocation Failure) 156M->156M(164M) 25.359ms
[2020-08-10T13:11:14.560+0300][1614.103s][info ][gc] GC(53334) Pause Young (Allocation Failure) 157M->157M(164M) 25.175ms
[2020-08-10T13:11:14.607+0300][1614.150s][info ][gc] GC(53335) Pause Young (Allocation Failure) 157M->157M(164M) 46.693ms
[2020-08-10T13:11:14.642+0300][1614.185s][info ][gc] GC(53336) Pause Young (Allocation Failure) 158M->158M(164M) 34.695ms
[2020-08-10T13:11:14.668+0300][1614.211s][info ][gc] GC(53337) Pause Young (Allocation Failure) 158M->158M(164M) 25.495ms
[2020-08-10T13:11:14.693+0300][1614.237s][info ][gc] GC(53338) Pause Young (Allocation Failure) 159M->159M(164M) 25.174ms
[2020-08-10T13:11:14.742+0300][1614.286s][info ][gc] GC(53339) Pause Young (Allocation Failure) 159M->159M(164M) 48.579ms
[2020-08-10T13:11:14.768+0300][1614.311s][info ][gc] GC(53340) Pause Young (Allocation Failure) 160M->160M(164M) 25.347ms
[2020-08-10T13:11:14.794+0300][1614.337s][info ][gc] GC(53341) Pause Young (Allocation Failure) 160M->160M(164M) 25.466ms
[2020-08-10T13:11:14.820+0300][1614.363s][info ][gc] GC(53342) Pause Young (Allocation Failure) 161M->161M(164M) 25.357ms
[2020-08-10T13:11:14.866+0300][1614.409s][info ][gc] GC(53343) Pause Young (Allocation Failure) 161M->161M(164M) 45.620ms
[2020-08-10T13:11:14.892+0300][1614.436s][info ][gc] GC(53344) Pause Young (Allocation Failure) 162M->161M(164M) 26.358ms
[2020-08-10T13:11:14.920+0300][1614.463s][info ][gc] GC(53345) Pause Young (Allocation Failure) 162M->162M(164M) 27.124ms
[2020-08-10T13:11:14.946+0300][1614.489s][info ][gc] GC(53346) Pause Young (Allocation Failure) 162M->162M(164M) 25.276ms
[2020-08-10T13:11:14.972+0300][1614.515s][info ][gc] GC(53347) Pause Young (Allocation Failure) 163M->163M(164M) 25.934ms
[2020-08-10T13:11:15.078+0300][1614.622s][debug][gc] GC(53348) Shrinking ParOldGen from 166912K by 125952K to 40960K
[2020-08-10T13:11:15.078+0300][1614.622s][info ][gc] GC(53348) Pause Full (Ergonomics) 163M->29M(41M) 106.417ms
[2020-08-10T13:11:15.104+0300][1614.647s][info ][gc] GC(53349) Pause Young (Allocation Failure) 29M->29M(41M) 25.038ms
[2020-08-10T13:11:15.122+0300][1614.665s][info ][gc] GC(53350) Pause Young (Allocation Failure) 30M->30M(41M) 17.251ms
[2020-08-10T13:11:15.142+0300][1614.686s][info ][gc] GC(53351) Pause Young (Allocation Failure) 30M->30M(41M) 20.378ms
[2020-08-10T13:11:15.156+0300][1614.700s][info ][gc] GC(53352) Pause Young (Allocation Failure) 31M->31M(41M) 13.482ms
[2020-08-10T13:11:15.170+0300][1614.714s][info ][gc] GC(53353) Pause Young (Allocation Failure) 31M->31M(41M) 13.478ms
[2020-08-10T13:11:15.184+0300][1614.728s][info ][gc] GC(53354) Pause Young (Allocation Failure) 32M->32M(41M) 13.574ms
[2020-08-10T13:11:15.198+0300][1614.742s][info ][gc] GC(53355) Pause Young (Allocation Failure) 32M->32M(41M) 13.443ms
[2020-08-10T13:11:15.212+0300][1614.756s][info ][gc] GC(53356) Pause Young (Allocation Failure) 33M->33M(41M) 13.363ms
[2020-08-10T13:11:15.226+0300][1614.770s][info ][gc] GC(53357) Pause Young (Allocation Failure) 33M->33M(41M) 13.400ms
[2020-08-10T13:11:15.240+0300][1614.784s][info ][gc] GC(53358) Pause Young (Allocation Failure) 34M->33M(41M) 13.502ms
[2020-08-10T13:11:15.254+0300][1614.797s][info ][gc] GC(53359) Pause Young (Allocation Failure) 34M->34M(41M) 13.400ms
[2020-08-10T13:11:15.268+0300][1614.811s][info ][gc] GC(53360) Pause Young (Allocation Failure) 34M->34M(41M) 13.241ms
[2020-08-10T13:11:15.281+0300][1614.825s][info ][gc] GC(53361) Pause Young (Allocation Failure) 35M->35M(41M) 13.369ms
[2020-08-10T13:11:15.295+0300][1614.839s][info ][gc] GC(53362) Pause Young (Allocation Failure) 35M->35M(41M) 13.489ms
[2020-08-10T13:11:15.309+0300][1614.853s][info ][gc] GC(53363) Pause Young (Allocation Failure) 36M->36M(41M) 13.455ms
[2020-08-10T13:11:15.323+0300][1614.867s][info ][gc] GC(53364) Pause Young (Allocation Failure) 36M->36M(41M) 13.440ms
[2020-08-10T13:11:15.337+0300][1614.880s][info ][gc] GC(53365) Pause Young (Allocation Failure) 37M->37M(41M) 13.456ms
[2020-08-10T13:11:15.351+0300][1614.894s][info ][gc] GC(53366) Pause Young (Allocation Failure) 37M->37M(41M) 13.414ms
[2020-08-10T13:11:15.365+0300][1614.908s][info ][gc] GC(53367) Pause Young (Allocation Failure) 38M->37M(41M) 13.358ms
[2020-08-10T13:11:15.379+0300][1614.922s][info ][gc] GC(53368) Pause Young (Allocation Failure) 38M->38M(41M) 13.638ms
[2020-08-10T13:11:15.393+0300][1614.936s][info ][gc] GC(53369) Pause Young (Allocation Failure) 39M->39M(42M) 13.664ms
[2020-08-10T13:11:15.408+0300][1614.951s][info ][gc] GC(53370) Pause Young (Allocation Failure) 40M->40M(42M) 13.977ms
[2020-08-10T13:11:15.493+0300][1615.037s][debug][gc] GC(53371) Expanding ParOldGen from 40960K by 11264K to 52224K
[2020-08-10T13:11:15.493+0300][1615.037s][info ][gc] GC(53371) Pause Full (Ergonomics) 40M->40M(53M) 85.449ms
[2020-08-10T13:11:15.513+0300][1615.056s][info ][gc] GC(53372) Pause Young (Allocation Failure) 41M->41M(53M) 18.855ms
[2020-08-10T13:11:15.527+0300][1615.071s][info ][gc] GC(53373) Pause Young (Allocation Failure) 42M->42M(53M) 14.078ms
[2020-08-10T13:11:15.542+0300][1615.086s][info ][gc] GC(53374) Pause Young (Allocation Failure) 43M->43M(53M) 14.120ms
[2020-08-10T13:11:15.557+0300][1615.100s][info ][gc] GC(53375) Pause Young (Allocation Failure) 44M->44M(53M) 14.059ms
[2020-08-10T13:11:15.572+0300][1615.115s][info ][gc] GC(53376) Pause Young (Allocation Failure) 45M->45M(53M) 14.193ms
[2020-08-10T13:11:15.586+0300][1615.130s][info ][gc] GC(53377) Pause Young (Allocation Failure) 46M->46M(53M) 14.090ms
[2020-08-10T13:11:15.601+0300][1615.145s][info ][gc] GC(53378) Pause Young (Allocation Failure) 47M->47M(53M) 14.088ms
[2020-08-10T13:11:15.616+0300][1615.159s][info ][gc] GC(53379) Pause Young (Allocation Failure) 48M->48M(53M) 14.077ms
[2020-08-10T13:11:15.631+0300][1615.174s][info ][gc] GC(53380) Pause Young (Allocation Failure) 49M->49M(53M) 14.167ms
[2020-08-10T13:11:15.645+0300][1615.189s][info ][gc] GC(53381) Pause Young (Allocation Failure) 50M->50M(53M) 14.160ms
[2020-08-10T13:11:15.660+0300][1615.203s][info ][gc] GC(53382) Pause Young (Allocation Failure) 51M->50M(53M) 14.010ms
[2020-08-10T13:11:15.767+0300][1615.311s][debug][gc] GC(53383) Expanding ParOldGen from 52224K by 11776K to 64000K
[2020-08-10T13:11:15.767+0300][1615.311s][info ][gc] GC(53383) Pause Full (Ergonomics) 50M->50M(65M) 107.253ms
[2020-08-10T13:11:15.781+0300][1615.325s][info ][gc] GC(53384) Pause Young (Allocation Failure) 51M->51M(65M) 13.517ms
[2020-08-10T13:11:15.796+0300][1615.339s][info ][gc] GC(53385) Pause Young (Allocation Failure) 52M->52M(65M) 14.010ms
[2020-08-10T13:11:15.810+0300][1615.354s][info ][gc] GC(53386) Pause Young (Allocation Failure) 53M->53M(65M) 13.980ms
[2020-08-10T13:11:15.825+0300][1615.368s][info ][gc] GC(53387) Pause Young (Allocation Failure) 54M->54M(65M) 13.944ms
[2020-08-10T13:11:15.840+0300][1615.383s][info ][gc] GC(53388) Pause Young (Allocation Failure) 55M->55M(65M) 14.063ms
[2020-08-10T13:11:15.854+0300][1615.397s][info ][gc] GC(53389) Pause Young (Allocation Failure) 56M->56M(65M) 13.914ms
[2020-08-10T13:11:15.868+0300][1615.412s][info ][gc] GC(53390) Pause Young (Allocation Failure) 57M->57M(65M) 13.968ms
[2020-08-10T13:11:15.882+0300][1615.426s][info ][gc] GC(53391) Pause Young (Allocation Failure) 58M->58M(65M) 13.731ms
[2020-08-10T13:11:15.906+0300][1615.449s][info ][gc] GC(53392) Pause Young (Allocation Failure) 59M->59M(65M) 23.031ms
[2020-08-10T13:11:15.920+0300][1615.464s][info ][gc] GC(53393) Pause Young (Allocation Failure) 60M->60M(65M) 13.790ms
[2020-08-10T13:11:15.935+0300][1615.478s][info ][gc] GC(53394) Pause Young (Allocation Failure) 61M->61M(65M) 13.934ms
[2020-08-10T13:11:15.949+0300][1615.492s][info ][gc] GC(53395) Pause Young (Allocation Failure) 62M->62M(65M) 13.913ms
[2020-08-10T13:11:16.086+0300][1615.629s][debug][gc] GC(53396) Expanding ParOldGen from 64000K by 11264K to 75264K
[2020-08-10T13:11:16.086+0300][1615.629s][info ][gc] GC(53396) Pause Full (Ergonomics) 62M->62M(76M) 136.984ms
[2020-08-10T13:11:16.100+0300][1615.643s][info ][gc] GC(53397) Pause Young (Allocation Failure) 63M->63M(76M) 13.519ms
[2020-08-10T13:11:16.115+0300][1615.658s][info ][gc] GC(53398) Pause Young (Allocation Failure) 64M->64M(76M) 14.118ms
[2020-08-10T13:11:16.129+0300][1615.672s][info ][gc] GC(53399) Pause Young (Allocation Failure) 65M->64M(76M) 13.933ms
[2020-08-10T13:11:16.144+0300][1615.687s][info ][gc] GC(53400) Pause Young (Allocation Failure) 65M->65M(76M) 13.975ms
[2020-08-10T13:11:16.158+0300][1615.701s][info ][gc] GC(53401) Pause Young (Allocation Failure) 66M->66M(76M) 13.880ms
[2020-08-10T13:11:16.172+0300][1615.716s][info ][gc] GC(53402) Pause Young (Allocation Failure) 67M->67M(76M) 14.034ms
[2020-08-10T13:11:16.187+0300][1615.731s][info ][gc] GC(53403) Pause Young (Allocation Failure) 68M->68M(76M) 14.095ms
[2020-08-10T13:11:16.201+0300][1615.745s][info ][gc] GC(53404) Pause Young (Allocation Failure) 69M->69M(76M) 13.796ms
[2020-08-10T13:11:16.216+0300][1615.759s][info ][gc] GC(53405) Pause Young (Allocation Failure) 70M->70M(76M) 13.811ms
[2020-08-10T13:11:16.230+0300][1615.774s][info ][gc] GC(53406) Pause Young (Allocation Failure) 71M->71M(76M) 14.086ms
[2020-08-10T13:11:16.245+0300][1615.788s][info ][gc] GC(53407) Pause Young (Allocation Failure) 72M->72M(76M) 14.073ms
[2020-08-10T13:11:16.259+0300][1615.803s][info ][gc] GC(53408) Pause Young (Allocation Failure) 73M->73M(76M) 13.964ms
[2020-08-10T13:11:16.433+0300][1615.976s][debug][gc] GC(53409) Expanding ParOldGen from 75264K by 11776K to 87040K
[2020-08-10T13:11:16.433+0300][1615.976s][info ][gc] GC(53409) Pause Full (Ergonomics) 73M->73M(87M) 173.537ms
[2020-08-10T13:11:16.447+0300][1615.990s][info ][gc] GC(53410) Pause Young (Allocation Failure) 74M->74M(87M) 13.529ms
[2020-08-10T13:11:16.461+0300][1616.005s][info ][gc] GC(53411) Pause Young (Allocation Failure) 75M->75M(87M) 13.998ms
[2020-08-10T13:11:16.476+0300][1616.019s][info ][gc] GC(53412) Pause Young (Allocation Failure) 76M->76M(87M) 13.903ms
[2020-08-10T13:11:16.490+0300][1616.034s][info ][gc] GC(53413) Pause Young (Allocation Failure) 77M->77M(87M) 13.948ms
[2020-08-10T13:11:16.505+0300][1616.048s][info ][gc] GC(53414) Pause Young (Allocation Failure) 78M->78M(87M) 13.997ms
[2020-08-10T13:11:16.519+0300][1616.063s][info ][gc] GC(53415) Pause Young (Allocation Failure) 79M->79M(87M) 13.965ms
[2020-08-10T13:11:16.534+0300][1616.077s][info ][gc] GC(53416) Pause Young (Allocation Failure) 80M->80M(87M) 14.093ms
[2020-08-10T13:11:16.548+0300][1616.092s][info ][gc] GC(53417) Pause Young (Allocation Failure) 81M->81M(87M) 14.070ms
[2020-08-10T13:11:16.563+0300][1616.107s][info ][gc] GC(53418) Pause Young (Allocation Failure) 82M->81M(87M) 14.158ms
[2020-08-10T13:11:16.578+0300][1616.121s][info ][gc] GC(53419) Pause Young (Allocation Failure) 82M->82M(87M) 14.156ms
[2020-08-10T13:11:16.593+0300][1616.137s][info ][gc] GC(53420) Pause Young (Allocation Failure) 83M->83M(87M) 14.668ms
[2020-08-10T13:11:16.608+0300][1616.152s][info ][gc] GC(53421) Pause Young (Allocation Failure) 84M->84M(87M) 14.399ms
[2020-08-10T13:11:16.811+0300][1616.355s][debug][gc] GC(53422) Expanding ParOldGen from 87040K by 11264K to 98304K
[2020-08-10T13:11:16.812+0300][1616.355s][info ][gc] GC(53422) Pause Full (Ergonomics) 84M->84M(98M) 203.153ms
[2020-08-10T13:11:16.826+0300][1616.369s][info ][gc] GC(53423) Pause Young (Allocation Failure) 85M->85M(98M) 13.593ms
[2020-08-10T13:11:16.841+0300][1616.384s][info ][gc] GC(53424) Pause Young (Allocation Failure) 86M->86M(98M) 14.683ms
[2020-08-10T13:11:16.856+0300][1616.399s][info ][gc] GC(53425) Pause Young (Allocation Failure) 87M->87M(98M) 14.512ms
[2020-08-10T13:11:16.871+0300][1616.414s][info ][gc] GC(53426) Pause Young (Allocation Failure) 88M->88M(98M) 14.418ms
[2020-08-10T13:11:16.886+0300][1616.430s][info ][gc] GC(53427) Pause Young (Allocation Failure) 89M->89M(98M) 14.780ms
[2020-08-10T13:11:16.901+0300][1616.445s][info ][gc] GC(53428) Pause Young (Allocation Failure) 90M->90M(98M) 14.817ms
[2020-08-10T13:11:16.917+0300][1616.461s][info ][gc] GC(53429) Pause Young (Allocation Failure) 91M->91M(98M) 15.208ms
[2020-08-10T13:11:16.933+0300][1616.476s][info ][gc] GC(53430) Pause Young (Allocation Failure) 92M->92M(98M) 15.096ms
[2020-08-10T13:11:16.948+0300][1616.492s][info ][gc] GC(53431) Pause Young (Allocation Failure) 93M->93M(98M) 15.069ms
[2020-08-10T13:11:16.964+0300][1616.508s][info ][gc] GC(53432) Pause Young (Allocation Failure) 94M->94M(98M) 15.245ms
[2020-08-10T13:11:16.980+0300][1616.524s][info ][gc] GC(53433) Pause Young (Allocation Failure) 95M->95M(98M) 15.334ms
[2020-08-10T13:11:16.996+0300][1616.539s][info ][gc] GC(53434) Pause Young (Allocation Failure) 96M->96M(98M) 15.108ms
[2020-08-10T13:11:17.269+0300][1616.812s][debug][gc] GC(53435) Expanding ParOldGen from 98304K by 11264K to 109568K
[2020-08-10T13:11:17.269+0300][1616.813s][info ][gc] GC(53435) Pause Full (Ergonomics) 96M->96M(109M) 273.199ms
[2020-08-10T13:11:17.306+0300][1616.848s][info ][gc] GC(53436) Pause Young (Allocation Failure) 97M->96M(109M) 34.961ms
[2020-08-10T13:11:17.322+0300][1616.865s][info ][gc] GC(53437) Pause Young (Allocation Failure) 97M->97M(109M) 15.926ms
[2020-08-10T13:11:17.349+0300][1616.892s][info ][gc] GC(53438) Pause Young (Allocation Failure) 98M->98M(109M) 26.793ms
[2020-08-10T13:11:17.366+0300][1616.908s][info ][gc] GC(53439) Pause Young (Allocation Failure) 99M->99M(109M) 15.950ms
[2020-08-10T13:11:17.382+0300][1616.925s][info ][gc] GC(53440) Pause Young (Allocation Failure) 100M->100M(109M) 16.135ms
[2020-08-10T13:11:17.399+0300][1616.942s][info ][gc] GC(53441) Pause Young (Allocation Failure) 101M->101M(109M) 16.167ms
[2020-08-10T13:11:17.416+0300][1616.958s][info ][gc] GC(53442) Pause Young (Allocation Failure) 102M->102M(109M) 16.113ms
[2020-08-10T13:11:17.432+0300][1616.975s][info ][gc] GC(53443) Pause Young (Allocation Failure) 103M->103M(109M) 16.358ms
[2020-08-10T13:11:17.450+0300][1616.992s][info ][gc] GC(53444) Pause Young (Allocation Failure) 104M->104M(109M) 16.529ms
[2020-08-10T13:11:17.482+0300][1617.025s][info ][gc] GC(53445) Pause Young (Allocation Failure) 105M->105M(109M) 32.142ms
[2020-08-10T13:11:17.499+0300][1617.042s][info ][gc] GC(53446) Pause Young (Allocation Failure) 106M->106M(109M) 16.561ms
[2020-08-10T13:11:17.516+0300][1617.059s][info ][gc] GC(53447) Pause Young (Allocation Failure) 107M->107M(109M) 16.430ms
[2020-08-10T13:11:17.781+0300][1617.323s][debug][gc] GC(53448) Expanding ParOldGen from 109568K by 11264K to 120832K
[2020-08-10T13:11:17.781+0300][1617.323s][info ][gc] GC(53448) Pause Full (Ergonomics) 107M->107M(120M) 264.231ms
[2020-08-10T13:11:17.835+0300][1617.377s][info ][gc] GC(53449) Pause Young (Allocation Failure) 108M->108M(120M) 53.217ms
[2020-08-10T13:11:17.852+0300][1617.394s][info ][gc] GC(53450) Pause Young (Allocation Failure) 109M->109M(120M) 16.893ms
[2020-08-10T13:11:17.869+0300][1617.412s][info ][gc] GC(53451) Pause Young (Allocation Failure) 110M->110M(120M) 16.885ms
[2020-08-10T13:11:17.887+0300][1617.429s][info ][gc] GC(53452) Pause Young (Allocation Failure) 111M->111M(120M) 16.976ms
[2020-08-10T13:11:17.905+0300][1617.447s][info ][gc] GC(53453) Pause Young (Allocation Failure) 112M->112M(120M) 17.141ms
[2020-08-10T13:11:17.922+0300][1617.465s][info ][gc] GC(53454) Pause Young (Allocation Failure) 113M->113M(120M) 17.149ms
[2020-08-10T13:11:17.940+0300][1617.482s][info ][gc] GC(53455) Pause Young (Allocation Failure) 114M->113M(120M) 17.226ms
[2020-08-10T13:11:17.958+0300][1617.500s][info ][gc] GC(53456) Pause Young (Allocation Failure) 114M->114M(120M) 17.473ms
[2020-08-10T13:11:17.976+0300][1617.518s][info ][gc] GC(53457) Pause Young (Allocation Failure) 115M->115M(120M) 17.178ms
[2020-08-10T13:11:17.994+0300][1617.536s][info ][gc] GC(53458) Pause Young (Allocation Failure) 116M->116M(120M) 17.465ms
[2020-08-10T13:11:18.012+0300][1617.554s][info ][gc] GC(53459) Pause Young (Allocation Failure) 117M->117M(120M) 17.458ms
[2020-08-10T13:11:18.030+0300][1617.572s][info ][gc] GC(53460) Pause Young (Allocation Failure) 118M->118M(120M) 17.720ms
[2020-08-10T13:11:18.332+0300][1617.875s][debug][gc] GC(53461) Expanding ParOldGen from 120832K by 11264K to 132096K
[2020-08-10T13:11:18.333+0300][1617.875s][info ][gc] GC(53461) Pause Full (Ergonomics) 118M->118M(131M) 302.524ms
[2020-08-10T13:11:18.367+0300][1617.909s][info ][gc] GC(53462) Pause Young (Allocation Failure) 119M->119M(131M) 33.823ms
[2020-08-10T13:11:18.385+0300][1617.928s][info ][gc] GC(53463) Pause Young (Allocation Failure) 120M->120M(131M) 17.819ms
[2020-08-10T13:11:18.404+0300][1617.946s][info ][gc] GC(53464) Pause Young (Allocation Failure) 121M->121M(131M) 18.072ms
[2020-08-10T13:11:18.422+0300][1617.965s][info ][gc] GC(53465) Pause Young (Allocation Failure) 122M->122M(131M) 18.005ms
[2020-08-10T13:11:18.470+0300][1618.013s][info ][gc] GC(53466) Pause Young (Allocation Failure) 123M->123M(131M) 47.483ms
[2020-08-10T13:11:18.489+0300][1618.031s][info ][gc] GC(53467) Pause Young (Allocation Failure) 124M->124M(131M) 18.395ms
[2020-08-10T13:11:18.508+0300][1618.050s][info ][gc] GC(53468) Pause Young (Allocation Failure) 125M->125M(131M) 18.498ms
[2020-08-10T13:11:18.527+0300][1618.069s][info ][gc] GC(53469) Pause Young (Allocation Failure) 126M->126M(131M) 18.312ms
[2020-08-10T13:11:18.545+0300][1618.088s][info ][gc] GC(53470) Pause Young (Allocation Failure) 127M->127M(131M) 18.214ms
[2020-08-10T13:11:18.564+0300][1618.107s][info ][gc] GC(53471) Pause Young (Allocation Failure) 128M->128M(131M) 18.714ms
[2020-08-10T13:11:18.584+0300][1618.126s][info ][gc] GC(53472) Pause Young (Allocation Failure) 129M->129M(131M) 18.899ms
[2020-08-10T13:11:18.927+0300][1618.470s][debug][gc] GC(53473) Expanding ParOldGen from 132096K by 11264K to 143360K
[2020-08-10T13:11:18.927+0300][1618.470s][info ][gc] GC(53473) Pause Full (Ergonomics) 129M->128M(142M) 343.361ms
[2020-08-10T13:11:18.944+0300][1618.487s][info ][gc] GC(53474) Pause Young (Allocation Failure) 129M->129M(142M) 16.410ms
[2020-08-10T13:11:18.964+0300][1618.506s][info ][gc] GC(53475) Pause Young (Allocation Failure) 130M->130M(142M) 19.234ms
[2020-08-10T13:11:18.983+0300][1618.526s][info ][gc] GC(53476) Pause Young (Allocation Failure) 131M->131M(142M) 18.663ms
[2020-08-10T13:11:19.002+0300][1618.545s][info ][gc] GC(53477) Pause Young (Allocation Failure) 132M->132M(142M) 18.884ms
[2020-08-10T13:11:19.022+0300][1618.564s][info ][gc] GC(53478) Pause Young (Allocation Failure) 133M->133M(142M) 18.798ms
[2020-08-10T13:11:19.041+0300][1618.583s][info ][gc] GC(53479) Pause Young (Allocation Failure) 134M->134M(142M) 18.589ms
[2020-08-10T13:11:19.060+0300][1618.602s][info ][gc] GC(53480) Pause Young (Allocation Failure) 135M->135M(142M) 18.786ms
[2020-08-10T13:11:19.060+0300][1618.603s][debug][gc] Expanding ParOldGen from 143360K by 19968K to 163328K
[2020-08-10T13:11:19.085+0300][1618.627s][info ][gc] GC(53481) Pause Young (Allocation Failure) 155M->155M(162M) 16.335ms
[2020-08-10T13:11:19.099+0300][1618.642s][info ][gc] GC(53482) Pause Young (Allocation Failure) 156M->156M(162M) 13.862ms
[2020-08-10T13:11:19.113+0300][1618.656s][info ][gc] GC(53483) Pause Young (Allocation Failure) 157M->157M(162M) 13.852ms
[2020-08-10T13:11:19.128+0300][1618.670s][info ][gc] GC(53484) Pause Young (Allocation Failure) 158M->158M(162M) 13.814ms
[2020-08-10T13:11:19.142+0300][1618.684s][info ][gc] GC(53485) Pause Young (Allocation Failure) 159M->159M(162M) 13.716ms
[2020-08-10T13:11:19.201+0300][1618.743s][debug][gc] GC(53486) Shrinking ParOldGen from 163328K by 125440K to 37888K
[2020-08-10T13:11:19.201+0300][1618.744s][info ][gc] GC(53486) Pause Full (Ergonomics) 159M->25M(39M) 59.114ms
[2020-08-10T13:11:19.233+0300][1618.775s][info ][gc] GC(53487) Pause Young (Allocation Failure) 26M->26M(39M) 31.187ms
[2020-08-10T13:11:19.248+0300][1618.790s][info ][gc] GC(53488) Pause Young (Allocation Failure) 27M->27M(39M) 13.972ms
[2020-08-10T13:11:19.262+0300][1618.805s][info ][gc] GC(53489) Pause Young (Allocation Failure) 28M->28M(39M) 13.905ms
[2020-08-10T13:11:19.277+0300][1618.819s][info ][gc] GC(53490) Pause Young (Allocation Failure) 29M->29M(39M) 14.049ms
[2020-08-10T13:11:19.291+0300][1618.834s][info ][gc] GC(53491) Pause Young (Allocation Failure) 30M->30M(39M) 13.932ms
[2020-08-10T13:11:19.306+0300][1618.848s][info ][gc] GC(53492) Pause Young (Allocation Failure) 31M->31M(39M) 13.982ms
[2020-08-10T13:11:19.320+0300][1618.863s][info ][gc] GC(53493) Pause Young (Allocation Failure) 32M->32M(39M) 13.985ms
[2020-08-10T13:11:19.335+0300][1618.878s][info ][gc] GC(53494) Pause Young (Allocation Failure) 33M->33M(39M) 14.012ms
[2020-08-10T13:11:19.350+0300][1618.892s][info ][gc] GC(53495) Pause Young (Allocation Failure) 34M->34M(39M) 14.038ms
[2020-08-10T13:11:19.364+0300][1618.907s][info ][gc] GC(53496) Pause Young (Allocation Failure) 35M->35M(39M) 14.009ms
[2020-08-10T13:11:19.379+0300][1618.922s][info ][gc] GC(53497) Pause Young (Allocation Failure) 36M->36M(39M) 14.130ms
[2020-08-10T13:11:19.394+0300][1618.936s][info ][gc] GC(53498) Pause Young (Allocation Failure) 37M->37M(39M) 14.093ms
[2020-08-10T13:11:19.460+0300][1619.002s][debug][gc] GC(53499) Expanding ParOldGen from 37888K by 11264K to 49152K
[2020-08-10T13:11:19.460+0300][1619.002s][info ][gc] GC(53499) Pause Full (Ergonomics) 37M->37M(49M) 66.054ms
[2020-08-10T13:11:19.478+0300][1619.021s][info ][gc] GC(53500) Pause Young (Allocation Failure) 38M->38M(50M) 17.732ms
[2020-08-10T13:11:19.493+0300][1619.035s][info ][gc] GC(53501) Pause Young (Allocation Failure) 39M->38M(50M) 14.108ms
[2020-08-10T13:11:19.507+0300][1619.050s][info ][gc] GC(53502) Pause Young (Allocation Failure) 39M->39M(50M) 14.092ms
[2020-08-10T13:11:19.522+0300][1619.064s][info ][gc] GC(53503) Pause Young (Allocation Failure) 40M->40M(50M) 13.984ms
[2020-08-10T13:11:19.537+0300][1619.079s][info ][gc] GC(53504) Pause Young (Allocation Failure) 41M->41M(50M) 14.077ms
[2020-08-10T13:11:19.551+0300][1619.094s][info ][gc] GC(53505) Pause Young (Allocation Failure) 42M->42M(50M) 14.075ms
[2020-08-10T13:11:19.566+0300][1619.108s][info ][gc] GC(53506) Pause Young (Allocation Failure) 43M->43M(50M) 13.900ms
[2020-08-10T13:11:19.580+0300][1619.122s][info ][gc] GC(53507) Pause Young (Allocation Failure) 44M->44M(50M) 13.860ms
[2020-08-10T13:11:19.594+0300][1619.137s][info ][gc] GC(53508) Pause Young (Allocation Failure) 45M->45M(50M) 14.039ms
[2020-08-10T13:11:19.609+0300][1619.152s][info ][gc] GC(53509) Pause Young (Allocation Failure) 46M->46M(50M) 14.024ms
[2020-08-10T13:11:19.624+0300][1619.166s][info ][gc] GC(53510) Pause Young (Allocation Failure) 47M->47M(50M) 14.020ms
[2020-08-10T13:11:19.638+0300][1619.181s][info ][gc] GC(53511) Pause Young (Allocation Failure) 48M->48M(50M) 14.119ms
[2020-08-10T13:11:19.742+0300][1619.285s][debug][gc] GC(53512) Expanding ParOldGen from 49152K by 11776K to 60928K
[2020-08-10T13:11:19.742+0300][1619.285s][info ][gc] GC(53512) Pause Full (Ergonomics) 48M->48M(61M) 103.654ms
[2020-08-10T13:11:19.764+0300][1619.306s][info ][gc] GC(53513) Pause Young (Allocation Failure) 49M->49M(61M) 20.784ms
[2020-08-10T13:11:19.778+0300][1619.321s][info ][gc] GC(53514) Pause Young (Allocation Failure) 50M->50M(61M) 14.256ms
[2020-08-10T13:11:19.793+0300][1619.336s][info ][gc] GC(53515) Pause Young (Allocation Failure) 51M->51M(61M) 14.127ms
[2020-08-10T13:11:19.807+0300][1619.350s][info ][gc] GC(53516) Pause Young (Allocation Failure) 52M->52M(61M) 14.054ms
[2020-08-10T13:11:19.822+0300][1619.365s][info ][gc] GC(53517) Pause Young (Allocation Failure) 53M->53M(61M) 14.065ms
[2020-08-10T13:11:19.837+0300][1619.379s][info ][gc] GC(53518) Pause Young (Allocation Failure) 54M->54M(61M) 13.963ms
[2020-08-10T13:11:19.851+0300][1619.394s][info ][gc] GC(53519) Pause Young (Allocation Failure) 55M->55M(61M) 13.948ms
[2020-08-10T13:11:19.866+0300][1619.408s][info ][gc] GC(53520) Pause Young (Allocation Failure) 56M->55M(61M) 14.151ms
[2020-08-10T13:11:19.880+0300][1619.423s][info ][gc] GC(53521) Pause Young (Allocation Failure) 56M->56M(61M) 14.179ms
[2020-08-10T13:11:19.895+0300][1619.438s][info ][gc] GC(53522) Pause Young (Allocation Failure) 57M->57M(61M) 14.156ms
[2020-08-10T13:11:19.910+0300][1619.452s][info ][gc] GC(53523) Pause Young (Allocation Failure) 58M->58M(61M) 13.988ms
[2020-08-10T13:11:19.924+0300][1619.467s][info ][gc] GC(53524) Pause Young (Allocation Failure) 59M->59M(61M) 14.208ms
[2020-08-10T13:11:20.054+0300][1619.597s][debug][gc] GC(53525) Expanding ParOldGen from 60928K by 11264K to 72192K
[2020-08-10T13:11:20.054+0300][1619.597s][info ][gc] GC(53525) Pause Full (Ergonomics) 59M->59M(72M) 129.639ms
[2020-08-10T13:11:20.081+0300][1619.624s][info ][gc] GC(53526) Pause Young (Allocation Failure) 60M->60M(72M) 26.480ms
[2020-08-10T13:11:20.096+0300][1619.639s][info ][gc] GC(53527) Pause Young (Allocation Failure) 61M->61M(72M) 14.315ms
[2020-08-10T13:11:20.111+0300][1619.653s][info ][gc] GC(53528) Pause Young (Allocation Failure) 62M->62M(72M) 14.186ms
[2020-08-10T13:11:20.126+0300][1619.668s][info ][gc] GC(53529) Pause Young (Allocation Failure) 63M->63M(72M) 14.212ms
[2020-08-10T13:11:20.140+0300][1619.683s][info ][gc] GC(53530) Pause Young (Allocation Failure) 64M->64M(72M) 14.214ms
[2020-08-10T13:11:20.156+0300][1619.698s][info ][gc] GC(53531) Pause Young (Allocation Failure) 65M->65M(72M) 14.225ms
[2020-08-10T13:11:20.170+0300][1619.713s][info ][gc] GC(53532) Pause Young (Allocation Failure) 66M->66M(72M) 14.240ms
[2020-08-10T13:11:20.185+0300][1619.728s][info ][gc] GC(53533) Pause Young (Allocation Failure) 67M->67M(72M) 14.262ms
[2020-08-10T13:11:20.200+0300][1619.743s][info ][gc] GC(53534) Pause Young (Allocation Failure) 68M->68M(72M) 14.224ms
[2020-08-10T13:11:20.215+0300][1619.758s][info ][gc] GC(53535) Pause Young (Allocation Failure) 69M->69M(72M) 14.260ms
[2020-08-10T13:11:20.230+0300][1619.772s][info ][gc] GC(53536) Pause Young (Allocation Failure) 70M->70M(72M) 14.136ms
[2020-08-10T13:11:20.245+0300][1619.787s][info ][gc] GC(53537) Pause Young (Allocation Failure) 71M->71M(72M) 14.292ms
[2020-08-10T13:11:20.453+0300][1619.996s][debug][gc] GC(53538) Expanding ParOldGen from 72192K by 11776K to 83968K
[2020-08-10T13:11:20.453+0300][1619.996s][info ][gc] GC(53538) Pause Full (Ergonomics) 71M->70M(84M) 208.396ms
[2020-08-10T13:11:20.483+0300][1620.026s][info ][gc] GC(53539) Pause Young (Allocation Failure) 71M->71M(84M) 29.132ms
[2020-08-10T13:11:20.498+0300][1620.040s][info ][gc] GC(53540) Pause Young (Allocation Failure) 72M->72M(84M) 14.238ms
[2020-08-10T13:11:20.513+0300][1620.055s][info ][gc] GC(53541) Pause Young (Allocation Failure) 73M->73M(84M) 14.348ms
[2020-08-10T13:11:20.528+0300][1620.070s][info ][gc] GC(53542) Pause Young (Allocation Failure) 74M->74M(84M) 14.305ms
[2020-08-10T13:11:20.543+0300][1620.085s][info ][gc] GC(53543) Pause Young (Allocation Failure) 75M->75M(84M) 14.326ms
[2020-08-10T13:11:20.558+0300][1620.100s][info ][gc] GC(53544) Pause Young (Allocation Failure) 76M->76M(84M) 14.404ms
[2020-08-10T13:11:20.572+0300][1620.115s][info ][gc] GC(53545) Pause Young (Allocation Failure) 77M->77M(84M) 14.120ms
[2020-08-10T13:11:20.587+0300][1620.129s][info ][gc] GC(53546) Pause Young (Allocation Failure) 78M->78M(84M) 14.309ms
[2020-08-10T13:11:20.602+0300][1620.144s][info ][gc] GC(53547) Pause Young (Allocation Failure) 79M->79M(84M) 14.312ms
[2020-08-10T13:11:20.617+0300][1620.159s][info ][gc] GC(53548) Pause Young (Allocation Failure) 80M->80M(84M) 14.375ms
[2020-08-10T13:11:20.632+0300][1620.174s][info ][gc] GC(53549) Pause Young (Allocation Failure) 81M->81M(84M) 14.325ms
[2020-08-10T13:11:20.647+0300][1620.189s][info ][gc] GC(53550) Pause Young (Allocation Failure) 82M->82M(84M) 14.604ms
[2020-08-10T13:11:20.842+0300][1620.384s][debug][gc] GC(53551) Expanding ParOldGen from 83968K by 11264K to 95232K
[2020-08-10T13:11:20.842+0300][1620.384s][info ][gc] GC(53551) Pause Full (Ergonomics) 82M->82M(95M) 194.716ms
[2020-08-10T13:11:20.874+0300][1620.416s][info ][gc] GC(53552) Pause Young (Allocation Failure) 83M->83M(95M) 31.597ms
[2020-08-10T13:11:20.889+0300][1620.432s][info ][gc] GC(53553) Pause Young (Allocation Failure) 84M->84M(95M) 14.515ms
[2020-08-10T13:11:20.904+0300][1620.447s][info ][gc] GC(53554) Pause Young (Allocation Failure) 85M->85M(95M) 14.695ms
[2020-08-10T13:11:20.920+0300][1620.462s][info ][gc] GC(53555) Pause Young (Allocation Failure) 86M->86M(95M) 14.762ms
[2020-08-10T13:11:20.935+0300][1620.477s][info ][gc] GC(53556) Pause Young (Allocation Failure) 87M->86M(95M) 14.668ms
[2020-08-10T13:11:20.950+0300][1620.493s][info ][gc] GC(53557) Pause Young (Allocation Failure) 87M->87M(95M) 14.907ms
[2020-08-10T13:11:20.966+0300][1620.508s][info ][gc] GC(53558) Pause Young (Allocation Failure) 88M->88M(95M) 15.013ms
[2020-08-10T13:11:20.982+0300][1620.524s][info ][gc] GC(53559) Pause Young (Allocation Failure) 89M->89M(95M) 15.223ms
[2020-08-10T13:11:20.997+0300][1620.540s][info ][gc] GC(53560) Pause Young (Allocation Failure) 90M->90M(95M) 15.192ms
[2020-08-10T13:11:21.013+0300][1620.555s][info ][gc] GC(53561) Pause Young (Allocation Failure) 91M->91M(95M) 15.042ms
[2020-08-10T13:11:21.028+0300][1620.571s][info ][gc] GC(53562) Pause Young (Allocation Failure) 92M->92M(95M) 15.309ms
[2020-08-10T13:11:21.044+0300][1620.587s][info ][gc] GC(53563) Pause Young (Allocation Failure) 93M->93M(95M) 15.415ms
[2020-08-10T13:11:21.308+0300][1620.851s][debug][gc] GC(53564) Expanding ParOldGen from 95232K by 11264K to 106496K
[2020-08-10T13:11:21.308+0300][1620.851s][info ][gc] GC(53564) Pause Full (Ergonomics) 93M->93M(106M) 263.773ms
[2020-08-10T13:11:21.344+0300][1620.887s][info ][gc] GC(53565) Pause Young (Allocation Failure) 94M->94M(106M) 35.232ms
[2020-08-10T13:11:21.360+0300][1620.903s][info ][gc] GC(53566) Pause Young (Allocation Failure) 95M->95M(106M) 15.389ms
[2020-08-10T13:11:21.376+0300][1620.919s][info ][gc] GC(53567) Pause Young (Allocation Failure) 96M->96M(106M) 15.455ms
[2020-08-10T13:11:21.392+0300][1620.935s][info ][gc] GC(53568) Pause Young (Allocation Failure) 97M->97M(106M) 15.730ms
[2020-08-10T13:11:21.408+0300][1620.951s][info ][gc] GC(53569) Pause Young (Allocation Failure) 98M->98M(106M) 15.770ms
[2020-08-10T13:11:21.425+0300][1620.967s][info ][gc] GC(53570) Pause Young (Allocation Failure) 99M->99M(106M) 15.811ms
[2020-08-10T13:11:21.441+0300][1620.984s][info ][gc] GC(53571) Pause Young (Allocation Failure) 100M->100M(106M) 16.215ms
[2020-08-10T13:11:21.458+0300][1621.000s][info ][gc] GC(53572) Pause Young (Allocation Failure) 101M->101M(106M) 15.858ms
[2020-08-10T13:11:21.474+0300][1621.017s][info ][gc] GC(53573) Pause Young (Allocation Failure) 102M->102M(106M) 15.992ms
[2020-08-10T13:11:21.490+0300][1621.033s][info ][gc] GC(53574) Pause Young (Allocation Failure) 103M->103M(106M) 15.897ms
[2020-08-10T13:11:21.506+0300][1621.049s][info ][gc] GC(53575) Pause Young (Allocation Failure) 104M->104M(105M) 15.901ms
[2020-08-10T13:11:21.820+0300][1621.363s][debug][gc] GC(53576) Expanding ParOldGen from 106496K by 11264K to 117760K
[2020-08-10T13:11:21.820+0300][1621.363s][info ][gc] GC(53576) Pause Full (Ergonomics) 104M->103M(117M) 313.813ms
[2020-08-10T13:11:21.834+0300][1621.377s][info ][gc] GC(53577) Pause Young (Allocation Failure) 104M->104M(117M) 13.509ms
[2020-08-10T13:11:21.849+0300][1621.391s][info ][gc] GC(53578) Pause Young (Allocation Failure) 104M->104M(117M) 13.837ms
[2020-08-10T13:11:21.863+0300][1621.406s][info ][gc] GC(53579) Pause Young (Allocation Failure) 105M->105M(117M) 13.665ms
[2020-08-10T13:11:21.877+0300][1621.420s][info ][gc] GC(53580) Pause Young (Allocation Failure) 105M->105M(117M) 13.733ms
[2020-08-10T13:11:21.891+0300][1621.434s][info ][gc] GC(53581) Pause Young (Allocation Failure) 106M->106M(117M) 13.686ms
[2020-08-10T13:11:21.906+0300][1621.448s][info ][gc] GC(53582) Pause Young (Allocation Failure) 106M->106M(117M) 13.713ms
[2020-08-10T13:11:21.920+0300][1621.462s][info ][gc] GC(53583) Pause Young (Allocation Failure) 107M->107M(117M) 13.693ms
[2020-08-10T13:11:21.934+0300][1621.477s][info ][gc] GC(53584) Pause Young (Allocation Failure) 107M->107M(117M) 13.770ms
[2020-08-10T13:11:21.948+0300][1621.491s][info ][gc] GC(53585) Pause Young (Allocation Failure) 108M->108M(117M) 13.483ms
[2020-08-10T13:11:21.962+0300][1621.505s][info ][gc] GC(53586) Pause Young (Allocation Failure) 108M->108M(117M) 13.715ms
[2020-08-10T13:11:21.976+0300][1621.519s][info ][gc] GC(53587) Pause Young (Allocation Failure) 108M->108M(117M) 13.470ms
[2020-08-10T13:11:21.990+0300][1621.532s][info ][gc] GC(53588) Pause Young (Allocation Failure) 109M->109M(117M) 13.479ms
[2020-08-10T13:11:22.004+0300][1621.546s][info ][gc] GC(53589) Pause Young (Allocation Failure) 109M->109M(117M) 13.640ms
[2020-08-10T13:11:22.018+0300][1621.561s][info ][gc] GC(53590) Pause Young (Allocation Failure) 110M->110M(117M) 13.727ms
[2020-08-10T13:11:22.032+0300][1621.575s][info ][gc] GC(53591) Pause Young (Allocation Failure) 110M->110M(117M) 13.746ms
[2020-08-10T13:11:22.047+0300][1621.590s][info ][gc] GC(53592) Pause Young (Allocation Failure) 111M->111M(117M) 14.294ms
[2020-08-10T13:11:22.061+0300][1621.604s][info ][gc] GC(53593) Pause Young (Allocation Failure) 111M->111M(116M) 13.979ms
[2020-08-10T13:11:22.082+0300][1621.624s][info ][gc] GC(53594) Pause Young (Allocation Failure) 112M->112M(116M) 19.746ms
[2020-08-10T13:11:22.096+0300][1621.639s][info ][gc] GC(53595) Pause Young (Allocation Failure) 112M->112M(116M) 14.064ms
[2020-08-10T13:11:22.111+0300][1621.654s][info ][gc] GC(53596) Pause Young (Allocation Failure) 113M->113M(116M) 14.170ms
[2020-08-10T13:11:22.125+0300][1621.668s][info ][gc] GC(53597) Pause Young (Allocation Failure) 113M->113M(116M) 14.025ms
[2020-08-10T13:11:22.140+0300][1621.683s][info ][gc] GC(53598) Pause Young (Allocation Failure) 114M->113M(116M) 14.226ms
[2020-08-10T13:11:22.155+0300][1621.697s][info ][gc] GC(53599) Pause Young (Allocation Failure) 114M->114M(116M) 14.052ms
[2020-08-10T13:11:22.169+0300][1621.712s][info ][gc] GC(53600) Pause Young (Allocation Failure) 114M->114M(116M) 14.109ms
[2020-08-10T13:11:22.453+0300][1621.996s][debug][gc] GC(53601) Expanding ParOldGen from 117760K by 10752K to 128512K
[2020-08-10T13:11:22.454+0300][1621.996s][info ][gc] GC(53601) Pause Full (Ergonomics) 114M->114M(127M) 284.247ms
[2020-08-10T13:11:22.489+0300][1622.032s][info ][gc] GC(53602) Pause Young (Allocation Failure) 115M->115M(127M) 35.188ms
[2020-08-10T13:11:22.505+0300][1622.048s][info ][gc] GC(53603) Pause Young (Allocation Failure) 115M->115M(127M) 15.336ms
[2020-08-10T13:11:22.520+0300][1622.063s][info ][gc] GC(53604) Pause Young (Allocation Failure) 116M->116M(127M) 14.687ms
[2020-08-10T13:11:22.535+0300][1622.078s][info ][gc] GC(53605) Pause Young (Allocation Failure) 116M->116M(127M) 14.660ms
[2020-08-10T13:11:22.551+0300][1622.093s][info ][gc] GC(53606) Pause Young (Allocation Failure) 117M->117M(127M) 14.734ms
[2020-08-10T13:11:22.566+0300][1622.108s][info ][gc] GC(53607) Pause Young (Allocation Failure) 117M->117M(127M) 14.487ms
[2020-08-10T13:11:22.584+0300][1622.126s][info ][gc] GC(53608) Pause Young (Allocation Failure) 117M->117M(127M) 17.505ms
[2020-08-10T13:11:22.599+0300][1622.141s][info ][gc] GC(53609) Pause Young (Allocation Failure) 118M->118M(127M) 14.734ms
[2020-08-10T13:11:22.614+0300][1622.156s][info ][gc] GC(53610) Pause Young (Allocation Failure) 118M->118M(127M) 14.543ms
[2020-08-10T13:11:22.629+0300][1622.172s][info ][gc] GC(53611) Pause Young (Allocation Failure) 119M->119M(127M) 14.869ms
[2020-08-10T13:11:22.644+0300][1622.187s][info ][gc] GC(53612) Pause Young (Allocation Failure) 119M->119M(127M) 14.844ms
[2020-08-10T13:11:22.659+0300][1622.202s][info ][gc] GC(53613) Pause Young (Allocation Failure) 120M->120M(127M) 14.584ms
[2020-08-10T13:11:22.675+0300][1622.217s][info ][gc] GC(53614) Pause Young (Allocation Failure) 120M->120M(127M) 15.073ms
[2020-08-10T13:11:22.690+0300][1622.233s][info ][gc] GC(53615) Pause Young (Allocation Failure) 121M->121M(127M) 15.129ms
[2020-08-10T13:11:22.706+0300][1622.248s][info ][gc] GC(53616) Pause Young (Allocation Failure) 121M->121M(127M) 14.967ms
[2020-08-10T13:11:22.721+0300][1622.264s][info ][gc] GC(53617) Pause Young (Allocation Failure) 122M->122M(127M) 15.129ms
[2020-08-10T13:11:22.737+0300][1622.279s][info ][gc] GC(53618) Pause Young (Allocation Failure) 122M->122M(127M) 14.905ms
[2020-08-10T13:11:22.752+0300][1622.295s][info ][gc] GC(53619) Pause Young (Allocation Failure) 123M->123M(127M) 14.955ms
[2020-08-10T13:11:22.767+0300][1622.310s][info ][gc] GC(53620) Pause Young (Allocation Failure) 123M->123M(127M) 15.032ms
[2020-08-10T13:11:22.783+0300][1622.326s][info ][gc] GC(53621) Pause Young (Allocation Failure) 123M->123M(127M) 15.352ms
[2020-08-10T13:11:22.799+0300][1622.341s][info ][gc] GC(53622) Pause Young (Allocation Failure) 124M->124M(127M) 15.029ms
[2020-08-10T13:11:22.838+0300][1622.381s][info ][gc] GC(53623) Pause Young (Allocation Failure) 124M->124M(127M) 39.254ms
[2020-08-10T13:11:22.857+0300][1622.399s][info ][gc] GC(53624) Pause Young (Allocation Failure) 125M->125M(127M) 18.013ms
[2020-08-10T13:11:22.874+0300][1622.417s][info ][gc] GC(53625) Pause Young (Allocation Failure) 125M->125M(127M) 17.072ms
[2020-08-10T13:11:23.229+0300][1622.771s][debug][gc] GC(53626) Expanding ParOldGen from 128512K by 10752K to 139264K
[2020-08-10T13:11:23.229+0300][1622.772s][info ][gc] GC(53626) Pause Full (Ergonomics) 125M->125M(137M) 354.252ms
[2020-08-10T13:11:23.257+0300][1622.800s][info ][gc] GC(53627) Pause Young (Allocation Failure) 125M->125M(137M) 27.759ms
[2020-08-10T13:11:23.274+0300][1622.816s][info ][gc] GC(53628) Pause Young (Allocation Failure) 126M->126M(137M) 15.965ms
[2020-08-10T13:11:23.291+0300][1622.834s][info ][gc] GC(53629) Pause Young (Allocation Failure) 126M->126M(137M) 16.788ms
[2020-08-10T13:11:23.306+0300][1622.849s][info ][gc] GC(53630) Pause Young (Allocation Failure) 127M->127M(137M) 14.668ms
[2020-08-10T13:11:23.321+0300][1622.864s][info ][gc] GC(53631) Pause Young (Allocation Failure) 127M->127M(137M) 14.896ms
[2020-08-10T13:11:23.357+0300][1622.900s][info ][gc] GC(53632) Pause Young (Allocation Failure) 128M->128M(137M) 35.079ms
[2020-08-10T13:11:23.382+0300][1622.925s][info ][gc] GC(53633) Pause Young (Allocation Failure) 128M->128M(137M) 24.767ms
[2020-08-10T13:11:23.398+0300][1622.940s][info ][gc] GC(53634) Pause Young (Allocation Failure) 129M->129M(137M) 15.427ms
[2020-08-10T13:11:23.413+0300][1622.956s][info ][gc] GC(53635) Pause Young (Allocation Failure) 129M->129M(137M) 15.096ms
[2020-08-10T13:11:23.434+0300][1622.977s][info ][gc] GC(53636) Pause Young (Allocation Failure) 130M->130M(137M) 20.665ms
[2020-08-10T13:11:23.450+0300][1622.993s][info ][gc] GC(53637) Pause Young (Allocation Failure) 130M->130M(137M) 14.952ms
[2020-08-10T13:11:23.471+0300][1623.013s][info ][gc] GC(53638) Pause Young (Allocation Failure) 130M->130M(137M) 20.547ms
[2020-08-10T13:11:23.486+0300][1623.029s][info ][gc] GC(53639) Pause Young (Allocation Failure) 131M->131M(137M) 15.212ms
[2020-08-10T13:11:23.502+0300][1623.045s][info ][gc] GC(53640) Pause Young (Allocation Failure) 131M->131M(137M) 15.163ms
[2020-08-10T13:11:23.523+0300][1623.066s][info ][gc] GC(53641) Pause Young (Allocation Failure) 132M->132M(137M) 21.150ms
[2020-08-10T13:11:23.539+0300][1623.082s][info ][gc] GC(53642) Pause Young (Allocation Failure) 132M->132M(137M) 15.163ms
[2020-08-10T13:11:23.560+0300][1623.103s][info ][gc] GC(53643) Pause Young (Allocation Failure) 133M->133M(137M) 20.980ms
[2020-08-10T13:11:23.576+0300][1623.119s][info ][gc] GC(53644) Pause Young (Allocation Failure) 133M->133M(137M) 15.294ms
[2020-08-10T13:11:23.598+0300][1623.140s][info ][gc] GC(53645) Pause Young (Allocation Failure) 134M->133M(137M) 21.182ms
[2020-08-10T13:11:23.613+0300][1623.156s][info ][gc] GC(53646) Pause Young (Allocation Failure) 134M->134M(137M) 15.420ms
[2020-08-10T13:11:23.629+0300][1623.172s][info ][gc] GC(53647) Pause Young (Allocation Failure) 134M->134M(137M) 15.429ms
[2020-08-10T13:11:23.645+0300][1623.188s][info ][gc] GC(53648) Pause Young (Allocation Failure) 135M->135M(137M) 15.613ms
[2020-08-10T13:11:23.661+0300][1623.204s][info ][gc] GC(53649) Pause Young (Allocation Failure) 135M->135M(137M) 15.378ms
[2020-08-10T13:11:23.661+0300][1623.204s][debug][gc] Expanding ParOldGen from 139264K by 19968K to 159232K
[2020-08-10T13:11:23.684+0300][1623.226s][info ][gc] GC(53650) Pause Young (Allocation Failure) 155M->155M(157M) 14.335ms
[2020-08-10T13:11:23.697+0300][1623.240s][info ][gc] GC(53651) Pause Young (Allocation Failure) 155M->155M(157M) 12.758ms
[2020-08-10T13:11:23.723+0300][1623.266s][debug][gc] GC(53652) Shrinking ParOldGen from 159232K by 125952K to 33280K
[2020-08-10T13:11:23.723+0300][1623.266s][info ][gc] GC(53652) Pause Full (Ergonomics) 155M->21M(34M) 26.476ms
[2020-08-10T13:11:23.736+0300][1623.279s][info ][gc] GC(53653) Pause Young (Allocation Failure) 22M->22M(34M) 12.513ms
[2020-08-10T13:11:23.749+0300][1623.292s][info ][gc] GC(53654) Pause Young (Allocation Failure) 22M->22M(34M) 12.707ms
[2020-08-10T13:11:23.762+0300][1623.305s][info ][gc] GC(53655) Pause Young (Allocation Failure) 23M->23M(34M) 12.649ms
[2020-08-10T13:11:23.775+0300][1623.318s][info ][gc] GC(53656) Pause Young (Allocation Failure) 23M->23M(34M) 12.732ms
[2020-08-10T13:11:23.788+0300][1623.331s][info ][gc] GC(53657) Pause Young (Allocation Failure) 24M->23M(34M) 12.815ms
[2020-08-10T13:11:23.801+0300][1623.344s][info ][gc] GC(53658) Pause Young (Allocation Failure) 24M->24M(34M) 12.927ms
[2020-08-10T13:11:23.815+0300][1623.358s][info ][gc] GC(53659) Pause Young (Allocation Failure) 24M->24M(34M) 12.892ms
[2020-08-10T13:11:23.828+0300][1623.371s][info ][gc] GC(53660) Pause Young (Allocation Failure) 25M->25M(34M) 12.948ms
[2020-08-10T13:11:23.842+0300][1623.384s][info ][gc] GC(53661) Pause Young (Allocation Failure) 25M->25M(34M) 12.865ms
[2020-08-10T13:11:23.855+0300][1623.398s][info ][gc] GC(53662) Pause Young (Allocation Failure) 26M->26M(34M) 12.976ms
[2020-08-10T13:11:23.869+0300][1623.411s][info ][gc] GC(53663) Pause Young (Allocation Failure) 26M->26M(34M) 12.921ms
[2020-08-10T13:11:23.882+0300][1623.425s][info ][gc] GC(53664) Pause Young (Allocation Failure) 27M->27M(34M) 12.910ms
[2020-08-10T13:11:23.895+0300][1623.438s][info ][gc] GC(53665) Pause Young (Allocation Failure) 27M->27M(34M) 12.957ms
[2020-08-10T13:11:23.909+0300][1623.451s][info ][gc] GC(53666) Pause Young (Allocation Failure) 28M->28M(34M) 12.860ms
[2020-08-10T13:11:23.922+0300][1623.465s][info ][gc] GC(53667) Pause Young (Allocation Failure) 28M->28M(34M) 13.086ms
[2020-08-10T13:11:23.936+0300][1623.478s][info ][gc] GC(53668) Pause Young (Allocation Failure) 29M->29M(34M) 13.030ms
[2020-08-10T13:11:23.949+0300][1623.492s][info ][gc] GC(53669) Pause Young (Allocation Failure) 30M->30M(34M) 13.150ms
[2020-08-10T13:11:23.963+0300][1623.506s][info ][gc] GC(53670) Pause Young (Allocation Failure) 31M->31M(34M) 13.494ms
[2020-08-10T13:11:23.977+0300][1623.520s][info ][gc] GC(53671) Pause Young (Allocation Failure) 32M->32M(35M) 13.428ms
[2020-08-10T13:11:23.991+0300][1623.534s][info ][gc] GC(53672) Pause Young (Allocation Failure) 33M->33M(35M) 13.519ms
[2020-08-10T13:11:24.050+0300][1623.593s][debug][gc] GC(53673) Expanding ParOldGen from 33280K by 11264K to 44544K
[2020-08-10T13:11:24.050+0300][1623.593s][info ][gc] GC(53673) Pause Full (Ergonomics) 33M->33M(46M) 58.797ms
[2020-08-10T13:11:24.067+0300][1623.610s][info ][gc] GC(53674) Pause Young (Allocation Failure) 34M->34M(46M) 16.188ms
[2020-08-10T13:11:24.081+0300][1623.624s][info ][gc] GC(53675) Pause Young (Allocation Failure) 35M->35M(46M) 13.563ms
[2020-08-10T13:11:24.095+0300][1623.638s][info ][gc] GC(53676) Pause Young (Allocation Failure) 36M->35M(46M) 13.556ms
[2020-08-10T13:11:24.109+0300][1623.652s][info ][gc] GC(53677) Pause Young (Allocation Failure) 36M->36M(46M) 13.246ms
[2020-08-10T13:11:24.123+0300][1623.666s][info ][gc] GC(53678) Pause Young (Allocation Failure) 37M->37M(46M) 13.605ms
[2020-08-10T13:11:24.137+0300][1623.680s][info ][gc] GC(53679) Pause Young (Allocation Failure) 38M->38M(46M) 13.528ms
[2020-08-10T13:11:24.151+0300][1623.694s][info ][gc] GC(53680) Pause Young (Allocation Failure) 39M->39M(46M) 13.392ms
[2020-08-10T13:11:24.165+0300][1623.708s][info ][gc] GC(53681) Pause Young (Allocation Failure) 40M->40M(46M) 13.525ms
[2020-08-10T13:11:24.179+0300][1623.722s][info ][gc] GC(53682) Pause Young (Allocation Failure) 41M->41M(46M) 13.490ms
[2020-08-10T13:11:24.193+0300][1623.736s][info ][gc] GC(53683) Pause Young (Allocation Failure) 42M->42M(46M) 13.422ms
[2020-08-10T13:11:24.207+0300][1623.750s][info ][gc] GC(53684) Pause Young (Allocation Failure) 43M->43M(46M) 13.443ms
[2020-08-10T13:11:24.298+0300][1623.841s][debug][gc] GC(53685) Expanding ParOldGen from 44544K by 11776K to 56320K
[2020-08-10T13:11:24.298+0300][1623.841s][info ][gc] GC(53685) Pause Full (Ergonomics) 43M->43M(57M) 90.926ms
[2020-08-10T13:11:24.313+0300][1623.856s][info ][gc] GC(53686) Pause Young (Allocation Failure) 44M->44M(57M) 14.164ms
[2020-08-10T13:11:24.327+0300][1623.870s][info ][gc] GC(53687) Pause Young (Allocation Failure) 45M->45M(57M) 13.474ms
[2020-08-10T13:11:24.341+0300][1623.884s][info ][gc] GC(53688) Pause Young (Allocation Failure) 46M->46M(57M) 13.274ms
[2020-08-10T13:11:24.367+0300][1623.909s][info ][gc] GC(53689) Pause Young (Allocation Failure) 47M->47M(57M) 25.253ms
[2020-08-10T13:11:24.380+0300][1623.923s][info ][gc] GC(53690) Pause Young (Allocation Failure) 48M->48M(57M) 13.275ms
[2020-08-10T13:11:24.394+0300][1623.937s][info ][gc] GC(53691) Pause Young (Allocation Failure) 49M->49M(57M) 13.392ms
[2020-08-10T13:11:24.408+0300][1623.950s][info ][gc] GC(53692) Pause Young (Allocation Failure) 50M->49M(57M) 13.304ms
[2020-08-10T13:11:24.422+0300][1623.964s][info ][gc] GC(53693) Pause Young (Allocation Failure) 50M->50M(57M) 13.500ms
[2020-08-10T13:11:24.436+0300][1623.978s][info ][gc] GC(53694) Pause Young (Allocation Failure) 51M->51M(57M) 13.459ms
[2020-08-10T13:11:24.450+0300][1623.992s][info ][gc] GC(53695) Pause Young (Allocation Failure) 52M->52M(57M) 13.483ms
[2020-08-10T13:11:24.464+0300][1624.006s][info ][gc] GC(53696) Pause Young (Allocation Failure) 53M->53M(57M) 13.566ms
[2020-08-10T13:11:24.478+0300][1624.020s][info ][gc] GC(53697) Pause Young (Allocation Failure) 54M->54M(57M) 13.504ms
[2020-08-10T13:11:24.589+0300][1624.131s][debug][gc] GC(53698) Expanding ParOldGen from 56320K by 11264K to 67584K
[2020-08-10T13:11:24.589+0300][1624.132s][info ][gc] GC(53698) Pause Full (Ergonomics) 54M->54M(68M) 110.933ms
[2020-08-10T13:11:24.602+0300][1624.145s][info ][gc] GC(53699) Pause Young (Allocation Failure) 55M->55M(68M) 13.065ms
[2020-08-10T13:11:24.616+0300][1624.159s][info ][gc] GC(53700) Pause Young (Allocation Failure) 56M->56M(68M) 13.559ms
[2020-08-10T13:11:24.630+0300][1624.173s][info ][gc] GC(53701) Pause Young (Allocation Failure) 57M->57M(68M) 13.430ms
[2020-08-10T13:11:24.644+0300][1624.187s][info ][gc] GC(53702) Pause Young (Allocation Failure) 58M->58M(68M) 13.234ms
[2020-08-10T13:11:24.658+0300][1624.201s][info ][gc] GC(53703) Pause Young (Allocation Failure) 59M->59M(68M) 13.556ms
[2020-08-10T13:11:24.672+0300][1624.215s][info ][gc] GC(53704) Pause Young (Allocation Failure) 60M->60M(68M) 13.230ms
[2020-08-10T13:11:24.686+0300][1624.228s][info ][gc] GC(53705) Pause Young (Allocation Failure) 61M->61M(68M) 13.376ms
[2020-08-10T13:11:24.699+0300][1624.242s][info ][gc] GC(53706) Pause Young (Allocation Failure) 62M->62M(68M) 13.137ms
[2020-08-10T13:11:24.713+0300][1624.256s][info ][gc] GC(53707) Pause Young (Allocation Failure) 63M->63M(68M) 13.522ms
[2020-08-10T13:11:24.727+0300][1624.270s][info ][gc] GC(53708) Pause Young (Allocation Failure) 64M->64M(68M) 13.303ms
[2020-08-10T13:11:24.741+0300][1624.284s][info ][gc] GC(53709) Pause Young (Allocation Failure) 65M->65M(68M) 13.480ms
[2020-08-10T13:11:24.755+0300][1624.298s][info ][gc] GC(53710) Pause Young (Allocation Failure) 66M->66M(68M) 13.460ms
[2020-08-10T13:11:24.898+0300][1624.441s][debug][gc] GC(53711) Expanding ParOldGen from 67584K by 11776K to 79360K
[2020-08-10T13:11:24.899+0300][1624.441s][info ][gc] GC(53711) Pause Full (Ergonomics) 66M->65M(80M) 143.686ms
[2020-08-10T13:11:24.912+0300][1624.455s][info ][gc] GC(53712) Pause Young (Allocation Failure) 66M->66M(80M) 13.071ms
[2020-08-10T13:11:24.926+0300][1624.469s][info ][gc] GC(53713) Pause Young (Allocation Failure) 67M->67M(80M) 13.444ms
[2020-08-10T13:11:24.940+0300][1624.483s][info ][gc] GC(53714) Pause Young (Allocation Failure) 68M->68M(80M) 13.600ms
[2020-08-10T13:11:24.954+0300][1624.497s][info ][gc] GC(53715) Pause Young (Allocation Failure) 69M->69M(80M) 13.617ms
[2020-08-10T13:11:24.969+0300][1624.511s][info ][gc] GC(53716) Pause Young (Allocation Failure) 70M->70M(80M) 13.673ms
[2020-08-10T13:11:24.983+0300][1624.525s][info ][gc] GC(53717) Pause Young (Allocation Failure) 71M->71M(80M) 13.525ms
[2020-08-10T13:11:24.997+0300][1624.539s][info ][gc] GC(53718) Pause Young (Allocation Failure) 72M->72M(80M) 13.576ms
[2020-08-10T13:11:25.011+0300][1624.554s][info ][gc] GC(53719) Pause Young (Allocation Failure) 73M->73M(80M) 13.539ms
[2020-08-10T13:11:25.025+0300][1624.568s][info ][gc] GC(53720) Pause Young (Allocation Failure) 74M->74M(80M) 13.607ms
[2020-08-10T13:11:25.039+0300][1624.582s][info ][gc] GC(53721) Pause Young (Allocation Failure) 75M->75M(80M) 13.576ms
[2020-08-10T13:11:25.053+0300][1624.596s][info ][gc] GC(53722) Pause Young (Allocation Failure) 76M->76M(80M) 13.473ms
[2020-08-10T13:11:25.067+0300][1624.610s][info ][gc] GC(53723) Pause Young (Allocation Failure) 77M->77M(80M) 13.528ms
[2020-08-10T13:11:25.081+0300][1624.624s][info ][gc] GC(53724) Pause Young (Allocation Failure) 78M->78M(79M) 13.482ms
[2020-08-10T13:11:25.264+0300][1624.807s][debug][gc] GC(53725) Expanding ParOldGen from 79360K by 11264K to 90624K
[2020-08-10T13:11:25.264+0300][1624.807s][info ][gc] GC(53725) Pause Full (Ergonomics) 78M->78M(90M) 182.560ms
[2020-08-10T13:11:25.296+0300][1624.839s][info ][gc] GC(53726) Pause Young (Allocation Failure) 79M->79M(90M) 31.576ms
[2020-08-10T13:11:25.326+0300][1624.869s][info ][gc] GC(53727) Pause Young (Allocation Failure) 80M->80M(90M) 29.507ms
[2020-08-10T13:11:25.344+0300][1624.887s][info ][gc] GC(53728) Pause Young (Allocation Failure) 81M->80M(91M) 16.917ms
[2020-08-10T13:11:25.359+0300][1624.902s][info ][gc] GC(53729) Pause Young (Allocation Failure) 81M->81M(91M) 15.148ms
[2020-08-10T13:11:25.374+0300][1624.917s][info ][gc] GC(53730) Pause Young (Allocation Failure) 82M->82M(91M) 13.823ms
[2020-08-10T13:11:25.389+0300][1624.932s][info ][gc] GC(53731) Pause Young (Allocation Failure) 83M->83M(91M) 14.731ms
[2020-08-10T13:11:25.403+0300][1624.946s][info ][gc] GC(53732) Pause Young (Allocation Failure) 84M->84M(91M) 13.826ms
[2020-08-10T13:11:25.418+0300][1624.960s][info ][gc] GC(53733) Pause Young (Allocation Failure) 85M->85M(91M) 13.946ms
[2020-08-10T13:11:25.432+0300][1624.975s][info ][gc] GC(53734) Pause Young (Allocation Failure) 86M->86M(91M) 14.043ms
[2020-08-10T13:11:25.447+0300][1624.989s][info ][gc] GC(53735) Pause Young (Allocation Failure) 87M->87M(91M) 14.083ms
[2020-08-10T13:11:25.461+0300][1625.004s][info ][gc] GC(53736) Pause Young (Allocation Failure) 88M->88M(91M) 14.162ms
[2020-08-10T13:11:25.667+0300][1625.210s][debug][gc] GC(53737) Expanding ParOldGen from 90624K by 11776K to 102400K
[2020-08-10T13:11:25.667+0300][1625.210s][info ][gc] GC(53737) Pause Full (Ergonomics) 88M->88M(102M) 205.824ms
[2020-08-10T13:11:25.681+0300][1625.224s][info ][gc] GC(53738) Pause Young (Allocation Failure) 89M->89M(102M) 13.036ms
[2020-08-10T13:11:25.695+0300][1625.238s][info ][gc] GC(53739) Pause Young (Allocation Failure) 90M->90M(102M) 13.985ms
[2020-08-10T13:11:25.710+0300][1625.253s][info ][gc] GC(53740) Pause Young (Allocation Failure) 91M->91M(102M) 14.373ms
[2020-08-10T13:11:25.725+0300][1625.268s][info ][gc] GC(53741) Pause Young (Allocation Failure) 92M->92M(102M) 14.556ms
[2020-08-10T13:11:25.740+0300][1625.283s][info ][gc] GC(53742) Pause Young (Allocation Failure) 93M->93M(102M) 14.610ms
[2020-08-10T13:11:25.755+0300][1625.298s][info ][gc] GC(53743) Pause Young (Allocation Failure) 94M->94M(102M) 14.578ms
[2020-08-10T13:11:25.771+0300][1625.314s][info ][gc] GC(53744) Pause Young (Allocation Failure) 95M->95M(102M) 14.623ms
[2020-08-10T13:11:25.786+0300][1625.329s][info ][gc] GC(53745) Pause Young (Allocation Failure) 96M->96M(102M) 14.833ms
[2020-08-10T13:11:25.802+0300][1625.344s][info ][gc] GC(53746) Pause Young (Allocation Failure) 97M->97M(102M) 15.014ms
[2020-08-10T13:11:25.817+0300][1625.360s][info ][gc] GC(53747) Pause Young (Allocation Failure) 98M->98M(102M) 15.083ms
[2020-08-10T13:11:25.833+0300][1625.376s][info ][gc] GC(53748) Pause Young (Allocation Failure) 99M->98M(102M) 14.983ms
[2020-08-10T13:11:25.849+0300][1625.391s][info ][gc] GC(53749) Pause Young (Allocation Failure) 99M->99M(102M) 15.409ms
[2020-08-10T13:11:26.078+0300][1625.620s][debug][gc] GC(53750) Expanding ParOldGen from 102400K by 11264K to 113664K
[2020-08-10T13:11:26.078+0300][1625.621s][info ][gc] GC(53750) Pause Full (Ergonomics) 99M->99M(113M) 228.931ms
[2020-08-10T13:11:26.091+0300][1625.634s][info ][gc] GC(53751) Pause Young (Allocation Failure) 100M->100M(113M) 13.135ms
[2020-08-10T13:11:26.107+0300][1625.650s][info ][gc] GC(53752) Pause Young (Allocation Failure) 101M->101M(113M) 15.206ms
[2020-08-10T13:11:26.123+0300][1625.666s][info ][gc] GC(53753) Pause Young (Allocation Failure) 102M->102M(113M) 15.315ms
[2020-08-10T13:11:26.139+0300][1625.682s][info ][gc] GC(53754) Pause Young (Allocation Failure) 103M->103M(113M) 15.368ms
[2020-08-10T13:11:26.155+0300][1625.698s][info ][gc] GC(53755) Pause Young (Allocation Failure) 104M->104M(113M) 15.517ms
[2020-08-10T13:11:26.171+0300][1625.714s][info ][gc] GC(53756) Pause Young (Allocation Failure) 105M->105M(113M) 15.870ms
[2020-08-10T13:11:26.187+0300][1625.730s][info ][gc] GC(53757) Pause Young (Allocation Failure) 106M->106M(113M) 15.621ms
[2020-08-10T13:11:26.203+0300][1625.746s][info ][gc] GC(53758) Pause Young (Allocation Failure) 107M->107M(113M) 15.788ms
[2020-08-10T13:11:26.220+0300][1625.763s][info ][gc] GC(53759) Pause Young (Allocation Failure) 108M->108M(113M) 16.002ms
[2020-08-10T13:11:26.236+0300][1625.779s][info ][gc] GC(53760) Pause Young (Allocation Failure) 109M->109M(113M) 15.878ms
[2020-08-10T13:11:26.253+0300][1625.796s][info ][gc] GC(53761) Pause Young (Allocation Failure) 110M->110M(113M) 16.146ms
[2020-08-10T13:11:26.270+0300][1625.813s][info ][gc] GC(53762) Pause Young (Allocation Failure) 111M->111M(113M) 16.072ms
[2020-08-10T13:11:26.541+0300][1626.084s][debug][gc] GC(53763) Expanding ParOldGen from 113664K by 11264K to 124928K
[2020-08-10T13:11:26.541+0300][1626.084s][info ][gc] GC(53763) Pause Full (Ergonomics) 111M->111M(124M) 270.918ms
[2020-08-10T13:11:26.589+0300][1626.132s][info ][gc] GC(53764) Pause Young (Allocation Failure) 112M->112M(124M) 47.671ms
[2020-08-10T13:11:26.606+0300][1626.149s][info ][gc] GC(53765) Pause Young (Allocation Failure) 113M->112M(124M) 16.399ms
[2020-08-10T13:11:26.623+0300][1626.166s][info ][gc] GC(53766) Pause Young (Allocation Failure) 113M->113M(124M) 16.612ms
[2020-08-10T13:11:26.640+0300][1626.183s][info ][gc] GC(53767) Pause Young (Allocation Failure) 114M->114M(124M) 16.654ms
[2020-08-10T13:11:26.657+0300][1626.200s][info ][gc] GC(53768) Pause Young (Allocation Failure) 115M->115M(124M) 16.802ms
[2020-08-10T13:11:26.674+0300][1626.217s][info ][gc] GC(53769) Pause Young (Allocation Failure) 116M->116M(124M) 16.693ms
[2020-08-10T13:11:26.692+0300][1626.235s][info ][gc] GC(53770) Pause Young (Allocation Failure) 117M->117M(124M) 17.571ms
[2020-08-10T13:11:26.710+0300][1626.253s][info ][gc] GC(53771) Pause Young (Allocation Failure) 118M->118M(124M) 17.149ms
[2020-08-10T13:11:26.728+0300][1626.270s][info ][gc] GC(53772) Pause Young (Allocation Failure) 119M->119M(124M) 17.446ms
[2020-08-10T13:11:26.745+0300][1626.288s][info ][gc] GC(53773) Pause Young (Allocation Failure) 120M->120M(124M) 17.179ms
[2020-08-10T13:11:26.763+0300][1626.306s][info ][gc] GC(53774) Pause Young (Allocation Failure) 121M->121M(124M) 17.385ms
[2020-08-10T13:11:26.781+0300][1626.324s][info ][gc] GC(53775) Pause Young (Allocation Failure) 122M->122M(124M) 17.363ms
[2020-08-10T13:11:27.092+0300][1626.635s][debug][gc] GC(53776) Expanding ParOldGen from 124928K by 11776K to 136704K
[2020-08-10T13:11:27.092+0300][1626.635s][info ][gc] GC(53776) Pause Full (Ergonomics) 122M->122M(136M) 310.573ms
[2020-08-10T13:11:27.125+0300][1626.668s][info ][gc] GC(53777) Pause Young (Allocation Failure) 123M->123M(136M) 32.387ms
[2020-08-10T13:11:27.143+0300][1626.686s][info ][gc] GC(53778) Pause Young (Allocation Failure) 124M->124M(136M) 17.605ms
[2020-08-10T13:11:27.161+0300][1626.704s][info ][gc] GC(53779) Pause Young (Allocation Failure) 125M->125M(136M) 17.656ms
[2020-08-10T13:11:27.179+0300][1626.722s][info ][gc] GC(53780) Pause Young (Allocation Failure) 126M->126M(136M) 17.609ms
[2020-08-10T13:11:27.197+0300][1626.740s][info ][gc] GC(53781) Pause Young (Allocation Failure) 127M->127M(136M) 17.674ms
[2020-08-10T13:11:27.215+0300][1626.758s][info ][gc] GC(53782) Pause Young (Allocation Failure) 128M->128M(136M) 17.855ms
[2020-08-10T13:11:27.234+0300][1626.777s][info ][gc] GC(53783) Pause Young (Allocation Failure) 129M->129M(136M) 18.300ms
[2020-08-10T13:11:27.252+0300][1626.795s][info ][gc] GC(53784) Pause Young (Allocation Failure) 130M->129M(136M) 18.011ms
[2020-08-10T13:11:27.271+0300][1626.814s][info ][gc] GC(53785) Pause Young (Allocation Failure) 130M->130M(136M) 18.297ms
[2020-08-10T13:11:27.290+0300][1626.833s][info ][gc] GC(53786) Pause Young (Allocation Failure) 131M->131M(136M) 17.958ms
[2020-08-10T13:11:27.308+0300][1626.851s][info ][gc] GC(53787) Pause Young (Allocation Failure) 132M->132M(136M) 18.151ms
[2020-08-10T13:11:27.326+0300][1626.869s][info ][gc] GC(53788) Pause Young (Allocation Failure) 133M->133M(136M) 17.938ms
[2020-08-10T13:11:27.692+0300][1627.235s][debug][gc] GC(53789) Expanding ParOldGen from 136704K by 11264K to 147968K
[2020-08-10T13:11:27.693+0300][1627.236s][info ][gc] GC(53789) Pause Full (Ergonomics) 133M->133M(147M) 366.054ms
[2020-08-10T13:11:27.727+0300][1627.270s][info ][gc] GC(53790) Pause Young (Allocation Failure) 134M->134M(147M) 33.674ms
[2020-08-10T13:11:27.760+0300][1627.303s][info ][gc] GC(53791) Pause Young (Allocation Failure) 135M->135M(147M) 33.106ms
[2020-08-10T13:11:27.761+0300][1627.304s][debug][gc] Expanding ParOldGen from 147968K by 19968K to 167936K
[2020-08-10T13:11:27.789+0300][1627.332s][info ][gc] GC(53792) Pause Young (Allocation Failure) 155M->155M(166M) 20.167ms
[2020-08-10T13:11:27.803+0300][1627.346s][info ][gc] GC(53793) Pause Young (Allocation Failure) 156M->156M(166M) 13.716ms
[2020-08-10T13:11:27.818+0300][1627.361s][info ][gc] GC(53794) Pause Young (Allocation Failure) 157M->157M(166M) 13.881ms
[2020-08-10T13:11:27.832+0300][1627.375s][info ][gc] GC(53795) Pause Young (Allocation Failure) 158M->158M(166M) 13.791ms
[2020-08-10T13:11:27.846+0300][1627.389s][info ][gc] GC(53796) Pause Young (Allocation Failure) 159M->159M(166M) 14.094ms
[2020-08-10T13:11:27.861+0300][1627.404s][info ][gc] GC(53797) Pause Young (Allocation Failure) 160M->160M(166M) 14.050ms
[2020-08-10T13:11:27.876+0300][1627.419s][info ][gc] GC(53798) Pause Young (Allocation Failure) 161M->161M(166M) 14.225ms
[2020-08-10T13:11:27.890+0300][1627.433s][info ][gc] GC(53799) Pause Young (Allocation Failure) 162M->162M(166M) 13.872ms
[2020-08-10T13:11:27.904+0300][1627.447s][info ][gc] GC(53800) Pause Young (Allocation Failure) 163M->163M(166M) 13.887ms
[2020-08-10T13:11:27.918+0300][1627.461s][info ][gc] GC(53801) Pause Young (Allocation Failure) 164M->164M(166M) 13.751ms
[2020-08-10T13:11:28.004+0300][1627.547s][debug][gc] GC(53802) Shrinking ParOldGen from 167936K by 124928K to 43008K
[2020-08-10T13:11:28.004+0300][1627.547s][info ][gc] GC(53802) Pause Full (Ergonomics) 164M->30M(44M) 85.850ms
[2020-08-10T13:11:28.018+0300][1627.561s][info ][gc] GC(53803) Pause Young (Allocation Failure) 31M->31M(44M) 13.126ms
[2020-08-10T13:11:28.032+0300][1627.575s][info ][gc] GC(53804) Pause Young (Allocation Failure) 32M->32M(44M) 13.511ms
[2020-08-10T13:11:28.046+0300][1627.589s][info ][gc] GC(53805) Pause Young (Allocation Failure) 33M->33M(44M) 13.464ms
[2020-08-10T13:11:28.060+0300][1627.603s][info ][gc] GC(53806) Pause Young (Allocation Failure) 34M->34M(44M) 13.433ms
[2020-08-10T13:11:28.074+0300][1627.617s][info ][gc] GC(53807) Pause Young (Allocation Failure) 35M->35M(44M) 13.589ms
[2020-08-10T13:11:28.088+0300][1627.631s][info ][gc] GC(53808) Pause Young (Allocation Failure) 36M->36M(44M) 13.520ms
[2020-08-10T13:11:28.102+0300][1627.645s][info ][gc] GC(53809) Pause Young (Allocation Failure) 37M->37M(44M) 13.453ms
[2020-08-10T13:11:28.116+0300][1627.659s][info ][gc] GC(53810) Pause Young (Allocation Failure) 38M->38M(44M) 13.509ms
[2020-08-10T13:11:28.130+0300][1627.673s][info ][gc] GC(53811) Pause Young (Allocation Failure) 39M->39M(44M) 13.226ms
[2020-08-10T13:11:28.144+0300][1627.687s][info ][gc] GC(53812) Pause Young (Allocation Failure) 40M->40M(44M) 13.651ms
[2020-08-10T13:11:28.158+0300][1627.701s][info ][gc] GC(53813) Pause Young (Allocation Failure) 41M->40M(44M) 13.546ms
[2020-08-10T13:11:28.172+0300][1627.715s][info ][gc] GC(53814) Pause Young (Allocation Failure) 41M->41M(44M) 13.295ms
[2020-08-10T13:11:28.249+0300][1627.792s][debug][gc] GC(53815) Expanding ParOldGen from 43008K by 11264K to 54272K
[2020-08-10T13:11:28.250+0300][1627.793s][info ][gc] GC(53815) Pause Full (Ergonomics) 41M->41M(55M) 77.677ms
[2020-08-10T13:11:28.263+0300][1627.806s][info ][gc] GC(53816) Pause Young (Allocation Failure) 42M->42M(55M) 12.952ms
[2020-08-10T13:11:28.277+0300][1627.820s][info ][gc] GC(53817) Pause Young (Allocation Failure) 43M->43M(55M) 13.525ms
[2020-08-10T13:11:28.291+0300][1627.834s][info ][gc] GC(53818) Pause Young (Allocation Failure) 44M->44M(55M) 13.465ms
[2020-08-10T13:11:28.305+0300][1627.848s][info ][gc] GC(53819) Pause Young (Allocation Failure) 45M->45M(55M) 13.371ms
[2020-08-10T13:11:28.319+0300][1627.862s][info ][gc] GC(53820) Pause Young (Allocation Failure) 46M->46M(54M) 13.208ms
[2020-08-10T13:11:28.332+0300][1627.875s][info ][gc] GC(53821) Pause Young (Allocation Failure) 47M->47M(55M) 12.977ms
[2020-08-10T13:11:28.346+0300][1627.889s][info ][gc] GC(53822) Pause Young (Allocation Failure) 48M->48M(55M) 13.158ms
[2020-08-10T13:11:28.359+0300][1627.902s][info ][gc] GC(53823) Pause Young (Allocation Failure) 49M->49M(55M) 13.428ms
[2020-08-10T13:11:28.373+0300][1627.916s][info ][gc] GC(53824) Pause Young (Allocation Failure) 50M->50M(55M) 13.365ms
[2020-08-10T13:11:28.387+0300][1627.930s][info ][gc] GC(53825) Pause Young (Allocation Failure) 51M->51M(55M) 13.361ms
[2020-08-10T13:11:28.401+0300][1627.944s][info ][gc] GC(53826) Pause Young (Allocation Failure) 52M->52M(55M) 13.460ms
[2020-08-10T13:11:28.415+0300][1627.958s][info ][gc] GC(53827) Pause Young (Allocation Failure) 53M->53M(55M) 13.267ms
[2020-08-10T13:11:28.526+0300][1628.069s][debug][gc] GC(53828) Expanding ParOldGen from 54272K by 11264K to 65536K
[2020-08-10T13:11:28.526+0300][1628.069s][info ][gc] GC(53828) Pause Full (Ergonomics) 53M->53M(66M) 110.574ms
[2020-08-10T13:11:28.547+0300][1628.090s][info ][gc] GC(53829) Pause Young (Allocation Failure) 54M->54M(66M) 21.133ms
[2020-08-10T13:11:28.561+0300][1628.104s][info ][gc] GC(53830) Pause Young (Allocation Failure) 55M->54M(66M) 13.519ms
[2020-08-10T13:11:28.580+0300][1628.123s][info ][gc] GC(53831) Pause Young (Allocation Failure) 55M->55M(66M) 18.619ms
[2020-08-10T13:11:28.594+0300][1628.137s][info ][gc] GC(53832) Pause Young (Allocation Failure) 56M->56M(66M) 13.441ms
[2020-08-10T13:11:28.608+0300][1628.151s][info ][gc] GC(53833) Pause Young (Allocation Failure) 57M->57M(66M) 13.507ms
[2020-08-10T13:11:28.622+0300][1628.165s][info ][gc] GC(53834) Pause Young (Allocation Failure) 58M->58M(66M) 13.681ms
[2020-08-10T13:11:28.636+0300][1628.179s][info ][gc] GC(53835) Pause Young (Allocation Failure) 59M->59M(66M) 13.709ms
[2020-08-10T13:11:28.650+0300][1628.193s][info ][gc] GC(53836) Pause Young (Allocation Failure) 60M->60M(66M) 13.654ms
[2020-08-10T13:11:28.665+0300][1628.208s][info ][gc] GC(53837) Pause Young (Allocation Failure) 61M->61M(66M) 13.589ms
[2020-08-10T13:11:28.679+0300][1628.222s][info ][gc] GC(53838) Pause Young (Allocation Failure) 62M->62M(66M) 13.760ms
[2020-08-10T13:11:28.693+0300][1628.236s][info ][gc] GC(53839) Pause Young (Allocation Failure) 63M->63M(66M) 13.736ms
[2020-08-10T13:11:28.707+0300][1628.250s][info ][gc] GC(53840) Pause Young (Allocation Failure) 64M->64M(66M) 13.595ms
[2020-08-10T13:11:28.850+0300][1628.393s][debug][gc] GC(53841) Expanding ParOldGen from 65536K by 11776K to 77312K
[2020-08-10T13:11:28.851+0300][1628.394s][info ][gc] GC(53841) Pause Full (Ergonomics) 64M->64M(78M) 143.096ms
[2020-08-10T13:11:28.877+0300][1628.420s][info ][gc] GC(53842) Pause Young (Allocation Failure) 65M->65M(78M) 25.824ms
[2020-08-10T13:11:28.891+0300][1628.434s][info ][gc] GC(53843) Pause Young (Allocation Failure) 66M->66M(78M) 13.736ms
[2020-08-10T13:11:28.905+0300][1628.448s][info ][gc] GC(53844) Pause Young (Allocation Failure) 67M->67M(78M) 13.750ms
[2020-08-10T13:11:28.920+0300][1628.463s][info ][gc] GC(53845) Pause Young (Allocation Failure) 68M->68M(78M) 13.750ms
[2020-08-10T13:11:28.934+0300][1628.477s][info ][gc] GC(53846) Pause Young (Allocation Failure) 69M->69M(78M) 13.674ms
[2020-08-10T13:11:28.948+0300][1628.491s][info ][gc] GC(53847) Pause Young (Allocation Failure) 70M->70M(78M) 13.793ms
[2020-08-10T13:11:28.962+0300][1628.505s][info ][gc] GC(53848) Pause Young (Allocation Failure) 71M->71M(78M) 13.556ms
[2020-08-10T13:11:28.977+0300][1628.520s][info ][gc] GC(53849) Pause Young (Allocation Failure) 72M->71M(78M) 13.719ms
[2020-08-10T13:11:28.991+0300][1628.534s][info ][gc] GC(53850) Pause Young (Allocation Failure) 72M->72M(78M) 13.759ms
[2020-08-10T13:11:29.005+0300][1628.548s][info ][gc] GC(53851) Pause Young (Allocation Failure) 73M->73M(78M) 13.744ms
[2020-08-10T13:11:29.020+0300][1628.563s][info ][gc] GC(53852) Pause Young (Allocation Failure) 74M->74M(78M) 13.758ms
[2020-08-10T13:11:29.034+0300][1628.577s][info ][gc] GC(53853) Pause Young (Allocation Failure) 75M->75M(78M) 13.766ms
[2020-08-10T13:11:29.208+0300][1628.751s][debug][gc] GC(53854) Expanding ParOldGen from 77312K by 11264K to 88576K
[2020-08-10T13:11:29.208+0300][1628.751s][info ][gc] GC(53854) Pause Full (Ergonomics) 75M->75M(89M) 173.667ms
[2020-08-10T13:11:29.238+0300][1628.781s][info ][gc] GC(53855) Pause Young (Allocation Failure) 76M->76M(89M) 29.521ms
[2020-08-10T13:11:29.252+0300][1628.795s][info ][gc] GC(53856) Pause Young (Allocation Failure) 77M->77M(89M) 13.901ms
[2020-08-10T13:11:29.266+0300][1628.810s][info ][gc] GC(53857) Pause Young (Allocation Failure) 78M->78M(89M) 13.838ms
[2020-08-10T13:11:29.281+0300][1628.824s][info ][gc] GC(53858) Pause Young (Allocation Failure) 79M->79M(89M) 14.000ms
[2020-08-10T13:11:29.295+0300][1628.838s][info ][gc] GC(53859) Pause Young (Allocation Failure) 80M->80M(89M) 13.827ms
[2020-08-10T13:11:29.310+0300][1628.853s][info ][gc] GC(53860) Pause Young (Allocation Failure) 81M->81M(88M) 14.041ms
[2020-08-10T13:11:29.325+0300][1628.868s][info ][gc] GC(53861) Pause Young (Allocation Failure) 82M->82M(88M) 13.928ms
[2020-08-10T13:11:29.339+0300][1628.882s][info ][gc] GC(53862) Pause Young (Allocation Failure) 83M->83M(88M) 13.839ms
[2020-08-10T13:11:29.353+0300][1628.897s][info ][gc] GC(53863) Pause Young (Allocation Failure) 84M->84M(88M) 13.883ms
[2020-08-10T13:11:29.368+0300][1628.911s][info ][gc] GC(53864) Pause Young (Allocation Failure) 85M->85M(88M) 14.254ms
[2020-08-10T13:11:29.383+0300][1628.926s][info ][gc] GC(53865) Pause Young (Allocation Failure) 86M->86M(88M) 14.277ms
[2020-08-10T13:11:29.397+0300][1628.940s][info ][gc] GC(53866) Pause Young (Allocation Failure) 86M->86M(88M) 13.627ms
[2020-08-10T13:11:29.603+0300][1629.146s][debug][gc] GC(53867) Expanding ParOldGen from 88576K by 11776K to 100352K
[2020-08-10T13:11:29.603+0300][1629.146s][info ][gc] GC(53867) Pause Full (Ergonomics) 86M->86M(100M) 205.197ms
[2020-08-10T13:11:29.616+0300][1629.159s][info ][gc] GC(53868) Pause Young (Allocation Failure) 86M->86M(100M) 12.912ms
[2020-08-10T13:11:29.630+0300][1629.173s][info ][gc] GC(53869) Pause Young (Allocation Failure) 87M->87M(100M) 13.109ms
[2020-08-10T13:11:29.643+0300][1629.186s][info ][gc] GC(53870) Pause Young (Allocation Failure) 87M->87M(100M) 13.177ms
[2020-08-10T13:11:29.657+0300][1629.200s][info ][gc] GC(53871) Pause Young (Allocation Failure) 88M->88M(100M) 13.091ms
[2020-08-10T13:11:29.670+0300][1629.213s][info ][gc] GC(53872) Pause Young (Allocation Failure) 88M->88M(100M) 13.166ms
[2020-08-10T13:11:29.684+0300][1629.227s][info ][gc] GC(53873) Pause Young (Allocation Failure) 89M->89M(100M) 13.063ms
[2020-08-10T13:11:29.697+0300][1629.240s][info ][gc] GC(53874) Pause Young (Allocation Failure) 89M->89M(100M) 13.107ms
[2020-08-10T13:11:29.711+0300][1629.254s][info ][gc] GC(53875) Pause Young (Allocation Failure) 90M->90M(100M) 13.132ms
[2020-08-10T13:11:29.725+0300][1629.268s][info ][gc] GC(53876) Pause Young (Allocation Failure) 90M->90M(100M) 13.117ms
[2020-08-10T13:11:29.738+0300][1629.281s][info ][gc] GC(53877) Pause Young (Allocation Failure) 91M->91M(100M) 13.155ms
[2020-08-10T13:11:29.752+0300][1629.295s][info ][gc] GC(53878) Pause Young (Allocation Failure) 91M->91M(100M) 13.100ms
[2020-08-10T13:11:29.765+0300][1629.308s][info ][gc] GC(53879) Pause Young (Allocation Failure) 91M->91M(100M) 13.111ms
[2020-08-10T13:11:29.779+0300][1629.322s][info ][gc] GC(53880) Pause Young (Allocation Failure) 92M->92M(100M) 13.145ms
[2020-08-10T13:11:29.792+0300][1629.335s][info ][gc] GC(53881) Pause Young (Allocation Failure) 92M->92M(100M) 13.141ms
[2020-08-10T13:11:29.806+0300][1629.349s][info ][gc] GC(53882) Pause Young (Allocation Failure) 93M->93M(100M) 13.120ms
[2020-08-10T13:11:29.820+0300][1629.363s][info ][gc] GC(53883) Pause Young (Allocation Failure) 93M->93M(99M) 13.456ms
[2020-08-10T13:11:29.834+0300][1629.377s][info ][gc] GC(53884) Pause Young (Allocation Failure) 94M->94M(99M) 13.278ms
[2020-08-10T13:11:29.847+0300][1629.390s][info ][gc] GC(53885) Pause Young (Allocation Failure) 94M->94M(99M) 13.200ms
[2020-08-10T13:11:29.861+0300][1629.404s][info ][gc] GC(53886) Pause Young (Allocation Failure) 95M->95M(99M) 13.103ms
[2020-08-10T13:11:29.874+0300][1629.417s][info ][gc] GC(53887) Pause Young (Allocation Failure) 95M->95M(99M) 13.100ms
[2020-08-10T13:11:29.888+0300][1629.431s][info ][gc] GC(53888) Pause Young (Allocation Failure) 96M->96M(99M) 13.155ms
[2020-08-10T13:11:29.901+0300][1629.444s][info ][gc] GC(53889) Pause Young (Allocation Failure) 96M->96M(99M) 13.096ms
[2020-08-10T13:11:29.915+0300][1629.458s][info ][gc] GC(53890) Pause Young (Allocation Failure) 97M->96M(99M) 13.009ms
[2020-08-10T13:11:29.928+0300][1629.471s][info ][gc] GC(53891) Pause Young (Allocation Failure) 97M->97M(99M) 13.123ms
[2020-08-10T13:11:29.942+0300][1629.485s][info ][gc] GC(53892) Pause Young (Allocation Failure) 97M->97M(99M) 13.143ms
[2020-08-10T13:11:30.175+0300][1629.718s][debug][gc] GC(53893) Expanding ParOldGen from 100352K by 10752K to 111104K
[2020-08-10T13:11:30.175+0300][1629.718s][info ][gc] GC(53893) Pause Full (Ergonomics) 97M->97M(110M) 233.067ms
[2020-08-10T13:11:30.189+0300][1629.732s][info ][gc] GC(53894) Pause Young (Allocation Failure) 98M->98M(110M) 12.997ms
[2020-08-10T13:11:30.202+0300][1629.745s][info ][gc] GC(53895) Pause Young (Allocation Failure) 98M->98M(110M) 13.193ms
[2020-08-10T13:11:30.216+0300][1629.759s][info ][gc] GC(53896) Pause Young (Allocation Failure) 99M->99M(110M) 13.169ms
[2020-08-10T13:11:30.229+0300][1629.772s][info ][gc] GC(53897) Pause Young (Allocation Failure) 99M->99M(110M) 13.102ms
[2020-08-10T13:11:30.243+0300][1629.786s][info ][gc] GC(53898) Pause Young (Allocation Failure) 100M->100M(110M) 13.202ms
[2020-08-10T13:11:30.257+0300][1629.800s][info ][gc] GC(53899) Pause Young (Allocation Failure) 100M->100M(110M) 13.174ms
[2020-08-10T13:11:30.270+0300][1629.813s][info ][gc] GC(53900) Pause Young (Allocation Failure) 100M->100M(110M) 13.174ms
[2020-08-10T13:11:30.284+0300][1629.827s][info ][gc] GC(53901) Pause Young (Allocation Failure) 101M->101M(110M) 13.141ms
[2020-08-10T13:11:30.298+0300][1629.841s][info ][gc] GC(53902) Pause Young (Allocation Failure) 101M->101M(110M) 13.223ms
[2020-08-10T13:11:30.311+0300][1629.854s][info ][gc] GC(53903) Pause Young (Allocation Failure) 102M->102M(110M) 13.153ms
[2020-08-10T13:11:30.325+0300][1629.868s][info ][gc] GC(53904) Pause Young (Allocation Failure) 102M->102M(110M) 13.169ms
[2020-08-10T13:11:30.338+0300][1629.882s][info ][gc] GC(53905) Pause Young (Allocation Failure) 103M->103M(110M) 13.213ms
[2020-08-10T13:11:30.352+0300][1629.895s][info ][gc] GC(53906) Pause Young (Allocation Failure) 103M->103M(110M) 13.124ms
[2020-08-10T13:11:30.366+0300][1629.909s][info ][gc] GC(53907) Pause Young (Allocation Failure) 104M->104M(110M) 13.135ms
[2020-08-10T13:11:30.379+0300][1629.922s][info ][gc] GC(53908) Pause Young (Allocation Failure) 104M->104M(110M) 13.188ms
[2020-08-10T13:11:30.393+0300][1629.936s][info ][gc] GC(53909) Pause Young (Allocation Failure) 105M->105M(110M) 13.065ms
[2020-08-10T13:11:30.406+0300][1629.949s][info ][gc] GC(53910) Pause Young (Allocation Failure) 105M->105M(110M) 13.054ms
[2020-08-10T13:11:30.420+0300][1629.963s][info ][gc] GC(53911) Pause Young (Allocation Failure) 106M->105M(110M) 12.979ms
[2020-08-10T13:11:30.433+0300][1629.976s][info ][gc] GC(53912) Pause Young (Allocation Failure) 106M->106M(110M) 13.146ms
[2020-08-10T13:11:30.447+0300][1629.990s][info ][gc] GC(53913) Pause Young (Allocation Failure) 106M->106M(110M) 13.204ms
[2020-08-10T13:11:30.460+0300][1630.003s][info ][gc] GC(53914) Pause Young (Allocation Failure) 107M->107M(110M) 13.221ms
[2020-08-10T13:11:30.474+0300][1630.017s][info ][gc] GC(53915) Pause Young (Allocation Failure) 107M->107M(110M) 13.173ms
[2020-08-10T13:11:30.487+0300][1630.031s][info ][gc] GC(53916) Pause Young (Allocation Failure) 108M->108M(110M) 13.180ms
[2020-08-10T13:11:30.501+0300][1630.044s][info ][gc] GC(53917) Pause Young (Allocation Failure) 108M->108M(110M) 13.018ms
[2020-08-10T13:11:30.787+0300][1630.330s][debug][gc] GC(53918) Expanding ParOldGen from 111104K by 10752K to 121856K
[2020-08-10T13:11:30.787+0300][1630.330s][info ][gc] GC(53918) Pause Full (Ergonomics) 108M->108M(120M) 285.796ms
[2020-08-10T13:11:30.823+0300][1630.366s][info ][gc] GC(53919) Pause Young (Allocation Failure) 109M->109M(120M) 35.857ms
[2020-08-10T13:11:30.837+0300][1630.380s][info ][gc] GC(53920) Pause Young (Allocation Failure) 109M->109M(120M) 13.707ms
[2020-08-10T13:11:30.851+0300][1630.395s][info ][gc] GC(53921) Pause Young (Allocation Failure) 110M->109M(120M) 13.646ms
[2020-08-10T13:11:30.866+0300][1630.409s][info ][gc] GC(53922) Pause Young (Allocation Failure) 110M->110M(120M) 13.775ms
[2020-08-10T13:11:30.880+0300][1630.423s][info ][gc] GC(53923) Pause Young (Allocation Failure) 110M->110M(120M) 13.705ms
[2020-08-10T13:11:30.894+0300][1630.437s][info ][gc] GC(53924) Pause Young (Allocation Failure) 111M->111M(120M) 13.529ms
[2020-08-10T13:11:30.932+0300][1630.475s][info ][gc] GC(53925) Pause Young (Allocation Failure) 111M->111M(120M) 37.660ms
[2020-08-10T13:11:30.965+0300][1630.508s][info ][gc] GC(53926) Pause Young (Allocation Failure) 112M->112M(120M) 32.337ms
[2020-08-10T13:11:30.981+0300][1630.524s][info ][gc] GC(53927) Pause Young (Allocation Failure) 112M->112M(120M) 15.600ms
[2020-08-10T13:11:30.996+0300][1630.539s][info ][gc] GC(53928) Pause Young (Allocation Failure) 113M->113M(120M) 14.855ms
[2020-08-10T13:11:31.011+0300][1630.554s][info ][gc] GC(53929) Pause Young (Allocation Failure) 113M->113M(120M) 13.840ms
[2020-08-10T13:11:31.025+0300][1630.568s][info ][gc] GC(53930) Pause Young (Allocation Failure) 114M->114M(120M) 13.783ms
[2020-08-10T13:11:31.039+0300][1630.582s][info ][gc] GC(53931) Pause Young (Allocation Failure) 114M->114M(120M) 13.956ms
[2020-08-10T13:11:31.054+0300][1630.597s][info ][gc] GC(53932) Pause Young (Allocation Failure) 115M->114M(120M) 13.996ms
[2020-08-10T13:11:31.068+0300][1630.611s][info ][gc] GC(53933) Pause Young (Allocation Failure) 115M->115M(120M) 14.007ms
[2020-08-10T13:11:31.082+0300][1630.626s][info ][gc] GC(53934) Pause Young (Allocation Failure) 115M->115M(120M) 14.080ms
[2020-08-10T13:11:31.097+0300][1630.641s][info ][gc] GC(53935) Pause Young (Allocation Failure) 116M->116M(120M) 14.433ms
[2020-08-10T13:11:31.112+0300][1630.655s][info ][gc] GC(53936) Pause Young (Allocation Failure) 116M->116M(120M) 14.480ms
[2020-08-10T13:11:31.127+0300][1630.670s][info ][gc] GC(53937) Pause Young (Allocation Failure) 117M->117M(120M) 14.561ms
[2020-08-10T13:11:31.142+0300][1630.685s][info ][gc] GC(53938) Pause Young (Allocation Failure) 117M->117M(120M) 14.648ms
[2020-08-10T13:11:31.157+0300][1630.700s][info ][gc] GC(53939) Pause Young (Allocation Failure) 118M->118M(120M) 14.325ms
[2020-08-10T13:11:31.172+0300][1630.715s][info ][gc] GC(53940) Pause Young (Allocation Failure) 118M->118M(120M) 14.606ms
[2020-08-10T13:11:31.187+0300][1630.730s][info ][gc] GC(53941) Pause Young (Allocation Failure) 119M->119M(120M) 14.616ms
[2020-08-10T13:11:31.472+0300][1631.015s][debug][gc] GC(53942) Expanding ParOldGen from 121856K by 10752K to 132608K
[2020-08-10T13:11:31.472+0300][1631.015s][info ][gc] GC(53942) Pause Full (Ergonomics) 119M->118M(131M) 284.293ms
[2020-08-10T13:11:31.486+0300][1631.029s][info ][gc] GC(53943) Pause Young (Allocation Failure) 119M->119M(131M) 13.644ms
[2020-08-10T13:11:31.501+0300][1631.045s][info ][gc] GC(53944) Pause Young (Allocation Failure) 119M->119M(131M) 15.036ms
[2020-08-10T13:11:31.516+0300][1631.060s][info ][gc] GC(53945) Pause Young (Allocation Failure) 120M->120M(131M) 14.586ms
[2020-08-10T13:11:31.531+0300][1631.075s][info ][gc] GC(53946) Pause Young (Allocation Failure) 120M->120M(131M) 14.528ms
[2020-08-10T13:11:31.546+0300][1631.090s][info ][gc] GC(53947) Pause Young (Allocation Failure) 121M->121M(131M) 14.570ms
[2020-08-10T13:11:31.581+0300][1631.124s][info ][gc] GC(53948) Pause Young (Allocation Failure) 121M->121M(131M) 33.813ms
[2020-08-10T13:11:31.605+0300][1631.148s][info ][gc] GC(53949) Pause Young (Allocation Failure) 122M->122M(131M) 24.033ms
[2020-08-10T13:11:31.622+0300][1631.165s][info ][gc] GC(53950) Pause Young (Allocation Failure) 122M->122M(131M) 16.672ms
[2020-08-10T13:11:31.638+0300][1631.181s][info ][gc] GC(53951) Pause Young (Allocation Failure) 123M->123M(131M) 14.727ms
[2020-08-10T13:11:31.655+0300][1631.198s][info ][gc] GC(53952) Pause Young (Allocation Failure) 123M->123M(131M) 16.478ms
[2020-08-10T13:11:31.670+0300][1631.213s][info ][gc] GC(53953) Pause Young (Allocation Failure) 124M->124M(131M) 14.697ms
[2020-08-10T13:11:31.685+0300][1631.228s][info ][gc] GC(53954) Pause Young (Allocation Failure) 124M->124M(131M) 14.802ms
[2020-08-10T13:11:31.700+0300][1631.243s][info ][gc] GC(53955) Pause Young (Allocation Failure) 125M->125M(131M) 14.513ms
[2020-08-10T13:11:31.739+0300][1631.282s][info ][gc] GC(53956) Pause Young (Allocation Failure) 125M->125M(131M) 38.508ms
[2020-08-10T13:11:31.754+0300][1631.297s][info ][gc] GC(53957) Pause Young (Allocation Failure) 125M->125M(131M) 14.739ms
[2020-08-10T13:11:31.770+0300][1631.313s][info ][gc] GC(53958) Pause Young (Allocation Failure) 126M->126M(131M) 15.100ms
[2020-08-10T13:11:31.785+0300][1631.328s][info ][gc] GC(53959) Pause Young (Allocation Failure) 126M->126M(131M) 14.688ms
[2020-08-10T13:11:31.800+0300][1631.343s][info ][gc] GC(53960) Pause Young (Allocation Failure) 127M->127M(131M) 14.783ms
[2020-08-10T13:11:31.815+0300][1631.358s][info ][gc] GC(53961) Pause Young (Allocation Failure) 127M->127M(131M) 14.880ms
[2020-08-10T13:11:31.856+0300][1631.399s][info ][gc] GC(53962) Pause Young (Allocation Failure) 128M->128M(131M) 40.607ms
[2020-08-10T13:11:31.872+0300][1631.415s][info ][gc] GC(53963) Pause Young (Allocation Failure) 128M->128M(131M) 15.047ms
[2020-08-10T13:11:31.887+0300][1631.430s][info ][gc] GC(53964) Pause Young (Allocation Failure) 129M->129M(131M) 15.061ms
[2020-08-10T13:11:31.903+0300][1631.446s][info ][gc] GC(53965) Pause Young (Allocation Failure) 129M->129M(131M) 14.931ms
[2020-08-10T13:11:32.231+0300][1631.774s][debug][gc] GC(53966) Expanding ParOldGen from 132608K by 10752K to 143360K
[2020-08-10T13:11:32.231+0300][1631.774s][info ][gc] GC(53966) Pause Full (Ergonomics) 129M->129M(141M) 328.045ms
[2020-08-10T13:11:32.245+0300][1631.788s][info ][gc] GC(53967) Pause Young (Allocation Failure) 129M->129M(141M) 13.736ms
[2020-08-10T13:11:32.260+0300][1631.804s][info ][gc] GC(53968) Pause Young (Allocation Failure) 130M->130M(141M) 15.214ms
[2020-08-10T13:11:32.276+0300][1631.819s][info ][gc] GC(53969) Pause Young (Allocation Failure) 130M->130M(141M) 15.105ms
[2020-08-10T13:11:32.291+0300][1631.835s][info ][gc] GC(53970) Pause Young (Allocation Failure) 131M->131M(141M) 15.018ms
[2020-08-10T13:11:32.307+0300][1631.850s][info ][gc] GC(53971) Pause Young (Allocation Failure) 131M->131M(141M) 14.985ms
[2020-08-10T13:11:32.322+0300][1631.865s][info ][gc] GC(53972) Pause Young (Allocation Failure) 132M->132M(141M) 15.098ms
[2020-08-10T13:11:32.338+0300][1631.881s][info ][gc] GC(53973) Pause Young (Allocation Failure) 132M->132M(141M) 15.264ms
[2020-08-10T13:11:32.353+0300][1631.897s][info ][gc] GC(53974) Pause Young (Allocation Failure) 133M->133M(141M) 15.260ms
[2020-08-10T13:11:32.369+0300][1631.912s][info ][gc] GC(53975) Pause Young (Allocation Failure) 133M->133M(141M) 15.178ms
[2020-08-10T13:11:32.410+0300][1631.954s][info ][gc] GC(53976) Pause Young (Allocation Failure) 133M->133M(141M) 40.929ms
[2020-08-10T13:11:32.427+0300][1631.970s][info ][gc] GC(53977) Pause Young (Allocation Failure) 134M->134M(141M) 16.046ms
[2020-08-10T13:11:32.443+0300][1631.986s][info ][gc] GC(53978) Pause Young (Allocation Failure) 134M->134M(141M) 15.354ms
[2020-08-10T13:11:32.459+0300][1632.002s][info ][gc] GC(53979) Pause Young (Allocation Failure) 135M->135M(141M) 15.288ms
[2020-08-10T13:11:32.474+0300][1632.017s][info ][gc] GC(53980) Pause Young (Allocation Failure) 135M->135M(141M) 15.135ms
[2020-08-10T13:11:32.474+0300][1632.018s][debug][gc] Expanding ParOldGen from 143360K by 19968K to 163328K
[2020-08-10T13:11:32.497+0300][1632.040s][info ][gc] GC(53981) Pause Young (Allocation Failure) 155M->154M(161M) 13.971ms
[2020-08-10T13:11:32.510+0300][1632.053s][info ][gc] GC(53982) Pause Young (Allocation Failure) 155M->155M(161M) 13.253ms
[2020-08-10T13:11:32.523+0300][1632.067s][info ][gc] GC(53983) Pause Young (Allocation Failure) 155M->155M(161M) 12.968ms
[2020-08-10T13:11:32.537+0300][1632.080s][info ][gc] GC(53984) Pause Young (Allocation Failure) 156M->156M(161M) 13.074ms
[2020-08-10T13:11:32.572+0300][1632.116s][info ][gc] GC(53985) Pause Young (Allocation Failure) 156M->156M(161M) 35.159ms
[2020-08-10T13:11:32.586+0300][1632.129s][info ][gc] GC(53986) Pause Young (Allocation Failure) 157M->157M(161M) 13.280ms
[2020-08-10T13:11:32.605+0300][1632.148s][info ][gc] GC(53987) Pause Young (Allocation Failure) 157M->157M(161M) 18.108ms
[2020-08-10T13:11:32.620+0300][1632.163s][info ][gc] GC(53988) Pause Young (Allocation Failure) 158M->158M(161M) 14.628ms
[2020-08-10T13:11:32.634+0300][1632.177s][info ][gc] GC(53989) Pause Young (Allocation Failure) 158M->158M(161M) 13.474ms
[2020-08-10T13:11:32.647+0300][1632.190s][info ][gc] GC(53990) Pause Young (Allocation Failure) 158M->158M(161M) 13.204ms
[2020-08-10T13:11:32.661+0300][1632.204s][info ][gc] GC(53991) Pause Young (Allocation Failure) 159M->159M(161M) 13.339ms
[2020-08-10T13:11:32.675+0300][1632.218s][info ][gc] GC(53992) Pause Young (Allocation Failure) 159M->159M(161M) 13.212ms
[2020-08-10T13:11:32.720+0300][1632.264s][debug][gc] GC(53993) Shrinking ParOldGen from 163328K by 125440K to 37888K
[2020-08-10T13:11:32.721+0300][1632.264s][info ][gc] GC(53993) Pause Full (Ergonomics) 159M->26M(38M) 45.724ms
[2020-08-10T13:11:32.734+0300][1632.277s][info ][gc] GC(53994) Pause Young (Allocation Failure) 26M->26M(38M) 12.715ms
[2020-08-10T13:11:32.747+0300][1632.290s][info ][gc] GC(53995) Pause Young (Allocation Failure) 27M->26M(38M) 12.980ms
[2020-08-10T13:11:32.760+0300][1632.304s][info ][gc] GC(53996) Pause Young (Allocation Failure) 27M->27M(38M) 13.002ms
[2020-08-10T13:11:32.774+0300][1632.317s][info ][gc] GC(53997) Pause Young (Allocation Failure) 27M->27M(38M) 12.888ms
[2020-08-10T13:11:32.787+0300][1632.330s][info ][gc] GC(53998) Pause Young (Allocation Failure) 28M->28M(38M) 13.033ms
[2020-08-10T13:11:32.801+0300][1632.344s][info ][gc] GC(53999) Pause Young (Allocation Failure) 28M->28M(38M) 13.189ms
[2020-08-10T13:11:32.814+0300][1632.357s][info ][gc] GC(54000) Pause Young (Allocation Failure) 29M->29M(38M) 12.914ms
[2020-08-10T13:11:32.828+0300][1632.371s][info ][gc] GC(54001) Pause Young (Allocation Failure) 30M->30M(38M) 13.229ms
[2020-08-10T13:11:32.842+0300][1632.385s][info ][gc] GC(54002) Pause Young (Allocation Failure) 31M->31M(39M) 13.227ms
[2020-08-10T13:11:32.856+0300][1632.399s][info ][gc] GC(54003) Pause Young (Allocation Failure) 32M->32M(39M) 13.526ms
[2020-08-10T13:11:32.870+0300][1632.413s][info ][gc] GC(54004) Pause Young (Allocation Failure) 33M->32M(39M) 13.373ms
[2020-08-10T13:11:32.884+0300][1632.427s][info ][gc] GC(54005) Pause Young (Allocation Failure) 33M->33M(39M) 13.493ms
[2020-08-10T13:11:32.898+0300][1632.441s][info ][gc] GC(54006) Pause Young (Allocation Failure) 34M->34M(39M) 13.392ms
[2020-08-10T13:11:32.911+0300][1632.455s][info ][gc] GC(54007) Pause Young (Allocation Failure) 35M->35M(39M) 13.300ms
[2020-08-10T13:11:32.925+0300][1632.468s][info ][gc] GC(54008) Pause Young (Allocation Failure) 36M->36M(39M) 13.292ms
[2020-08-10T13:11:32.989+0300][1632.532s][debug][gc] GC(54009) Expanding ParOldGen from 37888K by 11264K to 49152K
[2020-08-10T13:11:32.989+0300][1632.532s][info ][gc] GC(54009) Pause Full (Ergonomics) 36M->36M(50M) 63.469ms
[2020-08-10T13:11:33.002+0300][1632.545s][info ][gc] GC(54010) Pause Young (Allocation Failure) 37M->37M(50M) 12.983ms
[2020-08-10T13:11:33.016+0300][1632.560s][info ][gc] GC(54011) Pause Young (Allocation Failure) 38M->38M(50M) 13.493ms
[2020-08-10T13:11:33.030+0300][1632.574s][info ][gc] GC(54012) Pause Young (Allocation Failure) 39M->39M(50M) 13.431ms
[2020-08-10T13:11:33.044+0300][1632.587s][info ][gc] GC(54013) Pause Young (Allocation Failure) 40M->40M(50M) 13.317ms
[2020-08-10T13:11:33.058+0300][1632.601s][info ][gc] GC(54014) Pause Young (Allocation Failure) 41M->41M(50M) 13.221ms
[2020-08-10T13:11:33.072+0300][1632.615s][info ][gc] GC(54015) Pause Young (Allocation Failure) 42M->42M(50M) 13.507ms
[2020-08-10T13:11:33.086+0300][1632.629s][info ][gc] GC(54016) Pause Young (Allocation Failure) 43M->43M(50M) 13.446ms
[2020-08-10T13:11:33.100+0300][1632.643s][info ][gc] GC(54017) Pause Young (Allocation Failure) 44M->44M(50M) 13.473ms
[2020-08-10T13:11:33.114+0300][1632.657s][info ][gc] GC(54018) Pause Young (Allocation Failure) 45M->45M(50M) 13.446ms
[2020-08-10T13:11:33.128+0300][1632.671s][info ][gc] GC(54019) Pause Young (Allocation Failure) 46M->46M(50M) 13.458ms
[2020-08-10T13:11:33.142+0300][1632.685s][info ][gc] GC(54020) Pause Young (Allocation Failure) 47M->46M(50M) 13.429ms
[2020-08-10T13:11:33.156+0300][1632.699s][info ][gc] GC(54021) Pause Young (Allocation Failure) 47M->47M(50M) 13.453ms
[2020-08-10T13:11:33.247+0300][1632.791s][debug][gc] GC(54022) Expanding ParOldGen from 49152K by 11776K to 60928K
[2020-08-10T13:11:33.248+0300][1632.791s][info ][gc] GC(54022) Pause Full (Ergonomics) 47M->47M(62M) 91.539ms
[2020-08-10T13:11:33.261+0300][1632.805s][info ][gc] GC(54023) Pause Young (Allocation Failure) 48M->48M(62M) 13.319ms
[2020-08-10T13:11:33.275+0300][1632.819s][info ][gc] GC(54024) Pause Young (Allocation Failure) 49M->49M(62M) 13.547ms
[2020-08-10T13:11:33.289+0300][1632.833s][info ][gc] GC(54025) Pause Young (Allocation Failure) 50M->50M(62M) 13.444ms
[2020-08-10T13:11:33.303+0300][1632.847s][info ][gc] GC(54026) Pause Young (Allocation Failure) 51M->51M(62M) 13.514ms
[2020-08-10T13:11:33.317+0300][1632.861s][info ][gc] GC(54027) Pause Young (Allocation Failure) 52M->52M(62M) 13.472ms
[2020-08-10T13:11:33.331+0300][1632.875s][info ][gc] GC(54028) Pause Young (Allocation Failure) 53M->53M(62M) 13.389ms
[2020-08-10T13:11:33.361+0300][1632.905s][info ][gc] GC(54029) Pause Young (Allocation Failure) 54M->54M(62M) 29.602ms
[2020-08-10T13:11:33.375+0300][1632.918s][info ][gc] GC(54030) Pause Young (Allocation Failure) 55M->55M(62M) 13.362ms
[2020-08-10T13:11:33.389+0300][1632.932s][info ][gc] GC(54031) Pause Young (Allocation Failure) 56M->56M(62M) 13.300ms
[2020-08-10T13:11:33.403+0300][1632.946s][info ][gc] GC(54032) Pause Young (Allocation Failure) 57M->57M(62M) 13.510ms
[2020-08-10T13:11:33.417+0300][1632.960s][info ][gc] GC(54033) Pause Young (Allocation Failure) 58M->58M(62M) 13.424ms
[2020-08-10T13:11:33.431+0300][1632.974s][info ][gc] GC(54034) Pause Young (Allocation Failure) 59M->59M(62M) 13.664ms
[2020-08-10T13:11:33.445+0300][1632.989s][info ][gc] GC(54035) Pause Young (Allocation Failure) 60M->59M(62M) 13.562ms
[2020-08-10T13:11:33.573+0300][1633.116s][debug][gc] GC(54036) Expanding ParOldGen from 60928K by 11776K to 72704K
[2020-08-10T13:11:33.573+0300][1633.116s][info ][gc] GC(54036) Pause Full (Ergonomics) 59M->59M(73M) 127.378ms
[2020-08-10T13:11:33.601+0300][1633.144s][info ][gc] GC(54037) Pause Young (Allocation Failure) 60M->60M(73M) 27.260ms
[2020-08-10T13:11:33.615+0300][1633.159s][info ][gc] GC(54038) Pause Young (Allocation Failure) 61M->61M(73M) 13.728ms
[2020-08-10T13:11:33.630+0300][1633.173s][info ][gc] GC(54039) Pause Young (Allocation Failure) 62M->62M(73M) 13.719ms
[2020-08-10T13:11:33.644+0300][1633.187s][info ][gc] GC(54040) Pause Young (Allocation Failure) 63M->63M(73M) 13.770ms
[2020-08-10T13:11:33.658+0300][1633.202s][info ][gc] GC(54041) Pause Young (Allocation Failure) 64M->64M(73M) 13.637ms
[2020-08-10T13:11:33.672+0300][1633.216s][info ][gc] GC(54042) Pause Young (Allocation Failure) 65M->65M(73M) 13.577ms
[2020-08-10T13:11:33.687+0300][1633.230s][info ][gc] GC(54043) Pause Young (Allocation Failure) 66M->66M(73M) 13.716ms
[2020-08-10T13:11:33.701+0300][1633.244s][info ][gc] GC(54044) Pause Young (Allocation Failure) 67M->67M(73M) 13.809ms
[2020-08-10T13:11:33.716+0300][1633.259s][info ][gc] GC(54045) Pause Young (Allocation Failure) 68M->68M(73M) 13.746ms
[2020-08-10T13:11:33.730+0300][1633.273s][info ][gc] GC(54046) Pause Young (Allocation Failure) 69M->69M(73M) 13.697ms
[2020-08-10T13:11:33.744+0300][1633.287s][info ][gc] GC(54047) Pause Young (Allocation Failure) 70M->69M(73M) 13.618ms
[2020-08-10T13:11:33.758+0300][1633.302s][info ][gc] GC(54048) Pause Young (Allocation Failure) 70M->70M(73M) 13.821ms
[2020-08-10T13:11:33.913+0300][1633.457s][debug][gc] GC(54049) Expanding ParOldGen from 72704K by 11264K to 83968K
[2020-08-10T13:11:33.914+0300][1633.457s][info ][gc] GC(54049) Pause Full (Ergonomics) 70M->70M(84M) 154.943ms
[2020-08-10T13:11:33.927+0300][1633.470s][info ][gc] GC(54050) Pause Young (Allocation Failure) 71M->71M(84M) 13.074ms
[2020-08-10T13:11:33.941+0300][1633.485s][info ][gc] GC(54051) Pause Young (Allocation Failure) 72M->72M(84M) 13.529ms
[2020-08-10T13:11:33.955+0300][1633.498s][info ][gc] GC(54052) Pause Young (Allocation Failure) 73M->73M(84M) 13.495ms
[2020-08-10T13:11:33.969+0300][1633.513s][info ][gc] GC(54053) Pause Young (Allocation Failure) 74M->74M(84M) 13.488ms
[2020-08-10T13:11:33.983+0300][1633.527s][info ][gc] GC(54054) Pause Young (Allocation Failure) 75M->75M(84M) 13.502ms
[2020-08-10T13:11:33.997+0300][1633.541s][info ][gc] GC(54055) Pause Young (Allocation Failure) 76M->76M(84M) 13.583ms
[2020-08-10T13:11:34.012+0300][1633.555s][info ][gc] GC(54056) Pause Young (Allocation Failure) 77M->77M(84M) 13.606ms
[2020-08-10T13:11:34.025+0300][1633.569s][info ][gc] GC(54057) Pause Young (Allocation Failure) 78M->78M(84M) 13.418ms
[2020-08-10T13:11:34.040+0300][1633.583s][info ][gc] GC(54058) Pause Young (Allocation Failure) 79M->79M(84M) 13.614ms
[2020-08-10T13:11:34.054+0300][1633.597s][info ][gc] GC(54059) Pause Young (Allocation Failure) 80M->80M(84M) 13.617ms
[2020-08-10T13:11:34.068+0300][1633.611s][info ][gc] GC(54060) Pause Young (Allocation Failure) 81M->81M(84M) 13.539ms
[2020-08-10T13:11:34.082+0300][1633.625s][info ][gc] GC(54061) Pause Young (Allocation Failure) 82M->82M(84M) 13.590ms
[2020-08-10T13:11:34.273+0300][1633.817s][debug][gc] GC(54062) Expanding ParOldGen from 83968K by 11264K to 95232K
[2020-08-10T13:11:34.274+0300][1633.817s][info ][gc] GC(54062) Pause Full (Ergonomics) 82M->82M(95M) 191.363ms
[2020-08-10T13:11:34.305+0300][1633.848s][info ][gc] GC(54063) Pause Young (Allocation Failure) 83M->83M(95M) 30.648ms
[2020-08-10T13:11:34.319+0300][1633.862s][info ][gc] GC(54064) Pause Young (Allocation Failure) 84M->84M(95M) 13.934ms
[2020-08-10T13:11:34.334+0300][1633.877s][info ][gc] GC(54065) Pause Young (Allocation Failure) 85M->84M(95M) 14.001ms
[2020-08-10T13:11:34.348+0300][1633.892s][info ][gc] GC(54066) Pause Young (Allocation Failure) 85M->85M(95M) 14.348ms
[2020-08-10T13:11:34.363+0300][1633.907s][info ][gc] GC(54067) Pause Young (Allocation Failure) 86M->86M(95M) 14.353ms
[2020-08-10T13:11:34.378+0300][1633.921s][info ][gc] GC(54068) Pause Young (Allocation Failure) 87M->87M(95M) 14.381ms
[2020-08-10T13:11:34.393+0300][1633.936s][info ][gc] GC(54069) Pause Young (Allocation Failure) 88M->88M(95M) 14.394ms
[2020-08-10T13:11:34.408+0300][1633.951s][info ][gc] GC(54070) Pause Young (Allocation Failure) 89M->89M(95M) 14.432ms
[2020-08-10T13:11:34.423+0300][1633.966s][info ][gc] GC(54071) Pause Young (Allocation Failure) 90M->90M(95M) 14.521ms
[2020-08-10T13:11:34.438+0300][1633.981s][info ][gc] GC(54072) Pause Young (Allocation Failure) 91M->91M(95M) 14.763ms
[2020-08-10T13:11:34.453+0300][1633.997s][info ][gc] GC(54073) Pause Young (Allocation Failure) 92M->92M(95M) 14.830ms
[2020-08-10T13:11:34.469+0300][1634.012s][info ][gc] GC(54074) Pause Young (Allocation Failure) 93M->93M(95M) 14.851ms
[2020-08-10T13:11:34.685+0300][1634.228s][debug][gc] GC(54075) Expanding ParOldGen from 95232K by 11776K to 107008K
[2020-08-10T13:11:34.685+0300][1634.229s][info ][gc] GC(54075) Pause Full (Ergonomics) 93M->93M(106M) 216.168ms
[2020-08-10T13:11:34.719+0300][1634.262s][info ][gc] GC(54076) Pause Young (Allocation Failure) 94M->94M(106M) 33.245ms
[2020-08-10T13:11:34.735+0300][1634.278s][info ][gc] GC(54077) Pause Young (Allocation Failure) 95M->95M(106M) 15.075ms
[2020-08-10T13:11:34.753+0300][1634.296s][info ][gc] GC(54078) Pause Young (Allocation Failure) 96M->96M(106M) 17.530ms
[2020-08-10T13:11:34.769+0300][1634.312s][info ][gc] GC(54079) Pause Young (Allocation Failure) 97M->97M(107M) 15.121ms
[2020-08-10T13:11:34.785+0300][1634.328s][info ][gc] GC(54080) Pause Young (Allocation Failure) 98M->98M(107M) 15.288ms
[2020-08-10T13:11:34.801+0300][1634.344s][info ][gc] GC(54081) Pause Young (Allocation Failure) 99M->99M(107M) 15.362ms
[2020-08-10T13:11:34.817+0300][1634.360s][info ][gc] GC(54082) Pause Young (Allocation Failure) 100M->100M(107M) 15.423ms
[2020-08-10T13:11:34.833+0300][1634.376s][info ][gc] GC(54083) Pause Young (Allocation Failure) 101M->101M(107M) 15.638ms
[2020-08-10T13:11:34.849+0300][1634.392s][info ][gc] GC(54084) Pause Young (Allocation Failure) 102M->101M(107M) 15.668ms
[2020-08-10T13:11:34.866+0300][1634.408s][info ][gc] GC(54085) Pause Young (Allocation Failure) 102M->102M(107M) 15.817ms
[2020-08-10T13:11:34.882+0300][1634.425s][info ][gc] GC(54086) Pause Young (Allocation Failure) 103M->103M(107M) 15.848ms
[2020-08-10T13:11:34.899+0300][1634.441s][info ][gc] GC(54087) Pause Young (Allocation Failure) 104M->104M(107M) 15.771ms
[2020-08-10T13:11:35.157+0300][1634.699s][debug][gc] GC(54088) Expanding ParOldGen from 107008K by 11264K to 118272K
[2020-08-10T13:11:35.157+0300][1634.699s][info ][gc] GC(54088) Pause Full (Ergonomics) 104M->104M(118M) 258.272ms
[2020-08-10T13:11:35.194+0300][1634.736s][info ][gc] GC(54089) Pause Young (Allocation Failure) 105M->105M(118M) 36.065ms
[2020-08-10T13:11:35.210+0300][1634.752s][info ][gc] GC(54090) Pause Young (Allocation Failure) 106M->106M(118M) 15.950ms
[2020-08-10T13:11:35.227+0300][1634.769s][info ][gc] GC(54091) Pause Young (Allocation Failure) 107M->107M(118M) 15.932ms
[2020-08-10T13:11:35.243+0300][1634.786s][info ][gc] GC(54092) Pause Young (Allocation Failure) 108M->108M(118M) 16.082ms
[2020-08-10T13:11:35.260+0300][1634.802s][info ][gc] GC(54093) Pause Young (Allocation Failure) 109M->109M(118M) 16.198ms
[2020-08-10T13:11:35.277+0300][1634.819s][info ][gc] GC(54094) Pause Young (Allocation Failure) 110M->110M(118M) 16.338ms
[2020-08-10T13:11:35.294+0300][1634.836s][info ][gc] GC(54095) Pause Young (Allocation Failure) 111M->111M(118M) 16.610ms
[2020-08-10T13:11:35.310+0300][1634.853s][info ][gc] GC(54096) Pause Young (Allocation Failure) 112M->112M(118M) 16.427ms
[2020-08-10T13:11:35.328+0300][1634.870s][info ][gc] GC(54097) Pause Young (Allocation Failure) 113M->113M(118M) 16.769ms
[2020-08-10T13:11:35.345+0300][1634.888s][info ][gc] GC(54098) Pause Young (Allocation Failure) 114M->114M(118M) 16.917ms
[2020-08-10T13:11:35.363+0300][1634.905s][info ][gc] GC(54099) Pause Young (Allocation Failure) 115M->115M(118M) 16.825ms
[2020-08-10T13:11:35.380+0300][1634.922s][info ][gc] GC(54100) Pause Young (Allocation Failure) 116M->116M(118M) 16.636ms
[2020-08-10T13:11:35.657+0300][1635.199s][debug][gc] GC(54101) Expanding ParOldGen from 118272K by 11264K to 129536K
[2020-08-10T13:11:35.657+0300][1635.199s][info ][gc] GC(54101) Pause Full (Ergonomics) 116M->115M(129M) 276.929ms
[2020-08-10T13:11:35.692+0300][1635.234s][info ][gc] GC(54102) Pause Young (Allocation Failure) 116M->116M(129M) 34.610ms
[2020-08-10T13:11:35.710+0300][1635.252s][info ][gc] GC(54103) Pause Young (Allocation Failure) 117M->117M(129M) 17.078ms
[2020-08-10T13:11:35.727+0300][1635.269s][info ][gc] GC(54104) Pause Young (Allocation Failure) 118M->118M(129M) 17.075ms
[2020-08-10T13:11:35.745+0300][1635.287s][info ][gc] GC(54105) Pause Young (Allocation Failure) 119M->119M(129M) 17.410ms
[2020-08-10T13:11:35.763+0300][1635.305s][info ][gc] GC(54106) Pause Young (Allocation Failure) 120M->120M(129M) 17.523ms
[2020-08-10T13:11:35.781+0300][1635.323s][info ][gc] GC(54107) Pause Young (Allocation Failure) 121M->121M(129M) 17.306ms
[2020-08-10T13:11:35.799+0300][1635.341s][info ][gc] GC(54108) Pause Young (Allocation Failure) 122M->122M(129M) 17.549ms
[2020-08-10T13:11:35.817+0300][1635.359s][info ][gc] GC(54109) Pause Young (Allocation Failure) 123M->123M(129M) 17.368ms
[2020-08-10T13:11:35.835+0300][1635.377s][info ][gc] GC(54110) Pause Young (Allocation Failure) 124M->124M(129M) 17.669ms
[2020-08-10T13:11:35.853+0300][1635.395s][info ][gc] GC(54111) Pause Young (Allocation Failure) 125M->125M(129M) 17.861ms
[2020-08-10T13:11:35.871+0300][1635.413s][info ][gc] GC(54112) Pause Young (Allocation Failure) 126M->126M(129M) 17.591ms
[2020-08-10T13:11:36.196+0300][1635.739s][debug][gc] GC(54113) Expanding ParOldGen from 129536K by 11264K to 140800K
[2020-08-10T13:11:36.197+0300][1635.739s][info ][gc] GC(54113) Pause Full (Ergonomics) 126M->126M(140M) 325.671ms
[2020-08-10T13:11:36.212+0300][1635.754s][info ][gc] GC(54114) Pause Young (Allocation Failure) 127M->127M(140M) 14.695ms
[2020-08-10T13:11:36.230+0300][1635.772s][info ][gc] GC(54115) Pause Young (Allocation Failure) 128M->128M(140M) 17.465ms
[2020-08-10T13:11:36.249+0300][1635.791s][info ][gc] GC(54116) Pause Young (Allocation Failure) 129M->129M(140M) 18.488ms
[2020-08-10T13:11:36.267+0300][1635.809s][info ][gc] GC(54117) Pause Young (Allocation Failure) 130M->130M(140M) 17.668ms
[2020-08-10T13:11:36.285+0300][1635.827s][info ][gc] GC(54118) Pause Young (Allocation Failure) 131M->131M(140M) 17.801ms
[2020-08-10T13:11:36.303+0300][1635.845s][info ][gc] GC(54119) Pause Young (Allocation Failure) 132M->132M(140M) 17.656ms
[2020-08-10T13:11:36.321+0300][1635.864s][info ][gc] GC(54120) Pause Young (Allocation Failure) 133M->133M(140M) 17.963ms
[2020-08-10T13:11:36.340+0300][1635.882s][info ][gc] GC(54121) Pause Young (Allocation Failure) 134M->133M(140M) 18.264ms
[2020-08-10T13:11:36.359+0300][1635.901s][info ][gc] GC(54122) Pause Young (Allocation Failure) 134M->134M(140M) 18.042ms
[2020-08-10T13:11:36.359+0300][1635.901s][debug][gc] Expanding ParOldGen from 140800K by 19968K to 160768K
[2020-08-10T13:11:36.384+0300][1635.927s][info ][gc] GC(54123) Pause Young (Allocation Failure) 154M->154M(159M) 17.706ms
[2020-08-10T13:11:36.400+0300][1635.942s][info ][gc] GC(54124) Pause Young (Allocation Failure) 155M->155M(159M) 14.962ms
[2020-08-10T13:11:36.427+0300][1635.969s][info ][gc] GC(54125) Pause Young (Allocation Failure) 156M->156M(159M) 26.787ms
[2020-08-10T13:11:36.441+0300][1635.984s][info ][gc] GC(54126) Pause Young (Allocation Failure) 157M->157M(159M) 13.793ms
[2020-08-10T13:11:36.493+0300][1636.035s][debug][gc] GC(54127) Shrinking ParOldGen from 160768K by 124416K to 36352K
[2020-08-10T13:11:36.493+0300][1636.035s][info ][gc] GC(54127) Pause Full (Ergonomics) 157M->24M(38M) 51.289ms
[2020-08-10T13:11:36.506+0300][1636.048s][info ][gc] GC(54128) Pause Young (Allocation Failure) 25M->25M(38M) 12.800ms
[2020-08-10T13:11:36.523+0300][1636.066s][info ][gc] GC(54129) Pause Young (Allocation Failure) 26M->26M(38M) 16.491ms
[2020-08-10T13:11:36.537+0300][1636.079s][info ][gc] GC(54130) Pause Young (Allocation Failure) 27M->26M(38M) 13.308ms
[2020-08-10T13:11:36.551+0300][1636.093s][info ][gc] GC(54131) Pause Young (Allocation Failure) 27M->27M(38M) 13.436ms
[2020-08-10T13:11:36.565+0300][1636.107s][info ][gc] GC(54132) Pause Young (Allocation Failure) 28M->28M(38M) 13.334ms
[2020-08-10T13:11:36.579+0300][1636.121s][info ][gc] GC(54133) Pause Young (Allocation Failure) 29M->29M(38M) 13.517ms
[2020-08-10T13:11:36.592+0300][1636.135s][info ][gc] GC(54134) Pause Young (Allocation Failure) 30M->30M(38M) 13.368ms
[2020-08-10T13:11:36.606+0300][1636.149s][info ][gc] GC(54135) Pause Young (Allocation Failure) 31M->31M(38M) 13.448ms
[2020-08-10T13:11:36.620+0300][1636.163s][info ][gc] GC(54136) Pause Young (Allocation Failure) 32M->32M(38M) 13.443ms
[2020-08-10T13:11:36.634+0300][1636.177s][info ][gc] GC(54137) Pause Young (Allocation Failure) 33M->33M(38M) 13.365ms
[2020-08-10T13:11:36.648+0300][1636.190s][info ][gc] GC(54138) Pause Young (Allocation Failure) 34M->34M(38M) 13.354ms
[2020-08-10T13:11:36.662+0300][1636.205s][info ][gc] GC(54139) Pause Young (Allocation Failure) 35M->35M(37M) 13.608ms
[2020-08-10T13:11:36.725+0300][1636.267s][debug][gc] GC(54140) Expanding ParOldGen from 36352K by 11264K to 47616K
[2020-08-10T13:11:36.725+0300][1636.267s][info ][gc] GC(54140) Pause Full (Ergonomics) 35M->35M(48M) 62.560ms
[2020-08-10T13:11:36.738+0300][1636.281s][info ][gc] GC(54141) Pause Young (Allocation Failure) 36M->36M(48M) 13.019ms
[2020-08-10T13:11:36.752+0300][1636.295s][info ][gc] GC(54142) Pause Young (Allocation Failure) 37M->37M(48M) 13.243ms
[2020-08-10T13:11:36.766+0300][1636.309s][info ][gc] GC(54143) Pause Young (Allocation Failure) 38M->38M(48M) 13.448ms
[2020-08-10T13:11:36.780+0300][1636.323s][info ][gc] GC(54144) Pause Young (Allocation Failure) 39M->39M(48M) 13.445ms
[2020-08-10T13:11:36.794+0300][1636.337s][info ][gc] GC(54145) Pause Young (Allocation Failure) 40M->40M(48M) 13.471ms
[2020-08-10T13:11:36.808+0300][1636.351s][info ][gc] GC(54146) Pause Young (Allocation Failure) 41M->41M(48M) 13.501ms
[2020-08-10T13:11:36.822+0300][1636.364s][info ][gc] GC(54147) Pause Young (Allocation Failure) 42M->42M(48M) 13.210ms
[2020-08-10T13:11:36.836+0300][1636.378s][info ][gc] GC(54148) Pause Young (Allocation Failure) 43M->43M(48M) 13.463ms
[2020-08-10T13:11:36.850+0300][1636.392s][info ][gc] GC(54149) Pause Young (Allocation Failure) 44M->43M(48M) 13.499ms
[2020-08-10T13:11:36.864+0300][1636.406s][info ][gc] GC(54150) Pause Young (Allocation Failure) 44M->44M(48M) 13.467ms
[2020-08-10T13:11:36.880+0300][1636.422s][info ][gc] GC(54151) Pause Young (Allocation Failure) 45M->45M(48M) 14.996ms
[2020-08-10T13:11:36.894+0300][1636.436s][info ][gc] GC(54152) Pause Young (Allocation Failure) 46M->46M(48M) 13.447ms
[2020-08-10T13:11:36.981+0300][1636.524s][debug][gc] GC(54153) Expanding ParOldGen from 47616K by 11264K to 58880K
[2020-08-10T13:11:36.982+0300][1636.524s][info ][gc] GC(54153) Pause Full (Ergonomics) 46M->46M(59M) 87.830ms
[2020-08-10T13:11:37.001+0300][1636.544s][info ][gc] GC(54154) Pause Young (Allocation Failure) 47M->47M(59M) 19.474ms
[2020-08-10T13:11:37.016+0300][1636.558s][info ][gc] GC(54155) Pause Young (Allocation Failure) 48M->48M(59M) 13.724ms
[2020-08-10T13:11:37.030+0300][1636.572s][info ][gc] GC(54156) Pause Young (Allocation Failure) 49M->49M(59M) 13.551ms
[2020-08-10T13:11:37.044+0300][1636.586s][info ][gc] GC(54157) Pause Young (Allocation Failure) 50M->50M(59M) 13.456ms
[2020-08-10T13:11:37.058+0300][1636.600s][info ][gc] GC(54158) Pause Young (Allocation Failure) 51M->51M(59M) 13.486ms
[2020-08-10T13:11:37.072+0300][1636.614s][info ][gc] GC(54159) Pause Young (Allocation Failure) 52M->52M(59M) 13.631ms
[2020-08-10T13:11:37.086+0300][1636.629s][info ][gc] GC(54160) Pause Young (Allocation Failure) 53M->53M(59M) 13.707ms
[2020-08-10T13:11:37.100+0300][1636.643s][info ][gc] GC(54161) Pause Young (Allocation Failure) 54M->54M(59M) 13.517ms
[2020-08-10T13:11:37.114+0300][1636.657s][info ][gc] GC(54162) Pause Young (Allocation Failure) 55M->55M(59M) 13.565ms
[2020-08-10T13:11:37.128+0300][1636.671s][info ][gc] GC(54163) Pause Young (Allocation Failure) 56M->56M(59M) 13.635ms
[2020-08-10T13:11:37.143+0300][1636.685s][info ][gc] GC(54164) Pause Young (Allocation Failure) 57M->57M(59M) 13.674ms
[2020-08-10T13:11:37.157+0300][1636.699s][info ][gc] GC(54165) Pause Young (Allocation Failure) 58M->58M(59M) 13.625ms
[2020-08-10T13:11:37.277+0300][1636.820s][debug][gc] GC(54166) Expanding ParOldGen from 58880K by 11264K to 70144K
[2020-08-10T13:11:37.277+0300][1636.820s][info ][gc] GC(54166) Pause Full (Ergonomics) 58M->57M(70M) 120.369ms
[2020-08-10T13:11:37.302+0300][1636.844s][info ][gc] GC(54167) Pause Young (Allocation Failure) 58M->58M(70M) 24.219ms
[2020-08-10T13:11:37.316+0300][1636.859s][info ][gc] GC(54168) Pause Young (Allocation Failure) 59M->59M(70M) 13.814ms
[2020-08-10T13:11:37.331+0300][1636.873s][info ][gc] GC(54169) Pause Young (Allocation Failure) 60M->60M(70M) 13.651ms
[2020-08-10T13:11:37.345+0300][1636.887s][info ][gc] GC(54170) Pause Young (Allocation Failure) 61M->61M(70M) 13.655ms
[2020-08-10T13:11:37.359+0300][1636.901s][info ][gc] GC(54171) Pause Young (Allocation Failure) 62M->62M(70M) 13.619ms
[2020-08-10T13:11:37.373+0300][1636.916s][info ][gc] GC(54172) Pause Young (Allocation Failure) 63M->63M(70M) 13.698ms
[2020-08-10T13:11:37.387+0300][1636.930s][info ][gc] GC(54173) Pause Young (Allocation Failure) 64M->64M(70M) 13.698ms
[2020-08-10T13:11:37.402+0300][1636.944s][info ][gc] GC(54174) Pause Young (Allocation Failure) 65M->65M(70M) 13.698ms
[2020-08-10T13:11:37.416+0300][1636.958s][info ][gc] GC(54175) Pause Young (Allocation Failure) 66M->66M(70M) 13.760ms
[2020-08-10T13:11:37.430+0300][1636.973s][info ][gc] GC(54176) Pause Young (Allocation Failure) 67M->67M(70M) 13.694ms
[2020-08-10T13:11:37.444+0300][1636.987s][info ][gc] GC(54177) Pause Young (Allocation Failure) 68M->68M(70M) 13.605ms
[2020-08-10T13:11:37.605+0300][1637.147s][debug][gc] GC(54178) Expanding ParOldGen from 70144K by 11264K to 81408K
[2020-08-10T13:11:37.605+0300][1637.147s][info ][gc] GC(54178) Pause Full (Ergonomics) 68M->68M(81M) 160.288ms
[2020-08-10T13:11:37.618+0300][1637.161s][info ][gc] GC(54179) Pause Young (Allocation Failure) 69M->69M(81M) 12.915ms
[2020-08-10T13:11:37.632+0300][1637.175s][info ][gc] GC(54180) Pause Young (Allocation Failure) 70M->70M(81M) 13.620ms
[2020-08-10T13:11:37.646+0300][1637.189s][info ][gc] GC(54181) Pause Young (Allocation Failure) 71M->71M(81M) 13.535ms
[2020-08-10T13:11:37.660+0300][1637.203s][info ][gc] GC(54182) Pause Young (Allocation Failure) 72M->72M(81M) 13.573ms
[2020-08-10T13:11:37.675+0300][1637.217s][info ][gc] GC(54183) Pause Young (Allocation Failure) 73M->73M(81M) 13.585ms
[2020-08-10T13:11:37.689+0300][1637.231s][info ][gc] GC(54184) Pause Young (Allocation Failure) 74M->74M(81M) 13.503ms
[2020-08-10T13:11:37.703+0300][1637.245s][info ][gc] GC(54185) Pause Young (Allocation Failure) 75M->74M(81M) 13.581ms
[2020-08-10T13:11:37.717+0300][1637.259s][info ][gc] GC(54186) Pause Young (Allocation Failure) 75M->75M(81M) 13.493ms
[2020-08-10T13:11:37.731+0300][1637.273s][info ][gc] GC(54187) Pause Young (Allocation Failure) 76M->76M(81M) 13.594ms
[2020-08-10T13:11:37.745+0300][1637.287s][info ][gc] GC(54188) Pause Young (Allocation Failure) 77M->77M(81M) 13.638ms
[2020-08-10T13:11:37.759+0300][1637.301s][info ][gc] GC(54189) Pause Young (Allocation Failure) 78M->78M(81M) 13.557ms
[2020-08-10T13:11:37.773+0300][1637.315s][info ][gc] GC(54190) Pause Young (Allocation Failure) 79M->79M(81M) 13.562ms
[2020-08-10T13:11:37.951+0300][1637.493s][debug][gc] GC(54191) Expanding ParOldGen from 81408K by 11264K to 92672K
[2020-08-10T13:11:37.951+0300][1637.493s][info ][gc] GC(54191) Pause Full (Ergonomics) 79M->79M(92M) 177.543ms
[2020-08-10T13:11:37.981+0300][1637.524s][info ][gc] GC(54192) Pause Young (Allocation Failure) 80M->80M(92M) 30.180ms
[2020-08-10T13:11:37.996+0300][1637.538s][info ][gc] GC(54193) Pause Young (Allocation Failure) 81M->81M(92M) 13.916ms
[2020-08-10T13:11:38.010+0300][1637.553s][info ][gc] GC(54194) Pause Young (Allocation Failure) 82M->82M(92M) 13.737ms
[2020-08-10T13:11:38.025+0300][1637.567s][info ][gc] GC(54195) Pause Young (Allocation Failure) 83M->83M(92M) 13.951ms
[2020-08-10T13:11:38.039+0300][1637.581s][info ][gc] GC(54196) Pause Young (Allocation Failure) 84M->84M(92M) 13.901ms
[2020-08-10T13:11:38.054+0300][1637.596s][info ][gc] GC(54197) Pause Young (Allocation Failure) 85M->85M(92M) 14.208ms
[2020-08-10T13:11:38.069+0300][1637.611s][info ][gc] GC(54198) Pause Young (Allocation Failure) 86M->86M(92M) 14.629ms
[2020-08-10T13:11:38.084+0300][1637.626s][info ][gc] GC(54199) Pause Young (Allocation Failure) 87M->87M(92M) 14.359ms
[2020-08-10T13:11:38.098+0300][1637.641s][info ][gc] GC(54200) Pause Young (Allocation Failure) 88M->88M(92M) 14.237ms
[2020-08-10T13:11:38.114+0300][1637.656s][info ][gc] GC(54201) Pause Young (Allocation Failure) 89M->89M(92M) 14.534ms
[2020-08-10T13:11:38.129+0300][1637.671s][info ][gc] GC(54202) Pause Young (Allocation Failure) 90M->90M(93M) 14.548ms
[2020-08-10T13:11:38.144+0300][1637.686s][info ][gc] GC(54203) Pause Young (Allocation Failure) 91M->91M(92M) 14.685ms
[2020-08-10T13:11:38.359+0300][1637.901s][debug][gc] GC(54204) Expanding ParOldGen from 92672K by 11776K to 104448K
[2020-08-10T13:11:38.359+0300][1637.901s][info ][gc] GC(54204) Pause Full (Ergonomics) 91M->90M(104M) 214.845ms
[2020-08-10T13:11:38.395+0300][1637.937s][info ][gc] GC(54205) Pause Young (Allocation Failure) 91M->91M(104M) 35.269ms
[2020-08-10T13:11:38.410+0300][1637.952s][info ][gc] GC(54206) Pause Young (Allocation Failure) 92M->92M(104M) 14.672ms
[2020-08-10T13:11:38.425+0300][1637.967s][info ][gc] GC(54207) Pause Young (Allocation Failure) 93M->93M(104M) 14.619ms
[2020-08-10T13:11:38.441+0300][1637.983s][info ][gc] GC(54208) Pause Young (Allocation Failure) 94M->94M(104M) 15.313ms
[2020-08-10T13:11:38.456+0300][1637.999s][info ][gc] GC(54209) Pause Young (Allocation Failure) 95M->95M(104M) 15.247ms
[2020-08-10T13:11:38.472+0300][1638.014s][info ][gc] GC(54210) Pause Young (Allocation Failure) 96M->96M(104M) 15.145ms
[2020-08-10T13:11:38.488+0300][1638.030s][info ][gc] GC(54211) Pause Young (Allocation Failure) 97M->97M(104M) 15.345ms
[2020-08-10T13:11:38.503+0300][1638.046s][info ][gc] GC(54212) Pause Young (Allocation Failure) 98M->98M(104M) 15.135ms
[2020-08-10T13:11:38.519+0300][1638.062s][info ][gc] GC(54213) Pause Young (Allocation Failure) 99M->99M(104M) 15.499ms
[2020-08-10T13:11:38.536+0300][1638.078s][info ][gc] GC(54214) Pause Young (Allocation Failure) 100M->100M(104M) 15.749ms
[2020-08-10T13:11:38.552+0300][1638.094s][info ][gc] GC(54215) Pause Young (Allocation Failure) 101M->101M(104M) 15.585ms
[2020-08-10T13:11:38.568+0300][1638.111s][info ][gc] GC(54216) Pause Young (Allocation Failure) 102M->102M(104M) 15.628ms
[2020-08-10T13:11:38.813+0300][1638.356s][debug][gc] GC(54217) Expanding ParOldGen from 104448K by 11264K to 115712K
[2020-08-10T13:11:38.813+0300][1638.356s][info ][gc] GC(54217) Pause Full (Ergonomics) 102M->102M(115M) 245.339ms
[2020-08-10T13:11:38.849+0300][1638.392s][info ][gc] GC(54218) Pause Young (Allocation Failure) 103M->103M(115M) 35.133ms
[2020-08-10T13:11:38.865+0300][1638.408s][info ][gc] GC(54219) Pause Young (Allocation Failure) 104M->104M(115M) 15.754ms
[2020-08-10T13:11:38.891+0300][1638.433s][info ][gc] GC(54220) Pause Young (Allocation Failure) 105M->105M(115M) 24.842ms
[2020-08-10T13:11:38.907+0300][1638.450s][info ][gc] GC(54221) Pause Young (Allocation Failure) 106M->106M(115M) 15.909ms
[2020-08-10T13:11:38.924+0300][1638.466s][info ][gc] GC(54222) Pause Young (Allocation Failure) 107M->106M(115M) 16.036ms
[2020-08-10T13:11:38.940+0300][1638.483s][info ][gc] GC(54223) Pause Young (Allocation Failure) 107M->107M(115M) 16.309ms
[2020-08-10T13:11:38.957+0300][1638.500s][info ][gc] GC(54224) Pause Young (Allocation Failure) 108M->108M(115M) 16.213ms
[2020-08-10T13:11:38.974+0300][1638.517s][info ][gc] GC(54225) Pause Young (Allocation Failure) 109M->109M(115M) 16.387ms
[2020-08-10T13:11:38.991+0300][1638.534s][info ][gc] GC(54226) Pause Young (Allocation Failure) 110M->110M(115M) 16.530ms
[2020-08-10T13:11:39.008+0300][1638.551s][info ][gc] GC(54227) Pause Young (Allocation Failure) 111M->111M(115M) 16.533ms
[2020-08-10T13:11:39.026+0300][1638.568s][info ][gc] GC(54228) Pause Young (Allocation Failure) 112M->112M(115M) 16.779ms
[2020-08-10T13:11:39.043+0300][1638.586s][info ][gc] GC(54229) Pause Young (Allocation Failure) 113M->113M(115M) 17.109ms
[2020-08-10T13:11:39.352+0300][1638.895s][debug][gc] GC(54230) Expanding ParOldGen from 115712K by 11264K to 126976K
[2020-08-10T13:11:39.353+0300][1638.895s][info ][gc] GC(54230) Pause Full (Ergonomics) 113M->113M(126M) 309.325ms
[2020-08-10T13:11:39.385+0300][1638.928s][info ][gc] GC(54231) Pause Young (Allocation Failure) 114M->114M(126M) 32.044ms
[2020-08-10T13:11:39.403+0300][1638.946s][info ][gc] GC(54232) Pause Young (Allocation Failure) 115M->115M(126M) 17.137ms
[2020-08-10T13:11:39.421+0300][1638.963s][info ][gc] GC(54233) Pause Young (Allocation Failure) 116M->116M(126M) 17.389ms
[2020-08-10T13:11:39.439+0300][1638.981s][info ][gc] GC(54234) Pause Young (Allocation Failure) 117M->117M(126M) 17.522ms
[2020-08-10T13:11:39.457+0300][1638.999s][info ][gc] GC(54235) Pause Young (Allocation Failure) 118M->118M(126M) 17.265ms
[2020-08-10T13:11:39.475+0300][1639.017s][info ][gc] GC(54236) Pause Young (Allocation Failure) 119M->119M(126M) 17.515ms
[2020-08-10T13:11:39.493+0300][1639.035s][info ][gc] GC(54237) Pause Young (Allocation Failure) 120M->120M(126M) 17.503ms
[2020-08-10T13:11:39.511+0300][1639.053s][info ][gc] GC(54238) Pause Young (Allocation Failure) 121M->121M(126M) 17.570ms
[2020-08-10T13:11:39.529+0300][1639.071s][info ][gc] GC(54239) Pause Young (Allocation Failure) 122M->122M(126M) 17.636ms
[2020-08-10T13:11:39.547+0300][1639.090s][info ][gc] GC(54240) Pause Young (Allocation Failure) 123M->123M(126M) 17.697ms
[2020-08-10T13:11:39.565+0300][1639.108s][info ][gc] GC(54241) Pause Young (Allocation Failure) 124M->124M(126M) 17.789ms
[2020-08-10T13:11:40.099+0300][1639.642s][debug][gc] GC(54242) Expanding ParOldGen from 126976K by 11264K to 138240K
[2020-08-10T13:11:40.099+0300][1639.642s][info ][gc] GC(54242) Pause Full (Ergonomics) 124M->123M(137M) 533.562ms
[2020-08-10T13:11:40.114+0300][1639.657s][info ][gc] GC(54243) Pause Young (Allocation Failure) 124M->124M(137M) 14.474ms
[2020-08-10T13:11:40.132+0300][1639.675s][info ][gc] GC(54244) Pause Young (Allocation Failure) 125M->125M(137M) 17.508ms
[2020-08-10T13:11:40.150+0300][1639.693s][info ][gc] GC(54245) Pause Young (Allocation Failure) 126M->126M(137M) 17.838ms
[2020-08-10T13:11:40.168+0300][1639.711s][info ][gc] GC(54246) Pause Young (Allocation Failure) 127M->127M(137M) 17.541ms
[2020-08-10T13:11:40.187+0300][1639.729s][info ][gc] GC(54247) Pause Young (Allocation Failure) 128M->128M(137M) 17.964ms
[2020-08-10T13:11:40.205+0300][1639.748s][info ][gc] GC(54248) Pause Young (Allocation Failure) 129M->129M(137M) 18.050ms
[2020-08-10T13:11:40.224+0300][1639.766s][info ][gc] GC(54249) Pause Young (Allocation Failure) 130M->130M(137M) 17.898ms
[2020-08-10T13:11:40.242+0300][1639.785s][info ][gc] GC(54250) Pause Young (Allocation Failure) 131M->131M(137M) 18.168ms
[2020-08-10T13:11:40.261+0300][1639.804s][info ][gc] GC(54251) Pause Young (Allocation Failure) 132M->132M(137M) 18.199ms
[2020-08-10T13:11:40.280+0300][1639.822s][info ][gc] GC(54252) Pause Young (Allocation Failure) 133M->133M(137M) 17.994ms
[2020-08-10T13:11:40.298+0300][1639.841s][info ][gc] GC(54253) Pause Young (Allocation Failure) 134M->134M(137M) 18.326ms
[2020-08-10T13:11:40.317+0300][1639.860s][info ][gc] GC(54254) Pause Young (Allocation Failure) 135M->135M(137M) 18.346ms
[2020-08-10T13:11:40.670+0300][1640.213s][debug][gc] GC(54255) Expanding ParOldGen from 138240K by 11264K to 149504K
[2020-08-10T13:11:40.670+0300][1640.213s][info ][gc] GC(54255) Pause Full (Ergonomics) 135M->135M(148M) 352.870ms
[2020-08-10T13:11:40.671+0300][1640.213s][debug][gc] Expanding ParOldGen from 149504K by 19968K to 169472K
[2020-08-10T13:11:40.707+0300][1640.249s][info ][gc] GC(54256) Pause Young (Allocation Failure) 155M->155M(168M) 28.246ms
[2020-08-10T13:11:40.735+0300][1640.278s][info ][gc] GC(54257) Pause Young (Allocation Failure) 156M->156M(168M) 28.066ms
[2020-08-10T13:11:40.754+0300][1640.297s][info ][gc] GC(54258) Pause Young (Allocation Failure) 157M->157M(168M) 18.713ms
[2020-08-10T13:11:40.774+0300][1640.317s][info ][gc] GC(54259) Pause Young (Allocation Failure) 158M->158M(168M) 19.143ms
[2020-08-10T13:11:40.794+0300][1640.336s][info ][gc] GC(54260) Pause Young (Allocation Failure) 159M->159M(168M) 18.898ms
[2020-08-10T13:11:40.813+0300][1640.356s][info ][gc] GC(54261) Pause Young (Allocation Failure) 160M->159M(168M) 18.704ms
[2020-08-10T13:11:40.827+0300][1640.370s][info ][gc] GC(54262) Pause Young (Allocation Failure) 160M->160M(168M) 13.896ms
[2020-08-10T13:11:40.847+0300][1640.389s][info ][gc] GC(54263) Pause Young (Allocation Failure) 161M->161M(168M) 18.571ms
[2020-08-10T13:11:40.866+0300][1640.409s][info ][gc] GC(54264) Pause Young (Allocation Failure) 162M->162M(168M) 19.043ms
[2020-08-10T13:11:40.886+0300][1640.428s][info ][gc] GC(54265) Pause Young (Allocation Failure) 163M->163M(168M) 18.968ms
[2020-08-10T13:11:40.905+0300][1640.448s][info ][gc] GC(54266) Pause Young (Allocation Failure) 164M->164M(168M) 19.218ms
[2020-08-10T13:11:40.925+0300][1640.468s][info ][gc] GC(54267) Pause Young (Allocation Failure) 165M->165M(168M) 19.348ms
[2020-08-10T13:11:41.075+0300][1640.618s][debug][gc] GC(54268) Shrinking ParOldGen from 169472K by 124928K to 44544K
[2020-08-10T13:11:41.075+0300][1640.618s][info ][gc] GC(54268) Pause Full (Ergonomics) 165M->31M(46M) 149.617ms
[2020-08-10T13:11:41.105+0300][1640.648s][info ][gc] GC(54269) Pause Young (Allocation Failure) 32M->32M(46M) 29.920ms
[2020-08-10T13:11:41.119+0300][1640.662s][info ][gc] GC(54270) Pause Young (Allocation Failure) 33M->33M(46M) 13.521ms
[2020-08-10T13:11:41.134+0300][1640.676s][info ][gc] GC(54271) Pause Young (Allocation Failure) 34M->34M(46M) 13.612ms
[2020-08-10T13:11:41.148+0300][1640.690s][info ][gc] GC(54272) Pause Young (Allocation Failure) 35M->35M(46M) 13.596ms
[2020-08-10T13:11:41.162+0300][1640.704s][info ][gc] GC(54273) Pause Young (Allocation Failure) 36M->36M(46M) 13.522ms
[2020-08-10T13:11:41.176+0300][1640.718s][info ][gc] GC(54274) Pause Young (Allocation Failure) 37M->37M(46M) 13.442ms
[2020-08-10T13:11:41.190+0300][1640.732s][info ][gc] GC(54275) Pause Young (Allocation Failure) 38M->38M(46M) 13.402ms
[2020-08-10T13:11:41.204+0300][1640.746s][info ][gc] GC(54276) Pause Young (Allocation Failure) 39M->39M(46M) 13.509ms
[2020-08-10T13:11:41.218+0300][1640.760s][info ][gc] GC(54277) Pause Young (Allocation Failure) 40M->40M(46M) 13.442ms
[2020-08-10T13:11:41.232+0300][1640.774s][info ][gc] GC(54278) Pause Young (Allocation Failure) 41M->41M(46M) 13.493ms
[2020-08-10T13:11:41.246+0300][1640.788s][info ][gc] GC(54279) Pause Young (Allocation Failure) 42M->42M(46M) 13.602ms
[2020-08-10T13:11:41.260+0300][1640.803s][info ][gc] GC(54280) Pause Young (Allocation Failure) 43M->43M(46M) 13.605ms
[2020-08-10T13:11:41.338+0300][1640.881s][debug][gc] GC(54281) Expanding ParOldGen from 44544K by 11264K to 55808K
[2020-08-10T13:11:41.338+0300][1640.881s][info ][gc] GC(54281) Pause Full (Ergonomics) 43M->43M(57M) 78.174ms
[2020-08-10T13:11:41.352+0300][1640.894s][info ][gc] GC(54282) Pause Young (Allocation Failure) 44M->44M(57M) 13.010ms
[2020-08-10T13:11:41.366+0300][1640.909s][info ][gc] GC(54283) Pause Young (Allocation Failure) 45M->45M(57M) 13.534ms
[2020-08-10T13:11:41.380+0300][1640.923s][info ][gc] GC(54284) Pause Young (Allocation Failure) 46M->46M(57M) 13.494ms
[2020-08-10T13:11:41.394+0300][1640.936s][info ][gc] GC(54285) Pause Young (Allocation Failure) 47M->47M(57M) 13.460ms
[2020-08-10T13:11:41.408+0300][1640.951s][info ][gc] GC(54286) Pause Young (Allocation Failure) 48M->48M(56M) 13.619ms
[2020-08-10T13:11:41.422+0300][1640.965s][info ][gc] GC(54287) Pause Young (Allocation Failure) 49M->48M(56M) 13.620ms
[2020-08-10T13:11:41.436+0300][1640.979s][info ][gc] GC(54288) Pause Young (Allocation Failure) 49M->49M(56M) 13.581ms
[2020-08-10T13:11:41.450+0300][1640.992s][info ][gc] GC(54289) Pause Young (Allocation Failure) 50M->50M(57M) 13.211ms
[2020-08-10T13:11:41.464+0300][1641.006s][info ][gc] GC(54290) Pause Young (Allocation Failure) 51M->51M(57M) 13.482ms
[2020-08-10T13:11:41.477+0300][1641.020s][info ][gc] GC(54291) Pause Young (Allocation Failure) 52M->52M(57M) 13.505ms
[2020-08-10T13:11:41.491+0300][1641.034s][info ][gc] GC(54292) Pause Young (Allocation Failure) 53M->53M(57M) 13.488ms
[2020-08-10T13:11:41.506+0300][1641.048s][info ][gc] GC(54293) Pause Young (Allocation Failure) 54M->54M(57M) 13.564ms
[2020-08-10T13:11:41.621+0300][1641.163s][debug][gc] GC(54294) Expanding ParOldGen from 55808K by 11264K to 67072K
[2020-08-10T13:11:41.621+0300][1641.164s][info ][gc] GC(54294) Pause Full (Ergonomics) 54M->54M(68M) 115.072ms
[2020-08-10T13:11:41.643+0300][1641.186s][info ][gc] GC(54295) Pause Young (Allocation Failure) 55M->55M(68M) 21.634ms
[2020-08-10T13:11:41.657+0300][1641.200s][info ][gc] GC(54296) Pause Young (Allocation Failure) 56M->56M(68M) 13.721ms
[2020-08-10T13:11:41.671+0300][1641.214s][info ][gc] GC(54297) Pause Young (Allocation Failure) 57M->57M(68M) 13.689ms
[2020-08-10T13:11:41.686+0300][1641.228s][info ][gc] GC(54298) Pause Young (Allocation Failure) 58M->58M(68M) 13.675ms
[2020-08-10T13:11:41.700+0300][1641.243s][info ][gc] GC(54299) Pause Young (Allocation Failure) 59M->59M(68M) 13.688ms
[2020-08-10T13:11:41.714+0300][1641.257s][info ][gc] GC(54300) Pause Young (Allocation Failure) 60M->60M(68M) 13.629ms
[2020-08-10T13:11:41.729+0300][1641.271s][info ][gc] GC(54301) Pause Young (Allocation Failure) 61M->61M(68M) 13.730ms
[2020-08-10T13:11:41.743+0300][1641.285s][info ][gc] GC(54302) Pause Young (Allocation Failure) 62M->62M(68M) 13.617ms
[2020-08-10T13:11:41.757+0300][1641.300s][info ][gc] GC(54303) Pause Young (Allocation Failure) 63M->63M(68M) 13.474ms
[2020-08-10T13:11:41.771+0300][1641.314s][info ][gc] GC(54304) Pause Young (Allocation Failure) 64M->64M(68M) 13.646ms
[2020-08-10T13:11:41.785+0300][1641.328s][info ][gc] GC(54305) Pause Young (Allocation Failure) 65M->65M(68M) 13.701ms
[2020-08-10T13:11:41.800+0300][1641.342s][info ][gc] GC(54306) Pause Young (Allocation Failure) 66M->65M(68M) 13.821ms
[2020-08-10T13:11:41.946+0300][1641.488s][debug][gc] GC(54307) Expanding ParOldGen from 67072K by 11776K to 78848K
[2020-08-10T13:11:41.946+0300][1641.488s][info ][gc] GC(54307) Pause Full (Ergonomics) 65M->65M(79M) 145.845ms
[2020-08-10T13:11:41.974+0300][1641.516s][info ][gc] GC(54308) Pause Young (Allocation Failure) 66M->66M(79M) 27.341ms
[2020-08-10T13:11:41.988+0300][1641.531s][info ][gc] GC(54309) Pause Young (Allocation Failure) 67M->67M(79M) 13.724ms
[2020-08-10T13:11:42.002+0300][1641.545s][info ][gc] GC(54310) Pause Young (Allocation Failure) 68M->68M(79M) 13.756ms
[2020-08-10T13:11:42.016+0300][1641.559s][info ][gc] GC(54311) Pause Young (Allocation Failure) 69M->69M(79M) 13.737ms
[2020-08-10T13:11:42.030+0300][1641.573s][info ][gc] GC(54312) Pause Young (Allocation Failure) 70M->70M(79M) 13.696ms
[2020-08-10T13:11:42.045+0300][1641.587s][info ][gc] GC(54313) Pause Young (Allocation Failure) 71M->71M(79M) 13.775ms
[2020-08-10T13:11:42.059+0300][1641.602s][info ][gc] GC(54314) Pause Young (Allocation Failure) 72M->72M(79M) 13.757ms
[2020-08-10T13:11:42.073+0300][1641.616s][info ][gc] GC(54315) Pause Young (Allocation Failure) 73M->73M(79M) 13.838ms
[2020-08-10T13:11:42.088+0300][1641.630s][info ][gc] GC(54316) Pause Young (Allocation Failure) 74M->74M(79M) 13.777ms
[2020-08-10T13:11:42.102+0300][1641.645s][info ][gc] GC(54317) Pause Young (Allocation Failure) 75M->75M(79M) 13.800ms
[2020-08-10T13:11:42.116+0300][1641.659s][info ][gc] GC(54318) Pause Young (Allocation Failure) 76M->76M(79M) 13.723ms
[2020-08-10T13:11:42.130+0300][1641.673s][info ][gc] GC(54319) Pause Young (Allocation Failure) 77M->77M(79M) 13.731ms
[2020-08-10T13:11:42.369+0300][1641.911s][debug][gc] GC(54320) Expanding ParOldGen from 78848K by 11264K to 90112K
[2020-08-10T13:11:42.369+0300][1641.911s][info ][gc] GC(54320) Pause Full (Ergonomics) 77M->77M(90M) 238.371ms
[2020-08-10T13:11:42.399+0300][1641.942s][info ][gc] GC(54321) Pause Young (Allocation Failure) 78M->78M(90M) 29.950ms
[2020-08-10T13:11:42.414+0300][1641.956s][info ][gc] GC(54322) Pause Young (Allocation Failure) 79M->79M(90M) 13.942ms
[2020-08-10T13:11:42.428+0300][1641.971s][info ][gc] GC(54323) Pause Young (Allocation Failure) 80M->79M(90M) 13.883ms
[2020-08-10T13:11:42.443+0300][1641.985s][info ][gc] GC(54324) Pause Young (Allocation Failure) 80M->80M(90M) 13.837ms
[2020-08-10T13:11:42.457+0300][1642.000s][info ][gc] GC(54325) Pause Young (Allocation Failure) 81M->81M(90M) 13.917ms
[2020-08-10T13:11:42.472+0300][1642.014s][info ][gc] GC(54326) Pause Young (Allocation Failure) 82M->82M(90M) 13.876ms
[2020-08-10T13:11:42.486+0300][1642.029s][info ][gc] GC(54327) Pause Young (Allocation Failure) 83M->83M(90M) 14.061ms
[2020-08-10T13:11:42.501+0300][1642.044s][info ][gc] GC(54328) Pause Young (Allocation Failure) 84M->84M(90M) 14.189ms
[2020-08-10T13:11:42.516+0300][1642.059s][info ][gc] GC(54329) Pause Young (Allocation Failure) 85M->85M(89M) 14.563ms
[2020-08-10T13:11:42.530+0300][1642.073s][info ][gc] GC(54330) Pause Young (Allocation Failure) 86M->86M(90M) 13.630ms
[2020-08-10T13:11:42.545+0300][1642.088s][info ][gc] GC(54331) Pause Young (Allocation Failure) 87M->87M(90M) 14.507ms
[2020-08-10T13:11:42.560+0300][1642.103s][info ][gc] GC(54332) Pause Young (Allocation Failure) 88M->88M(90M) 14.398ms
[2020-08-10T13:11:42.766+0300][1642.309s][debug][gc] GC(54333) Expanding ParOldGen from 90112K by 11776K to 101888K
[2020-08-10T13:11:42.766+0300][1642.309s][info ][gc] GC(54333) Pause Full (Ergonomics) 88M->88M(102M) 205.694ms
[2020-08-10T13:11:42.799+0300][1642.342s][info ][gc] GC(54334) Pause Young (Allocation Failure) 89M->89M(102M) 31.904ms
[2020-08-10T13:11:42.814+0300][1642.357s][info ][gc] GC(54335) Pause Young (Allocation Failure) 90M->90M(102M) 14.528ms
[2020-08-10T13:11:42.829+0300][1642.372s][info ][gc] GC(54336) Pause Young (Allocation Failure) 91M->91M(102M) 14.690ms
[2020-08-10T13:11:42.845+0300][1642.388s][info ][gc] GC(54337) Pause Young (Allocation Failure) 92M->92M(102M) 15.034ms
[2020-08-10T13:11:42.860+0300][1642.403s][info ][gc] GC(54338) Pause Young (Allocation Failure) 93M->93M(102M) 15.045ms
[2020-08-10T13:11:42.876+0300][1642.418s][info ][gc] GC(54339) Pause Young (Allocation Failure) 94M->94M(102M) 14.906ms
[2020-08-10T13:11:42.891+0300][1642.434s][info ][gc] GC(54340) Pause Young (Allocation Failure) 95M->95M(102M) 14.971ms
[2020-08-10T13:11:42.907+0300][1642.449s][info ][gc] GC(54341) Pause Young (Allocation Failure) 96M->96M(102M) 15.062ms
[2020-08-10T13:11:42.922+0300][1642.465s][info ][gc] GC(54342) Pause Young (Allocation Failure) 97M->96M(102M) 15.162ms
[2020-08-10T13:11:42.938+0300][1642.481s][info ][gc] GC(54343) Pause Young (Allocation Failure) 97M->97M(102M) 15.331ms
[2020-08-10T13:11:42.954+0300][1642.497s][info ][gc] GC(54344) Pause Young (Allocation Failure) 98M->98M(102M) 15.285ms
[2020-08-10T13:11:42.970+0300][1642.513s][info ][gc] GC(54345) Pause Young (Allocation Failure) 99M->99M(102M) 15.298ms
[2020-08-10T13:11:43.214+0300][1642.756s][debug][gc] GC(54346) Expanding ParOldGen from 101888K by 11264K to 113152K
[2020-08-10T13:11:43.214+0300][1642.757s][info ][gc] GC(54346) Pause Full (Ergonomics) 99M->99M(113M) 243.959ms
[2020-08-10T13:11:43.249+0300][1642.792s][info ][gc] GC(54347) Pause Young (Allocation Failure) 100M->100M(113M) 34.808ms
[2020-08-10T13:11:43.265+0300][1642.808s][info ][gc] GC(54348) Pause Young (Allocation Failure) 101M->101M(113M) 15.627ms
[2020-08-10T13:11:43.282+0300][1642.824s][info ][gc] GC(54349) Pause Young (Allocation Failure) 102M->102M(113M) 15.629ms
[2020-08-10T13:11:43.298+0300][1642.841s][info ][gc] GC(54350) Pause Young (Allocation Failure) 103M->103M(113M) 15.752ms
[2020-08-10T13:11:43.314+0300][1642.857s][info ][gc] GC(54351) Pause Young (Allocation Failure) 104M->104M(113M) 15.713ms
[2020-08-10T13:11:43.331+0300][1642.873s][info ][gc] GC(54352) Pause Young (Allocation Failure) 105M->105M(113M) 16.096ms
[2020-08-10T13:11:43.347+0300][1642.890s][info ][gc] GC(54353) Pause Young (Allocation Failure) 106M->106M(113M) 16.027ms
[2020-08-10T13:11:43.364+0300][1642.907s][info ][gc] GC(54354) Pause Young (Allocation Failure) 107M->107M(113M) 16.027ms
[2020-08-10T13:11:43.381+0300][1642.923s][info ][gc] GC(54355) Pause Young (Allocation Failure) 108M->108M(113M) 16.430ms
[2020-08-10T13:11:43.398+0300][1642.941s][info ][gc] GC(54356) Pause Young (Allocation Failure) 109M->109M(113M) 16.563ms
[2020-08-10T13:11:43.415+0300][1642.957s][info ][gc] GC(54357) Pause Young (Allocation Failure) 110M->110M(113M) 16.404ms
[2020-08-10T13:11:43.431+0300][1642.974s][info ][gc] GC(54358) Pause Young (Allocation Failure) 111M->111M(113M) 15.991ms
[2020-08-10T13:11:43.702+0300][1643.244s][debug][gc] GC(54359) Expanding ParOldGen from 113152K by 11264K to 124416K
[2020-08-10T13:11:43.702+0300][1643.245s][info ][gc] GC(54359) Pause Full (Ergonomics) 111M->111M(124M) 270.605ms
[2020-08-10T13:11:43.740+0300][1643.283s][info ][gc] GC(54360) Pause Young (Allocation Failure) 112M->111M(124M) 38.201ms
[2020-08-10T13:11:43.757+0300][1643.300s][info ][gc] GC(54361) Pause Young (Allocation Failure) 112M->112M(124M) 16.452ms
[2020-08-10T13:11:43.775+0300][1643.318s][info ][gc] GC(54362) Pause Young (Allocation Failure) 113M->113M(124M) 16.793ms
[2020-08-10T13:11:43.792+0300][1643.335s][info ][gc] GC(54363) Pause Young (Allocation Failure) 114M->114M(124M) 16.837ms
[2020-08-10T13:11:43.809+0300][1643.352s][info ][gc] GC(54364) Pause Young (Allocation Failure) 115M->115M(124M) 16.827ms
[2020-08-10T13:11:43.827+0300][1643.369s][info ][gc] GC(54365) Pause Young (Allocation Failure) 116M->116M(124M) 16.589ms
[2020-08-10T13:11:43.844+0300][1643.387s][info ][gc] GC(54366) Pause Young (Allocation Failure) 117M->117M(124M) 16.868ms
[2020-08-10T13:11:43.862+0300][1643.405s][info ][gc] GC(54367) Pause Young (Allocation Failure) 118M->118M(124M) 17.266ms
[2020-08-10T13:11:43.880+0300][1643.422s][info ][gc] GC(54368) Pause Young (Allocation Failure) 119M->119M(124M) 17.232ms
[2020-08-10T13:11:43.897+0300][1643.440s][info ][gc] GC(54369) Pause Young (Allocation Failure) 120M->120M(124M) 17.305ms
[2020-08-10T13:11:43.915+0300][1643.458s][info ][gc] GC(54370) Pause Young (Allocation Failure) 121M->121M(124M) 17.053ms
[2020-08-10T13:11:44.222+0300][1643.765s][debug][gc] GC(54371) Expanding ParOldGen from 124416K by 11264K to 135680K
[2020-08-10T13:11:44.223+0300][1643.765s][info ][gc] GC(54371) Pause Full (Ergonomics) 121M->121M(135M) 307.381ms
[2020-08-10T13:11:44.238+0300][1643.781s][info ][gc] GC(54372) Pause Young (Allocation Failure) 122M->122M(135M) 15.265ms
[2020-08-10T13:11:44.256+0300][1643.799s][info ][gc] GC(54373) Pause Young (Allocation Failure) 123M->123M(135M) 17.465ms
[2020-08-10T13:11:44.274+0300][1643.817s][info ][gc] GC(54374) Pause Young (Allocation Failure) 124M->124M(135M) 17.453ms
[2020-08-10T13:11:44.292+0300][1643.835s][info ][gc] GC(54375) Pause Young (Allocation Failure) 125M->125M(135M) 17.419ms
[2020-08-10T13:11:44.310+0300][1643.853s][info ][gc] GC(54376) Pause Young (Allocation Failure) 126M->126M(135M) 17.531ms
[2020-08-10T13:11:44.328+0300][1643.871s][info ][gc] GC(54377) Pause Young (Allocation Failure) 127M->127M(135M) 17.667ms
[2020-08-10T13:11:44.346+0300][1643.889s][info ][gc] GC(54378) Pause Young (Allocation Failure) 128M->128M(135M) 17.561ms
[2020-08-10T13:11:44.364+0300][1643.907s][info ][gc] GC(54379) Pause Young (Allocation Failure) 129M->129M(135M) 17.435ms
[2020-08-10T13:11:44.382+0300][1643.925s][info ][gc] GC(54380) Pause Young (Allocation Failure) 130M->129M(135M) 17.603ms
[2020-08-10T13:11:44.400+0300][1643.943s][info ][gc] GC(54381) Pause Young (Allocation Failure) 130M->130M(135M) 17.736ms
[2020-08-10T13:11:44.419+0300][1643.961s][info ][gc] GC(54382) Pause Young (Allocation Failure) 131M->131M(135M) 17.777ms
[2020-08-10T13:11:44.437+0300][1643.980s][info ][gc] GC(54383) Pause Young (Allocation Failure) 132M->132M(135M) 17.780ms
[2020-08-10T13:11:44.781+0300][1644.324s][debug][gc] GC(54384) Expanding ParOldGen from 135680K by 11264K to 146944K
[2020-08-10T13:11:44.781+0300][1644.324s][info ][gc] GC(54384) Pause Full (Ergonomics) 132M->132M(146M) 344.014ms
[2020-08-10T13:11:44.815+0300][1644.358s][info ][gc] GC(54385) Pause Young (Allocation Failure) 133M->133M(146M) 33.430ms
[2020-08-10T13:11:44.834+0300][1644.377s][info ][gc] GC(54386) Pause Young (Allocation Failure) 134M->134M(146M) 18.397ms
[2020-08-10T13:11:44.867+0300][1644.410s][info ][gc] GC(54387) Pause Young (Allocation Failure) 135M->135M(146M) 32.761ms
[2020-08-10T13:11:44.867+0300][1644.410s][debug][gc] Expanding ParOldGen from 146944K by 19968K to 166912K
[2020-08-10T13:11:44.892+0300][1644.435s][info ][gc] GC(54388) Pause Young (Allocation Failure) 155M->155M(165M) 16.305ms
[2020-08-10T13:11:44.906+0300][1644.449s][info ][gc] GC(54389) Pause Young (Allocation Failure) 156M->156M(165M) 13.768ms
[2020-08-10T13:11:44.921+0300][1644.464s][info ][gc] GC(54390) Pause Young (Allocation Failure) 157M->157M(165M) 13.895ms
[2020-08-10T13:11:44.935+0300][1644.478s][info ][gc] GC(54391) Pause Young (Allocation Failure) 158M->158M(165M) 13.779ms
[2020-08-10T13:11:44.949+0300][1644.492s][info ][gc] GC(54392) Pause Young (Allocation Failure) 159M->159M(165M) 13.747ms
[2020-08-10T13:11:44.963+0300][1644.506s][info ][gc] GC(54393) Pause Young (Allocation Failure) 160M->160M(165M) 13.964ms
[2020-08-10T13:11:44.978+0300][1644.521s][info ][gc] GC(54394) Pause Young (Allocation Failure) 161M->161M(165M) 13.807ms
[2020-08-10T13:11:44.992+0300][1644.535s][info ][gc] GC(54395) Pause Young (Allocation Failure) 162M->162M(165M) 13.688ms
[2020-08-10T13:11:45.006+0300][1644.549s][info ][gc] GC(54396) Pause Young (Allocation Failure) 163M->163M(165M) 13.712ms
[2020-08-10T13:11:45.082+0300][1644.625s][debug][gc] GC(54397) Shrinking ParOldGen from 166912K by 124928K to 41984K
[2020-08-10T13:11:45.083+0300][1644.625s][info ][gc] GC(54397) Pause Full (Ergonomics) 163M->29M(43M) 76.574ms
[2020-08-10T13:11:45.096+0300][1644.639s][info ][gc] GC(54398) Pause Young (Allocation Failure) 30M->30M(43M) 12.953ms
[2020-08-10T13:11:45.110+0300][1644.652s][info ][gc] GC(54399) Pause Young (Allocation Failure) 31M->31M(43M) 13.240ms
[2020-08-10T13:11:45.130+0300][1644.673s][info ][gc] GC(54400) Pause Young (Allocation Failure) 32M->32M(43M) 19.747ms
[2020-08-10T13:11:45.144+0300][1644.686s][info ][gc] GC(54401) Pause Young (Allocation Failure) 33M->33M(43M) 13.346ms
[2020-08-10T13:11:45.158+0300][1644.700s][info ][gc] GC(54402) Pause Young (Allocation Failure) 34M->34M(43M) 13.527ms
[2020-08-10T13:11:45.171+0300][1644.714s][info ][gc] GC(54403) Pause Young (Allocation Failure) 35M->35M(43M) 13.342ms
[2020-08-10T13:11:45.185+0300][1644.728s][info ][gc] GC(54404) Pause Young (Allocation Failure) 36M->36M(43M) 13.524ms
[2020-08-10T13:11:45.200+0300][1644.742s][info ][gc] GC(54405) Pause Young (Allocation Failure) 37M->37M(42M) 13.541ms
[2020-08-10T13:11:45.213+0300][1644.756s][info ][gc] GC(54406) Pause Young (Allocation Failure) 38M->38M(43M) 13.315ms
[2020-08-10T13:11:45.227+0300][1644.770s][info ][gc] GC(54407) Pause Young (Allocation Failure) 39M->39M(43M) 13.328ms
[2020-08-10T13:11:45.241+0300][1644.784s][info ][gc] GC(54408) Pause Young (Allocation Failure) 40M->39M(43M) 13.462ms
[2020-08-10T13:11:45.255+0300][1644.798s][info ][gc] GC(54409) Pause Young (Allocation Failure) 40M->40M(43M) 13.484ms
[2020-08-10T13:11:45.332+0300][1644.875s][debug][gc] GC(54410) Expanding ParOldGen from 41984K by 11776K to 53760K
[2020-08-10T13:11:45.332+0300][1644.875s][info ][gc] GC(54410) Pause Full (Ergonomics) 40M->40M(55M) 76.578ms
[2020-08-10T13:11:45.345+0300][1644.888s][info ][gc] GC(54411) Pause Young (Allocation Failure) 41M->41M(55M) 12.945ms
[2020-08-10T13:11:45.360+0300][1644.902s][info ][gc] GC(54412) Pause Young (Allocation Failure) 42M->42M(55M) 13.561ms
[2020-08-10T13:11:45.374+0300][1644.916s][info ][gc] GC(54413) Pause Young (Allocation Failure) 43M->43M(55M) 13.435ms
[2020-08-10T13:11:45.387+0300][1644.930s][info ][gc] GC(54414) Pause Young (Allocation Failure) 44M->44M(55M) 13.428ms
[2020-08-10T13:11:45.401+0300][1644.944s][info ][gc] GC(54415) Pause Young (Allocation Failure) 45M->45M(55M) 13.384ms
[2020-08-10T13:11:45.415+0300][1644.958s][info ][gc] GC(54416) Pause Young (Allocation Failure) 46M->46M(55M) 13.222ms
[2020-08-10T13:11:45.429+0300][1644.972s][info ][gc] GC(54417) Pause Young (Allocation Failure) 47M->47M(55M) 13.301ms
[2020-08-10T13:11:45.442+0300][1644.985s][info ][gc] GC(54418) Pause Young (Allocation Failure) 48M->48M(55M) 13.215ms
[2020-08-10T13:11:45.456+0300][1644.999s][info ][gc] GC(54419) Pause Young (Allocation Failure) 49M->49M(55M) 13.333ms
[2020-08-10T13:11:45.470+0300][1645.013s][info ][gc] GC(54420) Pause Young (Allocation Failure) 50M->50M(55M) 13.278ms
[2020-08-10T13:11:45.484+0300][1645.027s][info ][gc] GC(54421) Pause Young (Allocation Failure) 51M->51M(55M) 13.405ms
[2020-08-10T13:11:45.498+0300][1645.041s][info ][gc] GC(54422) Pause Young (Allocation Failure) 52M->52M(55M) 13.294ms
[2020-08-10T13:11:45.512+0300][1645.055s][info ][gc] GC(54423) Pause Young (Allocation Failure) 53M->53M(55M) 13.467ms
[2020-08-10T13:11:45.619+0300][1645.162s][debug][gc] GC(54424) Expanding ParOldGen from 53760K by 11264K to 65024K
[2020-08-10T13:11:45.620+0300][1645.162s][info ][gc] GC(54424) Pause Full (Ergonomics) 53M->53M(66M) 107.620ms
[2020-08-10T13:11:45.642+0300][1645.185s][info ][gc] GC(54425) Pause Young (Allocation Failure) 54M->53M(66M) 21.963ms
[2020-08-10T13:11:45.656+0300][1645.199s][info ][gc] GC(54426) Pause Young (Allocation Failure) 54M->54M(66M) 13.533ms
[2020-08-10T13:11:45.670+0300][1645.213s][info ][gc] GC(54427) Pause Young (Allocation Failure) 55M->55M(66M) 13.499ms
[2020-08-10T13:11:45.694+0300][1645.237s][info ][gc] GC(54428) Pause Young (Allocation Failure) 56M->56M(66M) 23.553ms
[2020-08-10T13:11:45.708+0300][1645.251s][info ][gc] GC(54429) Pause Young (Allocation Failure) 57M->57M(66M) 13.573ms
[2020-08-10T13:11:45.722+0300][1645.265s][info ][gc] GC(54430) Pause Young (Allocation Failure) 58M->58M(66M) 13.536ms
[2020-08-10T13:11:45.736+0300][1645.279s][info ][gc] GC(54431) Pause Young (Allocation Failure) 59M->59M(66M) 13.547ms
[2020-08-10T13:11:45.750+0300][1645.293s][info ][gc] GC(54432) Pause Young (Allocation Failure) 60M->60M(66M) 13.384ms
[2020-08-10T13:11:45.764+0300][1645.307s][info ][gc] GC(54433) Pause Young (Allocation Failure) 61M->61M(66M) 13.716ms
[2020-08-10T13:11:45.778+0300][1645.321s][info ][gc] GC(54434) Pause Young (Allocation Failure) 62M->62M(66M) 13.683ms
[2020-08-10T13:11:45.792+0300][1645.335s][info ][gc] GC(54435) Pause Young (Allocation Failure) 63M->63M(66M) 13.597ms
[2020-08-10T13:11:45.935+0300][1645.478s][debug][gc] GC(54436) Expanding ParOldGen from 65024K by 11264K to 76288K
[2020-08-10T13:11:45.935+0300][1645.478s][info ][gc] GC(54436) Pause Full (Ergonomics) 63M->63M(77M) 142.360ms
[2020-08-10T13:11:45.949+0300][1645.491s][info ][gc] GC(54437) Pause Young (Allocation Failure) 64M->64M(77M) 13.016ms
[2020-08-10T13:11:45.963+0300][1645.506s][info ][gc] GC(54438) Pause Young (Allocation Failure) 65M->65M(77M) 13.597ms
[2020-08-10T13:11:45.977+0300][1645.520s][info ][gc] GC(54439) Pause Young (Allocation Failure) 66M->66M(77M) 13.456ms
[2020-08-10T13:11:45.991+0300][1645.534s][info ][gc] GC(54440) Pause Young (Allocation Failure) 67M->67M(77M) 13.452ms
[2020-08-10T13:11:46.004+0300][1645.547s][info ][gc] GC(54441) Pause Young (Allocation Failure) 68M->68M(77M) 13.300ms
[2020-08-10T13:11:46.018+0300][1645.561s][info ][gc] GC(54442) Pause Young (Allocation Failure) 69M->69M(77M) 13.517ms
[2020-08-10T13:11:46.032+0300][1645.575s][info ][gc] GC(54443) Pause Young (Allocation Failure) 70M->70M(77M) 13.335ms
[2020-08-10T13:11:46.046+0300][1645.589s][info ][gc] GC(54444) Pause Young (Allocation Failure) 71M->70M(76M) 13.325ms
[2020-08-10T13:11:46.059+0300][1645.602s][info ][gc] GC(54445) Pause Young (Allocation Failure) 71M->71M(76M) 13.459ms
[2020-08-10T13:11:46.074+0300][1645.616s][info ][gc] GC(54446) Pause Young (Allocation Failure) 72M->72M(76M) 13.586ms
[2020-08-10T13:11:46.087+0300][1645.630s][info ][gc] GC(54447) Pause Young (Allocation Failure) 73M->73M(77M) 13.090ms
[2020-08-10T13:11:46.101+0300][1645.644s][info ][gc] GC(54448) Pause Young (Allocation Failure) 74M->74M(77M) 13.332ms
[2020-08-10T13:11:46.261+0300][1645.804s][debug][gc] GC(54449) Expanding ParOldGen from 76288K by 11264K to 87552K
[2020-08-10T13:11:46.262+0300][1645.804s][info ][gc] GC(54449) Pause Full (Ergonomics) 74M->74M(88M) 160.587ms
[2020-08-10T13:11:46.294+0300][1645.837s][info ][gc] GC(54450) Pause Young (Allocation Failure) 75M->75M(88M) 32.284ms
[2020-08-10T13:11:46.309+0300][1645.851s][info ][gc] GC(54451) Pause Young (Allocation Failure) 76M->76M(88M) 13.757ms
[2020-08-10T13:11:46.323+0300][1645.866s][info ][gc] GC(54452) Pause Young (Allocation Failure) 77M->77M(88M) 13.820ms
[2020-08-10T13:11:46.337+0300][1645.880s][info ][gc] GC(54453) Pause Young (Allocation Failure) 78M->78M(88M) 13.671ms
[2020-08-10T13:11:46.351+0300][1645.894s][info ][gc] GC(54454) Pause Young (Allocation Failure) 79M->79M(88M) 13.781ms
[2020-08-10T13:11:46.366+0300][1645.909s][info ][gc] GC(54455) Pause Young (Allocation Failure) 80M->80M(88M) 13.852ms
[2020-08-10T13:11:46.380+0300][1645.923s][info ][gc] GC(54456) Pause Young (Allocation Failure) 81M->81M(88M) 13.795ms
[2020-08-10T13:11:46.394+0300][1645.937s][info ][gc] GC(54457) Pause Young (Allocation Failure) 82M->82M(88M) 13.791ms
[2020-08-10T13:11:46.409+0300][1645.952s][info ][gc] GC(54458) Pause Young (Allocation Failure) 83M->83M(88M) 13.881ms
[2020-08-10T13:11:46.423+0300][1645.966s][info ][gc] GC(54459) Pause Young (Allocation Failure) 84M->84M(88M) 14.126ms
[2020-08-10T13:11:46.438+0300][1645.981s][info ][gc] GC(54460) Pause Young (Allocation Failure) 85M->85M(88M) 14.198ms
[2020-08-10T13:11:46.452+0300][1645.995s][info ][gc] GC(54461) Pause Young (Allocation Failure) 86M->86M(88M) 14.100ms
[2020-08-10T13:11:46.651+0300][1646.194s][debug][gc] GC(54462) Expanding ParOldGen from 87552K by 11776K to 99328K
[2020-08-10T13:11:46.651+0300][1646.194s][info ][gc] GC(54462) Pause Full (Ergonomics) 86M->85M(99M) 198.156ms
[2020-08-10T13:11:46.683+0300][1646.226s][info ][gc] GC(54463) Pause Young (Allocation Failure) 86M->86M(99M) 31.414ms
[2020-08-10T13:11:46.698+0300][1646.241s][info ][gc] GC(54464) Pause Young (Allocation Failure) 87M->87M(99M) 14.481ms
[2020-08-10T13:11:46.713+0300][1646.256s][info ][gc] GC(54465) Pause Young (Allocation Failure) 88M->88M(99M) 14.486ms
[2020-08-10T13:11:46.728+0300][1646.271s][info ][gc] GC(54466) Pause Young (Allocation Failure) 89M->89M(99M) 14.394ms
[2020-08-10T13:11:46.742+0300][1646.285s][info ][gc] GC(54467) Pause Young (Allocation Failure) 90M->90M(99M) 14.394ms
[2020-08-10T13:11:46.758+0300][1646.301s][info ][gc] GC(54468) Pause Young (Allocation Failure) 91M->91M(99M) 14.683ms
[2020-08-10T13:11:46.773+0300][1646.316s][info ][gc] GC(54469) Pause Young (Allocation Failure) 92M->92M(99M) 15.042ms
[2020-08-10T13:11:46.788+0300][1646.331s][info ][gc] GC(54470) Pause Young (Allocation Failure) 93M->93M(99M) 14.891ms
[2020-08-10T13:11:46.804+0300][1646.347s][info ][gc] GC(54471) Pause Young (Allocation Failure) 94M->94M(99M) 14.767ms
[2020-08-10T13:11:46.819+0300][1646.362s][info ][gc] GC(54472) Pause Young (Allocation Failure) 95M->95M(99M) 14.861ms
[2020-08-10T13:11:46.835+0300][1646.378s][info ][gc] GC(54473) Pause Young (Allocation Failure) 96M->96M(99M) 15.210ms
[2020-08-10T13:11:46.850+0300][1646.393s][info ][gc] GC(54474) Pause Young (Allocation Failure) 97M->97M(99M) 15.183ms
[2020-08-10T13:11:47.076+0300][1646.619s][debug][gc] GC(54475) Expanding ParOldGen from 99328K by 11264K to 110592K
[2020-08-10T13:11:47.076+0300][1646.619s][info ][gc] GC(54475) Pause Full (Ergonomics) 97M->97M(110M) 225.400ms
[2020-08-10T13:11:47.114+0300][1646.657s][info ][gc] GC(54476) Pause Young (Allocation Failure) 98M->98M(110M) 37.272ms
[2020-08-10T13:11:47.130+0300][1646.673s][info ][gc] GC(54477) Pause Young (Allocation Failure) 99M->99M(110M) 15.407ms
[2020-08-10T13:11:47.146+0300][1646.689s][info ][gc] GC(54478) Pause Young (Allocation Failure) 100M->100M(110M) 15.389ms
[2020-08-10T13:11:47.162+0300][1646.705s][info ][gc] GC(54479) Pause Young (Allocation Failure) 101M->101M(110M) 15.748ms
[2020-08-10T13:11:47.178+0300][1646.721s][info ][gc] GC(54480) Pause Young (Allocation Failure) 102M->101M(110M) 15.763ms
[2020-08-10T13:11:47.194+0300][1646.737s][info ][gc] GC(54481) Pause Young (Allocation Failure) 102M->102M(110M) 15.665ms
[2020-08-10T13:11:47.211+0300][1646.754s][info ][gc] GC(54482) Pause Young (Allocation Failure) 103M->103M(110M) 15.926ms
[2020-08-10T13:11:47.227+0300][1646.770s][info ][gc] GC(54483) Pause Young (Allocation Failure) 104M->104M(110M) 15.876ms
[2020-08-10T13:11:47.244+0300][1646.787s][info ][gc] GC(54484) Pause Young (Allocation Failure) 105M->105M(110M) 15.926ms
[2020-08-10T13:11:47.260+0300][1646.803s][info ][gc] GC(54485) Pause Young (Allocation Failure) 106M->106M(110M) 15.939ms
[2020-08-10T13:11:47.277+0300][1646.820s][info ][gc] GC(54486) Pause Young (Allocation Failure) 107M->107M(110M) 16.050ms
[2020-08-10T13:11:47.294+0300][1646.837s][info ][gc] GC(54487) Pause Young (Allocation Failure) 108M->108M(110M) 16.138ms
[2020-08-10T13:11:47.549+0300][1647.092s][debug][gc] GC(54488) Expanding ParOldGen from 110592K by 11264K to 121856K
[2020-08-10T13:11:47.549+0300][1647.092s][info ][gc] GC(54488) Pause Full (Ergonomics) 108M->108M(121M) 254.961ms
[2020-08-10T13:11:47.588+0300][1647.131s][info ][gc] GC(54489) Pause Young (Allocation Failure) 109M->109M(121M) 37.864ms
[2020-08-10T13:11:47.604+0300][1647.147s][info ][gc] GC(54490) Pause Young (Allocation Failure) 110M->110M(121M) 16.083ms
[2020-08-10T13:11:47.621+0300][1647.164s][info ][gc] GC(54491) Pause Young (Allocation Failure) 111M->111M(121M) 16.495ms
[2020-08-10T13:11:47.638+0300][1647.181s][info ][gc] GC(54492) Pause Young (Allocation Failure) 112M->112M(121M) 16.403ms
[2020-08-10T13:11:47.655+0300][1647.198s][info ][gc] GC(54493) Pause Young (Allocation Failure) 113M->113M(121M) 16.665ms
[2020-08-10T13:11:47.672+0300][1647.215s][info ][gc] GC(54494) Pause Young (Allocation Failure) 114M->114M(121M) 16.472ms
[2020-08-10T13:11:47.689+0300][1647.232s][info ][gc] GC(54495) Pause Young (Allocation Failure) 115M->115M(121M) 16.754ms
[2020-08-10T13:11:47.706+0300][1647.249s][info ][gc] GC(54496) Pause Young (Allocation Failure) 116M->116M(121M) 16.954ms
[2020-08-10T13:11:47.724+0300][1647.267s][info ][gc] GC(54497) Pause Young (Allocation Failure) 117M->117M(121M) 16.996ms
[2020-08-10T13:11:47.742+0300][1647.285s][info ][gc] GC(54498) Pause Young (Allocation Failure) 118M->118M(121M) 17.183ms
[2020-08-10T13:11:47.759+0300][1647.302s][info ][gc] GC(54499) Pause Young (Allocation Failure) 119M->118M(121M) 16.988ms
[2020-08-10T13:11:48.052+0300][1647.595s][debug][gc] GC(54500) Expanding ParOldGen from 121856K by 11264K to 133120K
[2020-08-10T13:11:48.052+0300][1647.595s][info ][gc] GC(54500) Pause Full (Ergonomics) 118M->118M(132M) 293.075ms
[2020-08-10T13:11:48.068+0300][1647.611s][info ][gc] GC(54501) Pause Young (Allocation Failure) 119M->119M(132M) 14.437ms
[2020-08-10T13:11:48.086+0300][1647.629s][info ][gc] GC(54502) Pause Young (Allocation Failure) 120M->120M(132M) 17.316ms
[2020-08-10T13:11:48.103+0300][1647.646s][info ][gc] GC(54503) Pause Young (Allocation Failure) 121M->121M(132M) 17.184ms
[2020-08-10T13:11:48.121+0300][1647.664s][info ][gc] GC(54504) Pause Young (Allocation Failure) 122M->122M(132M) 17.306ms
[2020-08-10T13:11:48.139+0300][1647.682s][info ][gc] GC(54505) Pause Young (Allocation Failure) 123M->123M(132M) 17.041ms
[2020-08-10T13:11:48.157+0300][1647.700s][info ][gc] GC(54506) Pause Young (Allocation Failure) 124M->124M(132M) 17.563ms
[2020-08-10T13:11:48.174+0300][1647.717s][info ][gc] GC(54507) Pause Young (Allocation Failure) 125M->125M(132M) 17.448ms
[2020-08-10T13:11:48.192+0300][1647.735s][info ][gc] GC(54508) Pause Young (Allocation Failure) 126M->126M(132M) 17.376ms
[2020-08-10T13:11:48.210+0300][1647.753s][info ][gc] GC(54509) Pause Young (Allocation Failure) 127M->127M(132M) 17.600ms
[2020-08-10T13:11:48.228+0300][1647.771s][info ][gc] GC(54510) Pause Young (Allocation Failure) 128M->128M(132M) 17.523ms
[2020-08-10T13:11:48.246+0300][1647.789s][info ][gc] GC(54511) Pause Young (Allocation Failure) 129M->129M(132M) 17.463ms
[2020-08-10T13:11:48.264+0300][1647.807s][info ][gc] GC(54512) Pause Young (Allocation Failure) 130M->130M(132M) 17.601ms
[2020-08-10T13:11:48.713+0300][1648.256s][debug][gc] GC(54513) Expanding ParOldGen from 133120K by 11264K to 144384K
[2020-08-10T13:11:48.713+0300][1648.256s][info ][gc] GC(54513) Pause Full (Ergonomics) 130M->130M(143M) 449.573ms
[2020-08-10T13:11:48.747+0300][1648.290s][info ][gc] GC(54514) Pause Young (Allocation Failure) 131M->131M(143M) 32.975ms
[2020-08-10T13:11:48.765+0300][1648.308s][info ][gc] GC(54515) Pause Young (Allocation Failure) 132M->132M(143M) 17.998ms
[2020-08-10T13:11:48.784+0300][1648.327s][info ][gc] GC(54516) Pause Young (Allocation Failure) 133M->133M(143M) 18.312ms
[2020-08-10T13:11:48.803+0300][1648.346s][info ][gc] GC(54517) Pause Young (Allocation Failure) 134M->133M(143M) 18.240ms
[2020-08-10T13:11:48.821+0300][1648.364s][info ][gc] GC(54518) Pause Young (Allocation Failure) 134M->134M(143M) 18.291ms
[2020-08-10T13:11:48.821+0300][1648.365s][debug][gc] Expanding ParOldGen from 144384K by 19968K to 164352K
[2020-08-10T13:11:48.856+0300][1648.399s][info ][gc] GC(54519) Pause Young (Allocation Failure) 154M->154M(163M) 17.993ms
[2020-08-10T13:11:48.871+0300][1648.414s][info ][gc] GC(54520) Pause Young (Allocation Failure) 155M->155M(163M) 15.359ms
[2020-08-10T13:11:48.886+0300][1648.429s][info ][gc] GC(54521) Pause Young (Allocation Failure) 156M->156M(163M) 13.939ms
[2020-08-10T13:11:48.900+0300][1648.443s][info ][gc] GC(54522) Pause Young (Allocation Failure) 157M->157M(163M) 13.962ms
[2020-08-10T13:11:48.915+0300][1648.458s][info ][gc] GC(54523) Pause Young (Allocation Failure) 158M->158M(163M) 13.782ms
[2020-08-10T13:11:48.951+0300][1648.494s][info ][gc] GC(54524) Pause Young (Allocation Failure) 159M->159M(163M) 35.682ms
[2020-08-10T13:11:48.965+0300][1648.508s][info ][gc] GC(54525) Pause Young (Allocation Failure) 160M->160M(163M) 14.010ms
[2020-08-10T13:11:49.014+0300][1648.557s][debug][gc] GC(54526) Shrinking ParOldGen from 164352K by 124928K to 39424K
[2020-08-10T13:11:49.014+0300][1648.557s][info ][gc] GC(54526) Pause Full (Ergonomics) 160M->27M(41M) 48.701ms
[2020-08-10T13:11:49.027+0300][1648.570s][info ][gc] GC(54527) Pause Young (Allocation Failure) 28M->27M(41M) 12.822ms
[2020-08-10T13:11:49.041+0300][1648.584s][info ][gc] GC(54528) Pause Young (Allocation Failure) 28M->28M(41M) 13.370ms
[2020-08-10T13:11:49.055+0300][1648.598s][info ][gc] GC(54529) Pause Young (Allocation Failure) 29M->29M(41M) 13.199ms
[2020-08-10T13:11:49.069+0300][1648.612s][info ][gc] GC(54530) Pause Young (Allocation Failure) 30M->30M(41M) 13.237ms
[2020-08-10T13:11:49.082+0300][1648.625s][info ][gc] GC(54531) Pause Young (Allocation Failure) 31M->31M(41M) 13.317ms
[2020-08-10T13:11:49.097+0300][1648.640s][info ][gc] GC(54532) Pause Young (Allocation Failure) 32M->32M(41M) 13.379ms
[2020-08-10T13:11:49.111+0300][1648.654s][info ][gc] GC(54533) Pause Young (Allocation Failure) 33M->33M(40M) 13.649ms
[2020-08-10T13:11:49.125+0300][1648.668s][info ][gc] GC(54534) Pause Young (Allocation Failure) 34M->34M(40M) 13.610ms
[2020-08-10T13:11:49.139+0300][1648.682s][info ][gc] GC(54535) Pause Young (Allocation Failure) 35M->35M(40M) 13.286ms
[2020-08-10T13:11:49.152+0300][1648.696s][info ][gc] GC(54536) Pause Young (Allocation Failure) 36M->36M(41M) 13.164ms
[2020-08-10T13:11:49.167+0300][1648.710s][info ][gc] GC(54537) Pause Young (Allocation Failure) 37M->37M(41M) 13.692ms
[2020-08-10T13:11:49.181+0300][1648.724s][info ][gc] GC(54538) Pause Young (Allocation Failure) 38M->38M(41M) 13.463ms
[2020-08-10T13:11:49.247+0300][1648.790s][debug][gc] GC(54539) Expanding ParOldGen from 39424K by 11776K to 51200K
[2020-08-10T13:11:49.247+0300][1648.790s][info ][gc] GC(54539) Pause Full (Ergonomics) 38M->38M(52M) 66.147ms
[2020-08-10T13:11:49.261+0300][1648.804s][info ][gc] GC(54540) Pause Young (Allocation Failure) 39M->39M(52M) 13.086ms
[2020-08-10T13:11:49.275+0300][1648.818s][info ][gc] GC(54541) Pause Young (Allocation Failure) 40M->40M(52M) 13.533ms
[2020-08-10T13:11:49.289+0300][1648.832s][info ][gc] GC(54542) Pause Young (Allocation Failure) 41M->41M(52M) 13.422ms
[2020-08-10T13:11:49.303+0300][1648.846s][info ][gc] GC(54543) Pause Young (Allocation Failure) 42M->42M(52M) 13.451ms
[2020-08-10T13:11:49.317+0300][1648.860s][info ][gc] GC(54544) Pause Young (Allocation Failure) 43M->43M(52M) 13.531ms
[2020-08-10T13:11:49.331+0300][1648.874s][info ][gc] GC(54545) Pause Young (Allocation Failure) 44M->43M(52M) 13.469ms
[2020-08-10T13:11:49.345+0300][1648.888s][info ][gc] GC(54546) Pause Young (Allocation Failure) 44M->44M(52M) 13.460ms
[2020-08-10T13:11:49.359+0300][1648.902s][info ][gc] GC(54547) Pause Young (Allocation Failure) 45M->45M(52M) 13.483ms
[2020-08-10T13:11:49.373+0300][1648.916s][info ][gc] GC(54548) Pause Young (Allocation Failure) 46M->46M(52M) 13.433ms
[2020-08-10T13:11:49.387+0300][1648.930s][info ][gc] GC(54549) Pause Young (Allocation Failure) 47M->47M(52M) 13.465ms
[2020-08-10T13:11:49.401+0300][1648.944s][info ][gc] GC(54550) Pause Young (Allocation Failure) 48M->48M(52M) 13.471ms
[2020-08-10T13:11:49.415+0300][1648.958s][info ][gc] GC(54551) Pause Young (Allocation Failure) 49M->49M(52M) 13.468ms
[2020-08-10T13:11:49.429+0300][1648.972s][info ][gc] GC(54552) Pause Young (Allocation Failure) 50M->50M(52M) 13.550ms
[2020-08-10T13:11:49.536+0300][1649.079s][debug][gc] GC(54553) Expanding ParOldGen from 51200K by 11264K to 62464K
[2020-08-10T13:11:49.536+0300][1649.079s][info ][gc] GC(54553) Pause Full (Ergonomics) 50M->50M(63M) 107.251ms
[2020-08-10T13:11:49.557+0300][1649.101s][info ][gc] GC(54554) Pause Young (Allocation Failure) 51M->51M(63M) 20.893ms
[2020-08-10T13:11:49.572+0300][1649.115s][info ][gc] GC(54555) Pause Young (Allocation Failure) 52M->52M(63M) 13.704ms
[2020-08-10T13:11:49.586+0300][1649.129s][info ][gc] GC(54556) Pause Young (Allocation Failure) 53M->53M(63M) 13.645ms
[2020-08-10T13:11:49.600+0300][1649.143s][info ][gc] GC(54557) Pause Young (Allocation Failure) 54M->54M(63M) 13.570ms
[2020-08-10T13:11:49.614+0300][1649.157s][info ][gc] GC(54558) Pause Young (Allocation Failure) 55M->55M(63M) 13.655ms
[2020-08-10T13:11:49.628+0300][1649.172s][info ][gc] GC(54559) Pause Young (Allocation Failure) 56M->56M(63M) 13.665ms
[2020-08-10T13:11:49.643+0300][1649.186s][info ][gc] GC(54560) Pause Young (Allocation Failure) 57M->57M(63M) 13.650ms
[2020-08-10T13:11:49.657+0300][1649.200s][info ][gc] GC(54561) Pause Young (Allocation Failure) 58M->58M(63M) 13.542ms
[2020-08-10T13:11:49.671+0300][1649.214s][info ][gc] GC(54562) Pause Young (Allocation Failure) 59M->59M(63M) 13.630ms
[2020-08-10T13:11:49.685+0300][1649.228s][info ][gc] GC(54563) Pause Young (Allocation Failure) 60M->60M(63M) 13.595ms
[2020-08-10T13:11:49.699+0300][1649.242s][info ][gc] GC(54564) Pause Young (Allocation Failure) 61M->61M(63M) 13.546ms
[2020-08-10T13:11:49.825+0300][1649.368s][debug][gc] GC(54565) Expanding ParOldGen from 62464K by 11264K to 73728K
[2020-08-10T13:11:49.825+0300][1649.368s][info ][gc] GC(54565) Pause Full (Ergonomics) 61M->60M(74M) 126.288ms
[2020-08-10T13:11:49.839+0300][1649.382s][info ][gc] GC(54566) Pause Young (Allocation Failure) 61M->61M(74M) 13.080ms
[2020-08-10T13:11:49.853+0300][1649.396s][info ][gc] GC(54567) Pause Young (Allocation Failure) 62M->62M(74M) 13.524ms
[2020-08-10T13:11:49.867+0300][1649.410s][info ][gc] GC(54568) Pause Young (Allocation Failure) 63M->63M(74M) 13.591ms
[2020-08-10T13:11:49.881+0300][1649.424s][info ][gc] GC(54569) Pause Young (Allocation Failure) 64M->64M(74M) 13.600ms
[2020-08-10T13:11:49.895+0300][1649.438s][info ][gc] GC(54570) Pause Young (Allocation Failure) 65M->65M(74M) 13.460ms
[2020-08-10T13:11:49.909+0300][1649.452s][info ][gc] GC(54571) Pause Young (Allocation Failure) 66M->66M(74M) 13.506ms
[2020-08-10T13:11:49.923+0300][1649.466s][info ][gc] GC(54572) Pause Young (Allocation Failure) 67M->67M(74M) 13.252ms
[2020-08-10T13:11:49.937+0300][1649.480s][info ][gc] GC(54573) Pause Young (Allocation Failure) 68M->68M(74M) 13.496ms
[2020-08-10T13:11:49.951+0300][1649.494s][info ][gc] GC(54574) Pause Young (Allocation Failure) 69M->69M(74M) 13.713ms
[2020-08-10T13:11:49.965+0300][1649.508s][info ][gc] GC(54575) Pause Young (Allocation Failure) 70M->70M(74M) 13.693ms
[2020-08-10T13:11:49.979+0300][1649.522s][info ][gc] GC(54576) Pause Young (Allocation Failure) 71M->71M(73M) 13.621ms
[2020-08-10T13:11:50.192+0300][1649.735s][debug][gc] GC(54577) Expanding ParOldGen from 73728K by 10752K to 84480K
[2020-08-10T13:11:50.192+0300][1649.735s][info ][gc] GC(54577) Pause Full (Ergonomics) 71M->71M(85M) 212.637ms
[2020-08-10T13:11:50.205+0300][1649.749s][info ][gc] GC(54578) Pause Young (Allocation Failure) 72M->72M(85M) 13.077ms
[2020-08-10T13:11:50.219+0300][1649.763s][info ][gc] GC(54579) Pause Young (Allocation Failure) 73M->73M(85M) 13.530ms
[2020-08-10T13:11:50.234+0300][1649.777s][info ][gc] GC(54580) Pause Young (Allocation Failure) 74M->74M(85M) 13.554ms
[2020-08-10T13:11:50.248+0300][1649.791s][info ][gc] GC(54581) Pause Young (Allocation Failure) 75M->75M(85M) 13.554ms
[2020-08-10T13:11:50.262+0300][1649.805s][info ][gc] GC(54582) Pause Young (Allocation Failure) 76M->75M(85M) 13.463ms
[2020-08-10T13:11:50.276+0300][1649.819s][info ][gc] GC(54583) Pause Young (Allocation Failure) 76M->76M(85M) 13.912ms
[2020-08-10T13:11:50.291+0300][1649.834s][info ][gc] GC(54584) Pause Young (Allocation Failure) 77M->77M(85M) 14.090ms
[2020-08-10T13:11:50.305+0300][1649.848s][info ][gc] GC(54585) Pause Young (Allocation Failure) 78M->78M(85M) 14.114ms
[2020-08-10T13:11:50.320+0300][1649.863s][info ][gc] GC(54586) Pause Young (Allocation Failure) 79M->79M(85M) 13.972ms
[2020-08-10T13:11:50.334+0300][1649.877s][info ][gc] GC(54587) Pause Young (Allocation Failure) 80M->80M(85M) 13.996ms
[2020-08-10T13:11:50.349+0300][1649.892s][info ][gc] GC(54588) Pause Young (Allocation Failure) 81M->81M(85M) 14.143ms
[2020-08-10T13:11:50.364+0300][1649.907s][info ][gc] GC(54589) Pause Young (Allocation Failure) 82M->82M(85M) 14.222ms
[2020-08-10T13:11:50.557+0300][1650.100s][debug][gc] GC(54590) Expanding ParOldGen from 84480K by 11264K to 95744K
[2020-08-10T13:11:50.557+0300][1650.101s][info ][gc] GC(54590) Pause Full (Ergonomics) 82M->82M(96M) 193.366ms
[2020-08-10T13:11:50.590+0300][1650.133s][info ][gc] GC(54591) Pause Young (Allocation Failure) 83M->83M(96M) 31.824ms
[2020-08-10T13:11:50.605+0300][1650.148s][info ][gc] GC(54592) Pause Young (Allocation Failure) 84M->84M(96M) 14.627ms
[2020-08-10T13:11:50.620+0300][1650.163s][info ][gc] GC(54593) Pause Young (Allocation Failure) 85M->85M(96M) 14.492ms
[2020-08-10T13:11:50.635+0300][1650.178s][info ][gc] GC(54594) Pause Young (Allocation Failure) 86M->86M(96M) 14.602ms
[2020-08-10T13:11:50.650+0300][1650.193s][info ][gc] GC(54595) Pause Young (Allocation Failure) 87M->87M(96M) 14.703ms
[2020-08-10T13:11:50.666+0300][1650.209s][info ][gc] GC(54596) Pause Young (Allocation Failure) 88M->88M(96M) 14.901ms
[2020-08-10T13:11:50.681+0300][1650.225s][info ][gc] GC(54597) Pause Young (Allocation Failure) 89M->89M(96M) 15.007ms
[2020-08-10T13:11:50.697+0300][1650.240s][info ][gc] GC(54598) Pause Young (Allocation Failure) 90M->90M(96M) 14.976ms
[2020-08-10T13:11:50.713+0300][1650.256s][info ][gc] GC(54599) Pause Young (Allocation Failure) 91M->91M(96M) 15.278ms
[2020-08-10T13:11:50.729+0300][1650.272s][info ][gc] GC(54600) Pause Young (Allocation Failure) 92M->92M(96M) 15.326ms
[2020-08-10T13:11:50.745+0300][1650.288s][info ][gc] GC(54601) Pause Young (Allocation Failure) 93M->92M(96M) 15.355ms
[2020-08-10T13:11:50.760+0300][1650.304s][info ][gc] GC(54602) Pause Young (Allocation Failure) 93M->93M(96M) 15.209ms
[2020-08-10T13:11:51.043+0300][1650.586s][debug][gc] GC(54603) Expanding ParOldGen from 95744K by 11264K to 107008K
[2020-08-10T13:11:51.043+0300][1650.586s][info ][gc] GC(54603) Pause Full (Ergonomics) 93M->93M(107M) 282.641ms
[2020-08-10T13:11:51.098+0300][1650.642s][info ][gc] GC(54604) Pause Young (Allocation Failure) 94M->94M(107M) 54.765ms
[2020-08-10T13:11:51.127+0300][1650.670s][info ][gc] GC(54605) Pause Young (Allocation Failure) 95M->95M(107M) 28.281ms
[2020-08-10T13:11:51.143+0300][1650.686s][info ][gc] GC(54606) Pause Young (Allocation Failure) 96M->96M(107M) 15.438ms
[2020-08-10T13:11:51.161+0300][1650.704s][info ][gc] GC(54607) Pause Young (Allocation Failure) 97M->97M(107M) 16.991ms
[2020-08-10T13:11:51.177+0300][1650.720s][info ][gc] GC(54608) Pause Young (Allocation Failure) 98M->98M(107M) 15.856ms
[2020-08-10T13:11:51.194+0300][1650.737s][info ][gc] GC(54609) Pause Young (Allocation Failure) 99M->99M(107M) 16.142ms
[2020-08-10T13:11:51.210+0300][1650.754s][info ][gc] GC(54610) Pause Young (Allocation Failure) 100M->100M(107M) 16.195ms
[2020-08-10T13:11:51.227+0300][1650.770s][info ][gc] GC(54611) Pause Young (Allocation Failure) 101M->101M(107M) 16.077ms
[2020-08-10T13:11:51.244+0300][1650.787s][info ][gc] GC(54612) Pause Young (Allocation Failure) 102M->102M(107M) 16.196ms
[2020-08-10T13:11:51.261+0300][1650.804s][info ][gc] GC(54613) Pause Young (Allocation Failure) 103M->103M(107M) 16.338ms
[2020-08-10T13:11:51.278+0300][1650.821s][info ][gc] GC(54614) Pause Young (Allocation Failure) 104M->104M(107M) 16.390ms
[2020-08-10T13:11:51.295+0300][1650.838s][info ][gc] GC(54615) Pause Young (Allocation Failure) 105M->105M(107M) 16.335ms
[2020-08-10T13:11:51.555+0300][1651.098s][debug][gc] GC(54616) Expanding ParOldGen from 107008K by 11264K to 118272K
[2020-08-10T13:11:51.555+0300][1651.098s][info ][gc] GC(54616) Pause Full (Ergonomics) 105M->105M(118M) 260.171ms
[2020-08-10T13:11:51.594+0300][1651.137s][info ][gc] GC(54617) Pause Young (Allocation Failure) 106M->106M(118M) 38.575ms
[2020-08-10T13:11:51.611+0300][1651.154s][info ][gc] GC(54618) Pause Young (Allocation Failure) 107M->106M(118M) 16.535ms
[2020-08-10T13:11:51.628+0300][1651.172s][info ][gc] GC(54619) Pause Young (Allocation Failure) 107M->107M(118M) 16.712ms
[2020-08-10T13:11:51.646+0300][1651.189s][info ][gc] GC(54620) Pause Young (Allocation Failure) 108M->108M(118M) 16.847ms
[2020-08-10T13:11:51.663+0300][1651.207s][info ][gc] GC(54621) Pause Young (Allocation Failure) 109M->109M(118M) 16.911ms
[2020-08-10T13:11:51.681+0300][1651.224s][info ][gc] GC(54622) Pause Young (Allocation Failure) 110M->110M(118M) 17.070ms
[2020-08-10T13:11:51.699+0300][1651.242s][info ][gc] GC(54623) Pause Young (Allocation Failure) 111M->111M(118M) 17.125ms
[2020-08-10T13:11:51.717+0300][1651.260s][info ][gc] GC(54624) Pause Young (Allocation Failure) 112M->112M(118M) 17.028ms
[2020-08-10T13:11:51.734+0300][1651.278s][info ][gc] GC(54625) Pause Young (Allocation Failure) 113M->113M(118M) 17.345ms
[2020-08-10T13:11:51.753+0300][1651.296s][info ][gc] GC(54626) Pause Young (Allocation Failure) 114M->114M(118M) 17.586ms
[2020-08-10T13:11:51.771+0300][1651.314s][info ][gc] GC(54627) Pause Young (Allocation Failure) 115M->115M(118M) 17.325ms
[2020-08-10T13:11:52.140+0300][1651.683s][debug][gc] GC(54628) Expanding ParOldGen from 118272K by 11264K to 129536K
[2020-08-10T13:11:52.140+0300][1651.683s][info ][gc] GC(54628) Pause Full (Ergonomics) 115M->115M(129M) 369.233ms
[2020-08-10T13:11:52.155+0300][1651.698s][info ][gc] GC(54629) Pause Young (Allocation Failure) 116M->116M(129M) 14.544ms
[2020-08-10T13:11:52.173+0300][1651.716s][info ][gc] GC(54630) Pause Young (Allocation Failure) 117M->117M(129M) 17.318ms
[2020-08-10T13:11:52.190+0300][1651.734s][info ][gc] GC(54631) Pause Young (Allocation Failure) 118M->118M(129M) 17.217ms
[2020-08-10T13:11:52.208+0300][1651.752s][info ][gc] GC(54632) Pause Young (Allocation Failure) 119M->119M(129M) 17.487ms
[2020-08-10T13:11:52.227+0300][1651.770s][info ][gc] GC(54633) Pause Young (Allocation Failure) 120M->120M(129M) 17.657ms
[2020-08-10T13:11:52.245+0300][1651.788s][info ][gc] GC(54634) Pause Young (Allocation Failure) 121M->121M(129M) 17.898ms
[2020-08-10T13:11:52.263+0300][1651.806s][info ][gc] GC(54635) Pause Young (Allocation Failure) 122M->122M(129M) 17.776ms
[2020-08-10T13:11:52.283+0300][1651.825s][info ][gc] GC(54636) Pause Young (Allocation Failure) 123M->123M(129M) 18.184ms
[2020-08-10T13:11:52.302+0300][1651.844s][info ][gc] GC(54637) Pause Young (Allocation Failure) 124M->124M(129M) 18.290ms
[2020-08-10T13:11:52.321+0300][1651.863s][info ][gc] GC(54638) Pause Young (Allocation Failure) 125M->124M(129M) 18.383ms
[2020-08-10T13:11:52.340+0300][1651.882s][info ][gc] GC(54639) Pause Young (Allocation Failure) 125M->125M(129M) 18.420ms
[2020-08-10T13:11:52.359+0300][1651.901s][info ][gc] GC(54640) Pause Young (Allocation Failure) 126M->126M(129M) 18.492ms
[2020-08-10T13:11:52.697+0300][1652.239s][debug][gc] GC(54641) Expanding ParOldGen from 129536K by 11264K to 140800K
[2020-08-10T13:11:52.697+0300][1652.240s][info ][gc] GC(54641) Pause Full (Ergonomics) 126M->126M(140M) 338.425ms
[2020-08-10T13:11:52.733+0300][1652.275s][info ][gc] GC(54642) Pause Young (Allocation Failure) 127M->127M(140M) 35.476ms
[2020-08-10T13:11:52.751+0300][1652.294s][info ][gc] GC(54643) Pause Young (Allocation Failure) 128M->128M(140M) 17.660ms
[2020-08-10T13:11:52.770+0300][1652.312s][info ][gc] GC(54644) Pause Young (Allocation Failure) 129M->129M(140M) 18.328ms
[2020-08-10T13:11:52.789+0300][1652.331s][info ][gc] GC(54645) Pause Young (Allocation Failure) 130M->130M(140M) 18.198ms
[2020-08-10T13:11:52.807+0300][1652.349s][info ][gc] GC(54646) Pause Young (Allocation Failure) 131M->131M(140M) 18.063ms
[2020-08-10T13:11:52.826+0300][1652.368s][info ][gc] GC(54647) Pause Young (Allocation Failure) 132M->132M(140M) 18.232ms
[2020-08-10T13:11:52.845+0300][1652.387s][info ][gc] GC(54648) Pause Young (Allocation Failure) 133M->133M(140M) 18.402ms
[2020-08-10T13:11:52.864+0300][1652.406s][info ][gc] GC(54649) Pause Young (Allocation Failure) 134M->134M(140M) 18.603ms
[2020-08-10T13:11:52.883+0300][1652.425s][info ][gc] GC(54650) Pause Young (Allocation Failure) 135M->135M(140M) 18.441ms
[2020-08-10T13:11:52.883+0300][1652.425s][debug][gc] Expanding ParOldGen from 140800K by 19968K to 160768K
[2020-08-10T13:11:52.908+0300][1652.451s][info ][gc] GC(54651) Pause Young (Allocation Failure) 155M->155M(159M) 17.151ms
[2020-08-10T13:11:52.923+0300][1652.465s][info ][gc] GC(54652) Pause Young (Allocation Failure) 156M->156M(159M) 14.088ms
[2020-08-10T13:11:52.937+0300][1652.479s][info ][gc] GC(54653) Pause Young (Allocation Failure) 157M->157M(159M) 13.655ms
[2020-08-10T13:11:52.981+0300][1652.523s][debug][gc] GC(54654) Shrinking ParOldGen from 160768K by 124928K to 35840K
[2020-08-10T13:11:52.981+0300][1652.523s][info ][gc] GC(54654) Pause Full (Ergonomics) 157M->23M(37M) 43.677ms
[2020-08-10T13:11:52.994+0300][1652.536s][info ][gc] GC(54655) Pause Young (Allocation Failure) 24M->24M(37M) 12.879ms
[2020-08-10T13:11:53.014+0300][1652.556s][info ][gc] GC(54656) Pause Young (Allocation Failure) 25M->25M(37M) 19.322ms
[2020-08-10T13:11:53.027+0300][1652.570s][info ][gc] GC(54657) Pause Young (Allocation Failure) 26M->26M(37M) 13.303ms
[2020-08-10T13:11:53.042+0300][1652.584s][info ][gc] GC(54658) Pause Young (Allocation Failure) 27M->27M(37M) 13.481ms
[2020-08-10T13:11:53.055+0300][1652.598s][info ][gc] GC(54659) Pause Young (Allocation Failure) 28M->28M(37M) 13.273ms
[2020-08-10T13:11:53.069+0300][1652.612s][info ][gc] GC(54660) Pause Young (Allocation Failure) 29M->29M(37M) 13.354ms
[2020-08-10T13:11:53.083+0300][1652.626s][info ][gc] GC(54661) Pause Young (Allocation Failure) 30M->30M(37M) 13.303ms
[2020-08-10T13:11:53.097+0300][1652.640s][info ][gc] GC(54662) Pause Young (Allocation Failure) 31M->31M(37M) 13.460ms
[2020-08-10T13:11:53.111+0300][1652.653s][info ][gc] GC(54663) Pause Young (Allocation Failure) 32M->32M(37M) 13.165ms
[2020-08-10T13:11:53.125+0300][1652.667s][info ][gc] GC(54664) Pause Young (Allocation Failure) 33M->33M(37M) 13.232ms
[2020-08-10T13:11:53.139+0300][1652.681s][info ][gc] GC(54665) Pause Young (Allocation Failure) 34M->34M(37M) 13.381ms
[2020-08-10T13:11:53.153+0300][1652.695s][info ][gc] GC(54666) Pause Young (Allocation Failure) 35M->34M(37M) 13.449ms
[2020-08-10T13:11:53.211+0300][1652.753s][debug][gc] GC(54667) Expanding ParOldGen from 35840K by 11264K to 47104K
[2020-08-10T13:11:53.211+0300][1652.753s][info ][gc] GC(54667) Pause Full (Ergonomics) 34M->34M(48M) 58.383ms
[2020-08-10T13:11:53.225+0300][1652.767s][info ][gc] GC(54668) Pause Young (Allocation Failure) 35M->35M(48M) 12.938ms
[2020-08-10T13:11:53.239+0300][1652.781s][info ][gc] GC(54669) Pause Young (Allocation Failure) 36M->36M(48M) 13.362ms
[2020-08-10T13:11:53.253+0300][1652.795s][info ][gc] GC(54670) Pause Young (Allocation Failure) 37M->37M(48M) 13.554ms
[2020-08-10T13:11:53.267+0300][1652.809s][info ][gc] GC(54671) Pause Young (Allocation Failure) 38M->38M(48M) 13.571ms
[2020-08-10T13:11:53.281+0300][1652.823s][info ][gc] GC(54672) Pause Young (Allocation Failure) 39M->39M(47M) 13.487ms
[2020-08-10T13:11:53.295+0300][1652.837s][info ][gc] GC(54673) Pause Young (Allocation Failure) 40M->40M(48M) 13.285ms
[2020-08-10T13:11:53.309+0300][1652.851s][info ][gc] GC(54674) Pause Young (Allocation Failure) 41M->41M(48M) 13.405ms
[2020-08-10T13:11:53.323+0300][1652.865s][info ][gc] GC(54675) Pause Young (Allocation Failure) 42M->42M(48M) 13.430ms
[2020-08-10T13:11:53.337+0300][1652.879s][info ][gc] GC(54676) Pause Young (Allocation Failure) 43M->43M(48M) 13.392ms
[2020-08-10T13:11:53.351+0300][1652.893s][info ][gc] GC(54677) Pause Young (Allocation Failure) 44M->44M(48M) 13.566ms
[2020-08-10T13:11:53.365+0300][1652.907s][info ][gc] GC(54678) Pause Young (Allocation Failure) 45M->45M(48M) 13.381ms
[2020-08-10T13:11:53.379+0300][1652.921s][info ][gc] GC(54679) Pause Young (Allocation Failure) 46M->46M(48M) 13.360ms
[2020-08-10T13:11:53.466+0300][1653.008s][debug][gc] GC(54680) Expanding ParOldGen from 47104K by 11264K to 58368K
[2020-08-10T13:11:53.466+0300][1653.008s][info ][gc] GC(54680) Pause Full (Ergonomics) 46M->46M(59M) 87.158ms
[2020-08-10T13:11:53.485+0300][1653.028s][info ][gc] GC(54681) Pause Young (Allocation Failure) 47M->47M(59M) 19.122ms
[2020-08-10T13:11:53.500+0300][1653.042s][info ][gc] GC(54682) Pause Young (Allocation Failure) 48M->48M(59M) 13.729ms
[2020-08-10T13:11:53.514+0300][1653.056s][info ][gc] GC(54683) Pause Young (Allocation Failure) 49M->48M(59M) 13.523ms
[2020-08-10T13:11:53.528+0300][1653.070s][info ][gc] GC(54684) Pause Young (Allocation Failure) 49M->49M(59M) 13.661ms
[2020-08-10T13:11:53.542+0300][1653.084s][info ][gc] GC(54685) Pause Young (Allocation Failure) 50M->50M(59M) 13.643ms
[2020-08-10T13:11:53.556+0300][1653.098s][info ][gc] GC(54686) Pause Young (Allocation Failure) 51M->51M(59M) 13.433ms
[2020-08-10T13:11:53.570+0300][1653.112s][info ][gc] GC(54687) Pause Young (Allocation Failure) 52M->52M(59M) 13.356ms
[2020-08-10T13:11:53.584+0300][1653.126s][info ][gc] GC(54688) Pause Young (Allocation Failure) 53M->53M(59M) 13.376ms
[2020-08-10T13:11:53.607+0300][1653.150s][info ][gc] GC(54689) Pause Young (Allocation Failure) 54M->54M(59M) 22.873ms
[2020-08-10T13:11:53.622+0300][1653.164s][info ][gc] GC(54690) Pause Young (Allocation Failure) 55M->55M(59M) 13.711ms
[2020-08-10T13:11:53.647+0300][1653.189s][info ][gc] GC(54691) Pause Young (Allocation Failure) 56M->56M(59M) 24.683ms
[2020-08-10T13:11:53.661+0300][1653.203s][info ][gc] GC(54692) Pause Young (Allocation Failure) 57M->57M(59M) 13.598ms
[2020-08-10T13:11:53.785+0300][1653.328s][debug][gc] GC(54693) Expanding ParOldGen from 58368K by 11776K to 70144K
[2020-08-10T13:11:53.785+0300][1653.328s][info ][gc] GC(54693) Pause Full (Ergonomics) 57M->57M(71M) 124.053ms
[2020-08-10T13:11:53.809+0300][1653.351s][info ][gc] GC(54694) Pause Young (Allocation Failure) 58M->58M(71M) 22.936ms
[2020-08-10T13:11:53.823+0300][1653.366s][info ][gc] GC(54695) Pause Young (Allocation Failure) 59M->59M(71M) 13.821ms
[2020-08-10T13:11:53.838+0300][1653.380s][info ][gc] GC(54696) Pause Young (Allocation Failure) 60M->60M(71M) 13.644ms
[2020-08-10T13:11:53.852+0300][1653.394s][info ][gc] GC(54697) Pause Young (Allocation Failure) 61M->61M(71M) 13.724ms
[2020-08-10T13:11:53.866+0300][1653.408s][info ][gc] GC(54698) Pause Young (Allocation Failure) 62M->62M(71M) 13.564ms
[2020-08-10T13:11:53.880+0300][1653.422s][info ][gc] GC(54699) Pause Young (Allocation Failure) 63M->63M(71M) 13.755ms
[2020-08-10T13:11:53.895+0300][1653.437s][info ][gc] GC(54700) Pause Young (Allocation Failure) 64M->64M(71M) 13.849ms
[2020-08-10T13:11:53.909+0300][1653.451s][info ][gc] GC(54701) Pause Young (Allocation Failure) 65M->65M(71M) 13.597ms
[2020-08-10T13:11:53.923+0300][1653.465s][info ][gc] GC(54702) Pause Young (Allocation Failure) 66M->65M(71M) 13.618ms
[2020-08-10T13:11:53.937+0300][1653.479s][info ][gc] GC(54703) Pause Young (Allocation Failure) 66M->66M(71M) 13.574ms
[2020-08-10T13:11:53.951+0300][1653.493s][info ][gc] GC(54704) Pause Young (Allocation Failure) 67M->67M(71M) 13.540ms
[2020-08-10T13:11:53.965+0300][1653.507s][info ][gc] GC(54705) Pause Young (Allocation Failure) 68M->68M(71M) 13.601ms
[2020-08-10T13:11:54.116+0300][1653.658s][debug][gc] GC(54706) Expanding ParOldGen from 70144K by 11264K to 81408K
[2020-08-10T13:11:54.116+0300][1653.659s][info ][gc] GC(54706) Pause Full (Ergonomics) 68M->68M(82M) 151.650ms
[2020-08-10T13:11:54.145+0300][1653.687s][info ][gc] GC(54707) Pause Young (Allocation Failure) 69M->69M(82M) 27.795ms
[2020-08-10T13:11:54.159+0300][1653.701s][info ][gc] GC(54708) Pause Young (Allocation Failure) 70M->70M(82M) 13.807ms
[2020-08-10T13:11:54.173+0300][1653.716s][info ][gc] GC(54709) Pause Young (Allocation Failure) 71M->71M(82M) 13.826ms
[2020-08-10T13:11:54.188+0300][1653.730s][info ][gc] GC(54710) Pause Young (Allocation Failure) 72M->72M(82M) 13.727ms
[2020-08-10T13:11:54.202+0300][1653.744s][info ][gc] GC(54711) Pause Young (Allocation Failure) 73M->73M(82M) 13.538ms
[2020-08-10T13:11:54.216+0300][1653.758s][info ][gc] GC(54712) Pause Young (Allocation Failure) 74M->74M(81M) 13.733ms
[2020-08-10T13:11:54.230+0300][1653.772s][info ][gc] GC(54713) Pause Young (Allocation Failure) 75M->75M(81M) 13.627ms
[2020-08-10T13:11:54.244+0300][1653.786s][info ][gc] GC(54714) Pause Young (Allocation Failure) 76M->76M(81M) 13.775ms
[2020-08-10T13:11:54.258+0300][1653.801s][info ][gc] GC(54715) Pause Young (Allocation Failure) 77M->77M(81M) 13.751ms
[2020-08-10T13:11:54.273+0300][1653.815s][info ][gc] GC(54716) Pause Young (Allocation Failure) 78M->78M(81M) 13.764ms
[2020-08-10T13:11:54.287+0300][1653.829s][info ][gc] GC(54717) Pause Young (Allocation Failure) 79M->79M(81M) 13.669ms
[2020-08-10T13:11:54.301+0300][1653.843s][info ][gc] GC(54718) Pause Young (Allocation Failure) 80M->80M(81M) 13.530ms
[2020-08-10T13:11:54.487+0300][1654.029s][debug][gc] GC(54719) Expanding ParOldGen from 81408K by 11264K to 92672K
[2020-08-10T13:11:54.487+0300][1654.029s][info ][gc] GC(54719) Pause Full (Ergonomics) 80M->80M(92M) 186.296ms
[2020-08-10T13:11:54.519+0300][1654.062s][info ][gc] GC(54720) Pause Young (Allocation Failure) 81M->80M(92M) 31.567ms
[2020-08-10T13:11:54.534+0300][1654.076s][info ][gc] GC(54721) Pause Young (Allocation Failure) 81M->81M(92M) 13.860ms
[2020-08-10T13:11:54.548+0300][1654.090s][info ][gc] GC(54722) Pause Young (Allocation Failure) 82M->82M(92M) 13.626ms
[2020-08-10T13:11:54.562+0300][1654.104s][info ][gc] GC(54723) Pause Young (Allocation Failure) 83M->83M(92M) 13.792ms
[2020-08-10T13:11:54.576+0300][1654.119s][info ][gc] GC(54724) Pause Young (Allocation Failure) 84M->84M(92M) 14.202ms
[2020-08-10T13:11:54.591+0300][1654.134s][info ][gc] GC(54725) Pause Young (Allocation Failure) 85M->85M(92M) 14.236ms
[2020-08-10T13:11:54.606+0300][1654.148s][info ][gc] GC(54726) Pause Young (Allocation Failure) 86M->86M(92M) 14.248ms
[2020-08-10T13:11:54.620+0300][1654.162s][info ][gc] GC(54727) Pause Young (Allocation Failure) 87M->87M(92M) 13.530ms
[2020-08-10T13:11:54.634+0300][1654.176s][info ][gc] GC(54728) Pause Young (Allocation Failure) 87M->87M(92M) 13.348ms
[2020-08-10T13:11:54.647+0300][1654.190s][info ][gc] GC(54729) Pause Young (Allocation Failure) 88M->88M(92M) 13.318ms
[2020-08-10T13:11:54.661+0300][1654.204s][info ][gc] GC(54730) Pause Young (Allocation Failure) 88M->88M(92M) 13.453ms
[2020-08-10T13:11:54.675+0300][1654.218s][info ][gc] GC(54731) Pause Young (Allocation Failure) 89M->88M(92M) 13.341ms
[2020-08-10T13:11:54.689+0300][1654.231s][info ][gc] GC(54732) Pause Young (Allocation Failure) 89M->89M(92M) 13.185ms
[2020-08-10T13:11:54.706+0300][1654.249s][info ][gc] GC(54733) Pause Young (Allocation Failure) 89M->89M(92M) 17.093ms
[2020-08-10T13:11:54.921+0300][1654.463s][debug][gc] GC(54734) Expanding ParOldGen from 92672K by 10752K to 103424K
[2020-08-10T13:11:54.921+0300][1654.463s][info ][gc] GC(54734) Pause Full (Ergonomics) 89M->89M(103M) 214.362ms
[2020-08-10T13:11:54.934+0300][1654.477s][info ][gc] GC(54735) Pause Young (Allocation Failure) 90M->90M(103M) 12.968ms
[2020-08-10T13:11:54.948+0300][1654.490s][info ][gc] GC(54736) Pause Young (Allocation Failure) 90M->90M(103M) 13.206ms
[2020-08-10T13:11:54.962+0300][1654.504s][info ][gc] GC(54737) Pause Young (Allocation Failure) 91M->91M(103M) 12.932ms
[2020-08-10T13:11:54.975+0300][1654.518s][info ][gc] GC(54738) Pause Young (Allocation Failure) 91M->91M(103M) 13.339ms
[2020-08-10T13:11:54.989+0300][1654.531s][info ][gc] GC(54739) Pause Young (Allocation Failure) 92M->92M(103M) 13.087ms
[2020-08-10T13:11:55.003+0300][1654.545s][info ][gc] GC(54740) Pause Young (Allocation Failure) 92M->92M(103M) 13.207ms
[2020-08-10T13:11:55.016+0300][1654.558s][info ][gc] GC(54741) Pause Young (Allocation Failure) 93M->92M(103M) 13.126ms
[2020-08-10T13:11:55.030+0300][1654.572s][info ][gc] GC(54742) Pause Young (Allocation Failure) 93M->93M(103M) 13.219ms
[2020-08-10T13:11:55.044+0300][1654.586s][info ][gc] GC(54743) Pause Young (Allocation Failure) 93M->93M(103M) 13.310ms
[2020-08-10T13:11:55.057+0300][1654.600s][info ][gc] GC(54744) Pause Young (Allocation Failure) 94M->94M(102M) 13.479ms
[2020-08-10T13:11:55.071+0300][1654.613s][info ][gc] GC(54745) Pause Young (Allocation Failure) 94M->94M(102M) 13.160ms
[2020-08-10T13:11:55.084+0300][1654.627s][info ][gc] GC(54746) Pause Young (Allocation Failure) 95M->95M(102M) 13.112ms
[2020-08-10T13:11:55.098+0300][1654.640s][info ][gc] GC(54747) Pause Young (Allocation Failure) 95M->95M(102M) 13.150ms
[2020-08-10T13:11:55.112+0300][1654.654s][info ][gc] GC(54748) Pause Young (Allocation Failure) 96M->96M(102M) 13.114ms
[2020-08-10T13:11:55.125+0300][1654.668s][info ][gc] GC(54749) Pause Young (Allocation Failure) 96M->96M(102M) 13.120ms
[2020-08-10T13:11:55.139+0300][1654.681s][info ][gc] GC(54750) Pause Young (Allocation Failure) 97M->97M(102M) 13.182ms
[2020-08-10T13:11:55.153+0300][1654.695s][info ][gc] GC(54751) Pause Young (Allocation Failure) 97M->97M(102M) 13.192ms
[2020-08-10T13:11:55.166+0300][1654.708s][info ][gc] GC(54752) Pause Young (Allocation Failure) 98M->98M(102M) 13.035ms
[2020-08-10T13:11:55.180+0300][1654.722s][info ][gc] GC(54753) Pause Young (Allocation Failure) 98M->98M(102M) 13.114ms
[2020-08-10T13:11:55.193+0300][1654.735s][info ][gc] GC(54754) Pause Young (Allocation Failure) 98M->98M(102M) 13.143ms
[2020-08-10T13:11:55.207+0300][1654.749s][info ][gc] GC(54755) Pause Young (Allocation Failure) 99M->99M(102M) 13.192ms
[2020-08-10T13:11:55.220+0300][1654.763s][info ][gc] GC(54756) Pause Young (Allocation Failure) 99M->99M(102M) 13.176ms
[2020-08-10T13:11:55.234+0300][1654.776s][info ][gc] GC(54757) Pause Young (Allocation Failure) 100M->100M(102M) 13.162ms
[2020-08-10T13:11:55.247+0300][1654.790s][info ][gc] GC(54758) Pause Young (Allocation Failure) 100M->100M(102M) 12.991ms
[2020-08-10T13:11:55.261+0300][1654.804s][info ][gc] GC(54759) Pause Young (Allocation Failure) 101M->101M(102M) 13.435ms
[2020-08-10T13:11:55.513+0300][1655.055s][debug][gc] GC(54760) Expanding ParOldGen from 103424K by 10752K to 114176K
[2020-08-10T13:11:55.513+0300][1655.055s][info ][gc] GC(54760) Pause Full (Ergonomics) 101M->101M(113M) 251.494ms
[2020-08-10T13:11:55.548+0300][1655.090s][info ][gc] GC(54761) Pause Young (Allocation Failure) 101M->101M(113M) 34.202ms
[2020-08-10T13:11:55.562+0300][1655.104s][info ][gc] GC(54762) Pause Young (Allocation Failure) 102M->101M(113M) 13.598ms
[2020-08-10T13:11:55.576+0300][1655.118s][info ][gc] GC(54763) Pause Young (Allocation Failure) 102M->102M(113M) 13.349ms
[2020-08-10T13:11:55.590+0300][1655.132s][info ][gc] GC(54764) Pause Young (Allocation Failure) 102M->102M(113M) 13.513ms
[2020-08-10T13:11:55.604+0300][1655.146s][info ][gc] GC(54765) Pause Young (Allocation Failure) 103M->103M(113M) 13.682ms
[2020-08-10T13:11:55.618+0300][1655.160s][info ][gc] GC(54766) Pause Young (Allocation Failure) 103M->103M(113M) 13.601ms
[2020-08-10T13:11:55.632+0300][1655.174s][info ][gc] GC(54767) Pause Young (Allocation Failure) 104M->104M(113M) 13.639ms
[2020-08-10T13:11:55.646+0300][1655.188s][info ][gc] GC(54768) Pause Young (Allocation Failure) 104M->104M(113M) 13.523ms
[2020-08-10T13:11:55.660+0300][1655.202s][info ][gc] GC(54769) Pause Young (Allocation Failure) 105M->105M(113M) 13.487ms
[2020-08-10T13:11:55.674+0300][1655.216s][info ][gc] GC(54770) Pause Young (Allocation Failure) 105M->105M(113M) 13.557ms
[2020-08-10T13:11:55.688+0300][1655.230s][info ][gc] GC(54771) Pause Young (Allocation Failure) 106M->106M(113M) 13.559ms
[2020-08-10T13:11:55.702+0300][1655.244s][info ][gc] GC(54772) Pause Young (Allocation Failure) 106M->106M(113M) 13.441ms
[2020-08-10T13:11:55.716+0300][1655.258s][info ][gc] GC(54773) Pause Young (Allocation Failure) 107M->106M(113M) 13.475ms
[2020-08-10T13:11:55.729+0300][1655.272s][info ][gc] GC(54774) Pause Young (Allocation Failure) 107M->107M(113M) 13.499ms
[2020-08-10T13:11:55.743+0300][1655.286s][info ][gc] GC(54775) Pause Young (Allocation Failure) 107M->107M(113M) 13.563ms
[2020-08-10T13:11:55.757+0300][1655.300s][info ][gc] GC(54776) Pause Young (Allocation Failure) 108M->108M(113M) 13.512ms
[2020-08-10T13:11:55.771+0300][1655.314s][info ][gc] GC(54777) Pause Young (Allocation Failure) 108M->108M(113M) 13.635ms
[2020-08-10T13:11:55.785+0300][1655.328s][info ][gc] GC(54778) Pause Young (Allocation Failure) 109M->109M(113M) 13.553ms
[2020-08-10T13:11:55.799+0300][1655.342s][info ][gc] GC(54779) Pause Young (Allocation Failure) 109M->109M(113M) 13.611ms
[2020-08-10T13:11:55.813+0300][1655.356s][info ][gc] GC(54780) Pause Young (Allocation Failure) 110M->110M(113M) 13.599ms
[2020-08-10T13:11:55.827+0300][1655.370s][info ][gc] GC(54781) Pause Young (Allocation Failure) 110M->110M(113M) 13.589ms
[2020-08-10T13:11:55.842+0300][1655.384s][info ][gc] GC(54782) Pause Young (Allocation Failure) 111M->111M(113M) 13.637ms
[2020-08-10T13:11:55.856+0300][1655.398s][info ][gc] GC(54783) Pause Young (Allocation Failure) 111M->111M(113M) 13.620ms
[2020-08-10T13:11:56.129+0300][1655.671s][debug][gc] GC(54784) Expanding ParOldGen from 114176K by 10752K to 124928K
[2020-08-10T13:11:56.129+0300][1655.671s][info ][gc] GC(54784) Pause Full (Ergonomics) 111M->111M(123M) 273.274ms
[2020-08-10T13:11:56.142+0300][1655.685s][info ][gc] GC(54785) Pause Young (Allocation Failure) 111M->111M(123M) 12.912ms
[2020-08-10T13:11:56.156+0300][1655.699s][info ][gc] GC(54786) Pause Young (Allocation Failure) 112M->112M(123M) 13.425ms
[2020-08-10T13:11:56.170+0300][1655.712s][info ][gc] GC(54787) Pause Young (Allocation Failure) 112M->112M(123M) 13.460ms
[2020-08-10T13:11:56.184+0300][1655.727s][info ][gc] GC(54788) Pause Young (Allocation Failure) 113M->113M(123M) 13.845ms
[2020-08-10T13:11:56.198+0300][1655.741s][info ][gc] GC(54789) Pause Young (Allocation Failure) 113M->113M(123M) 13.551ms
[2020-08-10T13:11:56.212+0300][1655.755s][info ][gc] GC(54790) Pause Young (Allocation Failure) 114M->114M(123M) 13.577ms
[2020-08-10T13:11:56.226+0300][1655.769s][info ][gc] GC(54791) Pause Young (Allocation Failure) 114M->114M(123M) 13.659ms
[2020-08-10T13:11:56.241+0300][1655.783s][info ][gc] GC(54792) Pause Young (Allocation Failure) 115M->115M(123M) 13.895ms
[2020-08-10T13:11:56.255+0300][1655.797s][info ][gc] GC(54793) Pause Young (Allocation Failure) 115M->115M(123M) 13.776ms
[2020-08-10T13:11:56.269+0300][1655.812s][info ][gc] GC(54794) Pause Young (Allocation Failure) 116M->115M(123M) 13.964ms
[2020-08-10T13:11:56.284+0300][1655.826s][info ][gc] GC(54795) Pause Young (Allocation Failure) 116M->116M(123M) 13.844ms
[2020-08-10T13:11:56.298+0300][1655.840s][info ][gc] GC(54796) Pause Young (Allocation Failure) 116M->116M(123M) 13.931ms
[2020-08-10T13:11:56.312+0300][1655.854s][info ][gc] GC(54797) Pause Young (Allocation Failure) 117M->117M(123M) 13.798ms
[2020-08-10T13:11:56.326+0300][1655.869s][info ][gc] GC(54798) Pause Young (Allocation Failure) 117M->117M(123M) 13.923ms
[2020-08-10T13:11:56.341+0300][1655.883s][info ][gc] GC(54799) Pause Young (Allocation Failure) 118M->118M(123M) 13.978ms
[2020-08-10T13:11:56.356+0300][1655.898s][info ][gc] GC(54800) Pause Young (Allocation Failure) 118M->118M(123M) 14.372ms
[2020-08-10T13:11:56.370+0300][1655.913s][info ][gc] GC(54801) Pause Young (Allocation Failure) 119M->119M(123M) 14.012ms
[2020-08-10T13:11:56.385+0300][1655.927s][info ][gc] GC(54802) Pause Young (Allocation Failure) 119M->119M(123M) 14.028ms
[2020-08-10T13:11:56.400+0300][1655.942s][info ][gc] GC(54803) Pause Young (Allocation Failure) 120M->120M(123M) 14.635ms
[2020-08-10T13:11:56.414+0300][1655.957s][info ][gc] GC(54804) Pause Young (Allocation Failure) 120M->120M(123M) 14.194ms
[2020-08-10T13:11:56.429+0300][1655.971s][info ][gc] GC(54805) Pause Young (Allocation Failure) 121M->121M(123M) 14.112ms
[2020-08-10T13:11:56.444+0300][1655.986s][info ][gc] GC(54806) Pause Young (Allocation Failure) 121M->121M(123M) 14.274ms
[2020-08-10T13:11:56.459+0300][1656.001s][info ][gc] GC(54807) Pause Young (Allocation Failure) 122M->121M(123M) 14.624ms
[2020-08-10T13:11:56.473+0300][1656.016s][info ][gc] GC(54808) Pause Young (Allocation Failure) 122M->122M(123M) 14.136ms
[2020-08-10T13:11:56.779+0300][1656.322s][debug][gc] GC(54809) Expanding ParOldGen from 124928K by 10752K to 135680K
[2020-08-10T13:11:56.779+0300][1656.322s][info ][gc] GC(54809) Pause Full (Ergonomics) 122M->122M(134M) 305.741ms
[2020-08-10T13:11:56.811+0300][1656.353s][info ][gc] GC(54810) Pause Young (Allocation Failure) 122M->122M(134M) 30.878ms
[2020-08-10T13:11:56.848+0300][1656.390s][info ][gc] GC(54811) Pause Young (Allocation Failure) 123M->123M(134M) 36.942ms
[2020-08-10T13:11:56.863+0300][1656.405s][info ][gc] GC(54812) Pause Young (Allocation Failure) 123M->123M(134M) 14.940ms
[2020-08-10T13:11:56.878+0300][1656.421s][info ][gc] GC(54813) Pause Young (Allocation Failure) 124M->124M(134M) 14.937ms
[2020-08-10T13:11:56.894+0300][1656.436s][info ][gc] GC(54814) Pause Young (Allocation Failure) 124M->124M(134M) 15.131ms
[2020-08-10T13:11:56.909+0300][1656.452s][info ][gc] GC(54815) Pause Young (Allocation Failure) 125M->125M(134M) 15.036ms
[2020-08-10T13:11:56.949+0300][1656.492s][info ][gc] GC(54816) Pause Young (Allocation Failure) 125M->125M(134M) 39.648ms
[2020-08-10T13:11:56.965+0300][1656.508s][info ][gc] GC(54817) Pause Young (Allocation Failure) 125M->125M(134M) 15.571ms
[2020-08-10T13:11:56.983+0300][1656.526s][info ][gc] GC(54818) Pause Young (Allocation Failure) 126M->126M(134M) 17.618ms
[2020-08-10T13:11:57.003+0300][1656.545s][info ][gc] GC(54819) Pause Young (Allocation Failure) 126M->126M(134M) 18.826ms
[2020-08-10T13:11:57.018+0300][1656.560s][info ][gc] GC(54820) Pause Young (Allocation Failure) 127M->127M(134M) 14.958ms
[2020-08-10T13:11:57.033+0300][1656.576s][info ][gc] GC(54821) Pause Young (Allocation Failure) 127M->127M(134M) 15.045ms
[2020-08-10T13:11:57.049+0300][1656.591s][info ][gc] GC(54822) Pause Young (Allocation Failure) 128M->128M(134M) 15.230ms
[2020-08-10T13:11:57.081+0300][1656.623s][info ][gc] GC(54823) Pause Young (Allocation Failure) 128M->128M(134M) 31.442ms
[2020-08-10T13:11:57.108+0300][1656.650s][info ][gc] GC(54824) Pause Young (Allocation Failure) 129M->129M(134M) 26.602ms
[2020-08-10T13:11:57.128+0300][1656.670s][info ][gc] GC(54825) Pause Young (Allocation Failure) 129M->129M(134M) 19.308ms
[2020-08-10T13:11:57.143+0300][1656.686s][info ][gc] GC(54826) Pause Young (Allocation Failure) 130M->130M(134M) 15.236ms
[2020-08-10T13:11:57.159+0300][1656.702s][info ][gc] GC(54827) Pause Young (Allocation Failure) 130M->130M(134M) 15.506ms
[2020-08-10T13:11:57.175+0300][1656.717s][info ][gc] GC(54828) Pause Young (Allocation Failure) 131M->130M(134M) 15.171ms
[2020-08-10T13:11:57.191+0300][1656.733s][info ][gc] GC(54829) Pause Young (Allocation Failure) 131M->131M(134M) 15.503ms
[2020-08-10T13:11:57.207+0300][1656.749s][info ][gc] GC(54830) Pause Young (Allocation Failure) 131M->131M(134M) 15.554ms
[2020-08-10T13:11:57.250+0300][1656.792s][info ][gc] GC(54831) Pause Young (Allocation Failure) 132M->132M(134M) 42.651ms
[2020-08-10T13:11:57.266+0300][1656.809s][info ][gc] GC(54832) Pause Young (Allocation Failure) 132M->132M(134M) 16.099ms
[2020-08-10T13:11:57.655+0300][1657.198s][debug][gc] GC(54833) Expanding ParOldGen from 135680K by 10752K to 146432K
[2020-08-10T13:11:57.655+0300][1657.198s][info ][gc] GC(54833) Pause Full (Ergonomics) 132M->132M(144M) 388.880ms
[2020-08-10T13:11:57.688+0300][1657.231s][info ][gc] GC(54834) Pause Young (Allocation Failure) 133M->132M(144M) 32.694ms
[2020-08-10T13:11:57.705+0300][1657.248s][info ][gc] GC(54835) Pause Young (Allocation Failure) 133M->133M(144M) 16.166ms
[2020-08-10T13:11:57.721+0300][1657.264s][info ][gc] GC(54836) Pause Young (Allocation Failure) 133M->133M(144M) 15.666ms
[2020-08-10T13:11:57.737+0300][1657.280s][info ][gc] GC(54837) Pause Young (Allocation Failure) 134M->134M(144M) 15.544ms
[2020-08-10T13:11:57.753+0300][1657.296s][info ][gc] GC(54838) Pause Young (Allocation Failure) 134M->134M(144M) 15.680ms
[2020-08-10T13:11:57.769+0300][1657.312s][info ][gc] GC(54839) Pause Young (Allocation Failure) 135M->135M(144M) 15.807ms
[2020-08-10T13:11:57.770+0300][1657.312s][debug][gc] Expanding ParOldGen from 146432K by 19968K to 166400K
[2020-08-10T13:11:57.793+0300][1657.336s][info ][gc] GC(54840) Pause Young (Allocation Failure) 154M->154M(164M) 15.399ms
[2020-08-10T13:11:57.808+0300][1657.350s][info ][gc] GC(54841) Pause Young (Allocation Failure) 155M->155M(164M) 14.143ms
[2020-08-10T13:11:57.821+0300][1657.364s][info ][gc] GC(54842) Pause Young (Allocation Failure) 155M->155M(164M) 13.272ms
[2020-08-10T13:11:57.835+0300][1657.378s][info ][gc] GC(54843) Pause Young (Allocation Failure) 156M->156M(164M) 13.396ms
[2020-08-10T13:11:57.849+0300][1657.391s][info ][gc] GC(54844) Pause Young (Allocation Failure) 156M->156M(164M) 13.211ms
[2020-08-10T13:11:57.862+0300][1657.405s][info ][gc] GC(54845) Pause Young (Allocation Failure) 157M->157M(164M) 13.205ms
[2020-08-10T13:11:57.876+0300][1657.418s][info ][gc] GC(54846) Pause Young (Allocation Failure) 157M->157M(164M) 13.369ms
[2020-08-10T13:11:57.890+0300][1657.432s][info ][gc] GC(54847) Pause Young (Allocation Failure) 158M->157M(164M) 13.372ms
[2020-08-10T13:11:57.903+0300][1657.446s][info ][gc] GC(54848) Pause Young (Allocation Failure) 158M->158M(164M) 13.250ms
[2020-08-10T13:11:57.917+0300][1657.460s][info ][gc] GC(54849) Pause Young (Allocation Failure) 158M->158M(164M) 13.294ms
[2020-08-10T13:11:57.931+0300][1657.473s][info ][gc] GC(54850) Pause Young (Allocation Failure) 159M->159M(164M) 13.221ms
[2020-08-10T13:11:57.945+0300][1657.487s][info ][gc] GC(54851) Pause Young (Allocation Failure) 159M->159M(164M) 13.474ms
[2020-08-10T13:11:57.959+0300][1657.501s][info ][gc] GC(54852) Pause Young (Allocation Failure) 160M->160M(164M) 13.482ms
[2020-08-10T13:11:57.972+0300][1657.515s][info ][gc] GC(54853) Pause Young (Allocation Failure) 160M->160M(164M) 13.401ms
[2020-08-10T13:11:57.986+0300][1657.529s][info ][gc] GC(54854) Pause Young (Allocation Failure) 161M->161M(164M) 13.422ms
[2020-08-10T13:11:58.000+0300][1657.543s][info ][gc] GC(54855) Pause Young (Allocation Failure) 161M->161M(164M) 13.340ms
[2020-08-10T13:11:58.014+0300][1657.556s][info ][gc] GC(54856) Pause Young (Allocation Failure) 162M->162M(164M) 13.429ms
[2020-08-10T13:11:58.028+0300][1657.570s][info ][gc] GC(54857) Pause Young (Allocation Failure) 162M->162M(164M) 13.231ms
[2020-08-10T13:11:58.101+0300][1657.644s][debug][gc] GC(54858) Shrinking ParOldGen from 166400K by 125952K to 40448K
[2020-08-10T13:11:58.101+0300][1657.644s][info ][gc] GC(54858) Pause Full (Ergonomics) 162M->28M(41M) 73.434ms
[2020-08-10T13:11:58.114+0300][1657.657s][info ][gc] GC(54859) Pause Young (Allocation Failure) 29M->29M(41M) 12.658ms
[2020-08-10T13:11:58.128+0300][1657.670s][info ][gc] GC(54860) Pause Young (Allocation Failure) 30M->30M(41M) 13.036ms
[2020-08-10T13:11:58.141+0300][1657.684s][info ][gc] GC(54861) Pause Young (Allocation Failure) 31M->31M(41M) 13.199ms
[2020-08-10T13:11:58.155+0300][1657.697s][info ][gc] GC(54862) Pause Young (Allocation Failure) 32M->32M(41M) 13.406ms
[2020-08-10T13:11:58.169+0300][1657.711s][info ][gc] GC(54863) Pause Young (Allocation Failure) 33M->32M(42M) 13.375ms
[2020-08-10T13:11:58.201+0300][1657.744s][info ][gc] GC(54864) Pause Young (Allocation Failure) 33M->33M(42M) 32.279ms
[2020-08-10T13:11:58.233+0300][1657.775s][info ][gc] GC(54865) Pause Young (Allocation Failure) 34M->34M(42M) 30.915ms
[2020-08-10T13:11:58.247+0300][1657.790s][info ][gc] GC(54866) Pause Young (Allocation Failure) 35M->35M(42M) 13.910ms
[2020-08-10T13:11:58.262+0300][1657.805s][info ][gc] GC(54867) Pause Young (Allocation Failure) 36M->36M(42M) 14.008ms
[2020-08-10T13:11:58.276+0300][1657.819s][info ][gc] GC(54868) Pause Young (Allocation Failure) 37M->37M(42M) 13.853ms
[2020-08-10T13:11:58.291+0300][1657.833s][info ][gc] GC(54869) Pause Young (Allocation Failure) 38M->38M(42M) 13.554ms
[2020-08-10T13:11:58.324+0300][1657.867s][info ][gc] GC(54870) Pause Young (Allocation Failure) 39M->39M(42M) 33.158ms
[2020-08-10T13:11:58.415+0300][1657.958s][debug][gc] GC(54871) Expanding ParOldGen from 40448K by 11776K to 52224K
[2020-08-10T13:11:58.416+0300][1657.958s][info ][gc] GC(54871) Pause Full (Ergonomics) 39M->39M(53M) 91.158ms
[2020-08-10T13:11:58.430+0300][1657.972s][info ][gc] GC(54872) Pause Young (Allocation Failure) 40M->40M(53M) 13.612ms
[2020-08-10T13:11:58.444+0300][1657.987s][info ][gc] GC(54873) Pause Young (Allocation Failure) 41M->41M(53M) 14.070ms
[2020-08-10T13:11:58.459+0300][1658.002s][info ][gc] GC(54874) Pause Young (Allocation Failure) 42M->42M(53M) 14.174ms
[2020-08-10T13:11:58.474+0300][1658.016s][info ][gc] GC(54875) Pause Young (Allocation Failure) 43M->43M(53M) 14.107ms
[2020-08-10T13:11:58.489+0300][1658.031s][info ][gc] GC(54876) Pause Young (Allocation Failure) 44M->44M(53M) 14.010ms
[2020-08-10T13:11:58.503+0300][1658.046s][info ][gc] GC(54877) Pause Young (Allocation Failure) 45M->45M(53M) 14.086ms
[2020-08-10T13:11:58.518+0300][1658.060s][info ][gc] GC(54878) Pause Young (Allocation Failure) 46M->45M(53M) 13.989ms
[2020-08-10T13:11:58.533+0300][1658.075s][info ][gc] GC(54879) Pause Young (Allocation Failure) 46M->46M(53M) 14.142ms
[2020-08-10T13:11:58.547+0300][1658.090s][info ][gc] GC(54880) Pause Young (Allocation Failure) 47M->47M(53M) 14.046ms
[2020-08-10T13:11:58.562+0300][1658.105s][info ][gc] GC(54881) Pause Young (Allocation Failure) 48M->48M(53M) 14.089ms
[2020-08-10T13:11:58.577+0300][1658.119s][info ][gc] GC(54882) Pause Young (Allocation Failure) 49M->49M(53M) 14.219ms
[2020-08-10T13:11:58.591+0300][1658.134s][info ][gc] GC(54883) Pause Young (Allocation Failure) 50M->50M(53M) 14.020ms
[2020-08-10T13:11:58.606+0300][1658.149s][info ][gc] GC(54884) Pause Young (Allocation Failure) 51M->51M(53M) 14.150ms
[2020-08-10T13:11:58.719+0300][1658.262s][debug][gc] GC(54885) Expanding ParOldGen from 52224K by 11264K to 63488K
[2020-08-10T13:11:58.719+0300][1658.262s][info ][gc] GC(54885) Pause Full (Ergonomics) 51M->51M(64M) 113.003ms
[2020-08-10T13:11:58.744+0300][1658.286s][info ][gc] GC(54886) Pause Young (Allocation Failure) 52M->52M(64M) 23.525ms
[2020-08-10T13:11:58.758+0300][1658.301s][info ][gc] GC(54887) Pause Young (Allocation Failure) 53M->53M(64M) 14.155ms
[2020-08-10T13:11:58.773+0300][1658.316s][info ][gc] GC(54888) Pause Young (Allocation Failure) 54M->54M(64M) 14.211ms
[2020-08-10T13:11:58.788+0300][1658.331s][info ][gc] GC(54889) Pause Young (Allocation Failure) 55M->55M(64M) 14.192ms
[2020-08-10T13:11:58.803+0300][1658.345s][info ][gc] GC(54890) Pause Young (Allocation Failure) 56M->56M(64M) 14.165ms
[2020-08-10T13:11:58.818+0300][1658.360s][info ][gc] GC(54891) Pause Young (Allocation Failure) 57M->57M(64M) 14.117ms
[2020-08-10T13:11:58.832+0300][1658.375s][info ][gc] GC(54892) Pause Young (Allocation Failure) 58M->58M(64M) 14.132ms
[2020-08-10T13:11:58.847+0300][1658.390s][info ][gc] GC(54893) Pause Young (Allocation Failure) 59M->59M(64M) 14.241ms
[2020-08-10T13:11:58.862+0300][1658.404s][info ][gc] GC(54894) Pause Young (Allocation Failure) 60M->60M(64M) 14.217ms
[2020-08-10T13:11:58.877+0300][1658.419s][info ][gc] GC(54895) Pause Young (Allocation Failure) 61M->60M(64M) 14.161ms
[2020-08-10T13:11:58.892+0300][1658.434s][info ][gc] GC(54896) Pause Young (Allocation Failure) 61M->61M(64M) 14.256ms
[2020-08-10T13:11:59.030+0300][1658.573s][debug][gc] GC(54897) Expanding ParOldGen from 63488K by 11264K to 74752K
[2020-08-10T13:11:59.030+0300][1658.573s][info ][gc] GC(54897) Pause Full (Ergonomics) 61M->61M(75M) 138.632ms
[2020-08-10T13:11:59.045+0300][1658.587s][info ][gc] GC(54898) Pause Young (Allocation Failure) 62M->62M(75M) 13.575ms
[2020-08-10T13:11:59.059+0300][1658.602s][info ][gc] GC(54899) Pause Young (Allocation Failure) 63M->63M(75M) 14.045ms
[2020-08-10T13:11:59.074+0300][1658.616s][info ][gc] GC(54900) Pause Young (Allocation Failure) 64M->64M(75M) 14.025ms
[2020-08-10T13:11:59.088+0300][1658.631s][info ][gc] GC(54901) Pause Young (Allocation Failure) 65M->65M(75M) 13.925ms
[2020-08-10T13:11:59.103+0300][1658.646s][info ][gc] GC(54902) Pause Young (Allocation Failure) 66M->66M(75M) 14.117ms
[2020-08-10T13:11:59.118+0300][1658.660s][info ][gc] GC(54903) Pause Young (Allocation Failure) 67M->67M(75M) 14.130ms
[2020-08-10T13:11:59.132+0300][1658.675s][info ][gc] GC(54904) Pause Young (Allocation Failure) 68M->68M(75M) 14.052ms
[2020-08-10T13:11:59.147+0300][1658.690s][info ][gc] GC(54905) Pause Young (Allocation Failure) 69M->69M(75M) 14.051ms
[2020-08-10T13:11:59.162+0300][1658.704s][info ][gc] GC(54906) Pause Young (Allocation Failure) 70M->70M(75M) 14.077ms
[2020-08-10T13:11:59.177+0300][1658.719s][info ][gc] GC(54907) Pause Young (Allocation Failure) 71M->71M(75M) 14.091ms
[2020-08-10T13:11:59.191+0300][1658.734s][info ][gc] GC(54908) Pause Young (Allocation Failure) 72M->72M(75M) 14.173ms
[2020-08-10T13:11:59.206+0300][1658.749s][info ][gc] GC(54909) Pause Young (Allocation Failure) 73M->72M(75M) 14.078ms
[2020-08-10T13:11:59.372+0300][1658.915s][debug][gc] GC(54910) Expanding ParOldGen from 74752K by 11264K to 86016K
[2020-08-10T13:11:59.372+0300][1658.915s][info ][gc] GC(54910) Pause Full (Ergonomics) 72M->72M(86M) 166.283ms
[2020-08-10T13:11:59.387+0300][1658.929s][info ][gc] GC(54911) Pause Young (Allocation Failure) 73M->73M(86M) 13.667ms
[2020-08-10T13:11:59.401+0300][1658.944s][info ][gc] GC(54912) Pause Young (Allocation Failure) 74M->74M(86M) 14.074ms
[2020-08-10T13:11:59.416+0300][1658.958s][info ][gc] GC(54913) Pause Young (Allocation Failure) 75M->75M(86M) 13.802ms
[2020-08-10T13:11:59.430+0300][1658.973s][info ][gc] GC(54914) Pause Young (Allocation Failure) 76M->76M(86M) 13.945ms
[2020-08-10T13:11:59.445+0300][1658.987s][info ][gc] GC(54915) Pause Young (Allocation Failure) 77M->77M(86M) 13.995ms
[2020-08-10T13:11:59.459+0300][1659.002s][info ][gc] GC(54916) Pause Young (Allocation Failure) 78M->78M(86M) 14.067ms
[2020-08-10T13:11:59.474+0300][1659.017s][info ][gc] GC(54917) Pause Young (Allocation Failure) 79M->79M(86M) 14.315ms
[2020-08-10T13:11:59.488+0300][1659.031s][info ][gc] GC(54918) Pause Young (Allocation Failure) 80M->80M(85M) 13.999ms
[2020-08-10T13:11:59.503+0300][1659.045s][info ][gc] GC(54919) Pause Young (Allocation Failure) 80M->80M(86M) 13.745ms
[2020-08-10T13:11:59.517+0300][1659.059s][info ][gc] GC(54920) Pause Young (Allocation Failure) 81M->81M(86M) 13.618ms
[2020-08-10T13:11:59.531+0300][1659.073s][info ][gc] GC(54921) Pause Young (Allocation Failure) 81M->81M(86M) 13.562ms
[2020-08-10T13:11:59.545+0300][1659.088s][info ][gc] GC(54922) Pause Young (Allocation Failure) 82M->82M(86M) 13.552ms
[2020-08-10T13:11:59.559+0300][1659.102s][info ][gc] GC(54923) Pause Young (Allocation Failure) 82M->82M(86M) 13.546ms
[2020-08-10T13:11:59.576+0300][1659.119s][info ][gc] GC(54924) Pause Young (Allocation Failure) 83M->83M(86M) 16.709ms
[2020-08-10T13:11:59.593+0300][1659.136s][info ][gc] GC(54925) Pause Young (Allocation Failure) 83M->83M(86M) 16.613ms
[2020-08-10T13:11:59.790+0300][1659.333s][debug][gc] GC(54926) Expanding ParOldGen from 86016K by 11264K to 97280K
[2020-08-10T13:11:59.790+0300][1659.333s][info ][gc] GC(54926) Pause Full (Ergonomics) 83M->83M(97M) 196.957ms
[2020-08-10T13:11:59.804+0300][1659.347s][info ][gc] GC(54927) Pause Young (Allocation Failure) 83M->83M(97M) 13.337ms
[2020-08-10T13:11:59.818+0300][1659.361s][info ][gc] GC(54928) Pause Young (Allocation Failure) 84M->84M(97M) 13.623ms
[2020-08-10T13:11:59.832+0300][1659.375s][info ][gc] GC(54929) Pause Young (Allocation Failure) 84M->84M(97M) 13.631ms
[2020-08-10T13:11:59.847+0300][1659.389s][info ][gc] GC(54930) Pause Young (Allocation Failure) 85M->85M(97M) 13.580ms
[2020-08-10T13:11:59.861+0300][1659.403s][info ][gc] GC(54931) Pause Young (Allocation Failure) 85M->85M(97M) 13.489ms
[2020-08-10T13:11:59.875+0300][1659.417s][info ][gc] GC(54932) Pause Young (Allocation Failure) 86M->86M(97M) 13.640ms
[2020-08-10T13:11:59.889+0300][1659.431s][info ][gc] GC(54933) Pause Young (Allocation Failure) 86M->86M(97M) 13.625ms
[2020-08-10T13:11:59.903+0300][1659.446s][info ][gc] GC(54934) Pause Young (Allocation Failure) 87M->87M(97M) 13.603ms
[2020-08-10T13:11:59.917+0300][1659.460s][info ][gc] GC(54935) Pause Young (Allocation Failure) 87M->87M(97M) 13.541ms
[2020-08-10T13:11:59.931+0300][1659.474s][info ][gc] GC(54936) Pause Young (Allocation Failure) 88M->88M(96M) 13.768ms
[2020-08-10T13:11:59.945+0300][1659.488s][info ][gc] GC(54937) Pause Young (Allocation Failure) 88M->88M(96M) 13.614ms
[2020-08-10T13:11:59.959+0300][1659.502s][info ][gc] GC(54938) Pause Young (Allocation Failure) 88M->88M(96M) 13.599ms
[2020-08-10T13:11:59.973+0300][1659.516s][info ][gc] GC(54939) Pause Young (Allocation Failure) 89M->89M(96M) 13.631ms
[2020-08-10T13:11:59.988+0300][1659.530s][info ][gc] GC(54940) Pause Young (Allocation Failure) 89M->89M(96M) 13.653ms
[2020-08-10T13:12:00.002+0300][1659.544s][info ][gc] GC(54941) Pause Young (Allocation Failure) 90M->90M(96M) 13.642ms
[2020-08-10T13:12:00.016+0300][1659.558s][info ][gc] GC(54942) Pause Young (Allocation Failure) 90M->90M(96M) 13.617ms
[2020-08-10T13:12:00.030+0300][1659.573s][info ][gc] GC(54943) Pause Young (Allocation Failure) 91M->91M(96M) 13.654ms
[2020-08-10T13:12:00.044+0300][1659.587s][info ][gc] GC(54944) Pause Young (Allocation Failure) 91M->91M(96M) 13.657ms
[2020-08-10T13:12:00.058+0300][1659.601s][info ][gc] GC(54945) Pause Young (Allocation Failure) 92M->92M(96M) 13.675ms
[2020-08-10T13:12:00.073+0300][1659.615s][info ][gc] GC(54946) Pause Young (Allocation Failure) 92M->92M(96M) 13.706ms
[2020-08-10T13:12:00.087+0300][1659.630s][info ][gc] GC(54947) Pause Young (Allocation Failure) 93M->93M(96M) 13.629ms
[2020-08-10T13:12:00.101+0300][1659.644s][info ][gc] GC(54948) Pause Young (Allocation Failure) 93M->93M(96M) 13.628ms
[2020-08-10T13:12:00.115+0300][1659.658s][info ][gc] GC(54949) Pause Young (Allocation Failure) 94M->94M(96M) 13.675ms
[2020-08-10T13:12:00.129+0300][1659.672s][info ][gc] GC(54950) Pause Young (Allocation Failure) 94M->94M(96M) 13.669ms
[2020-08-10T13:12:00.143+0300][1659.686s][info ][gc] GC(54951) Pause Young (Allocation Failure) 95M->94M(96M) 13.695ms
[2020-08-10T13:12:00.375+0300][1659.917s][debug][gc] GC(54952) Expanding ParOldGen from 97280K by 10752K to 108032K
[2020-08-10T13:12:00.375+0300][1659.918s][info ][gc] GC(54952) Pause Full (Ergonomics) 94M->94M(107M) 228.125ms
[2020-08-10T13:12:00.388+0300][1659.931s][info ][gc] GC(54953) Pause Young (Allocation Failure) 95M->95M(107M) 13.195ms
[2020-08-10T13:12:00.402+0300][1659.945s][info ][gc] GC(54954) Pause Young (Allocation Failure) 95M->95M(107M) 13.374ms
[2020-08-10T13:12:00.416+0300][1659.958s][info ][gc] GC(54955) Pause Young (Allocation Failure) 96M->96M(107M) 13.357ms
[2020-08-10T13:12:00.430+0300][1659.972s][info ][gc] GC(54956) Pause Young (Allocation Failure) 96M->96M(107M) 13.596ms
[2020-08-10T13:12:00.444+0300][1659.986s][info ][gc] GC(54957) Pause Young (Allocation Failure) 97M->97M(107M) 13.665ms
[2020-08-10T13:12:00.458+0300][1660.001s][info ][gc] GC(54958) Pause Young (Allocation Failure) 97M->97M(107M) 13.665ms
[2020-08-10T13:12:00.472+0300][1660.015s][info ][gc] GC(54959) Pause Young (Allocation Failure) 97M->97M(107M) 13.655ms
[2020-08-10T13:12:00.486+0300][1660.029s][info ][gc] GC(54960) Pause Young (Allocation Failure) 98M->98M(107M) 13.666ms
[2020-08-10T13:12:00.500+0300][1660.043s][info ][gc] GC(54961) Pause Young (Allocation Failure) 98M->98M(107M) 13.661ms
[2020-08-10T13:12:00.515+0300][1660.057s][info ][gc] GC(54962) Pause Young (Allocation Failure) 99M->99M(107M) 13.652ms
[2020-08-10T13:12:00.529+0300][1660.071s][info ][gc] GC(54963) Pause Young (Allocation Failure) 99M->99M(107M) 13.603ms
[2020-08-10T13:12:00.543+0300][1660.085s][info ][gc] GC(54964) Pause Young (Allocation Failure) 100M->100M(107M) 13.587ms
[2020-08-10T13:12:00.557+0300][1660.099s][info ][gc] GC(54965) Pause Young (Allocation Failure) 100M->100M(107M) 13.698ms
[2020-08-10T13:12:00.571+0300][1660.113s][info ][gc] GC(54966) Pause Young (Allocation Failure) 101M->101M(107M) 13.371ms
[2020-08-10T13:12:00.602+0300][1660.145s][info ][gc] GC(54967) Pause Young (Allocation Failure) 101M->101M(107M) 30.762ms
[2020-08-10T13:12:00.617+0300][1660.159s][info ][gc] GC(54968) Pause Young (Allocation Failure) 102M->102M(107M) 14.413ms
[2020-08-10T13:12:00.633+0300][1660.175s][info ][gc] GC(54969) Pause Young (Allocation Failure) 102M->102M(107M) 15.551ms
[2020-08-10T13:12:00.649+0300][1660.191s][info ][gc] GC(54970) Pause Young (Allocation Failure) 102M->102M(107M) 15.643ms
[2020-08-10T13:12:00.666+0300][1660.209s][info ][gc] GC(54971) Pause Young (Allocation Failure) 103M->103M(107M) 17.032ms
[2020-08-10T13:12:00.681+0300][1660.223s][info ][gc] GC(54972) Pause Young (Allocation Failure) 103M->103M(107M) 14.224ms
[2020-08-10T13:12:00.694+0300][1660.237s][info ][gc] GC(54973) Pause Young (Allocation Failure) 104M->104M(107M) 13.473ms
[2020-08-10T13:12:00.708+0300][1660.251s][info ][gc] GC(54974) Pause Young (Allocation Failure) 104M->104M(107M) 13.412ms
[2020-08-10T13:12:00.722+0300][1660.264s][info ][gc] GC(54975) Pause Young (Allocation Failure) 105M->105M(107M) 13.425ms
[2020-08-10T13:12:00.736+0300][1660.278s][info ][gc] GC(54976) Pause Young (Allocation Failure) 105M->105M(107M) 13.476ms
[2020-08-10T13:12:01.052+0300][1660.595s][debug][gc] GC(54977) Expanding ParOldGen from 108032K by 10752K to 118784K
[2020-08-10T13:12:01.052+0300][1660.595s][info ][gc] GC(54977) Pause Full (Ergonomics) 105M->105M(117M) 316.542ms
[2020-08-10T13:12:01.089+0300][1660.631s][info ][gc] GC(54978) Pause Young (Allocation Failure) 106M->106M(117M) 36.143ms
[2020-08-10T13:12:01.103+0300][1660.646s][info ][gc] GC(54979) Pause Young (Allocation Failure) 106M->106M(117M) 13.921ms
[2020-08-10T13:12:01.117+0300][1660.660s][info ][gc] GC(54980) Pause Young (Allocation Failure) 106M->106M(117M) 14.021ms
[2020-08-10T13:12:01.132+0300][1660.674s][info ][gc] GC(54981) Pause Young (Allocation Failure) 107M->107M(117M) 14.095ms
[2020-08-10T13:12:01.146+0300][1660.689s][info ][gc] GC(54982) Pause Young (Allocation Failure) 107M->107M(117M) 13.938ms
[2020-08-10T13:12:01.160+0300][1660.703s][info ][gc] GC(54983) Pause Young (Allocation Failure) 108M->108M(117M) 14.031ms
[2020-08-10T13:12:01.175+0300][1660.717s][info ][gc] GC(54984) Pause Young (Allocation Failure) 108M->108M(117M) 13.879ms
[2020-08-10T13:12:01.193+0300][1660.735s][info ][gc] GC(54985) Pause Young (Allocation Failure) 109M->109M(117M) 17.266ms
[2020-08-10T13:12:01.207+0300][1660.750s][info ][gc] GC(54986) Pause Young (Allocation Failure) 109M->109M(117M) 13.956ms
[2020-08-10T13:12:01.227+0300][1660.770s][info ][gc] GC(54987) Pause Young (Allocation Failure) 110M->110M(117M) 19.594ms
[2020-08-10T13:12:01.242+0300][1660.784s][info ][gc] GC(54988) Pause Young (Allocation Failure) 110M->110M(117M) 14.303ms
[2020-08-10T13:12:01.259+0300][1660.801s][info ][gc] GC(54989) Pause Young (Allocation Failure) 111M->111M(117M) 15.699ms
[2020-08-10T13:12:01.275+0300][1660.817s][info ][gc] GC(54990) Pause Young (Allocation Failure) 111M->111M(117M) 15.870ms
[2020-08-10T13:12:01.291+0300][1660.834s][info ][gc] GC(54991) Pause Young (Allocation Failure) 112M->111M(117M) 15.878ms
[2020-08-10T13:12:01.306+0300][1660.848s][info ][gc] GC(54992) Pause Young (Allocation Failure) 112M->112M(117M) 14.407ms
[2020-08-10T13:12:01.322+0300][1660.865s][info ][gc] GC(54993) Pause Young (Allocation Failure) 112M->112M(117M) 15.824ms
[2020-08-10T13:12:01.337+0300][1660.879s][info ][gc] GC(54994) Pause Young (Allocation Failure) 113M->113M(117M) 14.545ms
[2020-08-10T13:12:01.352+0300][1660.895s][info ][gc] GC(54995) Pause Young (Allocation Failure) 113M->113M(117M) 15.386ms
[2020-08-10T13:12:01.368+0300][1660.911s][info ][gc] GC(54996) Pause Young (Allocation Failure) 114M->114M(117M) 15.431ms
[2020-08-10T13:12:01.384+0300][1660.927s][info ][gc] GC(54997) Pause Young (Allocation Failure) 114M->114M(117M) 15.432ms
[2020-08-10T13:12:01.404+0300][1660.947s][info ][gc] GC(54998) Pause Young (Allocation Failure) 115M->115M(117M) 17.911ms
[2020-08-10T13:12:01.422+0300][1660.964s][info ][gc] GC(54999) Pause Young (Allocation Failure) 115M->115M(117M) 15.430ms
[2020-08-10T13:12:01.437+0300][1660.980s][info ][gc] GC(55000) Pause Young (Allocation Failure) 116M->116M(117M) 14.950ms
[2020-08-10T13:12:01.782+0300][1661.325s][debug][gc] GC(55001) Expanding ParOldGen from 118784K by 10752K to 129536K
[2020-08-10T13:12:01.783+0300][1661.325s][info ][gc] GC(55001) Pause Full (Ergonomics) 116M->115M(128M) 345.607ms
[2020-08-10T13:12:01.797+0300][1661.339s][info ][gc] GC(55002) Pause Young (Allocation Failure) 116M->116M(128M) 13.709ms
[2020-08-10T13:12:01.812+0300][1661.355s][info ][gc] GC(55003) Pause Young (Allocation Failure) 116M->116M(128M) 14.831ms
[2020-08-10T13:12:01.842+0300][1661.385s][info ][gc] GC(55004) Pause Young (Allocation Failure) 117M->117M(128M) 29.794ms
[2020-08-10T13:12:01.857+0300][1661.400s][info ][gc] GC(55005) Pause Young (Allocation Failure) 117M->117M(128M) 14.759ms
[2020-08-10T13:12:01.873+0300][1661.415s][info ][gc] GC(55006) Pause Young (Allocation Failure) 118M->118M(128M) 14.833ms
[2020-08-10T13:12:01.888+0300][1661.431s][info ][gc] GC(55007) Pause Young (Allocation Failure) 118M->118M(128M) 15.004ms
[2020-08-10T13:12:01.903+0300][1661.446s][info ][gc] GC(55008) Pause Young (Allocation Failure) 119M->119M(128M) 14.766ms
[2020-08-10T13:12:01.918+0300][1661.461s][info ][gc] GC(55009) Pause Young (Allocation Failure) 119M->119M(128M) 14.612ms
[2020-08-10T13:12:01.933+0300][1661.476s][info ][gc] GC(55010) Pause Young (Allocation Failure) 120M->120M(128M) 14.794ms
[2020-08-10T13:12:01.948+0300][1661.491s][info ][gc] GC(55011) Pause Young (Allocation Failure) 120M->120M(128M) 14.774ms
[2020-08-10T13:12:01.964+0300][1661.506s][info ][gc] GC(55012) Pause Young (Allocation Failure) 121M->121M(128M) 14.922ms
[2020-08-10T13:12:01.979+0300][1661.522s][info ][gc] GC(55013) Pause Young (Allocation Failure) 121M->121M(128M) 15.043ms
[2020-08-10T13:12:01.995+0300][1661.537s][info ][gc] GC(55014) Pause Young (Allocation Failure) 121M->121M(128M) 14.754ms
[2020-08-10T13:12:02.031+0300][1661.574s][info ][gc] GC(55015) Pause Young (Allocation Failure) 122M->122M(128M) 36.472ms
[2020-08-10T13:12:02.047+0300][1661.590s][info ][gc] GC(55016) Pause Young (Allocation Failure) 122M->122M(128M) 15.286ms
[2020-08-10T13:12:02.062+0300][1661.605s][info ][gc] GC(55017) Pause Young (Allocation Failure) 123M->123M(128M) 14.935ms
[2020-08-10T13:12:02.078+0300][1661.620s][info ][gc] GC(55018) Pause Young (Allocation Failure) 123M->123M(128M) 14.992ms
[2020-08-10T13:12:02.093+0300][1661.636s][info ][gc] GC(55019) Pause Young (Allocation Failure) 124M->124M(128M) 14.981ms
[2020-08-10T13:12:02.108+0300][1661.651s][info ][gc] GC(55020) Pause Young (Allocation Failure) 124M->124M(128M) 14.959ms
[2020-08-10T13:12:02.144+0300][1661.686s][info ][gc] GC(55021) Pause Young (Allocation Failure) 125M->125M(128M) 35.006ms
[2020-08-10T13:12:02.159+0300][1661.702s][info ][gc] GC(55022) Pause Young (Allocation Failure) 125M->125M(128M) 15.260ms
[2020-08-10T13:12:02.175+0300][1661.718s][info ][gc] GC(55023) Pause Young (Allocation Failure) 126M->126M(128M) 15.166ms
[2020-08-10T13:12:02.191+0300][1661.733s][info ][gc] GC(55024) Pause Young (Allocation Failure) 126M->126M(128M) 15.414ms
[2020-08-10T13:12:02.596+0300][1662.139s][debug][gc] GC(55025) Expanding ParOldGen from 129536K by 10752K to 140288K
[2020-08-10T13:12:02.596+0300][1662.139s][info ][gc] GC(55025) Pause Full (Ergonomics) 126M->126M(138M) 405.308ms
[2020-08-10T13:12:02.611+0300][1662.153s][info ][gc] GC(55026) Pause Young (Allocation Failure) 126M->126M(138M) 14.147ms
[2020-08-10T13:12:02.627+0300][1662.169s][info ][gc] GC(55027) Pause Young (Allocation Failure) 127M->127M(138M) 15.442ms
[2020-08-10T13:12:02.642+0300][1662.185s][info ][gc] GC(55028) Pause Young (Allocation Failure) 127M->127M(138M) 15.186ms
[2020-08-10T13:12:02.658+0300][1662.201s][info ][gc] GC(55029) Pause Young (Allocation Failure) 128M->128M(138M) 15.433ms
[2020-08-10T13:12:02.674+0300][1662.217s][info ][gc] GC(55030) Pause Young (Allocation Failure) 128M->128M(138M) 15.465ms
[2020-08-10T13:12:02.712+0300][1662.255s][info ][gc] GC(55031) Pause Young (Allocation Failure) 129M->129M(138M) 37.869ms
[2020-08-10T13:12:02.740+0300][1662.283s][info ][gc] GC(55032) Pause Young (Allocation Failure) 129M->129M(138M) 27.433ms
[2020-08-10T13:12:02.756+0300][1662.299s][info ][gc] GC(55033) Pause Young (Allocation Failure) 130M->129M(138M) 15.415ms
[2020-08-10T13:12:02.772+0300][1662.315s][info ][gc] GC(55034) Pause Young (Allocation Failure) 130M->130M(138M) 15.502ms
[2020-08-10T13:12:02.788+0300][1662.330s][info ][gc] GC(55035) Pause Young (Allocation Failure) 130M->130M(138M) 15.496ms
[2020-08-10T13:12:02.804+0300][1662.346s][info ][gc] GC(55036) Pause Young (Allocation Failure) 131M->131M(138M) 15.621ms
[2020-08-10T13:12:02.820+0300][1662.362s][info ][gc] GC(55037) Pause Young (Allocation Failure) 131M->131M(138M) 15.401ms
[2020-08-10T13:12:02.836+0300][1662.379s][info ][gc] GC(55038) Pause Young (Allocation Failure) 132M->132M(138M) 16.254ms
[2020-08-10T13:12:02.852+0300][1662.395s][info ][gc] GC(55039) Pause Young (Allocation Failure) 132M->132M(138M) 16.112ms
[2020-08-10T13:12:02.869+0300][1662.411s][info ][gc] GC(55040) Pause Young (Allocation Failure) 133M->133M(138M) 15.652ms
[2020-08-10T13:12:02.914+0300][1662.457s][info ][gc] GC(55041) Pause Young (Allocation Failure) 133M->133M(138M) 44.714ms
[2020-08-10T13:12:02.930+0300][1662.473s][info ][gc] GC(55042) Pause Young (Allocation Failure) 134M->134M(138M) 15.922ms
[2020-08-10T13:12:02.947+0300][1662.489s][info ][gc] GC(55043) Pause Young (Allocation Failure) 134M->134M(138M) 16.046ms
[2020-08-10T13:12:02.963+0300][1662.506s][info ][gc] GC(55044) Pause Young (Allocation Failure) 135M->135M(138M) 16.028ms
[2020-08-10T13:12:02.979+0300][1662.522s][info ][gc] GC(55045) Pause Young (Allocation Failure) 135M->135M(138M) 15.628ms
[2020-08-10T13:12:02.980+0300][1662.522s][debug][gc] Expanding ParOldGen from 140288K by 19968K to 160256K
[2020-08-10T13:12:03.003+0300][1662.546s][info ][gc] GC(55046) Pause Young (Allocation Failure) 155M->154M(158M) 15.262ms
[2020-08-10T13:12:03.017+0300][1662.560s][info ][gc] GC(55047) Pause Young (Allocation Failure) 155M->155M(158M) 14.036ms
[2020-08-10T13:12:03.031+0300][1662.574s][info ][gc] GC(55048) Pause Young (Allocation Failure) 155M->155M(158M) 13.235ms
[2020-08-10T13:12:03.045+0300][1662.587s][info ][gc] GC(55049) Pause Young (Allocation Failure) 156M->156M(158M) 13.253ms
[2020-08-10T13:12:03.080+0300][1662.623s][info ][gc] GC(55050) Pause Young (Allocation Failure) 156M->156M(158M) 35.226ms
[2020-08-10T13:12:03.118+0300][1662.660s][debug][gc] GC(55051) Shrinking ParOldGen from 160256K by 125952K to 34304K
[2020-08-10T13:12:03.118+0300][1662.661s][info ][gc] GC(55051) Pause Full (Ergonomics) 156M->22M(35M) 37.500ms
[2020-08-10T13:12:03.131+0300][1662.674s][info ][gc] GC(55052) Pause Young (Allocation Failure) 23M->23M(35M) 13.084ms
[2020-08-10T13:12:03.145+0300][1662.688s][info ][gc] GC(55053) Pause Young (Allocation Failure) 23M->23M(35M) 13.380ms
[2020-08-10T13:12:03.159+0300][1662.702s][info ][gc] GC(55054) Pause Young (Allocation Failure) 24M->24M(35M) 13.432ms
[2020-08-10T13:12:03.173+0300][1662.716s][info ][gc] GC(55055) Pause Young (Allocation Failure) 24M->24M(35M) 13.495ms
[2020-08-10T13:12:03.187+0300][1662.729s][info ][gc] GC(55056) Pause Young (Allocation Failure) 25M->25M(35M) 13.412ms
[2020-08-10T13:12:03.201+0300][1662.743s][info ][gc] GC(55057) Pause Young (Allocation Failure) 25M->25M(35M) 13.367ms
[2020-08-10T13:12:03.214+0300][1662.757s][info ][gc] GC(55058) Pause Young (Allocation Failure) 26M->26M(35M) 13.377ms
[2020-08-10T13:12:03.228+0300][1662.771s][info ][gc] GC(55059) Pause Young (Allocation Failure) 26M->26M(35M) 13.359ms
[2020-08-10T13:12:03.242+0300][1662.785s][info ][gc] GC(55060) Pause Young (Allocation Failure) 27M->27M(35M) 13.451ms
[2020-08-10T13:12:03.256+0300][1662.799s][info ][gc] GC(55061) Pause Young (Allocation Failure) 27M->27M(35M) 13.431ms
[2020-08-10T13:12:03.270+0300][1662.813s][info ][gc] GC(55062) Pause Young (Allocation Failure) 28M->28M(35M) 13.480ms
[2020-08-10T13:12:03.284+0300][1662.827s][info ][gc] GC(55063) Pause Young (Allocation Failure) 28M->28M(35M) 13.416ms
[2020-08-10T13:12:03.298+0300][1662.841s][info ][gc] GC(55064) Pause Young (Allocation Failure) 28M->28M(35M) 13.510ms
[2020-08-10T13:12:03.312+0300][1662.855s][info ][gc] GC(55065) Pause Young (Allocation Failure) 29M->29M(35M) 13.560ms
[2020-08-10T13:12:03.326+0300][1662.869s][info ][gc] GC(55066) Pause Young (Allocation Failure) 29M->29M(35M) 13.385ms
[2020-08-10T13:12:03.340+0300][1662.883s][info ][gc] GC(55067) Pause Young (Allocation Failure) 30M->30M(35M) 13.357ms
[2020-08-10T13:12:03.354+0300][1662.896s][info ][gc] GC(55068) Pause Young (Allocation Failure) 30M->30M(35M) 13.479ms
[2020-08-10T13:12:03.367+0300][1662.910s][info ][gc] GC(55069) Pause Young (Allocation Failure) 31M->31M(35M) 13.346ms
[2020-08-10T13:12:03.381+0300][1662.924s][info ][gc] GC(55070) Pause Young (Allocation Failure) 32M->32M(35M) 13.561ms
[2020-08-10T13:12:03.395+0300][1662.938s][info ][gc] GC(55071) Pause Young (Allocation Failure) 33M->33M(35M) 13.458ms
[2020-08-10T13:12:03.409+0300][1662.952s][info ][gc] GC(55072) Pause Young (Allocation Failure) 34M->34M(35M) 13.769ms
[2020-08-10T13:12:03.467+0300][1663.010s][debug][gc] GC(55073) Expanding ParOldGen from 34304K by 11264K to 45568K
[2020-08-10T13:12:03.467+0300][1663.010s][info ][gc] GC(55073) Pause Full (Ergonomics) 34M->33M(46M) 57.826ms
[2020-08-10T13:12:03.486+0300][1663.028s][info ][gc] GC(55074) Pause Young (Allocation Failure) 34M->34M(47M) 17.600ms
[2020-08-10T13:12:03.500+0300][1663.043s][info ][gc] GC(55075) Pause Young (Allocation Failure) 35M->35M(47M) 13.842ms
[2020-08-10T13:12:03.514+0300][1663.057s][info ][gc] GC(55076) Pause Young (Allocation Failure) 36M->36M(47M) 13.795ms
[2020-08-10T13:12:03.529+0300][1663.071s][info ][gc] GC(55077) Pause Young (Allocation Failure) 37M->37M(47M) 13.944ms
[2020-08-10T13:12:03.543+0300][1663.086s][info ][gc] GC(55078) Pause Young (Allocation Failure) 38M->38M(47M) 13.741ms
[2020-08-10T13:12:03.557+0300][1663.100s][info ][gc] GC(55079) Pause Young (Allocation Failure) 39M->39M(47M) 13.938ms
[2020-08-10T13:12:03.572+0300][1663.114s][info ][gc] GC(55080) Pause Young (Allocation Failure) 40M->40M(47M) 13.816ms
[2020-08-10T13:12:03.586+0300][1663.129s][info ][gc] GC(55081) Pause Young (Allocation Failure) 41M->41M(47M) 13.896ms
[2020-08-10T13:12:03.600+0300][1663.143s][info ][gc] GC(55082) Pause Young (Allocation Failure) 42M->42M(47M) 13.905ms
[2020-08-10T13:12:03.615+0300][1663.158s][info ][gc] GC(55083) Pause Young (Allocation Failure) 43M->43M(47M) 14.016ms
[2020-08-10T13:12:03.629+0300][1663.172s][info ][gc] GC(55084) Pause Young (Allocation Failure) 44M->44M(47M) 14.056ms
[2020-08-10T13:12:03.644+0300][1663.187s][info ][gc] GC(55085) Pause Young (Allocation Failure) 45M->45M(47M) 14.091ms
[2020-08-10T13:12:03.735+0300][1663.278s][debug][gc] GC(55086) Expanding ParOldGen from 45568K by 11776K to 57344K
[2020-08-10T13:12:03.735+0300][1663.278s][info ][gc] GC(55086) Pause Full (Ergonomics) 45M->44M(58M) 90.592ms
[2020-08-10T13:12:03.755+0300][1663.298s][info ][gc] GC(55087) Pause Young (Allocation Failure) 45M->45M(58M) 19.591ms
[2020-08-10T13:12:03.770+0300][1663.312s][info ][gc] GC(55088) Pause Young (Allocation Failure) 46M->46M(58M) 13.817ms
[2020-08-10T13:12:03.784+0300][1663.327s][info ][gc] GC(55089) Pause Young (Allocation Failure) 47M->47M(58M) 13.852ms
[2020-08-10T13:12:03.799+0300][1663.341s][info ][gc] GC(55090) Pause Young (Allocation Failure) 48M->48M(58M) 13.870ms
[2020-08-10T13:12:03.813+0300][1663.356s][info ][gc] GC(55091) Pause Young (Allocation Failure) 49M->49M(58M) 14.014ms
[2020-08-10T13:12:03.828+0300][1663.371s][info ][gc] GC(55092) Pause Young (Allocation Failure) 50M->50M(58M) 14.026ms
[2020-08-10T13:12:03.843+0300][1663.385s][info ][gc] GC(55093) Pause Young (Allocation Failure) 51M->51M(58M) 14.118ms
[2020-08-10T13:12:03.857+0300][1663.400s][info ][gc] GC(55094) Pause Young (Allocation Failure) 52M->52M(58M) 14.144ms
[2020-08-10T13:12:03.872+0300][1663.415s][info ][gc] GC(55095) Pause Young (Allocation Failure) 53M->53M(58M) 14.103ms
[2020-08-10T13:12:03.887+0300][1663.430s][info ][gc] GC(55096) Pause Young (Allocation Failure) 54M->54M(58M) 14.117ms
[2020-08-10T13:12:03.902+0300][1663.444s][info ][gc] GC(55097) Pause Young (Allocation Failure) 55M->55M(58M) 14.157ms
[2020-08-10T13:12:03.916+0300][1663.459s][info ][gc] GC(55098) Pause Young (Allocation Failure) 56M->56M(58M) 14.118ms
[2020-08-10T13:12:04.031+0300][1663.574s][debug][gc] GC(55099) Expanding ParOldGen from 57344K by 11264K to 68608K
[2020-08-10T13:12:04.031+0300][1663.574s][info ][gc] GC(55099) Pause Full (Ergonomics) 56M->56M(69M) 114.548ms
[2020-08-10T13:12:04.055+0300][1663.598s][info ][gc] GC(55100) Pause Young (Allocation Failure) 57M->57M(69M) 23.231ms
[2020-08-10T13:12:04.069+0300][1663.612s][info ][gc] GC(55101) Pause Young (Allocation Failure) 58M->57M(69M) 14.100ms
[2020-08-10T13:12:04.084+0300][1663.627s][info ][gc] GC(55102) Pause Young (Allocation Failure) 58M->58M(69M) 14.197ms
[2020-08-10T13:12:04.099+0300][1663.642s][info ][gc] GC(55103) Pause Young (Allocation Failure) 59M->59M(69M) 14.048ms
[2020-08-10T13:12:04.114+0300][1663.656s][info ][gc] GC(55104) Pause Young (Allocation Failure) 60M->60M(69M) 14.197ms
[2020-08-10T13:12:04.128+0300][1663.671s][info ][gc] GC(55105) Pause Young (Allocation Failure) 61M->61M(69M) 14.211ms
[2020-08-10T13:12:04.143+0300][1663.686s][info ][gc] GC(55106) Pause Young (Allocation Failure) 62M->62M(69M) 14.205ms
[2020-08-10T13:12:04.158+0300][1663.701s][info ][gc] GC(55107) Pause Young (Allocation Failure) 63M->63M(69M) 14.154ms
[2020-08-10T13:12:04.173+0300][1663.715s][info ][gc] GC(55108) Pause Young (Allocation Failure) 64M->64M(69M) 14.286ms
[2020-08-10T13:12:04.187+0300][1663.730s][info ][gc] GC(55109) Pause Young (Allocation Failure) 65M->65M(69M) 14.235ms
[2020-08-10T13:12:04.202+0300][1663.745s][info ][gc] GC(55110) Pause Young (Allocation Failure) 66M->66M(69M) 14.233ms
[2020-08-10T13:12:04.217+0300][1663.760s][info ][gc] GC(55111) Pause Young (Allocation Failure) 67M->67M(69M) 14.139ms
[2020-08-10T13:12:04.365+0300][1663.908s][debug][gc] GC(55112) Expanding ParOldGen from 68608K by 11264K to 79872K
[2020-08-10T13:12:04.365+0300][1663.908s][info ][gc] GC(55112) Pause Full (Ergonomics) 67M->67M(80M) 147.596ms
[2020-08-10T13:12:04.393+0300][1663.936s][info ][gc] GC(55113) Pause Young (Allocation Failure) 68M->68M(80M) 27.945ms
[2020-08-10T13:12:04.408+0300][1663.951s][info ][gc] GC(55114) Pause Young (Allocation Failure) 69M->68M(80M) 14.319ms
[2020-08-10T13:12:04.423+0300][1663.966s][info ][gc] GC(55115) Pause Young (Allocation Failure) 69M->69M(80M) 14.324ms
[2020-08-10T13:12:04.438+0300][1663.981s][info ][gc] GC(55116) Pause Young (Allocation Failure) 70M->70M(80M) 14.223ms
[2020-08-10T13:12:04.453+0300][1663.996s][info ][gc] GC(55117) Pause Young (Allocation Failure) 71M->71M(80M) 14.454ms
[2020-08-10T13:12:04.468+0300][1664.011s][info ][gc] GC(55118) Pause Young (Allocation Failure) 72M->72M(80M) 14.424ms
[2020-08-10T13:12:04.483+0300][1664.026s][info ][gc] GC(55119) Pause Young (Allocation Failure) 73M->73M(79M) 14.180ms
[2020-08-10T13:12:04.497+0300][1664.040s][info ][gc] GC(55120) Pause Young (Allocation Failure) 74M->74M(80M) 13.977ms
[2020-08-10T13:12:04.512+0300][1664.055s][info ][gc] GC(55121) Pause Young (Allocation Failure) 75M->75M(80M) 14.206ms
[2020-08-10T13:12:04.527+0300][1664.070s][info ][gc] GC(55122) Pause Young (Allocation Failure) 76M->76M(80M) 14.238ms
[2020-08-10T13:12:04.542+0300][1664.085s][info ][gc] GC(55123) Pause Young (Allocation Failure) 77M->77M(80M) 14.242ms
[2020-08-10T13:12:04.556+0300][1664.099s][info ][gc] GC(55124) Pause Young (Allocation Failure) 78M->78M(80M) 14.228ms
[2020-08-10T13:12:04.743+0300][1664.285s][debug][gc] GC(55125) Expanding ParOldGen from 79872K by 11264K to 91136K
[2020-08-10T13:12:04.743+0300][1664.286s][info ][gc] GC(55125) Pause Full (Ergonomics) 78M->78M(91M) 186.007ms
[2020-08-10T13:12:04.774+0300][1664.317s][info ][gc] GC(55126) Pause Young (Allocation Failure) 79M->79M(91M) 30.993ms
[2020-08-10T13:12:04.805+0300][1664.348s][info ][gc] GC(55127) Pause Young (Allocation Failure) 80M->80M(91M) 30.351ms
[2020-08-10T13:12:04.820+0300][1664.363s][info ][gc] GC(55128) Pause Young (Allocation Failure) 81M->81M(91M) 14.163ms
[2020-08-10T13:12:04.834+0300][1664.377s][info ][gc] GC(55129) Pause Young (Allocation Failure) 82M->81M(91M) 14.280ms
[2020-08-10T13:12:04.849+0300][1664.392s][info ][gc] GC(55130) Pause Young (Allocation Failure) 82M->82M(91M) 14.377ms
[2020-08-10T13:12:04.864+0300][1664.407s][info ][gc] GC(55131) Pause Young (Allocation Failure) 83M->83M(91M) 14.369ms
[2020-08-10T13:12:04.895+0300][1664.438s][info ][gc] GC(55132) Pause Young (Allocation Failure) 84M->84M(91M) 30.062ms
[2020-08-10T13:12:04.910+0300][1664.453s][info ][gc] GC(55133) Pause Young (Allocation Failure) 85M->85M(91M) 14.380ms
[2020-08-10T13:12:04.925+0300][1664.468s][info ][gc] GC(55134) Pause Young (Allocation Failure) 86M->86M(91M) 14.575ms
[2020-08-10T13:12:04.940+0300][1664.483s][info ][gc] GC(55135) Pause Young (Allocation Failure) 87M->87M(91M) 14.602ms
[2020-08-10T13:12:04.955+0300][1664.498s][info ][gc] GC(55136) Pause Young (Allocation Failure) 88M->88M(91M) 14.679ms
[2020-08-10T13:12:04.970+0300][1664.513s][info ][gc] GC(55137) Pause Young (Allocation Failure) 89M->89M(91M) 14.659ms
[2020-08-10T13:12:05.186+0300][1664.729s][debug][gc] GC(55138) Expanding ParOldGen from 91136K by 11264K to 102400K
[2020-08-10T13:12:05.186+0300][1664.729s][info ][gc] GC(55138) Pause Full (Ergonomics) 89M->89M(102M) 215.439ms
[2020-08-10T13:12:05.220+0300][1664.762s][info ][gc] GC(55139) Pause Young (Allocation Failure) 90M->90M(102M) 33.141ms
[2020-08-10T13:12:05.235+0300][1664.778s][info ][gc] GC(55140) Pause Young (Allocation Failure) 91M->91M(102M) 15.237ms
[2020-08-10T13:12:05.251+0300][1664.794s][info ][gc] GC(55141) Pause Young (Allocation Failure) 92M->92M(102M) 15.360ms
[2020-08-10T13:12:05.267+0300][1664.810s][info ][gc] GC(55142) Pause Young (Allocation Failure) 93M->93M(102M) 15.367ms
[2020-08-10T13:12:05.283+0300][1664.826s][info ][gc] GC(55143) Pause Young (Allocation Failure) 94M->93M(102M) 15.395ms
[2020-08-10T13:12:05.299+0300][1664.842s][info ][gc] GC(55144) Pause Young (Allocation Failure) 94M->94M(102M) 15.378ms
[2020-08-10T13:12:05.315+0300][1664.858s][info ][gc] GC(55145) Pause Young (Allocation Failure) 95M->95M(102M) 15.496ms
[2020-08-10T13:12:05.332+0300][1664.875s][info ][gc] GC(55146) Pause Young (Allocation Failure) 96M->96M(102M) 16.053ms
[2020-08-10T13:12:05.348+0300][1664.891s][info ][gc] GC(55147) Pause Young (Allocation Failure) 97M->97M(102M) 15.633ms
[2020-08-10T13:12:05.364+0300][1664.907s][info ][gc] GC(55148) Pause Young (Allocation Failure) 98M->98M(102M) 15.701ms
[2020-08-10T13:12:05.381+0300][1664.924s][info ][gc] GC(55149) Pause Young (Allocation Failure) 99M->99M(102M) 16.035ms
[2020-08-10T13:12:05.398+0300][1664.941s][info ][gc] GC(55150) Pause Young (Allocation Failure) 100M->100M(102M) 16.510ms
[2020-08-10T13:12:05.646+0300][1665.188s][debug][gc] GC(55151) Expanding ParOldGen from 102400K by 11264K to 113664K
[2020-08-10T13:12:05.646+0300][1665.189s][info ][gc] GC(55151) Pause Full (Ergonomics) 100M->100M(113M) 247.378ms
[2020-08-10T13:12:05.682+0300][1665.225s][info ][gc] GC(55152) Pause Young (Allocation Failure) 101M->101M(113M) 35.989ms
[2020-08-10T13:12:05.699+0300][1665.242s][info ][gc] GC(55153) Pause Young (Allocation Failure) 102M->102M(113M) 16.168ms
[2020-08-10T13:12:05.716+0300][1665.259s][info ][gc] GC(55154) Pause Young (Allocation Failure) 103M->103M(113M) 16.126ms
[2020-08-10T13:12:05.733+0300][1665.275s][info ][gc] GC(55155) Pause Young (Allocation Failure) 104M->104M(113M) 16.174ms
[2020-08-10T13:12:05.750+0300][1665.292s][info ][gc] GC(55156) Pause Young (Allocation Failure) 105M->105M(113M) 16.314ms
[2020-08-10T13:12:05.767+0300][1665.310s][info ][gc] GC(55157) Pause Young (Allocation Failure) 106M->105M(113M) 16.697ms
[2020-08-10T13:12:05.784+0300][1665.327s][info ][gc] GC(55158) Pause Young (Allocation Failure) 106M->106M(113M) 16.477ms
[2020-08-10T13:12:05.801+0300][1665.344s][info ][gc] GC(55159) Pause Young (Allocation Failure) 107M->107M(113M) 16.830ms
[2020-08-10T13:12:05.819+0300][1665.362s][info ][gc] GC(55160) Pause Young (Allocation Failure) 108M->108M(113M) 16.786ms
[2020-08-10T13:12:05.836+0300][1665.379s][info ][gc] GC(55161) Pause Young (Allocation Failure) 109M->109M(113M) 16.861ms
[2020-08-10T13:12:05.854+0300][1665.397s][info ][gc] GC(55162) Pause Young (Allocation Failure) 110M->110M(113M) 16.785ms
[2020-08-10T13:12:05.871+0300][1665.414s][info ][gc] GC(55163) Pause Young (Allocation Failure) 111M->111M(113M) 16.868ms
[2020-08-10T13:12:06.145+0300][1665.688s][debug][gc] GC(55164) Expanding ParOldGen from 113664K by 11264K to 124928K
[2020-08-10T13:12:06.145+0300][1665.688s][info ][gc] GC(55164) Pause Full (Ergonomics) 111M->111M(124M) 273.810ms
[2020-08-10T13:12:06.196+0300][1665.739s][info ][gc] GC(55165) Pause Young (Allocation Failure) 112M->112M(124M) 50.789ms
[2020-08-10T13:12:06.214+0300][1665.757s][info ][gc] GC(55166) Pause Young (Allocation Failure) 113M->113M(124M) 16.887ms
[2020-08-10T13:12:06.231+0300][1665.774s][info ][gc] GC(55167) Pause Young (Allocation Failure) 114M->114M(124M) 16.981ms
[2020-08-10T13:12:06.249+0300][1665.792s][info ][gc] GC(55168) Pause Young (Allocation Failure) 115M->115M(124M) 17.640ms
[2020-08-10T13:12:06.267+0300][1665.810s][info ][gc] GC(55169) Pause Young (Allocation Failure) 116M->116M(124M) 17.354ms
[2020-08-10T13:12:06.285+0300][1665.828s][info ][gc] GC(55170) Pause Young (Allocation Failure) 117M->117M(124M) 17.393ms
[2020-08-10T13:12:06.303+0300][1665.846s][info ][gc] GC(55171) Pause Young (Allocation Failure) 118M->118M(124M) 17.796ms
[2020-08-10T13:12:06.322+0300][1665.865s][info ][gc] GC(55172) Pause Young (Allocation Failure) 119M->119M(124M) 17.853ms
[2020-08-10T13:12:06.340+0300][1665.883s][info ][gc] GC(55173) Pause Young (Allocation Failure) 120M->119M(124M) 17.819ms
[2020-08-10T13:12:06.359+0300][1665.902s][info ][gc] GC(55174) Pause Young (Allocation Failure) 120M->120M(124M) 18.153ms
[2020-08-10T13:12:06.377+0300][1665.920s][info ][gc] GC(55175) Pause Young (Allocation Failure) 121M->121M(124M) 17.827ms
[2020-08-10T13:12:06.396+0300][1665.939s][info ][gc] GC(55176) Pause Young (Allocation Failure) 122M->122M(124M) 17.866ms
[2020-08-10T13:12:06.725+0300][1666.268s][debug][gc] GC(55177) Expanding ParOldGen from 124928K by 11264K to 136192K
[2020-08-10T13:12:06.725+0300][1666.268s][info ][gc] GC(55177) Pause Full (Ergonomics) 122M->122M(135M) 329.060ms
[2020-08-10T13:12:06.759+0300][1666.302s][info ][gc] GC(55178) Pause Young (Allocation Failure) 123M->123M(135M) 33.952ms
[2020-08-10T13:12:06.778+0300][1666.321s][info ][gc] GC(55179) Pause Young (Allocation Failure) 124M->124M(135M) 18.358ms
[2020-08-10T13:12:06.797+0300][1666.340s][info ][gc] GC(55180) Pause Young (Allocation Failure) 125M->125M(135M) 18.703ms
[2020-08-10T13:12:06.817+0300][1666.360s][info ][gc] GC(55181) Pause Young (Allocation Failure) 126M->126M(135M) 18.823ms
[2020-08-10T13:12:06.837+0300][1666.380s][info ][gc] GC(55182) Pause Young (Allocation Failure) 127M->127M(135M) 18.833ms
[2020-08-10T13:12:06.856+0300][1666.399s][info ][gc] GC(55183) Pause Young (Allocation Failure) 128M->128M(135M) 18.733ms
[2020-08-10T13:12:06.875+0300][1666.418s][info ][gc] GC(55184) Pause Young (Allocation Failure) 129M->129M(135M) 18.608ms
[2020-08-10T13:12:06.894+0300][1666.437s][info ][gc] GC(55185) Pause Young (Allocation Failure) 130M->130M(135M) 18.623ms
[2020-08-10T13:12:06.913+0300][1666.456s][info ][gc] GC(55186) Pause Young (Allocation Failure) 131M->131M(135M) 18.947ms
[2020-08-10T13:12:06.933+0300][1666.476s][info ][gc] GC(55187) Pause Young (Allocation Failure) 132M->132M(135M) 19.053ms
[2020-08-10T13:12:06.952+0300][1666.495s][info ][gc] GC(55188) Pause Young (Allocation Failure) 133M->133M(135M) 18.987ms
[2020-08-10T13:12:07.302+0300][1666.845s][debug][gc] GC(55189) Expanding ParOldGen from 136192K by 11264K to 147456K
[2020-08-10T13:12:07.302+0300][1666.845s][info ][gc] GC(55189) Pause Full (Ergonomics) 133M->133M(146M) 349.839ms
[2020-08-10T13:12:07.336+0300][1666.879s][info ][gc] GC(55190) Pause Young (Allocation Failure) 134M->133M(146M) 33.563ms
[2020-08-10T13:12:07.355+0300][1666.898s][info ][gc] GC(55191) Pause Young (Allocation Failure) 134M->134M(146M) 18.421ms
[2020-08-10T13:12:07.356+0300][1666.899s][debug][gc] Expanding ParOldGen from 147456K by 19968K to 167424K
[2020-08-10T13:12:07.381+0300][1666.924s][info ][gc] GC(55192) Pause Young (Allocation Failure) 155M->154M(166M) 17.663ms
[2020-08-10T13:12:07.397+0300][1666.940s][info ][gc] GC(55193) Pause Young (Allocation Failure) 155M->155M(166M) 15.063ms
[2020-08-10T13:12:07.411+0300][1666.954s][info ][gc] GC(55194) Pause Young (Allocation Failure) 156M->156M(166M) 13.930ms
[2020-08-10T13:12:07.426+0300][1666.969s][info ][gc] GC(55195) Pause Young (Allocation Failure) 157M->157M(166M) 13.964ms
[2020-08-10T13:12:07.440+0300][1666.983s][info ][gc] GC(55196) Pause Young (Allocation Failure) 158M->158M(166M) 13.974ms
[2020-08-10T13:12:07.454+0300][1666.997s][info ][gc] GC(55197) Pause Young (Allocation Failure) 159M->159M(166M) 13.734ms
[2020-08-10T13:12:07.468+0300][1667.011s][info ][gc] GC(55198) Pause Young (Allocation Failure) 160M->160M(166M) 13.755ms
[2020-08-10T13:12:07.483+0300][1667.026s][info ][gc] GC(55199) Pause Young (Allocation Failure) 161M->161M(166M) 13.865ms
[2020-08-10T13:12:07.497+0300][1667.040s][info ][gc] GC(55200) Pause Young (Allocation Failure) 162M->162M(165M) 14.160ms
[2020-08-10T13:12:07.512+0300][1667.055s][info ][gc] GC(55201) Pause Young (Allocation Failure) 163M->163M(165M) 13.795ms
[2020-08-10T13:12:07.572+0300][1667.115s][debug][gc] GC(55202) Shrinking ParOldGen from 167424K by 125440K to 41984K
[2020-08-10T13:12:07.572+0300][1667.115s][info ][gc] GC(55202) Pause Full (Ergonomics) 163M->29M(43M) 59.952ms
[2020-08-10T13:12:07.586+0300][1667.129s][info ][gc] GC(55203) Pause Young (Allocation Failure) 30M->30M(42M) 13.830ms
[2020-08-10T13:12:07.600+0300][1667.143s][info ][gc] GC(55204) Pause Young (Allocation Failure) 31M->31M(43M) 13.113ms
[2020-08-10T13:12:07.613+0300][1667.156s][info ][gc] GC(55205) Pause Young (Allocation Failure) 31M->31M(43M) 12.846ms
[2020-08-10T13:12:07.626+0300][1667.169s][info ][gc] GC(55206) Pause Young (Allocation Failure) 32M->32M(43M) 12.879ms
[2020-08-10T13:12:07.639+0300][1667.182s][info ][gc] GC(55207) Pause Young (Allocation Failure) 32M->32M(43M) 12.890ms
[2020-08-10T13:12:07.653+0300][1667.196s][info ][gc] GC(55208) Pause Young (Allocation Failure) 33M->33M(43M) 12.926ms
[2020-08-10T13:12:07.666+0300][1667.209s][info ][gc] GC(55209) Pause Young (Allocation Failure) 33M->33M(43M) 12.956ms
[2020-08-10T13:12:07.679+0300][1667.223s][info ][gc] GC(55210) Pause Young (Allocation Failure) 34M->34M(43M) 12.948ms
[2020-08-10T13:12:07.693+0300][1667.236s][info ][gc] GC(55211) Pause Young (Allocation Failure) 34M->34M(43M) 12.966ms
[2020-08-10T13:12:07.706+0300][1667.249s][info ][gc] GC(55212) Pause Young (Allocation Failure) 34M->34M(43M) 12.949ms
[2020-08-10T13:12:07.720+0300][1667.263s][info ][gc] GC(55213) Pause Young (Allocation Failure) 35M->35M(43M) 12.929ms
[2020-08-10T13:12:07.733+0300][1667.276s][info ][gc] GC(55214) Pause Young (Allocation Failure) 35M->35M(43M) 12.935ms
[2020-08-10T13:12:07.747+0300][1667.290s][info ][gc] GC(55215) Pause Young (Allocation Failure) 36M->36M(43M) 13.016ms
[2020-08-10T13:12:07.760+0300][1667.303s][info ][gc] GC(55216) Pause Young (Allocation Failure) 36M->36M(43M) 12.950ms
[2020-08-10T13:12:07.774+0300][1667.317s][info ][gc] GC(55217) Pause Young (Allocation Failure) 37M->37M(43M) 12.929ms
[2020-08-10T13:12:07.787+0300][1667.330s][info ][gc] GC(55218) Pause Young (Allocation Failure) 37M->37M(43M) 12.959ms
[2020-08-10T13:12:07.801+0300][1667.343s][info ][gc] GC(55219) Pause Young (Allocation Failure) 38M->38M(43M) 13.067ms
[2020-08-10T13:12:07.815+0300][1667.358s][info ][gc] GC(55220) Pause Young (Allocation Failure) 38M->38M(42M) 13.931ms
[2020-08-10T13:12:07.828+0300][1667.371s][info ][gc] GC(55221) Pause Young (Allocation Failure) 39M->39M(42M) 12.823ms
[2020-08-10T13:12:07.841+0300][1667.384s][info ][gc] GC(55222) Pause Young (Allocation Failure) 39M->39M(42M) 13.075ms
[2020-08-10T13:12:07.855+0300][1667.398s][info ][gc] GC(55223) Pause Young (Allocation Failure) 40M->40M(42M) 13.030ms
[2020-08-10T13:12:07.868+0300][1667.411s][info ][gc] GC(55224) Pause Young (Allocation Failure) 40M->40M(42M) 12.793ms
[2020-08-10T13:12:07.881+0300][1667.424s][info ][gc] GC(55225) Pause Young (Allocation Failure) 41M->40M(42M) 12.791ms
[2020-08-10T13:12:07.957+0300][1667.500s][debug][gc] GC(55226) Expanding ParOldGen from 41984K by 11264K to 53248K
[2020-08-10T13:12:07.957+0300][1667.500s][info ][gc] GC(55226) Pause Full (Ergonomics) 40M->40M(53M) 75.798ms
[2020-08-10T13:12:07.970+0300][1667.513s][info ][gc] GC(55227) Pause Young (Allocation Failure) 41M->41M(53M) 12.741ms
[2020-08-10T13:12:07.983+0300][1667.527s][info ][gc] GC(55228) Pause Young (Allocation Failure) 41M->41M(53M) 12.939ms
[2020-08-10T13:12:07.997+0300][1667.540s][info ][gc] GC(55229) Pause Young (Allocation Failure) 42M->42M(53M) 12.810ms
[2020-08-10T13:12:08.010+0300][1667.553s][info ][gc] GC(55230) Pause Young (Allocation Failure) 42M->42M(53M) 12.940ms
[2020-08-10T13:12:08.023+0300][1667.566s][info ][gc] GC(55231) Pause Young (Allocation Failure) 43M->43M(53M) 12.713ms
[2020-08-10T13:12:08.036+0300][1667.579s][info ][gc] GC(55232) Pause Young (Allocation Failure) 43M->43M(53M) 12.897ms
[2020-08-10T13:12:08.050+0300][1667.593s][info ][gc] GC(55233) Pause Young (Allocation Failure) 44M->43M(53M) 12.828ms
[2020-08-10T13:12:08.063+0300][1667.606s][info ][gc] GC(55234) Pause Young (Allocation Failure) 44M->44M(53M) 12.887ms
[2020-08-10T13:12:08.076+0300][1667.619s][info ][gc] GC(55235) Pause Young (Allocation Failure) 44M->44M(53M) 12.793ms
[2020-08-10T13:12:08.090+0300][1667.633s][info ][gc] GC(55236) Pause Young (Allocation Failure) 45M->45M(53M) 12.919ms
[2020-08-10T13:12:08.103+0300][1667.646s][info ][gc] GC(55237) Pause Young (Allocation Failure) 45M->45M(53M) 12.755ms
[2020-08-10T13:12:08.116+0300][1667.659s][info ][gc] GC(55238) Pause Young (Allocation Failure) 46M->46M(53M) 12.833ms
[2020-08-10T13:12:08.129+0300][1667.672s][info ][gc] GC(55239) Pause Young (Allocation Failure) 46M->46M(53M) 12.815ms
[2020-08-10T13:12:08.147+0300][1667.690s][info ][gc] GC(55240) Pause Young (Allocation Failure) 47M->47M(53M) 17.252ms
[2020-08-10T13:12:08.160+0300][1667.703s][info ][gc] GC(55241) Pause Young (Allocation Failure) 47M->47M(53M) 12.928ms
[2020-08-10T13:12:08.173+0300][1667.716s][info ][gc] GC(55242) Pause Young (Allocation Failure) 48M->48M(53M) 13.005ms
[2020-08-10T13:12:08.187+0300][1667.730s][info ][gc] GC(55243) Pause Young (Allocation Failure) 48M->48M(53M) 13.058ms
[2020-08-10T13:12:08.200+0300][1667.743s][info ][gc] GC(55244) Pause Young (Allocation Failure) 49M->49M(53M) 12.847ms
[2020-08-10T13:12:08.214+0300][1667.757s][info ][gc] GC(55245) Pause Young (Allocation Failure) 49M->49M(53M) 13.089ms
[2020-08-10T13:12:08.227+0300][1667.770s][info ][gc] GC(55246) Pause Young (Allocation Failure) 49M->49M(53M) 12.914ms
[2020-08-10T13:12:08.241+0300][1667.784s][info ][gc] GC(55247) Pause Young (Allocation Failure) 50M->50M(53M) 12.812ms
[2020-08-10T13:12:08.254+0300][1667.797s][info ][gc] GC(55248) Pause Young (Allocation Failure) 50M->50M(53M) 12.858ms
[2020-08-10T13:12:08.268+0300][1667.811s][info ][gc] GC(55249) Pause Young (Allocation Failure) 51M->51M(53M) 13.738ms
[2020-08-10T13:12:08.282+0300][1667.825s][info ][gc] GC(55250) Pause Young (Allocation Failure) 51M->51M(53M) 13.829ms
[2020-08-10T13:12:08.296+0300][1667.839s][info ][gc] GC(55251) Pause Young (Allocation Failure) 52M->52M(53M) 13.028ms
[2020-08-10T13:12:08.406+0300][1667.949s][debug][gc] GC(55252) Expanding ParOldGen from 53248K by 10752K to 64000K
[2020-08-10T13:12:08.406+0300][1667.949s][info ][gc] GC(55252) Pause Full (Ergonomics) 52M->51M(64M) 109.962ms
[2020-08-10T13:12:08.419+0300][1667.963s][info ][gc] GC(55253) Pause Young (Allocation Failure) 52M->52M(64M) 12.800ms
[2020-08-10T13:12:08.434+0300][1667.977s][info ][gc] GC(55254) Pause Young (Allocation Failure) 52M->52M(64M) 14.490ms
[2020-08-10T13:12:08.448+0300][1667.991s][info ][gc] GC(55255) Pause Young (Allocation Failure) 53M->53M(64M) 13.429ms
[2020-08-10T13:12:08.462+0300][1668.005s][info ][gc] GC(55256) Pause Young (Allocation Failure) 53M->53M(64M) 12.910ms
[2020-08-10T13:12:08.475+0300][1668.018s][info ][gc] GC(55257) Pause Young (Allocation Failure) 54M->54M(64M) 12.994ms
[2020-08-10T13:12:08.489+0300][1668.032s][info ][gc] GC(55258) Pause Young (Allocation Failure) 54M->54M(64M) 13.017ms
[2020-08-10T13:12:08.502+0300][1668.045s][info ][gc] GC(55259) Pause Young (Allocation Failure) 55M->55M(64M) 12.917ms
[2020-08-10T13:12:08.515+0300][1668.058s][info ][gc] GC(55260) Pause Young (Allocation Failure) 55M->55M(64M) 12.872ms
[2020-08-10T13:12:08.529+0300][1668.072s][info ][gc] GC(55261) Pause Young (Allocation Failure) 56M->56M(64M) 13.035ms
[2020-08-10T13:12:08.542+0300][1668.085s][info ][gc] GC(55262) Pause Young (Allocation Failure) 57M->56M(64M) 13.260ms
[2020-08-10T13:12:08.556+0300][1668.099s][info ][gc] GC(55263) Pause Young (Allocation Failure) 57M->57M(64M) 13.201ms
[2020-08-10T13:12:08.570+0300][1668.113s][info ][gc] GC(55264) Pause Young (Allocation Failure) 58M->58M(64M) 13.220ms
[2020-08-10T13:12:08.584+0300][1668.127s][info ][gc] GC(55265) Pause Young (Allocation Failure) 59M->59M(65M) 13.497ms
[2020-08-10T13:12:08.598+0300][1668.141s][info ][gc] GC(55266) Pause Young (Allocation Failure) 60M->60M(65M) 13.505ms
[2020-08-10T13:12:08.612+0300][1668.156s][info ][gc] GC(55267) Pause Young (Allocation Failure) 61M->61M(65M) 13.626ms
[2020-08-10T13:12:08.627+0300][1668.170s][info ][gc] GC(55268) Pause Young (Allocation Failure) 62M->62M(65M) 13.551ms
[2020-08-10T13:12:08.759+0300][1668.302s][debug][gc] GC(55269) Expanding ParOldGen from 64000K by 11264K to 75264K
[2020-08-10T13:12:08.760+0300][1668.303s][info ][gc] GC(55269) Pause Full (Ergonomics) 62M->62M(76M) 132.822ms
[2020-08-10T13:12:08.784+0300][1668.327s][info ][gc] GC(55270) Pause Young (Allocation Failure) 63M->63M(76M) 23.890ms
[2020-08-10T13:12:08.798+0300][1668.341s][info ][gc] GC(55271) Pause Young (Allocation Failure) 64M->64M(76M) 13.318ms
[2020-08-10T13:12:08.812+0300][1668.355s][info ][gc] GC(55272) Pause Young (Allocation Failure) 65M->65M(76M) 13.271ms
[2020-08-10T13:12:08.825+0300][1668.368s][info ][gc] GC(55273) Pause Young (Allocation Failure) 66M->66M(76M) 13.193ms
[2020-08-10T13:12:08.839+0300][1668.382s][info ][gc] GC(55274) Pause Young (Allocation Failure) 67M->66M(76M) 13.130ms
[2020-08-10T13:12:08.853+0300][1668.396s][info ][gc] GC(55275) Pause Young (Allocation Failure) 67M->67M(76M) 13.388ms
[2020-08-10T13:12:08.866+0300][1668.409s][info ][gc] GC(55276) Pause Young (Allocation Failure) 68M->68M(76M) 13.364ms
[2020-08-10T13:12:08.880+0300][1668.423s][info ][gc] GC(55277) Pause Young (Allocation Failure) 69M->69M(76M) 13.324ms
[2020-08-10T13:12:08.905+0300][1668.448s][info ][gc] GC(55278) Pause Young (Allocation Failure) 70M->70M(76M) 24.120ms
[2020-08-10T13:12:08.919+0300][1668.462s][info ][gc] GC(55279) Pause Young (Allocation Failure) 71M->71M(76M) 13.654ms
[2020-08-10T13:12:08.933+0300][1668.476s][info ][gc] GC(55280) Pause Young (Allocation Failure) 72M->72M(76M) 13.571ms
[2020-08-10T13:12:08.947+0300][1668.490s][info ][gc] GC(55281) Pause Young (Allocation Failure) 73M->73M(76M) 13.460ms
[2020-08-10T13:12:09.116+0300][1668.659s][debug][gc] GC(55282) Expanding ParOldGen from 75264K by 11776K to 87040K
[2020-08-10T13:12:09.116+0300][1668.659s][info ][gc] GC(55282) Pause Full (Ergonomics) 73M->73M(87M) 168.696ms
[2020-08-10T13:12:09.129+0300][1668.672s][info ][gc] GC(55283) Pause Young (Allocation Failure) 74M->74M(87M) 12.961ms
[2020-08-10T13:12:09.143+0300][1668.686s][info ][gc] GC(55284) Pause Young (Allocation Failure) 75M->75M(87M) 13.391ms
[2020-08-10T13:12:09.157+0300][1668.700s][info ][gc] GC(55285) Pause Young (Allocation Failure) 76M->76M(87M) 13.431ms
[2020-08-10T13:12:09.171+0300][1668.714s][info ][gc] GC(55286) Pause Young (Allocation Failure) 77M->77M(87M) 13.356ms
[2020-08-10T13:12:09.184+0300][1668.727s][info ][gc] GC(55287) Pause Young (Allocation Failure) 78M->78M(87M) 13.452ms
[2020-08-10T13:12:09.199+0300][1668.742s][info ][gc] GC(55288) Pause Young (Allocation Failure) 79M->79M(87M) 13.634ms
[2020-08-10T13:12:09.213+0300][1668.756s][info ][gc] GC(55289) Pause Young (Allocation Failure) 80M->80M(87M) 13.614ms
[2020-08-10T13:12:09.227+0300][1668.770s][info ][gc] GC(55290) Pause Young (Allocation Failure) 81M->80M(87M) 13.597ms
[2020-08-10T13:12:09.241+0300][1668.784s][info ][gc] GC(55291) Pause Young (Allocation Failure) 81M->81M(87M) 13.545ms
[2020-08-10T13:12:09.255+0300][1668.798s][info ][gc] GC(55292) Pause Young (Allocation Failure) 82M->82M(87M) 13.760ms
[2020-08-10T13:12:09.270+0300][1668.813s][info ][gc] GC(55293) Pause Young (Allocation Failure) 83M->83M(87M) 13.817ms
[2020-08-10T13:12:09.284+0300][1668.827s][info ][gc] GC(55294) Pause Young (Allocation Failure) 84M->84M(87M) 13.770ms
[2020-08-10T13:12:09.476+0300][1669.019s][debug][gc] GC(55295) Expanding ParOldGen from 87040K by 11264K to 98304K
[2020-08-10T13:12:09.476+0300][1669.019s][info ][gc] GC(55295) Pause Full (Ergonomics) 84M->84M(98M) 192.105ms
[2020-08-10T13:12:09.490+0300][1669.033s][info ][gc] GC(55296) Pause Young (Allocation Failure) 85M->85M(98M) 13.190ms
[2020-08-10T13:12:09.504+0300][1669.047s][info ][gc] GC(55297) Pause Young (Allocation Failure) 86M->86M(98M) 13.791ms
[2020-08-10T13:12:09.519+0300][1669.062s][info ][gc] GC(55298) Pause Young (Allocation Failure) 87M->87M(98M) 14.050ms
[2020-08-10T13:12:09.533+0300][1669.076s][info ][gc] GC(55299) Pause Young (Allocation Failure) 88M->88M(98M) 14.080ms
[2020-08-10T13:12:09.548+0300][1669.091s][info ][gc] GC(55300) Pause Young (Allocation Failure) 89M->89M(98M) 14.188ms
[2020-08-10T13:12:09.563+0300][1669.106s][info ][gc] GC(55301) Pause Young (Allocation Failure) 90M->90M(98M) 14.297ms
[2020-08-10T13:12:09.578+0300][1669.121s][info ][gc] GC(55302) Pause Young (Allocation Failure) 91M->91M(98M) 14.279ms
[2020-08-10T13:12:09.592+0300][1669.135s][info ][gc] GC(55303) Pause Young (Allocation Failure) 92M->92M(98M) 14.292ms
[2020-08-10T13:12:09.607+0300][1669.150s][info ][gc] GC(55304) Pause Young (Allocation Failure) 93M->93M(98M) 14.355ms
[2020-08-10T13:12:09.622+0300][1669.165s][info ][gc] GC(55305) Pause Young (Allocation Failure) 94M->94M(98M) 14.658ms
[2020-08-10T13:12:09.637+0300][1669.180s][info ][gc] GC(55306) Pause Young (Allocation Failure) 95M->95M(98M) 14.716ms
[2020-08-10T13:12:09.652+0300][1669.196s][info ][gc] GC(55307) Pause Young (Allocation Failure) 96M->96M(98M) 14.629ms
[2020-08-10T13:12:09.874+0300][1669.417s][debug][gc] GC(55308) Expanding ParOldGen from 98304K by 11776K to 110080K
[2020-08-10T13:12:09.875+0300][1669.417s][info ][gc] GC(55308) Pause Full (Ergonomics) 96M->95M(110M) 220.955ms
[2020-08-10T13:12:09.888+0300][1669.430s][info ][gc] GC(55309) Pause Young (Allocation Failure) 96M->96M(110M) 13.194ms
[2020-08-10T13:12:09.904+0300][1669.446s][info ][gc] GC(55310) Pause Young (Allocation Failure) 97M->97M(110M) 14.877ms
[2020-08-10T13:12:09.919+0300][1669.461s][info ][gc] GC(55311) Pause Young (Allocation Failure) 98M->98M(110M) 14.610ms
[2020-08-10T13:12:09.935+0300][1669.477s][info ][gc] GC(55312) Pause Young (Allocation Failure) 99M->99M(110M) 15.331ms
[2020-08-10T13:12:09.950+0300][1669.493s][info ][gc] GC(55313) Pause Young (Allocation Failure) 100M->100M(110M) 15.278ms
[2020-08-10T13:12:09.966+0300][1669.508s][info ][gc] GC(55314) Pause Young (Allocation Failure) 101M->101M(110M) 15.311ms
[2020-08-10T13:12:09.982+0300][1669.524s][info ][gc] GC(55315) Pause Young (Allocation Failure) 102M->102M(110M) 15.293ms
[2020-08-10T13:12:09.998+0300][1669.540s][info ][gc] GC(55316) Pause Young (Allocation Failure) 103M->103M(110M) 15.321ms
[2020-08-10T13:12:10.014+0300][1669.556s][info ][gc] GC(55317) Pause Young (Allocation Failure) 104M->104M(110M) 15.396ms
[2020-08-10T13:12:10.030+0300][1669.572s][info ][gc] GC(55318) Pause Young (Allocation Failure) 105M->105M(110M) 15.508ms
[2020-08-10T13:12:10.046+0300][1669.588s][info ][gc] GC(55319) Pause Young (Allocation Failure) 106M->106M(110M) 15.556ms
[2020-08-10T13:12:10.062+0300][1669.604s][info ][gc] GC(55320) Pause Young (Allocation Failure) 107M->107M(110M) 15.771ms
[2020-08-10T13:12:10.335+0300][1669.877s][debug][gc] GC(55321) Expanding ParOldGen from 110080K by 11264K to 121344K
[2020-08-10T13:12:10.335+0300][1669.877s][info ][gc] GC(55321) Pause Full (Ergonomics) 107M->107M(121M) 272.909ms
[2020-08-10T13:12:10.348+0300][1669.891s][info ][gc] GC(55322) Pause Young (Allocation Failure) 108M->108M(121M) 13.117ms
[2020-08-10T13:12:10.365+0300][1669.907s][info ][gc] GC(55323) Pause Young (Allocation Failure) 109M->109M(121M) 15.780ms
[2020-08-10T13:12:10.381+0300][1669.924s][info ][gc] GC(55324) Pause Young (Allocation Failure) 110M->110M(121M) 15.955ms
[2020-08-10T13:12:10.398+0300][1669.940s][info ][gc] GC(55325) Pause Young (Allocation Failure) 111M->111M(121M) 16.223ms
[2020-08-10T13:12:10.415+0300][1669.957s][info ][gc] GC(55326) Pause Young (Allocation Failure) 112M->112M(121M) 16.191ms
[2020-08-10T13:12:10.432+0300][1669.974s][info ][gc] GC(55327) Pause Young (Allocation Failure) 113M->112M(121M) 16.489ms
[2020-08-10T13:12:10.448+0300][1669.991s][info ][gc] GC(55328) Pause Young (Allocation Failure) 113M->113M(121M) 16.026ms
[2020-08-10T13:12:10.465+0300][1670.007s][info ][gc] GC(55329) Pause Young (Allocation Failure) 114M->114M(121M) 15.925ms
[2020-08-10T13:12:10.481+0300][1670.023s][info ][gc] GC(55330) Pause Young (Allocation Failure) 115M->115M(121M) 15.955ms
[2020-08-10T13:12:10.498+0300][1670.040s][info ][gc] GC(55331) Pause Young (Allocation Failure) 116M->116M(120M) 16.801ms
[2020-08-10T13:12:10.527+0300][1670.069s][info ][gc] GC(55332) Pause Young (Allocation Failure) 117M->117M(120M) 27.680ms
[2020-08-10T13:12:10.565+0300][1670.107s][info ][gc] GC(55333) Pause Young (Allocation Failure) 118M->118M(121M) 38.114ms
[2020-08-10T13:12:10.899+0300][1670.441s][debug][gc] GC(55334) Expanding ParOldGen from 121344K by 11264K to 132608K
[2020-08-10T13:12:10.899+0300][1670.441s][info ][gc] GC(55334) Pause Full (Ergonomics) 118M->118M(132M) 333.856ms
[2020-08-10T13:12:10.931+0300][1670.473s][info ][gc] GC(55335) Pause Young (Allocation Failure) 119M->119M(132M) 31.172ms
[2020-08-10T13:12:10.949+0300][1670.491s][info ][gc] GC(55336) Pause Young (Allocation Failure) 120M->120M(132M) 17.910ms
[2020-08-10T13:12:10.967+0300][1670.509s][info ][gc] GC(55337) Pause Young (Allocation Failure) 121M->121M(132M) 17.550ms
[2020-08-10T13:12:10.985+0300][1670.527s][info ][gc] GC(55338) Pause Young (Allocation Failure) 122M->122M(132M) 17.779ms
[2020-08-10T13:12:11.003+0300][1670.545s][info ][gc] GC(55339) Pause Young (Allocation Failure) 123M->123M(132M) 17.452ms
[2020-08-10T13:12:11.021+0300][1670.563s][info ][gc] GC(55340) Pause Young (Allocation Failure) 124M->124M(132M) 17.643ms
[2020-08-10T13:12:11.039+0300][1670.581s][info ][gc] GC(55341) Pause Young (Allocation Failure) 125M->125M(132M) 17.529ms
[2020-08-10T13:12:11.057+0300][1670.599s][info ][gc] GC(55342) Pause Young (Allocation Failure) 126M->126M(132M) 17.942ms
[2020-08-10T13:12:11.076+0300][1670.618s][info ][gc] GC(55343) Pause Young (Allocation Failure) 127M->127M(132M) 17.877ms
[2020-08-10T13:12:11.094+0300][1670.636s][info ][gc] GC(55344) Pause Young (Allocation Failure) 128M->128M(132M) 18.273ms
[2020-08-10T13:12:11.113+0300][1670.655s][info ][gc] GC(55345) Pause Young (Allocation Failure) 129M->129M(132M) 18.122ms
[2020-08-10T13:12:11.131+0300][1670.674s][info ][gc] GC(55346) Pause Young (Allocation Failure) 130M->129M(132M) 18.086ms
[2020-08-10T13:12:11.518+0300][1671.060s][debug][gc] GC(55347) Expanding ParOldGen from 132608K by 11776K to 144384K
[2020-08-10T13:12:11.518+0300][1671.060s][info ][gc] GC(55347) Pause Full (Ergonomics) 129M->129M(143M) 386.821ms
[2020-08-10T13:12:11.552+0300][1671.094s][info ][gc] GC(55348) Pause Young (Allocation Failure) 130M->130M(143M) 33.346ms
[2020-08-10T13:12:11.571+0300][1671.113s][info ][gc] GC(55349) Pause Young (Allocation Failure) 131M->131M(143M) 18.695ms
[2020-08-10T13:12:11.594+0300][1671.136s][info ][gc] GC(55350) Pause Young (Allocation Failure) 132M->132M(143M) 22.816ms
[2020-08-10T13:12:11.613+0300][1671.155s][info ][gc] GC(55351) Pause Young (Allocation Failure) 133M->133M(143M) 18.641ms
[2020-08-10T13:12:11.632+0300][1671.175s][info ][gc] GC(55352) Pause Young (Allocation Failure) 134M->134M(143M) 18.458ms
[2020-08-10T13:12:11.651+0300][1671.194s][info ][gc] GC(55353) Pause Young (Allocation Failure) 135M->135M(143M) 18.341ms
[2020-08-10T13:12:11.652+0300][1671.194s][debug][gc] Expanding ParOldGen from 144384K by 19968K to 164352K
[2020-08-10T13:12:11.690+0300][1671.232s][info ][gc] GC(55354) Pause Young (Allocation Failure) 155M->155M(163M) 28.606ms
[2020-08-10T13:12:11.717+0300][1671.259s][info ][gc] GC(55355) Pause Young (Allocation Failure) 156M->156M(163M) 26.555ms
[2020-08-10T13:12:11.747+0300][1671.290s][info ][gc] GC(55356) Pause Young (Allocation Failure) 157M->157M(163M) 30.407ms
[2020-08-10T13:12:11.774+0300][1671.316s][info ][gc] GC(55357) Pause Young (Allocation Failure) 158M->158M(163M) 26.028ms
[2020-08-10T13:12:11.802+0300][1671.345s][info ][gc] GC(55358) Pause Young (Allocation Failure) 159M->159M(163M) 28.295ms
[2020-08-10T13:12:11.830+0300][1671.372s][info ][gc] GC(55359) Pause Young (Allocation Failure) 160M->160M(163M) 26.731ms
[2020-08-10T13:12:11.856+0300][1671.399s][info ][gc] GC(55360) Pause Young (Allocation Failure) 161M->161M(163M) 26.463ms
[2020-08-10T13:12:11.931+0300][1671.473s][debug][gc] GC(55361) Shrinking ParOldGen from 164352K by 124416K to 39936K
[2020-08-10T13:12:11.931+0300][1671.473s][info ][gc] GC(55361) Pause Full (Ergonomics) 161M->27M(41M) 74.424ms
[2020-08-10T13:12:11.958+0300][1671.500s][info ][gc] GC(55362) Pause Young (Allocation Failure) 28M->28M(41M) 25.834ms
[2020-08-10T13:12:11.977+0300][1671.519s][info ][gc] GC(55363) Pause Young (Allocation Failure) 29M->29M(41M) 18.706ms
[2020-08-10T13:12:11.990+0300][1671.533s][info ][gc] GC(55364) Pause Young (Allocation Failure) 30M->30M(41M) 13.249ms
[2020-08-10T13:12:12.004+0300][1671.546s][info ][gc] GC(55365) Pause Young (Allocation Failure) 31M->31M(41M) 13.348ms
[2020-08-10T13:12:12.018+0300][1671.560s][info ][gc] GC(55366) Pause Young (Allocation Failure) 32M->32M(41M) 13.303ms
[2020-08-10T13:12:12.032+0300][1671.574s][info ][gc] GC(55367) Pause Young (Allocation Failure) 33M->33M(41M) 13.235ms
[2020-08-10T13:12:12.045+0300][1671.587s][info ][gc] GC(55368) Pause Young (Allocation Failure) 34M->34M(41M) 13.272ms
[2020-08-10T13:12:12.065+0300][1671.608s][info ][gc] GC(55369) Pause Young (Allocation Failure) 35M->35M(41M) 19.826ms
[2020-08-10T13:12:12.079+0300][1671.621s][info ][gc] GC(55370) Pause Young (Allocation Failure) 36M->36M(41M) 13.137ms
[2020-08-10T13:12:12.093+0300][1671.635s][info ][gc] GC(55371) Pause Young (Allocation Failure) 37M->37M(41M) 13.496ms
[2020-08-10T13:12:12.107+0300][1671.649s][info ][gc] GC(55372) Pause Young (Allocation Failure) 38M->38M(41M) 13.488ms
[2020-08-10T13:12:12.121+0300][1671.663s][info ][gc] GC(55373) Pause Young (Allocation Failure) 39M->39M(41M) 13.409ms
[2020-08-10T13:12:12.193+0300][1671.735s][debug][gc] GC(55374) Expanding ParOldGen from 39936K by 11264K to 51200K
[2020-08-10T13:12:12.193+0300][1671.735s][info ][gc] GC(55374) Pause Full (Ergonomics) 39M->38M(52M) 72.263ms
[2020-08-10T13:12:12.207+0300][1671.749s][info ][gc] GC(55375) Pause Young (Allocation Failure) 39M->39M(52M) 13.017ms
[2020-08-10T13:12:12.220+0300][1671.763s][info ][gc] GC(55376) Pause Young (Allocation Failure) 40M->40M(52M) 13.206ms
[2020-08-10T13:12:12.252+0300][1671.795s][info ][gc] GC(55377) Pause Young (Allocation Failure) 41M->41M(52M) 31.688ms
[2020-08-10T13:12:12.266+0300][1671.809s][info ][gc] GC(55378) Pause Young (Allocation Failure) 42M->42M(52M) 13.577ms
[2020-08-10T13:12:12.280+0300][1671.822s][info ][gc] GC(55379) Pause Young (Allocation Failure) 43M->43M(51M) 13.396ms
[2020-08-10T13:12:12.294+0300][1671.836s][info ][gc] GC(55380) Pause Young (Allocation Failure) 44M->44M(52M) 13.017ms
[2020-08-10T13:12:12.307+0300][1671.850s][info ][gc] GC(55381) Pause Young (Allocation Failure) 45M->45M(52M) 13.294ms
[2020-08-10T13:12:12.321+0300][1671.863s][info ][gc] GC(55382) Pause Young (Allocation Failure) 46M->46M(52M) 13.375ms
[2020-08-10T13:12:12.335+0300][1671.877s][info ][gc] GC(55383) Pause Young (Allocation Failure) 47M->47M(52M) 13.539ms
[2020-08-10T13:12:12.349+0300][1671.891s][info ][gc] GC(55384) Pause Young (Allocation Failure) 48M->48M(52M) 13.222ms
[2020-08-10T13:12:12.363+0300][1671.905s][info ][gc] GC(55385) Pause Young (Allocation Failure) 49M->49M(52M) 13.669ms
[2020-08-10T13:12:12.377+0300][1671.919s][info ][gc] GC(55386) Pause Young (Allocation Failure) 50M->50M(52M) 13.388ms
[2020-08-10T13:12:12.475+0300][1672.017s][debug][gc] GC(55387) Expanding ParOldGen from 51200K by 11264K to 62464K
[2020-08-10T13:12:12.475+0300][1672.018s][info ][gc] GC(55387) Pause Full (Ergonomics) 50M->50M(63M) 98.223ms
[2020-08-10T13:12:12.511+0300][1672.053s][info ][gc] GC(55388) Pause Young (Allocation Failure) 51M->51M(63M) 35.133ms
[2020-08-10T13:12:12.525+0300][1672.067s][info ][gc] GC(55389) Pause Young (Allocation Failure) 52M->52M(63M) 13.580ms
[2020-08-10T13:12:12.539+0300][1672.081s][info ][gc] GC(55390) Pause Young (Allocation Failure) 53M->53M(63M) 13.337ms
[2020-08-10T13:12:12.553+0300][1672.095s][info ][gc] GC(55391) Pause Young (Allocation Failure) 54M->53M(63M) 13.595ms
[2020-08-10T13:12:12.567+0300][1672.109s][info ][gc] GC(55392) Pause Young (Allocation Failure) 54M->54M(63M) 13.614ms
[2020-08-10T13:12:12.582+0300][1672.124s][info ][gc] GC(55393) Pause Young (Allocation Failure) 55M->55M(63M) 13.506ms
[2020-08-10T13:12:12.597+0300][1672.139s][info ][gc] GC(55394) Pause Young (Allocation Failure) 56M->56M(63M) 14.121ms
[2020-08-10T13:12:12.611+0300][1672.153s][info ][gc] GC(55395) Pause Young (Allocation Failure) 57M->57M(63M) 13.461ms
[2020-08-10T13:12:12.624+0300][1672.167s][info ][gc] GC(55396) Pause Young (Allocation Failure) 58M->58M(63M) 13.496ms
[2020-08-10T13:12:12.638+0300][1672.180s][info ][gc] GC(55397) Pause Young (Allocation Failure) 59M->59M(63M) 13.416ms
[2020-08-10T13:12:12.652+0300][1672.194s][info ][gc] GC(55398) Pause Young (Allocation Failure) 60M->60M(63M) 13.596ms
[2020-08-10T13:12:12.666+0300][1672.209s][info ][gc] GC(55399) Pause Young (Allocation Failure) 61M->61M(63M) 13.643ms
[2020-08-10T13:12:12.797+0300][1672.339s][debug][gc] GC(55400) Expanding ParOldGen from 62464K by 11264K to 73728K
[2020-08-10T13:12:12.797+0300][1672.340s][info ][gc] GC(55400) Pause Full (Ergonomics) 61M->61M(74M) 130.910ms
[2020-08-10T13:12:12.825+0300][1672.367s][info ][gc] GC(55401) Pause Young (Allocation Failure) 62M->62M(74M) 26.924ms
[2020-08-10T13:12:12.838+0300][1672.381s][info ][gc] GC(55402) Pause Young (Allocation Failure) 63M->63M(74M) 13.590ms
[2020-08-10T13:12:12.852+0300][1672.395s][info ][gc] GC(55403) Pause Young (Allocation Failure) 64M->64M(74M) 13.555ms
[2020-08-10T13:12:12.866+0300][1672.409s][info ][gc] GC(55404) Pause Young (Allocation Failure) 65M->65M(74M) 13.528ms
[2020-08-10T13:12:12.880+0300][1672.422s][info ][gc] GC(55405) Pause Young (Allocation Failure) 66M->66M(74M) 13.519ms
[2020-08-10T13:12:12.894+0300][1672.436s][info ][gc] GC(55406) Pause Young (Allocation Failure) 67M->67M(74M) 13.386ms
[2020-08-10T13:12:12.908+0300][1672.450s][info ][gc] GC(55407) Pause Young (Allocation Failure) 68M->68M(74M) 13.409ms
[2020-08-10T13:12:12.922+0300][1672.464s][info ][gc] GC(55408) Pause Young (Allocation Failure) 69M->69M(74M) 13.544ms
[2020-08-10T13:12:12.936+0300][1672.478s][info ][gc] GC(55409) Pause Young (Allocation Failure) 70M->70M(74M) 13.593ms
[2020-08-10T13:12:12.950+0300][1672.492s][info ][gc] GC(55410) Pause Young (Allocation Failure) 71M->71M(74M) 13.786ms
[2020-08-10T13:12:12.964+0300][1672.506s][info ][gc] GC(55411) Pause Young (Allocation Failure) 72M->71M(74M) 13.697ms
[2020-08-10T13:12:13.123+0300][1672.666s][debug][gc] GC(55412) Expanding ParOldGen from 73728K by 11264K to 84992K
[2020-08-10T13:12:13.124+0300][1672.666s][info ][gc] GC(55412) Pause Full (Ergonomics) 71M->71M(85M) 159.284ms
[2020-08-10T13:12:13.137+0300][1672.679s][info ][gc] GC(55413) Pause Young (Allocation Failure) 72M->72M(85M) 13.152ms
[2020-08-10T13:12:13.151+0300][1672.694s][info ][gc] GC(55414) Pause Young (Allocation Failure) 73M->73M(85M) 13.551ms
[2020-08-10T13:12:13.165+0300][1672.707s][info ][gc] GC(55415) Pause Young (Allocation Failure) 74M->74M(85M) 13.473ms
[2020-08-10T13:12:13.179+0300][1672.722s][info ][gc] GC(55416) Pause Young (Allocation Failure) 75M->75M(85M) 13.606ms
[2020-08-10T13:12:13.194+0300][1672.736s][info ][gc] GC(55417) Pause Young (Allocation Failure) 76M->76M(85M) 13.636ms
[2020-08-10T13:12:13.208+0300][1672.750s][info ][gc] GC(55418) Pause Young (Allocation Failure) 77M->77M(85M) 13.895ms
[2020-08-10T13:12:13.222+0300][1672.764s][info ][gc] GC(55419) Pause Young (Allocation Failure) 78M->78M(85M) 13.504ms
[2020-08-10T13:12:13.236+0300][1672.778s][info ][gc] GC(55420) Pause Young (Allocation Failure) 79M->79M(85M) 13.596ms
[2020-08-10T13:12:13.250+0300][1672.793s][info ][gc] GC(55421) Pause Young (Allocation Failure) 80M->80M(85M) 13.580ms
[2020-08-10T13:12:13.264+0300][1672.807s][info ][gc] GC(55422) Pause Young (Allocation Failure) 81M->81M(85M) 13.554ms
[2020-08-10T13:12:13.278+0300][1672.820s][info ][gc] GC(55423) Pause Young (Allocation Failure) 82M->82M(85M) 13.473ms
[2020-08-10T13:12:13.292+0300][1672.835s][info ][gc] GC(55424) Pause Young (Allocation Failure) 83M->83M(85M) 13.684ms
[2020-08-10T13:12:13.484+0300][1673.027s][debug][gc] GC(55425) Expanding ParOldGen from 84992K by 11264K to 96256K
[2020-08-10T13:12:13.485+0300][1673.027s][info ][gc] GC(55425) Pause Full (Ergonomics) 83M->83M(96M) 191.906ms
[2020-08-10T13:12:13.516+0300][1673.058s][info ][gc] GC(55426) Pause Young (Allocation Failure) 84M->84M(96M) 30.689ms
[2020-08-10T13:12:13.530+0300][1673.073s][info ][gc] GC(55427) Pause Young (Allocation Failure) 85M->85M(96M) 14.258ms
[2020-08-10T13:12:13.545+0300][1673.087s][info ][gc] GC(55428) Pause Young (Allocation Failure) 86M->85M(96M) 14.003ms
[2020-08-10T13:12:13.559+0300][1673.102s][info ][gc] GC(55429) Pause Young (Allocation Failure) 86M->86M(96M) 14.187ms
[2020-08-10T13:12:13.574+0300][1673.117s][info ][gc] GC(55430) Pause Young (Allocation Failure) 87M->87M(95M) 14.381ms
[2020-08-10T13:12:13.589+0300][1673.131s][info ][gc] GC(55431) Pause Young (Allocation Failure) 88M->88M(96M) 13.541ms
[2020-08-10T13:12:13.603+0300][1673.146s][info ][gc] GC(55432) Pause Young (Allocation Failure) 89M->89M(96M) 14.305ms
[2020-08-10T13:12:13.618+0300][1673.160s][info ][gc] GC(55433) Pause Young (Allocation Failure) 90M->90M(96M) 14.437ms
[2020-08-10T13:12:13.633+0300][1673.175s][info ][gc] GC(55434) Pause Young (Allocation Failure) 91M->91M(96M) 14.584ms
[2020-08-10T13:12:13.648+0300][1673.191s][info ][gc] GC(55435) Pause Young (Allocation Failure) 92M->92M(96M) 14.761ms
[2020-08-10T13:12:13.664+0300][1673.206s][info ][gc] GC(55436) Pause Young (Allocation Failure) 93M->93M(96M) 14.932ms
[2020-08-10T13:12:13.679+0300][1673.221s][info ][gc] GC(55437) Pause Young (Allocation Failure) 94M->94M(96M) 14.960ms
[2020-08-10T13:12:13.906+0300][1673.448s][debug][gc] GC(55438) Expanding ParOldGen from 96256K by 11776K to 108032K
[2020-08-10T13:12:13.906+0300][1673.448s][info ][gc] GC(55438) Pause Full (Ergonomics) 94M->94M(108M) 226.736ms
[2020-08-10T13:12:13.940+0300][1673.483s][info ][gc] GC(55439) Pause Young (Allocation Failure) 95M->95M(108M) 33.805ms
[2020-08-10T13:12:13.956+0300][1673.498s][info ][gc] GC(55440) Pause Young (Allocation Failure) 96M->96M(108M) 15.086ms
[2020-08-10T13:12:13.972+0300][1673.514s][info ][gc] GC(55441) Pause Young (Allocation Failure) 97M->97M(108M) 15.200ms
[2020-08-10T13:12:13.987+0300][1673.530s][info ][gc] GC(55442) Pause Young (Allocation Failure) 98M->98M(108M) 15.273ms
[2020-08-10T13:12:14.003+0300][1673.546s][info ][gc] GC(55443) Pause Young (Allocation Failure) 99M->99M(108M) 15.330ms
[2020-08-10T13:12:14.019+0300][1673.562s][info ][gc] GC(55444) Pause Young (Allocation Failure) 100M->100M(108M) 15.525ms
[2020-08-10T13:12:14.035+0300][1673.578s][info ][gc] GC(55445) Pause Young (Allocation Failure) 101M->101M(108M) 15.635ms
[2020-08-10T13:12:14.052+0300][1673.594s][info ][gc] GC(55446) Pause Young (Allocation Failure) 102M->102M(108M) 15.979ms
[2020-08-10T13:12:14.068+0300][1673.610s][info ][gc] GC(55447) Pause Young (Allocation Failure) 103M->102M(108M) 15.640ms
[2020-08-10T13:12:14.084+0300][1673.626s][info ][gc] GC(55448) Pause Young (Allocation Failure) 103M->103M(108M) 15.757ms
[2020-08-10T13:12:14.101+0300][1673.643s][info ][gc] GC(55449) Pause Young (Allocation Failure) 104M->104M(108M) 15.966ms
[2020-08-10T13:12:14.117+0300][1673.659s][info ][gc] GC(55450) Pause Young (Allocation Failure) 105M->105M(108M) 15.680ms
[2020-08-10T13:12:14.383+0300][1673.925s][debug][gc] GC(55451) Expanding ParOldGen from 108032K by 11264K to 119296K
[2020-08-10T13:12:14.383+0300][1673.925s][info ][gc] GC(55451) Pause Full (Ergonomics) 105M->105M(119M) 265.984ms
[2020-08-10T13:12:14.434+0300][1673.976s][info ][gc] GC(55452) Pause Young (Allocation Failure) 106M->106M(119M) 50.418ms
[2020-08-10T13:12:14.451+0300][1673.993s][info ][gc] GC(55453) Pause Young (Allocation Failure) 107M->107M(119M) 16.295ms
[2020-08-10T13:12:14.467+0300][1674.010s][info ][gc] GC(55454) Pause Young (Allocation Failure) 108M->108M(119M) 16.155ms
[2020-08-10T13:12:14.484+0300][1674.027s][info ][gc] GC(55455) Pause Young (Allocation Failure) 109M->109M(119M) 16.486ms
[2020-08-10T13:12:14.501+0300][1674.044s][info ][gc] GC(55456) Pause Young (Allocation Failure) 110M->110M(119M) 16.528ms
[2020-08-10T13:12:14.518+0300][1674.061s][info ][gc] GC(55457) Pause Young (Allocation Failure) 111M->111M(119M) 16.397ms
[2020-08-10T13:12:14.535+0300][1674.078s][info ][gc] GC(55458) Pause Young (Allocation Failure) 112M->112M(119M) 16.685ms
[2020-08-10T13:12:14.553+0300][1674.095s][info ][gc] GC(55459) Pause Young (Allocation Failure) 113M->113M(119M) 16.663ms
[2020-08-10T13:12:14.570+0300][1674.112s][info ][gc] GC(55460) Pause Young (Allocation Failure) 114M->114M(119M) 16.756ms
[2020-08-10T13:12:14.587+0300][1674.129s][info ][gc] GC(55461) Pause Young (Allocation Failure) 115M->115M(119M) 16.478ms
[2020-08-10T13:12:14.615+0300][1674.158s][info ][gc] GC(55462) Pause Young (Allocation Failure) 116M->116M(119M) 28.283ms
[2020-08-10T13:12:14.633+0300][1674.175s][info ][gc] GC(55463) Pause Young (Allocation Failure) 117M->117M(119M) 17.008ms
[2020-08-10T13:12:14.927+0300][1674.469s][debug][gc] GC(55464) Expanding ParOldGen from 119296K by 11264K to 130560K
[2020-08-10T13:12:14.927+0300][1674.470s][info ][gc] GC(55464) Pause Full (Ergonomics) 117M->116M(130M) 294.083ms
[2020-08-10T13:12:14.960+0300][1674.502s][info ][gc] GC(55465) Pause Young (Allocation Failure) 117M->117M(130M) 32.066ms
[2020-08-10T13:12:14.978+0300][1674.520s][info ][gc] GC(55466) Pause Young (Allocation Failure) 118M->118M(130M) 17.376ms
[2020-08-10T13:12:14.996+0300][1674.538s][info ][gc] GC(55467) Pause Young (Allocation Failure) 119M->119M(130M) 17.474ms
[2020-08-10T13:12:15.014+0300][1674.556s][info ][gc] GC(55468) Pause Young (Allocation Failure) 120M->120M(130M) 17.452ms
[2020-08-10T13:12:15.032+0300][1674.574s][info ][gc] GC(55469) Pause Young (Allocation Failure) 121M->121M(130M) 17.542ms
[2020-08-10T13:12:15.050+0300][1674.592s][info ][gc] GC(55470) Pause Young (Allocation Failure) 122M->122M(130M) 17.664ms
[2020-08-10T13:12:15.068+0300][1674.610s][info ][gc] GC(55471) Pause Young (Allocation Failure) 123M->123M(130M) 17.720ms
[2020-08-10T13:12:15.086+0300][1674.629s][info ][gc] GC(55472) Pause Young (Allocation Failure) 124M->124M(130M) 17.743ms
[2020-08-10T13:12:15.105+0300][1674.647s][info ][gc] GC(55473) Pause Young (Allocation Failure) 125M->125M(130M) 18.081ms
[2020-08-10T13:12:15.123+0300][1674.666s][info ][gc] GC(55474) Pause Young (Allocation Failure) 126M->126M(130M) 18.153ms
[2020-08-10T13:12:15.147+0300][1674.689s][info ][gc] GC(55475) Pause Young (Allocation Failure) 127M->127M(130M) 22.801ms
[2020-08-10T13:12:15.651+0300][1675.193s][debug][gc] GC(55476) Expanding ParOldGen from 130560K by 11264K to 141824K
[2020-08-10T13:12:15.651+0300][1675.194s][info ][gc] GC(55476) Pause Full (Ergonomics) 127M->127M(141M) 504.387ms
[2020-08-10T13:12:15.667+0300][1675.209s][info ][gc] GC(55477) Pause Young (Allocation Failure) 128M->128M(141M) 15.150ms
[2020-08-10T13:12:15.685+0300][1675.228s][info ][gc] GC(55478) Pause Young (Allocation Failure) 129M->129M(141M) 17.761ms
[2020-08-10T13:12:15.704+0300][1675.246s][info ][gc] GC(55479) Pause Young (Allocation Failure) 130M->130M(141M) 17.873ms
[2020-08-10T13:12:15.722+0300][1675.265s][info ][gc] GC(55480) Pause Young (Allocation Failure) 131M->131M(141M) 18.079ms
[2020-08-10T13:12:15.741+0300][1675.283s][info ][gc] GC(55481) Pause Young (Allocation Failure) 132M->132M(141M) 17.939ms
[2020-08-10T13:12:15.759+0300][1675.302s][info ][gc] GC(55482) Pause Young (Allocation Failure) 133M->133M(141M) 18.293ms
[2020-08-10T13:12:15.778+0300][1675.321s][info ][gc] GC(55483) Pause Young (Allocation Failure) 134M->134M(141M) 18.358ms
[2020-08-10T13:12:15.797+0300][1675.340s][info ][gc] GC(55484) Pause Young (Allocation Failure) 135M->134M(141M) 18.444ms
[2020-08-10T13:12:15.798+0300][1675.340s][debug][gc] Expanding ParOldGen from 141824K by 19968K to 161792K
[2020-08-10T13:12:15.823+0300][1675.365s][info ][gc] GC(55485) Pause Young (Allocation Failure) 155M->154M(160M) 17.725ms
[2020-08-10T13:12:15.839+0300][1675.381s][info ][gc] GC(55486) Pause Young (Allocation Failure) 155M->155M(160M) 15.016ms
[2020-08-10T13:12:15.852+0300][1675.395s][info ][gc] GC(55487) Pause Young (Allocation Failure) 156M->156M(160M) 13.447ms
[2020-08-10T13:12:15.866+0300][1675.409s][info ][gc] GC(55488) Pause Young (Allocation Failure) 157M->157M(160M) 13.535ms
[2020-08-10T13:12:15.881+0300][1675.424s][info ][gc] GC(55489) Pause Young (Allocation Failure) 158M->158M(160M) 14.346ms
[2020-08-10T13:12:15.921+0300][1675.463s][debug][gc] GC(55490) Shrinking ParOldGen from 161792K by 124416K to 37376K
[2020-08-10T13:12:15.921+0300][1675.463s][info ][gc] GC(55490) Pause Full (Ergonomics) 158M->25M(39M) 39.619ms
[2020-08-10T13:12:15.934+0300][1675.476s][info ][gc] GC(55491) Pause Young (Allocation Failure) 26M->26M(39M) 12.787ms
[2020-08-10T13:12:15.948+0300][1675.490s][info ][gc] GC(55492) Pause Young (Allocation Failure) 27M->27M(39M) 13.369ms
[2020-08-10T13:12:15.961+0300][1675.504s][info ][gc] GC(55493) Pause Young (Allocation Failure) 28M->27M(39M) 13.162ms
[2020-08-10T13:12:15.975+0300][1675.517s][info ][gc] GC(55494) Pause Young (Allocation Failure) 28M->28M(39M) 13.211ms
[2020-08-10T13:12:15.988+0300][1675.531s][info ][gc] GC(55495) Pause Young (Allocation Failure) 29M->29M(39M) 13.136ms
[2020-08-10T13:12:16.002+0300][1675.544s][info ][gc] GC(55496) Pause Young (Allocation Failure) 30M->30M(39M) 13.231ms
[2020-08-10T13:12:16.015+0300][1675.558s][info ][gc] GC(55497) Pause Young (Allocation Failure) 31M->31M(39M) 13.187ms
[2020-08-10T13:12:16.029+0300][1675.572s][info ][gc] GC(55498) Pause Young (Allocation Failure) 32M->32M(39M) 13.544ms
[2020-08-10T13:12:16.043+0300][1675.586s][info ][gc] GC(55499) Pause Young (Allocation Failure) 33M->33M(39M) 13.457ms
[2020-08-10T13:12:16.057+0300][1675.600s][info ][gc] GC(55500) Pause Young (Allocation Failure) 34M->34M(38M) 13.449ms
[2020-08-10T13:12:16.071+0300][1675.613s][info ][gc] GC(55501) Pause Young (Allocation Failure) 35M->35M(38M) 13.196ms
[2020-08-10T13:12:16.085+0300][1675.627s][info ][gc] GC(55502) Pause Young (Allocation Failure) 36M->36M(38M) 13.578ms
[2020-08-10T13:12:16.148+0300][1675.690s][debug][gc] GC(55503) Expanding ParOldGen from 37376K by 11264K to 48640K
[2020-08-10T13:12:16.148+0300][1675.690s][info ][gc] GC(55503) Pause Full (Ergonomics) 36M->36M(49M) 62.861ms
[2020-08-10T13:12:16.161+0300][1675.704s][info ][gc] GC(55504) Pause Young (Allocation Failure) 37M->37M(49M) 12.949ms
[2020-08-10T13:12:16.175+0300][1675.718s][info ][gc] GC(55505) Pause Young (Allocation Failure) 38M->38M(49M) 13.483ms
[2020-08-10T13:12:16.189+0300][1675.732s][info ][gc] GC(55506) Pause Young (Allocation Failure) 39M->39M(49M) 13.474ms
[2020-08-10T13:12:16.203+0300][1675.746s][info ][gc] GC(55507) Pause Young (Allocation Failure) 40M->40M(49M) 13.519ms
[2020-08-10T13:12:16.217+0300][1675.760s][info ][gc] GC(55508) Pause Young (Allocation Failure) 41M->41M(49M) 13.285ms
[2020-08-10T13:12:16.231+0300][1675.774s][info ][gc] GC(55509) Pause Young (Allocation Failure) 42M->42M(49M) 13.487ms
[2020-08-10T13:12:16.245+0300][1675.788s][info ][gc] GC(55510) Pause Young (Allocation Failure) 43M->43M(49M) 13.425ms
[2020-08-10T13:12:16.259+0300][1675.801s][info ][gc] GC(55511) Pause Young (Allocation Failure) 44M->44M(49M) 13.288ms
[2020-08-10T13:12:16.272+0300][1675.815s][info ][gc] GC(55512) Pause Young (Allocation Failure) 45M->44M(49M) 13.236ms
[2020-08-10T13:12:16.286+0300][1675.828s][info ][gc] GC(55513) Pause Young (Allocation Failure) 45M->45M(49M) 13.211ms
[2020-08-10T13:12:16.300+0300][1675.842s][info ][gc] GC(55514) Pause Young (Allocation Failure) 46M->46M(49M) 13.245ms
[2020-08-10T13:12:16.313+0300][1675.856s][info ][gc] GC(55515) Pause Young (Allocation Failure) 47M->47M(49M) 13.245ms
[2020-08-10T13:12:16.405+0300][1675.948s][debug][gc] GC(55516) Expanding ParOldGen from 48640K by 11264K to 59904K
[2020-08-10T13:12:16.405+0300][1675.948s][info ][gc] GC(55516) Pause Full (Ergonomics) 47M->47M(60M) 92.002ms
[2020-08-10T13:12:16.426+0300][1675.968s][info ][gc] GC(55517) Pause Young (Allocation Failure) 48M->48M(60M) 19.736ms
[2020-08-10T13:12:16.440+0300][1675.982s][info ][gc] GC(55518) Pause Young (Allocation Failure) 49M->49M(60M) 13.646ms
[2020-08-10T13:12:16.454+0300][1675.996s][info ][gc] GC(55519) Pause Young (Allocation Failure) 50M->50M(60M) 13.639ms
[2020-08-10T13:12:16.468+0300][1676.011s][info ][gc] GC(55520) Pause Young (Allocation Failure) 51M->51M(60M) 13.630ms
[2020-08-10T13:12:16.482+0300][1676.025s][info ][gc] GC(55521) Pause Young (Allocation Failure) 52M->52M(60M) 13.630ms
[2020-08-10T13:12:16.496+0300][1676.039s][info ][gc] GC(55522) Pause Young (Allocation Failure) 53M->53M(60M) 13.480ms
[2020-08-10T13:12:16.510+0300][1676.053s][info ][gc] GC(55523) Pause Young (Allocation Failure) 54M->54M(60M) 13.664ms
[2020-08-10T13:12:16.525+0300][1676.067s][info ][gc] GC(55524) Pause Young (Allocation Failure) 55M->55M(60M) 13.572ms
[2020-08-10T13:12:16.539+0300][1676.081s][info ][gc] GC(55525) Pause Young (Allocation Failure) 56M->56M(60M) 13.584ms
[2020-08-10T13:12:16.553+0300][1676.095s][info ][gc] GC(55526) Pause Young (Allocation Failure) 57M->57M(60M) 13.504ms
[2020-08-10T13:12:16.567+0300][1676.109s][info ][gc] GC(55527) Pause Young (Allocation Failure) 58M->58M(60M) 13.585ms
[2020-08-10T13:12:16.591+0300][1676.133s][info ][gc] GC(55528) Pause Young (Allocation Failure) 59M->59M(60M) 23.957ms
[2020-08-10T13:12:16.715+0300][1676.258s][debug][gc] GC(55529) Expanding ParOldGen from 59904K by 11264K to 71168K
[2020-08-10T13:12:16.715+0300][1676.258s][info ][gc] GC(55529) Pause Full (Ergonomics) 59M->58M(71M) 124.189ms
[2020-08-10T13:12:16.742+0300][1676.284s][info ][gc] GC(55530) Pause Young (Allocation Failure) 59M->59M(71M) 26.080ms
[2020-08-10T13:12:16.756+0300][1676.299s][info ][gc] GC(55531) Pause Young (Allocation Failure) 60M->60M(71M) 13.792ms
[2020-08-10T13:12:16.770+0300][1676.313s][info ][gc] GC(55532) Pause Young (Allocation Failure) 61M->61M(71M) 13.610ms
[2020-08-10T13:12:16.804+0300][1676.346s][info ][gc] GC(55533) Pause Young (Allocation Failure) 62M->62M(71M) 33.333ms
[2020-08-10T13:12:16.818+0300][1676.361s][info ][gc] GC(55534) Pause Young (Allocation Failure) 63M->63M(71M) 13.835ms
[2020-08-10T13:12:16.833+0300][1676.375s][info ][gc] GC(55535) Pause Young (Allocation Failure) 64M->64M(71M) 13.627ms
[2020-08-10T13:12:16.849+0300][1676.391s][info ][gc] GC(55536) Pause Young (Allocation Failure) 65M->65M(71M) 15.524ms
[2020-08-10T13:12:16.864+0300][1676.407s][info ][gc] GC(55537) Pause Young (Allocation Failure) 66M->66M(71M) 15.069ms
[2020-08-10T13:12:16.879+0300][1676.421s][info ][gc] GC(55538) Pause Young (Allocation Failure) 67M->67M(71M) 13.790ms
[2020-08-10T13:12:16.893+0300][1676.435s][info ][gc] GC(55539) Pause Young (Allocation Failure) 68M->68M(71M) 13.493ms
[2020-08-10T13:12:16.907+0300][1676.449s][info ][gc] GC(55540) Pause Young (Allocation Failure) 69M->69M(71M) 13.671ms
[2020-08-10T13:12:17.072+0300][1676.615s][debug][gc] GC(55541) Expanding ParOldGen from 71168K by 11264K to 82432K
[2020-08-10T13:12:17.072+0300][1676.615s][info ][gc] GC(55541) Pause Full (Ergonomics) 69M->69M(82M) 165.263ms
[2020-08-10T13:12:17.086+0300][1676.628s][info ][gc] GC(55542) Pause Young (Allocation Failure) 70M->70M(82M) 13.107ms
[2020-08-10T13:12:17.100+0300][1676.643s][info ][gc] GC(55543) Pause Young (Allocation Failure) 71M->71M(82M) 13.583ms
[2020-08-10T13:12:17.114+0300][1676.657s][info ][gc] GC(55544) Pause Young (Allocation Failure) 72M->72M(82M) 13.532ms
[2020-08-10T13:12:17.128+0300][1676.671s][info ][gc] GC(55545) Pause Young (Allocation Failure) 73M->73M(82M) 13.580ms
[2020-08-10T13:12:17.142+0300][1676.685s][info ][gc] GC(55546) Pause Young (Allocation Failure) 74M->74M(82M) 13.552ms
[2020-08-10T13:12:17.156+0300][1676.699s][info ][gc] GC(55547) Pause Young (Allocation Failure) 75M->75M(82M) 13.565ms
[2020-08-10T13:12:17.170+0300][1676.713s][info ][gc] GC(55548) Pause Young (Allocation Failure) 76M->75M(82M) 13.603ms
[2020-08-10T13:12:17.185+0300][1676.727s][info ][gc] GC(55549) Pause Young (Allocation Failure) 76M->76M(82M) 13.530ms
[2020-08-10T13:12:17.199+0300][1676.741s][info ][gc] GC(55550) Pause Young (Allocation Failure) 77M->77M(82M) 13.467ms
[2020-08-10T13:12:17.213+0300][1676.755s][info ][gc] GC(55551) Pause Young (Allocation Failure) 78M->78M(82M) 13.522ms
[2020-08-10T13:12:17.227+0300][1676.769s][info ][gc] GC(55552) Pause Young (Allocation Failure) 79M->79M(82M) 13.631ms
[2020-08-10T13:12:17.241+0300][1676.783s][info ][gc] GC(55553) Pause Young (Allocation Failure) 80M->80M(82M) 13.633ms
[2020-08-10T13:12:17.438+0300][1676.981s][debug][gc] GC(55554) Expanding ParOldGen from 82432K by 11264K to 93696K
[2020-08-10T13:12:17.438+0300][1676.981s][info ][gc] GC(55554) Pause Full (Ergonomics) 80M->80M(93M) 197.331ms
[2020-08-10T13:12:17.469+0300][1677.012s][info ][gc] GC(55555) Pause Young (Allocation Failure) 81M->81M(93M) 30.434ms
[2020-08-10T13:12:17.484+0300][1677.027s][info ][gc] GC(55556) Pause Young (Allocation Failure) 82M->82M(93M) 14.451ms
[2020-08-10T13:12:17.499+0300][1677.041s][info ][gc] GC(55557) Pause Young (Allocation Failure) 83M->83M(93M) 13.985ms
[2020-08-10T13:12:17.514+0300][1677.056s][info ][gc] GC(55558) Pause Young (Allocation Failure) 84M->84M(93M) 14.049ms
[2020-08-10T13:12:17.528+0300][1677.071s][info ][gc] GC(55559) Pause Young (Allocation Failure) 85M->85M(93M) 14.089ms
[2020-08-10T13:12:17.543+0300][1677.085s][info ][gc] GC(55560) Pause Young (Allocation Failure) 86M->86M(93M) 14.126ms
[2020-08-10T13:12:17.558+0300][1677.100s][info ][gc] GC(55561) Pause Young (Allocation Failure) 87M->87M(93M) 14.383ms
[2020-08-10T13:12:17.573+0300][1677.115s][info ][gc] GC(55562) Pause Young (Allocation Failure) 88M->88M(93M) 14.260ms
[2020-08-10T13:12:17.599+0300][1677.142s][info ][gc] GC(55563) Pause Young (Allocation Failure) 89M->89M(93M) 25.636ms
[2020-08-10T13:12:17.614+0300][1677.157s][info ][gc] GC(55564) Pause Young (Allocation Failure) 90M->90M(93M) 14.661ms
[2020-08-10T13:12:17.629+0300][1677.172s][info ][gc] GC(55565) Pause Young (Allocation Failure) 91M->91M(93M) 14.624ms
[2020-08-10T13:12:17.645+0300][1677.187s][info ][gc] GC(55566) Pause Young (Allocation Failure) 92M->92M(93M) 14.817ms
[2020-08-10T13:12:17.854+0300][1677.397s][debug][gc] GC(55567) Expanding ParOldGen from 93696K by 11776K to 105472K
[2020-08-10T13:12:17.854+0300][1677.397s][info ][gc] GC(55567) Pause Full (Ergonomics) 92M->91M(105M) 209.295ms
[2020-08-10T13:12:17.888+0300][1677.430s][info ][gc] GC(55568) Pause Young (Allocation Failure) 92M->92M(105M) 32.830ms
[2020-08-10T13:12:17.903+0300][1677.445s][info ][gc] GC(55569) Pause Young (Allocation Failure) 93M->93M(105M) 14.803ms
[2020-08-10T13:12:17.919+0300][1677.461s][info ][gc] GC(55570) Pause Young (Allocation Failure) 94M->94M(105M) 15.179ms
[2020-08-10T13:12:17.934+0300][1677.477s][info ][gc] GC(55571) Pause Young (Allocation Failure) 95M->95M(105M) 15.242ms
[2020-08-10T13:12:17.950+0300][1677.493s][info ][gc] GC(55572) Pause Young (Allocation Failure) 96M->96M(105M) 15.336ms
[2020-08-10T13:12:17.966+0300][1677.508s][info ][gc] GC(55573) Pause Young (Allocation Failure) 97M->97M(105M) 15.171ms
[2020-08-10T13:12:17.982+0300][1677.524s][info ][gc] GC(55574) Pause Young (Allocation Failure) 98M->98M(105M) 15.250ms
[2020-08-10T13:12:17.998+0300][1677.540s][info ][gc] GC(55575) Pause Young (Allocation Failure) 99M->99M(105M) 15.376ms
[2020-08-10T13:12:18.013+0300][1677.556s][info ][gc] GC(55576) Pause Young (Allocation Failure) 100M->100M(105M) 15.247ms
[2020-08-10T13:12:18.029+0300][1677.572s][info ][gc] GC(55577) Pause Young (Allocation Failure) 101M->101M(105M) 15.581ms
[2020-08-10T13:12:18.045+0300][1677.588s][info ][gc] GC(55578) Pause Young (Allocation Failure) 102M->102M(105M) 15.596ms
[2020-08-10T13:12:18.062+0300][1677.604s][info ][gc] GC(55579) Pause Young (Allocation Failure) 103M->103M(105M) 15.623ms
[2020-08-10T13:12:18.301+0300][1677.844s][debug][gc] GC(55580) Expanding ParOldGen from 105472K by 11264K to 116736K
[2020-08-10T13:12:18.301+0300][1677.844s][info ][gc] GC(55580) Pause Full (Ergonomics) 103M->103M(116M) 239.552ms
[2020-08-10T13:12:18.338+0300][1677.880s][info ][gc] GC(55581) Pause Young (Allocation Failure) 104M->104M(116M) 35.571ms
[2020-08-10T13:12:18.354+0300][1677.897s][info ][gc] GC(55582) Pause Young (Allocation Failure) 105M->105M(116M) 16.049ms
[2020-08-10T13:12:18.371+0300][1677.913s][info ][gc] GC(55583) Pause Young (Allocation Failure) 106M->106M(116M) 15.772ms
[2020-08-10T13:12:18.387+0300][1677.930s][info ][gc] GC(55584) Pause Young (Allocation Failure) 107M->107M(116M) 15.982ms
[2020-08-10T13:12:18.403+0300][1677.946s][info ][gc] GC(55585) Pause Young (Allocation Failure) 108M->107M(116M) 16.009ms
[2020-08-10T13:12:18.420+0300][1677.963s][info ][gc] GC(55586) Pause Young (Allocation Failure) 108M->108M(116M) 16.350ms
[2020-08-10T13:12:18.437+0300][1677.980s][info ][gc] GC(55587) Pause Young (Allocation Failure) 109M->109M(116M) 16.364ms
[2020-08-10T13:12:18.454+0300][1677.996s][info ][gc] GC(55588) Pause Young (Allocation Failure) 110M->110M(116M) 16.208ms
[2020-08-10T13:12:18.471+0300][1678.013s][info ][gc] GC(55589) Pause Young (Allocation Failure) 111M->111M(116M) 16.389ms
[2020-08-10T13:12:18.488+0300][1678.031s][info ][gc] GC(55590) Pause Young (Allocation Failure) 112M->112M(116M) 16.931ms
[2020-08-10T13:12:18.506+0300][1678.048s][info ][gc] GC(55591) Pause Young (Allocation Failure) 113M->113M(116M) 16.914ms
[2020-08-10T13:12:18.523+0300][1678.065s][info ][gc] GC(55592) Pause Young (Allocation Failure) 114M->114M(116M) 16.662ms
[2020-08-10T13:12:18.870+0300][1678.412s][debug][gc] GC(55593) Expanding ParOldGen from 116736K by 11264K to 128000K
[2020-08-10T13:12:18.870+0300][1678.413s][info ][gc] GC(55593) Pause Full (Ergonomics) 114M->114M(127M) 347.200ms
[2020-08-10T13:12:18.903+0300][1678.446s][info ][gc] GC(55594) Pause Young (Allocation Failure) 115M->115M(127M) 32.765ms
[2020-08-10T13:12:18.921+0300][1678.464s][info ][gc] GC(55595) Pause Young (Allocation Failure) 116M->116M(127M) 17.400ms
[2020-08-10T13:12:18.939+0300][1678.482s][info ][gc] GC(55596) Pause Young (Allocation Failure) 117M->117M(127M) 17.474ms
[2020-08-10T13:12:18.957+0300][1678.500s][info ][gc] GC(55597) Pause Young (Allocation Failure) 118M->118M(127M) 17.392ms
[2020-08-10T13:12:18.975+0300][1678.518s][info ][gc] GC(55598) Pause Young (Allocation Failure) 119M->119M(127M) 17.308ms
[2020-08-10T13:12:18.993+0300][1678.535s][info ][gc] GC(55599) Pause Young (Allocation Failure) 120M->120M(127M) 17.432ms
[2020-08-10T13:12:19.011+0300][1678.554s][info ][gc] GC(55600) Pause Young (Allocation Failure) 121M->121M(127M) 17.682ms
[2020-08-10T13:12:19.029+0300][1678.572s][info ][gc] GC(55601) Pause Young (Allocation Failure) 122M->122M(127M) 17.587ms
[2020-08-10T13:12:19.047+0300][1678.590s][info ][gc] GC(55602) Pause Young (Allocation Failure) 123M->123M(127M) 17.490ms
[2020-08-10T13:12:19.065+0300][1678.608s][info ][gc] GC(55603) Pause Young (Allocation Failure) 124M->124M(127M) 17.888ms
[2020-08-10T13:12:19.084+0300][1678.626s][info ][gc] GC(55604) Pause Young (Allocation Failure) 125M->125M(127M) 17.849ms
[2020-08-10T13:12:19.489+0300][1679.031s][debug][gc] GC(55605) Expanding ParOldGen from 128000K by 11264K to 139264K
[2020-08-10T13:12:19.489+0300][1679.031s][info ][gc] GC(55605) Pause Full (Ergonomics) 125M->124M(138M) 404.949ms
[2020-08-10T13:12:19.504+0300][1679.046s][info ][gc] GC(55606) Pause Young (Allocation Failure) 125M->125M(138M) 14.648ms
[2020-08-10T13:12:19.522+0300][1679.064s][info ][gc] GC(55607) Pause Young (Allocation Failure) 126M->126M(138M) 17.296ms
[2020-08-10T13:12:19.540+0300][1679.082s][info ][gc] GC(55608) Pause Young (Allocation Failure) 127M->127M(138M) 17.592ms
[2020-08-10T13:12:19.571+0300][1679.113s][info ][gc] GC(55609) Pause Young (Allocation Failure) 128M->128M(138M) 30.637ms
[2020-08-10T13:12:19.589+0300][1679.131s][info ][gc] GC(55610) Pause Young (Allocation Failure) 129M->129M(138M) 17.793ms
[2020-08-10T13:12:19.607+0300][1679.149s][info ][gc] GC(55611) Pause Young (Allocation Failure) 130M->130M(138M) 17.693ms
[2020-08-10T13:12:19.625+0300][1679.168s][info ][gc] GC(55612) Pause Young (Allocation Failure) 131M->131M(138M) 17.938ms
[2020-08-10T13:12:19.644+0300][1679.187s][info ][gc] GC(55613) Pause Young (Allocation Failure) 132M->132M(138M) 18.634ms
[2020-08-10T13:12:19.663+0300][1679.205s][info ][gc] GC(55614) Pause Young (Allocation Failure) 133M->133M(138M) 17.974ms
[2020-08-10T13:12:19.688+0300][1679.231s][info ][gc] GC(55615) Pause Young (Allocation Failure) 134M->134M(138M) 24.626ms
[2020-08-10T13:12:19.707+0300][1679.250s][info ][gc] GC(55616) Pause Young (Allocation Failure) 135M->135M(138M) 18.764ms
[2020-08-10T13:12:19.707+0300][1679.250s][debug][gc] Expanding ParOldGen from 139264K by 19968K to 159232K
[2020-08-10T13:12:19.758+0300][1679.300s][info ][gc] GC(55617) Pause Young (Allocation Failure) 155M->155M(158M) 41.091ms
[2020-08-10T13:12:19.772+0300][1679.315s][info ][gc] GC(55618) Pause Young (Allocation Failure) 156M->156M(158M) 13.889ms
[2020-08-10T13:12:19.804+0300][1679.347s][debug][gc] GC(55619) Shrinking ParOldGen from 159232K by 124416K to 34816K
[2020-08-10T13:12:19.804+0300][1679.347s][info ][gc] GC(55619) Pause Full (Ergonomics) 156M->22M(36M) 31.875ms
[2020-08-10T13:12:19.817+0300][1679.360s][info ][gc] GC(55620) Pause Young (Allocation Failure) 23M->23M(36M) 12.781ms
[2020-08-10T13:12:19.831+0300][1679.373s][info ][gc] GC(55621) Pause Young (Allocation Failure) 24M->24M(36M) 13.215ms
[2020-08-10T13:12:19.844+0300][1679.387s][info ][gc] GC(55622) Pause Young (Allocation Failure) 25M->25M(36M) 13.305ms
[2020-08-10T13:12:19.858+0300][1679.401s][info ][gc] GC(55623) Pause Young (Allocation Failure) 26M->26M(36M) 13.445ms
[2020-08-10T13:12:19.872+0300][1679.415s][info ][gc] GC(55624) Pause Young (Allocation Failure) 27M->27M(36M) 13.333ms
[2020-08-10T13:12:19.886+0300][1679.429s][info ][gc] GC(55625) Pause Young (Allocation Failure) 28M->28M(36M) 13.455ms
[2020-08-10T13:12:19.900+0300][1679.443s][info ][gc] GC(55626) Pause Young (Allocation Failure) 29M->29M(36M) 13.438ms
[2020-08-10T13:12:19.914+0300][1679.456s][info ][gc] GC(55627) Pause Young (Allocation Failure) 30M->30M(36M) 13.365ms
[2020-08-10T13:12:19.927+0300][1679.470s][info ][gc] GC(55628) Pause Young (Allocation Failure) 31M->31M(36M) 13.251ms
[2020-08-10T13:12:19.941+0300][1679.484s][info ][gc] GC(55629) Pause Young (Allocation Failure) 32M->32M(36M) 13.292ms
[2020-08-10T13:12:19.955+0300][1679.497s][info ][gc] GC(55630) Pause Young (Allocation Failure) 33M->33M(36M) 13.332ms
[2020-08-10T13:12:19.968+0300][1679.511s][info ][gc] GC(55631) Pause Young (Allocation Failure) 34M->34M(36M) 13.269ms
[2020-08-10T13:12:20.020+0300][1679.563s][debug][gc] GC(55632) Expanding ParOldGen from 34816K by 11776K to 46592K
[2020-08-10T13:12:20.021+0300][1679.563s][info ][gc] GC(55632) Pause Full (Ergonomics) 34M->33M(48M) 51.994ms
[2020-08-10T13:12:20.034+0300][1679.577s][info ][gc] GC(55633) Pause Young (Allocation Failure) 34M->34M(48M) 12.957ms
[2020-08-10T13:12:20.048+0300][1679.590s][info ][gc] GC(55634) Pause Young (Allocation Failure) 35M->35M(48M) 13.249ms
[2020-08-10T13:12:20.061+0300][1679.604s][info ][gc] GC(55635) Pause Young (Allocation Failure) 36M->36M(48M) 13.123ms
[2020-08-10T13:12:20.075+0300][1679.618s][info ][gc] GC(55636) Pause Young (Allocation Failure) 37M->37M(47M) 13.704ms
[2020-08-10T13:12:20.089+0300][1679.632s][info ][gc] GC(55637) Pause Young (Allocation Failure) 38M->38M(47M) 13.435ms
[2020-08-10T13:12:20.103+0300][1679.646s][info ][gc] GC(55638) Pause Young (Allocation Failure) 39M->39M(47M) 13.444ms
[2020-08-10T13:12:20.117+0300][1679.660s][info ][gc] GC(55639) Pause Young (Allocation Failure) 40M->40M(47M) 13.375ms
[2020-08-10T13:12:20.131+0300][1679.674s][info ][gc] GC(55640) Pause Young (Allocation Failure) 41M->41M(47M) 13.513ms
[2020-08-10T13:12:20.145+0300][1679.688s][info ][gc] GC(55641) Pause Young (Allocation Failure) 42M->42M(47M) 13.497ms
[2020-08-10T13:12:20.159+0300][1679.702s][info ][gc] GC(55642) Pause Young (Allocation Failure) 43M->43M(47M) 13.347ms
[2020-08-10T13:12:20.173+0300][1679.715s][info ][gc] GC(55643) Pause Young (Allocation Failure) 44M->44M(47M) 13.149ms
[2020-08-10T13:12:20.195+0300][1679.737s][info ][gc] GC(55644) Pause Young (Allocation Failure) 45M->45M(47M) 21.631ms
[2020-08-10T13:12:20.208+0300][1679.751s][info ][gc] GC(55645) Pause Young (Allocation Failure) 46M->46M(47M) 13.382ms
[2020-08-10T13:12:20.299+0300][1679.841s][debug][gc] GC(55646) Expanding ParOldGen from 46592K by 11264K to 57856K
[2020-08-10T13:12:20.299+0300][1679.841s][info ][gc] GC(55646) Pause Full (Ergonomics) 46M->46M(58M) 90.351ms
[2020-08-10T13:12:20.319+0300][1679.861s][info ][gc] GC(55647) Pause Young (Allocation Failure) 47M->47M(58M) 19.294ms
[2020-08-10T13:12:20.333+0300][1679.875s][info ][gc] GC(55648) Pause Young (Allocation Failure) 48M->48M(58M) 13.580ms
[2020-08-10T13:12:20.346+0300][1679.889s][info ][gc] GC(55649) Pause Young (Allocation Failure) 49M->48M(58M) 13.381ms
[2020-08-10T13:12:20.361+0300][1679.903s][info ][gc] GC(55650) Pause Young (Allocation Failure) 49M->49M(58M) 13.397ms
[2020-08-10T13:12:20.374+0300][1679.917s][info ][gc] GC(55651) Pause Young (Allocation Failure) 50M->50M(58M) 13.530ms
[2020-08-10T13:12:20.388+0300][1679.931s][info ][gc] GC(55652) Pause Young (Allocation Failure) 51M->51M(58M) 13.429ms
[2020-08-10T13:12:20.402+0300][1679.945s][info ][gc] GC(55653) Pause Young (Allocation Failure) 52M->52M(58M) 13.509ms
[2020-08-10T13:12:20.416+0300][1679.959s][info ][gc] GC(55654) Pause Young (Allocation Failure) 53M->53M(58M) 13.550ms
[2020-08-10T13:12:20.430+0300][1679.973s][info ][gc] GC(55655) Pause Young (Allocation Failure) 54M->54M(58M) 13.659ms
[2020-08-10T13:12:20.444+0300][1679.987s][info ][gc] GC(55656) Pause Young (Allocation Failure) 55M->55M(58M) 13.482ms
[2020-08-10T13:12:20.458+0300][1680.001s][info ][gc] GC(55657) Pause Young (Allocation Failure) 56M->56M(58M) 13.431ms
[2020-08-10T13:12:20.588+0300][1680.131s][debug][gc] GC(55658) Expanding ParOldGen from 57856K by 11776K to 69632K
[2020-08-10T13:12:20.588+0300][1680.131s][info ][gc] GC(55658) Pause Full (Ergonomics) 56M->56M(70M) 130.107ms
[2020-08-10T13:12:20.602+0300][1680.145s][info ][gc] GC(55659) Pause Young (Allocation Failure) 57M->57M(70M) 13.212ms
[2020-08-10T13:12:20.616+0300][1680.159s][info ][gc] GC(55660) Pause Young (Allocation Failure) 58M->58M(70M) 13.606ms
[2020-08-10T13:12:20.630+0300][1680.173s][info ][gc] GC(55661) Pause Young (Allocation Failure) 59M->59M(70M) 13.526ms
[2020-08-10T13:12:20.644+0300][1680.187s][info ][gc] GC(55662) Pause Young (Allocation Failure) 60M->60M(70M) 13.444ms
[2020-08-10T13:12:20.658+0300][1680.201s][info ][gc] GC(55663) Pause Young (Allocation Failure) 61M->61M(70M) 13.341ms
[2020-08-10T13:12:20.672+0300][1680.215s][info ][gc] GC(55664) Pause Young (Allocation Failure) 62M->62M(70M) 13.516ms
[2020-08-10T13:12:20.686+0300][1680.229s][info ][gc] GC(55665) Pause Young (Allocation Failure) 63M->63M(70M) 13.652ms
[2020-08-10T13:12:20.700+0300][1680.243s][info ][gc] GC(55666) Pause Young (Allocation Failure) 64M->64M(70M) 13.529ms
[2020-08-10T13:12:20.714+0300][1680.257s][info ][gc] GC(55667) Pause Young (Allocation Failure) 65M->65M(70M) 13.377ms
[2020-08-10T13:12:20.728+0300][1680.270s][info ][gc] GC(55668) Pause Young (Allocation Failure) 66M->65M(70M) 13.405ms
[2020-08-10T13:12:20.742+0300][1680.284s][info ][gc] GC(55669) Pause Young (Allocation Failure) 66M->66M(70M) 13.633ms
[2020-08-10T13:12:20.756+0300][1680.298s][info ][gc] GC(55670) Pause Young (Allocation Failure) 67M->67M(70M) 13.449ms
[2020-08-10T13:12:20.770+0300][1680.313s][info ][gc] GC(55671) Pause Young (Allocation Failure) 68M->68M(70M) 13.568ms
[2020-08-10T13:12:20.917+0300][1680.459s][debug][gc] GC(55672) Expanding ParOldGen from 69632K by 11264K to 80896K
[2020-08-10T13:12:20.917+0300][1680.460s][info ][gc] GC(55672) Pause Full (Ergonomics) 68M->68M(81M) 146.836ms
[2020-08-10T13:12:20.946+0300][1680.489s][info ][gc] GC(55673) Pause Young (Allocation Failure) 69M->69M(81M) 28.798ms
[2020-08-10T13:12:20.961+0300][1680.503s][info ][gc] GC(55674) Pause Young (Allocation Failure) 70M->70M(81M) 14.008ms
[2020-08-10T13:12:20.975+0300][1680.518s][info ][gc] GC(55675) Pause Young (Allocation Failure) 71M->71M(81M) 13.783ms
[2020-08-10T13:12:20.989+0300][1680.532s][info ][gc] GC(55676) Pause Young (Allocation Failure) 72M->72M(81M) 13.755ms
[2020-08-10T13:12:21.004+0300][1680.546s][info ][gc] GC(55677) Pause Young (Allocation Failure) 73M->73M(81M) 13.831ms
[2020-08-10T13:12:21.018+0300][1680.561s][info ][gc] GC(55678) Pause Young (Allocation Failure) 74M->74M(81M) 13.847ms
[2020-08-10T13:12:21.032+0300][1680.575s][info ][gc] GC(55679) Pause Young (Allocation Failure) 75M->75M(81M) 13.858ms
[2020-08-10T13:12:21.047+0300][1680.589s][info ][gc] GC(55680) Pause Young (Allocation Failure) 76M->76M(81M) 13.646ms
[2020-08-10T13:12:21.061+0300][1680.604s][info ][gc] GC(55681) Pause Young (Allocation Failure) 77M->77M(81M) 13.853ms
[2020-08-10T13:12:21.075+0300][1680.618s][info ][gc] GC(55682) Pause Young (Allocation Failure) 78M->78M(81M) 13.880ms
[2020-08-10T13:12:21.090+0300][1680.632s][info ][gc] GC(55683) Pause Young (Allocation Failure) 79M->79M(81M) 13.884ms
[2020-08-10T13:12:21.262+0300][1680.805s][debug][gc] GC(55684) Expanding ParOldGen from 80896K by 11264K to 92160K
[2020-08-10T13:12:21.263+0300][1680.805s][info ][gc] GC(55684) Pause Full (Ergonomics) 79M->79M(92M) 172.662ms
[2020-08-10T13:12:21.293+0300][1680.835s][info ][gc] GC(55685) Pause Young (Allocation Failure) 80M->80M(92M) 29.580ms
[2020-08-10T13:12:21.307+0300][1680.850s][info ][gc] GC(55686) Pause Young (Allocation Failure) 81M->80M(92M) 13.968ms
[2020-08-10T13:12:21.322+0300][1680.864s][info ][gc] GC(55687) Pause Young (Allocation Failure) 81M->81M(92M) 13.952ms
[2020-08-10T13:12:21.336+0300][1680.879s][info ][gc] GC(55688) Pause Young (Allocation Failure) 82M->82M(92M) 14.026ms
[2020-08-10T13:12:21.351+0300][1680.893s][info ][gc] GC(55689) Pause Young (Allocation Failure) 83M->83M(92M) 14.029ms
[2020-08-10T13:12:21.366+0300][1680.908s][info ][gc] GC(55690) Pause Young (Allocation Failure) 84M->84M(92M) 14.299ms
[2020-08-10T13:12:21.380+0300][1680.923s][info ][gc] GC(55691) Pause Young (Allocation Failure) 85M->85M(92M) 14.305ms
[2020-08-10T13:12:21.395+0300][1680.938s][info ][gc] GC(55692) Pause Young (Allocation Failure) 86M->86M(92M) 14.267ms
[2020-08-10T13:12:21.410+0300][1680.953s][info ][gc] GC(55693) Pause Young (Allocation Failure) 87M->87M(92M) 14.362ms
[2020-08-10T13:12:21.425+0300][1680.968s][info ][gc] GC(55694) Pause Young (Allocation Failure) 88M->88M(92M) 14.314ms
[2020-08-10T13:12:21.440+0300][1680.983s][info ][gc] GC(55695) Pause Young (Allocation Failure) 89M->89M(92M) 14.341ms
[2020-08-10T13:12:21.455+0300][1680.998s][info ][gc] GC(55696) Pause Young (Allocation Failure) 90M->90M(92M) 14.726ms
[2020-08-10T13:12:21.665+0300][1681.208s][debug][gc] GC(55697) Expanding ParOldGen from 92160K by 11264K to 103424K
[2020-08-10T13:12:21.665+0300][1681.208s][info ][gc] GC(55697) Pause Full (Ergonomics) 90M->90M(103M) 210.151ms
[2020-08-10T13:12:21.698+0300][1681.241s][info ][gc] GC(55698) Pause Young (Allocation Failure) 91M->91M(103M) 32.341ms
[2020-08-10T13:12:21.713+0300][1681.256s][info ][gc] GC(55699) Pause Young (Allocation Failure) 92M->92M(103M) 14.633ms
[2020-08-10T13:12:21.728+0300][1681.271s][info ][gc] GC(55700) Pause Young (Allocation Failure) 93M->93M(103M) 14.675ms
[2020-08-10T13:12:21.744+0300][1681.286s][info ][gc] GC(55701) Pause Young (Allocation Failure) 94M->94M(103M) 14.818ms
[2020-08-10T13:12:21.759+0300][1681.302s][info ][gc] GC(55702) Pause Young (Allocation Failure) 95M->95M(103M) 15.222ms
[2020-08-10T13:12:21.775+0300][1681.317s][info ][gc] GC(55703) Pause Young (Allocation Failure) 96M->96M(103M) 14.944ms
[2020-08-10T13:12:21.791+0300][1681.333s][info ][gc] GC(55704) Pause Young (Allocation Failure) 97M->97M(103M) 15.295ms
[2020-08-10T13:12:21.806+0300][1681.349s][info ][gc] GC(55705) Pause Young (Allocation Failure) 98M->97M(103M) 15.273ms
[2020-08-10T13:12:21.822+0300][1681.365s][info ][gc] GC(55706) Pause Young (Allocation Failure) 98M->98M(103M) 15.359ms
[2020-08-10T13:12:21.839+0300][1681.381s][info ][gc] GC(55707) Pause Young (Allocation Failure) 99M->99M(103M) 15.523ms
[2020-08-10T13:12:21.854+0300][1681.397s][info ][gc] GC(55708) Pause Young (Allocation Failure) 100M->100M(103M) 15.439ms
[2020-08-10T13:12:21.870+0300][1681.413s][info ][gc] GC(55709) Pause Young (Allocation Failure) 101M->101M(103M) 15.255ms
[2020-08-10T13:12:22.161+0300][1681.703s][debug][gc] GC(55710) Expanding ParOldGen from 103424K by 11264K to 114688K
[2020-08-10T13:12:22.161+0300][1681.704s][info ][gc] GC(55710) Pause Full (Ergonomics) 101M->101M(114M) 290.487ms
[2020-08-10T13:12:22.197+0300][1681.740s][info ][gc] GC(55711) Pause Young (Allocation Failure) 102M->102M(114M) 36.021ms
[2020-08-10T13:12:22.214+0300][1681.756s][info ][gc] GC(55712) Pause Young (Allocation Failure) 103M->103M(114M) 15.823ms
[2020-08-10T13:12:22.230+0300][1681.773s][info ][gc] GC(55713) Pause Young (Allocation Failure) 104M->104M(114M) 15.756ms
[2020-08-10T13:12:22.246+0300][1681.789s][info ][gc] GC(55714) Pause Young (Allocation Failure) 105M->105M(113M) 16.168ms
[2020-08-10T13:12:22.262+0300][1681.805s][info ][gc] GC(55715) Pause Young (Allocation Failure) 106M->106M(114M) 14.733ms
[2020-08-10T13:12:22.278+0300][1681.821s][info ][gc] GC(55716) Pause Young (Allocation Failure) 107M->107M(114M) 16.051ms
[2020-08-10T13:12:22.295+0300][1681.838s][info ][gc] GC(55717) Pause Young (Allocation Failure) 108M->108M(114M) 16.343ms
[2020-08-10T13:12:22.312+0300][1681.855s][info ][gc] GC(55718) Pause Young (Allocation Failure) 109M->109M(114M) 16.291ms
[2020-08-10T13:12:22.329+0300][1681.872s][info ][gc] GC(55719) Pause Young (Allocation Failure) 110M->110M(114M) 16.232ms
[2020-08-10T13:12:22.346+0300][1681.889s][info ][gc] GC(55720) Pause Young (Allocation Failure) 111M->111M(114M) 16.388ms
[2020-08-10T13:12:22.363+0300][1681.906s][info ][gc] GC(55721) Pause Young (Allocation Failure) 112M->112M(114M) 16.383ms
[2020-08-10T13:12:22.639+0300][1682.181s][debug][gc] GC(55722) Expanding ParOldGen from 114688K by 11776K to 126464K
[2020-08-10T13:12:22.639+0300][1682.182s][info ][gc] GC(55722) Pause Full (Ergonomics) 112M->111M(126M) 275.726ms
[2020-08-10T13:12:22.653+0300][1682.196s][info ][gc] GC(55723) Pause Young (Allocation Failure) 112M->112M(126M) 13.972ms
[2020-08-10T13:12:22.698+0300][1682.241s][info ][gc] GC(55724) Pause Young (Allocation Failure) 113M->113M(126M) 44.083ms
[2020-08-10T13:12:22.715+0300][1682.258s][info ][gc] GC(55725) Pause Young (Allocation Failure) 114M->114M(126M) 17.121ms
[2020-08-10T13:12:22.733+0300][1682.276s][info ][gc] GC(55726) Pause Young (Allocation Failure) 115M->115M(126M) 16.825ms
[2020-08-10T13:12:22.751+0300][1682.293s][info ][gc] GC(55727) Pause Young (Allocation Failure) 116M->116M(126M) 17.225ms
[2020-08-10T13:12:22.768+0300][1682.311s][info ][gc] GC(55728) Pause Young (Allocation Failure) 117M->117M(126M) 17.114ms
[2020-08-10T13:12:22.786+0300][1682.328s][info ][gc] GC(55729) Pause Young (Allocation Failure) 118M->118M(126M) 16.898ms
[2020-08-10T13:12:22.803+0300][1682.346s][info ][gc] GC(55730) Pause Young (Allocation Failure) 119M->119M(126M) 16.959ms
[2020-08-10T13:12:22.821+0300][1682.363s][info ][gc] GC(55731) Pause Young (Allocation Failure) 120M->120M(126M) 17.230ms
[2020-08-10T13:12:22.838+0300][1682.381s][info ][gc] GC(55732) Pause Young (Allocation Failure) 121M->121M(126M) 17.435ms
[2020-08-10T13:12:22.861+0300][1682.404s][info ][gc] GC(55733) Pause Young (Allocation Failure) 122M->122M(126M) 22.033ms
[2020-08-10T13:12:22.908+0300][1682.451s][info ][gc] GC(55734) Pause Young (Allocation Failure) 123M->123M(126M) 46.476ms
[2020-08-10T13:12:23.344+0300][1682.886s][debug][gc] GC(55735) Expanding ParOldGen from 126464K by 11264K to 137728K
[2020-08-10T13:12:23.344+0300][1682.886s][info ][gc] GC(55735) Pause Full (Ergonomics) 123M->123M(137M) 435.750ms
[2020-08-10T13:12:23.359+0300][1682.902s][info ][gc] GC(55736) Pause Young (Allocation Failure) 124M->124M(137M) 15.194ms
[2020-08-10T13:12:23.377+0300][1682.920s][info ][gc] GC(55737) Pause Young (Allocation Failure) 125M->125M(137M) 17.652ms
[2020-08-10T13:12:23.395+0300][1682.938s][info ][gc] GC(55738) Pause Young (Allocation Failure) 126M->126M(137M) 17.681ms
[2020-08-10T13:12:23.414+0300][1682.956s][info ][gc] GC(55739) Pause Young (Allocation Failure) 127M->127M(137M) 17.733ms
[2020-08-10T13:12:23.432+0300][1682.975s][info ][gc] GC(55740) Pause Young (Allocation Failure) 128M->128M(137M) 17.930ms
[2020-08-10T13:12:23.450+0300][1682.993s][info ][gc] GC(55741) Pause Young (Allocation Failure) 129M->129M(137M) 18.113ms
[2020-08-10T13:12:23.469+0300][1683.012s][info ][gc] GC(55742) Pause Young (Allocation Failure) 130M->129M(137M) 17.980ms
[2020-08-10T13:12:23.487+0300][1683.030s][info ][gc] GC(55743) Pause Young (Allocation Failure) 130M->130M(137M) 17.985ms
[2020-08-10T13:12:23.506+0300][1683.049s][info ][gc] GC(55744) Pause Young (Allocation Failure) 131M->131M(137M) 18.221ms
[2020-08-10T13:12:23.524+0300][1683.067s][info ][gc] GC(55745) Pause Young (Allocation Failure) 132M->132M(137M) 18.050ms
[2020-08-10T13:12:23.543+0300][1683.086s][info ][gc] GC(55746) Pause Young (Allocation Failure) 133M->133M(137M) 18.183ms
[2020-08-10T13:12:23.562+0300][1683.105s][info ][gc] GC(55747) Pause Young (Allocation Failure) 134M->134M(137M) 18.517ms
[2020-08-10T13:12:23.910+0300][1683.453s][debug][gc] GC(55748) Expanding ParOldGen from 137728K by 11264K to 148992K
[2020-08-10T13:12:23.910+0300][1683.453s][info ][gc] GC(55748) Pause Full (Ergonomics) 134M->134M(148M) 347.983ms
[2020-08-10T13:12:23.944+0300][1683.487s][info ][gc] GC(55749) Pause Young (Allocation Failure) 135M->135M(148M) 33.787ms
[2020-08-10T13:12:23.944+0300][1683.487s][debug][gc] Expanding ParOldGen from 148992K by 19968K to 168960K
[2020-08-10T13:12:23.971+0300][1683.514s][info ][gc] GC(55750) Pause Young (Allocation Failure) 155M->155M(167M) 19.075ms
[2020-08-10T13:12:23.989+0300][1683.532s][info ][gc] GC(55751) Pause Young (Allocation Failure) 156M->156M(167M) 16.629ms
[2020-08-10T13:12:24.010+0300][1683.553s][info ][gc] GC(55752) Pause Young (Allocation Failure) 157M->157M(167M) 20.490ms
[2020-08-10T13:12:24.024+0300][1683.567s][info ][gc] GC(55753) Pause Young (Allocation Failure) 158M->158M(167M) 13.955ms
[2020-08-10T13:12:24.038+0300][1683.581s][info ][gc] GC(55754) Pause Young (Allocation Failure) 159M->159M(167M) 13.952ms
[2020-08-10T13:12:24.053+0300][1683.596s][info ][gc] GC(55755) Pause Young (Allocation Failure) 160M->160M(167M) 13.882ms
[2020-08-10T13:12:24.067+0300][1683.610s][info ][gc] GC(55756) Pause Young (Allocation Failure) 161M->161M(167M) 13.958ms
[2020-08-10T13:12:24.081+0300][1683.624s][info ][gc] GC(55757) Pause Young (Allocation Failure) 162M->162M(167M) 13.897ms
[2020-08-10T13:12:24.095+0300][1683.638s][info ][gc] GC(55758) Pause Young (Allocation Failure) 163M->163M(167M) 13.911ms
[2020-08-10T13:12:24.110+0300][1683.653s][info ][gc] GC(55759) Pause Young (Allocation Failure) 164M->164M(167M) 13.848ms
[2020-08-10T13:12:24.124+0300][1683.667s][info ][gc] GC(55760) Pause Young (Allocation Failure) 165M->165M(167M) 14.098ms
[2020-08-10T13:12:24.219+0300][1683.762s][debug][gc] GC(55761) Shrinking ParOldGen from 168960K by 124928K to 44032K
[2020-08-10T13:12:24.219+0300][1683.762s][info ][gc] GC(55761) Pause Full (Ergonomics) 165M->31M(45M) 95.042ms
[2020-08-10T13:12:24.236+0300][1683.779s][info ][gc] GC(55762) Pause Young (Allocation Failure) 32M->32M(45M) 16.306ms
[2020-08-10T13:12:24.250+0300][1683.793s][info ][gc] GC(55763) Pause Young (Allocation Failure) 33M->33M(45M) 13.519ms
[2020-08-10T13:12:24.264+0300][1683.807s][info ][gc] GC(55764) Pause Young (Allocation Failure) 34M->34M(45M) 13.429ms
[2020-08-10T13:12:24.278+0300][1683.821s][info ][gc] GC(55765) Pause Young (Allocation Failure) 35M->35M(45M) 13.333ms
[2020-08-10T13:12:24.292+0300][1683.835s][info ][gc] GC(55766) Pause Young (Allocation Failure) 36M->36M(45M) 13.440ms
[2020-08-10T13:12:24.306+0300][1683.849s][info ][gc] GC(55767) Pause Young (Allocation Failure) 37M->37M(45M) 13.438ms
[2020-08-10T13:12:24.320+0300][1683.863s][info ][gc] GC(55768) Pause Young (Allocation Failure) 38M->38M(45M) 13.318ms
[2020-08-10T13:12:24.334+0300][1683.877s][info ][gc] GC(55769) Pause Young (Allocation Failure) 39M->39M(45M) 13.417ms
[2020-08-10T13:12:24.348+0300][1683.890s][info ][gc] GC(55770) Pause Young (Allocation Failure) 40M->39M(45M) 13.300ms
[2020-08-10T13:12:24.361+0300][1683.904s][info ][gc] GC(55771) Pause Young (Allocation Failure) 40M->40M(45M) 13.294ms
[2020-08-10T13:12:24.375+0300][1683.918s][info ][gc] GC(55772) Pause Young (Allocation Failure) 41M->41M(45M) 13.380ms
[2020-08-10T13:12:24.389+0300][1683.932s][info ][gc] GC(55773) Pause Young (Allocation Failure) 42M->42M(45M) 13.357ms
[2020-08-10T13:12:24.402+0300][1683.945s][info ][gc] GC(55774) Pause Young (Allocation Failure) 43M->43M(45M) 13.229ms
[2020-08-10T13:12:24.486+0300][1684.029s][debug][gc] GC(55775) Expanding ParOldGen from 44032K by 11264K to 55296K
[2020-08-10T13:12:24.486+0300][1684.029s][info ][gc] GC(55775) Pause Full (Ergonomics) 43M->43M(56M) 83.287ms
[2020-08-10T13:12:24.505+0300][1684.048s][info ][gc] GC(55776) Pause Young (Allocation Failure) 44M->44M(56M) 18.602ms
[2020-08-10T13:12:24.519+0300][1684.062s][info ][gc] GC(55777) Pause Young (Allocation Failure) 45M->45M(56M) 13.664ms
[2020-08-10T13:12:24.533+0300][1684.076s][info ][gc] GC(55778) Pause Young (Allocation Failure) 46M->46M(56M) 13.561ms
[2020-08-10T13:12:24.547+0300][1684.090s][info ][gc] GC(55779) Pause Young (Allocation Failure) 47M->47M(56M) 13.590ms
[2020-08-10T13:12:24.561+0300][1684.104s][info ][gc] GC(55780) Pause Young (Allocation Failure) 48M->48M(56M) 13.554ms
[2020-08-10T13:12:24.575+0300][1684.118s][info ][gc] GC(55781) Pause Young (Allocation Failure) 49M->49M(56M) 13.541ms
[2020-08-10T13:12:24.589+0300][1684.132s][info ][gc] GC(55782) Pause Young (Allocation Failure) 50M->50M(56M) 13.369ms
[2020-08-10T13:12:24.603+0300][1684.146s][info ][gc] GC(55783) Pause Young (Allocation Failure) 51M->51M(56M) 13.505ms
[2020-08-10T13:12:24.617+0300][1684.159s][info ][gc] GC(55784) Pause Young (Allocation Failure) 52M->52M(56M) 13.374ms
[2020-08-10T13:12:24.631+0300][1684.173s][info ][gc] GC(55785) Pause Young (Allocation Failure) 53M->53M(56M) 13.568ms
[2020-08-10T13:12:24.645+0300][1684.188s][info ][gc] GC(55786) Pause Young (Allocation Failure) 54M->54M(56M) 13.693ms
[2020-08-10T13:12:24.756+0300][1684.298s][debug][gc] GC(55787) Expanding ParOldGen from 55296K by 11264K to 66560K
[2020-08-10T13:12:24.756+0300][1684.299s][info ][gc] GC(55787) Pause Full (Ergonomics) 54M->54M(67M) 110.614ms
[2020-08-10T13:12:24.778+0300][1684.321s][info ][gc] GC(55788) Pause Young (Allocation Failure) 55M->54M(67M) 21.945ms
[2020-08-10T13:12:24.792+0300][1684.335s][info ][gc] GC(55789) Pause Young (Allocation Failure) 55M->55M(67M) 13.764ms
[2020-08-10T13:12:24.807+0300][1684.349s][info ][gc] GC(55790) Pause Young (Allocation Failure) 56M->56M(67M) 13.610ms
[2020-08-10T13:12:24.821+0300][1684.364s][info ][gc] GC(55791) Pause Young (Allocation Failure) 57M->57M(67M) 13.673ms
[2020-08-10T13:12:24.835+0300][1684.378s][info ][gc] GC(55792) Pause Young (Allocation Failure) 58M->58M(67M) 13.417ms
[2020-08-10T13:12:24.849+0300][1684.392s][info ][gc] GC(55793) Pause Young (Allocation Failure) 59M->59M(67M) 13.676ms
[2020-08-10T13:12:24.863+0300][1684.406s][info ][gc] GC(55794) Pause Young (Allocation Failure) 60M->60M(67M) 13.787ms
[2020-08-10T13:12:24.877+0300][1684.420s][info ][gc] GC(55795) Pause Young (Allocation Failure) 61M->61M(67M) 13.654ms
[2020-08-10T13:12:24.892+0300][1684.435s][info ][gc] GC(55796) Pause Young (Allocation Failure) 62M->62M(67M) 13.706ms
[2020-08-10T13:12:24.906+0300][1684.449s][info ][gc] GC(55797) Pause Young (Allocation Failure) 63M->63M(67M) 13.578ms
[2020-08-10T13:12:24.920+0300][1684.463s][info ][gc] GC(55798) Pause Young (Allocation Failure) 64M->64M(67M) 13.558ms
[2020-08-10T13:12:24.934+0300][1684.477s][info ][gc] GC(55799) Pause Young (Allocation Failure) 65M->65M(67M) 13.599ms
[2020-08-10T13:12:25.073+0300][1684.616s][debug][gc] GC(55800) Expanding ParOldGen from 66560K by 11264K to 77824K
[2020-08-10T13:12:25.073+0300][1684.616s][info ][gc] GC(55800) Pause Full (Ergonomics) 65M->65M(78M) 139.594ms
[2020-08-10T13:12:25.100+0300][1684.643s][info ][gc] GC(55801) Pause Young (Allocation Failure) 66M->66M(78M) 25.863ms
[2020-08-10T13:12:25.114+0300][1684.657s][info ][gc] GC(55802) Pause Young (Allocation Failure) 67M->67M(78M) 13.662ms
[2020-08-10T13:12:25.128+0300][1684.671s][info ][gc] GC(55803) Pause Young (Allocation Failure) 68M->68M(78M) 13.558ms
[2020-08-10T13:12:25.142+0300][1684.685s][info ][gc] GC(55804) Pause Young (Allocation Failure) 69M->69M(78M) 13.635ms
[2020-08-10T13:12:25.156+0300][1684.699s][info ][gc] GC(55805) Pause Young (Allocation Failure) 70M->70M(78M) 13.738ms
[2020-08-10T13:12:25.170+0300][1684.713s][info ][gc] GC(55806) Pause Young (Allocation Failure) 71M->70M(78M) 13.837ms
[2020-08-10T13:12:25.184+0300][1684.727s][info ][gc] GC(55807) Pause Young (Allocation Failure) 71M->71M(78M) 13.577ms
[2020-08-10T13:12:25.199+0300][1684.742s][info ][gc] GC(55808) Pause Young (Allocation Failure) 72M->72M(78M) 13.635ms
[2020-08-10T13:12:25.213+0300][1684.756s][info ][gc] GC(55809) Pause Young (Allocation Failure) 73M->73M(78M) 13.814ms
[2020-08-10T13:12:25.227+0300][1684.770s][info ][gc] GC(55810) Pause Young (Allocation Failure) 74M->74M(78M) 13.727ms
[2020-08-10T13:12:25.242+0300][1684.785s][info ][gc] GC(55811) Pause Young (Allocation Failure) 75M->75M(78M) 13.889ms
[2020-08-10T13:12:25.256+0300][1684.799s][info ][gc] GC(55812) Pause Young (Allocation Failure) 76M->76M(78M) 13.650ms
[2020-08-10T13:12:25.434+0300][1684.977s][debug][gc] GC(55813) Expanding ParOldGen from 77824K by 11264K to 89088K
[2020-08-10T13:12:25.434+0300][1684.977s][info ][gc] GC(55813) Pause Full (Ergonomics) 76M->76M(89M) 178.224ms
[2020-08-10T13:12:25.468+0300][1685.011s][info ][gc] GC(55814) Pause Young (Allocation Failure) 77M->77M(89M) 33.139ms
[2020-08-10T13:12:25.482+0300][1685.025s][info ][gc] GC(55815) Pause Young (Allocation Failure) 78M->78M(89M) 13.756ms
[2020-08-10T13:12:25.496+0300][1685.039s][info ][gc] GC(55816) Pause Young (Allocation Failure) 79M->79M(89M) 13.632ms
[2020-08-10T13:12:25.510+0300][1685.053s][info ][gc] GC(55817) Pause Young (Allocation Failure) 80M->80M(89M) 13.650ms
[2020-08-10T13:12:25.525+0300][1685.068s][info ][gc] GC(55818) Pause Young (Allocation Failure) 81M->81M(89M) 13.897ms
[2020-08-10T13:12:25.539+0300][1685.082s][info ][gc] GC(55819) Pause Young (Allocation Failure) 82M->82M(89M) 13.757ms
[2020-08-10T13:12:25.553+0300][1685.096s][info ][gc] GC(55820) Pause Young (Allocation Failure) 83M->83M(89M) 13.935ms
[2020-08-10T13:12:25.568+0300][1685.111s][info ][gc] GC(55821) Pause Young (Allocation Failure) 84M->84M(89M) 13.989ms
[2020-08-10T13:12:25.582+0300][1685.125s][info ][gc] GC(55822) Pause Young (Allocation Failure) 85M->85M(89M) 13.836ms
[2020-08-10T13:12:25.596+0300][1685.139s][info ][gc] GC(55823) Pause Young (Allocation Failure) 86M->86M(89M) 14.136ms
[2020-08-10T13:12:25.611+0300][1685.154s][info ][gc] GC(55824) Pause Young (Allocation Failure) 87M->87M(89M) 14.130ms
[2020-08-10T13:12:25.813+0300][1685.356s][debug][gc] GC(55825) Expanding ParOldGen from 89088K by 11264K to 100352K
[2020-08-10T13:12:25.813+0300][1685.356s][info ][gc] GC(55825) Pause Full (Ergonomics) 87M->86M(100M) 201.971ms
[2020-08-10T13:12:25.827+0300][1685.370s][info ][gc] GC(55826) Pause Young (Allocation Failure) 87M->87M(100M) 13.167ms
[2020-08-10T13:12:25.842+0300][1685.384s][info ][gc] GC(55827) Pause Young (Allocation Failure) 88M->88M(100M) 14.218ms
[2020-08-10T13:12:25.856+0300][1685.399s][info ][gc] GC(55828) Pause Young (Allocation Failure) 89M->89M(100M) 14.245ms
[2020-08-10T13:12:25.871+0300][1685.414s][info ][gc] GC(55829) Pause Young (Allocation Failure) 90M->90M(100M) 14.371ms
[2020-08-10T13:12:25.887+0300][1685.429s][info ][gc] GC(55830) Pause Young (Allocation Failure) 91M->91M(100M) 14.629ms
[2020-08-10T13:12:25.902+0300][1685.444s][info ][gc] GC(55831) Pause Young (Allocation Failure) 92M->92M(100M) 14.408ms
[2020-08-10T13:12:25.917+0300][1685.460s][info ][gc] GC(55832) Pause Young (Allocation Failure) 93M->93M(100M) 14.751ms
[2020-08-10T13:12:25.932+0300][1685.475s][info ][gc] GC(55833) Pause Young (Allocation Failure) 94M->94M(100M) 14.558ms
[2020-08-10T13:12:25.947+0300][1685.490s][info ][gc] GC(55834) Pause Young (Allocation Failure) 95M->95M(100M) 14.635ms
[2020-08-10T13:12:25.962+0300][1685.505s][info ][gc] GC(55835) Pause Young (Allocation Failure) 96M->96M(100M) 14.722ms
[2020-08-10T13:12:25.977+0300][1685.520s][info ][gc] GC(55836) Pause Young (Allocation Failure) 97M->97M(100M) 14.726ms
[2020-08-10T13:12:25.993+0300][1685.536s][info ][gc] GC(55837) Pause Young (Allocation Failure) 98M->98M(99M) 15.237ms
[2020-08-10T13:12:26.238+0300][1685.781s][debug][gc] GC(55838) Expanding ParOldGen from 100352K by 11264K to 111616K
[2020-08-10T13:12:26.238+0300][1685.781s][info ][gc] GC(55838) Pause Full (Ergonomics) 98M->98M(110M) 245.261ms
[2020-08-10T13:12:26.276+0300][1685.819s][info ][gc] GC(55839) Pause Young (Allocation Failure) 99M->99M(111M) 37.589ms
[2020-08-10T13:12:26.293+0300][1685.836s][info ][gc] GC(55840) Pause Young (Allocation Failure) 100M->100M(111M) 15.654ms
[2020-08-10T13:12:26.309+0300][1685.852s][info ][gc] GC(55841) Pause Young (Allocation Failure) 101M->101M(111M) 15.639ms
[2020-08-10T13:12:26.325+0300][1685.868s][info ][gc] GC(55842) Pause Young (Allocation Failure) 102M->102M(111M) 15.637ms
[2020-08-10T13:12:26.341+0300][1685.884s][info ][gc] GC(55843) Pause Young (Allocation Failure) 103M->102M(111M) 15.632ms
[2020-08-10T13:12:26.357+0300][1685.900s][info ][gc] GC(55844) Pause Young (Allocation Failure) 103M->103M(111M) 15.726ms
[2020-08-10T13:12:26.374+0300][1685.917s][info ][gc] GC(55845) Pause Young (Allocation Failure) 104M->104M(111M) 15.828ms
[2020-08-10T13:12:26.390+0300][1685.933s][info ][gc] GC(55846) Pause Young (Allocation Failure) 105M->105M(111M) 16.000ms
[2020-08-10T13:12:26.407+0300][1685.950s][info ][gc] GC(55847) Pause Young (Allocation Failure) 106M->106M(111M) 16.130ms
[2020-08-10T13:12:26.424+0300][1685.966s][info ][gc] GC(55848) Pause Young (Allocation Failure) 107M->107M(111M) 16.154ms
[2020-08-10T13:12:26.440+0300][1685.983s][info ][gc] GC(55849) Pause Young (Allocation Failure) 108M->108M(111M) 16.171ms
[2020-08-10T13:12:26.457+0300][1686.000s][info ][gc] GC(55850) Pause Young (Allocation Failure) 109M->109M(111M) 16.270ms
[2020-08-10T13:12:26.784+0300][1686.327s][debug][gc] GC(55851) Expanding ParOldGen from 111616K by 11264K to 122880K
[2020-08-10T13:12:26.784+0300][1686.327s][info ][gc] GC(55851) Pause Full (Ergonomics) 109M->109M(122M) 327.181ms
[2020-08-10T13:12:26.823+0300][1686.366s][info ][gc] GC(55852) Pause Young (Allocation Failure) 110M->110M(122M) 37.982ms
[2020-08-10T13:12:26.840+0300][1686.383s][info ][gc] GC(55853) Pause Young (Allocation Failure) 111M->111M(122M) 16.536ms
[2020-08-10T13:12:26.857+0300][1686.400s][info ][gc] GC(55854) Pause Young (Allocation Failure) 112M->112M(122M) 16.571ms
[2020-08-10T13:12:26.874+0300][1686.417s][info ][gc] GC(55855) Pause Young (Allocation Failure) 113M->113M(122M) 16.682ms
[2020-08-10T13:12:26.892+0300][1686.435s][info ][gc] GC(55856) Pause Young (Allocation Failure) 114M->114M(122M) 16.861ms
[2020-08-10T13:12:26.909+0300][1686.452s][info ][gc] GC(55857) Pause Young (Allocation Failure) 115M->115M(122M) 16.698ms
[2020-08-10T13:12:26.926+0300][1686.469s][info ][gc] GC(55858) Pause Young (Allocation Failure) 116M->116M(122M) 16.885ms
[2020-08-10T13:12:26.944+0300][1686.487s][info ][gc] GC(55859) Pause Young (Allocation Failure) 117M->117M(122M) 17.241ms
[2020-08-10T13:12:26.961+0300][1686.504s][info ][gc] GC(55860) Pause Young (Allocation Failure) 118M->118M(122M) 16.973ms
[2020-08-10T13:12:26.979+0300][1686.522s][info ][gc] GC(55861) Pause Young (Allocation Failure) 119M->119M(122M) 17.089ms
[2020-08-10T13:12:26.997+0300][1686.540s][info ][gc] GC(55862) Pause Young (Allocation Failure) 120M->119M(122M) 17.003ms
[2020-08-10T13:12:27.324+0300][1686.866s][debug][gc] GC(55863) Expanding ParOldGen from 122880K by 11264K to 134144K
[2020-08-10T13:12:27.324+0300][1686.866s][info ][gc] GC(55863) Pause Full (Ergonomics) 119M->119M(133M) 326.467ms
[2020-08-10T13:12:27.339+0300][1686.881s][info ][gc] GC(55864) Pause Young (Allocation Failure) 120M->120M(133M) 14.365ms
[2020-08-10T13:12:27.383+0300][1686.925s][info ][gc] GC(55865) Pause Young (Allocation Failure) 121M->121M(133M) 42.926ms
[2020-08-10T13:12:27.400+0300][1686.942s][info ][gc] GC(55866) Pause Young (Allocation Failure) 122M->122M(133M) 17.363ms
[2020-08-10T13:12:27.419+0300][1686.961s][info ][gc] GC(55867) Pause Young (Allocation Failure) 123M->123M(133M) 17.716ms
[2020-08-10T13:12:27.437+0300][1686.979s][info ][gc] GC(55868) Pause Young (Allocation Failure) 124M->124M(133M) 17.458ms
[2020-08-10T13:12:27.455+0300][1686.997s][info ][gc] GC(55869) Pause Young (Allocation Failure) 125M->125M(133M) 17.122ms
[2020-08-10T13:12:27.473+0300][1687.015s][info ][gc] GC(55870) Pause Young (Allocation Failure) 126M->126M(133M) 17.585ms
[2020-08-10T13:12:27.495+0300][1687.037s][info ][gc] GC(55871) Pause Young (Allocation Failure) 127M->127M(133M) 22.240ms
[2020-08-10T13:12:27.514+0300][1687.056s][info ][gc] GC(55872) Pause Young (Allocation Failure) 128M->128M(133M) 17.958ms
[2020-08-10T13:12:27.560+0300][1687.102s][info ][gc] GC(55873) Pause Young (Allocation Failure) 129M->129M(133M) 45.854ms
[2020-08-10T13:12:27.586+0300][1687.128s][info ][gc] GC(55874) Pause Young (Allocation Failure) 130M->130M(133M) 25.003ms
[2020-08-10T13:12:27.604+0300][1687.146s][info ][gc] GC(55875) Pause Young (Allocation Failure) 131M->131M(133M) 17.993ms
[2020-08-10T13:12:28.000+0300][1687.542s][debug][gc] GC(55876) Expanding ParOldGen from 134144K by 11264K to 145408K
[2020-08-10T13:12:28.000+0300][1687.542s][info ][gc] GC(55876) Pause Full (Ergonomics) 131M->131M(144M) 396.051ms
[2020-08-10T13:12:28.034+0300][1687.576s][info ][gc] GC(55877) Pause Young (Allocation Failure) 132M->132M(144M) 33.632ms
[2020-08-10T13:12:28.053+0300][1687.595s][info ][gc] GC(55878) Pause Young (Allocation Failure) 133M->133M(144M) 18.237ms
[2020-08-10T13:12:28.072+0300][1687.614s][info ][gc] GC(55879) Pause Young (Allocation Failure) 134M->134M(144M) 18.406ms
[2020-08-10T13:12:28.090+0300][1687.632s][info ][gc] GC(55880) Pause Young (Allocation Failure) 135M->134M(144M) 18.044ms
[2020-08-10T13:12:28.090+0300][1687.632s][debug][gc] Expanding ParOldGen from 145408K by 19968K to 165376K
[2020-08-10T13:12:28.116+0300][1687.658s][info ][gc] GC(55881) Pause Young (Allocation Failure) 155M->154M(164M) 17.520ms
[2020-08-10T13:12:28.131+0300][1687.673s][info ][gc] GC(55882) Pause Young (Allocation Failure) 155M->155M(164M) 15.117ms
[2020-08-10T13:12:28.146+0300][1687.688s][info ][gc] GC(55883) Pause Young (Allocation Failure) 156M->156M(164M) 13.937ms
[2020-08-10T13:12:28.160+0300][1687.702s][info ][gc] GC(55884) Pause Young (Allocation Failure) 157M->157M(164M) 14.100ms
[2020-08-10T13:12:28.176+0300][1687.718s][info ][gc] GC(55885) Pause Young (Allocation Failure) 158M->158M(164M) 15.382ms
[2020-08-10T13:12:28.195+0300][1687.737s][info ][gc] GC(55886) Pause Young (Allocation Failure) 159M->159M(164M) 18.463ms
[2020-08-10T13:12:28.212+0300][1687.754s][info ][gc] GC(55887) Pause Young (Allocation Failure) 160M->160M(164M) 16.710ms
[2020-08-10T13:12:28.229+0300][1687.771s][info ][gc] GC(55888) Pause Young (Allocation Failure) 161M->161M(164M) 16.294ms
[2020-08-10T13:12:28.295+0300][1687.837s][debug][gc] GC(55889) Shrinking ParOldGen from 165376K by 124928K to 40448K
[2020-08-10T13:12:28.295+0300][1687.837s][info ][gc] GC(55889) Pause Full (Ergonomics) 161M->27M(42M) 65.600ms
[2020-08-10T13:12:28.308+0300][1687.850s][info ][gc] GC(55890) Pause Young (Allocation Failure) 28M->28M(42M) 13.294ms
[2020-08-10T13:12:28.322+0300][1687.864s][info ][gc] GC(55891) Pause Young (Allocation Failure) 29M->29M(42M) 13.333ms
[2020-08-10T13:12:28.337+0300][1687.879s][info ][gc] GC(55892) Pause Young (Allocation Failure) 30M->30M(42M) 13.972ms
[2020-08-10T13:12:28.350+0300][1687.892s][info ][gc] GC(55893) Pause Young (Allocation Failure) 31M->31M(42M) 13.267ms
[2020-08-10T13:12:28.364+0300][1687.906s][info ][gc] GC(55894) Pause Young (Allocation Failure) 32M->32M(42M) 12.998ms
[2020-08-10T13:12:28.378+0300][1687.920s][info ][gc] GC(55895) Pause Young (Allocation Failure) 33M->33M(42M) 13.791ms
[2020-08-10T13:12:28.396+0300][1687.938s][info ][gc] GC(55896) Pause Young (Allocation Failure) 34M->34M(42M) 17.394ms
[2020-08-10T13:12:28.417+0300][1687.959s][info ][gc] GC(55897) Pause Young (Allocation Failure) 35M->35M(42M) 20.907ms
[2020-08-10T13:12:28.431+0300][1687.973s][info ][gc] GC(55898) Pause Young (Allocation Failure) 36M->36M(42M) 13.175ms
[2020-08-10T13:12:28.452+0300][1687.995s][info ][gc] GC(55899) Pause Young (Allocation Failure) 37M->37M(42M) 20.951ms
[2020-08-10T13:12:28.466+0300][1688.008s][info ][gc] GC(55900) Pause Young (Allocation Failure) 38M->38M(42M) 13.373ms
[2020-08-10T13:12:28.481+0300][1688.023s][info ][gc] GC(55901) Pause Young (Allocation Failure) 39M->39M(42M) 14.274ms
[2020-08-10T13:12:28.554+0300][1688.096s][debug][gc] GC(55902) Expanding ParOldGen from 40448K by 11264K to 51712K
[2020-08-10T13:12:28.554+0300][1688.096s][info ][gc] GC(55902) Pause Full (Ergonomics) 39M->39M(53M) 72.819ms
[2020-08-10T13:12:28.567+0300][1688.109s][info ][gc] GC(55903) Pause Young (Allocation Failure) 40M->40M(53M) 13.064ms
[2020-08-10T13:12:28.589+0300][1688.131s][info ][gc] GC(55904) Pause Young (Allocation Failure) 41M->41M(53M) 20.952ms
[2020-08-10T13:12:28.602+0300][1688.144s][info ][gc] GC(55905) Pause Young (Allocation Failure) 42M->42M(53M) 13.323ms
[2020-08-10T13:12:28.616+0300][1688.158s][info ][gc] GC(55906) Pause Young (Allocation Failure) 43M->43M(52M) 13.217ms
[2020-08-10T13:12:28.630+0300][1688.172s][info ][gc] GC(55907) Pause Young (Allocation Failure) 44M->44M(52M) 13.395ms
[2020-08-10T13:12:28.644+0300][1688.186s][info ][gc] GC(55908) Pause Young (Allocation Failure) 45M->44M(52M) 13.539ms
[2020-08-10T13:12:28.657+0300][1688.200s][info ][gc] GC(55909) Pause Young (Allocation Failure) 45M->45M(53M) 13.311ms
[2020-08-10T13:12:28.671+0300][1688.213s][info ][gc] GC(55910) Pause Young (Allocation Failure) 46M->46M(53M) 13.232ms
[2020-08-10T13:12:28.685+0300][1688.227s][info ][gc] GC(55911) Pause Young (Allocation Failure) 47M->47M(53M) 13.349ms
[2020-08-10T13:12:28.699+0300][1688.241s][info ][gc] GC(55912) Pause Young (Allocation Failure) 48M->48M(53M) 13.265ms
[2020-08-10T13:12:28.712+0300][1688.254s][info ][gc] GC(55913) Pause Young (Allocation Failure) 49M->49M(53M) 13.158ms
[2020-08-10T13:12:28.726+0300][1688.268s][info ][gc] GC(55914) Pause Young (Allocation Failure) 50M->50M(53M) 13.237ms
[2020-08-10T13:12:28.827+0300][1688.369s][debug][gc] GC(55915) Expanding ParOldGen from 51712K by 11264K to 62976K
[2020-08-10T13:12:28.827+0300][1688.369s][info ][gc] GC(55915) Pause Full (Ergonomics) 50M->50M(64M) 101.487ms
[2020-08-10T13:12:28.851+0300][1688.393s][info ][gc] GC(55916) Pause Young (Allocation Failure) 51M->51M(64M) 22.841ms
[2020-08-10T13:12:28.865+0300][1688.407s][info ][gc] GC(55917) Pause Young (Allocation Failure) 52M->52M(64M) 14.063ms
[2020-08-10T13:12:28.880+0300][1688.422s][info ][gc] GC(55918) Pause Young (Allocation Failure) 53M->53M(64M) 13.938ms
[2020-08-10T13:12:28.894+0300][1688.436s][info ][gc] GC(55919) Pause Young (Allocation Failure) 54M->54M(64M) 13.932ms
[2020-08-10T13:12:28.908+0300][1688.450s][info ][gc] GC(55920) Pause Young (Allocation Failure) 55M->55M(64M) 13.488ms
[2020-08-10T13:12:28.922+0300][1688.464s][info ][gc] GC(55921) Pause Young (Allocation Failure) 56M->56M(64M) 13.550ms
[2020-08-10T13:12:28.936+0300][1688.478s][info ][gc] GC(55922) Pause Young (Allocation Failure) 57M->57M(64M) 13.646ms
[2020-08-10T13:12:28.950+0300][1688.492s][info ][gc] GC(55923) Pause Young (Allocation Failure) 58M->58M(64M) 13.428ms
[2020-08-10T13:12:28.964+0300][1688.506s][info ][gc] GC(55924) Pause Young (Allocation Failure) 59M->59M(64M) 13.468ms
[2020-08-10T13:12:28.978+0300][1688.520s][info ][gc] GC(55925) Pause Young (Allocation Failure) 60M->60M(64M) 13.488ms
[2020-08-10T13:12:28.991+0300][1688.533s][info ][gc] GC(55926) Pause Young (Allocation Failure) 61M->61M(64M) 13.428ms
[2020-08-10T13:12:29.005+0300][1688.547s][info ][gc] GC(55927) Pause Young (Allocation Failure) 62M->61M(64M) 13.448ms
[2020-08-10T13:12:29.146+0300][1688.688s][debug][gc] GC(55928) Expanding ParOldGen from 62976K by 11776K to 74752K
[2020-08-10T13:12:29.146+0300][1688.688s][info ][gc] GC(55928) Pause Full (Ergonomics) 61M->61M(75M) 140.900ms
[2020-08-10T13:12:29.184+0300][1688.726s][info ][gc] GC(55929) Pause Young (Allocation Failure) 62M->62M(75M) 37.435ms
[2020-08-10T13:12:29.198+0300][1688.740s][info ][gc] GC(55930) Pause Young (Allocation Failure) 63M->63M(75M) 13.709ms
[2020-08-10T13:12:29.214+0300][1688.756s][info ][gc] GC(55931) Pause Young (Allocation Failure) 64M->64M(75M) 15.576ms
[2020-08-10T13:12:29.228+0300][1688.770s][info ][gc] GC(55932) Pause Young (Allocation Failure) 65M->65M(75M) 13.639ms
[2020-08-10T13:12:29.242+0300][1688.784s][info ][gc] GC(55933) Pause Young (Allocation Failure) 66M->66M(75M) 13.464ms
[2020-08-10T13:12:29.256+0300][1688.799s][info ][gc] GC(55934) Pause Young (Allocation Failure) 67M->67M(75M) 13.599ms
[2020-08-10T13:12:29.270+0300][1688.812s][info ][gc] GC(55935) Pause Young (Allocation Failure) 68M->68M(75M) 13.507ms
[2020-08-10T13:12:29.285+0300][1688.827s][info ][gc] GC(55936) Pause Young (Allocation Failure) 69M->69M(75M) 13.801ms
[2020-08-10T13:12:29.299+0300][1688.841s][info ][gc] GC(55937) Pause Young (Allocation Failure) 70M->70M(75M) 13.736ms
[2020-08-10T13:12:29.313+0300][1688.855s][info ][gc] GC(55938) Pause Young (Allocation Failure) 71M->71M(75M) 13.499ms
[2020-08-10T13:12:29.327+0300][1688.869s][info ][gc] GC(55939) Pause Young (Allocation Failure) 72M->72M(75M) 13.499ms
[2020-08-10T13:12:29.341+0300][1688.883s][info ][gc] GC(55940) Pause Young (Allocation Failure) 73M->73M(75M) 13.585ms
[2020-08-10T13:12:29.505+0300][1689.047s][debug][gc] GC(55941) Expanding ParOldGen from 74752K by 11264K to 86016K
[2020-08-10T13:12:29.505+0300][1689.047s][info ][gc] GC(55941) Pause Full (Ergonomics) 73M->73M(86M) 164.611ms
[2020-08-10T13:12:29.535+0300][1689.077s][info ][gc] GC(55942) Pause Young (Allocation Failure) 74M->74M(86M) 29.084ms
[2020-08-10T13:12:29.549+0300][1689.091s][info ][gc] GC(55943) Pause Young (Allocation Failure) 75M->75M(86M) 13.767ms
[2020-08-10T13:12:29.563+0300][1689.106s][info ][gc] GC(55944) Pause Young (Allocation Failure) 76M->75M(86M) 13.763ms
[2020-08-10T13:12:29.589+0300][1689.131s][info ][gc] GC(55945) Pause Young (Allocation Failure) 76M->76M(86M) 25.159ms
[2020-08-10T13:12:29.604+0300][1689.146s][info ][gc] GC(55946) Pause Young (Allocation Failure) 77M->77M(86M) 13.898ms
[2020-08-10T13:12:29.618+0300][1689.160s][info ][gc] GC(55947) Pause Young (Allocation Failure) 78M->78M(86M) 13.894ms
[2020-08-10T13:12:29.632+0300][1689.175s][info ][gc] GC(55948) Pause Young (Allocation Failure) 79M->79M(86M) 13.812ms
[2020-08-10T13:12:29.647+0300][1689.189s][info ][gc] GC(55949) Pause Young (Allocation Failure) 80M->80M(86M) 13.883ms
[2020-08-10T13:12:29.661+0300][1689.203s][info ][gc] GC(55950) Pause Young (Allocation Failure) 81M->81M(86M) 13.966ms
[2020-08-10T13:12:29.676+0300][1689.218s][info ][gc] GC(55951) Pause Young (Allocation Failure) 82M->82M(86M) 13.838ms
[2020-08-10T13:12:29.690+0300][1689.232s][info ][gc] GC(55952) Pause Young (Allocation Failure) 83M->83M(86M) 14.089ms
[2020-08-10T13:12:29.705+0300][1689.247s][info ][gc] GC(55953) Pause Young (Allocation Failure) 84M->84M(86M) 14.262ms
[2020-08-10T13:12:29.942+0300][1689.484s][debug][gc] GC(55954) Expanding ParOldGen from 86016K by 11776K to 97792K
[2020-08-10T13:12:29.942+0300][1689.484s][info ][gc] GC(55954) Pause Full (Ergonomics) 84M->84M(97M) 237.132ms
[2020-08-10T13:12:29.989+0300][1689.532s][info ][gc] GC(55955) Pause Young (Allocation Failure) 85M->85M(97M) 46.825ms
[2020-08-10T13:12:30.004+0300][1689.546s][info ][gc] GC(55956) Pause Young (Allocation Failure) 86M->86M(97M) 14.055ms
[2020-08-10T13:12:30.019+0300][1689.561s][info ][gc] GC(55957) Pause Young (Allocation Failure) 87M->87M(97M) 14.257ms
[2020-08-10T13:12:30.034+0300][1689.576s][info ][gc] GC(55958) Pause Young (Allocation Failure) 88M->88M(97M) 14.491ms
[2020-08-10T13:12:30.060+0300][1689.602s][info ][gc] GC(55959) Pause Young (Allocation Failure) 89M->89M(97M) 26.027ms
[2020-08-10T13:12:30.075+0300][1689.618s][info ][gc] GC(55960) Pause Young (Allocation Failure) 90M->90M(97M) 14.574ms
[2020-08-10T13:12:30.091+0300][1689.633s][info ][gc] GC(55961) Pause Young (Allocation Failure) 91M->91M(97M) 14.663ms
[2020-08-10T13:12:30.106+0300][1689.648s][info ][gc] GC(55962) Pause Young (Allocation Failure) 92M->92M(97M) 14.844ms
[2020-08-10T13:12:30.125+0300][1689.667s][info ][gc] GC(55963) Pause Young (Allocation Failure) 93M->93M(97M) 18.066ms
[2020-08-10T13:12:30.140+0300][1689.682s][info ][gc] GC(55964) Pause Young (Allocation Failure) 94M->93M(97M) 14.615ms
[2020-08-10T13:12:30.155+0300][1689.697s][info ][gc] GC(55965) Pause Young (Allocation Failure) 94M->94M(97M) 14.907ms
[2020-08-10T13:12:30.170+0300][1689.712s][info ][gc] GC(55966) Pause Young (Allocation Failure) 95M->95M(97M) 14.767ms
[2020-08-10T13:12:30.437+0300][1689.979s][debug][gc] GC(55967) Expanding ParOldGen from 97792K by 11264K to 109056K
[2020-08-10T13:12:30.437+0300][1689.980s][info ][gc] GC(55967) Pause Full (Ergonomics) 95M->95M(108M) 267.049ms
[2020-08-10T13:12:30.475+0300][1690.017s][info ][gc] GC(55968) Pause Young (Allocation Failure) 96M->96M(108M) 36.693ms
[2020-08-10T13:12:30.490+0300][1690.032s][info ][gc] GC(55969) Pause Young (Allocation Failure) 97M->97M(108M) 15.202ms
[2020-08-10T13:12:30.506+0300][1690.048s][info ][gc] GC(55970) Pause Young (Allocation Failure) 98M->98M(108M) 14.989ms
[2020-08-10T13:12:30.533+0300][1690.076s][info ][gc] GC(55971) Pause Young (Allocation Failure) 99M->99M(108M) 26.794ms
[2020-08-10T13:12:30.550+0300][1690.092s][info ][gc] GC(55972) Pause Young (Allocation Failure) 100M->100M(108M) 15.758ms
[2020-08-10T13:12:30.566+0300][1690.108s][info ][gc] GC(55973) Pause Young (Allocation Failure) 101M->101M(108M) 15.727ms
[2020-08-10T13:12:30.582+0300][1690.124s][info ][gc] GC(55974) Pause Young (Allocation Failure) 102M->102M(108M) 15.649ms
[2020-08-10T13:12:30.611+0300][1690.153s][info ][gc] GC(55975) Pause Young (Allocation Failure) 103M->103M(108M) 27.879ms
[2020-08-10T13:12:30.627+0300][1690.169s][info ][gc] GC(55976) Pause Young (Allocation Failure) 104M->104M(108M) 15.699ms
[2020-08-10T13:12:30.643+0300][1690.185s][info ][gc] GC(55977) Pause Young (Allocation Failure) 105M->105M(108M) 15.711ms
[2020-08-10T13:12:30.659+0300][1690.201s][info ][gc] GC(55978) Pause Young (Allocation Failure) 106M->106M(108M) 15.792ms
[2020-08-10T13:12:30.676+0300][1690.218s][info ][gc] GC(55979) Pause Young (Allocation Failure) 107M->107M(108M) 15.875ms
[2020-08-10T13:12:30.934+0300][1690.477s][debug][gc] GC(55980) Expanding ParOldGen from 109056K by 11264K to 120320K
[2020-08-10T13:12:30.935+0300][1690.477s][info ][gc] GC(55980) Pause Full (Ergonomics) 107M->107M(119M) 258.896ms
[2020-08-10T13:12:30.972+0300][1690.515s][info ][gc] GC(55981) Pause Young (Allocation Failure) 108M->107M(119M) 37.416ms
[2020-08-10T13:12:30.989+0300][1690.532s][info ][gc] GC(55982) Pause Young (Allocation Failure) 108M->108M(119M) 16.370ms
[2020-08-10T13:12:31.006+0300][1690.549s][info ][gc] GC(55983) Pause Young (Allocation Failure) 109M->109M(119M) 16.524ms
[2020-08-10T13:12:31.023+0300][1690.565s][info ][gc] GC(55984) Pause Young (Allocation Failure) 110M->110M(119M) 16.165ms
[2020-08-10T13:12:31.040+0300][1690.582s][info ][gc] GC(55985) Pause Young (Allocation Failure) 111M->111M(119M) 16.301ms
[2020-08-10T13:12:31.057+0300][1690.599s][info ][gc] GC(55986) Pause Young (Allocation Failure) 112M->112M(119M) 16.641ms
[2020-08-10T13:12:31.074+0300][1690.616s][info ][gc] GC(55987) Pause Young (Allocation Failure) 113M->113M(119M) 16.683ms
[2020-08-10T13:12:31.091+0300][1690.633s][info ][gc] GC(55988) Pause Young (Allocation Failure) 114M->114M(119M) 16.571ms
[2020-08-10T13:12:31.107+0300][1690.649s][info ][gc] GC(55989) Pause Young (Allocation Failure) 115M->115M(119M) 15.283ms
[2020-08-10T13:12:31.121+0300][1690.663s][info ][gc] GC(55990) Pause Young (Allocation Failure) 115M->115M(119M) 14.209ms
[2020-08-10T13:12:31.135+0300][1690.678s][info ][gc] GC(55991) Pause Young (Allocation Failure) 116M->115M(119M) 13.922ms
[2020-08-10T13:12:31.150+0300][1690.692s][info ][gc] GC(55992) Pause Young (Allocation Failure) 116M->116M(119M) 14.524ms
[2020-08-10T13:12:31.165+0300][1690.707s][info ][gc] GC(55993) Pause Young (Allocation Failure) 116M->116M(119M) 14.569ms
[2020-08-10T13:12:31.451+0300][1690.993s][debug][gc] GC(55994) Expanding ParOldGen from 120320K by 11264K to 131584K
[2020-08-10T13:12:31.451+0300][1690.993s][info ][gc] GC(55994) Pause Full (Ergonomics) 116M->116M(130M) 285.709ms
[2020-08-10T13:12:31.482+0300][1691.024s][info ][gc] GC(55995) Pause Young (Allocation Failure) 117M->117M(130M) 30.419ms
[2020-08-10T13:12:31.497+0300][1691.039s][info ][gc] GC(55996) Pause Young (Allocation Failure) 117M->117M(130M) 14.758ms
[2020-08-10T13:12:31.512+0300][1691.054s][info ][gc] GC(55997) Pause Young (Allocation Failure) 118M->118M(130M) 14.150ms
[2020-08-10T13:12:31.527+0300][1691.069s][info ][gc] GC(55998) Pause Young (Allocation Failure) 118M->118M(130M) 14.479ms
[2020-08-10T13:12:31.541+0300][1691.084s][info ][gc] GC(55999) Pause Young (Allocation Failure) 119M->119M(130M) 14.253ms
[2020-08-10T13:12:31.557+0300][1691.099s][info ][gc] GC(56000) Pause Young (Allocation Failure) 119M->119M(130M) 15.239ms
[2020-08-10T13:12:31.574+0300][1691.116s][info ][gc] GC(56001) Pause Young (Allocation Failure) 120M->120M(130M) 16.924ms
[2020-08-10T13:12:31.605+0300][1691.147s][info ][gc] GC(56002) Pause Young (Allocation Failure) 120M->120M(130M) 30.638ms
[2020-08-10T13:12:31.620+0300][1691.162s][info ][gc] GC(56003) Pause Young (Allocation Failure) 121M->121M(130M) 14.241ms
[2020-08-10T13:12:31.634+0300][1691.177s][info ][gc] GC(56004) Pause Young (Allocation Failure) 121M->121M(130M) 14.404ms
[2020-08-10T13:12:31.649+0300][1691.191s][info ][gc] GC(56005) Pause Young (Allocation Failure) 121M->121M(130M) 14.428ms
[2020-08-10T13:12:31.664+0300][1691.206s][info ][gc] GC(56006) Pause Young (Allocation Failure) 122M->122M(129M) 14.671ms
[2020-08-10T13:12:31.679+0300][1691.221s][info ][gc] GC(56007) Pause Young (Allocation Failure) 122M->122M(130M) 14.397ms
[2020-08-10T13:12:31.693+0300][1691.236s][info ][gc] GC(56008) Pause Young (Allocation Failure) 123M->123M(130M) 14.453ms
[2020-08-10T13:12:31.708+0300][1691.250s][info ][gc] GC(56009) Pause Young (Allocation Failure) 123M->123M(130M) 14.321ms
[2020-08-10T13:12:31.723+0300][1691.265s][info ][gc] GC(56010) Pause Young (Allocation Failure) 124M->124M(130M) 14.431ms
[2020-08-10T13:12:31.737+0300][1691.280s][info ][gc] GC(56011) Pause Young (Allocation Failure) 124M->124M(130M) 14.404ms
[2020-08-10T13:12:31.778+0300][1691.320s][info ][gc] GC(56012) Pause Young (Allocation Failure) 125M->125M(130M) 39.945ms
[2020-08-10T13:12:31.794+0300][1691.336s][info ][gc] GC(56013) Pause Young (Allocation Failure) 125M->125M(130M) 15.483ms
[2020-08-10T13:12:31.809+0300][1691.351s][info ][gc] GC(56014) Pause Young (Allocation Failure) 126M->126M(130M) 14.706ms
[2020-08-10T13:12:31.825+0300][1691.367s][info ][gc] GC(56015) Pause Young (Allocation Failure) 126M->126M(130M) 15.313ms
[2020-08-10T13:12:31.840+0300][1691.382s][info ][gc] GC(56016) Pause Young (Allocation Failure) 127M->127M(130M) 14.805ms
[2020-08-10T13:12:31.875+0300][1691.418s][info ][gc] GC(56017) Pause Young (Allocation Failure) 127M->127M(130M) 35.403ms
[2020-08-10T13:12:31.891+0300][1691.433s][info ][gc] GC(56018) Pause Young (Allocation Failure) 128M->127M(130M) 14.891ms
[2020-08-10T13:12:31.906+0300][1691.448s][info ][gc] GC(56019) Pause Young (Allocation Failure) 128M->128M(130M) 14.635ms
[2020-08-10T13:12:32.242+0300][1691.784s][debug][gc] GC(56020) Expanding ParOldGen from 131584K by 10752K to 142336K
[2020-08-10T13:12:32.242+0300][1691.784s][info ][gc] GC(56020) Pause Full (Ergonomics) 128M->128M(140M) 336.046ms
[2020-08-10T13:12:32.256+0300][1691.798s][info ][gc] GC(56021) Pause Young (Allocation Failure) 128M->128M(140M) 13.641ms
[2020-08-10T13:12:32.271+0300][1691.813s][info ][gc] GC(56022) Pause Young (Allocation Failure) 129M->128M(140M) 15.087ms
[2020-08-10T13:12:32.287+0300][1691.829s][info ][gc] GC(56023) Pause Young (Allocation Failure) 129M->129M(140M) 15.033ms
[2020-08-10T13:12:32.302+0300][1691.844s][info ][gc] GC(56024) Pause Young (Allocation Failure) 129M->129M(140M) 15.119ms
[2020-08-10T13:12:32.318+0300][1691.860s][info ][gc] GC(56025) Pause Young (Allocation Failure) 130M->130M(140M) 15.206ms
[2020-08-10T13:12:32.334+0300][1691.876s][info ][gc] GC(56026) Pause Young (Allocation Failure) 130M->130M(140M) 15.711ms
[2020-08-10T13:12:32.349+0300][1691.891s][info ][gc] GC(56027) Pause Young (Allocation Failure) 131M->131M(140M) 14.906ms
[2020-08-10T13:12:32.364+0300][1691.907s][info ][gc] GC(56028) Pause Young (Allocation Failure) 131M->131M(140M) 14.926ms
[2020-08-10T13:12:32.380+0300][1691.922s][info ][gc] GC(56029) Pause Young (Allocation Failure) 132M->132M(140M) 15.163ms
[2020-08-10T13:12:32.395+0300][1691.938s][info ][gc] GC(56030) Pause Young (Allocation Failure) 132M->132M(140M) 15.068ms
[2020-08-10T13:12:32.411+0300][1691.953s][info ][gc] GC(56031) Pause Young (Allocation Failure) 133M->133M(140M) 15.183ms
[2020-08-10T13:12:32.426+0300][1691.969s][info ][gc] GC(56032) Pause Young (Allocation Failure) 133M->133M(140M) 15.216ms
[2020-08-10T13:12:32.442+0300][1691.984s][info ][gc] GC(56033) Pause Young (Allocation Failure) 134M->134M(140M) 14.975ms
[2020-08-10T13:12:32.458+0300][1692.000s][info ][gc] GC(56034) Pause Young (Allocation Failure) 134M->134M(140M) 15.510ms
[2020-08-10T13:12:32.473+0300][1692.016s][info ][gc] GC(56035) Pause Young (Allocation Failure) 135M->134M(140M) 15.413ms
[2020-08-10T13:12:32.489+0300][1692.031s][info ][gc] GC(56036) Pause Young (Allocation Failure) 135M->135M(140M) 15.129ms
[2020-08-10T13:12:32.489+0300][1692.031s][debug][gc] Expanding ParOldGen from 142336K by 19968K to 162304K
[2020-08-10T13:12:32.534+0300][1692.076s][info ][gc] GC(56037) Pause Young (Allocation Failure) 155M->154M(160M) 35.930ms
[2020-08-10T13:12:32.567+0300][1692.109s][info ][gc] GC(56038) Pause Young (Allocation Failure) 155M->155M(160M) 33.047ms
[2020-08-10T13:12:32.595+0300][1692.137s][info ][gc] GC(56039) Pause Young (Allocation Failure) 155M->155M(160M) 27.410ms
[2020-08-10T13:12:32.620+0300][1692.163s][info ][gc] GC(56040) Pause Young (Allocation Failure) 156M->156M(160M) 25.284ms
[2020-08-10T13:12:32.646+0300][1692.188s][info ][gc] GC(56041) Pause Young (Allocation Failure) 156M->156M(160M) 25.396ms
[2020-08-10T13:12:32.690+0300][1692.233s][info ][gc] GC(56042) Pause Young (Allocation Failure) 157M->157M(160M) 43.921ms
[2020-08-10T13:12:32.716+0300][1692.258s][info ][gc] GC(56043) Pause Young (Allocation Failure) 157M->157M(160M) 25.378ms
[2020-08-10T13:12:32.742+0300][1692.284s][info ][gc] GC(56044) Pause Young (Allocation Failure) 158M->158M(160M) 25.247ms
[2020-08-10T13:12:32.767+0300][1692.310s][info ][gc] GC(56045) Pause Young (Allocation Failure) 158M->158M(160M) 25.136ms
[2020-08-10T13:12:32.842+0300][1692.384s][debug][gc] GC(56046) Shrinking ParOldGen from 162304K by 125952K to 36352K
[2020-08-10T13:12:32.842+0300][1692.384s][info ][gc] GC(56046) Pause Full (Ergonomics) 158M->24M(37M) 74.272ms
[2020-08-10T13:12:32.868+0300][1692.410s][info ][gc] GC(56047) Pause Young (Allocation Failure) 25M->25M(37M) 25.351ms
[2020-08-10T13:12:32.886+0300][1692.428s][info ][gc] GC(56048) Pause Young (Allocation Failure) 25M->25M(37M) 17.824ms
[2020-08-10T13:12:32.899+0300][1692.441s][info ][gc] GC(56049) Pause Young (Allocation Failure) 26M->26M(37M) 13.006ms
[2020-08-10T13:12:32.913+0300][1692.455s][info ][gc] GC(56050) Pause Young (Allocation Failure) 26M->26M(37M) 12.939ms
[2020-08-10T13:12:32.926+0300][1692.468s][info ][gc] GC(56051) Pause Young (Allocation Failure) 27M->27M(37M) 12.966ms
[2020-08-10T13:12:32.939+0300][1692.482s][info ][gc] GC(56052) Pause Young (Allocation Failure) 27M->27M(37M) 12.974ms
[2020-08-10T13:12:32.953+0300][1692.495s][info ][gc] GC(56053) Pause Young (Allocation Failure) 27M->27M(37M) 12.808ms
[2020-08-10T13:12:32.966+0300][1692.508s][info ][gc] GC(56054) Pause Young (Allocation Failure) 28M->28M(37M) 12.757ms
[2020-08-10T13:12:32.979+0300][1692.521s][info ][gc] GC(56055) Pause Young (Allocation Failure) 28M->28M(37M) 12.937ms
[2020-08-10T13:12:32.992+0300][1692.535s][info ][gc] GC(56056) Pause Young (Allocation Failure) 29M->29M(37M) 12.878ms
[2020-08-10T13:12:33.006+0300][1692.548s][info ][gc] GC(56057) Pause Young (Allocation Failure) 29M->29M(37M) 12.931ms
[2020-08-10T13:12:33.019+0300][1692.561s][info ][gc] GC(56058) Pause Young (Allocation Failure) 30M->30M(37M) 12.900ms
[2020-08-10T13:12:33.032+0300][1692.575s][info ][gc] GC(56059) Pause Young (Allocation Failure) 30M->30M(37M) 12.956ms
[2020-08-10T13:12:33.046+0300][1692.588s][info ][gc] GC(56060) Pause Young (Allocation Failure) 31M->31M(37M) 12.882ms
[2020-08-10T13:12:33.059+0300][1692.601s][info ][gc] GC(56061) Pause Young (Allocation Failure) 31M->31M(37M) 12.935ms
[2020-08-10T13:12:33.072+0300][1692.615s][info ][gc] GC(56062) Pause Young (Allocation Failure) 32M->32M(37M) 12.918ms
[2020-08-10T13:12:33.086+0300][1692.628s][info ][gc] GC(56063) Pause Young (Allocation Failure) 32M->32M(37M) 12.924ms
[2020-08-10T13:12:33.099+0300][1692.641s][info ][gc] GC(56064) Pause Young (Allocation Failure) 33M->33M(37M) 13.068ms
[2020-08-10T13:12:33.113+0300][1692.655s][info ][gc] GC(56065) Pause Young (Allocation Failure) 33M->33M(37M) 13.039ms
[2020-08-10T13:12:33.126+0300][1692.669s][info ][gc] GC(56066) Pause Young (Allocation Failure) 33M->33M(37M) 13.032ms
[2020-08-10T13:12:33.140+0300][1692.682s][info ][gc] GC(56067) Pause Young (Allocation Failure) 34M->34M(37M) 13.157ms
[2020-08-10T13:12:33.154+0300][1692.696s][info ][gc] GC(56068) Pause Young (Allocation Failure) 35M->35M(37M) 13.224ms
[2020-08-10T13:12:33.222+0300][1692.764s][debug][gc] GC(56069) Expanding ParOldGen from 36352K by 10752K to 47104K
[2020-08-10T13:12:33.222+0300][1692.764s][info ][gc] GC(56069) Pause Full (Ergonomics) 35M->35M(48M) 68.207ms
[2020-08-10T13:12:33.239+0300][1692.782s][info ][gc] GC(56070) Pause Young (Allocation Failure) 36M->36M(48M) 17.026ms
[2020-08-10T13:12:33.254+0300][1692.796s][info ][gc] GC(56071) Pause Young (Allocation Failure) 37M->37M(48M) 13.653ms
[2020-08-10T13:12:33.268+0300][1692.810s][info ][gc] GC(56072) Pause Young (Allocation Failure) 38M->38M(48M) 13.535ms
[2020-08-10T13:12:33.282+0300][1692.824s][info ][gc] GC(56073) Pause Young (Allocation Failure) 39M->39M(48M) 13.367ms
[2020-08-10T13:12:33.296+0300][1692.838s][info ][gc] GC(56074) Pause Young (Allocation Failure) 40M->40M(48M) 13.491ms
[2020-08-10T13:12:33.310+0300][1692.852s][info ][gc] GC(56075) Pause Young (Allocation Failure) 41M->41M(48M) 13.361ms
[2020-08-10T13:12:33.324+0300][1692.866s][info ][gc] GC(56076) Pause Young (Allocation Failure) 42M->42M(48M) 13.456ms
[2020-08-10T13:12:33.338+0300][1692.880s][info ][gc] GC(56077) Pause Young (Allocation Failure) 43M->43M(48M) 13.451ms
[2020-08-10T13:12:33.352+0300][1692.894s][info ][gc] GC(56078) Pause Young (Allocation Failure) 44M->44M(48M) 13.533ms
[2020-08-10T13:12:33.367+0300][1692.909s][info ][gc] GC(56079) Pause Young (Allocation Failure) 45M->44M(48M) 13.517ms
[2020-08-10T13:12:33.381+0300][1692.923s][info ][gc] GC(56080) Pause Young (Allocation Failure) 45M->45M(48M) 13.393ms
[2020-08-10T13:12:33.470+0300][1693.012s][debug][gc] GC(56081) Expanding ParOldGen from 47104K by 11264K to 58368K
[2020-08-10T13:12:33.470+0300][1693.012s][info ][gc] GC(56081) Pause Full (Ergonomics) 45M->45M(59M) 89.036ms
[2020-08-10T13:12:33.483+0300][1693.026s][info ][gc] GC(56082) Pause Young (Allocation Failure) 46M->46M(59M) 13.073ms
[2020-08-10T13:12:33.497+0300][1693.040s][info ][gc] GC(56083) Pause Young (Allocation Failure) 47M->47M(59M) 13.404ms
[2020-08-10T13:12:33.511+0300][1693.054s][info ][gc] GC(56084) Pause Young (Allocation Failure) 48M->48M(59M) 13.465ms
[2020-08-10T13:12:33.525+0300][1693.068s][info ][gc] GC(56085) Pause Young (Allocation Failure) 49M->49M(59M) 13.473ms
[2020-08-10T13:12:33.540+0300][1693.082s][info ][gc] GC(56086) Pause Young (Allocation Failure) 50M->50M(59M) 13.478ms
[2020-08-10T13:12:33.554+0300][1693.096s][info ][gc] GC(56087) Pause Young (Allocation Failure) 51M->51M(59M) 13.407ms
[2020-08-10T13:12:33.567+0300][1693.110s][info ][gc] GC(56088) Pause Young (Allocation Failure) 52M->52M(59M) 13.289ms
[2020-08-10T13:12:33.581+0300][1693.123s][info ][gc] GC(56089) Pause Young (Allocation Failure) 53M->53M(59M) 13.197ms
[2020-08-10T13:12:33.595+0300][1693.137s][info ][gc] GC(56090) Pause Young (Allocation Failure) 54M->54M(59M) 13.166ms
[2020-08-10T13:12:33.608+0300][1693.151s][info ][gc] GC(56091) Pause Young (Allocation Failure) 55M->54M(59M) 13.248ms
[2020-08-10T13:12:33.622+0300][1693.164s][info ][gc] GC(56092) Pause Young (Allocation Failure) 55M->55M(59M) 13.366ms
[2020-08-10T13:12:33.636+0300][1693.178s][info ][gc] GC(56093) Pause Young (Allocation Failure) 56M->56M(59M) 13.444ms
[2020-08-10T13:12:33.752+0300][1693.294s][debug][gc] GC(56094) Expanding ParOldGen from 58368K by 11264K to 69632K
[2020-08-10T13:12:33.752+0300][1693.294s][info ][gc] GC(56094) Pause Full (Ergonomics) 56M->56M(70M) 115.823ms
[2020-08-10T13:12:33.766+0300][1693.308s][info ][gc] GC(56095) Pause Young (Allocation Failure) 57M->57M(70M) 13.079ms
[2020-08-10T13:12:33.779+0300][1693.322s][info ][gc] GC(56096) Pause Young (Allocation Failure) 58M->58M(70M) 13.359ms
[2020-08-10T13:12:33.793+0300][1693.335s][info ][gc] GC(56097) Pause Young (Allocation Failure) 59M->59M(70M) 13.277ms
[2020-08-10T13:12:33.807+0300][1693.349s][info ][gc] GC(56098) Pause Young (Allocation Failure) 60M->60M(70M) 13.230ms
[2020-08-10T13:12:33.820+0300][1693.363s][info ][gc] GC(56099) Pause Young (Allocation Failure) 61M->61M(70M) 13.254ms
[2020-08-10T13:12:33.834+0300][1693.376s][info ][gc] GC(56100) Pause Young (Allocation Failure) 62M->62M(70M) 13.280ms
[2020-08-10T13:12:33.858+0300][1693.400s][info ][gc] GC(56101) Pause Young (Allocation Failure) 63M->63M(70M) 23.575ms
[2020-08-10T13:12:33.872+0300][1693.414s][info ][gc] GC(56102) Pause Young (Allocation Failure) 64M->64M(70M) 13.401ms
[2020-08-10T13:12:33.886+0300][1693.428s][info ][gc] GC(56103) Pause Young (Allocation Failure) 65M->65M(70M) 13.363ms
[2020-08-10T13:12:33.900+0300][1693.442s][info ][gc] GC(56104) Pause Young (Allocation Failure) 66M->66M(70M) 13.382ms
[2020-08-10T13:12:33.914+0300][1693.456s][info ][gc] GC(56105) Pause Young (Allocation Failure) 67M->67M(70M) 13.521ms
[2020-08-10T13:12:33.927+0300][1693.470s][info ][gc] GC(56106) Pause Young (Allocation Failure) 68M->68M(70M) 13.350ms
[2020-08-10T13:12:34.076+0300][1693.618s][debug][gc] GC(56107) Expanding ParOldGen from 69632K by 11776K to 81408K
[2020-08-10T13:12:34.076+0300][1693.618s][info ][gc] GC(56107) Pause Full (Ergonomics) 68M->67M(82M) 148.764ms
[2020-08-10T13:12:34.089+0300][1693.632s][info ][gc] GC(56108) Pause Young (Allocation Failure) 68M->68M(82M) 12.873ms
[2020-08-10T13:12:34.103+0300][1693.645s][info ][gc] GC(56109) Pause Young (Allocation Failure) 69M->69M(82M) 13.372ms
[2020-08-10T13:12:34.117+0300][1693.659s][info ][gc] GC(56110) Pause Young (Allocation Failure) 70M->70M(82M) 13.417ms
[2020-08-10T13:12:34.131+0300][1693.673s][info ][gc] GC(56111) Pause Young (Allocation Failure) 71M->71M(82M) 13.331ms
[2020-08-10T13:12:34.144+0300][1693.687s][info ][gc] GC(56112) Pause Young (Allocation Failure) 72M->72M(82M) 13.422ms
[2020-08-10T13:12:34.158+0300][1693.700s][info ][gc] GC(56113) Pause Young (Allocation Failure) 73M->73M(82M) 13.315ms
[2020-08-10T13:12:34.172+0300][1693.714s][info ][gc] GC(56114) Pause Young (Allocation Failure) 74M->74M(82M) 13.299ms
[2020-08-10T13:12:34.185+0300][1693.728s][info ][gc] GC(56115) Pause Young (Allocation Failure) 75M->75M(82M) 13.391ms
[2020-08-10T13:12:34.199+0300][1693.742s][info ][gc] GC(56116) Pause Young (Allocation Failure) 76M->76M(82M) 13.365ms
[2020-08-10T13:12:34.213+0300][1693.755s][info ][gc] GC(56117) Pause Young (Allocation Failure) 77M->77M(82M) 13.432ms
[2020-08-10T13:12:34.227+0300][1693.769s][info ][gc] GC(56118) Pause Young (Allocation Failure) 78M->78M(82M) 13.368ms
[2020-08-10T13:12:34.240+0300][1693.783s][info ][gc] GC(56119) Pause Young (Allocation Failure) 79M->79M(82M) 13.514ms
[2020-08-10T13:12:34.425+0300][1693.967s][debug][gc] GC(56120) Expanding ParOldGen from 81408K by 11264K to 92672K
[2020-08-10T13:12:34.425+0300][1693.968s][info ][gc] GC(56120) Pause Full (Ergonomics) 79M->79M(93M) 184.502ms
[2020-08-10T13:12:34.439+0300][1693.981s][info ][gc] GC(56121) Pause Young (Allocation Failure) 80M->80M(93M) 13.145ms
[2020-08-10T13:12:34.453+0300][1693.995s][info ][gc] GC(56122) Pause Young (Allocation Failure) 81M->81M(93M) 13.595ms
[2020-08-10T13:12:34.467+0300][1694.010s][info ][gc] GC(56123) Pause Young (Allocation Failure) 82M->82M(93M) 13.628ms
[2020-08-10T13:12:34.481+0300][1694.024s][info ][gc] GC(56124) Pause Young (Allocation Failure) 83M->83M(93M) 13.858ms
[2020-08-10T13:12:34.508+0300][1694.050s][info ][gc] GC(56125) Pause Young (Allocation Failure) 84M->84M(93M) 25.828ms
[2020-08-10T13:12:34.522+0300][1694.064s][info ][gc] GC(56126) Pause Young (Allocation Failure) 85M->84M(93M) 13.681ms
[2020-08-10T13:12:34.536+0300][1694.079s][info ][gc] GC(56127) Pause Young (Allocation Failure) 85M->85M(93M) 13.909ms
[2020-08-10T13:12:34.551+0300][1694.093s][info ][gc] GC(56128) Pause Young (Allocation Failure) 86M->86M(93M) 14.114ms
[2020-08-10T13:12:34.565+0300][1694.108s][info ][gc] GC(56129) Pause Young (Allocation Failure) 87M->87M(93M) 14.079ms
[2020-08-10T13:12:34.580+0300][1694.122s][info ][gc] GC(56130) Pause Young (Allocation Failure) 88M->88M(93M) 14.163ms
[2020-08-10T13:12:34.595+0300][1694.137s][info ][gc] GC(56131) Pause Young (Allocation Failure) 89M->89M(93M) 14.277ms
[2020-08-10T13:12:34.610+0300][1694.152s][info ][gc] GC(56132) Pause Young (Allocation Failure) 90M->90M(93M) 14.447ms
[2020-08-10T13:12:34.824+0300][1694.366s][debug][gc] GC(56133) Expanding ParOldGen from 92672K by 11264K to 103936K
[2020-08-10T13:12:34.824+0300][1694.366s][info ][gc] GC(56133) Pause Full (Ergonomics) 90M->90M(104M) 214.023ms
[2020-08-10T13:12:34.857+0300][1694.400s][info ][gc] GC(56134) Pause Young (Allocation Failure) 91M->91M(103M) 32.816ms
[2020-08-10T13:12:34.873+0300][1694.415s][info ][gc] GC(56135) Pause Young (Allocation Failure) 92M->92M(103M) 14.978ms
[2020-08-10T13:12:34.888+0300][1694.431s][info ][gc] GC(56136) Pause Young (Allocation Failure) 93M->93M(103M) 15.037ms
[2020-08-10T13:12:34.903+0300][1694.445s][info ][gc] GC(56137) Pause Young (Allocation Failure) 94M->94M(104M) 13.781ms
[2020-08-10T13:12:34.918+0300][1694.461s][info ][gc] GC(56138) Pause Young (Allocation Failure) 95M->95M(104M) 15.055ms
[2020-08-10T13:12:34.934+0300][1694.476s][info ][gc] GC(56139) Pause Young (Allocation Failure) 96M->96M(104M) 15.116ms
[2020-08-10T13:12:34.950+0300][1694.492s][info ][gc] GC(56140) Pause Young (Allocation Failure) 97M->97M(104M) 15.215ms
[2020-08-10T13:12:34.965+0300][1694.508s][info ][gc] GC(56141) Pause Young (Allocation Failure) 98M->98M(104M) 15.345ms
[2020-08-10T13:12:34.981+0300][1694.524s][info ][gc] GC(56142) Pause Young (Allocation Failure) 99M->99M(104M) 15.414ms
[2020-08-10T13:12:34.997+0300][1694.540s][info ][gc] GC(56143) Pause Young (Allocation Failure) 100M->100M(104M) 15.406ms
[2020-08-10T13:12:35.013+0300][1694.555s][info ][gc] GC(56144) Pause Young (Allocation Failure) 101M->101M(104M) 15.474ms
[2020-08-10T13:12:35.029+0300][1694.572s][info ][gc] GC(56145) Pause Young (Allocation Failure) 102M->102M(104M) 15.691ms
[2020-08-10T13:12:35.316+0300][1694.858s][debug][gc] GC(56146) Expanding ParOldGen from 103936K by 11776K to 115712K
[2020-08-10T13:12:35.316+0300][1694.858s][info ][gc] GC(56146) Pause Full (Ergonomics) 102M->101M(115M) 286.275ms
[2020-08-10T13:12:35.365+0300][1694.907s][info ][gc] GC(56147) Pause Young (Allocation Failure) 102M->102M(115M) 48.437ms
[2020-08-10T13:12:35.381+0300][1694.923s][info ][gc] GC(56148) Pause Young (Allocation Failure) 103M->103M(115M) 15.827ms
[2020-08-10T13:12:35.397+0300][1694.940s][info ][gc] GC(56149) Pause Young (Allocation Failure) 104M->104M(115M) 15.776ms
[2020-08-10T13:12:35.414+0300][1694.956s][info ][gc] GC(56150) Pause Young (Allocation Failure) 105M->105M(115M) 16.109ms
[2020-08-10T13:12:35.430+0300][1694.973s][info ][gc] GC(56151) Pause Young (Allocation Failure) 106M->106M(115M) 16.159ms
[2020-08-10T13:12:35.447+0300][1694.989s][info ][gc] GC(56152) Pause Young (Allocation Failure) 107M->107M(115M) 16.160ms
[2020-08-10T13:12:35.464+0300][1695.006s][info ][gc] GC(56153) Pause Young (Allocation Failure) 108M->108M(115M) 16.442ms
[2020-08-10T13:12:35.481+0300][1695.023s][info ][gc] GC(56154) Pause Young (Allocation Failure) 109M->109M(115M) 16.382ms
[2020-08-10T13:12:35.498+0300][1695.040s][info ][gc] GC(56155) Pause Young (Allocation Failure) 110M->110M(115M) 16.501ms
[2020-08-10T13:12:35.515+0300][1695.057s][info ][gc] GC(56156) Pause Young (Allocation Failure) 111M->111M(115M) 16.125ms
[2020-08-10T13:12:35.550+0300][1695.093s][info ][gc] GC(56157) Pause Young (Allocation Failure) 112M->112M(115M) 35.034ms
[2020-08-10T13:12:35.568+0300][1695.110s][info ][gc] GC(56158) Pause Young (Allocation Failure) 113M->113M(115M) 16.642ms
[2020-08-10T13:12:35.889+0300][1695.431s][debug][gc] GC(56159) Expanding ParOldGen from 115712K by 11264K to 126976K
[2020-08-10T13:12:35.889+0300][1695.431s][info ][gc] GC(56159) Pause Full (Ergonomics) 113M->113M(126M) 321.165ms
[2020-08-10T13:12:35.920+0300][1695.463s][info ][gc] GC(56160) Pause Young (Allocation Failure) 114M->114M(126M) 30.543ms
[2020-08-10T13:12:35.938+0300][1695.481s][info ][gc] GC(56161) Pause Young (Allocation Failure) 115M->115M(126M) 17.281ms
[2020-08-10T13:12:35.986+0300][1695.528s][info ][gc] GC(56162) Pause Young (Allocation Failure) 116M->116M(126M) 47.087ms
[2020-08-10T13:12:36.030+0300][1695.572s][info ][gc] GC(56163) Pause Young (Allocation Failure) 117M->116M(126M) 43.950ms
[2020-08-10T13:12:36.048+0300][1695.590s][info ][gc] GC(56164) Pause Young (Allocation Failure) 117M->117M(126M) 17.588ms
[2020-08-10T13:12:36.077+0300][1695.619s][info ][gc] GC(56165) Pause Young (Allocation Failure) 118M->118M(126M) 28.464ms
[2020-08-10T13:12:36.095+0300][1695.638s][info ][gc] GC(56166) Pause Young (Allocation Failure) 119M->119M(126M) 17.795ms
[2020-08-10T13:12:36.113+0300][1695.656s][info ][gc] GC(56167) Pause Young (Allocation Failure) 120M->120M(126M) 17.621ms
[2020-08-10T13:12:36.143+0300][1695.685s][info ][gc] GC(56168) Pause Young (Allocation Failure) 121M->121M(126M) 28.625ms
[2020-08-10T13:12:36.172+0300][1695.714s][info ][gc] GC(56169) Pause Young (Allocation Failure) 122M->122M(126M) 28.965ms
[2020-08-10T13:12:36.190+0300][1695.733s][info ][gc] GC(56170) Pause Young (Allocation Failure) 123M->123M(126M) 17.755ms
[2020-08-10T13:12:36.208+0300][1695.750s][info ][gc] GC(56171) Pause Young (Allocation Failure) 124M->124M(126M) 17.386ms
[2020-08-10T13:12:36.528+0300][1696.071s][debug][gc] GC(56172) Expanding ParOldGen from 126976K by 11776K to 138752K
[2020-08-10T13:12:36.528+0300][1696.071s][info ][gc] GC(56172) Pause Full (Ergonomics) 124M->124M(138M) 320.128ms
[2020-08-10T13:12:36.561+0300][1696.103s][info ][gc] GC(56173) Pause Young (Allocation Failure) 125M->125M(138M) 32.295ms
[2020-08-10T13:12:36.580+0300][1696.122s][info ][gc] GC(56174) Pause Young (Allocation Failure) 126M->126M(138M) 18.130ms
[2020-08-10T13:12:36.598+0300][1696.141s][info ][gc] GC(56175) Pause Young (Allocation Failure) 127M->127M(138M) 18.216ms
[2020-08-10T13:12:36.617+0300][1696.159s][info ][gc] GC(56176) Pause Young (Allocation Failure) 128M->128M(138M) 18.144ms
[2020-08-10T13:12:36.635+0300][1696.178s][info ][gc] GC(56177) Pause Young (Allocation Failure) 129M->129M(138M) 17.929ms
[2020-08-10T13:12:36.654+0300][1696.197s][info ][gc] GC(56178) Pause Young (Allocation Failure) 130M->130M(138M) 18.394ms
[2020-08-10T13:12:36.673+0300][1696.216s][info ][gc] GC(56179) Pause Young (Allocation Failure) 131M->131M(138M) 18.451ms
[2020-08-10T13:12:36.692+0300][1696.234s][info ][gc] GC(56180) Pause Young (Allocation Failure) 132M->132M(138M) 17.940ms
[2020-08-10T13:12:36.710+0300][1696.253s][info ][gc] GC(56181) Pause Young (Allocation Failure) 133M->133M(138M) 18.416ms
[2020-08-10T13:12:36.729+0300][1696.272s][info ][gc] GC(56182) Pause Young (Allocation Failure) 134M->134M(138M) 18.593ms
[2020-08-10T13:12:36.750+0300][1696.292s][info ][gc] GC(56183) Pause Young (Allocation Failure) 135M->134M(138M) 19.751ms
[2020-08-10T13:12:36.750+0300][1696.292s][debug][gc] Expanding ParOldGen from 138752K by 19968K to 158720K
[2020-08-10T13:12:36.776+0300][1696.318s][info ][gc] GC(56184) Pause Young (Allocation Failure) 155M->155M(157M) 18.057ms
[2020-08-10T13:12:36.803+0300][1696.346s][debug][gc] GC(56185) Shrinking ParOldGen from 158720K by 125440K to 33280K
[2020-08-10T13:12:36.803+0300][1696.346s][info ][gc] GC(56185) Pause Full (Ergonomics) 155M->21M(35M) 27.305ms
[2020-08-10T13:12:36.816+0300][1696.359s][info ][gc] GC(56186) Pause Young (Allocation Failure) 22M->22M(35M) 12.731ms
[2020-08-10T13:12:36.836+0300][1696.378s][info ][gc] GC(56187) Pause Young (Allocation Failure) 23M->23M(35M) 19.231ms
[2020-08-10T13:12:36.850+0300][1696.392s][info ][gc] GC(56188) Pause Young (Allocation Failure) 24M->24M(35M) 13.385ms
[2020-08-10T13:12:36.863+0300][1696.406s][info ][gc] GC(56189) Pause Young (Allocation Failure) 25M->25M(35M) 13.301ms
[2020-08-10T13:12:36.877+0300][1696.419s][info ][gc] GC(56190) Pause Young (Allocation Failure) 26M->26M(35M) 13.149ms
[2020-08-10T13:12:36.890+0300][1696.433s][info ][gc] GC(56191) Pause Young (Allocation Failure) 27M->26M(35M) 13.218ms
[2020-08-10T13:12:36.905+0300][1696.447s][info ][gc] GC(56192) Pause Young (Allocation Failure) 27M->27M(35M) 13.324ms
[2020-08-10T13:12:36.918+0300][1696.461s][info ][gc] GC(56193) Pause Young (Allocation Failure) 28M->28M(35M) 13.328ms
[2020-08-10T13:12:36.932+0300][1696.474s][info ][gc] GC(56194) Pause Young (Allocation Failure) 29M->29M(35M) 13.217ms
[2020-08-10T13:12:36.946+0300][1696.488s][info ][gc] GC(56195) Pause Young (Allocation Failure) 30M->30M(35M) 13.296ms
[2020-08-10T13:12:36.959+0300][1696.502s][info ][gc] GC(56196) Pause Young (Allocation Failure) 31M->31M(35M) 13.255ms
[2020-08-10T13:12:36.973+0300][1696.516s][info ][gc] GC(56197) Pause Young (Allocation Failure) 32M->32M(35M) 13.383ms
[2020-08-10T13:12:37.028+0300][1696.571s][debug][gc] GC(56198) Expanding ParOldGen from 33280K by 11264K to 44544K
[2020-08-10T13:12:37.028+0300][1696.571s][info ][gc] GC(56198) Pause Full (Ergonomics) 32M->32M(46M) 54.869ms
[2020-08-10T13:12:37.044+0300][1696.587s][info ][gc] GC(56199) Pause Young (Allocation Failure) 33M->33M(46M) 15.840ms
[2020-08-10T13:12:37.058+0300][1696.600s][info ][gc] GC(56200) Pause Young (Allocation Failure) 34M->34M(46M) 13.357ms
[2020-08-10T13:12:37.072+0300][1696.614s][info ][gc] GC(56201) Pause Young (Allocation Failure) 35M->35M(46M) 13.257ms
[2020-08-10T13:12:37.085+0300][1696.628s][info ][gc] GC(56202) Pause Young (Allocation Failure) 36M->36M(46M) 13.163ms
[2020-08-10T13:12:37.099+0300][1696.641s][info ][gc] GC(56203) Pause Young (Allocation Failure) 37M->37M(46M) 13.342ms
[2020-08-10T13:12:37.113+0300][1696.655s][info ][gc] GC(56204) Pause Young (Allocation Failure) 38M->38M(45M) 13.625ms
[2020-08-10T13:12:37.127+0300][1696.669s][info ][gc] GC(56205) Pause Young (Allocation Failure) 39M->39M(45M) 13.358ms
[2020-08-10T13:12:37.140+0300][1696.683s][info ][gc] GC(56206) Pause Young (Allocation Failure) 40M->40M(45M) 13.211ms
[2020-08-10T13:12:37.154+0300][1696.696s][info ][gc] GC(56207) Pause Young (Allocation Failure) 41M->41M(46M) 13.011ms
[2020-08-10T13:12:37.167+0300][1696.710s][info ][gc] GC(56208) Pause Young (Allocation Failure) 42M->42M(46M) 13.216ms
[2020-08-10T13:12:37.181+0300][1696.723s][info ][gc] GC(56209) Pause Young (Allocation Failure) 43M->43M(46M) 13.194ms
[2020-08-10T13:12:37.194+0300][1696.737s][info ][gc] GC(56210) Pause Young (Allocation Failure) 44M->44M(46M) 13.227ms
[2020-08-10T13:12:37.276+0300][1696.819s][debug][gc] GC(56211) Expanding ParOldGen from 44544K by 11776K to 56320K
[2020-08-10T13:12:37.276+0300][1696.819s][info ][gc] GC(56211) Pause Full (Ergonomics) 44M->43M(57M) 81.701ms
[2020-08-10T13:12:37.297+0300][1696.839s][info ][gc] GC(56212) Pause Young (Allocation Failure) 44M->44M(57M) 19.772ms
[2020-08-10T13:12:37.311+0300][1696.853s][info ][gc] GC(56213) Pause Young (Allocation Failure) 45M->45M(57M) 13.610ms
[2020-08-10T13:12:37.325+0300][1696.867s][info ][gc] GC(56214) Pause Young (Allocation Failure) 46M->46M(57M) 13.350ms
[2020-08-10T13:12:37.338+0300][1696.881s][info ][gc] GC(56215) Pause Young (Allocation Failure) 47M->47M(57M) 13.263ms
[2020-08-10T13:12:37.352+0300][1696.895s][info ][gc] GC(56216) Pause Young (Allocation Failure) 48M->48M(57M) 13.475ms
[2020-08-10T13:12:37.366+0300][1696.908s][info ][gc] GC(56217) Pause Young (Allocation Failure) 49M->49M(57M) 13.366ms
[2020-08-10T13:12:37.380+0300][1696.922s][info ][gc] GC(56218) Pause Young (Allocation Failure) 50M->50M(57M) 13.352ms
[2020-08-10T13:12:37.393+0300][1696.936s][info ][gc] GC(56219) Pause Young (Allocation Failure) 51M->51M(57M) 13.408ms
[2020-08-10T13:12:37.407+0300][1696.950s][info ][gc] GC(56220) Pause Young (Allocation Failure) 52M->52M(57M) 13.437ms
[2020-08-10T13:12:37.421+0300][1696.964s][info ][gc] GC(56221) Pause Young (Allocation Failure) 53M->53M(57M) 13.460ms
[2020-08-10T13:12:37.435+0300][1696.977s][info ][gc] GC(56222) Pause Young (Allocation Failure) 54M->54M(57M) 13.388ms
[2020-08-10T13:12:37.449+0300][1696.991s][info ][gc] GC(56223) Pause Young (Allocation Failure) 55M->55M(57M) 13.541ms
[2020-08-10T13:12:37.566+0300][1697.108s][debug][gc] GC(56224) Expanding ParOldGen from 56320K by 11264K to 67584K
[2020-08-10T13:12:37.566+0300][1697.108s][info ][gc] GC(56224) Pause Full (Ergonomics) 55M->55M(68M) 116.716ms
[2020-08-10T13:12:37.588+0300][1697.131s][info ][gc] GC(56225) Pause Young (Allocation Failure) 56M->56M(68M) 22.016ms
[2020-08-10T13:12:37.602+0300][1697.145s][info ][gc] GC(56226) Pause Young (Allocation Failure) 57M->57M(68M) 13.452ms
[2020-08-10T13:12:37.616+0300][1697.159s][info ][gc] GC(56227) Pause Young (Allocation Failure) 58M->58M(68M) 13.474ms
[2020-08-10T13:12:37.630+0300][1697.172s][info ][gc] GC(56228) Pause Young (Allocation Failure) 59M->58M(68M) 13.523ms
[2020-08-10T13:12:37.644+0300][1697.186s][info ][gc] GC(56229) Pause Young (Allocation Failure) 59M->59M(68M) 13.444ms
[2020-08-10T13:12:37.658+0300][1697.200s][info ][gc] GC(56230) Pause Young (Allocation Failure) 60M->60M(68M) 13.544ms
[2020-08-10T13:12:37.672+0300][1697.214s][info ][gc] GC(56231) Pause Young (Allocation Failure) 61M->61M(68M) 13.690ms
[2020-08-10T13:12:37.686+0300][1697.228s][info ][gc] GC(56232) Pause Young (Allocation Failure) 62M->62M(68M) 13.509ms
[2020-08-10T13:12:37.700+0300][1697.243s][info ][gc] GC(56233) Pause Young (Allocation Failure) 63M->63M(68M) 13.689ms
[2020-08-10T13:12:37.714+0300][1697.257s][info ][gc] GC(56234) Pause Young (Allocation Failure) 64M->64M(68M) 13.615ms
[2020-08-10T13:12:37.728+0300][1697.271s][info ][gc] GC(56235) Pause Young (Allocation Failure) 65M->65M(68M) 13.639ms
[2020-08-10T13:12:37.743+0300][1697.285s][info ][gc] GC(56236) Pause Young (Allocation Failure) 66M->66M(68M) 13.710ms
[2020-08-10T13:12:37.895+0300][1697.437s][debug][gc] GC(56237) Expanding ParOldGen from 67584K by 11264K to 78848K
[2020-08-10T13:12:37.895+0300][1697.437s][info ][gc] GC(56237) Pause Full (Ergonomics) 66M->66M(79M) 151.960ms
[2020-08-10T13:12:37.923+0300][1697.465s][info ][gc] GC(56238) Pause Young (Allocation Failure) 67M->67M(79M) 27.569ms
[2020-08-10T13:12:37.937+0300][1697.480s][info ][gc] GC(56239) Pause Young (Allocation Failure) 68M->68M(79M) 13.857ms
[2020-08-10T13:12:37.951+0300][1697.494s][info ][gc] GC(56240) Pause Young (Allocation Failure) 69M->69M(79M) 13.675ms
[2020-08-10T13:12:37.966+0300][1697.508s][info ][gc] GC(56241) Pause Young (Allocation Failure) 70M->70M(79M) 13.767ms
[2020-08-10T13:12:37.980+0300][1697.523s][info ][gc] GC(56242) Pause Young (Allocation Failure) 71M->71M(79M) 13.763ms
[2020-08-10T13:12:37.994+0300][1697.537s][info ][gc] GC(56243) Pause Young (Allocation Failure) 72M->72M(79M) 13.638ms
[2020-08-10T13:12:38.009+0300][1697.551s][info ][gc] GC(56244) Pause Young (Allocation Failure) 73M->73M(79M) 13.953ms
[2020-08-10T13:12:38.023+0300][1697.565s][info ][gc] GC(56245) Pause Young (Allocation Failure) 74M->74M(79M) 13.623ms
[2020-08-10T13:12:38.037+0300][1697.579s][info ][gc] GC(56246) Pause Young (Allocation Failure) 75M->75M(79M) 13.752ms
[2020-08-10T13:12:38.051+0300][1697.594s][info ][gc] GC(56247) Pause Young (Allocation Failure) 76M->75M(79M) 13.801ms
[2020-08-10T13:12:38.066+0300][1697.608s][info ][gc] GC(56248) Pause Young (Allocation Failure) 76M->76M(79M) 13.794ms
[2020-08-10T13:12:38.080+0300][1697.622s][info ][gc] GC(56249) Pause Young (Allocation Failure) 77M->77M(79M) 13.851ms
[2020-08-10T13:12:38.266+0300][1697.808s][debug][gc] GC(56250) Expanding ParOldGen from 78848K by 11264K to 90112K
[2020-08-10T13:12:38.266+0300][1697.808s][info ][gc] GC(56250) Pause Full (Ergonomics) 77M->77M(90M) 185.515ms
[2020-08-10T13:12:38.298+0300][1697.840s][info ][gc] GC(56251) Pause Young (Allocation Failure) 78M->78M(90M) 31.367ms
[2020-08-10T13:12:38.312+0300][1697.854s][info ][gc] GC(56252) Pause Young (Allocation Failure) 79M->79M(90M) 13.761ms
[2020-08-10T13:12:38.326+0300][1697.869s][info ][gc] GC(56253) Pause Young (Allocation Failure) 80M->80M(90M) 13.868ms
[2020-08-10T13:12:38.340+0300][1697.883s][info ][gc] GC(56254) Pause Young (Allocation Failure) 81M->81M(90M) 13.890ms
[2020-08-10T13:12:38.355+0300][1697.897s][info ][gc] GC(56255) Pause Young (Allocation Failure) 82M->82M(90M) 13.891ms
[2020-08-10T13:12:38.369+0300][1697.912s][info ][gc] GC(56256) Pause Young (Allocation Failure) 83M->83M(90M) 14.007ms
[2020-08-10T13:12:38.384+0300][1697.926s][info ][gc] GC(56257) Pause Young (Allocation Failure) 84M->84M(90M) 14.011ms
[2020-08-10T13:12:38.398+0300][1697.941s][info ][gc] GC(56258) Pause Young (Allocation Failure) 85M->85M(89M) 14.182ms
[2020-08-10T13:12:38.413+0300][1697.955s][info ][gc] GC(56259) Pause Young (Allocation Failure) 85M->85M(90M) 13.629ms
[2020-08-10T13:12:38.426+0300][1697.969s][info ][gc] GC(56260) Pause Young (Allocation Failure) 86M->86M(90M) 13.416ms
[2020-08-10T13:12:38.440+0300][1697.983s][info ][gc] GC(56261) Pause Young (Allocation Failure) 86M->86M(90M) 13.375ms
[2020-08-10T13:12:38.454+0300][1697.997s][info ][gc] GC(56262) Pause Young (Allocation Failure) 87M->87M(90M) 13.278ms
[2020-08-10T13:12:38.468+0300][1698.011s][info ][gc] GC(56263) Pause Young (Allocation Failure) 87M->87M(90M) 13.366ms
[2020-08-10T13:12:38.670+0300][1698.213s][debug][gc] GC(56264) Expanding ParOldGen from 90112K by 11264K to 101376K
[2020-08-10T13:12:38.670+0300][1698.213s][info ][gc] GC(56264) Pause Full (Ergonomics) 87M->87M(101M) 202.273ms
[2020-08-10T13:12:38.684+0300][1698.227s][info ][gc] GC(56265) Pause Young (Allocation Failure) 88M->87M(101M) 12.933ms
[2020-08-10T13:12:38.698+0300][1698.240s][info ][gc] GC(56266) Pause Young (Allocation Failure) 88M->88M(101M) 13.151ms
[2020-08-10T13:12:38.711+0300][1698.254s][info ][gc] GC(56267) Pause Young (Allocation Failure) 88M->88M(101M) 13.116ms
[2020-08-10T13:12:38.725+0300][1698.267s][info ][gc] GC(56268) Pause Young (Allocation Failure) 89M->89M(101M) 13.007ms
[2020-08-10T13:12:38.738+0300][1698.281s][info ][gc] GC(56269) Pause Young (Allocation Failure) 89M->89M(101M) 12.941ms
[2020-08-10T13:12:38.752+0300][1698.294s][info ][gc] GC(56270) Pause Young (Allocation Failure) 90M->90M(101M) 13.041ms
[2020-08-10T13:12:38.765+0300][1698.308s][info ][gc] GC(56271) Pause Young (Allocation Failure) 90M->90M(101M) 13.121ms
[2020-08-10T13:12:38.779+0300][1698.322s][info ][gc] GC(56272) Pause Young (Allocation Failure) 91M->91M(101M) 13.130ms
[2020-08-10T13:12:38.793+0300][1698.335s][info ][gc] GC(56273) Pause Young (Allocation Failure) 91M->91M(101M) 13.127ms
[2020-08-10T13:12:38.806+0300][1698.349s][info ][gc] GC(56274) Pause Young (Allocation Failure) 92M->92M(101M) 13.079ms
[2020-08-10T13:12:38.820+0300][1698.362s][info ][gc] GC(56275) Pause Young (Allocation Failure) 92M->92M(101M) 13.087ms
[2020-08-10T13:12:38.834+0300][1698.376s][info ][gc] GC(56276) Pause Young (Allocation Failure) 93M->93M(100M) 13.304ms
[2020-08-10T13:12:38.847+0300][1698.390s][info ][gc] GC(56277) Pause Young (Allocation Failure) 93M->93M(100M) 13.175ms
[2020-08-10T13:12:38.882+0300][1698.425s][info ][gc] GC(56278) Pause Young (Allocation Failure) 94M->93M(100M) 34.821ms
[2020-08-10T13:12:38.896+0300][1698.439s][info ][gc] GC(56279) Pause Young (Allocation Failure) 94M->94M(100M) 13.167ms
[2020-08-10T13:12:38.910+0300][1698.452s][info ][gc] GC(56280) Pause Young (Allocation Failure) 94M->94M(100M) 13.191ms
[2020-08-10T13:12:38.923+0300][1698.466s][info ][gc] GC(56281) Pause Young (Allocation Failure) 95M->95M(100M) 13.380ms
[2020-08-10T13:12:38.937+0300][1698.480s][info ][gc] GC(56282) Pause Young (Allocation Failure) 95M->95M(100M) 13.205ms
[2020-08-10T13:12:38.951+0300][1698.493s][info ][gc] GC(56283) Pause Young (Allocation Failure) 96M->96M(100M) 13.130ms
[2020-08-10T13:12:38.964+0300][1698.507s][info ][gc] GC(56284) Pause Young (Allocation Failure) 96M->96M(100M) 13.174ms
[2020-08-10T13:12:38.978+0300][1698.520s][info ][gc] GC(56285) Pause Young (Allocation Failure) 97M->97M(100M) 13.089ms
[2020-08-10T13:12:38.991+0300][1698.534s][info ][gc] GC(56286) Pause Young (Allocation Failure) 97M->97M(100M) 13.173ms
[2020-08-10T13:12:39.005+0300][1698.548s][info ][gc] GC(56287) Pause Young (Allocation Failure) 98M->98M(100M) 13.208ms
[2020-08-10T13:12:39.018+0300][1698.561s][info ][gc] GC(56288) Pause Young (Allocation Failure) 98M->98M(100M) 12.997ms
[2020-08-10T13:12:39.032+0300][1698.575s][info ][gc] GC(56289) Pause Young (Allocation Failure) 99M->99M(100M) 13.096ms
[2020-08-10T13:12:39.272+0300][1698.814s][debug][gc] GC(56290) Expanding ParOldGen from 101376K by 10752K to 112128K
[2020-08-10T13:12:39.272+0300][1698.815s][info ][gc] GC(56290) Pause Full (Ergonomics) 99M->98M(111M) 239.857ms
[2020-08-10T13:12:39.285+0300][1698.828s][info ][gc] GC(56291) Pause Young (Allocation Failure) 99M->99M(111M) 12.969ms
[2020-08-10T13:12:39.299+0300][1698.842s][info ][gc] GC(56292) Pause Young (Allocation Failure) 99M->99M(111M) 13.170ms
[2020-08-10T13:12:39.313+0300][1698.855s][info ][gc] GC(56293) Pause Young (Allocation Failure) 100M->100M(111M) 13.153ms
[2020-08-10T13:12:39.326+0300][1698.869s][info ][gc] GC(56294) Pause Young (Allocation Failure) 100M->100M(111M) 13.142ms
[2020-08-10T13:12:39.340+0300][1698.883s][info ][gc] GC(56295) Pause Young (Allocation Failure) 101M->101M(111M) 13.200ms
[2020-08-10T13:12:39.353+0300][1698.896s][info ][gc] GC(56296) Pause Young (Allocation Failure) 101M->101M(111M) 13.172ms
[2020-08-10T13:12:39.367+0300][1698.910s][info ][gc] GC(56297) Pause Young (Allocation Failure) 102M->102M(111M) 13.199ms
[2020-08-10T13:12:39.381+0300][1698.923s][info ][gc] GC(56298) Pause Young (Allocation Failure) 102M->102M(111M) 13.156ms
[2020-08-10T13:12:39.394+0300][1698.937s][info ][gc] GC(56299) Pause Young (Allocation Failure) 102M->102M(111M) 13.168ms
[2020-08-10T13:12:39.408+0300][1698.950s][info ][gc] GC(56300) Pause Young (Allocation Failure) 103M->103M(111M) 13.121ms
[2020-08-10T13:12:39.422+0300][1698.964s][info ][gc] GC(56301) Pause Young (Allocation Failure) 103M->103M(111M) 13.222ms
[2020-08-10T13:12:39.435+0300][1698.978s][info ][gc] GC(56302) Pause Young (Allocation Failure) 104M->104M(111M) 13.173ms
[2020-08-10T13:12:39.449+0300][1698.992s][info ][gc] GC(56303) Pause Young (Allocation Failure) 104M->104M(111M) 13.240ms
[2020-08-10T13:12:39.463+0300][1699.005s][info ][gc] GC(56304) Pause Young (Allocation Failure) 105M->105M(111M) 13.227ms
[2020-08-10T13:12:39.476+0300][1699.019s][info ][gc] GC(56305) Pause Young (Allocation Failure) 105M->105M(111M) 13.225ms
[2020-08-10T13:12:39.490+0300][1699.033s][info ][gc] GC(56306) Pause Young (Allocation Failure) 106M->106M(111M) 13.216ms
[2020-08-10T13:12:39.504+0300][1699.047s][info ][gc] GC(56307) Pause Young (Allocation Failure) 106M->106M(111M) 13.321ms
[2020-08-10T13:12:39.517+0300][1699.060s][info ][gc] GC(56308) Pause Young (Allocation Failure) 107M->107M(111M) 13.100ms
[2020-08-10T13:12:39.531+0300][1699.073s][info ][gc] GC(56309) Pause Young (Allocation Failure) 107M->107M(111M) 13.007ms
[2020-08-10T13:12:39.544+0300][1699.087s][info ][gc] GC(56310) Pause Young (Allocation Failure) 108M->107M(111M) 13.038ms
[2020-08-10T13:12:39.557+0300][1699.100s][info ][gc] GC(56311) Pause Young (Allocation Failure) 108M->108M(111M) 13.060ms
[2020-08-10T13:12:39.572+0300][1699.115s][info ][gc] GC(56312) Pause Young (Allocation Failure) 108M->108M(111M) 14.334ms
[2020-08-10T13:12:39.592+0300][1699.134s][info ][gc] GC(56313) Pause Young (Allocation Failure) 109M->109M(111M) 18.970ms
[2020-08-10T13:12:39.605+0300][1699.148s][info ][gc] GC(56314) Pause Young (Allocation Failure) 109M->109M(111M) 13.138ms
[2020-08-10T13:12:39.887+0300][1699.430s][debug][gc] GC(56315) Expanding ParOldGen from 112128K by 10752K to 122880K
[2020-08-10T13:12:39.887+0300][1699.430s][info ][gc] GC(56315) Pause Full (Ergonomics) 109M->109M(121M) 281.924ms
[2020-08-10T13:12:39.923+0300][1699.466s][info ][gc] GC(56316) Pause Young (Allocation Failure) 110M->110M(121M) 36.070ms
[2020-08-10T13:12:39.937+0300][1699.480s][info ][gc] GC(56317) Pause Young (Allocation Failure) 110M->110M(121M) 13.620ms
[2020-08-10T13:12:39.951+0300][1699.494s][info ][gc] GC(56318) Pause Young (Allocation Failure) 111M->111M(121M) 13.594ms
[2020-08-10T13:12:39.965+0300][1699.508s][info ][gc] GC(56319) Pause Young (Allocation Failure) 111M->111M(121M) 13.754ms
[2020-08-10T13:12:39.980+0300][1699.522s][info ][gc] GC(56320) Pause Young (Allocation Failure) 112M->111M(121M) 13.696ms
[2020-08-10T13:12:39.994+0300][1699.536s][info ][gc] GC(56321) Pause Young (Allocation Failure) 112M->112M(121M) 13.792ms
[2020-08-10T13:12:40.008+0300][1699.551s][info ][gc] GC(56322) Pause Young (Allocation Failure) 112M->112M(121M) 13.737ms
[2020-08-10T13:12:40.022+0300][1699.565s][info ][gc] GC(56323) Pause Young (Allocation Failure) 113M->113M(121M) 13.799ms
[2020-08-10T13:12:40.036+0300][1699.579s][info ][gc] GC(56324) Pause Young (Allocation Failure) 113M->113M(121M) 13.697ms
[2020-08-10T13:12:40.051+0300][1699.593s][info ][gc] GC(56325) Pause Young (Allocation Failure) 114M->114M(121M) 13.726ms
[2020-08-10T13:12:40.065+0300][1699.608s][info ][gc] GC(56326) Pause Young (Allocation Failure) 114M->114M(121M) 14.048ms
[2020-08-10T13:12:40.079+0300][1699.622s][info ][gc] GC(56327) Pause Young (Allocation Failure) 115M->115M(121M) 13.825ms
[2020-08-10T13:12:40.093+0300][1699.636s][info ][gc] GC(56328) Pause Young (Allocation Failure) 115M->115M(121M) 13.927ms
[2020-08-10T13:12:40.108+0300][1699.651s][info ][gc] GC(56329) Pause Young (Allocation Failure) 116M->116M(121M) 13.976ms
[2020-08-10T13:12:40.122+0300][1699.665s][info ][gc] GC(56330) Pause Young (Allocation Failure) 116M->116M(121M) 14.016ms
[2020-08-10T13:12:40.137+0300][1699.680s][info ][gc] GC(56331) Pause Young (Allocation Failure) 116M->116M(121M) 14.566ms
[2020-08-10T13:12:40.152+0300][1699.695s][info ][gc] GC(56332) Pause Young (Allocation Failure) 117M->117M(121M) 14.783ms
[2020-08-10T13:12:40.167+0300][1699.710s][info ][gc] GC(56333) Pause Young (Allocation Failure) 117M->117M(121M) 14.250ms
[2020-08-10T13:12:40.181+0300][1699.724s][info ][gc] GC(56334) Pause Young (Allocation Failure) 118M->118M(121M) 14.054ms
[2020-08-10T13:12:40.196+0300][1699.739s][info ][gc] GC(56335) Pause Young (Allocation Failure) 118M->118M(121M) 14.322ms
[2020-08-10T13:12:40.211+0300][1699.753s][info ][gc] GC(56336) Pause Young (Allocation Failure) 119M->119M(121M) 14.095ms
[2020-08-10T13:12:40.225+0300][1699.768s][info ][gc] GC(56337) Pause Young (Allocation Failure) 119M->119M(121M) 14.193ms
[2020-08-10T13:12:40.240+0300][1699.783s][info ][gc] GC(56338) Pause Young (Allocation Failure) 120M->120M(121M) 14.524ms
[2020-08-10T13:12:40.524+0300][1700.066s][debug][gc] GC(56339) Expanding ParOldGen from 122880K by 10752K to 133632K
[2020-08-10T13:12:40.524+0300][1700.067s][info ][gc] GC(56339) Pause Full (Ergonomics) 120M->119M(132M) 283.908ms
[2020-08-10T13:12:40.537+0300][1700.080s][info ][gc] GC(56340) Pause Young (Allocation Failure) 120M->120M(132M) 12.999ms
[2020-08-10T13:12:40.552+0300][1700.095s][info ][gc] GC(56341) Pause Young (Allocation Failure) 120M->120M(132M) 14.630ms
[2020-08-10T13:12:40.567+0300][1700.110s][info ][gc] GC(56342) Pause Young (Allocation Failure) 121M->121M(132M) 14.360ms
[2020-08-10T13:12:40.582+0300][1700.125s][info ][gc] GC(56343) Pause Young (Allocation Failure) 121M->121M(132M) 14.072ms
[2020-08-10T13:12:40.596+0300][1700.139s][info ][gc] GC(56344) Pause Young (Allocation Failure) 122M->122M(132M) 13.921ms
[2020-08-10T13:12:40.611+0300][1700.153s][info ][gc] GC(56345) Pause Young (Allocation Failure) 122M->122M(132M) 14.320ms
[2020-08-10T13:12:40.625+0300][1700.168s][info ][gc] GC(56346) Pause Young (Allocation Failure) 123M->123M(132M) 14.313ms
[2020-08-10T13:12:40.640+0300][1700.183s][info ][gc] GC(56347) Pause Young (Allocation Failure) 123M->123M(132M) 14.404ms
[2020-08-10T13:12:40.674+0300][1700.217s][info ][gc] GC(56348) Pause Young (Allocation Failure) 124M->123M(132M) 33.912ms
[2020-08-10T13:12:40.689+0300][1700.232s][info ][gc] GC(56349) Pause Young (Allocation Failure) 124M->124M(132M) 14.621ms
[2020-08-10T13:12:40.704+0300][1700.247s][info ][gc] GC(56350) Pause Young (Allocation Failure) 124M->124M(132M) 14.640ms
[2020-08-10T13:12:40.725+0300][1700.268s][info ][gc] GC(56351) Pause Young (Allocation Failure) 125M->125M(132M) 20.572ms
[2020-08-10T13:12:40.740+0300][1700.283s][info ][gc] GC(56352) Pause Young (Allocation Failure) 125M->125M(132M) 14.742ms
[2020-08-10T13:12:40.755+0300][1700.298s][info ][gc] GC(56353) Pause Young (Allocation Failure) 126M->126M(132M) 14.623ms
[2020-08-10T13:12:40.771+0300][1700.313s][info ][gc] GC(56354) Pause Young (Allocation Failure) 126M->126M(132M) 14.917ms
[2020-08-10T13:12:40.800+0300][1700.343s][info ][gc] GC(56355) Pause Young (Allocation Failure) 127M->127M(132M) 28.972ms
[2020-08-10T13:12:40.839+0300][1700.382s][info ][gc] GC(56356) Pause Young (Allocation Failure) 127M->127M(132M) 38.899ms
[2020-08-10T13:12:40.854+0300][1700.397s][info ][gc] GC(56357) Pause Young (Allocation Failure) 128M->128M(132M) 14.933ms
[2020-08-10T13:12:40.870+0300][1700.412s][info ][gc] GC(56358) Pause Young (Allocation Failure) 128M->128M(132M) 14.775ms
[2020-08-10T13:12:40.885+0300][1700.428s][info ][gc] GC(56359) Pause Young (Allocation Failure) 129M->128M(132M) 15.506ms
[2020-08-10T13:12:40.918+0300][1700.461s][info ][gc] GC(56360) Pause Young (Allocation Failure) 129M->129M(132M) 32.332ms
[2020-08-10T13:12:40.934+0300][1700.476s][info ][gc] GC(56361) Pause Young (Allocation Failure) 129M->129M(132M) 14.996ms
[2020-08-10T13:12:40.949+0300][1700.492s][info ][gc] GC(56362) Pause Young (Allocation Failure) 130M->130M(132M) 15.216ms
[2020-08-10T13:12:40.965+0300][1700.507s][info ][gc] GC(56363) Pause Young (Allocation Failure) 130M->130M(132M) 14.909ms
[2020-08-10T13:12:41.488+0300][1701.030s][debug][gc] GC(56364) Expanding ParOldGen from 133632K by 10752K to 144384K
[2020-08-10T13:12:41.488+0300][1701.030s][info ][gc] GC(56364) Pause Full (Ergonomics) 130M->130M(142M) 522.997ms
[2020-08-10T13:12:41.502+0300][1701.045s][info ][gc] GC(56365) Pause Young (Allocation Failure) 130M->130M(142M) 13.826ms
[2020-08-10T13:12:41.517+0300][1701.060s][info ][gc] GC(56366) Pause Young (Allocation Failure) 131M->131M(142M) 14.974ms
[2020-08-10T13:12:41.550+0300][1701.092s][info ][gc] GC(56367) Pause Young (Allocation Failure) 131M->131M(142M) 32.114ms
[2020-08-10T13:12:41.565+0300][1701.108s][info ][gc] GC(56368) Pause Young (Allocation Failure) 132M->132M(142M) 15.387ms
[2020-08-10T13:12:41.581+0300][1701.124s][info ][gc] GC(56369) Pause Young (Allocation Failure) 132M->132M(142M) 15.212ms
[2020-08-10T13:12:41.596+0300][1701.139s][info ][gc] GC(56370) Pause Young (Allocation Failure) 133M->133M(142M) 15.105ms
[2020-08-10T13:12:41.635+0300][1701.178s][info ][gc] GC(56371) Pause Young (Allocation Failure) 133M->133M(142M) 38.432ms
[2020-08-10T13:12:41.651+0300][1701.193s][info ][gc] GC(56372) Pause Young (Allocation Failure) 134M->134M(142M) 15.281ms
[2020-08-10T13:12:41.667+0300][1701.209s][info ][gc] GC(56373) Pause Young (Allocation Failure) 134M->134M(142M) 15.453ms
[2020-08-10T13:12:41.682+0300][1701.225s][info ][gc] GC(56374) Pause Young (Allocation Failure) 135M->135M(142M) 15.197ms
[2020-08-10T13:12:41.698+0300][1701.241s][info ][gc] GC(56375) Pause Young (Allocation Failure) 135M->135M(142M) 15.496ms
[2020-08-10T13:12:41.698+0300][1701.241s][debug][gc] Expanding ParOldGen from 144384K by 19968K to 164352K
[2020-08-10T13:12:41.721+0300][1701.264s][info ][gc] GC(56376) Pause Young (Allocation Failure) 155M->154M(162M) 14.578ms
[2020-08-10T13:12:41.735+0300][1701.277s][info ][gc] GC(56377) Pause Young (Allocation Failure) 155M->155M(162M) 12.980ms
[2020-08-10T13:12:41.748+0300][1701.291s][info ][gc] GC(56378) Pause Young (Allocation Failure) 155M->155M(162M) 13.146ms
[2020-08-10T13:12:41.762+0300][1701.304s][info ][gc] GC(56379) Pause Young (Allocation Failure) 156M->156M(162M) 13.095ms
[2020-08-10T13:12:41.775+0300][1701.318s][info ][gc] GC(56380) Pause Young (Allocation Failure) 156M->156M(162M) 12.979ms
[2020-08-10T13:12:41.788+0300][1701.331s][info ][gc] GC(56381) Pause Young (Allocation Failure) 157M->157M(162M) 13.039ms
[2020-08-10T13:12:41.802+0300][1701.344s][info ][gc] GC(56382) Pause Young (Allocation Failure) 157M->157M(162M) 13.043ms
[2020-08-10T13:12:41.815+0300][1701.358s][info ][gc] GC(56383) Pause Young (Allocation Failure) 158M->157M(162M) 13.218ms
[2020-08-10T13:12:41.829+0300][1701.372s][info ][gc] GC(56384) Pause Young (Allocation Failure) 158M->158M(162M) 13.193ms
[2020-08-10T13:12:41.842+0300][1701.385s][info ][gc] GC(56385) Pause Young (Allocation Failure) 158M->158M(162M) 13.004ms
[2020-08-10T13:12:41.875+0300][1701.418s][info ][gc] GC(56386) Pause Young (Allocation Failure) 159M->159M(162M) 32.825ms
[2020-08-10T13:12:41.898+0300][1701.441s][info ][gc] GC(56387) Pause Young (Allocation Failure) 159M->159M(162M) 22.507ms
[2020-08-10T13:12:41.914+0300][1701.457s][info ][gc] GC(56388) Pause Young (Allocation Failure) 160M->160M(162M) 15.513ms
[2020-08-10T13:12:41.928+0300][1701.470s][info ][gc] GC(56389) Pause Young (Allocation Failure) 160M->160M(162M) 13.280ms
[2020-08-10T13:12:41.990+0300][1701.532s][debug][gc] GC(56390) Shrinking ParOldGen from 164352K by 125440K to 38912K
[2020-08-10T13:12:41.990+0300][1701.532s][info ][gc] GC(56390) Pause Full (Ergonomics) 160M->26M(39M) 61.956ms
[2020-08-10T13:12:42.003+0300][1701.545s][info ][gc] GC(56391) Pause Young (Allocation Failure) 27M->27M(39M) 12.613ms
[2020-08-10T13:12:42.016+0300][1701.558s][info ][gc] GC(56392) Pause Young (Allocation Failure) 27M->27M(39M) 12.785ms
[2020-08-10T13:12:42.029+0300][1701.572s][info ][gc] GC(56393) Pause Young (Allocation Failure) 28M->28M(39M) 12.865ms
[2020-08-10T13:12:42.042+0300][1701.585s][info ][gc] GC(56394) Pause Young (Allocation Failure) 29M->29M(39M) 13.137ms
[2020-08-10T13:12:42.056+0300][1701.599s][info ][gc] GC(56395) Pause Young (Allocation Failure) 30M->30M(40M) 13.234ms
[2020-08-10T13:12:42.070+0300][1701.613s][info ][gc] GC(56396) Pause Young (Allocation Failure) 31M->31M(40M) 13.303ms
[2020-08-10T13:12:42.084+0300][1701.627s][info ][gc] GC(56397) Pause Young (Allocation Failure) 32M->32M(40M) 13.305ms
[2020-08-10T13:12:42.098+0300][1701.641s][info ][gc] GC(56398) Pause Young (Allocation Failure) 33M->33M(40M) 13.264ms
[2020-08-10T13:12:42.112+0300][1701.654s][info ][gc] GC(56399) Pause Young (Allocation Failure) 34M->33M(40M) 13.462ms
[2020-08-10T13:12:42.125+0300][1701.668s][info ][gc] GC(56400) Pause Young (Allocation Failure) 34M->34M(40M) 13.150ms
[2020-08-10T13:12:42.139+0300][1701.682s][info ][gc] GC(56401) Pause Young (Allocation Failure) 35M->35M(40M) 13.283ms
[2020-08-10T13:12:42.160+0300][1701.702s][info ][gc] GC(56402) Pause Young (Allocation Failure) 36M->36M(40M) 19.966ms
[2020-08-10T13:12:42.173+0300][1701.716s][info ][gc] GC(56403) Pause Young (Allocation Failure) 37M->37M(40M) 13.138ms
[2020-08-10T13:12:42.187+0300][1701.730s][info ][gc] GC(56404) Pause Young (Allocation Failure) 38M->38M(40M) 13.393ms
[2020-08-10T13:12:42.259+0300][1701.802s][debug][gc] GC(56405) Expanding ParOldGen from 38912K by 11264K to 50176K
[2020-08-10T13:12:42.259+0300][1701.802s][info ][gc] GC(56405) Pause Full (Ergonomics) 38M->38M(51M) 71.891ms
[2020-08-10T13:12:42.277+0300][1701.820s][info ][gc] GC(56406) Pause Young (Allocation Failure) 39M->39M(51M) 17.405ms
[2020-08-10T13:12:42.291+0300][1701.834s][info ][gc] GC(56407) Pause Young (Allocation Failure) 40M->40M(51M) 13.486ms
[2020-08-10T13:12:42.305+0300][1701.848s][info ][gc] GC(56408) Pause Young (Allocation Failure) 41M->41M(51M) 13.336ms
[2020-08-10T13:12:42.319+0300][1701.862s][info ][gc] GC(56409) Pause Young (Allocation Failure) 42M->42M(51M) 13.391ms
[2020-08-10T13:12:42.333+0300][1701.875s][info ][gc] GC(56410) Pause Young (Allocation Failure) 43M->43M(51M) 13.375ms
[2020-08-10T13:12:42.354+0300][1701.897s][info ][gc] GC(56411) Pause Young (Allocation Failure) 44M->44M(51M) 21.022ms
[2020-08-10T13:12:42.368+0300][1701.911s][info ][gc] GC(56412) Pause Young (Allocation Failure) 45M->44M(51M) 13.364ms
[2020-08-10T13:12:42.382+0300][1701.925s][info ][gc] GC(56413) Pause Young (Allocation Failure) 45M->45M(51M) 13.521ms
[2020-08-10T13:12:42.396+0300][1701.939s][info ][gc] GC(56414) Pause Young (Allocation Failure) 46M->46M(51M) 13.520ms
[2020-08-10T13:12:42.410+0300][1701.953s][info ][gc] GC(56415) Pause Young (Allocation Failure) 47M->47M(51M) 13.426ms
[2020-08-10T13:12:42.424+0300][1701.967s][info ][gc] GC(56416) Pause Young (Allocation Failure) 48M->48M(51M) 13.439ms
[2020-08-10T13:12:42.438+0300][1701.981s][info ][gc] GC(56417) Pause Young (Allocation Failure) 49M->49M(51M) 13.399ms
[2020-08-10T13:12:42.536+0300][1702.079s][debug][gc] GC(56418) Expanding ParOldGen from 50176K by 11264K to 61440K
[2020-08-10T13:12:42.536+0300][1702.079s][info ][gc] GC(56418) Pause Full (Ergonomics) 49M->49M(62M) 98.005ms
[2020-08-10T13:12:42.557+0300][1702.100s][info ][gc] GC(56419) Pause Young (Allocation Failure) 50M->50M(62M) 20.416ms
[2020-08-10T13:12:42.572+0300][1702.114s][info ][gc] GC(56420) Pause Young (Allocation Failure) 51M->51M(62M) 13.835ms
[2020-08-10T13:12:42.585+0300][1702.128s][info ][gc] GC(56421) Pause Young (Allocation Failure) 52M->52M(62M) 13.340ms
[2020-08-10T13:12:42.599+0300][1702.142s][info ][gc] GC(56422) Pause Young (Allocation Failure) 53M->53M(62M) 13.320ms
[2020-08-10T13:12:42.613+0300][1702.156s][info ][gc] GC(56423) Pause Young (Allocation Failure) 54M->54M(62M) 13.451ms
[2020-08-10T13:12:42.627+0300][1702.170s][info ][gc] GC(56424) Pause Young (Allocation Failure) 55M->55M(62M) 13.593ms
[2020-08-10T13:12:42.641+0300][1702.184s][info ][gc] GC(56425) Pause Young (Allocation Failure) 56M->56M(62M) 13.397ms
[2020-08-10T13:12:42.654+0300][1702.197s][info ][gc] GC(56426) Pause Young (Allocation Failure) 57M->57M(62M) 13.339ms
[2020-08-10T13:12:42.668+0300][1702.211s][info ][gc] GC(56427) Pause Young (Allocation Failure) 58M->57M(62M) 13.370ms
[2020-08-10T13:12:42.682+0300][1702.225s][info ][gc] GC(56428) Pause Young (Allocation Failure) 58M->58M(62M) 13.443ms
[2020-08-10T13:12:42.696+0300][1702.239s][info ][gc] GC(56429) Pause Young (Allocation Failure) 59M->59M(62M) 13.443ms
[2020-08-10T13:12:42.822+0300][1702.365s][debug][gc] GC(56430) Expanding ParOldGen from 61440K by 11264K to 72704K
[2020-08-10T13:12:42.822+0300][1702.365s][info ][gc] GC(56430) Pause Full (Ergonomics) 59M->59M(73M) 126.512ms
[2020-08-10T13:12:42.836+0300][1702.378s][info ][gc] GC(56431) Pause Young (Allocation Failure) 60M->60M(73M) 12.889ms
[2020-08-10T13:12:42.849+0300][1702.392s][info ][gc] GC(56432) Pause Young (Allocation Failure) 61M->61M(73M) 13.321ms
[2020-08-10T13:12:42.863+0300][1702.406s][info ][gc] GC(56433) Pause Young (Allocation Failure) 62M->62M(73M) 13.339ms
[2020-08-10T13:12:42.877+0300][1702.419s][info ][gc] GC(56434) Pause Young (Allocation Failure) 63M->63M(73M) 13.226ms
[2020-08-10T13:12:42.890+0300][1702.433s][info ][gc] GC(56435) Pause Young (Allocation Failure) 64M->64M(73M) 13.310ms
[2020-08-10T13:12:42.904+0300][1702.447s][info ][gc] GC(56436) Pause Young (Allocation Failure) 65M->65M(73M) 13.278ms
[2020-08-10T13:12:42.918+0300][1702.461s][info ][gc] GC(56437) Pause Young (Allocation Failure) 66M->66M(73M) 13.386ms
[2020-08-10T13:12:42.932+0300][1702.475s][info ][gc] GC(56438) Pause Young (Allocation Failure) 67M->67M(73M) 13.576ms
[2020-08-10T13:12:42.946+0300][1702.489s][info ][gc] GC(56439) Pause Young (Allocation Failure) 68M->68M(73M) 13.316ms
[2020-08-10T13:12:42.960+0300][1702.503s][info ][gc] GC(56440) Pause Young (Allocation Failure) 69M->69M(73M) 13.362ms
[2020-08-10T13:12:42.974+0300][1702.516s][info ][gc] GC(56441) Pause Young (Allocation Failure) 70M->70M(73M) 13.385ms
[2020-08-10T13:12:42.987+0300][1702.530s][info ][gc] GC(56442) Pause Young (Allocation Failure) 71M->71M(73M) 13.445ms
[2020-08-10T13:12:43.141+0300][1702.684s][debug][gc] GC(56443) Expanding ParOldGen from 72704K by 11264K to 83968K
[2020-08-10T13:12:43.141+0300][1702.684s][info ][gc] GC(56443) Pause Full (Ergonomics) 71M->71M(84M) 153.914ms
[2020-08-10T13:12:43.171+0300][1702.713s][info ][gc] GC(56444) Pause Young (Allocation Failure) 72M->72M(84M) 28.732ms
[2020-08-10T13:12:43.185+0300][1702.728s][info ][gc] GC(56445) Pause Young (Allocation Failure) 73M->72M(84M) 13.965ms
[2020-08-10T13:12:43.199+0300][1702.742s][info ][gc] GC(56446) Pause Young (Allocation Failure) 73M->73M(84M) 13.728ms
[2020-08-10T13:12:43.214+0300][1702.757s][info ][gc] GC(56447) Pause Young (Allocation Failure) 74M->74M(84M) 13.841ms
[2020-08-10T13:12:43.228+0300][1702.771s][info ][gc] GC(56448) Pause Young (Allocation Failure) 75M->75M(84M) 13.721ms
[2020-08-10T13:12:43.242+0300][1702.785s][info ][gc] GC(56449) Pause Young (Allocation Failure) 76M->76M(84M) 13.819ms
[2020-08-10T13:12:43.257+0300][1702.799s][info ][gc] GC(56450) Pause Young (Allocation Failure) 77M->77M(84M) 13.560ms
[2020-08-10T13:12:43.271+0300][1702.814s][info ][gc] GC(56451) Pause Young (Allocation Failure) 78M->78M(84M) 13.834ms
[2020-08-10T13:12:43.285+0300][1702.828s][info ][gc] GC(56452) Pause Young (Allocation Failure) 79M->79M(84M) 13.881ms
[2020-08-10T13:12:43.300+0300][1702.843s][info ][gc] GC(56453) Pause Young (Allocation Failure) 80M->80M(84M) 14.084ms
[2020-08-10T13:12:43.314+0300][1702.857s][info ][gc] GC(56454) Pause Young (Allocation Failure) 81M->81M(84M) 13.740ms
[2020-08-10T13:12:43.328+0300][1702.871s][info ][gc] GC(56455) Pause Young (Allocation Failure) 82M->82M(84M) 13.612ms
[2020-08-10T13:12:43.513+0300][1703.056s][debug][gc] GC(56456) Expanding ParOldGen from 83968K by 11264K to 95232K
[2020-08-10T13:12:43.513+0300][1703.056s][info ][gc] GC(56456) Pause Full (Ergonomics) 82M->82M(95M) 185.059ms
[2020-08-10T13:12:43.544+0300][1703.087s][info ][gc] GC(56457) Pause Young (Allocation Failure) 83M->83M(95M) 30.443ms
[2020-08-10T13:12:43.559+0300][1703.102s][info ][gc] GC(56458) Pause Young (Allocation Failure) 84M->84M(95M) 13.920ms
[2020-08-10T13:12:43.583+0300][1703.126s][info ][gc] GC(56459) Pause Young (Allocation Failure) 85M->85M(95M) 23.608ms
[2020-08-10T13:12:43.598+0300][1703.140s][info ][gc] GC(56460) Pause Young (Allocation Failure) 86M->86M(95M) 14.366ms
[2020-08-10T13:12:43.612+0300][1703.155s][info ][gc] GC(56461) Pause Young (Allocation Failure) 87M->87M(95M) 14.326ms
[2020-08-10T13:12:43.627+0300][1703.170s][info ][gc] GC(56462) Pause Young (Allocation Failure) 88M->88M(95M) 14.482ms
[2020-08-10T13:12:43.643+0300][1703.186s][info ][gc] GC(56463) Pause Young (Allocation Failure) 89M->88M(95M) 14.821ms
[2020-08-10T13:12:43.658+0300][1703.200s][info ][gc] GC(56464) Pause Young (Allocation Failure) 89M->89M(95M) 14.468ms
[2020-08-10T13:12:43.673+0300][1703.215s][info ][gc] GC(56465) Pause Young (Allocation Failure) 90M->90M(95M) 14.505ms
[2020-08-10T13:12:43.688+0300][1703.231s][info ][gc] GC(56466) Pause Young (Allocation Failure) 91M->91M(95M) 14.776ms
[2020-08-10T13:12:43.703+0300][1703.246s][info ][gc] GC(56467) Pause Young (Allocation Failure) 92M->92M(95M) 14.900ms
[2020-08-10T13:12:43.719+0300][1703.262s][info ][gc] GC(56468) Pause Young (Allocation Failure) 93M->93M(95M) 15.048ms
[2020-08-10T13:12:43.933+0300][1703.476s][debug][gc] GC(56469) Expanding ParOldGen from 95232K by 11264K to 106496K
[2020-08-10T13:12:43.933+0300][1703.476s][info ][gc] GC(56469) Pause Full (Ergonomics) 93M->93M(106M) 213.742ms
[2020-08-10T13:12:43.968+0300][1703.511s][info ][gc] GC(56470) Pause Young (Allocation Failure) 94M->94M(105M) 34.443ms
[2020-08-10T13:12:43.982+0300][1703.525s][info ][gc] GC(56471) Pause Young (Allocation Failure) 95M->95M(106M) 13.884ms
[2020-08-10T13:12:43.998+0300][1703.541s][info ][gc] GC(56472) Pause Young (Allocation Failure) 96M->96M(106M) 15.160ms
[2020-08-10T13:12:44.014+0300][1703.557s][info ][gc] GC(56473) Pause Young (Allocation Failure) 97M->97M(106M) 15.287ms
[2020-08-10T13:12:44.030+0300][1703.573s][info ][gc] GC(56474) Pause Young (Allocation Failure) 98M->98M(106M) 15.315ms
[2020-08-10T13:12:44.046+0300][1703.588s][info ][gc] GC(56475) Pause Young (Allocation Failure) 99M->99M(106M) 15.404ms
[2020-08-10T13:12:44.062+0300][1703.605s][info ][gc] GC(56476) Pause Young (Allocation Failure) 100M->100M(106M) 15.617ms
[2020-08-10T13:12:44.078+0300][1703.621s][info ][gc] GC(56477) Pause Young (Allocation Failure) 101M->101M(106M) 15.487ms
[2020-08-10T13:12:44.094+0300][1703.637s][info ][gc] GC(56478) Pause Young (Allocation Failure) 102M->102M(106M) 15.858ms
[2020-08-10T13:12:44.110+0300][1703.653s][info ][gc] GC(56479) Pause Young (Allocation Failure) 103M->103M(106M) 15.938ms
[2020-08-10T13:12:44.127+0300][1703.670s][info ][gc] GC(56480) Pause Young (Allocation Failure) 104M->104M(106M) 15.717ms
[2020-08-10T13:12:44.402+0300][1703.945s][debug][gc] GC(56481) Expanding ParOldGen from 106496K by 11776K to 118272K
[2020-08-10T13:12:44.403+0300][1703.945s][info ][gc] GC(56481) Pause Full (Ergonomics) 104M->103M(118M) 275.610ms
[2020-08-10T13:12:44.416+0300][1703.959s][info ][gc] GC(56482) Pause Young (Allocation Failure) 104M->104M(118M) 13.292ms
[2020-08-10T13:12:44.432+0300][1703.975s][info ][gc] GC(56483) Pause Young (Allocation Failure) 105M->105M(118M) 15.372ms
[2020-08-10T13:12:44.448+0300][1703.991s][info ][gc] GC(56484) Pause Young (Allocation Failure) 106M->106M(118M) 15.515ms
[2020-08-10T13:12:44.465+0300][1704.008s][info ][gc] GC(56485) Pause Young (Allocation Failure) 107M->107M(118M) 15.771ms
[2020-08-10T13:12:44.481+0300][1704.024s][info ][gc] GC(56486) Pause Young (Allocation Failure) 108M->108M(118M) 15.901ms
[2020-08-10T13:12:44.498+0300][1704.041s][info ][gc] GC(56487) Pause Young (Allocation Failure) 109M->109M(118M) 16.090ms
[2020-08-10T13:12:44.514+0300][1704.057s][info ][gc] GC(56488) Pause Young (Allocation Failure) 110M->110M(118M) 16.060ms
[2020-08-10T13:12:44.531+0300][1704.074s][info ][gc] GC(56489) Pause Young (Allocation Failure) 111M->111M(118M) 16.361ms
[2020-08-10T13:12:44.548+0300][1704.091s][info ][gc] GC(56490) Pause Young (Allocation Failure) 112M->112M(118M) 16.132ms
[2020-08-10T13:12:44.565+0300][1704.108s][info ][gc] GC(56491) Pause Young (Allocation Failure) 113M->113M(118M) 16.210ms
[2020-08-10T13:12:44.581+0300][1704.124s][info ][gc] GC(56492) Pause Young (Allocation Failure) 114M->114M(118M) 16.127ms
[2020-08-10T13:12:44.598+0300][1704.141s][info ][gc] GC(56493) Pause Young (Allocation Failure) 115M->115M(118M) 16.164ms
[2020-08-10T13:12:44.615+0300][1704.158s][info ][gc] GC(56494) Pause Young (Allocation Failure) 116M->116M(118M) 16.579ms
[2020-08-10T13:12:44.951+0300][1704.493s][debug][gc] GC(56495) Expanding ParOldGen from 118272K by 11264K to 129536K
[2020-08-10T13:12:44.951+0300][1704.493s][info ][gc] GC(56495) Pause Full (Ergonomics) 116M->116M(129M) 334.977ms
[2020-08-10T13:12:44.984+0300][1704.526s][info ][gc] GC(56496) Pause Young (Allocation Failure) 117M->117M(129M) 32.121ms
[2020-08-10T13:12:45.002+0300][1704.544s][info ][gc] GC(56497) Pause Young (Allocation Failure) 118M->118M(129M) 17.495ms
[2020-08-10T13:12:45.019+0300][1704.561s][info ][gc] GC(56498) Pause Young (Allocation Failure) 119M->119M(129M) 17.260ms
[2020-08-10T13:12:45.037+0300][1704.579s][info ][gc] GC(56499) Pause Young (Allocation Failure) 120M->120M(129M) 17.423ms
[2020-08-10T13:12:45.055+0300][1704.597s][info ][gc] GC(56500) Pause Young (Allocation Failure) 121M->120M(129M) 17.579ms
[2020-08-10T13:12:45.074+0300][1704.616s][info ][gc] GC(56501) Pause Young (Allocation Failure) 121M->121M(129M) 17.753ms
[2020-08-10T13:12:45.092+0300][1704.634s][info ][gc] GC(56502) Pause Young (Allocation Failure) 122M->122M(129M) 17.724ms
[2020-08-10T13:12:45.110+0300][1704.652s][info ][gc] GC(56503) Pause Young (Allocation Failure) 123M->123M(129M) 17.799ms
[2020-08-10T13:12:45.128+0300][1704.670s][info ][gc] GC(56504) Pause Young (Allocation Failure) 124M->124M(129M) 18.003ms
[2020-08-10T13:12:45.147+0300][1704.689s][info ][gc] GC(56505) Pause Young (Allocation Failure) 125M->125M(129M) 17.888ms
[2020-08-10T13:12:45.165+0300][1704.707s][info ][gc] GC(56506) Pause Young (Allocation Failure) 126M->126M(129M) 18.013ms
[2020-08-10T13:12:45.492+0300][1705.034s][debug][gc] GC(56507) Expanding ParOldGen from 129536K by 11264K to 140800K
[2020-08-10T13:12:45.492+0300][1705.034s][info ][gc] GC(56507) Pause Full (Ergonomics) 126M->126M(140M) 326.986ms
[2020-08-10T13:12:45.526+0300][1705.068s][info ][gc] GC(56508) Pause Young (Allocation Failure) 127M->127M(140M) 32.790ms
[2020-08-10T13:12:45.544+0300][1705.086s][info ][gc] GC(56509) Pause Young (Allocation Failure) 128M->128M(140M) 18.264ms
[2020-08-10T13:12:45.563+0300][1705.105s][info ][gc] GC(56510) Pause Young (Allocation Failure) 129M->129M(140M) 18.043ms
[2020-08-10T13:12:45.581+0300][1705.123s][info ][gc] GC(56511) Pause Young (Allocation Failure) 130M->130M(140M) 17.875ms
[2020-08-10T13:12:45.600+0300][1705.142s][info ][gc] GC(56512) Pause Young (Allocation Failure) 131M->131M(140M) 18.179ms
[2020-08-10T13:12:45.619+0300][1705.161s][info ][gc] GC(56513) Pause Young (Allocation Failure) 132M->132M(140M) 18.228ms
[2020-08-10T13:12:45.638+0300][1705.180s][info ][gc] GC(56514) Pause Young (Allocation Failure) 133M->133M(140M) 18.289ms
[2020-08-10T13:12:45.657+0300][1705.199s][info ][gc] GC(56515) Pause Young (Allocation Failure) 134M->134M(140M) 18.906ms
[2020-08-10T13:12:45.676+0300][1705.218s][info ][gc] GC(56516) Pause Young (Allocation Failure) 135M->135M(140M) 18.443ms
[2020-08-10T13:12:45.676+0300][1705.218s][debug][gc] Expanding ParOldGen from 140800K by 19968K to 160768K
[2020-08-10T13:12:45.701+0300][1705.243s][info ][gc] GC(56517) Pause Young (Allocation Failure) 155M->155M(159M) 17.298ms
[2020-08-10T13:12:45.716+0300][1705.258s][info ][gc] GC(56518) Pause Young (Allocation Failure) 156M->156M(159M) 14.694ms
[2020-08-10T13:12:45.731+0300][1705.273s][info ][gc] GC(56519) Pause Young (Allocation Failure) 157M->157M(159M) 13.859ms
[2020-08-10T13:12:45.775+0300][1705.317s][debug][gc] GC(56520) Shrinking ParOldGen from 160768K by 125440K to 35328K
[2020-08-10T13:12:45.775+0300][1705.317s][info ][gc] GC(56520) Pause Full (Ergonomics) 157M->23M(37M) 44.387ms
[2020-08-10T13:12:45.789+0300][1705.330s][info ][gc] GC(56521) Pause Young (Allocation Failure) 24M->24M(37M) 12.918ms
[2020-08-10T13:12:45.802+0300][1705.344s][info ][gc] GC(56522) Pause Young (Allocation Failure) 25M->25M(37M) 13.384ms
[2020-08-10T13:12:45.816+0300][1705.358s][info ][gc] GC(56523) Pause Young (Allocation Failure) 26M->26M(37M) 13.254ms
[2020-08-10T13:12:45.830+0300][1705.372s][info ][gc] GC(56524) Pause Young (Allocation Failure) 27M->27M(37M) 13.216ms
[2020-08-10T13:12:45.843+0300][1705.385s][info ][gc] GC(56525) Pause Young (Allocation Failure) 28M->28M(37M) 13.410ms
[2020-08-10T13:12:45.857+0300][1705.399s][info ][gc] GC(56526) Pause Young (Allocation Failure) 29M->29M(37M) 13.454ms
[2020-08-10T13:12:45.871+0300][1705.413s][info ][gc] GC(56527) Pause Young (Allocation Failure) 30M->30M(37M) 13.433ms
[2020-08-10T13:12:45.885+0300][1705.427s][info ][gc] GC(56528) Pause Young (Allocation Failure) 31M->30M(37M) 13.486ms
[2020-08-10T13:12:45.899+0300][1705.441s][info ][gc] GC(56529) Pause Young (Allocation Failure) 31M->31M(37M) 13.445ms
[2020-08-10T13:12:45.913+0300][1705.455s][info ][gc] GC(56530) Pause Young (Allocation Failure) 32M->32M(37M) 13.438ms
[2020-08-10T13:12:45.927+0300][1705.469s][info ][gc] GC(56531) Pause Young (Allocation Failure) 33M->33M(36M) 13.400ms
[2020-08-10T13:12:45.941+0300][1705.483s][info ][gc] GC(56532) Pause Young (Allocation Failure) 34M->34M(36M) 13.354ms
[2020-08-10T13:12:45.997+0300][1705.538s][debug][gc] GC(56533) Expanding ParOldGen from 35328K by 11264K to 46592K
[2020-08-10T13:12:45.997+0300][1705.539s][info ][gc] GC(56533) Pause Full (Ergonomics) 34M->34M(47M) 55.627ms
[2020-08-10T13:12:46.013+0300][1705.555s][info ][gc] GC(56534) Pause Young (Allocation Failure) 35M->35M(47M) 16.316ms
[2020-08-10T13:12:46.027+0300][1705.569s][info ][gc] GC(56535) Pause Young (Allocation Failure) 36M->36M(47M) 13.523ms
[2020-08-10T13:12:46.041+0300][1705.583s][info ][gc] GC(56536) Pause Young (Allocation Failure) 37M->37M(47M) 13.054ms
[2020-08-10T13:12:46.054+0300][1705.596s][info ][gc] GC(56537) Pause Young (Allocation Failure) 37M->37M(47M) 13.018ms
[2020-08-10T13:12:46.068+0300][1705.609s][info ][gc] GC(56538) Pause Young (Allocation Failure) 37M->37M(47M) 12.971ms
[2020-08-10T13:12:46.081+0300][1705.623s][info ][gc] GC(56539) Pause Young (Allocation Failure) 38M->38M(47M) 12.942ms
[2020-08-10T13:12:46.094+0300][1705.636s][info ][gc] GC(56540) Pause Young (Allocation Failure) 38M->38M(47M) 12.989ms
[2020-08-10T13:12:46.108+0300][1705.650s][info ][gc] GC(56541) Pause Young (Allocation Failure) 39M->39M(47M) 12.999ms
[2020-08-10T13:12:46.121+0300][1705.663s][info ][gc] GC(56542) Pause Young (Allocation Failure) 39M->39M(47M) 12.828ms
[2020-08-10T13:12:46.134+0300][1705.676s][info ][gc] GC(56543) Pause Young (Allocation Failure) 40M->40M(47M) 12.782ms
[2020-08-10T13:12:46.147+0300][1705.689s][info ][gc] GC(56544) Pause Young (Allocation Failure) 40M->40M(47M) 12.859ms
[2020-08-10T13:12:46.160+0300][1705.702s][info ][gc] GC(56545) Pause Young (Allocation Failure) 41M->41M(47M) 12.847ms
[2020-08-10T13:12:46.173+0300][1705.715s][info ][gc] GC(56546) Pause Young (Allocation Failure) 41M->41M(47M) 12.838ms
[2020-08-10T13:12:46.187+0300][1705.729s][info ][gc] GC(56547) Pause Young (Allocation Failure) 42M->42M(47M) 12.851ms
[2020-08-10T13:12:46.200+0300][1705.742s][info ][gc] GC(56548) Pause Young (Allocation Failure) 42M->42M(47M) 12.817ms
[2020-08-10T13:12:46.213+0300][1705.755s][info ][gc] GC(56549) Pause Young (Allocation Failure) 43M->42M(47M) 12.891ms
[2020-08-10T13:12:46.226+0300][1705.768s][info ][gc] GC(56550) Pause Young (Allocation Failure) 43M->43M(47M) 12.789ms
[2020-08-10T13:12:46.239+0300][1705.781s][info ][gc] GC(56551) Pause Young (Allocation Failure) 43M->43M(47M) 12.837ms
[2020-08-10T13:12:46.252+0300][1705.794s][info ][gc] GC(56552) Pause Young (Allocation Failure) 44M->44M(46M) 12.876ms
[2020-08-10T13:12:46.266+0300][1705.808s][info ][gc] GC(56553) Pause Young (Allocation Failure) 44M->44M(47M) 13.079ms
[2020-08-10T13:12:46.279+0300][1705.821s][info ][gc] GC(56554) Pause Young (Allocation Failure) 45M->45M(47M) 13.039ms
[2020-08-10T13:12:46.371+0300][1705.913s][debug][gc] GC(56555) Expanding ParOldGen from 46592K by 11264K to 57856K
[2020-08-10T13:12:46.371+0300][1705.913s][info ][gc] GC(56555) Pause Full (Ergonomics) 45M->45M(58M) 91.771ms
[2020-08-10T13:12:46.384+0300][1705.926s][info ][gc] GC(56556) Pause Young (Allocation Failure) 45M->45M(58M) 12.803ms
[2020-08-10T13:12:46.398+0300][1705.940s][info ][gc] GC(56557) Pause Young (Allocation Failure) 46M->46M(58M) 12.897ms
[2020-08-10T13:12:46.411+0300][1705.953s][info ][gc] GC(56558) Pause Young (Allocation Failure) 46M->46M(58M) 12.829ms
[2020-08-10T13:12:46.424+0300][1705.966s][info ][gc] GC(56559) Pause Young (Allocation Failure) 46M->46M(58M) 12.980ms
[2020-08-10T13:12:46.438+0300][1705.980s][info ][gc] GC(56560) Pause Young (Allocation Failure) 47M->47M(58M) 12.950ms
[2020-08-10T13:12:46.451+0300][1705.993s][info ][gc] GC(56561) Pause Young (Allocation Failure) 47M->47M(58M) 12.970ms
[2020-08-10T13:12:46.465+0300][1706.007s][info ][gc] GC(56562) Pause Young (Allocation Failure) 48M->48M(58M) 12.981ms
[2020-08-10T13:12:46.478+0300][1706.020s][info ][gc] GC(56563) Pause Young (Allocation Failure) 48M->48M(58M) 12.795ms
[2020-08-10T13:12:46.491+0300][1706.033s][info ][gc] GC(56564) Pause Young (Allocation Failure) 49M->49M(58M) 12.892ms
[2020-08-10T13:12:46.504+0300][1706.046s][info ][gc] GC(56565) Pause Young (Allocation Failure) 49M->49M(58M) 12.899ms
[2020-08-10T13:12:46.518+0300][1706.059s][info ][gc] GC(56566) Pause Young (Allocation Failure) 50M->50M(58M) 12.902ms
[2020-08-10T13:12:46.531+0300][1706.073s][info ][gc] GC(56567) Pause Young (Allocation Failure) 50M->50M(58M) 13.046ms
[2020-08-10T13:12:46.544+0300][1706.086s][info ][gc] GC(56568) Pause Young (Allocation Failure) 51M->51M(58M) 13.035ms
[2020-08-10T13:12:46.558+0300][1706.100s][info ][gc] GC(56569) Pause Young (Allocation Failure) 51M->51M(58M) 13.015ms
[2020-08-10T13:12:46.571+0300][1706.113s][info ][gc] GC(56570) Pause Young (Allocation Failure) 52M->52M(58M) 12.932ms
[2020-08-10T13:12:46.586+0300][1706.128s][info ][gc] GC(56571) Pause Young (Allocation Failure) 52M->52M(58M) 13.965ms
[2020-08-10T13:12:46.599+0300][1706.141s][info ][gc] GC(56572) Pause Young (Allocation Failure) 52M->52M(58M) 12.888ms
[2020-08-10T13:12:46.612+0300][1706.154s][info ][gc] GC(56573) Pause Young (Allocation Failure) 53M->53M(58M) 12.891ms
[2020-08-10T13:12:46.626+0300][1706.168s][info ][gc] GC(56574) Pause Young (Allocation Failure) 53M->53M(58M) 13.020ms
[2020-08-10T13:12:46.639+0300][1706.181s][info ][gc] GC(56575) Pause Young (Allocation Failure) 54M->54M(58M) 12.996ms
[2020-08-10T13:12:46.652+0300][1706.194s][info ][gc] GC(56576) Pause Young (Allocation Failure) 54M->54M(58M) 12.919ms
[2020-08-10T13:12:46.666+0300][1706.208s][info ][gc] GC(56577) Pause Young (Allocation Failure) 55M->55M(58M) 12.944ms
[2020-08-10T13:12:46.679+0300][1706.221s][info ][gc] GC(56578) Pause Young (Allocation Failure) 55M->55M(58M) 12.846ms
[2020-08-10T13:12:46.692+0300][1706.234s][info ][gc] GC(56579) Pause Young (Allocation Failure) 56M->56M(58M) 12.822ms
[2020-08-10T13:12:46.705+0300][1706.247s][info ][gc] GC(56580) Pause Young (Allocation Failure) 56M->56M(58M) 12.899ms
[2020-08-10T13:12:46.824+0300][1706.366s][debug][gc] GC(56581) Expanding ParOldGen from 57856K by 10752K to 68608K
[2020-08-10T13:12:46.824+0300][1706.366s][info ][gc] GC(56581) Pause Full (Ergonomics) 56M->56M(68M) 118.630ms
[2020-08-10T13:12:46.837+0300][1706.379s][info ][gc] GC(56582) Pause Young (Allocation Failure) 56M->56M(68M) 12.896ms
[2020-08-10T13:12:46.851+0300][1706.393s][info ][gc] GC(56583) Pause Young (Allocation Failure) 57M->57M(68M) 13.022ms
[2020-08-10T13:12:46.864+0300][1706.406s][info ][gc] GC(56584) Pause Young (Allocation Failure) 57M->57M(68M) 12.958ms
[2020-08-10T13:12:46.878+0300][1706.420s][info ][gc] GC(56585) Pause Young (Allocation Failure) 58M->58M(68M) 12.987ms
[2020-08-10T13:12:46.891+0300][1706.433s][info ][gc] GC(56586) Pause Young (Allocation Failure) 58M->58M(68M) 13.055ms
[2020-08-10T13:12:46.905+0300][1706.447s][info ][gc] GC(56587) Pause Young (Allocation Failure) 59M->59M(68M) 13.029ms
[2020-08-10T13:12:46.918+0300][1706.460s][info ][gc] GC(56588) Pause Young (Allocation Failure) 59M->59M(68M) 13.011ms
[2020-08-10T13:12:46.932+0300][1706.474s][info ][gc] GC(56589) Pause Young (Allocation Failure) 60M->60M(68M) 13.024ms
[2020-08-10T13:12:46.945+0300][1706.487s][info ][gc] GC(56590) Pause Young (Allocation Failure) 60M->60M(68M) 13.040ms
[2020-08-10T13:12:46.959+0300][1706.501s][info ][gc] GC(56591) Pause Young (Allocation Failure) 61M->61M(68M) 13.124ms
[2020-08-10T13:12:46.973+0300][1706.515s][info ][gc] GC(56592) Pause Young (Allocation Failure) 62M->61M(68M) 13.559ms
[2020-08-10T13:12:46.986+0300][1706.528s][info ][gc] GC(56593) Pause Young (Allocation Failure) 62M->62M(69M) 13.303ms
[2020-08-10T13:12:47.001+0300][1706.543s][info ][gc] GC(56594) Pause Young (Allocation Failure) 63M->63M(69M) 13.590ms
[2020-08-10T13:12:47.015+0300][1706.557s][info ][gc] GC(56595) Pause Young (Allocation Failure) 64M->64M(69M) 13.524ms
[2020-08-10T13:12:47.029+0300][1706.571s][info ][gc] GC(56596) Pause Young (Allocation Failure) 65M->65M(69M) 13.528ms
[2020-08-10T13:12:47.043+0300][1706.585s][info ][gc] GC(56597) Pause Young (Allocation Failure) 66M->66M(69M) 13.490ms
[2020-08-10T13:12:47.057+0300][1706.599s][info ][gc] GC(56598) Pause Young (Allocation Failure) 67M->67M(69M) 13.318ms
[2020-08-10T13:12:47.208+0300][1706.750s][debug][gc] GC(56599) Expanding ParOldGen from 68608K by 11776K to 80384K
[2020-08-10T13:12:47.208+0300][1706.750s][info ][gc] GC(56599) Pause Full (Ergonomics) 67M->67M(81M) 151.533ms
[2020-08-10T13:12:47.235+0300][1706.777s][info ][gc] GC(56600) Pause Young (Allocation Failure) 68M->68M(81M) 26.758ms
[2020-08-10T13:12:47.260+0300][1706.802s][info ][gc] GC(56601) Pause Young (Allocation Failure) 69M->69M(81M) 24.267ms
[2020-08-10T13:12:47.274+0300][1706.816s][info ][gc] GC(56602) Pause Young (Allocation Failure) 70M->70M(81M) 13.530ms
[2020-08-10T13:12:47.288+0300][1706.831s][info ][gc] GC(56603) Pause Young (Allocation Failure) 71M->71M(81M) 13.902ms
[2020-08-10T13:12:47.303+0300][1706.845s][info ][gc] GC(56604) Pause Young (Allocation Failure) 72M->72M(81M) 13.884ms
[2020-08-10T13:12:47.317+0300][1706.859s][info ][gc] GC(56605) Pause Young (Allocation Failure) 73M->73M(81M) 13.759ms
[2020-08-10T13:12:47.332+0300][1706.874s][info ][gc] GC(56606) Pause Young (Allocation Failure) 74M->74M(81M) 13.779ms
[2020-08-10T13:12:47.346+0300][1706.888s][info ][gc] GC(56607) Pause Young (Allocation Failure) 75M->74M(81M) 13.578ms
[2020-08-10T13:12:47.360+0300][1706.902s][info ][gc] GC(56608) Pause Young (Allocation Failure) 75M->75M(81M) 13.800ms
[2020-08-10T13:12:47.374+0300][1706.916s][info ][gc] GC(56609) Pause Young (Allocation Failure) 76M->76M(81M) 13.762ms
[2020-08-10T13:12:47.389+0300][1706.931s][info ][gc] GC(56610) Pause Young (Allocation Failure) 77M->77M(81M) 13.653ms
[2020-08-10T13:12:47.403+0300][1706.945s][info ][gc] GC(56611) Pause Young (Allocation Failure) 78M->78M(81M) 13.679ms
[2020-08-10T13:12:47.629+0300][1707.171s][debug][gc] GC(56612) Expanding ParOldGen from 80384K by 11264K to 91648K
[2020-08-10T13:12:47.629+0300][1707.171s][info ][gc] GC(56612) Pause Full (Ergonomics) 78M->78M(92M) 225.993ms
[2020-08-10T13:12:47.680+0300][1707.222s][info ][gc] GC(56613) Pause Young (Allocation Failure) 79M->79M(92M) 50.656ms
[2020-08-10T13:12:47.695+0300][1707.237s][info ][gc] GC(56614) Pause Young (Allocation Failure) 80M->80M(92M) 13.925ms
[2020-08-10T13:12:47.709+0300][1707.251s][info ][gc] GC(56615) Pause Young (Allocation Failure) 81M->81M(92M) 14.028ms
[2020-08-10T13:12:47.724+0300][1707.266s][info ][gc] GC(56616) Pause Young (Allocation Failure) 82M->82M(92M) 14.099ms
[2020-08-10T13:12:47.739+0300][1707.281s][info ][gc] GC(56617) Pause Young (Allocation Failure) 83M->83M(92M) 13.930ms
[2020-08-10T13:12:47.753+0300][1707.295s][info ][gc] GC(56618) Pause Young (Allocation Failure) 84M->84M(92M) 14.156ms
[2020-08-10T13:12:47.768+0300][1707.310s][info ][gc] GC(56619) Pause Young (Allocation Failure) 85M->85M(92M) 14.088ms
[2020-08-10T13:12:47.783+0300][1707.325s][info ][gc] GC(56620) Pause Young (Allocation Failure) 86M->86M(92M) 14.316ms
[2020-08-10T13:12:47.798+0300][1707.340s][info ][gc] GC(56621) Pause Young (Allocation Failure) 87M->87M(92M) 14.179ms
[2020-08-10T13:12:47.812+0300][1707.354s][info ][gc] GC(56622) Pause Young (Allocation Failure) 88M->87M(92M) 14.152ms
[2020-08-10T13:12:47.827+0300][1707.369s][info ][gc] GC(56623) Pause Young (Allocation Failure) 88M->88M(92M) 14.241ms
[2020-08-10T13:12:47.842+0300][1707.384s][info ][gc] GC(56624) Pause Young (Allocation Failure) 89M->89M(92M) 14.487ms
[2020-08-10T13:12:48.060+0300][1707.602s][debug][gc] GC(56625) Expanding ParOldGen from 91648K by 11264K to 102912K
[2020-08-10T13:12:48.060+0300][1707.603s][info ][gc] GC(56625) Pause Full (Ergonomics) 89M->89M(103M) 218.208ms
[2020-08-10T13:12:48.098+0300][1707.640s][info ][gc] GC(56626) Pause Young (Allocation Failure) 90M->90M(103M) 36.986ms
[2020-08-10T13:12:48.113+0300][1707.655s][info ][gc] GC(56627) Pause Young (Allocation Failure) 91M->91M(103M) 14.853ms
[2020-08-10T13:12:48.129+0300][1707.671s][info ][gc] GC(56628) Pause Young (Allocation Failure) 92M->92M(103M) 14.679ms
[2020-08-10T13:12:48.144+0300][1707.686s][info ][gc] GC(56629) Pause Young (Allocation Failure) 93M->93M(103M) 14.664ms
[2020-08-10T13:12:48.159+0300][1707.701s][info ][gc] GC(56630) Pause Young (Allocation Failure) 94M->94M(103M) 14.865ms
[2020-08-10T13:12:48.174+0300][1707.717s][info ][gc] GC(56631) Pause Young (Allocation Failure) 95M->95M(103M) 14.908ms
[2020-08-10T13:12:48.190+0300][1707.732s][info ][gc] GC(56632) Pause Young (Allocation Failure) 96M->96M(103M) 15.038ms
[2020-08-10T13:12:48.206+0300][1707.748s][info ][gc] GC(56633) Pause Young (Allocation Failure) 97M->97M(103M) 15.136ms
[2020-08-10T13:12:48.222+0300][1707.764s][info ][gc] GC(56634) Pause Young (Allocation Failure) 98M->98M(103M) 15.301ms
[2020-08-10T13:12:48.238+0300][1707.780s][info ][gc] GC(56635) Pause Young (Allocation Failure) 99M->99M(103M) 15.421ms
[2020-08-10T13:12:48.254+0300][1707.796s][info ][gc] GC(56636) Pause Young (Allocation Failure) 100M->100M(103M) 15.643ms
[2020-08-10T13:12:48.270+0300][1707.812s][info ][gc] GC(56637) Pause Young (Allocation Failure) 101M->100M(103M) 15.535ms
[2020-08-10T13:12:48.506+0300][1708.048s][debug][gc] GC(56638) Expanding ParOldGen from 102912K by 11776K to 114688K
[2020-08-10T13:12:48.506+0300][1708.048s][info ][gc] GC(56638) Pause Full (Ergonomics) 100M->100M(114M) 236.258ms
[2020-08-10T13:12:48.542+0300][1708.084s][info ][gc] GC(56639) Pause Young (Allocation Failure) 101M->101M(114M) 34.933ms
[2020-08-10T13:12:48.558+0300][1708.100s][info ][gc] GC(56640) Pause Young (Allocation Failure) 102M->102M(114M) 15.603ms
[2020-08-10T13:12:48.574+0300][1708.116s][info ][gc] GC(56641) Pause Young (Allocation Failure) 103M->103M(114M) 15.832ms
[2020-08-10T13:12:48.590+0300][1708.133s][info ][gc] GC(56642) Pause Young (Allocation Failure) 104M->104M(114M) 15.883ms
[2020-08-10T13:12:48.607+0300][1708.149s][info ][gc] GC(56643) Pause Young (Allocation Failure) 105M->105M(114M) 15.959ms
[2020-08-10T13:12:48.623+0300][1708.166s][info ][gc] GC(56644) Pause Young (Allocation Failure) 106M->106M(114M) 15.941ms
[2020-08-10T13:12:48.640+0300][1708.182s][info ][gc] GC(56645) Pause Young (Allocation Failure) 107M->107M(114M) 15.991ms
[2020-08-10T13:12:48.657+0300][1708.199s][info ][gc] GC(56646) Pause Young (Allocation Failure) 108M->108M(114M) 16.465ms
[2020-08-10T13:12:48.674+0300][1708.216s][info ][gc] GC(56647) Pause Young (Allocation Failure) 109M->109M(114M) 16.415ms
[2020-08-10T13:12:48.691+0300][1708.233s][info ][gc] GC(56648) Pause Young (Allocation Failure) 110M->110M(114M) 16.297ms
[2020-08-10T13:12:48.708+0300][1708.250s][info ][gc] GC(56649) Pause Young (Allocation Failure) 111M->111M(114M) 16.190ms
[2020-08-10T13:12:48.725+0300][1708.267s][info ][gc] GC(56650) Pause Young (Allocation Failure) 112M->112M(114M) 16.547ms
[2020-08-10T13:12:48.991+0300][1708.533s][debug][gc] GC(56651) Expanding ParOldGen from 114688K by 11264K to 125952K
[2020-08-10T13:12:48.991+0300][1708.533s][info ][gc] GC(56651) Pause Full (Ergonomics) 112M->112M(125M) 266.248ms
[2020-08-10T13:12:49.022+0300][1708.564s][info ][gc] GC(56652) Pause Young (Allocation Failure) 113M->113M(125M) 30.274ms
[2020-08-10T13:12:49.040+0300][1708.582s][info ][gc] GC(56653) Pause Young (Allocation Failure) 114M->114M(125M) 17.494ms
[2020-08-10T13:12:49.058+0300][1708.600s][info ][gc] GC(56654) Pause Young (Allocation Failure) 115M->115M(124M) 17.337ms
[2020-08-10T13:12:49.074+0300][1708.616s][info ][gc] GC(56655) Pause Young (Allocation Failure) 115M->115M(125M) 15.311ms
[2020-08-10T13:12:49.088+0300][1708.631s][info ][gc] GC(56656) Pause Young (Allocation Failure) 115M->115M(125M) 14.331ms
[2020-08-10T13:12:49.103+0300][1708.645s][info ][gc] GC(56657) Pause Young (Allocation Failure) 116M->116M(125M) 14.473ms
[2020-08-10T13:12:49.118+0300][1708.660s][info ][gc] GC(56658) Pause Young (Allocation Failure) 116M->116M(125M) 14.585ms
[2020-08-10T13:12:49.133+0300][1708.675s][info ][gc] GC(56659) Pause Young (Allocation Failure) 117M->117M(125M) 14.371ms
[2020-08-10T13:12:49.171+0300][1708.713s][info ][gc] GC(56660) Pause Young (Allocation Failure) 117M->117M(125M) 37.854ms
[2020-08-10T13:12:49.186+0300][1708.728s][info ][gc] GC(56661) Pause Young (Allocation Failure) 118M->118M(125M) 14.715ms
[2020-08-10T13:12:49.201+0300][1708.743s][info ][gc] GC(56662) Pause Young (Allocation Failure) 118M->118M(125M) 14.346ms
[2020-08-10T13:12:49.216+0300][1708.758s][info ][gc] GC(56663) Pause Young (Allocation Failure) 119M->119M(125M) 14.457ms
[2020-08-10T13:12:49.231+0300][1708.773s][info ][gc] GC(56664) Pause Young (Allocation Failure) 119M->119M(125M) 14.531ms
[2020-08-10T13:12:49.246+0300][1708.788s][info ][gc] GC(56665) Pause Young (Allocation Failure) 120M->120M(125M) 14.674ms
[2020-08-10T13:12:49.261+0300][1708.803s][info ][gc] GC(56666) Pause Young (Allocation Failure) 120M->120M(125M) 14.433ms
[2020-08-10T13:12:49.276+0300][1708.818s][info ][gc] GC(56667) Pause Young (Allocation Failure) 120M->120M(125M) 14.482ms
[2020-08-10T13:12:49.290+0300][1708.833s][info ][gc] GC(56668) Pause Young (Allocation Failure) 121M->121M(125M) 14.542ms
[2020-08-10T13:12:49.305+0300][1708.847s][info ][gc] GC(56669) Pause Young (Allocation Failure) 121M->121M(125M) 14.442ms
[2020-08-10T13:12:49.320+0300][1708.862s][info ][gc] GC(56670) Pause Young (Allocation Failure) 122M->122M(125M) 14.541ms
[2020-08-10T13:12:49.335+0300][1708.877s][info ][gc] GC(56671) Pause Young (Allocation Failure) 122M->122M(124M) 14.651ms
[2020-08-10T13:12:49.682+0300][1709.224s][debug][gc] GC(56672) Expanding ParOldGen from 125952K by 11264K to 137216K
[2020-08-10T13:12:49.682+0300][1709.224s][info ][gc] GC(56672) Pause Full (Ergonomics) 122M->122M(135M) 347.225ms
[2020-08-10T13:12:49.696+0300][1709.238s][info ][gc] GC(56673) Pause Young (Allocation Failure) 123M->123M(135M) 13.622ms
[2020-08-10T13:12:49.732+0300][1709.274s][info ][gc] GC(56674) Pause Young (Allocation Failure) 123M->123M(135M) 35.030ms
[2020-08-10T13:12:49.747+0300][1709.289s][info ][gc] GC(56675) Pause Young (Allocation Failure) 124M->124M(135M) 14.648ms
[2020-08-10T13:12:49.762+0300][1709.304s][info ][gc] GC(56676) Pause Young (Allocation Failure) 124M->124M(135M) 14.686ms
[2020-08-10T13:12:49.777+0300][1709.319s][info ][gc] GC(56677) Pause Young (Allocation Failure) 124M->124M(135M) 14.628ms
[2020-08-10T13:12:49.792+0300][1709.334s][info ][gc] GC(56678) Pause Young (Allocation Failure) 125M->125M(135M) 14.558ms
[2020-08-10T13:12:49.830+0300][1709.372s][info ][gc] GC(56679) Pause Young (Allocation Failure) 125M->125M(135M) 37.812ms
[2020-08-10T13:12:49.845+0300][1709.387s][info ][gc] GC(56680) Pause Young (Allocation Failure) 126M->126M(135M) 14.928ms
[2020-08-10T13:12:49.863+0300][1709.405s][info ][gc] GC(56681) Pause Young (Allocation Failure) 126M->126M(135M) 17.157ms
[2020-08-10T13:12:49.878+0300][1709.420s][info ][gc] GC(56682) Pause Young (Allocation Failure) 127M->127M(135M) 14.736ms
[2020-08-10T13:12:49.893+0300][1709.435s][info ][gc] GC(56683) Pause Young (Allocation Failure) 127M->127M(135M) 14.947ms
[2020-08-10T13:12:49.909+0300][1709.451s][info ][gc] GC(56684) Pause Young (Allocation Failure) 128M->128M(135M) 14.967ms
[2020-08-10T13:12:49.924+0300][1709.466s][info ][gc] GC(56685) Pause Young (Allocation Failure) 128M->128M(135M) 14.661ms
[2020-08-10T13:12:49.939+0300][1709.481s][info ][gc] GC(56686) Pause Young (Allocation Failure) 129M->129M(135M) 14.819ms
[2020-08-10T13:12:49.954+0300][1709.496s][info ][gc] GC(56687) Pause Young (Allocation Failure) 129M->129M(135M) 14.724ms
[2020-08-10T13:12:49.969+0300][1709.511s][info ][gc] GC(56688) Pause Young (Allocation Failure) 130M->129M(135M) 14.810ms
[2020-08-10T13:12:49.985+0300][1709.527s][info ][gc] GC(56689) Pause Young (Allocation Failure) 130M->130M(135M) 15.206ms
[2020-08-10T13:12:50.000+0300][1709.542s][info ][gc] GC(56690) Pause Young (Allocation Failure) 130M->130M(135M) 15.123ms
[2020-08-10T13:12:50.016+0300][1709.558s][info ][gc] GC(56691) Pause Young (Allocation Failure) 131M->131M(135M) 15.000ms
[2020-08-10T13:12:50.031+0300][1709.573s][info ][gc] GC(56692) Pause Young (Allocation Failure) 131M->131M(135M) 14.899ms
[2020-08-10T13:12:50.046+0300][1709.589s][info ][gc] GC(56693) Pause Young (Allocation Failure) 132M->132M(135M) 15.123ms
[2020-08-10T13:12:50.062+0300][1709.604s][info ][gc] GC(56694) Pause Young (Allocation Failure) 132M->132M(135M) 15.233ms
[2020-08-10T13:12:50.078+0300][1709.620s][info ][gc] GC(56695) Pause Young (Allocation Failure) 133M->133M(135M) 15.254ms
[2020-08-10T13:12:50.093+0300][1709.636s][info ][gc] GC(56696) Pause Young (Allocation Failure) 133M->133M(135M) 15.278ms
[2020-08-10T13:12:50.109+0300][1709.651s][info ][gc] GC(56697) Pause Young (Allocation Failure) 134M->134M(135M) 15.365ms
[2020-08-10T13:12:50.584+0300][1710.126s][debug][gc] GC(56698) Expanding ParOldGen from 137216K by 10752K to 147968K
[2020-08-10T13:12:50.584+0300][1710.126s][info ][gc] GC(56698) Pause Full (Ergonomics) 134M->133M(146M) 474.432ms
[2020-08-10T13:12:50.598+0300][1710.140s][info ][gc] GC(56699) Pause Young (Allocation Failure) 134M->134M(146M) 14.098ms
[2020-08-10T13:12:50.614+0300][1710.156s][info ][gc] GC(56700) Pause Young (Allocation Failure) 134M->134M(146M) 15.453ms
[2020-08-10T13:12:50.630+0300][1710.172s][info ][gc] GC(56701) Pause Young (Allocation Failure) 135M->135M(146M) 15.245ms
[2020-08-10T13:12:50.630+0300][1710.172s][debug][gc] Expanding ParOldGen from 147968K by 19968K to 167936K
[2020-08-10T13:12:50.653+0300][1710.195s][info ][gc] GC(56702) Pause Young (Allocation Failure) 154M->154M(165M) 15.128ms
[2020-08-10T13:12:50.667+0300][1710.209s][info ][gc] GC(56703) Pause Young (Allocation Failure) 155M->155M(165M) 13.908ms
[2020-08-10T13:12:50.680+0300][1710.222s][info ][gc] GC(56704) Pause Young (Allocation Failure) 155M->155M(165M) 12.951ms
[2020-08-10T13:12:50.694+0300][1710.236s][info ][gc] GC(56705) Pause Young (Allocation Failure) 156M->156M(165M) 12.990ms
[2020-08-10T13:12:50.707+0300][1710.249s][info ][gc] GC(56706) Pause Young (Allocation Failure) 156M->156M(165M) 13.104ms
[2020-08-10T13:12:50.721+0300][1710.263s][info ][gc] GC(56707) Pause Young (Allocation Failure) 157M->157M(165M) 13.147ms
[2020-08-10T13:12:50.734+0300][1710.276s][info ][gc] GC(56708) Pause Young (Allocation Failure) 157M->157M(165M) 12.997ms
[2020-08-10T13:12:50.747+0300][1710.289s][info ][gc] GC(56709) Pause Young (Allocation Failure) 157M->157M(165M) 12.943ms
[2020-08-10T13:12:50.760+0300][1710.303s][info ][gc] GC(56710) Pause Young (Allocation Failure) 158M->158M(165M) 12.968ms
[2020-08-10T13:12:50.774+0300][1710.316s][info ][gc] GC(56711) Pause Young (Allocation Failure) 158M->158M(165M) 13.094ms
[2020-08-10T13:12:50.787+0300][1710.329s][info ][gc] GC(56712) Pause Young (Allocation Failure) 159M->159M(165M) 12.982ms
[2020-08-10T13:12:50.822+0300][1710.364s][info ][gc] GC(56713) Pause Young (Allocation Failure) 159M->159M(165M) 34.302ms
[2020-08-10T13:12:50.835+0300][1710.377s][info ][gc] GC(56714) Pause Young (Allocation Failure) 160M->160M(165M) 13.045ms
[2020-08-10T13:12:50.850+0300][1710.392s][info ][gc] GC(56715) Pause Young (Allocation Failure) 160M->160M(165M) 14.501ms
[2020-08-10T13:12:50.863+0300][1710.405s][info ][gc] GC(56716) Pause Young (Allocation Failure) 161M->161M(165M) 13.053ms
[2020-08-10T13:12:50.878+0300][1710.420s][info ][gc] GC(56717) Pause Young (Allocation Failure) 161M->161M(165M) 14.117ms
[2020-08-10T13:12:50.892+0300][1710.434s][info ][gc] GC(56718) Pause Young (Allocation Failure) 162M->162M(165M) 13.994ms
[2020-08-10T13:12:50.906+0300][1710.448s][info ][gc] GC(56719) Pause Young (Allocation Failure) 162M->162M(165M) 13.368ms
[2020-08-10T13:12:50.920+0300][1710.462s][info ][gc] GC(56720) Pause Young (Allocation Failure) 162M->162M(165M) 13.226ms
[2020-08-10T13:12:50.933+0300][1710.476s][info ][gc] GC(56721) Pause Young (Allocation Failure) 163M->163M(165M) 13.183ms
[2020-08-10T13:12:50.947+0300][1710.489s][info ][gc] GC(56722) Pause Young (Allocation Failure) 163M->163M(165M) 13.052ms
[2020-08-10T13:12:50.960+0300][1710.503s][info ][gc] GC(56723) Pause Young (Allocation Failure) 164M->164M(165M) 13.230ms
[2020-08-10T13:12:51.032+0300][1710.574s][debug][gc] GC(56724) Shrinking ParOldGen from 167936K by 125440K to 42496K
[2020-08-10T13:12:51.032+0300][1710.575s][info ][gc] GC(56724) Pause Full (Ergonomics) 164M->30M(43M) 71.856ms
[2020-08-10T13:12:51.045+0300][1710.587s][info ][gc] GC(56725) Pause Young (Allocation Failure) 31M->31M(43M) 12.575ms
[2020-08-10T13:12:51.058+0300][1710.601s][info ][gc] GC(56726) Pause Young (Allocation Failure) 31M->31M(43M) 12.771ms
[2020-08-10T13:12:51.072+0300][1710.614s][info ][gc] GC(56727) Pause Young (Allocation Failure) 31M->31M(43M) 12.987ms
[2020-08-10T13:12:51.085+0300][1710.628s][info ][gc] GC(56728) Pause Young (Allocation Failure) 32M->32M(43M) 13.370ms
[2020-08-10T13:12:51.099+0300][1710.642s][info ][gc] GC(56729) Pause Young (Allocation Failure) 33M->33M(43M) 13.362ms
[2020-08-10T13:12:51.113+0300][1710.655s][info ][gc] GC(56730) Pause Young (Allocation Failure) 34M->34M(43M) 13.283ms
[2020-08-10T13:12:51.127+0300][1710.669s][info ][gc] GC(56731) Pause Young (Allocation Failure) 35M->35M(43M) 13.528ms
[2020-08-10T13:12:51.141+0300][1710.683s][info ][gc] GC(56732) Pause Young (Allocation Failure) 36M->36M(44M) 13.459ms
[2020-08-10T13:12:51.155+0300][1710.697s][info ][gc] GC(56733) Pause Young (Allocation Failure) 37M->37M(44M) 13.493ms
[2020-08-10T13:12:51.169+0300][1710.712s][info ][gc] GC(56734) Pause Young (Allocation Failure) 38M->37M(44M) 13.491ms
[2020-08-10T13:12:51.183+0300][1710.726s][info ][gc] GC(56735) Pause Young (Allocation Failure) 38M->38M(44M) 13.491ms
[2020-08-10T13:12:51.197+0300][1710.740s][info ][gc] GC(56736) Pause Young (Allocation Failure) 39M->39M(44M) 13.491ms
[2020-08-10T13:12:51.211+0300][1710.754s][info ][gc] GC(56737) Pause Young (Allocation Failure) 40M->40M(44M) 13.499ms
[2020-08-10T13:12:51.225+0300][1710.768s][info ][gc] GC(56738) Pause Young (Allocation Failure) 41M->41M(44M) 13.509ms
[2020-08-10T13:12:51.301+0300][1710.843s][debug][gc] GC(56739) Expanding ParOldGen from 42496K by 11264K to 53760K
[2020-08-10T13:12:51.301+0300][1710.843s][info ][gc] GC(56739) Pause Full (Ergonomics) 41M->41M(55M) 75.195ms
[2020-08-10T13:12:51.319+0300][1710.862s][info ][gc] GC(56740) Pause Young (Allocation Failure) 42M->42M(55M) 18.203ms
[2020-08-10T13:12:51.334+0300][1710.876s][info ][gc] GC(56741) Pause Young (Allocation Failure) 43M->43M(55M) 13.646ms
[2020-08-10T13:12:51.347+0300][1710.890s][info ][gc] GC(56742) Pause Young (Allocation Failure) 44M->44M(55M) 13.461ms
[2020-08-10T13:12:51.361+0300][1710.903s][info ][gc] GC(56743) Pause Young (Allocation Failure) 45M->45M(55M) 13.265ms
[2020-08-10T13:12:51.375+0300][1710.917s][info ][gc] GC(56744) Pause Young (Allocation Failure) 46M->46M(55M) 13.323ms
[2020-08-10T13:12:51.388+0300][1710.931s][info ][gc] GC(56745) Pause Young (Allocation Failure) 47M->47M(55M) 13.272ms
[2020-08-10T13:12:51.402+0300][1710.945s][info ][gc] GC(56746) Pause Young (Allocation Failure) 48M->48M(55M) 13.428ms
[2020-08-10T13:12:51.416+0300][1710.958s][info ][gc] GC(56747) Pause Young (Allocation Failure) 49M->49M(55M) 13.361ms
[2020-08-10T13:12:51.430+0300][1710.972s][info ][gc] GC(56748) Pause Young (Allocation Failure) 50M->50M(55M) 13.440ms
[2020-08-10T13:12:51.444+0300][1710.986s][info ][gc] GC(56749) Pause Young (Allocation Failure) 51M->50M(55M) 13.567ms
[2020-08-10T13:12:51.458+0300][1711.000s][info ][gc] GC(56750) Pause Young (Allocation Failure) 51M->51M(55M) 13.572ms
[2020-08-10T13:12:51.472+0300][1711.015s][info ][gc] GC(56751) Pause Young (Allocation Failure) 52M->52M(55M) 13.614ms
[2020-08-10T13:12:51.576+0300][1711.118s][debug][gc] GC(56752) Expanding ParOldGen from 53760K by 11776K to 65536K
[2020-08-10T13:12:51.576+0300][1711.118s][info ][gc] GC(56752) Pause Full (Ergonomics) 52M->52M(66M) 103.677ms
[2020-08-10T13:12:51.597+0300][1711.140s][info ][gc] GC(56753) Pause Young (Allocation Failure) 53M->53M(66M) 20.825ms
[2020-08-10T13:12:51.611+0300][1711.154s][info ][gc] GC(56754) Pause Young (Allocation Failure) 54M->54M(66M) 13.631ms
[2020-08-10T13:12:51.625+0300][1711.167s][info ][gc] GC(56755) Pause Young (Allocation Failure) 55M->55M(66M) 13.414ms
[2020-08-10T13:12:51.639+0300][1711.181s][info ][gc] GC(56756) Pause Young (Allocation Failure) 56M->56M(66M) 13.530ms
[2020-08-10T13:12:51.653+0300][1711.195s][info ][gc] GC(56757) Pause Young (Allocation Failure) 57M->57M(66M) 13.574ms
[2020-08-10T13:12:51.667+0300][1711.210s][info ][gc] GC(56758) Pause Young (Allocation Failure) 58M->58M(66M) 13.613ms
[2020-08-10T13:12:51.681+0300][1711.224s][info ][gc] GC(56759) Pause Young (Allocation Failure) 59M->59M(66M) 13.542ms
[2020-08-10T13:12:51.695+0300][1711.237s][info ][gc] GC(56760) Pause Young (Allocation Failure) 60M->60M(66M) 13.452ms
[2020-08-10T13:12:51.709+0300][1711.251s][info ][gc] GC(56761) Pause Young (Allocation Failure) 61M->61M(66M) 13.654ms
[2020-08-10T13:12:51.723+0300][1711.266s][info ][gc] GC(56762) Pause Young (Allocation Failure) 62M->62M(66M) 13.578ms
[2020-08-10T13:12:51.737+0300][1711.279s][info ][gc] GC(56763) Pause Young (Allocation Failure) 63M->62M(66M) 13.468ms
[2020-08-10T13:12:51.751+0300][1711.293s][info ][gc] GC(56764) Pause Young (Allocation Failure) 63M->63M(66M) 13.251ms
[2020-08-10T13:12:51.920+0300][1711.462s][debug][gc] GC(56765) Expanding ParOldGen from 65536K by 11776K to 77312K
[2020-08-10T13:12:51.920+0300][1711.462s][info ][gc] GC(56765) Pause Full (Ergonomics) 63M->63M(78M) 168.946ms
[2020-08-10T13:12:51.933+0300][1711.476s][info ][gc] GC(56766) Pause Young (Allocation Failure) 64M->64M(78M) 12.883ms
[2020-08-10T13:12:51.948+0300][1711.490s][info ][gc] GC(56767) Pause Young (Allocation Failure) 65M->65M(78M) 14.222ms
[2020-08-10T13:12:51.962+0300][1711.504s][info ][gc] GC(56768) Pause Young (Allocation Failure) 66M->66M(78M) 13.571ms
[2020-08-10T13:12:51.976+0300][1711.519s][info ][gc] GC(56769) Pause Young (Allocation Failure) 67M->67M(78M) 13.647ms
[2020-08-10T13:12:51.990+0300][1711.533s][info ][gc] GC(56770) Pause Young (Allocation Failure) 68M->68M(78M) 13.615ms
[2020-08-10T13:12:52.004+0300][1711.547s][info ][gc] GC(56771) Pause Young (Allocation Failure) 69M->69M(78M) 13.542ms
[2020-08-10T13:12:52.019+0300][1711.561s][info ][gc] GC(56772) Pause Young (Allocation Failure) 70M->70M(78M) 13.612ms
[2020-08-10T13:12:52.033+0300][1711.575s][info ][gc] GC(56773) Pause Young (Allocation Failure) 71M->71M(78M) 13.375ms
[2020-08-10T13:12:52.046+0300][1711.589s][info ][gc] GC(56774) Pause Young (Allocation Failure) 72M->72M(78M) 13.427ms
[2020-08-10T13:12:52.061+0300][1711.603s][info ][gc] GC(56775) Pause Young (Allocation Failure) 73M->73M(78M) 13.631ms
[2020-08-10T13:12:52.075+0300][1711.617s][info ][gc] GC(56776) Pause Young (Allocation Failure) 74M->74M(78M) 13.621ms
[2020-08-10T13:12:52.089+0300][1711.631s][info ][gc] GC(56777) Pause Young (Allocation Failure) 75M->75M(78M) 13.403ms
[2020-08-10T13:12:52.103+0300][1711.645s][info ][gc] GC(56778) Pause Young (Allocation Failure) 76M->76M(78M) 13.508ms
[2020-08-10T13:12:52.291+0300][1711.834s][debug][gc] GC(56779) Expanding ParOldGen from 77312K by 11264K to 88576K
[2020-08-10T13:12:52.292+0300][1711.834s][info ][gc] GC(56779) Pause Full (Ergonomics) 76M->76M(89M) 188.510ms
[2020-08-10T13:12:52.324+0300][1711.866s][info ][gc] GC(56780) Pause Young (Allocation Failure) 77M->77M(89M) 31.397ms
[2020-08-10T13:12:52.338+0300][1711.880s][info ][gc] GC(56781) Pause Young (Allocation Failure) 78M->77M(89M) 13.971ms
[2020-08-10T13:12:52.352+0300][1711.895s][info ][gc] GC(56782) Pause Young (Allocation Failure) 78M->78M(89M) 13.844ms
[2020-08-10T13:12:52.367+0300][1711.909s][info ][gc] GC(56783) Pause Young (Allocation Failure) 79M->79M(89M) 14.230ms
[2020-08-10T13:12:52.381+0300][1711.924s][info ][gc] GC(56784) Pause Young (Allocation Failure) 80M->80M(89M) 14.036ms
[2020-08-10T13:12:52.395+0300][1711.938s][info ][gc] GC(56785) Pause Young (Allocation Failure) 81M->81M(89M) 13.647ms
[2020-08-10T13:12:52.410+0300][1711.952s][info ][gc] GC(56786) Pause Young (Allocation Failure) 82M->82M(89M) 13.763ms
[2020-08-10T13:12:52.424+0300][1711.966s][info ][gc] GC(56787) Pause Young (Allocation Failure) 83M->83M(89M) 14.096ms
[2020-08-10T13:12:52.439+0300][1711.981s][info ][gc] GC(56788) Pause Young (Allocation Failure) 84M->84M(89M) 13.889ms
[2020-08-10T13:12:52.453+0300][1711.996s][info ][gc] GC(56789) Pause Young (Allocation Failure) 85M->85M(89M) 14.106ms
[2020-08-10T13:12:52.468+0300][1712.010s][info ][gc] GC(56790) Pause Young (Allocation Failure) 86M->86M(89M) 13.946ms
[2020-08-10T13:12:52.710+0300][1712.252s][debug][gc] GC(56791) Expanding ParOldGen from 88576K by 11264K to 99840K
[2020-08-10T13:12:52.710+0300][1712.252s][info ][gc] GC(56791) Pause Full (Ergonomics) 86M->86M(100M) 241.643ms
[2020-08-10T13:12:52.723+0300][1712.266s][info ][gc] GC(56792) Pause Young (Allocation Failure) 87M->87M(100M) 13.218ms
[2020-08-10T13:12:52.738+0300][1712.281s][info ][gc] GC(56793) Pause Young (Allocation Failure) 88M->88M(100M) 14.307ms
[2020-08-10T13:12:52.753+0300][1712.295s][info ][gc] GC(56794) Pause Young (Allocation Failure) 89M->89M(100M) 13.982ms
[2020-08-10T13:12:52.767+0300][1712.310s][info ][gc] GC(56795) Pause Young (Allocation Failure) 90M->90M(100M) 14.278ms
[2020-08-10T13:12:52.782+0300][1712.324s][info ][gc] GC(56796) Pause Young (Allocation Failure) 91M->91M(100M) 14.155ms
[2020-08-10T13:12:52.797+0300][1712.339s][info ][gc] GC(56797) Pause Young (Allocation Failure) 92M->92M(100M) 14.332ms
[2020-08-10T13:12:52.812+0300][1712.354s][info ][gc] GC(56798) Pause Young (Allocation Failure) 93M->93M(99M) 14.648ms
[2020-08-10T13:12:52.827+0300][1712.369s][info ][gc] GC(56799) Pause Young (Allocation Failure) 94M->94M(99M) 14.359ms
[2020-08-10T13:12:52.841+0300][1712.384s][info ][gc] GC(56800) Pause Young (Allocation Failure) 95M->94M(99M) 14.370ms
[2020-08-10T13:12:52.856+0300][1712.399s][info ][gc] GC(56801) Pause Young (Allocation Failure) 95M->95M(99M) 14.617ms
[2020-08-10T13:12:52.871+0300][1712.414s][info ][gc] GC(56802) Pause Young (Allocation Failure) 96M->96M(99M) 14.604ms
[2020-08-10T13:12:52.887+0300][1712.429s][info ][gc] GC(56803) Pause Young (Allocation Failure) 97M->97M(99M) 14.922ms
[2020-08-10T13:12:53.114+0300][1712.657s][debug][gc] GC(56804) Expanding ParOldGen from 99840K by 11264K to 111104K
[2020-08-10T13:12:53.115+0300][1712.657s][info ][gc] GC(56804) Pause Full (Ergonomics) 97M->97M(110M) 227.857ms
[2020-08-10T13:12:53.149+0300][1712.692s][info ][gc] GC(56805) Pause Young (Allocation Failure) 98M->98M(110M) 34.232ms
[2020-08-10T13:12:53.165+0300][1712.708s][info ][gc] GC(56806) Pause Young (Allocation Failure) 99M->99M(110M) 15.504ms
[2020-08-10T13:12:53.181+0300][1712.724s][info ][gc] GC(56807) Pause Young (Allocation Failure) 100M->100M(110M) 15.440ms
[2020-08-10T13:12:53.197+0300][1712.740s][info ][gc] GC(56808) Pause Young (Allocation Failure) 101M->101M(110M) 15.626ms
[2020-08-10T13:12:53.213+0300][1712.756s][info ][gc] GC(56809) Pause Young (Allocation Failure) 102M->102M(110M) 15.512ms
[2020-08-10T13:12:53.230+0300][1712.772s][info ][gc] GC(56810) Pause Young (Allocation Failure) 103M->103M(110M) 15.961ms
[2020-08-10T13:12:53.246+0300][1712.789s][info ][gc] GC(56811) Pause Young (Allocation Failure) 104M->104M(110M) 15.935ms
[2020-08-10T13:12:53.263+0300][1712.805s][info ][gc] GC(56812) Pause Young (Allocation Failure) 105M->105M(110M) 16.217ms
[2020-08-10T13:12:53.280+0300][1712.822s][info ][gc] GC(56813) Pause Young (Allocation Failure) 106M->106M(110M) 16.083ms
[2020-08-10T13:12:53.296+0300][1712.839s][info ][gc] GC(56814) Pause Young (Allocation Failure) 107M->107M(110M) 16.160ms
[2020-08-10T13:12:53.313+0300][1712.856s][info ][gc] GC(56815) Pause Young (Allocation Failure) 108M->108M(110M) 16.391ms
[2020-08-10T13:12:53.330+0300][1712.872s][info ][gc] GC(56816) Pause Young (Allocation Failure) 109M->109M(110M) 16.117ms
[2020-08-10T13:12:53.597+0300][1713.139s][debug][gc] GC(56817) Expanding ParOldGen from 111104K by 11264K to 122368K
[2020-08-10T13:12:53.597+0300][1713.139s][info ][gc] GC(56817) Pause Full (Ergonomics) 109M->108M(121M) 266.676ms
[2020-08-10T13:12:53.635+0300][1713.178s][info ][gc] GC(56818) Pause Young (Allocation Failure) 109M->109M(121M) 37.722ms
[2020-08-10T13:12:53.653+0300][1713.195s][info ][gc] GC(56819) Pause Young (Allocation Failure) 110M->110M(121M) 16.639ms
[2020-08-10T13:12:53.670+0300][1713.212s][info ][gc] GC(56820) Pause Young (Allocation Failure) 111M->111M(121M) 16.578ms
[2020-08-10T13:12:53.687+0300][1713.229s][info ][gc] GC(56821) Pause Young (Allocation Failure) 112M->112M(121M) 16.557ms
[2020-08-10T13:12:53.704+0300][1713.246s][info ][gc] GC(56822) Pause Young (Allocation Failure) 113M->113M(121M) 16.594ms
[2020-08-10T13:12:53.721+0300][1713.264s][info ][gc] GC(56823) Pause Young (Allocation Failure) 114M->114M(121M) 16.856ms
[2020-08-10T13:12:53.739+0300][1713.281s][info ][gc] GC(56824) Pause Young (Allocation Failure) 115M->115M(121M) 17.017ms
[2020-08-10T13:12:53.756+0300][1713.299s][info ][gc] GC(56825) Pause Young (Allocation Failure) 116M->116M(121M) 17.008ms
[2020-08-10T13:12:53.774+0300][1713.316s][info ][gc] GC(56826) Pause Young (Allocation Failure) 117M->117M(121M) 16.868ms
[2020-08-10T13:12:53.791+0300][1713.334s][info ][gc] GC(56827) Pause Young (Allocation Failure) 118M->118M(121M) 17.077ms
[2020-08-10T13:12:53.809+0300][1713.352s][info ][gc] GC(56828) Pause Young (Allocation Failure) 119M->119M(121M) 17.175ms
[2020-08-10T13:12:54.096+0300][1713.638s][debug][gc] GC(56829) Expanding ParOldGen from 122368K by 11264K to 133632K
[2020-08-10T13:12:54.096+0300][1713.638s][info ][gc] GC(56829) Pause Full (Ergonomics) 119M->119M(132M) 286.493ms
[2020-08-10T13:12:54.111+0300][1713.653s][info ][gc] GC(56830) Pause Young (Allocation Failure) 120M->120M(132M) 14.454ms
[2020-08-10T13:12:54.129+0300][1713.671s][info ][gc] GC(56831) Pause Young (Allocation Failure) 121M->121M(132M) 17.438ms
[2020-08-10T13:12:54.152+0300][1713.694s][info ][gc] GC(56832) Pause Young (Allocation Failure) 122M->122M(132M) 22.307ms
[2020-08-10T13:12:54.170+0300][1713.712s][info ][gc] GC(56833) Pause Young (Allocation Failure) 123M->123M(132M) 17.551ms
[2020-08-10T13:12:54.188+0300][1713.730s][info ][gc] GC(56834) Pause Young (Allocation Failure) 124M->124M(132M) 17.630ms
[2020-08-10T13:12:54.206+0300][1713.748s][info ][gc] GC(56835) Pause Young (Allocation Failure) 125M->125M(133M) 17.729ms
[2020-08-10T13:12:54.224+0300][1713.767s][info ][gc] GC(56836) Pause Young (Allocation Failure) 126M->126M(133M) 17.763ms
[2020-08-10T13:12:54.243+0300][1713.785s][info ][gc] GC(56837) Pause Young (Allocation Failure) 127M->126M(133M) 17.878ms
[2020-08-10T13:12:54.261+0300][1713.804s][info ][gc] GC(56838) Pause Young (Allocation Failure) 127M->127M(133M) 17.918ms
[2020-08-10T13:12:54.279+0300][1713.822s][info ][gc] GC(56839) Pause Young (Allocation Failure) 128M->128M(133M) 17.724ms
[2020-08-10T13:12:54.298+0300][1713.840s][info ][gc] GC(56840) Pause Young (Allocation Failure) 129M->129M(133M) 18.038ms
[2020-08-10T13:12:54.316+0300][1713.859s][info ][gc] GC(56841) Pause Young (Allocation Failure) 130M->130M(133M) 17.814ms
[2020-08-10T13:12:54.659+0300][1714.201s][debug][gc] GC(56842) Expanding ParOldGen from 133632K by 11264K to 144896K
[2020-08-10T13:12:54.659+0300][1714.201s][info ][gc] GC(56842) Pause Full (Ergonomics) 130M->130M(144M) 342.504ms
[2020-08-10T13:12:54.693+0300][1714.235s][info ][gc] GC(56843) Pause Young (Allocation Failure) 131M->131M(144M) 33.303ms
[2020-08-10T13:12:54.712+0300][1714.254s][info ][gc] GC(56844) Pause Young (Allocation Failure) 132M->132M(144M) 18.628ms
[2020-08-10T13:12:54.731+0300][1714.273s][info ][gc] GC(56845) Pause Young (Allocation Failure) 133M->133M(144M) 18.592ms
[2020-08-10T13:12:54.750+0300][1714.292s][info ][gc] GC(56846) Pause Young (Allocation Failure) 134M->134M(144M) 18.432ms
[2020-08-10T13:12:54.769+0300][1714.311s][info ][gc] GC(56847) Pause Young (Allocation Failure) 135M->135M(144M) 18.571ms
[2020-08-10T13:12:54.769+0300][1714.312s][debug][gc] Expanding ParOldGen from 144896K by 19968K to 164864K
[2020-08-10T13:12:54.829+0300][1714.371s][info ][gc] GC(56848) Pause Young (Allocation Failure) 155M->155M(163M) 45.360ms
[2020-08-10T13:12:54.856+0300][1714.399s][info ][gc] GC(56849) Pause Young (Allocation Failure) 156M->156M(163M) 26.938ms
[2020-08-10T13:12:54.883+0300][1714.425s][info ][gc] GC(56850) Pause Young (Allocation Failure) 157M->157M(163M) 25.986ms
[2020-08-10T13:12:54.940+0300][1714.483s][info ][gc] GC(56851) Pause Young (Allocation Failure) 158M->158M(163M) 57.314ms
[2020-08-10T13:12:54.967+0300][1714.510s][info ][gc] GC(56852) Pause Young (Allocation Failure) 159M->159M(163M) 26.383ms
[2020-08-10T13:12:54.994+0300][1714.536s][info ][gc] GC(56853) Pause Young (Allocation Failure) 160M->160M(163M) 25.861ms
[2020-08-10T13:12:55.021+0300][1714.563s][info ][gc] GC(56854) Pause Young (Allocation Failure) 161M->161M(163M) 26.584ms
[2020-08-10T13:12:55.107+0300][1714.650s][debug][gc] GC(56855) Shrinking ParOldGen from 164864K by 124928K to 39936K
[2020-08-10T13:12:55.107+0300][1714.650s][info ][gc] GC(56855) Pause Full (Ergonomics) 161M->27M(41M) 86.177ms
[2020-08-10T13:12:55.138+0300][1714.680s][info ][gc] GC(56856) Pause Young (Allocation Failure) 28M->28M(41M) 29.780ms
[2020-08-10T13:12:55.152+0300][1714.694s][info ][gc] GC(56857) Pause Young (Allocation Failure) 29M->29M(41M) 13.367ms
[2020-08-10T13:12:55.165+0300][1714.708s][info ][gc] GC(56858) Pause Young (Allocation Failure) 30M->30M(41M) 13.350ms
[2020-08-10T13:12:55.179+0300][1714.721s][info ][gc] GC(56859) Pause Young (Allocation Failure) 31M->31M(41M) 13.324ms
[2020-08-10T13:12:55.193+0300][1714.736s][info ][gc] GC(56860) Pause Young (Allocation Failure) 32M->32M(41M) 13.431ms
[2020-08-10T13:12:55.207+0300][1714.750s][info ][gc] GC(56861) Pause Young (Allocation Failure) 33M->33M(41M) 13.540ms
[2020-08-10T13:12:55.221+0300][1714.764s][info ][gc] GC(56862) Pause Young (Allocation Failure) 34M->34M(41M) 13.457ms
[2020-08-10T13:12:55.235+0300][1714.778s][info ][gc] GC(56863) Pause Young (Allocation Failure) 35M->35M(41M) 13.362ms
[2020-08-10T13:12:55.249+0300][1714.792s][info ][gc] GC(56864) Pause Young (Allocation Failure) 36M->36M(41M) 13.344ms
[2020-08-10T13:12:55.263+0300][1714.806s][info ][gc] GC(56865) Pause Young (Allocation Failure) 37M->36M(41M) 13.525ms
[2020-08-10T13:12:55.277+0300][1714.820s][info ][gc] GC(56866) Pause Young (Allocation Failure) 37M->37M(41M) 13.498ms
[2020-08-10T13:12:55.291+0300][1714.833s][info ][gc] GC(56867) Pause Young (Allocation Failure) 38M->38M(41M) 13.352ms
[2020-08-10T13:12:55.357+0300][1714.900s][debug][gc] GC(56868) Expanding ParOldGen from 39936K by 11264K to 51200K
[2020-08-10T13:12:55.357+0300][1714.900s][info ][gc] GC(56868) Pause Full (Ergonomics) 38M->38M(52M) 66.025ms
[2020-08-10T13:12:55.371+0300][1714.913s][info ][gc] GC(56869) Pause Young (Allocation Failure) 39M->39M(52M) 12.919ms
[2020-08-10T13:12:55.384+0300][1714.927s][info ][gc] GC(56870) Pause Young (Allocation Failure) 40M->40M(52M) 13.273ms
[2020-08-10T13:12:55.398+0300][1714.941s][info ][gc] GC(56871) Pause Young (Allocation Failure) 41M->41M(52M) 13.406ms
[2020-08-10T13:12:55.412+0300][1714.955s][info ][gc] GC(56872) Pause Young (Allocation Failure) 42M->42M(52M) 13.223ms
[2020-08-10T13:12:55.426+0300][1714.968s][info ][gc] GC(56873) Pause Young (Allocation Failure) 43M->43M(52M) 13.455ms
[2020-08-10T13:12:55.440+0300][1714.982s][info ][gc] GC(56874) Pause Young (Allocation Failure) 44M->44M(52M) 13.357ms
[2020-08-10T13:12:55.454+0300][1714.996s][info ][gc] GC(56875) Pause Young (Allocation Failure) 45M->45M(52M) 13.417ms
[2020-08-10T13:12:55.468+0300][1715.010s][info ][gc] GC(56876) Pause Young (Allocation Failure) 46M->46M(52M) 13.316ms
[2020-08-10T13:12:55.482+0300][1715.024s][info ][gc] GC(56877) Pause Young (Allocation Failure) 47M->47M(52M) 13.445ms
[2020-08-10T13:12:55.495+0300][1715.038s][info ][gc] GC(56878) Pause Young (Allocation Failure) 48M->48M(52M) 13.445ms
[2020-08-10T13:12:55.510+0300][1715.052s][info ][gc] GC(56879) Pause Young (Allocation Failure) 49M->49M(52M) 13.502ms
[2020-08-10T13:12:55.524+0300][1715.066s][info ][gc] GC(56880) Pause Young (Allocation Failure) 50M->50M(51M) 13.418ms
[2020-08-10T13:12:55.651+0300][1715.193s][debug][gc] GC(56881) Expanding ParOldGen from 51200K by 11264K to 62464K
[2020-08-10T13:12:55.651+0300][1715.193s][info ][gc] GC(56881) Pause Full (Ergonomics) 50M->50M(62M) 126.975ms
[2020-08-10T13:12:55.672+0300][1715.214s][info ][gc] GC(56882) Pause Young (Allocation Failure) 51M->50M(63M) 20.361ms
[2020-08-10T13:12:55.686+0300][1715.228s][info ][gc] GC(56883) Pause Young (Allocation Failure) 51M->51M(63M) 13.578ms
[2020-08-10T13:12:55.700+0300][1715.242s][info ][gc] GC(56884) Pause Young (Allocation Failure) 52M->52M(63M) 13.691ms
[2020-08-10T13:12:55.714+0300][1715.257s][info ][gc] GC(56885) Pause Young (Allocation Failure) 53M->53M(63M) 13.631ms
[2020-08-10T13:12:55.728+0300][1715.270s][info ][gc] GC(56886) Pause Young (Allocation Failure) 54M->54M(63M) 13.300ms
[2020-08-10T13:12:55.742+0300][1715.284s][info ][gc] GC(56887) Pause Young (Allocation Failure) 55M->55M(63M) 13.594ms
[2020-08-10T13:12:55.756+0300][1715.299s][info ][gc] GC(56888) Pause Young (Allocation Failure) 56M->56M(63M) 13.657ms
[2020-08-10T13:12:55.770+0300][1715.313s][info ][gc] GC(56889) Pause Young (Allocation Failure) 57M->57M(63M) 13.661ms
[2020-08-10T13:12:55.784+0300][1715.327s][info ][gc] GC(56890) Pause Young (Allocation Failure) 58M->58M(63M) 13.340ms
[2020-08-10T13:12:55.808+0300][1715.350s][info ][gc] GC(56891) Pause Young (Allocation Failure) 59M->59M(63M) 23.282ms
[2020-08-10T13:12:55.822+0300][1715.365s][info ][gc] GC(56892) Pause Young (Allocation Failure) 60M->60M(63M) 13.781ms
[2020-08-10T13:12:55.837+0300][1715.379s][info ][gc] GC(56893) Pause Young (Allocation Failure) 61M->61M(63M) 13.776ms
[2020-08-10T13:12:55.968+0300][1715.511s][debug][gc] GC(56894) Expanding ParOldGen from 62464K by 11264K to 73728K
[2020-08-10T13:12:55.969+0300][1715.511s][info ][gc] GC(56894) Pause Full (Ergonomics) 61M->61M(74M) 131.881ms
[2020-08-10T13:12:55.997+0300][1715.539s][info ][gc] GC(56895) Pause Young (Allocation Failure) 62M->62M(74M) 27.894ms
[2020-08-10T13:12:56.011+0300][1715.554s][info ][gc] GC(56896) Pause Young (Allocation Failure) 63M->63M(74M) 13.770ms
[2020-08-10T13:12:56.026+0300][1715.568s][info ][gc] GC(56897) Pause Young (Allocation Failure) 64M->64M(74M) 13.757ms
[2020-08-10T13:12:56.040+0300][1715.582s][info ][gc] GC(56898) Pause Young (Allocation Failure) 65M->65M(74M) 13.778ms
[2020-08-10T13:12:56.054+0300][1715.597s][info ][gc] GC(56899) Pause Young (Allocation Failure) 66M->66M(74M) 13.767ms
[2020-08-10T13:12:56.068+0300][1715.611s][info ][gc] GC(56900) Pause Young (Allocation Failure) 67M->67M(74M) 13.830ms
[2020-08-10T13:12:56.083+0300][1715.625s][info ][gc] GC(56901) Pause Young (Allocation Failure) 68M->67M(74M) 13.869ms
[2020-08-10T13:12:56.097+0300][1715.640s][info ][gc] GC(56902) Pause Young (Allocation Failure) 68M->68M(74M) 13.793ms
[2020-08-10T13:12:56.111+0300][1715.654s][info ][gc] GC(56903) Pause Young (Allocation Failure) 69M->69M(74M) 13.705ms
[2020-08-10T13:12:56.125+0300][1715.668s][info ][gc] GC(56904) Pause Young (Allocation Failure) 70M->70M(74M) 13.542ms
[2020-08-10T13:12:56.139+0300][1715.682s][info ][gc] GC(56905) Pause Young (Allocation Failure) 71M->71M(74M) 13.544ms
[2020-08-10T13:12:56.153+0300][1715.696s][info ][gc] GC(56906) Pause Young (Allocation Failure) 72M->72M(74M) 13.759ms
[2020-08-10T13:12:56.306+0300][1715.849s][debug][gc] GC(56907) Expanding ParOldGen from 73728K by 11264K to 84992K
[2020-08-10T13:12:56.307+0300][1715.849s][info ][gc] GC(56907) Pause Full (Ergonomics) 72M->72M(85M) 153.032ms
[2020-08-10T13:12:56.337+0300][1715.880s][info ][gc] GC(56908) Pause Young (Allocation Failure) 73M->73M(85M) 30.367ms
[2020-08-10T13:12:56.352+0300][1715.894s][info ][gc] GC(56909) Pause Young (Allocation Failure) 74M->74M(85M) 13.893ms
[2020-08-10T13:12:56.366+0300][1715.908s][info ][gc] GC(56910) Pause Young (Allocation Failure) 75M->75M(85M) 13.581ms
[2020-08-10T13:12:56.380+0300][1715.923s][info ][gc] GC(56911) Pause Young (Allocation Failure) 76M->76M(85M) 13.852ms
[2020-08-10T13:12:56.395+0300][1715.937s][info ][gc] GC(56912) Pause Young (Allocation Failure) 77M->77M(85M) 13.757ms
[2020-08-10T13:12:56.409+0300][1715.951s][info ][gc] GC(56913) Pause Young (Allocation Failure) 78M->78M(85M) 13.879ms
[2020-08-10T13:12:56.423+0300][1715.966s][info ][gc] GC(56914) Pause Young (Allocation Failure) 79M->79M(85M) 13.856ms
[2020-08-10T13:12:56.438+0300][1715.980s][info ][gc] GC(56915) Pause Young (Allocation Failure) 80M->80M(85M) 13.741ms
[2020-08-10T13:12:56.452+0300][1715.994s][info ][gc] GC(56916) Pause Young (Allocation Failure) 81M->81M(85M) 13.729ms
[2020-08-10T13:12:56.466+0300][1716.009s][info ][gc] GC(56917) Pause Young (Allocation Failure) 82M->82M(85M) 13.886ms
[2020-08-10T13:12:56.480+0300][1716.023s][info ][gc] GC(56918) Pause Young (Allocation Failure) 83M->83M(85M) 13.857ms
[2020-08-10T13:12:56.676+0300][1716.219s][debug][gc] GC(56919) Expanding ParOldGen from 84992K by 11264K to 96256K
[2020-08-10T13:12:56.676+0300][1716.219s][info ][gc] GC(56919) Pause Full (Ergonomics) 83M->82M(96M) 195.930ms
[2020-08-10T13:12:56.690+0300][1716.233s][info ][gc] GC(56920) Pause Young (Allocation Failure) 83M->83M(96M) 13.117ms
[2020-08-10T13:12:56.704+0300][1716.247s][info ][gc] GC(56921) Pause Young (Allocation Failure) 84M->84M(96M) 13.741ms
[2020-08-10T13:12:56.719+0300][1716.261s][info ][gc] GC(56922) Pause Young (Allocation Failure) 85M->85M(96M) 13.982ms
[2020-08-10T13:12:56.733+0300][1716.276s][info ][gc] GC(56923) Pause Young (Allocation Failure) 86M->86M(96M) 14.075ms
[2020-08-10T13:12:56.748+0300][1716.291s][info ][gc] GC(56924) Pause Young (Allocation Failure) 87M->87M(96M) 14.285ms
[2020-08-10T13:12:56.763+0300][1716.305s][info ][gc] GC(56925) Pause Young (Allocation Failure) 88M->88M(96M) 13.927ms
[2020-08-10T13:12:56.777+0300][1716.320s][info ][gc] GC(56926) Pause Young (Allocation Failure) 89M->89M(96M) 14.093ms
[2020-08-10T13:12:56.792+0300][1716.335s][info ][gc] GC(56927) Pause Young (Allocation Failure) 90M->90M(96M) 14.595ms
[2020-08-10T13:12:56.807+0300][1716.350s][info ][gc] GC(56928) Pause Young (Allocation Failure) 91M->91M(96M) 14.557ms
[2020-08-10T13:12:56.822+0300][1716.365s][info ][gc] GC(56929) Pause Young (Allocation Failure) 92M->92M(95M) 14.398ms
[2020-08-10T13:12:56.836+0300][1716.378s][info ][gc] GC(56930) Pause Young (Allocation Failure) 93M->93M(96M) 13.211ms
[2020-08-10T13:12:56.851+0300][1716.393s][info ][gc] GC(56931) Pause Young (Allocation Failure) 94M->94M(96M) 14.605ms
[2020-08-10T13:12:57.075+0300][1716.617s][debug][gc] GC(56932) Expanding ParOldGen from 96256K by 11776K to 108032K
[2020-08-10T13:12:57.075+0300][1716.617s][info ][gc] GC(56932) Pause Full (Ergonomics) 94M->94M(108M) 223.711ms
[2020-08-10T13:12:57.109+0300][1716.651s][info ][gc] GC(56933) Pause Young (Allocation Failure) 95M->95M(108M) 33.529ms
[2020-08-10T13:12:57.124+0300][1716.667s][info ][gc] GC(56934) Pause Young (Allocation Failure) 96M->96M(108M) 15.000ms
[2020-08-10T13:12:57.140+0300][1716.682s][info ][gc] GC(56935) Pause Young (Allocation Failure) 97M->97M(108M) 15.205ms
[2020-08-10T13:12:57.155+0300][1716.697s][info ][gc] GC(56936) Pause Young (Allocation Failure) 98M->98M(108M) 14.929ms
[2020-08-10T13:12:57.170+0300][1716.713s][info ][gc] GC(56937) Pause Young (Allocation Failure) 99M->99M(108M) 15.188ms
[2020-08-10T13:12:57.186+0300][1716.729s][info ][gc] GC(56938) Pause Young (Allocation Failure) 100M->99M(108M) 15.181ms
[2020-08-10T13:12:57.202+0300][1716.744s][info ][gc] GC(56939) Pause Young (Allocation Failure) 100M->100M(108M) 15.366ms
[2020-08-10T13:12:57.218+0300][1716.760s][info ][gc] GC(56940) Pause Young (Allocation Failure) 101M->101M(108M) 15.649ms
[2020-08-10T13:12:57.234+0300][1716.776s][info ][gc] GC(56941) Pause Young (Allocation Failure) 102M->102M(108M) 15.621ms
[2020-08-10T13:12:57.250+0300][1716.793s][info ][gc] GC(56942) Pause Young (Allocation Failure) 103M->103M(108M) 15.814ms
[2020-08-10T13:12:57.267+0300][1716.809s][info ][gc] GC(56943) Pause Young (Allocation Failure) 104M->104M(108M) 15.861ms
[2020-08-10T13:12:57.283+0300][1716.826s][info ][gc] GC(56944) Pause Young (Allocation Failure) 105M->105M(108M) 16.165ms
[2020-08-10T13:12:57.548+0300][1717.090s][debug][gc] GC(56945) Expanding ParOldGen from 108032K by 11264K to 119296K
[2020-08-10T13:12:57.548+0300][1717.090s][info ][gc] GC(56945) Pause Full (Ergonomics) 105M->105M(119M) 264.278ms
[2020-08-10T13:12:57.584+0300][1717.127s][info ][gc] GC(56946) Pause Young (Allocation Failure) 106M->106M(119M) 36.080ms
[2020-08-10T13:12:57.601+0300][1717.143s][info ][gc] GC(56947) Pause Young (Allocation Failure) 107M->107M(119M) 15.981ms
[2020-08-10T13:12:57.617+0300][1717.160s][info ][gc] GC(56948) Pause Young (Allocation Failure) 108M->108M(119M) 15.977ms
[2020-08-10T13:12:57.633+0300][1717.176s][info ][gc] GC(56949) Pause Young (Allocation Failure) 109M->109M(119M) 16.062ms
[2020-08-10T13:12:57.650+0300][1717.193s][info ][gc] GC(56950) Pause Young (Allocation Failure) 110M->110M(119M) 16.292ms
[2020-08-10T13:12:57.667+0300][1717.210s][info ][gc] GC(56951) Pause Young (Allocation Failure) 111M->111M(119M) 16.349ms
[2020-08-10T13:12:57.684+0300][1717.227s][info ][gc] GC(56952) Pause Young (Allocation Failure) 112M->112M(119M) 16.413ms
[2020-08-10T13:12:57.701+0300][1717.244s][info ][gc] GC(56953) Pause Young (Allocation Failure) 113M->113M(119M) 16.709ms
[2020-08-10T13:12:57.718+0300][1717.261s][info ][gc] GC(56954) Pause Young (Allocation Failure) 114M->114M(119M) 16.465ms
[2020-08-10T13:12:57.736+0300][1717.278s][info ][gc] GC(56955) Pause Young (Allocation Failure) 115M->115M(119M) 17.011ms
[2020-08-10T13:12:57.753+0300][1717.296s][info ][gc] GC(56956) Pause Young (Allocation Failure) 116M->116M(119M) 16.753ms
[2020-08-10T13:12:57.771+0300][1717.313s][info ][gc] GC(56957) Pause Young (Allocation Failure) 117M->116M(119M) 17.288ms
[2020-08-10T13:12:58.109+0300][1717.652s][debug][gc] GC(56958) Expanding ParOldGen from 119296K by 11264K to 130560K
[2020-08-10T13:12:58.110+0300][1717.652s][info ][gc] GC(56958) Pause Full (Ergonomics) 116M->116M(130M) 338.504ms
[2020-08-10T13:12:58.141+0300][1717.684s][info ][gc] GC(56959) Pause Young (Allocation Failure) 117M->117M(130M) 31.383ms
[2020-08-10T13:12:58.160+0300][1717.702s][info ][gc] GC(56960) Pause Young (Allocation Failure) 118M->118M(130M) 17.726ms
[2020-08-10T13:12:58.177+0300][1717.720s][info ][gc] GC(56961) Pause Young (Allocation Failure) 119M->119M(130M) 17.362ms
[2020-08-10T13:12:58.200+0300][1717.742s][info ][gc] GC(56962) Pause Young (Allocation Failure) 120M->120M(130M) 22.016ms
[2020-08-10T13:12:58.218+0300][1717.760s][info ][gc] GC(56963) Pause Young (Allocation Failure) 121M->121M(130M) 17.499ms
[2020-08-10T13:12:58.236+0300][1717.778s][info ][gc] GC(56964) Pause Young (Allocation Failure) 122M->122M(130M) 17.532ms
[2020-08-10T13:12:58.254+0300][1717.796s][info ][gc] GC(56965) Pause Young (Allocation Failure) 123M->123M(130M) 17.670ms
[2020-08-10T13:12:58.271+0300][1717.814s][info ][gc] GC(56966) Pause Young (Allocation Failure) 124M->124M(130M) 17.518ms
[2020-08-10T13:12:58.289+0300][1717.832s][info ][gc] GC(56967) Pause Young (Allocation Failure) 125M->125M(130M) 17.640ms
[2020-08-10T13:12:58.308+0300][1717.850s][info ][gc] GC(56968) Pause Young (Allocation Failure) 126M->126M(130M) 17.836ms
[2020-08-10T13:12:58.326+0300][1717.868s][info ][gc] GC(56969) Pause Young (Allocation Failure) 127M->127M(130M) 17.890ms
[2020-08-10T13:12:58.344+0300][1717.887s][info ][gc] GC(56970) Pause Young (Allocation Failure) 128M->128M(130M) 17.707ms
[2020-08-10T13:12:58.678+0300][1718.221s][debug][gc] GC(56971) Expanding ParOldGen from 130560K by 11264K to 141824K
[2020-08-10T13:12:58.678+0300][1718.221s][info ][gc] GC(56971) Pause Full (Ergonomics) 128M->128M(141M) 334.349ms
[2020-08-10T13:12:58.713+0300][1718.256s][info ][gc] GC(56972) Pause Young (Allocation Failure) 129M->129M(141M) 34.301ms
[2020-08-10T13:12:58.732+0300][1718.274s][info ][gc] GC(56973) Pause Young (Allocation Failure) 130M->130M(141M) 18.069ms
[2020-08-10T13:12:58.750+0300][1718.293s][info ][gc] GC(56974) Pause Young (Allocation Failure) 131M->131M(141M) 18.192ms
[2020-08-10T13:12:58.769+0300][1718.312s][info ][gc] GC(56975) Pause Young (Allocation Failure) 132M->131M(141M) 18.256ms
[2020-08-10T13:12:58.788+0300][1718.331s][info ][gc] GC(56976) Pause Young (Allocation Failure) 132M->132M(141M) 18.493ms
[2020-08-10T13:12:58.807+0300][1718.350s][info ][gc] GC(56977) Pause Young (Allocation Failure) 133M->133M(141M) 18.751ms
[2020-08-10T13:12:58.830+0300][1718.373s][info ][gc] GC(56978) Pause Young (Allocation Failure) 134M->134M(141M) 22.339ms
[2020-08-10T13:12:58.830+0300][1718.373s][debug][gc] Expanding ParOldGen from 141824K by 19968K to 161792K
[2020-08-10T13:12:58.869+0300][1718.411s][info ][gc] GC(56979) Pause Young (Allocation Failure) 154M->154M(160M) 30.428ms
[2020-08-10T13:12:58.898+0300][1718.440s][info ][gc] GC(56980) Pause Young (Allocation Failure) 155M->155M(160M) 28.377ms
[2020-08-10T13:12:58.924+0300][1718.467s][info ][gc] GC(56981) Pause Young (Allocation Failure) 156M->156M(160M) 26.034ms
[2020-08-10T13:12:58.951+0300][1718.493s][info ][gc] GC(56982) Pause Young (Allocation Failure) 157M->157M(160M) 26.306ms
[2020-08-10T13:12:58.977+0300][1718.520s][info ][gc] GC(56983) Pause Young (Allocation Failure) 158M->158M(160M) 25.978ms
[2020-08-10T13:12:59.029+0300][1718.571s][debug][gc] GC(56984) Shrinking ParOldGen from 161792K by 124928K to 36864K
[2020-08-10T13:12:59.029+0300][1718.572s][info ][gc] GC(56984) Pause Full (Ergonomics) 158M->24M(38M) 51.767ms
[2020-08-10T13:12:59.042+0300][1718.585s][info ][gc] GC(56985) Pause Young (Allocation Failure) 25M->25M(38M) 12.886ms
[2020-08-10T13:12:59.056+0300][1718.599s][info ][gc] GC(56986) Pause Young (Allocation Failure) 26M->26M(38M) 13.286ms
[2020-08-10T13:12:59.070+0300][1718.612s][info ][gc] GC(56987) Pause Young (Allocation Failure) 27M->27M(38M) 13.202ms
[2020-08-10T13:12:59.083+0300][1718.626s][info ][gc] GC(56988) Pause Young (Allocation Failure) 28M->28M(38M) 13.307ms
[2020-08-10T13:12:59.097+0300][1718.640s][info ][gc] GC(56989) Pause Young (Allocation Failure) 29M->29M(38M) 13.315ms
[2020-08-10T13:12:59.111+0300][1718.654s][info ][gc] GC(56990) Pause Young (Allocation Failure) 30M->30M(38M) 13.350ms
[2020-08-10T13:12:59.125+0300][1718.668s][info ][gc] GC(56991) Pause Young (Allocation Failure) 31M->31M(38M) 13.444ms
[2020-08-10T13:12:59.139+0300][1718.681s][info ][gc] GC(56992) Pause Young (Allocation Failure) 32M->32M(38M) 13.233ms
[2020-08-10T13:12:59.152+0300][1718.695s][info ][gc] GC(56993) Pause Young (Allocation Failure) 33M->33M(38M) 13.300ms
[2020-08-10T13:12:59.166+0300][1718.709s][info ][gc] GC(56994) Pause Young (Allocation Failure) 34M->34M(38M) 13.277ms
[2020-08-10T13:12:59.180+0300][1718.722s][info ][gc] GC(56995) Pause Young (Allocation Failure) 35M->35M(38M) 13.225ms
[2020-08-10T13:12:59.193+0300][1718.736s][info ][gc] GC(56996) Pause Young (Allocation Failure) 36M->36M(38M) 13.387ms
[2020-08-10T13:12:59.262+0300][1718.805s][debug][gc] GC(56997) Expanding ParOldGen from 36864K by 11264K to 48128K
[2020-08-10T13:12:59.263+0300][1718.805s][info ][gc] GC(56997) Pause Full (Ergonomics) 36M->36M(48M) 68.958ms
[2020-08-10T13:12:59.280+0300][1718.822s][info ][gc] GC(56998) Pause Young (Allocation Failure) 37M->37M(49M) 16.754ms
[2020-08-10T13:12:59.294+0300][1718.836s][info ][gc] GC(56999) Pause Young (Allocation Failure) 38M->38M(49M) 13.501ms
[2020-08-10T13:12:59.308+0300][1718.851s][info ][gc] GC(57000) Pause Young (Allocation Failure) 39M->39M(49M) 13.647ms
[2020-08-10T13:12:59.322+0300][1718.865s][info ][gc] GC(57001) Pause Young (Allocation Failure) 40M->40M(49M) 13.576ms
[2020-08-10T13:12:59.336+0300][1718.879s][info ][gc] GC(57002) Pause Young (Allocation Failure) 41M->41M(49M) 13.292ms
[2020-08-10T13:12:59.352+0300][1718.894s][info ][gc] GC(57003) Pause Young (Allocation Failure) 42M->41M(49M) 15.419ms
[2020-08-10T13:12:59.366+0300][1718.908s][info ][gc] GC(57004) Pause Young (Allocation Failure) 42M->42M(49M) 13.401ms
[2020-08-10T13:12:59.379+0300][1718.922s][info ][gc] GC(57005) Pause Young (Allocation Failure) 43M->43M(49M) 13.252ms
[2020-08-10T13:12:59.393+0300][1718.935s][info ][gc] GC(57006) Pause Young (Allocation Failure) 44M->44M(49M) 13.264ms
[2020-08-10T13:12:59.407+0300][1718.949s][info ][gc] GC(57007) Pause Young (Allocation Failure) 45M->45M(49M) 13.423ms
[2020-08-10T13:12:59.421+0300][1718.963s][info ][gc] GC(57008) Pause Young (Allocation Failure) 46M->46M(49M) 13.550ms
[2020-08-10T13:12:59.435+0300][1718.977s][info ][gc] GC(57009) Pause Young (Allocation Failure) 47M->47M(49M) 13.481ms
[2020-08-10T13:12:59.529+0300][1719.071s][debug][gc] GC(57010) Expanding ParOldGen from 48128K by 11264K to 59392K
[2020-08-10T13:12:59.529+0300][1719.071s][info ][gc] GC(57010) Pause Full (Ergonomics) 47M->47M(60M) 93.867ms
[2020-08-10T13:12:59.549+0300][1719.091s][info ][gc] GC(57011) Pause Young (Allocation Failure) 48M->48M(60M) 19.539ms
[2020-08-10T13:12:59.563+0300][1719.105s][info ][gc] GC(57012) Pause Young (Allocation Failure) 49M->49M(60M) 13.580ms
[2020-08-10T13:12:59.576+0300][1719.119s][info ][gc] GC(57013) Pause Young (Allocation Failure) 50M->50M(60M) 12.951ms
[2020-08-10T13:12:59.590+0300][1719.133s][info ][gc] GC(57014) Pause Young (Allocation Failure) 51M->51M(60M) 13.483ms
[2020-08-10T13:12:59.604+0300][1719.146s][info ][gc] GC(57015) Pause Young (Allocation Failure) 52M->52M(60M) 13.427ms
[2020-08-10T13:12:59.618+0300][1719.160s][info ][gc] GC(57016) Pause Young (Allocation Failure) 53M->53M(60M) 13.524ms
[2020-08-10T13:12:59.631+0300][1719.174s][info ][gc] GC(57017) Pause Young (Allocation Failure) 54M->54M(60M) 13.316ms
[2020-08-10T13:12:59.645+0300][1719.188s][info ][gc] GC(57018) Pause Young (Allocation Failure) 55M->55M(60M) 13.355ms
[2020-08-10T13:12:59.659+0300][1719.201s][info ][gc] GC(57019) Pause Young (Allocation Failure) 56M->56M(60M) 13.402ms
[2020-08-10T13:12:59.673+0300][1719.215s][info ][gc] GC(57020) Pause Young (Allocation Failure) 57M->57M(60M) 13.510ms
[2020-08-10T13:12:59.687+0300][1719.229s][info ][gc] GC(57021) Pause Young (Allocation Failure) 58M->58M(60M) 13.394ms
[2020-08-10T13:12:59.840+0300][1719.382s][debug][gc] GC(57022) Expanding ParOldGen from 59392K by 11264K to 70656K
[2020-08-10T13:12:59.840+0300][1719.382s][info ][gc] GC(57022) Pause Full (Ergonomics) 58M->57M(71M) 153.033ms
[2020-08-10T13:12:59.870+0300][1719.413s][info ][gc] GC(57023) Pause Young (Allocation Failure) 58M->58M(71M) 29.955ms
[2020-08-10T13:12:59.884+0300][1719.427s][info ][gc] GC(57024) Pause Young (Allocation Failure) 59M->59M(71M) 13.426ms
[2020-08-10T13:12:59.898+0300][1719.441s][info ][gc] GC(57025) Pause Young (Allocation Failure) 60M->60M(71M) 13.279ms
[2020-08-10T13:12:59.912+0300][1719.455s][info ][gc] GC(57026) Pause Young (Allocation Failure) 61M->61M(71M) 13.544ms
[2020-08-10T13:12:59.926+0300][1719.469s][info ][gc] GC(57027) Pause Young (Allocation Failure) 62M->62M(71M) 13.503ms
[2020-08-10T13:12:59.940+0300][1719.483s][info ][gc] GC(57028) Pause Young (Allocation Failure) 63M->63M(71M) 13.384ms
[2020-08-10T13:12:59.954+0300][1719.497s][info ][gc] GC(57029) Pause Young (Allocation Failure) 64M->64M(71M) 13.381ms
[2020-08-10T13:12:59.968+0300][1719.511s][info ][gc] GC(57030) Pause Young (Allocation Failure) 65M->65M(71M) 13.577ms
[2020-08-10T13:12:59.982+0300][1719.525s][info ][gc] GC(57031) Pause Young (Allocation Failure) 66M->66M(71M) 13.493ms
[2020-08-10T13:12:59.996+0300][1719.539s][info ][gc] GC(57032) Pause Young (Allocation Failure) 67M->67M(71M) 13.547ms
[2020-08-10T13:13:00.010+0300][1719.553s][info ][gc] GC(57033) Pause Young (Allocation Failure) 68M->68M(71M) 13.443ms
[2020-08-10T13:13:00.024+0300][1719.567s][info ][gc] GC(57034) Pause Young (Allocation Failure) 69M->69M(71M) 13.476ms
[2020-08-10T13:13:00.176+0300][1719.719s][debug][gc] GC(57035) Expanding ParOldGen from 70656K by 11264K to 81920K
[2020-08-10T13:13:00.176+0300][1719.719s][info ][gc] GC(57035) Pause Full (Ergonomics) 69M->69M(82M) 151.915ms
[2020-08-10T13:13:00.205+0300][1719.748s][info ][gc] GC(57036) Pause Young (Allocation Failure) 70M->70M(82M) 28.152ms
[2020-08-10T13:13:00.219+0300][1719.762s][info ][gc] GC(57037) Pause Young (Allocation Failure) 71M->71M(82M) 13.619ms
[2020-08-10T13:13:00.234+0300][1719.776s][info ][gc] GC(57038) Pause Young (Allocation Failure) 72M->72M(82M) 13.985ms
[2020-08-10T13:13:00.248+0300][1719.791s][info ][gc] GC(57039) Pause Young (Allocation Failure) 73M->72M(82M) 13.850ms
[2020-08-10T13:13:00.263+0300][1719.805s][info ][gc] GC(57040) Pause Young (Allocation Failure) 73M->73M(82M) 13.945ms
[2020-08-10T13:13:00.277+0300][1719.820s][info ][gc] GC(57041) Pause Young (Allocation Failure) 74M->74M(82M) 13.908ms
[2020-08-10T13:13:00.291+0300][1719.834s][info ][gc] GC(57042) Pause Young (Allocation Failure) 75M->75M(82M) 13.729ms
[2020-08-10T13:13:00.306+0300][1719.848s][info ][gc] GC(57043) Pause Young (Allocation Failure) 76M->76M(82M) 13.823ms
[2020-08-10T13:13:00.320+0300][1719.863s][info ][gc] GC(57044) Pause Young (Allocation Failure) 77M->77M(82M) 13.770ms
[2020-08-10T13:13:00.334+0300][1719.877s][info ][gc] GC(57045) Pause Young (Allocation Failure) 78M->78M(82M) 13.830ms
[2020-08-10T13:13:00.348+0300][1719.891s][info ][gc] GC(57046) Pause Young (Allocation Failure) 79M->79M(82M) 13.779ms
[2020-08-10T13:13:00.363+0300][1719.905s][info ][gc] GC(57047) Pause Young (Allocation Failure) 80M->80M(82M) 13.841ms
[2020-08-10T13:13:00.538+0300][1720.081s][debug][gc] GC(57048) Expanding ParOldGen from 81920K by 11264K to 93184K
[2020-08-10T13:13:00.539+0300][1720.081s][info ][gc] GC(57048) Pause Full (Ergonomics) 80M->80M(93M) 175.629ms
[2020-08-10T13:13:00.571+0300][1720.114s][info ][gc] GC(57049) Pause Young (Allocation Failure) 81M->81M(93M) 31.934ms
[2020-08-10T13:13:00.586+0300][1720.128s][info ][gc] GC(57050) Pause Young (Allocation Failure) 82M->82M(93M) 13.982ms
[2020-08-10T13:13:00.600+0300][1720.143s][info ][gc] GC(57051) Pause Young (Allocation Failure) 83M->83M(93M) 13.966ms
[2020-08-10T13:13:00.615+0300][1720.157s][info ][gc] GC(57052) Pause Young (Allocation Failure) 84M->84M(93M) 14.011ms
[2020-08-10T13:13:00.630+0300][1720.172s][info ][gc] GC(57053) Pause Young (Allocation Failure) 85M->85M(93M) 14.328ms
[2020-08-10T13:13:00.644+0300][1720.187s][info ][gc] GC(57054) Pause Young (Allocation Failure) 86M->86M(93M) 14.338ms
[2020-08-10T13:13:00.659+0300][1720.202s][info ][gc] GC(57055) Pause Young (Allocation Failure) 87M->87M(93M) 14.258ms
[2020-08-10T13:13:00.674+0300][1720.217s][info ][gc] GC(57056) Pause Young (Allocation Failure) 88M->88M(93M) 14.339ms
[2020-08-10T13:13:00.689+0300][1720.232s][info ][gc] GC(57057) Pause Young (Allocation Failure) 89M->89M(93M) 14.355ms
[2020-08-10T13:13:00.704+0300][1720.247s][info ][gc] GC(57058) Pause Young (Allocation Failure) 90M->90M(93M) 14.410ms
[2020-08-10T13:13:00.719+0300][1720.262s][info ][gc] GC(57059) Pause Young (Allocation Failure) 91M->90M(93M) 14.586ms
[2020-08-10T13:13:00.947+0300][1720.490s][debug][gc] GC(57060) Expanding ParOldGen from 93184K by 11264K to 104448K
[2020-08-10T13:13:00.948+0300][1720.490s][info ][gc] GC(57060) Pause Full (Ergonomics) 90M->90M(104M) 228.457ms
[2020-08-10T13:13:00.961+0300][1720.504s][info ][gc] GC(57061) Pause Young (Allocation Failure) 91M->91M(104M) 13.131ms
[2020-08-10T13:13:00.976+0300][1720.519s][info ][gc] GC(57062) Pause Young (Allocation Failure) 92M->92M(104M) 14.656ms
[2020-08-10T13:13:00.991+0300][1720.534s][info ][gc] GC(57063) Pause Young (Allocation Failure) 93M->93M(104M) 14.613ms
[2020-08-10T13:13:01.007+0300][1720.549s][info ][gc] GC(57064) Pause Young (Allocation Failure) 94M->94M(104M) 14.827ms
[2020-08-10T13:13:01.022+0300][1720.564s][info ][gc] GC(57065) Pause Young (Allocation Failure) 95M->95M(104M) 14.474ms
[2020-08-10T13:13:01.037+0300][1720.580s][info ][gc] GC(57066) Pause Young (Allocation Failure) 96M->96M(104M) 14.733ms
[2020-08-10T13:13:01.052+0300][1720.595s][info ][gc] GC(57067) Pause Young (Allocation Failure) 97M->97M(104M) 15.000ms
[2020-08-10T13:13:01.068+0300][1720.611s][info ][gc] GC(57068) Pause Young (Allocation Failure) 98M->98M(104M) 15.059ms
[2020-08-10T13:13:01.084+0300][1720.627s][info ][gc] GC(57069) Pause Young (Allocation Failure) 99M->99M(103M) 15.344ms
[2020-08-10T13:13:01.098+0300][1720.641s][info ][gc] GC(57070) Pause Young (Allocation Failure) 100M->100M(104M) 13.898ms
[2020-08-10T13:13:01.114+0300][1720.657s][info ][gc] GC(57071) Pause Young (Allocation Failure) 101M->101M(104M) 15.308ms
[2020-08-10T13:13:01.130+0300][1720.673s][info ][gc] GC(57072) Pause Young (Allocation Failure) 102M->102M(104M) 15.416ms
[2020-08-10T13:13:01.372+0300][1720.915s][debug][gc] GC(57073) Expanding ParOldGen from 104448K by 11264K to 115712K
[2020-08-10T13:13:01.373+0300][1720.915s][info ][gc] GC(57073) Pause Full (Ergonomics) 102M->102M(115M) 242.356ms
[2020-08-10T13:13:01.409+0300][1720.951s][info ][gc] GC(57074) Pause Young (Allocation Failure) 103M->103M(115M) 35.340ms
[2020-08-10T13:13:01.425+0300][1720.968s][info ][gc] GC(57075) Pause Young (Allocation Failure) 104M->104M(115M) 15.890ms
[2020-08-10T13:13:01.441+0300][1720.984s][info ][gc] GC(57076) Pause Young (Allocation Failure) 105M->104M(115M) 15.792ms
[2020-08-10T13:13:01.458+0300][1721.001s][info ][gc] GC(57077) Pause Young (Allocation Failure) 105M->105M(115M) 15.911ms
[2020-08-10T13:13:01.475+0300][1721.017s][info ][gc] GC(57078) Pause Young (Allocation Failure) 106M->106M(115M) 16.217ms
[2020-08-10T13:13:01.491+0300][1721.034s][info ][gc] GC(57079) Pause Young (Allocation Failure) 107M->107M(115M) 16.044ms
[2020-08-10T13:13:01.508+0300][1721.051s][info ][gc] GC(57080) Pause Young (Allocation Failure) 108M->108M(115M) 16.158ms
[2020-08-10T13:13:01.525+0300][1721.068s][info ][gc] GC(57081) Pause Young (Allocation Failure) 109M->109M(115M) 16.291ms
[2020-08-10T13:13:01.542+0300][1721.084s][info ][gc] GC(57082) Pause Young (Allocation Failure) 110M->110M(115M) 16.313ms
[2020-08-10T13:13:01.559+0300][1721.102s][info ][gc] GC(57083) Pause Young (Allocation Failure) 111M->111M(115M) 16.536ms
[2020-08-10T13:13:01.576+0300][1721.119s][info ][gc] GC(57084) Pause Young (Allocation Failure) 112M->112M(115M) 16.705ms
[2020-08-10T13:13:01.593+0300][1721.135s][info ][gc] GC(57085) Pause Young (Allocation Failure) 113M->113M(115M) 16.171ms
[2020-08-10T13:13:01.872+0300][1721.415s][debug][gc] GC(57086) Expanding ParOldGen from 115712K by 11776K to 127488K
[2020-08-10T13:13:01.872+0300][1721.415s][info ][gc] GC(57086) Pause Full (Ergonomics) 113M->113M(127M) 279.559ms
[2020-08-10T13:13:01.903+0300][1721.446s][info ][gc] GC(57087) Pause Young (Allocation Failure) 114M->114M(127M) 30.293ms
[2020-08-10T13:13:01.920+0300][1721.463s][info ][gc] GC(57088) Pause Young (Allocation Failure) 115M->115M(127M) 16.954ms
[2020-08-10T13:13:01.938+0300][1721.481s][info ][gc] GC(57089) Pause Young (Allocation Failure) 116M->116M(127M) 17.054ms
[2020-08-10T13:13:01.955+0300][1721.498s][info ][gc] GC(57090) Pause Young (Allocation Failure) 117M->117M(127M) 17.233ms
[2020-08-10T13:13:01.973+0300][1721.516s][info ][gc] GC(57091) Pause Young (Allocation Failure) 118M->118M(127M) 16.996ms
[2020-08-10T13:13:01.991+0300][1721.533s][info ][gc] GC(57092) Pause Young (Allocation Failure) 119M->119M(127M) 17.354ms
[2020-08-10T13:13:02.009+0300][1721.551s][info ][gc] GC(57093) Pause Young (Allocation Failure) 120M->120M(127M) 17.505ms
[2020-08-10T13:13:02.026+0300][1721.569s][info ][gc] GC(57094) Pause Young (Allocation Failure) 121M->121M(127M) 17.214ms
[2020-08-10T13:13:02.044+0300][1721.587s][info ][gc] GC(57095) Pause Young (Allocation Failure) 122M->122M(127M) 17.372ms
[2020-08-10T13:13:02.062+0300][1721.605s][info ][gc] GC(57096) Pause Young (Allocation Failure) 123M->122M(127M) 17.505ms
[2020-08-10T13:13:02.080+0300][1721.623s][info ][gc] GC(57097) Pause Young (Allocation Failure) 123M->123M(127M) 17.690ms
[2020-08-10T13:13:02.098+0300][1721.641s][info ][gc] GC(57098) Pause Young (Allocation Failure) 124M->124M(127M) 17.885ms
[2020-08-10T13:13:02.560+0300][1722.102s][debug][gc] GC(57099) Expanding ParOldGen from 127488K by 11264K to 138752K
[2020-08-10T13:13:02.560+0300][1722.102s][info ][gc] GC(57099) Pause Full (Ergonomics) 124M->124M(138M) 460.524ms
[2020-08-10T13:13:02.615+0300][1722.157s][info ][gc] GC(57100) Pause Young (Allocation Failure) 125M->125M(138M) 54.990ms
[2020-08-10T13:13:02.637+0300][1722.179s][info ][gc] GC(57101) Pause Young (Allocation Failure) 126M->126M(138M) 21.177ms
[2020-08-10T13:13:02.656+0300][1722.198s][info ][gc] GC(57102) Pause Young (Allocation Failure) 127M->127M(138M) 18.141ms
[2020-08-10T13:13:02.675+0300][1722.217s][info ][gc] GC(57103) Pause Young (Allocation Failure) 128M->128M(138M) 18.225ms
[2020-08-10T13:13:02.693+0300][1722.235s][info ][gc] GC(57104) Pause Young (Allocation Failure) 129M->129M(138M) 18.169ms
[2020-08-10T13:13:02.712+0300][1722.253s][info ][gc] GC(57105) Pause Young (Allocation Failure) 130M->130M(138M) 17.882ms
[2020-08-10T13:13:02.730+0300][1722.272s][info ][gc] GC(57106) Pause Young (Allocation Failure) 131M->131M(138M) 18.208ms
[2020-08-10T13:13:02.749+0300][1722.291s][info ][gc] GC(57107) Pause Young (Allocation Failure) 132M->132M(138M) 17.976ms
[2020-08-10T13:13:02.767+0300][1722.309s][info ][gc] GC(57108) Pause Young (Allocation Failure) 133M->133M(138M) 18.153ms
[2020-08-10T13:13:02.814+0300][1722.356s][info ][gc] GC(57109) Pause Young (Allocation Failure) 134M->134M(138M) 46.112ms
[2020-08-10T13:13:02.833+0300][1722.374s][info ][gc] GC(57110) Pause Young (Allocation Failure) 135M->135M(138M) 18.473ms
[2020-08-10T13:13:02.833+0300][1722.375s][debug][gc] Expanding ParOldGen from 138752K by 19968K to 158720K
[2020-08-10T13:13:02.870+0300][1722.412s][info ][gc] GC(57111) Pause Young (Allocation Failure) 155M->155M(157M) 29.589ms
[2020-08-10T13:13:02.898+0300][1722.440s][debug][gc] GC(57112) Shrinking ParOldGen from 158720K by 124928K to 33792K
[2020-08-10T13:13:02.899+0300][1722.440s][info ][gc] GC(57112) Pause Full (Ergonomics) 155M->21M(35M) 27.945ms
[2020-08-10T13:13:02.912+0300][1722.453s][info ][gc] GC(57113) Pause Young (Allocation Failure) 22M->22M(35M) 12.717ms
[2020-08-10T13:13:02.925+0300][1722.467s][info ][gc] GC(57114) Pause Young (Allocation Failure) 23M->23M(35M) 13.148ms
[2020-08-10T13:13:02.939+0300][1722.480s][info ][gc] GC(57115) Pause Young (Allocation Failure) 24M->24M(35M) 13.203ms
[2020-08-10T13:13:02.952+0300][1722.494s][info ][gc] GC(57116) Pause Young (Allocation Failure) 25M->25M(35M) 13.380ms
[2020-08-10T13:13:02.967+0300][1722.508s][info ][gc] GC(57117) Pause Young (Allocation Failure) 26M->26M(35M) 13.539ms
[2020-08-10T13:13:02.981+0300][1722.523s][info ][gc] GC(57118) Pause Young (Allocation Failure) 27M->27M(35M) 13.567ms
[2020-08-10T13:13:02.995+0300][1722.537s][info ][gc] GC(57119) Pause Young (Allocation Failure) 28M->28M(35M) 13.492ms
[2020-08-10T13:13:03.009+0300][1722.550s][info ][gc] GC(57120) Pause Young (Allocation Failure) 29M->29M(35M) 13.339ms
[2020-08-10T13:13:03.022+0300][1722.564s][info ][gc] GC(57121) Pause Young (Allocation Failure) 30M->30M(35M) 13.159ms
[2020-08-10T13:13:03.036+0300][1722.578s][info ][gc] GC(57122) Pause Young (Allocation Failure) 31M->31M(35M) 13.428ms
[2020-08-10T13:13:03.050+0300][1722.592s][info ][gc] GC(57123) Pause Young (Allocation Failure) 32M->32M(35M) 13.462ms
[2020-08-10T13:13:03.064+0300][1722.606s][info ][gc] GC(57124) Pause Young (Allocation Failure) 33M->32M(35M) 13.356ms
[2020-08-10T13:13:03.122+0300][1722.663s][debug][gc] GC(57125) Expanding ParOldGen from 33792K by 11264K to 45056K
[2020-08-10T13:13:03.122+0300][1722.664s][info ][gc] GC(57125) Pause Full (Ergonomics) 32M->32M(46M) 57.765ms
[2020-08-10T13:13:03.135+0300][1722.677s][info ][gc] GC(57126) Pause Young (Allocation Failure) 33M->33M(46M) 12.973ms
[2020-08-10T13:13:03.149+0300][1722.691s][info ][gc] GC(57127) Pause Young (Allocation Failure) 34M->34M(46M) 13.486ms
[2020-08-10T13:13:03.163+0300][1722.705s][info ][gc] GC(57128) Pause Young (Allocation Failure) 35M->35M(46M) 13.256ms
[2020-08-10T13:13:03.177+0300][1722.719s][info ][gc] GC(57129) Pause Young (Allocation Failure) 36M->36M(46M) 13.786ms
[2020-08-10T13:13:03.191+0300][1722.733s][info ][gc] GC(57130) Pause Young (Allocation Failure) 37M->37M(46M) 13.421ms
[2020-08-10T13:13:03.205+0300][1722.747s][info ][gc] GC(57131) Pause Young (Allocation Failure) 38M->38M(46M) 13.281ms
[2020-08-10T13:13:03.219+0300][1722.761s][info ][gc] GC(57132) Pause Young (Allocation Failure) 39M->39M(46M) 13.456ms
[2020-08-10T13:13:03.233+0300][1722.775s][info ][gc] GC(57133) Pause Young (Allocation Failure) 40M->40M(46M) 13.436ms
[2020-08-10T13:13:03.247+0300][1722.789s][info ][gc] GC(57134) Pause Young (Allocation Failure) 41M->41M(46M) 13.367ms
[2020-08-10T13:13:03.261+0300][1722.803s][info ][gc] GC(57135) Pause Young (Allocation Failure) 42M->42M(46M) 13.161ms
[2020-08-10T13:13:03.274+0300][1722.816s][info ][gc] GC(57136) Pause Young (Allocation Failure) 43M->43M(46M) 13.240ms
[2020-08-10T13:13:03.288+0300][1722.830s][info ][gc] GC(57137) Pause Young (Allocation Failure) 44M->44M(46M) 13.177ms
[2020-08-10T13:13:03.373+0300][1722.915s][debug][gc] GC(57138) Expanding ParOldGen from 45056K by 11264K to 56320K
[2020-08-10T13:13:03.373+0300][1722.915s][info ][gc] GC(57138) Pause Full (Ergonomics) 44M->44M(57M) 85.446ms
[2020-08-10T13:13:03.394+0300][1722.936s][info ][gc] GC(57139) Pause Young (Allocation Failure) 45M->45M(57M) 20.006ms
[2020-08-10T13:13:03.408+0300][1722.950s][info ][gc] GC(57140) Pause Young (Allocation Failure) 46M->46M(57M) 13.759ms
[2020-08-10T13:13:03.422+0300][1722.964s][info ][gc] GC(57141) Pause Young (Allocation Failure) 47M->46M(57M) 13.645ms
[2020-08-10T13:13:03.437+0300][1722.978s][info ][gc] GC(57142) Pause Young (Allocation Failure) 47M->47M(57M) 13.611ms
[2020-08-10T13:13:03.451+0300][1722.993s][info ][gc] GC(57143) Pause Young (Allocation Failure) 48M->48M(57M) 13.597ms
[2020-08-10T13:13:03.465+0300][1723.007s][info ][gc] GC(57144) Pause Young (Allocation Failure) 49M->49M(57M) 13.492ms
[2020-08-10T13:13:03.479+0300][1723.021s][info ][gc] GC(57145) Pause Young (Allocation Failure) 50M->50M(57M) 13.652ms
[2020-08-10T13:13:03.493+0300][1723.035s][info ][gc] GC(57146) Pause Young (Allocation Failure) 51M->51M(57M) 13.485ms
[2020-08-10T13:13:03.507+0300][1723.049s][info ][gc] GC(57147) Pause Young (Allocation Failure) 52M->52M(57M) 13.462ms
[2020-08-10T13:13:03.521+0300][1723.063s][info ][gc] GC(57148) Pause Young (Allocation Failure) 53M->53M(57M) 13.704ms
[2020-08-10T13:13:03.535+0300][1723.077s][info ][gc] GC(57149) Pause Young (Allocation Failure) 54M->54M(57M) 13.602ms
[2020-08-10T13:13:03.549+0300][1723.091s][info ][gc] GC(57150) Pause Young (Allocation Failure) 55M->55M(57M) 13.598ms
[2020-08-10T13:13:03.663+0300][1723.205s][debug][gc] GC(57151) Expanding ParOldGen from 56320K by 11776K to 68096K
[2020-08-10T13:13:03.663+0300][1723.205s][info ][gc] GC(57151) Pause Full (Ergonomics) 55M->55M(68M) 113.542ms
[2020-08-10T13:13:03.685+0300][1723.227s][info ][gc] GC(57152) Pause Young (Allocation Failure) 56M->56M(68M) 21.977ms
[2020-08-10T13:13:03.699+0300][1723.241s][info ][gc] GC(57153) Pause Young (Allocation Failure) 57M->57M(68M) 13.719ms
[2020-08-10T13:13:03.714+0300][1723.255s][info ][gc] GC(57154) Pause Young (Allocation Failure) 58M->58M(68M) 13.591ms
[2020-08-10T13:13:03.728+0300][1723.269s][info ][gc] GC(57155) Pause Young (Allocation Failure) 59M->59M(68M) 13.618ms
[2020-08-10T13:13:03.742+0300][1723.284s][info ][gc] GC(57156) Pause Young (Allocation Failure) 60M->60M(68M) 13.632ms
[2020-08-10T13:13:03.756+0300][1723.298s][info ][gc] GC(57157) Pause Young (Allocation Failure) 61M->61M(68M) 13.732ms
[2020-08-10T13:13:03.770+0300][1723.312s][info ][gc] GC(57158) Pause Young (Allocation Failure) 62M->62M(68M) 13.540ms
[2020-08-10T13:13:03.784+0300][1723.326s][info ][gc] GC(57159) Pause Young (Allocation Failure) 63M->63M(68M) 13.619ms
[2020-08-10T13:13:03.798+0300][1723.340s][info ][gc] GC(57160) Pause Young (Allocation Failure) 64M->63M(68M) 13.625ms
[2020-08-10T13:13:03.812+0300][1723.354s][info ][gc] GC(57161) Pause Young (Allocation Failure) 64M->64M(68M) 13.664ms
[2020-08-10T13:13:03.827+0300][1723.368s][info ][gc] GC(57162) Pause Young (Allocation Failure) 65M->65M(68M) 13.681ms
[2020-08-10T13:13:03.841+0300][1723.383s][info ][gc] GC(57163) Pause Young (Allocation Failure) 66M->66M(68M) 13.593ms
[2020-08-10T13:13:03.982+0300][1723.523s][debug][gc] GC(57164) Expanding ParOldGen from 68096K by 11264K to 79360K
[2020-08-10T13:13:03.982+0300][1723.524s][info ][gc] GC(57164) Pause Full (Ergonomics) 66M->66M(79M) 140.766ms
[2020-08-10T13:13:04.009+0300][1723.551s][info ][gc] GC(57165) Pause Young (Allocation Failure) 67M->67M(79M) 26.716ms
[2020-08-10T13:13:04.023+0300][1723.565s][info ][gc] GC(57166) Pause Young (Allocation Failure) 68M->68M(79M) 13.609ms
[2020-08-10T13:13:04.037+0300][1723.579s][info ][gc] GC(57167) Pause Young (Allocation Failure) 69M->69M(79M) 13.822ms
[2020-08-10T13:13:04.052+0300][1723.593s][info ][gc] GC(57168) Pause Young (Allocation Failure) 70M->70M(79M) 13.848ms
[2020-08-10T13:13:04.066+0300][1723.608s][info ][gc] GC(57169) Pause Young (Allocation Failure) 71M->71M(79M) 13.850ms
[2020-08-10T13:13:04.080+0300][1723.622s][info ][gc] GC(57170) Pause Young (Allocation Failure) 72M->72M(79M) 13.721ms
[2020-08-10T13:13:04.095+0300][1723.636s][info ][gc] GC(57171) Pause Young (Allocation Failure) 73M->73M(79M) 13.737ms
[2020-08-10T13:13:04.109+0300][1723.651s][info ][gc] GC(57172) Pause Young (Allocation Failure) 74M->74M(79M) 13.866ms
[2020-08-10T13:13:04.123+0300][1723.665s][info ][gc] GC(57173) Pause Young (Allocation Failure) 75M->75M(79M) 13.751ms
[2020-08-10T13:13:04.138+0300][1723.680s][info ][gc] GC(57174) Pause Young (Allocation Failure) 76M->76M(79M) 13.837ms
[2020-08-10T13:13:04.152+0300][1723.694s][info ][gc] GC(57175) Pause Young (Allocation Failure) 77M->77M(79M) 13.756ms
[2020-08-10T13:13:04.166+0300][1723.708s][info ][gc] GC(57176) Pause Young (Allocation Failure) 78M->78M(79M) 13.779ms
[2020-08-10T13:13:04.386+0300][1723.928s][debug][gc] GC(57177) Expanding ParOldGen from 79360K by 11264K to 90624K
[2020-08-10T13:13:04.386+0300][1723.928s][info ][gc] GC(57177) Pause Full (Ergonomics) 78M->77M(90M) 219.335ms
[2020-08-10T13:13:04.418+0300][1723.960s][info ][gc] GC(57178) Pause Young (Allocation Failure) 78M->79M(90M) 31.723ms
[2020-08-10T13:13:04.433+0300][1723.974s][info ][gc] GC(57179) Pause Young (Allocation Failure) 80M->79M(90M) 13.927ms
[2020-08-10T13:13:04.447+0300][1723.989s][info ][gc] GC(57180) Pause Young (Allocation Failure) 80M->80M(90M) 13.780ms
[2020-08-10T13:13:04.461+0300][1724.003s][info ][gc] GC(57181) Pause Young (Allocation Failure) 81M->81M(90M) 13.900ms
[2020-08-10T13:13:04.476+0300][1724.018s][info ][gc] GC(57182) Pause Young (Allocation Failure) 82M->82M(90M) 14.065ms
[2020-08-10T13:13:04.491+0300][1724.032s][info ][gc] GC(57183) Pause Young (Allocation Failure) 83M->83M(90M) 14.076ms
[2020-08-10T13:13:04.505+0300][1724.047s][info ][gc] GC(57184) Pause Young (Allocation Failure) 84M->84M(90M) 14.208ms
[2020-08-10T13:13:04.520+0300][1724.062s][info ][gc] GC(57185) Pause Young (Allocation Failure) 85M->85M(90M) 14.146ms
[2020-08-10T13:13:04.535+0300][1724.077s][info ][gc] GC(57186) Pause Young (Allocation Failure) 86M->86M(90M) 14.210ms
[2020-08-10T13:13:04.549+0300][1724.091s][info ][gc] GC(57187) Pause Young (Allocation Failure) 87M->87M(90M) 14.281ms
[2020-08-10T13:13:04.564+0300][1724.106s][info ][gc] GC(57188) Pause Young (Allocation Failure) 88M->88M(90M) 14.323ms
[2020-08-10T13:13:04.776+0300][1724.317s][debug][gc] GC(57189) Expanding ParOldGen from 90624K by 11264K to 101888K
[2020-08-10T13:13:04.776+0300][1724.318s][info ][gc] GC(57189) Pause Full (Ergonomics) 88M->88M(101M) 211.274ms
[2020-08-10T13:13:04.789+0300][1724.331s][info ][gc] GC(57190) Pause Young (Allocation Failure) 89M->89M(101M) 13.165ms
[2020-08-10T13:13:04.804+0300][1724.346s][info ][gc] GC(57191) Pause Young (Allocation Failure) 90M->90M(101M) 14.179ms
[2020-08-10T13:13:04.819+0300][1724.361s][info ][gc] GC(57192) Pause Young (Allocation Failure) 91M->91M(101M) 14.484ms
[2020-08-10T13:13:04.833+0300][1724.375s][info ][gc] GC(57193) Pause Young (Allocation Failure) 91M->91M(101M) 13.281ms
[2020-08-10T13:13:04.846+0300][1724.388s][info ][gc] GC(57194) Pause Young (Allocation Failure) 92M->92M(101M) 13.165ms
[2020-08-10T13:13:04.860+0300][1724.402s][info ][gc] GC(57195) Pause Young (Allocation Failure) 92M->92M(101M) 13.121ms
[2020-08-10T13:13:04.873+0300][1724.415s][info ][gc] GC(57196) Pause Young (Allocation Failure) 93M->93M(101M) 13.161ms
[2020-08-10T13:13:04.887+0300][1724.429s][info ][gc] GC(57197) Pause Young (Allocation Failure) 93M->93M(101M) 13.153ms
[2020-08-10T13:13:04.901+0300][1724.442s][info ][gc] GC(57198) Pause Young (Allocation Failure) 93M->93M(101M) 13.090ms
[2020-08-10T13:13:04.914+0300][1724.456s][info ][gc] GC(57199) Pause Young (Allocation Failure) 94M->94M(101M) 13.177ms
[2020-08-10T13:13:04.928+0300][1724.470s][info ][gc] GC(57200) Pause Young (Allocation Failure) 94M->94M(101M) 13.230ms
[2020-08-10T13:13:04.942+0300][1724.483s][info ][gc] GC(57201) Pause Young (Allocation Failure) 95M->95M(101M) 13.212ms
[2020-08-10T13:13:04.955+0300][1724.497s][info ][gc] GC(57202) Pause Young (Allocation Failure) 95M->95M(101M) 13.068ms
[2020-08-10T13:13:04.969+0300][1724.511s][info ][gc] GC(57203) Pause Young (Allocation Failure) 96M->96M(101M) 13.097ms
[2020-08-10T13:13:04.982+0300][1724.524s][info ][gc] GC(57204) Pause Young (Allocation Failure) 96M->96M(101M) 13.174ms
[2020-08-10T13:13:04.996+0300][1724.538s][info ][gc] GC(57205) Pause Young (Allocation Failure) 97M->97M(101M) 13.169ms
[2020-08-10T13:13:05.010+0300][1724.552s][info ][gc] GC(57206) Pause Young (Allocation Failure) 97M->97M(101M) 13.168ms
[2020-08-10T13:13:05.023+0300][1724.565s][info ][gc] GC(57207) Pause Young (Allocation Failure) 98M->98M(101M) 13.025ms
[2020-08-10T13:13:05.037+0300][1724.579s][info ][gc] GC(57208) Pause Young (Allocation Failure) 98M->98M(101M) 12.993ms
[2020-08-10T13:13:05.050+0300][1724.592s][info ][gc] GC(57209) Pause Young (Allocation Failure) 99M->98M(100M) 13.307ms
[2020-08-10T13:13:05.064+0300][1724.606s][info ][gc] GC(57210) Pause Young (Allocation Failure) 99M->99M(101M) 13.156ms
[2020-08-10T13:13:05.334+0300][1724.876s][debug][gc] GC(57211) Expanding ParOldGen from 101888K by 11264K to 113152K
[2020-08-10T13:13:05.334+0300][1724.876s][info ][gc] GC(57211) Pause Full (Ergonomics) 99M->99M(112M) 270.007ms
[2020-08-10T13:13:05.348+0300][1724.889s][info ][gc] GC(57212) Pause Young (Allocation Failure) 99M->99M(112M) 12.911ms
[2020-08-10T13:13:05.361+0300][1724.903s][info ][gc] GC(57213) Pause Young (Allocation Failure) 100M->100M(112M) 13.144ms
[2020-08-10T13:13:05.375+0300][1724.917s][info ][gc] GC(57214) Pause Young (Allocation Failure) 100M->100M(112M) 13.141ms
[2020-08-10T13:13:05.389+0300][1724.930s][info ][gc] GC(57215) Pause Young (Allocation Failure) 101M->101M(112M) 13.396ms
[2020-08-10T13:13:05.402+0300][1724.944s][info ][gc] GC(57216) Pause Young (Allocation Failure) 101M->101M(112M) 13.201ms
[2020-08-10T13:13:05.416+0300][1724.958s][info ][gc] GC(57217) Pause Young (Allocation Failure) 102M->102M(112M) 13.239ms
[2020-08-10T13:13:05.430+0300][1724.972s][info ][gc] GC(57218) Pause Young (Allocation Failure) 102M->102M(112M) 13.508ms
[2020-08-10T13:13:05.443+0300][1724.985s][info ][gc] GC(57219) Pause Young (Allocation Failure) 102M->102M(112M) 13.231ms
[2020-08-10T13:13:05.457+0300][1724.999s][info ][gc] GC(57220) Pause Young (Allocation Failure) 103M->103M(112M) 13.284ms
[2020-08-10T13:13:05.471+0300][1725.013s][info ][gc] GC(57221) Pause Young (Allocation Failure) 103M->103M(112M) 13.313ms
[2020-08-10T13:13:05.485+0300][1725.027s][info ][gc] GC(57222) Pause Young (Allocation Failure) 104M->104M(112M) 13.315ms
[2020-08-10T13:13:05.499+0300][1725.041s][info ][gc] GC(57223) Pause Young (Allocation Failure) 104M->104M(112M) 13.268ms
[2020-08-10T13:13:05.512+0300][1725.054s][info ][gc] GC(57224) Pause Young (Allocation Failure) 105M->105M(112M) 13.116ms
[2020-08-10T13:13:05.526+0300][1725.068s][info ][gc] GC(57225) Pause Young (Allocation Failure) 105M->105M(112M) 13.153ms
[2020-08-10T13:13:05.540+0300][1725.082s][info ][gc] GC(57226) Pause Young (Allocation Failure) 106M->106M(112M) 13.195ms
[2020-08-10T13:13:05.553+0300][1725.095s][info ][gc] GC(57227) Pause Young (Allocation Failure) 106M->106M(112M) 13.218ms
[2020-08-10T13:13:05.567+0300][1725.109s][info ][gc] GC(57228) Pause Young (Allocation Failure) 107M->107M(112M) 13.011ms
[2020-08-10T13:13:05.586+0300][1725.128s][info ][gc] GC(57229) Pause Young (Allocation Failure) 107M->107M(112M) 18.405ms
[2020-08-10T13:13:05.600+0300][1725.142s][info ][gc] GC(57230) Pause Young (Allocation Failure) 108M->107M(112M) 13.021ms
[2020-08-10T13:13:05.613+0300][1725.155s][info ][gc] GC(57231) Pause Young (Allocation Failure) 108M->108M(112M) 12.997ms
[2020-08-10T13:13:05.626+0300][1725.168s][info ][gc] GC(57232) Pause Young (Allocation Failure) 108M->108M(112M) 13.162ms
[2020-08-10T13:13:05.640+0300][1725.182s][info ][gc] GC(57233) Pause Young (Allocation Failure) 109M->109M(112M) 13.210ms
[2020-08-10T13:13:05.654+0300][1725.196s][info ][gc] GC(57234) Pause Young (Allocation Failure) 109M->109M(112M) 13.182ms
[2020-08-10T13:13:05.667+0300][1725.209s][info ][gc] GC(57235) Pause Young (Allocation Failure) 110M->110M(112M) 13.163ms
[2020-08-10T13:13:05.681+0300][1725.223s][info ][gc] GC(57236) Pause Young (Allocation Failure) 110M->110M(112M) 13.234ms
[2020-08-10T13:13:05.967+0300][1725.509s][debug][gc] GC(57237) Expanding ParOldGen from 113152K by 10752K to 123904K
[2020-08-10T13:13:05.967+0300][1725.509s][info ][gc] GC(57237) Pause Full (Ergonomics) 110M->110M(122M) 286.179ms
[2020-08-10T13:13:06.004+0300][1725.546s][info ][gc] GC(57238) Pause Young (Allocation Failure) 111M->111M(122M) 36.354ms
[2020-08-10T13:13:06.018+0300][1725.560s][info ][gc] GC(57239) Pause Young (Allocation Failure) 111M->111M(122M) 13.657ms
[2020-08-10T13:13:06.032+0300][1725.574s][info ][gc] GC(57240) Pause Young (Allocation Failure) 111M->111M(122M) 13.790ms
[2020-08-10T13:13:06.047+0300][1725.589s][info ][gc] GC(57241) Pause Young (Allocation Failure) 112M->112M(122M) 13.776ms
[2020-08-10T13:13:06.061+0300][1725.603s][info ][gc] GC(57242) Pause Young (Allocation Failure) 112M->112M(122M) 13.742ms
[2020-08-10T13:13:06.075+0300][1725.617s][info ][gc] GC(57243) Pause Young (Allocation Failure) 113M->113M(122M) 13.789ms
[2020-08-10T13:13:06.089+0300][1725.631s][info ][gc] GC(57244) Pause Young (Allocation Failure) 113M->113M(122M) 14.029ms
[2020-08-10T13:13:06.104+0300][1725.646s][info ][gc] GC(57245) Pause Young (Allocation Failure) 114M->114M(122M) 13.869ms
[2020-08-10T13:13:06.118+0300][1725.660s][info ][gc] GC(57246) Pause Young (Allocation Failure) 114M->114M(122M) 13.910ms
[2020-08-10T13:13:06.133+0300][1725.675s][info ][gc] GC(57247) Pause Young (Allocation Failure) 115M->115M(122M) 13.957ms
[2020-08-10T13:13:06.147+0300][1725.689s][info ][gc] GC(57248) Pause Young (Allocation Failure) 115M->115M(122M) 14.043ms
[2020-08-10T13:13:06.162+0300][1725.704s][info ][gc] GC(57249) Pause Young (Allocation Failure) 116M->116M(122M) 14.418ms
[2020-08-10T13:13:06.176+0300][1725.718s][info ][gc] GC(57250) Pause Young (Allocation Failure) 116M->116M(122M) 13.967ms
[2020-08-10T13:13:06.196+0300][1725.738s][info ][gc] GC(57251) Pause Young (Allocation Failure) 117M->116M(122M) 19.692ms
[2020-08-10T13:13:06.211+0300][1725.753s][info ][gc] GC(57252) Pause Young (Allocation Failure) 117M->117M(122M) 14.509ms
[2020-08-10T13:13:06.226+0300][1725.768s][info ][gc] GC(57253) Pause Young (Allocation Failure) 117M->117M(122M) 14.612ms
[2020-08-10T13:13:06.247+0300][1725.789s][info ][gc] GC(57254) Pause Young (Allocation Failure) 118M->118M(122M) 20.395ms
[2020-08-10T13:13:06.262+0300][1725.804s][info ][gc] GC(57255) Pause Young (Allocation Failure) 118M->118M(122M) 14.237ms
[2020-08-10T13:13:06.276+0300][1725.818s][info ][gc] GC(57256) Pause Young (Allocation Failure) 119M->119M(122M) 14.357ms
[2020-08-10T13:13:06.291+0300][1725.833s][info ][gc] GC(57257) Pause Young (Allocation Failure) 119M->119M(122M) 14.427ms
[2020-08-10T13:13:06.306+0300][1725.848s][info ][gc] GC(57258) Pause Young (Allocation Failure) 120M->120M(122M) 14.653ms
[2020-08-10T13:13:06.321+0300][1725.863s][info ][gc] GC(57259) Pause Young (Allocation Failure) 120M->120M(122M) 14.481ms
[2020-08-10T13:13:06.336+0300][1725.878s][info ][gc] GC(57260) Pause Young (Allocation Failure) 121M->121M(122M) 14.648ms
[2020-08-10T13:13:06.651+0300][1726.193s][debug][gc] GC(57261) Expanding ParOldGen from 123904K by 10752K to 134656K
[2020-08-10T13:13:06.651+0300][1726.193s][info ][gc] GC(57261) Pause Full (Ergonomics) 121M->120M(133M) 315.099ms
[2020-08-10T13:13:06.686+0300][1726.228s][info ][gc] GC(57262) Pause Young (Allocation Failure) 121M->121M(133M) 34.211ms
[2020-08-10T13:13:06.704+0300][1726.246s][info ][gc] GC(57263) Pause Young (Allocation Failure) 121M->121M(133M) 17.168ms
[2020-08-10T13:13:06.720+0300][1726.262s][info ][gc] GC(57264) Pause Young (Allocation Failure) 122M->122M(133M) 15.535ms
[2020-08-10T13:13:06.735+0300][1726.277s][info ][gc] GC(57265) Pause Young (Allocation Failure) 122M->122M(133M) 14.280ms
[2020-08-10T13:13:06.750+0300][1726.292s][info ][gc] GC(57266) Pause Young (Allocation Failure) 123M->123M(133M) 14.659ms
[2020-08-10T13:13:06.765+0300][1726.307s][info ][gc] GC(57267) Pause Young (Allocation Failure) 123M->123M(133M) 14.541ms
[2020-08-10T13:13:06.780+0300][1726.322s][info ][gc] GC(57268) Pause Young (Allocation Failure) 124M->124M(133M) 14.408ms
[2020-08-10T13:13:06.795+0300][1726.337s][info ][gc] GC(57269) Pause Young (Allocation Failure) 124M->124M(133M) 14.668ms
[2020-08-10T13:13:06.810+0300][1726.352s][info ][gc] GC(57270) Pause Young (Allocation Failure) 125M->125M(133M) 14.685ms
[2020-08-10T13:13:06.825+0300][1726.367s][info ][gc] GC(57271) Pause Young (Allocation Failure) 125M->125M(133M) 14.448ms
[2020-08-10T13:13:06.840+0300][1726.382s][info ][gc] GC(57272) Pause Young (Allocation Failure) 125M->125M(133M) 14.889ms
[2020-08-10T13:13:06.855+0300][1726.397s][info ][gc] GC(57273) Pause Young (Allocation Failure) 126M->126M(133M) 14.926ms
[2020-08-10T13:13:06.895+0300][1726.437s][info ][gc] GC(57274) Pause Young (Allocation Failure) 126M->126M(133M) 39.399ms
[2020-08-10T13:13:06.920+0300][1726.462s][info ][gc] GC(57275) Pause Young (Allocation Failure) 127M->127M(133M) 24.230ms
[2020-08-10T13:13:06.958+0300][1726.500s][info ][gc] GC(57276) Pause Young (Allocation Failure) 127M->127M(133M) 38.430ms
[2020-08-10T13:13:06.974+0300][1726.516s][info ][gc] GC(57277) Pause Young (Allocation Failure) 128M->128M(133M) 14.782ms
[2020-08-10T13:13:06.989+0300][1726.531s][info ][gc] GC(57278) Pause Young (Allocation Failure) 128M->128M(133M) 15.101ms
[2020-08-10T13:13:07.030+0300][1726.572s][info ][gc] GC(57279) Pause Young (Allocation Failure) 129M->129M(133M) 39.966ms
[2020-08-10T13:13:07.057+0300][1726.599s][info ][gc] GC(57280) Pause Young (Allocation Failure) 129M->129M(133M) 27.409ms
[2020-08-10T13:13:07.073+0300][1726.615s][info ][gc] GC(57281) Pause Young (Allocation Failure) 130M->130M(133M) 14.997ms
[2020-08-10T13:13:07.088+0300][1726.630s][info ][gc] GC(57282) Pause Young (Allocation Failure) 130M->130M(133M) 15.311ms
[2020-08-10T13:13:07.104+0300][1726.646s][info ][gc] GC(57283) Pause Young (Allocation Failure) 131M->130M(133M) 14.987ms
[2020-08-10T13:13:07.134+0300][1726.676s][info ][gc] GC(57284) Pause Young (Allocation Failure) 131M->131M(133M) 30.318ms
[2020-08-10T13:13:07.150+0300][1726.692s][info ][gc] GC(57285) Pause Young (Allocation Failure) 131M->131M(133M) 15.327ms
[2020-08-10T13:13:07.488+0300][1727.030s][debug][gc] GC(57286) Expanding ParOldGen from 134656K by 10752K to 145408K
[2020-08-10T13:13:07.488+0300][1727.030s][info ][gc] GC(57286) Pause Full (Ergonomics) 131M->131M(143M) 338.231ms
[2020-08-10T13:13:07.521+0300][1727.063s][info ][gc] GC(57287) Pause Young (Allocation Failure) 132M->132M(143M) 32.603ms
[2020-08-10T13:13:07.537+0300][1727.079s][info ][gc] GC(57288) Pause Young (Allocation Failure) 132M->132M(143M) 15.739ms
[2020-08-10T13:13:07.554+0300][1727.096s][info ][gc] GC(57289) Pause Young (Allocation Failure) 133M->133M(143M) 15.646ms
[2020-08-10T13:13:07.569+0300][1727.111s][info ][gc] GC(57290) Pause Young (Allocation Failure) 133M->133M(143M) 15.483ms
[2020-08-10T13:13:07.586+0300][1727.128s][info ][gc] GC(57291) Pause Young (Allocation Failure) 134M->133M(143M) 16.368ms
[2020-08-10T13:13:07.602+0300][1727.144s][info ][gc] GC(57292) Pause Young (Allocation Failure) 134M->134M(143M) 15.739ms
[2020-08-10T13:13:07.618+0300][1727.160s][info ][gc] GC(57293) Pause Young (Allocation Failure) 134M->134M(143M) 15.507ms
[2020-08-10T13:13:07.634+0300][1727.176s][info ][gc] GC(57294) Pause Young (Allocation Failure) 135M->135M(143M) 15.559ms
[2020-08-10T13:13:07.635+0300][1727.177s][debug][gc] Expanding ParOldGen from 145408K by 19968K to 165376K
[2020-08-10T13:13:07.658+0300][1727.200s][info ][gc] GC(57295) Pause Young (Allocation Failure) 154M->154M(163M) 15.278ms
[2020-08-10T13:13:07.672+0300][1727.214s][info ][gc] GC(57296) Pause Young (Allocation Failure) 155M->155M(163M) 14.045ms
[2020-08-10T13:13:07.686+0300][1727.228s][info ][gc] GC(57297) Pause Young (Allocation Failure) 155M->155M(163M) 13.347ms
[2020-08-10T13:13:07.700+0300][1727.242s][info ][gc] GC(57298) Pause Young (Allocation Failure) 156M->156M(163M) 13.407ms
[2020-08-10T13:13:07.713+0300][1727.256s][info ][gc] GC(57299) Pause Young (Allocation Failure) 156M->156M(163M) 13.243ms
[2020-08-10T13:13:07.727+0300][1727.269s][info ][gc] GC(57300) Pause Young (Allocation Failure) 157M->157M(163M) 13.277ms
[2020-08-10T13:13:07.764+0300][1727.306s][info ][gc] GC(57301) Pause Young (Allocation Failure) 157M->157M(163M) 36.165ms
[2020-08-10T13:13:07.778+0300][1727.320s][info ][gc] GC(57302) Pause Young (Allocation Failure) 158M->158M(163M) 13.619ms
[2020-08-10T13:13:07.791+0300][1727.333s][info ][gc] GC(57303) Pause Young (Allocation Failure) 158M->158M(163M) 13.396ms
[2020-08-10T13:13:07.806+0300][1727.348s][info ][gc] GC(57304) Pause Young (Allocation Failure) 158M->158M(163M) 14.047ms
[2020-08-10T13:13:07.820+0300][1727.363s][info ][gc] GC(57305) Pause Young (Allocation Failure) 159M->159M(163M) 14.518ms
[2020-08-10T13:13:07.834+0300][1727.376s][info ][gc] GC(57306) Pause Young (Allocation Failure) 159M->159M(163M) 13.492ms
[2020-08-10T13:13:07.848+0300][1727.390s][info ][gc] GC(57307) Pause Young (Allocation Failure) 160M->160M(163M) 13.470ms
[2020-08-10T13:13:07.862+0300][1727.404s][info ][gc] GC(57308) Pause Young (Allocation Failure) 160M->160M(163M) 13.525ms
[2020-08-10T13:13:07.876+0300][1727.418s][info ][gc] GC(57309) Pause Young (Allocation Failure) 161M->161M(163M) 13.500ms
[2020-08-10T13:13:07.890+0300][1727.432s][info ][gc] GC(57310) Pause Young (Allocation Failure) 161M->161M(163M) 13.556ms
[2020-08-10T13:13:07.950+0300][1727.492s][debug][gc] GC(57311) Shrinking ParOldGen from 165376K by 125952K to 39424K
[2020-08-10T13:13:07.950+0300][1727.492s][info ][gc] GC(57311) Pause Full (Ergonomics) 161M->27M(40M) 59.341ms
[2020-08-10T13:13:07.963+0300][1727.505s][info ][gc] GC(57312) Pause Young (Allocation Failure) 28M->28M(40M) 12.611ms
[2020-08-10T13:13:07.977+0300][1727.519s][info ][gc] GC(57313) Pause Young (Allocation Failure) 28M->28M(40M) 14.025ms
[2020-08-10T13:13:07.990+0300][1727.532s][info ][gc] GC(57314) Pause Young (Allocation Failure) 29M->29M(40M) 12.689ms
[2020-08-10T13:13:08.003+0300][1727.545s][info ][gc] GC(57315) Pause Young (Allocation Failure) 29M->29M(40M) 12.707ms
[2020-08-10T13:13:08.016+0300][1727.558s][info ][gc] GC(57316) Pause Young (Allocation Failure) 30M->30M(40M) 12.746ms
[2020-08-10T13:13:08.029+0300][1727.571s][info ][gc] GC(57317) Pause Young (Allocation Failure) 30M->30M(40M) 12.714ms
[2020-08-10T13:13:08.043+0300][1727.585s][info ][gc] GC(57318) Pause Young (Allocation Failure) 31M->31M(40M) 12.984ms
[2020-08-10T13:13:08.057+0300][1727.599s][info ][gc] GC(57319) Pause Young (Allocation Failure) 32M->31M(40M) 13.235ms
[2020-08-10T13:13:08.070+0300][1727.612s][info ][gc] GC(57320) Pause Young (Allocation Failure) 32M->32M(40M) 13.261ms
[2020-08-10T13:13:08.084+0300][1727.627s][info ][gc] GC(57321) Pause Young (Allocation Failure) 33M->33M(40M) 13.392ms
[2020-08-10T13:13:08.098+0300][1727.641s][info ][gc] GC(57322) Pause Young (Allocation Failure) 34M->34M(41M) 13.438ms
[2020-08-10T13:13:08.113+0300][1727.655s][info ][gc] GC(57323) Pause Young (Allocation Failure) 35M->35M(41M) 13.456ms
[2020-08-10T13:13:08.127+0300][1727.669s][info ][gc] GC(57324) Pause Young (Allocation Failure) 36M->36M(41M) 13.428ms
[2020-08-10T13:13:08.140+0300][1727.682s][info ][gc] GC(57325) Pause Young (Allocation Failure) 37M->37M(41M) 13.265ms
[2020-08-10T13:13:08.154+0300][1727.696s][info ][gc] GC(57326) Pause Young (Allocation Failure) 38M->38M(41M) 13.330ms
[2020-08-10T13:13:08.227+0300][1727.769s][debug][gc] GC(57327) Expanding ParOldGen from 39424K by 11776K to 51200K
[2020-08-10T13:13:08.227+0300][1727.769s][info ][gc] GC(57327) Pause Full (Ergonomics) 38M->38M(52M) 72.493ms
[2020-08-10T13:13:08.240+0300][1727.782s][info ][gc] GC(57328) Pause Young (Allocation Failure) 39M->39M(52M) 13.075ms
[2020-08-10T13:13:08.254+0300][1727.796s][info ][gc] GC(57329) Pause Young (Allocation Failure) 40M->40M(52M) 13.323ms
[2020-08-10T13:13:08.268+0300][1727.811s][info ][gc] GC(57330) Pause Young (Allocation Failure) 41M->41M(52M) 13.802ms
[2020-08-10T13:13:08.282+0300][1727.825s][info ][gc] GC(57331) Pause Young (Allocation Failure) 42M->42M(52M) 13.445ms
[2020-08-10T13:13:08.296+0300][1727.839s][info ][gc] GC(57332) Pause Young (Allocation Failure) 43M->43M(52M) 13.404ms
[2020-08-10T13:13:08.310+0300][1727.852s][info ][gc] GC(57333) Pause Young (Allocation Failure) 44M->44M(52M) 13.469ms
[2020-08-10T13:13:08.324+0300][1727.867s][info ][gc] GC(57334) Pause Young (Allocation Failure) 45M->44M(52M) 13.515ms
[2020-08-10T13:13:08.338+0300][1727.881s][info ][gc] GC(57335) Pause Young (Allocation Failure) 45M->45M(52M) 13.512ms
[2020-08-10T13:13:08.352+0300][1727.894s][info ][gc] GC(57336) Pause Young (Allocation Failure) 46M->46M(52M) 13.418ms
[2020-08-10T13:13:08.366+0300][1727.908s][info ][gc] GC(57337) Pause Young (Allocation Failure) 47M->47M(52M) 13.427ms
[2020-08-10T13:13:08.380+0300][1727.922s][info ][gc] GC(57338) Pause Young (Allocation Failure) 48M->48M(52M) 13.458ms
[2020-08-10T13:13:08.394+0300][1727.936s][info ][gc] GC(57339) Pause Young (Allocation Failure) 49M->49M(52M) 13.426ms
[2020-08-10T13:13:08.408+0300][1727.950s][info ][gc] GC(57340) Pause Young (Allocation Failure) 50M->50M(52M) 13.565ms
[2020-08-10T13:13:08.518+0300][1728.060s][debug][gc] GC(57341) Expanding ParOldGen from 51200K by 11264K to 62464K
[2020-08-10T13:13:08.518+0300][1728.060s][info ][gc] GC(57341) Pause Full (Ergonomics) 50M->50M(63M) 109.427ms
[2020-08-10T13:13:08.539+0300][1728.082s][info ][gc] GC(57342) Pause Young (Allocation Failure) 51M->51M(63M) 20.866ms
[2020-08-10T13:13:08.554+0300][1728.096s][info ][gc] GC(57343) Pause Young (Allocation Failure) 52M->52M(63M) 13.744ms
[2020-08-10T13:13:08.568+0300][1728.110s][info ][gc] GC(57344) Pause Young (Allocation Failure) 53M->53M(63M) 13.542ms
[2020-08-10T13:13:08.582+0300][1728.124s][info ][gc] GC(57345) Pause Young (Allocation Failure) 54M->54M(63M) 13.512ms
[2020-08-10T13:13:08.596+0300][1728.138s][info ][gc] GC(57346) Pause Young (Allocation Failure) 55M->55M(63M) 13.576ms
[2020-08-10T13:13:08.610+0300][1728.152s][info ][gc] GC(57347) Pause Young (Allocation Failure) 56M->56M(63M) 13.636ms
[2020-08-10T13:13:08.624+0300][1728.166s][info ][gc] GC(57348) Pause Young (Allocation Failure) 57M->56M(63M) 13.648ms
[2020-08-10T13:13:08.639+0300][1728.181s][info ][gc] GC(57349) Pause Young (Allocation Failure) 57M->57M(63M) 13.685ms
[2020-08-10T13:13:08.653+0300][1728.195s][info ][gc] GC(57350) Pause Young (Allocation Failure) 58M->58M(63M) 13.601ms
[2020-08-10T13:13:08.667+0300][1728.209s][info ][gc] GC(57351) Pause Young (Allocation Failure) 59M->59M(63M) 13.385ms
[2020-08-10T13:13:08.681+0300][1728.223s][info ][gc] GC(57352) Pause Young (Allocation Failure) 60M->60M(63M) 13.674ms
[2020-08-10T13:13:08.695+0300][1728.237s][info ][gc] GC(57353) Pause Young (Allocation Failure) 61M->61M(63M) 13.651ms
[2020-08-10T13:13:08.822+0300][1728.364s][debug][gc] GC(57354) Expanding ParOldGen from 62464K by 11264K to 73728K
[2020-08-10T13:13:08.822+0300][1728.364s][info ][gc] GC(57354) Pause Full (Ergonomics) 61M->61M(74M) 126.519ms
[2020-08-10T13:13:08.850+0300][1728.392s][info ][gc] GC(57355) Pause Young (Allocation Failure) 62M->62M(74M) 26.877ms
[2020-08-10T13:13:08.864+0300][1728.406s][info ][gc] GC(57356) Pause Young (Allocation Failure) 63M->63M(74M) 13.631ms
[2020-08-10T13:13:08.878+0300][1728.420s][info ][gc] GC(57357) Pause Young (Allocation Failure) 64M->64M(74M) 13.580ms
[2020-08-10T13:13:08.892+0300][1728.434s][info ][gc] GC(57358) Pause Young (Allocation Failure) 65M->65M(74M) 13.762ms
[2020-08-10T13:13:08.907+0300][1728.449s][info ][gc] GC(57359) Pause Young (Allocation Failure) 66M->66M(74M) 13.778ms
[2020-08-10T13:13:08.921+0300][1728.463s][info ][gc] GC(57360) Pause Young (Allocation Failure) 67M->66M(74M) 13.604ms
[2020-08-10T13:13:08.935+0300][1728.477s][info ][gc] GC(57361) Pause Young (Allocation Failure) 67M->67M(74M) 13.619ms
[2020-08-10T13:13:08.949+0300][1728.491s][info ][gc] GC(57362) Pause Young (Allocation Failure) 68M->68M(74M) 13.685ms
[2020-08-10T13:13:08.963+0300][1728.505s][info ][gc] GC(57363) Pause Young (Allocation Failure) 69M->69M(74M) 13.690ms
[2020-08-10T13:13:08.977+0300][1728.519s][info ][gc] GC(57364) Pause Young (Allocation Failure) 70M->70M(74M) 13.550ms
[2020-08-10T13:13:08.991+0300][1728.533s][info ][gc] GC(57365) Pause Young (Allocation Failure) 71M->71M(74M) 13.401ms
[2020-08-10T13:13:09.005+0300][1728.547s][info ][gc] GC(57366) Pause Young (Allocation Failure) 72M->72M(74M) 13.692ms
[2020-08-10T13:13:09.175+0300][1728.717s][debug][gc] GC(57367) Expanding ParOldGen from 73728K by 11264K to 84992K
[2020-08-10T13:13:09.175+0300][1728.717s][info ][gc] GC(57367) Pause Full (Ergonomics) 72M->72M(85M) 168.948ms
[2020-08-10T13:13:09.206+0300][1728.748s][info ][gc] GC(57368) Pause Young (Allocation Failure) 73M->73M(85M) 30.271ms
[2020-08-10T13:13:09.220+0300][1728.762s][info ][gc] GC(57369) Pause Young (Allocation Failure) 74M->74M(85M) 13.823ms
[2020-08-10T13:13:09.234+0300][1728.776s][info ][gc] GC(57370) Pause Young (Allocation Failure) 75M->75M(85M) 13.860ms
[2020-08-10T13:13:09.249+0300][1728.791s][info ][gc] GC(57371) Pause Young (Allocation Failure) 76M->76M(85M) 13.767ms
[2020-08-10T13:13:09.263+0300][1728.805s][info ][gc] GC(57372) Pause Young (Allocation Failure) 77M->77M(85M) 13.725ms
[2020-08-10T13:13:09.277+0300][1728.819s][info ][gc] GC(57373) Pause Young (Allocation Failure) 78M->78M(85M) 13.877ms
[2020-08-10T13:13:09.292+0300][1728.834s][info ][gc] GC(57374) Pause Young (Allocation Failure) 79M->79M(85M) 13.785ms
[2020-08-10T13:13:09.306+0300][1728.848s][info ][gc] GC(57375) Pause Young (Allocation Failure) 80M->80M(85M) 13.903ms
[2020-08-10T13:13:09.320+0300][1728.862s][info ][gc] GC(57376) Pause Young (Allocation Failure) 81M->81M(85M) 13.681ms
[2020-08-10T13:13:09.335+0300][1728.877s][info ][gc] GC(57377) Pause Young (Allocation Failure) 82M->81M(85M) 13.839ms
[2020-08-10T13:13:09.349+0300][1728.891s][info ][gc] GC(57378) Pause Young (Allocation Failure) 82M->82M(85M) 14.078ms
[2020-08-10T13:13:09.364+0300][1728.906s][info ][gc] GC(57379) Pause Young (Allocation Failure) 83M->83M(85M) 13.884ms
[2020-08-10T13:13:09.561+0300][1729.103s][debug][gc] GC(57380) Expanding ParOldGen from 84992K by 11264K to 96256K
[2020-08-10T13:13:09.561+0300][1729.103s][info ][gc] GC(57380) Pause Full (Ergonomics) 83M->83M(96M) 196.950ms
[2020-08-10T13:13:09.596+0300][1729.138s][info ][gc] GC(57381) Pause Young (Allocation Failure) 84M->84M(96M) 34.988ms
[2020-08-10T13:13:09.611+0300][1729.153s][info ][gc] GC(57382) Pause Young (Allocation Failure) 85M->85M(96M) 14.390ms
[2020-08-10T13:13:09.626+0300][1729.168s][info ][gc] GC(57383) Pause Young (Allocation Failure) 86M->86M(96M) 14.056ms
[2020-08-10T13:13:09.641+0300][1729.183s][info ][gc] GC(57384) Pause Young (Allocation Failure) 87M->87M(96M) 14.377ms
[2020-08-10T13:13:09.655+0300][1729.198s][info ][gc] GC(57385) Pause Young (Allocation Failure) 88M->88M(96M) 14.291ms
[2020-08-10T13:13:09.671+0300][1729.213s][info ][gc] GC(57386) Pause Young (Allocation Failure) 89M->89M(96M) 14.502ms
[2020-08-10T13:13:09.686+0300][1729.228s][info ][gc] GC(57387) Pause Young (Allocation Failure) 90M->90M(96M) 14.595ms
[2020-08-10T13:13:09.701+0300][1729.243s][info ][gc] GC(57388) Pause Young (Allocation Failure) 91M->91M(96M) 14.534ms
[2020-08-10T13:13:09.716+0300][1729.258s][info ][gc] GC(57389) Pause Young (Allocation Failure) 92M->92M(96M) 14.741ms
[2020-08-10T13:13:09.732+0300][1729.274s][info ][gc] GC(57390) Pause Young (Allocation Failure) 93M->93M(96M) 15.267ms
[2020-08-10T13:13:09.747+0300][1729.290s][info ][gc] GC(57391) Pause Young (Allocation Failure) 94M->94M(96M) 15.113ms
[2020-08-10T13:13:09.973+0300][1729.515s][debug][gc] GC(57392) Expanding ParOldGen from 96256K by 11264K to 107520K
[2020-08-10T13:13:09.973+0300][1729.515s][info ][gc] GC(57392) Pause Full (Ergonomics) 94M->94M(107M) 225.327ms
[2020-08-10T13:13:10.007+0300][1729.549s][info ][gc] GC(57393) Pause Young (Allocation Failure) 95M->95M(107M) 33.212ms
[2020-08-10T13:13:10.022+0300][1729.565s][info ][gc] GC(57394) Pause Young (Allocation Failure) 96M->96M(107M) 15.168ms
[2020-08-10T13:13:10.038+0300][1729.580s][info ][gc] GC(57395) Pause Young (Allocation Failure) 97M->96M(106M) 15.169ms
[2020-08-10T13:13:10.052+0300][1729.595s][info ][gc] GC(57396) Pause Young (Allocation Failure) 97M->97M(107M) 13.876ms
[2020-08-10T13:13:10.066+0300][1729.608s][info ][gc] GC(57397) Pause Young (Allocation Failure) 97M->97M(107M) 13.459ms
[2020-08-10T13:13:10.080+0300][1729.622s][info ][gc] GC(57398) Pause Young (Allocation Failure) 98M->98M(107M) 13.421ms
[2020-08-10T13:13:10.094+0300][1729.636s][info ][gc] GC(57399) Pause Young (Allocation Failure) 98M->98M(107M) 13.531ms
[2020-08-10T13:13:10.108+0300][1729.650s][info ][gc] GC(57400) Pause Young (Allocation Failure) 99M->99M(107M) 13.452ms
[2020-08-10T13:13:10.122+0300][1729.664s][info ][gc] GC(57401) Pause Young (Allocation Failure) 99M->99M(107M) 13.456ms
[2020-08-10T13:13:10.136+0300][1729.678s][info ][gc] GC(57402) Pause Young (Allocation Failure) 100M->100M(107M) 13.442ms
[2020-08-10T13:13:10.150+0300][1729.692s][info ][gc] GC(57403) Pause Young (Allocation Failure) 100M->100M(107M) 13.440ms
[2020-08-10T13:13:10.164+0300][1729.706s][info ][gc] GC(57404) Pause Young (Allocation Failure) 101M->101M(107M) 13.502ms
[2020-08-10T13:13:10.177+0300][1729.720s][info ][gc] GC(57405) Pause Young (Allocation Failure) 101M->101M(107M) 13.333ms
[2020-08-10T13:13:10.191+0300][1729.733s][info ][gc] GC(57406) Pause Young (Allocation Failure) 102M->102M(107M) 13.424ms
[2020-08-10T13:13:10.205+0300][1729.747s][info ][gc] GC(57407) Pause Young (Allocation Failure) 102M->102M(107M) 13.492ms
[2020-08-10T13:13:10.219+0300][1729.761s][info ][gc] GC(57408) Pause Young (Allocation Failure) 102M->102M(107M) 13.510ms
[2020-08-10T13:13:10.233+0300][1729.775s][info ][gc] GC(57409) Pause Young (Allocation Failure) 103M->103M(107M) 13.276ms
[2020-08-10T13:13:10.247+0300][1729.789s][info ][gc] GC(57410) Pause Young (Allocation Failure) 103M->103M(107M) 13.312ms
[2020-08-10T13:13:10.260+0300][1729.802s][info ][gc] GC(57411) Pause Young (Allocation Failure) 104M->104M(107M) 13.324ms
[2020-08-10T13:13:10.274+0300][1729.816s][info ][gc] GC(57412) Pause Young (Allocation Failure) 104M->104M(106M) 13.343ms
[2020-08-10T13:13:10.575+0300][1730.117s][debug][gc] GC(57413) Expanding ParOldGen from 107520K by 11264K to 118784K
[2020-08-10T13:13:10.575+0300][1730.117s][info ][gc] GC(57413) Pause Full (Ergonomics) 104M->104M(117M) 300.885ms
[2020-08-10T13:13:10.589+0300][1730.132s][info ][gc] GC(57414) Pause Young (Allocation Failure) 105M->105M(117M) 14.275ms
[2020-08-10T13:13:10.603+0300][1730.145s][info ][gc] GC(57415) Pause Young (Allocation Failure) 105M->105M(117M) 13.109ms
[2020-08-10T13:13:10.616+0300][1730.158s][info ][gc] GC(57416) Pause Young (Allocation Failure) 106M->105M(117M) 13.009ms
[2020-08-10T13:13:10.630+0300][1730.172s][info ][gc] GC(57417) Pause Young (Allocation Failure) 106M->106M(117M) 13.118ms
[2020-08-10T13:13:10.643+0300][1730.186s][info ][gc] GC(57418) Pause Young (Allocation Failure) 106M->106M(117M) 13.248ms
[2020-08-10T13:13:10.657+0300][1730.199s][info ][gc] GC(57419) Pause Young (Allocation Failure) 107M->107M(117M) 13.092ms
[2020-08-10T13:13:10.670+0300][1730.213s][info ][gc] GC(57420) Pause Young (Allocation Failure) 107M->107M(117M) 13.056ms
[2020-08-10T13:13:10.684+0300][1730.226s][info ][gc] GC(57421) Pause Young (Allocation Failure) 108M->108M(117M) 13.118ms
[2020-08-10T13:13:10.697+0300][1730.240s][info ][gc] GC(57422) Pause Young (Allocation Failure) 108M->108M(117M) 13.163ms
[2020-08-10T13:13:10.711+0300][1730.253s][info ][gc] GC(57423) Pause Young (Allocation Failure) 109M->109M(117M) 13.289ms
[2020-08-10T13:13:10.725+0300][1730.267s][info ][gc] GC(57424) Pause Young (Allocation Failure) 109M->109M(117M) 13.146ms
[2020-08-10T13:13:10.738+0300][1730.281s][info ][gc] GC(57425) Pause Young (Allocation Failure) 110M->110M(117M) 13.269ms
[2020-08-10T13:13:10.752+0300][1730.294s][info ][gc] GC(57426) Pause Young (Allocation Failure) 110M->110M(117M) 13.457ms
[2020-08-10T13:13:10.766+0300][1730.308s][info ][gc] GC(57427) Pause Young (Allocation Failure) 111M->111M(117M) 13.230ms
[2020-08-10T13:13:10.779+0300][1730.322s][info ][gc] GC(57428) Pause Young (Allocation Failure) 111M->111M(117M) 13.184ms
[2020-08-10T13:13:10.793+0300][1730.335s][info ][gc] GC(57429) Pause Young (Allocation Failure) 112M->112M(117M) 13.327ms
[2020-08-10T13:13:10.807+0300][1730.349s][info ][gc] GC(57430) Pause Young (Allocation Failure) 112M->112M(117M) 13.431ms
[2020-08-10T13:13:10.821+0300][1730.363s][info ][gc] GC(57431) Pause Young (Allocation Failure) 113M->112M(117M) 13.441ms
[2020-08-10T13:13:10.835+0300][1730.377s][info ][gc] GC(57432) Pause Young (Allocation Failure) 113M->113M(117M) 13.878ms
[2020-08-10T13:13:10.849+0300][1730.391s][info ][gc] GC(57433) Pause Young (Allocation Failure) 113M->113M(117M) 13.641ms
[2020-08-10T13:13:10.863+0300][1730.405s][info ][gc] GC(57434) Pause Young (Allocation Failure) 114M->114M(117M) 13.507ms
[2020-08-10T13:13:10.877+0300][1730.419s][info ][gc] GC(57435) Pause Young (Allocation Failure) 114M->114M(117M) 13.568ms
